PORT=/dev/serial/by-id/usb-BioSpur_BioSpur_BLE_Control_87EA2F4A526C5A02-if00
START=2026-05-11 10:03:12
MASTER=D
PRECHECK: BSxxxx tag quarantine disabled; master/matrix anchors ignore tag polls during sweep
PRECHECK: context session_autopos_ready=1 autopos_initialized=1
PRECHECK: reusing session AUTOPOS state from matrix guard
PRECHECK: reusing existing AUTOPOS map
>>> autopos round D 500
[AUTOPOS] AUTOPOS round staged: master=D sets=500
>>> autopos status
[AUTOPOS] AUTOPOS: mode=AUTOPOS state=staged staged=D last_success=C sets=500 error=-
>>> autopos apply
[AUTOPOS] AUTOPOS apply started
[AUTOPOS] RECV_BG gate: SUPPRESS reason=autopos_detach
[AUTOPOS] AUTOPOS detach skip STOP: finite master auto-returns to matrix sets=500
[AUTOPOS] RECV_BG gate: ALLOW reason=autopos_detach_done
[AUTOPOS] SCAN start req: bt_ready=1 scan_running=0 connecting_slot=-1 conn_count=1 target=anchor prefix=ANCHOR-
[AUTOPOS] Scanning for ANCHOR-*
[AUTOPOS] AUTOPOS apply mode: incremental
[AUTOPOS] AUTOPOS apply incremental: prev_master=C new_master=D
[AUTOPOS] AUTOPOS incremental: skip C demote for finite sweep; master auto-returned to matrix
[AUTOPOS] Master discovery mode: CONN & START
[AUTOPOS] Master discovery mode: CONN & START
[AUTOPOS] SCAN start req: bt_ready=1 scan_running=0 connecting_slot=-1 conn_count=1 target=anchor prefix=ANCHOR-
[AUTOPOS] Scanning for ANCHOR-*
[AUTOPOS] AUTOPOS wait anchor ready: uuid=B2B5FA625534A8C617135DCAFC9E036A timeout_ms=12000
[AUTOPOS] AUTOPOS wait anchor ready: waited=0 ready_count=0
[AUTOPOS] READY count=0 target=anchor target_uuid=B2B5FA625534A8C617135DCAFC9E036A conn_count=1 connecting_slot=-1 scan=1 auto=1
[AUTOPOS] READY peer[0]: link=anchor-ctrl connected=1 ready=1 pending=0 inflight=0 retries=0 start_failures=0 uuid=CEE5A7EFCB35F8A56B430047629F5309 name=- state_h=0x0012 ctrl_h=0x0019 result_h=0x001b
[AUTOPOS] SCAN hit: F9:5B:1A:A3:84:45 (random) rssi=-57 name=- bs=- uuid=B2B5FA625534A8C617135DCAFC9E036A target=anchor uuid_ok=1 tag_name=0 anchor_name=0 nus=0 dfu=0 token=0 props=0x03
[AUTOPOS] CONNECT queue[1]: addr=F9:5B:1A:A3:84:45 (random) link=anchor-ctrl uuid=B2B5FA625534A8C617135DCAFC9E036A target=anchor
[AUTOPOS] CONNECT pending[1]: addr_valid=1 link=anchor-ctrl uuid=B2B5FA625534A8C617135DCAFC9E036A scan_running=1 conn_count=1
[AUTOPOS] CONNECT pending[1]: bt_le_scan_stop rc=0 scan_running=1
[AUTOPOS] CONNECT pending[1] rc=0 conn=0x200049a8 interval=32-56 timeout=1000
[AUTOPOS] Connected[1]: F9:5B:1A:A3:84:45 (random) name=- bs=-
[AUTOPOS] CONNECT state[1]: link=anchor-ctrl uuid=B2B5FA625534A8C617135DCAFC9E036A ready=0 conn=0x200049a8
SETUP[1] begin: link=anchor-ctrl uuid=B2B5FA625534A8C617135DCAFC9E036A conn=0x200049a8
SETUP[1] anchor-ctrl result-stream mtu_exchange rc=0
SETUP[1] conn_param_update rc=0 interval=32-56 timeout=1000
Anchor ctrl result-stream subscribe[1] rc=0
ANCHOR_CTRL[1] static link ready state=0x0012 ctrl=0x0019 result=0x001b uuid=B2B5FA625534A8C617135DCAFC9E036A
[AUTOPOS] AUTOPOS wait anchor ready: waited=1000 ready_count=1
[AUTOPOS] READY count=1 target=anchor target_uuid=B2B5FA625534A8C617135DCAFC9E036A conn_count=2 connecting_slot=-1 scan=0 auto=1
[AUTOPOS] READY peer[0]: link=anchor-ctrl connected=1 ready=1 pending=0 inflight=0 retries=0 start_failures=0 uuid=CEE5A7EFCB35F8A56B430047629F5309 name=- state_h=0x0012 ctrl_h=0x0019 result_h=0x001b
[AUTOPOS] READY peer[1]: link=anchor-ctrl connected=1 ready=1 pending=0 inflight=0 retries=0 start_failures=0 uuid=B2B5FA625534A8C617135DCAFC9E036A name=- state_h=0x0012 ctrl_h=0x0019 result_h=0x001b
[AUTOPOS] AUTOPOS wait anchor ready: uuid=B2B5FA625534A8C617135DCAFC9E036A control link ready
[AUTOPOS] Master anchor result stream: on
[AUTOPOS] MTU exchange[1] failed (0)
[AUTOPOS] Disconnected[1]: F9:5B:1A:A3:84:45 (random) reason=0x3e link=anchor-ctrl ready=1
[AUTOPOS] SCAN start req: bt_ready=1 scan_running=0 connecting_slot=-1 conn_count=1 target=anchor prefix=ANCHOR-
[AUTOPOS] Scanning for ANCHOR-*
[AUTOPOS] BLE cmd skip[0]: target mismatch kind=anchor target_name=- target_uuid=B2B5FA625534A8C617135DCAFC9E036A peer_name=- peer_bs=- peer_uuid=CEE5A7EFCB35F8A56B430047629F5309 link=anchor-ctrl ready=1
[AUTOPOS] BLE cmd not sent: considered=1 target_kind=anchor target_name=- target_uuid=B2B5FA625534A8C617135DCAFC9E036A target_prefix=-
[AUTOPOS] AUTOPOS anchor D runtime sweep cmd failed rc=-128; forcing control-link reconnect retry
[AUTOPOS] Master discovery mode: CONN & START
[AUTOPOS] Master discovery mode: CONN & START
[AUTOPOS] SCAN start req: bt_ready=1 scan_running=0 connecting_slot=-1 conn_count=1 target=anchor prefix=ANCHOR-
[AUTOPOS] Scanning for ANCHOR-*
[AUTOPOS] AUTOPOS wait anchor ready: uuid=B2B5FA625534A8C617135DCAFC9E036A timeout_ms=15000
[AUTOPOS] AUTOPOS wait anchor ready: waited=0 ready_count=0
[AUTOPOS] READY count=0 target=anchor target_uuid=B2B5FA625534A8C617135DCAFC9E036A conn_count=1 connecting_slot=-1 scan=1 auto=1
[AUTOPOS] READY peer[0]: link=anchor-ctrl connected=1 ready=1 pending=0 inflight=0 retries=0 start_failures=0 uuid=CEE5A7EFCB35F8A56B430047629F5309 name=- state_h=0x0012 ctrl_h=0x0019 result_h=0x001b
[AUTOPOS] SCAN hit: F9:5B:1A:A3:84:45 (random) rssi=-60 name=- bs=- uuid=B2B5FA625534A8C617135DCAFC9E036A target=anchor uuid_ok=1 tag_name=0 anchor_name=0 nus=0 dfu=0 token=0 props=0x03
[AUTOPOS] CONNECT queue[1]: addr=F9:5B:1A:A3:84:45 (random) link=anchor-ctrl uuid=B2B5FA625534A8C617135DCAFC9E036A target=anchor
[AUTOPOS] CONNECT pending[1]: addr_valid=1 link=anchor-ctrl uuid=B2B5FA625534A8C617135DCAFC9E036A scan_running=1 conn_count=1
[AUTOPOS] CONNECT pending[1]: bt_le_scan_stop rc=0 scan_running=1
[AUTOPOS] CONNECT pending[1] rc=0 conn=0x200049a8 interval=32-56 timeout=1000
[AUTOPOS] Connected[1]: F9:5B:1A:A3:84:45 (random) name=- bs=-
[AUTOPOS] CONNECT state[1]: link=anchor-ctrl uuid=B2B5FA625534A8C617135DCAFC9E036A ready=0 conn=0x200049a8
SETUP[1] begin: link=anchor-ctrl uuid=B2B5FA625534A8C617135DCAFC9E036A conn=0x200049a8
SETUP[1] anchor-ctrl result-stream mtu_exchange rc=0
SETUP[1] conn_param_update rc=0 interval=32-56 timeout=1000
Anchor ctrl result-stream subscribe[1] rc=0
ANCHOR_CTRL[1] static link ready state=0x0012 ctrl=0x0019 result=0x001b uuid=B2B5FA625534A8C617135DCAFC9E036A
[AUTOPOS] AUTOPOS wait anchor ready: waited=800 ready_count=1
[AUTOPOS] READY count=1 target=anchor target_uuid=B2B5FA625534A8C617135DCAFC9E036A conn_count=2 connecting_slot=-1 scan=0 auto=1
[AUTOPOS] READY peer[0]: link=anchor-ctrl connected=1 ready=1 pending=0 inflight=0 retries=0 start_failures=0 uuid=CEE5A7EFCB35F8A56B430047629F5309 name=- state_h=0x0012 ctrl_h=0x0019 result_h=0x001b
[AUTOPOS] READY peer[1]: link=anchor-ctrl connected=1 ready=1 pending=0 inflight=0 retries=0 start_failures=0 uuid=B2B5FA625534A8C617135DCAFC9E036A name=- state_h=0x0012 ctrl_h=0x0019 result_h=0x001b
[AUTOPOS] AUTOPOS wait anchor ready: uuid=B2B5FA625534A8C617135DCAFC9E036A control link ready
[AUTOPOS] Master discovery mode: CONN & START
[AUTOPOS] AUTOPOS wait anchor ready: uuid=B2B5FA625534A8C617135DCAFC9E036A reuse existing ready control link
[AUTOPOS] Master anchor result stream: on
[AUTOPOS] MTU exchange[1] done (498)
[AUTOPOS] BLE cmd skip[0]: target mismatch kind=anchor target_name=- target_uuid=B2B5FA625534A8C617135DCAFC9E036A peer_name=- peer_bs=- peer_uuid=CEE5A7EFCB35F8A56B430047629F5309 link=anchor-ctrl ready=1
[AUTOPOS] Anchor ctrl sent[1]: RM 500 uuid=B2B5FA625534A8C617135DCAFC9E036A
[AUTOPOS] ANCHOR_CTRL[1] notify: OK RUNTIME_SWITCH_REQUESTED SWEEP=500
[AUTOPOS] ANCHOR_CTRL[1] notify: DBG ROLE_SWITCH anchor=D role=master sets=500
[AUTOPOS] ANCHOR_CTRL[1] notify: DBG ROLE_START anchor=D role=master sets=500
[AUTOPOS] ANCHOR_CTRL[1] notify: DBG MASTER_START anchor=D peers=7 sets=500
[AUTOPOS] ANCHOR_CTRL[1] notify: DBG MASTER_FIRST_PEER anchor=D peer=A
[AUTOPOS] ANCHOR_CTRL[1] notify: DBG MASTER_FIRST_RESULT anchor=D peer=A rx=0 status=0x008200f2
[AUTOPOS] Conn param updated[1]: int=56 lat=0 to=1000
[AUTOPOS] AUTOPOS result: DBG MASTER_FIRST_RESULT anchor=D peer=A rx=0 status=0x008200f2
[AUTOPOS] SW-D,A,0,0,B,0,0,C,3934,100,E,0,0,F,0,0,G,4320,100,H,1524,100
[AUTOPOS] SW-D,A,0,0,B,0,0,C,3946,100,E,0,0,F,0,0,G,4292,100,H,1524,100
[AUTOPOS] AUTOPOS state: STATE fw=alt-bcast-a40-pendingguard-g120 bs=BS20AC uuid=B2B5FA625534A8C617135DCAFC9E036A label=D role=master cfg_valid=1 busy=1 pending_valid=1 schema=2 gen=0 reboot_required=0
[AUTOPOS] AUTOPOS runtime accept via role state:[AUTOPOS] SW-D,A,0,0,B,0,0,C,3970,100,E,0,0,F,0,0,G,4354,100,H,1516,66
 master=D
[AUTOPOS] AUTOPOS anchor D role verified
[AUTOPOS] AUTOPOS apply success: master=D
[AUTOPOS] AUTOPOS finite sweep handoff: master=D sets=500; host waits for SWEEP_DONE
[AUTOPOS] AUTOPOS sweep listen attach: master=D uuid=B2B5FA625534A8C617135DCAFC9E036A
[AUTOPOS] Master anchor result stream: on
[AUTOPOS] Master discovery mode: CONN & START
[AUTOPOS] SW-D,A,0,0,B,0,0,C,3955,100,E,0,0,F,0,0,G,4323,100,H,1493,75
[AUTOPOS] SW-D,A,0,0,B,0,0,C,3980,100,E,0,0,F,0,0,G,4320,100,H,1527,80
[AUTOPOS] SW-D,A,0,0,B,0,0,C,3985,100,E,0,0,F,0,0,G,4325,100,H,1471,83
[AUTOPOS] SW-D,A,0,0,B,0,0,C,3906,100,E,0,0,F,0,0,G,4334,100,H,1509,85
[AUTOPOS] SW-D,A,0,0,B,0,0,C,3987,100,E,0,0,F,0,0,G,4321,100,H,1512,87
[AUTOPOS] SW-D,A,0,0,B,0,0,C,3940,100,E,0,0,F,0,0,G,4355,100,H,1463,88
[AUTOPOS] SW-D,A,0,0,B,0,0,C,3874,100,E,0,0,F,0,0,G,4338,100,H,1589,90
[AUTOPOS] SW-D,A,0,0,B,0,0,C,3920,100,E,0,0,F,0,0,G,4355,100,H,1565,90
[AUTOPOS] SW-D,A,0,0,B,0,0,C,3915,100,E,0,0,F,0,0,G,4299,100,H,1543,91
[AUTOPOS] SW-D,A,0,0,B,0,0,C,3949,100,E,0,0,F,0,0,G,4312,100,H,1543,92
[AUTOPOS] SW-D,A,0,0,B,0,0,C,3931,100,E,0,0,F,0,0,G,4297,100,H,1502,92
[AUTOPOS] SW-D,A,0,0,B,0,0,C,3958,100,E,0,0,F,0,0,G,4302,100,H,1481,93
[AUTOPOS] SW-D,A,0,0,B,0,0,C,3939,100,E,0,0,F,0,0,G,4307,100,H,1541,93
[AUTOPOS] SW-D,A,0,0,B,0,0,C,3960,100,E,0,0,F,0,0,G,4298,100,H,1523,94
[AUTOPOS] SW-D,A,0,0,B,0,0,C,3922,100,E,0,0,F,0,0,G,4287,100,H,1493,94
[AUTOPOS] SW-D,A,0,0,B,0,0,C,3957,100,E,0,0,F,0,0,G,4293,100,H,1489,94
[AUTOPOS] SW-D,A,0,0,B,0,0,C,3932,100,E,0,0,F,0,0,G,4296,100,H,1522,95
[AUTOPOS] SW-D,A,0,0,B,0,0,C,3924,100,E,0,0,F,0,0,G,4294,100,H,1561,95
[AUTOPOS] SW-D,A,0,0,B,0,0,C,3949,100,E,0,0,F,0,0,G,4296,100,H,1538,95
[AUTOPOS] SW-D,A,0,0,B,0,0,C,3952,100,E,0,0,F,0,0,G,4316,100,H,1480,95
[AUTOPOS] SW-D,A,0,0,B,0,0,C,3949,100,E,0,0,F,0,0,G,4301,100,H,1512,95
[AUTOPOS] SW-D,A,0,0,B,0,0,C,3946,100,E,0,0,F,0,0,G,4282,100,H,1488,96
[AUTOPOS] SW-D,A,0,0,B,0,0,C,3997,100,E,0,0,F,0,0,G,4308,100,H,1500,96
[AUTOPOS] SW-D,A,0,0,B,0,0,C,3935,100,E,0,0,F,0,0,G,4298,100,H,1524,96
[AUTOPOS] SW-D,A,0,0,B,0,0,C,3960,100,E,0,0,F,0,0,G,4320,100,H,1481,96
[AUTOPOS] SW-D,A,0,0,B,0,0,C,3945,100,E,0,0,F,0,0,G,4308,100,H,1496,96
[AUTOPOS] SW-D,A,0,0,B,0,0,C,3912,100,E,0,0,F,0,0,G,4304,100,H,1536,96
[AUTOPOS] SW-D,A,0,0,B,0,0,C,3956,100,E,0,0,F,0,0,G,4312,100,H,1500,96
[AUTOPOS] SW-D,A,0,0,B,0,0,C,3956,100,E,0,0,F,0,0,G,4324,100,H,1500,96
[AUTOPOS] SW-D,A,0,0,B,0,0,C,3961,100,E,0,0,F,0,0,G,4316,100,H,1579,94
[AUTOPOS] SW-D,A,0,0,B,0,0,C,3935,100,E,0,0,F,0,0,G,4297,100,H,1495,94
[AUTOPOS] SW-D,A,0,0,B,0,0,C,3957,100,E,0,0,F,0,0,G,4279,100,H,1469,94
[AUTOPOS] SW-D,A,0,0,B,0,0,C,3942,100,E,0,0,F,0,0,G,4316,100,H,1471,95
[AUTOPOS] SW-D,A,0,0,B,0,0,C,3967,100,E,0,0,F,0,0,G,4320,100,H,1547,95
[AUTOPOS] SW-D,A,0,0,B,0,0,C,3901,100,E,0,0,F,0,0,G,4312,100,H,1568,95
[AUTOPOS] SW-D,A,0,0,B,0,0,C,3958,100,E,0,0,F,0,0,G,4301,100,H,1529,95
[AUTOPOS] SW-D,A,0,0,B,0,0,C,3980,100,E,0,0,F,0,0,G,4319,100,H,1502,95
[AUTOPOS] SW-D,A,0,0,B,0,0,C,3937,100,E,0,0,F,0,0,G,4345,100,H,1538,96
[AUTOPOS] SW-D,A,5297,100,B,2796,100,C,4022,100,E,5415,100,F,3345,100,G,4345,100,H,1466,96
[AUTOPOS] SW-D,A,5373,100,B,2807,100,C,3978,100,E,5458,100,F,3382,100,G,4349,96,H,1530,96
[AUTOPOS] SW-D,A,5316,100,B,2810,100,C,3999,100,E,5437,100,F,3374,100,G,4345,96,H,1624,96
[AUTOPOS] SW-D,A,5404,100,B,2804,100,C,4013,100,E,5432,100,F,3386,100,G,4325,96,H,1599,96
[AUTOPOS] SW-D,A,5301,100,B,2786,100,C,4024,100,E,5408,100,F,3377,100,G,4353,96,H,1580,96
[AUTOPOS] SW-D,A,5438,100,B,2795,100,C,4001,100,E,5417,100,F,3377,100,G,4315,96,H,1488,96
[AUTOPOS] SW-D,A,5377,100,B,2848,100,C,3967,100,E,5424,100,F,3377,100,G,4319,96,H,1556,96
[AUTOPOS] SW-D,A,5423,100,B,2810,100,C,3971,100,E,5378,100,F,3377,100,G,4355,100,H,1515,100
[AUTOPOS] SW-D,A,5419,100,B,2847,100,C,3978,100,E,5470,100,F,3377,100,G,4330,100,H,1549,100
[AUTOPOS] SW-D,A,5442,100,B,2866,100,C,3975,100,E,5437,100,F,3377,100,G,4316,100,H,1557,100
[AUTOPOS] SW-D,A,5424,100,B,2820,100,C,3948,100,E,5394,100,F,3377,100,G,4279,100,H,1454,100
[AUTOPOS] SW-D,A,5399,100,B,2869,100,C,3921,100,E,5418,100,F,3377,100,G,4327,100,H,1497,100
[AUTOPOS] SW-D,A,5383,100,B,2800,100,C,3931,100,E,5480,100,F,3377,100,G,4289,100,H,1442,100
[AUTOPOS] SW-D,A,5441,100,B,2844,100,C,3979,100,E,5456,100,F,3377,100,G,4291,100,H,1598,100
[AUTOPOS] SW-D,A,5439,100,B,2827,100,C,4014,100,E,5461,100,F,3377,100,G,4339,100,H,1616,100
[AUTOPOS] SW-D,A,5436,100,B,2867,100,C,3965,100,E,5435,100,F,3377,100,G,4333,100,H,1578,100
[AUTOPOS] SW-D,A,5471,100,B,2843,100,C,3992,100,E,5466,100,F,3377,100,G,4282,100,H,1544,100
[AUTOPOS] SW-D,A,5438,100,B,2874,100,C,3885,100,E,5416,100,F,3377,100,G,4317,100,H,1530,100
[AUTOPOS] SW-D,A,5397,100,B,2814,100,C,3937,100,E,5387,100,F,3377,100,G,4317,100,H,1446,100
[AUTOPOS] SW-D,A,5408,100,B,2780,100,C,4003,100,E,5387,100,F,3377,100,G,4336,100,H,1548,100
[AUTOPOS] Conn param updated[1]: int=56 lat=0 to=1000
[AUTOPOS] SW-D,A,5460,100,B,2889,100,C,3957,100,E,5390,95,F,3377,100,G,4369,100,H,1523,100
[AUTOPOS] SW-D,A,5409,100,B,2863,100,C,3948,100,E,5437,95,F,3377,100,G,4338,100,H,1581,100
[AUTOPOS] SW-D,A,5432,100,B,2805,100,C,3971,100,E,5434,95,F,3377,100,G,4359,100,H,1514,100
[AUTOPOS] SW-D,A,5439,100,B,2844,100,C,3973,100,E,5371,95,F,3377,100,G,4300,100,H,1507,100
[AUTOPOS] SW-D,A,5451,100,B,2788,100,C,4015,100,E,5455,96,F,3377,100,G,4327,100,H,1445,100
[AUTOPOS] SW-D,A,5406,100,B,2821,100,C,3973,100,E,5460,96,F,3377,100,G,4374,100,H,1534,100
[AUTOPOS] SW-D,A,5400,100,B,2840,100,C,4006,100,E,5475,96,F,3377,100,G,4353,100,H,1506,100
[AUTOPOS] SW-D,A,5443,100,B,2871,100,C,4004,100,E,5484,96,F,3377,100,G,4364,100,H,1499,100
[AUTOPOS] SW-D,A,5455,100,B,2835,100,C,3952,100,E,5356,96,F,3377,100,G,4326,100,H,1486,100
[AUTOPOS] SW-D,A,5436,100,B,2837,100,C,4005,100,E,5439,96,F,3377,100,G,4327,100,H,1579,100
[AUTOPOS] SW-D,A,5442,100,B,2840,100,C,3967,100,E,5376,96,F,3377,100,G,4277,100,H,1428,100
[AUTOPOS] SW-D,A,5407,100,B,2808,100,C,3914,100,E,5434,96,F,3377,100,G,4335,100,H,1499,100
[AUTOPOS] SW-D,A,5429,100,B,2818,100,C,4014,100,E,5466,100,F,3377,100,G,4313,100,H,1615,100
[AUTOPOS] SW-D,A,5404,100,B,2841,100,C,3915,100,E,5413,100,F,3377,100,G,4349,100,H,1561,100
[AUTOPOS] SW-D,A,5406,100,B,2859,100,C,3999,100,E,5431,100,F,3377,100,G,4349,100,H,1563,100
[AUTOPOS] SW-D,A,5394,100,B,2749,100,C,3908,100,E,5385,100,F,3377,100,G,4340,96,H,1546,100
[AUTOPOS] SW-D,A,5459,100,B,2790,100,C,3985,100,E,5400,100,F,3377,100,G,4353,96,H,1602,100
[AUTOPOS] SW-D,A,5489,100,B,2882,100,C,3940,100,E,5389,100,F,3377,100,G,4367,96,H,1448,100
[AUTOPOS] SW-D,A,5489,100,B,2780,100,C,3946,100,E,5409,100,F,3377,100,G,4345,96,H,1474,100
[AUTOPOS] SW-D,A,5425,95,B,2846,100,C,3964,100,E,5455,100,F,3377,100,G,4272,100,H,1508,100
[AUTOPOS] SW-D,A,5414,96,B,2821,100,C,3944,100,E,5390,100,F,3377,100,G,4346,100,H,1443,100
[AUTOPOS] SW-D,A,5416,96,B,2838,100,C,3969,100,E,5452,100,F,3377,100,G,4337,100,H,1476,100
[AUTOPOS] SW-D,A,5370,96,B,2784,100,C,3935,100,E,5422,100,F,3377,100,G,4372,100,H,1486,100
[AUTOPOS] SW-D,A,5425,96,B,2772,100,C,3935,100,E,5449,100,F,3377,100,G,4368,100,H,1536,100
[AUTOPOS] SW-D,A,5497,96,B,2854,100,C,4013,100,E,5453,100,F,3377,100,G,4350,100,H,1595,100
[AUTOPOS] SW-D,A,5361,96,B,2772,100,C,4001,100,E,5455,100,F,3377,100,G,4328,100,H,1556,100
[AUTOPOS] SW-D,A,5436,96,B,2834,100,C,3992,100,E,5416,100,F,3377,100,G,4323,100,H,1544,100
[AUTOPOS] SW-D,A,5386,96,B,2840,100,C,3936,100,E,5394,100,F,3377,100,G,4318,100,H,1439,100
[AUTOPOS] SW-D,A,5371,100,B,2788,100,C,3978,100,E,5447,100,F,3377,100,G,4325,100,H,1477,100
[AUTOPOS] SW-D,A,5408,100,B,2823,100,C,3922,100,E,5395,100,F,3377,100,G,4365,100,H,1599,100
[AUTOPOS] SW-D,A,5422,100,B,2820,100,C,4000,100,E,5440,100,F,3377,100,G,4326,100,H,1534,100
[AUTOPOS] SW-D,A,5452,100,B,2876,100,C,4023,100,E,5513,100,F,3377,100,G,4313,100,H,1546,100
[AUTOPOS] SW-D,A,5414,100,B,2860,100,C,3969,100,E,5424,100,F,3377,100,G,4305,100,H,1460,100
[AUTOPOS] SW-D,A,5425,100,B,2808,100,C,3912,100,E,5420,100,F,3377,100,G,4324,100,H,1574,100
[AUTOPOS] SW-D,A,5418,100,B,2794,100,C,3990,100,E,5436,100,F,3377,100,G,4274,100,H,1578,100
[AUTOPOS] SW-D,A,5386,100,B,2834,100,C,3948,100,E,5460,100,F,3377,100,G,4332,100,H,1548,100
[AUTOPOS] SW-D,A,5401,100,B,2822,100,C,3966,100,E,5449,100,F,3377,100,G,4326,100,H,1502,100
[AUTOPOS] SW-D,A,5463,100,B,2851,100,C,4015,100,E,5404,100,F,3377,100,G,4349,100,H,1573,100
[AUTOPOS] SW-D,A,5463,100,B,2858,100,C,3974,100,E,5447,100,F,3377,100,G,4356,100,H,1548,100
[AUTOPOS] SW-D,A,5408,96,B,2831,100,C,3999,100,E,5468,100,F,3377,100,G,4292,100,H,1603,100
[AUTOPOS] SW-D,A,5440,96,B,2798,100,C,3962,100,E,5422,100,F,3377,100,G,4339,100,H,1448,100
[AUTOPOS] SW-D,A,5433,96,B,2829,100,C,3976,100,E,5459,100,F,3377,100,G,4339,100,H,1502,100
[AUTOPOS] SW-D,A,5433,96,B,2805,100,C,3973,100,E,5462,100,F,3377,100,G,4333,100,H,1589,100
[AUTOPOS] SW-D,A,5418,96,B,2820,100,C,4002,100,E,5406,100,F,3377,100,G,4325,100,H,1540,100
[AUTOPOS] SW-D,A,5415,100,B,2798,100,C,3935,100,E,5393,100,F,3377,100,G,4322,100,H,1554,100
[AUTOPOS] SW-D,A,5402,100,B,2792,100,C,3933,100,E,5442,100,F,3377,100,G,4347,100,H,1528,100
[AUTOPOS] SW-D,A,5460,100,B,2829,100,C,3946,100,E,5456,100,F,3377,100,G,4321,100,H,1511,100
[AUTOPOS] SW-D,A,5488,100,B,2850,100,C,3901,100,E,5464,100,F,3377,100,G,4354,100,H,1588,100
[AUTOPOS] SW-D,A,5427,100,B,2871,100,C,3973,100,E,5444,100,F,3377,100,G,4354,100,H,1602,100
[AUTOPOS] SW-D,A,5390,100,B,2841,100,C,4032,100,E,5436,100,F,3377,100,G,4327,100,H,1636,100
[AUTOPOS] SW-D,A,5372,100,B,2761,100,C,3986,100,E,5389,100,F,3377,100,G,4314,100,H,1593,100
[AUTOPOS] SW-D,A,5423,100,B,2794,100,C,3961,100,E,5423,100,F,3377,100,G,4344,100,H,1556,100
[AUTOPOS] SW-D,A,5434,100,B,2791,100,C,3929,100,E,5406,100,F,3377,100,G,4324,100,H,1522,100
[AUTOPOS] SW-D,A,5465,100,B,2823,100,C,3985,100,E,5456,100,F,3377,100,G,4330,100,H,1516,100
[AUTOPOS] SW-D,A,5491,100,B,2805,100,C,3968,100,E,5447,100,F,3378,7,G,4342,100,H,1601,100
[AUTOPOS] SW-D,A,5494,100,B,2783,100,C,3980,100,E,5394,100,F,3328,10,G,4314,100,H,1504,100
[AUTOPOS] SW-D,A,5439,100,B,2771,100,C,3956,100,E,5430,100,F,3350,13,G,4372,100,H,1548,100
[AUTOPOS] SW-D,A,5436,100,B,2855,100,C,3940,100,E,5394,100,F,3324,16,G,4347,100,H,1489,100
[AUTOPOS] SW-D,A,5436,100,B,2814,100,C,3892,100,E,5405,100,F,3346,19,G,4335,100,H,1596,100
[AUTOPOS] SW-D,A,5405,96,B,2808,100,C,4003,100,E,5399,100,F,3386,21,G,4327,100,H,1448,100
[AUTOPOS] SW-D,A,5439,100,B,2796,100,C,3954,100,E,5438,100,F,3350,29,G,4391,100,H,1628,100
[AUTOPOS] SW-D,A,5490,100,B,2822,100,C,3976,100,E,5473,100,F,3373,33,G,4364,100,H,1558,100
[AUTOPOS] SW-D,A,5437,100,B,2827,100,C,3943,100,E,5368,100,F,3331,36,G,4361,100,H,1434,100
[AUTOPOS] SW-D,A,5412,100,B,2830,100,C,3975,100,E,5381,100,F,3374,40,G,4348,100,H,1459,100
[AUTOPOS] SW-D,A,5467,100,B,2813,100,C,3896,100,E,5387,100,F,3349,42,G,4320,100,H,1589,100
[AUTOPOS] SW-D,A,5450,100,B,2840,100,C,3924,100,E,5376,100,F,3336,45,G,4357,100,H,1539,100
[AUTOPOS] SW-D,A,5341,100,B,2822,100,C,3993,100,E,5393,100,F,3360,47,G,4327,100,H,1494,100
[AUTOPOS] SW-D,A,5452,100,B,2817,100,C,3953,100,E,5431,100,F,3328,50,G,4341,100,H,1580,100
[AUTOPOS] SW-D,A,5466,100,B,2871,100,C,3960,100,E,5401,100,F,3437,52,G,4361,100,H,1532,100
[AUTOPOS] SW-D,A,5470,100,B,2823,100,C,3982,100,E,5404,100,F,3356,53,G,4300,100,H,1566,100
[AUTOPOS] SW-D,A,5470,100,B,2823,100,C,3955,100,E,5404,100,F,3356,53,G,4308,100,H,1517,100
[AUTOPOS] SW-D,A,5470,100,B,2823,100,C,3935,100,E,5404,100,F,3356,53,G,4329,100,H,1500,100
[AUTOPOS] SW-D,A,5470,100,B,2823,100,C,3981,100,E,5404,100,F,3356,53,G,4298,100,H,1560,100
[AUTOPOS] SW-D,A,5470,100,B,2823,100,C,3977,100,E,5404,100,F,3356,53,G,4292,100,H,1524,100
[AUTOPOS] SW-D,A,5470,100,B,2823,100,C,3957,100,E,5404,100,F,3356,53,G,4318,100,H,1538,100
[AUTOPOS] SW-D,A,5470,100,B,2823,100,C,3936,100,E,5404,100,F,3356,53,G,4309,100,H,1494,100
[AUTOPOS] SW-D,A,5470,100,B,2823,100,C,3963,100,E,5404,100,F,3356,53,G,4298,100,H,1508,100
[AUTOPOS] SW-D,A,5470,100,B,2823,100,C,3944,100,E,5404,100,F,3356,53,G,4296,100,H,1492,100
[AUTOPOS] SW-D,A,5470,100,B,2823,100,C,3947,100,E,5404,100,F,3356,53,G,4296,100,H,1473,100
[AUTOPOS] SW-D,A,5470,100,B,2823,100,C,3934,100,E,5404,100,F,3356,53,G,4294,96,H,1535,100
[AUTOPOS] SW-D,A,5470,100,B,2823,100,C,3963,100,E,5404,100,F,3356,53,G,4315,96,H,1479,100
[AUTOPOS] SW-D,A,5470,100,B,2823,100,C,3932,100,E,5404,100,F,3356,53,G,4323,96,H,1405,100
[AUTOPOS] SW-D,A,5470,100,B,2823,100,C,3980,100,E,5404,100,F,3356,53,G,4292,96,H,1575,100
[AUTOPOS] SW-D,A,5470,100,B,2823,100,C,3954,100,E,5404,100,F,3356,53,G,4329,100,H,1472,100
[AUTOPOS] SW-D,A,5470,100,B,2823,100,C,3933,100,E,5404,100,F,3356,53,G,4346,100,H,1573,100
[AUTOPOS] SW-D,A,5470,100,B,2823,100,C,3933,100,E,5404,100,F,3356,53,G,4309,100,H,1570,100
[AUTOPOS] SW-D,A,5470,100,B,2823,100,C,3967,95,E,5404,100,F,3356,53,G,4317,100,H,1434,100
[AUTOPOS] SW-D,A,5470,100,B,2823,100,C,3973,95,E,5404,100,F,3356,53,G,4301,100,H,1538,100
[AUTOPOS] SW-D,A,5470,100,B,2823,100,C,3927,95,E,5404,100,F,3356,53,G,4303,100,H,1572,100
[AUTOPOS] SW-D,A,5470,100,B,2823,100,C,3913,95,E,5404,100,F,3356,53,G,4286,100,H,1527,100
[AUTOPOS] SW-D,A,5470,100,B,2823,100,C,3889,95,E,5404,100,F,3356,53,G,4319,100,H,1511,100
[AUTOPOS] SW-D,A,5470,100,B,2823,100,C,3979,96,E,5404,100,F,3356,53,G,4323,100,H,1557,100
[AUTOPOS] SW-D,A,5470,100,B,2823,100,C,3923,96,E,5404,100,F,3356,53,G,4317,100,H,1465,100
[AUTOPOS] SW-D,A,5470,100,B,2823,100,C,3912,96,E,5404,100,F,3356,53,G,4317,100,H,1560,100
[AUTOPOS] SW-D,A,5470,100,B,2823,100,C,3922,96,E,5404,100,F,3356,53,G,4285,100,H,1504,100
[AUTOPOS] SW-D,A,5470,100,B,2823,100,C,3932,96,E,5404,100,F,3356,53,G,4313,100,H,1546,100
[AUTOPOS] SW-D,A,5470,100,B,2823,100,C,3934,96,E,5404,100,F,3356,53,G,4327,100,H,1457,100
[AUTOPOS] SW-D,A,5470,100,B,2823,100,C,3974,96,E,5404,100,F,3356,53,G,4338,100,H,1457,100
[AUTOPOS] SW-D,A,5470,100,B,2823,100,C,3975,96,E,5404,100,F,3356,53,G,4307,100,H,1555,96
[AUTOPOS] SW-D,A,5470,100,B,2823,100,C,3887,100,E,5404,100,F,3356,53,G,4329,100,H,1502,100
[AUTOPOS] SW-D,A,5470,100,B,2823,100,C,3971,100,E,5404,100,F,3356,53,G,4317,100,H,1473,100
[AUTOPOS] SW-D,A,5470,100,B,2823,100,C,3942,100,E,5404,100,F,3356,53,G,4342,100,H,1540,100
[AUTOPOS] SW-D,A,5470,100,B,2823,100,C,3937,100,E,5404,100,F,3356,53,G,4317,100,H,1487,100
[AUTOPOS] SW-D,A,5470,100,B,2823,100,C,4012,100,E,5404,100,F,3356,53,G,4326,100,H,1549,100
[AUTOPOS] SW-D,A,5470,100,B,2823,100,C,3901,100,E,5404,100,F,3356,53,G,4323,100,H,1458,100
[AUTOPOS] SW-D,A,5470,100,B,2823,100,C,3965,100,E,5404,100,F,3356,53,G,4323,100,H,1555,100
[AUTOPOS] SW-D,A,5470,100,B,2823,100,C,3950,100,E,5404,100,F,3356,53,G,4320,95,H,1436,100
[AUTOPOS] SW-D,A,5470,100,B,2823,100,C,3896,100,E,5404,100,F,3356,53,G,4309,96,H,1489,100
[AUTOPOS] SW-D,A,5470,100,B,2823,100,C,3954,100,E,5404,100,F,3356,53,G,4310,96,H,1535,100
[AUTOPOS] SW-D,A,5470,100,B,2823,100,C,3948,100,E,5404,100,F,3356,53,G,4290,96,H,1494,100
[AUTOPOS] SW-D,A,5470,100,B,2823,100,C,3930,100,E,5404,100,F,3356,53,G,4343,96,H,1531,100
[AUTOPOS] SW-D,A,5470,100,B,2823,100,C,3987,100,E,5404,100,F,3356,53,G,4368,96,H,1500,100
[AUTOPOS] SW-D,A,5470,100,B,2823,100,C,3933,100,E,5404,100,F,3356,53,G,4329,96,H,1459,100
[AUTOPOS] SW-D,A,5470,100,B,2823,100,C,3977,100,E,5404,100,F,3356,53,G,4296,96,H,1487,100
[AUTOPOS] SW-D,A,5470,100,B,2823,100,C,3929,100,E,5404,100,F,3356,53,G,4318,96,H,1520,100
[AUTOPOS] SW-D,A,5470,100,B,2823,100,C,3927,100,E,5404,100,F,3356,53,G,4317,100,H,1529,100
[AUTOPOS] SW-D,A,5470,100,B,2823,100,C,3958,100,E,5404,100,F,3356,53,G,4293,100,H,1504,100
[AUTOPOS] SW-D,A,5470,100,B,2823,100,C,3928,100,E,5404,100,F,3356,53,G,4295,100,H,1605,100
[AUTOPOS] SW-D,A,5470,100,B,2823,100,C,3890,100,E,5404,100,F,3356,53,G,4299,100,H,1548,100
[AUTOPOS] SW-D,A,5470,100,B,2823,100,C,3935,100,E,5404,100,F,3356,53,G,4329,100,H,1563,100
[AUTOPOS] SW-D,A,5470,100,B,2823,100,C,3860,100,E,5404,100,F,3356,53,G,4319,100,H,1539,100
[AUTOPOS] SW-D,A,5470,100,B,2823,100,C,3925,100,E,5404,100,F,3356,53,G,4309,100,H,1483,100
[AUTOPOS] SW-D,A,5470,100,B,2823,100,C,3906,100,E,5404,100,F,3356,53,G,4306,100,H,1469,100
[AUTOPOS] SW-D,A,5470,100,B,2823,100,C,3920,100,E,5404,100,F,3356,53,G,4323,100,H,1530,100
[AUTOPOS] SW-D,A,5470,100,B,2823,100,C,3941,100,E,5404,100,F,3356,53,G,4323,100,H,1462,100
[AUTOPOS] SW-D,A,5470,100,B,2823,100,C,3976,100,E,5404,100,F,3356,53,G,4334,100,H,1460,100
[AUTOPOS] SW-D,A,5470,100,B,2823,100,C,3950,100,E,5404,100,F,3356,53,G,4282,100,H,1447,100
[AUTOPOS] SW-D,A,5470,100,B,2823,100,C,3976,100,E,5404,100,F,3356,53,G,4316,100,H,1565,100
[AUTOPOS] SW-D,A,5470,100,B,2823,100,C,3932,100,E,5404,100,F,3356,53,G,4260,100,H,1473,100
[AUTOPOS] SW-D,A,5470,100,B,2823,100,C,3898,100,E,5404,100,F,3356,53,G,4286,100,H,1551,100
[AUTOPOS] SW-D,A,5470,100,B,2823,100,C,3950,100,E,5404,100,F,3356,53,G,4315,100,H,1542,100
[AUTOPOS] SW-D,A,5470,100,B,2823,100,C,3954,100,E,5404,100,F,3356,53,G,4312,100,H,1498,100
[AUTOPOS] SW-D,A,5470,100,B,2823,100,C,4008,100,E,5404,100,F,3356,53,G,4294,100,H,1530,100
[AUTOPOS] SW-D,A,5470,100,B,2823,100,C,3999,100,E,5404,100,F,3356,53,G,4355,100,H,1497,100
[AUTOPOS] SW-D,A,5470,100,B,2823,100,C,3877,100,E,5404,100,F,3356,53,G,4296,100,H,1545,100
[AUTOPOS] SW-D,A,5470,100,B,2823,100,C,3945,100,E,5404,100,F,3356,53,G,4308,100,H,1507,100
[AUTOPOS] SW-D,A,5252,10,B,2793,10,C,3944,100,E,5370,10,F,3358,6,G,4343,100,H,1575,100
[AUTOPOS] SW-D,A,5490,13,B,2797,13,C,3986,100,E,5382,13,F,3348,10,G,4388,100,H,1579,100
[AUTOPOS] SW-D,A,5423,16,B,2845,16,C,3974,100,E,5442,16,F,3361,12,G,4333,100,H,1493,100
[AUTOPOS] SW-D,A,5456,18,B,2809,18,C,3983,100,E,5442,16,F,3383,15,G,4295,100,H,1533,100
[AUTOPOS] SW-D,A,5429,23,B,2810,23,C,3950,100,E,5440,23,F,3362,23,G,4356,100,H,1508,100
[AUTOPOS] SW-D,A,5472,27,B,2796,27,C,3980,100,E,5386,27,F,3360,27,G,4336,100,H,1419,100
[AUTOPOS] SW-D,A,5479,31,B,2782,31,C,4018,100,E,5402,31,F,3334,31,G,4326,100,H,1552,100
[AUTOPOS] SW-D,A,5484,35,B,2852,35,C,3980,100,E,5430,35,F,3363,35,G,4368,100,H,1615,100
[AUTOPOS] SW-D,A,5440,38,B,2852,35,C,3930,100,E,5430,35,F,3363,35,G,4319,100,H,1536,100
[AUTOPOS] SW-D,A,5440,38,B,2852,35,C,3909,100,E,5430,35,F,3363,35,G,4300,100,H,1537,100
[AUTOPOS] SW-D,A,5440,38,B,2852,35,C,3930,100,E,5430,35,F,3363,35,G,4264,100,H,1458,100
[AUTOPOS] SW-D,A,5440,38,B,2852,35,C,3960,100,E,5430,35,F,3363,35,G,4319,100,H,1491,100
[AUTOPOS] SW-D,A,5440,38,B,2852,35,C,3943,100,E,5430,35,F,3363,35,G,4308,100,H,1450,100
[AUTOPOS] SW-D,A,5440,38,B,2852,35,C,3980,100,E,5430,35,F,3363,35,G,4327,100,H,1539,100
[AUTOPOS] SW-D,A,5440,38,B,2852,35,C,3911,100,E,5430,35,F,3363,35,G,4316,100,H,1444,100
[AUTOPOS] SW-D,A,5440,38,B,2852,35,C,3945,100,E,5430,35,F,3363,35,G,4291,100,H,1470,100
[AUTOPOS] SW-D,A,5440,38,B,2852,35,C,3956,100,E,5430,35,F,3363,35,G,4331,100,H,1531,100
[AUTOPOS] SW-D,A,5440,38,B,2852,35,C,3882,100,E,5430,35,F,3363,35,G,4303,100,H,1547,100
[AUTOPOS] SW-D,A,5440,38,B,2852,35,C,3941,100,E,5430,35,F,3363,35,G,4362,100,H,1545,100
[AUTOPOS] SW-D,A,5440,38,B,2852,35,C,3947,100,E,5430,35,F,3363,35,G,4290,100,H,1515,100
[AUTOPOS] SW-D,A,5440,38,B,2852,35,C,3941,100,E,5430,35,F,3363,35,G,4323,100,H,1540,100
[AUTOPOS] SW-D,A,5440,38,B,2852,35,C,3996,100,E,5430,35,F,3363,35,G,4333,100,H,1504,100
[AUTOPOS] SW-D,A,5440,38,B,2852,35,C,3947,100,E,5430,35,F,3363,35,G,4285,100,H,1525,100
[AUTOPOS] SW-D,A,5440,38,B,2852,35,C,3945,100,E,5430,35,F,3363,35,G,4289,100,H,1537,100
[AUTOPOS] SW-D,A,5440,38,B,2852,35,C,3948,100,E,5430,35,F,3363,35,G,4309,100,H,1437,100
[AUTOPOS] SW-D,A,5440,38,B,2852,35,C,3989,100,E,5430,35,F,3363,35,G,4302,100,H,1470,100
[AUTOPOS] SW-D,A,5440,38,B,2852,35,C,3935,100,E,5430,35,F,3363,35,G,4303,100,H,1524,100
[AUTOPOS] SW-D,A,5440,38,B,2852,35,C,3908,100,E,5430,35,F,3363,35,G,4319,100,H,1533,100
[AUTOPOS] SW-D,A,5440,38,B,2852,35,C,3915,100,E,5430,35,F,3363,35,G,4294,100,H,1550,100
[AUTOPOS] SW-D,A,5440,38,B,2852,35,C,3928,100,E,5430,35,F,3363,35,G,4341,100,H,1476,100
[AUTOPOS] SW-D,A,5440,38,B,2852,35,C,3977,100,E,5430,35,F,3363,35,G,4302,100,H,1459,100
[AUTOPOS] SW-D,A,5440,38,B,2852,35,C,3946,100,E,5430,35,F,3363,35,G,4306,100,H,1592,100
[AUTOPOS] SW-D,A,5440,38,B,2852,35,C,3900,100,E,5430,35,F,3363,35,G,4337,100,H,1541,100
[AUTOPOS] SW-D,A,5440,38,B,2852,35,C,3923,100,E,5430,35,F,3363,35,G,4294,100,H,1508,100
[AUTOPOS] SW-D,A,5440,38,B,2852,35,C,3935,100,E,5430,35,F,3363,35,G,4281,100,H,1499,100
[AUTOPOS] SW-D,A,5440,38,B,2852,35,C,3974,100,E,5430,35,F,3363,35,G,4335,100,H,1501,100
[AUTOPOS] SW-D,A,5440,38,B,2852,35,C,3954,100,E,5430,35,F,3363,35,G,4292,100,H,1453,100
[AUTOPOS] SW-D,A,5440,38,B,2852,35,C,3944,100,E,5430,35,F,3363,35,G,4308,100,H,1539,100
[AUTOPOS] SW-D,A,5440,38,B,2852,35,C,3966,100,E,5430,35,F,3363,35,G,4323,100,H,1548,100
[AUTOPOS] SW-D,A,5440,38,B,2852,35,C,3953,100,E,5430,35,F,3363,35,G,4321,100,H,1511,100
[AUTOPOS] SW-D,A,5440,38,B,2852,35,C,3945,100,E,5430,35,F,3363,35,G,4281,100,H,1497,100
[AUTOPOS] SW-D,A,5440,38,B,2852,35,C,3893,100,E,5430,35,F,3363,35,G,4338,100,H,1450,100
[AUTOPOS] SW-D,A,5440,38,B,2852,35,C,3922,100,E,5430,35,F,3363,35,G,4301,100,H,1508,100
[AUTOPOS] SW-D,A,5440,38,B,2852,35,C,4003,100,E,5430,35,F,3363,35,G,4350,100,H,1525,100
[AUTOPOS] SW-D,A,5440,38,B,2852,35,C,3956,100,E,5430,35,F,3363,35,G,4270,100,H,1497,100
[AUTOPOS] SW-D,A,5440,38,B,2852,35,C,3964,100,E,5430,35,F,3363,35,G,4319,100,H,1556,100
[AUTOPOS] SW-D,A,5440,38,B,2852,35,C,3985,100,E,5430,35,F,3363,35,G,4323,100,H,1542,100
[AUTOPOS] SW-D,A,5440,38,B,2852,35,C,3944,100,E,5430,35,F,3363,35,G,4328,100,H,1482,100
[AUTOPOS] SW-D,A,5440,38,B,2852,35,C,3922,100,E,5430,35,F,3363,35,G,4308,100,H,1531,100
[AUTOPOS] SW-D,A,5440,38,B,2852,35,C,3934,100,E,5430,35,F,3363,35,G,4340,100,H,1506,100
[AUTOPOS] SW-D,A,5440,38,B,2852,35,C,3956,100,E,5430,35,F,3363,35,G,4274,100,H,1548,100
[AUTOPOS] SW-D,A,5440,38,B,2852,35,C,3903,100,E,5430,35,F,3363,35,G,4316,100,H,1501,100
[AUTOPOS] SW-D,A,5440,38,B,2852,35,C,3925,100,E,5430,35,F,3363,35,G,4310,100,H,1452,100
[AUTOPOS] SW-D,A,5440,38,B,2852,35,C,3995,100,E,5430,35,F,3363,35,G,4351,100,H,1466,100
[AUTOPOS] SW-D,A,5440,38,B,2852,35,C,3950,100,E,5430,35,F,3363,35,G,4358,100,H,1402,100
[AUTOPOS] SW-D,A,5440,38,B,2852,35,C,3924,100,E,5430,35,F,3363,35,G,4283,100,H,1457,100
[AUTOPOS] SW-D,A,5440,38,B,2852,35,C,3921,100,E,5430,35,F,3363,35,G,4300,100,H,1492,100
[AUTOPOS] SW-D,A,5440,38,B,2852,35,C,3953,100,E,5430,35,F,3363,35,G,4280,100,H,1493,100
[AUTOPOS] SW-D,A,5440,38,B,2852,35,C,3968,100,E,5430,35,F,3363,35,G,4371,100,H,1495,100
[AUTOPOS] SW-D,A,5440,38,B,2852,35,C,3923,100,E,5430,35,F,3363,35,G,4323,100,H,1566,100
[AUTOPOS] SW-D,A,5440,38,B,2852,35,C,3930,100,E,5430,35,F,3363,35,G,4301,100,H,1526,100
[AUTOPOS] SW-D,A,5440,38,B,2852,35,C,3938,100,E,5430,35,F,3363,35,G,4333,100,H,1472,100
[AUTOPOS] SW-D,A,5440,38,B,2852,35,C,3954,100,E,5430,35,F,3363,35,G,4309,100,H,1548,100
[AUTOPOS] SW-D,A,5440,38,B,2852,35,C,3963,100,E,5430,35,F,3363,35,G,4301,100,H,1473,100
[AUTOPOS] SW-D,A,5440,38,B,2852,35,C,3958,100,E,5430,35,F,3363,35,G,4332,100,H,1509,100
[AUTOPOS] SW-D,A,5440,38,B,2852,35,C,3938,100,E,5430,35,F,3363,35,G,4305,100,H,1514,100
[AUTOPOS] SW-D,A,5440,38,B,2852,35,C,3940,100,E,5430,35,F,3363,35,G,4283,100,H,1500,100
[AUTOPOS] SW-D,A,5440,38,B,2852,35,C,3927,100,E,5430,35,F,3363,35,G,4397,100,H,1568,100
[AUTOPOS] SW-D,A,5440,38,B,2852,35,C,3913,100,E,5430,35,F,3363,35,G,4303,100,H,1532,100
[AUTOPOS] SW-D,A,5440,38,B,2852,35,C,3955,100,E,5430,35,F,3363,35,G,4298,100,H,1454,100
[AUTOPOS] SW-D,A,5440,38,B,2852,35,C,3953,100,E,5430,35,F,3363,35,G,4300,100,H,1480,100
[AUTOPOS] SW-D,A,5440,38,B,2852,35,C,3978,100,E,5430,35,F,3363,35,G,4323,100,H,1469,100
[AUTOPOS] SW-D,A,5440,38,B,2852,35,C,3912,100,E,5430,35,F,3363,35,G,4318,100,H,1521,100
[AUTOPOS] SW-D,A,5440,38,B,2852,35,C,3940,100,E,5430,35,F,3363,35,G,4297,100,H,1554,100
[AUTOPOS] SW-D,A,5440,38,B,2852,35,C,3960,100,E,5430,35,F,3363,35,G,4411,100,H,1599,100
[AUTOPOS] SW-D,A,5491,8,B,2797,8,C,3950,100,E,5418,8,F,3322,8,G,4289,100,H,1466,100
[AUTOPOS] SW-D,A,5394,12,B,2772,12,C,3943,100,E,5383,12,F,3343,12,G,4328,100,H,1509,100
[AUTOPOS] SW-D,A,5414,15,B,2786,15,C,3954,100,E,5408,15,F,3315,15,G,4338,100,H,1586,100
[AUTOPOS] SW-D,A,5432,18,B,2825,18,C,4018,100,E,5478,18,F,3349,18,G,4336,100,H,1517,100
[AUTOPOS] SW-D,A,5451,21,B,2843,21,C,3949,100,E,5429,21,F,3347,21,G,4319,100,H,1574,100
[AUTOPOS] SW-D,A,5439,24,B,2843,21,C,3949,100,E,5420,24,F,3347,21,G,4304,100,H,1479,100
[AUTOPOS] SW-D,A,5439,24,B,2843,21,C,3899,100,E,5396,26,F,3347,21,G,4344,100,H,1496,100
[AUTOPOS] SW-D,A,5439,24,B,2843,21,C,3900,100,E,5352,29,F,3347,21,G,4279,100,H,1514,100
[AUTOPOS] SW-D,A,5439,24,B,2843,21,C,3916,100,E,5362,31,F,3347,21,G,4354,100,H,1435,100
[AUTOPOS] SW-D,A,5439,24,B,2843,21,C,3975,100,E,5360,35,F,3347,21,G,4267,100,H,1533,100
[AUTOPOS] SW-D,A,5439,24,B,2843,21,C,3962,100,E,5360,38,F,3347,21,G,4316,100,H,1487,100
[AUTOPOS] SW-D,A,5439,24,B,2843,21,C,3998,100,E,5351,42,F,3347,21,G,4308,100,H,1514,100
[AUTOPOS] SW-D,A,5439,24,B,2843,21,C,3925,100,E,5383,45,F,3347,21,G,4311,100,H,1519,100
[AUTOPOS] SW-D,A,5439,24,B,2843,21,C,3963,100,E,5399,47,F,3347,21,G,4319,100,H,1520,100
[AUTOPOS] SW-D,A,5439,24,B,2843,21,C,3981,100,E,5392,50,F,3347,21,G,4309,100,H,1509,100
[AUTOPOS] SW-D,A,5439,24,B,2843,21,C,3941,100,E,5388,52,F,3347,21,G,4312,100,H,1490,100
[AUTOPOS] SW-D,A,5439,24,B,2843,21,C,3947,100,E,5329,54,F,3347,21,G,4292,100,H,1500,100
[AUTOPOS] SW-D,A,5439,24,B,2843,21,C,3923,100,E,5378,56,F,3347,21,G,4300,100,H,1529,100
[AUTOPOS] SW-D,A,5439,24,B,2843,21,C,3920,100,E,5396,57,F,3347,21,G,4347,100,H,1462,100
[AUTOPOS] SW-D,A,5439,24,B,2843,21,C,3954,100,E,5382,59,F,3347,21,G,4313,100,H,1496,100
[AUTOPOS] SW-D,A,5439,24,B,2843,21,C,3958,100,E,5389,60,F,3347,21,G,4313,100,H,1522,100
[AUTOPOS] SW-D,A,5439,24,B,2843,21,C,4031,100,E,5389,62,F,3347,21,G,4329,100,H,1523,100
[AUTOPOS] SW-D,A,5439,24,B,2843,21,C,3924,100,E,5345,63,F,3347,21,G,4279,100,H,1512,100
[AUTOPOS] SW-D,A,5439,24,B,2843,21,C,3966,100,E,5455,64,F,3347,21,G,4272,100,H,1485,100
[AUTOPOS] SW-D,A,5439,24,B,2843,21,C,3943,100,E,5313,65,F,3347,21,G,4345,100,H,1513,100
[AUTOPOS] SW-D,A,5439,24,B,2843,21,C,3908,100,E,5369,70,F,3347,21,G,4317,100,H,1479,100
[AUTOPOS] SW-D,A,5439,24,B,2843,21,C,3915,100,E,5332,72,F,3347,21,G,4289,100,H,1432,100
[AUTOPOS] SW-D,A,5439,24,B,2843,21,C,3936,100,E,5340,73,F,3347,21,G,4288,100,H,1467,100
[AUTOPOS] SW-D,A,5439,24,B,2843,21,C,3883,100,E,5409,75,F,3347,21,G,4336,100,H,1463,100
[AUTOPOS] SW-D,A,5439,24,B,2843,21,C,3933,100,E,5359,76,F,3347,21,G,4318,100,H,1587,100
[AUTOPOS] SW-D,A,5439,24,B,2843,21,C,3964,100,E,5354,77,F,3347,21,G,4288,100,H,1534,100
[AUTOPOS] SW-D,A,5439,24,B,2843,21,C,3998,100,E,5355,78,F,3347,21,G,4275,100,H,1515,100
[AUTOPOS] SW-D,A,5439,24,B,2843,21,C,3943,100,E,5407,79,F,3347,21,G,4299,100,H,1468,100
[AUTOPOS] SW-D,A,5439,24,B,2843,21,C,3914,100,E,5348,80,F,3347,21,G,4309,100,H,1558,100
[AUTOPOS] SW-D,A,5439,24,B,2843,21,C,3967,100,E,5356,80,F,3347,21,G,4342,100,H,1469,100
[AUTOPOS] SW-D,A,5439,24,B,2843,21,C,3933,100,E,5384,81,F,3347,21,G,4309,100,H,1572,100
[AUTOPOS] SW-D,A,5439,24,B,2843,21,C,3955,100,E,5411,82,F,3347,21,G,4286,100,H,1453,100
[AUTOPOS] SW-D,A,5439,24,B,2843,21,C,3935,100,E,5381,82,F,3347,21,G,4321,100,H,1532,100
[AUTOPOS] SW-D,A,5439,24,B,2843,21,C,3950,100,E,5332,83,F,3347,21,G,4306,100,H,1518,100
[AUTOPOS] SW-D,A,5439,24,B,2843,21,C,3920,100,E,5346,83,F,3347,21,G,4314,100,H,1503,100
[AUTOPOS] SW-D,A,5439,24,B,2843,21,C,3977,100,E,5355,84,F,3347,21,G,4324,100,H,1547,100
[AUTOPOS] SW-D,A,5439,24,B,2843,21,C,3927,100,E,5362,88,F,3347,21,G,4320,100,H,1555,100
[AUTOPOS] SW-D,A,5439,24,B,2843,21,C,3929,100,E,5341,88,F,3347,21,G,4363,100,H,1539,100
[AUTOPOS] SW-D,A,5439,24,B,2843,21,C,3909,100,E,5376,89,F,3347,21,G,4316,100,H,1539,100
[AUTOPOS] SW-D,A,5439,24,B,2843,21,C,3938,100,E,5313,90,F,3347,21,G,4319,100,H,1528,96
[AUTOPOS] SW-D,A,5439,24,B,2843,21,C,3933,100,E,5375,90,F,3347,21,G,4348,100,H,1499,96
[AUTOPOS] SW-D,A,5439,24,B,2843,21,C,3950,100,E,5376,90,F,3347,21,G,4300,100,H,1534,96
[AUTOPOS] SW-D,A,5439,24,B,2843,21,C,3934,100,E,5375,91,F,3347,21,G,4258,100,H,1458,96
[AUTOPOS] SW-D,A,5439,24,B,2843,21,C,3928,100,E,5316,91,F,3347,21,G,4298,100,H,1471,100
[AUTOPOS] SW-D,A,5439,24,B,2843,21,C,3891,100,E,5362,92,F,3347,21,G,4329,100,H,1515,100
[AUTOPOS] SW-D,A,5439,24,B,2843,21,C,3968,100,E,5386,92,F,3347,21,G,4327,100,H,1467,100
[AUTOPOS] SW-D,A,5439,24,B,2843,21,C,3923,100,E,5357,92,F,3347,21,G,4327,100,H,1549,100
[AUTOPOS] SW-D,A,5439,24,B,2843,21,C,3926,100,E,5397,92,F,3347,21,G,4309,95,H,1503,100
[AUTOPOS] SW-D,A,5439,24,B,2843,21,C,3930,100,E,5424,93,F,3347,21,G,4303,95,H,1490,100
[AUTOPOS] SW-D,A,5439,24,B,2843,21,C,3939,100,E,5386,93,F,3347,21,G,4286,95,H,1532,100
[AUTOPOS] SW-D,A,5439,24,B,2843,21,C,3948,100,E,5358,93,F,3347,21,G,4288,95,H,1534,100
[AUTOPOS] SW-D,A,5439,24,B,2843,21,C,3996,100,E,5446,93,F,3347,21,G,4322,96,H,1496,100
[AUTOPOS] SW-D,A,5439,24,B,2843,21,C,3969,100,E,5415,94,F,3347,21,G,4293,96,H,1488,100
[AUTOPOS] SW-D,A,5439,24,B,2843,21,C,3951,100,E,5394,94,F,3347,21,G,4277,96,H,1473,100
[AUTOPOS] SW-D,A,5439,24,B,2843,21,C,3949,100,E,5347,94,F,3347,21,G,4277,96,H,1464,100
[AUTOPOS] SW-D,A,5439,24,B,2843,21,C,3944,100,E,5393,95,F,3347,21,G,4307,93,H,1571,100
[AUTOPOS] SW-D,A,5439,24,B,2843,21,C,3942,100,E,5348,95,F,3347,21,G,4314,93,H,1528,100
[AUTOPOS] SW-D,A,5439,24,B,2843,21,C,3939,100,E,5412,95,F,3347,21,G,4293,93,H,1507,100
[AUTOPOS] SW-D,A,5439,24,B,2843,21,C,3925,100,E,5410,95,F,3347,21,G,4377,93,H,1485,100
[AUTOPOS] SW-D,A,5439,24,B,2843,21,C,3987,100,E,5364,95,F,3347,21,G,4317,94,H,1512,100
[AUTOPOS] SW-D,A,5439,24,B,2843,21,C,3963,100,E,5386,96,F,3347,21,G,4293,94,H,1489,100
[AUTOPOS] SW-D,A,5439,24,B,2843,21,C,3954,100,E,5402,96,F,3347,21,G,4314,94,H,1526,100
[AUTOPOS] SW-D,A,5439,24,B,2843,21,C,3961,100,E,5389,96,F,3347,21,G,4321,95,H,1532,100
[AUTOPOS] SW-D,A,5439,24,B,2843,21,C,3930,100,E,5377,96,F,3347,21,G,4321,95,H,1471,100
[AUTOPOS] SW-D,A,5439,24,B,2843,21,C,3987,100,E,5406,96,F,3347,21,G,4323,90,H,1508,100
[AUTOPOS] SW-D,A,5439,24,B,2843,21,C,3953,100,E,5329,96,F,3347,21,G,4317,91,H,1602,100
[AUTOPOS] SW-D,A,5439,24,B,2843,21,C,3961,100,E,5382,96,F,3347,21,G,4281,91,H,1563,100
[AUTOPOS] SW-D,A,5439,24,B,2804,6,C,3986,100,E,5437,96,F,3351,6,G,4351,92,H,1469,100
[AUTOPOS] SW-D,A,5363,11,B,2871,11,C,3927,100,E,5398,100,F,3302,11,G,4315,92,H,1518,100
[AUTOPOS] SW-D,A,5391,16,B,2780,16,C,3891,100,E,5407,100,F,3383,16,G,4347,92,H,1521,100
[AUTOPOS] SW-D,A,5462,21,B,2783,21,C,3949,100,E,5409,100,F,3375,21,G,4376,92,H,1575,100
[AUTOPOS] SW-D,A,5462,25,B,2889,25,C,4015,100,E,5489,100,F,3381,25,G,4371,93,H,1498,100
[AUTOPOS] SW-D,A,5418,28,B,2830,28,C,3979,100,E,5434,100,F,3381,25,G,4333,93,H,1573,100
[AUTOPOS] SW-D,A,5513,31,B,2826,31,C,3989,100,E,5442,100,F,3381,25,G,4311,93,H,1589,100
[AUTOPOS] SW-D,A,5383,34,B,2820,34,C,4000,100,E,5404,100,F,3381,25,G,4362,93,H,1547,100
[AUTOPOS] SW-D,A,5458,37,B,2820,34,C,3992,100,E,5411,100,F,3381,25,G,4328,94,H,1544,100
[AUTOPOS] SW-D,A,5368,40,B,2858,36,C,3957,100,E,5427,100,F,3381,25,G,4358,94,H,1572,100
[AUTOPOS] SW-D,A,5432,42,B,2886,38,C,3975,100,E,5465,100,F,3381,25,G,4342,94,H,1568,100
[AUTOPOS] SW-D,A,5427,44,B,2870,40,C,3956,100,E,5461,100,F,3381,25,G,4349,95,H,1538,100
[AUTOPOS] SW-D,A,5487,46,B,2798,42,C,3964,100,E,5432,100,F,3381,25,G,4305,95,H,1514,100
[AUTOPOS] SW-D,A,5454,48,B,2823,44,C,3974,100,E,5406,100,F,3381,25,G,4344,95,H,1546,100
[AUTOPOS] SW-D,A,5420,50,B,2881,46,C,3967,100,E,5420,100,F,3381,25,G,4333,95,H,1509,100
[AUTOPOS] SW-D,A,5454,51,B,2878,48,C,3983,100,E,5463,100,F,3381,25,G,4326,95,H,1585,100
[AUTOPOS] SW-D,A,5361,53,B,2861,50,C,3983,100,E,5429,100,F,3381,25,G,4341,96,H,1494,100
[AUTOPOS] SW-D,A,5410,58,B,2842,52,C,3934,96,E,5402,100,F,3381,25,G,4308,96,H,1510,100
[AUTOPOS] SW-D,A,5357,61,B,2799,55,C,3900,96,E,5368,100,F,3381,25,G,4308,96,H,1485,100
[AUTOPOS] SW-D,A,5382,63,B,2808,57,C,3914,96,E,5378,100,F,3381,25,G,4308,92,H,1531,100
[AUTOPOS] SW-D,A,5466,65,B,2825,60,C,3921,96,E,5419,100,F,3381,25,G,4325,93,H,1563,100
[AUTOPOS] SW-D,A,5488,66,B,2831,61,C,3946,96,E,5475,100,F,3381,25,G,4339,93,H,1595,100
[AUTOPOS] SW-D,A,5488,68,B,2889,63,C,4019,96,E,5437,100,F,3381,25,G,4359,93,H,1573,100
[AUTOPOS] SW-D,A,5467,69,B,2836,65,C,4019,96,E,5425,100,F,3381,25,G,4337,93,H,1509,100
[AUTOPOS] SW-D,A,5380,70,B,2810,66,C,3910,94,E,5425,100,F,3381,25,G,4324,94,H,1525,100
[AUTOPOS] SW-D,A,5390,72,B,2839,68,C,3930,94,E,5367,96,F,3381,25,G,4347,94,H,1557,100
[AUTOPOS] SW-D,A,5421,73,B,2819,69,C,3915,94,E,5464,96,F,3381,25,G,4287,94,H,1565,100
[AUTOPOS] SW-D,A,5401,74,B,2836,70,C,3966,95,E,5441,96,F,3381,25,G,4270,95,H,1542,100
[AUTOPOS] SW-D,A,5480,75,B,2835,71,C,3960,95,E,5469,96,F,3381,25,G,4295,95,H,1600,100
[AUTOPOS] SW-D,A,5480,75,B,2845,72,C,3951,95,E,5394,96,F,3381,25,G,4313,95,H,1493,100
[AUTOPOS] SW-D,A,5377,73,B,2775,73,C,3878,95,E,5431,96,F,3381,25,G,4314,95,H,1536,100
[AUTOPOS] SW-D,A,5390,74,B,2788,74,C,4010,95,E,5463,96,F,3381,25,G,4338,95,H,1492,100
[AUTOPOS] SW-D,A,5412,75,B,2816,75,C,3902,96,E,5419,96,F,3381,25,G,4313,96,H,1566,100
[AUTOPOS] SW-D,A,5447,76,B,2793,76,C,3874,96,E,5398,100,F,3381,25,G,4320,96,H,1522,100
[AUTOPOS] SW-D,A,5400,77,B,2872,77,C,3936,96,E,5441,100,F,3381,25,G,4292,96,H,1556,100
[AUTOPOS] SW-D,A,5346,78,B,2864,78,C,3973,96,E,5452,100,F,3381,25,G,4333,96,H,1597,100
[AUTOPOS] SW-D,A,5464,80,B,2848,80,C,3944,96,E,5425,100,F,3381,25,G,4341,96,H,1482,100
[AUTOPOS] SW-D,A,5427,80,B,2830,80,C,3960,96,E,5459,100,F,3381,25,G,4311,96,H,1572,100
[AUTOPOS] SW-D,A,5441,81,B,2831,81,C,3895,96,E,5394,100,F,3381,25,G,4320,96,H,1517,100
[AUTOPOS] SW-D,A,5389,82,B,2783,82,C,3921,96,E,5457,100,F,3381,25,G,4346,96,H,1585,100
[AUTOPOS] SW-D,A,5394,83,B,2801,83,C,3946,100,E,5422,100,F,3381,25,G,4322,100,H,1540,100
[AUTOPOS] SW-D,A,5403,84,B,2805,84,C,3973,100,E,5417,100,F,3381,25,G,4306,100,H,1585,100
[AUTOPOS] SW-D,A,5512,84,B,2821,84,C,3922,100,E,5408,100,F,3381,25,G,4339,100,H,1573,100
[AUTOPOS] SW-D,A,5435,85,B,2812,85,C,3950,100,E,5413,100,F,3381,25,G,4354,100,H,1588,100
[AUTOPOS] SW-D,A,5393,85,B,2803,85,C,3910,100,E,5397,100,F,3381,25,G,4318,100,H,1487,100
[AUTOPOS] SW-D,A,5399,86,B,2767,86,C,3988,100,E,5386,100,F,3381,25,G,4311,100,H,1495,100
[AUTOPOS] SW-D,A,5434,86,B,2847,86,C,3986,100,E,5418,100,F,3381,25,G,4314,100,H,1557,100
[AUTOPOS] SW-D,A,5465,87,B,2791,87,C,3992,100,E,5442,100,F,3381,25,G,4312,100,H,1590,100
[AUTOPOS] SW-D,A,5411,87,B,2785,87,C,3932,100,E,5390,100,F,3381,25,G,4313,100,H,1440,100
[AUTOPOS] SW-D,A,5436,88,B,2816,88,C,3907,100,E,5408,100,F,3381,25,G,4289,100,H,1565,100
[AUTOPOS] SW-D,A,5412,88,B,2813,88,C,3913,100,E,5426,100,F,3381,25,G,4341,100,H,1522,100
[AUTOPOS] SW-D,A,5422,89,B,2839,89,C,3995,100,E,5432,100,F,3381,25,G,4324,100,H,1492,100
[AUTOPOS] SW-D,A,5397,90,B,2833,90,C,3986,100,E,5410,100,F,3381,25,G,4310,100,H,1510,100
[AUTOPOS] SW-D,A,5359,90,B,2784,90,C,3943,100,E,5429,100,F,3381,25,G,4294,100,H,1574,100
[AUTOPOS] SW-D,A,5410,90,B,2842,90,C,3943,100,E,5445,100,F,3381,25,G,4349,100,H,1526,100
[AUTOPOS] SW-D,A,5427,91,B,2832,91,C,3921,100,E,5423,100,F,3381,25,G,4298,100,H,1509,100
[AUTOPOS] SW-D,A,5427,91,B,2796,91,C,3910,100,E,5381,100,F,3381,25,G,4299,100,H,1457,100
[AUTOPOS] SW-D,A,5492,88,B,2818,92,C,3974,100,E,5456,100,F,3381,25,G,4327,100,H,1506,100
[AUTOPOS] SW-D,A,5348,88,B,2843,92,C,4001,100,E,5460,100,F,3381,25,G,4331,100,H,1549,100
[AUTOPOS] SW-D,A,5404,88,B,2843,92,C,3968,100,E,5360,100,F,3381,25,G,4317,100,H,1510,100
[AUTOPOS] SW-D,A,5393,89,B,2810,89,C,3905,100,E,5462,100,F,3381,25,G,4380,100,H,1548,100
[AUTOPOS] SW-D,A,5419,89,B,2833,89,C,3897,100,E,5437,100,F,3381,25,G,4271,100,H,1481,100
[AUTOPOS] SW-D,A,5374,90,B,2815,90,C,3942,100,E,5385,100,F,3381,25,G,4297,100,H,1566,100
[AUTOPOS] SW-D,A,5481,90,B,2815,90,C,3923,100,E,5399,100,F,3381,25,G,4298,100,H,1426,100
[AUTOPOS] SW-D,A,5408,90,B,2809,87,C,3964,100,E,5427,100,F,3381,25,G,4338,100,H,1566,100
[AUTOPOS] SW-D,A,5408,90,B,2866,88,C,3988,100,E,5448,100,F,3381,25,G,4325,100,H,1490,100
[AUTOPOS] SW-D,A,5384,88,B,2821,88,C,3928,100,E,5395,100,F,3381,25,G,4311,100,H,1460,100
[AUTOPOS] SW-D,A,5380,89,B,2777,89,C,3996,100,E,5440,100,F,3381,25,G,4367,100,H,1553,100
[AUTOPOS] SW-D,A,5386,90,B,2810,90,C,3884,100,E,5405,100,F,3381,25,G,4349,100,H,1443,100
[AUTOPOS] SW-D,A,5405,90,B,2797,90,C,3895,100,E,5356,100,F,3381,25,G,4329,100,H,1518,100
[AUTOPOS] SW-D,A,5376,90,B,2818,90,C,3933,100,E,5417,100,F,3381,25,G,4328,100,H,1518,100
[AUTOPOS] SW-D,A,5426,91,B,2794,91,C,3986,100,E,5423,100,F,3381,25,G,4336,100,H,1528,100
[AUTOPOS] SW-D,A,5426,91,B,2841,91,C,3969,100,E,5416,100,F,3381,25,G,4320,100,H,1520,100
[AUTOPOS] SW-D,A,5452,88,B,2801,92,C,3889,100,E,5426,100,F,3316,8,G,4354,100,H,1483,100
[AUTOPOS] SW-D,A,5388,88,B,2819,92,C,3981,100,E,5396,100,F,3306,11,G,4345,100,H,1601,100
[AUTOPOS] SW-D,A,5382,88,B,2805,92,C,3991,100,E,5396,100,F,3370,14,G,4299,100,H,1584,100
[AUTOPOS] SW-D,A,5448,89,B,2821,92,C,3971,100,E,5407,96,F,3398,17,G,4403,100,H,1581,100
[AUTOPOS] SW-D,A,5420,89,B,2829,93,C,4002,100,E,5445,96,F,3348,20,G,4326,100,H,1588,100
[AUTOPOS] SW-D,A,5462,90,B,2794,93,C,3945,100,E,5454,96,F,3359,23,G,4311,100,H,1584,100
[AUTOPOS] SW-D,A,5393,90,B,2814,93,C,3954,100,E,5455,96,F,3400,25,G,4329,100,H,1537,100
[AUTOPOS] SW-D,A,5453,90,B,2771,93,C,3988,100,E,5418,96,F,3392,28,G,4309,100,H,1515,100
[AUTOPOS] SW-D,A,5402,94,B,2801,94,C,4002,100,E,5446,100,F,3368,35,G,4344,100,H,1588,100
[AUTOPOS] SW-D,A,5450,94,B,2817,94,C,4018,100,E,5433,100,F,3368,35,G,4327,100,H,1495,100
[AUTOPOS] SW-D,A,5450,94,B,2817,94,C,3956,100,E,5433,100,F,3368,35,G,4334,100,H,1535,100
[AUTOPOS] SW-D,A,5450,94,B,2817,94,C,3951,100,E,5433,100,F,3368,35,G,4315,100,H,1514,100
[AUTOPOS] SW-D,A,5450,94,B,2817,94,C,3913,100,E,5433,100,F,3368,35,G,4342,100,H,1485,100
[AUTOPOS] SW-D,A,5450,94,B,2817,94,C,3931,100,E,5433,100,F,3368,35,G,4329,100,H,1518,100
[AUTOPOS] SW-D,A,5450,94,B,2817,94,C,3959,100,E,5433,100,F,3368,35,G,4355,100,H,1540,100
[AUTOPOS] SW-D,A,5450,94,B,2817,94,C,3963,100,E,5433,100,F,3368,35,G,4299,100,H,1464,100
[AUTOPOS] SW-D,A,5450,94,B,2817,94,C,3944,100,E,5433,100,F,3368,35,G,4286,100,H,1506,100
[AUTOPOS] SW-D,A,5450,94,B,2817,94,C,3963,100,E,5433,100,F,3368,35,G,4327,100,H,1512,100
[AUTOPOS] SW-D,A,5450,94,B,2817,94,C,3935,100,E,5433,100,F,3368,35,G,4294,100,H,1502,100
[AUTOPOS] SW-D,A,5450,94,B,2817,94,C,3924,100,E,5433,100,F,3368,35,G,4301,100,H,1463,100
[AUTOPOS] SW-D,A,5450,94,B,2817,94,C,3933,100,E,5433,100,F,3368,35,G,4366,100,H,1511,100
[AUTOPOS] SW-D,A,5450,94,B,2817,94,C,3943,100,E,5433,100,F,3368,35,G,4259,100,H,1494,100
[AUTOPOS] SW-D,A,5450,94,B,2817,94,C,3915,100,E,5433,100,F,3368,35,G,4296,100,H,1519,100
[AUTOPOS] SW-D,A,5450,94,B,2817,94,C,3961,100,E,5433,100,F,3368,35,G,4278,100,H,1524,100
[AUTOPOS] SW-D,A,5450,94,B,2817,94,C,3972,100,E,5433,100,F,3368,35,G,4283,100,H,1531,100
[AUTOPOS] SW-D,A,5450,94,B,2817,94,C,3929,100,E,5433,100,F,3368,35,G,4295,100,H,1516,100
[AUTOPOS] SW-D,A,5450,94,B,2817,94,C,3927,100,E,5433,100,F,3368,35,G,4325,100,H,1526,100
[AUTOPOS] SW-D,A,5450,94,B,2817,94,C,3927,100,E,5433,100,F,3368,35,G,4282,100,H,1493,100
[AUTOPOS] SW-D,A,5450,94,B,2817,94,C,3921,96,E,5433,100,F,3368,35,G,4273,100,H,1498,100
[AUTOPOS] SW-D,A,5450,94,B,2817,94,C,3942,96,E,5433,100,F,3368,35,G,4315,100,H,1506,100
[AUTOPOS] SW-D,A,5450,94,B,2817,94,C,3931,96,E,5433,100,F,3368,35,G,4305,100,H,1499,100
[AUTOPOS] SW-D,A,5450,94,B,2817,94,C,3972,100,E,5433,100,F,3368,35,G,4314,100,H,1472,100
[AUTOPOS] SW-D,A,5450,94,B,2817,94,C,3937,100,E,5433,100,F,3368,35,G,4312,100,H,1507,100
[AUTOPOS] SW-D,A,5450,94,B,2817,94,C,3900,100,E,5433,100,F,3368,35,G,4320,100,H,1502,100
[AUTOPOS] SW-D,A,5450,94,B,2817,94,C,3914,100,E,5433,100,F,3368,35,G,4300,100,H,1525,100
[AUTOPOS] SW-D,A,5450,94,B,2817,94,C,3979,100,E,5433,100,F,3368,35,G,4324,100,H,1595,100
[AUTOPOS] SW-D,A,5450,94,B,2817,94,C,3971,100,E,5433,100,F,3368,35,G,4308,100,H,1582,100
[AUTOPOS] SW-D,A,5450,94,B,2817,94,C,3971,100,E,5433,100,F,3368,35,G,4285,100,H,1514,100
[AUTOPOS] SW-D,A,5450,94,B,2817,94,C,3940,95,E,5433,100,F,3368,35,G,4292,100,H,1506,100
[AUTOPOS] SW-D,A,5450,94,B,2817,94,C,3953,96,E,5433,100,F,3368,35,G,4308,100,H,1512,100
[AUTOPOS] SW-D,A,5450,94,B,2817,94,C,3972,96,E,5433,100,F,3368,35,G,4308,100,H,1516,100
[AUTOPOS] SW-D,A,5450,94,B,2817,94,C,3959,96,E,5433,100,F,3368,35,G,4280,96,H,1516,100
[AUTOPOS] SW-D,A,5450,94,B,2817,94,C,3940,96,E,5433,100,F,3368,35,G,4301,96,H,1502,96
[AUTOPOS] SW-D,A,5450,94,B,2817,94,C,3966,96,E,5433,100,F,3368,35,G,4312,96,H,1428,96
[AUTOPOS] SW-D,A,5450,94,B,2817,94,C,3961,96,E,5433,100,F,3368,35,G,4282,96,H,1521,96
[AUTOPOS] SW-D,A,5450,94,B,2817,94,C,3934,96,E,5433,100,F,3368,35,G,4299,96,H,1485,96
[AUTOPOS] SW-D,A,5450,94,B,2817,94,C,3937,96,E,5433,100,F,3368,35,G,4283,96,H,1520,96
[AUTOPOS] SW-D,A,5450,94,B,2817,94,C,3902,100,E,5433,100,F,3368,35,G,4332,100,H,1479,100
[AUTOPOS] SW-D,A,5450,94,B,2817,94,C,3909,100,E,5433,100,F,3368,35,G,4311,100,H,1519,100
[AUTOPOS] SW-D,A,5450,94,B,2817,94,C,3966,100,E,5433,100,F,3368,35,G,4311,100,H,1509,100
[AUTOPOS] SW-D,A,5450,94,B,2817,94,C,3983,100,E,5433,100,F,3368,35,G,4309,95,H,1543,100
[AUTOPOS] SW-D,A,5450,94,B,2817,94,C,3960,100,E,5433,100,F,3368,35,G,4309,95,H,1508,100
[AUTOPOS] SW-D,A,5450,94,B,2817,94,C,3936,100,E,5433,100,F,3368,35,G,4316,95,H,1532,100
[AUTOPOS] SW-D,A,5450,94,B,2817,94,C,3904,100,E,5433,100,F,3368,35,G,4315,95,H,1499,100
[AUTOPOS] SW-D,A,5450,94,B,2817,94,C,3930,100,E,5433,100,F,3368,35,G,4278,95,H,1483,100
[AUTOPOS] SW-D,A,5450,94,B,2817,94,C,3934,100,E,5433,100,F,3368,35,G,4294,96,H,1525,100
[AUTOPOS] SW-D,A,5450,94,B,2817,94,C,3973,100,E,5433,100,F,3368,35,G,4312,96,H,1437,100
[AUTOPOS] SW-D,A,5450,94,B,2817,94,C,3922,100,E,5433,100,F,3368,35,G,4300,96,H,1469,100
[AUTOPOS] SW-D,A,5450,94,B,2817,94,C,3912,100,E,5433,100,F,3368,35,G,4311,96,H,1479,100
[AUTOPOS] SW-D,A,5450,94,B,2817,94,C,3910,100,E,5433,100,F,3368,35,G,4311,96,H,1504,100
[AUTOPOS] SW-D,A,5450,94,B,2817,94,C,3934,100,E,5433,100,F,3368,35,G,4306,96,H,1472,100
[AUTOPOS] SW-D,A,5450,94,B,2817,94,C,3900,100,E,5433,100,F,3368,35,G,4308,96,H,1507,100
[AUTOPOS] SW-D,A,5450,94,B,2817,94,C,3904,100,E,5433,100,F,3368,35,G,4304,96,H,1487,100
[AUTOPOS] SW-D,A,5450,94,B,2817,94,C,3907,100,E,5433,100,F,3368,35,G,4320,100,H,1473,100
[AUTOPOS] SW-D,A,5450,94,B,2817,94,C,3919,100,E,5433,100,F,3368,35,G,4305,100,H,1527,100
[AUTOPOS] SW-D,A,5450,94,B,2817,94,C,3896,100,E,5433,100,F,3368,35,G,4286,100,H,1528,100
[AUTOPOS] SW-D,A,5450,94,B,2817,94,C,3911,100,E,5433,100,F,3368,35,G,4327,100,H,1502,100
[AUTOPOS] SW-D,A,5450,94,B,2817,94,C,3930,100,E,5433,100,F,3368,35,G,4308,100,H,1541,100
[AUTOPOS] SW-D,A,5450,94,B,2817,94,C,3923,100,E,5433,100,F,3368,35,G,4345,100,H,1571,100
[AUTOPOS] SW-D,A,5450,94,B,2817,94,C,3988,100,E,5433,100,F,3368,35,G,4362,100,H,1592,100
[AUTOPOS] SW-D,A,5450,94,B,2817,94,C,3993,100,E,5433,100,F,3368,35,G,4327,100,H,1583,100
[AUTOPOS] SW-D,A,5450,94,B,2817,94,C,3949,100,E,5433,100,F,3368,35,G,4339,100,H,1576,100
[AUTOPOS] SW-D,A,5450,94,B,2817,94,C,3975,100,E,5433,100,F,3368,35,G,4303,100,H,1569,100
[AUTOPOS] SW-D,A,5450,94,B,2817,94,C,3911,100,E,5433,100,F,3368,35,G,4338,100,H,1462,100
[AUTOPOS] SW-D,A,5450,94,B,2817,94,C,3947,100,E,5433,100,F,3368,35,G,4297,100,H,1559,100
[AUTOPOS] SW-D,A,5450,94,B,2817,94,C,3967,100,E,5433,100,F,3360,10,G,4315,100,H,1546,100
[AUTOPOS] SW-D,A,5381,14,B,2776,14,C,3935,100,E,5433,100,F,3323,14,G,4297,100,H,1604,100
[AUTOPOS] SW-D,A,5413,18,B,2820,18,C,3979,100,E,5428,13,F,3346,18,G,4316,100,H,1550,100
[AUTOPOS] SW-D,A,5403,21,B,2819,21,C,4027,100,E,5381,17,F,3357,21,G,4366,100,H,1553,100
[AUTOPOS] SW-D,A,5403,21,B,2819,21,C,3931,100,E,5381,17,F,3357,21,G,4312,100,H,1512,100
[AUTOPOS] SW-D,A,5403,21,B,2819,21,C,3927,100,E,5381,17,F,3357,21,G,4320,100,H,1529,100
[AUTOPOS] SW-D,A,5403,21,B,2819,21,C,3955,100,E,5381,17,F,3357,21,G,4322,100,H,1516,100
[AUTOPOS] SW-D,A,5403,21,B,2819,21,C,3911,100,E,5381,17,F,3357,21,G,4302,100,H,1520,100
[AUTOPOS] ANCHOR_CTRL[1] notify: SWEEP_DONE master=D sets=500 role=matrix
[AUTOPOS] ANCHOR_CTRL[1] notify: DBG ROLE_SWITCH anchor=D role=matrix sets=0
END=2026-05-11 10:04:02
