PORT=/dev/serial/by-id/usb-BioSpur_BioSpur_BLE_Control_87EA2F4A526C5A02-if00
START=2026-04-25 22:43:13
VERIFY: prepare AUTOPOS control plane for all-responder runtime verification
VERIFY: force anchor target before AUTOPOS preflight
>>> device kind anchor
[RECV] BS2DCE notify: CR;1;36429;cal_roto;5;B;timeout;rx_timeout;cal_static;4;G;timeout;rx_timeout;0;0;0;0;0;0
[RECV] BSDC91 notify: CS;1;40026;cal_roto;5;[RECV] BS2DCE notify: CR;1;36429;cal_roto;5;G;timeout;rx_timeout;0;0;0;0;0;0
[RECV] BS2DCE notify: CR;1;36429;cal_roto;5;E;timeout;rx_timeout;0;0;0;0;0;0
[RECV] BS2DCE notify: CF;1;36429;cal_roto;5;pending;0;4;0;0;0;0
[RECV] BS2DCE notify: CS;1;36429;cal_roto;5;0;B,D,G,E;timeout,timeout,timeout,timeout;0,0,0,0
[RECV] BSDC91 notify: CR;1;40026;cal_roto;5;B;timeout;rx_timeout;0;0;0;0;0;0
[RECV] BSDC91 notify: CR;1;40026;cal_roto;5;D;timeout;rx_timeout;0;0;0;0;0;0
[RECV] BSDC91 notify: CR;1;40026;cal_roto;5;E;timeout;rx_timeout;0;0;0;0;0;0
[RECV] BSDC91 notify: CR;1;40026;cal_roto;5;G;timeout;rx_timeout;0;0;0;0;0;0
[RECV] BSDC91 notify: CF;1;40026;cal_roto;5;pending;0;4;0;0;0;0
[RECV] BSF66F notify: CM;1;453;4;timeout;0;0;0;0;54
[RECV] BSF66F notify: CR;1;454;cal_static;4;E;timeout;rx_timeout;0;0;0;0;0;0
[RECV] BSF66F notify: CR;1;454;cal_static;4;F;timeout;rx_timeout;0;0;0;0;0;0
[RECV] BSF66F notify: CR;1;454;cal_static;4;G;timeout;rx_timeout;0;0;0;0;0;0
[RECV] BSDC91 notify: CS;1;40026;cal_roto;5;[RECV] BS2DCE notify: CM;1;36429;1;timeout;0;0;0;0;108|CM;1;36429;3;timeout;0;0;0;0;108|CM;1;36429;4;timeout;0;0;0;0;108
[RECV] BS2DCE notify: CR;1;36430;cal_roto;5;B;timeout;rx_timeout;0;0;0;0;0;0
[RECV] BS2DCE notify: CR;1;36430;cal_roto;5;D;timeout;rx_timeout;0;0;0;0;0;0
[RECV] BS2DCE notify: CR;1;36430;cal_roto;5;E;timeout;rx_timeout;0;0;0;0;0;0
[RECV] BSDC91 notify: CM;1;40026;1;timeout;0;0;0;0;109|CM;1;40026;4;timeout;0;0;0;0;109|CM;1;40026;6;timeout;0;0;0;0;109
[RECV] BSDC91 notify: CR;1;40027;cal_roto;5;D;timeout;rx_timeout;0;0;0;0;0;0
[RECV] BSDC91 notify: CR;1;40027;cal_roto;5;B;timeout;rx_timeout;0;0;0;0;0;0
[RECV] BSDC91 notify: CR;1;40027;cal_roto;5;E;timeout;rx_timeout;0;0;0;0;0;0
[RECV] BS2DCE notify: CR;1;36430;cal_roto;5;G;timeout;rx_timeout;0;0;0;0;0;0
[RECV] BS2DCE notify: CF;1;36430;cal_roto;5;pending;0;4;0;0;0;0
[RECV] BS2DCE notify: CS;1;36430;cal_roto;5;0;B,D,E,G;timeout,timeout,timeout,timeout;0,0,0,0
[RECV] BSDC91 notify: CR;1;40027;cal_roto;5;G;timeout;rx_timeout;0;0;0;0;0;0
[RECV] BSDC91 notify: CF;1;40027;cal_roto;5;pending;0;4;0;0;0;0
[RECV] BSDC91 notify: CS;1;40027;cal_roto;5;0;D,B,E,G;timeout,timeout,timeout,timeout;0,0,0,0
[RECV] BS2DCE notify: CM;1;36430;1;timeout;0;0;0;0;109|CM;1;36430;3;timeout;0;0;0;0;109
[RECV] BSF66F notify: CM;1;454;0;timeout;0;0;0;0;54
[RECV] BSF66F notify: CM;1;454;1;timeout;0;0;0;0;54|CM;1;454;2;timeout;0;0;0;0;48|CM;1;454;3;timeout;0;0;0;0;14
[RECV] BSF66F notify: CR;1;455;cal_static;4;A;timeout;rx_timeout;0;0;0;0;0;0
[RECV] BSF66F notify: CR;1;455;cal_static;4;B;timeout;rx_timeout;0;0;0;0;0;0
[RECV] BSDC91 notify: CM;1;40027;1;timeout;0;0;0;0;110|CM;1;40027;3;timeout;0;0;0;0;110|CM;1;40027;4;timeout;0;0;0;0;110
[RECV] BSF66F notify: CR;1;455;cal_static;4;C;timeout;rx_timeout;0;0;0;0;0;0
[RECV] BSF66F notify: CR;1;455;cal_static;4;D;timeout;rx_timeout;0;0;0;0;0;0
[RECV] BSF66F notify: CF;1;455;cal_static;4;pending;0;4;0;0;0;0
[RECV] BSF66F notify: CS;1;455;cal_static;4;0;A,B,C,D;timeout,timeout,timeout,timeout;0,0,0,0
[RECV] BS2DCE notify: CR;1;36431;cal_roto;5;B;timeout;rx_timeout;0;0;0;0;0;0
[RECV] BS2DCE notify: CR;1;36431;cal_roto;5;D;timeout;rx_timeout;0;0;0;0;0;0
[RECV] BS2DCE notify: CR;1;36431;cal_roto;5;E;timeout;rx_timeout;0;0;0;0;0;0
[RECV] BS2DCE notify: CR;1;36431;cal_roto;5;G;timeout;rx_timeout;0;0;0;0;0;0
[RECV] BS2DCE notify: CF;1;36431;cal_roto;5;pending;0;4;0;0;0;0
[RECV] BS2DCE notify: CS;1;36431;cal_roto;5;0;B,D,E,G;timeout,timeout,timeout,timeout;0,0,0,0
OTA NUS stage: disabled
[RECV] One-shot NUS command cleared (runtime)
[RECV] Mode switch preflight: disconnect requests=3
[RECV] device kind set: anchor (OTA target defaults reset)
[RECV] Master discovery mode: CONN & START
[RECV] Peer clear wait: waited=0 conn_count=3 ready_count=0
[RECV] Peer clear wait timeout: conn_count=3 ready_count=0
[RECV] SCAN start req: bt_ready=1 scan_running=0 connecting_slot=-1 conn_count=3 target=anchor prefix=ANCHOR-
[RECV] Scanning for ANCHOR-*
[RECV] System target: kind=anchor caps=0x0b (config=1 ota=1 stream=0 status=1)
OTA target filter: token=-1 name=- prefix=BS uuid=-
[RECV] Disconnected[2]: FC:9A:15:34:AB:20 (random) reason=0x16 link=nus ready=1
[RECV] CFG send failed[0]: tag=1 slot=0 err=-128
[RECV] TDMA weighted[0]: bs=BS2DCE profile=roto target=10Hz mask=0x0129 slots=4/10 actual_x100=1000 epoch_delay=3000
[RECV] CFG send failed[1]: tag=2 slot=1 err=-128
[RECV] TDMA weighted[1]: bs=BSDC91 profile=roto target=10Hz mask=0x0252 slots=4/10 actual_x100=1000 epoch_delay=2999
[RECV] Disconnected[1]: D5:53:48:EF:8F:59 (random) reason=0x16 link=nus ready=1
[RECV] CFG send failed[0]: tag=1 slot=0 err=-128
[RECV] TDMA weighted[0]: bs=BS2DCE profile=roto target=10Hz mask=0x0129 slots=4/10 actual_x100=1000 epoch_delay=3000
[RECV] Disconnected[0]: FF:5E:D2:80:EA:D2 (random) reason=0x16 link=nus ready=1
>>> mode recv
[RECV] One-shot NUS command cleared (runtime)
[RECV] Peer clear wait: waited=0 conn_count=0 ready_count=0
[RECV] Master discovery mode: CONN & START
[RECV] SCAN start req: bt_ready=1 scan_running=0 connecting_slot=-1 conn_count=0 target=anchor prefix=ANCHOR-
[RECV] Scanning for ANCHOR-*
[RECV] RECV clean slate prepared
>>> device kind anchor
OTA NUS stage: disabled
[RECV] One-shot NUS command cleared (runtime)
[RECV] Mode switch preflight: disconnect requests=0
[RECV] device kind set: anchor (OTA target defaults reset)
[RECV] Master discovery mode: CONN & START
[RECV] Peer clear wait: waited=0 conn_count=0 ready_count=0
[RECV] SCAN start req: bt_ready=1 scan_running=0 connecting_slot=-1 conn_count=0 target=anchor prefix=ANCHOR-
[RECV] Scanning for ANCHOR-*
[RECV] System target: kind=anchor caps=0x0b (config=1 ota=1 stream=0 status=1)
OTA target filter: token=-1 name=- prefix=BS uuid=-
VERIFY: enter AUTOPOS attempt=1/3
>>> mode autopos
[AUTOPOS] Control mode staged: AUTOPOS
[AUTOPOS] Master discovery mode: CONN & START
[AUTOPOS] Peer clear wait: waited=0 conn_count=0 ready_count=0
[AUTOPOS] SCAN start req: bt_ready=1 scan_running=0 connecting_slot=-1 conn_count=0 target=anchor prefix=ANCHOR-
[AUTOPOS] Scanning for ANCHOR-*
[AUTOPOS] AUTOPOS: mode=AUTOPOS state=idle staged=- last_success=- sets=0 error=-
[AUTOPOS] SCAN hit: D9:C7:9C:16:71:C9 (random) rssi=-66 name=- bs=- uuid=A892AF05DD59CF0D0D3408AD74F364A1 target=anchor uuid_ok=1 tag_name=0 anchor_name=0 nus=0 dfu=0 token=0 props=0x03
[AUTOPOS] CONNECT queue[0]: addr=D9:C7:9C:16:71:C9 (random) link=anchor-ctrl uuid=A892AF05DD59CF0D0D3408AD74F364A1 target=anchor
[AUTOPOS] SCAN hit: F1:B3:DF:83:B1:C9 (random) rssi=-68 name=- bs=- uuid=AB14CCA262A092E70EB26B0ACB0A394B target=anchor uuid_ok=1 tag_name=0 anchor_name=0 nus=0 dfu=0 token=0 props=0x03
[AUTOPOS] CONNECT queue[1]: addr=F1:B3:DF:83:B1:C9 (random) link=anchor-ctrl uuid=AB14CCA262A092E70EB26B0ACB0A394B target=anchor
[AUTOPOS] SCAN hit: EC:9F:55:9D:7E:A1 (random) rssi=-67 name=- bs=- uuid=B3087BC3D87CCCD316AEDC6B71D6677F target=anchor uuid_ok=1 tag_name=0 anchor_name=0 nus=0 dfu=0 token=0 props=0x03
[AUTOPOS] CONNECT queue[2]: addr=EC:9F:55:9D:7E:A1 (random) link=anchor-ctrl uuid=B3087BC3D87CCCD316AEDC6B71D6677F target=anchor
[AUTOPOS] SCAN hit: FD:64:2E:93:37:86 (random) rssi=-70 name=- bs=- uuid=CEE5A7EFCB35F8A56B430047629F5309 target=anchor uuid_ok=1 tag_name=0 anchor_name=0 nus=0 dfu=0 token=0 props=0x03
[AUTOPOS] CONNECT queue[3]: addr=FD:64:2E:93:37:86 (random) link=anchor-ctrl uuid=CEE5A7EFCB35F8A56B430047629F5309 target=anchor
[AUTOPOS] SCAN hit: E3:77:2C:61:AA:19 (random) rssi=-69 name=- bs=- uuid=1EABFBEC28B8053FBB0D5C448112AE93 target=anchor uuid_ok=1 tag_name=0 anchor_name=0 nus=0 dfu=0 token=0 props=0x03
[AUTOPOS] CONNECT queue[4]: addr=E3:77:2C:61:AA:19 (random) link=anchor-ctrl uuid=1EABFBEC28B8053FBB0D5C448112AE93 target=anchor
[AUTOPOS] SCAN hit: C0:1D:D1:D0:CE:B0 (random) rssi=-62 name=- bs=- uuid=B9179575C776C98F1CB132DD6EDC6223 target=anchor uuid_ok=1 tag_name=0 anchor_name=0 nus=0 dfu=0 token=0 props=0x03
[AUTOPOS] CONNECT queue[5]: addr=C0:1D:D1:D0:CE:B0 (random) link=anchor-ctrl uuid=B9179575C776C98F1CB132DD6EDC6223 target=anchor
[AUTOPOS] SCAN hit: E9:CB:F3:C4:51:43 (random) rssi=-59 name=- bs=- uuid=840C68591E90019821AACFF1B73AAA34 target=anchor uuid_ok=1 tag_name=0 anchor_name=0 nus=0 dfu=0 token=0 props=0x03
[AUTOPOS] CONNECT queue[6]: addr=E9:CB:F3:C4:51:43 (random) link=anchor-ctrl uuid=840C68591E90019821AACFF1B73AAA34 target=anchor
[AUTOPOS] CONNECT pending[0]: addr_valid=1 link=anchor-ctrl uuid=A892AF05DD59CF0D0D3408AD74F364A1 scan_running=1 conn_count=0
[AUTOPOS] CONNECT pending[0]: bt_le_scan_stop rc=0 scan_running=1
[AUTOPOS] CONNECT pending[0] rc=0 conn=0x20002020
[AUTOPOS] Connected[0]: D9:C7:9C:16:71:C9 (random) name=- bs=-
[AUTOPOS] CONNECT state[0]: link=anchor-ctrl uuid=A892AF05DD59CF0D0D3408AD74F364A1 ready=0 conn=0x20002020
SETUP[0] defer: waiting 869 ms before discovery start
SETUP[0] defer: waiting 818 ms before discovery start
SETUP[0] defer: waiting 768 ms before discovery start
SETUP[0] defer: waiting 718 ms before discovery start
SETUP[0] defer: waiting 667 ms before discovery start
SETUP[0] defer: waiting 617 ms before discovery start
SETUP[0] defer: waiting 567 ms before discovery start
SETUP[0] defer: waiting 516 ms before discovery start
SETUP[0] defer: waiting 466 ms before discovery start
SETUP[0] defer: waiting 416 ms before discovery start
SETUP[0] defer: waiting 365 ms before discovery start
SETUP[0] defer: waiting 315 ms before discovery start
SETUP[0] defer: waiting 265 ms before discovery start
SETUP[0] defer: waiting 215 ms before discovery start
SETUP[0] defer: waiting 164 ms before discovery start
SETUP[0] defer: waiting 114 ms before discovery start
SETUP[0] defer: waiting 64 ms before discovery start
SETUP[0] defer: waiting 13 ms before discovery start
SETUP[0] begin: link=anchor-ctrl uuid=A892AF05DD59CF0D0D3408AD74F364A1 conn=0x20002020
SETUP[0] mtu_exchange rc=0
SETUP[0] phy_update rc=0
SETUP[0] conn_param_update rc=0
[AUTOPOS] DISC start[0]: link=anchor-ctrl uuid=A892AF05DD59CF0D0D3408AD74F364A1 conn=0x20002020
[AUTOPOS] MTU exchange[0] done (498)
[AUTOPOS] PHY updated[0]: tx=0x2 rx=0x2
[AUTOPOS] Conn param updated[0]: int=6 lat=0 to=400
[AUTOPOS] DISC complete[0]: link=anchor-ctrl discovered_service=2800 uuid=A892AF05DD59CF0D0D3408AD74F364A1
[AUTOPOS] DISC anchor service found[0]: uuid=A892AF05DD59CF0D0D3408AD74F364A1
[AUTOPOS] Anchor ctrl state subscribe[0] rc=0
[AUTOPOS] Anchor ctrl result subscribe[0] rc=0
[AUTOPOS] ANCHOR_CTRL[0] link ready handle=0x0019 result=0x001b uuid=A892AF05DD59CF0D0D3408AD74F364A1
[AUTOPOS] CONNECT pending[1]: addr_valid=1 link=anchor-ctrl uuid=AB14CCA262A092E70EB26B0ACB0A394B scan_running=0 conn_count=1
[AUTOPOS] CONNECT pending[1] rc=0 conn=0x200020f0
[AUTOPOS] Connected[1]: F1:B3:DF:83:B1:C9 (random) name=- bs=-
[AUTOPOS] CONNECT state[1]: link=anchor-ctrl uuid=AB14CCA262A092E70EB26B0ACB0A394B ready=0 conn=0x200020f0
SETUP[1] defer: waiting 868 ms before discovery start
[AUTOPOS] Disconnected[1]: F1:B3:DF:83:B1:C9 (random) reason=0x3e link=anchor-ctrl ready=0
[AUTOPOS] SCAN start req: bt_ready=1 scan_running=0 connecting_slot=-1 conn_count=1 target=anchor prefix=ANCHOR-
[AUTOPOS] Scanning for ANCHOR-*
[AUTOPOS] CONNECT pending[2]: addr_valid=1 link=anchor-ctrl uuid=B3087BC3D87CCCD316AEDC6B71D6677F scan_running=1 conn_count=1
[AUTOPOS] CONNECT pending[2]: bt_le_scan_stop rc=0 scan_running=1
[AUTOPOS] CONNECT pending[2] rc=0 conn=0x200021c0
[AUTOPOS] Connected[2]: EC:9F:55:9D:7E:A1 (random) name=- bs=-
[AUTOPOS] CONNECT state[2]: link=anchor-ctrl uuid=B3087BC3D87CCCD316AEDC6B71D6677F ready=0 conn=0x200021c0
SETUP[2] defer: waiting 865 ms before discovery start
SETUP[2] defer: waiting 814 ms before discovery start
SETUP[2] defer: waiting 764 ms before discovery start
SETUP[2] defer: waiting 714 ms before discovery start
SETUP[2] defer: waiting 663 ms before discovery start
SETUP[2] defer: waiting 613 ms before discovery start
SETUP[2] defer: waiting 563 ms before discovery start
SETUP[2] defer: waiting 512 ms before discovery start
SETUP[2] defer: waiting 462 ms before discovery start
SETUP[2] defer: waiting 412 ms before discovery start
SETUP[2] defer: waiting 362 ms before discovery start
SETUP[2] defer: waiting 311 ms before discovery start
SETUP[2] defer: waiting 261 ms before discovery start
SETUP[2] defer: waiting 211 ms before discovery start
SETUP[2] defer: waiting 160 ms before discovery start
SETUP[2] defer: waiting 110 ms before discovery start
SETUP[2] defer: waiting 60 ms before discovery start
SETUP[2] defer: waiting 9 ms before discovery start
SETUP[2] begin: link=anchor-ctrl uuid=B3087BC3D87CCCD316AEDC6B71D6677F conn=0x200021c0
SETUP[2] mtu_exchange rc=0
SETUP[2] phy_update rc=0
SETUP[2] conn_param_update rc=0
[AUTOPOS] DISC start[2]: link=anchor-ctrl uuid=B3087BC3D87CCCD316AEDC6B71D6677F conn=0x200021c0
[AUTOPOS] MTU exchange[2] done (498)
[AUTOPOS] Conn param updated[2]: int=6 lat=0 to=400
[AUTOPOS] PHY updated[2]: tx=0x2 rx=0x2
[AUTOPOS] DISC complete[2]: link=anchor-ctrl discovered_service=2800 uuid=B3087BC3D87CCCD316AEDC6B71D6677F
[AUTOPOS] DISC anchor service found[2]: uuid=B3087BC3D87CCCD316AEDC6B71D6677F
[AUTOPOS] Anchor ctrl state subscribe[2] rc=0
[AUTOPOS] Anchor ctrl result subscribe[2] rc=0
[AUTOPOS] ANCHOR_CTRL[2] link ready handle=0x0019 result=0x001b uuid=B3087BC3D87CCCD316AEDC6B71D6677F
[AUTOPOS] CONNECT pending[3]: addr_valid=1 link=anchor-ctrl uuid=CEE5A7EFCB35F8A56B430047629F5309 scan_running=0 conn_count=2
[AUTOPOS] CONNECT pending[3] rc=0 conn=0x200020f0
[AUTOPOS] Connected[3]: FD:64:2E:93:37:86 (random) name=- bs=-
[AUTOPOS] CONNECT state[3]: link=anchor-ctrl uuid=CEE5A7EFCB35F8A56B430047629F5309 ready=0 conn=0x200020f0
SETUP[3] defer: waiting 863 ms before discovery start
SETUP[3] defer: waiting 813 ms before discovery start
SETUP[3] defer: waiting 762 ms before discovery start
SETUP[3] defer: waiting 712 ms before discovery start
SETUP[3] defer: waiting 662 ms before discovery start
SETUP[3] defer: waiting 611 ms before discovery start
SETUP[3] defer: waiting 561 ms before discovery start
SETUP[3] defer: waiting 511 ms before discovery start
SETUP[3] defer: waiting 460 ms before discovery start
SETUP[3] defer: waiting 410 ms before discovery start
SETUP[3] defer: waiting 360 ms before discovery start
SETUP[3] defer: waiting 309 ms before discovery start
SETUP[3] defer: waiting 259 ms before discovery start
SETUP[3] defer: waiting 209 ms before discovery start
SETUP[3] defer: waiting 158 ms before discovery start
SETUP[3] defer: waiting 108 ms before discovery start
SETUP[3] defer: waiting 58 ms before discovery start
SETUP[3] defer: waiting 7 ms before discovery start
SETUP[3] begin: link=anchor-ctrl uuid=CEE5A7EFCB35F8A56B430047629F5309 conn=0x200020f0
SETUP[3] mtu_exchange rc=0
SETUP[3] phy_update rc=0
SETUP[3] conn_param_update rc=0
[AUTOPOS] DISC start[3]: link=anchor-ctrl uuid=CEE5A7EFCB35F8A56B430047629F5309 conn=0x200020f0
[AUTOPOS] MTU exchange[3] done (498)
[AUTOPOS] Conn param updated[3]: int=6 lat=0 to=400
[AUTOPOS] PHY updated[3]: tx=0x2 rx=0x2
[AUTOPOS] DISC complete[3]: link=anchor-ctrl discovered_service=2800 uuid=CEE5A7EFCB35F8A56B430047629F5309
[AUTOPOS] DISC anchor service found[3]: uuid=CEE5A7EFCB35F8A56B430047629F5309
[AUTOPOS] Anchor ctrl state subscribe[3] rc=0
[AUTOPOS] Anchor ctrl result subscribe[3] rc=0
[AUTOPOS] ANCHOR_CTRL[3] link ready handle=0x0019 result=0x001b uuid=CEE5A7EFCB35F8A56B430047629F5309
[AUTOPOS] CONNECT pending[4]: addr_valid=1 link=anchor-ctrl uuid=1EABFBEC28B8053FBB0D5C448112AE93 scan_running=0 conn_count=3
[AUTOPOS] CONNECT pending[4] rc=0 conn=0x20002290
[AUTOPOS] Connected[4]: E3:77:2C:61:AA:19 (random) name=- bs=-
[AUTOPOS] CONNECT state[4]: link=anchor-ctrl uuid=1EABFBEC28B8053FBB0D5C448112AE93 ready=0 conn=0x20002290
SETUP[4] defer: waiting 891 ms before discovery start
SETUP[4] defer: waiting 841 ms before discovery start
[AUTOPOS] Conn param updated[0]: int=6 lat=0 to=400
SETUP[4] defer: waiting 791 ms before discovery start
SETUP[4] defer: waiting 740 ms before discovery start
SETUP[4] defer: waiting 690 ms before discovery start
SETUP[4] defer: waiting 640 ms before discovery start
SETUP[4] defer: waiting 589 ms before discovery start
SETUP[4] defer: waiting 539 ms before discovery start
SETUP[4] defer: waiting 489 ms before discovery start
SETUP[4] defer: waiting 438 ms before discovery start
SETUP[4] defer: waiting 388 ms before discovery start
SETUP[4] defer: waiting 338 ms before discovery start
SETUP[4] defer: waiting 287 ms before discovery start
SETUP[4] defer: waiting 237 ms before discovery start
SETUP[4] defer: waiting 187 ms before discovery start
SETUP[4] defer: waiting 136 ms before discovery start
SETUP[4] defer: waiting 86 ms before discovery start
SETUP[4] defer: waiting 36 ms before discovery start
SETUP[4] begin: link=anchor-ctrl uuid=1EABFBEC28B8053FBB0D5C448112AE93 conn=0x20002290
SETUP[4] mtu_exchange rc=0
SETUP[4] phy_update rc=0
SETUP[4] conn_param_update rc=0
[AUTOPOS] DISC start[4]: link=anchor-ctrl uuid=1EABFBEC28B8053FBB0D5C448112AE93 conn=0x20002290
[AUTOPOS] MTU exchange[4] done (498)
[AUTOPOS] Conn param updated[4]: int=6 lat=0 to=400
[AUTOPOS] PHY updated[4]: tx=0x2 rx=0x2
[AUTOPOS] Conn param updated[2]: int=6 lat=0 to=400
[AUTOPOS] DISC complete[4]: link=anchor-ctrl discovered_service=2800 uuid=1EABFBEC28B8053FBB0D5C448112AE93
[AUTOPOS] DISC anchor service found[4]: uuid=1EABFBEC28B8053FBB0D5C448112AE93
[AUTOPOS] Anchor ctrl state subscribe[4] rc=0
[AUTOPOS] Anchor ctrl result subscribe[4] rc=0
[AUTOPOS] ANCHOR_CTRL[4] link ready handle=0x0019 result=0x001b uuid=1EABFBEC28B8053FBB0D5C448112AE93
[AUTOPOS] CONNECT pending[5]: addr_valid=1 link=anchor-ctrl uuid=B9179575C776C98F1CB132DD6EDC6223 scan_running=0 conn_count=4
[AUTOPOS] CONNECT pending[5] rc=0 conn=0x20002360
[AUTOPOS] Connected[5]: C0:1D:D1:D0:CE:B0 (random) name=- bs=-
[AUTOPOS] CONNECT state[5]: link=anchor-ctrl uuid=B9179575C776C98F1CB132DD6EDC6223 ready=0 conn=0x20002360
SETUP[5] defer: waiting 886 ms before discovery start
SETUP[5] defer: waiting 836 ms before discovery start
SETUP[5] defer: waiting 786 ms before discovery start
SETUP[5] defer: waiting 735 ms before discovery start
SETUP[5] defer: waiting 685 ms before discovery start
SETUP[5] defer: waiting 635 ms before discovery start
SETUP[5] defer: waiting 584 ms before discovery start
SETUP[5] defer: waiting 534 ms before discovery start
SETUP[5] defer: waiting 484 ms before discovery start
SETUP[5] defer: waiting 433 ms before discovery start
SETUP[5] defer: waiting 383 ms before discovery start
SETUP[5] defer: waiting 333 ms before discovery start
SETUP[5] defer: waiting 283 ms before discovery start
SETUP[5] defer: waiting 232 ms before discovery start
SETUP[5] defer: waiting 182 ms before discovery start
SETUP[5] defer: waiting 132 ms before discovery start
SETUP[5] defer: waiting 81 ms before discovery start
SETUP[5] defer: waiting 31 ms before discovery start
SETUP[5] begin: link=anchor-ctrl uuid=B9179575C776C98F1CB132DD6EDC6223 conn=0x20002360
SETUP[5] mtu_exchange rc=0
SETUP[5] phy_update rc=0
SETUP[5] conn_param_update rc=0
[AUTOPOS] DISC start[5]: link=anchor-ctrl uuid=B9179575C776C98F1CB132DD6EDC6223 conn=0x20002360
[AUTOPOS] MTU exchange[5] done (498)
[AUTOPOS] Conn param updated[3]: int=6 lat=0 to=400
[AUTOPOS] Conn param updated[5]: int=6 lat=0 to=400
[AUTOPOS] PHY updated[5]: tx=0x2 rx=0x2
[AUTOPOS] DISC complete[5]: link=anchor-ctrl discovered_service=2800 uuid=B9179575C776C98F1CB132DD6EDC6223
[AUTOPOS] DISC anchor service found[5]: uuid=B9179575C776C98F1CB132DD6EDC6223
[AUTOPOS] Anchor ctrl state subscribe[5] rc=0
[AUTOPOS] Anchor ctrl result subscribe[5] rc=0
[AUTOPOS] ANCHOR_CTRL[5] link ready handle=0x0019 result=0x001b uuid=B9179575C776C98F1CB132DD6EDC6223
[AUTOPOS] CONNECT pending[6]: addr_valid=1 link=anchor-ctrl uuid=840C68591E90019821AACFF1B73AAA34 scan_running=0 conn_count=5
[AUTOPOS] CONNECT pending[6] rc=0 conn=0x20002430
[AUTOPOS] Connected[6]: E9:CB:F3:C4:51:43 (random) name=- bs=-
[AUTOPOS] CONNECT state[6]: link=anchor-ctrl uuid=840C68591E90019821AACFF1B73AAA34 ready=0 conn=0x20002430
SETUP[6] defer: waiting 876 ms before discovery start
SETUP[6] defer: waiting 826 ms before discovery start
SETUP[6] defer: waiting 775 ms before discovery start
SETUP[6] defer: waiting 725 ms before discovery start
SETUP[6] defer: waiting 675 ms before discovery start
SETUP[6] defer: waiting 624 ms before discovery start
SETUP[6] defer: waiting 574 ms before discovery start
SETUP[6] defer: waiting 524 ms before discovery start
SETUP[6] defer: waiting 473 ms before discovery start
SETUP[6] defer: waiting 423 ms before discovery start
[AUTOPOS] Conn param updated[4]: int=6 lat=0 to=400
SETUP[6] defer: waiting 373 ms before discovery start
SETUP[6] defer: waiting 322 ms before discovery start
SETUP[6] defer: waiting 272 ms before discovery start
SETUP[6] defer: waiting 222 ms before discovery start
SETUP[6] defer: waiting 171 ms before discovery start
SETUP[6] defer: waiting 121 ms before discovery start
SETUP[6] defer: waiting 71 ms before discovery start
>>> status
[AUTOPOS] Control status: mode=AUTOPOS pending=0
SETUP[6] defer: waiting 20 ms before discovery start
SETUP[6] begin: link=anchor-ctrl uuid=840C68591E90019821AACFF1B73AAA34 conn=0x20002430
SETUP[6] mtu_exchange rc=0
SETUP[6] phy_update rc=0
SETUP[6] conn_param_update rc=0
[AUTOPOS] DISC start[6]: link=anchor-ctrl uuid=840C68591E90019821AACFF1B73AAA34 conn=0x20002430
[AUTOPOS] MTU exchange[6] done (498)
[AUTOPOS] Conn param updated[6]: int=6 lat=0 to=400
[AUTOPOS] PHY updated[6]: tx=0x2 rx=0x2
VERIFY: AUTOPOS anchor control plane active
>>> autopos map A 4DC6B8187E33803AE8601FB0D7992B96
[AUTOPOS] AUTOPOS map set: A=4DC6B8187E33803AE8601FB0D7992B96
[AUTOPOS] DISC complete[6]: link=anchor-ctrl discovered_service=2800 uuid=840C68591E90019821AACFF1B73AAA34
[AUTOPOS] DISC anchor service found[6]: uuid=840C68591E90019821AACFF1B73AAA34
[AUTOPOS] Anchor ctrl state subscribe[6] rc=0
[AUTOPOS] Anchor ctrl result subscribe[6] rc=0
[AUTOPOS] ANCHOR_CTRL[6] link ready handle=0x0019 result=0x001b uuid=840C68591E90019821AACFF1B73AAA34
[AUTOPOS] SCAN start req: bt_ready=1 scan_running=0 connecting_slot=-1 conn_count=6 target=anchor prefix=ANCHOR-
[AUTOPOS] Scanning for ANCHOR-*
[AUTOPOS] SCAN hit: F2:B7:4E:8A:79:01 (random) rssi=-59 name=- bs=- uuid=4DC6B8187E33803AE8601FB0D7992B96 target=anchor uuid_ok=1 tag_name=0 anchor_name=0 nus=0 dfu=0 token=0 props=0x03
[AUTOPOS] CONNECT queue[1]: addr=F2:B7:4E:8A:79:01 (random) link=anchor-ctrl uuid=4DC6B8187E33803AE8601FB0D7992B96 target=anchor
[AUTOPOS] SCAN hit: F1:B3:DF:83:B1:C9 (random) rssi=-74 name=- bs=- uuid=AB14CCA262A092E70EB26B0ACB0A394B target=anchor uuid_ok=1 tag_name=0 anchor_name=0 nus=0 dfu=0 token=0 props=0x03
[AUTOPOS] CONNECT queue[7]: addr=F1:B3:DF:83:B1:C9 (random) link=anchor-ctrl uuid=AB14CCA262A092E70EB26B0ACB0A394B target=anchor
>>> autopos map B B9179575C776C98F1CB132DD6EDC6223
[AUTOPOS] AUTOPOS map set: B=B9179575C776C98F1CB132DD6EDC6223
[AUTOPOS] Conn param updated[5]: int=6 lat=0 to=400
[AUTOPOS] CONNECT pending[1]: addr_valid=1 link=anchor-ctrl uuid=4DC6B8187E33803AE8601FB0D7992B96 scan_running=1 conn_count=6
[AUTOPOS] CONNECT pending[1]: bt_le_scan_stop rc=0 scan_running=1
[AUTOPOS] CONNECT pending[1] rc=0 conn=0x20002500
[AUTOPOS] Connected[1]: F2:B7:4E:8A:79:01 (random) name=- bs=-
[AUTOPOS] CONNECT state[1]: link=anchor-ctrl uuid=4DC6B8187E33803AE8601FB0D7992B96 ready=0 conn=0x20002500
SETUP[1] defer: waiting 872 ms before discovery start
SETUP[1] defer: waiting 822 ms before discovery start
SETUP[1] defer: waiting 771 ms before discovery start
SETUP[1] defer: waiting 721 ms before discovery start
SETUP[1] defer: waiting 671 ms before discovery start
SETUP[1] defer: waiting 620 ms before discovery start
SETUP[1] defer: waiting 570 ms before discovery start
SETUP[1] defer: waiting 520 ms before discovery start
SETUP[1] defer: waiting 469 ms before discovery start
>>> autopos map C CEE5A7EFCB35F8A56B430047629F5309
[AUTOPOS] AUTOPOS map set: C=CEE5A7EFCB35F8A56B430047629F5309
SETUP[1] defer: waiting 419 ms before discovery start
SETUP[1] defer: waiting 369 ms before discovery start
SETUP[1] defer: waiting 318 ms before discovery start
SETUP[1] defer: waiting 268 ms before discovery start
SETUP[1] defer: waiting 218 ms before discovery start
SETUP[1] defer: waiting 167 ms before discovery start
SETUP[1] defer: waiting 117 ms before discovery start
SETUP[1] defer: waiting 67 ms before discovery start
SETUP[1] defer: waiting 16 ms before discovery start
SETUP[1] begin: link=anchor-ctrl uuid=4DC6B8187E33803AE8601FB0D7992B96 conn=0x20002500
SETUP[1] mtu_exchange rc=0
SETUP[1] phy_update rc=0
SETUP[1] conn_param_update rc=0
[AUTOPOS] DISC start[1]: link=anchor-ctrl uuid=4DC6B8187E33803AE8601FB0D7992B96 conn=0x20002500
[AUTOPOS] MTU exchange[1] done (498)
[AUTOPOS] Conn param updated[1]: int=6 lat=0 to=400
>>> autopos map D AB14CCA262A092E70EB26B0ACB0A394B
[AUTOPOS] PHY updated[1]: tx=0x2 rx=0x2
[AUTOPOS] AUTOPOS map set: D=AB14CCA262A092E70EB26B0ACB0A394B
[AUTOPOS] Conn param updated[6]: int=6 lat=0 to=400
>>> autopos map E A892AF05DD59CF0D0D3408AD74F364A1
[AUTOPOS] AUTOPOS map set: E=A892AF05DD59CF0D0D3408AD74F364A1
[AUTOPOS] DISC complete[1]: link=anchor-ctrl discovered_service=2800 uuid=4DC6B8187E33803AE8601FB0D7992B96
[AUTOPOS] DISC anchor service found[1]: uuid=4DC6B8187E33803AE8601FB0D7992B96
[AUTOPOS] Anchor ctrl state subscribe[1] rc=0
[AUTOPOS] Anchor ctrl result subscribe[1] rc=0
[AUTOPOS] ANCHOR_CTRL[1] link ready handle=0x0019 result=0x001b uuid=4DC6B8187E33803AE8601FB0D7992B96
[AUTOPOS] CONNECT pending[7]: addr_valid=1 link=anchor-ctrl uuid=AB14CCA262A092E70EB26B0ACB0A394B scan_running=0 conn_count=7
[AUTOPOS] CONNECT pending[7] rc=0 conn=0x200025d0
[AUTOPOS] Connected[7]: F1:B3:DF:83:B1:C9 (random) name=- bs=-
[AUTOPOS] CONNECT state[7]: link=anchor-ctrl uuid=AB14CCA262A092E70EB26B0ACB0A394B ready=0 conn=0x200025d0
SETUP[7] defer: waiting 869 ms before discovery start
SETUP[7] defer: waiting 819 ms before discovery start
SETUP[7] defer: waiting 769 ms before discovery start
SETUP[7] defer: waiting 719 ms before discovery start
SETUP[7] defer: waiting 668 ms before discovery start
SETUP[7] defer: waiting 618 ms before discovery start
SETUP[7] defer: waiting 568 ms before discovery start
SETUP[7] defer: waiting 517 ms before discovery start
>>> autopos map F 840C68591E90019821AACFF1B73AAA34
[AUTOPOS] AUTOPOS map set: F=840C68591E90019821AACFF1B73AAA34
SETUP[7] defer: waiting 467 ms before discovery start
SETUP[7] defer: waiting 417 ms before discovery start
SETUP[7] defer: waiting 366 ms before discovery start
SETUP[7] defer: waiting 316 ms before discovery start
SETUP[7] defer: waiting 266 ms before discovery start
SETUP[7] defer: waiting 215 ms before discovery start
SETUP[7] defer: waiting 165 ms before discovery start
SETUP[7] defer: waiting 115 ms before discovery start
SETUP[7] defer: waiting 64 ms before discovery start
SETUP[7] defer: waiting 14 ms before discovery start
SETUP[7] begin: link=anchor-ctrl uuid=AB14CCA262A092E70EB26B0ACB0A394B conn=0x200025d0
SETUP[7] mtu_exchange rc=0
SETUP[7] phy_update rc=0
SETUP[7] conn_param_update rc=0
[AUTOPOS] DISC start[7]: link=anchor-ctrl uuid=AB14CCA262A092E70EB26B0ACB0A394B conn=0x200025d0
[AUTOPOS] MTU exchange[7] done (498)
[AUTOPOS] Conn param updated[7]: int=6 lat=0 to=400
>>> autopos map G B3087BC3D87CCCD316AEDC6B71D6677F
[AUTOPOS] AUTOPOS map set: G=B3087BC3D87CCCD316AEDC6B71D6677F
[AUTOPOS] PHY updated[7]: tx=0x2 rx=0x2
>>> autopos map H 1EABFBEC28B8053FBB0D5C448112AE93
[AUTOPOS] AUTOPOS map set: H=1EABFBEC28B8053FBB0D5C448112AE93
[AUTOPOS] Conn param updated[1]: int=6 lat=0 to=400
[AUTOPOS] DISC complete[7]: link=anchor-ctrl discovered_service=2800 uuid=AB14CCA262A092E70EB26B0ACB0A394B
[AUTOPOS] DISC anchor service found[7]: uuid=AB14CCA262A092E70EB26B0ACB0A394B
[AUTOPOS] Anchor ctrl state subscribe[7] rc=0
[AUTOPOS] Anchor ctrl result subscribe[7] rc=0
[AUTOPOS] ANCHOR_CTRL[7] link ready handle=0x0019 result=0x001b uuid=AB14CCA262A092E70EB26B0ACB0A394B
[AUTOPOS] SCAN start req: bt_ready=1 scan_running=0 connecting_slot=-1 conn_count=8 target=anchor prefix=ANCHOR-
[AUTOPOS] Scanning for ANCHOR-*
VERIFY: anchor ctrl ready gate 8/8
VERIFY: anchor ctrl ready gate reached; settling for 2.0s
VERIFY: responder runtime attempt=1/3
>>> anchor role all responder
[AUTOPOS] anchor role started target=all role=responder
[AUTOPOS] Master discovery mode: CONN & START
[AUTOPOS] Anchor ctrl sent[0]: RUNTIME RESPONDER uuid=A892AF05DD59CF0D0D3408AD74F364A1
[AUTOPOS] Anchor ctrl sent[1]: RUNTIME RESPONDER uuid=4DC6B8187E33803AE8601FB0D7992B96
[AUTOPOS] Anchor ctrl sent[2]: RUNTIME RESPONDER uuid=B3087BC3D87CCCD316AEDC6B71D6677F
[AUTOPOS] Anchor ctrl sent[3]: RUNTIME RESPONDER uuid=CEE5A7EFCB35F8A56B430047629F5309
[AUTOPOS] Anchor ctrl sent[4]: RUNTIME RESPONDER uuid=1EABFBEC28B8053FBB0D5C448112AE93
[AUTOPOS] Anchor ctrl sent[5]: RUNTIME RESPONDER uuid=B9179575C776C98F1CB132DD6EDC6223
[AUTOPOS] Anchor ctrl sent[6]: RUNTIME RESPONDER uuid=840C68591E90019821AACFF1B73AAA34
[AUTOPOS] Anchor ctrl sent[7]: RUNTIME RESPONDER uuid=AB14CCA262A092E70EB26B0ACB0A394B
[AUTOPOS] anchor role all responder runtime sent=8 ready=8/8
[AUTOPOS] ANCHOR_CTRL[2] notify: OK RUNTIME_SWITCH_REQUESTED
[AUTOPOS] ANCHOR_CTRL[1] notify: OK RUNTIME_SWITCH_REQUESTED
[AUTOPOS] ANCHOR_CTRL[4] notify: OK RUNTIME_SWITCH_REQUESTED
[AUTOPOS] ANCHOR_CTRL[6] notify: OK RUNTIME_SWITCH_REQUESTED
[AUTOPOS] ANCHOR_CTRL[5] notify: OK RUNTIME_SWITCH_REQUESTED
[AUTOPOS] Conn param updated[7]: int=6 lat=0 to=400
[AUTOPOS] ANCHOR_CTRL[7] notify: OK RUNTIME_SWITCH_REQUESTED
[AUTOPOS] ANCHOR_CTRL[3] notify: OK RUNTIME_SWITCH_REQUESTED
[AUTOPOS] ANCHOR_CTRL[0] notify: OK RUNTIME_SWITCH_REQUESTED
[AUTOPOS] Anchor ctrl sent[0]: RUNTIME RESPONDER uuid=A892AF05DD59CF0D0D3408AD74F364A1
[AUTOPOS] Anchor ctrl sent[1]: RUNTIME RESPONDER uuid=4DC6B8187E33803AE8601FB0D7992B96
[AUTOPOS] Anchor ctrl sent[2]: RUNTIME RESPONDER uuid=B3087BC3D87CCCD316AEDC6B71D6677F
[AUTOPOS] Anchor ctrl sent[3]: RUNTIME RESPONDER uuid=CEE5A7EFCB35F8A56B430047629F5309
[AUTOPOS] Anchor ctrl sent[4]: RUNTIME RESPONDER uuid=1EABFBEC28B8053FBB0D5C448112AE93
[AUTOPOS] Anchor ctrl sent[5]: RUNTIME RESPONDER uuid=B9179575C776C98F1CB132DD6EDC6223
[AUTOPOS] Anchor ctrl sent[6]: RUNTIME RESPONDER uuid=840C68591E90019821AACFF1B73AAA34
[AUTOPOS] Anchor ctrl sent[7]: RUNTIME RESPONDER uuid=AB14CCA262A092E70EB26B0ACB0A394B
[AUTOPOS] anchor role all responder runtime repeat sent=8 ready=8/8
[AUTOPOS] ANCHOR_CTRL[2] notify: OK RUNTIME_RESTART_REQUESTED
[AUTOPOS] ANCHOR_CTRL[0] notify: OK RUNTIME_RESTART_REQUESTED
[AUTOPOS] ANCHOR_CTRL[3] notify: OK RUNTIME_RESTART_REQUESTED
[AUTOPOS] ANCHOR_CTRL[1] notify: OK RUNTIME_RESTART_REQUESTED
[AUTOPOS] ANCHOR_CTRL[6] notify: OK RUNTIME_RESTART_REQUESTED
[AUTOPOS] ANCHOR_CTRL[5] notify: OK RUNTIME_RESTART_REQUESTED
[AUTOPOS] ANCHOR_CTRL[7] notify: OK RUNTIME_RESTART_REQUESTED
[AUTOPOS] ANCHOR_CTRL[4] notify: OK RUNTIME_RESTART_REQUESTED
[AUTOPOS] Anchor ctrl sent[0]: RUNTIME RESPONDER uuid=A892AF05DD59CF0D0D3408AD74F364A1
[AUTOPOS] Anchor ctrl sent[1]: RUNTIME RESPONDER uuid=4DC6B8187E33803AE8601FB0D7992B96
[AUTOPOS] Anchor ctrl sent[2]: RUNTIME RESPONDER uuid=B3087BC3D87CCCD316AEDC6B71D6677F
[AUTOPOS] Anchor ctrl sent[3]: RUNTIME RESPONDER uuid=CEE5A7EFCB35F8A56B430047629F5309
[AUTOPOS] Anchor ctrl sent[4]: RUNTIME RESPONDER uuid=1EABFBEC28B8053FBB0D5C448112AE93
[AUTOPOS] Anchor ctrl sent[5]: RUNTIME RESPONDER uuid=B9179575C776C98F1CB132DD6EDC6223
[AUTOPOS] Anchor ctrl sent[6]: RUNTIME RESPONDER uuid=840C68591E90019821AACFF1B73AAA34
[AUTOPOS] Anchor ctrl sent[7]: RUNTIME RESPONDER uuid=AB14CCA262A092E70EB26B0ACB0A394B
[AUTOPOS] anchor role all responder runtime final sent=8 ready=8/8 total_sent=24
[AUTOPOS] anchor role rc=0 target=all role=responder
[AUTOPOS] ANCHOR_CTRL[0] notify: OK RUNTIME_RESTART_REQUESTED
[AUTOPOS] ANCHOR_CTRL[3] notify: OK RUNTIME_RESTART_REQUESTED
[AUTOPOS] ANCHOR_CTRL[1] notify: OK RUNTIME_RESTART_REQUESTED
[AUTOPOS] ANCHOR_CTRL[2] notify: OK RUNTIME_RESTART_REQUESTED
[AUTOPOS] ANCHOR_CTRL[4] notify: OK RUNTIME_RESTART_REQUESTED
[AUTOPOS] ANCHOR_CTRL[6] notify: OK RUNTIME_RESTART_REQUESTED
[AUTOPOS] ANCHOR_CTRL[5] notify: OK RUNTIME_RESTART_REQUESTED
[AUTOPOS] ANCHOR_CTRL[7] notify: OK RUNTIME_RESTART_REQUESTED
--- SERIAL DISCONNECTED, REOPEN ---
--- SERIAL REOPENED ---
[AUTOPOS] Disconnected[7]: F1:B3:DF:83:B1:C9 (random) reason=0x08 link=anchor-ctrl ready=1
[AUTOPOS] Disconnected[0]: D9:C7:9C:16:71:C9 (random) reason=0x08 link=anchor-ctrl ready=1
[AUTOPOS] Disconnected[3]: FD:64:2E:93:37:86 (random) reason=0x08 link=anchor-ctrl ready=1
[AUTOPOS] Disconnected[1]: F2:B7:4E:8A:79:01 (random) reason=0x08 link=anchor-ctrl ready=1
[AUTOPOS] Disconnected[4]: E3:77:2C:61:AA:19 (random) reason=0x08 link=anchor-ctrl ready=1
[AUTOPOS] Disconnected[2]: EC:9F:55:9D:7E:A1 (random) reason=0x08 link=anchor-ctrl ready=1
[AUTOPOS] Disconnected[6]: E9:CB:F3:C4:51:43 (random) reason=0x08 link=anchor-ctrl ready=1
[AUTOPOS] Disconnected[5]: C0:1D:D1:D0:CE:B0 (random) reason=0x08 link=anchor-ctrl ready=1
[AUTOPOS] SCAN hit: EC:9F:55:9D:7E:A1 (random) rssi=-64 name=- bs=- uuid=B3087BC3D87CCCD316AEDC6B71D6677F target=anchor uuid_ok=1 tag_name=0 anchor_name=0 nus=0 dfu=0 token=0 props=0x03
[AUTOPOS] CONNECT queue[0]: addr=EC:9F:55:9D:7E:A1 (random) link=anchor-ctrl uuid=B3087BC3D87CCCD316AEDC6B71D6677F target=anchor
[AUTOPOS] SCAN hit: F1:B3:DF:83:B1:C9 (random) rssi=-66 name=- bs=- uuid=AB14CCA262A092E70EB26B0ACB0A394B target=anchor uuid_ok=1 tag_name=0 anchor_name=0 nus=0 dfu=0 token=0 props=0x03
[AUTOPOS] CONNECT queue[1]: addr=F1:B3:DF:83:B1:C9 (random) link=anchor-ctrl uuid=AB14CCA262A092E70EB26B0ACB0A394B target=anchor
[AUTOPOS] SCAN hit: C0:1D:D1:D0:CE:B0 (random) rssi=-65 name=- bs=- uuid=B9179575C776C98F1CB132DD6EDC6223 target=anchor uuid_ok=1 tag_name=0 anchor_name=0 nus=0 dfu=0 token=0 props=0x03
[AUTOPOS] CONNECT queue[2]: addr=C0:1D:D1:D0:CE:B0 (random) link=anchor-ctrl uuid=B9179575C776C98F1CB132DD6EDC6223 target=anchor
[AUTOPOS] SCAN hit: E3:77:2C:61:AA:19 (random) rssi=-77 name=- bs=- uuid=1EABFBEC28B8053FBB0D5C448112AE93 target=anchor uuid_ok=1 tag_name=0 anchor_name=0 nus=0 dfu=0 token=0 props=0x03
[AUTOPOS] CONNECT queue[3]: addr=E3:77:2C:61:AA:19 (random) link=anchor-ctrl uuid=1EABFBEC28B8053FBB0D5C448112AE93 target=anchor
[AUTOPOS] SCAN hit: FD:64:2E:93:37:86 (random) rssi=-81 name=- bs=- uuid=CEE5A7EFCB35F8A56B430047629F5309 target=anchor uuid_ok=1 tag_name=0 anchor_name=0 nus=0 dfu=0 token=0 props=0x03
[AUTOPOS] CONNECT queue[4]: addr=FD:64:2E:93:37:86 (random) link=anchor-ctrl uuid=CEE5A7EFCB35F8A56B430047629F5309 target=anchor
[AUTOPOS] SCAN hit: E9:CB:F3:C4:51:43 (random) rssi=-63 name=- bs=- uuid=840C68591E90019821AACFF1B73AAA34 target=anchor uuid_ok=1 tag_name=0 anchor_name=0 nus=0 dfu=0 token=0 props=0x03
[AUTOPOS] CONNECT queue[5]: addr=E9:CB:F3:C4:51:43 (random) link=anchor-ctrl uuid=840C68591E90019821AACFF1B73AAA34 target=anchor
[AUTOPOS] SCAN hit: F2:B7:4E:8A:79:01 (random) rssi=-62 name=- bs=- uuid=4DC6B8187E33803AE8601FB0D7992B96 target=anchor uuid_ok=1 tag_name=0 anchor_name=0 nus=0 dfu=0 token=0 props=0x03
[AUTOPOS] CONNECT queue[6]: addr=F2:B7:4E:8A:79:01 (random) link=anchor-ctrl uuid=4DC6B8187E33803AE8601FB0D7992B96 target=anchor
[AUTOPOS] CONNECT pending[0]: addr_valid=1 link=anchor-ctrl uuid=B3087BC3D87CCCD316AEDC6B71D6677F scan_running=1 conn_count=0
[AUTOPOS] CONNECT pending[0]: bt_le_scan_stop rc=0 scan_running=1
[AUTOPOS] CONNECT pending[0] rc=0 conn=0x20002020
[AUTOPOS] Connected[0]: EC:9F:55:9D:7E:A1 (random) name=- bs=-
[AUTOPOS] CONNECT state[0]: link=anchor-ctrl uuid=B3087BC3D87CCCD316AEDC6B71D6677F ready=0 conn=0x20002020
SETUP[0] defer: waiting 876 ms before discovery start
SETUP[0] defer: waiting 825 ms before discovery start
SETUP[0] defer: waiting 775 ms before discovery start
SETUP[0] defer: waiting 725 ms before discovery start
SETUP[0] defer: waiting 674 ms before discovery start
SETUP[0] defer: waiting 624 ms before discovery start
SETUP[0] defer: waiting 574 ms before discovery start
SETUP[0] defer: waiting 523 ms before discovery start
SETUP[0] defer: waiting 473 ms before discovery start
SETUP[0] defer: waiting 423 ms before discovery start
SETUP[0] defer: waiting 372 ms before discovery start
SETUP[0] defer: waiting 322 ms before discovery start
SETUP[0] defer: waiting 272 ms before discovery start
SETUP[0] defer: waiting 221 ms before discovery start
SETUP[0] defer: waiting 171 ms before discovery start
SETUP[0] defer: waiting 121 ms before discovery start
SETUP[0] defer: waiting 70 ms before discovery start
SETUP[0] defer: waiting 20 ms before discovery start
SETUP[0] begin: link=anchor-ctrl uuid=B3087BC3D87CCCD316AEDC6B71D6677F conn=0x20002020
SETUP[0] mtu_exchange rc=0
SETUP[0] phy_update rc=0
SETUP[0] conn_param_update rc=0
[AUTOPOS] DISC start[0]: link=anchor-ctrl uuid=B3087BC3D87CCCD316AEDC6B71D6677F conn=0x20002020
[AUTOPOS] MTU exchange[0] done (498)
[AUTOPOS] Conn param updated[0]: int=6 lat=0 to=400
[AUTOPOS] PHY updated[0]: tx=0x2 rx=0x2
[AUTOPOS] DISC complete[0]: link=anchor-ctrl discovered_service=2800 uuid=B3087BC3D87CCCD316AEDC6B71D6677F
[AUTOPOS] DISC anchor service found[0]: uuid=B3087BC3D87CCCD316AEDC6B71D6677F
[AUTOPOS] Anchor ctrl state subscribe[0] rc=0
[AUTOPOS] Anchor ctrl result subscribe[0] rc=0
[AUTOPOS] ANCHOR_CTRL[0] link ready handle=0x0019 result=0x001b uuid=B3087BC3D87CCCD316AEDC6B71D6677F
[AUTOPOS] CONNECT pending[1]: addr_valid=1 link=anchor-ctrl uuid=AB14CCA262A092E70EB26B0ACB0A394B scan_running=0 conn_count=1
[AUTOPOS] CONNECT pending[1] rc=0 conn=0x200020f0
[AUTOPOS] Connected[1]: F1:B3:DF:83:B1:C9 (random) name=- bs=-
[AUTOPOS] CONNECT state[1]: link=anchor-ctrl uuid=AB14CCA262A092E70EB26B0ACB0A394B ready=0 conn=0x200020f0
SETUP[1] defer: waiting 878 ms before discovery start
SETUP[1] defer: waiting 828 ms before discovery start
SETUP[1] defer: waiting 777 ms before discovery start
SETUP[1] defer: waiting 727 ms before discovery start
SETUP[1] defer: waiting 677 ms before discovery start
SETUP[1] defer: waiting 626 ms before discovery start
SETUP[1] defer: waiting 576 ms before discovery start
SETUP[1] defer: waiting 526 ms before discovery start
SETUP[1] defer: waiting 475 ms before discovery start
SETUP[1] defer: waiting 425 ms before discovery start
SETUP[1] defer: waiting 375 ms before discovery start
SETUP[1] defer: waiting 324 ms before discovery start
SETUP[1] defer: waiting 274 ms before discovery start
SETUP[1] defer: waiting 224 ms before discovery start
SETUP[1] defer: waiting 173 ms before discovery start
SETUP[1] defer: waiting 123 ms before discovery start
SETUP[1] defer: waiting 73 ms before discovery start
SETUP[1] defer: waiting 22 ms before discovery start
SETUP[1] begin: link=anchor-ctrl uuid=AB14CCA262A092E70EB26B0ACB0A394B conn=0x200020f0
SETUP[1] mtu_exchange rc=0
SETUP[1] phy_update rc=0
SETUP[1] conn_param_update rc=0
[AUTOPOS] DISC start[1]: link=anchor-ctrl uuid=AB14CCA262A092E70EB26B0ACB0A394B conn=0x200020f0
[AUTOPOS] MTU exchange[1] done (498)
[AUTOPOS] Conn param updated[1]: int=6 lat=0 to=400
[AUTOPOS] PHY updated[1]: tx=0x2 rx=0x2
[AUTOPOS] DISC complete[1]: link=anchor-ctrl discovered_service=2800 uuid=AB14CCA262A092E70EB26B0ACB0A394B
[AUTOPOS] DISC anchor service found[1]: uuid=AB14CCA262A092E70EB26B0ACB0A394B
[AUTOPOS] Anchor ctrl state subscribe[1] rc=0
[AUTOPOS] Anchor ctrl result subscribe[1] rc=0
[AUTOPOS] ANCHOR_CTRL[1] link ready handle=0x0019 result=0x001b uuid=AB14CCA262A092E70EB26B0ACB0A394B
[AUTOPOS] CONNECT pending[2]: addr_valid=1 link=anchor-ctrl uuid=B9179575C776C98F1CB132DD6EDC6223 scan_running=0 conn_count=2
[AUTOPOS] CONNECT pending[2] rc=0 conn=0x200021c0
[AUTOPOS] Connected[2]: C0:1D:D1:D0:CE:B0 (random) name=- bs=-
[AUTOPOS] CONNECT state[2]: link=anchor-ctrl uuid=B9179575C776C98F1CB132DD6EDC6223 ready=0 conn=0x200021c0
SETUP[2] defer: waiting 861 ms before discovery start
SETUP[2] defer: waiting 811 ms before discovery start
SETUP[2] defer: waiting 761 ms before discovery start
SETUP[2] defer: waiting 710 ms before discovery start
SETUP[2] defer: waiting 660 ms before discovery start
SETUP[2] defer: waiting 610 ms before discovery start
SETUP[2] defer: waiting 559 ms before discovery start
SETUP[2] defer: waiting 509 ms before discovery start
SETUP[2] defer: waiting 459 ms before discovery start
SETUP[2] defer: waiting 408 ms before discovery start
SETUP[2] defer: waiting 358 ms before discovery start
SETUP[2] defer: waiting 308 ms before discovery start
SETUP[2] defer: waiting 257 ms before discovery start
SETUP[2] defer: waiting 207 ms before discovery start
SETUP[2] defer: waiting 157 ms before discovery start
SETUP[2] defer: waiting 106 ms before discovery start
SETUP[2] defer: waiting 56 ms before discovery start
SETUP[2] defer: waiting 6 ms before discovery start
SETUP[2] begin: link=anchor-ctrl uuid=B9179575C776C98F1CB132DD6EDC6223 conn=0x200021c0
SETUP[2] mtu_exchange rc=0
SETUP[2] phy_update rc=0
SETUP[2] conn_param_update rc=0
[AUTOPOS] DISC start[2]: link=anchor-ctrl uuid=B9179575C776C98F1CB132DD6EDC6223 conn=0x200021c0
[AUTOPOS] MTU exchange[2] done (498)
[AUTOPOS] Conn param updated[2]: int=6 lat=0 to=400
[AUTOPOS] PHY updated[2]: tx=0x2 rx=0x2
[AUTOPOS] DISC complete[2]: link=anchor-ctrl discovered_service=2800 uuid=B9179575C776C98F1CB132DD6EDC6223
[AUTOPOS] DISC anchor service found[2]: uuid=B9179575C776C98F1CB132DD6EDC6223
[AUTOPOS] Anchor ctrl state subscribe[2] rc=0
[AUTOPOS] Anchor ctrl result subscribe[2] rc=0
[AUTOPOS] ANCHOR_CTRL[2] link ready handle=0x0019 result=0x001b uuid=B9179575C776C98F1CB132DD6EDC6223
[AUTOPOS] CONNECT pending[3]: addr_valid=1 link=anchor-ctrl uuid=1EABFBEC28B8053FBB0D5C448112AE93 scan_running=0 conn_count=3
[AUTOPOS] CONNECT pending[3] rc=0 conn=0x20002290
[AUTOPOS] Connected[3]: E3:77:2C:61:AA:19 (random) name=- bs=-
[AUTOPOS] CONNECT state[3]: link=anchor-ctrl uuid=1EABFBEC28B8053FBB0D5C448112AE93 ready=0 conn=0x20002290
SETUP[3] defer: waiting 896 ms before discovery start
SETUP[3] defer: waiting 845 ms before discovery start
SETUP[3] defer: waiting 795 ms before discovery start
SETUP[3] defer: waiting 745 ms before discovery start
SETUP[3] defer: waiting 694 ms before discovery start
SETUP[3] defer: waiting 644 ms before discovery start
SETUP[3] defer: waiting 594 ms before discovery start
SETUP[3] defer: waiting 543 ms before discovery start
SETUP[3] defer: waiting 493 ms before discovery start
SETUP[3] defer: waiting 443 ms before discovery start
SETUP[3] defer: waiting 392 ms before discovery start
SETUP[3] defer: waiting 342 ms before discovery start
SETUP[3] defer: waiting 292 ms before discovery start
SETUP[3] defer: waiting 241 ms before discovery start
[AUTOPOS] Conn param updated[0]: int=6 lat=0 to=400
SETUP[3] defer: waiting 191 ms before discovery start
SETUP[3] defer: waiting 141 ms before discovery start
SETUP[3] defer: waiting 90 ms before discovery start
SETUP[3] defer: waiting 40 ms before discovery start
SETUP[3] begin: link=anchor-ctrl uuid=1EABFBEC28B8053FBB0D5C448112AE93 conn=0x20002290
SETUP[3] mtu_exchange rc=0
SETUP[3] phy_update rc=0
SETUP[3] conn_param_update rc=0
[AUTOPOS] DISC start[3]: link=anchor-ctrl uuid=1EABFBEC28B8053FBB0D5C448112AE93 conn=0x20002290
[AUTOPOS] MTU exchange[3] done (498)
[AUTOPOS] Conn param updated[3]: int=6 lat=0 to=400
[AUTOPOS] PHY updated[3]: tx=0x2 rx=0x2
[AUTOPOS] Conn param updated[1]: int=6 lat=0 to=400
[AUTOPOS] DISC complete[3]: link=anchor-ctrl discovered_service=2800 uuid=1EABFBEC28B8053FBB0D5C448112AE93
[AUTOPOS] DISC anchor service found[3]: uuid=1EABFBEC28B8053FBB0D5C448112AE93
[AUTOPOS] Anchor ctrl state subscribe[3] rc=0
[AUTOPOS] Anchor ctrl result subscribe[3] rc=0
[AUTOPOS] ANCHOR_CTRL[3] link ready handle=0x0019 result=0x001b uuid=1EABFBEC28B8053FBB0D5C448112AE93
[AUTOPOS] CONNECT pending[4]: addr_valid=1 link=anchor-ctrl uuid=CEE5A7EFCB35F8A56B430047629F5309 scan_running=0 conn_count=4
[AUTOPOS] CONNECT pending[4] rc=0 conn=0x20002360
[AUTOPOS] Connected[4]: FD:64:2E:93:37:86 (random) name=- bs=-
[AUTOPOS] CONNECT state[4]: link=anchor-ctrl uuid=CEE5A7EFCB35F8A56B430047629F5309 ready=0 conn=0x20002360
SETUP[4] defer: waiting 875 ms before discovery start
SETUP[4] defer: waiting 825 ms before discovery start
SETUP[4] defer: waiting 775 ms before discovery start
SETUP[4] defer: waiting 725 ms before discovery start
SETUP[4] defer: waiting 674 ms before discovery start
SETUP[4] defer: waiting 624 ms before discovery start
SETUP[4] defer: waiting 574 ms before discovery start
SETUP[4] defer: waiting 523 ms before discovery start
SETUP[4] defer: waiting 473 ms before discovery start
SETUP[4] defer: waiting 423 ms before discovery start
SETUP[4] defer: waiting 372 ms before discovery start
SETUP[4] defer: waiting 322 ms before discovery start
SETUP[4] defer: waiting 272 ms before discovery start
SETUP[4] defer: waiting 221 ms before discovery start
SETUP[4] defer: waiting 171 ms before discovery start
SETUP[4] defer: waiting 121 ms before discovery start
SETUP[4] defer: waiting 70 ms before discovery start
SETUP[4] defer: waiting 20 ms before discovery start
SETUP[4] begin: link=anchor-ctrl uuid=CEE5A7EFCB35F8A56B430047629F5309 conn=0x20002360
SETUP[4] mtu_exchange rc=0
SETUP[4] phy_update rc=0
SETUP[4] conn_param_update rc=0
[AUTOPOS] DISC start[4]: link=anchor-ctrl uuid=CEE5A7EFCB35F8A56B430047629F5309 conn=0x20002360
[AUTOPOS] MTU exchange[4] done (498)
[AUTOPOS] Conn param updated[4]: int=6 lat=0 to=400
[AUTOPOS] Conn param updated[2]: int=6 lat=0 to=400
[AUTOPOS] PHY updated[4]: tx=0x2 rx=0x2
[AUTOPOS] DISC complete[4]: link=anchor-ctrl discovered_service=2800 uuid=CEE5A7EFCB35F8A56B430047629F5309
[AUTOPOS] DISC anchor service found[4]: uuid=CEE5A7EFCB35F8A56B430047629F5309
[AUTOPOS] Anchor ctrl state subscribe[4] rc=0
[AUTOPOS] Anchor ctrl result subscribe[4] rc=0
[AUTOPOS] ANCHOR_CTRL[4] link ready handle=0x0019 result=0x001b uuid=CEE5A7EFCB35F8A56B430047629F5309
[AUTOPOS] CONNECT pending[5]: addr_valid=1 link=anchor-ctrl uuid=840C68591E90019821AACFF1B73AAA34 scan_running=0 conn_count=5
[AUTOPOS] CONNECT pending[5] rc=0 conn=0x20002430
[AUTOPOS] Connected[5]: E9:CB:F3:C4:51:43 (random) name=- bs=-
[AUTOPOS] CONNECT state[5]: link=anchor-ctrl uuid=840C68591E90019821AACFF1B73AAA34 ready=0 conn=0x20002430
SETUP[5] defer: waiting 892 ms before discovery start
SETUP[5] defer: waiting 841 ms before discovery start
SETUP[5] defer: waiting 791 ms before discovery start
SETUP[5] defer: waiting 741 ms before discovery start
SETUP[5] defer: waiting 690 ms before discovery start
SETUP[5] defer: waiting 640 ms before discovery start
SETUP[5] defer: waiting 590 ms before discovery start
SETUP[5] defer: waiting 539 ms before discovery start
[AUTOPOS] Conn param updated[3]: int=6 lat=0 to=400
SETUP[5] defer: waiting 489 ms before discovery start
SETUP[5] defer: waiting 439 ms before discovery start
SETUP[5] defer: waiting 388 ms before discovery start
SETUP[5] defer: waiting 338 ms before discovery start
SETUP[5] defer: waiting 288 ms before discovery start
SETUP[5] defer: waiting 237 ms before discovery start
SETUP[5] defer: waiting 187 ms before discovery start
SETUP[5] defer: waiting 137 ms before discovery start
SETUP[5] defer: waiting 86 ms before discovery start
VERIFY: attempt=1 ack_ok=1 sent=8 ready=8/8 scan=matrix=2 responder=0 master=0 other=0
