PORT=/dev/serial/by-id/usb-BioSpur_BioSpur_BLE_Control_87EA2F4A526C5A02-if00
START=2026-06-03 00:17:01
MASTER=A
PRECHECK: BSxxxx tag quarantine disabled; master/matrix anchors ignore tag polls during sweep
PRECHECK: context session_autopos_ready=1 autopos_initialized=1
PRECHECK: reusing session AUTOPOS state from matrix guard
PRECHECK: reusing existing AUTOPOS map
>>> autopos cir compact
[AUTOPOS] AUTOPOS cir mode set: COMPACT
>>> autopos round A 10
[AUTOPOS] AUTOPOS round staged: master=A sets=10
>>> autopos status
[AUTOPOS] AUTOPOS: mode=AUTOPOS state=staged staged=A last_success=H sets=10 cir=COMPACT error=-
>>> autopos apply
[AUTOPOS] AUTOPOS apply started
[AUTOPOS] RECV_BG gate: SUPPRESS reason=autopos_detach
[AUTOPOS] AUTOPOS detach skip STOP: finite master auto-returns to matrix sets=10
[AUTOPOS] RECV_BG gate: ALLOW reason=autopos_detach_done
[AUTOPOS] SCAN start req: bt_ready=1 scan_running=0 connecting_slot=-1 conn_count=8 target=anchor prefix=ANCHOR-
[AUTOPOS] Scanning for ANCHOR-*
[AUTOPOS] AUTOPOS apply mode: incremental
[AUTOPOS] AUTOPOS apply incremental: prev_master=H new_master=A
[AUTOPOS] Master discovery mode: CONN & START
[AUTOPOS] AUTOPOS wait anchor ready: uuid=B1E487C2B1FD740D1442206A1857DFA1 reuse existing ready control link (discovery remains active)
[AUTOPOS] AUTOPOS state: STATE fw=anchor-cir-runtime-modes-202606 bs=BS506D uuid=B1E487C2B1FD740D1442206A1857DFA1 label=H role=matrix cfg_valid=1 busy=1 pending_valid=1 schema=2 gen=4 reboot_required=0
[AUTOPOS] AUTOPOS state: STATE fw=anchor-cir-runtime-modes-202606 bs=BS506D uuid=B1E487C2B1FD740D1442206A1857DFA1 label=H role=matrix cfg_valid=1 busy=1 pending_valid=1 schema=2 gen=4 reboot_required=0
[AUTOPOS] AUTOPOS anchor H already active role=matrix cfg_valid=1; keeping current config
[AUTOPOS] AUTOPOS anchor H role verified
[AUTOPOS] Master discovery mode: CONN & START
[AUTOPOS] AUTOPOS wait anchor ready: uuid=F3BB7A04104F9CB8561DDDACB9E53714 reuse existing ready control link (discovery remains active)
[AUTOPOS] AUTOPOS state: STATE fw=anchor-cir-runtime-modes-202606 bs=BS1FFC uuid=F3BB7A04104F9CB8561DDDACB9E53714 label=A role=matrix cfg_valid=1 busy=1 pending_valid=1 schema=2 gen=1 reboot_required=0
[AUTOPOS] AUTOPOS state: STATE fw=anchor-cir-runtime-modes-202606 bs=BS1FFC uuid=F3BB7A04104F9CB8561DDDACB9E53714 label=A role=matrix cfg_valid=1 busy=1 pending_valid=1 schema=2 gen=1 reboot_required=0
[AUTOPOS] BLE cmd skip[0]: target mismatch kind=anchor target_name=- target_uuid=F3BB7A04104F9CB8561DDDACB9E53714 peer_name=- peer_bs=- peer_uuid=B1E487C2B1FD740D1442206A1857DFA1 link=anchor-ctrl ready=1
[AUTOPOS] BLE cmd skip[1]: target mismatch kind=anchor target_name=- target_uuid=F3BB7A04104F9CB8561DDDACB9E53714 peer_name=- peer_bs=- peer_uuid=A892AF05DD59CF0D0D3408AD74F364A1 link=anchor-ctrl ready=1
[AUTOPOS] BLE cmd skip[2]: target mismatch kind=anchor target_name=- target_uuid=F3BB7A04104F9CB8561DDDACB9E53714 peer_name=- peer_bs=- peer_uuid=CEE5A7EFCB35F8A56B430047629F5309 link=anchor-ctrl ready=1
[AUTOPOS] BLE cmd skip[3]: target mismatch kind=anchor target_name=- target_uuid=F3BB7A04104F9CB8561DDDACB9E53714 peer_name=- peer_bs=- peer_uuid=B3087BC3D87CCCD316AEDC6B71D6677F link=anchor-ctrl ready=1
[AUTOPOS] BLE cmd skip[4]: target mismatch kind=anchor target_name=- target_uuid=F3BB7A04104F9CB8561DDDACB9E53714 peer_name=- peer_bs=- peer_uuid=840C68591E90019821AACFF1B73AAA34 link=anchor-ctrl ready=1
[AUTOPOS] Anchor ctrl sent[5]: RUNTIME MASTER SWEEP 10 CIR=COMPACT uuid=F3BB7A04104F9CB8561DDDACB9E53714
[AUTOPOS] BLE cmd skip[6]: target mismatch kind=anchor target_name=- target_uuid=F3BB7A04104F9CB8561DDDACB9E53714 peer_name=- peer_bs=- peer_uuid=B9179575C776C98F1CB132DD6EDC6223 link=anchor-ctrl ready=1
[AUTOPOS] BLE cmd skip[7]: target mismatch kind=anchor target_name=- target_uuid=F3BB7A04104F9CB8561DDDACB9E53714 peer_name=- peer_bs=- peer_uuid=B2B5FA625534A8C617135DCAFC9E036A link=anchor-ctrl ready=1
[AUTOPOS] ANCHOR_CTRL[5] notify: OK RUNTIME_SWITCH_REQUESTED SWEEP=10
[AUTOPOS] AUTOPOS result: OK RUNTIME_SWITCH_REQUESTED SWEEP=10
[AUTOPOS] ANCHOR_CTRL[5] notify: ACRX;1;0;0;A;1;0xa101;4782;3679693932;-676;47720;6421;7250;5435;2111;122;44;1048
[AUTOPOS] ANCHOR_CTRL[2] notify: ACRX;1;1;2;A;0;0xa100;-1;605272268;-3006;47824;1931;2510;2526;1223;118;24;456
[AUTOPOS] ANCHOR_CTRL[6] notify: ACRX;1;1;1;A;0;0xa100;-1;3146745301;-2257;48089;7131;7203;5857;2266;122;32;730
[AUTOPOS] ANCHOR_CTRL[1] notify: ACRX;1;1;4;A;0;0xa100;-1;675892400;-4187;47780;3101;3100;2601;424;54;24;542
[AUTOPOS] ANCHOR_CTRL[7] notify: ACRX;1;1;3;A;0;0xa100;-1;3170660508;-978;47760;4687;6490;6901;1971;117;56;1313
[AUTOPOS] ANCHOR_CTRL[4] notify: ACRX;1;1;5;A;0;0xa100;-1;1302416362;3093;48086;5886;6758;6120;1738;122;52;1112
[AUTOPOS] ANCHOR_CTRL[5] notify: ACRX;1;0;0;A;2;0xa102;5184;414928939;-439;47639;1773;3144;2661;1464;122;28;557
[AUTOPOS] ANCHOR_CTRL[5] notify: ACRX;1;0;0;A;3;0xa103;2837;1467125410;620;47766;3444;7026;7258;2021;122;48;1131
[AUTOPOS] ANCHOR_CTRL[5] notify: ACRX;1;0;0;A;4;0xa104;1627;2496774382;2837;47834;7539;7539;7447;2127;122;56;1310
[AUTOPOS] ANCHOR_CTRL[3] notify: ACRX;1;1;6;A;0;0xa100;-1;413257717;-7911;47633;6653;7193;6362;2076;121;28;665
[AUTOPOS] ANCHOR_CTRL[0] notify: ACRX;1;1;7;A;0;0xa100;-1;226860447;-2006;48027;6936;7463;6519;2039;120;48;1171
[AUTOPOS] AUTOPOS state: STATE fw=anchor-cir-runtime-modes-202606 bs=BS1FFC uuid=F3BB7A04104F9CB8561DDDACB9E53714 label=A role=master cfg_valid=1 busy=1 pending_valid=1 schema=2 gen=1 reboot_required=0
[AUTOPOS[AUTOPOS] ANCHOR_CTRL[5] notify: ACRX;1;0;0;A;6;0xa106;5309;4221405198;4324;48114;7426;7163;4666;2266;122;36;847
] AUTOPOS anchor A role verified
[AUTOPOS] AUTOPOS apply success: master=A
[AUTOPOS] AUTOPOS finite sweep handoff: master=A se[AUTOPOS] ANCHOR_CTRL[5] notify: ACRX;1;0;0;A;7;0xa107;3212;987806816;1355;47700;7524;7375;7172;2493;122;52;1211
ts=10; host waits for SWEEP_DONE
[AUTOPOS] ANCHOR_CTRL[2] notify: ACRX;1;2;2;A;0;0xa100;-1;559816466;-3299;47894;1675;2792;2606;1256;119;28;499
[AUTOPOS] ANCHOR_CTRL[6] notify: ACRX;1;2;1;A;0;0xa100;-1;3106931694;-2456;48106;7493;6630;4876;2325;123;44;1033
[AUTOPOS] ANCHOR_CTRL[7] notify: ACRX;1;2;3;A;0;0xa100;-1;3166776402;-1238;47694;5592;7561;7499;2554;123;52;1223
[AUTOPOS] SW-A,B,4782,100,C,5184,100,D,2837,100,E,1627,100,F,0,0,G,5309,100,H,3212,100
[AUTOPOS] ANCHOR_CTRL[5] notify: ACRX;1;1;0;A;1;0xa101;4768;3639889976;-1143;47668;7603;6900;4427;2658;122;40;984
[AUTOPOS] ANCHOR_CTRL[5] notify: ACRX;1;1;0;A;2;0xa102;5201;369485790;-751;47578;1784;3231;2669;1467;122;20;370
[AUTOPOS] ANCHOR_CTRL[3] notify: ACRX;1;2;6;A;0;0xa100;-1;382912310;-7813;47954;7293;6932;6314;2168;122;28;667
[AUTOPOS] ANCHOR_CTRL[1] notify: ACRX;1;2;4;A;0;0xa100;-1;668243054;-3330;47714;7727;7764;6962;2427;124;56;1376
[AUTOPOS] ANCHOR_CTRL[4] notify: ACRX;1;2;5;A;0;0xa100;-1;1299662505;2746;47765;5410;6995;6477;1724;118;48;1120
[AUTOPOS] ANCHOR_CTRL[0] notify: ACRX;1;2;7;A;0;0xa100;-1;218517785;-2175;47901;6916;7072;6162;1928;117;36;851
[AUTOPOS] ANCHOR_CTRL[6] notify: ACRX;1;3;1;A;0;0xa100;-1;3048178746;-2291;47670;6507;7067;4445;2029;117;40;941
[AUTOPOS] ANCHOR_CTRL[5] notify: ACRX;1;1;0;A;3;0xa103;2847;1463246564;351;47840;4512;7275;6426;1911;122;48;1144
[AUTOPOS] ANCHOR_CTRL[5] notify: ACRX;1;1;0;A;4;0xa104;1691;2489141047;2390;47899;7406;7439;7183;2192;122;56;1307
[AUTOPOS] ANCHOR_CTRL[5] notify: ACRX;1;1;0;A;6;0xa106;5307;4191096516;4141;47792;6978;7589;5053;2286;122;40;979
[AUTOPOS] ANCHOR_CTRL[5] notify: ACRX;1;1;0;A;7;0xa107;3175;979474656;1576;47828;6883;7395;7041;2427;122;52;1215
[AUTOPOS] ANCHOR_CTRL[2] notify: ACRX;1;3;2;A;0;0xa100;-1;501809559;-3056;48027;2196;2738;2237;1340;124;28;501
[AUTOPOS] ANCHOR_CTRL[1] notify: ACRX;1;3;4;A;0;0xa100;-1;82815601;-3196;47725;7665;7496;5315;2230;124;44;1033
[AUTOPOS] ANCHOR_CTRL[4] notify: ACRX;1;3;5;A;0;0xa100;-1;695727250;3329;47734;6447;7083;4395;1654;123;44;989
[AUTOPOS] ANCHOR_CTRL[0] notify: ACRX;1;3;7;A;0;0xa100;-1;3818317982;-1689;47770;6630;7320;6440;1937;118;48;1124
[AUTOPOS] SW-A,B,4768,100,C,5201,100,D,2847,100,E,1691,100,F,0,0,G,5307,100,H,3175,100
[AUTOPOS] ANCHOR_CTRL[5] notify: ACRX;1;2;0;A;1;0xa101;4832;3581147157;-839;48137;3642;6585;6909;2060;122;48;1091
[AUTOPOS] ANCHOR_CTRL[5] notify: ACRX;1;2;0;A;2;0xa102;5173;311491425;-314;47957;1691;3385;2975;1581;122;24;462
[AUTOPOS] ANCHOR_CTRL[2] notify: ACRX;1;4;2;A;0;0xa100;-1;4202355811;-2889;47719;2003;3133;2310;1414;122;28;496
[AUTOPOS] ANCHOR_CTRL[6] notify: ACRX;1;4;1;A;0;0xa100;-1;2465307830;-1506;47786;1312;1378;1013;82;31;12;213
[AUTOPOS] ANCHOR_CTRL[1] notify: ACRX;1;4;4;A;0;0xa100;-1;3633409542;-3393;47618;7342;7314;7185;1970;118;44;1080
[AUTOPOS] ANCHOR_CTRL[7] notify: ACRX;1;3;3;A;0;0xa100;-1;2187076247;-915;47771;6437;7680;7078;2463;124;56;1305
[AUTOPOS] ANCHOR_CTRL[4] notify: ACRX;1;4;5;A;0;0xa100;-1;4254078504;3224;47620;2534;6248;6720;1550;119;40;900
[AUTOPOS] ANCHOR_CTRL[5] notify: ACRX;1;2;0;A;4;0xa104;1638;1903728430;2761;47898;7296;7297;7340;2178;122;52;1222
[AUTOPOS] ANCHOR_CTRL[5] notify: ACRX;1;2;0;A;5;0xa105;4614;2921090138;-6651;47718;6138;6802;5020;1467;122;40;860
[AUTOPOS] ANCHOR_CTRL[5] notify: ACRX;1;2;0;A;7;0xa107;3197;284316513;1502;47957;7444;7005;6952;2373;122;48;1127
[AUTOPOS] SW-A,B,4832,100,C,5173,100,D,2847,100,E,1638,100,F,4614,100,G,5307,100,H,3197,100
[AUTOPOS] ANCHOR_CTRL[3] notify: ACRX;1;3;6;A;0;0xa100;-1;3696175970;-7391;47982;7241;6942;4745;2102;121;32;758
[AUTOPOS] ANCHOR_CTRL[0] notify: ACRX;1;4;7;A;0;0xa100;-1;3526490954;-1628;47934;6950;7254;3992;2220;120;40;934
[AUTOPOS] ANCHOR_CTRL[2] notify: ACRX;1;5;2;A;0;0xa100;-1;3893779031;-1845;47699;1933;2885;2715;1410;118;24;478
[AUTOPOS] ANCHOR_CTRL[6] notify: ACRX;1;5;1;A;0;0xa100;-1;2145023732;-2226;47856;7230;6981;4811;2185;121;40;949
[AUTOPOS] ANCHOR_CTRL[7] notify: ACRX;1;4;3;A;0;0xa100;-1;2135668260;-1259;47640;5981;7030;7103;2289;121;64;1491
[AUTOPOS] ANCHOR_CTRL[5] notify: ACRX;1;3;0;A;1;0xa101;4734;2998284666;-593;47990;7281;6860;4330;2685;122;44;1040
[AUTOPOS] ANCHOR_CTRL[5] notify: ACRX;1;3;0;A;4;0xa104;1660;1159369640;2878;48028;7573;7562;7251;2287;122;52;1215
[AUTOPOS] ANCHOR_CTRL[5] notify: ACRX;1;3;0;A;5;0xa105;4640;2184456393;-6785;47837;5867;7012;5723;1537;122;40;902
[AUTOPOS] ANCHOR_CTRL[5] notify: ACRX;1;3;0;A;6;0xa106;5316;3209460398;4547;47762;7244;7205;6989;2365;122;40;936
[AUTOPOS] ANCHOR_CTRL[1] notify: ACRX;1;5;4;A;0;0xa100;-1;3612299298;-3293;47646;7413;7414;6938;2198;120;60;1400
[AUTOPOS] ANCHOR_CTRL[5] notify: ACRX;1;3;0;A;7;0xa107;3158;4287465126;1536;47770;6927;7628;7009;2605;122;44;1075
[AUTOPOS] SW-A,B,4734,100,C,5173,100,D,2847,100,E,1660,100,F,4640,100,G,5316,75,H,3158,100
[AUTOPOS] ANCHOR_CTRL[5] notify: ACRX;1;4;0;A;1;0xa101;4795;2678009161;-881;47933;7273;6696;3803;2530;122;56;1315
[AUTOPOS] ANCHOR_CTRL[2] notify: ACRX;1;6;2;A;0;0xa100;-1;3768948734;-3309;47618;1893;2280;3160;1418;125;24;436
[AUTOPOS] ANCHOR_CTRL[6] notify: ACRX;1;6;1;A;0;0xa100;-1;1976538914;-2672;46870;1228;3252;2754;1615;119;36;754
[AUTOPOS] ANCHOR_CTRL[7] notify: ACRX;1;5;3;A;0;0xa100;-1;1701389123;-1334;47935;7327;7154;3616;2202;119;60;1405
[AUTOPOS] ANCHOR_CTRL[1] notify: ACRX;1;6;4;A;0;0xa100;-1;3481651973;-3342;47881;7328;7321;6995;2010;118;44;1034
[AUTOPOS] ANCHOR_CTRL[4] notify: ACRX;1;5;5;A;0;0xa100;-1;4241855974;3048;48082;5272;7141;6872;1816;121;52;1165
[AUTOPOS] ANCHOR_CTRL[4] notify: ACRX;1;6;5;A;0;0xa100;-1;4106691337;2821;47853;5578;6392;4386;1522;122;48;983
[AUTOPOS] ANCHOR_CTRL[0] notify: ACRX;1;5;7;A;0;0xa100;-1;3341824923;-2097;48031;7572;7738;6711;2371;124;40;981
[AUTOPOS] ANCHOR_CTRL[0] notify: ACRX;1;6;7;A;0;0xa100;-1;2888689097;-2344;48061;6904;7065;3869;2081;120;44;986
[AUTOPOS] ANCHOR_CTRL[5] notify: ACRX;1;4;0;A;2;0xa102;5170;3703483547;-415;47759;1821;2982;3248;1579;122;32;630
[AUTOPOS] ANCHOR_CTRL[5] notify: ACRX;1;4;0;A;4;0xa104;1728;1138275238;2815;48010;6960;7391;7188;1908;122;44;1036
[AUTOPOS] ANCHOR_CTRL[5] notify: ACRX;1;4;0;A;5;0xa105;4640;2172214016;-7028;47892;4382;6250;5481;1309;122;44;899
[AUTOPOS] ANCHOR_CTRL[5] notify: ACRX;1;4;0;A;7;0xa107;3169;4102808154;1538;47694;7360;7153;7368;2310;122;48;1127
[AUTOPOS] SW-A,B,4795,100,C,5170,80,D,2847,100,E,1728,100,F,4640,100,G,5316,75,H,3169,100
[AUTOPOS] ANCHOR_CTRL[5] notify: ACRX;1;5;0;A;1;0xa101;2540;2509534543;-1119;47947;4350;6953;6986;2089;122;48;1078
[AUTOPOS] ANCHOR_CTRL[5] notify: ACRX;1;5;0;A;3;0xa103;2814;4292844527;574;54243;5444;7453;6270;1549;122;44;1042
[AUTOPOS] ANCHOR_CTRL[2] notify: ACRX;1;7;2;A;0;0xa100;-1;1672592332;-3044;48072;1918;2359;3048;1326;120;24;434
[AUTOPOS] ANCHOR_CTRL[6] notify: ACRX;1;7;1;A;0;0xa100;-1;4224508053;-1667;47753;4647;7262;7287;2419;123;40;942
[AUTOPOS] ANCHOR_CTRL[7] notify: ACRX;1;6;3;A;0;0xa100;-1;3863506465;-972;47645;7117;7387;7204;2792;125;56;1365
[AUTOPOS] ANCHOR_CTRL[4] notify: ACRX;1;7;5;A;0;0xa100;-1;1598955384;3738;47972;6111;6863;5291;1686;118;44;993
[AUTOPOS] ANCHOR_CTRL[0] notify: ACRX;1;7;7;A;0;0xa100;-1;458169055;-1927;47843;7354;7652;6186;2382;122;36;888
[AUTOPOS] ANCHOR_CTRL[5] notify: ACRX;1;5;0;A;4;0xa104;1691;1007643817;2585;47765;7040;7031;7131;2122;122;60;1349
[AUTOPOS] ANCHOR_CTRL[5] notify: ACRX;1;5;0;A;5;0xa105;4651;2037032425;-6868;47605;6675;6860;4251;1442;122;36;819
[AUTOPOS] ANCHOR_CTRL[5] notify: ACRX;1;5;0;A;7;0xa107;3144;3649682469;1621;47649;7284;7302;6004;2435;122;44;1038
[AUTOPOS] SW-A,B,2540,100,C,5170,80,D,2814,50,E,1691,100,F,4651,100,G,5316,75,H,3144,100
[AUTOPOS] ANCHOR_CTRL[3] notify: ACRX;1;4;6;A;0;0xa100;-1;1044568986;-7735;48038;6992;7261;5382;2118;120;32;760
[AUTOPOS] ANCHOR_CTRL[5] notify: ACRX;1;6;0;A;1;0xa101;4806;462549941;-696;48041;7381;6756;5107;2635;122;48;1127
[AUTOPOS] ANCHOR_CTRL[5] notify: ACRX;1;6;0;A;3;0xa103;2776;2160001283;627;47863;7434;7556;4417;2139;122;60;1395
[AUTOPOS] ANCHOR_CTRL[5] notify: ACRX;1;6;0;A;5;0xa105;4566;3824242016;-6633;47988;6630;6636;4182;1476;122;48;1022
[AUTOPOS] ANCHOR_CTRL[7] notify: ACRX;1;7;3;A;0;0xa100;-1;2951244772;-1048;48096;7164;7371;6901;2396;119;64;1487
[AUTOPOS] ANCHOR_CTRL[4] notify: ACRX;1;8;5;A;0;0xa100;-1;1128105493;3103;47617;2078;6629;7083;1659;122;48;1078
[AUTOPOS] ANCHOR_CTRL[5] notify: ACRX;1;6;0;A;7;0xa107;3147;1219174675;1687;47863;6926;7265;4471;2194;122;52;1210
[AUTOPOS] SW-A,B,4806,100,C,5170,80,D,2776,57,E,1691,100,F,4566,100,G,5316,75,H,3147,100
[AUTOPOS] ANCHOR_CTRL[5] notify: ACRX;1;7;0;A;2;0xa102;5252;244632269;-197;47809;1947;1932;3554;1603;122;28;554
[AUTOPOS] ANCHOR_CTRL[5] notify: ACRX;1;7;0;A;3;0xa103;2759;1247743293;713;47905;6776;7455;6597;2644;122;52;1277
[AUTOPOS] ANCHOR_CTRL[3] notify: ACRX;1;5;6;A;0;0xa100;-1;581212599;-7922;47555;7064;7499;6848;2221;124;32;758
[AUTOPOS] ANCHOR_CTRL[2] notify: ACRX;1;8;2;A;0;0xa100;-1;434886738;-3299;47694;1984;2687;2816;1333;120;28;495
[AUTOPOS] ANCHOR_CTRL[1] notify: ACRX;1;7;4;A;0;0xa100;-1;477094944;-3334;47652;7090;7111;6182;1998;120;36;853
[AUTOPOS] ANCHOR_CTRL[0] notify: ACRX;1;8;7;A;0;0xa100;-1;330707088;-1998;47764;7108;7303;6693;1981;120;28;664
[AUTOPOS] ANCHOR_CTRL[5] notify: ACRX;1;7;0;A;4;0xa104;1613;2298089339;2901;47967;7884;7898;7282;2496;122;64;1618
[AUTOPOS] ANCHOR_CTRL[5] notify: ACRX;1;7;0;A;5;0xa105;4640;3353374937;-6850;47845;5985;6858;5172;1383;120;44;994
[AUTOPOS] ANCHOR_CTRL[5] notify: ACRX;1;7;0;A;6;0xa106;5352;94648420;4449;47696;7114;7261;7205;2334;122;36;850
[AUTOPOS] ANCHOR_CTRL[2] notify: ACRX;1;9;2;A;0;0xa100;-1;749423248;-3224;47756;1925;2573;2924;1349;122;28;530
[AUTOPOS] ANCHOR_CTRL[6] notify: ACRX;1;8;1;A;0;0xa100;-1;3295155254;-2414;48178;6875;7469;4950;2210;122;40;945
[AUTOPOS] ANCHOR_CTRL[1] notify: ACRX;1;8;4;A;0;0xa100;-1;834416061;-3309;48073;7037;7043;6530;1973;118;60;1402
[AUTOPOS] ANCHOR_CTRL[7] notify: ACRX;1;8;3;A;0;0xa100;-1;3270567076;-1182;47776;6622;7260;6458;2290;122;52;1215
[AUTOPOS] ANCHOR_CTRL[4] notify: ACRX;1;9;5;A;0;0xa100;-1;1450070109;2815;47681;2071;6617;7130;1694;123;48;1076
[AUTOPOS] ANCHOR_CTRL[5] notify: ACRX;1;7;0;A;7;0xa107;3164;1091722089;1676;47957;7121;7532;7180;2341;122;36;853
[AUTOPOS] SW-A,B,4806,100,C,5252,62,D,2759,62,E,1613,87,F,4640,100,G,5352,50,H,3164,100
[AUTOPOS] ANCHOR_CTRL[5] notify: ACRX;1;8;0;A;1;0xa101;4801;3828183053;-810;48137;6360;7018;6597;2500;122;52;1171
[AUTOPOS] ANCHOR_CTRL[5] notify: ACRX;1;8;0;A;2;0xa102;5228;559181953;-277;47725;1901;3248;2241;1539;122;28;527
[AUTOPOS] ANCHOR_CTRL[3] notify: ACRX;1;6;6;A;0;0xa100;-1;547136177;-8095;47813;6699;6949;6301;1921;117;32;761
[AUTOPOS] ANCHOR_CTRL[5] notify: ACRX;1;8;0;A;3;0xa103;2769;1567070842;556;47718;7089;7300;5890;2604;122;44;1044
[AUTOPOS] ANCHOR_CTRL[5] notify: ACRX;1;8;0;A;4;0xa104;1651;2655427056;2947;48092;7374;7374;7262;2090;122;52;1212
[AUTOPOS] ANCHOR_CTRL[5] notify: ACRX;1;8;0;A;6;0xa106;5312;60608859;4500;47951;7162;7516;7042;2295;122;40;936
[AUTOPOS] ANCHOR_CTRL[2] notify: ACRX;1;10;2;A;0;0xa100;-1;717997944;-3418;47988;2247;3065;2006;1307;119;28;497
[AUTOPOS] ANCHOR_CTRL[6] notify: ACRX;1;9;1;A;0;0xa100;-1;3264791194;-2614;47774;6536;7097;5765;2089;119;32;759
[AUTOPOS] ANCHOR_CTRL[1] notify: ACRX;1;9;4;A;0;0xa100;-1;826093258;-3396;47822;6774;6786;6389;1901;119;68;1509
[AUTOPOS] ANCHOR_CTRL[7] notify: ACRX;1;9;3;A;0;0xa100;-1;3239970408;-1284;47708;7096;7442;7281;2673;123;52;1210
[AUTOPOS] ANCHOR_CTRL[4] notify: ACRX;1;10;5;A;0;0xa100;-1;1447008912;2656;47732;6433;7195;4601;1704;123;52;1167
[AUTOPOS] ANCHOR_CTRL[0] notify: ACRX;1;9;7;A;0;0xa100;-1;306528292;-2288;47648;7483;6971;6048;2302;120;36;888
[AUTOPOS] ANCHOR_CTRL[3] notify: ACRX;1;7;6;A;0;0xa100;-1;519442422;-7864;47634;7361;7325;6509;2193;123;24;576
[AUTOPOS] ANCHOR_CTRL[0] notify: ACRX;1;10;7;A;0;0xa100;-1;267893678;-2435;48042;6882;7388;5460;2256;121;40;937
[AUTOPOS] ANCHOR_CTRL[5] notify: ACRX;1;8;0;A;7;0xa107;3186;1067553245;1647;48073;7428;7311;7418;2373;122;48;1121
[AUTOPOS] SW-A,B,4801,88,C,5228,66,D,2769,66,E,1651,88,F,4640,100,G,5312,55,H,3186,100
[AUTOPOS] ANCHOR_CTRL[5] notify: ACRX;1;9;0;A;1;0xa101;4801;3797829548;-741;48032;7288;7366;5631;2522;122;44;1039
[AUTOPOS] ANCHOR_CTRL[5] notify: ACRX;1;9;0;A;2;0xa102;5243;527770015;-285;48011;1684;2824;3466;1510;122;28;557
[AUTOPOS] ANCHOR_CTRL[5] notify: ACRX;1;9;0;A;3;0xa103;2848;1536479966;698;47826;2423;7700;7402;1937;122;60;1479
[AUTOPOS] ANCHOR_CTRL[5] notify: ACRX;1;9;0;A;4;0xa104;1700;2647121131;2656;47831;7419;7418;7333;2197;122;60;1410
[AUTOPOS] ANCHOR_CTRL[5] notify: ACRX;1;9;0;A;6;0xa106;5338;32951842;4521;48134;6838;7139;7391;2332;122;32;761
[AUTOPOS] ANCHOR_CTRL[5] notify: ACRX;1;9;0;A;7;0xa107;3203;1028929116;1688;47688;7408;7489;7061;2247;122;44;1037
[AUTOPOS] SW-A,B,4801,90,C,5243,70,D,2848,70,E,1700,90,F,4640,100,G,5338,60,H,3203,100
[AUTOPOS] ANCHOR_CTRL[5] notify: SWEEP_DONE master=A sets=10 role=matrix
END=2026-06-03 00:17:07
