PORT=/dev/serial/by-id/usb-BioSpur_BioSpur_BLE_Control_87EA2F4A526C5A02-if00
START=2026-05-22 16:42:40
MASTER=B
PRECHECK: BSxxxx tag quarantine disabled; master/matrix anchors ignore tag polls during sweep
PRECHECK: context session_autopos_ready=1 autopos_initialized=1
PRECHECK: reusing session AUTOPOS state from matrix guard
PRECHECK: reusing existing AUTOPOS map
>>> autopos round B 1010
[AUTOPOS] AUTOPOS round staged: master=B sets=1010
>>> autopos status
[AUTOPOS] AUTOPOS: mode=AUTOPOS state=staged staged=B last_success=A sets=1010 error=-
>>> autopos apply
[AUTOPOS] AUTOPOS apply started
[AUTOPOS] RECV_BG gate: SUPPRESS reason=autopos_detach
[AUTOPOS] AUTOPOS detach skip STOP: finite master auto-returns to matrix sets=1010
[AUTOPOS] RECV_BG gate: ALLOW reason=autopos_detach_done
[AUTOPOS] SCAN start req: bt_ready=1 scan_running=0 connecting_slot=-1 conn_count=8 target=anchor prefix=ANCHOR-
[AUTOPOS] Scanning for ANCHOR-*
[AUTOPOS] AUTOPOS apply mode: incremental
[AUTOPOS] AUTOPOS apply incremental: prev_master=A new_master=B
[AUTOPOS] Master discovery mode: CONN & START
[AUTOPOS] AUTOPOS wait anchor ready: uuid=F3BB7A04104F9CB8561DDDACB9E53714 reuse existing ready control link (discovery remains active)
[AUTOPOS] AUTOPOS state: STATE fw=us-hc-exp4-tail900-start5 bs=BS1FFC uuid=F3BB7A04104F9CB8561DDDACB9E53714 label=A role=matrix cfg_valid=1 busy=1 pending_valid=1 schema=2 gen=1 reboot_required=0
[AUTOPOS] AUTOPOS state: STATE fw=us-hc-exp4-tail900-start5 bs=BS1FFC uuid=F3BB7A04104F9CB8561DDDACB9E53714 label=A role=matrix cfg_valid=1 busy=1 pending_valid=1 schema=2 gen=1 reboot_required=0
[AUTOPOS] AUTOPOS anchor A already active role=matrix cfg_valid=1; keeping current config
[AUTOPOS] AUTOPOS anchor A role verified
[AUTOPOS] Master discovery mode: CONN & START
[AUTOPOS] AUTOPOS wait anchor ready: uuid=B9179575C776C98F1CB132DD6EDC6223 reuse existing ready control link (discovery remains active)
[AUTOPOS] AUTOPOS state: STATE fw=us-hc-exp4-tail900-start5 bs=BS592A uuid=B9179575C776C98F1CB132DD6EDC6223 label=B role=matrix cfg_valid=1 busy=1 pending_valid=1 schema=2 gen=3 reboot_required=0
[AUTOPOS] AUTOPOS state: STATE fw=us-hc-exp4-tail900-start5 bs=BS592A uuid=B9179575C776C98F1CB132DD6EDC6223 label=B role=matrix cfg_valid=1 busy=1 pending_valid=1 schema=2 gen=3 reboot_required=0
[AUTOPOS] BLE cmd skip[0]: target mismatch kind=anchor target_name=- target_uuid=B9179575C776C98F1CB132DD6EDC6223 peer_name=- peer_bs=- peer_uuid=F3BB7A04104F9CB8561DDDACB9E53714 link=anchor-ctrl ready=1
[AUTOPOS] BLE cmd skip[1]: target mismatch kind=anchor target_name=- target_uuid=B9179575C776C98F1CB132DD6EDC6223 peer_name=- peer_bs=- peer_uuid=B1E487C2B1FD740D1442206A1857DFA1 link=anchor-ctrl ready=1
[AUTOPOS] BLE cmd skip[2]: target mismatch kind=anchor target_name=- target_uuid=B9179575C776C98F1CB132DD6EDC6223 peer_name=- peer_bs=- peer_uuid=B3087BC3D87CCCD316AEDC6B71D6677F link=anchor-ctrl ready=1
[AUTOPOS] BLE cmd skip[3]: target mismatch kind=anchor target_name=- target_uuid=B9179575C776C98F1CB132DD6EDC6223 peer_name=- peer_bs=- peer_uuid=840C68591E90019821AACFF1B73AAA34 link=anchor-ctrl ready=1
[AUTOPOS] BLE cmd skip[4]: target mismatch kind=anchor target_name=- target_uuid=B9179575C776C98F1CB132DD6EDC6223 peer_name=- peer_bs=- peer_uuid=A892AF05DD59CF0D0D3408AD74F364A1 link=anchor-ctrl ready=1
[AUTOPOS] Anchor ctrl sent[5]: RUNTIME MASTER SWEEP 1010 uuid=B9179575C776C98F1CB132DD6EDC6223
[AUTOPOS] BLE cmd skip[6]: target mismatch kind=anchor target_name=- target_uuid=B9179575C776C98F1CB132DD6EDC6223 peer_name=- peer_bs=- peer_uuid=CEE5A7EFCB35F8A56B430047629F5309 link=anchor-ctrl ready=1
[AUTOPOS] BLE cmd skip[7]: target mismatch kind=anchor target_name=- target_uuid=B9179575C776C98F1CB132DD6EDC6223 peer_name=- peer_bs=- peer_uuid=B2B5FA625534A8C617135DCAFC9E036A link=anchor-ctrl ready=1
[AUTOPOS] ANCHOR_CTRL[5] notify: OK RUNTIME_SWITCH_REQUESTED SWEEP=1010
[AUTOPOS] AUTOPOS result: OK RUNTIME_SWITCH_REQUESTED SWEEP=1010
[AUTOPOS] SW-B warmup discard 1/10 minq=100
[AUTOPOS] AUTOPOS state: STATE fw=us-hc-exp4-tail900-start5 bs=BS592A uuid=B9179575C776C98F1CB132DD6EDC6223 label=B role=master cfg_valid=1 busy=1 pending_valid=1 schema=2 gen=3 reboot_required=0
[AUTOPOS] AUTOPOS anchor B role verified
[AUTOPOS] AUTOPOS apply success: master=B
[AUTOPOS] AUTOPOS finite sweep handoff: master=B sets=1010; host waits for SWEEP_DONE
[AUTOPOS] SW-B warmup discard 2/10 minq=100
[AUTOPOS] SW-B warmup discard 3/10 minq=66
[AUTOPOS] SW-B warmup discard 4/10 minq=75
[AUTOPOS] SW-B warmup discard 5/10 minq=80
[AUTOPOS] SW-B warmup discard 6/10 minq=83
[AUTOPOS] SW-B warmup discard 7/10 minq=85
[AUTOPOS] SW-B warmup discard 8/10 minq=87
[AUTOPOS] SW-B warmup discard 9/10 minq=88
[AUTOPOS] SW-B warmup discard 10/10 minq=90
[AUTOPOS] SW-B,A,1756,100,C,2507,90,D,3130,90,E,2256,100,F,1699,100,G,2718,90,H,3410,100
[AUTOPOS] SW-B,A,1787,100,C,2457,91,D,3157,91,E,2225,100,F,1646,100,G,2781,91,H,3426,100
[AUTOPOS] SW-B,A,1756,100,C,2471,92,D,3080,92,E,2227,100,F,1671,100,G,2745,92,H,3467,100
[AUTOPOS] SW-B,A,1760,100,C,2407,92,D,3043,92,E,2223,100,F,1661,100,G,2749,92,H,3428,100
[AUTOPOS] SW-B,A,1763,100,C,2431,93,D,3113,93,E,2189,100,F,1657,100,G,2792,93,H,3345,100
[AUTOPOS] SW-B,A,1766,100,C,2380,93,D,3116,93,E,2178,100,F,1657,100,G,2809,93,H,3405,100
[AUTOPOS] SW-B,A,1748,100,C,2380,93,D,3131,94,E,2160,100,F,1657,100,G,2801,94,H,3407,100
[AUTOPOS] SW-B,A,1788,100,C,2417,88,D,3144,94,E,2200,100,F,1677,88,G,2796,94,H,3286,100
[AUTOPOS] SW-B,A,1712,100,C,2481,89,D,3097,94,E,2257,100,F,1634,89,G,2723,94,H,3318,100
[AUTOPOS] SW-B,A,1708,100,C,2413,90,D,3090,95,E,2145,100,F,1668,90,G,2743,95,H,3353,100
[AUTOPOS] SW-B,A,1752,100,C,2424,90,D,3120,95,E,2252,100,F,1662,90,G,2750,95,H,3348,100
[AUTOPOS] SW-B,A,1737,100,C,2460,90,D,3120,95,E,2231,100,F,1680,90,G,2779,95,H,3484,100
[AUTOPOS] SW-B,A,1673,100,C,2448,91,D,3094,91,E,2231,100,F,1659,91,G,2732,95,H,3405,100
[AUTOPOS] SW-B,A,1752,100,C,2448,91,D,3097,91,E,2214,100,F,1659,91,G,2753,95,H,3339,100
[AUTOPOS] SW-B,A,1757,100,C,2462,88,D,3050,92,E,2231,100,F,1652,88,G,2760,96,H,3367,100
[AUTOPOS] SW-B,A,1722,100,C,2421,88,D,3056,92,E,2183,100,F,1652,88,G,2729,96,H,3303,100
[AUTOPOS] SW-B,A,1748,100,C,2450,88,D,3110,92,E,2209,100,F,1663,85,G,2724,96,H,3403,100
[AUTOPOS] SW-B,A,1748,100,C,2490,89,D,3110,92,E,2198,100,F,1684,85,G,2778,96,H,3366,100
[AUTOPOS] SW-B,A,1742,96,C,2455,89,D,3126,93,E,2233,100,F,1667,86,G,2723,96,H,3362,100
[AUTOPOS] SW-B,A,1741,96,C,2421,90,D,3114,93,E,2234,100,F,1715,86,G,2740,96,H,3337,100
[AUTOPOS] SW-B,A,1755,96,C,2421,90,D,3129,93,E,2202,100,F,1664,87,G,2724,96,H,3476,100
[AUTOPOS] SW-B,A,1726,96,C,2415,87,D,3134,93,E,2257,100,F,1673,87,G,2705,96,H,3285,100
[AUTOPOS] SW-B,A,1754,100,C,2486,88,D,3089,94,E,2249,100,F,1618,88,G,2702,100,H,3418,100
[AUTOPOS] SW-B,A,1763,100,C,2435,88,D,3118,94,E,2296,100,F,1630,88,G,2736,100,H,3430,100
[AUTOPOS] SW-B,A,1754,100,C,2435,89,D,3089,94,E,2333,100,F,1633,89,G,2807,100,H,3315,100
[AUTOPOS] SW-B,A,1710,100,C,2456,90,D,3137,95,E,2324,100,F,1637,90,G,2784,100,H,3375,100
[AUTOPOS] SW-B,A,1732,100,C,2408,90,D,3112,95,E,2384,100,F,1652,90,G,2724,100,H,3386,100
[AUTOPOS] SW-B,A,1709,100,C,2408,90,D,3114,95,E,2373,100,F,1654,90,G,2724,100,H,3266,100
[AUTOPOS] SW-B,A,1679,100,C,2448,91,D,3099,95,E,2566,100,F,1657,91,G,2780,95,H,3179,100
[AUTOPOS] SW-B,A,1702,100,C,2414,91,D,3123,95,E,2500,100,F,1645,91,G,2720,92,H,3234,100
[AUTOPOS] SW-B,A,1706,100,C,2438,92,D,3113,96,E,2380,100,F,1628,92,G,2734,92,H,3238,100
[AUTOPOS] SW-B,A,1654,100,C,2453,92,D,3093,96,E,2431,100,F,1660,92,G,2803,92,H,3279,100
[AUTOPOS] SW-B,A,1708,100,C,2400,92,D,3108,96,E,2512,100,F,1640,92,G,2791,92,H,3293,100
[AUTOPOS] SW-B,A,1709,100,C,2409,92,D,3098,96,E,2924,100,F,1683,92,G,2754,93,H,3319,100
[AUTOPOS] SW-B,A,1652,100,C,2390,93,D,3092,96,E,2335,100,F,1620,93,G,2825,93,H,3345,100
[AUTOPOS] SW-B,A,1643,100,C,2474,93,D,3118,96,E,2362,100,F,1662,93,G,2760,93,H,3266,100
[AUTOPOS] SW-B,A,1728,100,C,2407,93,D,3093,96,E,2350,100,F,1671,93,G,2757,93,H,3352,100
[AUTOPOS] SW-B,A,1634,100,C,2462,93,D,3111,96,E,2343,100,F,1671,93,G,2733,94,H,3335,100
[AUTOPOS] SW-B,A,1562,100,C,2472,94,D,3114,100,E,2394,100,F,1647,94,G,2735,94,H,3336,100
[AUTOPOS] SW-B,A,1718,100,C,2435,94,D,3114,100,E,2324,100,F,1656,94,G,2725,94,H,3284,100
[AUTOPOS] SW-B,A,1682,100,C,2401,94,D,3143,94,E,2330,100,F,1646,94,G,2831,95,H,3381,100
[AUTOPOS] SW-B,A,1783,100,C,2435,95,D,3109,95,E,2359,100,F,1654,95,G,2724,95,H,3416,100
[AUTOPOS] SW-B,A,1733,100,C,2523,95,D,3127,95,E,2343,100,F,1680,95,G,2765,95,H,3283,100
[AUTOPOS] SW-B,A,1763,100,C,2432,95,D,3085,95,E,2401,100,F,1655,95,G,2719,95,H,3395,100
[AUTOPOS] SW-B,A,1688,100,C,2456,95,D,3097,95,E,2335,100,F,1692,95,G,2718,95,H,3273,100
[AUTOPOS] SW-B,A,1643,100,C,2422,95,D,3097,95,E,2299,100,F,1685,95,G,2723,96,H,3424,100
[AUTOPOS] SW-B,A,1695,100,C,2408,96,D,3120,92,E,2295,100,F,1653,96,G,2748,96,H,3278,100
[AUTOPOS] SW-B,A,1710,100,C,2469,96,D,3134,92,E,2408,100,F,1638,96,G,2775,96,H,3309,100
[AUTOPOS] SW-B,A,1739,100,C,2436,96,D,3111,92,E,2324,100,F,1641,96,G,2802,96,H,3439,100
[AUTOPOS] SW-B,A,1767,100,C,2448,96,D,3137,92,E,2376,100,F,1698,96,G,2765,96,H,3335,100
[AUTOPOS] SW-B,A,1703,100,C,2433,96,D,3113,93,E,2347,100,F,1633,96,G,2734,96,H,3371,100
[AUTOPOS] SW-B,A,1644,100,C,2433,96,D,3092,93,E,2410,100,F,1731,96,G,2803,96,H,3323,100
[AUTOPOS] SW-B,A,1712,100,C,2385,93,D,3136,93,E,2434,100,F,1671,96,G,2772,96,H,3317,100
[AUTOPOS] SW-B,A,1793,100,C,2415,93,D,3119,93,E,2467,100,F,1649,96,G,2746,100,H,3243,100
[AUTOPOS] SW-B,A,1710,100,C,2430,94,D,3120,94,E,2402,100,F,1649,100,G,2721,100,H,3217,100
[AUTOPOS] SW-B,A,1716,100,C,2450,94,D,3110,94,E,2380,100,F,1660,100,G,2827,100,H,3312,100
[AUTOPOS] SW-B,A,1746,100,C,2435,94,D,3132,94,E,2418,100,F,1679,100,G,2745,100,H,3277,100
[AUTOPOS] SW-B,A,1712,100,C,2444,95,D,3085,95,E,2435,100,F,1665,100,G,2760,100,H,3403,100
[AUTOPOS] SW-B,A,1708,100,C,2415,95,D,3094,95,E,2403,100,F,1626,100,G,2827,100,H,3444,100
[AUTOPOS] SW-B,A,1709,100,C,2437,95,D,3097,95,E,2411,100,F,1645,100,G,2850,100,H,3424,100
[AUTOPOS] SW-B,A,1760,100,C,2429,95,D,3095,95,E,2365,100,F,1657,100,G,2750,100,H,3398,100
[AUTOPOS] SW-B,A,1774,100,C,2406,95,D,3116,95,E,2362,100,F,1673,100,G,2801,100,H,3350,100
[AUTOPOS] SW-B,A,1716,100,C,2382,96,D,3124,96,E,2375,100,F,1643,100,G,2801,100,H,3381,100
[AUTOPOS] SW-B,A,1702,100,C,2407,96,D,3111,96,E,2437,100,F,1673,100,G,2820,100,H,3378,100
[AUTOPOS] SW-B,A,1743,100,C,2401,96,D,3093,96,E,2423,100,F,1671,100,G,2741,100,H,3343,100
[AUTOPOS] SW-B,A,1763,100,C,2466,96,D,3085,96,E,2374,100,F,1646,100,G,2789,100,H,3326,100
[AUTOPOS] SW-B,A,1763,100,C,2411,96,D,3064,96,E,2407,100,F,1672,100,G,2753,100,H,3453,100
[AUTOPOS] SW-B,A,1721,96,C,2403,96,D,3119,96,E,2341,100,F,1637,100,G,2826,100,H,3453,100
[AUTOPOS] SW-B,A,1767,96,C,2412,96,D,3134,96,E,2361,100,F,1682,100,G,2741,100,H,3414,96
[AUTOPOS] SW-B,A,1732,96,C,2439,96,D,3110,96,E,2428,100,F,1665,100,G,2727,100,H,3343,96
[AUTOPOS] SW-B,A,1722,100,C,2405,100,D,3126,100,E,2380,100,F,1635,100,G,2753,100,H,3445,100
[AUTOPOS] SW-B,A,1780,100,C,2433,100,D,3139,100,E,2368,100,F,1658,100,G,2753,100,H,3333,100
[AUTOPOS] SW-B,A,1784,100,C,2445,100,D,3097,100,E,2387,100,F,1716,100,G,2831,100,H,3344,100
[AUTOPOS] SW-B,A,1747,100,C,2430,100,D,3087,100,E,2387,100,F,1632,100,G,2740,100,H,3416,100
[AUTOPOS] SW-B,A,1702,100,C,2440,100,D,3096,100,E,2404,95,F,1669,100,G,2723,100,H,3328,100
[AUTOPOS] SW-B,A,1756,100,C,2387,100,D,3101,100,E,2432,95,F,1631,100,G,2766,100,H,3304,100
[AUTOPOS] SW-B,A,1684,100,C,2435,100,D,3097,100,E,2453,95,F,1658,100,G,2792,100,H,3327,100
[AUTOPOS] SW-B,A,1718,100,C,2400,100,D,3126,100,E,2402,95,F,1670,100,G,2784,100,H,3329,100
[AUTOPOS] SW-B,A,1683,100,C,2434,100,D,3123,100,E,2405,96,F,1658,100,G,2811,100,H,3270,100
[AUTOPOS] SW-B,A,1773,100,C,2385,100,D,3093,100,E,2380,96,F,1662,100,G,2773,100,H,3357,100
[AUTOPOS] SW-B,A,1724,100,C,2449,100,D,3122,100,E,2380,96,F,1685,100,G,2797,100,H,3314,100
[AUTOPOS] SW-B,A,1733,100,C,2401,100,D,3093,100,E,2377,92,F,1705,100,G,2801,100,H,3321,100
[AUTOPOS] SW-B,A,1747,100,C,2369,100,D,3137,100,E,2370,93,F,1713,100,G,2748,100,H,3321,100
[AUTOPOS] SW-B,A,1774,100,C,2398,100,D,3106,100,E,2347,93,F,1657,100,G,2762,100,H,3274,96
[AUTOPOS] SW-B,A,1729,100,C,2420,100,D,3103,100,E,2445,93,F,1665,100,G,2765,100,H,3310,96
[AUTOPOS] SW-B,A,1717,100,C,2440,100,D,3069,100,E,2462,93,F,1640,100,G,2717,100,H,3296,96
[AUTOPOS] SW-B,A,1692,100,C,2447,100,D,3108,100,E,2441,94,F,1678,100,G,2731,100,H,3291,100
[AUTOPOS] SW-B,A,1732,100,C,2407,100,D,3088,100,E,2430,94,F,1678,100,G,2810,100,H,3404,100
[AUTOPOS] SW-B,A,1722,100,C,2407,100,D,3101,100,E,2407,94,F,1678,100,G,2808,100,H,3316,100
[AUTOPOS] SW-B,A,1669,100,C,2362,95,D,3122,100,E,2457,95,F,1636,90,G,2746,100,H,3342,100
[AUTOPOS] SW-B,A,1718,100,C,2418,95,D,3097,100,E,2417,95,F,1682,90,G,2741,100,H,3317,100
[AUTOPOS] SW-B,A,1719,100,C,2438,95,D,3150,100,E,2389,95,F,1631,90,G,2787,100,H,3307,100
[AUTOPOS] SW-B,A,1718,100,C,2417,95,D,3098,100,E,2421,95,F,1657,91,G,2743,100,H,3276,100
[AUTOPOS] SW-B,A,1786,100,C,2413,95,D,3098,100,E,2416,95,F,1659,91,G,2735,100,H,3287,100
[AUTOPOS] SW-B,A,1726,100,C,2451,96,D,3125,96,E,2396,96,F,1646,92,G,2736,100,H,3328,100
[AUTOPOS] SW-B,A,1720,100,C,2418,96,D,3122,96,E,2409,96,F,1637,92,G,2761,100,H,3361,100
[AUTOPOS] SW-B,A,1777,100,C,2444,96,D,3153,96,E,2424,96,F,1636,92,G,2739,100,H,3361,100
[AUTOPOS] SW-B,A,1692,100,C,2468,96,D,3106,96,E,2441,96,F,1673,92,G,2750,100,H,3319,96
[AUTOPOS] SW-B,A,1743,100,C,2423,96,D,3133,96,E,2438,96,F,1628,93,G,2763,100,H,3319,96
[AUTOPOS] SW-B,A,1730,100,C,2413,96,D,3122,96,E,2443,96,F,1641,93,G,2751,100,H,3322,93
[AUTOPOS] SW-B,A,1712,100,C,2461,96,D,3122,96,E,2437,96,F,1676,93,G,2712,100,H,3126,93
[AUTOPOS] SW-B,A,1746,100,C,2383,96,D,3125,93,E,2462,96,F,1618,93,G,2729,100,H,3231,93
[AUTOPOS] SW-B,A,1716,100,C,2442,100,D,3097,94,E,2442,100,F,1618,93,G,2729,100,H,3326,94
[AUTOPOS] SW-B,A,1719,100,C,2399,100,D,3097,94,E,2449,100,F,1691,88,G,2767,94,H,3268,94
[AUTOPOS] SW-B,A,1718,100,C,2424,100,D,3137,89,E,2469,100,F,1676,89,G,2782,95,H,3272,94
[AUTOPOS] SW-B,A,1747,100,C,2406,100,D,3107,90,E,2454,100,F,1679,90,G,2778,95,H,3385,95
[AUTOPOS] SW-B,A,1747,100,C,2385,100,D,3135,90,E,2433,100,F,1599,90,G,2762,95,H,3405,95
[AUTOPOS] SW-B,A,1722,100,C,2379,100,D,3100,90,E,2389,100,F,1675,90,G,2704,95,H,3416,95
[AUTOPOS] SW-B,A,1713,100,C,2450,100,D,3108,91,E,2416,100,F,1676,91,G,2728,95,H,3379,95
[AUTOPOS] SW-B,A,1772,100,C,2436,100,D,3147,91,E,2401,100,F,1677,91,G,2728,95,H,3343,95
[AUTOPOS] SW-B,A,1746,100,C,2426,100,D,3147,91,E,2483,100,F,1661,92,G,2774,92,H,3317,96
[AUTOPOS] SW-B,A,1771,100,C,2441,100,D,3097,88,E,2477,100,F,1656,92,G,2775,92,H,3375,96
[AUTOPOS] SW-B,A,1768,100,C,2395,100,D,3131,88,E,2387,100,F,1666,92,G,2716,92,H,3347,96
[AUTOPOS] SW-B,A,1684,100,C,2418,100,D,3093,89,E,2366,100,F,1657,92,G,2749,93,H,3314,96
[AUTOPOS] SW-B,A,1710,100,C,2439,100,D,3095,89,E,2437,100,F,1707,93,G,2728,93,H,3349,96
[AUTOPOS] SW-B,A,1770,100,C,2469,100,D,3095,89,E,2373,100,F,1687,93,G,2772,93,H,3370,96
[AUTOPOS] SW-B,A,1716,100,C,2428,100,D,3118,87,E,2438,100,F,1672,93,G,2726,93,H,3343,96
[AUTOPOS] SW-B,A,1778,100,C,2441,100,D,3157,87,E,2365,100,F,1667,93,G,2736,94,H,3343,96
[AUTOPOS] SW-B,A,1705,100,C,2442,100,D,3109,88,E,2365,100,F,1652,94,G,2798,94,H,3369,94
[AUTOPOS] SW-B,A,1748,100,C,2422,100,D,3151,88,E,2367,94,F,1650,94,G,2778,94,H,3343,94
[AUTOPOS] SW-B,A,1761,100,C,2410,100,D,3137,89,E,2443,94,F,1662,94,G,2809,95,H,3260,94
[AUTOPOS] SW-B,A,1781,100,C,2411,100,D,3082,90,E,2448,95,F,1644,95,G,2764,95,H,3206,95
[AUTOPOS] SW-B,A,1749,100,C,2415,100,D,3084,90,E,2465,95,F,1631,95,G,2782,95,H,3241,95
[AUTOPOS] SW-B,A,1701,100,C,2462,100,D,3120,90,E,2465,95,F,1631,95,G,2763,95,H,3331,95
[AUTOPOS] SW-B,A,1806,100,C,2462,100,D,3094,91,E,2459,91,F,1631,95,G,2763,95,H,3301,95
[AUTOPOS] SW-B,A,1744,100,C,2429,95,D,3132,91,E,2459,91,F,1622,87,G,2753,92,H,3286,95
[AUTOPOS] SW-B,A,1744,100,C,2449,96,D,3068,92,E,2471,92,F,1705,88,G,2723,92,H,3306,96
[AUTOPOS] SW-B,A,1719,100,C,2407,96,D,3084,92,E,2420,92,F,1671,88,G,2802,92,H,3315,96
[AUTOPOS] SW-B,A,1719,100,C,2432,96,D,3123,92,E,2443,92,F,1657,88,G,2804,92,H,3332,96
[AUTOPOS] SW-B,A,1758,96,C,2403,96,D,3084,92,E,2432,92,F,1644,89,G,2772,93,H,3301,96
[AUTOPOS] SW-B,A,1699,96,C,2423,96,D,3153,93,E,2480,93,F,1643,89,G,2762,93,H,3341,96
[AUTOPOS] SW-B,A,1744,96,C,2409,96,D,3114,93,E,2429,93,F,1643,89,G,2762,93,H,3324,96
[AUTOPOS] SW-B,A,1730,96,C,2427,96,D,3114,93,E,2426,93,F,1689,87,G,2801,90,H,3282,96
[AUTOPOS] SW-B,A,1776,96,C,2424,96,D,3108,90,E,2397,93,F,1620,87,G,2802,94,H,3362,96
[AUTOPOS] SW-B,A,1734,100,C,2437,100,D,3127,94,E,2381,94,F,1623,88,G,2743,94,H,3410,100
[AUTOPOS] SW-B,A,1710,100,C,2417,100,D,3096,94,E,2397,94,F,1642,88,G,2741,94,H,3337,100
[AUTOPOS] SW-B,A,1712,100,C,2413,100,D,3080,94,E,2379,94,F,1670,89,G,2786,95,H,3304,100
[AUTOPOS] SW-B,A,1784,100,C,2437,100,D,3130,95,E,2426,95,F,1678,90,G,2748,95,H,3331,100
[AUTOPOS] SW-B,A,1736,100,C,2432,100,D,3118,95,E,2390,95,F,1639,90,G,2729,95,H,3330,100
[AUTOPOS] SW-B,A,1745,100,C,2460,100,D,3100,95,E,2417,95,F,1681,90,G,2740,95,H,3310,100
[AUTOPOS] SW-B,A,1721,100,C,2426,100,D,3127,95,E,2434,95,F,1688,91,G,2785,95,H,3291,100
[AUTOPOS] SW-B,A,1747,100,C,2459,100,D,3126,95,E,2456,95,F,1689,91,G,2743,96,H,3329,100
[AUTOPOS] SW-B,A,1790,100,C,2415,100,D,3134,96,E,2448,96,F,1670,92,G,2758,96,H,3328,100
[AUTOPOS] SW-B,A,1773,96,C,2438,100,D,3115,96,E,2449,96,F,1625,92,G,2788,96,H,3231,100
[AUTOPOS] SW-B,A,1726,96,C,2412,100,D,3115,96,E,2432,96,F,1652,92,G,2765,96,H,3348,100
[AUTOPOS] SW-B,A,1734,96,C,2419,100,D,3094,92,E,2485,96,F,1667,92,G,2740,96,H,3242,100
[AUTOPOS] SW-B,A,1791,96,C,2425,100,D,3106,93,E,2445,96,F,1667,92,G,2740,96,H,3176,100
[AUTOPOS] SW-B,A,1762,96,C,2425,100,D,3106,93,E,2419,96,F,1665,90,G,2714,93,H,3279,100
[AUTOPOS] SW-B,A,1743,96,C,2384,100,D,3111,90,E,2430,96,F,1672,90,G,2712,93,H,3265,100
[AUTOPOS] SW-B,A,1793,100,C,2411,100,D,3144,90,E,2443,96,F,1621,90,G,2819,94,H,3293,100
[AUTOPOS] SW-B,A,1729,100,C,2417,100,D,3136,94,E,2432,100,F,1679,94,G,2731,94,H,3294,100
[AUTOPOS] SW-B,A,1729,100,C,2400,100,D,3171,94,E,2448,100,F,1695,94,G,2754,94,H,3341,100
[AUTOPOS] SW-B,A,1767,95,C,2417,100,D,3113,94,E,2422,100,F,1645,94,G,2763,95,H,3370,100
[AUTOPOS] SW-B,A,1767,95,C,2424,100,D,3075,95,E,2427,100,F,1665,95,G,2761,95,H,3356,100
[AUTOPOS] SW-B,A,1689,90,C,2404,100,D,3089,95,E,2410,100,F,1647,95,G,2779,95,H,3393,100
[AUTOPOS] SW-B,A,1769,91,C,2437,100,D,3146,95,E,2410,100,F,1655,95,G,2742,95,H,3393,100
[AUTOPOS] SW-B,A,1739,91,C,2390,100,D,3125,95,E,2398,95,F,1668,95,G,2774,95,H,3324,95
[AUTOPOS] SW-B,A,1738,92,C,2414,100,D,3154,95,E,2363,95,F,1691,95,G,2770,96,H,3390,95
[AUTOPOS] SW-B,A,1744,92,C,2448,100,D,3138,96,E,2356,96,F,1641,96,G,2811,96,H,3288,96
[AUTOPOS] SW-B,A,1767,92,C,2407,100,D,3112,96,E,2366,96,F,1631,96,G,2755,96,H,3308,96
[AUTOPOS] SW-B,A,1718,92,C,2401,100,D,3110,96,E,2366,96,F,1700,96,G,2724,96,H,3300,96
[AUTOPOS] SW-B,A,1772,93,C,2468,100,D,3096,96,E,2389,92,F,1655,96,G,2791,96,H,3300,96
[AUTOPOS] SW-B,A,1797,93,C,2455,100,D,3104,96,E,2389,92,F,1621,96,G,2756,96,H,3300,96
[AUTOPOS] SW-B,A,1760,93,C,2424,100,D,3100,96,E,2363,90,F,1697,96,G,2758,96,H,3317,90
[AUTOPOS] SW-B,A,1742,93,C,2473,100,D,3116,96,E,2374,90,F,1654,96,G,2711,96,H,3308,90
[AUTOPOS] SW-B,A,1765,94,C,2441,100,D,3120,96,E,2404,90,F,1685,96,G,2785,100,H,3294,90
[AUTOPOS] SW-B,A,1782,94,C,2426,100,D,3179,100,E,2395,94,F,1662,100,G,2745,100,H,3305,94
[AUTOPOS] SW-B,A,1746,94,C,2388,100,D,3125,100,E,2360,94,F,1644,100,G,2771,100,H,3328,94
[AUTOPOS] SW-B,A,1754,95,C,2430,100,D,3133,100,E,2377,94,F,1703,100,G,2758,100,H,3336,94
[AUTOPOS] SW-B,A,1785,95,C,2411,100,D,3149,100,E,2370,95,F,1662,100,G,2724,100,H,3291,95
[AUTOPOS] SW-B,A,1779,95,C,2439,100,D,3127,100,E,2382,95,F,1636,100,G,2746,100,H,3236,95
[AUTOPOS] SW-B,A,1738,95,C,2448,100,D,3117,100,E,2375,95,F,1675,100,G,2767,100,H,3236,95
[AUTOPOS] SW-B,A,1777,95,C,2427,100,D,3101,100,E,2372,95,F,1664,100,G,2716,100,H,3240,91
[AUTOPOS] SW-B,A,1738,96,C,2483,100,D,3136,100,E,2393,95,F,1663,100,G,2797,100,H,3268,91
[AUTOPOS] SW-B,A,1768,96,C,2377,100,D,3113,100,E,2397,96,F,1649,100,G,2752,100,H,3258,92
[AUTOPOS] SW-B,A,1805,96,C,2449,100,D,3137,100,E,2385,96,F,1682,100,G,2816,100,H,3249,92
[AUTOPOS] SW-B,A,1760,96,C,2366,100,D,3125,100,E,2319,96,F,1677,100,G,2760,100,H,3246,92
[AUTOPOS] SW-B,A,1752,96,C,2438,100,D,3120,100,E,2371,96,F,1706,100,G,2743,100,H,3346,92
[AUTOPOS] SW-B,A,1749,96,C,2426,100,D,3119,100,E,2378,96,F,1651,100,G,2731,100,H,3367,93
[AUTOPOS] SW-B,A,1740,96,C,2423,100,D,3158,100,E,2345,96,F,1649,100,G,2732,100,H,3331,93
[AUTOPOS] SW-B,A,1726,96,C,2420,100,D,3155,100,E,2345,96,F,1642,100,G,2735,100,H,3319,93
[AUTOPOS] SW-B,A,1746,100,C,2391,100,D,3110,100,E,2387,96,F,1647,100,G,2753,100,H,3281,93
[AUTOPOS] SW-B,A,1769,100,C,2404,100,D,3081,100,E,2376,100,F,1647,100,G,2793,100,H,3411,94
[AUTOPOS] SW-B,A,1740,100,C,2392,100,D,3098,100,E,2398,100,F,1647,94,G,2769,100,H,3260,94
[AUTOPOS] SW-B,A,1739,100,C,2413,100,D,3097,100,E,2389,100,F,1709,94,G,2723,100,H,3320,94
[AUTOPOS] SW-B,A,1740,100,C,2425,100,D,3113,100,E,2396,100,F,1668,95,G,2721,100,H,3270,95
[AUTOPOS] SW-B,A,1760,100,C,2405,100,D,3107,100,E,2397,100,F,1681,95,G,2780,100,H,3268,95
[AUTOPOS] SW-B,A,1752,100,C,2416,100,D,3086,95,E,2387,100,F,1673,95,G,2746,100,H,3325,95
[AUTOPOS] SW-B,A,1706,100,C,2387,100,D,3081,95,E,2356,100,F,1635,95,G,2735,100,H,3307,95
[AUTOPOS] SW-B,A,1777,100,C,2470,100,D,3105,96,E,2356,100,F,1635,95,G,2743,100,H,3293,95
[AUTOPOS] SW-B,A,1761,100,C,2470,100,D,3077,96,E,2383,96,F,1635,95,G,2743,100,H,3297,96
[AUTOPOS] SW-B,A,1768,100,C,2452,96,D,3064,96,E,2403,96,F,1676,88,G,2749,96,H,3327,96
[AUTOPOS] SW-B,A,1732,100,C,2426,96,D,3113,96,E,2357,96,F,1656,88,G,2815,96,H,3325,96
[AUTOPOS] SW-B,A,1719,100,C,2431,96,D,3132,96,E,2382,96,F,1677,89,G,2765,96,H,3253,96
[AUTOPOS] SW-B,A,1761,100,C,2390,96,D,3100,96,E,2395,96,F,1628,89,G,2740,96,H,3290,96
[AUTOPOS] SW-B,A,1781,100,C,2363,96,D,3100,96,E,2396,96,F,1672,90,G,2763,96,H,3215,96
[AUTOPOS] SW-B,A,1747,100,C,2385,96,D,3106,93,E,2400,96,F,1669,90,G,2736,96,H,3201,96
[AUTOPOS] SW-B,A,1734,100,C,2419,96,D,3122,94,E,2347,96,F,1636,90,G,2768,100,H,3231,96
[AUTOPOS] SW-B,A,1781,100,C,2382,100,D,3148,94,E,2419,100,F,1685,94,G,2776,100,H,3262,100
[AUTOPOS] SW-B,A,1783,100,C,2413,100,D,3125,94,E,2366,100,F,1681,94,G,2721,100,H,3226,100
[AUTOPOS] SW-B,A,1704,100,C,2401,100,D,3096,95,E,2331,100,F,1646,94,G,2711,100,H,3219,100
[AUTOPOS] SW-B,A,1755,100,C,2462,100,D,3145,95,E,2334,100,F,1725,95,G,2729,100,H,3297,100
[AUTOPOS] SW-B,A,1744,100,C,2440,100,D,3131,95,E,2378,100,F,1624,95,G,2745,100,H,3286,100
[AUTOPOS] SW-B,A,1778,100,C,2476,100,D,3140,95,E,2390,100,F,1615,95,G,2722,100,H,3279,100
[AUTOPOS] SW-B,A,1751,100,C,2397,100,D,3045,95,E,2394,100,F,1615,95,G,2722,100,H,3307,100
[AUTOPOS] SW-B,A,1765,100,C,2391,100,D,3045,95,E,2368,100,F,1654,91,G,2767,96,H,3319,100
[AUTOPOS] SW-B,A,1772,100,C,2389,100,D,3112,92,E,2375,100,F,1637,92,G,2737,96,H,3328,100
[AUTOPOS] SW-B,A,1786,100,C,2454,100,D,3119,92,E,2402,100,F,1619,92,G,2737,96,H,3318,100
[AUTOPOS] SW-B,A,1741,100,C,2425,100,D,3160,92,E,2416,100,F,1660,92,G,2727,92,H,3328,100
[AUTOPOS] SW-B,A,1759,100,C,2392,100,D,3102,93,E,2411,100,F,1667,92,G,2785,93,H,3342,100
[AUTOPOS] SW-B,A,1806,100,C,2412,100,D,3173,93,E,2403,100,F,1654,93,G,2743,93,H,3329,100
[AUTOPOS] SW-B,A,1754,100,C,2404,100,D,3124,93,E,2377,100,F,1680,93,G,2797,93,H,3349,100
[AUTOPOS] SW-B,A,1786,100,C,2449,100,D,3099,93,E,2381,100,F,1673,93,G,2731,93,H,3359,100
[AUTOPOS] SW-B,A,1777,100,C,2416,100,D,3053,94,E,2381,100,F,1685,93,G,2716,94,H,3359,100
[AUTOPOS] SW-B,A,1749,100,C,2402,100,D,3177,94,E,2369,100,F,1656,94,G,2806,94,H,3312,100
[AUTOPOS] SW-B,A,1759,100,C,2388,100,D,3103,94,E,2375,100,F,1693,94,G,2756,94,H,3312,100
[AUTOPOS] SW-B,A,1774,100,C,2416,100,D,3117,95,E,2405,100,F,1629,94,G,2793,95,H,3328,94
[AUTOPOS] SW-B,A,1840,100,C,2384,100,D,3136,95,E,2387,100,F,1659,95,G,2754,95,H,3402,95
[AUTOPOS] SW-B,A,1755,100,C,2448,100,D,3104,95,E,2367,100,F,1700,95,G,2784,95,H,3334,95
[AUTOPOS] SW-B,A,1817,100,C,2443,100,D,3111,95,E,2390,100,F,1700,95,G,2784,95,H,3289,95
[AUTOPOS] SW-B,A,1737,100,C,2411,100,D,3138,95,E,2403,100,F,1710,91,G,2792,91,H,3246,95
[AUTOPOS] SW-B,A,1770,100,C,2417,100,D,3048,96,E,2404,100,F,1639,91,G,2723,92,H,3229,95
[AUTOPOS] SW-B,A,1769,100,C,2398,100,D,3110,96,E,2388,100,F,1670,92,G,2742,92,H,3242,96
[AUTOPOS] SW-B,A,1769,100,C,2410,100,D,3123,96,E,2373,100,F,1671,92,G,2749,92,H,3248,96
[AUTOPOS] SW-B,A,1716,96,C,2394,100,D,3100,96,E,2347,100,F,1638,92,G,2765,92,H,3262,96
[AUTOPOS] SW-B,A,1751,96,C,2420,100,D,3119,96,E,2393,100,F,1656,92,G,2764,93,H,3255,96
[AUTOPOS] SW-B,A,1794,96,C,2435,100,D,3113,96,E,2334,100,F,1707,93,G,2764,93,H,3322,96
[AUTOPOS] SW-B,A,1780,96,C,2487,100,D,3113,96,E,2379,100,F,1679,93,G,2771,90,H,3364,96
[AUTOPOS] SW-B,A,1771,96,C,2467,100,D,3091,93,E,2394,100,F,1635,93,G,2715,90,H,3339,96
[AUTOPOS] SW-B,A,1751,100,C,2463,100,D,3107,94,E,2359,100,F,1693,93,G,2729,94,H,3303,96
[AUTOPOS] SW-B,A,1753,100,C,2460,100,D,3068,94,E,2327,100,F,1663,94,G,2777,94,H,3332,100
[AUTOPOS] SW-B,A,1772,100,C,2397,100,D,3128,94,E,2353,100,F,1662,94,G,2756,94,H,3318,100
[AUTOPOS] SW-B,A,1743,100,C,2429,100,D,3106,95,E,2394,100,F,1669,94,G,2735,95,H,3320,100
[AUTOPOS] SW-B,A,1743,100,C,2462,100,D,3126,95,E,2394,100,F,1669,94,G,2725,95,H,3305,100
[AUTOPOS] SW-B,A,1730,95,C,2462,100,D,3096,95,E,2385,95,F,1659,90,G,2750,95,H,3298,100
[AUTOPOS] SW-B,A,1728,95,C,2420,95,D,3092,95,E,2353,95,F,1675,90,G,2763,95,H,3302,100
[AUTOPOS] SW-B,A,1749,95,C,2466,95,D,3112,95,E,2400,95,F,1654,91,G,2750,95,H,3286,100
[AUTOPOS] SW-B,A,1756,96,C,2399,95,D,3094,96,E,2393,95,F,1703,91,G,2768,96,H,3279,100
[AUTOPOS] SW-B,A,1736,96,C,2410,96,D,3096,96,E,2380,96,F,1685,92,G,2760,96,H,3275,100
[AUTOPOS] SW-B,A,1751,96,C,2410,96,D,3104,96,E,2412,96,F,1664,92,G,2742,96,H,3335,100
[AUTOPOS] SW-B,A,1762,96,C,2405,96,D,3124,96,E,2374,96,F,1664,92,G,2742,96,H,3259,100
[AUTOPOS] SW-B,A,1762,96,C,2405,96,D,3136,96,E,2364,96,F,1664,92,G,2779,96,H,3257,100
[AUTOPOS] SW-B,A,1713,96,C,2405,96,D,3087,96,E,2410,96,F,1664,92,G,2779,96,H,3278,100
[AUTOPOS] SW-B,A,1770,96,C,2460,90,D,3123,93,E,2435,96,F,1664,92,G,2779,96,H,3289,100
[AUTOPOS] SW-B,A,1722,96,C,2397,90,D,3123,93,E,2413,96,F,1680,78,G,2779,96,H,3144,100
[AUTOPOS] SW-B,A,1766,100,C,2392,90,D,3126,88,E,2397,96,F,1654,82,G,2754,88,H,3248,100
[AUTOPOS] SW-B,A,1797,100,C,2393,94,D,3125,89,E,2411,100,F,1672,83,G,2736,88,H,3270,100
[AUTOPOS] SW-B,A,1746,100,C,2420,94,D,3157,90,E,2378,100,F,1682,84,G,2730,89,H,3336,100
[AUTOPOS] SW-B,A,1746,100,C,2420,94,D,3094,90,E,2401,100,F,1688,85,G,2754,90,H,3301,100
[AUTOPOS] SW-B,A,1741,95,C,2451,90,D,3121,90,E,2382,100,F,1661,85,G,2777,90,H,3329,100
[AUTOPOS] SW-B,A,1759,95,C,2442,90,D,3102,91,E,2382,100,F,1673,86,G,2763,90,H,3363,100
[AUTOPOS] SW-B,A,1769,95,C,2410,90,D,3082,91,E,2406,95,F,1667,86,G,2779,91,H,3341,100
[AUTOPOS] SW-B,A,1761,95,C,2372,91,D,3136,92,E,2357,95,F,1654,87,G,2774,91,H,3364,100
[AUTOPOS] SW-B,A,1796,96,C,2456,91,D,3122,92,E,2387,95,F,1684,88,G,2771,92,H,3326,100
[AUTOPOS] SW-B,A,1737,96,C,2459,92,D,3151,92,E,2424,96,F,1664,88,G,2737,92,H,3378,100
[AUTOPOS] SW-B,A,1785,96,C,2429,92,D,3112,92,E,2431,96,F,1683,88,G,2727,92,H,3364,100
[AUTOPOS] SW-B,A,1731,96,C,2404,92,D,3178,93,E,2408,96,F,1652,89,G,2736,92,H,3366,100
[AUTOPOS] SW-B,A,1705,96,C,2418,92,D,3117,93,E,2404,96,F,1652,89,G,2720,93,H,3258,100
[AUTOPOS] SW-B,A,1723,96,C,2418,92,D,3088,93,E,2406,96,F,1652,89,G,2769,93,H,3224,100
[AUTOPOS] SW-B,A,1740,96,C,2438,90,D,3089,93,E,2379,96,F,1619,83,G,2762,93,H,3297,100
[AUTOPOS] SW-B,A,1696,96,C,2466,90,D,3101,94,E,2391,96,F,1607,84,G,2777,93,H,3297,100
[AUTOPOS] SW-B,A,1810,100,C,2467,90,D,3093,94,E,2387,96,F,1611,88,G,2752,94,H,3273,100
[AUTOPOS] SW-B,A,1730,100,C,2457,94,D,3149,94,E,2380,100,F,1641,88,G,2764,94,H,3252,100
[AUTOPOS] SW-B,A,1723,100,C,2367,94,D,3095,95,E,2436,100,F,1653,89,G,2795,94,H,3306,100
[AUTOPOS] SW-B,A,1707,100,C,2388,94,D,3155,95,E,2385,100,F,1693,90,G,2790,95,H,3291,100
[AUTOPOS] SW-B,A,1708,95,C,2384,95,D,3155,95,E,2385,100,F,1676,90,G,2782,95,H,3240,100
[AUTOPOS] SW-B,A,1708,95,C,2398,95,D,3102,91,E,2385,100,F,1676,90,G,2754,95,H,3224,100
[AUTOPOS] SW-B,A,1766,91,C,2398,95,D,3098,91,E,2498,90,F,1676,90,G,2754,95,H,3192,100
[AUTOPOS] SW-B,A,1722,92,C,2446,91,D,3098,91,E,2435,91,F,1706,83,G,2755,91,H,3215,100
[AUTOPOS] SW-B,A,1750,92,C,2395,91,D,3140,88,E,2450,91,F,1648,84,G,2758,92,H,3279,100
[AUTOPOS] SW-B,A,1740,92,C,2431,92,D,3147,88,E,2404,92,F,1723,84,G,2751,92,H,3240,100
[AUTOPOS] SW-B,A,1739,92,C,2402,92,D,3150,89,E,2406,92,F,1645,85,G,2791,92,H,3291,100
[AUTOPOS] SW-B,A,1739,92,C,2402,92,D,3107,89,E,2401,92,F,1636,85,G,2759,92,H,3331,100
[AUTOPOS] SW-B,A,1739,90,C,2409,89,D,3119,90,E,2413,92,F,1660,86,G,2742,93,H,3306,100
[AUTOPOS] SW-B,A,1726,90,C,2422,89,D,3142,90,E,2411,90,F,1667,86,G,2748,93,H,3312,100
[AUTOPOS] SW-B,A,1710,90,C,2396,90,D,3123,90,E,2473,90,F,1718,87,G,2748,93,H,3343,100
[AUTOPOS] SW-B,A,1745,94,C,2429,90,D,3112,94,E,2463,90,F,1683,87,G,2761,90,H,3373,100
[AUTOPOS] SW-B,A,1757,94,C,2382,90,D,3105,94,E,2476,94,F,1620,88,G,2780,94,H,3324,100
[AUTOPOS] SW-B,A,1758,94,C,2413,94,D,3093,94,E,2424,94,F,1646,88,G,2752,94,H,3348,100
[AUTOPOS] SW-B,A,1797,95,C,2446,94,D,3102,95,E,2433,94,F,1643,89,G,2754,94,H,3315,100
[AUTOPOS] SW-B,A,1766,95,C,2429,90,D,3085,95,E,2425,95,F,1669,90,G,2796,95,H,3360,100
[AUTOPOS] SW-B,A,1786,95,C,2381,90,D,3104,95,E,2395,95,F,1672,90,G,2742,95,H,3350,100
[AUTOPOS] SW-B,A,1742,95,C,2374,90,D,3104,95,E,2395,95,F,1654,90,G,2779,95,H,3362,100
[AUTOPOS] SW-B,A,1742,95,C,2452,91,D,3131,91,E,2395,95,F,1654,90,G,2746,95,H,3321,100
[AUTOPOS] SW-B,A,1763,92,C,2452,91,D,3114,92,E,2388,87,F,1650,84,G,2749,95,H,3288,100
[AUTOPOS] SW-B,A,1754,92,C,2432,88,D,3073,92,E,2425,88,F,1696,84,G,2739,96,H,3288,100
[AUTOPOS] SW-B,A,1736,92,C,2459,88,D,3127,92,E,2418,88,F,1649,85,G,2779,96,H,3330,96
[AUTOPOS] SW-B,A,1732,92,C,2398,88,D,3114,92,E,2436,88,F,1653,85,G,2765,96,H,3262,96
[AUTOPOS] SW-B,A,1745,93,C,2398,89,D,3099,93,E,2422,89,F,1615,86,G,2784,96,H,3262,96
[AUTOPOS] SW-B,A,1771,93,C,2413,89,D,3081,93,E,2450,89,F,1686,86,G,2735,96,H,3226,92
[AUTOPOS] SW-B,A,1755,93,C,2449,90,D,3081,93,E,2464,90,F,1707,87,G,2752,96,H,3215,93
[AUTOPOS] SW-B,A,1741,93,C,2403,90,D,3103,90,E,2437,90,F,1654,87,G,2749,96,H,3251,93
[AUTOPOS] SW-B,A,1707,94,C,2411,90,D,3112,94,E,2434,90,F,1628,88,G,2738,96,H,3270,93
[AUTOPOS] SW-B,A,1795,94,C,2377,94,D,3135,94,E,2469,94,F,1621,88,G,2761,100,H,3292,93
[AUTOPOS] SW-B,A,1793,94,C,2394,94,D,3142,94,E,2491,94,F,1643,89,G,2752,100,H,3381,94
[AUTOPOS] SW-B,A,1788,95,C,2354,94,D,3108,95,E,2452,94,F,1669,90,G,2758,100,H,3345,94
[AUTOPOS] SW-B,A,1742,95,C,2402,95,D,3141,95,E,2433,95,F,1662,90,G,2781,100,H,3382,94
[AUTOPOS] SW-B,A,1791,95,C,2402,95,D,3141,95,E,2427,95,F,1663,90,G,2756,100,H,3313,95
[AUTOPOS] SW-B,A,1747,95,C,2385,90,D,3097,91,E,2441,95,F,1647,91,G,2767,100,H,3328,95
[AUTOPOS] SW-B,A,1749,95,C,2401,91,D,3114,91,E,2431,95,F,1649,91,G,2713,100,H,3288,95
[AUTOPOS] SW-B,A,1741,96,C,2415,91,D,3106,92,E,2413,95,F,1651,92,G,2774,100,H,3316,95
[AUTOPOS] SW-B,A,1743,96,C,2378,92,D,3084,92,E,2415,96,F,1678,92,G,2738,100,H,3367,95
[AUTOPOS] SW-B,A,1728,96,C,2404,92,D,3104,92,E,2360,96,F,1692,92,G,2756,100,H,3367,95
[AUTOPOS] SW-B,A,1758,96,C,2421,92,D,3129,92,E,2405,96,F,1660,92,G,2769,100,H,3307,92
[AUTOPOS] SW-B,A,1748,96,C,2418,92,D,3129,92,E,2352,96,F,1697,93,G,2737,100,H,3328,92
[AUTOPOS] SW-B,A,1769,96,C,2399,93,D,3109,90,E,2397,96,F,1657,93,G,2728,100,H,3353,92
[AUTOPOS] SW-B,A,1729,96,C,2398,93,D,3146,90,E,2353,96,F,1657,93,G,2818,100,H,3344,93
[AUTOPOS] SW-B,A,1755,96,C,2395,93,D,3103,90,E,2354,96,F,1661,90,G,2759,100,H,3357,93
[AUTOPOS] SW-B,A,1706,100,C,2390,93,D,3124,94,E,2358,96,F,1640,94,G,2755,100,H,3350,93
[AUTOPOS] SW-B,A,1733,100,C,2400,94,D,3138,94,E,2333,100,F,1663,94,G,2778,100,H,3336,93
[AUTOPOS] SW-B,A,1752,100,C,2437,94,D,3105,94,E,2332,100,F,1629,94,G,2758,100,H,3338,94
[AUTOPOS] SW-B,A,1733,100,C,2410,94,D,3130,95,E,2376,100,F,1660,95,G,2728,100,H,3370,94
[AUTOPOS] SW-B,A,1773,100,C,2451,95,D,3129,95,E,2313,100,F,1646,95,G,2793,100,H,3346,94
[AUTOPOS] SW-B,A,1769,100,C,2424,95,D,3108,95,E,2326,100,F,1646,95,G,2745,100,H,3303,95
[AUTOPOS] SW-B,A,1791,100,C,2381,95,D,3142,95,E,2358,100,F,1631,91,G,2816,100,H,3239,95
[AUTOPOS] SW-B,A,1733,100,C,2390,95,D,3097,95,E,2352,100,F,1634,91,G,2743,100,H,3309,95
[AUTOPOS] SW-B,A,1783,100,C,2432,95,D,3117,96,E,2367,100,F,1646,92,G,2780,100,H,3249,95
[AUTOPOS] SW-B,A,1709,100,C,2387,96,D,3132,96,E,2329,100,F,1631,92,G,2749,100,H,3355,95
[AUTOPOS] SW-B,A,1709,100,C,2387,96,D,3137,96,E,2368,100,F,1665,92,G,2764,100,H,3337,96
[AUTOPOS] SW-B,A,1712,96,C,2434,92,D,3089,96,E,2347,100,F,1615,92,G,2762,100,H,3303,96
[AUTOPOS] SW-B,A,1781,96,C,2408,92,D,3125,96,E,2347,100,F,1615,92,G,2732,100,H,3385,96
[AUTOPOS] SW-B,A,1676,96,C,2408,92,D,3122,96,E,2348,96,F,1615,92,G,2732,100,H,3293,96
[AUTOPOS] SW-B,A,1789,96,C,2406,90,D,3136,96,E,2339,96,F,1644,87,G,2756,96,H,3336,96
[AUTOPOS] SW-B,A,1718,96,C,2450,90,D,3103,96,E,2354,96,F,1641,87,G,2771,96,H,3359,96
[AUTOPOS] SW-B,A,1765,100,C,2398,90,D,3106,100,E,2363,96,F,1698,88,G,2739,96,H,3312,96
[AUTOPOS] SW-B,A,1765,100,C,2394,94,D,3109,100,E,2368,100,F,1652,88,G,2728,100,H,3332,96
[AUTOPOS] SW-B,A,1782,94,C,2389,94,D,3141,100,E,2377,100,F,1624,89,G,2732,100,H,3375,100
[AUTOPOS] SW-B,A,1733,95,C,2399,94,D,3117,100,E,2354,100,F,1638,90,G,2749,100,H,3357,100
[AUTOPOS] SW-B,A,1750,95,C,2403,95,D,3092,100,E,2331,100,F,1621,90,G,2726,100,H,3333,100
[AUTOPOS] SW-B,A,1778,95,C,2412,95,D,3092,100,E,2376,100,F,1660,90,G,2726,100,H,3333,100
[AUTOPOS] SW-B,A,1729,95,C,2392,95,D,3116,95,E,2369,100,F,1669,91,G,2738,95,H,3347,95
[AUTOPOS] SW-B,A,1702,95,C,2406,95,D,3113,95,E,2343,100,F,1626,91,G,2739,95,H,3292,95
[AUTOPOS] SW-B,A,1776,96,C,2477,95,D,3085,96,E,2326,100,F,1687,92,G,2716,95,H,3309,95
[AUTOPOS] SW-B,A,1720,96,C,2370,96,D,3099,96,E,2365,100,F,1700,92,G,2766,96,H,3311,95
[AUTOPOS] SW-B,A,1778,96,C,2421,96,D,3080,96,E,2323,100,F,1645,92,G,2755,96,H,3367,96
[AUTOPOS] SW-B,A,1776,96,C,2373,96,D,3106,96,E,2323,100,F,1704,92,G,2767,96,H,3338,96
[AUTOPOS] SW-B,A,1728,96,C,2406,96,D,3129,96,E,2379,96,F,1614,93,G,2793,96,H,3316,96
[AUTOPOS] SW-B,A,1672,96,C,2427,96,D,3094,96,E,2366,96,F,1648,93,G,2762,96,H,3246,96
[AUTOPOS] SW-B,A,1777,96,C,2385,96,D,3120,96,E,2356,96,F,1654,93,G,2796,96,H,3307,96
[AUTOPOS] SW-B,A,1783,96,C,2394,96,D,3086,96,E,2363,96,F,1677,93,G,2738,96,H,3333,96
[AUTOPOS] SW-B,A,1690,100,C,2408,96,D,3077,100,E,2363,96,F,1656,94,G,2760,96,H,3236,96
[AUTOPOS] SW-B,A,1782,100,C,2416,100,D,3123,100,E,2362,100,F,1678,94,G,2745,100,H,3307,96
[AUTOPOS] SW-B,A,1758,100,C,2375,100,D,3088,100,E,2362,100,F,1665,94,G,2774,100,H,3370,100
[AUTOPOS] SW-B,A,1735,100,C,2394,100,D,3053,100,E,2346,94,F,1639,95,G,2746,100,H,3341,100
[AUTOPOS] SW-B,A,1691,100,C,2434,100,D,3086,100,E,2370,95,F,1678,95,G,2758,100,H,3310,100
[AUTOPOS] SW-B,A,1691,100,C,2426,100,D,3098,100,E,2350,95,F,1682,95,G,2712,100,H,3291,100
[AUTOPOS] SW-B,A,1778,100,C,2376,100,D,3111,100,E,2339,95,F,1646,95,G,2729,100,H,3301,100
[AUTOPOS] SW-B,A,1807,100,C,2370,100,D,3104,100,E,2383,95,F,1693,95,G,2787,100,H,3311,100
[AUTOPOS] SW-B,A,1700,100,C,2397,100,D,3108,100,E,2347,95,F,1657,96,G,2784,100,H,3412,100
[AUTOPOS] SW-B,A,1709,100,C,2410,100,D,3108,100,E,2347,95,F,1687,96,G,2758,100,H,3346,100
[AUTOPOS] SW-B,A,1702,100,C,2418,100,D,3102,96,E,2352,92,F,1635,96,G,2725,100,H,3362,100
[AUTOPOS] SW-B,A,1670,100,C,2418,100,D,3109,96,E,2369,92,F,1635,96,G,2725,100,H,3290,100
[AUTOPOS] SW-B,A,1788,100,C,2419,96,D,3109,96,E,2371,92,F,1641,93,G,2725,100,H,3290,100
[AUTOPOS] SW-B,A,1703,100,C,2386,96,D,3087,93,E,2371,92,F,1631,93,G,2787,93,H,3369,96
[AUTOPOS] SW-B,A,1701,100,C,2373,96,D,3086,93,E,2387,90,F,1633,93,G,2748,93,H,3302,96
[AUTOPOS] SW-B,A,1760,100,C,2392,96,D,3098,93,E,2349,90,F,1628,93,G,2771,93,H,3407,96
[AUTOPOS] SW-B,A,1777,100,C,2363,96,D,3118,94,E,2321,90,F,1688,94,G,2751,93,H,3370,96
[AUTOPOS] SW-B,A,1740,100,C,2431,100,D,3115,94,E,2361,94,F,1684,94,G,2810,94,H,3350,96
[AUTOPOS] SW-B,A,1708,100,C,2414,100,D,3080,94,E,2382,94,F,1684,94,G,2770,94,H,3307,100
[AUTOPOS] SW-B,A,1689,100,C,2401,95,D,3097,95,E,2320,94,F,1649,90,G,2752,94,H,3259,100
[AUTOPOS] SW-B,A,1739,100,C,2412,95,D,3085,95,E,2370,95,F,1681,90,G,2766,95,H,3259,100
[AUTOPOS] SW-B,A,1705,100,C,2370,95,D,3091,95,E,2366,95,F,1687,90,G,2766,95,H,3284,95
[AUTOPOS] SW-B,A,1774,100,C,2401,95,D,3091,95,E,2383,95,F,1654,91,G,2751,95,H,3286,95
[AUTOPOS] SW-B,A,1760,100,C,2404,95,D,3133,95,E,2346,95,F,1712,91,G,2800,95,H,3269,95
[AUTOPOS] SW-B,A,1742,100,C,2413,96,D,3139,96,E,2352,95,F,1685,92,G,2778,95,H,3395,95
[AUTOPOS] SW-B,A,1776,100,C,2380,96,D,3108,96,E,2381,96,F,1670,92,G,2797,96,H,3328,95
[AUTOPOS] SW-B,A,1698,100,C,2415,96,D,3108,96,E,2381,96,F,1670,92,G,2727,96,H,3334,96
[AUTOPOS] SW-B,A,1798,100,C,2427,93,D,3127,96,E,2381,96,F,1670,92,G,2735,96,H,3345,96
[AUTOPOS] SW-B,A,1760,100,C,2427,93,D,3119,96,E,2359,89,F,1670,92,G,2735,96,H,3304,96
[AUTOPOS] SW-B,A,1770,100,C,2341,90,D,3119,96,E,2329,89,F,1662,83,G,2735,96,H,3304,96
[AUTOPOS] SW-B,A,1667,100,C,2438,90,D,3132,93,E,2329,89,F,1654,83,G,2727,90,H,3304,96
[AUTOPOS] SW-B,A,1694,100,C,2449,94,D,3085,93,E,2370,87,F,1700,84,G,2757,90,H,3350,90
[AUTOPOS] SW-B,A,1769,100,C,2443,94,D,3095,94,E,2316,87,F,1649,88,G,2739,90,H,3350,90
[AUTOPOS] SW-B,A,1764,100,C,2368,94,D,3114,94,E,2315,88,F,1658,88,G,2757,94,H,3352,87
[AUTOPOS] SW-B,A,1713,100,C,2387,95,D,3093,94,E,2370,88,F,1652,89,G,2759,94,H,3320,88
[AUTOPOS] SW-B,A,1732,100,C,2452,95,D,3133,95,E,2364,89,F,1637,90,G,2742,94,H,3327,88
[AUTOPOS] SW-B,A,1775,100,C,2409,95,D,3107,95,E,2350,90,F,1637,90,G,2742,94,H,3337,89
[AUTOPOS] SW-B,A,1758,100,C,2416,95,D,3107,95,E,2355,90,F,1674,86,G,2742,94,H,3337,89
[AUTOPOS] SW-B,A,1766,100,C,2425,95,D,3155,91,E,2355,90,F,1670,86,G,2777,86,H,3337,89
[AUTOPOS] SW-B,A,1699,100,C,2460,96,D,3104,91,E,2348,86,F,1686,87,G,2746,86,H,3231,81
[AUTOPOS] SW-B,A,1732,100,C,2391,96,D,3109,92,E,2363,87,F,1711,88,G,2748,87,H,3231,81
[AUTOPOS] SW-B,A,1780,100,C,2436,96,D,3070,92,E,2350,88,F,1703,88,G,2767,88,H,3203,79
[AUTOPOS] SW-B,A,1764,100,C,2404,96,D,3070,92,E,2370,88,F,1638,88,G,2766,88,H,3214,80
[AUTOPOS] SW-B,A,1781,100,C,2348,96,D,3085,89,E,2382,88,F,1669,89,G,2729,88,H,3156,80
[AUTOPOS] SW-B,A,1725,100,C,2422,96,D,3091,89,E,2381,89,F,1669,89,G,2779,89,H,3260,81
[AUTOPOS] SW-B,A,1758,100,C,2447,96,D,3093,90,E,2402,89,F,1696,86,G,2737,89,H,3278,82
[AUTOPOS] SW-B,A,1766,100,C,2358,96,D,3117,90,E,2396,90,F,1696,86,G,2764,90,H,3343,82
[AUTOPOS] SW-B,A,1727,100,C,2381,100,D,3096,90,E,2376,90,F,1666,84,G,2765,90,H,3364,83
[AUTOPOS] SW-B,A,1751,100,C,2474,100,D,3104,94,E,2341,90,F,1638,88,G,2788,90,H,3351,83
[AUTOPOS] SW-B,A,1717,100,C,2402,100,D,3122,94,E,2349,94,F,1627,88,G,2768,94,H,3408,84
[AUTOPOS] SW-B,A,1715,100,C,2411,100,D,3101,94,E,2374,94,F,1633,89,G,2745,94,H,3349,88
[AUTOPOS] SW-B,A,1776,100,C,2351,100,D,3091,95,E,2404,94,F,1669,90,G,2756,94,H,3309,88
[AUTOPOS] SW-B,A,1764,100,C,2424,100,D,3091,95,E,2390,95,F,1696,90,G,2756,94,H,3292,89
[AUTOPOS] SW-B,A,1736,100,C,2375,100,D,3131,90,E,2361,95,F,1663,90,G,2752,90,H,3331,90
[AUTOPOS] SW-B,A,1784,100,C,2399,100,D,3103,91,E,2380,95,F,1637,91,G,2757,90,H,3395,90
[AUTOPOS] SW-B,A,1699,100,C,2405,100,D,3081,91,E,2363,95,F,1635,91,G,2769,91,H,3343,90
[AUTOPOS] SW-B,A,1755,100,C,2382,100,D,3105,92,E,2340,95,F,1672,92,G,2746,91,H,3365,91
[AUTOPOS] SW-B,A,1772,100,C,2383,100,D,3126,92,E,2358,96,F,1714,92,G,2738,92,H,3391,91
[AUTOPOS] SW-B,A,1732,100,C,2400,100,D,3114,92,E,2358,96,F,1714,92,G,2727,92,H,3302,92
[AUTOPOS] SW-B,A,1762,100,C,2391,96,D,3099,92,E,2400,92,F,1680,89,G,2794,92,H,3296,92
[AUTOPOS] SW-B,A,1733,100,C,2384,96,D,3091,93,E,2399,92,F,1658,89,G,2794,92,H,3298,92
[AUTOPOS] SW-B,A,1725,100,C,2482,96,D,3124,93,E,2399,92,F,1624,90,G,2748,89,H,3364,92
[AUTOPOS] SW-B,A,1721,100,C,2446,100,D,3133,93,E,2321,90,F,1643,90,G,2768,90,H,3363,93
[AUTOPOS] SW-B,A,1729,100,C,2427,100,D,3146,93,E,2393,90,F,1620,90,G,2767,90,H,3363,93
[AUTOPOS] SW-B,A,1751,100,C,2434,100,D,3138,94,E,2326,90,F,1673,94,G,2784,90,H,3360,90
[AUTOPOS] SW-B,A,1729,100,C,2434,100,D,3071,94,E,2362,94,F,1686,94,G,2789,94,H,3406,90
[AUTOPOS] SW-B,A,1731,100,C,2427,95,D,3117,94,E,2351,94,F,1641,94,G,2756,94,H,3370,94
[AUTOPOS] SW-B,A,1787,100,C,2393,95,D,3087,95,E,2327,94,F,1641,94,G,2756,94,H,3377,94
[AUTOPOS] SW-B,A,1711,100,C,2419,95,D,3087,95,E,2400,95,F,1687,90,G,2756,94,H,3377,94
[AUTOPOS] SW-B,A,1770,100,C,2472,95,D,3130,90,E,2400,95,F,1711,90,G,2795,85,H,3377,94
[AUTOPOS] SW-B,A,1780,100,C,2414,96,D,3108,91,E,2419,90,F,1638,91,G,2770,86,H,3285,85
[AUTOPOS] SW-B,A,1748,100,C,2383,96,D,3127,91,E,2353,91,F,1643,91,G,2781,86,H,3338,86
[AUTOPOS] SW-B,A,1766,100,C,2438,96,D,3168,92,E,2370,91,F,1639,92,G,2768,87,H,3338,86
[AUTOPOS] SW-B,A,1761,100,C,2417,96,D,3117,92,E,2341,92,F,1684,92,G,2797,88,H,3289,83
[AUTOPOS] SW-B,A,1790,100,C,2400,96,D,3104,92,E,2358,92,F,1664,92,G,2735,88,H,3375,84
[AUTOPOS] SW-B,A,1746,100,C,2429,96,D,3126,92,E,2316,92,F,1664,92,G,2729,88,H,3310,84
[AUTOPOS] SW-B,A,1770,100,C,2411,96,D,3113,93,E,2331,92,F,1672,89,G,2760,89,H,3361,85
[AUTOPOS] SW-B,A,1736,100,C,2375,96,D,3139,93,E,2393,93,F,1674,90,G,2806,89,H,3362,85
[AUTOPOS] SW-B,A,1790,100,C,2460,100,D,3129,93,E,2357,93,F,1607,90,G,2768,90,H,3291,86
[AUTOPOS] SW-B,A,1771,100,C,2354,100,D,3114,93,E,2373,93,F,1673,90,G,2744,90,H,3346,86
[AUTOPOS] SW-B,A,1714,100,C,2385,100,D,3114,93,E,2323,93,F,1678,94,G,2775,90,H,3377,87
[AUTOPOS] SW-B,A,1700,100,C,2393,100,D,3143,88,E,2359,94,F,1628,94,G,2746,94,H,3352,87
[AUTOPOS] SW-B,A,1693,100,C,2427,100,D,3068,89,E,2351,94,F,1671,90,G,2788,94,H,3385,88
[AUTOPOS] SW-B,A,1761,100,C,2465,100,D,3110,90,E,2358,94,F,1678,90,G,2745,94,H,3380,88
[AUTOPOS] SW-B,A,1767,100,C,2378,100,D,3082,90,E,2395,95,F,1702,90,G,2767,95,H,3338,89
[AUTOPOS] SW-B,A,1705,100,C,2382,100,D,3157,90,E,2324,95,F,1654,91,G,2762,95,H,3377,90
[AUTOPOS] SW-B,A,1748,100,C,2387,100,D,3085,91,E,2381,95,F,1649,91,G,2771,95,H,3377,90
[AUTOPOS] SW-B,A,1748,100,C,2447,100,D,3086,91,E,2363,95,F,1623,92,G,2773,95,H,3285,86
[AUTOPOS] SW-B,A,1727,100,C,2424,100,D,3086,91,E,2363,95,F,1664,92,G,2753,95,H,3355,86
[AUTOPOS] SW-B,A,1758,100,C,2408,100,D,3100,88,E,2361,96,F,1647,92,G,2781,96,H,3303,87
[AUTOPOS] SW-B,A,1741,100,C,2428,100,D,3108,88,E,2358,96,F,1647,92,G,2785,96,H,3350,88
[AUTOPOS] SW-B,A,1707,100,C,2444,100,D,3116,89,E,2343,96,F,1645,89,G,2741,96,H,3218,88
[AUTOPOS] SW-B,A,1714,100,C,2367,100,D,3102,89,E,2382,96,F,1687,90,G,2767,96,H,3224,88
[AUTOPOS] SW-B,A,1701,100,C,2441,100,D,3114,90,E,2346,96,F,1679,90,G,2767,96,H,3245,89
[AUTOPOS] SW-B,A,1755,100,C,2396,100,D,3127,90,E,2346,96,F,1640,90,G,2778,93,H,3277,89
[AUTOPOS] SW-B,A,1726,100,C,2435,100,D,3124,90,E,2362,96,F,1670,94,G,2755,93,H,3327,90
[AUTOPOS] SW-B,A,1648,100,C,2416,100,D,3102,94,E,2334,96,F,1626,94,G,2783,93,H,3326,90
[AUTOPOS] SW-B,A,1685,100,C,2369,100,D,3135,94,E,2380,94,F,1692,94,G,2798,94,H,3357,90
[AUTOPOS] SW-B,A,1718,100,C,2383,100,D,3127,94,E,2380,94,F,1692,94,G,2781,94,H,3350,94
[AUTOPOS] SW-B,A,1752,100,C,2383,100,D,3146,95,E,2334,90,F,1692,94,G,2770,94,H,3356,94
[AUTOPOS] SW-B,A,1696,100,C,2393,95,D,3094,95,E,2355,90,F,1627,86,G,2773,95,H,3338,94
[AUTOPOS] SW-B,A,1775,100,C,2390,95,D,3126,95,E,2343,90,F,1627,86,G,2766,95,H,3308,95
[AUTOPOS] SW-B,A,1781,100,C,2406,96,D,3114,95,E,2387,91,F,1677,87,G,2789,95,H,3343,95
[AUTOPOS] SW-B,A,1740,100,C,2390,96,D,3125,95,E,2384,91,F,1651,88,G,2766,95,H,3306,95
[AUTOPOS] SW-B,A,1777,100,C,2409,96,D,3079,96,E,2361,92,F,1685,88,G,2777,95,H,3350,95
[AUTOPOS] SW-B,A,1778,100,C,2370,96,D,3107,96,E,2381,92,F,1683,88,G,2769,96,H,3372,95
[AUTOPOS] SW-B,A,1780,100,C,2394,96,D,3077,96,E,2354,92,F,1666,89,G,2751,96,H,3349,96
[AUTOPOS] SW-B,A,1751,100,C,2403,96,D,3138,96,E,2361,92,F,1696,89,G,2760,96,H,3386,96
[AUTOPOS] SW-B,A,1739,100,C,2435,96,D,3145,96,E,2337,93,F,1628,90,G,2754,96,H,3339,96
[AUTOPOS] SW-B,A,1724,100,C,2441,96,D,3163,96,E,2350,93,F,1630,90,G,2767,96,H,3378,96
[AUTOPOS] SW-B,A,1749,100,C,2391,100,D,3112,96,E,2352,93,F,1707,90,G,2774,96,H,3390,96
[AUTOPOS] SW-B,A,1696,100,C,2379,100,D,3112,96,E,2379,93,F,1705,94,G,2781,96,H,3446,96
[AUTOPOS] SW-B,A,1716,100,C,2428,100,D,3095,94,E,2389,94,F,1599,94,G,2753,96,H,3371,96
[AUTOPOS] SW-B,A,1759,100,C,2369,100,D,3119,94,E,2368,94,F,1601,94,G,2767,100,H,3238,96
[AUTOPOS] SW-B,A,1770,100,C,2395,100,D,3095,94,E,2366,94,F,1675,95,G,2752,100,H,3170,100
[AUTOPOS] SW-B,A,1719,100,C,2407,100,D,3099,95,E,2406,95,F,1677,95,G,2777,100,H,3266,100
[AUTOPOS] SW-B,A,1727,100,C,2405,100,D,3105,95,E,2360,95,F,1705,95,G,2749,100,H,3266,100
[AUTOPOS] SW-B,A,1671,100,C,2465,100,D,3106,95,E,2351,95,F,1614,95,G,2759,100,H,3378,95
[AUTOPOS] SW-B,A,1758,100,C,2457,100,D,3106,95,E,2386,95,F,1695,95,G,2775,100,H,3372,95
[AUTOPOS] SW-B,A,1792,100,C,2382,100,D,3099,91,E,2362,95,F,1653,96,G,2777,100,H,3370,95
[AUTOPOS] SW-B,A,1711,100,C,2470,100,D,3102,92,E,2368,96,F,1703,96,G,2749,100,H,3387,95
[AUTOPOS] SW-B,A,1770,100,C,2409,100,D,3149,92,E,2380,96,F,1709,96,G,2769,100,H,3373,95
[AUTOPOS] SW-B,A,1779,100,C,2392,100,D,3126,92,E,2343,96,F,1690,96,G,2759,100,H,3269,96
[AUTOPOS] SW-B,A,1732,100,C,2399,100,D,3128,92,E,2379,96,F,1626,96,G,2767,100,H,3403,96
[AUTOPOS] SW-B,A,1732,100,C,2400,100,D,3093,93,E,2363,96,F,1632,96,G,2784,100,H,3340,96
[AUTOPOS] SW-B,A,1726,96,C,2402,100,D,3097,93,E,2375,96,F,1647,96,G,2773,100,H,3356,96
[AUTOPOS] SW-B,A,1745,96,C,2399,100,D,3085,93,E,2375,96,F,1666,96,G,2758,100,H,3299,96
[AUTOPOS] SW-B,A,1745,96,C,2377,100,D,3116,93,E,2375,96,F,1666,96,G,2737,100,H,3323,96
[AUTOPOS] SW-B,A,1795,94,C,2377,100,D,3118,94,E,2358,94,F,1719,94,G,2770,100,H,3302,96
[AUTOPOS] SW-B,A,1767,94,C,2370,95,D,3167,94,E,2344,94,F,1701,94,G,2748,100,H,3296,96
[AUTOPOS] SW-B,A,1690,94,C,2388,95,D,3109,94,E,2341,94,F,1669,95,G,2785,100,H,3362,100
[AUTOPOS] SW-B,A,1776,95,C,2367,95,D,3076,95,E,2349,95,F,1702,95,G,2754,100,H,3362,100
[AUTOPOS] SW-B,A,1797,95,C,2429,95,D,3093,95,E,2371,95,F,1616,95,G,2724,100,H,3337,94
[AUTOPOS] SW-B,A,1749,95,C,2472,95,D,3093,95,E,2339,95,F,1671,95,G,2756,100,H,3290,95
[AUTOPOS] SW-B,A,1770,95,C,2376,96,D,3124,91,E,2349,95,F,1627,95,G,2749,100,H,3354,95
[AUTOPOS] SW-B,A,1773,95,C,2402,96,D,3105,91,E,2387,95,F,1627,95,G,2749,100,H,3352,95
[AUTOPOS] SW-B,A,1758,96,C,2398,96,D,3122,92,E,2361,96,F,1698,92,G,2777,95,H,3357,95
[AUTOPOS] SW-B,A,1715,96,C,2404,96,D,3102,92,E,2378,96,F,1684,92,G,2772,96,H,3233,95
[AUTOPOS] SW-B,A,1696,96,C,2420,96,D,3129,92,E,2371,96,F,1708,92,G,2747,96,H,3205,96
[AUTOPOS] SW-B,A,1719,96,C,2489,96,D,3113,92,E,2364,96,F,1657,93,G,2777,96,H,3264,96
[AUTOPOS] SW-B,A,1773,96,C,2444,96,D,3084,93,E,2380,96,F,1655,93,G,2831,96,H,3302,96
[AUTOPOS] SW-B,A,1753,96,C,2468,96,D,3141,93,E,2430,96,F,1651,93,G,2771,96,H,3272,96
[AUTOPOS] SW-B,A,1705,96,C,2445,100,D,3119,93,E,2347,96,F,1651,93,G,2771,96,H,3358,96
[AUTOPOS] SW-B,A,1721,96,C,2384,100,D,3123,93,E,2376,96,F,1669,94,G,2742,93,H,3389,96
[AUTOPOS] SW-B,A,1713,100,C,2390,100,D,3083,94,E,2342,100,F,1662,94,G,2781,93,H,3359,96
[AUTOPOS] SW-B,A,1730,100,C,2415,100,D,3102,94,E,2325,100,F,1656,94,G,2761,94,H,3322,96
[AUTOPOS] SW-B,A,1744,100,C,2445,100,D,3134,94,E,2344,100,F,1656,95,G,2786,94,H,3312,100
[AUTOPOS] SW-B,A,1795,100,C,2460,100,D,3099,95,E,2336,100,F,1680,95,G,2771,94,H,3345,100
[AUTOPOS] SW-B,A,1777,100,C,2405,100,D,3109,95,E,2457,100,F,1679,95,G,2761,95,H,3356,100
[AUTOPOS] SW-B,A,1696,100,C,2430,100,D,3063,95,E,2336,100,F,1658,95,G,2757,95,H,3308,100
[AUTOPOS] SW-B,A,1733,100,C,2390,100,D,3063,95,E,2347,100,F,1661,95,G,2757,95,H,3308,100
[AUTOPOS] SW-B,A,1739,100,C,2393,100,D,3165,91,E,2408,100,F,1625,96,G,2759,91,H,3344,95
[AUTOPOS] SW-B,A,1706,100,C,2422,100,D,3119,92,E,2345,100,F,1661,96,G,2759,91,H,3368,95
[AUTOPOS] SW-B,A,1699,100,C,2437,100,D,3127,92,E,2380,100,F,1651,96,G,2740,88,H,3302,95
[AUTOPOS] SW-B,A,1736,100,C,2364,100,D,3134,92,E,2364,100,F,1639,96,G,2747,88,H,3369,96
[AUTOPOS] SW-B,A,1746,100,C,2376,100,D,3115,92,E,2393,100,F,1683,96,G,2748,88,H,3337,96
[AUTOPOS] SW-B,A,1785,100,C,2395,100,D,3130,93,E,2374,100,F,1662,96,G,2756,89,H,3407,96
[AUTOPOS] SW-B,A,1745,100,C,2466,100,D,3106,93,E,2391,100,F,1670,96,G,2776,89,H,3322,96
[AUTOPOS] SW-B,A,1773,100,C,2415,100,D,3116,93,E,2358,100,F,1652,96,G,2766,90,H,3374,96
[AUTOPOS] SW-B,A,1774,100,C,2377,100,D,3126,93,E,2365,100,F,1661,100,G,2739,90,H,3392,96
[AUTOPOS] SW-B,A,1752,100,C,2372,100,D,3165,94,E,2387,100,F,1637,100,G,2746,90,H,3326,96
[AUTOPOS] SW-B,A,1680,100,C,2480,100,D,3114,94,E,2427,100,F,1654,100,G,2747,94,H,3286,96
[AUTOPOS] SW-B,A,1693,100,C,2369,100,D,3114,94,E,2346,100,F,1651,100,G,2770,94,H,3278,100
[AUTOPOS] SW-B,A,1770,100,C,2386,100,D,3131,90,E,2364,100,F,1642,100,G,2724,94,H,3226,100
[AUTOPOS] SW-B,A,1732,100,C,2344,100,D,3123,90,E,2348,100,F,1642,100,G,2724,94,H,3318,100
[AUTOPOS] SW-B,A,1748,100,C,2417,100,D,3156,90,E,2340,100,F,1647,95,G,2769,90,H,3326,100
[AUTOPOS] SW-B,A,1707,100,C,2402,100,D,3124,91,E,2330,100,F,1708,95,G,2746,90,H,3320,100
[AUTOPOS] SW-B,A,1631,100,C,2364,100,D,3113,91,E,2330,100,F,1681,96,G,2745,91,H,3348,100
[AUTOPOS] SW-B,A,1633,100,C,2383,100,D,3159,92,E,2341,100,F,1628,96,G,2786,91,H,3340,100
[AUTOPOS] SW-B,A,1747,100,C,2383,100,D,3135,92,E,2335,100,F,1605,96,G,2759,92,H,3282,100
[AUTOPOS] SW-B,A,1708,100,C,2400,96,D,3116,92,E,2357,100,F,1664,96,G,2725,92,H,3245,100
[AUTOPOS] SW-B,A,1708,100,C,2385,96,D,3128,92,E,2357,100,F,1664,96,G,2741,92,H,3296,100
[AUTOPOS] SW-B,A,1684,96,C,2385,96,D,3133,93,E,2369,96,F,1664,96,G,2741,92,H,3362,100
[AUTOPOS] SW-B,A,1672,96,C,2353,93,D,3133,93,E,2376,96,F,1648,90,G,2741,92,H,3362,100
[AUTOPOS] SW-B,A,1733,96,C,2407,94,D,3104,90,E,2376,96,F,1625,90,G,2744,86,H,3362,100
[AUTOPOS] SW-B,A,1744,96,C,2388,94,D,3126,90,E,2357,93,F,1670,94,G,2777,87,H,3361,93
[AUTOPOS] SW-B,A,1753,100,C,2388,94,D,3124,94,E,2302,94,F,1650,94,G,2761,87,H,3312,93
[AUTOPOS] SW-B,A,1698,100,C,2431,95,D,3123,94,E,2403,94,F,1608,94,G,2759,88,H,3323,93
[AUTOPOS] SW-B,A,1762,100,C,2376,95,D,3147,94,E,2340,94,F,1658,95,G,2759,88,H,3336,94
[AUTOPOS] SW-B,A,1720,100,C,2429,95,D,3062,95,E,2360,95,F,1682,95,G,2771,89,H,3335,94
[AUTOPOS] SW-B,A,1703,100,C,2379,95,D,3104,95,E,2382,95,F,1695,95,G,2714,90,H,3337,94
[AUTOPOS] SW-B,A,1795,100,C,2383,95,D,3162,95,E,2342,95,F,1683,95,G,2750,90,H,3361,95
[AUTOPOS] SW-B,A,1767,100,C,2396,96,D,3143,95,E,2363,95,F,1649,95,G,2749,90,H,3310,95
[AUTOPOS] SW-B,A,1759,100,C,2405,96,D,3125,95,E,2359,95,F,1652,96,G,2743,91,H,3400,95
[AUTOPOS] SW-B,A,1739,100,C,2424,96,D,3139,96,E,2358,96,F,1642,96,G,2739,91,H,3299,95
[AUTOPOS] SW-B,A,1763,100,C,2372,96,D,3139,96,E,2389,96,F,1702,96,G,2743,92,H,3254,95
[AUTOPOS] SW-B,A,1718,100,C,2408,96,D,3109,92,E,2375,96,F,1698,96,G,2799,92,H,3228,96
[AUTOPOS] SW-B,A,1708,100,C,2408,96,D,3084,92,E,2401,96,F,1627,96,G,2757,92,H,3237,96
[AUTOPOS] SW-B,A,1771,100,C,2382,93,D,3103,93,E,2345,96,F,1645,96,G,2766,92,H,3235,96
[AUTOPOS] SW-B,A,1756,100,C,2402,93,D,3149,93,E,2384,96,F,1706,96,G,2743,93,H,3317,96
[AUTOPOS] SW-B,A,1732,100,C,2409,94,D,3088,93,E,2344,96,F,1658,96,G,2766,93,H,3333,96
[AUTOPOS] SW-B,A,1677,100,C,2387,94,D,3078,93,E,2360,96,F,1683,100,G,2751,93,H,3332,96
[AUTOPOS] SW-B,A,1716,100,C,2417,94,D,3125,94,E,2357,100,F,1645,100,G,2754,93,H,3333,96
[AUTOPOS] SW-B,A,1762,100,C,2386,95,D,3130,94,E,2364,100,F,1635,100,G,2766,94,H,3347,96
[AUTOPOS] SW-B,A,1743,100,C,2367,95,D,3155,94,E,2396,100,F,1635,100,G,2768,94,H,3310,100
[AUTOPOS] SW-B,A,1769,100,C,2367,95,D,3112,95,E,2374,100,F,1675,95,G,2739,94,H,3291,100
[AUTOPOS] SW-B,A,1771,100,C,2461,91,D,3094,95,E,2418,100,F,1670,95,G,2757,95,H,3360,100
[AUTOPOS] SW-B,A,1715,100,C,2419,91,D,3134,95,E,2358,100,F,1677,95,G,2751,95,H,3363,100
[AUTOPOS] SW-B,A,1667,100,C,2381,92,D,3108,95,E,2406,100,F,1664,95,G,2756,95,H,3364,100
[AUTOPOS] SW-B,A,1784,100,C,2386,92,D,3139,95,E,2353,100,F,1637,96,G,2732,95,H,3384,100
[AUTOPOS] SW-B,A,1707,100,C,2375,92,D,3134,96,E,2352,100,F,1648,96,G,2767,95,H,3309,100
[AUTOPOS] SW-B,A,1722,100,C,2366,92,D,3128,96,E,2411,100,F,1682,96,G,2781,96,H,3308,100
[AUTOPOS] SW-B,A,1702,100,C,2394,93,D,3108,96,E,2415,100,F,1669,96,G,2784,96,H,3348,100
[AUTOPOS] SW-B,A,1708,100,C,2462,93,D,3095,96,E,2362,100,F,1607,96,G,2739,96,H,3311,100
[AUTOPOS] SW-B,A,1745,100,C,2369,93,D,3111,96,E,2391,100,F,1652,96,G,2756,96,H,3398,100
[AUTOPOS] SW-B,A,1660,100,C,2415,93,D,3120,96,E,2471,100,F,1607,96,G,2770,96,H,3329,100
[AUTOPOS] SW-B,A,1744,100,C,2349,94,D,3116,96,E,2375,100,F,1672,96,G,2733,96,H,3336,100
[AUTOPOS] SW-B,A,1724,100,C,2372,94,D,3123,96,E,2411,100,F,1654,100,G,2748,96,H,3168,100
[AUTOPOS] SW-B,A,1744,100,C,2388,94,D,3158,100,E,2338,100,F,1666,100,G,2764,96,H,3240,100
[AUTOPOS] SW-B,A,1764,100,C,2401,95,D,3087,100,E,2320,100,F,1616,100,G,2743,100,H,3198,100
[AUTOPOS] SW-B,A,1736,100,C,2373,95,D,3112,100,E,2339,100,F,1636,100,G,2758,100,H,3263,100
[AUTOPOS] SW-B,A,1676,100,C,2351,95,D,3107,100,E,2339,100,F,1611,100,G,2745,100,H,3263,100
[AUTOPOS] SW-B,A,1620,100,C,2379,95,D,3114,100,E,2331,95,F,1677,100,G,2761,100,H,3381,94
[AUTOPOS] SW-B,A,1758,100,C,2436,95,D,3088,100,E,2375,95,F,1690,100,G,2757,100,H,3346,95
[AUTOPOS] SW-B,A,1704,100,C,2508,96,D,3105,100,E,2432,95,F,1616,100,G,2732,100,H,3313,95
[AUTOPOS] SW-B,A,1679,100,C,2412,96,D,3121,100,E,2347,95,F,1638,100,G,2744,100,H,3262,95
[AUTOPOS] SW-B,A,1764,100,C,2389,96,D,3134,100,E,2296,96,F,1619,100,G,2762,100,H,3301,95
[AUTOPOS] SW-B,A,1787,100,C,2382,96,D,3159,100,E,2353,96,F,1619,100,G,2762,100,H,3319,95
[AUTOPOS] SW-B,A,1707,100,C,2386,96,D,3159,100,E,2348,96,F,1653,96,G,2762,100,H,3319,95
[AUTOPOS] SW-B,A,1728,100,C,2374,96,D,3111,96,E,2348,96,F,1674,96,G,2728,92,H,3319,95
[AUTOPOS] SW-B,A,1720,100,C,2432,96,D,3072,96,E,2434,93,F,1621,96,G,2763,92,H,3315,88
[AUTOPOS] SW-B,A,1700,100,C,2434,96,D,3108,96,E,2375,93,F,1618,96,G,2750,93,H,3315,88
[AUTOPOS] SW-B,A,1774,100,C,2425,100,D,3127,96,E,2384,93,F,1640,96,G,2745,93,H,3308,86
[AUTOPOS] SW-B,A,1729,100,C,2459,100,D,3111,96,E,2421,93,F,1624,100,G,2741,93,H,3253,86
[AUTOPOS] SW-B,A,1743,100,C,2373,100,D,3110,100,E,2334,94,F,1643,100,G,2765,93,H,3346,87
[AUTOPOS] SW-B,A,1745,100,C,2371,100,D,3106,100,E,2345,94,F,1651,100,G,2761,94,H,3363,87
[AUTOPOS] SW-B,A,1737,100,C,2401,100,D,3115,100,E,2357,94,F,1666,100,G,2794,94,H,3328,88
[AUTOPOS] SW-B,A,1762,100,C,2438,100,D,3112,100,E,2380,95,F,1652,100,G,2755,94,H,3321,88
[AUTOPOS] SW-B,A,1714,100,C,2429,100,D,3145,100,E,2392,95,F,1626,100,G,2765,95,H,3252,89
[AUTOPOS] SW-B,A,1728,100,C,2432,100,D,3153,100,E,2441,95,F,1625,100,G,2768,95,H,3349,90
[AUTOPOS] SW-B,A,1728,100,C,2432,100,D,3060,100,E,2344,95,F,1647,100,G,2774,95,H,3182,90
[AUTOPOS] SW-B,A,1777,96,C,2430,96,D,3093,100,E,2375,95,F,1632,100,G,2760,95,H,3181,90
[AUTOPOS] SW-B,A,1780,96,C,2458,96,D,3099,100,E,2375,95,F,1632,100,G,2742,95,H,3284,91
[AUTOPOS] SW-B,A,1671,96,C,2458,96,D,3115,100,E,2425,92,F,1625,96,G,2774,96,H,3237,91
[AUTOPOS] SW-B,A,1730,96,C,2408,93,D,3101,100,E,2410,92,F,1629,96,G,2734,96,H,3268,92
[AUTOPOS] SW-B,A,1734,96,C,2380,93,D,3100,100,E,2364,92,F,1701,96,G,2768,96,H,3331,92
[AUTOPOS] SW-B,A,1671,96,C,2374,93,D,3088,100,E,2343,93,F,1623,96,G,2787,96,H,3343,92
[AUTOPOS] SW-B,A,1726,96,C,2362,93,D,3121,100,E,2385,93,F,1643,96,G,2763,96,H,3375,92
[AUTOPOS] SW-B,A,1742,96,C,2393,94,D,3174,100,E,2356,93,F,1681,96,G,2755,96,H,3317,93
[AUTOPOS] SW-B,A,1736,100,C,2438,94,D,3150,100,E,2330,93,F,1656,100,G,2751,96,H,3235,93
[AUTOPOS] SW-B,A,1749,100,C,2395,94,D,3106,100,E,2362,94,F,1656,100,G,2751,96,H,3257,93
[AUTOPOS] SW-B,A,1710,100,C,2387,95,D,3106,100,E,2351,94,F,1620,94,G,2751,96,H,3257,93
[AUTOPOS] SW-B,A,1746,100,C,2442,95,D,3116,94,E,2351,94,F,1640,95,G,2759,88,H,3257,93
[AUTOPOS] SW-B,A,1785,100,C,2450,95,D,3151,95,E,2379,90,F,1670,95,G,2768,89,H,3333,88
[AUTOPOS] SW-B,A,1716,100,C,2351,95,D,3096,95,E,2384,90,F,1622,95,G,2749,90,H,3407,89
[AUTOPOS] SW-B,A,1687,100,C,2399,95,D,3127,95,E,2470,90,F,1633,95,G,2780,90,H,3368,90
[AUTOPOS] SW-B,A,1746,100,C,2387,96,D,3114,91,E,2382,91,F,1671,95,G,2734,90,H,3348,90
[AUTOPOS] SW-B,A,1681,100,C,2451,96,D,3102,92,E,2361,91,F,1652,96,G,2754,91,H,3331,90
[AUTOPOS] SW-B,A,1695,100,C,2456,96,D,3115,92,E,2398,88,F,1685,96,G,2748,91,H,3267,91
[AUTOPOS] SW-B,A,1701,100,C,2405,96,D,3117,92,E,2326,88,F,1618,96,G,2748,91,H,3387,91
[AUTOPOS] SW-B,A,1780,100,C,2390,96,D,3117,92,E,2350,89,F,1654,96,G,2748,91,H,3387,91
[AUTOPOS] SW-B,A,1763,100,C,2464,96,D,3139,89,E,2350,89,F,1619,96,G,2755,85,H,3387,91
[AUTOPOS] SW-B,A,1741,100,C,2455,96,D,3111,90,E,2348,86,F,1637,96,G,2737,85,H,3374,85
[AUTOPOS] SW-B,A,1773,100,C,2377,96,D,3115,90,E,2306,87,F,1649,96,G,2744,86,H,3374,85
[AUTOPOS] SW-B,A,1728,100,C,2367,100,D,3139,90,E,2344,87,F,1608,96,G,2769,86,H,3316,82
[AUTOPOS] SW-B,A,1721,100,C,2440,100,D,3139,90,E,2341,88,F,1630,100,G,2757,87,H,3246,83
[AUTOPOS] SW-B,A,1732,100,C,2367,100,D,3092,88,E,2316,88,F,1685,100,G,2762,87,H,3288,83
[AUTOPOS] SW-B,A,1771,100,C,2382,100,D,3086,89,E,2394,89,F,1685,100,G,2757,88,H,3201,84
[AUTOPOS] SW-B,A,1733,100,C,2393,100,D,3086,89,E,2330,90,F,1656,95,G,2768,88,H,3215,88
[AUTOPOS] SW-B,A,1768,100,C,2382,100,D,3121,85,E,2354,90,F,1610,95,G,2755,89,H,3238,88
[AUTOPOS] SW-B,A,1762,100,C,2424,100,D,3137,86,E,2351,90,F,1678,95,G,2731,90,H,3191,89
[AUTOPOS] SW-B,A,1739,100,C,2387,100,D,3114,86,E,2382,91,F,1626,95,G,2740,90,H,3301,90
[AUTOPOS] SW-B,A,1718,100,C,2376,100,D,3095,87,E,2386,91,F,1649,95,G,2790,90,H,3336,90
[AUTOPOS] SW-B,A,1744,100,C,2441,100,D,3092,88,E,2341,92,F,1641,96,G,2763,91,H,3351,90
[AUTOPOS] SW-B,A,1740,100,C,2395,100,D,3102,88,E,2342,92,F,1642,96,G,2750,91,H,3333,91
[AUTOPOS] SW-B,A,1764,100,C,2370,100,D,3104,88,E,2332,92,F,1645,96,G,2748,92,H,3292,91
[AUTOPOS] SW-B,A,1723,100,C,2403,100,D,3099,89,E,2324,92,F,1648,96,G,2767,92,H,3274,92
[AUTOPOS] SW-B,A,1696,100,C,2346,100,D,3138,89,E,2392,93,F,1653,96,G,2733,92,H,3356,92
[AUTOPOS] SW-B,A,1723,100,C,2391,100,D,3087,90,E,2356,93,F,1665,96,G,2741,92,H,3267,92
[AUTOPOS] SW-B,A,1723,100,C,2385,100,D,3078,90,E,2349,93,F,1633,96,G,2790,93,H,3312,92
[AUTOPOS] SW-B,A,1765,96,C,2428,100,D,3099,90,E,2333,93,F,1651,96,G,2717,93,H,3305,93
[AUTOPOS] SW-B,A,1775,100,C,2369,100,D,3079,94,E,2333,93,F,1651,96,G,2725,93,H,3337,93
[AUTOPOS] SW-B,A,1779,100,C,2378,100,D,3138,94,E,2460,88,F,1653,94,G,2802,93,H,3278,93
[AUTOPOS] SW-B,A,1725,100,C,2430,100,D,3117,94,E,2328,89,F,1657,94,G,2770,94,H,3278,93
[AUTOPOS] SW-B,A,1649,100,C,2395,100,D,3107,95,E,2384,90,F,1665,95,G,2755,94,H,3343,94
[AUTOPOS] SW-B,A,1738,100,C,2437,100,D,3087,95,E,2345,90,F,1670,95,G,2712,94,H,3281,94
[AUTOPOS] SW-B,A,1695,100,C,2441,100,D,3086,95,E,2356,90,F,1618,95,G,2740,95,H,3376,94
[AUTOPOS] SW-B,A,1689,100,C,2408,100,D,3086,95,E,2332,91,F,1696,95,G,2768,95,H,3310,95
[AUTOPOS] SW-B,A,1726,100,C,2454,100,D,3068,91,E,2365,91,F,1624,95,G,2780,95,H,3237,95
[AUTOPOS] SW-B,A,1744,100,C,2395,100,D,3090,92,E,2323,92,F,1611,96,G,2734,95,H,3217,95
[AUTOPOS] SW-B,A,1717,100,C,2433,100,D,3104,92,E,2347,92,F,1625,96,G,2745,95,H,3121,95
[AUTOPOS] SW-B,A,1777,100,C,2359,100,D,3101,92,E,2333,92,F,1705,96,G,2791,96,H,3149,95
[AUTOPOS] SW-B,A,1761,100,C,2373,100,D,3113,92,E,2338,92,F,1684,96,G,2743,96,H,3237,96
[AUTOPOS] SW-B,A,1761,100,C,2361,100,D,3104,93,E,2326,93,F,1638,96,G,2765,96,H,3261,96
[AUTOPOS] SW-B,A,1776,96,C,2364,100,D,3073,93,E,2356,93,F,1671,96,G,2750,96,H,3170,96
[AUTOPOS] SW-B,A,1741,96,C,2427,100,D,3073,93,E,2356,93,F,1650,96,G,2748,96,H,3320,96
[AUTOPOS] SW-B,A,1741,96,C,2400,100,D,3102,90,E,2375,90,F,1676,96,G,2750,96,H,3353,96
[AUTOPOS] SW-B,A,1737,94,C,2390,100,D,3086,94,E,2329,94,F,1687,100,G,2778,96,H,3339,96
[AUTOPOS] SW-B,A,1720,94,C,2377,100,D,3086,94,E,2328,94,F,1626,100,G,2753,96,H,3300,96
[AUTOPOS] SW-B,A,1743,94,C,2391,100,D,3115,94,E,2325,94,F,1665,100,G,2737,100,H,3331,96
[AUTOPOS] SW-B,A,1694,95,C,2464,100,D,3139,95,E,2347,95,F,1639,100,G,2744,100,H,3347,100
[AUTOPOS] SW-B,A,1763,95,C,2396,100,D,3131,95,E,2328,95,F,1680,100,G,2769,100,H,3309,100
[AUTOPOS] SW-B,A,1756,95,C,2390,100,D,3087,95,E,2377,95,F,1690,100,G,2775,100,H,3298,100
[AUTOPOS] SW-B,A,1785,95,C,2361,100,D,3081,95,E,2343,95,F,1623,100,G,2755,100,H,3398,100
[AUTOPOS] SW-B,A,1724,95,C,2375,100,D,3103,95,E,2391,95,F,1635,100,G,2736,100,H,3313,100
[AUTOPOS] SW-B,A,1746,96,C,2400,100,D,3083,96,E,2328,96,F,1645,100,G,2759,100,H,3326,100
[AUTOPOS] SW-B,A,1762,96,C,2395,100,D,3083,96,E,2362,96,F,1653,100,G,2742,100,H,3298,100
[AUTOPOS] SW-B,A,1760,96,C,2442,100,D,3095,96,E,2313,96,F,1628,100,G,2757,100,H,3363,100
[AUTOPOS] SW-B,A,1725,96,C,2390,100,D,3085,96,E,2312,96,F,1644,100,G,2745,100,H,3287,100
[AUTOPOS] SW-B,A,1681,96,C,2372,100,D,3155,96,E,2359,96,F,1671,100,G,2740,100,H,3348,100
[AUTOPOS] SW-B,A,1718,96,C,2423,100,D,3089,96,E,2352,96,F,1650,100,G,2755,100,H,3314,100
[AUTOPOS] SW-B,A,1712,96,C,2375,100,D,3158,96,E,2331,96,F,1654,100,G,2755,100,H,3328,100
[AUTOPOS] SW-B,A,1738,96,C,2390,100,D,3115,96,E,2374,96,F,1588,100,G,2733,100,H,3258,100
[AUTOPOS] SW-B,A,1716,100,C,2413,100,D,3140,100,E,2361,100,F,1634,100,G,2765,100,H,3212,100
[AUTOPOS] SW-B,A,1750,100,C,2391,100,D,3098,100,E,2388,100,F,1684,100,G,2762,100,H,3251,100
[AUTOPOS] SW-B,A,1755,100,C,2370,100,D,3095,100,E,2315,100,F,1655,100,G,2729,100,H,3247,100
[AUTOPOS] SW-B,A,1733,100,C,2387,100,D,3081,100,E,2402,100,F,1628,100,G,2731,100,H,3225,100
[AUTOPOS] SW-B,A,1738,100,C,2423,100,D,3124,100,E,2402,100,F,1649,100,G,2747,100,H,3246,100
[AUTOPOS] SW-B,A,1738,100,C,2422,100,D,3109,100,E,2402,100,F,1649,100,G,2725,100,H,3358,100
[AUTOPOS] SW-B,A,1763,95,C,2368,100,D,3111,100,E,2349,91,F,1667,95,G,2750,100,H,3318,100
[AUTOPOS] SW-B,A,1732,95,C,2389,100,D,3099,100,E,2347,91,F,1617,95,G,2746,100,H,3322,100
[AUTOPOS] SW-B,A,1725,96,C,2418,100,D,3114,100,E,2341,92,F,1659,96,G,2739,100,H,3286,100
[AUTOPOS] SW-B,A,1772,96,C,2399,100,D,3121,100,E,2414,92,F,1634,96,G,2753,100,H,3236,100
[AUTOPOS] SW-B,A,1772,96,C,2407,100,D,3122,100,E,2354,92,F,1650,96,G,2773,100,H,3356,100
[AUTOPOS] SW-B,A,1742,92,C,2418,100,D,3107,100,E,2372,92,F,1643,96,G,2766,100,H,3381,100
[AUTOPOS] SW-B,A,1719,93,C,2374,100,D,3106,100,E,2372,92,F,1636,96,G,2714,100,H,3386,100
[AUTOPOS] SW-B,A,1751,93,C,2382,100,D,3112,100,E,2356,90,F,1695,96,G,2707,100,H,3287,100
[AUTOPOS] SW-B,A,1709,93,C,2453,100,D,3110,100,E,2333,90,F,1642,96,G,2742,100,H,3396,100
[AUTOPOS] SW-B,A,1760,93,C,2445,100,D,3120,100,E,2373,90,F,1657,96,G,2772,100,H,3353,100
[AUTOPOS] SW-B,A,1727,94,C,2361,100,D,3087,100,E,2347,94,F,1618,100,G,2772,100,H,3371,100
[AUTOPOS] SW-B,A,1706,94,C,2417,100,D,3106,100,E,2359,94,F,1641,100,G,2736,96,H,3338,100
[AUTOPOS] SW-B,A,1631,94,C,2416,100,D,3090,100,E,2400,94,F,1630,100,G,2775,100,H,3272,100
[AUTOPOS] SW-B,A,1678,95,C,2341,100,D,3111,100,E,2410,95,F,1651,100,G,2763,100,H,3411,100
[AUTOPOS] SW-B,A,1739,95,C,2404,100,D,3098,100,E,2350,95,F,1651,100,G,2762,100,H,3346,100
[AUTOPOS] SW-B,A,1729,95,C,2404,100,D,3104,100,E,2336,95,F,1651,100,G,2762,100,H,3320,100
[AUTOPOS] SW-B,A,1732,95,C,2396,95,D,3081,100,E,2328,95,F,1616,91,G,2743,95,H,3348,100
[AUTOPOS] SW-B,A,1796,95,C,2378,96,D,3150,100,E,2358,95,F,1626,91,G,2757,95,H,3176,100
[AUTOPOS] SW-B,A,1794,96,C,2357,96,D,3107,100,E,2401,96,F,1657,92,G,2762,95,H,3165,100
[AUTOPOS] SW-B,A,1667,96,C,2394,96,D,3103,100,E,2394,96,F,1620,92,G,2738,95,H,3227,100
[AUTOPOS] SW-B,A,1779,96,C,2409,96,D,3089,100,E,2375,96,F,1635,92,G,2740,96,H,3281,100
[AUTOPOS] SW-B,A,1749,96,C,2423,96,D,3109,100,E,2397,96,F,1613,92,G,2745,96,H,3276,100
[AUTOPOS] SW-B,A,1747,96,C,2458,96,D,3082,100,E,2369,96,F,1602,93,G,2745,96,H,3221,100
[AUTOPOS] SW-B,A,1793,96,C,2369,96,D,3082,100,E,2389,96,F,1688,93,G,2745,96,H,3221,100
[AUTOPOS] SW-B,A,1758,96,C,2375,96,D,3068,96,E,2389,96,F,1653,93,G,2731,89,H,3221,100
[AUTOPOS] SW-B,A,1784,96,C,2413,100,D,3142,96,E,2351,93,F,1668,93,G,2745,90,H,3335,93
[AUTOPOS] SW-B,A,1750,100,C,2372,100,D,3101,100,E,2350,94,F,1633,94,G,2746,90,H,3335,93
[AUTOPOS] SW-B,A,1765,100,C,2434,100,D,3096,100,E,2327,94,F,1638,94,G,2757,90,H,3347,90
[AUTOPOS] SW-B,A,1790,100,C,2380,100,D,3097,100,E,2357,94,F,1681,94,G,2741,94,H,3302,90
[AUTOPOS] SW-B,A,1745,100,C,2463,100,D,3136,100,E,2352,95,F,1670,95,G,2759,94,H,3322,94
[AUTOPOS] SW-B,A,1738,100,C,2354,100,D,3100,100,E,2308,95,F,1670,95,G,2771,94,H,3300,94
[AUTOPOS] SW-B,A,1720,100,C,2417,100,D,3100,100,E,2377,95,F,1619,90,G,2769,95,H,3344,94
[AUTOPOS] SW-B,A,1727,100,C,2358,100,D,3130,95,E,2327,95,F,1661,91,G,2774,95,H,3339,95
[AUTOPOS] SW-B,A,1711,100,C,2427,100,D,3072,95,E,2429,95,F,1672,91,G,2745,95,H,3296,95
[AUTOPOS] SW-B,A,1778,100,C,2343,100,D,3081,96,E,2332,96,F,1617,92,G,2746,95,H,3291,95
[AUTOPOS] SW-B,A,1722,100,C,2395,100,D,3124,96,E,2340,96,F,1654,92,G,2752,95,H,3382,95
[AUTOPOS] SW-B,A,1773,100,C,2384,100,D,3151,96,E,2340,96,F,1630,92,G,2750,96,H,3395,95
[AUTOPOS] SW-B,A,1773,100,C,2341,100,D,3116,96,E,2340,96,F,1630,92,G,2747,96,H,3385,96
[AUTOPOS] SW-B,A,1697,96,C,2394,100,D,3082,96,E,2433,89,F,1637,89,G,2758,96,H,3350,96
[AUTOPOS] SW-B,A,1763,96,C,2412,100,D,3086,96,E,2349,90,F,1644,90,G,2758,96,H,3237,96
[AUTOPOS] SW-B,A,1675,96,C,2396,100,D,3116,96,E,2335,90,F,1661,90,G,2792,96,H,3163,96
[AUTOPOS] SW-B,A,1723,96,C,2384,100,D,3110,96,E,2350,90,F,1641,90,G,2766,96,H,3203,96
[AUTOPOS] SW-B,A,1795,100,C,2379,100,D,3115,100,E,2342,94,F,1614,94,G,2724,96,H,3249,96
[AUTOPOS] SW-B,A,1785,100,C,2379,100,D,3114,100,E,2317,94,F,1644,94,G,2760,96,H,3319,96
[AUTOPOS] SW-B,A,1749,100,C,2375,95,D,3106,100,E,2305,94,F,1650,94,G,2749,100,H,3218,96
[AUTOPOS] SW-B,A,1771,100,C,2399,95,D,3144,100,E,2372,95,F,1625,95,G,2758,100,H,3365,100
[AUTOPOS] SW-B,A,1679,100,C,2388,95,D,3083,100,E,2319,95,F,1632,95,G,2757,100,H,3304,100
[AUTOPOS] SW-B,A,1627,100,C,2349,95,D,3105,100,E,2352,95,F,1697,95,G,2780,100,H,3383,100
[AUTOPOS] SW-B,A,1694,100,C,2440,95,D,3117,100,E,2346,95,F,1621,95,G,2757,100,H,3319,100
[AUTOPOS] SW-B,A,1812,100,C,2386,96,D,3138,100,E,2320,95,F,1660,95,G,2761,100,H,3315,100
[AUTOPOS] SW-B,A,1739,100,C,2368,96,D,3122,100,E,2324,96,F,1674,96,G,2756,100,H,3285,100
[AUTOPOS] SW-B,A,1774,100,C,2370,96,D,3114,100,E,2344,96,F,1649,96,G,2771,100,H,3272,100
[AUTOPOS] SW-B,A,1757,100,C,2381,96,D,3069,100,E,2356,96,F,1649,96,G,2771,100,H,3362,100
[AUTOPOS] SW-B,A,1678,100,C,2386,96,D,3132,100,E,2334,96,F,1674,92,G,2741,96,H,3340,100
[AUTOPOS] SW-B,A,1671,100,C,2359,96,D,3097,100,E,2436,96,F,1655,93,G,2747,96,H,3308,100
[AUTOPOS] SW-B,A,1714,100,C,2386,96,D,3083,100,E,2405,96,F,1668,93,G,2711,96,H,3316,100
[AUTOPOS] SW-B,A,1755,100,C,2371,96,D,3102,100,E,2407,96,F,1654,93,G,2761,96,H,3394,100
[AUTOPOS] SW-B,A,1777,100,C,2465,100,D,3119,100,E,2346,96,F,1668,93,G,2769,96,H,3301,100
[AUTOPOS] SW-B,A,1761,100,C,2436,100,D,3088,100,E,2346,96,F,1647,94,G,2737,96,H,3337,100
[AUTOPOS] SW-B,A,1773,100,C,2334,100,D,3104,100,E,2346,96,F,1647,94,G,2770,96,H,3219,100
[AUTOPOS] SW-B,A,1782,100,C,2373,100,D,3093,100,E,2328,89,F,1668,89,G,2756,100,H,3341,100
[AUTOPOS] SW-B,A,1777,100,C,2426,100,D,3123,100,E,2344,90,F,1645,90,G,2760,100,H,3290,100
[AUTOPOS] SW-B,A,1728,100,C,2427,100,D,3147,100,E,2333,90,F,1610,90,G,2757,100,H,3283,100
[AUTOPOS] SW-B,A,1713,100,C,2440,100,D,3097,100,E,2372,90,F,1668,90,G,2740,100,H,3135,100
[AUTOPOS] SW-B,A,1710,100,C,2367,100,D,3082,100,E,2334,91,F,1599,91,G,2776,100,H,3145,100
[AUTOPOS] SW-B,A,1672,100,C,2407,100,D,3082,100,E,2342,91,F,1667,91,G,2752,100,H,3237,100
[AUTOPOS] SW-B,A,1799,100,C,2417,100,D,3116,100,E,2359,92,F,1655,92,G,2747,100,H,3249,100
[AUTOPOS] SW-B,A,1792,100,C,2443,100,D,3080,100,E,2296,92,F,1620,92,G,2742,100,H,3266,100
[AUTOPOS] SW-B,A,1755,100,C,2390,100,D,3092,100,E,2363,92,F,1612,92,G,2730,100,H,3268,100
[AUTOPOS] SW-B,A,1755,100,C,2385,100,D,3072,100,E,2411,92,F,1634,92,G,2737,100,H,3301,100
[AUTOPOS] SW-B,A,1700,100,C,2366,100,D,3108,100,E,2333,93,F,1662,93,G,2736,100,H,3304,100
[AUTOPOS] SW-B,A,1753,100,C,2435,100,D,3097,100,E,2395,93,F,1661,93,G,2759,100,H,3359,100
[AUTOPOS] SW-B,A,1674,100,C,2361,100,D,3114,100,E,2322,93,F,1657,93,G,2751,100,H,3246,100
[AUTOPOS] SW-B,A,1830,100,C,2377,100,D,3114,100,E,2322,93,F,1615,93,G,2762,100,H,3352,100
[AUTOPOS] SW-B,A,1830,100,C,2475,100,D,3114,100,E,2310,94,F,1627,94,G,2770,100,H,3285,100
[AUTOPOS] SW-B,A,1780,94,C,2378,100,D,3150,100,E,2417,94,F,1637,94,G,2720,100,H,3335,100
[AUTOPOS] SW-B,A,1682,94,C,2456,100,D,3089,100,E,2368,94,F,1632,94,G,2735,100,H,3319,100
[AUTOPOS] SW-B,A,1638,95,C,2403,100,D,3095,100,E,2362,95,F,1637,95,G,2781,100,H,3355,100
[AUTOPOS] SW-B,A,1666,95,C,2398,100,D,3113,100,E,2340,95,F,1625,95,G,2745,100,H,3160,100
[AUTOPOS] SW-B,A,1761,95,C,2352,100,D,3106,100,E,2343,95,F,1646,95,G,2747,100,H,3302,100
[AUTOPOS] SW-B,A,1778,95,C,2399,100,D,1851,100,E,2338,95,F,1647,95,G,2776,100,H,3309,100
[AUTOPOS] SW-B,A,1654,95,C,2395,100,D,3088,100,E,2322,95,F,1638,95,G,2778,100,H,3239,100
[AUTOPOS] SW-B,A,1710,96,C,2352,100,D,3069,100,E,2422,96,F,1650,96,G,2737,100,H,3251,100
[AUTOPOS] SW-B,A,1724,96,C,2379,100,D,3101,100,E,2406,96,F,1662,96,G,2716,100,H,3306,100
[AUTOPOS] SW-B,A,1696,96,C,2430,100,D,3135,100,E,2324,96,F,1723,96,G,2755,100,H,3317,100
[AUTOPOS] SW-B,A,1729,96,C,2388,100,D,3081,100,E,2375,96,F,1632,96,G,2737,100,H,3184,100
[AUTOPOS] SW-B,A,1751,93,C,2384,100,D,3071,100,E,2426,96,F,1659,96,G,2744,100,H,3169,100
[AUTOPOS] SW-B,A,1762,93,C,2410,100,D,3096,100,E,2329,96,F,1604,96,G,2765,100,H,3208,100
[AUTOPOS] SW-B,A,1727,93,C,2410,100,D,3096,100,E,2399,96,F,1640,96,G,2756,100,H,3254,100
[AUTOPOS] SW-B,A,1643,94,C,2357,100,D,3127,96,E,2322,96,F,1652,96,G,2742,100,H,3212,100
[AUTOPOS] SW-B,A,1762,94,C,2385,100,D,3110,100,E,2428,100,F,1637,100,G,2737,100,H,3321,100
[AUTOPOS] SW-B,A,1755,94,C,2349,100,D,3086,100,E,2339,100,F,1585,100,G,2768,100,H,3217,100
[AUTOPOS] SW-B,A,1768,95,C,2359,100,D,3133,100,E,2397,100,F,1642,100,G,2764,100,H,3350,100
[AUTOPOS] SW-B,A,1726,95,C,2382,100,D,3142,100,E,2351,100,F,1657,100,G,2764,100,H,3354,100
[AUTOPOS] SW-B,A,1701,95,C,2427,100,D,3097,100,E,2318,100,F,1615,100,G,2753,100,H,3310,100
[AUTOPOS] SW-B,A,1779,95,C,2373,100,D,3146,100,E,2361,100,F,1628,100,G,2755,100,H,3230,100
[AUTOPOS] SW-B,A,1734,95,C,2407,100,D,3135,100,E,2339,100,F,1621,100,G,2749,100,H,3256,100
[AUTOPOS] SW-B,A,1734,95,C,2398,100,D,3116,100,E,2339,100,F,1647,100,G,2755,100,H,3313,100
[AUTOPOS] SW-B,A,1759,92,C,2392,100,D,3125,100,E,2404,96,F,1622,100,G,2758,100,H,3335,100
[AUTOPOS] SW-B,A,1675,92,C,2355,100,D,3084,100,E,2316,96,F,1665,100,G,2752,100,H,3335,100
[AUTOPOS] SW-B,A,1685,92,C,2440,100,D,3129,100,E,2332,96,F,1640,100,G,2729,100,H,3373,95
[AUTOPOS] SW-B,A,1719,93,C,2405,100,D,3096,100,E,2320,96,F,1691,100,G,2789,100,H,3373,95
[AUTOPOS] SW-B,A,1713,93,C,2386,100,D,3141,100,E,2346,96,F,1683,100,G,2728,100,H,3353,92
[AUTOPOS] SW-B,A,1782,93,C,2354,100,D,3133,100,E,2350,96,F,1647,100,G,2754,100,H,3258,92
[AUTOPOS] SW-B,A,1769,93,C,2410,100,D,3108,100,E,2414,96,F,1662,100,G,2779,100,H,3357,92
[AUTOPOS] SW-B,A,1760,94,C,2361,100,D,3140,100,E,2391,96,F,1671,100,G,2720,100,H,3342,93
[AUTOPOS] SW-B,A,1698,94,C,2381,100,D,3082,100,E,2387,100,F,1638,100,G,2749,100,H,3264,93
[AUTOPOS] SW-B,A,1805,94,C,2357,100,D,3093,100,E,2401,100,F,1638,100,G,2765,100,H,3240,93
[AUTOPOS] SW-B,A,1771,95,C,2392,100,D,3111,100,E,2336,100,F,1693,94,G,2782,100,H,3269,93
[AUTOPOS] SW-B,A,1781,95,C,2349,100,D,3094,100,E,2425,100,F,1671,95,G,2718,100,H,3204,94
[AUTOPOS] SW-B,A,1832,95,C,2341,100,D,3108,100,E,2400,100,F,1620,95,G,2779,100,H,3140,94
[AUTOPOS] SW-B,A,1746,95,C,2410,100,D,3108,100,E,2400,100,F,1622,95,G,2746,100,H,3201,94
[AUTOPOS] SW-B,A,1750,95,C,2454,100,D,3087,95,E,2322,95,F,1618,95,G,2792,100,H,3263,95
[AUTOPOS] SW-B,A,1671,96,C,2324,100,D,3142,95,E,2350,95,F,1654,95,G,2760,100,H,3263,95
[AUTOPOS] SW-B,A,1759,96,C,2371,100,D,3130,96,E,2350,95,F,1630,96,G,2752,100,H,3339,90
[AUTOPOS] SW-B,A,1782,96,C,2360,100,D,3096,96,E,2314,92,F,1630,96,G,2766,100,H,3332,91
[AUTOPOS] SW-B,A,1696,96,C,2414,100,D,3103,96,E,2360,92,F,1631,96,G,2733,100,H,3306,91
[AUTOPOS] SW-B,A,1713,96,C,2347,100,D,3103,96,E,2384,92,F,1657,96,G,2742,100,H,3300,92
[AUTOPOS] SW-B,A,1806,96,C,2347,100,D,3088,96,E,2339,93,F,1613,96,G,2778,100,H,3267,92
[AUTOPOS] SW-B,A,1762,96,C,2401,96,D,3119,96,E,2372,93,F,1606,96,G,2743,100,H,3326,92
[AUTOPOS] SW-B,A,1763,96,C,2401,96,D,3160,96,E,2409,93,F,1606,96,G,2743,100,H,3291,92
[AUTOPOS] SW-B,A,1749,100,C,2384,94,D,3160,96,E,2419,93,F,1604,93,G,2743,100,H,3291,92
[AUTOPOS] SW-B,A,1807,100,C,2404,94,D,3101,94,E,2385,94,F,1639,94,G,2766,93,H,3194,90
[AUTOPOS] SW-B,A,1685,100,C,2364,94,D,3094,94,E,2321,94,F,1670,94,G,2753,93,H,3325,90
[AUTOPOS] SW-B,A,1753,100,C,2429,95,D,3109,94,E,2362,94,F,1644,94,G,2758,94,H,3251,90
[AUTOPOS] SW-B,A,1736,100,C,2429,95,D,3099,95,E,2335,95,F,1609,95,G,2717,94,H,3366,94
[AUTOPOS] SW-B,A,1740,100,C,2443,90,D,3093,95,E,2338,95,F,1640,95,G,2758,94,H,3279,94
[AUTOPOS] SW-B,A,1810,100,C,2371,91,D,3104,95,E,2307,95,F,1676,95,G,2767,95,H,3176,94
[AUTOPOS] SW-B,A,1803,100,C,2403,91,D,3094,95,E,2413,95,F,1667,95,G,2770,95,H,3351,95
[AUTOPOS] SW-B,A,1834,100,C,2339,92,D,3117,95,E,2413,95,F,1643,95,G,2769,95,H,3239,95
[AUTOPOS] SW-B,A,1759,100,C,2357,92,D,3084,96,E,2376,92,F,1670,96,G,2786,95,H,3396,95
[AUTOPOS] SW-B,A,1653,100,C,2365,92,D,3106,96,E,2412,92,F,1671,96,G,2761,95,H,3336,95
[AUTOPOS] SW-B,A,1717,100,C,2396,92,D,3092,96,E,2411,92,F,1643,96,G,2699,96,H,3283,95
[AUTOPOS] SW-B,A,1764,100,C,2372,93,D,3094,96,E,2402,92,F,1626,96,G,2728,96,H,3288,96
[AUTOPOS] SW-B,A,1735,100,C,2378,93,D,3090,96,E,2316,93,F,1664,96,G,2779,96,H,3305,96
[AUTOPOS] SW-B,A,1786,100,C,2393,93,D,3121,96,E,2324,93,F,1643,96,G,2738,96,H,3173,96
[AUTOPOS] SW-B,A,1716,100,C,2425,93,D,3137,96,E,2358,93,F,1642,96,G,2772,96,H,3234,96
[AUTOPOS] SW-B,A,1801,100,C,2351,94,D,3119,96,E,2422,93,F,1625,96,G,2756,96,H,3304,96
[AUTOPOS] SW-B,A,1754,100,C,2395,94,D,3096,100,E,2412,94,F,1610,100,G,2763,96,H,3185,96
[AUTOPOS] SW-B,A,1701,100,C,2392,94,D,3154,100,E,2332,94,F,1607,100,G,2753,96,H,3295,96
[AUTOPOS] SW-B,A,1789,100,C,2363,95,D,3101,100,E,2354,94,F,1590,100,G,2748,100,H,3272,96
[AUTOPOS] SW-B,A,1776,100,C,2395,95,D,3156,100,E,2387,95,F,1590,100,G,2769,100,H,3382,100
[AUTOPOS] SW-B,A,1788,100,C,2395,95,D,3090,100,E,2318,95,F,1590,100,G,2769,100,H,3295,100
[AUTOPOS] SW-B,A,1750,100,C,2393,91,D,3119,100,E,2347,95,F,1678,90,G,2715,95,H,3298,100
[AUTOPOS] SW-B,A,1850,100,C,2354,91,D,3104,100,E,2304,95,F,1620,91,G,2776,95,H,3288,100
[AUTOPOS] SW-B,A,1794,100,C,2390,92,D,3128,100,E,2341,95,F,1659,91,G,2746,95,H,3302,100
[AUTOPOS] SW-B,A,1812,100,C,2401,92,D,3106,100,E,2324,96,F,1719,92,G,2718,95,H,3368,100
[AUTOPOS] SW-B,A,1812,100,C,2401,92,D,3089,100,E,2393,96,F,1632,92,G,2779,95,H,3339,100
[AUTOPOS] SW-B,A,1778,96,C,2377,89,D,3131,100,E,2401,96,F,1678,92,G,2782,96,H,3405,100
[AUTOPOS] SW-B,A,1755,96,C,2378,89,D,3093,100,E,2401,96,F,1678,92,G,2678,96,H,3316,100
[AUTOPOS] SW-B,A,1776,96,C,2378,89,D,3106,100,E,2339,93,F,1678,92,G,2678,96,H,3324,100
[AUTOPOS] SW-B,A,1795,96,C,2387,87,D,3106,100,E,2340,93,F,1641,86,G,2678,96,H,3324,100
[AUTOPOS] SW-B,A,1751,96,C,2397,87,D,3148,96,E,2340,93,F,1611,87,G,2743,89,H,3361,96
[AUTOPOS] SW-B,A,1794,100,C,2426,88,D,3130,96,E,2424,90,F,1670,87,G,2763,90,H,3273,96
[AUTOPOS] SW-B,A,1819,100,C,2403,88,D,3102,100,E,2319,94,F,1698,88,G,2748,90,H,3380,96
[AUTOPOS] SW-B,A,1755,100,C,2405,89,D,3143,100,E,2400,94,F,1635,88,G,2739,90,H,3284,96
[AUTOPOS] SW-B,A,1795,100,C,2405,89,D,3143,100,E,2332,94,F,1634,89,G,2771,94,H,3306,96
[AUTOPOS] SW-B,A,1768,100,C,2359,85,D,3079,95,E,2424,95,F,1613,90,G,2712,94,H,3123,100
[AUTOPOS] SW-B,A,1723,100,C,2389,86,D,3139,95,E,2330,95,F,1611,90,G,2768,94,H,3204,100
[AUTOPOS] SW-B,A,1796,100,C,2425,86,D,3093,95,E,2415,95,F,1664,90,G,2762,95,H,3212,100
[AUTOPOS] SW-B,A,1767,100,C,2366,87,D,3112,95,E,2408,95,F,1669,91,G,2727,95,H,3217,100
[AUTOPOS] SW-B,A,1771,100,C,2428,88,D,3097,95,E,2416,95,F,1632,91,G,2757,95,H,3305,100
[AUTOPOS] SW-B,A,1748,100,C,2428,88,D,3129,96,E,2319,96,F,1683,92,G,2752,95,H,3295,100
[AUTOPOS] SW-B,A,1701,100,C,2368,88,D,3127,96,E,2337,96,F,1603,92,G,2773,95,H,3349,100
[AUTOPOS] SW-B,A,1759,100,C,2425,89,D,3148,96,E,2419,96,F,1606,92,G,2718,96,H,3337,100
[AUTOPOS] SW-B,A,1763,100,C,2434,89,D,3125,96,E,2389,96,F,1606,92,G,2718,96,H,3325,100
[AUTOPOS] SW-B,A,1795,100,C,2448,90,D,3116,96,E,2427,96,F,1601,89,G,2724,92,H,3294,100
[AUTOPOS] SW-B,A,1736,100,C,2449,90,D,3105,96,E,2306,96,F,1637,90,G,2756,92,H,3254,100
[AUTOPOS] SW-B,A,1788,100,C,2362,90,D,3102,96,E,2357,96,F,1634,90,G,2722,93,H,3344,100
[AUTOPOS] SW-B,A,1733,100,C,2416,94,D,3101,96,E,2326,96,F,1624,90,G,2778,93,H,3318,100
[AUTOPOS] SW-B,A,1724,100,C,2371,94,D,3105,100,E,2337,100,F,1666,94,G,2770,93,H,3362,100
[AUTOPOS] SW-B,A,1649,100,C,2354,94,D,3105,100,E,2436,100,F,1614,94,G,2771,93,H,3312,100
[AUTOPOS] SW-B,A,1778,100,C,2382,95,D,3122,94,E,2413,100,F,1647,94,G,2741,94,H,3264,100
[AUTOPOS] SW-B,A,1742,100,C,2436,95,D,3107,95,E,2325,100,F,1652,95,G,2741,94,H,3264,100
[AUTOPOS] SW-B,A,1808,100,C,2377,95,D,3086,95,E,2325,100,F,1640,95,G,2746,89,H,3264,100
[AUTOPOS] SW-B,A,1771,100,C,2426,95,D,3134,95,E,2352,95,F,1604,95,G,2759,90,H,3299,89
[AUTOPOS] SW-B,A,1788,100,C,2421,95,D,3085,95,E,2366,95,F,1631,95,G,2757,90,H,3299,89
[AUTOPOS] SW-B,A,1740,100,C,2395,96,D,3131,95,E,2415,95,F,1586,95,G,2770,90,H,3267,85
[AUTOPOS] SW-B,A,1778,100,C,2335,96,D,3131,95,E,2435,96,F,1654,96,G,2751,91,H,3343,86
[AUTOPOS] SW-B,A,1776,100,C,2372,96,D,3076,92,E,2363,96,F,1646,96,G,2758,91,H,3349,86
[AUTOPOS] SW-B,A,1754,100,C,2377,96,D,3087,92,E,2333,96,F,1632,96,G,2781,92,H,3371,87
[AUTOPOS] SW-B,A,1755,100,C,2445,96,D,3100,92,E,2386,96,F,1662,96,G,2761,92,H,3233,88
[AUTOPOS] SW-B,A,1786,100,C,2377,96,D,3084,93,E,2371,96,F,1619,96,G,2695,92,H,3242,88
[AUTOPOS] SW-B,A,1662,100,C,2401,96,D,3080,93,E,2319,96,F,1644,96,G,2770,92,H,3160,88
[AUTOPOS] SW-B,A,1701,100,C,2381,96,D,3103,93,E,2380,96,F,1630,96,G,2758,93,H,3231,89
[AUTOPOS] SW-B,A,1767,100,C,2433,100,D,3081,93,E,2413,96,F,1627,96,G,2722,93,H,3255,89
[AUTOPOS] SW-B,A,1778,100,C,2404,100,D,3124,94,E,2363,100,F,1692,100,G,2719,93,H,3283,90
[AUTOPOS] SW-B,A,1785,100,C,2378,100,D,3097,94,E,2389,100,F,1658,100,G,2734,93,H,3311,90
[AUTOPOS] SW-B,A,1819,100,C,2356,100,D,3129,94,E,2409,100,F,1641,100,G,2780,94,H,3347,90
[AUTOPOS] SW-B,A,1795,100,C,2432,100,D,3077,95,E,2357,100,F,1621,100,G,2738,94,H,3337,94
[AUTOPOS] SW-B,A,1741,100,C,2405,100,D,3109,95,E,2370,100,F,1636,100,G,2736,94,H,3294,94
[AUTOPOS] SW-B,A,1733,100,C,2391,100,D,3074,95,E,2325,100,F,1647,100,G,2777,95,H,3239,94
[AUTOPOS] SW-B,A,1733,100,C,2391,100,D,3112,95,E,2393,100,F,1672,100,G,2779,95,H,3340,95
[AUTOPOS] SW-B,A,1708,96,C,2398,96,D,3113,95,E,2299,100,F,1616,100,G,2749,95,H,3327,95
[AUTOPOS] SW-B,A,1729,96,C,2400,96,D,3069,96,E,2351,100,F,1643,100,G,2730,95,H,3335,95
[AUTOPOS] SW-B,A,1747,96,C,2373,96,D,3084,96,E,2436,100,F,1652,100,G,2755,95,H,3348,95
[AUTOPOS] SW-B,A,1742,96,C,2346,96,D,3098,96,E,2350,100,F,1620,100,G,2762,96,H,3310,95
[AUTOPOS] SW-B,A,1718,96,C,2397,96,D,3093,96,E,2360,100,F,1661,100,G,2750,96,H,3380,96
[AUTOPOS] SW-B,A,1697,96,C,2349,96,D,3089,96,E,2301,100,F,1619,100,G,2732,96,H,3380,96
[AUTOPOS] SW-B,A,1772,96,C,2385,96,D,3087,96,E,2326,100,F,1598,100,G,2748,96,H,3347,92
[AUTOPOS] SW-B,A,1710,96,C,2385,96,D,3087,96,E,2354,100,F,1620,100,G,2778,96,H,3320,92
[AUTOPOS] SW-B,A,1816,100,C,2388,94,D,3107,93,E,2315,100,F,1681,100,G,2750,96,H,3288,93
[AUTOPOS] SW-B,A,1717,100,C,2423,94,D,3097,94,E,2396,100,F,1593,100,G,2757,96,H,3390,93
[AUTOPOS] SW-B,A,1798,100,C,2352,94,D,3092,94,E,2327,100,F,1612,100,G,2782,96,H,3185,93
[AUTOPOS] SW-B,A,1709,100,C,2399,95,D,3091,94,E,2419,100,F,1612,100,G,2747,100,H,3336,93
[AUTOPOS] SW-B,A,1748,100,C,2451,95,D,3087,95,E,2413,100,F,1630,95,G,2732,100,H,3203,94
[AUTOPOS] SW-B,A,1748,100,C,2334,95,D,3081,95,E,2338,100,F,1654,95,G,2757,100,H,3169,94
[AUTOPOS] SW-B,A,1804,95,C,2373,95,D,3096,95,E,2364,100,F,1633,95,G,2783,100,H,3265,94
[AUTOPOS] SW-B,A,1734,95,C,2356,95,D,3096,95,E,2309,100,F,1614,95,G,2743,100,H,3259,95
[AUTOPOS] SW-B,A,1766,96,C,2366,96,D,3081,91,E,2440,100,F,1644,92,G,2764,100,H,3204,95
[AUTOPOS] SW-B,A,1763,96,C,2390,96,D,3111,92,E,2374,100,F,1642,92,G,2714,100,H,3230,95
[AUTOPOS] SW-B,A,1777,96,C,2394,96,D,3142,92,E,2345,100,F,1639,92,G,2738,100,H,3370,95
[AUTOPOS] SW-B,A,1819,96,C,2344,96,D,3091,92,E,2347,100,F,1639,92,G,2754,100,H,3263,95
[AUTOPOS] SW-B,A,1795,96,C,2365,96,D,3097,92,E,2413,100,F,1655,93,G,2712,100,H,3352,96
[AUTOPOS] SW-B,A,1792,96,C,2391,96,D,3125,93,E,2403,100,F,1648,93,G,2735,100,H,3349,96
[AUTOPOS] SW-B,A,1785,96,C,2439,96,D,3134,93,E,2342,100,F,1654,93,G,2750,100,H,3304,96
[AUTOPOS] SW-B,A,1799,96,C,2401,96,D,3134,93,E,2334,100,F,1679,93,G,2769,100,H,3349,96
[AUTOPOS] SW-B,A,1766,100,C,2440,100,D,3094,90,E,2431,100,F,1667,94,G,2773,100,H,3226,96
[AUTOPOS] SW-B,A,1786,100,C,2381,100,D,3115,94,E,2329,100,F,1616,94,G,2716,100,H,3277,96
[AUTOPOS] SW-B,A,1756,100,C,2370,100,D,3143,94,E,2323,100,F,1617,94,G,2719,100,H,3350,96
[AUTOPOS] SW-B,A,1695,100,C,2380,100,D,3114,94,E,2362,100,F,1658,95,G,2719,100,H,3297,96
[AUTOPOS] SW-B,A,1712,100,C,2321,100,D,3083,95,E,2310,100,F,1623,95,G,2753,94,H,3256,100
[AUTOPOS] SW-B,A,1781,100,C,2438,100,D,3096,95,E,2389,100,F,1602,95,G,2742,94,H,3292,100
[AUTOPOS] SW-B,A,1731,100,C,2322,100,D,3108,95,E,2340,100,F,1643,95,G,2715,95,H,3365,100
[AUTOPOS] SW-B,A,1764,100,C,2334,100,D,3114,95,E,2380,100,F,1635,95,G,2751,95,H,3306,100
[AUTOPOS] SW-B,A,1790,100,C,2380,100,D,3132,95,E,2330,100,F,1659,96,G,2768,95,H,3392,100
[AUTOPOS] SW-B,A,1748,100,C,2361,100,D,3125,96,E,2330,100,F,1625,96,G,2732,95,H,3243,100
[AUTOPOS] SW-B,A,1759,100,C,2459,100,D,3091,96,E,2352,96,F,1628,96,G,2795,95,H,3349,100
[AUTOPOS] SW-B,A,1747,100,C,2360,100,D,3129,96,E,2334,96,F,1645,96,G,2747,96,H,3364,100
[AUTOPOS] SW-B,A,1795,100,C,2358,100,D,3128,96,E,2328,96,F,1624,96,G,2752,96,H,3428,100
[AUTOPOS] SW-B,A,1736,100,C,2370,100,D,3086,96,E,2325,96,F,1636,96,G,2782,96,H,3359,100
[AUTOPOS] SW-B,A,1763,100,C,2417,100,D,3125,96,E,2393,96,F,1650,96,G,2748,96,H,3183,100
[AUTOPOS] SW-B,A,1714,100,C,2334,100,D,3105,96,E,2427,96,F,1650,96,G,2748,96,H,3252,100
[AUTOPOS] SW-B,A,1669,100,C,2457,100,D,3105,96,E,2359,96,F,1623,94,G,2748,96,H,3252,100
[AUTOPOS] SW-B,A,1833,100,C,2368,100,D,3106,94,E,2359,96,F,1652,94,G,2736,90,H,3252,100
[AUTOPOS] SW-B,A,1790,100,C,2395,100,D,3114,94,E,2335,94,F,1650,94,G,2762,90,H,3257,93
[AUTOPOS] SW-B,A,1774,100,C,2320,100,D,3100,94,E,2319,94,F,1623,95,G,2761,94,H,3222,93
[AUTOPOS] SW-B,A,1815,100,C,2453,100,D,3117,95,E,2350,95,F,1631,95,G,2739,94,H,3253,94
[AUTOPOS] SW-B,A,1786,100,C,2471,100,D,3124,90,E,2340,95,F,1613,95,G,2713,94,H,3252,94
[AUTOPOS] SW-B,A,1776,100,C,2387,100,D,3124,91,E,2362,95,F,1647,95,G,2756,95,H,3315,94
[AUTOPOS] SW-B,A,1806,100,C,2436,100,D,3115,91,E,2326,95,F,1624,95,G,2737,95,H,3331,95
[AUTOPOS] SW-B,A,1787,100,C,2417,100,D,3096,92,E,2358,95,F,1631,96,G,2732,95,H,3246,95
[AUTOPOS] SW-B,A,1717,100,C,2397,100,D,3120,92,E,2351,96,F,1606,96,G,2747,95,H,3307,95
[AUTOPOS] SW-B,A,1806,100,C,2415,100,D,3123,92,E,2328,96,F,1620,96,G,2770,95,H,3339,95
[AUTOPOS] SW-B,A,1750,100,C,2386,100,D,3099,92,E,2335,96,F,1637,96,G,2779,96,H,3291,95
[AUTOPOS] SW-B,A,1709,100,C,2386,100,D,3110,93,E,2351,96,F,1625,96,G,2760,96,H,3314,96
[AUTOPOS] SW-B,A,1779,100,C,2359,96,D,3114,93,E,2406,96,F,1647,96,G,2778,96,H,3383,96
[AUTOPOS] SW-B,A,1803,100,C,2389,96,D,3068,93,E,2312,96,F,1617,96,G,2730,96,H,3372,96
[AUTOPOS] SW-B,A,1689,100,C,2389,96,D,3097,93,E,2390,96,F,1657,96,G,2710,96,H,3212,96
[AUTOPOS] SW-B,A,1686,100,C,2367,100,D,3099,94,E,2390,96,F,1663,100,G,2748,96,H,3212,96
[AUTOPOS] SW-B,A,1716,100,C,2394,100,D,3112,94,E,2403,94,F,1653,100,G,2768,96,H,3316,93
[AUTOPOS] SW-B,A,1755,100,C,2378,100,D,3121,94,E,2346,94,F,1636,100,G,2745,96,H,3261,93
[AUTOPOS] SW-B,A,1830,100,C,2358,100,D,3107,95,E,2327,94,F,1622,100,G,2726,100,H,3287,93
[AUTOPOS] SW-B,A,1745,100,C,2391,100,D,3133,95,E,2348,95,F,1652,100,G,2763,100,H,3311,94
[AUTOPOS] SW-B,A,1673,100,C,2357,100,D,3109,95,E,2353,95,F,1566,100,G,2768,100,H,3322,94
[AUTOPOS] SW-B,A,1744,100,C,2356,100,D,3105,95,E,2322,95,F,1566,100,G,2762,100,H,3232,94
[AUTOPOS] SW-B,A,1808,100,C,2342,100,D,3098,95,E,2337,95,F,1628,95,G,2749,100,H,3188,95
[AUTOPOS] SW-B,A,1683,100,C,2401,100,D,3087,96,E,2304,95,F,1650,96,G,2725,100,H,3263,95
[AUTOPOS] SW-B,A,1764,100,C,2395,100,D,3092,96,E,2378,96,F,1655,96,G,2742,100,H,3245,95
[AUTOPOS] SW-B,A,1764,100,C,2362,100,D,3108,96,E,2436,96,F,1628,96,G,2744,100,H,3139,95
[AUTOPOS] SW-B,A,1775,96,C,2451,100,D,3110,96,E,2334,96,F,1651,96,G,2721,100,H,3310,95
[AUTOPOS] SW-B,A,1740,96,C,2381,100,D,3110,96,E,2334,96,F,1624,96,G,2805,100,H,3316,96
[AUTOPOS] SW-B,A,1740,96,C,2399,100,D,3115,93,E,2334,96,F,1624,96,G,2741,100,H,3320,96
[AUTOPOS] SW-B,A,1776,93,C,2399,100,D,3143,93,E,2344,90,F,1624,96,G,2741,100,H,3260,96
[AUTOPOS] SW-B,A,1698,93,C,2407,96,D,3143,93,E,2435,90,F,1654,90,G,2741,100,H,3260,96
[AUTOPOS] SW-B,A,1690,94,C,2360,100,D,3156,94,E,2435,90,F,1624,94,G,2720,93,H,3290,93
[AUTOPOS] SW-B,A,1788,94,C,2374,100,D,3096,94,E,2334,88,F,1629,94,G,2755,93,H,3210,93
[AUTOPOS] SW-B,A,1794,94,C,2375,100,D,3096,94,E,2392,88,F,1631,94,G,2730,93,H,3210,93
[AUTOPOS] SW-B,A,1741,95,C,2389,100,D,3145,95,E,2375,89,F,1668,95,G,2731,94,H,3323,90
[AUTOPOS] SW-B,A,1766,95,C,2400,100,D,3145,95,E,2336,90,F,1660,95,G,2731,94,H,3328,94
[AUTOPOS] SW-B,A,1775,95,C,2355,100,D,3118,90,E,2351,90,F,1647,95,G,2715,94,H,3301,94
[AUTOPOS] SW-B,A,1731,95,C,2381,100,D,3074,91,E,2403,90,F,1647,95,G,2715,94,H,3347,94
[AUTOPOS] SW-B,A,1765,95,C,2436,100,D,3074,91,E,2353,91,F,1639,91,G,2715,94,H,3347,94
[AUTOPOS] SW-B,A,1830,96,C,2385,100,D,3141,88,E,2353,91,F,1649,92,G,2709,86,H,3296,90
[AUTOPOS] SW-B,A,1741,96,C,2374,100,D,3115,88,E,2319,88,F,1620,92,G,2783,86,H,3329,90
[AUTOPOS] SW-B,A,1814,96,C,2415,100,D,3086,88,E,2339,88,F,1623,92,G,2741,87,H,3373,91
[AUTOPOS] SW-B,A,1759,96,C,2373,100,D,3125,89,E,2401,88,F,1623,92,G,2745,88,H,3360,91
[AUTOPOS] SW-B,A,1675,96,C,2373,100,D,3096,89,E,2344,89,F,1624,93,G,2726,88,H,3372,92
[AUTOPOS] SW-B,A,1812,96,C,2364,96,D,3068,90,E,2325,89,F,1609,93,G,2765,88,H,3312,92
[AUTOPOS] SW-B,A,1762,96,C,2364,96,D,3086,90,E,2410,90,F,1609,93,G,2765,88,H,3164,92
[AUTOPOS] SW-B,A,1737,96,C,2437,93,D,3086,90,E,2354,90,F,1624,90,G,2765,88,H,3156,89
[AUTOPOS] SW-B,A,1728,100,C,2477,94,D,3057,88,E,2354,90,F,1647,94,G,2739,83,H,3170,90
[AUTOPOS] SW-B,A,1783,100,C,2411,94,D,3134,88,E,2357,94,F,1668,94,G,2693,83,H,3198,90
[AUTOPOS] SW-B,A,1748,100,C,2376,94,D,3100,89,E,2313,94,F,1624,94,G,2721,84,H,3255,90
[AUTOPOS] SW-B,A,1748,100,C,2395,95,D,3115,90,E,2416,94,F,1651,95,G,2738,88,H,3179,94
[AUTOPOS] SW-B,A,1742,95,C,2437,95,D,3132,90,E,2458,95,F,1637,95,G,2746,88,H,3306,94
[AUTOPOS] SW-B,A,1770,95,C,2384,95,D,3132,90,E,2458,95,F,1591,95,G,2761,89,H,3301,94
[AUTOPOS] SW-B,A,1770,95,C,2348,95,D,3119,86,E,2458,95,F,1660,95,G,2705,90,H,3254,95
[AUTOPOS] SW-B,A,1715,91,C,2368,95,D,3094,87,E,2384,86,F,1630,95,G,2772,90,H,3247,95
[AUTOPOS] SW-B,A,1850,92,C,2415,96,D,3146,88,E,2384,86,F,1638,96,G,2743,90,H,3365,95
[AUTOPOS] SW-B,A,1750,92,C,2468,96,D,3091,88,E,2303,84,F,1636,96,G,2716,91,H,3315,95
[AUTOPOS] SW-B,A,1819,92,C,2373,96,D,3103,88,E,2418,84,F,1615,96,G,2741,91,H,3382,95
[AUTOPOS] SW-B,A,1729,92,C,2362,96,D,3084,89,E,2385,85,F,1619,96,G,2733,92,H,3307,96
[AUTOPOS] SW-B,A,1751,93,C,2374,96,D,3100,89,E,2300,85,F,1631,96,G,2763,92,H,3352,96
[AUTOPOS] SW-B,A,1842,93,C,2415,96,D,3131,90,E,2330,86,F,1642,96,G,2770,92,H,3368,96
[AUTOPOS] SW-B,A,1827,93,C,2415,96,D,3128,90,E,2390,86,F,1641,96,G,2756,92,H,3265,96
[AUTOPOS] SW-B,A,1721,93,C,2380,93,D,3117,90,E,2344,87,F,1645,96,G,2759,93,H,3328,96
[AUTOPOS] SW-B,A,1780,94,C,2417,94,D,3076,94,E,2415,87,F,1658,100,G,2757,93,H,3199,96
[AUTOPOS] SW-B,A,1766,94,C,2367,94,D,3127,94,E,2330,88,F,1663,100,G,2761,93,H,3199,96
[AUTOPOS] SW-B,A,1765,94,C,2396,94,D,3100,94,E,2347,88,F,1634,100,G,2727,93,H,3313,93
[AUTOPOS] SW-B,A,1839,95,C,2416,95,D,3083,95,E,2337,89,F,1656,100,G,2708,94,H,3343,94
[AUTOPOS] SW-B,A,1672,95,C,2387,95,D,3083,95,E,2385,90,F,1652,100,G,2724,94,H,3219,94
[AUTOPOS] SW-B,A,1774,95,C,2405,95,D,3118,95,E,2296,90,F,1652,100,G,2857,94,H,3231,94
[AUTOPOS] SW-B,A,1800,95,C,2362,95,D,3099,95,E,2340,90,F,1630,95,G,2774,95,H,3270,95
[AUTOPOS] SW-B,A,1737,95,C,2443,95,D,3061,95,E,2436,91,F,1650,95,G,2770,95,H,3162,95
[AUTOPOS] SW-B,A,1685,96,C,2372,96,D,3128,96,E,2313,91,F,1637,96,G,2730,95,H,3193,95
[AUTOPOS] SW-B,A,1667,96,C,2408,96,D,3109,96,E,2322,92,F,1629,96,G,2752,95,H,3267,95
[AUTOPOS] SW-B,A,1771,96,C,2354,96,D,3070,96,E,2347,92,F,1632,96,G,2730,95,H,3230,95
[AUTOPOS] SW-B,A,1759,96,C,2377,96,D,3109,96,E,2357,92,F,1627,96,G,2756,96,H,3317,96
[AUTOPOS] SW-B,A,1738,96,C,2365,96,D,3093,96,E,2338,92,F,1647,96,G,2756,96,H,3334,96
[AUTOPOS] SW-B,A,1717,96,C,2340,96,D,3142,96,E,2414,93,F,1656,96,G,2769,92,H,3397,96
[AUTOPOS] SW-B,A,1789,96,C,2386,96,D,3052,96,E,2328,93,F,1633,96,G,2735,92,H,3343,96
[AUTOPOS] SW-B,A,1844,96,C,2347,96,D,3099,96,E,2326,93,F,1642,96,G,2734,93,H,3331,96
[AUTOPOS] SW-B,A,1778,100,C,2398,100,D,3140,100,E,2403,93,F,1653,100,G,2778,93,H,3279,96
[AUTOPOS] SW-B,A,1717,100,C,2341,100,D,3105,100,E,2344,94,F,1630,100,G,2762,93,H,3243,96
[AUTOPOS] SW-B,A,1806,100,C,2357,100,D,3109,100,E,2374,94,F,1624,100,G,2718,93,H,3293,96
[AUTOPOS] SW-B,A,1789,95,C,2342,100,D,3083,100,E,2400,94,F,1623,100,G,2743,94,H,3340,100
[AUTOPOS] SW-B,A,1711,95,C,2409,100,D,3101,100,E,2419,95,F,1661,100,G,2749,94,H,3320,100
[AUTOPOS] SW-B,A,1712,95,C,2380,100,D,3101,100,E,2390,95,F,1632,100,G,2770,94,H,3360,100
[AUTOPOS] SW-B,A,1765,95,C,2385,100,D,3140,95,E,2335,95,F,1628,100,G,2757,95,H,3374,100
[AUTOPOS] SW-B,A,1773,96,C,2372,100,D,3095,95,E,2334,95,F,1633,100,G,2772,95,H,3344,100
[AUTOPOS] SW-B,A,1761,96,C,2380,100,D,3111,96,E,2397,95,F,1640,100,G,2738,95,H,3366,100
[AUTOPOS] SW-B,A,1713,96,C,2380,100,D,3087,96,E,2360,96,F,1627,100,G,2708,95,H,3349,100
[AUTOPOS] SW-B,A,1786,96,C,2375,96,D,3083,96,E,2388,96,F,1624,100,G,2753,95,H,3304,100
[AUTOPOS] SW-B,A,1768,96,C,2374,96,D,3078,96,E,2385,96,F,1624,100,G,2719,96,H,3244,100
[AUTOPOS] SW-B,A,1747,96,C,2375,96,D,3114,96,E,2435,96,F,1648,96,G,2728,96,H,3245,100
[AUTOPOS] SW-B,A,1782,96,C,2370,96,D,3121,96,E,2329,96,F,1645,96,G,2727,96,H,3200,100
[AUTOPOS] SW-B,A,1769,96,C,2363,96,D,3105,96,E,2355,96,F,1657,96,G,2784,96,H,3239,100
[AUTOPOS] SW-B,A,1802,100,C,2361,96,D,3103,96,E,2424,96,F,1658,96,G,2723,96,H,3258,100
[AUTOPOS] SW-B,A,1737,100,C,2360,100,D,3090,100,E,2380,96,F,1640,100,G,2745,96,H,3284,100
[AUTOPOS] SW-B,A,1786,100,C,2360,100,D,3090,100,E,2433,100,F,1682,100,G,2734,96,H,3231,100
[AUTOPOS] SW-B,A,1740,100,C,2353,94,D,3117,94,E,2336,100,F,1638,100,G,2735,96,H,3385,100
[AUTOPOS] SW-B,A,1785,100,C,2385,95,D,3088,95,E,2414,100,F,1656,100,G,2768,100,H,3218,100
[AUTOPOS] SW-B,A,1772,100,C,2452,95,D,3128,95,E,2345,100,F,1615,100,G,2766,100,H,3343,100
[AUTOPOS] SW-B,A,1738,100,C,2416,95,D,3138,95,E,2345,100,F,1642,100,G,2779,100,H,3343,100
[AUTOPOS] SW-B,A,1790,100,C,2410,95,D,3107,95,E,2433,95,F,1692,100,G,2783,100,H,3295,95
[AUTOPOS] SW-B,A,1768,100,C,2348,95,D,3096,95,E,2354,95,F,1652,100,G,2745,100,H,3315,95
[AUTOPOS] SW-B,A,1800,100,C,2404,96,D,3097,96,E,2321,95,F,1622,100,G,2749,100,H,3365,95
[AUTOPOS] SW-B,A,1808,100,C,2387,96,D,3101,96,E,2310,96,F,1628,100,G,2768,100,H,3295,95
[AUTOPOS] SW-B,A,1723,100,C,2407,96,D,3071,96,E,2419,96,F,1632,100,G,2729,100,H,3265,95
[AUTOPOS] SW-B,A,1783,100,C,2362,96,D,3072,96,E,2351,96,F,1618,96,G,2792,100,H,3377,96
[AUTOPOS] SW-B,A,1803,100,C,2391,96,D,3151,96,E,2434,96,F,1639,96,G,2773,100,H,3339,96
[AUTOPOS] SW-B,A,1727,100,C,2372,96,D,3071,96,E,2434,96,F,1622,96,G,2709,100,H,3339,96
[AUTOPOS] SW-B,A,1708,100,C,2404,96,D,3076,96,E,2353,93,F,1655,96,G,2780,100,H,3275,92
[AUTOPOS] SW-B,A,1764,100,C,2435,96,D,3115,96,E,2390,93,F,1611,100,G,2742,100,H,3275,92
[AUTOPOS] SW-B,A,1760,100,C,2397,100,D,3087,100,E,2358,93,F,1641,100,G,2755,100,H,3321,90
[AUTOPOS] SW-B,A,1710,100,C,2417,100,D,3144,100,E,2340,94,F,1650,100,G,2743,100,H,3350,90
[AUTOPOS] SW-B,A,1798,100,C,2378,100,D,3088,100,E,2359,94,F,1650,100,G,2769,100,H,3247,90
[AUTOPOS] SW-B,A,1798,100,C,2363,100,D,3107,100,E,2347,94,F,1665,100,G,2739,100,H,3273,94
[AUTOPOS] SW-B,A,1701,95,C,2366,100,D,3079,100,E,2370,95,F,1654,100,G,2774,100,H,3151,94
[AUTOPOS] SW-B,A,1734,95,C,2428,100,D,3080,100,E,2422,95,F,1635,100,G,2791,100,H,3220,94
[AUTOPOS] ANCHOR_CTRL[5] notify: SWEEP_DONE master=B sets=1010 role=matrix
END=2026-05-22 16:44:12
