valid=0 age=0 level=0 good=251932 accepted=0 badhdr=3 nonanchor=251929 toolong=0 rxerr=582 rxen_fail=0 rxendebug auto-start after 5000 ms without button
DWM1001C minimal check start
uwb_port_init: start
uwb_port_init: irq configured
uwb_port_init: reset configured
uwb_port_init: done
uwb_port_hw_reset: start
uwb_port_hw_reset: done
DW1000 DEV_ID: 0xdeca0130
DWM1001C SPI check OK
device_id: deca0130
dwt_initialise OK
listener RX-only mode ready; selected anchor A addr=0xa100
listener debug sel=A valid=0 age=0 level=0 good=0 accepted=0 badhdr=0 nonanchor=0 toolong=0 rxerr=0 rxen_fail=0 rxen_last=0 sys_status=0x00800002 sys_state=000505410b rx_finfo=0x00000000 last_status=0x00000000 last_len=0 pan=0x0000 dst=0x0000 src=0x0000 code=0x00
listener debug sel=A valid=0 age=0 level=0 good=0 accepted=0 badhdr=0 nonanchor=0 toolong=0 rxerr=0 rxen_fail=0 rxen_last=0 sys_status=0x00800002 sys_state=000505440b rx_finfo=0x00000000 last_status=0x00000000 last_len=0 pan=0x0000 dst=0x0000 src=0x0000 code=0x00
listener debug sel=A valid=0 age=0 level=0 good=0 accepted=0 badhdr=0 nonanchor=0 toolong=0 rxerr=0 rxen_fail=0 rxen_last=0 sys_status=0x00800002 sys_state=000505410b rx_finfo=0x00000000 last_status=0x00000000 last_len=0 pan=0x0000 dst=0x0000 src=0x0000 code=0x00
listener debug sel=A valid=0 age=0 level=0 good=0 accepted=0 badhdr=0 nonanchor=0 toolong=0 rxerr=0 rxen_fail=0 rxen_last=0 sys_status=0x00800002 sys_state=000505430b rx_finfo=0x00000000 last_status=0x00000000 last_len=0 pan=0x0000 dst=0x0000 src=0x0000 code=0x00
listener debug sel=A valid=0 age=0 level=0 good=0 accepted=0 badhdr=0 nonanchor=0 toolong=0 rxerr=0 rxen_fail=0 rxen_last=0 sys_status=0x00800002 sys_state=000505450b rx_finfo=0x00000000 last_status=0x00000000 last_len=0 pan=0x0000 dst=0x0000 src=0x0000 code=0x00
listener debug sel=A valid=0 age=0 level=0 good=0 accepted=0 badhdr=0 nonanchor=0 toolong=0 rxerr=0 rxen_fail=0 rxen_last=0 sys_status=0x00800002 sys_state=000505480b rx_finfo=0x00000000 last_status=0x00000000 last_len=0 pan=0x0000 dst=0x0000 src=0x0000 code=0x00
listener debug sel=A valid=0 age=0 level=0 good=0 accepted=0 badhdr=0 nonanchor=0 toolong=0 rxerr=0 rxen_fail=0 rxen_last=0 sys_status=0x00800002 sys_state=000505450b rx_finfo=0x00000000 last_status=0x00000000 last_len=0 pan=0x0000 dst=0x0000 src=0x0000 code=0x00
listener debug sel=A valid=0 age=0 level=0 good=0 accepted=0 badhdr=0 nonanchor=0 toolong=0 rxerr=0 rxen_fail=0 rxen_last=0 sys_status=0x00800002 sys_state=000505410b rx_finfo=0x00000000 last_status=0x00000000 last_len=0 pan=0x0000 dst=0x0000 src=0x0000 code=0x00
listener debug sel=A valid=0 age=0 level=0 good=0 accepted=0 badhdr=0 nonanchor=0 toolong=0 rxerr=0 rxen_fail=0 rxen_last=0 sys_status=0x00800002 sys_state=000505470b rx_finfo=0x00000000 last_status=0x00000000 last_len=0 pan=0x0000 dst=0x0000 src=0x0000 code=0x00
listener debug sel=A valid=0 age=0 level=0 good=0 accepted=0 badhdr=0 nonanchor=0 toolong=0 rxerr=0 rxen_fail=0 rxen_last=0 sys_status=0x00800002 sys_state=000505440b rx_finfo=0x00000000 last_status=0x00000000 last_len=0 pan=0x0000 dst=0x0000 src=0x0000 code=0x00
listener debug sel=A valid=0 age=0 level=0 good=0 accepted=0 badhdr=0 nonanchor=0 toolong=0 rxerr=0 rxen_fail=0 rxen_last=0 sys_status=0x00800002 sys_state=000505410b rx_finfo=0x00000000 last_status=0x00000000 last_len=0 pan=0x0000 dst=0x0000 src=0x0000 code=0x00
listener debug sel=A valid=0 age=0 level=0 good=0 accepted=0 badhdr=0 nonanchor=0 toolong=0 rxerr=0 rxen_fail=0 rxen_last=0 sys_status=0x00800002 sys_state=000505450b rx_finfo=0x00000000 last_status=0x00000000 last_len=0 pan=0x0000 dst=0x0000 src=0x0000 code=0x00
listener debug sel=A valid=0 age=0 level=0 good=0 accepted=0 badhdr=0 nonanchor=0 toolong=0 rxerr=0 rxen_fail=0 rxen_last=0 sys_status=0x00800002 sys_state=000505440b rx_finfo=0x00000000 last_status=0x00000000 last_len=0 pan=0x0000 dst=0x0000 src=0x0000 code=0x00
listener debug sel=A valid=0 age=0 level=0 good=0 accepted=0 badhdr=0 nonanchor=0 toolong=0 rxerr=0 rxen_fail=0 rxen_last=0 sys_status=0x00800002 sys_state=000505440b rx_finfo=0x00000000 last_status=0x00000000 last_len=0 pan=0x0000 dst=0x0000 src=0x0000 code=0x00
listener debug sel=A valid=0 age=0 level=0 good=0 accepted=0 badhdr=0 nonanchor=0 toolong=0 rxerr=0 rxen_fail=0 rxen_last=0 sys_status=0x00800002 sys_state=000505410b rx_finfo=0x00000000 last_status=0x00000000 last_len=0 pan=0x0000 dst=0x0000 src=0x0000 code=0x00
listener debug sel=A valid=0 age=0 level=0 good=0 accepted=0 badhdr=0 nonanchor=0 toolong=0 rxerr=0 rxen_fail=0 rxen_last=0 sys_status=0x00800002 sys_state=000505440b rx_finfo=0x00000000 last_status=0x00000000 last_len=0 pan=0x0000 dst=0x0000 src=0x0000 code=0x00
listener debug sel=A valid=0 age=0 level=0 good=0 accepted=0 badhdr=0 nonanchor=0 toolong=0 rxerr=0 rxen_fail=0 rxen_last=0 sys_status=0x00800002 sys_state=000505440b rx_finfo=0x00000000 last_status=0x00000000 last_len=0 pan=0x0000 dst=0x0000 src=0x0000 code=0x00
listener debug sel=A valid=0 age=0 level=0 good=0 accepted=0 badhdr=0 nonanchor=0 toolong=0 rxerr=0 rxen_fail=0 rxen_last=0 sys_status=0x00800002 sys_state=000505480b rx_finfo=0x00000000 last_status=0x00000000 last_len=0 pan=0x0000 dst=0x0000 src=0x0000 code=0x00
listener debug sel=A valid=0 age=0 level=0 good=0 accepted=0 badhdr=0 nonanchor=0 toolong=0 rxerr=0 rxen_fail=0 rxen_last=0 sys_status=0x00800002 sys_state=000505400b rx_finfo=0x00000000 last_status=0x00000000 last_len=0 pan=0x0000 dst=0x0000 src=0x0000 code=0x00
listener debug sel=A valid=0 age=0 level=0 good=0 accepted=0 badhdr=0 nonanchor=0 toolong=0 rxerr=0 rxen_fail=0 rxen_last=0 sys_status=0x00800002 sys_state=000505470b rx_finfo=0x00000000 last_status=0x00000000 last_len=0 pan=0x0000 dst=0x0000 src=0x0000 code=0x00
listener debug sel=A valid=0 age=0 level=0 good=0 accepted=0 badhdr=0 nonanchor=0 toolong=0 rxerr=0 rxen_fail=0 rxen_last=0 sys_status=0x00800002 sys_state=000505400b rx_finfo=0x00000000 last_status=0x00000000 last_len=0 pan=0x0000 dst=0x0000 src=0x0000 code=0x00
listener debug sel=A valid=0 age=0 level=0 good=0 accepted=0 badhdr=0 nonanchor=0 toolong=0 rxerr=0 rxen_fail=0 rxen_last=0 sys_status=0x00800002 sys_state=000505460b rx_finfo=0x00000000 last_status=0x00000000 last_len=0 pan=0x0000 dst=0x0000 src=0x0000 code=0x00
listener debug sel=A valid=0 age=0 level=0 good=0 accepted=0 badhdr=0 nonanchor=0 toolong=0 rxerr=0 rxen_fail=0 rxen_last=0 sys_status=0x00800002 sys_state=000505480b rx_finfo=0x00000000 last_status=0x00000000 last_len=0 pan=0x0000 dst=0x0000 src=0x0000 code=0x00
listener debug sel=A valid=0 age=0 level=0 good=0 accepted=0 badhdr=0 nonanchor=0 toolong=0 rxerr=0 rxen_fail=0 rxen_last=0 sys_status=0x00800002 sys_state=000505410b rx_finfo=0x00000000 last_status=0x00000000 last_len=0 pan=0x0000 dst=0x0000 src=0x0000 code=0x00
listener debug sel=A valid=0 age=0 level=0 good=0 accepted=0 badhdr=0 nonanchor=0 toolong=0 rxerr=0 rxen_fail=0 rxen_last=0 sys_status=0x00800002 sys_state=000505470b rx_finfo=0x00000000 last_status=0x00000000 last_len=0 pan=0x0000 dst=0x0000 src=0x0000 code=0x00
listener debug sel=A valid=0 age=0 level=0 good=0 accepted=0 badhdr=0 nonanchor=0 toolong=0 rxerr=0 rxen_fail=0 rxen_last=0 sys_status=0x00800002 sys_state=000505470b rx_finfo=0x00000000 last_status=0x00000000 last_len=0 pan=0x0000 dst=0x0000 src=0x0000 code=0x00
listener debug sel=A valid=0 age=0 level=0 good=0 accepted=0 badhdr=0 nonanchor=0 toolong=0 rxerr=0 rxen_fail=0 rxen_last=0 sys_status=0x00800002 sys_state=000505430b rx_finfo=0x00000000 last_status=0x00000000 last_len=0 pan=0x0000 dst=0x0000 src=0x0000 code=0x00
listener debug sel=A valid=0 age=0 level=0 good=0 accepted=0 badhdr=0 nonanchor=0 toolong=0 rxerr=0 rxen_fail=0 rxen_last=0 sys_status=0x00800002 sys_state=000505470b rx_finfo=0x00000000 last_status=0x00000000 last_len=0 pan=0x0000 dst=0x0000 src=0x0000 code=0x00
listener debug sel=A valid=0 age=0 level=0 good=0 accepted=0 badhdr=0 nonanchor=0 toolong=0 rxerr=0 rxen_fail=0 rxen_last=0 sys_status=0x00800002 sys_state=000505450b rx_finfo=0x00000000 last_status=0x00000000 last_len=0 pan=0x0000 dst=0x0000 src=0x0000 code=0x00
listener debug sel=A valid=0 age=0 level=0 good=0 accepted=0 badhdr=0 nonanchor=0 toolong=0 rxerr=0 rxen_fail=0 rxen_last=0 sys_status=0x00800002 sys_state=000505440b rx_finfo=0x00000000 last_status=0x00000000 last_len=0 pan=0x0000 dst=0x0000 src=0x0000 code=0x00
listener debug sel=A valid=0 age=0 level=0 good=0 accepted=0 badhdr=0 nonanchor=0 toolong=0 rxerr=0 rxen_fail=0 rxen_last=0 sys_status=0x00800002 sys_state=000505430b rx_finfo=0x00000000 last_status=0x00000000 last_len=0 pan=0x0000 dst=0x0000 src=0x0000 code=0x00
listener debug sel=A valid=0 age=0 level=0 good=0 accepted=0 badhdr=0 nonanchor=0 toolong=0 rxerr=0 rxen_fail=0 rxen_last=0 sys_status=0x00800002 sys_state=000505410b rx_finfo=0x00000000 last_status=0x00000000 last_len=0 pan=0x0000 dst=0x0000 src=0x0000 code=0x00
listener debug sel=A valid=0 age=0 level=0 good=0 accepted=0 badhdr=0 nonanchor=0 toolong=0 rxerr=0 rxen_fail=0 rxen_last=0 sys_status=0x00800002 sys_state=000505430b rx_finfo=0x00000000 last_status=0x00000000 last_len=0 pan=0x0000 dst=0x0000 src=0x0000 code=0x00
listener debug sel=A valid=0 age=0 level=0 good=0 accepted=0 badhdr=0 nonanchor=0 toolong=0 rxerr=0 rxen_fail=0 rxen_last=0 sys_status=0x00800002 sys_state=000505460b rx_finfo=0x00000000 last_status=0x00000000 last_len=0 pan=0x0000 dst=0x0000 src=0x0000 code=0x00
listener debug sel=A valid=0 age=0 level=0 good=0 accepted=0 badhdr=0 nonanchor=0 toolong=0 rxerr=0 rxen_fail=0 rxen_last=0 sys_status=0x00800002 sys_state=000505460b rx_finfo=0x00000000 last_status=0x00000000 last_len=0 pan=0x0000 dst=0x0000 src=0x0000 code=0x00
listener debug sel=A valid=0 age=0 level=0 good=0 accepted=0 badhdr=0 nonanchor=0 toolong=0 rxerr=0 rxen_fail=0 rxen_last=0 sys_status=0x00800002 sys_state=000505460b rx_finfo=0x00000000 last_status=0x00000000 last_len=0 pan=0x0000 dst=0x0000 src=0x0000 code=0x00
listener debug sel=A valid=0 age=0 level=0 good=0 accepted=0 badhdr=0 nonanchor=0 toolong=0 rxerr=0 rxen_fail=0 rxen_last=0 sys_status=0x00800002 sys_state=000505480b rx_finfo=0x00000000 last_status=0x00000000 last_len=0 pan=0x0000 dst=0x0000 src=0x0000 code=0x00
listener debug sel=A valid=0 age=0 level=0 good=0 accepted=0 badhdr=0 nonanchor=0 toolong=0 rxerr=0 rxen_fail=0 rxen_last=0 sys_status=0x00800002 sys_state=000505440b rx_finfo=0x00000000 last_status=0x00000000 last_len=0 pan=0x0000 dst=0x0000 src=0x0000 code=0x00
listener debug sel=A valid=0 age=0 level=0 good=0 accepted=0 badhdr=0 nonanchor=0 toolong=0 rxerr=0 rxen_fail=0 rxen_last=0 sys_status=0x00800002 sys_state=000505440b rx_finfo=0x00000000 last_status=0x00000000 last_len=0 pan=0x0000 dst=0x0000 src=0x0000 code=0x00
listener debug sel=A valid=0 age=0 level=0 good=0 accepted=0 badhdr=0 nonanchor=0 toolong=0 rxerr=0 rxen_fail=0 rxen_last=0 sys_status=0x00800002 sys_state=000505430b rx_finfo=0x00000000 last_status=0x00000000 last_len=0 pan=0x0000 dst=0x0000 src=0x0000 code=0x00
listener debug sel=A valid=0 age=0 level=0 good=0 accepted=0 badhdr=0 nonanchor=0 toolong=0 rxerr=0 rxen_fail=0 rxen_last=0 sys_status=0x00800002 sys_state=000505450b rx_finfo=0x00000000 last_status=0x00000000 last_len=0 pan=0x0000 dst=0x0000 src=0x0000 code=0x00
listener debug sel=A valid=0 age=0 level=0 good=0 accepted=0 badhdr=0 nonanchor=0 toolong=0 rxerr=0 rxen_fail=0 rxen_last=0 sys_status=0x00800002 sys_state=000505460b rx_finfo=0x00000000 last_status=0x00000000 last_len=0 pan=0x0000 dst=0x0000 src=0x0000 code=0x00
listener debug sel=A valid=0 age=0 level=0 good=0 accepted=0 badhdr=0 nonanchor=0 toolong=0 rxerr=0 rxen_fail=0 rxen_last=0 sys_status=0x00800002 sys_state=000505410b rx_finfo=0x00000000 last_status=0x00000000 last_len=0 pan=0x0000 dst=0x0000 src=0x0000 code=0x00
listener debug sel=A valid=0 age=0 level=0 good=0 accepted=0 badhdr=0 nonanchor=0 toolong=0 rxerr=0 rxen_fail=0 rxen_last=0 sys_status=0x00800002 sys_state=000505400b rx_finfo=0x00000000 last_status=0x00000000 last_len=0 pan=0x0000 dst=0x0000 src=0x0000 code=0x00
listener debug sel=A valid=0 age=0 level=0 good=0 accepted=0 badhdr=0 nonanchor=0 toolong=0 rxerr=0 rxen_fail=0 rxen_last=0 sys_status=0x00800002 sys_state=000505400b rx_finfo=0x00000000 last_status=0x00000000 last_len=0 pan=0x0000 dst=0x0000 src=0x0000 code=0x00
listener debug sel=A valid=0 age=0 level=0 good=0 accepted=0 badhdr=0 nonanchor=0 toolong=0 rxerr=0 rxen_fail=0 rxen_last=0 sys_status=0x00800002 sys_state=000505410b rx_finfo=0x00000000 last_status=0x00000000 last_len=0 pan=0x0000 dst=0x0000 src=0x0000 code=0x00
listener debug sel=A valid=0 age=0 level=0 good=0 accepted=0 badhdr=0 nonanchor=0 toolong=0 rxerr=0 rxen_fail=0 rxen_last=0 sys_status=0x00800002 sys_state=000505400b rx_finfo=0x00000000 last_status=0x00000000 last_len=0 pan=0x0000 dst=0x0000 src=0x0000 code=0x00
listener debug sel=A valid=0 age=0 level=0 good=0 accepted=0 badhdr=0 nonanchor=0 toolong=0 rxerr=0 rxen_fail=0 rxen_last=0 sys_status=0x00800002 sys_state=000505460b rx_finfo=0x00000000 last_status=0x00000000 last_len=0 pan=0x0000 dst=0x0000 src=0x0000 code=0x00
listener debug sel=A valid=0 age=0 level=0 good=0 accepted=0 badhdr=0 nonanchor=0 toolong=0 rxerr=0 rxen_fail=0 rxen_last=0 sys_status=0x00800002 sys_state=000505470b rx_finfo=0x00000000 last_status=0x00000000 last_len=0 pan=0x0000 dst=0x0000 src=0x0000 code=0x00
listener debug sel=A valid=0 age=0 level=0 good=0 accepted=0 badhdr=0 nonanchor=0 toolong=0 rxerr=0 rxen_fail=0 rxen_last=0 sys_status=0x00800002 sys_state=000505450b rx_finfo=0x00000000 last_status=0x00000000 last_len=0 pan=0x0000 dst=0x0000 src=0x0000 code=0x00
listener debug sel=A valid=0 age=0 level=0 good=0 accepted=0 badhdr=0 nonanchor=0 toolong=0 rxerr=0 rxen_fail=0 rxen_last=0 sys_status=0x00800002 sys_state=000505470b rx_finfo=0x00000000 last_status=0x00000000 last_len=0 pan=0x0000 dst=0x0000 src=0x0000 code=0x00
listener debug sel=A valid=0 age=0 level=0 good=0 accepted=0 badhdr=0 nonanchor=0 toolong=0 rxerr=0 rxen_fail=0 rxen_last=0 sys_status=0x00800002 sys_state=000505400b rx_finfo=0x00000000 last_status=0x00000000 last_len=0 pan=0x0000 dst=0x0000 src=0x0000 code=0x00
listener debug sel=A valid=0 age=0 level=0 good=0 accepted=0 badhdr=0 nonanchor=0 toolong=0 rxerr=0 rxen_fail=0 rxen_last=0 sys_status=0x00800002 sys_state=000505400b rx_finfo=0x00000000 last_status=0x00000000 last_len=0 pan=0x0000 dst=0x0000 src=0x0000 code=0x00
listener debug sel=A valid=0 age=0 level=0 good=0 accepted=0 badhdr=0 nonanchor=0 toolong=0 rxerr=0 rxen_fail=0 rxen_last=0 sys_status=0x00800002 sys_state=000505430b rx_finfo=0x00000000 last_status=0x00000000 last_len=0 pan=0x0000 dst=0x0000 src=0x0000 code=0x00
listener debug sel=A valid=0 age=0 level=0 good=0 accepted=0 badhdr=0 nonanchor=0 toolong=0 rxerr=0 rxen_fail=0 rxen_last=0 sys_status=0x00800002 sys_state=000505450b rx_finfo=0x00000000 last_status=0x00000000 last_len=0 pan=0x0000 dst=0x0000 src=0x0000 code=0x00
