PORT=/dev/serial/by-id/usb-BioSpur_BioSpur_BLE_Control_87EA2F4A526C5A02-if00
START=2026-04-25 22:40:57
VERIFY: prepare AUTOPOS control plane for all-responder runtime verification
VERIFY: force anchor target before AUTOPOS preflight
>>> device kind anchor
OTA NUS stage: disabled
[RECV] One-shot NUS command cleared (runtime)
[RECV] Mode switch preflight: disconnect requests=3
[RECV] device kind set: anchor (OTA target defaults reset)
[RECV] Master discovery mode: CONN & START
[RECV] Peer clear wait: waited=0 conn_count=3 ready_count=0
[RECV] Peer clear wait timeout: conn_count=3 ready_count=0
[RECV] SCAN start req: bt_ready=1 scan_running=0 connecting_slot=-1 conn_count=3 target=anchor prefix=ANCHOR-
[RECV] Scanning for ANCHOR-*
[RECV] System target: kind=anchor caps=0x0b (config=1 ota=1 stream=0 status=1)
OTA target filter: token=-1 name=- prefix=BS uuid=-
[RECV] Disconnected[1]: D5:53:48:EF:8F:59 (random) reason=0x16 link=nus ready=1
[RECV] CFG send failed[2]: tag=1 slot=0 err=-128
[RECV] TDMA weighted[0]: bs=BS2DCE profile=motion target=5Hz mask=0x0021 slots=2/10 actual_x100=500 epoch_delay=3000
[RECV] CFG send failed[0]: tag=2 slot=3 err=-128
[RECV] TDMA weighted[1]: bs=BSF66F profile=motion target=5Hz mask=0x0108 slots=2/10 actual_x100=500 epoch_delay=2999
[RECV] Disconnected[2]: FF:5E:D2:80:EA:D2 (random) reason=0x16 link=nus ready=1
[RECV] CFG send failed[0]: tag=1 slot=0 err=-128
[RECV] TDMA weighted[0]: bs=BSF66F profile=motion target=5Hz mask=0x0021 slots=2/10 actual_x100=500 epoch_delay=3000
[RECV] Disconnected[0]: FC:9A:15:34:AB:20 (random) reason=0x16 link=nus ready=1
>>> mode recv
[RECV] One-shot NUS command cleared (runtime)
[RECV] Peer clear wait: waited=0 conn_count=0 ready_count=0
[RECV] Master discovery mode: CONN & START
[RECV] SCAN start req: bt_ready=1 scan_running=0 connecting_slot=-1 conn_count=0 target=anchor prefix=ANCHOR-
[RECV] Scanning for ANCHOR-*
[RECV] RECV clean slate prepared
>>> device kind anchor
OTA NUS stage: disabled
[RECV] One-shot NUS command cleared (runtime)
[RECV] Mode switch preflight: disconnect requests=0
[RECV] device kind set: anchor (OTA target defaults reset)
[RECV] Master discovery mode: CONN & START
[RECV] Peer clear wait: waited=0 conn_count=0 ready_count=0
[RECV] SCAN start req: bt_ready=1 scan_running=0 connecting_slot=-1 conn_count=0 target=anchor prefix=ANCHOR-
[RECV] Scanning for ANCHOR-*
[RECV] System target: kind=anchor caps=0x0b (config=1 ota=1 stream=0 status=1)
OTA target filter: token=-1 name=- prefix=BS uuid=-
VERIFY: enter AUTOPOS attempt=1/3
>>> mode autopos
[AUTOPOS] Control mode staged: AUTOPOS
[AUTOPOS] Master discovery mode: CONN & START
[AUTOPOS] Peer clear wait: waited=0 conn_count=0 ready_count=0
[AUTOPOS] SCAN start req: bt_ready=1 scan_running=0 connecting_slot=-1 conn_count=0 target=anchor prefix=ANCHOR-
[AUTOPOS] Scanning for ANCHOR-*
[AUTOPOS] AUTOPOS: mode=AUTOPOS state=idle staged=- last_success=- sets=0 error=-
[AUTOPOS] SCAN hit: FD:64:2E:93:37:86 (random) rssi=-71 name=- bs=- uuid=CEE5A7EFCB35F8A56B430047629F5309 target=anchor uuid_ok=1 tag_name=0 anchor_name=0 nus=0 dfu=0 token=0 props=0x03
[AUTOPOS] CONNECT queue[0]: addr=FD:64:2E:93:37:86 (random) link=anchor-ctrl uuid=CEE5A7EFCB35F8A56B430047629F5309 target=anchor
[AUTOPOS] SCAN hit: E3:77:2C:61:AA:19 (random) rssi=-70 name=- bs=- uuid=1EABFBEC28B8053FBB0D5C448112AE93 target=anchor uuid_ok=1 tag_name=0 anchor_name=0 nus=0 dfu=0 token=0 props=0x03
[AUTOPOS] CONNECT queue[1]: addr=E3:77:2C:61:AA:19 (random) link=anchor-ctrl uuid=1EABFBEC28B8053FBB0D5C448112AE93 target=anchor
[AUTOPOS] SCAN hit: E9:CB:F3:C4:51:43 (random) rssi=-60 name=- bs=- uuid=840C68591E90019821AACFF1B73AAA34 target=anchor uuid_ok=1 tag_name=0 anchor_name=0 nus=0 dfu=0 token=0 props=0x03
[AUTOPOS] CONNECT queue[2]: addr=E9:CB:F3:C4:51:43 (random) link=anchor-ctrl uuid=840C68591E90019821AACFF1B73AAA34 target=anchor
[AUTOPOS] SCAN hit: F2:B7:4E:8A:79:01 (random) rssi=-55 name=- bs=- uuid=4DC6B8187E33803AE8601FB0D7992B96 target=anchor uuid_ok=1 tag_name=0 anchor_name=0 nus=0 dfu=0 token=0 props=0x03
[AUTOPOS] CONNECT queue[3]: addr=F2:B7:4E:8A:79:01 (random) link=anchor-ctrl uuid=4DC6B8187E33803AE8601FB0D7992B96 target=anchor
[AUTOPOS] SCAN hit: EC:9F:55:9D:7E:A1 (random) rssi=-64 name=- bs=- uuid=B3087BC3D87CCCD316AEDC6B71D6677F target=anchor uuid_ok=1 tag_name=0 anchor_name=0 nus=0 dfu=0 token=0 props=0x03
[AUTOPOS] CONNECT queue[4]: addr=EC:9F:55:9D:7E:A1 (random) link=anchor-ctrl uuid=B3087BC3D87CCCD316AEDC6B71D6677F target=anchor
[AUTOPOS] CONNECT pending[0]: addr_valid=1 link=anchor-ctrl uuid=CEE5A7EFCB35F8A56B430047629F5309 scan_running=1 conn_count=0
[AUTOPOS] CONNECT pending[0]: bt_le_scan_stop rc=0 scan_running=1
[AUTOPOS] CONNECT pending[0] rc=0 conn=0x20002020
[AUTOPOS] Connected[0]: FD:64:2E:93:37:86 (random) name=- bs=-
[AUTOPOS] CONNECT state[0]: link=anchor-ctrl uuid=CEE5A7EFCB35F8A56B430047629F5309 ready=0 conn=0x20002020
SETUP[0] defer: waiting 892 ms before discovery start
SETUP[0] defer: waiting 842 ms before discovery start
SETUP[0] defer: waiting 791 ms before discovery start
SETUP[0] defer: waiting 741 ms before discovery start
SETUP[0] defer: waiting 691 ms before discovery start
SETUP[0] defer: waiting 640 ms before discovery start
SETUP[0] defer: waiting 590 ms before discovery start
SETUP[0] defer: waiting 540 ms before discovery start
SETUP[0] defer: waiting 489 ms before discovery start
SETUP[0] defer: waiting 439 ms before discovery start
SETUP[0] defer: waiting 389 ms before discovery start
SETUP[0] defer: waiting 338 ms before discovery start
SETUP[0] defer: waiting 288 ms before discovery start
SETUP[0] defer: waiting 238 ms before discovery start
SETUP[0] defer: waiting 187 ms before discovery start
SETUP[0] defer: waiting 137 ms before discovery start
SETUP[0] defer: waiting 87 ms before discovery start
SETUP[0] defer: waiting 36 ms before discovery start
SETUP[0] begin: link=anchor-ctrl uuid=CEE5A7EFCB35F8A56B430047629F5309 conn=0x20002020
SETUP[0] mtu_exchange rc=0
SETUP[0] phy_update rc=0
SETUP[0] conn_param_update rc=0
[AUTOPOS] DISC start[0]: link=anchor-ctrl uuid=CEE5A7EFCB35F8A56B430047629F5309 conn=0x20002020
[AUTOPOS] MTU exchange[0] done (498)
[AUTOPOS] PHY updated[0]: tx=0x2 rx=0x2
[AUTOPOS] Conn param updated[0]: int=6 lat=0 to=400
[AUTOPOS] DISC complete[0]: link=anchor-ctrl discovered_service=2800 uuid=CEE5A7EFCB35F8A56B430047629F5309
[AUTOPOS] DISC anchor service found[0]: uuid=CEE5A7EFCB35F8A56B430047629F5309
[AUTOPOS] Anchor ctrl state subscribe[0] rc=0
[AUTOPOS] Anchor ctrl result subscribe[0] rc=0
[AUTOPOS] ANCHOR_CTRL[0] link ready handle=0x0019 result=0x001b uuid=CEE5A7EFCB35F8A56B430047629F5309
[AUTOPOS] CONNECT pending[1]: addr_valid=1 link=anchor-ctrl uuid=1EABFBEC28B8053FBB0D5C448112AE93 scan_running=0 conn_count=1
[AUTOPOS] CONNECT pending[1] rc=0 conn=0x200020f0
[AUTOPOS] Connected[1]: E3:77:2C:61:AA:19 (random) name=- bs=-
[AUTOPOS] CONNECT state[1]: link=anchor-ctrl uuid=1EABFBEC28B8053FBB0D5C448112AE93 ready=0 conn=0x200020f0
SETUP[1] defer: waiting 858 ms before discovery start
SETUP[1] defer: waiting 807 ms before discovery start
SETUP[1] defer: waiting 757 ms before discovery start
SETUP[1] defer: waiting 707 ms before discovery start
SETUP[1] defer: waiting 656 ms before discovery start
SETUP[1] defer: waiting 606 ms before discovery start
SETUP[1] defer: waiting 556 ms before discovery start
SETUP[1] defer: waiting 505 ms before discovery start
SETUP[1] defer: waiting 455 ms before discovery start
SETUP[1] defer: waiting 405 ms before discovery start
SETUP[1] defer: waiting 354 ms before discovery start
SETUP[1] defer: waiting 304 ms before discovery start
SETUP[1] defer: waiting 254 ms before discovery start
SETUP[1] defer: waiting 203 ms before discovery start
SETUP[1] defer: waiting 153 ms before discovery start
SETUP[1] defer: waiting 103 ms before discovery start
SETUP[1] defer: waiting 52 ms before discovery start
SETUP[1] defer: waiting 2 ms before discovery start
SETUP[1] begin: link=anchor-ctrl uuid=1EABFBEC28B8053FBB0D5C448112AE93 conn=0x200020f0
SETUP[1] mtu_exchange rc=0
SETUP[1] phy_update rc=0
SETUP[1] conn_param_update rc=0
[AUTOPOS] DISC start[1]: link=anchor-ctrl uuid=1EABFBEC28B8053FBB0D5C448112AE93 conn=0x200020f0
[AUTOPOS] MTU exchange[1] done (498)
[AUTOPOS] Conn param updated[1]: int=6 lat=0 to=400
[AUTOPOS] PHY updated[1]: tx=0x2 rx=0x2
[AUTOPOS] DISC complete[1]: link=anchor-ctrl discovered_service=2800 uuid=1EABFBEC28B8053FBB0D5C448112AE93
[AUTOPOS] DISC anchor service found[1]: uuid=1EABFBEC28B8053FBB0D5C448112AE93
[AUTOPOS] Anchor ctrl state subscribe[1] rc=0
[AUTOPOS] Anchor ctrl result subscribe[1] rc=0
[AUTOPOS] ANCHOR_CTRL[1] link ready handle=0x0019 result=0x001b uuid=1EABFBEC28B8053FBB0D5C448112AE93
[AUTOPOS] CONNECT pending[2]: addr_valid=1 link=anchor-ctrl uuid=840C68591E90019821AACFF1B73AAA34 scan_running=0 conn_count=2
[AUTOPOS] CONNECT pending[2] rc=0 conn=0x200021c0
[AUTOPOS] Connected[2]: E9:CB:F3:C4:51:43 (random) name=- bs=-
[AUTOPOS] CONNECT state[2]: link=anchor-ctrl uuid=840C68591E90019821AACFF1B73AAA34 ready=0 conn=0x200021c0
SETUP[2] defer: waiting 883 ms before discovery start
SETUP[2] defer: waiting 832 ms before discovery start
SETUP[2] defer: waiting 782 ms before discovery start
SETUP[2] defer: waiting 732 ms before discovery start
SETUP[2] defer: waiting 681 ms before discovery start
SETUP[2] defer: waiting 631 ms before discovery start
SETUP[2] defer: waiting 581 ms before discovery start
SETUP[2] defer: waiting 530 ms before discovery start
SETUP[2] defer: waiting 480 ms before discovery start
SETUP[2] defer: waiting 430 ms before discovery start
SETUP[2] defer: waiting 379 ms before discovery start
SETUP[2] defer: waiting 329 ms before discovery start
SETUP[2] defer: waiting 279 ms before discovery start
SETUP[2] defer: waiting 228 ms before discovery start
SETUP[2] defer: waiting 178 ms before discovery start
SETUP[2] defer: waiting 128 ms before discovery start
SETUP[2] defer: waiting 77 ms before discovery start
SETUP[2] defer: waiting 27 ms before discovery start
SETUP[2] begin: link=anchor-ctrl uuid=840C68591E90019821AACFF1B73AAA34 conn=0x200021c0
SETUP[2] mtu_exchange rc=0
SETUP[2] phy_update rc=0
SETUP[2] conn_param_update rc=0
[AUTOPOS] DISC start[2]: link=anchor-ctrl uuid=840C68591E90019821AACFF1B73AAA34 conn=0x200021c0
[AUTOPOS] MTU exchange[2] done (498)
[AUTOPOS] Conn param updated[2]: int=6 lat=0 to=400
[AUTOPOS] PHY updated[2]: tx=0x2 rx=0x2
[AUTOPOS] DISC complete[2]: link=anchor-ctrl discovered_service=2800 uuid=840C68591E90019821AACFF1B73AAA34
[AUTOPOS] DISC anchor service found[2]: uuid=840C68591E90019821AACFF1B73AAA34
[AUTOPOS] Anchor ctrl state subscribe[2] rc=0
[AUTOPOS] Anchor ctrl result subscribe[2] rc=0
[AUTOPOS] ANCHOR_CTRL[2] link ready handle=0x0019 result=0x001b uuid=840C68591E90019821AACFF1B73AAA34
[AUTOPOS] CONNECT pending[3]: addr_valid=1 link=anchor-ctrl uuid=4DC6B8187E33803AE8601FB0D7992B96 scan_running=0 conn_count=3
[AUTOPOS] CONNECT pending[3] rc=0 conn=0x20002290
[AUTOPOS] Connected[3]: F2:B7:4E:8A:79:01 (random) name=- bs=-
[AUTOPOS] CONNECT state[3]: link=anchor-ctrl uuid=4DC6B8187E33803AE8601FB0D7992B96 ready=0 conn=0x20002290
SETUP[3] defer: waiting 890 ms before discovery start
SETUP[3] defer: waiting 839 ms before discovery start
SETUP[3] defer: waiting 789 ms before discovery start
SETUP[3] defer: waiting 739 ms before discovery start
SETUP[3] defer: waiting 688 ms before discovery start
SETUP[3] defer: waiting 638 ms before discovery start
[AUTOPOS] Conn param updated[0]: int=6 lat=0 to=400
SETUP[3] defer: waiting 588 ms before discovery start
SETUP[3] defer: waiting 537 ms before discovery start
SETUP[3] defer: waiting 487 ms before discovery start
SETUP[3] defer: waiting 437 ms before discovery start
SETUP[3] defer: waiting 386 ms before discovery start
SETUP[3] defer: waiting 336 ms before discovery start
SETUP[3] defer: waiting 286 ms before discovery start
SETUP[3] defer: waiting 235 ms before discovery start
SETUP[3] defer: waiting 185 ms before discovery start
SETUP[3] defer: waiting 135 ms before discovery start
SETUP[3] defer: waiting 84 ms before discovery start
SETUP[3] defer: waiting 34 ms before discovery start
SETUP[3] begin: link=anchor-ctrl uuid=4DC6B8187E33803AE8601FB0D7992B96 conn=0x20002290
SETUP[3] mtu_exchange rc=0
SETUP[3] phy_update rc=0
SETUP[3] conn_param_update rc=0
[AUTOPOS] DISC start[3]: link=anchor-ctrl uuid=4DC6B8187E33803AE8601FB0D7992B96 conn=0x20002290
[AUTOPOS] MTU exchange[3] done (498)
[AUTOPOS] Conn param updated[3]: int=6 lat=0 to=400
[AUTOPOS] PHY updated[3]: tx=0x2 rx=0x2
[AUTOPOS] Conn param updated[1]: int=6 lat=0 to=400
[AUTOPOS] DISC complete[3]: link=anchor-ctrl discovered_service=2800 uuid=4DC6B8187E33803AE8601FB0D7992B96
[AUTOPOS] DISC anchor service found[3]: uuid=4DC6B8187E33803AE8601FB0D7992B96
[AUTOPOS] Anchor ctrl state subscribe[3] rc=0
[AUTOPOS] Anchor ctrl result subscribe[3] rc=0
[AUTOPOS] ANCHOR_CTRL[3] link ready handle=0x0019 result=0x001b uuid=4DC6B8187E33803AE8601FB0D7992B96
[AUTOPOS] CONNECT pending[4]: addr_valid=1 link=anchor-ctrl uuid=B3087BC3D87CCCD316AEDC6B71D6677F scan_running=0 conn_count=4
[AUTOPOS] CONNECT pending[4] rc=0 conn=0x20002360
[AUTOPOS] Connected[4]: EC:9F:55:9D:7E:A1 (random) name=- bs=-
[AUTOPOS] CONNECT state[4]: link=anchor-ctrl uuid=B3087BC3D87CCCD316AEDC6B71D6677F ready=0 conn=0x20002360
SETUP[4] defer: waiting 876 ms before discovery start
SETUP[4] defer: waiting 826 ms before discovery start
SETUP[4] defer: waiting 775 ms before discovery start
SETUP[4] defer: waiting 725 ms before discovery start
SETUP[4] defer: waiting 675 ms before discovery start
SETUP[4] defer: waiting 624 ms before discovery start
SETUP[4] defer: waiting 574 ms before discovery start
SETUP[4] defer: waiting 524 ms before discovery start
SETUP[4] defer: waiting 473 ms before discovery start
SETUP[4] defer: waiting 423 ms before discovery start
SETUP[4] defer: waiting 373 ms before discovery start
SETUP[4] defer: waiting 322 ms before discovery start
SETUP[4] defer: waiting 272 ms before discovery start
SETUP[4] defer: waiting 222 ms before discovery start
SETUP[4] defer: waiting 171 ms before discovery start
SETUP[4] defer: waiting 121 ms before discovery start
SETUP[4] defer: waiting 71 ms before discovery start
SETUP[4] defer: waiting 21 ms before discovery start
SETUP[4] begin: link=anchor-ctrl uuid=B3087BC3D87CCCD316AEDC6B71D6677F conn=0x20002360
SETUP[4] mtu_exchange rc=0
SETUP[4] phy_update rc=0
SETUP[4] conn_param_update rc=0
[AUTOPOS] DISC start[4]: link=anchor-ctrl uuid=B3087BC3D87CCCD316AEDC6B71D6677F conn=0x20002360
[AUTOPOS] MTU exchange[4] done (498)
[AUTOPOS] Conn param updated[4]: int=6 lat=0 to=400
[AUTOPOS] PHY updated[4]: tx=0x2 rx=0x2
[AUTOPOS] Conn param updated[2]: int=6 lat=0 to=400
[AUTOPOS] DISC complete[4]: link=anchor-ctrl discovered_service=2800 uuid=B3087BC3D87CCCD316AEDC6B71D6677F
[AUTOPOS] DISC anchor service found[4]: uuid=B3087BC3D87CCCD316AEDC6B71D6677F
[AUTOPOS] Anchor ctrl state subscribe[4] rc=0
[AUTOPOS] Anchor ctrl result subscribe[4] rc=0
[AUTOPOS] ANCHOR_CTRL[4] link ready handle=0x0019 result=0x001b uuid=B3087BC3D87CCCD316AEDC6B71D6677F
[AUTOPOS] SCAN start req: bt_ready=1 scan_running=0 connecting_slot=-1 conn_count=5 target=anchor prefix=ANCHOR-
[AUTOPOS] Scanning for ANCHOR-*
[AUTOPOS] SCAN hit: F1:B3:DF:83:B1:C9 (random) rssi=-81 name=- bs=- uuid=AB14CCA262A092E70EB26B0ACB0A394B target=anchor uuid_ok=1 tag_name=0 anchor_name=0 nus=0 dfu=0 token=0 props=0x03
[AUTOPOS] CONNECT queue[5]: addr=F1:B3:DF:83:B1:C9 (random) link=anchor-ctrl uuid=AB14CCA262A092E70EB26B0ACB0A394B target=anchor
[AUTOPOS] SCAN hit: D9:C7:9C:16:71:C9 (random) rssi=-67 name=- bs=- uuid=A892AF05DD59CF0D0D3408AD74F364A1 target=anchor uuid_ok=1 tag_name=0 anchor_name=0 nus=0 dfu=0 token=0 props=0x03
[AUTOPOS] CONNECT queue[6]: addr=D9:C7:9C:16:71:C9 (random) link=anchor-ctrl uuid=A892AF05DD59CF0D0D3408AD74F364A1 target=anchor
[AUTOPOS] SCAN hit: C0:1D:D1:D0:CE:B0 (random) rssi=-62 name=- bs=- uuid=B9179575C776C98F1CB132DD6EDC6223 target=anchor uuid_ok=1 tag_name=0 anchor_name=0 nus=0 dfu=0 token=0 props=0x03
[AUTOPOS] CONNECT queue[7]: addr=C0:1D:D1:D0:CE:B0 (random) link=anchor-ctrl uuid=B9179575C776C98F1CB132DD6EDC6223 target=anchor
[AUTOPOS] CONNECT pending[5]: addr_valid=1 link=anchor-ctrl uuid=AB14CCA262A092E70EB26B0ACB0A394B scan_running=1 conn_count=5
[AUTOPOS] CONNECT pending[5]: bt_le_scan_stop rc=0 scan_running=1
[AUTOPOS] CONNECT pending[5] rc=0 conn=0x20002430
[AUTOPOS] Connected[5]: F1:B3:DF:83:B1:C9 (random) name=- bs=-
[AUTOPOS] CONNECT state[5]: link=anchor-ctrl uuid=AB14CCA262A092E70EB26B0ACB0A394B ready=0 conn=0x20002430
SETUP[5] defer: waiting 897 ms before discovery start
SETUP[5] defer: waiting 847 ms before discovery start
SETUP[5] defer: waiting 797 ms before discovery start
SETUP[5] defer: waiting 746 ms before discovery start
SETUP[5] defer: waiting 696 ms before discovery start
SETUP[5] defer: waiting 646 ms before discovery start
SETUP[5] defer: waiting 595 ms before discovery start
SETUP[5] defer: waiting 545 ms before discovery start
SETUP[5] defer: waiting 495 ms before discovery start
SETUP[5] defer: waiting 444 ms before discovery start
[AUTOPOS] Conn param updated[3]: int=6 lat=0 to=400
SETUP[5] defer: waiting 394 ms before discovery start
SETUP[5] defer: waiting 344 ms before discovery start
SETUP[5] defer: waiting 294 ms before discovery start
SETUP[5] defer: waiting 243 ms before discovery start
SETUP[5] defer: waiting 193 ms before discovery start
SETUP[5] defer: waiting 143 ms before discovery start
SETUP[5] defer: waiting 92 ms before discovery start
SETUP[5] defer: waiting 42 ms before discovery start
SETUP[5] begin: link=anchor-ctrl uuid=AB14CCA262A092E70EB26B0ACB0A394B conn=0x20002430
SETUP[5] mtu_exchange rc=0
SETUP[5] phy_update rc=0
SETUP[5] conn_param_update rc=0
[AUTOPOS] DISC start[5]: link=anchor-ctrl uuid=AB14CCA262A092E70EB26B0ACB0A394B conn=0x20002430
[AUTOPOS] MTU exchange[5] done (498)
[AUTOPOS] Conn param updated[5]: int=6 lat=0 to=400
>>> status
[AUTOPOS] Control status: mode=AUTOPOS pending=0
[AUTOPOS] PHY updated[5]: tx=0x2 rx=0x2
VERIFY: AUTOPOS anchor control plane active
>>> autopos map A 4DC6B8187E33803AE8601FB0D7992B96
[AUTOPOS] Conn param updated[4]: int=6 lat=0 to=400
[AUTOPOS] AUTOPOS map set: A=4DC6B8187E33803AE8601FB0D7992B96
[AUTOPOS] DISC complete[5]: link=anchor-ctrl discovered_service=2800 uuid=AB14CCA262A092E70EB26B0ACB0A394B
[AUTOPOS] DISC anchor service found[5]: uuid=AB14CCA262A092E70EB26B0ACB0A394B
[AUTOPOS] Anchor ctrl state subscribe[5] rc=0
[AUTOPOS] Anchor ctrl result subscribe[5] rc=0
[AUTOPOS] ANCHOR_CTRL[5] link ready handle=0x0019 result=0x001b uuid=AB14CCA262A092E70EB26B0ACB0A394B
[AUTOPOS] CONNECT pending[6]: addr_valid=1 link=anchor-ctrl uuid=A892AF05DD59CF0D0D3408AD74F364A1 scan_running=0 conn_count=6
[AUTOPOS] CONNECT pending[6] rc=0 conn=0x20002500
[AUTOPOS] Connected[6]: D9:C7:9C:16:71:C9 (random) name=- bs=-
[AUTOPOS] CONNECT state[6]: link=anchor-ctrl uuid=A892AF05DD59CF0D0D3408AD74F364A1 ready=0 conn=0x20002500
SETUP[6] defer: waiting 892 ms before discovery start
SETUP[6] defer: waiting 842 ms before discovery start
SETUP[6] defer: waiting 792 ms before discovery start
SETUP[6] defer: waiting 741 ms before discovery start
SETUP[6] defer: waiting 691 ms before discovery start
SETUP[6] defer: waiting 641 ms before discovery start
SETUP[6] defer: waiting 590 ms before discovery start
SETUP[6] defer: waiting 540 ms before discovery start
SETUP[6] defer: waiting 490 ms before discovery start
SETUP[6] defer: waiting 439 ms before discovery start
SETUP[6] defer: waiting 389 ms before discovery start
SETUP[6] defer: waiting 339 ms before discovery start
SETUP[6] defer: waiting 288 ms before discovery start
>>> autopos map B B9179575C776C98F1CB132DD6EDC6223
SETUP[6] defer: waiting 238 ms before discovery start
[AUTOPOS] AUTOPOS map set: B=B9179575C776C98F1CB132DD6EDC6223
SETUP[6] defer: waiting 188 ms before discovery start
SETUP[6] defer: waiting 137 ms before discovery start
SETUP[6] defer: waiting 87 ms before discovery start
SETUP[6] defer: waiting 37 ms before discovery start
SETUP[6] begin: link=anchor-ctrl uuid=A892AF05DD59CF0D0D3408AD74F364A1 conn=0x20002500
SETUP[6] mtu_exchange rc=0
SETUP[6] phy_update rc=0
SETUP[6] conn_param_update rc=0
[AUTOPOS] DISC start[6]: link=anchor-ctrl uuid=A892AF05DD59CF0D0D3408AD74F364A1 conn=0x20002500
[AUTOPOS] MTU exchange[6] done (498)
[AUTOPOS] Conn param updated[6]: int=6 lat=0 to=400
[AUTOPOS] PHY updated[6]: tx=0x2 rx=0x2
>>> autopos map C CEE5A7EFCB35F8A56B430047629F5309
[AUTOPOS] AUTOPOS map set: C=CEE5A7EFCB35F8A56B430047629F5309
>>> autopos map D AB14CCA262A092E70EB26B0ACB0A394B
[AUTOPOS] AUTOPOS map set: D=AB14CCA262A092E70EB26B0ACB0A394B
[AUTOPOS] DISC complete[6]: link=anchor-ctrl discovered_service=2800 uuid=A892AF05DD59CF0D0D3408AD74F364A1
[AUTOPOS] DISC anchor service found[6]: uuid=A892AF05DD59CF0D0D3408AD74F364A1
[AUTOPOS] Anchor ctrl state subscribe[6] rc=0
[AUTOPOS] Anchor ctrl result subscribe[6] rc=0
[AUTOPOS] ANCHOR_CTRL[6] link ready handle=0x0019 result=0x001b uuid=A892AF05DD59CF0D0D3408AD74F364A1
[AUTOPOS] CONNECT pending[7]: addr_valid=1 link=anchor-ctrl uuid=B9179575C776C98F1CB132DD6EDC6223 scan_running=0 conn_count=7
[AUTOPOS] CONNECT pending[7] rc=0 conn=0x200025d0
[AUTOPOS] Connected[7]: C0:1D:D1:D0:CE:B0 (random) name=- bs=-
[AUTOPOS] CONNECT state[7]: link=anchor-ctrl uuid=B9179575C776C98F1CB132DD6EDC6223 ready=0 conn=0x200025d0
SETUP[7] defer: waiting 895 ms before discovery start
SETUP[7] defer: waiting 845 ms before discovery start
SETUP[7] defer: waiting 795 ms before discovery start
SETUP[7] defer: waiting 744 ms before discovery start
[AUTOPOS] Conn param updated[5]: int=6 lat=0 to=400
SETUP[7] defer: waiting 694 ms before discovery start
SETUP[7] defer: waiting 644 ms before discovery start
SETUP[7] defer: waiting 593 ms before discovery start
SETUP[7] defer: waiting 543 ms before discovery start
SETUP[7] defer: waiting 493 ms before discovery start
SETUP[7] defer: waiting 442 ms before discovery start
SETUP[7] defer: waiting 392 ms before discovery start
SETUP[7] defer: waiting 342 ms before discovery start
SETUP[7] defer: waiting 292 ms before discovery start
SETUP[7] defer: waiting 241 ms before discovery start
>>> autopos map E A892AF05DD59CF0D0D3408AD74F364A1
[AUTOPOS] AUTOPOS map set: E=A892AF05DD59CF0D0D3408AD74F364A1
SETUP[7] defer: waiting 191 ms before discovery start
SETUP[7] defer: waiting 141 ms before discovery start
SETUP[7] defer: waiting 90 ms before discovery start
SETUP[7] defer: waiting 40 ms before discovery start
SETUP[7] begin: link=anchor-ctrl uuid=B9179575C776C98F1CB132DD6EDC6223 conn=0x200025d0
SETUP[7] mtu_exchange rc=0
SETUP[7] phy_update rc=0
SETUP[7] conn_param_update rc=0
[AUTOPOS] DISC start[7]: link=anchor-ctrl uuid=B9179575C776C98F1CB132DD6EDC6223 conn=0x200025d0
[AUTOPOS] MTU exchange[7] done (498)
[AUTOPOS] Conn param updated[7]: int=6 lat=0 to=400
[AUTOPOS] PHY updated[7]: tx=0x2 rx=0x2
>>> autopos map F 840C68591E90019821AACFF1B73AAA34
[AUTOPOS] AUTOPOS map set: F=840C68591E90019821AACFF1B73AAA34
>>> autopos map G B3087BC3D87CCCD316AEDC6B71D6677F
[AUTOPOS] AUTOPOS map set: G=B3087BC3D87CCCD316AEDC6B71D6677F
[AUTOPOS] Conn param updated[6]: int=6 lat=0 to=400
[AUTOPOS] DISC complete[7]: link=anchor-ctrl discovered_service=2800 uuid=B9179575C776C98F1CB132DD6EDC6223
[AUTOPOS] DISC anchor service found[7]: uuid=B9179575C776C98F1CB132DD6EDC6223
[AUTOPOS] Anchor ctrl state subscribe[7] rc=0
[AUTOPOS] Anchor ctrl result subscribe[7] rc=0
[AUTOPOS] ANCHOR_CTRL[7] link ready handle=0x0019 result=0x001b uuid=B9179575C776C98F1CB132DD6EDC6223
[AUTOPOS] SCAN start req: bt_ready=1 scan_running=0 connecting_slot=-1 conn_count=8 target=anchor prefix=ANCHOR-
[AUTOPOS] Scanning for ANCHOR-*
>>> autopos map H 1EABFBEC28B8053FBB0D5C448112AE93
[AUTOPOS] AUTOPOS map set: H=1EABFBEC28B8053FBB0D5C448112AE93
VERIFY: anchor ctrl ready gate 8/8
VERIFY: anchor ctrl ready gate reached; settling for 2.0s
[AUTOPOS] Conn param updated[7]: int=6 lat=0 to=400
VERIFY: responder runtime attempt=1/3
>>> anchor role all responder
[AUTOPOS] anchor role started target=all role=responder
[AUTOPOS] Master discovery mode: CONN & START
[AUTOPOS] Anchor ctrl sent[0]: RUNTIME RESPONDER uuid=CEE5A7EFCB35F8A56B430047629F5309
[AUTOPOS] Anchor ctrl sent[1]: RUNTIME RESPONDER uuid=1EABFBEC28B8053FBB0D5C448112AE93
[AUTOPOS] Anchor ctrl sent[2]: RUNTIME RESPONDER uuid=840C68591E90019821AACFF1B73AAA34
[AUTOPOS] Anchor ctrl sent[3]: RUNTIME RESPONDER uuid=4DC6B8187E33803AE8601FB0D7992B96
[AUTOPOS] Anchor ctrl sent[4]: RUNTIME RESPONDER uuid=B3087BC3D87CCCD316AEDC6B71D6677F
[AUTOPOS] Anchor ctrl sent[5]: RUNTIME RESPONDER uuid=AB14CCA262A092E70EB26B0ACB0A394B
[AUTOPOS] Anchor ctrl sent[6]: RUNTIME RESPONDER uuid=A892AF05DD59CF0D0D3408AD74F364A1
[AUTOPOS] Anchor ctrl sent[7]: RUNTIME RESPONDER uuid=B9179575C776C98F1CB132DD6EDC6223
[AUTOPOS] anchor role all responder runtime sent=8 ready=8/8
[AUTOPOS] ANCHOR_CTRL[1] notify: OK RUNTIME_SWITCH_REQUESTED
[AUTOPOS] ANCHOR_CTRL[0] notify: OK RUNTIME_SWITCH_REQUESTED
[AUTOPOS] ANCHOR_CTRL[2] notify: OK RUNTIME_SWITCH_REQUESTED
[AUTOPOS] ANCHOR_CTRL[3] notify: OK RUNTIME_SWITCH_REQUESTED
[AUTOPOS] ANCHOR_CTRL[4] notify: OK RUNTIME_SWITCH_REQUESTED
[AUTOPOS] ANCHOR_CTRL[7] notify: OK RUNTIME_SWITCH_REQUESTED
[AUTOPOS] ANCHOR_CTRL[6] notify: OK RUNTIME_SWITCH_REQUESTED
[AUTOPOS] ANCHOR_CTRL[5] notify: OK RUNTIME_SWITCH_REQUESTED
[AUTOPOS] Anchor ctrl sent[0]: RUNTIME RESPONDER uuid=CEE5A7EFCB35F8A56B430047629F5309
[AUTOPOS] Anchor ctrl sent[1]: RUNTIME RESPONDER uuid=1EABFBEC28B8053FBB0D5C448112AE93
[AUTOPOS] Anchor ctrl sent[2]: RUNTIME RESPONDER uuid=840C68591E90019821AACFF1B73AAA34
[AUTOPOS] Anchor ctrl sent[3]: RUNTIME RESPONDER uuid=4DC6B8187E33803AE8601FB0D7992B96
[AUTOPOS] Anchor ctrl sent[4]: RUNTIME RESPONDER uuid=B3087BC3D87CCCD316AEDC6B71D6677F
[AUTOPOS] Anchor ctrl sent[5]: RUNTIME RESPONDER uuid=AB14CCA262A092E70EB26B0ACB0A394B
[AUTOPOS] Anchor ctrl sent[6]: RUNTIME RESPONDER uuid=A892AF05DD59CF0D0D3408AD74F364A1
[AUTOPOS] Anchor ctrl sent[7]: RUNTIME RESPONDER uuid=B9179575C776C98F1CB132DD6EDC6223
[AUTOPOS] anchor role all responder runtime repeat sent=8 ready=8/8
[AUTOPOS] ANCHOR_CTRL[1] notify: OK RUNTIME_RESTART_REQUESTED
[AUTOPOS] ANCHOR_CTRL[0] notify: OK RUNTIME_RESTART_REQUESTED
[AUTOPOS] ANCHOR_CTRL[2] notify: OK RUNTIME_RESTART_REQUESTED
[AUTOPOS] ANCHOR_CTRL[3] notify: OK RUNTIME_RESTART_REQUESTED
[AUTOPOS] ANCHOR_CTRL[5] notify: OK RUNTIME_RESTART_REQUESTED
[AUTOPOS] ANCHOR_CTRL[4] notify: OK RUNTIME_RESTART_REQUESTED
[AUTOPOS] ANCHOR_CTRL[6] notify: OK RUNTIME_RESTART_REQUESTED
[AUTOPOS] ANCHOR_CTRL[7] notify: OK RUNTIME_RESTART_REQUESTED
[AUTOPOS] Anchor ctrl sent[0]: RUNTIME RESPONDER uuid=CEE5A7EFCB35F8A56B430047629F5309
[AUTOPOS] Anchor ctrl sent[1]: RUNTIME RESPONDER uuid=1EABFBEC28B8053FBB0D5C448112AE93
[AUTOPOS] Anchor ctrl sent[2]: RUNTIME RESPONDER uuid=840C68591E90019821AACFF1B73AAA34
[AUTOPOS] Anchor ctrl sent[3]: RUNTIME RESPONDER uuid=4DC6B8187E33803AE8601FB0D7992B96
[AUTOPOS] Anchor ctrl sent[4]: RUNTIME RESPONDER uuid=B3087BC3D87CCCD316AEDC6B71D6677F
[AUTOPOS] Anchor ctrl sent[5]: RUNTIME RESPONDER uuid=AB14CCA262A092E70EB26B0ACB0A394B
[AUTOPOS] Anchor ctrl sent[6]: RUNTIME RESPONDER uuid=A892AF05DD59CF0D0D3408AD74F364A1
[AUTOPOS] Anchor ctrl sent[7]: RUNTIME RESPONDER uuid=B9179575C776C98F1CB132DD6EDC6223
[AUTOPOS] anchor role all responder runtime final sent=8 ready=8/8 total_sent=24
[AUTOPOS] anchor role rc=0 target=all role=responder
[AUTOPOS] ANCHOR_CTRL[1] notify: OK RUNTIME_RESTART_REQUESTED
[AUTOPOS] ANCHOR_CTRL[2] notify: OK RUNTIME_RESTART_REQUESTED
[AUTOPOS] ANCHOR_CTRL[3] notify: OK RUNTIME_RESTART_REQUESTED
[AUTOPOS] ANCHOR_CTRL[5] notify: OK RUNTIME_RESTART_REQUESTED
[AUTOPOS] ANCHOR_CTRL[4] notify: OK RUNTIME_RESTART_REQUESTED
[AUTOPOS] ANCHOR_CTRL[6] notify: OK RUNTIME_RESTART_REQUESTED
[AUTOPOS] ANCHOR_CTRL[7] notify: OK RUNTIME_RESTART_REQUESTED
[AUTOPOS] ANCHOR_CTRL[0] notify: OK RUNTIME_RESTART_REQUESTED
--- SERIAL DISCONNECTED, REOPEN ---
--- SERIAL REOPENED ---
[RECV] DISC complete[2]: link=nus discovered_service=2800 uuid=-
[RECV] BLE[2] link ready
[RECV] CFG assigned[1]: bs=BS2DCE tag=1 slot=0/10 mask=0x0021 period=40 active=24 gen=4 pmode=0
[RECV] TDMA weighted[0]: bs=BS2DCE profile=motion target=5Hz mask=0x0021 slots=2/10 actual_x100=500 epoch_delay=3000
[RECV] CFG assigned[0]: bs=BSDC91 tag=2 slot=2/10 mask=0x0084 period=40 active=24 gen=4 pmode=0
[RECV] TDMA weighted[1]: bs=BSDC91 profile=motion target=5Hz mask=0x0084 slots=2/10 actual_x100=500 epoch_delay=2999
[RECV] CFG assigned[2]: bs=BSF66F tag=3 slot=3/10 mask=0x0108 period=40 active=24 gen=4 pmode=0
[RECV] TDMA weighted[2]: bs=BSF66F profile=motion target=5Hz mask=0x0108 slots=2/10 actual_x100=500 epoch_delay=2998
[RECV] SCAN start req: bt_ready=1 scan_running=0 connecting_slot=-1 conn_count=3 target=unknown prefix=BS
[RECV] Scanning for BS*
[RECV] BS2DCE notify: CFG_OK TAG=1 SLOT=0/10 MASK=0x0021 PERIOD=40 ACTIVE=24 GEN=4 LIVE=1
[RECV] CFG confirmed[1]: tag=1 slot=0/10 mask=0x0021 period=40 active=24 gen=4 live=1
[RECV] BSDC91 notify: CFG_OK TAG=2 SLOT=2/10 MASK=0x0084 PERIOD=40 ACTIVE=24 GEN=4 LIVE=1
[RECV] CFG confirmed[0]: tag=2 slot=2/10 mask=0x0084 period=40 active=24 gen=4 live=1
[RECV] BSF66F notify: CFG_OK TAG=3 SLOT=3/10 MASK=0x0108 PERIOD=40 ACTIVE=24 GEN=4 LIVE=1
[RECV] CFG confirmed[2]: tag=3 slot=3/10 mask=0x0108 period=40 active=24 gen=4 live=1
VERIFY: attempt=1 ack_ok=1 sent=8 ready=8/8 scan=matrix=8 responder=0 master=0 other=0
