PORT=/dev/serial/by-id/usb-BioSpur_BioSpur_BLE_Control_87EA2F4A526C5A02-if00
START=2026-05-22 16:51:53
MASTER=H
PRECHECK: BSxxxx tag quarantine disabled; master/matrix anchors ignore tag polls during sweep
PRECHECK: context session_autopos_ready=1 autopos_initialized=1
PRECHECK: reusing session AUTOPOS state from matrix guard
PRECHECK: reusing existing AUTOPOS map
>>> autopos round H 1010
[AUTOPOS] AUTOPOS round staged: master=H sets=1010
>>> autopos status
[AUTOPOS] AUTOPOS: mode=AUTOPOS state=staged staged=H last_success=G sets=1010 error=-
>>> autopos apply
[AUTOPOS] AUTOPOS apply started
[AUTOPOS] RECV_BG gate: SUPPRESS reason=autopos_detach
[AUTOPOS] AUTOPOS detach skip STOP: finite master auto-returns to matrix sets=1010
[AUTOPOS] RECV_BG gate: ALLOW reason=autopos_detach_done
[AUTOPOS] SCAN start req: bt_ready=1 scan_running=0 connecting_slot=-1 conn_count=8 target=anchor prefix=ANCHOR-
[AUTOPOS] Scanning for ANCHOR-*
[AUTOPOS] AUTOPOS apply mode: incremental
[AUTOPOS] AUTOPOS apply incremental: prev_master=G new_master=H
[AUTOPOS] Master discovery mode: CONN & START
[AUTOPOS] AUTOPOS wait anchor ready: uuid=B3087BC3D87CCCD316AEDC6B71D6677F reuse existing ready control link (discovery remains active)
[AUTOPOS] AUTOPOS state: STATE fw=us-hc-exp4-tail900-start5 bs=BSEC88 uuid=B3087BC3D87CCCD316AEDC6B71D6677F label=G role=matrix cfg_valid=1 busy=1 pending_valid=1 schema=2 gen=3 reboot_required=0
[AUTOPOS] AUTOPOS state: STATE fw=us-hc-exp4-tail900-start5 bs=BSEC88 uuid=B3087BC3D87CCCD316AEDC6B71D6677F label=G role=matrix cfg_valid=1 busy=1 pending_valid=1 schema=2 gen=3 reboot_required=0
[AUTOPOS] AUTOPOS anchor G already active role=matrix cfg_valid=1; keeping current config
[AUTOPOS] AUTOPOS anchor G role verified
[AUTOPOS] Master discovery mode: CONN & START
[AUTOPOS] AUTOPOS wait anchor ready: uuid=B1E487C2B1FD740D1442206A1857DFA1 reuse existing ready control link (discovery remains active)
[AUTOPOS] AUTOPOS state: STATE fw=us-hc-exp4-tail900-start5 bs=BS506D uuid=B1E487C2B1FD740D1442206A1857DFA1 label=H role=matrix cfg_valid=1 busy=1 pending_valid=1 schema=2 gen=4 reboot_required=0
[AUTOPOS] AUTOPOS state: STATE fw=us-hc-exp4-tail900-start5 bs=BS506D uuid=B1E487C2B1FD740D1442206A1857DFA1 label=H role=matrix cfg_valid=1 busy=1 pending_valid=1 schema=2 gen=4 reboot_required=0
[AUTOPOS] BLE cmd skip[0]: target mismatch kind=anchor target_name=- target_uuid=B1E487C2B1FD740D1442206A1857DFA1 peer_name=- peer_bs=- peer_uuid=F3BB7A04104F9CB8561DDDACB9E53714 link=anchor-ctrl ready=1
[AUTOPOS] Anchor ctrl sent[1]: RUNTIME MASTER SWEEP 1010 uuid=B1E487C2B1FD740D1442206A1857DFA1
[AUTOPOS] BLE cmd skip[2]: target mismatch kind=anchor target_name=- target_uuid=B1E487C2B1FD740D1442206A1857DFA1 peer_name=- peer_bs=- peer_uuid=B3087BC3D87CCCD316AEDC6B71D6677F link=anchor-ctrl ready=1
[AUTOPOS] BLE cmd skip[3]: target mismatch kind=anchor target_name=- target_uuid=B1E487C2B1FD740D1442206A1857DFA1 peer_name=- peer_bs=- peer_uuid=840C68591E90019821AACFF1B73AAA34 link=anchor-ctrl ready=1
[AUTOPOS] BLE cmd skip[4]: target mismatch kind=anchor target_name=- target_uuid=B1E487C2B1FD740D1442206A1857DFA1 peer_name=- peer_bs=- peer_uuid=A892AF05DD59CF0D0D3408AD74F364A1 link=anchor-ctrl ready=1
[AUTOPOS] BLE cmd skip[5]: target mismatch kind=anchor target_name=- target_uuid=B1E487C2B1FD740D1442206A1857DFA1 peer_name=- peer_bs=- peer_uuid=B9179575C776C98F1CB132DD6EDC6223 link=anchor-ctrl ready=1
[AUTOPOS] BLE cmd skip[6]: target mismatch kind=anchor target_name=- target_uuid=B1E487C2B1FD740D1442206A1857DFA1 peer_name=- peer_bs=- peer_uuid=CEE5A7EFCB35F8A56B430047629F5309 link=anchor-ctrl ready=1
[AUTOPOS] BLE cmd skip[7]: target mismatch kind=anchor target_name=- target_uuid=B1E487C2B1FD740D1442206A1857DFA1 peer_name=- peer_bs=- peer_uuid=B2B5FA625534A8C617135DCAFC9E036A link=anchor-ctrl ready=1
[AUTOPOS] ANCHOR_CTRL[1] notify: OK RUNTIME_SWITCH_REQUESTED SWEEP=1010
[AUTOPOS] AUTOPOS result: OK RUNTIME_SWITCH_REQUESTED SWEEP=1010
[AUTOPOS] SW-H warmup discard 1/10 minq=100
[AUTOPOS] AUTOPOS state: STATE fw=us-hc-exp4-tail900-start5 bs=BS506D uuid=B1E487C2B1FD740D1442206A1857DFA1 label=H role=master cfg_valid=1 busy=1 pending_valid=1 schema=2 gen=4 reboot_required=0
[AUTOPOS] AUTOPOS anchor H role verified
[AUTOPOS] AUTOPOS apply success: master=H
[AUTOPOS] AUTOPOS finite sweep handoff: master=H sets=1010; host waits for SWEEP_DONE
[AUTOPOS] SW-H warmup discard 2/10 minq=100
[AUTOPOS] SW-H warmup discard 3/10 minq=100
[AUTOPOS] SW-H warmup discard 4/10 minq=100
[AUTOPOS] SW-H warmup discard 5/10 minq=100
[AUTOPOS] SW-H warmup discard 6/10 minq=100
[AUTOPOS] SW-H warmup discard 7/10 minq=100
[AUTOPOS] SW-H warmup discard 8/10 minq=100
[AUTOPOS] SW-H warmup discard 9/10 minq=100
[AUTOPOS] SW-H warmup discard 10/10 minq=100
[AUTOPOS] SW-H,A,2749,100,B,3278,100,C,2193,100,D,1627,100,E,2330,100,F,2980,100,G,1517,100
[AUTOPOS] SW-H,A,2794,100,B,3293,100,C,2220,100,D,1633,100,E,2317,100,F,3089,100,G,1476,100
[AUTOPOS] SW-H,A,2815,100,B,3330,100,C,2148,100,D,1731,100,E,2326,100,F,3055,100,G,1476,100
[AUTOPOS] SW-H,A,2755,100,B,3287,100,C,2163,100,D,1664,100,E,2326,100,F,3052,100,G,1576,92
[AUTOPOS] SW-H,A,2753,100,B,3313,100,C,2163,100,D,1771,100,E,2273,93,F,2994,100,G,1511,93
[AUTOPOS] SW-H,A,2776,100,B,3323,100,C,2175,100,D,1679,100,E,2315,93,F,3028,100,G,1564,93
[AUTOPOS] SW-H,A,2775,100,B,3358,100,C,2134,100,D,1718,100,E,2306,94,F,3035,100,G,1577,94
[AUTOPOS] SW-H,A,2726,100,B,3236,100,C,2305,100,D,1655,100,E,2311,94,F,3130,100,G,1562,94
[AUTOPOS] SW-H,A,2755,100,B,3236,100,C,2224,100,D,1722,100,E,2310,94,F,3051,100,G,1478,94
[AUTOPOS] SW-H,A,2767,100,B,3362,95,C,2218,100,D,1697,100,E,2248,95,F,3058,100,G,1498,95
[AUTOPOS] SW-H,A,2763,100,B,3275,95,C,2201,100,D,1737,100,E,2302,95,F,3071,100,G,1552,95
[AUTOPOS] SW-H,A,2772,100,B,3294,95,C,2189,100,D,1707,100,E,2297,95,F,3044,100,G,1579,95
[AUTOPOS] SW-H,A,2809,100,B,3303,95,C,2188,100,D,1722,100,E,2308,95,F,3025,100,G,1549,95
[AUTOPOS] SW-H,A,2808,100,B,3344,95,C,2188,100,D,1674,100,E,2258,95,F,3003,100,G,1519,95
[AUTOPOS] SW-H,A,2783,100,B,3312,96,C,2221,96,D,1683,100,E,2325,96,F,3043,100,G,1585,96
[AUTOPOS] SW-H,A,2783,100,B,3365,96,C,2215,96,D,1756,100,E,2315,96,F,3026,100,G,1532,96
[AUTOPOS] SW-H,A,2744,100,B,3299,96,C,2143,96,D,1698,100,E,2269,96,F,3011,100,G,1600,96
[AUTOPOS] SW-H,A,2790,100,B,3294,96,C,2162,96,D,1692,100,E,2292,96,F,3030,100,G,1499,96
[AUTOPOS] SW-H,A,2773,100,B,3351,96,C,2159,96,D,1699,100,E,2311,96,F,3043,100,G,1538,96
[AUTOPOS] SW-H,A,2835,100,B,3351,96,C,2171,96,D,1730,100,E,2349,96,F,2993,100,G,1547,96
[AUTOPOS] SW-H,A,2775,100,B,3377,93,C,2174,96,D,1718,100,E,2328,96,F,3074,100,G,1570,96
[AUTOPOS] SW-H,A,2775,100,B,3199,93,C,2189,96,D,1655,100,E,2306,96,F,3007,100,G,1602,96
[AUTOPOS] SW-H,A,2819,100,B,3243,94,C,2195,100,D,1736,100,E,2309,100,F,3007,100,G,1525,100
[AUTOPOS] SW-H,A,2813,100,B,3267,94,C,2193,100,D,1688,100,E,2341,100,F,3048,94,G,1616,100
[AUTOPOS] SW-H,A,2800,100,B,3230,94,C,2227,100,D,1740,100,E,2340,100,F,3024,94,G,1592,100
[AUTOPOS] SW-H,A,2766,100,B,3281,95,C,2225,100,D,1679,100,E,2376,100,F,3034,95,G,1511,100
[AUTOPOS] SW-H,A,2782,100,B,3270,95,C,2241,100,D,1709,100,E,2371,100,F,3034,95,G,1513,100
[AUTOPOS] SW-H,A,2809,100,B,3291,95,C,2204,100,D,1717,100,E,2253,100,F,3045,95,G,1589,100
[AUTOPOS] SW-H,A,2762,100,B,3314,95,C,2214,100,D,1683,100,E,2353,100,F,3075,95,G,1522,100
[AUTOPOS] SW-H,A,2751,100,B,3294,95,C,2191,100,D,1721,100,E,2296,100,F,3089,95,G,1511,100
[AUTOPOS] SW-H,A,2773,100,B,3289,96,C,2173,100,D,1677,100,E,2310,100,F,3031,96,G,1523,100
[AUTOPOS] SW-H,A,2803,100,B,3260,96,C,2202,100,D,1736,100,E,2283,100,F,3091,96,G,1513,100
[AUTOPOS] SW-H,A,2804,100,B,3344,96,C,2226,100,D,1717,100,E,2338,100,F,3077,96,G,1592,100
[AUTOPOS] SW-H,A,2790,100,B,3399,96,C,2159,100,D,1693,100,E,2291,100,F,3030,96,G,1503,100
[AUTOPOS] SW-H,A,2786,100,B,3379,96,C,2201,100,D,1713,100,E,2344,100,F,3054,96,G,1601,100
[AUTOPOS] SW-H,A,2764,100,B,3330,96,C,2209,100,D,1706,100,E,2316,100,F,3019,96,G,1513,100
[AUTOPOS] SW-H,A,2810,100,B,3338,96,C,2152,100,D,1726,100,E,2353,100,F,3073,96,G,1575,100
[AUTOPOS] SW-H,A,2773,100,B,3299,96,C,2224,100,D,1716,100,E,2306,100,F,3077,96,G,1531,100
[AUTOPOS] SW-H,A,2822,100,B,3359,100,C,2220,100,D,1682,100,E,2313,100,F,3051,100,G,1487,100
[AUTOPOS] SW-H,A,2781,100,B,3258,100,C,2201,100,D,1678,100,E,2336,100,F,3042,100,G,1571,100
[AUTOPOS] SW-H,A,2794,100,B,3379,100,C,2188,100,D,1722,100,E,2309,100,F,3047,100,G,1598,100
[AUTOPOS] SW-H,A,2794,100,B,3389,100,C,2205,100,D,1749,100,E,2309,100,F,3024,100,G,1532,100
[AUTOPOS] SW-H,A,2800,95,B,3317,100,C,2194,100,D,1724,100,E,2324,95,F,3047,100,G,1508,100
[AUTOPOS] SW-H,A,2819,95,B,3290,100,C,2243,100,D,1726,100,E,2289,95,F,3047,100,G,1531,100
[AUTOPOS] SW-H,A,2787,95,B,3241,100,C,2166,100,D,1731,100,E,2308,95,F,3047,100,G,1602,100
[AUTOPOS] SW-H,A,2782,95,B,3151,100,C,2197,100,D,1753,100,E,2304,95,F,3090,95,G,1520,100
[AUTOPOS] SW-H,A,2823,96,B,3205,100,C,2163,100,D,1738,100,E,2229,96,F,3050,96,G,1551,100
[AUTOPOS] SW-H,A,2805,96,B,3233,100,C,2175,100,D,1759,100,E,2327,96,F,3056,96,G,1503,100
[AUTOPOS] SW-H,A,2758,96,B,3299,100,C,2204,100,D,1725,100,E,2292,96,F,3025,96,G,1485,100
[AUTOPOS] SW-H,A,2805,96,B,3232,100,C,2200,100,D,1703,100,E,2340,96,F,3090,96,G,1537,100
[AUTOPOS] SW-H,A,2770,96,B,3325,100,C,2203,100,D,1680,100,E,2333,96,F,3068,96,G,1594,100
[AUTOPOS] SW-H,A,2753,96,B,3373,100,C,2193,100,D,1703,100,E,2281,96,F,3061,96,G,1520,100
[AUTOPOS] SW-H,A,2739,96,B,3418,100,C,2153,100,D,1711,100,E,2334,96,F,3009,96,G,1591,100
[AUTOPOS] SW-H,A,2859,96,B,3301,100,C,2195,100,D,1732,100,E,2311,96,F,3060,96,G,1571,100
[AUTOPOS] SW-H,A,2831,100,B,3353,100,C,2224,100,D,1688,100,E,2294,100,F,3051,100,G,1588,100
[AUTOPOS] SW-H,A,2804,100,B,3299,100,C,2206,100,D,1715,100,E,2339,100,F,3114,100,G,1550,100
[AUTOPOS] SW-H,A,2778,100,B,3303,100,C,2165,100,D,1700,100,E,2348,100,F,3073,100,G,1550,100
[AUTOPOS] SW-H,A,2772,100,B,3333,100,C,2203,100,D,1739,100,E,2348,100,F,3084,100,G,1552,95
[AUTOPOS] SW-H,A,2803,100,B,3273,100,C,2190,100,D,1723,100,E,2290,95,F,3038,100,G,1499,95
[AUTOPOS] SW-H,A,2803,100,B,3375,100,C,2199,100,D,1731,100,E,2305,95,F,3030,100,G,1546,95
[AUTOPOS] SW-H,A,2807,95,B,3313,100,C,2127,100,D,1692,100,E,2348,95,F,3014,100,G,1546,95
[AUTOPOS] SW-H,A,2784,95,B,3350,100,C,2181,100,D,1726,100,E,2344,95,F,3026,100,G,1524,95
[AUTOPOS] SW-H,A,2814,96,B,3330,100,C,2155,100,D,1706,100,E,2349,96,F,3062,100,G,1520,96
[AUTOPOS] SW-H,A,2800,96,B,3348,100,C,2164,100,D,1696,100,E,2380,96,F,3037,100,G,1566,96
[AUTOPOS] SW-H,A,2764,96,B,3302,100,C,2147,100,D,1688,100,E,2321,96,F,3045,100,G,1491,96
[AUTOPOS] SW-H,A,2735,96,B,3324,100,C,2194,100,D,1698,100,E,2322,96,F,3037,100,G,1558,96
[AUTOPOS] SW-H,A,2775,96,B,3329,100,C,2195,100,D,1694,100,E,2293,96,F,3046,100,G,1534,96
[AUTOPOS] SW-H,A,2769,96,B,3299,100,C,2137,100,D,1700,100,E,2283,96,F,3012,100,G,1569,96
[AUTOPOS] SW-H,A,2769,96,B,3253,100,C,2215,100,D,1690,100,E,2311,96,F,3029,100,G,1539,96
[AUTOPOS] SW-H,A,2759,93,B,3239,100,C,2218,100,D,1688,100,E,2280,96,F,3044,100,G,1589,96
[AUTOPOS] SW-H,A,2718,94,B,3165,100,C,2188,100,D,1693,100,E,2284,100,F,3050,100,G,1517,100
[AUTOPOS] SW-H,A,2794,94,B,3217,100,C,2188,100,D,1712,100,E,2293,100,F,3065,100,G,1578,100
[AUTOPOS] SW-H,A,2729,94,B,3281,100,C,2168,100,D,1744,100,E,2272,100,F,3061,100,G,1496,100
[AUTOPOS] SW-H,A,2814,95,B,3337,100,C,2153,100,D,1665,100,E,2311,100,F,3060,100,G,1538,100
[AUTOPOS] SW-H,A,2803,95,B,3275,100,C,2193,100,D,1726,100,E,2349,100,F,3075,100,G,1543,100
[AUTOPOS] SW-H,A,2791,95,B,3321,100,C,2182,100,D,1658,100,E,2328,100,F,3023,100,G,1600,100
[AUTOPOS] SW-H,A,2846,95,B,3371,100,C,2173,100,D,1728,100,E,2282,100,F,3041,100,G,1600,100
[AUTOPOS] SW-H,A,2725,95,B,3332,100,C,2217,100,D,1692,100,E,2355,100,F,3059,100,G,1524,95
[AUTOPOS] SW-H,A,2793,96,B,3311,100,C,2196,100,D,1720,100,E,2289,100,F,3109,100,G,1524,95
[AUTOPOS] SW-H,A,2769,96,B,3230,100,C,2236,100,D,1708,100,E,2277,100,F,3055,100,G,1535,92
[AUTOPOS] SW-H,A,2803,96,B,3230,100,C,2188,100,D,1709,100,E,2303,100,F,3062,100,G,1547,92
[AUTOPOS] SW-H,A,2830,96,B,3353,96,C,2174,100,D,1744,100,E,2293,100,F,3013,100,G,1510,92
[AUTOPOS] SW-H,A,2777,96,B,3353,96,C,42193,100,D,1731,100,E,2304,100,F,3093,100,G,1530,93
[AUTOPOS] SW-H,A,2786,96,B,3337,93,C,2194,100,D,1718,100,E,2340,100,F,3009,100,G,1566,93
[AUTOPOS] SW-H,A,2777,96,B,3276,93,C,2195,100,D,1701,100,E,2333,100,F,3063,100,G,1563,93
[AUTOPOS] SW-H,A,2760,96,B,3349,93,C,2222,100,D,1714,100,E,2298,100,F,3078,100,G,1526,93
[AUTOPOS] SW-H,A,2798,100,B,3328,94,C,2220,100,D,1713,100,E,2262,100,F,3049,100,G,1534,94
[AUTOPOS] SW-H,A,2778,100,B,3352,94,C,2184,100,D,1702,100,E,2301,100,F,3062,100,G,1569,94
[AUTOPOS] SW-H,A,2811,100,B,3275,94,C,2156,100,D,1704,100,E,2323,100,F,3064,100,G,1540,94
[AUTOPOS] SW-H,A,2787,100,B,3329,95,C,2201,100,D,1721,100,E,2267,100,F,3059,100,G,1504,95
[AUTOPOS] SW-H,A,2801,100,B,3256,95,C,2224,100,D,1704,100,E,2357,100,F,3116,100,G,1504,95
[AUTOPOS] SW-H,A,2782,100,B,3300,95,C,2247,100,D,1719,100,E,2298,100,F,3025,100,G,1532,95
[AUTOPOS] SW-H,A,2781,100,B,3229,95,C,2185,100,D,1719,100,E,2314,100,F,3109,100,G,1544,95
[AUTOPOS] SW-H,A,2781,100,B,3149,95,C,2233,100,D,1741,100,E,2282,100,F,3061,100,G,1540,95
[AUTOPOS] SW-H,A,2755,96,B,3175,96,C,2135,100,D,1727,100,E,2242,100,F,3017,100,G,1533,96
[AUTOPOS] SW-H,A,2775,96,B,3258,96,C,2195,100,D,1742,100,E,2313,100,F,3032,100,G,1558,96
[AUTOPOS] SW-H,A,2737,96,B,3234,96,C,2162,100,D,1727,100,E,2319,100,F,3053,100,G,1559,96
[AUTOPOS] SW-H,A,2764,96,B,3331,96,C,2194,100,D,1723,100,E,2333,100,F,3082,100,G,1511,96
[AUTOPOS] SW-H,A,2799,96,B,3283,96,C,2136,100,D,1731,100,E,2332,100,F,3046,100,G,1518,96
[AUTOPOS] SW-H,A,2744,96,B,3305,96,C,2199,100,D,1697,100,E,2329,100,F,3038,100,G,1577,96
[AUTOPOS] SW-H,A,2744,96,B,3319,96,C,2218,100,D,1738,100,E,2291,100,F,3027,100,G,1529,96
[AUTOPOS] SW-H,A,2776,93,B,3299,96,C,2203,100,D,1717,100,E,2313,100,F,3051,100,G,1513,96
[AUTOPOS] SW-H,A,2838,94,B,3272,100,C,2163,100,D,1709,100,E,2343,100,F,3066,100,G,1546,100
[AUTOPOS] SW-H,A,2772,94,B,3358,100,C,2213,100,D,1691,100,E,2298,100,F,3086,100,G,1528,100
[AUTOPOS] SW-H,A,2737,94,B,3297,100,C,2220,100,D,1742,100,E,2260,100,F,3037,100,G,1574,100
[AUTOPOS] SW-H,A,2737,95,B,3396,100,C,2165,100,D,1706,100,E,2334,100,F,3061,100,G,1517,100
[AUTOPOS] SW-H,A,2775,95,B,3272,100,C,2198,100,D,1721,100,E,2309,100,F,3008,100,G,1563,100
[AUTOPOS] SW-H,A,2775,95,B,3272,100,C,2188,100,D,1714,100,E,2296,100,F,3033,100,G,1576,100
[AUTOPOS] SW-H,A,2800,91,B,3304,100,C,2171,100,D,1734,100,E,2298,100,F,3045,100,G,1513,100
[AUTOPOS] SW-H,A,2786,91,B,3285,100,C,2188,100,D,1706,100,E,2312,100,F,3069,100,G,1508,100
[AUTOPOS] SW-H,A,2756,92,B,3267,100,C,2185,100,D,1674,100,E,2268,100,F,3037,100,G,1555,100
[AUTOPOS] SW-H,A,2739,92,B,3362,100,C,2155,100,D,1688,100,E,2316,100,F,3043,100,G,1524,100
[AUTOPOS] SW-H,A,2863,92,B,3379,100,C,2185,100,D,1724,100,E,2289,100,F,3050,100,G,1524,100
[AUTOPOS] SW-H,A,2787,92,B,3249,100,C,2197,100,D,1720,100,E,2319,100,F,3055,100,G,1589,100
[AUTOPOS] SW-H,A,2761,93,B,3351,100,C,2172,100,D,1694,100,E,2302,100,F,3071,100,G,1552,100
[AUTOPOS] SW-H,A,2761,93,B,3277,100,C,2149,100,D,1704,100,E,2273,100,F,3055,100,G,1536,100
[AUTOPOS] SW-H,A,2801,93,B,3134,100,C,2232,100,D,1698,100,E,2326,100,F,3057,100,G,1559,100
[AUTOPOS] SW-H,A,2835,93,B,3239,100,C,2237,100,D,1653,100,E,2332,100,F,3057,100,G,1507,100
[AUTOPOS] SW-H,A,2791,94,B,3211,100,C,2160,100,D,1735,100,E,2268,100,F,3036,100,G,1522,100
[AUTOPOS] SW-H,A,2767,94,B,3238,100,C,2184,100,D,1682,100,E,2339,100,F,3003,100,G,1539,100
[AUTOPOS] SW-H,A,2782,94,B,3287,100,C,2166,100,D,1696,100,E,2285,100,F,3047,100,G,1564,100
[AUTOPOS] SW-H,A,2829,95,B,3312,100,C,2189,100,D,1725,100,E,2324,100,F,3032,100,G,1556,100
[AUTOPOS] SW-H,A,2775,95,B,3300,100,C,2172,100,D,1684,100,E,2293,100,F,3056,100,G,1505,100
[AUTOPOS] SW-H,A,2768,95,B,3398,100,C,2106,100,D,1712,100,E,2343,100,F,3077,100,G,1512,100
[AUTOPOS] SW-H,A,2771,95,B,3272,100,C,2181,100,D,1728,100,E,2294,100,F,3077,100,G,1563,100
[AUTOPOS] SW-H,A,2782,95,B,3286,100,C,2233,100,D,1740,100,E,2303,100,F,3042,95,G,1521,100
[AUTOPOS] SW-H,A,2837,96,B,3324,100,C,2236,100,D,1695,100,E,2274,100,F,3107,96,G,1593,100
[AUTOPOS] SW-H,A,2780,96,B,3374,100,C,2172,100,D,1717,100,E,2302,100,F,3063,96,G,1518,100
[AUTOPOS] SW-H,A,2742,96,B,3268,100,C,2129,100,D,1702,100,E,2319,100,F,3005,96,G,1546,100
[AUTOPOS] SW-H,A,2753,96,B,3339,100,C,2192,100,D,1691,100,E,2289,100,F,3041,96,G,1556,100
[AUTOPOS] SW-H,A,2744,96,B,3302,100,C,2203,100,D,1706,100,E,2329,100,F,3062,96,G,1521,100
[AUTOPOS] SW-H,A,2767,96,B,3325,100,C,2155,100,D,1663,100,E,2287,100,F,3067,96,G,1544,100
[AUTOPOS] SW-H,A,2810,96,B,3279,100,C,2191,100,D,1734,100,E,2275,100,F,3057,96,G,1494,100
[AUTOPOS] SW-H,A,2787,96,B,3287,100,C,2239,100,D,1692,100,E,2310,100,F,3023,96,G,1550,100
[AUTOPOS] SW-H,A,2786,100,B,3347,100,C,2170,100,D,1690,100,E,2319,100,F,3080,100,G,1508,100
[AUTOPOS] SW-H,A,2775,100,B,3349,100,C,2189,100,D,1726,100,E,2322,100,F,3033,100,G,1552,100
[AUTOPOS] SW-H,A,2807,100,B,3328,100,C,2168,100,D,1741,100,E,2321,100,F,3076,100,G,1546,100
[AUTOPOS] SW-H,A,2823,100,B,3346,100,C,2152,100,D,1741,100,E,2325,100,F,3012,100,G,1578,100
[AUTOPOS] SW-H,A,2789,100,B,3346,100,C,2235,100,D,1694,95,E,2366,100,F,2979,100,G,1569,100
[AUTOPOS] SW-H,A,2769,100,B,3147,95,C,2194,100,D,1717,95,E,2307,100,F,3037,100,G,1629,100
[AUTOPOS] SW-H,A,2790,100,B,3193,95,C,2208,100,D,1694,95,E,2323,100,F,3054,100,G,1542,100
[AUTOPOS] SW-H,A,2789,100,B,3279,95,C,2126,100,D,1708,95,E,2292,100,F,3092,100,G,1578,100
[AUTOPOS] SW-H,A,2835,100,B,3266,96,C,2201,100,D,1726,96,E,2292,100,F,3024,100,G,1589,100
[AUTOPOS] SW-H,A,2855,100,B,3311,96,C,2193,100,D,1686,96,E,2258,100,F,3058,100,G,1528,100
[AUTOPOS] SW-H,A,2760,100,B,3306,96,C,2218,100,D,1727,96,E,2280,100,F,3028,100,G,1497,100
[AUTOPOS] SW-H,A,2743,100,B,3364,96,C,2247,100,D,1744,96,E,2309,100,F,3032,100,G,1567,100
[AUTOPOS] SW-H,A,2756,100,B,3350,96,C,2169,100,D,1670,96,E,2326,100,F,3012,100,G,1551,100
[AUTOPOS] SW-H,A,2732,100,B,3339,96,C,2191,100,D,1687,96,E,2310,100,F,3044,100,G,1546,100
[AUTOPOS] SW-H,A,2769,100,B,3313,96,C,2161,100,D,1746,96,E,2282,100,F,3004,100,G,1546,100
[AUTOPOS] SW-H,A,2778,100,B,3277,96,C,2161,100,D,1712,96,E,2312,100,F,3008,100,G,1557,96
[AUTOPOS] SW-H,A,2755,100,B,3269,100,C,2182,100,D,1692,100,E,2271,100,F,3015,100,G,1558,100
[AUTOPOS] SW-H,A,2759,100,B,3332,100,C,2237,100,D,1723,100,E,2299,100,F,3088,100,G,1538,100
[AUTOPOS] SW-H,A,2761,100,B,3354,100,C,2188,100,D,1676,100,E,2260,100,F,3084,100,G,1565,100
[AUTOPOS] SW-H,A,2812,100,B,3375,100,C,2171,100,D,1690,100,E,2291,100,F,3066,100,G,1565,100
[AUTOPOS] SW-H,A,2811,100,B,3287,100,C,2153,100,D,1678,100,E,2304,100,F,3041,100,G,1584,95
[AUTOPOS] SW-H,A,2849,100,B,3334,100,C,2142,100,D,1669,100,E,2272,100,F,3022,100,G,1549,95
[AUTOPOS] SW-H,A,2806,100,B,3306,100,C,2158,100,D,1703,100,E,2324,100,F,3001,100,G,1532,95
[AUTOPOS] SW-H,A,2841,100,B,3388,100,C,2143,100,D,1696,100,E,2248,100,F,3059,100,G,1598,95
[AUTOPOS] SW-H,A,2779,100,B,3371,100,C,2216,100,D,1736,100,E,2305,100,F,3090,100,G,1525,96
[AUTOPOS] SW-H,A,2817,100,B,3331,100,C,2197,100,D,1720,100,E,2305,100,F,3026,100,G,1531,96
[AUTOPOS] SW-H,A,2799,100,B,3322,100,C,2139,100,D,1727,100,E,2282,96,F,3059,100,G,1538,96
[AUTOPOS] SW-H,A,2762,100,B,3286,100,C,2166,100,D,1734,100,E,2357,96,F,3053,100,G,1571,96
[AUTOPOS] SW-H,A,2819,100,B,3343,100,C,2197,100,D,1677,100,E,2331,96,F,3005,100,G,1571,96
[AUTOPOS] SW-H,A,2804,100,B,3170,100,C,2149,100,D,1708,100,E,2311,96,F,3054,100,G,1525,96
[AUTOPOS] SW-H,A,2812,100,B,3222,100,C,2161,100,D,1695,100,E,2329,96,F,3024,100,G,1542,96
[AUTOPOS] SW-H,A,2783,100,B,3229,100,C,2189,100,D,1706,100,E,2293,96,F,3041,100,G,1608,96
[AUTOPOS] SW-H,A,2755,100,B,3333,100,C,2160,100,D,1750,100,E,2324,100,F,3035,100,G,1513,100
[AUTOPOS] SW-H,A,2832,100,B,3225,100,C,2160,100,D,1715,100,E,2228,100,F,3008,100,G,1580,100
[AUTOPOS] SW-H,A,2753,100,B,3333,100,C,2141,94,D,1677,100,E,2267,100,F,3093,100,G,1570,100
[AUTOPOS] SW-H,A,2801,100,B,3318,100,C,2189,95,D,1694,100,E,2272,100,F,3086,95,G,1545,100
[AUTOPOS] SW-H,A,2801,100,B,3299,100,C,2166,95,D,1684,100,E,2332,100,F,3099,95,G,1503,100
[AUTOPOS] SW-H,A,2794,100,B,3300,100,C,2200,95,D,1709,100,E,2269,100,F,3037,95,G,1536,100
[AUTOPOS] SW-H,A,2807,100,B,3256,100,C,2202,95,D,1701,100,E,2267,100,F,3083,95,G,1523,100
[AUTOPOS] SW-H,A,2785,100,B,3368,100,C,2216,95,D,1701,100,E,2247,100,F,3075,96,G,1551,100
[AUTOPOS] SW-H,A,2839,100,B,3309,100,C,2164,96,D,1691,100,E,2323,100,F,2785,96,G,1530,100
[AUTOPOS] SW-H,A,2738,100,B,3338,100,C,2179,96,D,1698,100,E,2276,100,F,3070,96,G,1513,100
[AUTOPOS] SW-H,A,2768,100,B,3359,100,C,2199,96,D,1722,100,E,2276,100,F,3044,96,G,1548,100
[AUTOPOS] SW-H,A,2790,100,B,3280,100,C,2227,96,D,1702,100,E,2313,96,F,3052,96,G,1519,100
[AUTOPOS] SW-H,A,2752,100,B,3343,100,C,2187,96,D,1692,100,E,2255,96,F,3107,96,G,1589,100
[AUTOPOS] SW-H,A,2777,100,B,3328,100,C,2190,96,D,1715,100,E,2283,96,F,3059,96,G,1528,100
[AUTOPOS] SW-H,A,2806,100,B,3331,100,C,2180,96,D,1728,100,E,2320,96,F,2972,96,G,1536,100
[AUTOPOS] SW-H,A,2842,100,B,3297,100,C,2164,96,D,1692,100,E,2320,96,F,3021,100,G,1523,100
[AUTOPOS] SW-H,A,2849,100,B,3311,100,C,2117,100,D,1689,100,E,2266,94,F,3036,100,G,1550,100
[AUTOPOS] SW-H,A,2771,100,B,3323,100,C,2193,100,D,1741,100,E,2269,94,F,3070,100,G,1525,100
[AUTOPOS] SW-H,A,2758,100,B,3284,100,C,2137,100,D,1702,100,E,2304,94,F,3062,100,G,1554,100
[AUTOPOS] SW-H,A,2739,100,B,3238,100,C,2224,100,D,1717,100,E,2314,95,F,3067,100,G,1531,100
[AUTOPOS] SW-H,A,2802,100,B,3263,100,C,2160,100,D,1683,100,E,2320,95,F,3026,100,G,1566,100
[AUTOPOS] SW-H,A,2775,100,B,3205,100,C,2160,100,D,1695,100,E,2312,95,F,3034,100,G,1508,100
[AUTOPOS] SW-H,A,2788,100,B,3240,100,C,2122,95,D,1761,100,E,2335,95,F,2996,100,G,1537,100
[AUTOPOS] SW-H,A,2793,100,B,3274,100,C,2175,95,D,1707,100,E,2300,95,F,3102,100,G,1529,100
[AUTOPOS] SW-H,A,2820,100,B,3263,100,C,2185,96,D,1748,100,E,2303,96,F,3055,100,G,1543,100
[AUTOPOS] SW-H,A,2820,100,B,3336,100,C,2222,96,D,1699,100,E,2269,96,F,3079,100,G,1519,100
[AUTOPOS] SW-H,A,2796,100,B,3357,100,C,2233,96,D,1722,100,E,2354,96,F,3049,100,G,1538,100
[AUTOPOS] SW-H,A,2856,100,B,3294,100,C,2204,96,D,1725,100,E,2298,96,F,3074,100,G,1532,100
[AUTOPOS] SW-H,A,2740,100,B,3348,100,C,2177,96,D,1694,100,E,2343,96,F,3061,100,G,1526,100
[AUTOPOS] SW-H,A,2810,100,B,3312,100,C,2114,96,D,1758,100,E,2320,96,F,2991,100,G,1568,100
[AUTOPOS] SW-H,A,2798,100,B,3301,100,C,2130,96,D,1715,100,E,2303,96,F,3038,100,G,1517,100
[AUTOPOS] SW-H,A,2761,100,B,3351,100,C,2200,96,D,1687,100,E,2280,96,F,3016,100,G,1584,100
[AUTOPOS] SW-H,A,2745,100,B,3303,100,C,2168,100,D,1709,100,E,2258,100,F,3025,100,G,1522,100
[AUTOPOS] SW-H,A,2798,100,B,3292,100,C,2150,100,D,1705,100,E,2363,100,F,3008,100,G,1538,100
[AUTOPOS] SW-H,A,2800,100,B,3330,100,C,2210,100,D,1755,100,E,2326,100,F,3061,100,G,1599,100
[AUTOPOS] SW-H,A,2782,100,B,3308,100,C,2146,100,D,1719,100,E,2278,100,F,3080,100,G,1525,100
[AUTOPOS] SW-H,A,2808,100,B,3362,100,C,2207,100,D,1682,100,E,2262,100,F,2988,100,G,1517,100
[AUTOPOS] SW-H,A,2785,100,B,3291,100,C,2173,100,D,1722,100,E,2276,100,F,3015,100,G,1494,100
[AUTOPOS] SW-H,A,2767,100,B,3359,100,C,2155,100,D,1710,100,E,2311,100,F,3042,100,G,1611,100
[AUTOPOS] SW-H,A,2764,100,B,3319,100,C,2168,100,D,1707,100,E,2277,100,F,2993,100,G,1527,100
[AUTOPOS] SW-H,A,2810,100,B,3419,100,C,2155,100,D,1752,100,E,2287,100,F,3032,100,G,1619,100
[AUTOPOS] SW-H,A,2812,100,B,3350,100,C,2171,100,D,1755,100,E,2371,100,F,3040,100,G,1516,100
[AUTOPOS] SW-H,A,2807,100,B,3309,100,C,2239,100,D,1727,100,E,2273,100,F,3087,100,G,1535,100
[AUTOPOS] SW-H,A,2764,100,B,3204,100,C,2224,100,D,1719,100,E,2301,100,F,3086,100,G,1511,100
[AUTOPOS] SW-H,A,2779,100,B,3253,100,C,2129,100,D,1666,100,E,2302,100,F,3005,100,G,1523,100
[AUTOPOS] SW-H,A,2766,100,B,3232,100,C,2211,100,D,1707,100,E,2284,100,F,3013,100,G,1532,100
[AUTOPOS] SW-H,A,2770,100,B,3238,100,C,2198,100,D,1698,100,E,2307,100,F,3026,100,G,1538,100
[AUTOPOS] SW-H,A,2749,100,B,3259,100,C,2140,100,D,1661,100,E,2335,100,F,3040,100,G,1537,100
[AUTOPOS] SW-H,A,2749,100,B,3333,100,C,2145,100,D,1744,100,E,2314,100,F,3071,100,G,1519,100
[AUTOPOS] SW-H,A,2774,94,B,3288,100,C,2188,100,D,1708,100,E,2305,100,F,3022,100,G,1579,100
[AUTOPOS] SW-H,A,2807,94,B,3331,100,C,2195,100,D,1747,100,E,2322,100,F,3008,100,G,1516,100
[AUTOPOS] SW-H,A,2771,95,B,3306,100,C,2186,100,D,1704,100,E,2322,100,F,3089,100,G,1522,100
[AUTOPOS] SW-H,A,2782,95,B,3287,100,C,2186,100,D,1691,100,E,2298,95,F,3059,100,G,1522,100
[AUTOPOS] SW-H,A,2815,95,B,3334,100,C,2195,95,D,1724,100,E,2310,95,F,3061,100,G,1531,100
[AUTOPOS] SW-H,A,2780,95,B,3359,100,C,2165,95,D,1685,100,E,2312,95,F,3071,100,G,1541,100
[AUTOPOS] SW-H,A,2763,95,B,3291,100,C,2268,95,D,1683,100,E,2303,95,F,3001,100,G,1611,100
[AUTOPOS] SW-H,A,2741,96,B,3321,100,C,2214,96,D,1672,100,E,2289,96,F,2990,100,G,1534,100
[AUTOPOS] SW-H,A,2823,96,B,3414,100,C,2214,96,D,1697,100,E,2330,96,F,2998,100,G,1545,100
[AUTOPOS] SW-H,A,2752,96,B,3291,100,C,2228,92,D,1629,100,E,2288,96,F,3040,100,G,1513,100
[AUTOPOS] SW-H,A,2801,96,B,3381,100,C,2215,92,D,1735,100,E,2300,96,F,3040,100,G,1553,100
[AUTOPOS] SW-H,A,2781,96,B,3313,100,C,2161,93,D,1735,100,E,2324,96,F,3072,96,G,1533,100
[AUTOPOS] SW-H,A,2772,96,B,3405,100,C,2174,93,D,1720,96,E,2353,96,F,3003,96,G,1611,100
[AUTOPOS] SW-H,A,2819,96,B,3378,100,C,2142,93,D,1660,96,E,2299,96,F,3025,96,G,1511,100
[AUTOPOS] SW-H,A,2822,96,B,3430,100,C,2194,93,D,1705,96,E,2313,96,F,3095,100,G,1548,100
[AUTOPOS] SW-H,A,2822,100,B,3288,100,C,2148,94,D,1712,100,E,2273,100,F,3068,100,G,1518,100
[AUTOPOS] SW-H,A,2780,100,B,3339,100,C,2168,94,D,1718,100,E,2318,100,F,3036,100,G,1551,100
[AUTOPOS] SW-H,A,2740,100,B,3194,100,C,2211,94,D,1680,100,E,2319,100,F,3097,100,G,1580,100
[AUTOPOS] SW-H,A,2807,100,B,3225,100,C,2200,95,D,1680,100,E,2293,100,F,3018,100,G,1510,100
[AUTOPOS] SW-H,A,2720,100,B,3272,100,C,2168,95,D,1698,95,E,2266,100,F,3039,100,G,1518,100
[AUTOPOS] SW-H,A,2798,100,B,3232,100,C,2204,95,D,1693,95,E,2295,100,F,3002,100,G,1501,100
[AUTOPOS] SW-H,A,2767,100,B,3275,100,C,2171,95,D,1680,95,E,2323,100,F,3051,100,G,1576,100
[AUTOPOS] SW-H,A,2743,100,B,3283,100,C,2196,95,D,1718,95,E,2303,100,F,3010,100,G,1518,100
[AUTOPOS] SW-H,A,2780,100,B,3312,100,C,2167,96,D,1718,95,E,2283,100,F,3075,100,G,1545,100
[AUTOPOS] SW-H,A,2786,100,B,3312,100,C,2219,96,D,1742,92,E,2363,100,F,3009,100,G,1563,100
[AUTOPOS] SW-H,A,2838,100,B,3349,96,C,2217,96,D,1688,92,E,2273,100,F,2997,100,G,1563,100
[AUTOPOS] SW-H,A,2796,100,B,3223,96,C,2200,96,D,1752,92,E,2273,100,F,2980,100,G,1541,96
[AUTOPOS] SW-H,A,2774,100,B,3367,96,C,2230,96,D,1695,93,E,2314,96,F,3088,100,G,1549,96
[AUTOPOS] SW-H,A,2784,100,B,3305,96,C,2239,96,D,1675,93,E,2268,96,F,3115,100,G,1614,96
[AUTOPOS] SW-H,A,2847,100,B,3314,96,C,2182,96,D,1688,93,E,2314,96,F,3007,100,G,1514,96
[AUTOPOS] SW-H,A,2790,100,B,3310,96,C,2263,96,D,1701,93,E,2264,96,F,3034,100,G,1513,96
[AUTOPOS] SW-H,A,2745,100,B,3317,100,C,2225,100,D,1678,94,E,2301,100,F,3011,100,G,1566,100
[AUTOPOS] SW-H,A,2796,100,B,3297,100,C,2212,100,D,1666,94,E,2273,100,F,2981,100,G,1553,100
[AUTOPOS] SW-H,A,2794,100,B,3302,100,C,2244,100,D,1694,94,E,2246,100,F,3066,100,G,1582,100
[AUTOPOS] SW-H,A,2791,100,B,3380,100,C,2175,100,D,1695,95,E,2329,100,F,3043,100,G,1556,100
[AUTOPOS] SW-H,A,2743,100,B,3303,100,C,2121,100,D,1668,95,E,2289,100,F,3033,100,G,1510,100
[AUTOPOS] SW-H,A,2807,100,B,3303,100,C,2257,100,D,1694,95,E,2314,100,F,3097,100,G,1571,100
[AUTOPOS] SW-H,A,2783,100,B,3320,95,C,2131,100,D,1728,95,E,2277,100,F,3117,100,G,1533,100
[AUTOPOS] SW-H,A,2786,100,B,3271,95,C,2171,100,D,1701,95,E,2324,100,F,2976,100,G,1526,100
[AUTOPOS] SW-H,A,2772,100,B,3380,96,C,2175,100,D,1713,96,E,2277,100,F,3069,100,G,1539,100
[AUTOPOS] SW-H,A,2835,100,B,3290,96,C,2238,100,D,1710,96,E,2253,100,F,3066,100,G,1600,100
[AUTOPOS] SW-H,A,2752,100,B,3266,96,C,2172,100,D,1710,96,E,2280,100,F,3034,100,G,1600,100
[AUTOPOS] SW-H,A,2774,100,B,3249,96,C,2240,100,D,1685,96,E,2282,100,F,3073,100,G,1501,96
[AUTOPOS] SW-H,A,2815,100,B,3249,96,C,2179,100,D,1720,96,E,2343,100,F,3033,100,G,1519,96
[AUTOPOS] SW-H,A,2783,100,B,3230,93,C,2166,100,D,1717,96,E,2291,100,F,3078,100,G,1590,96
[AUTOPOS] SW-H,A,2764,100,B,3265,93,C,2182,100,D,1717,96,E,2308,100,F,3102,100,G,1530,96
[AUTOPOS] SW-H,A,2794,100,B,3264,93,C,2206,100,D,1712,96,E,2290,100,F,3035,100,G,1517,96
[AUTOPOS] SW-H,A,2793,100,B,3345,94,C,2174,100,D,1688,100,E,2282,100,F,3049,100,G,1516,100
[AUTOPOS] SW-H,A,2758,100,B,3301,94,C,2168,100,D,1689,100,E,2254,100,F,3070,100,G,1516,100
[AUTOPOS] SW-H,A,2758,100,B,3363,94,C,2195,100,D,1696,100,E,2318,100,F,3018,100,G,1504,94
[AUTOPOS] SW-H,A,2763,95,B,3272,95,C,2202,100,D,1727,100,E,2269,100,F,2997,100,G,1542,95
[AUTOPOS] SW-H,A,2797,95,B,3274,95,C,2243,100,D,1703,100,E,2292,100,F,3027,100,G,1522,95
[AUTOPOS] SW-H,A,2743,95,B,3345,95,C,2190,100,D,1744,100,E,2312,100,F,3102,100,G,1562,95
[AUTOPOS] SW-H,A,2805,95,B,3359,95,C,2206,100,D,1712,100,E,2311,100,F,3010,100,G,1573,95
[AUTOPOS] SW-H,A,2777,95,B,3390,95,C,2195,100,D,1699,100,E,2337,96,F,3025,100,G,1521,95
[AUTOPOS] SW-H,A,2803,96,B,3298,96,C,2169,100,D,1712,100,E,2342,96,F,3076,100,G,1520,96
[AUTOPOS] SW-H,A,2793,96,B,3346,96,C,2222,100,D,1671,100,E,2351,96,F,3015,100,G,1504,96
[AUTOPOS] SW-H,A,2807,96,B,3303,96,C,2227,100,D,1713,100,E,2301,96,F,3025,100,G,1514,96
[AUTOPOS] SW-H,A,2778,96,B,3398,96,C,2151,100,D,1685,100,E,2266,96,F,3062,100,G,1478,96
[AUTOPOS] SW-H,A,2796,96,B,3307,96,C,2199,100,D,1694,100,E,2264,96,F,3023,100,G,1582,96
[AUTOPOS] SW-H,A,2836,96,B,3322,96,C,2178,100,D,1675,100,E,2319,96,F,2959,100,G,1522,96
[AUTOPOS] SW-H,A,2813,96,B,3332,96,C,2121,100,D,1671,100,E,2319,96,F,3014,100,G,1569,96
[AUTOPOS] SW-H,A,2779,96,B,3319,96,C,2188,100,D,1696,100,E,2316,100,F,3017,100,G,1575,96
[AUTOPOS] SW-H,A,2781,100,B,3295,100,C,2145,100,D,1694,100,E,2285,100,F,3026,100,G,1499,100
[AUTOPOS] SW-H,A,2786,100,B,3301,100,C,2142,100,D,1732,100,E,2296,100,F,3051,100,G,1513,100
[AUTOPOS] SW-H,A,2829,100,B,3257,100,C,2160,100,D,1681,100,E,2304,100,F,2967,100,G,1504,100
[AUTOPOS] SW-H,A,2823,100,B,3231,100,C,2203,100,D,1690,100,E,2306,100,F,3075,100,G,1574,100
[AUTOPOS] SW-H,A,2752,100,B,3276,100,C,2201,100,D,1697,100,E,2307,100,F,3075,100,G,1513,100
[AUTOPOS] SW-H,A,2803,100,B,3282,100,C,2204,100,D,1697,100,E,2268,100,F,3058,95,G,1597,100
[AUTOPOS] SW-H,A,2800,100,B,3257,100,C,2212,100,D,1660,95,E,2273,100,F,3028,95,G,1522,100
[AUTOPOS] SW-H,A,2785,100,B,3322,100,C,2152,100,D,1691,95,E,2315,100,F,3046,96,G,1601,100
[AUTOPOS] SW-H,A,2743,100,B,3345,100,C,2232,100,D,1663,96,E,2283,100,F,3030,96,G,1550,100
[AUTOPOS] SW-H,A,2817,100,B,3340,100,C,2177,100,D,1679,96,E,2310,100,F,3005,96,G,1592,100
[AUTOPOS] SW-H,A,2801,100,B,3334,100,C,2214,100,D,1733,96,E,2348,100,F,3083,96,G,1520,100
[AUTOPOS] SW-H,A,2771,100,B,3284,100,C,2123,100,D,1700,96,E,2302,100,F,3043,96,G,1555,100
[AUTOPOS] SW-H,A,2796,100,B,3315,100,C,2150,100,D,1700,96,E,2296,100,F,3024,96,G,1504,100
[AUTOPOS] SW-H,A,2819,100,B,3244,100,C,2200,100,D,1692,93,E,2292,100,F,3079,96,G,1617,100
[AUTOPOS] SW-H,A,2778,100,B,3323,100,C,2145,100,D,1722,93,E,2304,100,F,3084,96,G,1510,100
[AUTOPOS] SW-H,A,2783,100,B,3352,100,C,2172,100,D,1679,93,E,2280,100,F,2984,100,G,1585,100
[AUTOPOS] SW-H,A,2770,100,B,3293,100,C,2213,100,D,1659,94,E,2313,100,F,3073,100,G,1569,100
[AUTOPOS] SW-H,A,2776,100,B,3338,100,C,2147,100,D,1659,94,E,2302,100,F,3114,100,G,1518,100
[AUTOPOS] SW-H,A,2805,100,B,3289,100,C,2202,100,D,1668,89,E,2330,100,F,3041,100,G,1573,100
[AUTOPOS] SW-H,A,2862,100,B,3287,100,C,2221,100,D,1648,90,E,2277,100,F,3005,100,G,1573,100
[AUTOPOS] SW-H,A,2817,100,B,3333,100,C,2216,100,D,1696,90,E,2277,100,F,3004,100,G,1575,95
[AUTOPOS] SW-H,A,2796,100,B,3362,100,C,2217,100,D,1705,90,E,2281,95,F,3043,100,G,1575,95
[AUTOPOS] SW-H,A,2884,100,B,3330,100,C,2159,100,D,1715,91,E,2284,95,F,3089,100,G,1523,95
[AUTOPOS] SW-H,A,2794,100,B,3338,100,C,2213,100,D,1672,91,E,2300,96,F,3063,100,G,1533,95
[AUTOPOS] SW-H,A,2834,100,B,3235,100,C,2218,100,D,1654,88,E,2335,96,F,2986,100,G,1518,96
[AUTOPOS] SW-H,A,2852,100,B,3141,100,C,2206,100,D,1735,88,E,2255,96,F,3074,100,G,1521,96
[AUTOPOS] SW-H,A,2824,100,B,3141,100,C,2188,100,D,1739,89,E,2295,96,F,3017,100,G,1568,96
[AUTOPOS] SW-H,A,2817,100,B,3243,96,C,2162,100,D,1684,89,E,2335,96,F,3055,100,G,1568,96
[AUTOPOS] SW-H,A,2806,100,B,3244,96,C,2228,100,D,1674,90,E,2294,96,F,3073,100,G,1560,93
[AUTOPOS] SW-H,A,2758,100,B,3294,96,C,2178,100,D,1726,90,E,2348,96,F,2975,100,G,1519,93
[AUTOPOS] SW-H,A,2758,100,B,3323,96,C,2155,100,D,1700,90,E,2353,96,F,3062,100,G,1557,93
[AUTOPOS] SW-H,A,2795,96,B,3309,96,C,2161,100,D,1717,94,E,2260,100,F,3078,100,G,1564,93
[AUTOPOS] SW-H,A,2786,100,B,3380,100,C,2186,100,D,1703,94,E,2282,100,F,3080,100,G,1592,94
[AUTOPOS] SW-H,A,2834,100,B,3332,100,C,2179,100,D,1718,94,E,2282,100,F,3007,100,G,1533,94
[AUTOPOS] SW-H,A,2781,100,B,3315,100,C,2233,100,D,1697,95,E,2302,95,F,3081,100,G,1493,94
[AUTOPOS] SW-H,A,2825,100,B,3269,100,C,2141,100,D,1751,95,E,2295,95,F,3009,100,G,1532,95
[AUTOPOS] SW-H,A,2781,100,B,3372,100,C,2143,100,D,1705,95,E,2310,95,F,3057,100,G,1533,95
[AUTOPOS] SW-H,A,2811,100,B,3346,100,C,2205,100,D,1730,95,E,2311,95,F,3069,100,G,1575,95
[AUTOPOS] SW-H,A,2806,100,B,3349,100,C,2147,100,D,1701,95,E,2279,95,F,2981,100,G,1598,95
[AUTOPOS] SW-H,A,2828,100,B,3374,100,C,2147,100,D,1688,96,E,2282,96,F,3011,100,G,1576,95
[AUTOPOS] SW-H,A,2828,100,B,3326,100,C,2181,96,D,1699,96,E,2331,96,F,3078,100,G,1518,96
[AUTOPOS] SW-H,A,2792,96,B,3306,100,C,2161,96,D,1657,96,E,2294,96,F,3027,100,G,1543,96
[AUTOPOS] SW-H,A,2786,96,B,3332,100,C,2181,96,D,1681,96,E,2301,96,F,2965,100,G,1523,96
[AUTOPOS] SW-H,A,2774,96,B,3392,100,C,2152,96,D,1689,96,E,2325,96,F,2965,100,G,1547,96
[AUTOPOS] SW-H,A,2846,96,B,3275,100,C,2204,96,D,1743,96,E,2317,96,F,3098,96,G,1538,96
[AUTOPOS] SW-H,A,2846,96,B,3463,100,C,2148,96,D,1704,96,E,2344,96,F,3069,96,G,1556,96
[AUTOPOS] SW-H,A,2792,93,B,3244,100,C,2217,96,D,1712,96,E,2328,96,F,3073,96,G,1527,96
[AUTOPOS] SW-H,A,2859,93,B,3310,100,C,2133,96,D,1702,100,E,2320,100,F,3067,100,G,1566,96
[AUTOPOS] SW-H,A,2769,94,B,3225,100,C,2186,100,D,1689,100,E,2272,100,F,3067,100,G,1527,100
[AUTOPOS] SW-H,A,2804,94,B,3139,100,C,2184,100,D,1749,100,E,2306,100,F,2998,94,G,1512,100
[AUTOPOS] SW-H,A,2840,94,B,3242,100,C,2168,100,D,1708,100,E,2387,100,F,3101,95,G,1526,100
[AUTOPOS] SW-H,A,2828,95,B,3269,100,C,2191,100,D,1682,100,E,2298,100,F,2995,95,G,1590,100
[AUTOPOS] SW-H,A,2786,95,B,3285,100,C,2233,100,D,1719,100,E,2274,100,F,3066,95,G,1515,100
[AUTOPOS] SW-H,A,2768,95,B,3312,100,C,2228,100,D,1687,100,E,2348,100,F,3031,95,G,1513,100
[AUTOPOS] SW-H,A,2776,95,B,3291,100,C,2155,100,D,1745,100,E,2294,100,F,3038,95,G,1523,100
[AUTOPOS] SW-H,A,2779,95,B,3378,100,C,2241,100,D,1707,100,E,2291,100,F,3019,96,G,1597,100
[AUTOPOS] SW-H,A,2784,96,B,3346,100,C,2176,100,D,1729,100,E,2292,100,F,2986,96,G,1587,100
[AUTOPOS] SW-H,A,2813,96,B,3319,100,C,2200,100,D,1696,100,E,2259,100,F,2986,96,G,1538,100
[AUTOPOS] SW-H,A,2762,96,B,3288,100,C,2212,100,D,1700,100,E,2287,100,F,3056,96,G,1604,100
[AUTOPOS] SW-H,A,2792,96,B,3361,100,C,2148,100,D,1696,100,E,2309,100,F,3052,96,G,1528,100
[AUTOPOS] SW-H,A,2808,96,B,3346,100,C,2224,100,D,1734,100,E,2312,100,F,3018,96,G,1515,100
[AUTOPOS] SW-H,A,2783,96,B,3329,100,C,2164,100,D,1720,100,E,2284,100,F,3030,96,G,1501,100
[AUTOPOS] SW-H,A,2778,96,B,3332,100,C,2239,100,D,1730,100,E,2324,100,F,3046,96,G,1532,100
[AUTOPOS] SW-H,A,2837,96,B,3372,100,C,2198,100,D,1688,100,E,2308,100,F,2969,100,G,1593,100
[AUTOPOS] SW-H,A,2776,100,B,3331,100,C,2190,100,D,1693,100,E,2288,100,F,3042,100,G,1555,100
[AUTOPOS] SW-H,A,2810,100,B,3334,100,C,2176,100,D,1685,100,E,2304,100,F,3098,100,G,1563,100
[AUTOPOS] SW-H,A,2784,100,B,3386,100,C,2190,100,D,1695,100,E,2300,100,F,3131,100,G,1569,100
[AUTOPOS] SW-H,A,2821,100,B,3267,100,C,2156,100,D,1684,100,E,2274,100,F,3078,100,G,1553,100
[AUTOPOS] SW-H,A,2824,100,B,3284,100,C,2197,100,D,1741,100,E,2252,100,F,3024,100,G,1508,100
[AUTOPOS] SW-H,A,2808,100,B,3284,100,C,2124,100,D,1698,100,E,2282,100,F,3096,100,G,1552,100
[AUTOPOS] SW-H,A,2844,100,B,3411,100,C,2124,100,D,1680,100,E,2314,100,F,3040,100,G,1524,100
[AUTOPOS] SW-H,A,2809,100,B,3334,100,C,2158,95,D,1712,100,E,2357,100,F,3033,100,G,1516,100
[AUTOPOS] SW-H,A,2835,100,B,3360,100,C,2234,96,D,1672,100,E,2271,100,F,3040,100,G,1584,100
[AUTOPOS] SW-H,A,2750,100,B,3323,100,C,2207,96,D,1698,100,E,2339,100,F,3082,100,G,1519,100
[AUTOPOS] SW-H,A,2762,100,B,3214,100,C,2210,96,D,1716,100,E,2325,100,F,3012,100,G,1566,100
[AUTOPOS] SW-H,A,2759,100,B,3245,100,C,2159,96,D,1692,100,E,2310,100,F,3058,100,G,1559,100
[AUTOPOS] SW-H,A,2877,100,B,3262,100,C,2217,96,D,1683,100,E,2334,100,F,3083,100,G,1565,100
[AUTOPOS] SW-H,A,2765,100,B,3216,100,C,2245,96,D,1703,100,E,2317,100,F,3063,100,G,1595,100
[AUTOPOS] SW-H,A,2780,100,B,3249,100,C,2208,96,D,1708,100,E,2277,100,F,2974,100,G,1546,100
[AUTOPOS] SW-H,A,2790,100,B,3386,100,C,2155,96,D,1716,100,E,2323,100,F,3034,100,G,1538,100
[AUTOPOS] SW-H,A,2780,100,B,3320,100,C,2140,100,D,1697,100,E,2264,100,F,3057,100,G,1573,100
[AUTOPOS] SW-H,A,2805,100,B,3334,100,C,2201,100,D,1708,100,E,2263,100,F,3014,100,G,1533,100
[AUTOPOS] SW-H,A,2849,100,B,3348,100,C,2180,100,D,1682,100,E,2329,100,F,3004,100,G,1538,100
[AUTOPOS] SW-H,A,2770,100,B,3335,100,C,2177,100,D,1682,100,E,2326,100,F,3017,100,G,1543,100
[AUTOPOS] SW-H,A,2763,100,B,3335,100,C,2151,100,D,1679,95,E,2291,100,F,3084,100,G,1505,100
[AUTOPOS] SW-H,A,2782,100,B,3350,95,C,2202,100,D,1706,95,E,2279,100,F,3011,100,G,1506,100
[AUTOPOS] SW-H,A,2790,100,B,3350,95,C,2185,100,D,1725,95,E,2277,100,F,3032,100,G,1506,100
[AUTOPOS] SW-H,A,2771,100,B,3285,95,C,2189,100,D,1694,96,E,2302,100,F,3023,100,G,1536,100
[AUTOPOS] SW-H,A,2827,100,B,3382,96,C,2187,100,D,1682,96,E,2266,100,F,3078,100,G,1557,100
[AUTOPOS] SW-H,A,2812,100,B,3364,96,C,2177,100,D,1682,96,E,2352,100,F,3054,100,G,1588,100
[AUTOPOS] SW-H,A,2782,100,B,3293,96,C,2187,100,D,1683,96,E,2300,100,F,3018,100,G,1568,100
[AUTOPOS] SW-H,A,2834,100,B,3313,96,C,2158,100,D,1705,96,E,2296,100,F,3058,100,G,1551,100
[AUTOPOS] SW-H,A,2781,100,B,3352,96,C,2210,100,D,1704,96,E,2280,100,F,3079,100,G,1582,100
[AUTOPOS] SW-H,A,2844,100,B,3313,96,C,2196,100,D,1715,96,E,2319,100,F,3094,100,G,1526,100
[AUTOPOS] SW-H,A,2838,100,B,3396,96,C,2177,100,D,1688,96,E,2293,100,F,2985,100,G,1588,100
[AUTOPOS] SW-H,A,2839,100,B,3350,96,C,2146,100,D,1718,100,E,2257,100,F,3028,100,G,1591,100
[AUTOPOS] SW-H,A,2836,100,B,3284,100,C,2194,100,D,1738,100,E,2272,100,F,3084,100,G,1554,100
[AUTOPOS] SW-H,A,2794,100,B,3387,100,C,2217,100,D,1718,100,E,2287,100,F,3023,100,G,1547,100
[AUTOPOS] SW-H,A,2792,100,B,3200,100,C,2221,100,D,1703,100,E,2313,100,F,3069,100,G,1501,100
[AUTOPOS] SW-H,A,2819,100,B,3190,100,C,2215,100,D,1699,100,E,2294,100,F,3034,100,G,1587,100
[AUTOPOS] SW-H,A,2822,100,B,3257,100,C,2201,100,D,1739,100,E,2295,100,F,3037,100,G,1537,100
[AUTOPOS] SW-H,A,2774,100,B,3248,100,C,2166,100,D,1665,100,E,2295,100,F,3028,100,G,1587,100
[AUTOPOS] SW-H,A,2796,100,B,3310,100,C,2155,100,D,1716,100,E,2289,100,F,3083,100,G,1523,100
[AUTOPOS] SW-H,A,2772,100,B,3252,100,C,2212,100,D,1727,100,E,2269,100,F,3038,100,G,1552,100
[AUTOPOS] SW-H,A,2857,100,B,3377,100,C,2227,100,D,1708,100,E,2317,100,F,3048,100,G,1578,100
[AUTOPOS] SW-H,A,2789,100,B,3355,100,C,2147,100,D,1702,100,E,2312,100,F,2987,100,G,1543,100
[AUTOPOS] SW-H,A,2826,100,B,3251,100,C,2200,100,D,1697,100,E,2334,100,F,3014,100,G,1529,100
[AUTOPOS] SW-H,A,2805,100,B,3289,100,C,2224,100,D,1667,100,E,2300,100,F,3117,100,G,1513,100
[AUTOPOS] SW-H,A,2792,100,B,3288,100,C,2166,100,D,1704,100,E,2310,100,F,3112,100,G,1587,100
[AUTOPOS] SW-H,A,2806,100,B,3259,100,C,2209,100,D,1695,100,E,2346,100,F,3063,100,G,1563,100
[AUTOPOS] SW-H,A,2806,100,B,3417,100,C,2167,100,D,1705,100,E,2293,100,F,3041,100,G,1563,100
[AUTOPOS] SW-H,A,2857,96,B,3332,100,C,2145,100,D,1683,100,E,2290,100,F,3043,100,G,1584,100
[AUTOPOS] SW-H,A,2803,100,B,3343,100,C,2145,100,D,1737,100,E,2290,100,F,3034,100,G,1515,100
[AUTOPOS] SW-H,A,2803,100,B,3366,100,C,2176,94,D,1675,100,E,2299,100,F,3016,100,G,1492,100
[AUTOPOS] SW-H,A,2784,94,B,3374,100,C,2204,94,D,1702,100,E,2291,100,F,3035,100,G,1537,100
[AUTOPOS] SW-H,A,2803,95,B,3341,100,C,2199,95,D,1685,100,E,2288,100,F,3072,100,G,1548,100
[AUTOPOS] SW-H,A,2776,95,B,3317,100,C,2172,95,D,1714,100,E,2293,100,F,3080,100,G,1539,100
[AUTOPOS] SW-H,A,2802,95,B,3371,100,C,2139,95,D,1683,100,E,2292,100,F,3033,100,G,1580,100
[AUTOPOS] SW-H,A,2757,95,B,3321,100,C,2158,95,D,1700,100,E,2361,100,F,3055,100,G,1586,100
[AUTOPOS] SW-H,A,2751,95,B,3312,100,C,2193,95,D,1706,100,E,2278,100,F,3051,100,G,1569,100
[AUTOPOS] SW-H,A,2738,96,B,3254,100,C,2168,96,D,1710,100,E,2323,100,F,3062,100,G,1517,100
[AUTOPOS] SW-H,A,2826,96,B,3276,100,C,2151,96,D,1693,100,E,2261,100,F,3049,100,G,1525,100
[AUTOPOS] SW-H,A,2741,96,B,3220,100,C,2169,96,D,1660,100,E,2326,100,F,3019,100,G,1531,100
[AUTOPOS] SW-H,A,2732,96,B,3309,100,C,2179,96,D,1689,100,E,2319,100,F,3067,100,G,1535,100
[AUTOPOS] SW-H,A,2770,96,B,3204,100,C,2194,96,D,1719,100,E,2266,100,F,3009,100,G,1525,100
[AUTOPOS] SW-H,A,2803,96,B,3268,100,C,2236,96,D,1699,100,E,2340,100,F,3060,100,G,1539,100
[AUTOPOS] SW-H,A,2784,96,B,3371,100,C,2141,96,D,1741,100,E,2320,100,F,2990,100,G,1556,100
[AUTOPOS] SW-H,A,2816,96,B,3294,100,C,2194,96,D,1703,100,E,2303,100,F,3028,100,G,1525,100
[AUTOPOS] SW-H,A,2781,100,B,3365,100,C,2183,100,D,1700,100,E,2298,100,F,3048,100,G,1558,100
[AUTOPOS] SW-H,A,2752,100,B,3338,100,C,2134,100,D,1691,100,E,2356,100,F,3063,100,G,1518,100
[AUTOPOS] SW-H,A,2829,100,B,3237,100,C,2202,100,D,1692,100,E,2356,100,F,3067,100,G,1553,100
[AUTOPOS] SW-H,A,2828,100,B,3315,100,C,2198,100,D,1689,100,E,2276,95,F,3058,100,G,1518,100
[AUTOPOS] SW-H,A,2832,100,B,3342,100,C,2200,100,D,1702,100,E,2292,95,F,3037,100,G,1521,100
[AUTOPOS] SW-H,A,2838,100,B,3328,100,C,2171,100,D,1690,100,E,2324,95,F,3019,100,G,1565,100
[AUTOPOS] SW-H,A,2851,100,B,3371,100,C,2200,100,D,1697,100,E,2325,95,F,3027,100,G,1585,100
[AUTOPOS] SW-H,A,2851,100,B,3289,100,C,2187,100,D,1740,100,E,2308,96,F,3019,100,G,1576,100
[AUTOPOS] SW-H,A,2802,96,B,3225,100,C,2153,100,D,1702,100,E,2285,96,F,3019,100,G,1496,100
[AUTOPOS] SW-H,A,2851,96,B,3356,100,C,2165,100,D,1702,100,E,2281,96,F,3016,96,G,1518,100
[AUTOPOS] SW-H,A,2810,96,B,3405,100,C,2190,100,D,1669,96,E,2287,96,F,3039,96,G,1503,100
[AUTOPOS] SW-H,A,2757,96,B,3338,100,C,2188,100,D,1692,96,E,2331,96,F,3067,96,G,1503,100
[AUTOPOS] SW-H,A,2757,96,B,3394,100,C,2182,100,D,1685,96,E,2326,96,F,2972,96,G,1544,96
[AUTOPOS] SW-H,A,2802,93,B,3321,100,C,2219,100,D,1710,96,E,2295,96,F,3054,96,G,1553,96
[AUTOPOS] SW-H,A,2836,93,B,3297,100,C,2197,100,D,1688,96,E,2300,96,F,3091,96,G,1559,96
[AUTOPOS] SW-H,A,2764,93,B,3221,100,C,2193,100,D,1719,100,E,2374,100,F,3091,96,G,1534,96
[AUTOPOS] SW-H,A,2736,94,B,3177,100,C,2218,100,D,1693,100,E,2290,100,F,3089,94,G,1505,100
[AUTOPOS] SW-H,A,2783,94,B,3288,100,C,2164,100,D,1701,100,E,2316,100,F,3009,94,G,1587,100
[AUTOPOS] SW-H,A,2796,94,B,3267,100,C,2193,100,D,1708,100,E,2243,100,F,3074,95,G,1557,100
[AUTOPOS] SW-H,A,2811,95,B,3255,100,C,2150,100,D,1694,100,E,2326,100,F,3056,95,G,1505,100
[AUTOPOS] SW-H,A,2751,95,B,3291,100,C,2192,100,D,1679,100,E,2313,100,F,3059,95,G,1546,100
[AUTOPOS] SW-H,A,2742,95,B,3305,100,C,2213,100,D,1718,100,E,2292,100,F,3031,95,G,1543,100
[AUTOPOS] SW-H,A,2742,95,B,3312,100,C,2173,100,D,1703,100,E,2302,100,F,3057,95,G,1530,100
[AUTOPOS] SW-H,A,2785,91,B,3263,100,C,2164,100,D,1690,100,E,2299,100,F,3068,96,G,1549,100
[AUTOPOS] SW-H,A,2838,92,B,3312,100,C,2190,100,D,1747,100,E,2347,100,F,3043,96,G,1574,100
[AUTOPOS] SW-H,A,2846,92,B,3361,100,C,2242,100,D,1669,100,E,2285,100,F,3070,96,G,1526,100
[AUTOPOS] SW-H,A,2788,92,B,3398,100,C,2159,100,D,1685,100,E,2308,100,F,3052,96,G,1555,100
[AUTOPOS] SW-H,A,2807,92,B,3364,100,C,2199,100,D,1689,100,E,2304,100,F,3076,96,G,1504,100
[AUTOPOS] SW-H,A,2782,93,B,3384,100,C,2194,100,D,1682,100,E,2318,100,F,3041,96,G,1547,100
[AUTOPOS] SW-H,A,2783,93,B,3378,100,C,2195,100,D,1679,100,E,2346,100,F,3078,96,G,1561,100
[AUTOPOS] SW-H,A,2816,93,B,3322,100,C,2215,100,D,1653,100,E,2350,100,F,3049,96,G,1562,100
[AUTOPOS] SW-H,A,2792,93,B,3327,100,C,2191,100,D,1735,100,E,2280,100,F,3106,100,G,1586,100
[AUTOPOS] SW-H,A,2790,94,B,3349,100,C,2158,100,D,1701,100,E,2296,100,F,3034,100,G,1554,100
[AUTOPOS] SW-H,A,2831,94,B,3304,100,C,2159,100,D,1716,100,E,2310,100,F,2985,100,G,1530,100
[AUTOPOS] SW-H,A,2837,94,B,3337,100,C,2193,100,D,1703,100,E,2309,100,F,3033,100,G,1574,100
[AUTOPOS] SW-H,A,2844,95,B,3404,100,C,2205,100,D,1707,100,E,2297,100,F,3044,100,G,1523,100
[AUTOPOS] SW-H,A,2831,95,B,3373,100,C,2205,100,D,1709,100,E,2349,100,F,3033,100,G,1537,100
[AUTOPOS] SW-H,A,2769,95,B,3383,100,C,2206,95,D,1728,100,E,2312,100,F,3011,100,G,1506,100
[AUTOPOS] SW-H,A,2791,95,B,3273,100,C,2238,95,D,1679,100,E,2251,100,F,3011,100,G,1555,100
[AUTOPOS] SW-H,A,2805,95,B,3226,100,C,2205,95,D,1679,100,E,2320,100,F,3039,96,G,1560,100
[AUTOPOS] SW-H,A,2842,96,B,3207,100,C,2189,96,D,1669,96,E,2307,100,F,3040,96,G,1528,100
[AUTOPOS] SW-H,A,2794,96,B,3243,100,C,2221,96,D,1666,96,E,2296,100,F,3074,96,G,1569,100
[AUTOPOS] SW-H,A,2817,96,B,3287,100,C,2198,96,D,1697,96,E,2291,100,F,3009,96,G,1547,100
[AUTOPOS] SW-H,A,2819,96,B,3341,100,C,2201,96,D,1690,96,E,2304,100,F,3030,96,G,1530,100
[AUTOPOS] SW-H,A,2811,96,B,3302,100,C,2179,96,D,1690,96,E,2314,100,F,3001,96,G,1550,100
[AUTOPOS] SW-H,A,2788,96,B,3302,100,C,2191,96,D,1702,93,E,2269,100,F,3076,96,G,1540,100
[AUTOPOS] SW-H,A,2834,96,B,3350,96,C,2171,96,D,1696,93,E,2321,100,F,3080,96,G,1516,100
[AUTOPOS] SW-H,A,2787,96,B,3299,96,C,2190,96,D,1675,94,E,2291,100,F,3053,100,G,1531,100
[AUTOPOS] SW-H,A,2801,100,B,3313,100,C,2221,100,D,1680,94,E,2267,100,F,3053,100,G,1560,100
[AUTOPOS] SW-H,A,2798,100,B,3347,100,C,2235,100,D,1723,94,E,2264,100,F,3046,100,G,1542,100
[AUTOPOS] SW-H,A,2817,100,B,3331,100,C,2179,100,D,1737,95,E,2312,100,F,3033,100,G,1532,100
[AUTOPOS] SW-H,A,2719,100,B,3359,100,C,2161,100,D,1676,95,E,2300,100,F,3009,100,G,1551,100
[AUTOPOS] SW-H,A,2780,100,B,3330,100,C,2175,100,D,1722,95,E,2259,100,F,3020,100,G,1572,100
[AUTOPOS] SW-H,A,2814,100,B,3321,100,C,2177,100,D,1682,95,E,2287,100,F,3060,100,G,1525,100
[AUTOPOS] SW-H,A,2780,100,B,3279,100,C,2200,100,D,1673,95,E,2338,100,F,3040,100,G,1552,100
[AUTOPOS] SW-H,A,2811,100,B,3250,100,C,2172,100,D,1696,96,E,2303,100,F,3025,100,G,1560,100
[AUTOPOS] SW-H,A,2780,100,B,3345,100,C,2188,100,D,1728,96,E,2309,100,F,3033,100,G,1546,100
[AUTOPOS] SW-H,A,2780,100,B,3365,100,C,2227,100,D,1716,96,E,2259,100,F,3061,100,G,1564,100
[AUTOPOS] SW-H,A,2769,96,B,3429,100,C,2155,100,D,1702,96,E,2308,100,F,3071,100,G,1542,100
[AUTOPOS] SW-H,A,2820,96,B,3331,100,C,2153,100,D,1702,96,E,2304,100,F,3027,100,G,1539,100
[AUTOPOS] SW-H,A,2778,96,B,3276,96,C,2219,100,D,1690,93,E,2282,100,F,3043,100,G,1566,100
[AUTOPOS] SW-H,A,2797,96,B,3333,96,C,2190,100,D,1677,93,E,2310,100,F,3077,100,G,1566,100
[AUTOPOS] SW-H,A,2765,96,B,3129,96,C,2162,100,D,1687,93,E,2299,100,F,3029,100,G,1519,96
[AUTOPOS] SW-H,A,2798,96,B,3221,100,C,2209,100,D,1699,94,E,2236,100,F,3037,100,G,1517,96
[AUTOPOS] SW-H,A,2755,100,B,3225,100,C,2213,100,D,1705,94,E,2280,100,F,2997,100,G,1568,100
[AUTOPOS] SW-H,A,2836,100,B,3232,100,C,2190,100,D,1711,94,E,2336,100,F,3038,100,G,1531,100
[AUTOPOS] SW-H,A,2798,100,B,3301,100,C,2169,100,D,1715,95,E,2285,100,F,3048,100,G,1541,100
[AUTOPOS] SW-H,A,2808,100,B,3300,100,C,2195,100,D,1744,95,E,2303,100,F,3040,100,G,1526,100
[AUTOPOS] SW-H,A,2857,100,B,3384,100,C,2171,100,D,1713,95,E,2276,100,F,3036,100,G,1539,100
[AUTOPOS] SW-H,A,2790,100,B,3391,100,C,2146,100,D,1691,95,E,2287,100,F,3001,100,G,1539,100
[AUTOPOS] SW-H,A,2768,100,B,3275,100,C,2160,100,D,1700,95,E,2287,100,F,3046,100,G,1505,95
[AUTOPOS] SW-H,A,2717,100,B,3309,100,C,2204,100,D,1677,96,E,2265,96,F,3082,100,G,1525,95
[AUTOPOS] SW-H,A,2872,100,B,3342,100,C,2205,100,D,1690,96,E,2314,96,F,3043,100,G,1511,96
[AUTOPOS] SW-H,A,2806,100,B,3318,100,C,2171,100,D,1687,96,E,2302,96,F,3072,100,G,1543,96
[AUTOPOS] SW-H,A,2848,100,B,3382,100,C,2184,100,D,1677,96,E,2353,96,F,3049,100,G,1514,96
[AUTOPOS] SW-H,A,2811,100,B,3246,100,C,2180,100,D,1733,96,E,2314,96,F,3041,100,G,1546,96
[AUTOPOS] SW-H,A,2821,100,B,3381,100,C,2159,100,D,1661,96,E,2287,96,F,3036,100,G,1548,96
[AUTOPOS] SW-H,A,2856,100,B,3336,100,C,2182,100,D,1704,96,E,2258,96,F,2987,100,G,1512,96
[AUTOPOS] SW-H,A,2824,100,B,3346,100,C,2191,100,D,1713,96,E,2320,96,F,3032,100,G,1557,96
[AUTOPOS] SW-H,A,2807,100,B,3276,100,C,2208,100,D,1748,100,E,2256,100,F,3024,100,G,1523,96
[AUTOPOS] SW-H,A,2807,100,B,3308,100,C,2203,100,D,1700,100,E,2325,100,F,3061,100,G,1563,100
[AUTOPOS] SW-H,A,2769,94,B,3352,100,C,2178,100,D,1696,100,E,2275,100,F,3056,100,G,1548,100
[AUTOPOS] SW-H,A,2771,94,B,3355,100,C,2146,100,D,1674,100,E,2275,95,F,3063,100,G,1538,100
[AUTOPOS] SW-H,A,2817,95,B,3368,100,C,2220,100,D,1672,100,E,2313,95,F,3013,100,G,1567,100
[AUTOPOS] SW-H,A,2825,95,B,3395,100,C,2204,100,D,1692,100,E,2268,95,F,3058,100,G,1567,100
[AUTOPOS] SW-H,A,2815,95,B,3255,100,C,2195,100,D,1692,100,E,2299,95,F,3044,100,G,1512,95
[AUTOPOS] SW-H,A,2780,95,B,3256,100,C,2167,100,D,1675,95,E,2298,96,F,3046,100,G,1541,95
[AUTOPOS] SW-H,A,2847,95,B,3242,100,C,2220,100,D,1727,96,E,2307,96,F,3043,100,G,1551,95
[AUTOPOS] SW-H,A,2765,96,B,3198,100,C,2194,100,D,1704,96,E,2328,96,F,3030,100,G,1529,96
[AUTOPOS] SW-H,A,2807,96,B,3198,100,C,2196,100,D,1696,96,E,2296,96,F,3037,100,G,1567,96
[AUTOPOS] SW-H,A,2810,96,B,3241,96,C,2197,100,D,1723,96,E,2283,96,F,3051,100,G,1555,96
[AUTOPOS] SW-H,A,2819,96,B,3277,96,C,2153,100,D,1707,96,E,2325,96,F,3021,100,G,1525,96
[AUTOPOS] SW-H,A,2763,96,B,3269,96,C,2217,100,D,1673,96,E,2279,96,F,3067,100,G,1507,96
[AUTOPOS] SW-H,A,2798,96,B,3308,96,C,2176,100,D,1687,96,E,2296,96,F,3074,100,G,1582,96
[AUTOPOS] SW-H,A,2751,96,B,3263,96,C,2185,100,D,1702,96,E,2317,100,F,3022,100,G,1566,96
[AUTOPOS] SW-H,A,2839,96,B,3272,100,C,2147,100,D,1704,100,E,2291,100,F,3077,100,G,1523,96
[AUTOPOS] SW-H,A,2757,100,B,3315,100,C,2121,100,D,1704,100,E,2278,100,F,3074,100,G,1528,100
[AUTOPOS] SW-H,A,2798,100,B,3266,100,C,2214,100,D,1720,100,E,2286,100,F,3032,100,G,1567,100
[AUTOPOS] SW-H,A,2798,100,B,3342,100,C,2171,100,D,1709,100,E,2316,100,F,3033,100,G,1537,100
[AUTOPOS] SW-H,A,2787,95,B,3401,100,C,2180,100,D,1707,100,E,2317,100,F,3078,100,G,1567,100
[AUTOPOS] SW-H,A,2805,95,B,3310,100,C,2181,100,D,1707,100,E,2344,100,F,3062,100,G,1563,100
[AUTOPOS] SW-H,A,2738,95,B,3343,100,C,2171,100,D,1701,95,E,2291,100,F,3000,100,G,1587,100
[AUTOPOS] SW-H,A,2775,95,B,3269,100,C,2204,100,D,1685,95,E,2291,100,F,3046,100,G,1587,100
[AUTOPOS] SW-H,A,2775,95,B,3315,100,C,2201,100,D,1672,96,E,2321,100,F,3090,100,G,1555,95
[AUTOPOS] SW-H,A,2785,92,B,3395,100,C,2166,100,D,1718,96,E,2337,100,F,3041,100,G,1550,96
[AUTOPOS] SW-H,A,2788,92,B,3324,100,C,2167,100,D,1697,96,E,2284,100,F,3012,100,G,1585,96
[AUTOPOS] SW-H,A,2777,92,B,3270,100,C,2147,100,D,1679,96,E,2277,100,F,3032,100,G,1534,96
[AUTOPOS] SW-H,A,2833,92,B,3411,100,C,2220,100,D,1689,96,E,2305,100,F,3061,100,G,1550,96
[AUTOPOS] SW-H,A,2793,93,B,3301,100,C,2207,100,D,1708,96,E,2323,100,F,3032,100,G,1576,96
[AUTOPOS] SW-H,A,2850,93,B,3395,100,C,2231,100,D,1696,96,E,2325,100,F,3052,100,G,1538,96
[AUTOPOS] SW-H,A,2745,93,B,3466,100,C,2184,100,D,1709,96,E,2308,100,F,3032,100,G,1526,96
[AUTOPOS] SW-H,A,2803,93,B,3199,100,C,2203,100,D,1681,100,E,2296,100,F,3076,100,G,1554,96
[AUTOPOS] SW-H,A,2758,94,B,3232,100,C,2218,100,D,1729,100,E,2303,100,F,3080,100,G,1531,100
[AUTOPOS] SW-H,A,2736,94,B,3254,100,C,2197,100,D,1699,100,E,2255,100,F,3035,100,G,1575,100
[AUTOPOS] SW-H,A,2794,94,B,3263,100,C,2194,100,D,1720,100,E,2302,100,F,3031,100,G,1549,100
[AUTOPOS] SW-H,A,2793,95,B,3337,100,C,2221,100,D,1720,100,E,2263,100,F,3069,100,G,1531,100
[AUTOPOS] SW-H,A,2787,95,B,3351,100,C,2172,100,D,1712,95,E,2273,100,F,3070,100,G,1546,100
[AUTOPOS] SW-H,A,2814,95,B,3384,100,C,2194,100,D,1687,95,E,2314,100,F,3023,100,G,1527,100
[AUTOPOS] SW-H,A,2762,95,B,3346,100,C,2201,100,D,1723,95,E,2292,100,F,3023,100,G,1524,100
[AUTOPOS] SW-H,A,2788,95,B,3315,100,C,2190,100,D,1683,96,E,2308,100,F,3083,100,G,1508,100
[AUTOPOS] SW-H,A,2817,96,B,3337,100,C,2166,100,D,1700,96,E,2294,100,F,3074,100,G,1544,100
[AUTOPOS] SW-H,A,2832,96,B,3324,100,C,2164,100,D,1660,96,E,2284,100,F,3043,100,G,1505,100
[AUTOPOS] SW-H,A,2791,96,B,3358,100,C,2203,100,D,1688,96,E,2313,100,F,3082,100,G,1505,100
[AUTOPOS] SW-H,A,2806,96,B,3339,100,C,2202,100,D,1702,96,E,2282,100,F,3040,100,G,1540,96
[AUTOPOS] SW-H,A,2782,96,B,3371,100,C,2152,100,D,1705,96,E,2307,100,F,3050,100,G,1560,96
[AUTOPOS] SW-H,A,2831,96,B,3308,100,C,2207,100,D,1730,96,E,2319,100,F,3023,100,G,1566,96
[AUTOPOS] SW-H,A,2811,96,B,3311,100,C,2190,100,D,1693,96,E,2262,100,F,3047,100,G,1572,96
[AUTOPOS] SW-H,A,2804,96,B,3383,100,C,2196,100,D,1674,100,E,2282,100,F,3054,100,G,1513,96
[AUTOPOS] SW-H,A,2770,100,B,3318,100,C,2170,100,D,1697,100,E,2255,100,F,3043,100,G,1543,100
[AUTOPOS] SW-H,A,2871,100,B,3321,100,C,2184,100,D,1697,100,E,2267,100,F,3034,100,G,1514,100
[AUTOPOS] SW-H,A,2817,100,B,3357,100,C,2146,100,D,1700,100,E,2288,100,F,3023,100,G,1558,100
[AUTOPOS] SW-H,A,2807,100,B,3421,100,C,2176,100,D,1705,100,E,2276,100,F,3014,100,G,1541,100
[AUTOPOS] SW-H,A,2846,100,B,3229,100,C,2193,100,D,1688,100,E,2298,100,F,3066,100,G,1538,100
[AUTOPOS] SW-H,A,2806,100,B,3225,100,C,2196,100,D,1665,100,E,2299,100,F,3032,100,G,1546,100
[AUTOPOS] SW-H,A,2830,100,B,3250,100,C,2160,100,D,1702,100,E,2306,100,F,3062,100,G,1538,100
[AUTOPOS] SW-H,A,2831,100,B,3232,100,C,2218,100,D,1687,100,E,2273,100,F,3075,100,G,1536,100
[AUTOPOS] SW-H,A,2805,100,B,3232,100,C,2199,100,D,1687,100,E,2290,100,F,3040,100,G,1534,100
[AUTOPOS] SW-H,A,2716,100,B,3252,96,C,2195,100,D,1661,100,E,2303,100,F,3026,100,G,1531,100
[AUTOPOS] SW-H,A,2780,100,B,3271,96,C,2207,100,D,1721,100,E,2311,100,F,3051,100,G,1564,100
[AUTOPOS] SW-H,A,2796,100,B,3407,96,C,2161,100,D,1645,100,E,2280,100,F,3046,100,G,1531,100
[AUTOPOS] SW-H,A,2789,100,B,3360,96,C,2163,100,D,1660,100,E,2285,100,F,3063,100,G,1508,100
[AUTOPOS] SW-H,A,2762,100,B,3282,96,C,2174,100,D,1697,100,E,2309,100,F,3063,100,G,1555,100
[AUTOPOS] SW-H,A,2848,100,B,3359,96,C,2197,100,D,1709,100,E,2335,100,F,3087,100,G,1520,100
[AUTOPOS] SW-H,A,2848,100,B,3298,100,C,2245,100,D,1714,100,E,2277,100,F,3039,100,G,1544,100
[AUTOPOS] SW-H,A,2835,100,B,3382,100,C,2167,100,D,1705,100,E,2316,100,F,3032,100,G,1549,100
[AUTOPOS] SW-H,A,2765,100,B,3395,100,C,2170,100,D,1705,100,E,2294,100,F,3026,100,G,1529,100
[AUTOPOS] SW-H,A,2823,100,B,3388,100,C,2183,100,D,1681,95,E,2294,100,F,2992,100,G,1548,100
[AUTOPOS] SW-H,A,2848,100,B,3311,100,C,2164,100,D,1686,95,E,2267,100,F,2986,100,G,1548,100
[AUTOPOS] SW-H,A,2848,100,B,3347,100,C,2200,100,D,1693,95,E,2293,100,F,3044,100,G,1525,95
[AUTOPOS] SW-H,A,2866,95,B,3336,100,C,2158,100,D,1687,95,E,2257,100,F,3023,100,G,1535,95
[AUTOPOS] SW-H,A,2790,95,B,3267,100,C,2158,100,D,1703,95,E,2298,100,F,3033,100,G,1568,95
[AUTOPOS] SW-H,A,2815,95,B,3397,100,C,2194,95,D,1693,96,E,2340,100,F,3016,100,G,1575,95
[AUTOPOS] SW-H,A,2795,96,B,3341,100,C,2152,96,D,1694,96,E,2301,100,F,3032,100,G,1517,96
[AUTOPOS] SW-H,A,2863,96,B,3340,100,C,2188,96,D,1747,96,E,2311,100,F,3031,100,G,1552,96
[AUTOPOS] SW-H,A,2790,96,B,3356,100,C,2147,96,D,1730,96,E,2310,100,F,3031,100,G,1567,96
[AUTOPOS] SW-H,A,2850,96,B,3325,100,C,2150,96,D,1679,96,E,2285,100,F,3014,96,G,1575,96
[AUTOPOS] SW-H,A,2795,96,B,3411,100,C,2227,96,D,1699,96,E,2313,100,F,3052,96,G,1575,96
[AUTOPOS] SW-H,A,2804,96,B,3154,100,C,2175,96,D,1709,96,E,2293,100,F,3052,96,G,1570,96
[AUTOPOS] SW-H,A,2783,96,B,3280,100,C,2172,96,D,1693,96,E,2311,100,F,3044,96,G,1509,96
[AUTOPOS] SW-H,A,2759,96,B,3260,100,C,2197,96,D,1707,100,E,2267,100,F,3044,100,G,1584,96
[AUTOPOS] SW-H,A,2793,100,B,3282,100,C,2178,100,D,1688,100,E,2282,100,F,3030,100,G,1567,100
[AUTOPOS] SW-H,A,2826,100,B,3268,100,C,2179,100,D,1667,100,E,2280,100,F,3010,100,G,1537,100
[AUTOPOS] SW-H,A,2806,100,B,3297,100,C,2194,100,D,1670,100,E,2316,100,F,3067,100,G,1537,100
[AUTOPOS] SW-H,A,2806,100,B,3308,100,C,2191,100,D,1704,100,E,2287,100,F,3021,100,G,1544,95
[AUTOPOS] SW-H,A,2814,95,B,3339,100,C,2161,100,D,1688,100,E,2281,100,F,3039,100,G,1572,95
[AUTOPOS] SW-H,A,2783,95,B,3365,100,C,2158,100,D,1711,100,E,2256,100,F,3048,100,G,1566,95
[AUTOPOS] SW-H,A,2783,95,B,3312,100,C,2171,100,D,1699,100,E,2328,100,F,3056,100,G,1528,95
[AUTOPOS] SW-H,A,2748,91,B,3339,100,C,2200,100,D,1680,100,E,2311,100,F,3097,100,G,1515,95
[AUTOPOS] SW-H,A,2806,92,B,3314,100,C,2242,100,D,1680,100,E,2323,100,F,3053,100,G,1521,96
[AUTOPOS] SW-H,A,2755,92,B,3376,100,C,2223,100,D,1715,96,E,2304,100,F,3090,100,G,1579,96
[AUTOPOS] SW-H,A,2793,92,B,3302,100,C,2197,100,D,1681,96,E,2288,100,F,3021,100,G,1579,96
[AUTOPOS] SW-H,A,2821,92,B,3355,100,C,2190,100,D,1708,96,E,2268,100,F,3019,100,G,1533,92
[AUTOPOS] SW-H,A,2796,93,B,3355,100,C,2174,100,D,1701,96,E,2267,100,F,3039,100,G,1533,93
[AUTOPOS] SW-H,A,2792,93,B,3377,96,C,2186,100,D,1701,96,E,2323,100,F,3059,100,G,1522,93
[AUTOPOS] SW-H,A,2824,93,B,3339,96,C,2172,100,D,1713,96,E,2323,100,F,3054,100,G,1571,93
[AUTOPOS] SW-H,A,2783,93,B,3350,100,C,2172,100,D,1687,100,E,2277,94,F,3067,100,G,1520,93
[AUTOPOS] SW-H,A,2807,94,B,3359,100,C,2202,100,D,1679,100,E,2280,94,F,2992,100,G,1520,94
[AUTOPOS] SW-H,A,2784,94,B,3330,100,C,2160,100,D,1692,100,E,2342,95,F,2992,100,G,1552,94
[AUTOPOS] SW-H,A,2811,94,B,3374,100,C,2181,100,D,1702,100,E,2310,95,F,3057,95,G,1551,94
[AUTOPOS] SW-H,A,2831,95,B,3306,100,C,2224,100,D,1672,100,E,2269,95,F,3017,95,G,1535,95
[AUTOPOS] SW-H,A,2773,95,B,3377,100,C,2188,100,D,1711,100,E,2296,95,F,3019,95,G,1524,95
[AUTOPOS] SW-H,A,2784,95,B,3249,100,C,2173,100,D,1702,100,E,2283,95,F,3048,95,G,1556,95
[AUTOPOS] SW-H,A,2803,95,B,3229,100,C,2196,100,D,1681,100,E,2344,96,F,3080,95,G,1595,95
[AUTOPOS] SW-H,A,2778,95,B,3250,100,C,2173,100,D,1719,100,E,2306,96,F,3061,96,G,1581,95
[AUTOPOS] SW-H,A,2731,96,B,3256,100,C,2233,100,D,1723,100,E,2306,96,F,3030,96,G,1565,96
[AUTOPOS] SW-H,A,2816,96,B,3312,100,C,2183,100,D,1745,100,E,2264,96,F,3045,96,G,1562,96
[AUTOPOS] SW-H,A,2849,96,B,3431,100,C,2195,100,D,1672,100,E,2336,96,F,3023,96,G,1542,96
[AUTOPOS] SW-H,A,2835,96,B,3357,100,C,2206,100,D,1703,100,E,2304,96,F,3035,96,G,1575,96
[AUTOPOS] SW-H,A,2794,96,B,3359,100,C,2245,100,D,1703,100,E,2287,96,F,3078,96,G,1599,96
[AUTOPOS] SW-H,A,2800,96,B,3280,100,C,2195,100,D,1674,96,E,2307,96,F,3022,96,G,1519,96
[AUTOPOS] SW-H,A,2783,96,B,3300,100,C,2219,100,D,1742,96,E,2300,100,F,3034,96,G,1519,96
[AUTOPOS] SW-H,A,2780,96,B,3365,100,C,2178,100,D,1701,100,E,2300,100,F,3051,100,G,1591,93
[AUTOPOS] SW-H,A,2794,100,B,3287,100,C,2160,100,D,1682,100,E,2336,94,F,3000,100,G,1533,94
[AUTOPOS] SW-H,A,2768,100,B,3322,100,C,2185,100,D,1737,100,E,2281,95,F,3060,100,G,1535,94
[AUTOPOS] SW-H,A,2815,100,B,3399,100,C,2223,100,D,1695,100,E,2266,95,F,3040,100,G,1551,94
[AUTOPOS] SW-H,A,2798,100,B,3306,100,C,2223,100,D,1701,100,E,2288,95,F,3041,100,G,1513,95
[AUTOPOS] SW-H,A,2798,100,B,3385,100,C,2159,95,D,1668,100,E,2274,95,F,3066,100,G,1599,95
[AUTOPOS] SW-H,A,2759,95,B,3290,100,C,2227,95,D,1700,100,E,2307,95,F,3071,100,G,1517,95
[AUTOPOS] SW-H,A,2754,95,B,3365,100,C,2181,95,D,1713,100,E,2355,96,F,3038,100,G,1586,95
[AUTOPOS] SW-H,A,2804,95,B,3329,100,C,2166,95,D,1692,100,E,2323,96,F,3036,100,G,1538,95
[AUTOPOS] SW-H,A,2787,96,B,3334,100,C,2149,96,D,1694,100,E,2315,96,F,3018,100,G,1533,96
[AUTOPOS] SW-H,A,2856,96,B,3294,100,C,2196,96,D,1742,100,E,2331,96,F,3040,100,G,1536,96
[AUTOPOS] SW-H,A,2777,96,B,3277,100,C,2181,96,D,1675,100,E,2293,96,F,3056,100,G,1512,96
[AUTOPOS] SW-H,A,2820,96,B,3330,100,C,2163,96,D,1683,100,E,2275,96,F,3070,100,G,1571,96
[AUTOPOS] SW-H,A,2791,96,B,3273,100,C,2216,96,D,1709,100,E,2311,96,F,3044,100,G,1542,96
[AUTOPOS] SW-H,A,2829,96,B,3194,100,C,2136,96,D,1695,100,E,2275,96,F,3022,100,G,1532,96
[AUTOPOS] SW-H,A,2798,96,B,3289,100,C,2142,96,D,1706,100,E,2304,100,F,3053,100,G,1585,96
[AUTOPOS] SW-H,A,2774,96,B,3268,100,C,2179,96,D,1676,100,E,2264,100,F,3047,100,G,1640,96
[AUTOPOS] SW-H,A,2864,100,B,3287,100,C,2174,100,D,1733,100,E,2269,100,F,3106,100,G,1564,100
[AUTOPOS] SW-H,A,2762,100,B,3287,100,C,2213,100,D,1718,100,E,2320,100,F,3080,100,G,1573,100
[AUTOPOS] SW-H,A,2788,100,B,3387,95,C,2179,100,D,1682,100,E,2289,100,F,3037,100,G,1501,100
[AUTOPOS] SW-H,A,2774,100,B,3362,95,C,2185,100,D,1716,100,E,2289,100,F,3038,100,G,1558,100
[AUTOPOS] SW-H,A,2754,100,B,3308,95,C,2127,100,D,1698,100,E,2318,95,F,3064,100,G,1585,100
[AUTOPOS] SW-H,A,2774,100,B,3331,95,C,2179,100,D,1692,100,E,2306,95,F,3026,100,G,1510,100
[AUTOPOS] SW-H,A,2810,100,B,3323,95,C,2182,100,D,1712,100,E,2340,96,F,3098,100,G,1505,100
[AUTOPOS] SW-H,A,2775,100,B,3411,96,C,2197,100,D,1698,100,E,2327,96,F,3056,100,G,1560,100
[AUTOPOS] SW-H,A,2756,100,B,3330,96,C,2184,100,D,1688,100,E,2292,96,F,3015,100,G,1546,100
[AUTOPOS] SW-H,A,2806,100,B,3335,96,C,2141,100,D,1707,100,E,2293,96,F,3037,100,G,1554,100
[AUTOPOS] SW-H,A,2806,100,B,3336,96,C,2196,100,D,1697,100,E,2320,96,F,3035,100,G,1524,100
[AUTOPOS] SW-H,A,2814,96,B,3303,96,C,2161,100,D,1738,100,E,2292,96,F,3040,100,G,1516,100
[AUTOPOS] SW-H,A,2777,96,B,3312,96,C,2117,100,D,1671,100,E,2277,96,F,3036,100,G,1529,100
[AUTOPOS] SW-H,A,2782,96,B,3303,96,C,2179,100,D,1736,100,E,2331,96,F,3022,100,G,1584,100
[AUTOPOS] SW-H,A,2790,96,B,3413,96,C,2188,100,D,1690,100,E,2298,100,F,3069,100,G,1498,100
[AUTOPOS] SW-H,A,2840,96,B,3346,100,C,2200,100,D,1692,100,E,2321,100,F,3057,100,G,1594,100
[AUTOPOS] SW-H,A,2848,100,B,3346,100,C,2175,100,D,1720,100,E,2251,100,F,3056,100,G,1562,100
[AUTOPOS] SW-H,A,2822,100,B,3275,90,C,2203,100,D,1714,100,E,2303,100,F,2998,100,G,1542,100
[AUTOPOS] SW-H,A,2812,100,B,3285,90,C,2180,100,D,1714,100,E,2315,100,F,3018,100,G,1584,100
[AUTOPOS] SW-H,A,2764,100,B,3285,90,C,2214,100,D,1691,95,E,2311,100,F,3040,100,G,1577,100
[AUTOPOS] SW-H,A,2832,100,B,3193,86,C,2208,100,D,1707,95,E,2285,100,F,3030,100,G,1577,100
[AUTOPOS] SW-H,A,2781,100,B,3316,87,C,2148,100,D,1706,95,E,2307,100,F,3029,100,G,1552,95
[AUTOPOS] SW-H,A,2820,100,B,3302,88,C,2133,100,D,1681,95,E,2316,100,F,3067,100,G,1496,95
[AUTOPOS] SW-H,A,2893,100,B,3277,88,C,2169,100,D,1729,96,E,2344,100,F,3028,100,G,1571,95
[AUTOPOS] SW-H,A,2803,100,B,3372,88,C,2192,100,D,1720,96,E,2233,100,F,3064,100,G,1576,96
[AUTOPOS] SW-H,A,2794,100,B,3357,89,C,2208,100,D,1702,96,E,2316,100,F,3008,100,G,1559,96
[AUTOPOS] SW-H,A,2773,100,B,3357,89,C,2216,100,D,1680,96,E,2288,100,F,3083,100,G,1504,96
[AUTOPOS] SW-H,A,2766,100,B,3314,90,C,2213,100,D,1709,96,E,2299,100,F,3087,100,G,1505,96
[AUTOPOS] SW-H,A,2815,100,B,3347,90,C,2220,100,D,1706,96,E,2299,100,F,3113,100,G,1583,96
[AUTOPOS] SW-H,A,2809,100,B,3297,90,C,2193,100,D,1724,96,E,2301,96,F,3066,100,G,1576,96
[AUTOPOS] SW-H,A,2789,100,B,3354,94,C,2202,100,D,1690,96,E,2294,100,F,3036,100,G,1524,96
[AUTOPOS] SW-H,A,2779,100,B,3200,94,C,2215,100,D,1724,100,E,2292,100,F,2987,100,G,1529,96
[AUTOPOS] SW-H,A,2866,100,B,3374,94,C,2206,100,D,1705,100,E,2292,100,F,3030,100,G,1539,100
[AUTOPOS] SW-H,A,2817,100,B,3307,95,C,2205,100,D,1699,100,E,2280,95,F,3014,100,G,1511,100
[AUTOPOS] SW-H,A,2872,100,B,3313,95,C,2218,100,D,1702,100,E,2286,95,F,3077,100,G,1517,100
[AUTOPOS] SW-H,A,2801,100,B,3352,95,C,2185,100,D,1677,100,E,2272,95,F,3053,100,G,1542,100
[AUTOPOS] SW-H,A,2766,100,B,3363,95,C,2161,100,D,1725,100,E,2333,95,F,3073,100,G,1574,100
[AUTOPOS] SW-H,A,2757,100,B,3421,95,C,2175,100,D,1699,100,E,2287,95,F,3063,100,G,1581,100
[AUTOPOS] SW-H,A,2818,100,B,3368,96,C,2140,100,D,1713,100,E,2273,96,F,3017,100,G,1545,100
[AUTOPOS] SW-H,A,2837,100,B,3372,96,C,2195,100,D,1717,100,E,2326,96,F,3030,100,G,1569,100
[AUTOPOS] SW-H,A,2845,100,B,3323,96,C,2177,100,D,1700,100,E,2256,96,F,3028,100,G,1521,100
[AUTOPOS] SW-H,A,2800,100,B,3314,96,C,2160,100,D,1693,100,E,2288,96,F,3051,100,G,1521,100
[AUTOPOS] SW-H,A,2806,100,B,3196,96,C,2164,100,D,1704,100,E,2305,96,F,3056,100,G,1521,100
[AUTOPOS] SW-H,A,2800,100,B,3218,96,C,2157,100,D,1734,100,E,2305,96,F,3010,100,G,1533,96
[AUTOPOS] SW-H,A,2755,100,B,3251,96,C,2131,100,D,1677,100,E,2306,93,F,3074,100,G,1523,96
[AUTOPOS] SW-H,A,2790,100,B,3244,96,C,2171,100,D,1694,100,E,2284,93,F,2992,100,G,1525,96
[AUTOPOS] SW-H,A,2778,100,B,3268,100,C,2195,100,D,1702,100,E,2294,94,F,3075,100,G,1513,96
[AUTOPOS] SW-H,A,2827,100,B,3286,100,C,2195,100,D,1674,100,E,2289,94,F,3084,100,G,1511,96
[AUTOPOS] SW-H,A,2827,100,B,3362,100,C,2146,100,D,1704,100,E,2287,94,F,3014,100,G,1583,100
[AUTOPOS] SW-H,A,2755,94,B,3373,100,C,2197,100,D,1727,100,E,2289,95,F,3054,100,G,1554,100
[AUTOPOS] SW-H,A,2802,94,B,3362,100,C,2191,100,D,1727,100,E,2278,95,F,3047,100,G,1556,100
[AUTOPOS] SW-H,A,2793,95,B,3346,100,C,2210,100,D,1692,95,E,2264,95,F,3001,100,G,1571,100
[AUTOPOS] SW-H,A,2799,95,B,3336,100,C,2128,100,D,1695,95,E,2335,95,F,3055,100,G,1556,100
[AUTOPOS] SW-H,A,2831,95,B,3388,100,C,2176,100,D,1688,95,E,2287,95,F,3027,100,G,1544,100
[AUTOPOS] SW-H,A,2776,95,B,3388,100,C,2165,100,D,1743,95,E,2286,96,F,3095,100,G,1540,100
[AUTOPOS] SW-H,A,2824,95,B,3375,96,C,2168,100,D,1681,96,E,2311,96,F,3093,100,G,1541,100
[AUTOPOS] SW-H,A,2835,96,B,3364,96,C,2187,100,D,1666,96,E,2298,96,F,3043,100,G,1522,100
[AUTOPOS] SW-H,A,2811,96,B,3358,96,C,2211,100,D,1718,96,E,2328,96,F,3023,100,G,1528,100
[AUTOPOS] SW-H,A,2770,96,B,3330,96,C,2151,100,D,1711,96,E,2275,96,F,3016,100,G,1550,100
[AUTOPOS] SW-H,A,2812,96,B,3330,96,C,2164,100,D,1704,96,E,2301,96,F,3061,100,G,1567,100
[AUTOPOS] SW-H,A,2847,96,B,3326,96,C,2184,100,D,1700,96,E,2270,96,F,3059,100,G,1546,100
[AUTOPOS] SW-H,A,2852,96,B,3361,96,C,2235,100,D,1728,96,E,2306,96,F,3002,100,G,1597,100
[AUTOPOS] SW-H,A,2785,96,B,3389,100,C,2235,100,D,1705,96,E,2304,100,F,3006,100,G,1521,100
[AUTOPOS] SW-H,A,2822,94,B,3364,100,C,2185,96,D,1722,100,E,2274,100,F,3028,100,G,1577,100
[AUTOPOS] SW-H,A,2839,94,B,3350,100,C,2152,100,D,1676,100,E,2272,100,F,3024,100,G,1585,100
[AUTOPOS] SW-H,A,2843,94,B,3426,100,C,2201,100,D,1681,100,E,2304,100,F,3009,100,G,1587,100
[AUTOPOS] SW-H,A,2815,95,B,3278,100,C,2195,100,D,1682,100,E,2318,100,F,3058,100,G,1604,100
[AUTOPOS] SW-H,A,2751,95,B,3228,100,C,2155,100,D,1648,100,E,2283,100,F,3085,100,G,1529,100
[AUTOPOS] SW-H,A,2796,95,B,3246,100,C,2153,100,D,1746,100,E,2288,100,F,3021,100,G,1546,100
[AUTOPOS] SW-H,A,2779,95,B,3215,100,C,2137,100,D,1693,100,E,2318,100,F,3013,100,G,1538,100
[AUTOPOS] SW-H,A,2827,95,B,3228,100,C,2174,100,D,1668,100,E,2265,100,F,3023,100,G,1529,100
[AUTOPOS] SW-H,A,2822,96,B,3253,100,C,2166,100,D,1668,100,E,2291,100,F,3066,100,G,1606,100
[AUTOPOS] SW-H,A,2828,96,B,3262,100,C,2124,100,D,1671,96,E,2337,100,F,3008,100,G,1572,100
[AUTOPOS] SW-H,A,2782,96,B,3376,100,C,2128,100,D,1716,96,E,2334,100,F,3049,100,G,1569,100
[AUTOPOS] SW-H,A,2826,96,B,3357,100,C,2171,100,D,1716,96,E,2280,100,F,3018,100,G,1567,100
[AUTOPOS] SW-H,A,2789,96,B,3313,100,C,2211,100,D,1705,96,E,2342,100,F,3002,100,G,1589,100
[AUTOPOS] SW-H,A,2825,96,B,3364,100,C,2123,100,D,1674,96,E,2334,100,F,3058,100,G,1541,100
[AUTOPOS] SW-H,A,2826,96,B,3340,100,C,2166,100,D,1702,96,E,2307,100,F,2997,100,G,1563,100
[AUTOPOS] SW-H,A,2832,96,B,3321,100,C,2206,100,D,1715,96,E,2279,100,F,3043,100,G,1512,100
[AUTOPOS] SW-H,A,2861,100,B,3371,100,C,2172,100,D,1723,100,E,2275,100,F,3043,100,G,1540,100
[AUTOPOS] SW-H,A,2807,100,B,3381,100,C,2172,100,D,1689,100,E,2298,100,F,3011,94,G,1555,100
[AUTOPOS] SW-H,A,2785,100,B,3337,100,C,2196,94,D,1702,100,E,2282,100,F,3013,94,G,1573,100
[AUTOPOS] SW-H,A,2792,100,B,3327,100,C,2192,94,D,1661,100,E,2320,100,F,3013,94,G,1517,100
[AUTOPOS] SW-H,A,2798,100,B,3360,100,C,2223,95,D,1682,100,E,2304,100,F,3018,90,G,1524,100
[AUTOPOS] SW-H,A,2791,100,B,3341,100,C,2207,95,D,1724,100,E,2319,100,F,3047,90,G,1524,100
[AUTOPOS] SW-H,A,2851,100,B,3383,100,C,2178,95,D,1696,100,E,2272,100,F,3033,91,G,1585,100
[AUTOPOS] SW-H,A,2777,100,B,3368,100,C,2144,95,D,1644,100,E,2335,100,F,3000,91,G,1588,100
[AUTOPOS] SW-H,A,2834,100,B,3347,100,C,2148,95,D,1675,100,E,2270,100,F,3077,92,G,1518,100
[AUTOPOS] SW-H,A,2761,100,B,3332,100,C,2174,96,D,1681,100,E,2320,100,F,3039,92,G,1600,100
[AUTOPOS] SW-H,A,2812,100,B,3333,100,C,2182,96,D,1680,100,E,2320,100,F,3015,92,G,1564,100
[AUTOPOS] SW-H,A,2807,100,B,3420,100,C,2168,96,D,1725,100,E,2310,96,F,3116,92,G,1513,100
[AUTOPOS] SW-H,A,2812,100,B,3412,100,C,2168,96,D,1713,100,E,2286,96,F,3064,93,G,1554,100
[AUTOPOS] SW-H,A,2746,100,B,3284,100,C,2213,96,D,1663,100,E,2278,96,F,3035,93,G,1532,100
[AUTOPOS] SW-H,A,2846,100,B,3304,100,C,2213,96,D,1665,100,E,2324,96,F,3050,93,G,1552,100
[AUTOPOS] SW-H,A,2846,100,B,3317,100,C,2200,93,D,1711,100,E,2300,100,F,3012,93,G,1609,100
[AUTOPOS] SW-H,A,2801,100,B,3270,100,C,2193,93,D,1705,100,E,2295,100,F,3024,94,G,1561,100
[AUTOPOS] SW-H,A,2797,100,B,3319,100,C,2162,94,D,1705,100,E,2340,100,F,3077,94,G,1489,100
[AUTOPOS] SW-H,A,2880,100,B,3281,100,C,2173,94,D,1649,94,E,2296,100,F,3059,94,G,1558,100
[AUTOPOS] SW-H,A,2783,100,B,3344,100,C,2167,94,D,1717,95,E,2320,100,F,3039,95,G,1558,100
[AUTOPOS] SW-H,A,2783,100,B,3405,100,C,2136,95,D,1653,95,E,2280,100,F,3019,95,G,1530,95
[AUTOPOS] SW-H,A,2769,95,B,3322,100,C,2184,95,D,1693,95,E,2308,100,F,3071,95,G,1627,95
[AUTOPOS] SW-H,A,2808,95,B,3258,100,C,2153,95,D,1655,95,E,2281,100,F,3030,95,G,1519,95
[AUTOPOS] SW-H,A,2804,95,B,3338,100,C,2176,95,D,1706,95,E,2281,100,F,3027,95,G,1540,95
[AUTOPOS] SW-H,A,2811,96,B,3307,100,C,2160,95,D,1709,96,E,2339,96,F,3118,96,G,1523,95
[AUTOPOS] SW-H,A,2826,96,B,3313,100,C,2208,96,D,1677,96,E,2297,96,F,3060,96,G,1510,96
[AUTOPOS] SW-H,A,2769,96,B,3378,100,C,2165,96,D,1700,96,E,2288,96,F,2981,96,G,1500,96
[AUTOPOS] SW-H,A,2812,96,B,3368,100,C,2191,96,D,1728,96,E,2299,96,F,3013,96,G,1540,96
[AUTOPOS] SW-H,A,2796,96,B,3256,100,C,2224,96,D,1689,96,E,2275,96,F,2998,96,G,1509,96
[AUTOPOS] SW-H,A,2807,96,B,3306,100,C,2197,96,D,1723,96,E,2317,96,F,3075,96,G,1541,96
[AUTOPOS] SW-H,A,2787,96,B,3328,100,C,2205,96,D,1669,96,E,2291,96,F,3099,96,G,1549,96
[AUTOPOS] SW-H,A,2824,96,B,3346,100,C,2136,96,D,1705,96,E,2291,100,F,3011,96,G,1511,96
[AUTOPOS] SW-H,A,2818,100,B,3349,100,C,2157,96,D,1670,100,E,2291,100,F,3010,100,G,1506,96
[AUTOPOS] SW-H,A,2857,100,B,3343,100,C,2173,100,D,1691,100,E,2231,94,F,3088,100,G,1576,100
[AUTOPOS] SW-H,A,2781,100,B,3346,100,C,2191,100,D,1695,100,E,2280,95,F,3028,100,G,1522,100
[AUTOPOS] SW-H,A,2772,100,B,3366,100,C,2225,100,D,1673,100,E,2309,95,F,3017,100,G,1529,100
[AUTOPOS] SW-H,A,2831,100,B,3273,100,C,2140,100,D,1693,100,E,2236,95,F,3029,100,G,1501,100
[AUTOPOS] SW-H,A,2831,100,B,3197,100,C,2159,100,D,1703,100,E,2303,95,F,3061,100,G,1508,100
[AUTOPOS] SW-H,A,2832,95,B,3212,100,C,2149,100,D,1658,100,E,2309,95,F,3014,100,G,1523,100
[AUTOPOS] SW-H,A,2787,95,B,3315,100,C,2219,100,D,1712,100,E,2305,96,F,3067,100,G,1539,100
[AUTOPOS] SW-H,A,2783,96,B,3324,100,C,2197,100,D,1739,100,E,2320,96,F,3033,100,G,1526,100
[AUTOPOS] SW-H,A,2770,96,B,3355,100,C,2178,100,D,1752,100,E,2316,96,F,2988,100,G,1526,100
[AUTOPOS] SW-H,A,2793,96,B,3317,100,C,2173,100,D,1686,100,E,2271,96,F,3050,100,G,1514,96
[AUTOPOS] SW-H,A,2776,96,B,3358,100,C,2206,100,D,1696,100,E,2300,96,F,3029,100,G,1616,96
[AUTOPOS] SW-H,A,2852,96,B,3324,100,C,2166,100,D,1686,100,E,2307,96,F,3040,100,G,1551,96
[AUTOPOS] SW-H,A,2737,96,B,3276,100,C,2225,100,D,1653,100,E,2307,96,F,3094,100,G,1540,96
[AUTOPOS] SW-H,A,2799,96,B,3336,100,C,2225,100,D,1711,100,E,2306,93,F,2970,100,G,1530,96
[AUTOPOS] SW-H,A,2790,96,B,3393,100,C,2222,96,D,1713,100,E,2365,94,F,3015,100,G,1528,96
[AUTOPOS] SW-H,A,2757,100,B,3393,100,C,2158,96,D,1705,100,E,2309,94,F,3015,100,G,1559,96
[AUTOPOS] SW-H,A,2811,100,B,3354,100,C,2162,100,D,1680,100,E,2283,94,F,2997,94,G,1526,100
[AUTOPOS] SW-H,A,2845,100,B,3353,100,C,2228,100,D,1712,100,E,2299,95,F,3026,94,G,1538,100
[AUTOPOS] SW-H,A,2857,100,B,3381,100,C,2214,100,D,1718,100,E,2328,95,F,2989,95,G,1561,100
[AUTOPOS] SW-H,A,2810,100,B,3305,100,C,2186,100,D,1714,100,E,2328,95,F,3090,95,G,1551,100
[AUTOPOS] SW-H,A,2838,100,B,3314,100,C,2129,100,D,1705,100,E,2319,91,F,3006,95,G,1515,100
[AUTOPOS] SW-H,A,2780,100,B,3378,100,C,2178,100,D,1668,100,E,2301,91,F,3071,95,G,1515,100
[AUTOPOS] SW-H,A,2772,100,B,3350,100,C,2196,100,D,1664,100,E,2301,91,F,3034,95,G,1532,95
[AUTOPOS] SW-H,A,2804,100,B,3351,100,C,2210,100,D,1685,100,E,2301,88,F,3065,96,G,1549,95
[AUTOPOS] SW-H,A,2795,100,B,3322,100,C,2172,100,D,1676,100,E,2315,88,F,3003,96,G,1616,96
[AUTOPOS] SW-H,A,2816,100,B,3429,100,C,2139,100,D,1700,100,E,2296,89,F,3062,96,G,1603,96
[AUTOPOS] SW-H,A,2794,100,B,3324,100,C,2139,100,D,1715,100,E,2281,89,F,3051,96,G,1543,96
[AUTOPOS] SW-H,A,2794,100,B,3278,100,C,2161,96,D,1682,100,E,2311,90,F,3045,96,G,1560,96
[AUTOPOS] SW-H,A,2772,96,B,3269,100,C,2212,96,D,1684,100,E,2291,90,F,3045,96,G,1521,96
[AUTOPOS] SW-H,A,2813,96,B,3296,100,C,2193,96,D,1684,100,E,2328,90,F,2999,93,G,1547,96
[AUTOPOS] SW-H,A,2836,96,B,3297,100,C,2206,96,D,1664,96,E,2314,94,F,3038,93,G,1543,96
[AUTOPOS] SW-H,A,2859,100,B,3379,100,C,2185,96,D,1695,100,E,2303,94,F,3095,94,G,1566,96
[AUTOPOS] SW-H,A,2795,100,B,3360,100,C,2161,100,D,1688,100,E,2315,94,F,3059,94,G,1500,100
[AUTOPOS] SW-H,A,2753,100,B,3280,100,C,2183,100,D,1723,100,E,2337,95,F,3052,94,G,1544,100
[AUTOPOS] SW-H,A,2864,100,B,3364,100,C,2173,100,D,1704,100,E,2342,95,F,2986,95,G,1549,100
[AUTOPOS] SW-H,A,2789,100,B,3321,100,C,2159,100,D,1724,100,E,2274,95,F,3082,95,G,1520,100
[AUTOPOS] SW-H,A,2788,100,B,3265,100,C,2158,100,D,1666,100,E,2243,95,F,3084,95,G,1553,100
[AUTOPOS] SW-H,A,2785,100,B,3336,100,C,2202,100,D,1685,100,E,2250,95,F,3032,95,G,1532,100
[AUTOPOS] SW-H,A,2800,100,B,3350,100,C,2149,100,D,1701,100,E,2301,96,F,3086,95,G,1563,100
[AUTOPOS] SW-H,A,2791,100,B,3337,100,C,2201,100,D,1678,100,E,2325,96,F,3021,96,G,1546,100
[AUTOPOS] SW-H,A,2781,100,B,3286,100,C,2173,100,D,1698,100,E,2334,96,F,3052,96,G,1533,100
[AUTOPOS] SW-H,A,2837,100,B,3393,100,C,2144,100,D,1731,100,E,2305,96,F,2983,96,G,1510,100
[AUTOPOS] SW-H,A,2786,100,B,3367,100,C,2189,100,D,1694,100,E,2314,96,F,3040,96,G,1541,100
[AUTOPOS] SW-H,A,2784,100,B,3387,100,C,2189,96,D,1681,100,E,2330,96,F,3078,96,G,1530,100
[AUTOPOS] SW-H,A,2782,100,B,3312,100,C,2171,96,D,1729,100,E,2318,96,F,3063,96,G,1620,100
[AUTOPOS] SW-H,A,2779,100,B,3335,100,C,2156,96,D,1697,100,E,2295,96,F,3035,96,G,1552,100
[AUTOPOS] SW-H,A,2840,100,B,3332,100,C,2221,96,D,1669,100,E,2307,100,F,3042,96,G,1552,100
[AUTOPOS] SW-H,A,2785,100,B,3387,100,C,2119,100,D,1739,100,E,2318,100,F,3066,100,G,1552,96
[AUTOPOS] SW-H,A,2776,100,B,3476,100,C,2216,100,D,1703,100,E,2299,100,F,3058,100,G,1593,100
[AUTOPOS] SW-H,A,2783,100,B,3315,100,C,2216,100,D,1668,100,E,2316,100,F,3001,100,G,1555,100
[AUTOPOS] SW-H,A,2783,100,B,3313,100,C,2156,95,D,1663,100,E,2305,100,F,3124,100,G,1537,100
[AUTOPOS] SW-H,A,2836,95,B,3207,100,C,2224,95,D,1686,100,E,2320,100,F,3124,100,G,1589,100
[AUTOPOS] SW-H,A,2766,95,B,3255,100,C,2222,95,D,1716,100,E,2285,100,F,3055,95,G,1511,100
[AUTOPOS] SW-H,A,2834,95,B,3267,100,C,2143,95,D,1731,100,E,2323,100,F,3079,95,G,1606,100
[AUTOPOS] SW-H,A,2807,95,B,3281,100,C,2220,95,D,1711,100,E,2316,100,F,3094,95,G,1578,100
[AUTOPOS] SW-H,A,2836,96,B,3324,100,C,2228,96,D,1697,100,E,2332,100,F,3030,96,G,1578,100
[AUTOPOS] SW-H,A,2808,96,B,3345,100,C,2201,96,D,1670,100,E,2318,100,F,3083,96,G,1515,96
[AUTOPOS] SW-H,A,2838,96,B,3317,100,C,2192,96,D,1677,100,E,2295,100,F,3056,96,G,1545,96
[AUTOPOS] SW-H,A,2749,96,B,3341,100,C,2152,96,D,1657,100,E,2314,100,F,3061,96,G,1505,96
[AUTOPOS] SW-H,A,2795,96,B,3363,100,C,2145,96,D,1695,100,E,2273,100,F,3091,96,G,1512,96
[AUTOPOS] SW-H,A,2778,96,B,3272,100,C,2143,96,D,1673,100,E,2298,100,F,3110,96,G,1564,96
[AUTOPOS] SW-H,A,2814,96,B,3308,100,C,2175,96,D,1693,100,E,2275,100,F,3032,96,G,1540,96
[AUTOPOS] SW-H,A,2804,96,B,3373,100,C,2217,96,D,1676,100,E,2332,100,F,3043,96,G,1585,96
[AUTOPOS] SW-H,A,2770,100,B,3346,100,C,2213,100,D,1655,100,E,2319,100,F,3008,100,G,1539,96
[AUTOPOS] SW-H,A,2792,100,B,3309,100,C,2155,100,D,1692,100,E,2331,100,F,3065,100,G,1600,100
[AUTOPOS] SW-H,A,2800,100,B,3344,100,C,2185,100,D,1701,100,E,2308,100,F,2992,100,G,1584,100
[AUTOPOS] SW-H,A,2773,100,B,3319,100,C,2174,100,D,1722,100,E,2304,100,F,3071,100,G,1585,100
[AUTOPOS] SW-H,A,2761,100,B,3367,100,C,2216,100,D,1703,100,E,2312,100,F,3030,100,G,1546,100
[AUTOPOS] SW-H,A,2795,100,B,3340,100,C,2184,100,D,1683,100,E,2326,100,F,3011,100,G,1582,100
[AUTOPOS] SW-H,A,2733,100,B,3385,100,C,2188,100,D,1688,100,E,2326,100,F,2960,100,G,1568,100
[AUTOPOS] SW-H,A,2733,100,B,3364,100,C,2138,100,D,1685,100,E,2303,100,F,3016,100,G,1583,100
[AUTOPOS] SW-H,A,2759,96,B,3363,100,C,2110,100,D,1679,100,E,2340,100,F,3076,100,G,1514,100
[AUTOPOS] SW-H,A,2772,96,B,3333,100,C,2155,100,D,1693,100,E,2266,100,F,3088,100,G,1545,100
[AUTOPOS] SW-H,A,2745,96,B,3333,100,C,2166,100,D,1685,100,E,2321,100,F,3068,100,G,1533,100
[AUTOPOS] SW-H,A,2802,96,B,3215,96,C,2197,100,D,1724,100,E,2300,100,F,3052,100,G,1617,100
[AUTOPOS] SW-H,A,2729,96,B,3198,96,C,2170,100,D,1679,100,E,2287,100,F,3020,100,G,1590,100
[AUTOPOS] SW-H,A,2780,96,B,3267,96,C,2122,100,D,1705,100,E,2301,100,F,3074,100,G,1563,100
[AUTOPOS] SW-H,A,2720,96,B,3317,96,C,2230,100,D,1720,100,E,2294,100,F,3074,100,G,1574,100
[AUTOPOS] SW-H,A,2764,96,B,3246,100,C,2171,100,D,1681,100,E,2285,100,F,3014,100,G,1533,100
[AUTOPOS] SW-H,A,2789,100,B,3313,100,C,2171,100,D,1727,100,E,2280,100,F,3111,100,G,1507,100
[AUTOPOS] SW-H,A,2789,100,B,3283,100,C,2138,94,D,1692,100,E,2330,100,F,3088,100,G,1566,100
[AUTOPOS] SW-H,A,2773,94,B,3434,100,C,2151,94,D,1700,100,E,2318,100,F,3032,100,G,1573,100
[AUTOPOS] SW-H,A,2772,95,B,3333,100,C,2151,94,D,1700,100,E,2318,100,F,3041,100,G,1518,100
[AUTOPOS] SW-H,A,2754,95,B,3351,100,C,2126,90,D,1712,95,E,2285,100,F,3037,100,G,1583,100
[AUTOPOS] SW-H,A,2778,95,B,3386,100,C,2208,90,D,1733,95,E,2307,100,F,3107,100,G,1589,100
[AUTOPOS] SW-H,A,2843,95,B,3300,100,C,2137,91,D,1712,95,E,2285,100,F,3096,100,G,1523,100
[AUTOPOS] SW-H,A,2772,95,B,3335,100,C,2242,91,D,1664,95,E,2329,100,F,3021,100,G,1517,100
[AUTOPOS] SW-H,A,2826,96,B,3270,100,C,2148,92,D,1704,96,E,2305,100,F,2988,100,G,1536,100
[AUTOPOS] SW-H,A,2757,96,B,3270,100,C,2156,92,D,1660,96,E,2300,100,F,3016,100,G,1525,100
[AUTOPOS] SW-H,A,2804,96,B,3351,96,C,2130,92,D,1704,96,E,2330,100,F,3004,100,G,1525,100
[AUTOPOS] SW-H,A,2835,96,B,3327,96,C,2228,92,D,1707,96,E,2330,100,F,2991,100,G,1534,96
[AUTOPOS] SW-H,A,2824,96,B,3343,96,C,2192,93,D,1675,96,E,2271,96,F,3098,100,G,1578,96
[AUTOPOS] SW-H,A,2840,96,B,3360,96,C,2174,93,D,1671,96,E,2302,96,F,2991,100,G,1497,96
[AUTOPOS] SW-H,A,2822,96,B,3321,96,C,2192,93,D,1668,96,E,2326,96,F,3048,100,G,1516,96
[AUTOPOS] SW-H,A,2862,96,B,3362,100,C,2154,93,D,1710,96,E,2305,100,F,3044,100,G,1540,96
[AUTOPOS] SW-H,A,2833,100,B,3304,100,C,2154,94,D,1685,100,E,2258,100,F,3086,100,G,1596,96
[AUTOPOS] SW-H,A,2802,100,B,3384,100,C,2179,94,D,1691,100,E,2319,100,F,2999,100,G,1603,100
[AUTOPOS] SW-H,A,2819,100,B,3345,100,C,2165,94,D,1673,100,E,2331,100,F,3073,100,G,1539,100
[AUTOPOS] SW-H,A,2768,100,B,3327,100,C,2178,95,D,1717,100,E,2316,100,F,3075,100,G,1536,100
[AUTOPOS] SW-H,A,2799,100,B,3223,100,C,2172,95,D,1720,100,E,2286,100,F,3060,100,G,1550,100
[AUTOPOS] SW-H,A,2799,100,B,3234,100,C,2208,95,D,1711,100,E,2283,100,F,2973,100,G,1573,100
[AUTOPOS] SW-H,A,2739,95,B,3270,100,C,2116,95,D,1695,100,E,2268,100,F,3086,100,G,1613,100
[AUTOPOS] SW-H,A,2865,95,B,3281,100,C,2208,95,D,1695,100,E,2294,100,F,3020,100,G,1530,100
[AUTOPOS] SW-H,A,2765,96,B,3312,100,C,2169,96,D,1709,96,E,2368,100,F,3068,100,G,1565,100
[AUTOPOS] SW-H,A,2853,96,B,3342,100,C,2197,96,D,1710,96,E,2302,100,F,3002,100,G,1522,100
[AUTOPOS] SW-H,A,2756,96,B,3326,100,C,2229,96,D,1721,96,E,2332,100,F,3058,100,G,1559,100
[AUTOPOS] SW-H,A,2742,96,B,3295,100,C,2134,96,D,1702,96,E,2289,100,F,3093,100,G,1518,100
[AUTOPOS] SW-H,A,2819,96,B,3352,100,C,2155,96,D,1699,96,E,2271,100,F,3070,100,G,1531,100
[AUTOPOS] SW-H,A,2800,96,B,3261,100,C,2227,96,D,1744,96,E,2310,100,F,3085,100,G,1593,100
[AUTOPOS] SW-H,A,2849,96,B,3317,100,C,2189,96,D,1669,96,E,2284,100,F,3100,100,G,1500,100
[AUTOPOS] SW-H,A,2787,96,B,3340,100,C,2144,96,D,1664,96,E,2307,100,F,3000,100,G,1595,100
[AUTOPOS] SW-H,A,2765,100,B,3347,100,C,2161,100,D,1718,100,E,2322,100,F,3027,100,G,1563,100
[AUTOPOS] SW-H,A,2793,100,B,3392,100,C,2176,100,D,1708,100,E,2290,100,F,3069,100,G,1555,100
[AUTOPOS] SW-H,A,2855,100,B,3358,100,C,2136,100,D,1727,100,E,2297,100,F,2981,100,G,1565,100
[AUTOPOS] SW-H,A,2841,100,B,3288,100,C,2137,100,D,1684,100,E,2307,100,F,2997,100,G,1579,100
[AUTOPOS] SW-H,A,2843,100,B,3318,100,C,2210,100,D,1684,100,E,2301,100,F,3068,100,G,1536,100
[AUTOPOS] SW-H,A,2768,100,B,3367,100,C,2244,100,D,1677,100,E,2298,100,F,2991,100,G,1577,100
[AUTOPOS] SW-H,A,2757,100,B,3390,100,C,2127,100,D,1677,100,E,2305,100,F,3008,100,G,1576,100
[AUTOPOS] SW-H,A,2899,100,B,3314,100,C,2153,100,D,1736,95,E,2310,100,F,2988,100,G,1534,100
[AUTOPOS] SW-H,A,2850,100,B,3386,100,C,2157,100,D,1719,96,E,2303,100,F,3082,100,G,1534,100
[AUTOPOS] SW-H,A,2777,100,B,3315,100,C,2178,100,D,1736,96,E,2303,100,F,3068,100,G,1552,96
[AUTOPOS] SW-H,A,2821,100,B,3361,100,C,2192,100,D,1706,96,E,2293,96,F,3050,100,G,1570,96
[AUTOPOS] SW-H,A,2809,100,B,3243,100,C,2184,100,D,1728,96,E,2270,96,F,3033,100,G,1548,96
[AUTOPOS] SW-H,A,2761,100,B,3258,100,C,2215,100,D,1670,96,E,2291,96,F,3077,100,G,1611,96
[AUTOPOS] SW-H,A,2789,100,B,3241,100,C,2153,100,D,1670,96,E,2323,96,F,3071,100,G,1560,96
[AUTOPOS] SW-H,A,2892,100,B,3337,100,C,2238,100,D,1705,93,E,2361,96,F,3022,100,G,1552,96
[AUTOPOS] SW-H,A,2862,100,B,3357,100,C,2207,100,D,1683,93,E,2292,100,F,3022,100,G,1548,96
[AUTOPOS] SW-H,A,2793,100,B,3324,100,C,2133,100,D,1663,88,E,2291,100,F,3087,100,G,1601,96
[AUTOPOS] SW-H,A,2765,100,B,3344,100,C,2206,100,D,1670,89,E,2294,100,F,3010,100,G,1534,100
[AUTOPOS] SW-H,A,2839,100,B,3319,100,C,2149,100,D,1699,90,E,2319,100,F,3057,100,G,1605,100
[AUTOPOS] SW-H,A,2805,100,B,3282,100,C,2189,100,D,1723,90,E,2300,100,F,3015,100,G,1546,100
[AUTOPOS] SW-H,A,2805,100,B,3332,100,C,2176,100,D,1702,90,E,2334,100,F,3052,100,G,1525,100
[AUTOPOS] SW-H,A,2784,95,B,3358,100,C,2147,100,D,1715,91,E,2341,100,F,3033,100,G,1545,100
[AUTOPOS] SW-H,A,2777,95,B,3327,100,C,2207,100,D,1703,91,E,2281,100,F,3109,100,G,1577,100
[AUTOPOS] SW-H,A,2758,95,B,3365,100,C,2209,100,D,1743,92,E,2320,100,F,3024,100,G,1560,100
[AUTOPOS] SW-H,A,2751,96,B,3327,100,C,2218,100,D,1699,92,E,2297,100,F,3011,100,G,1574,100
[AUTOPOS] SW-H,A,2820,96,B,3274,100,C,2220,100,D,1719,92,E,2294,100,F,3073,100,G,1523,100
[AUTOPOS] SW-H,A,2875,96,B,3325,100,C,2234,100,D,1663,92,E,2323,100,F,3043,100,G,1543,100
[AUTOPOS] SW-H,A,2784,96,B,3321,100,C,2161,100,D,1697,93,E,2257,100,F,2977,100,G,1520,100
[AUTOPOS] SW-H,A,2826,96,B,3285,100,C,2148,100,D,1662,93,E,2314,100,F,3053,100,G,1596,100
[AUTOPOS] SW-H,A,2805,96,B,3356,100,C,2164,100,D,1687,93,E,2290,100,F,3019,100,G,1528,100
[AUTOPOS] SW-H,A,2805,96,B,3400,100,C,2165,100,D,1673,93,E,2305,100,F,3020,100,G,1498,100
[AUTOPOS] SW-H,A,2846,93,B,3321,100,C,2195,100,D,1725,94,E,2325,100,F,3018,100,G,1583,100
[AUTOPOS] SW-H,A,2763,94,B,3350,100,C,2215,100,D,1725,94,E,2327,100,F,3055,100,G,1553,100
[AUTOPOS] SW-H,A,2794,94,B,3287,100,C,2208,100,D,1713,89,E,2319,100,F,3008,100,G,1532,100
[AUTOPOS] SW-H,A,2857,94,B,3223,100,C,2174,100,D,1680,90,E,2312,100,F,3012,100,G,1562,100
[AUTOPOS] SW-H,A,2859,95,B,3250,100,C,2183,100,D,1709,90,E,2307,100,F,3082,100,G,1531,100
[AUTOPOS] SW-H,A,2758,95,B,3250,100,C,2197,100,D,1673,90,E,2293,100,F,3070,100,G,1553,100
[AUTOPOS] SW-H,A,2753,95,B,3313,95,C,2183,100,D,1666,91,E,2303,100,F,3077,100,G,1571,100
[AUTOPOS] SW-H,A,2824,95,B,3331,95,C,2126,100,D,1690,91,E,2313,100,F,3000,100,G,1540,100
[AUTOPOS] SW-H,A,2835,95,B,3352,96,C,2211,100,D,1673,92,E,2366,100,F,3032,100,G,1535,100
[AUTOPOS] SW-H,A,2813,96,B,3365,96,C,2242,100,D,1684,92,E,2366,100,F,3121,100,G,1515,100
[AUTOPOS] SW-H,A,2772,96,B,3325,96,C,2125,100,D,1697,92,E,2322,96,F,3110,100,G,1546,100
[AUTOPOS] SW-H,A,2829,96,B,3323,96,C,2106,100,D,1706,92,E,2293,96,F,3067,100,G,1534,100
[AUTOPOS] SW-H,A,2812,96,B,3346,96,C,2132,100,D,1689,93,E,2267,96,F,3098,100,G,1530,100
[AUTOPOS] SW-H,A,2763,96,B,3390,96,C,2220,100,D,1667,93,E,2285,96,F,3080,100,G,1530,100
[AUTOPOS] SW-H,A,2767,96,B,3365,96,C,2171,100,D,1664,93,E,2321,96,F,3006,100,G,1526,100
[AUTOPOS] SW-H,A,2751,96,B,3368,96,C,2200,100,D,1754,93,E,2241,96,F,3108,100,G,1586,100
[AUTOPOS] SW-H,A,2764,96,B,3334,100,C,2178,100,D,1734,94,E,2329,100,F,3052,100,G,1501,100
[AUTOPOS] SW-H,A,2732,100,B,3365,100,C,2222,100,D,1700,94,E,2315,100,F,3007,100,G,1523,100
[AUTOPOS] SW-H,A,2781,100,B,3369,100,C,2173,100,D,1711,94,E,2300,100,F,3035,100,G,1536,100
[AUTOPOS] SW-H,A,2815,100,B,3337,100,C,2217,100,D,1679,95,E,2312,100,F,3015,100,G,1567,100
[AUTOPOS] SW-H,A,2830,100,B,3381,100,C,2154,100,D,1708,95,E,2279,100,F,3049,100,G,1592,100
[AUTOPOS] SW-H,A,2795,100,B,3350,100,C,2210,100,D,1748,95,E,2262,100,F,3016,100,G,1512,100
[AUTOPOS] SW-H,A,2791,100,B,3407,100,C,2205,100,D,1664,95,E,2286,100,F,3060,100,G,1499,100
[AUTOPOS] SW-H,A,2743,100,B,3313,100,C,2160,100,D,1738,95,E,2296,100,F,3067,100,G,1499,100
[AUTOPOS] SW-H,A,2754,100,B,3306,100,C,2205,100,D,1732,96,E,2296,100,F,3077,100,G,1590,95
[AUTOPOS] SW-H,A,2809,100,B,3323,100,C,2129,100,D,1695,96,E,2317,96,F,3034,100,G,1513,95
[AUTOPOS] SW-H,A,2809,100,B,3245,100,C,2206,100,D,1698,96,E,2289,96,F,3036,100,G,1561,96
[AUTOPOS] SW-H,A,2848,96,B,3242,100,C,2147,100,D,1723,96,E,2314,96,F,3010,100,G,1556,96
[AUTOPOS] SW-H,A,2723,96,B,3274,100,C,2185,100,D,1674,96,E,2268,96,F,3037,100,G,1509,96
[AUTOPOS] SW-H,A,2802,96,B,3264,100,C,2191,100,D,1731,96,E,2287,96,F,2980,100,G,1533,96
[AUTOPOS] SW-H,A,2833,96,B,3345,100,C,2200,100,D,1674,96,E,2324,96,F,3049,100,G,1549,96
[AUTOPOS] SW-H,A,2837,96,B,3314,100,C,2164,100,D,1655,96,E,2301,96,F,3001,100,G,1523,96
[AUTOPOS] SW-H,A,2788,96,B,3319,100,C,2151,100,D,1667,100,E,2310,100,F,3078,100,G,1509,96
[AUTOPOS] SW-H,A,2792,100,B,3339,100,C,2226,100,D,1685,100,E,2317,100,F,3064,100,G,1515,96
[AUTOPOS] SW-H,A,2792,100,B,3325,100,C,2123,100,D,1706,100,E,2300,100,F,3094,100,G,1557,100
[AUTOPOS] SW-H,A,2821,94,B,3294,100,C,2148,100,D,1730,100,E,2289,100,F,3126,100,G,1554,100
[AUTOPOS] SW-H,A,2831,95,B,3312,100,C,2167,100,D,1709,100,E,2280,100,F,3110,100,G,1503,100
[AUTOPOS] SW-H,A,2774,95,B,3339,100,C,2200,100,D,1675,100,E,2272,100,F,3054,100,G,1516,100
[AUTOPOS] SW-H,A,2783,95,B,3286,100,C,2110,100,D,1706,100,E,2319,100,F,3107,100,G,1579,100
[AUTOPOS] SW-H,A,2841,95,B,3352,100,C,2209,100,D,1668,100,E,2319,100,F,3033,100,G,1579,100
[AUTOPOS] SW-H,A,2847,95,B,3337,100,C,2182,100,D,1720,100,E,2282,96,F,2979,100,G,1555,100
[AUTOPOS] SW-H,A,2835,96,B,3266,100,C,2129,100,D,1713,100,E,2350,96,F,2982,100,G,1521,100
[AUTOPOS] SW-H,A,2787,96,B,3330,100,C,2179,100,D,1699,100,E,2284,96,F,3107,100,G,1574,100
[AUTOPOS] SW-H,A,2753,96,B,3311,100,C,2179,100,D,1681,100,E,2277,96,F,3097,100,G,1546,100
[AUTOPOS] SW-H,A,2753,96,B,3359,100,C,2127,96,D,1697,100,E,2268,96,F,3066,100,G,1545,100
[AUTOPOS] SW-H,A,2793,93,B,3329,100,C,2210,96,D,1681,100,E,2268,96,F,3092,100,G,1598,100
[AUTOPOS] SW-H,A,2783,93,B,3385,100,C,2144,96,D,1717,100,E,2322,96,F,3046,100,G,1541,100
[AUTOPOS] SW-H,A,2780,93,B,3375,100,C,2206,96,D,1681,100,E,2299,96,F,3005,100,G,1534,100
[AUTOPOS] SW-H,A,2780,93,B,3333,100,C,2198,96,D,1685,100,E,2309,100,F,3016,100,G,1555,100
[AUTOPOS] SW-H,A,2807,94,B,3276,100,C,2172,100,D,1658,100,E,2309,100,F,3100,100,G,1581,100
[AUTOPOS] SW-H,A,2789,94,B,3234,100,C,2199,100,D,1691,100,E,2301,94,F,3005,100,G,1543,100
[AUTOPOS] SW-H,A,2823,94,B,3228,100,C,2125,100,D,1706,100,E,2357,95,F,3015,100,G,1510,100
[AUTOPOS] SW-H,A,2765,95,B,3228,100,C,2110,100,D,1703,100,E,2338,95,F,3052,100,G,1588,100
[AUTOPOS] SW-H,A,2760,95,B,3316,95,C,2188,100,D,1672,100,E,2266,95,F,3082,100,G,1588,100
[AUTOPOS] SW-H,A,2842,95,B,3316,95,C,2159,100,D,1702,100,E,2266,95,F,3060,100,G,1564,95
[AUTOPOS] SW-H,A,2780,95,B,3329,95,C,2158,100,D,1670,100,E,2281,91,F,3040,100,G,1529,95
[AUTOPOS] SW-H,A,2806,95,B,3359,96,C,2155,100,D,1698,100,E,2288,92,F,3072,100,G,1523,95
[AUTOPOS] SW-H,A,2860,96,B,3318,96,C,2119,100,D,1707,100,E,2347,92,F,3073,100,G,1507,95
[AUTOPOS] SW-H,A,2845,96,B,3325,96,C,2119,100,D,1685,100,E,2258,92,F,3078,100,G,1599,96
[AUTOPOS] SW-H,A,2845,96,B,3294,96,C,2193,96,D,1709,100,E,2258,92,F,3031,100,G,1502,96
[AUTOPOS] SW-H,A,2804,92,B,3312,96,C,2188,96,D,1697,100,E,2297,93,F,3031,100,G,1530,96
[AUTOPOS] SW-H,A,2748,93,B,3383,96,C,2170,96,D,1667,100,E,2319,93,F,3002,96,G,1563,96
[AUTOPOS] SW-H,A,2761,93,B,3323,96,C,2191,96,D,1698,100,E,2299,93,F,2979,96,G,1576,96
[AUTOPOS] SW-H,A,2829,93,B,3327,96,C,2201,96,D,1707,100,E,2294,93,F,3082,96,G,1610,96
[AUTOPOS] SW-H,A,2812,93,B,3369,100,C,2215,96,D,1716,100,E,2283,94,F,3075,96,G,1586,96
[AUTOPOS] SW-H,A,2791,94,B,3299,100,C,2184,100,D,1710,100,E,2314,94,F,2989,100,G,1532,96
[AUTOPOS] SW-H,A,2759,94,B,3363,100,C,2156,100,D,1669,100,E,2257,94,F,3100,100,G,1530,100
[AUTOPOS] SW-H,A,2865,94,B,3363,100,C,2226,100,D,1716,100,E,2303,95,F,3097,100,G,1541,100
[AUTOPOS] SW-H,A,2844,95,B,3376,95,C,2153,100,D,1678,100,E,2334,95,F,3010,100,G,1557,100
[AUTOPOS] SW-H,A,2850,95,B,3334,95,C,2231,100,D,1683,100,E,2334,95,F,3029,100,G,1569,100
[AUTOPOS] SW-H,A,2814,95,B,3352,95,C,2134,100,D,1670,100,E,2283,91,F,3079,100,G,1509,100
[AUTOPOS] SW-H,A,2831,95,B,3340,95,C,2146,100,D,1694,100,E,2276,91,F,2986,100,G,1543,100
[AUTOPOS] SW-H,A,2820,95,B,3339,96,C,2208,100,D,1709,100,E,2311,92,F,2985,100,G,1548,100
[AUTOPOS] SW-H,A,2778,96,B,3182,96,C,2130,100,D,1679,100,E,2309,92,F,3073,100,G,1538,100
[AUTOPOS] SW-H,A,2777,96,B,3251,96,C,2206,100,D,1708,100,E,2312,92,F,3024,100,G,1533,100
[AUTOPOS] SW-H,A,2802,96,B,3271,96,C,2198,100,D,1673,100,E,2341,92,F,3019,100,G,1533,100
[AUTOPOS] SW-H,A,2872,96,B,3219,96,C,2191,100,D,1714,100,E,2308,93,F,3102,100,G,1540,96
[AUTOPOS] SW-H,A,2801,96,B,3290,96,C,2193,100,D,1694,100,E,2288,93,F,3020,100,G,1573,96
[AUTOPOS] SW-H,A,2817,96,B,3337,96,C,2207,100,D,1695,100,E,2288,93,F,3037,100,G,1555,96
[AUTOPOS] SW-H,A,2777,96,B,3328,96,C,2222,100,D,1685,100,E,2291,93,F,3016,100,G,1589,96
[AUTOPOS] SW-H,A,2837,96,B,3295,100,C,2189,100,D,1680,100,E,2329,94,F,2980,100,G,1562,96
[AUTOPOS] SW-H,A,2802,100,B,3319,100,C,2215,100,D,1698,100,E,2295,94,F,3081,100,G,1580,96
[AUTOPOS] SW-H,A,2853,100,B,3302,100,C,2169,100,D,1758,100,E,2287,94,F,3068,100,G,1533,100
[AUTOPOS] SW-H,A,2692,100,B,3304,100,C,2102,100,D,1698,100,E,2289,95,F,3094,100,G,1533,100
[AUTOPOS] SW-H,A,2818,100,B,3339,100,C,2213,100,D,1684,100,E,2328,95,F,3092,100,G,1546,94
[AUTOPOS] SW-H,A,2787,100,B,3302,100,C,2206,100,D,1667,100,E,2284,95,F,3093,100,G,1557,95
[AUTOPOS] SW-H,A,2762,100,B,3288,100,C,2200,100,D,1697,100,E,2299,95,F,3038,100,G,1548,95
[AUTOPOS] SW-H,A,2738,100,B,3314,100,C,2126,100,D,1700,100,E,2312,95,F,3083,100,G,1519,95
[AUTOPOS] SW-H,A,2763,100,B,3334,100,C,2167,100,D,1695,100,E,2311,96,F,3083,100,G,1523,95
[AUTOPOS] SW-H,A,2756,100,B,3317,100,C,2184,100,D,1732,100,E,2283,96,F,3066,100,G,1579,95
[AUTOPOS] SW-H,A,2803,100,B,3388,100,C,2184,100,D,1700,100,E,2284,96,F,3042,100,G,1538,96
[AUTOPOS] SW-H,A,2843,100,B,3344,100,C,2223,96,D,1654,100,E,2305,96,F,3083,100,G,1567,96
[AUTOPOS] SW-H,A,2820,100,B,3334,100,C,2222,96,D,1702,100,E,2299,96,F,3083,100,G,1523,96
[AUTOPOS] SW-H,A,2752,100,B,3358,100,C,2205,96,D,1668,100,E,2312,96,F,2990,96,G,1537,96
[AUTOPOS] SW-H,A,2785,100,B,3279,100,C,2138,96,D,1716,100,E,2285,96,F,3050,96,G,1596,96
[AUTOPOS] SW-H,A,2751,100,B,3288,100,C,2188,96,D,1685,100,E,2295,96,F,2993,96,G,1544,96
[AUTOPOS] SW-H,A,2792,100,B,3223,100,C,2222,96,D,1694,100,E,2290,100,F,3010,96,G,1575,96
[AUTOPOS] SW-H,A,2772,100,B,3219,100,C,2144,100,D,1668,100,E,2321,100,F,3053,100,G,1590,96
[AUTOPOS] SW-H,A,2826,100,B,3280,100,C,2121,100,D,1725,100,E,2301,100,F,3094,100,G,1553,100
[AUTOPOS] SW-H,A,2826,100,B,3338,100,C,2147,100,D,1695,100,E,2301,100,F,3105,100,G,1576,100
[AUTOPOS] SW-H,A,2703,100,B,3339,100,C,2120,100,D,1719,100,E,2309,95,F,2988,100,G,1569,100
[AUTOPOS] SW-H,A,2736,100,B,3307,100,C,2219,100,D,1678,100,E,2287,95,F,3061,100,G,1547,100
[AUTOPOS] SW-H,A,2757,100,B,3310,100,C,2142,100,D,1694,100,E,2286,95,F,3042,100,G,1572,100
[AUTOPOS] SW-H,A,2825,100,B,3334,100,C,2160,100,D,1684,100,E,2312,95,F,3041,100,G,1546,100
[AUTOPOS] SW-H,A,2825,100,B,3279,100,C,2127,100,D,1737,100,E,2343,96,F,3056,100,G,1541,100
[AUTOPOS] SW-H,A,2816,96,B,3333,100,C,2151,100,D,1709,100,E,2293,96,F,3032,100,G,1558,100
[AUTOPOS] SW-H,A,2798,96,B,3349,100,C,2133,100,D,1696,100,E,2290,96,F,3062,100,G,1555,100
[AUTOPOS] SW-H,A,2838,96,B,3396,100,C,2186,100,D,1703,100,E,2312,96,F,3004,100,G,1520,100
[AUTOPOS] SW-H,A,2764,96,B,3366,100,C,2139,100,D,1749,100,E,2316,96,F,3032,100,G,1563,100
[AUTOPOS] SW-H,A,2850,96,B,3404,100,C,2111,100,D,1706,100,E,2377,96,F,3063,100,G,1558,100
[AUTOPOS] SW-H,A,2789,96,B,3317,100,C,2236,100,D,1686,100,E,2325,96,F,3002,100,G,1560,100
[AUTOPOS] SW-H,A,2802,96,B,3363,100,C,2148,100,D,1686,100,E,2324,96,F,3116,100,G,1526,100
[AUTOPOS] SW-H,A,2725,96,B,3363,100,C,2173,100,D,1660,100,E,2325,100,F,3051,100,G,1523,100
[AUTOPOS] SW-H,A,2830,100,B,3395,94,C,2185,100,D,1686,100,E,2282,100,F,3080,100,G,1533,100
[AUTOPOS] SW-H,A,2853,100,B,3321,94,C,2215,100,D,1685,100,E,2282,100,F,3097,100,G,1562,100
[AUTOPOS] SW-H,A,2784,100,B,3413,95,C,2227,100,D,1695,100,E,2310,95,F,2975,100,G,1552,100
[AUTOPOS] SW-H,A,2746,100,B,3342,95,C,2110,100,D,1708,100,E,2295,95,F,3097,100,G,1526,100
[AUTOPOS] SW-H,A,2761,100,B,3345,95,C,2200,100,D,1701,100,E,2296,95,F,3008,100,G,1588,100
[AUTOPOS] SW-H,A,2865,100,B,3331,95,C,2200,100,D,1683,100,E,2294,95,F,2993,100,G,1577,100
[AUTOPOS] SW-H,A,2865,100,B,3114,95,C,2187,95,D,1670,100,E,2289,95,F,3035,100,G,1564,100
[AUTOPOS] SW-H,A,2753,95,B,3243,96,C,2216,95,D,1691,100,E,2303,96,F,3015,100,G,1521,100
[AUTOPOS] SW-H,A,2777,96,B,3301,96,C,2191,96,D,1682,100,E,2286,96,F,3107,100,G,1525,100
[AUTOPOS] SW-H,A,2862,96,B,3254,96,C,2221,96,D,1723,100,E,2279,96,F,2971,100,G,1548,100
[AUTOPOS] SW-H,A,2778,96,B,3266,96,C,2164,96,D,1676,100,E,2282,96,F,2984,100,G,1509,100
[AUTOPOS] SW-H,A,2734,96,B,3373,96,C,2180,96,D,1729,100,E,2308,96,F,3011,100,G,1551,100
[AUTOPOS] SW-H,A,2825,96,B,3334,96,C,2219,96,D,1685,100,E,2302,96,F,2989,100,G,1552,100
[AUTOPOS] SW-H,A,2805,96,B,3319,96,C,2206,96,D,1685,100,E,2313,96,F,2998,100,G,1558,100
[AUTOPOS] SW-H,A,2797,96,B,3319,96,C,2117,96,D,1652,96,E,2362,96,F,3047,100,G,1547,100
[AUTOPOS] SW-H,A,2790,96,B,3258,94,C,2226,96,D,1698,100,E,2280,100,F,3001,100,G,1547,100
[AUTOPOS] SW-H,A,2780,100,B,3298,94,C,2228,100,D,1713,100,E,2329,100,F,3027,100,G,1534,96
[AUTOPOS] SW-H,A,2729,100,B,3345,94,C,2121,100,D,1698,100,E,2288,100,F,3038,100,G,1534,100
[AUTOPOS] SW-H,A,2758,100,B,3327,95,C,2193,100,D,1687,100,E,2321,100,F,3039,100,G,1544,100
[AUTOPOS] ANCHOR_CTRL[1] notify: SWEEP_DONE master=H sets=1010 role=matrix
END=2026-05-22 16:53:25
