[CAPTURE] session_dir=/home/zekaixiao/Desktop/28052026_Erlangen_Official/captures/erlangen_20260528_optitrack/roto_R13_BS2DCE_BSDC91_120s_20260528_133559/tag_capture_20260528_133559
[CAPTURE] raw_log=/home/zekaixiao/Desktop/28052026_Erlangen_Official/captures/erlangen_20260528_optitrack/roto_R13_BS2DCE_BSDC91_120s_20260528_133559/tag_capture_20260528_133559/raw.log
[CAPTURE] plan: targets=BS2DCE,BSDC91 tr=10Hz duration=120s
[CAPTURE] open serial: /dev/serial/by-id/usb-Master_Tag_BioSpur_BLE_Control_6918E0384172A49F-if00
[CAPTURE] drain boot/runtime output
[HOST_CMD] status
[HOST_CMD] device show
[CAPTURE] configure: reuse Master_Tag resident links
[HOST_CMD] device kind tag
[HOST_CMD] device show
[HOST_CMD] ota_target token -1
[HOST_CMD] ota_target name -
[HOST_CMD] ota_target prefix BS
[HOST_CMD] ota_target uuid -
[CAPTURE] configure: targeted AOTA non-target tags=BSF66F,BS9336,BS955A,BSCCF4
[HOST_CMD] ota_target token -1
[HOST_CMD] ota_target name BSF66F
[HOST_CMD] ota_target prefix -
[HOST_CMD] ota_target uuid -
[HOST_CMD] cmd_all MODE AOTA
[HOST_CMD] ota_target token -1
[HOST_CMD] ota_target name BS9336
[HOST_CMD] ota_target prefix -
[HOST_CMD] ota_target uuid -
[HOST_CMD] cmd_all MODE AOTA
[HOST_CMD] ota_target token -1
[HOST_CMD] ota_target name BS955A
[HOST_CMD] ota_target prefix -
[HOST_CMD] ota_target uuid -
[HOST_CMD] cmd_all MODE AOTA
[HOST_CMD] ota_target token -1
[HOST_CMD] ota_target name BSCCF4
[HOST_CMD] ota_target prefix -
[HOST_CMD] ota_target uuid -
[HOST_CMD] cmd_all MODE AOTA
[HOST_CMD] ota_target token -1
[HOST_CMD] ota_target name -
[HOST_CMD] ota_target prefix BS
[HOST_CMD] ota_target uuid -
[CAPTURE] configure: silence resident Tag links for enrollment after non-target AOTA (BSF66F,BS9336,BS955A,BSCCF4)
[HOST_CMD] tdma hold 1
[CAPTURE] configure: skip setup MODE AOTA; TDMA roster/hold controls admission
[CAPTURE] configure: reassert TDMA target roster
[HOST_CMD] tdma freq motion 10
[HOST_CMD] tdma roster BS2DCE motion
[HOST_CMD] tdma roster BSDC91 motion
[HOST_CMD] ota_target token -1
[HOST_CMD] ota_target name -
[HOST_CMD] ota_target prefix BS
[HOST_CMD] ota_target uuid -
[HOST_CMD] conn
[CAPTURE] configure: wait for target links
[CAPTURE] link setup passive initial: wait up to 30s
[CAPTURE] link setup passive: ready=BS2DCE,BSDC91 (2/2)
[CAPTURE] link setup passive: all 2/2 ready; settle 8.0s before TDMA release
[CAPTURE] link setup passive: ready=BS2DCE,BSDC91 (2/2)
[CAPTURE] configure: release TDMA hold and verify TDMA CFG
[HOST_CMD] tdma hold 0
[CAPTURE] configure: TDMA CFG apply/check attempt 1/3
[HOST_CMD] tdma freq motion 10
[HOST_CMD] tdma roster BS2DCE motion
[HOST_CMD] tdma roster BSDC91 motion
[HOST_CMD] tdma rebalance
[HOST_CMD] tdma show
[HOST_CMD] status
[HOST_CMD] device show
[CAPTURE] configure: TDMA CFG verified match=true
[CAPTURE] configure: TDMA ready
[CAPTURE] TDMA verified; start TR capture
[CAPTURE] [....................]   0.0% elapsed=0s eta=120s rows=0 row_rate=0.0/s sw=0 ge7=0% ge8=0% BS2DCE:rows=0,cfg=10Hz BSDC91:rows=0,cfg=10Hz
[CAPTURE] [....................]   0.8% elapsed=1s eta=119s rows=160 row_rate=158.4/s sw=20 ge7=100% ge8=100% BS2DCE:rows=80,cfg=10Hz BSDC91:rows=80,cfg=10Hz
[CAPTURE] [....................]   1.7% elapsed=2s eta=118s rows=320 row_rate=159.1/s sw=40 ge7=100% ge8=100% BS2DCE:rows=160,cfg=10Hz BSDC91:rows=160,cfg=10Hz
[CAPTURE] [#...................]   2.5% elapsed=3s eta=117s rows=488 row_rate=159.6/s sw=61 ge7=100% ge8=97% BS2DCE:rows=248,cfg=10Hz BSDC91:rows=240,cfg=10Hz
[CAPTURE] [#...................]   3.4% elapsed=4s eta=116s rows=648 row_rate=159.7/s sw=81 ge7=100% ge8=96% BS2DCE:rows=328,cfg=10Hz BSDC91:rows=320,cfg=10Hz
[CAPTURE] [#...................]   4.2% elapsed=5s eta=115s rows=808 row_rate=159.4/s sw=101 ge7=100% ge8=97% BS2DCE:rows=408,cfg=10Hz BSDC91:rows=400,cfg=10Hz
[CAPTURE] [#...................]   5.1% elapsed=6s eta=114s rows=976 row_rate=159.9/s sw=122 ge7=100% ge8=97% BS2DCE:rows=488,cfg=10Hz BSDC91:rows=488,cfg=10Hz
[CAPTURE] [#...................]   6.0% elapsed=7s eta=113s rows=1144 row_rate=159.9/s sw=143 ge7=100% ge8=96% BS2DCE:rows=576,cfg=10Hz BSDC91:rows=568,cfg=10Hz
[CAPTURE] [#...................]   6.8% elapsed=8s eta=112s rows=1304 row_rate=159.7/s sw=163 ge7=100% ge8=95% BS2DCE:rows=656,cfg=10Hz BSDC91:rows=648,cfg=10Hz
[CAPTURE] [##..................]   7.6% elapsed=9s eta=111s rows=1464 row_rate=159.7/s sw=183 ge7=100% ge8=94% BS2DCE:rows=736,cfg=10Hz BSDC91:rows=728,cfg=10Hz
[CAPTURE] [##..................]   8.5% elapsed=10s eta=110s rows=1632 row_rate=160.0/s sw=204 ge7=100% ge8=94% BS2DCE:rows=816,cfg=10Hz BSDC91:rows=816,cfg=10Hz
[CAPTURE] [##..................]   9.4% elapsed=11s eta=109s rows=1800 row_rate=159.9/s sw=225 ge7=100% ge8=93% BS2DCE:rows=904,cfg=10Hz BSDC91:rows=896,cfg=10Hz
[CAPTURE] [##..................]  10.2% elapsed=12s eta=108s rows=1960 row_rate=159.7/s sw=245 ge7=100% ge8=93% BS2DCE:rows=984,cfg=10Hz BSDC91:rows=976,cfg=10Hz
[CAPTURE] [##..................]  11.1% elapsed=13s eta=107s rows=2128 row_rate=160.0/s sw=266 ge7=100% ge8=92% BS2DCE:rows=1064,cfg=10Hz BSDC91:rows=1064,cfg=10Hz
[CAPTURE] [##..................]  11.9% elapsed=14s eta=106s rows=2288 row_rate=159.7/s sw=286 ge7=100% ge8=92% BS2DCE:rows=1144,cfg=10Hz BSDC91:rows=1144,cfg=10Hz
[CAPTURE] [###.................]  12.8% elapsed=15s eta=105s rows=2456 row_rate=159.8/s sw=307 ge7=100% ge8=93% BS2DCE:rows=1232,cfg=10Hz BSDC91:rows=1224,cfg=10Hz
[CAPTURE] [###.................]  13.7% elapsed=16s eta=104s rows=2624 row_rate=159.9/s sw=328 ge7=100% ge8=93% BS2DCE:rows=1312,cfg=10Hz BSDC91:rows=1312,cfg=10Hz
[CAPTURE] [###.................]  14.6% elapsed=17s eta=103s rows=2792 row_rate=159.5/s sw=349 ge7=100% ge8=93% BS2DCE:rows=1400,cfg=10Hz BSDC91:rows=1392,cfg=10Hz
[CAPTURE] [###.................]  15.4% elapsed=19s eta=101s rows=2952 row_rate=159.5/s sw=369 ge7=100% ge8=93% BS2DCE:rows=1480,cfg=10Hz BSDC91:rows=1472,cfg=10Hz
[CAPTURE] [###.................]  16.3% elapsed=20s eta=100s rows=3112 row_rate=159.4/s sw=389 ge7=100% ge8=93% BS2DCE:rows=1560,cfg=10Hz BSDC91:rows=1552,cfg=10Hz
[CAPTURE] [###.................]  17.1% elapsed=21s eta=99s rows=3280 row_rate=159.5/s sw=410 ge7=100% ge8=92% BS2DCE:rows=1640,cfg=10Hz BSDC91:rows=1640,cfg=10Hz
[CAPTURE] [####................]  18.0% elapsed=22s eta=98s rows=3440 row_rate=159.4/s sw=430 ge7=100% ge8=93% BS2DCE:rows=1720,cfg=10Hz BSDC91:rows=1720,cfg=10Hz
[CAPTURE] [####................]  18.8% elapsed=23s eta=97s rows=3616 row_rate=159.9/s sw=452 ge7=100% ge8=93% BS2DCE:rows=1808,cfg=10Hz BSDC91:rows=1808,cfg=10Hz
[CAPTURE] [####................]  19.7% elapsed=24s eta=96s rows=3776 row_rate=159.8/s sw=472 ge7=100% ge8=93% BS2DCE:rows=1888,cfg=10Hz BSDC91:rows=1888,cfg=10Hz
[CAPTURE] [####................]  20.5% elapsed=25s eta=95s rows=3944 row_rate=160.0/s sw=493 ge7=100% ge8=93% BS2DCE:rows=1976,cfg=10Hz BSDC91:rows=1968,cfg=10Hz
[CAPTURE] [####................]  21.4% elapsed=26s eta=94s rows=4112 row_rate=159.9/s sw=514 ge7=100% ge8=93% BS2DCE:rows=2056,cfg=10Hz BSDC91:rows=2056,cfg=10Hz
[CAPTURE] [####................]  22.3% elapsed=27s eta=93s rows=4280 row_rate=159.9/s sw=535 ge7=100% ge8=93% BS2DCE:rows=2144,cfg=10Hz BSDC91:rows=2136,cfg=10Hz
[CAPTURE] [#####...............]  23.2% elapsed=28s eta=92s rows=4440 row_rate=159.8/s sw=555 ge7=100% ge8=93% BS2DCE:rows=2224,cfg=10Hz BSDC91:rows=2216,cfg=10Hz
[CAPTURE] [#####...............]  24.0% elapsed=29s eta=91s rows=4608 row_rate=159.9/s sw=576 ge7=100% ge8=93% BS2DCE:rows=2304,cfg=10Hz BSDC91:rows=2304,cfg=10Hz
[CAPTURE] [#####...............]  24.9% elapsed=30s eta=90s rows=4776 row_rate=160.0/s sw=597 ge7=100% ge8=93% BS2DCE:rows=2392,cfg=10Hz BSDC91:rows=2384,cfg=10Hz
[CAPTURE] [#####...............]  25.7% elapsed=31s eta=89s rows=4936 row_rate=159.8/s sw=617 ge7=100% ge8=94% BS2DCE:rows=2472,cfg=10Hz BSDC91:rows=2464,cfg=10Hz
[CAPTURE] [#####...............]  26.6% elapsed=32s eta=88s rows=5104 row_rate=160.0/s sw=638 ge7=100% ge8=94% BS2DCE:rows=2552,cfg=10Hz BSDC91:rows=2552,cfg=10Hz
[CAPTURE] [#####...............]  27.4% elapsed=33s eta=87s rows=5264 row_rate=159.9/s sw=658 ge7=100% ge8=94% BS2DCE:rows=2632,cfg=10Hz BSDC91:rows=2632,cfg=10Hz
[CAPTURE] [######..............]  28.3% elapsed=34s eta=86s rows=5432 row_rate=160.0/s sw=679 ge7=100% ge8=94% BS2DCE:rows=2720,cfg=10Hz BSDC91:rows=2712,cfg=10Hz
[CAPTURE] [######..............]  29.1% elapsed=35s eta=85s rows=5592 row_rate=159.9/s sw=699 ge7=100% ge8=94% BS2DCE:rows=2800,cfg=10Hz BSDC91:rows=2792,cfg=10Hz
[CAPTURE] [######..............]  30.0% elapsed=36s eta=84s rows=5760 row_rate=160.0/s sw=720 ge7=100% ge8=93% BS2DCE:rows=2880,cfg=10Hz BSDC91:rows=2880,cfg=10Hz
[CAPTURE] [######..............]  30.9% elapsed=37s eta=83s rows=5928 row_rate=159.9/s sw=741 ge7=100% ge8=94% BS2DCE:rows=2968,cfg=10Hz BSDC91:rows=2960,cfg=10Hz
[CAPTURE] [######..............]  31.7% elapsed=38s eta=82s rows=6088 row_rate=159.8/s sw=761 ge7=100% ge8=94% BS2DCE:rows=3048,cfg=10Hz BSDC91:rows=3040,cfg=10Hz
[CAPTURE] [#######.............]  32.6% elapsed=39s eta=81s rows=6256 row_rate=160.0/s sw=782 ge7=100% ge8=94% BS2DCE:rows=3128,cfg=10Hz BSDC91:rows=3128,cfg=10Hz
[CAPTURE] [#######.............]  33.4% elapsed=40s eta=80s rows=6416 row_rate=159.9/s sw=802 ge7=100% ge8=94% BS2DCE:rows=3208,cfg=10Hz BSDC91:rows=3208,cfg=10Hz
[CAPTURE] [#######.............]  34.3% elapsed=41s eta=79s rows=6584 row_rate=160.0/s sw=823 ge7=100% ge8=94% BS2DCE:rows=3296,cfg=10Hz BSDC91:rows=3288,cfg=10Hz
[CAPTURE] [#######.............]  35.1% elapsed=42s eta=78s rows=6744 row_rate=160.0/s sw=843 ge7=100% ge8=94% BS2DCE:rows=3376,cfg=10Hz BSDC91:rows=3368,cfg=10Hz
[CAPTURE] [#######.............]  36.0% elapsed=43s eta=77s rows=6912 row_rate=160.0/s sw=864 ge7=100% ge8=94% BS2DCE:rows=3456,cfg=10Hz BSDC91:rows=3456,cfg=10Hz
[CAPTURE] [#######.............]  36.8% elapsed=44s eta=76s rows=7072 row_rate=160.0/s sw=884 ge7=100% ge8=94% BS2DCE:rows=3536,cfg=10Hz BSDC91:rows=3536,cfg=10Hz
[CAPTURE] [########............]  37.7% elapsed=45s eta=75s rows=7240 row_rate=159.8/s sw=905 ge7=100% ge8=94% BS2DCE:rows=3624,cfg=10Hz BSDC91:rows=3616,cfg=10Hz
[CAPTURE] [########............]  38.6% elapsed=46s eta=74s rows=7416 row_rate=159.9/s sw=927 ge7=100% ge8=94% BS2DCE:rows=3712,cfg=10Hz BSDC91:rows=3704,cfg=10Hz
[CAPTURE] [########............]  39.5% elapsed=47s eta=73s rows=7584 row_rate=160.0/s sw=948 ge7=100% ge8=94% BS2DCE:rows=3792,cfg=10Hz BSDC91:rows=3792,cfg=10Hz
[CAPTURE] [########............]  40.5% elapsed=49s eta=71s rows=7752 row_rate=159.7/s sw=969 ge7=100% ge8=94% BS2DCE:rows=3880,cfg=10Hz BSDC91:rows=3872,cfg=10Hz
[CAPTURE] [########............]  41.3% elapsed=50s eta=70s rows=7920 row_rate=159.8/s sw=990 ge7=100% ge8=94% BS2DCE:rows=3960,cfg=10Hz BSDC91:rows=3960,cfg=10Hz
[CAPTURE] [########............]  42.2% elapsed=51s eta=69s rows=8096 row_rate=160.0/s sw=1012 ge7=100% ge8=94% BS2DCE:rows=4048,cfg=10Hz BSDC91:rows=4048,cfg=10Hz
[CAPTURE] [#########...........]  43.0% elapsed=52s eta=68s rows=8264 row_rate=160.0/s sw=1033 ge7=100% ge8=94% BS2DCE:rows=4136,cfg=10Hz BSDC91:rows=4128,cfg=10Hz
[CAPTURE] [#########...........]  43.9% elapsed=53s eta=67s rows=8432 row_rate=160.0/s sw=1054 ge7=100% ge8=94% BS2DCE:rows=4216,cfg=10Hz BSDC91:rows=4216,cfg=10Hz
[CAPTURE] [#########...........]  44.8% elapsed=54s eta=66s rows=8592 row_rate=160.0/s sw=1074 ge7=100% ge8=94% BS2DCE:rows=4296,cfg=10Hz BSDC91:rows=4296,cfg=10Hz
[CAPTURE] [#########...........]  45.6% elapsed=55s eta=65s rows=8760 row_rate=160.0/s sw=1095 ge7=100% ge8=94% BS2DCE:rows=4384,cfg=10Hz BSDC91:rows=4376,cfg=10Hz
[CAPTURE] [#########...........]  46.5% elapsed=56s eta=64s rows=8928 row_rate=160.0/s sw=1116 ge7=100% ge8=94% BS2DCE:rows=4464,cfg=10Hz BSDC91:rows=4464,cfg=10Hz
[CAPTURE] [#########...........]  47.4% elapsed=57s eta=63s rows=9096 row_rate=160.0/s sw=1137 ge7=100% ge8=93% BS2DCE:rows=4552,cfg=10Hz BSDC91:rows=4544,cfg=10Hz
[CAPTURE] [##########..........]  48.2% elapsed=58s eta=62s rows=9256 row_rate=159.9/s sw=1157 ge7=100% ge8=94% BS2DCE:rows=4632,cfg=10Hz BSDC91:rows=4624,cfg=10Hz
[CAPTURE] [##########..........]  49.1% elapsed=59s eta=61s rows=9424 row_rate=160.0/s sw=1178 ge7=100% ge8=93% BS2DCE:rows=4712,cfg=10Hz BSDC91:rows=4712,cfg=10Hz
[CAPTURE] [##########..........]  50.0% elapsed=60s eta=60s rows=9592 row_rate=160.0/s sw=1199 ge7=100% ge8=93% BS2DCE:rows=4800,cfg=10Hz BSDC91:rows=4792,cfg=10Hz
[CAPTURE] [##########..........]  50.8% elapsed=61s eta=59s rows=9760 row_rate=160.0/s sw=1220 ge7=100% ge8=94% BS2DCE:rows=4880,cfg=10Hz BSDC91:rows=4880,cfg=10Hz
[CAPTURE] [##########..........]  51.7% elapsed=62s eta=58s rows=9928 row_rate=160.0/s sw=1241 ge7=100% ge8=94% BS2DCE:rows=4968,cfg=10Hz BSDC91:rows=4960,cfg=10Hz
[CAPTURE] [###########.........]  52.6% elapsed=63s eta=57s rows=10096 row_rate=160.0/s sw=1262 ge7=100% ge8=94% BS2DCE:rows=5048,cfg=10Hz BSDC91:rows=5048,cfg=10Hz
[CAPTURE] [###########.........]  53.5% elapsed=64s eta=56s rows=10264 row_rate=160.0/s sw=1283 ge7=100% ge8=94% BS2DCE:rows=5136,cfg=10Hz BSDC91:rows=5128,cfg=10Hz
[CAPTURE] [###########.........]  54.3% elapsed=65s eta=55s rows=10432 row_rate=160.0/s sw=1304 ge7=100% ge8=94% BS2DCE:rows=5216,cfg=10Hz BSDC91:rows=5216,cfg=10Hz
[CAPTURE] [###########.........]  55.2% elapsed=66s eta=54s rows=10592 row_rate=160.0/s sw=1324 ge7=100% ge8=94% BS2DCE:rows=5296,cfg=10Hz BSDC91:rows=5296,cfg=10Hz
[CAPTURE] [###########.........]  56.0% elapsed=67s eta=53s rows=10760 row_rate=160.0/s sw=1345 ge7=100% ge8=94% BS2DCE:rows=5384,cfg=10Hz BSDC91:rows=5376,cfg=10Hz
[CAPTURE] [###########.........]  56.9% elapsed=68s eta=52s rows=10928 row_rate=160.0/s sw=1366 ge7=100% ge8=93% BS2DCE:rows=5464,cfg=10Hz BSDC91:rows=5464,cfg=10Hz
[CAPTURE] [############........]  57.8% elapsed=69s eta=51s rows=11088 row_rate=160.0/s sw=1386 ge7=100% ge8=94% BS2DCE:rows=5544,cfg=10Hz BSDC91:rows=5544,cfg=10Hz
[CAPTURE] [############........]  58.6% elapsed=70s eta=50s rows=11256 row_rate=160.0/s sw=1407 ge7=100% ge8=94% BS2DCE:rows=5632,cfg=10Hz BSDC91:rows=5624,cfg=10Hz
[CAPTURE] [############........]  59.5% elapsed=71s eta=49s rows=11424 row_rate=160.0/s sw=1428 ge7=100% ge8=94% BS2DCE:rows=5712,cfg=10Hz BSDC91:rows=5712,cfg=10Hz
[CAPTURE] [############........]  60.4% elapsed=73s eta=47s rows=11592 row_rate=159.9/s sw=1449 ge7=100% ge8=94% BS2DCE:rows=5800,cfg=10Hz BSDC91:rows=5792,cfg=10Hz
[CAPTURE] [############........]  61.3% elapsed=74s eta=46s rows=11760 row_rate=159.9/s sw=1470 ge7=100% ge8=94% BS2DCE:rows=5880,cfg=10Hz BSDC91:rows=5880,cfg=10Hz
[CAPTURE] [############........]  62.2% elapsed=75s eta=45s rows=11936 row_rate=160.0/s sw=1492 ge7=100% ge8=93% BS2DCE:rows=5968,cfg=10Hz BSDC91:rows=5968,cfg=10Hz
[CAPTURE] [#############.......]  63.0% elapsed=76s eta=44s rows=12104 row_rate=160.0/s sw=1513 ge7=100% ge8=93% BS2DCE:rows=6056,cfg=10Hz BSDC91:rows=6048,cfg=10Hz
[CAPTURE] [#############.......]  63.9% elapsed=77s eta=43s rows=12272 row_rate=160.0/s sw=1534 ge7=100% ge8=93% BS2DCE:rows=6136,cfg=10Hz BSDC91:rows=6136,cfg=10Hz
[CAPTURE] [#############.......]  64.8% elapsed=78s eta=42s rows=12432 row_rate=160.0/s sw=1554 ge7=100% ge8=93% BS2DCE:rows=6216,cfg=10Hz BSDC91:rows=6216,cfg=10Hz
[CAPTURE] [#############.......]  65.6% elapsed=79s eta=41s rows=12600 row_rate=159.9/s sw=1575 ge7=100% ge8=93% BS2DCE:rows=6304,cfg=10Hz BSDC91:rows=6296,cfg=10Hz
[CAPTURE] [#############.......]  66.5% elapsed=80s eta=40s rows=12776 row_rate=160.0/s sw=1597 ge7=100% ge8=93% BS2DCE:rows=6392,cfg=10Hz BSDC91:rows=6384,cfg=10Hz
[CAPTURE] [#############.......]  67.4% elapsed=81s eta=39s rows=12944 row_rate=160.0/s sw=1618 ge7=100% ge8=93% BS2DCE:rows=6472,cfg=10Hz BSDC91:rows=6472,cfg=10Hz
[CAPTURE] [##############......]  68.3% elapsed=82s eta=38s rows=13112 row_rate=160.0/s sw=1639 ge7=100% ge8=93% BS2DCE:rows=6560,cfg=10Hz BSDC91:rows=6552,cfg=10Hz
[CAPTURE] [##############......]  69.1% elapsed=83s eta=37s rows=13272 row_rate=160.0/s sw=1659 ge7=100% ge8=93% BS2DCE:rows=6640,cfg=10Hz BSDC91:rows=6632,cfg=10Hz
[CAPTURE] [##############......]  70.0% elapsed=84s eta=36s rows=13440 row_rate=160.0/s sw=1680 ge7=100% ge8=93% BS2DCE:rows=6720,cfg=10Hz BSDC91:rows=6720,cfg=10Hz
[CAPTURE] [##############......]  70.9% elapsed=85s eta=35s rows=13608 row_rate=160.0/s sw=1701 ge7=100% ge8=93% BS2DCE:rows=6808,cfg=10Hz BSDC91:rows=6800,cfg=10Hz
[CAPTURE] [##############......]  71.7% elapsed=86s eta=34s rows=13768 row_rate=160.0/s sw=1721 ge7=100% ge8=93% BS2DCE:rows=6888,cfg=10Hz BSDC91:rows=6880,cfg=10Hz
[CAPTURE] [###############.....]  72.6% elapsed=87s eta=33s rows=13936 row_rate=160.0/s sw=1742 ge7=100% ge8=93% BS2DCE:rows=6968,cfg=10Hz BSDC91:rows=6968,cfg=10Hz
[CAPTURE] [###############.....]  73.5% elapsed=88s eta=32s rows=14104 row_rate=160.0/s sw=1763 ge7=100% ge8=93% BS2DCE:rows=7056,cfg=10Hz BSDC91:rows=7048,cfg=10Hz
[CAPTURE] [###############.....]  74.3% elapsed=89s eta=31s rows=14272 row_rate=160.0/s sw=1784 ge7=100% ge8=93% BS2DCE:rows=7136,cfg=10Hz BSDC91:rows=7136,cfg=10Hz
[CAPTURE] [###############.....]  75.2% elapsed=90s eta=30s rows=14440 row_rate=159.9/s sw=1805 ge7=100% ge8=94% BS2DCE:rows=7224,cfg=10Hz BSDC91:rows=7216,cfg=10Hz
[CAPTURE] [###############.....]  76.1% elapsed=91s eta=29s rows=14616 row_rate=160.0/s sw=1827 ge7=100% ge8=94% BS2DCE:rows=7312,cfg=10Hz BSDC91:rows=7304,cfg=10Hz
[CAPTURE] [###############.....]  77.0% elapsed=92s eta=28s rows=14784 row_rate=160.0/s sw=1848 ge7=100% ge8=94% BS2DCE:rows=7392,cfg=10Hz BSDC91:rows=7392,cfg=10Hz
[CAPTURE] [################....]  77.9% elapsed=94s eta=26s rows=14952 row_rate=159.8/s sw=1869 ge7=100% ge8=94% BS2DCE:rows=7480,cfg=10Hz BSDC91:rows=7472,cfg=10Hz
[CAPTURE] [################....]  78.8% elapsed=95s eta=25s rows=15120 row_rate=159.9/s sw=1890 ge7=100% ge8=94% BS2DCE:rows=7560,cfg=10Hz BSDC91:rows=7560,cfg=10Hz
[CAPTURE] [################....]  79.7% elapsed=96s eta=24s rows=15296 row_rate=160.0/s sw=1912 ge7=100% ge8=94% BS2DCE:rows=7648,cfg=10Hz BSDC91:rows=7648,cfg=10Hz
[CAPTURE] [################....]  80.5% elapsed=97s eta=23s rows=15464 row_rate=160.0/s sw=1933 ge7=100% ge8=94% BS2DCE:rows=7736,cfg=10Hz BSDC91:rows=7728,cfg=10Hz
[CAPTURE] [################....]  81.4% elapsed=98s eta=22s rows=15632 row_rate=160.0/s sw=1954 ge7=100% ge8=94% BS2DCE:rows=7816,cfg=10Hz BSDC91:rows=7816,cfg=10Hz
[CAPTURE] [################....]  82.3% elapsed=99s eta=21s rows=15792 row_rate=160.0/s sw=1974 ge7=100% ge8=94% BS2DCE:rows=7896,cfg=10Hz BSDC91:rows=7896,cfg=10Hz
[CAPTURE] [#################...]  83.2% elapsed=100s eta=20s rows=15968 row_rate=160.0/s sw=1996 ge7=100% ge8=94% BS2DCE:rows=7984,cfg=10Hz BSDC91:rows=7984,cfg=10Hz
[CAPTURE] [#################...]  84.0% elapsed=101s eta=19s rows=16136 row_rate=160.0/s sw=2017 ge7=100% ge8=93% BS2DCE:rows=8072,cfg=10Hz BSDC91:rows=8064,cfg=10Hz
[CAPTURE] [#################...]  84.9% elapsed=102s eta=18s rows=16304 row_rate=160.0/s sw=2038 ge7=100% ge8=93% BS2DCE:rows=8152,cfg=10Hz BSDC91:rows=8152,cfg=10Hz
[CAPTURE] [#################...]  85.8% elapsed=103s eta=17s rows=16472 row_rate=160.0/s sw=2059 ge7=100% ge8=93% BS2DCE:rows=8240,cfg=10Hz BSDC91:rows=8232,cfg=10Hz
[CAPTURE] [#################...]  86.6% elapsed=104s eta=16s rows=16632 row_rate=160.0/s sw=2079 ge7=100% ge8=93% BS2DCE:rows=8320,cfg=10Hz BSDC91:rows=8312,cfg=10Hz
[CAPTURE] [#################...]  87.5% elapsed=105s eta=15s rows=16800 row_rate=160.0/s sw=2100 ge7=100% ge8=93% BS2DCE:rows=8400,cfg=10Hz BSDC91:rows=8400,cfg=10Hz
[CAPTURE] [##################..]  88.4% elapsed=106s eta=14s rows=16968 row_rate=160.0/s sw=2121 ge7=100% ge8=93% BS2DCE:rows=8488,cfg=10Hz BSDC91:rows=8480,cfg=10Hz
[CAPTURE] [##################..]  89.3% elapsed=107s eta=13s rows=17136 row_rate=160.0/s sw=2142 ge7=100% ge8=93% BS2DCE:rows=8568,cfg=10Hz BSDC91:rows=8568,cfg=10Hz
[CAPTURE] [##################..]  90.1% elapsed=108s eta=12s rows=17304 row_rate=160.0/s sw=2163 ge7=100% ge8=93% BS2DCE:rows=8656,cfg=10Hz BSDC91:rows=8648,cfg=10Hz
[CAPTURE] [##################..]  91.0% elapsed=109s eta=11s rows=17472 row_rate=160.0/s sw=2184 ge7=100% ge8=93% BS2DCE:rows=8736,cfg=10Hz BSDC91:rows=8736,cfg=10Hz
[CAPTURE] [##################..]  91.9% elapsed=110s eta=10s rows=17640 row_rate=160.0/s sw=2205 ge7=100% ge8=93% BS2DCE:rows=8824,cfg=10Hz BSDC91:rows=8816,cfg=10Hz
[CAPTURE] [###################.]  92.8% elapsed=111s eta=9s rows=17808 row_rate=160.0/s sw=2226 ge7=100% ge8=93% BS2DCE:rows=8904,cfg=10Hz BSDC91:rows=8904,cfg=10Hz
[CAPTURE] [###################.]  93.6% elapsed=112s eta=8s rows=17976 row_rate=160.0/s sw=2247 ge7=100% ge8=93% BS2DCE:rows=8992,cfg=10Hz BSDC91:rows=8984,cfg=10Hz
[CAPTURE] [###################.]  94.5% elapsed=113s eta=7s rows=18144 row_rate=160.0/s sw=2268 ge7=100% ge8=93% BS2DCE:rows=9072,cfg=10Hz BSDC91:rows=9072,cfg=10Hz
[CAPTURE] [###################.]  95.4% elapsed=115s eta=5s rows=18312 row_rate=159.9/s sw=2289 ge7=100% ge8=93% BS2DCE:rows=9160,cfg=10Hz BSDC91:rows=9152,cfg=10Hz
[CAPTURE] [###################.]  96.3% elapsed=116s eta=4s rows=18480 row_rate=159.9/s sw=2310 ge7=100% ge8=93% BS2DCE:rows=9240,cfg=10Hz BSDC91:rows=9240,cfg=10Hz
[CAPTURE] [###################.]  97.2% elapsed=117s eta=3s rows=18640 row_rate=159.9/s sw=2330 ge7=100% ge8=93% BS2DCE:rows=9320,cfg=10Hz BSDC91:rows=9320,cfg=10Hz
[CAPTURE] [####################]  98.0% elapsed=118s eta=2s rows=18824 row_rate=160.0/s sw=2353 ge7=100% ge8=93% BS2DCE:rows=9416,cfg=10Hz BSDC91:rows=9408,cfg=10Hz
[CAPTURE] [####################]  98.9% elapsed=119s eta=1s rows=18992 row_rate=160.0/s sw=2374 ge7=100% ge8=93% BS2DCE:rows=9496,cfg=10Hz BSDC91:rows=9496,cfg=10Hz
[CAPTURE] [####################]  99.8% elapsed=120s eta=0s rows=19160 row_rate=160.0/s sw=2395 ge7=100% ge8=93% BS2DCE:rows=9584,cfg=10Hz BSDC91:rows=9576,cfg=10Hz
[CAPTURE] cleanup: stopping all tag ranging with cmd_all MODE AOTA
[HOST_CMD] cmd_all MODE AOTA
[CAPTURE] cleanup: all tags quiet after MODE AOTA
{
  "success": true,
  "interrupted": false,
  "startup_failed": false,
  "startup_fail_targets": [],
  "controller_lost": false,
  "no_tr_timeout": false,
  "controller_recovery_attempts": 0,
  "controller_recovery_successes": 0,
  "tdma_config_failed": false,
  "tdma_config_check": {
    "match": true,
    "per_target": {
      "BS2DCE": {
        "bs": "BS2DCE",
        "match": true,
        "mismatches": [],
        "warnings": [],
        "expected": {
          "tag_id": 1,
          "slot": 0,
          "count": 10,
          "mask": 1,
          "mask_hex": "0x0001",
          "period_ms": 10,
          "active_ms": 9,
          "active_us": 0,
          "generation": 8,
          "pmode": 0
        },
        "actual": {
          "tag_id": 1,
          "slot": 0,
          "count": 10,
          "mask": 1,
          "mask_hex": "0x0001",
          "period_ms": 10,
          "active_ms": 9,
          "active_us": 0,
          "generation": 8,
          "live": 1
        },
        "actual_cfg_hz": 10.0,
        "scheduler": {
          "profile": "motion",
          "target_hz": 10,
          "mask": 1,
          "mask_hex": "0x0001",
          "slots": 1,
          "count": 10,
          "actual_x100": 1000,
          "actual_hz": 10.0
        },
        "expected_pmode": 0,
        "expected_freq_hz": 10
      },
      "BSDC91": {
        "bs": "BSDC91",
        "match": true,
        "mismatches": [],
        "warnings": [],
        "expected": {
          "tag_id": 2,
          "slot": 5,
          "count": 10,
          "mask": 32,
          "mask_hex": "0x0020",
          "period_ms": 10,
          "active_ms": 9,
          "active_us": 0,
          "generation": 8,
          "pmode": 0
        },
        "actual": {
          "tag_id": 2,
          "slot": 5,
          "count": 10,
          "mask": 32,
          "mask_hex": "0x0020",
          "period_ms": 10,
          "active_ms": 9,
          "active_us": 0,
          "generation": 8,
          "live": 1
        },
        "actual_cfg_hz": 10.0,
        "scheduler": {
          "profile": "motion",
          "target_hz": 10,
          "mask": 32,
          "mask_hex": "0x0020",
          "slots": 1,
          "count": 10,
          "actual_x100": 1000,
          "actual_hz": 10.0
        },
        "expected_pmode": 0,
        "expected_freq_hz": 10
      }
    }
  },
  "anchor_preflight": {
    "skipped": true,
    "success": true
  },
  "cleanup": {
    "attempted": true,
    "success": true,
    "command": "cmd_all MODE AOTA",
    "error": "",
    "stop_notify_rows": 0,
    "stop_verify_s": 3.0
  },
  "port": "/dev/serial/by-id/usb-Master_Tag_BioSpur_BLE_Control_6918E0384172A49F-if00",
  "duration_s": 120.0,
  "elapsed_s": 167.4836618900299,
  "session_dir": "/home/zekaixiao/Desktop/28052026_Erlangen_Official/captures/erlangen_20260528_optitrack/roto_R13_BS2DCE_BSDC91_120s_20260528_133559/tag_capture_20260528_133559",
  "targets": [
    "BS2DCE",
    "BSDC91"
  ],
  "expected_pmode": {
    "BS2DCE": 0,
    "BSDC91": 0
  },
  "expected_freq_hz": {
    "BS2DCE": 10,
    "BSDC91": 10
  },
  "skipped_before_target_pmode": 0,
  "freq_hz": {
    "tr": 10
  },
  "tr_all": 19208,
  "tr_valid_all": 19036,
  "sweep_validity_all": {
    "sweeps_total": 2401,
    "sweeps_with_any_valid": 2401,
    "sweeps_ge4": 2401,
    "sweeps_ge7": 2396,
    "sweeps_ge8": 2235,
    "ratio_ge4": 1.0,
    "ratio_ge7": 0.997918,
    "ratio_ge8": 0.930862,
    "valid_count_distribution": {
      "0": 0,
      "1": 0,
      "2": 0,
      "3": 0,
      "4": 0,
      "5": 1,
      "6": 4,
      "7": 161,
      "8": 2235
    }
  },
  "connections": {},
  "per_tag": {
    "BS2DCE": {
      "tr_rows": 9608,
      "tr_valid_rows": 9514,
      "sweep_validity": {
        "sweeps_total": 1201,
        "sweeps_with_any_valid": 1201,
        "sweeps_ge4": 1201,
        "sweeps_ge7": 1197,
        "sweeps_ge8": 1112,
        "ratio_ge4": 1.0,
        "ratio_ge7": 0.996669,
        "ratio_ge8": 0.925895,
        "valid_count_distribution": {
          "0": 0,
          "1": 0,
          "2": 0,
          "3": 0,
          "4": 0,
          "5": 1,
          "6": 3,
          "7": 85,
          "8": 1112
        }
      },
      "latest_tr": {
        "conn_id": null,
        "host_elapsed_s": 119.996075,
        "host_epoch_s": 1779968322.356202,
        "peer_name": "BS2DCE",
        "tag_id": "",
        "sweep": 17322,
        "plan": "f",
        "pmode": 0,
        "anchor_id": 7,
        "raw_mm": 1748,
        "range_mm": 1748,
        "quality_percent": 100,
        "valid": 1,
        "status": "O",
        "quality_flag_percent": 0,
        "first_to_last_us": 0,
        "frame_us": 0,
        "poll_count": 0,
        "tr_version": 2,
        "rx_mask": "",
        "air_us": "",
        "post_us": "",
        "cycle_us": "",
        "rx_seen": "",
        "imu_valid": 0,
        "imu_n": 0,
        "acc_norm_mean_mg": "",
        "acc_norm_std_mg": "",
        "acc_norm_min_mg": "",
        "acc_norm_max_mg": "",
        "imu_skip_count": 0
      },
      "anchors_seen": [
        0,
        1,
        2,
        3,
        4,
        5,
        6,
        7
      ],
      "tr_status_counts": {
        "O": 9514,
        "T": 94
      }
    },
    "BSDC91": {
      "tr_rows": 9600,
      "tr_valid_rows": 9522,
      "sweep_validity": {
        "sweeps_total": 1200,
        "sweeps_with_any_valid": 1200,
        "sweeps_ge4": 1200,
        "sweeps_ge7": 1199,
        "sweeps_ge8": 1123,
        "ratio_ge4": 1.0,
        "ratio_ge7": 0.999167,
        "ratio_ge8": 0.935833,
        "valid_count_distribution": {
          "0": 0,
          "1": 0,
          "2": 0,
          "3": 0,
          "4": 0,
          "5": 0,
          "6": 1,
          "7": 76,
          "8": 1123
        }
      },
      "latest_tr": {
        "conn_id": null,
        "host_elapsed_s": 119.951142,
        "host_epoch_s": 1779968322.311268,
        "peer_name": "BSDC91",
        "tag_id": "",
        "sweep": 17774,
        "plan": "f",
        "pmode": 0,
        "anchor_id": 7,
        "raw_mm": 2171,
        "range_mm": 2171,
        "quality_percent": 100,
        "valid": 1,
        "status": "O",
        "quality_flag_percent": 0,
        "first_to_last_us": 0,
        "frame_us": 0,
        "poll_count": 0,
        "tr_version": 2,
        "rx_mask": "",
        "air_us": "",
        "post_us": "",
        "cycle_us": "",
        "rx_seen": "",
        "imu_valid": 0,
        "imu_n": 0,
        "acc_norm_mean_mg": "",
        "acc_norm_std_mg": "",
        "acc_norm_min_mg": "",
        "acc_norm_max_mg": "",
        "imu_skip_count": 0
      },
      "anchors_seen": [
        0,
        1,
        2,
        3,
        4,
        5,
        6,
        7
      ],
      "tr_status_counts": {
        "O": 9522,
        "T": 78
      }
    }
  },
  "raw_log": "/home/zekaixiao/Desktop/28052026_Erlangen_Official/captures/erlangen_20260528_optitrack/roto_R13_BS2DCE_BSDC91_120s_20260528_133559/tag_capture_20260528_133559/raw.log",
  "tr_all_csv": "/home/zekaixiao/Desktop/28052026_Erlangen_Official/captures/erlangen_20260528_optitrack/roto_R13_BS2DCE_BSDC91_120s_20260528_133559/tag_capture_20260528_133559/tr_all.csv"
}
