PORT=/dev/serial/by-id/usb-BioSpur_BioSpur_BLE_Control_87EA2F4A526C5A02-if00
START=2026-05-11 00:25:30
SESSION: prepare anchors for sweep; required role=matrix
[AUTOPOS] ANCHOR candidate rejected: not in anchor allow-list FC:9A:15:34:AB:20 (random) name=- bs=F66F uuid=- anchor_id=0
[AUTOPOS] ANCHOR candidate rejected: not in anchor allow-list FC:9A:15:34:AB:20 (random) name=- bs=F66F uuid=- anchor_id=0
PRECHECK: resident Master_Anchor mode; no RECV clean-slate/reconnect
>>> status
[AUTOPOS] Control status: mode=AUTOPOS pending=0
[AUTOPOS] ANCHOR candidate rejected: not in anchor allow-list FC:9A:15:34:AB:20 (random) name=- bs=F66F uuid=- anchor_id=0
[AUTOPOS] ANCHOR candidate rejected: not in anchor allow-list FC:9A:15:34:AB:20 (random) name=- bs=F66F uuid=- anchor_id=0
[AUTOPOS] ANCHOR candidate rejected: not in anchor allow-list FC:9A:15:34:AB:20 (random) name=- bs=F66F uuid=- anchor_id=0
>>> device show
[AUTOPOS] ANCHOR candidate rejected: not in anchor allow-list FC:9A:15:34:AB:20 (random) name=- bs=F66F uuid=- anchor_id=0
[AUTOPOS] System target: kind=anchor caps=0x0b (config=1 ota=1 stream=0 status=1)
OTA target filter: token=-1 name=- prefix=BS uuid=-
[AUTOPOS] ANCHOR candidate rejected: not in anchor allow-list FC:9A:15:34:AB:20 (random) name=- bs=F66F uuid=- anchor_id=0
[AUTOPOS] ANCHOR candidate rejected: not in anchor allow-list FC:9A:15:34:AB:20 (random) name=- bs=F66F uuid=- anchor_id=0
[AUTOPOS] ANCHOR candidate rejected: not in anchor allow-list FC:9A:15:34:AB:20 (random) name=- bs=F66F uuid=- anchor_id=0
>>> ota_target token -1
[AUTOPOS] ANCHOR candidate rejected: not in anchor allow-list FC:9A:15:34:AB:20 (random) name=- bs=F66F uuid=- anchor_id=0
[AUTOPOS] ota_target token rc=0 value=-1
OTA target filter: token=-1 name=- prefix=BS uuid=-
[AUTOPOS] ANCHOR candidate rejected: not in anchor allow-list FC:9A:15:34:AB:20 (random) name=- bs=F66F uuid=- anchor_id=0
[AUTOPOS] ANCHOR candidate rejected: not in anchor allow-list FC:9A:15:34:AB:20 (random) name=- bs=F66F uuid=- anchor_id=0
>>> ota_target name -
[AUTOPOS] ota_target name rc=0 value=-
OTA target filter: token=-1 name=- prefix=BS uuid=-
[AUTOPOS] ANCHOR candidate rejected: not in anchor allow-list FC:9A:15:34:AB:20 (random) name=- bs=F66F uuid=- anchor_id=0
[AUTOPOS] ANCHOR candidate rejected: not in anchor allow-list FC:9A:15:34:AB:20 (random) name=- bs=F66F uuid=- anchor_id=0
>>> ota_target prefix ANCHOR-
[AUTOPOS] ota_target prefix rc=0 value=anchor-
OTA target filter: token=-1 name=- prefix=anchor- uuid=-
[AUTOPOS] ANCHOR candidate rejected: not in anchor allow-list FC:9A:15:34:AB:20 (random) name=- bs=F66F uuid=- anchor_id=0
[AUTOPOS] ANCHOR candidate rejected: not in anchor allow-list FC:9A:15:34:AB:20 (random) name=- bs=F66F uuid=- anchor_id=0
[AUTOPOS] ANCHOR candidate rejected: not in anchor allow-list FC:9A:15:34:AB:20 (random) name=- bs=F66F uuid=- anchor_id=0
>>> ota_target uuid -
[AUTOPOS] ota_target uuid rc=0 value=-
OTA target filter: token=-1 name=- prefix=anchor- uuid=-
[AUTOPOS] ANCHOR candidate rejected: not in anchor allow-list FC:9A:15:34:AB:20 (random) name=- bs=F66F uuid=- anchor_id=0
>>> autopos map A 4DC6B8187E33803AE8601FB0D7992B96
[AUTOPOS] ANCHOR candidate rejected: not in anchor allow-list FC:9A:15:34:AB:20 (random) name=- bs=F66F uuid=- anchor_id=0
[AUTOPOS] AUTOPOS map set: A=4DC6B8187E33803AE8601FB0D7992B96
[AUTOPOS] ANCHOR candidate rejected: not in anchor allow-list FC:9A:15:34:AB:20 (random) name=- bs=F66F uuid=- anchor_id=0
[AUTOPOS] ANCHOR candidate rejected: not in anchor allow-list FC:9A:15:34:AB:20 (random) name=- bs=F66F uuid=- anchor_id=0
>>> autopos map B B9179575C776C98F1CB132DD6EDC6223
[AUTOPOS] AUTOPOS map set: B=B9179575C776C98F1CB132DD6EDC6223
[AUTOPOS] ANCHOR candidate rejected: not in anchor allow-list FC:9A:15:34:AB:20 (random) name=- bs=F66F uuid=- anchor_id=0
[AUTOPOS] ANCHOR candidate rejected: not in anchor allow-list FC:9A:15:34:AB:20 (random) name=- bs=F66F uuid=- anchor_id=0
[AUTOPOS] ANCHOR candidate rejected: not in anchor allow-list FC:9A:15:34:AB:20 (random) name=- bs=F66F uuid=- anchor_id=0
[AUTOPOS] ANCHOR candidate rejected: not in anchor allow-list FC:9A:15:34:AB:20 (random) name=- bs=F66F uuid=- anchor_id=0
>>> autopos map C CEE5A7EFCB35F8A56B430047629F5309
[AUTOPOS] AUTOPOS map set: C=CEE5A7EFCB35F8A56B430047629F5309
[AUTOPOS] ANCHOR candidate rejected: not in anchor allow-list FC:9A:15:34:AB:20 (random) name=- bs=F66F uuid=- anchor_id=0
[AUTOPOS] ANCHOR candidate rejected: not in anchor allow-list FC:9A:15:34:AB:20 (random) name=- bs=F66F uuid=- anchor_id=0
>>> autopos map D B2B5FA625534A8C617135DCAFC9E036A
[AUTOPOS] AUTOPOS map set: D=B2B5FA625534A8C617135DCAFC9E036A
[AUTOPOS] ANCHOR candidate rejected: not in anchor allow-list FC:9A:15:34:AB:20 (random) name=- bs=F66F uuid=- anchor_id=0
[AUTOPOS] ANCHOR candidate rejected: not in anchor allow-list FC:9A:15:34:AB:20 (random) name=- bs=F66F uuid=- anchor_id=0
[AUTOPOS] ANCHOR candidate rejected: not in anchor allow-list FC:9A:15:34:AB:20 (random) name=- bs=F66F uuid=- anchor_id=0
>>> autopos map E A892AF05DD59CF0D0D3408AD74F364A1
[AUTOPOS] AUTOPOS map set: E=A892AF05DD59CF0D0D3408AD74F364A1
[AUTOPOS] ANCHOR candidate rejected: not in anchor allow-list FC:9A:15:34:AB:20 (random) name=- bs=F66F uuid=- anchor_id=0
[AUTOPOS] ANCHOR candidate rejected: not in anchor allow-list FC:9A:15:34:AB:20 (random) name=- bs=F66F uuid=- anchor_id=0
[AUTOPOS] ANCHOR candidate rejected: not in anchor allow-list FC:9A:15:34:AB:20 (random) name=- bs=F66F uuid=- anchor_id=0
[AUTOPOS] ANCHOR candidate rejected: not in anchor allow-list FC:9A:15:34:AB:20 (random) name=- bs=F66F uuid=- anchor_id=0
>>> autopos map F 840C68591E90019821AACFF1B73AAA34
[AUTOPOS] AUTOPOS map set: F=840C68591E90019821AACFF1B73AAA34
[AUTOPOS] ANCHOR candidate rejected: not in anchor allow-list FC:9A:15:34:AB:20 (random) name=- bs=F66F uuid=- anchor_id=0
[AUTOPOS] ANCHOR candidate rejected: not in anchor allow-list FC:9A:15:34:AB:20 (random) name=- bs=F66F uuid=- anchor_id=0
[AUTOPOS] ANCHOR candidate rejected: not in anchor allow-list FC:9A:15:34:AB:20 (random) name=- bs=F66F uuid=- anchor_id=0
>>> autopos map G B3087BC3D87CCCD316AEDC6B71D6677F
[AUTOPOS] AUTOPOS map set: G=B3087BC3D87CCCD316AEDC6B71D6677F
[AUTOPOS] ANCHOR candidate rejected: not in anchor allow-list FC:9A:15:34:AB:20 (random) name=- bs=F66F uuid=- anchor_id=0
[AUTOPOS] ANCHOR candidate rejected: not in anchor allow-list FC:9A:15:34:AB:20 (random) name=- bs=F66F uuid=- anchor_id=0
[AUTOPOS] ANCHOR candidate rejected: not in anchor allow-list FC:9A:15:34:AB:20 (random) name=- bs=F66F uuid=- anchor_id=0
>>> autopos map H CF12E703AC1A118F6AB440AB05B0BA23
[AUTOPOS] AUTOPOS map set: H=CF12E703AC1A118F6AB440AB05B0BA23
[AUTOPOS] ANCHOR candidate rejected: not in anchor allow-list FC:9A:15:34:AB:20 (random) name=- bs=F66F uuid=- anchor_id=0
[AUTOPOS] ANCHOR candidate rejected: not in anchor allow-list FC:9A:15:34:AB:20 (random) name=- bs=F66F uuid=- anchor_id=0
[AUTOPOS] ANCHOR candidate rejected: not in anchor allow-list FC:9A:15:34:AB:20 (random) name=- bs=F66F uuid=- anchor_id=0
[AUTOPOS] ANCHOR candidate rejected: not in anchor allow-list FC:9A:15:34:AB:20 (random) name=- bs=F66F uuid=- anchor_id=0
SESSION: using B120 Master_Anchor runtime ack only; external BLE scan role verify disabled
SESSION: runtime role broadcast attempt 1/7: anchor role all matrix
>>> anchor role all matrix
[AUTOPOS] anchor role started target=all role=matrix
[AUTOPOS] Master quiesce pending peer[0]: pending=1 setup=0 inflight=0 uuid=CF12E703AC1A118F6AB440AB05B0BA23
[AUTOPOS] Master quiesce pending peer[1]: pending=1 setup=0 inflight=0 uuid=B2B5FA625534A8C617135DCAFC9E036A
[AUTOPOS] Master quiesce pending peer[2]: pending=1 setup=0 inflight=0 uuid=4DC6B8187E33803AE8601FB0D7992B96
[AUTOPOS] Master quiesce pending peer[3]: pending=1 setup=0 inflight=0 uuid=B9179575C776C98F1CB132DD6EDC6223
[AUTOPOS] Master quiesce pending peer[4]: pending=1 setup=0 inflight=0 uuid=CEE5A7EFCB35F8A56B430047629F5309
[AUTOPOS] Master quiesce pending peer[5]: pending=1 setup=0 inflight=0 uuid=A892AF05DD59CF0D0D3408AD74F364A1
[AUTOPOS] Master quiesce pending peer[6]: pending=1 setup=0 inflight=0 uuid=840C68591E90019821AACFF1B73AAA34
[AUTOPOS] Master quiesce pending peer[7]: pending=1 setup=0 inflight=0 uuid=B3087BC3D87CCCD316AEDC6B71D6677F
[AUTOPOS] AUTOPOS wait anchor cleared: waited=0 conn_count=0 ready_count=0
[AUTOPOS] READY count=0 target=anchor target_uuid=- conn_count=0 connecting_slot=-1 scan=0 auto=0
[AUTOPOS] Master discovery mode: CONN & START
[AUTOPOS] Master discovery mode: CONN & START
[AUTOPOS] SCAN start req: bt_ready=1 scan_running=0 connecting_slot=-1 conn_count=0 target=anchor prefix=ANCHOR-
[AUTOPOS] Scanning for ANCHOR-*
[AUTOPOS] AUTOPOS wait anchor ready: uuid=4DC6B8187E33803AE8601FB0D7992B96 timeout_ms=12000
[AUTOPOS] AUTOPOS wait anchor ready: waited=0 ready_count=0
[AUTOPOS] READY count=0 target=anchor target_uuid=4DC6B8187E33803AE8601FB0D7992B96 conn_count=0 connecting_slot=-1 scan=1 auto=1
[AUTOPOS] SCAN hit: F2:B7:4E:8A:79:01 (random) rssi=-83 name=- bs=- uuid=4DC6B8187E33803AE8601FB0D7992B96 target=anchor uuid_ok=1 tag_name=0 anchor_name=0 nus=0 dfu=0 token=0 props=0x03
[AUTOPOS] CONNECT queue[0]: addr=F2:B7:4E:8A:79:01 (random) link=anchor-ctrl uuid=4DC6B8187E33803AE8601FB0D7992B96 target=anchor
[AUTOPOS] AUTOPOS wait anchor ready: waited=1000 ready_count=0
[AUTOPOS] READY count=0 target=anchor target_uuid=4DC6B8187E33803AE8601FB0D7992B96 conn_count=0 connecting_slot=-1 scan=1 auto=1
[AUTOPOS] READY peer[0]: link=anchor-ctrl connected=0 ready=0 pending=1 inflight=0 retries=0 start_failures=0 uuid=4DC6B8187E33803AE8601FB0D7992B96 name=- state_h=0x0000 ctrl_h=0x0000 result_h=0x0000
[AUTOPOS] CONNECT pending[0]: addr_valid=1 link=anchor-ctrl uuid=4DC6B8187E33803AE8601FB0D7992B96 scan_running=1 conn_count=0
[AUTOPOS] CONNECT pending[0]: bt_le_scan_stop rc=0 scan_running=1
[AUTOPOS] CONNECT pending[0] rc=0 conn=0x200048e8 interval=32-56 timeout=1000
[AUTOPOS] Connected[0]: F2:B7:4E:8A:79:01 (random) name=- bs=-
[AUTOPOS] CONNECT state[0]: link=anchor-ctrl uuid=4DC6B8187E33803AE8601FB0D7992B96 ready=0 conn=0x200048e8
SETUP[0] defer: waiting 867 ms before discovery start
SETUP[0] defer: waiting 836 ms before discovery start
SETUP[0] defer: waiting 817 ms before discovery start
SETUP[0] defer: waiting 767 ms before discovery start
SETUP[0] defer: waiting 716 ms before discovery start
SETUP[0] defer: waiting 666 ms before discovery start
SETUP[0] defer: waiting 636 ms before discovery start
SETUP[0] defer: waiting 615 ms before discovery start
SETUP[0] defer: waiting 565 ms before discovery start
SETUP[0] defer: waiting 515 ms before discovery start
SETUP[0] defer: waiting 464 ms before discovery start
SETUP[0] defer: waiting 436 ms before discovery start
SETUP[0] defer: waiting 414 ms before discovery start
SETUP[0] defer: waiting 364 ms before discovery start
SETUP[0] defer: waiting 313 ms before discovery start
SETUP[0] defer: waiting 263 ms before discovery start
SETUP[0] defer: waiting 235 ms before discovery start
SETUP[0] defer: waiting 213 ms before discovery start
SETUP[0] defer: waiting 162 ms before discovery start
SETUP[0] defer: waiting 112 ms before discovery start
SETUP[0] defer: waiting 62 ms before discovery start
SETUP[0] defer: waiting 35 ms before discovery start
[AUTOPOS] AUTOPOS wait anchor ready: waited=2000 ready_count=0
[AUTOPOS] READY count=0 target=anchor target_uuid=4DC6B8187E33803AE8601FB0D7992B96 conn_count=1 connecting_slot=-1 scan=0 auto=1
[AUTOPOS] READY peer[0]: link=anchor-ctrl connected=1 ready=0 pending=0 inflight=0 retries=0 start_failures=0 uuid=4DC6B8187E33803AE8601FB0D7992B96 name=- state_h=0x0000 ctrl_h=0x0000 result_h=0x0000
SETUP[0] defer: waiting 11 ms before discovery start
SETUP[0] begin: link=anchor-ctrl uuid=4DC6B8187E33803AE8601FB0D7992B96 conn=0x200048e8
SETUP[0] anchor-ctrl: skip mtu/phy negotiation
SETUP[0] conn_param_update rc=0 interval=32-56 timeout=1000
[AUTOPOS] DISC start[0]: link=anchor-ctrl uuid=4DC6B8187E33803AE8601FB0D7992B96 conn=0x200048e8
[AUTOPOS] Conn param updated[0]: int=56 lat=0 to=1000
[AUTOPOS] AUTOPOS wait anchor ready: waited=3000 ready_count=0
[AUTOPOS] READY count=0 target=anchor target_uuid=4DC6B8187E33803AE8601FB0D7992B96 conn_count=1 connecting_slot=-1 scan=0 auto=1
[AUTOPOS] READY peer[0]: link=anchor-ctrl connected=1 ready=0 pending=0 inflight=1 retries=0 start_failures=0 uuid=4DC6B8187E33803AE8601FB0D7992B96 name=- state_h=0x0000 ctrl_h=0x0000 result_h=0x0000
[AUTOPOS] AUTOPOS wait anchor ready: waited=4000 ready_count=0
[AUTOPOS] READY count=0 target=anchor target_uuid=4DC6B8187E33803AE8601FB0D7992B96 conn_count=1 connecting_slot=-1 scan=0 auto=1
[AUTOPOS] READY peer[0]: link=anchor-ctrl connected=1 ready=0 pending=0 inflight=1 retries=0 start_failures=0 uuid=4DC6B8187E33803AE8601FB0D7992B96 name=- state_h=0x0000 ctrl_h=0x0000 result_h=0x0000
[AUTOPOS] DISC complete[0]: link=anchor-ctrl discovered_service=2800 uuid=4DC6B8187E33803AE8601FB0D7992B96
[AUTOPOS] DISC anchor service found[0]: uuid=4DC6B8187E33803AE8601FB0D7992B96
[AUTOPOS] Anchor ctrl state subscribe[0] rc=0
[AUTOPOS] Anchor ctrl result subscribe[0] rc=0
[AUTOPOS] ANCHOR_CTRL[0] link ready handle=0x0019 result=0x001b uuid=4DC6B8187E33803AE8601FB0D7992B96
[AUTOPOS] SCAN start req: bt_ready=1 scan_running=0 connecting_slot=-1 conn_count=1 target=anchor prefix=ANCHOR-
[AUTOPOS] Scanning for ANCHOR-*
[AUTOPOS] AUTOPOS wait anchor ready: waited=4600 ready_count=1
[AUTOPOS] READY count=1 target=anchor target_uuid=4DC6B8187E33803AE8601FB0D7992B96 conn_count=1 connecting_slot=-1 scan=1 auto=1
[AUTOPOS] READY peer[0]: link=anchor-ctrl connected=1 ready=1 pending=0 inflight=0 retries=0 start_failures=0 uuid=4DC6B8187E33803AE8601FB0D7992B96 name=- state_h=0x0012 ctrl_h=0x0019 result_h=0x001b
[AUTOPOS] AUTOPOS wait anchor ready: uuid=4DC6B8187E33803AE8601FB0D7992B96 control link ready while discovery stays active
[AUTOPOS] AUTOPOS state: STATE fw=alt-bcast-a21
[AUTOPOS] Anchor ctrl sent[0]: RUNTIME MATRIX FORCE uuid=4DC6B8187E33803AE8601FB0D7992B96
[AUTOPOS] AUTOPOS result: OK RUNTIME_RESTART_REQ
[AUTOPOS] AUTOPOS state: STATE fw=alt-bcast-a21
[AUTOPOS] AUTOPOS state: STATE fw=alt-bcast-a21
[AUTOPOS] AUTOPOS state: STATE fw=alt-bcast-a21
[AUTOPOS] AUTOPOS state: STATE fw=alt-bcast-a21
[AUTOPOS] Conn param updated[0]: int=56 lat=0 to=1000
[AUTOPOS] Disconnected[0]: F2:B7:4E:8A:79:01 (random) reason=0x08 link=anchor-ctrl ready=1
[AUTOPOS] SCAN hit: F2:B7:4E:8A:79:01 (random) rssi=-68 name=- bs=- uuid=4DC6B8187E33803AE8601FB0D7992B96 target=anchor uuid_ok=1 tag_name=0 anchor_name=0 nus=0 dfu=0 token=0 props=0x03
[AUTOPOS] CONNECT queue[0]: addr=F2:B7:4E:8A:79:01 (random) link=anchor-ctrl uuid=4DC6B8187E33803AE8601FB0D7992B96 target=anchor
[AUTOPOS] CONNECT pending[0]: addr_valid=1 link=anchor-ctrl uuid=4DC6B8187E33803AE8601FB0D7992B96 scan_running=1 conn_count=0
[AUTOPOS] CONNECT pending[0]: bt_le_scan_stop rc=0 scan_running=1
[AUTOPOS] CONNECT pending[0] rc=0 conn=0x200048e8 interval=32-56 timeout=1000
[AUTOPOS] Connected[0]: F2:B7:4E:8A:79:01 (random) name=- bs=-
[AUTOPOS] CONNECT state[0]: link=anchor-ctrl uuid=4DC6B8187E33803AE8601FB0D7992B96 ready=0 conn=0x200048e8
SETUP[0] defer: waiting 864 ms before discovery start
SETUP[0] defer: waiting 814 ms before discovery start
SETUP[0] defer: waiting 763 ms before discovery start
SETUP[0] defer: waiting 713 ms before discovery start
SETUP[0] defer: waiting 663 ms before discovery start
SETUP[0] defer: waiting 612 ms before discovery start
SETUP[0] defer: waiting 562 ms before discovery start
SETUP[0] defer: waiting 512 ms before discovery start
SETUP[0] defer: waiting 461 ms before discovery start
SETUP[0] defer: waiting 411 ms before discovery start
SETUP[0] defer: waiting 361 ms before discovery start
SETUP[0] defer: waiting 310 ms before discovery start
SETUP[0] defer: waiting 260 ms before discovery start
SETUP[0] defer: waiting 209 ms before discovery start
SETUP[0] defer: waiting 159 ms before discovery start
SETUP[0] defer: waiting 109 ms before discovery start
SETUP[0] defer: waiting 58 ms before discovery start
SETUP[0] defer: waiting 8 ms before discovery start
SETUP[0] begin: link=anchor-ctrl uuid=4DC6B8187E33803AE8601FB0D7992B96 conn=0x200048e8
SETUP[0] anchor-ctrl: skip mtu/phy negotiation
SETUP[0] conn_param_update rc=0 interval=32-56 timeout=1000
[AUTOPOS] DISC start[0]: link=anchor-ctrl uuid=4DC6B8187E33803AE8601FB0D7992B96 conn=0x200048e8
[AUTOPOS] Conn param updated[0]: int=56 lat=0 to=1000
SESSION: runtime role broadcast attempt 2/7: anchor role all matrix
>>> anchor role all matrix
[AUTOPOS] anchor role already running
[AUTOPOS] anchor runtime role rc=-116 target=A uuid=4DC6B8187E33803AE8601FB0D7992B96 role=matrix
[AUTOPOS] anchor role all matrix target=A attempt=1 rc=-116; retry after clean disconnect
[AUTOPOS] Master quiesce peer[0]: connected=1 ready=0 link=anchor-ctrl uuid=4DC6B8187E33803AE8601FB0D7992B96
[AUTOPOS] AUTOPOS wait anchor cleared: waited=0 conn_count=1 ready_count=0
[AUTOPOS] READY count=0 target=anchor target_uuid=4DC6B8187E33803AE8601FB0D7992B96 conn_count=1 connecting_slot=-1 scan=0 auto=0
[AUTOPOS] READY peer[0]: link=anchor-ctrl connected=1 ready=0 pending=0 inflight=0 retries=0 start_failures=0 uuid=4DC6B8187E33803AE8601FB0D7992B96 name=- state_h=0x0000 ctrl_h=0x0000 result_h=0x0000
[AUTOPOS] AUTOPOS wait anchor cleared: waited=1000 conn_count=1 ready_count=0
[AUTOPOS] READY count=0 target=anchor target_uuid=4DC6B8187E33803AE8601FB0D7992B96 conn_count=1 connecting_slot=-1 scan=0 auto=0
[AUTOPOS] READY peer[0]: link=anchor-ctrl connected=1 ready=0 pending=0 inflight=0 retries=0 start_failures=0 uuid=4DC6B8187E33803AE8601FB0D7992B96 name=- state_h=0x0000 ctrl_h=0x0000 result_h=0x0000
[AUTOPOS] AUTOPOS wait anchor cleared: waited=2000 conn_count=1 ready_count=0
[AUTOPOS] READY count=0 target=anchor target_uuid=4DC6B8187E33803AE8601FB0D7992B96 conn_count=1 connecting_slot=-1 scan=0 auto=0
[AUTOPOS] READY peer[0]: link=anchor-ctrl connected=1 ready=0 pending=0 inflight=0 retries=0 start_failures=0 uuid=4DC6B8187E33803AE8601FB0D7992B96 name=- state_h=0x0000 ctrl_h=0x0000 result_h=0x0000
[AUTOPOS] AUTOPOS wait anchor cleared timeout: waited=3000 conn_count=1 ready_count=0
[AUTOPOS] READY count=0 target=anchor target_uuid=4DC6B8187E33803AE8601FB0D7992B96 conn_count=1 connecting_slot=-1 scan=0 auto=0
[AUTOPOS] READY peer[0]: link=anchor-ctrl connected=1 ready=0 pending=0 inflight=0 retries=0 start_failures=0 uuid=4DC6B8187E33803AE8601FB0D7992B96 name=- state_h=0x0000 ctrl_h=0x0000 result_h=0x0000
[AUTOPOS] Master discovery mode: CONN & START
[AUTOPOS] AUTOPOS wait anchor ready: uuid=4DC6B8187E33803AE8601FB0D7992B96 target peer already present; waiting for setup/discovery
[AUTOPOS] AUTOPOS wait anchor ready(reuse): waited=0 ready_count=0 target_peers=1
[AUTOPOS] READY count=0 target=anchor target_uuid=4DC6B8187E33803AE8601FB0D7992B96 conn_count=1 connecting_slot=-1 scan=0 auto=1
[AUTOPOS] READY peer[0]: link=anchor-ctrl connected=1 ready=0 pending=0 inflight=0 retries=0 start_failures=0 uuid=4DC6B8187E33803AE8601FB0D7992B96 name=- state_h=0x0000 ctrl_h=0x0000 result_h=0x0000
[AUTOPOS] AUTOPOS wait anchor ready(reuse): waited=1000 ready_count=0 target_peers=1
[AUTOPOS] READY count=0 target=anchor target_uuid=4DC6B8187E33803AE8601FB0D7992B96 conn_count=1 connecting_slot=-1 scan=0 auto=1
[AUTOPOS] READY peer[0]: link=anchor-ctrl connected=1 ready=0 pending=0 inflight=0 retries=0 start_failures=0 uuid=4DC6B8187E33803AE8601FB0D7992B96 name=- state_h=0x0000 ctrl_h=0x0000 result_h=0x0000
[AUTOPOS] AUTOPOS wait anchor ready(reuse): waited=2000 ready_count=0 target_peers=1
[AUTOPOS] READY count=0 target=anchor target_uuid=4DC6B8187E33803AE8601FB0D7992B96 conn_count=1 connecting_slot=-1 scan=0 auto=1
[AUTOPOS] READY peer[0]: link=anchor-ctrl connected=1 ready=0 pending=0 inflight=0 retries=0 start_failures=0 uuid=4DC6B8187E33803AE8601FB0D7992B96 name=- state_h=0x0000 ctrl_h=0x0000 result_h=0x0000
[AUTOPOS] AUTOPOS wait anchor ready: uuid=4DC6B8187E33803AE8601FB0D7992B96 stale target peer did not become ready; clearing before fresh scan
[AUTOPOS] Master quiesce peer[0]: connected=1 ready=0 link=anchor-ctrl uuid=4DC6B8187E33803AE8601FB0D7992B96
[AUTOPOS] AUTOPOS wait anchor cleared: waited=0 conn_count=1 ready_count=0
[AUTOPOS] READY count=0 target=anchor target_uuid=4DC6B8187E33803AE8601FB0D7992B96 conn_count=1 connecting_slot=-1 scan=0 auto=0
[AUTOPOS] READY peer[0]: link=anchor-ctrl connected=1 ready=0 pending=0 inflight=0 retries=0 start_failures=0 uuid=4DC6B8187E33803AE8601FB0D7992B96 name=- state_h=0x0000 ctrl_h=0x0000 result_h=0x0000
[AUTOPOS] AUTOPOS wait anchor cleared: waited=1000 conn_count=1 ready_count=0
[AUTOPOS] READY count=0 target=anchor target_uuid=4DC6B8187E33803AE8601FB0D7992B96 conn_count=1 connecting_slot=-1 scan=0 auto=0
[AUTOPOS] READY peer[0]: link=anchor-ctrl connected=1 ready=0 pending=0 inflight=0 retries=0 start_failures=0 uuid=4DC6B8187E33803AE8601FB0D7992B96 name=- state_h=0x0000 ctrl_h=0x0000 result_h=0x0000
[AUTOPOS] AUTOPOS wait anchor cleared: waited=2000 conn_count=1 ready_count=0
[AUTOPOS] READY count=0 target=anchor target_uuid=4DC6B8187E33803AE8601FB0D7992B96 conn_count=1 connecting_slot=-1 scan=0 auto=0
[AUTOPOS] READY peer[0]: link=anchor-ctrl connected=1 ready=0 pending=0 inflight=0 retries=0 start_failures=0 uuid=4DC6B8187E33803AE8601FB0D7992B96 name=- state_h=0x0000 ctrl_h=0x0000 result_h=0x0000
[AUTOPOS] AUTOPOS wait anchor cleared: waited=3000 conn_count=1 ready_count=0
[AUTOPOS] READY count=0 target=anchor target_uuid=4DC6B8187E33803AE8601FB0D7992B96 conn_count=1 connecting_slot=-1 scan=0 auto=0
[AUTOPOS] READY peer[0]: link=anchor-ctrl connected=1 ready=0 pending=0 inflight=0 retries=0 start_failures=0 uuid=4DC6B8187E33803AE8601FB0D7992B96 name=- state_h=0x0000 ctrl_h=0x0000 result_h=0x0000
[AUTOPOS] Disconnected[0]: F2:B7:4E:8A:79:01 (random) reason=0x08 link=anchor-ctrl ready=0
[AUTOPOS] RECV_BG suppressed: quiesce disconnect restart blocked remaining=0
[AUTOPOS] GATT discovery error[-1]: -12
[AUTOPOS] AUTOPOS wait anchor cleared: waited=3300 conn_count=0 ready_count=0
[AUTOPOS] READY count=0 target=anchor target_uuid=4DC6B8187E33803AE8601FB0D7992B96 conn_count=0 connecting_slot=-1 scan=0 auto=0
[AUTOPOS] Master discovery mode: CONN & START
[AUTOPOS] SCAN start req: bt_ready=1 scan_running=0 connecting_slot=-1 conn_count=0 target=anchor prefix=ANCHOR-
[AUTOPOS] Scanning for ANCHOR-*
[AUTOPOS] AUTOPOS wait anchor ready: uuid=4DC6B8187E33803AE8601FB0D7992B96 timeout_ms=12000
[AUTOPOS] AUTOPOS wait anchor ready: waited=0 ready_count=0
[AUTOPOS] READY count=0 target=anchor target_uuid=4DC6B8187E33803AE8601FB0D7992B96 conn_count=0 connecting_slot=-1 scan=1 auto=1
[AUTOPOS] SCAN hit: F2:B7:4E:8A:79:01 (random) rssi=-68 name=- bs=- uuid=4DC6B8187E33803AE8601FB0D7992B96 target=anchor uuid_ok=1 tag_name=0 anchor_name=0 nus=0 dfu=0 token=0 props=0x03
[AUTOPOS] CONNECT queue[0]: addr=F2:B7:4E:8A:79:01 (random) link=anchor-ctrl uuid=4DC6B8187E33803AE8601FB0D7992B96 target=anchor
[AUTOPOS] CONNECT pending[0]: addr_valid=1 link=anchor-ctrl uuid=4DC6B8187E33803AE8601FB0D7992B96 scan_running=1 conn_count=0
[AUTOPOS] CONNECT pending[0]: bt_le_scan_stop rc=0 scan_running=1
[AUTOPOS] CONNECT pending[0] rc=0 conn=0x200048e8 interval=32-56 timeout=1000
[AUTOPOS] Connected[0]: F2:B7:4E:8A:79:01 (random) name=- bs=-
[AUTOPOS] CONNECT state[0]: link=anchor-ctrl uuid=4DC6B8187E33803AE8601FB0D7992B96 ready=0 conn=0x200048e8
SETUP[0] defer: waiting 868 ms before discovery start
SETUP[0] defer: waiting 817 ms before discovery start
SETUP[0] defer: waiting 767 ms before discovery start
SETUP[0] defer: waiting 725 ms before discovery start
SETUP[0] defer: waiting 717 ms before discovery start
SETUP[0] defer: waiting 666 ms before discovery start
SETUP[0] defer: waiting 616 ms before discovery start
SETUP[0] defer: waiting 565 ms before discovery start
SETUP[0] defer: waiting 525 ms before discovery start
[AUTOPOS] AUTOPOS wait anchor ready: waited=1000 ready_count=0
[AUTOPOS] READY count=0 target=anchor target_uuid=4DC6B8187E33803AE8601FB0D7992B96 conn_count=1 connecting_slot=-1 scan=0 auto=1
[AUTOPOS] READY peer[0]: link=anchor-ctrl connected=1 ready=0 pending=0 inflight=0 retries=0 start_failures=0 uuid=4DC6B8187E33803AE8601FB0D7992B96 name=- state_h=0x0000 ctrl_h=0x0000 result_h=0x0000
SETUP[0] defer: waiting 515 ms before discovery start
SETUP[0] defer: waiting 465 ms before discovery start
SETUP[0] defer: waiting 414 ms before discovery start
SETUP[0] defer: waiting 364 ms before discovery start
SETUP[0] defer: waiting 322 ms before discovery start
SETUP[0] defer: waiting 314 ms before discovery start
SETUP[0] defer: waiting 263 ms before discovery start
SETUP[0] defer: waiting 213 ms before discovery start
SETUP[0] defer: waiting 163 ms before discovery start
SETUP[0] defer: waiting 122 ms before discovery start
SETUP[0] defer: waiting 112 ms before discovery start
SETUP[0] defer: waiting 62 ms before discovery start
SETUP[0] defer: waiting 12 ms before discovery start
SETUP[0] begin: link=anchor-ctrl uuid=4DC6B8187E33803AE8601FB0D7992B96 conn=0x200048e8
SETUP[0] anchor-ctrl: skip mtu/phy negotiation
SETUP[0] conn_param_update rc=0 interval=32-56 timeout=1000
[AUTOPOS] DISC start[0]: link=anchor-ctrl uuid=4DC6B8187E33803AE8601FB0D7992B96 conn=0x200048e8
[AUTOPOS] AUTOPOS wait anchor ready: waited=2000 ready_count=0
[AUTOPOS] READY count=0 target=anchor target_uuid=4DC6B8187E33803AE8601FB0D7992B96 conn_count=1 connecting_slot=-1 scan=0 auto=1
[AUTOPOS] READY peer[0]: link=anchor-ctrl connected=1 ready=0 pending=0 inflight=1 retries=0 start_failures=0 uuid=4DC6B8187E33803AE8601FB0D7992B96 name=- state_h=0x0000 ctrl_h=0x0000 result_h=0x0000
[AUTOPOS] Conn param updated[0]: int=56 lat=0 to=1000
[AUTOPOS] AUTOPOS wait anchor ready: waited=3000 ready_count=0
[AUTOPOS] READY count=0 target=anchor target_uuid=4DC6B8187E33803AE8601FB0D7992B96 conn_count=1 connecting_slot=-1 scan=0 auto=1
[AUTOPOS] READY peer[0]: link=anchor-ctrl connected=1 ready=0 pending=0 inflight=1 retries=0 start_failures=0 uuid=4DC6B8187E33803AE8601FB0D7992B96 name=- state_h=0x0000 ctrl_h=0x0000 result_h=0x0000
[AUTOPOS] AUTOPOS wait anchor ready: waited=4000 ready_count=0
[AUTOPOS] READY count=0 target=anchor target_uuid=4DC6B8187E33803AE8601FB0D7992B96 conn_count=1 connecting_slot=-1 scan=0 auto=1
[AUTOPOS] READY peer[0]: link=anchor-ctrl connected=1 ready=0 pending=0 inflight=1 retries=0 start_failures=0 uuid=4DC6B8187E33803AE8601FB0D7992B96 name=- state_h=0x0000 ctrl_h=0x0000 result_h=0x0000
[AUTOPOS] AUTOPOS wait anchor ready: waited=5000 ready_count=0
[AUTOPOS] READY count=0 target=anchor target_uuid=4DC6B8187E33803AE8601FB0D7992B96 conn_count=1 connecting_slot=-1 scan=0 auto=1
[AUTOPOS] READY peer[0]: link=anchor-ctrl connected=1 ready=0 pending=0 inflight=1 retries=0 start_failures=0 uuid=4DC6B8187E33803AE8601FB0D7992B96 name=- state_h=0x0000 ctrl_h=0x0000 result_h=0x0000
[AUTOPOS] AUTOPOS wait anchor ready: waited=6000 ready_count=0
[AUTOPOS] READY count=0 target=anchor target_uuid=4DC6B8187E33803AE8601FB0D7992B96 conn_count=1 connecting_slot=-1 scan=0 auto=1
[AUTOPOS] READY peer[0]: link=anchor-ctrl connected=1 ready=0 pending=0 inflight=1 retries=0 start_failures=0 uuid=4DC6B8187E33803AE8601FB0D7992B96 name=- state_h=0x0000 ctrl_h=0x0000 result_h=0x0000
[AUTOPOS] AUTOPOS wait anchor ready: waited=7000 ready_count=0
[AUTOPOS] READY count=0 target=anchor target_uuid=4DC6B8187E33803AE8601FB0D7992B96 conn_count=1 connecting_slot=-1 scan=0 auto=1
[AUTOPOS] READY peer[0]: link=anchor-ctrl connected=1 ready=0 pending=0 inflight=1 retries=0 start_failures=0 uuid=4DC6B8187E33803AE8601FB0D7992B96 name=- state_h=0x0000 ctrl_h=0x0000 result_h=0x0000
[AUTOPOS] AUTOPOS wait anchor ready: waited=8000 ready_count=0
[AUTOPOS] READY count=0 target=anchor target_uuid=4DC6B8187E33803AE8601FB0D7992B96 conn_count=1 connecting_slot=-1 scan=0 auto=1
[AUTOPOS] READY peer[0]: link=anchor-ctrl connected=1 ready=0 pending=0 inflight=1 retries=0 start_failures=0 uuid=4DC6B8187E33803AE8601FB0D7992B96 name=- state_h=0x0000 ctrl_h=0x0000 result_h=0x0000
[AUTOPOS] AUTOPOS wait anchor ready: waited=9000 ready_count=0
[AUTOPOS] READY count=0 target=anchor target_uuid=4DC6B8187E33803AE8601FB0D7992B96 conn_count=1 connecting_slot=-1 scan=0 auto=1
[AUTOPOS] READY peer[0]: link=anchor-ctrl connected=1 ready=0 pending=0 inflight=1 retries=0 start_failures=0 uuid=4DC6B8187E33803AE8601FB0D7992B96 name=- state_h=0x0000 ctrl_h=0x0000 result_h=0x0000
SESSION: runtime role broadcast attempt 3/7: anchor role all matrix
>>> anchor role all matrix
[AUTOPOS] anchor role already running
[AUTOPOS] AUTOPOS wait anchor ready: waited=10000 ready_count=0
[AUTOPOS] READY count=0 target=anchor target_uuid=4DC6B8187E33803AE8601FB0D7992B96 conn_count=1 connecting_slot=-1 scan=0 auto=1
[AUTOPOS] READY peer[0]: link=anchor-ctrl connected=1 ready=0 pending=0 inflight=1 retries=0 start_failures=0 uuid=4DC6B8187E33803AE8601FB0D7992B96 name=- state_h=0x0000 ctrl_h=0x0000 result_h=0x0000
[AUTOPOS] AUTOPOS wait anchor ready: waited=11000 ready_count=0
[AUTOPOS] READY count=0 target=anchor target_uuid=4DC6B8187E33803AE8601FB0D7992B96 conn_count=1 connecting_slot=-1 scan=0 auto=1
[AUTOPOS] READY peer[0]: link=anchor-ctrl connected=1 ready=0 pending=0 inflight=1 retries=0 start_failures=0 uuid=4DC6B8187E33803AE8601FB0D7992B96 name=- state_h=0x0000 ctrl_h=0x0000 result_h=0x0000
[AUTOPOS] AUTOPOS wait anchor ready timeout: uuid=4DC6B8187E33803AE8601FB0D7992B96 waited=12000
[AUTOPOS] READY count=0 target=anchor target_uuid=4DC6B8187E33803AE8601FB0D7992B96 conn_count=1 connecting_slot=-1 scan=0 auto=1
[AUTOPOS] READY peer[0]: link=anchor-ctrl connected=1 ready=0 pending=0 inflight=1 retries=0 start_failures=0 uuid=4DC6B8187E33803AE8601FB0D7992B96 name=- state_h=0x0000 ctrl_h=0x0000 result_h=0x0000
[AUTOPOS] anchor runtime role connect failed: target=A uuid=4DC6B8187E33803AE8601FB0D7992B96 rc=-116
[AUTOPOS] anchor role all matrix target=A attempt=2 rc=-116; retry after clean disconnect
[AUTOPOS] Master quiesce peer[0]: connected=1 ready=0 link=anchor-ctrl uuid=4DC6B8187E33803AE8601FB0D7992B96
[AUTOPOS] AUTOPOS wait anchor cleared: waited=0 conn_count=1 ready_count=0
[AUTOPOS] READY count=0 target=anchor target_uuid=4DC6B8187E33803AE8601FB0D7992B96 conn_count=1 connecting_slot=-1 scan=0 auto=0
[AUTOPOS] READY peer[0]: link=anchor-ctrl connected=1 ready=0 pending=0 inflight=0 retries=0 start_failures=0 uuid=4DC6B8187E33803AE8601FB0D7992B96 name=- state_h=0x0000 ctrl_h=0x0000 result_h=0x0000
[AUTOPOS] AUTOPOS wait anchor cleared: waited=1000 conn_count=1 ready_count=0
[AUTOPOS] READY count=0 target=anchor target_uuid=4DC6B8187E33803AE8601FB0D7992B96 conn_count=1 connecting_slot=-1 scan=0 auto=0
[AUTOPOS] READY peer[0]: link=anchor-ctrl connected=1 ready=0 pending=0 inflight=0 retries=0 start_failures=0 uuid=4DC6B8187E33803AE8601FB0D7992B96 name=- state_h=0x0000 ctrl_h=0x0000 result_h=0x0000
[AUTOPOS] DISC complete[0]: link=anchor-ctrl discovered_service=2800 uuid=4DC6B8187E33803AE8601FB0D7992B96
[AUTOPOS] DISC anchor service found[0]: uuid=4DC6B8187E33803AE8601FB0D7992B96
[AUTOPOS] Anchor ctrl write characteristic missing[0]
[AUTOPOS] Disconnected[0]: F2:B7:4E:8A:79:01 (random) reason=0x08 link=anchor-ctrl ready=0
[AUTOPOS] RECV_BG suppressed: quiesce disconnect restart blocked remaining=0
[AUTOPOS] AUTOPOS wait anchor cleared: waited=1700 conn_count=0 ready_count=0
[AUTOPOS] READY count=0 target=anchor target_uuid=4DC6B8187E33803AE8601FB0D7992B96 conn_count=0 connecting_slot=-1 scan=0 auto=0
[AUTOPOS] Master discovery mode: CONN & START
[AUTOPOS] Master discovery mode: CONN & START
[AUTOPOS] SCAN start req: bt_ready=1 scan_running=0 connecting_slot=-1 conn_count=0 target=anchor prefix=ANCHOR-
[AUTOPOS] Scanning for ANCHOR-*
[AUTOPOS] AUTOPOS wait anchor ready: uuid=4DC6B8187E33803AE8601FB0D7992B96 timeout_ms=12000
[AUTOPOS] AUTOPOS wait anchor ready: waited=0 ready_count=0
[AUTOPOS] READY count=0 target=anchor target_uuid=4DC6B8187E33803AE8601FB0D7992B96 conn_count=0 connecting_slot=-1 scan=1 auto=1
[AUTOPOS] SCAN hit: F2:B7:4E:8A:79:01 (random) rssi=-92 name=- bs=- uuid=4DC6B8187E33803AE8601FB0D7992B96 target=anchor uuid_ok=1 tag_name=0 anchor_name=0 nus=0 dfu=0 token=0 props=0x03
[AUTOPOS] CONNECT queue[0]: addr=F2:B7:4E:8A:79:01 (random) link=anchor-ctrl uuid=4DC6B8187E33803AE8601FB0D7992B96 target=anchor
[AUTOPOS] CONNECT pending[0]: addr_valid=1 link=anchor-ctrl uuid=4DC6B8187E33803AE8601FB0D7992B96 scan_running=1 conn_count=0
[AUTOPOS] CONNECT pending[0]: bt_le_scan_stop rc=0 scan_running=1
[AUTOPOS] CONNECT pending[0] rc=0 conn=0x200048e8 interval=32-56 timeout=1000
[AUTOPOS] Connected[0]: F2:B7:4E:8A:79:01 (random) name=- bs=-
[AUTOPOS] CONNECT state[0]: link=anchor-ctrl uuid=4DC6B8187E33803AE8601FB0D7992B96 ready=0 conn=0x200048e8
SETUP[0] defer: waiting 883 ms before discovery start
SETUP[0] defer: waiting 833 ms before discovery start
SETUP[0] defer: waiting 783 ms before discovery start
SETUP[0] defer: waiting 781 ms before discovery start
SETUP[0] defer: waiting 732 ms before discovery start
SETUP[0] defer: waiting 682 ms before discovery start
SETUP[0] defer: waiting 632 ms before discovery start
SETUP[0] defer: waiting 581 ms before discovery start
SETUP[0] defer: waiting 580 ms before discovery start
[AUTOPOS] AUTOPOS wait anchor ready: waited=1000 ready_count=0
[AUTOPOS] READY count=0 target=anchor target_uuid=4DC6B8187E33803AE8601FB0D7992B96 conn_count=1 connecting_slot=-1 scan=0 auto=1
[AUTOPOS] READY peer[0]: link=anchor-ctrl connected=1 ready=0 pending=0 inflight=0 retries=0 start_failures=0 uuid=4DC6B8187E33803AE8601FB0D7992B96 name=- state_h=0x0000 ctrl_h=0x0000 result_h=0x0000
[AUTOPOS] Disconnected[0]: F2:B7:4E:8A:79:01 (random) reason=0x3e link=anchor-ctrl ready=0
[AUTOPOS] SCAN start req: bt_ready=1 scan_running=0 connecting_slot=-1 conn_count=0 target=anchor prefix=ANCHOR-
[AUTOPOS] Scanning for ANCHOR-*
[AUTOPOS] SCAN hit: F2:B7:4E:8A:79:01 (random) rssi=-92 name=- bs=- uuid=4DC6B8187E33803AE8601FB0D7992B96 target=anchor uuid_ok=1 tag_name=0 anchor_name=0 nus=0 dfu=0 token=0 props=0x03
[AUTOPOS] CONNECT queue[0]: addr=F2:B7:4E:8A:79:01 (random) link=anchor-ctrl uuid=4DC6B8187E33803AE8601FB0D7992B96 target=anchor
[AUTOPOS] CONNECT pending[0]: addr_valid=1 link=anchor-ctrl uuid=4DC6B8187E33803AE8601FB0D7992B96 scan_running=1 conn_count=0
[AUTOPOS] CONNECT pending[0]: bt_le_scan_stop rc=0 scan_running=1
[AUTOPOS] CONNECT pending[0] rc=0 conn=0x200048e8 interval=32-56 timeout=1000
[AUTOPOS] Connected[0]: F2:B7:4E:8A:79:01 (random) name=- bs=-
[AUTOPOS] CONNECT state[0]: link=anchor-ctrl uuid=4DC6B8187E33803AE8601FB0D7992B96 ready=0 conn=0x200048e8
SETUP[0] defer: waiting 885 ms before discovery start
SETUP[0] defer: waiting 836 ms before discovery start
SETUP[0] defer: waiting 835 ms before discovery start
SETUP[0] defer: waiting 784 ms before discovery start
SETUP[0] defer: waiting 734 ms before discovery start
SETUP[0] defer: waiting 683 ms before discovery start
SETUP[0] defer: waiting 635 ms before discovery start
SETUP[0] defer: waiting 633 ms before discovery start
SETUP[0] defer: waiting 583 ms before discovery start
SETUP[0] defer: waiting 532 ms before discovery start
SETUP[0] defer: waiting 482 ms before discovery start
SETUP[0] defer: waiting 435 ms before discovery start
[AUTOPOS] AUTOPOS wait anchor ready: waited=2000 ready_count=0
[AUTOPOS] READY count=0 target=anchor target_uuid=4DC6B8187E33803AE8601FB0D7992B96 conn_count=1 connecting_slot=-1 scan=0 auto=1
[AUTOPOS] READY peer[0]: link=anchor-ctrl connected=1 ready=0 pending=0 inflight=0 retries=0 start_failures=0 uuid=4DC6B8187E33803AE8601FB0D7992B96 name=- state_h=0x0000 ctrl_h=0x0000 result_h=0x0000
SETUP[0] defer: waiting 432 ms before discovery start
SETUP[0] defer: waiting 381 ms before discovery start
SETUP[0] defer: waiting 331 ms before discovery start
SETUP[0] defer: waiting 281 ms before discovery start
SETUP[0] defer: waiting 233 ms before discovery start
SETUP[0] defer: waiting 230 ms before discovery start
SETUP[0] defer: waiting 180 ms before discovery start
SETUP[0] defer: waiting 130 ms before discovery start
SETUP[0] defer: waiting 79 ms before discovery start
SETUP[0] defer: waiting 32 ms before discovery start
SETUP[0] defer: waiting 29 ms before discovery start
SETUP[0] begin: link=anchor-ctrl uuid=4DC6B8187E33803AE8601FB0D7992B96 conn=0x200048e8
SETUP[0] anchor-ctrl: skip mtu/phy negotiation
SETUP[0] conn_param_update rc=0 interval=32-56 timeout=1000
[AUTOPOS] DISC start[0]: link=anchor-ctrl uuid=4DC6B8187E33803AE8601FB0D7992B96 conn=0x200048e8
[AUTOPOS] AUTOPOS wait anchor ready: waited=3000 ready_count=0
[AUTOPOS] READY count=0 target=anchor target_uuid=4DC6B8187E33803AE8601FB0D7992B96 conn_count=1 connecting_slot=-1 scan=0 auto=1
[AUTOPOS] READY peer[0]: link=anchor-ctrl connected=1 ready=0 pending=0 inflight=1 retries=0 start_failures=0 uuid=4DC6B8187E33803AE8601FB0D7992B96 name=- state_h=0x0000 ctrl_h=0x0000 result_h=0x0000
[AUTOPOS] AUTOPOS wait anchor ready: waited=4000 ready_count=0
[AUTOPOS] READY count=0 target=anchor target_uuid=4DC6B8187E33803AE8601FB0D7992B96 conn_count=1 connecting_slot=-1 scan=0 auto=1
[AUTOPOS] READY peer[0]: link=anchor-ctrl connected=1 ready=0 pending=0 inflight=1 retries=0 start_failures=0 uuid=4DC6B8187E33803AE8601FB0D7992B96 name=- state_h=0x0000 ctrl_h=0x0000 result_h=0x0000
[AUTOPOS] AUTOPOS wait anchor ready: waited=5000 ready_count=0
[AUTOPOS] READY count=0 target=anchor target_uuid=4DC6B8187E33803AE8601FB0D7992B96 conn_count=1 connecting_slot=-1 scan=0 auto=1
[AUTOPOS] READY peer[0]: link=anchor-ctrl connected=1 ready=0 pending=0 inflight=1 retries=0 start_failures=0 uuid=4DC6B8187E33803AE8601FB0D7992B96 name=- state_h=0x0000 ctrl_h=0x0000 result_h=0x0000
[AUTOPOS] AUTOPOS wait anchor ready: waited=6000 ready_count=0
[AUTOPOS] READY count=0 target=anchor target_uuid=4DC6B8187E33803AE8601FB0D7992B96 conn_count=1 connecting_slot=-1 scan=0 auto=1
[AUTOPOS] READY peer[0]: link=anchor-ctrl connected=1 ready=0 pending=0 inflight=1 retries=0 start_failures=0 uuid=4DC6B8187E33803AE8601FB0D7992B96 name=- state_h=0x0000 ctrl_h=0x0000 result_h=0x0000
[AUTOPOS] AUTOPOS wait anchor ready: waited=7000 ready_count=0
[AUTOPOS] READY count=0 target=anchor target_uuid=4DC6B8187E33803AE8601FB0D7992B96 conn_count=1 connecting_slot=-1 scan=0 auto=1
[AUTOPOS] READY peer[0]: link=anchor-ctrl connected=1 ready=0 pending=0 inflight=1 retries=0 start_failures=0 uuid=4DC6B8187E33803AE8601FB0D7992B96 name=- state_h=0x0000 ctrl_h=0x0000 result_h=0x0000
[AUTOPOS] AUTOPOS wait anchor ready: waited=8000 ready_count=0
[AUTOPOS] READY count=0 target=anchor target_uuid=4DC6B8187E33803AE8601FB0D7992B96 conn_count=1 connecting_slot=-1 scan=0 auto=1
[AUTOPOS] READY peer[0]: link=anchor-ctrl connected=1 ready=0 pending=0 inflight=1 retries=0 start_failures=0 uuid=4DC6B8187E33803AE8601FB0D7992B96 name=- state_h=0x0000 ctrl_h=0x0000 result_h=0x0000
[AUTOPOS] AUTOPOS wait anchor ready: waited=9000 ready_count=0
[AUTOPOS] READY count=0 target=anchor target_uuid=4DC6B8187E33803AE8601FB0D7992B96 conn_count=1 connecting_slot=-1 scan=0 auto=1
[AUTOPOS] READY peer[0]: link=anchor-ctrl connected=1 ready=0 pending=0 inflight=1 retries=0 start_failures=0 uuid=4DC6B8187E33803AE8601FB0D7992B96 name=- state_h=0x0000 ctrl_h=0x0000 result_h=0x0000
[AUTOPOS] AUTOPOS wait anchor ready: waited=10000 ready_count=0
[AUTOPOS] READY count=0 target=anchor target_uuid=4DC6B8187E33803AE8601FB0D7992B96 conn_count=1 connecting_slot=-1 scan=0 auto=1
[AUTOPOS] READY peer[0]: link=anchor-ctrl connected=1 ready=0 pending=0 inflight=1 retries=0 start_failures=0 uuid=4DC6B8187E33803AE8601FB0D7992B96 name=- state_h=0x0000 ctrl_h=0x0000 result_h=0x0000
[AUTOPOS] AUTOPOS wait anchor ready: waited=11000 ready_count=0
[AUTOPOS] READY count=0 target=anchor target_uuid=4DC6B8187E33803AE8601FB0D7992B96 conn_count=1 connecting_slot=-1 scan=0 auto=1
[AUTOPOS] READY peer[0]: link=anchor-ctrl connected=1 ready=0 pending=0 inflight=1 retries=0 start_failures=0 uuid=4DC6B8187E33803AE8601FB0D7992B96 name=- state_h=0x0000 ctrl_h=0x0000 result_h=0x0000
[AUTOPOS] AUTOPOS wait anchor ready timeout: uuid=4DC6B8187E33803AE8601FB0D7992B96 waited=12000
[AUTOPOS] READY count=0 target=anchor target_uuid=4DC6B8187E33803AE8601FB0D7992B96 conn_count=1 connecting_slot=-1 scan=0 auto=1
[AUTOPOS] READY peer[0]: link=anchor-ctrl connected=1 ready=0 pending=0 inflight=1 retries=0 start_failures=0 uuid=4DC6B8187E33803AE8601FB0D7992B96 name=- state_h=0x0000 ctrl_h=0x0000 result_h=0x0000
[AUTOPOS] anchor runtime role connect failed: target=A uuid=4DC6B8187E33803AE8601FB0D7992B96 rc=-116
[AUTOPOS] anchor role all matrix target=A attempt=3 rc=-116; retry after clean disconnect
[AUTOPOS] Master quiesce peer[0]: connected=1 ready=0 link=anchor-ctrl uuid=4DC6B8187E33803AE8601FB0D7992B96
[AUTOPOS] AUTOPOS wait anchor cleared: waited=0 conn_count=1 ready_count=0
[AUTOPOS] READY count=0 target=anchor target_uuid=4DC6B8187E33803AE8601FB0D7992B96 conn_count=1 connecting_slot=-1 scan=0 auto=0
[AUTOPOS] READY peer[0]: link=anchor-ctrl connected=1 ready=0 pending=0 inflight=0 retries=0 start_failures=0 uuid=4DC6B8187E33803AE8601FB0D7992B96 name=- state_h=0x0000 ctrl_h=0x0000 result_h=0x0000
[AUTOPOS] Anchor ctrl service not found[0]
[AUTOPOS] Disconnected[0]: F2:B7:4E:8A:79:01 (random) reason=0x08 link=anchor-ctrl ready=0
[AUTOPOS] RECV_BG suppressed: quiesce disconnect restart blocked remaining=0
[AUTOPOS] AUTOPOS wait anchor cleared: waited=400 conn_count=0 ready_count=0
[AUTOPOS] READY count=0 target=anchor target_uuid=4DC6B8187E33803AE8601FB0D7992B96 conn_count=0 connecting_slot=-1 scan=0 auto=0
[AUTOPOS] AUTOPOS wait anchor cleared: waited=0 conn_count=0 ready_count=0
[AUTOPOS] READY count=0 target=anchor target_uuid=4DC6B8187E33803AE8601FB0D7992B96 conn_count=0 connecting_slot=-1 scan=0 auto=0
[AUTOPOS] Master discovery mode: CONN & START
[AUTOPOS] Master discovery mode: CONN & START
[AUTOPOS] SCAN start req: bt_ready=1 scan_running=0 connecting_slot=-1 conn_count=0 target=anchor prefix=ANCHOR-
[AUTOPOS] Scanning for ANCHOR-*
[AUTOPOS] AUTOPOS wait anchor ready: uuid=B9179575C776C98F1CB132DD6EDC6223 timeout_ms=12000
[AUTOPOS] AUTOPOS wait anchor ready: waited=0 ready_count=0
[AUTOPOS] READY count=0 target=anchor target_uuid=B9179575C776C98F1CB132DD6EDC6223 conn_count=0 connecting_slot=-1 scan=1 auto=1
[AUTOPOS] SCAN hit: C0:1D:D1:D0:CE:B0 (random) rssi=-53 name=- bs=- uuid=B9179575C776C98F1CB132DD6EDC6223 target=anchor uuid_ok=1 tag_name=0 anchor_name=0 nus=0 dfu=0 token=0 props=0x03
[AUTOPOS] CONNECT queue[0]: addr=C0:1D:D1:D0:CE:B0 (random) link=anchor-ctrl uuid=B9179575C776C98F1CB132DD6EDC6223 target=anchor
[AUTOPOS] CONNECT pending[0]: addr_valid=1 link=anchor-ctrl uuid=B9179575C776C98F1CB132DD6EDC6223 scan_running=1 conn_count=0
[AUTOPOS] CONNECT pending[0]: bt_le_scan_stop rc=0 scan_running=1
[AUTOPOS] CONNECT pending[0] rc=0 conn=0x200048e8 interval=32-56 timeout=1000
[AUTOPOS] Connected[0]: C0:1D:D1:D0:CE:B0 (random) name=- bs=-
[AUTOPOS] CONNECT state[0]: link=anchor-ctrl uuid=B9179575C776C98F1CB132DD6EDC6223 ready=0 conn=0x200048e8
SETUP[0] defer: waiting 897 ms before discovery start
SETUP[0] defer: waiting 846 ms before discovery start
SETUP[0] defer: waiting 796 ms before discovery start
SETUP[0] defer: waiting 788 ms before discovery start
SETUP[0] defer: waiting 745 ms before discovery start
SETUP[0] defer: waiting 695 ms before discovery start
SETUP[0] defer: waiting 645 ms before discovery start
SETUP[0] defer: waiting 594 ms before discovery start
SETUP[0] defer: waiting 588 ms before discovery start
SETUP[0] defer: waiting 544 ms before discovery start
SETUP[0] defer: waiting 494 ms before discovery start
SETUP[0] defer: waiting 443 ms before discovery start
SETUP[0] defer: waiting 393 ms before discovery start
SETUP[0] defer: waiting 388 ms before discovery start
[AUTOPOS] AUTOPOS wait anchor ready: waited=1000 ready_count=0
[AUTOPOS] READY count=0 target=anchor target_uuid=B9179575C776C98F1CB132DD6EDC6223 conn_count=1 connecting_slot=-1 scan=0 auto=1
[AUTOPOS] READY peer[0]: link=anchor-ctrl connected=1 ready=0 pending=0 inflight=0 retries=0 start_failures=0 uuid=B9179575C776C98F1CB132DD6EDC6223 name=- state_h=0x0000 ctrl_h=0x0000 result_h=0x0000
SETUP[0] defer: waiting 343 ms before discovery start
SETUP[0] defer: waiting 292 ms before discovery start
SETUP[0] defer: waiting 242 ms before discovery start
SETUP[0] defer: waiting 192 ms before discovery start
SETUP[0] defer: waiting 185 ms before discovery start
SETUP[0] defer: waiting 141 ms before discovery start
SETUP[0] defer: waiting 91 ms before discovery start
SETUP[0] defer: waiting 41 ms before discovery start
SETUP[0] begin: link=anchor-ctrl uuid=B9179575C776C98F1CB132DD6EDC6223 conn=0x200048e8
SETUP[0] anchor-ctrl: skip mtu/phy negotiation
SETUP[0] conn_param_update rc=0 interval=32-56 timeout=1000
[AUTOPOS] DISC start[0]: link=anchor-ctrl uuid=B9179575C776C98F1CB132DD6EDC6223 conn=0x200048e8
SESSION: runtime role broadcast attempt 4/7: anchor role all matrix
>>> anchor role all matrix
[AUTOPOS] anchor role already running
[AUTOPOS] Conn param updated[0]: int=56 lat=0 to=1000
[AUTOPOS] AUTOPOS wait anchor ready: waited=2000 ready_count=0
[AUTOPOS] READY count=0 target=anchor target_uuid=B9179575C776C98F1CB132DD6EDC6223 conn_count=1 connecting_slot=-1 scan=0 auto=1
[AUTOPOS] READY peer[0]: link=anchor-ctrl connected=1 ready=0 pending=0 inflight=1 retries=0 start_failures=0 uuid=B9179575C776C98F1CB132DD6EDC6223 name=- state_h=0x0000 ctrl_h=0x0000 result_h=0x0000
[AUTOPOS] AUTOPOS wait anchor ready: waited=3000 ready_count=0
[AUTOPOS] READY count=0 target=anchor target_uuid=B9179575C776C98F1CB132DD6EDC6223 conn_count=1 connecting_slot=-1 scan=0 auto=1
[AUTOPOS] READY peer[0]: link=anchor-ctrl connected=1 ready=0 pending=0 inflight=1 retries=0 start_failures=0 uuid=B9179575C776C98F1CB132DD6EDC6223 name=- state_h=0x0000 ctrl_h=0x0000 result_h=0x0000
[AUTOPOS] AUTOPOS wait anchor ready: waited=4000 ready_count=0
[AUTOPOS] READY count=0 target=anchor target_uuid=B9179575C776C98F1CB132DD6EDC6223 conn_count=1 connecting_slot=-1 scan=0 auto=1
[AUTOPOS] READY peer[0]: link=anchor-ctrl connected=1 ready=0 pending=0 inflight=1 retries=0 start_failures=0 uuid=B9179575C776C98F1CB132DD6EDC6223 name=- state_h=0x0000 ctrl_h=0x0000 result_h=0x0000
[AUTOPOS] AUTOPOS wait anchor ready: waited=5000 ready_count=0
[AUTOPOS] READY count=0 target=anchor target_uuid=B9179575C776C98F1CB132DD6EDC6223 conn_count=1 connecting_slot=-1 scan=0 auto=1
[AUTOPOS] READY peer[0]: link=anchor-ctrl connected=1 ready=0 pending=0 inflight=1 retries=0 start_failures=0 uuid=B9179575C776C98F1CB132DD6EDC6223 name=- state_h=0x0000 ctrl_h=0x0000 result_h=0x0000
[AUTOPOS] AUTOPOS wait anchor ready: waited=6000 ready_count=0
[AUTOPOS] READY count=0 target=anchor target_uuid=B9179575C776C98F1CB132DD6EDC6223 conn_count=1 connecting_slot=-1 scan=0 auto=1
[AUTOPOS] READY peer[0]: link=anchor-ctrl connected=1 ready=0 pending=0 inflight=1 retries=0 start_failures=0 uuid=B9179575C776C98F1CB132DD6EDC6223 name=- state_h=0x0000 ctrl_h=0x0000 result_h=0x0000
[AUTOPOS] AUTOPOS wait anchor ready: waited=7000 ready_count=0
[AUTOPOS] READY count=0 target=anchor target_uuid=B9179575C776C98F1CB132DD6EDC6223 conn_count=1 connecting_slot=-1 scan=0 auto=1
[AUTOPOS] READY peer[0]: link=anchor-ctrl connected=1 ready=0 pending=0 inflight=1 retries=0 start_failures=0 uuid=B9179575C776C98F1CB132DD6EDC6223 name=- state_h=0x0000 ctrl_h=0x0000 result_h=0x0000
[AUTOPOS] AUTOPOS wait anchor ready: waited=8000 ready_count=0
[AUTOPOS] READY count=0 target=anchor target_uuid=B9179575C776C98F1CB132DD6EDC6223 conn_count=1 connecting_slot=-1 scan=0 auto=1
[AUTOPOS] READY peer[0]: link=anchor-ctrl connected=1 ready=0 pending=0 inflight=1 retries=0 start_failures=0 uuid=B9179575C776C98F1CB132DD6EDC6223 name=- state_h=0x0000 ctrl_h=0x0000 result_h=0x0000
[AUTOPOS] AUTOPOS wait anchor ready: waited=9000 ready_count=0
[AUTOPOS] READY count=0 target=anchor target_uuid=B9179575C776C98F1CB132DD6EDC6223 conn_count=1 connecting_slot=-1 scan=0 auto=1
[AUTOPOS] READY peer[0]: link=anchor-ctrl connected=1 ready=0 pending=0 inflight=1 retries=0 start_failures=0 uuid=B9179575C776C98F1CB132DD6EDC6223 name=- state_h=0x0000 ctrl_h=0x0000 result_h=0x0000
[AUTOPOS] AUTOPOS wait anchor ready: waited=10000 ready_count=0
[AUTOPOS] READY count=0 target=anchor target_uuid=B9179575C776C98F1CB132DD6EDC6223 conn_count=1 connecting_slot=-1 scan=0 auto=1
[AUTOPOS] READY peer[0]: link=anchor-ctrl connected=1 ready=0 pending=0 inflight=1 retries=0 start_failures=0 uuid=B9179575C776C98F1CB132DD6EDC6223 name=- state_h=0x0000 ctrl_h=0x0000 result_h=0x0000
[AUTOPOS] AUTOPOS wait anchor ready: waited=11000 ready_count=0
[AUTOPOS] READY count=0 target=anchor target_uuid=B9179575C776C98F1CB132DD6EDC6223 conn_count=1 connecting_slot=-1 scan=0 auto=1
[AUTOPOS] READY peer[0]: link=anchor-ctrl connected=1 ready=0 pending=0 inflight=1 retries=0 start_failures=0 uuid=B9179575C776C98F1CB132DD6EDC6223 name=- state_h=0x0000 ctrl_h=0x0000 result_h=0x0000
[AUTOPOS] AUTOPOS wait anchor ready timeout: uuid=B9179575C776C98F1CB132DD6EDC6223 waited=12000
[AUTOPOS] READY count=0 target=anchor target_uuid=B9179575C776C98F1CB132DD6EDC6223 conn_count=1 connecting_slot=-1 scan=0 auto=1
[AUTOPOS] READY peer[0]: link=anchor-ctrl connected=1 ready=0 pending=0 inflight=1 retries=0 start_failures=0 uuid=B9179575C776C98F1CB132DD6EDC6223 name=- state_h=0x0000 ctrl_h=0x0000 result_h=0x0000
[AUTOPOS] anchor runtime role connect failed: target=B uuid=B9179575C776C98F1CB132DD6EDC6223 rc=-116
[AUTOPOS] anchor role all matrix target=B attempt=1 rc=-116; retry after clean disconnect
[AUTOPOS] Master quiesce peer[0]: connected=1 ready=0 link=anchor-ctrl uuid=B9179575C776C98F1CB132DD6EDC6223
[AUTOPOS] AUTOPOS wait anchor cleared: waited=0 conn_count=1 ready_count=0
[AUTOPOS] READY count=0 target=anchor target_uuid=B9179575C776C98F1CB132DD6EDC6223 conn_count=1 connecting_slot=-1 scan=0 auto=0
[AUTOPOS] READY peer[0]: link=anchor-ctrl connected=1 ready=0 pending=0 inflight=0 retries=0 start_failures=0 uuid=B9179575C776C98F1CB132DD6EDC6223 name=- state_h=0x0000 ctrl_h=0x0000 result_h=0x0000
[AUTOPOS] Disconnected[0]: C0:1D:D1:D0:CE:B0 (random) reason=0x08 link=anchor-ctrl ready=0
[AUTOPOS] RECV_BG suppressed: quiesce disconnect restart blocked remaining=0
[AUTOPOS] GATT discovery error[-1]: -12
[AUTOPOS] AUTOPOS wait anchor cleared: waited=300 conn_count=0 ready_count=0
[AUTOPOS] READY count=0 target=anchor target_uuid=B9179575C776C98F1CB132DD6EDC6223 conn_count=0 connecting_slot=-1 scan=0 auto=0
[AUTOPOS] Master discovery mode: CONN & START
[AUTOPOS] Master discovery mode: CONN & START
[AUTOPOS] SCAN start req: bt_ready=1 scan_running=0 connecting_slot=-1 conn_count=0 target=anchor prefix=ANCHOR-
[AUTOPOS] Scanning for ANCHOR-*
[AUTOPOS] AUTOPOS wait anchor ready: uuid=B9179575C776C98F1CB132DD6EDC6223 timeout_ms=12000
[AUTOPOS] AUTOPOS wait anchor ready: waited=0 ready_count=0
[AUTOPOS] READY count=0 target=anchor target_uuid=B9179575C776C98F1CB132DD6EDC6223 conn_count=0 connecting_slot=-1 scan=1 auto=1
[AUTOPOS] SCAN hit: C0:1D:D1:D0:CE:B0 (random) rssi=-59 name=- bs=- uuid=B9179575C776C98F1CB132DD6EDC6223 target=anchor uuid_ok=1 tag_name=0 anchor_name=0 nus=0 dfu=0 token=0 props=0x03
[AUTOPOS] CONNECT queue[0]: addr=C0:1D:D1:D0:CE:B0 (random) link=anchor-ctrl uuid=B9179575C776C98F1CB132DD6EDC6223 target=anchor
[AUTOPOS] CONNECT pending[0]: addr_valid=1 link=anchor-ctrl uuid=B9179575C776C98F1CB132DD6EDC6223 scan_running=1 conn_count=0
[AUTOPOS] CONNECT pending[0]: bt_le_scan_stop rc=0 scan_running=1
[AUTOPOS] CONNECT pending[0] rc=0 conn=0x200048e8 interval=32-56 timeout=1000
[AUTOPOS] Connected[0]: C0:1D:D1:D0:CE:B0 (random) name=- bs=-
[AUTOPOS] CONNECT state[0]: link=anchor-ctrl uuid=B9179575C776C98F1CB132DD6EDC6223 ready=0 conn=0x200048e8
SETUP[0] defer: waiting 888 ms before discovery start
SETUP[0] defer: waiting 838 ms before discovery start
SETUP[0] defer: waiting 788 ms before discovery start
SETUP[0] defer: waiting 737 ms before discovery start
SETUP[0] defer: waiting 721 ms before discovery start
SETUP[0] defer: waiting 687 ms before discovery start
SETUP[0] defer: waiting 637 ms before discovery start
SETUP[0] defer: waiting 586 ms before discovery start
SETUP[0] defer: waiting 536 ms before discovery start
SETUP[0] defer: waiting 521 ms before discovery start
[AUTOPOS] AUTOPOS wait anchor ready: waited=1000 ready_count=0
[AUTOPOS] READY count=0 target=anchor target_uuid=B9179575C776C98F1CB132DD6EDC6223 conn_count=1 connecting_slot=-1 scan=0 auto=1
[AUTOPOS] READY peer[0]: link=anchor-ctrl connected=1 ready=0 pending=0 inflight=0 retries=0 start_failures=0 uuid=B9179575C776C98F1CB132DD6EDC6223 name=- state_h=0x0000 ctrl_h=0x0000 result_h=0x0000
SETUP[0] defer: waiting 485 ms before discovery start
SETUP[0] defer: waiting 435 ms before discovery start
SETUP[0] defer: waiting 385 ms before discovery start
SETUP[0] defer: waiting 334 ms before discovery start
SETUP[0] defer: waiting 318 ms before discovery start
SETUP[0] defer: waiting 284 ms before discovery start
SETUP[0] defer: waiting 234 ms before discovery start
SETUP[0] defer: waiting 183 ms before discovery start
SETUP[0] defer: waiting 133 ms before discovery start
SETUP[0] defer: waiting 118 ms before discovery start
SETUP[0] defer: waiting 83 ms before discovery start
SETUP[0] defer: waiting 32 ms before discovery start
SETUP[0] begin: link=anchor-ctrl uuid=B9179575C776C98F1CB132DD6EDC6223 conn=0x200048e8
SETUP[0] anchor-ctrl: skip mtu/phy negotiation
SETUP[0] conn_param_update rc=0 interval=32-56 timeout=1000
[AUTOPOS] DISC start[0]: link=anchor-ctrl uuid=B9179575C776C98F1CB132DD6EDC6223 conn=0x200048e8
[AUTOPOS] AUTOPOS wait anchor ready: waited=2000 ready_count=0
[AUTOPOS] READY count=0 target=anchor target_uuid=B9179575C776C98F1CB132DD6EDC6223 conn_count=1 connecting_slot=-1 scan=0 auto=1
[AUTOPOS] READY peer[0]: link=anchor-ctrl connected=1 ready=0 pending=0 inflight=1 retries=0 start_failures=0 uuid=B9179575C776C98F1CB132DD6EDC6223 name=- state_h=0x0000 ctrl_h=0x0000 result_h=0x0000
[AUTOPOS] Conn param updated[0]: int=56 lat=0 to=1000
[AUTOPOS] AUTOPOS wait anchor ready: waited=3000 ready_count=0
[AUTOPOS] READY count=0 target=anchor target_uuid=B9179575C776C98F1CB132DD6EDC6223 conn_count=1 connecting_slot=-1 scan=0 auto=1
[AUTOPOS] READY peer[0]: link=anchor-ctrl connected=1 ready=0 pending=0 inflight=1 retries=0 start_failures=0 uuid=B9179575C776C98F1CB132DD6EDC6223 name=- state_h=0x0000 ctrl_h=0x0000 result_h=0x0000
[AUTOPOS] AUTOPOS wait anchor ready: waited=4000 ready_count=0
[AUTOPOS] READY count=0 target=anchor target_uuid=B9179575C776C98F1CB132DD6EDC6223 conn_count=1 connecting_slot=-1 scan=0 auto=1
[AUTOPOS] READY peer[0]: link=anchor-ctrl connected=1 ready=0 pending=0 inflight=1 retries=0 start_failures=0 uuid=B9179575C776C98F1CB132DD6EDC6223 name=- state_h=0x0000 ctrl_h=0x0000 result_h=0x0000
[AUTOPOS] AUTOPOS wait anchor ready: waited=5000 ready_count=0
[AUTOPOS] READY count=0 target=anchor target_uuid=B9179575C776C98F1CB132DD6EDC6223 conn_count=1 connecting_slot=-1 scan=0 auto=1
[AUTOPOS] READY peer[0]: link=anchor-ctrl connected=1 ready=0 pending=0 inflight=1 retries=0 start_failures=0 uuid=B9179575C776C98F1CB132DD6EDC6223 name=- state_h=0x0000 ctrl_h=0x0000 result_h=0x0000
[AUTOPOS] AUTOPOS wait anchor ready: waited=6000 ready_count=0
[AUTOPOS] READY count=0 target=anchor target_uuid=B9179575C776C98F1CB132DD6EDC6223 conn_count=1 connecting_slot=-1 scan=0 auto=1
[AUTOPOS] READY peer[0]: link=anchor-ctrl connected=1 ready=0 pending=0 inflight=1 retries=0 start_failures=0 uuid=B9179575C776C98F1CB132DD6EDC6223 name=- state_h=0x0000 ctrl_h=0x0000 result_h=0x0000
[AUTOPOS] AUTOPOS wait anchor ready: waited=7000 ready_count=0
[AUTOPOS] READY count=0 target=anchor target_uuid=B9179575C776C98F1CB132DD6EDC6223 conn_count=1 connecting_slot=-1 scan=0 auto=1
[AUTOPOS] READY peer[0]: link=anchor-ctrl connected=1 ready=0 pending=0 inflight=1 retries=0 start_failures=0 uuid=B9179575C776C98F1CB132DD6EDC6223 name=- state_h=0x0000 ctrl_h=0x0000 result_h=0x0000
[AUTOPOS] AUTOPOS wait anchor ready: waited=8000 ready_count=0
[AUTOPOS] READY count=0 target=anchor target_uuid=B9179575C776C98F1CB132DD6EDC6223 conn_count=1 connecting_slot=-1 scan=0 auto=1
[AUTOPOS] READY peer[0]: link=anchor-ctrl connected=1 ready=0 pending=0 inflight=1 retries=0 start_failures=0 uuid=B9179575C776C98F1CB132DD6EDC6223 name=- state_h=0x0000 ctrl_h=0x0000 result_h=0x0000
SESSION: runtime role broadcast attempt 5/7: anchor role all matrix
>>> anchor role all matrix
[AUTOPOS] anchor role already running
[AUTOPOS] AUTOPOS wait anchor ready: waited=9000 ready_count=0
[AUTOPOS] READY count=0 target=anchor target_uuid=B9179575C776C98F1CB132DD6EDC6223 conn_count=1 connecting_slot=-1 scan=0 auto=1
[AUTOPOS] READY peer[0]: link=anchor-ctrl connected=1 ready=0 pending=0 inflight=1 retries=0 start_failures=0 uuid=B9179575C776C98F1CB132DD6EDC6223 name=- state_h=0x0000 ctrl_h=0x0000 result_h=0x0000
[AUTOPOS] AUTOPOS wait anchor ready: waited=10000 ready_count=0
[AUTOPOS] READY count=0 target=anchor target_uuid=B9179575C776C98F1CB132DD6EDC6223 conn_count=1 connecting_slot=-1 scan=0 auto=1
[AUTOPOS] READY peer[0]: link=anchor-ctrl connected=1 ready=0 pending=0 inflight=1 retries=0 start_failures=0 uuid=B9179575C776C98F1CB132DD6EDC6223 name=- state_h=0x0000 ctrl_h=0x0000 result_h=0x0000
[AUTOPOS] AUTOPOS wait anchor ready: waited=11000 ready_count=0
[AUTOPOS] READY count=0 target=anchor target_uuid=B9179575C776C98F1CB132DD6EDC6223 conn_count=1 connecting_slot=-1 scan=0 auto=1
[AUTOPOS] READY peer[0]: link=anchor-ctrl connected=1 ready=0 pending=0 inflight=1 retries=0 start_failures=0 uuid=B9179575C776C98F1CB132DD6EDC6223 name=- state_h=0x0000 ctrl_h=0x0000 result_h=0x0000
[AUTOPOS] AUTOPOS wait anchor ready timeout: uuid=B9179575C776C98F1CB132DD6EDC6223 waited=12000
[AUTOPOS] READY count=0 target=anchor target_uuid=B9179575C776C98F1CB132DD6EDC6223 conn_count=1 connecting_slot=-1 scan=0 auto=1
[AUTOPOS] READY peer[0]: link=anchor-ctrl connected=1 ready=0 pending=0 inflight=1 retries=0 start_failures=0 uuid=B9179575C776C98F1CB132DD6EDC6223 name=- state_h=0x0000 ctrl_h=0x0000 result_h=0x0000
[AUTOPOS] anchor runtime role connect failed: target=B uuid=B9179575C776C98F1CB132DD6EDC6223 rc=-116
[AUTOPOS] anchor role all matrix target=B attempt=2 rc=-116; retry after clean disconnect
[AUTOPOS] Master quiesce peer[0]: connected=1 ready=0 link=anchor-ctrl uuid=B9179575C776C98F1CB132DD6EDC6223
[AUTOPOS] AUTOPOS wait anchor cleared: waited=0 conn_count=1 ready_count=0
[AUTOPOS] READY count=0 target=anchor target_uuid=B9179575C776C98F1CB132DD6EDC6223 conn_count=1 connecting_slot=-1 scan=0 auto=0
[AUTOPOS] READY peer[0]: link=anchor-ctrl connected=1 ready=0 pending=0 inflight=0 retries=0 start_failures=0 uuid=B9179575C776C98F1CB132DD6EDC6223 name=- state_h=0x0000 ctrl_h=0x0000 result_h=0x0000
[AUTOPOS] Disconnected[0]: C0:1D:D1:D0:CE:B0 (random) reason=0x08 link=anchor-ctrl ready=0
[AUTOPOS] RECV_BG suppressed: quiesce disconnect restart blocked remaining=0
[AUTOPOS] GATT discovery error[-1]: -12
[AUTOPOS] AUTOPOS wait anchor cleared: waited=700 conn_count=0 ready_count=0
[AUTOPOS] READY count=0 target=anchor target_uuid=B9179575C776C98F1CB132DD6EDC6223 conn_count=0 connecting_slot=-1 scan=0 auto=0
[AUTOPOS] Master discovery mode: CONN & START
[AUTOPOS] Master discovery mode: CONN & START
[AUTOPOS] SCAN start req: bt_ready=1 scan_running=0 connecting_slot=-1 conn_count=0 target=anchor prefix=ANCHOR-
[AUTOPOS] Scanning for ANCHOR-*
[AUTOPOS] AUTOPOS wait anchor ready: uuid=B9179575C776C98F1CB132DD6EDC6223 timeout_ms=12000
[AUTOPOS] AUTOPOS wait anchor ready: waited=0 ready_count=0
[AUTOPOS] READY count=0 target=anchor target_uuid=B9179575C776C98F1CB132DD6EDC6223 conn_count=0 connecting_slot=-1 scan=1 auto=1
[AUTOPOS] SCAN hit: C0:1D:D1:D0:CE:B0 (random) rssi=-49 name=- bs=- uuid=B9179575C776C98F1CB132DD6EDC6223 target=anchor uuid_ok=1 tag_name=0 anchor_name=0 nus=0 dfu=0 token=0 props=0x03
[AUTOPOS] CONNECT queue[0]: addr=C0:1D:D1:D0:CE:B0 (random) link=anchor-ctrl uuid=B9179575C776C98F1CB132DD6EDC6223 target=anchor
[AUTOPOS] CONNECT pending[0]: addr_valid=1 link=anchor-ctrl uuid=B9179575C776C98F1CB132DD6EDC6223 scan_running=1 conn_count=0
[AUTOPOS] CONNECT pending[0]: bt_le_scan_stop rc=0 scan_running=1
[AUTOPOS] CONNECT pending[0] rc=0 conn=0x200048e8 interval=32-56 timeout=1000
[AUTOPOS] Connected[0]: C0:1D:D1:D0:CE:B0 (random) name=- bs=-
[AUTOPOS] CONNECT state[0]: link=anchor-ctrl uuid=B9179575C776C98F1CB132DD6EDC6223 ready=0 conn=0x200048e8
SETUP[0] defer: waiting 881 ms before discovery start
SETUP[0] defer: waiting 830 ms before discovery start
SETUP[0] defer: waiting 780 ms before discovery start
SETUP[0] defer: waiting 730 ms before discovery start
SETUP[0] defer: waiting 704 ms before discovery start
SETUP[0] defer: waiting 679 ms before discovery start
SETUP[0] defer: waiting 629 ms before discovery start
SETUP[0] defer: waiting 579 ms before discovery start
[AUTOPOS] Disconnected[0]: C0:1D:D1:D0:CE:B0 (random) reason=0x3e link=anchor-ctrl ready=0
[AUTOPOS] SCAN start req: bt_ready=1 scan_running=0 connecting_slot=-1 conn_count=0 target=anchor prefix=ANCHOR-
[AUTOPOS] Scanning for ANCHOR-*
[AUTOPOS] AUTOPOS wait anchor ready: waited=1000 ready_count=0
[AUTOPOS] READY count=0 target=anchor target_uuid=B9179575C776C98F1CB132DD6EDC6223 conn_count=0 connecting_slot=-1 scan=1 auto=1
[AUTOPOS] SCAN hit: C0:1D:D1:D0:CE:B0 (random) rssi=-49 name=- bs=- uuid=B9179575C776C98F1CB132DD6EDC6223 target=anchor uuid_ok=1 tag_name=0 anchor_name=0 nus=0 dfu=0 token=0 props=0x03
[AUTOPOS] CONNECT queue[0]: addr=C0:1D:D1:D0:CE:B0 (random) link=anchor-ctrl uuid=B9179575C776C98F1CB132DD6EDC6223 target=anchor
[AUTOPOS] CONNECT pending[0]: addr_valid=1 link=anchor-ctrl uuid=B9179575C776C98F1CB132DD6EDC6223 scan_running=1 conn_count=0
[AUTOPOS] CONNECT pending[0]: bt_le_scan_stop rc=0 scan_running=1
[AUTOPOS] CONNECT pending[0] rc=0 conn=0x200048e8 interval=32-56 timeout=1000
[AUTOPOS] Connected[0]: C0:1D:D1:D0:CE:B0 (random) name=- bs=-
[AUTOPOS] CONNECT state[0]: link=anchor-ctrl uuid=B9179575C776C98F1CB132DD6EDC6223 ready=0 conn=0x200048e8
SETUP[0] defer: waiting 863 ms before discovery start
SETUP[0] defer: waiting 843 ms before discovery start
SETUP[0] defer: waiting 813 ms before discovery start
SETUP[0] defer: waiting 762 ms before discovery start
SETUP[0] defer: waiting 712 ms before discovery start
SETUP[0] defer: waiting 662 ms before discovery start
SETUP[0] defer: waiting 643 ms before discovery start
SETUP[0] defer: waiting 611 ms before discovery start
SETUP[0] defer: waiting 561 ms before discovery start
SETUP[0] defer: waiting 510 ms before discovery start
SETUP[0] defer: waiting 460 ms before discovery start
SETUP[0] defer: waiting 443 ms before discovery start
[AUTOPOS] AUTOPOS wait anchor ready: waited=2000 ready_count=0
[AUTOPOS] READY count=0 target=anchor target_uuid=B9179575C776C98F1CB132DD6EDC6223 conn_count=1 connecting_slot=-1 scan=0 auto=1
[AUTOPOS] READY peer[0]: link=anchor-ctrl connected=1 ready=0 pending=0 inflight=0 retries=0 start_failures=0 uuid=B9179575C776C98F1CB132DD6EDC6223 name=- state_h=0x0000 ctrl_h=0x0000 result_h=0x0000
SETUP[0] defer: waiting 410 ms before discovery start
SETUP[0] defer: waiting 359 ms before discovery start
SETUP[0] defer: waiting 309 ms before discovery start
SETUP[0] defer: waiting 259 ms before discovery start
SETUP[0] defer: waiting 240 ms before discovery start
SETUP[0] defer: waiting 208 ms before discovery start
SETUP[0] defer: waiting 158 ms before discovery start
SETUP[0] defer: waiting 108 ms before discovery start
SETUP[0] defer: waiting 57 ms before discovery start
SETUP[0] defer: waiting 40 ms before discovery start
SETUP[0] defer: waiting 7 ms before discovery start
SETUP[0] begin: link=anchor-ctrl uuid=B9179575C776C98F1CB132DD6EDC6223 conn=0x200048e8
SETUP[0] anchor-ctrl: skip mtu/phy negotiation
SETUP[0] conn_param_update rc=0 interval=32-56 timeout=1000
[AUTOPOS] DISC start[0]: link=anchor-ctrl uuid=B9179575C776C98F1CB132DD6EDC6223 conn=0x200048e8
[AUTOPOS] Conn param updated[0]: int=56 lat=0 to=1000
[AUTOPOS] AUTOPOS wait anchor ready: waited=3000 ready_count=0
[AUTOPOS] READY count=0 target=anchor target_uuid=B9179575C776C98F1CB132DD6EDC6223 conn_count=1 connecting_slot=-1 scan=0 auto=1
[AUTOPOS] READY peer[0]: link=anchor-ctrl connected=1 ready=0 pending=0 inflight=1 retries=0 start_failures=0 uuid=B9179575C776C98F1CB132DD6EDC6223 name=- state_h=0x0000 ctrl_h=0x0000 result_h=0x0000
[AUTOPOS] AUTOPOS wait anchor ready: waited=4000 ready_count=0
[AUTOPOS] READY count=0 target=anchor target_uuid=B9179575C776C98F1CB132DD6EDC6223 conn_count=1 connecting_slot=-1 scan=0 auto=1
[AUTOPOS] READY peer[0]: link=anchor-ctrl connected=1 ready=0 pending=0 inflight=1 retries=0 start_failures=0 uuid=B9179575C776C98F1CB132DD6EDC6223 name=- state_h=0x0000 ctrl_h=0x0000 result_h=0x0000
[AUTOPOS] AUTOPOS wait anchor ready: waited=5000 ready_count=0
[AUTOPOS] READY count=0 target=anchor target_uuid=B9179575C776C98F1CB132DD6EDC6223 conn_count=1 connecting_slot=-1 scan=0 auto=1
[AUTOPOS] READY peer[0]: link=anchor-ctrl connected=1 ready=0 pending=0 inflight=1 retries=0 start_failures=0 uuid=B9179575C776C98F1CB132DD6EDC6223 name=- state_h=0x0000 ctrl_h=0x0000 result_h=0x0000
[AUTOPOS] AUTOPOS wait anchor ready: waited=6000 ready_count=0
[AUTOPOS] READY count=0 target=anchor target_uuid=B9179575C776C98F1CB132DD6EDC6223 conn_count=1 connecting_slot=-1 scan=0 auto=1
[AUTOPOS] READY peer[0]: link=anchor-ctrl connected=1 ready=0 pending=0 inflight=1 retries=0 start_failures=0 uuid=B9179575C776C98F1CB132DD6EDC6223 name=- state_h=0x0000 ctrl_h=0x0000 result_h=0x0000
[AUTOPOS] AUTOPOS wait anchor ready: waited=7000 ready_count=0
[AUTOPOS] READY count=0 target=anchor target_uuid=B9179575C776C98F1CB132DD6EDC6223 conn_count=1 connecting_slot=-1 scan=0 auto=1
[AUTOPOS] READY peer[0]: link=anchor-ctrl connected=1 ready=0 pending=0 inflight=1 retries=0 start_failures=0 uuid=B9179575C776C98F1CB132DD6EDC6223 name=- state_h=0x0000 ctrl_h=0x0000 result_h=0x0000
[AUTOPOS] AUTOPOS wait anchor ready: waited=8000 ready_count=0
[AUTOPOS] READY count=0 target=anchor target_uuid=B9179575C776C98F1CB132DD6EDC6223 conn_count=1 connecting_slot=-1 scan=0 auto=1
[AUTOPOS] READY peer[0]: link=anchor-ctrl connected=1 ready=0 pending=0 inflight=1 retries=0 start_failures=0 uuid=B9179575C776C98F1CB132DD6EDC6223 name=- state_h=0x0000 ctrl_h=0x0000 result_h=0x0000
[AUTOPOS] AUTOPOS wait anchor ready: waited=9000 ready_count=0
[AUTOPOS] READY count=0 target=anchor target_uuid=B9179575C776C98F1CB132DD6EDC6223 conn_count=1 connecting_slot=-1 scan=0 auto=1
[AUTOPOS] READY peer[0]: link=anchor-ctrl connected=1 ready=0 pending=0 inflight=1 retries=0 start_failures=0 uuid=B9179575C776C98F1CB132DD6EDC6223 name=- state_h=0x0000 ctrl_h=0x0000 result_h=0x0000
[AUTOPOS] AUTOPOS wait anchor ready: waited=10000 ready_count=0
[AUTOPOS] READY count=0 target=anchor target_uuid=B9179575C776C98F1CB132DD6EDC6223 conn_count=1 connecting_slot=-1 scan=0 auto=1
[AUTOPOS] READY peer[0]: link=anchor-ctrl connected=1 ready=0 pending=0 inflight=1 retries=0 start_failures=0 uuid=B9179575C776C98F1CB132DD6EDC6223 name=- state_h=0x0000 ctrl_h=0x0000 result_h=0x0000
[AUTOPOS] AUTOPOS wait anchor ready: waited=11000 ready_count=0
[AUTOPOS] READY count=0 target=anchor target_uuid=B9179575C776C98F1CB132DD6EDC6223 conn_count=1 connecting_slot=-1 scan=0 auto=1
[AUTOPOS] READY peer[0]: link=anchor-ctrl connected=1 ready=0 pending=0 inflight=1 retries=0 start_failures=0 uuid=B9179575C776C98F1CB132DD6EDC6223 name=- state_h=0x0000 ctrl_h=0x0000 result_h=0x0000
[AUTOPOS] AUTOPOS wait anchor ready timeout: uuid=B9179575C776C98F1CB132DD6EDC6223 waited=12000
[AUTOPOS] READY count=0 target=anchor target_uuid=B9179575C776C98F1CB132DD6EDC6223 conn_count=1 connecting_slot=-1 scan=0 auto=1
[AUTOPOS] READY peer[0]: link=anchor-ctrl connected=1 ready=0 pending=0 inflight=1 retries=0 start_failures=0 uuid=B9179575C776C98F1CB132DD6EDC6223 name=- state_h=0x0000 ctrl_h=0x0000 result_h=0x0000
[AUTOPOS] anchor runtime role connect failed: target=B uuid=B9179575C776C98F1CB132DD6EDC6223 rc=-116
[AUTOPOS] anchor role all matrix target=B attempt=3 rc=-116; retry after clean disconnect
[AUTOPOS] Master quiesce peer[0]: connected=1 ready=0 link=anchor-ctrl uuid=B9179575C776C98F1CB132DD6EDC6223
[AUTOPOS] AUTOPOS wait anchor cleared: waited=0 conn_count=1 ready_count=0
[AUTOPOS] READY count=0 target=anchor target_uuid=B9179575C776C98F1CB132DD6EDC6223 conn_count=1 connecting_slot=-1 scan=0 auto=0
[AUTOPOS] READY peer[0]: link=anchor-ctrl connected=1 ready=0 pending=0 inflight=0 retries=0 start_failures=0 uuid=B9179575C776C98F1CB132DD6EDC6223 name=- state_h=0x0000 ctrl_h=0x0000 result_h=0x0000
[AUTOPOS] DISC complete[0]: link=anchor-ctrl discovered_service=2800 uuid=B9179575C776C98F1CB132DD6EDC6223
[AUTOPOS] DISC anchor service found[0]: uuid=B9179575C776C98F1CB132DD6EDC6223
[AUTOPOS] Anchor ctrl state characteristic missing[0]
[AUTOPOS] Disconnected[0]: C0:1D:D1:D0:CE:B0 (random) reason=0x08 link=anchor-ctrl ready=0
[AUTOPOS] RECV_BG suppressed: quiesce disconnect restart blocked remaining=0
[AUTOPOS] AUTOPOS wait anchor cleared: waited=1000 conn_count=0 ready_count=0
[AUTOPOS] READY count=0 target=anchor target_uuid=B9179575C776C98F1CB132DD6EDC6223 conn_count=0 connecting_slot=-1 scan=0 auto=0
[AUTOPOS] AUTOPOS wait anchor cleared: waited=0 conn_count=0 ready_count=0
[AUTOPOS] READY count=0 target=anchor target_uuid=B9179575C776C98F1CB132DD6EDC6223 conn_count=0 connecting_slot=-1 scan=0 auto=0
[AUTOPOS] Master discovery mode: CONN & START
[AUTOPOS] Master discovery mode: CONN & START
[AUTOPOS] SCAN start req: bt_ready=1 scan_running=0 connecting_slot=-1 conn_count=0 target=anchor prefix=ANCHOR-
[AUTOPOS] Scanning for ANCHOR-*
[AUTOPOS] AUTOPOS wait anchor ready: uuid=CEE5A7EFCB35F8A56B430047629F5309 timeout_ms=12000
[AUTOPOS] AUTOPOS wait anchor ready: waited=0 ready_count=0
[AUTOPOS] READY count=0 target=anchor target_uuid=CEE5A7EFCB35F8A56B430047629F5309 conn_count=0 connecting_slot=-1 scan=1 auto=1
[AUTOPOS] SCAN hit: FD:64:2E:93:37:86 (random) rssi=-64 name=- bs=- uuid=CEE5A7EFCB35F8A56B430047629F5309 target=anchor uuid_ok=1 tag_name=0 anchor_name=0 nus=0 dfu=0 token=0 props=0x03
[AUTOPOS] CONNECT queue[0]: addr=FD:64:2E:93:37:86 (random) link=anchor-ctrl uuid=CEE5A7EFCB35F8A56B430047629F5309 target=anchor
[AUTOPOS] CONNECT pending[0]: addr_valid=1 link=anchor-ctrl uuid=CEE5A7EFCB35F8A56B430047629F5309 scan_running=1 conn_count=0
[AUTOPOS] CONNECT pending[0]: bt_le_scan_stop rc=0 scan_running=1
[AUTOPOS] CONNECT pending[0] rc=0 conn=0x200048e8 interval=32-56 timeout=1000
[AUTOPOS] Connected[0]: FD:64:2E:93:37:86 (random) name=- bs=-
[AUTOPOS] CONNECT state[0]: link=anchor-ctrl uuid=CEE5A7EFCB35F8A56B430047629F5309 ready=0 conn=0x200048e8
SETUP[0] defer: waiting 851 ms before discovery start
SETUP[0] defer: waiting 801 ms before discovery start
SETUP[0] defer: waiting 773 ms before discovery start
SETUP[0] defer: waiting 750 ms before discovery start
SETUP[0] defer: waiting 700 ms before discovery start
SETUP[0] defer: waiting 650 ms before discovery start
SETUP[0] defer: waiting 599 ms before discovery start
SETUP[0] defer: waiting 573 ms before discovery start
[AUTOPOS] AUTOPOS wait anchor ready: waited=1000 ready_count=0
[AUTOPOS] READY count=0 target=anchor target_uuid=CEE5A7EFCB35F8A56B430047629F5309 conn_count=1 connecting_slot=-1 scan=0 auto=1
[AUTOPOS] READY peer[0]: link=anchor-ctrl connected=1 ready=0 pending=0 inflight=0 retries=0 start_failures=0 uuid=CEE5A7EFCB35F8A56B430047629F5309 name=- state_h=0x0000 ctrl_h=0x0000 result_h=0x0000
SETUP[0] defer: waiting 549 ms before discovery start
SETUP[0] defer: waiting 499 ms before discovery start
SETUP[0] defer: waiting 448 ms before discovery start
SESSION: runtime role broadcast attempt 6/7: anchor role all matrix
>>> anchor role all matrix
[AUTOPOS] anchor role already running
SETUP[0] defer: waiting 398 ms before discovery start
SETUP[0] defer: waiting 371 ms before discovery start
SETUP[0] defer: waiting 347 ms before discovery start
SETUP[0] defer: waiting 297 ms before discovery start
SETUP[0] defer: waiting 247 ms before discovery start
SETUP[0] defer: waiting 196 ms before discovery start
SETUP[0] defer: waiting 170 ms before discovery start
SETUP[0] defer: waiting 146 ms before discovery start
SETUP[0] defer: waiting 96 ms before discovery start
SETUP[0] defer: waiting 45 ms before discovery start
SETUP[0] begin: link=anchor-ctrl uuid=CEE5A7EFCB35F8A56B430047629F5309 conn=0x200048e8
SETUP[0] anchor-ctrl: skip mtu/phy negotiation
SETUP[0] conn_param_update rc=0 interval=32-56 timeout=1000
[AUTOPOS] DISC start[0]: link=anchor-ctrl uuid=CEE5A7EFCB35F8A56B430047629F5309 conn=0x200048e8
[AUTOPOS] AUTOPOS wait anchor ready: waited=2000 ready_count=0
[AUTOPOS] READY count=0 target=anchor target_uuid=CEE5A7EFCB35F8A56B430047629F5309 conn_count=1 connecting_slot=-1 scan=0 auto=1
[AUTOPOS] READY[AUTOPOS] Conn param updated[0]: int=56 lat=0 to=1000
 peer[0]: link=anchor-ctrl connected=1 ready=0 pending=0 inflight=1 retries=0 start_failures=0 uuid=CEE5A7EFCB35F8A56B430047629F5309 name=- state_h=0x0000 ctrl_h=0x0000 result_h=0x0000
[AUTOPOS] AUTOPOS wait anchor ready: waited=3000 ready_count=0
[AUTOPOS] READY count=0 target=anchor target_uuid=CEE5A7EFCB35F8A56B430047629F5309 conn_count=1 connecting_slot=-1 scan=0 auto=1
[AUTOPOS] READY peer[0]: link=anchor-ctrl connected=1 ready=0 pending=0 inflight=1 retries=0 start_failures=0 uuid=CEE5A7EFCB35F8A56B430047629F5309 name=- state_h=0x0000 ctrl_h=0x0000 result_h=0x0000
[AUTOPOS] AUTOPOS wait anchor ready: waited=4000 ready_count=0
[AUTOPOS] READY count=0 target=anchor target_uuid=CEE5A7EFCB35F8A56B430047629F5309 conn_count=1 connecting_slot=-1 scan=0 auto=1
[AUTOPOS] READY peer[0]: link=anchor-ctrl connected=1 ready=0 pending=0 inflight=1 retries=0 start_failures=0 uuid=CEE5A7EFCB35F8A56B430047629F5309 name=- state_h=0x0000 ctrl_h=0x0000 result_h=0x0000
[AUTOPOS] DISC complete[0]: link=anchor-ctrl discovered_service=2800 uuid=CEE5A7EFCB35F8A56B430047629F5309
[AUTOPOS] DISC anchor service found[0]: uuid=CEE5A7EFCB35F8A56B430047629F5309
[AUTOPOS] Anchor ctrl state subscribe[0] rc=0
[AUTOPOS] Anchor ctrl result subscribe[0] rc=0
[AUTOPOS] ANCHOR_CTRL[0] link ready handle=0x0019 result=0x001b uuid=CEE5A7EFCB35F8A56B430047629F5309
[AUTOPOS] SCAN start req: bt_ready=1 scan_running=0 connecting_slot=-1 conn_count=1 target=anchor prefix=ANCHOR-
[AUTOPOS] Scanning for ANCHOR-*
[AUTOPOS] AUTOPOS wait anchor ready: waited=4200 ready_count=1
[AUTOPOS] READY count=1 target=anchor target_uuid=CEE5A7EFCB35F8A56B430047629F5309 conn_count=1 connecting_slot=-1 scan=1 auto=1
[AUTOPOS] READY peer[0]: link=anchor-ctrl connected=1 ready=1 pending=0 inflight=0 retries=0 start_failures=0 uuid=CEE5A7EFCB35F8A56B430047629F5309 name=- state_h=0x0012 ctrl_h=0x0019 result_h=0x001b
[AUTOPOS] AUTOPOS wait anchor ready: uuid=CEE5A7EFCB35F8A56B430047629F5309 control link ready while discovery stays active
[AUTOPOS] AUTOPOS state: STATE fw=alt-bcast-a21
[AUTOPOS] Anchor ctrl sent[0]: RUNTIME MATRIX FORCE uuid=CEE5A7EFCB35F8A56B430047629F5309
[AUTOPOS] AUTOPOS result: OK RUNTIME_RESTART_REQ
[AUTOPOS] AUTOPOS state: STATE fw=alt-bcast-a21
[AUTOPOS] AUTOPOS state: STATE fw=alt-bcast-a21
[AUTOPOS] AUTOPOS state: STATE fw=alt-bcast-a21
[AUTOPOS] AUTOPOS state: STATE fw=alt-bcast-a21
[AUTOPOS] AUTOPOS state: STATE fw=alt-bcast-a21
[AUTOPOS] AUTOPOS state: STATE fw=alt-bcast-a21
[AUTOPOS] Conn param updated[0]: int=56 lat=0 to=1000
[AUTOPOS] AUTOPOS state: STATE fw=alt-bcast-a21
[AUTOPOS] AUTOPOS state: STATE fw=alt-bcast-a21
[AUTOPOS] AUTOPOS state: STATE fw=alt-bcast-a21
[AUTOPOS] AUTOPOS state: STATE fw=alt-bcast-a21
[AUTOPOS] AUTOPOS state: STATE fw=alt-bcast-a21
[AUTOPOS] AUTOPOS state: STATE fw=alt-bcast-a21
[AUTOPOS] AUTOPOS state: STATE fw=alt-bcast-a21
[AUTOPOS] AUTOPOS state: STATE fw=alt-bcast-a21
[AUTOPOS] AUTOPOS state: STATE fw=alt-bcast-a21
[AUTOPOS] AUTOPOS state: STATE fw=alt-bcast-a21
[AUTOPOS] AUTOPOS state: STATE fw=alt-bcast-a21
[AUTOPOS] AUTOPOS state: STATE fw=alt-bcast-a21
[AUTOPOS] AUTOPOS state: STATE fw=alt-bcast-a21
[AUTOPOS] AUTOPOS state: STATE fw=alt-bcast-a21
[AUTOPOS] AUTOPOS state: STATE fw=alt-bcast-a21
[AUTOPOS] AUTOPOS state: STATE fw=alt-bcast-a21
[AUTOPOS] AUTOPOS state: STATE fw=alt-bcast-a21
[AUTOPOS] AUTOPOS state: STATE fw=alt-bcast-a21
[AUTOPOS] AUTOPOS state: STATE fw=alt-bcast-a21
[AUTOPOS] anchor runtime role rc=-116 target=C uuid=CEE5A7EFCB35F8A56B430047629F5309 role=matrix
[AUTOPOS] anchor role all matrix target=C attempt=1 rc=-116; retry after clean disconnect
[AUTOPOS] Master quiesce peer[0]: connected=1 ready=1 link=anchor-ctrl uuid=CEE5A7EFCB35F8A56B430047629F5309
[AUTOPOS] AUTOPOS wait anchor cleared: waited=0 conn_count=1 ready_count=0
[AUTOPOS] READY count=0 target=anchor target_uuid=CEE5A7EFCB35F8A56B430047629F5309 conn_count=1 connecting_slot=-1 scan=0 auto=0
[AUTOPOS] READY peer[0]: link=anchor-ctrl connected=1 ready=0 pending=0 inflight=0 retries=0 start_failures=0 uuid=CEE5A7EFCB35F8A56B430047629F5309 name=- state_h=0x0012 ctrl_h=0x0019 result_h=0x001b
[AUTOPOS] Disconnected[0]: FD:64:2E:93:37:86 (random) reason=0x16 link=anchor-ctrl ready=0
[AUTOPOS] RECV_BG suppressed: quiesce disconnect restart blocked remaining=0
[AUTOPOS] AUTOPOS wait anchor cleared: waited=100 conn_count=0 ready_count=0
[AUTOPOS] READY count=0 target=anchor target_uuid=CEE5A7EFCB35F8A56B430047629F5309 conn_count=0 connecting_slot=-1 scan=0 auto=0
[AUTOPOS] Master discovery mode: CONN & START
[AUTOPOS] Master discovery mode: CONN & START
[AUTOPOS] SCAN start req: bt_ready=1 scan_running=0 connecting_slot=-1 conn_count=0 target=anchor prefix=ANCHOR-
[AUTOPOS] Scanning for ANCHOR-*
[AUTOPOS] AUTOPOS wait anchor ready: uuid=CEE5A7EFCB35F8A56B430047629F5309 timeout_ms=12000
[AUTOPOS] AUTOPOS wait anchor ready: waited=0 ready_count=0
[AUTOPOS] READY count=0 target=anchor target_uuid=CEE5A7EFCB35F8A56B430047629F5309 conn_count=0 connecting_slot=-1 scan=1 auto=1
[AUTOPOS] SCAN hit: FD:64:2E:93:37:86 (random) rssi=-64 name=- bs=- uuid=CEE5A7EFCB35F8A56B430047629F5309 target=anchor uuid_ok=1 tag_name=0 anchor_name=0 nus=0 dfu=0 token=0 props=0x03
[AUTOPOS] CONNECT queue[0]: addr=FD:64:2E:93:37:86 (random) link=anchor-ctrl uuid=CEE5A7EFCB35F8A56B430047629F5309 target=anchor
[AUTOPOS] CONNECT pending[0]: addr_valid=1 link=anchor-ctrl uuid=CEE5A7EFCB35F8A56B430047629F5309 scan_running=1 conn_count=0
[AUTOPOS] CONNECT pending[0]: bt_le_scan_stop rc=0 scan_running=1
[AUTOPOS] CONNECT pending[0] rc=0 conn=0x200048e8 interval=32-56 timeout=1000
[AUTOPOS] Connected[0]: FD:64:2E:93:37:86 (random) name=- bs=-
[AUTOPOS] CONNECT state[0]: link=anchor-ctrl uuid=CEE5A7EFCB35F8A56B430047629F5309 ready=0 conn=0x200048e8
SETUP[0] defer: waiting 879 ms before discovery start
SETUP[0] defer: waiting 829 ms before discovery start
SETUP[0] defer: waiting 778 ms before discovery start
SETUP[0] defer: waiting 747 ms before discovery start
SETUP[0] defer: waiting 728 ms before discovery start
SETUP[0] defer: waiting 678 ms before discovery start
SETUP[0] defer: waiting 627 ms before discovery start
SETUP[0] defer: waiting 577 ms before discovery start
SETUP[0] defer: waiting 546 ms before discovery start
SETUP[0] defer: waiting 527 ms before discovery start
SETUP[0] defer: waiting 476 ms before discovery start
SETUP[0] defer: waiting 426 ms before discovery start
SETUP[0] defer: waiting 376 ms before discovery start
SETUP[0] defer: waiting 346 ms before discovery start
[AUTOPOS] AUTOPOS wait anchor ready: waited=1000 ready_count=0
[AUTOPOS] READY count=0 target=anchor target_uuid=CEE5A7EFCB35F8A56B430047629F5309 conn_count=1 connecting_slot=-1 scan=0 auto=1
[AUTOPOS] READY peer[0]: link=anchor-ctrl connected=1 ready=0 pending=0 inflight=0 retries=0 start_failures=0 uuid=CEE5A7EFCB35F8A56B430047629F5309 name=- state_h=0x0000 ctrl_h=0x0000 result_h=0x0000
SETUP[0] defer: waiting 325 ms before discovery start
SETUP[0] defer: waiting 275 ms before discovery start
SETUP[0] defer: waiting 225 ms before discovery start
SETUP[0] defer: waiting 174 ms before discovery start
SETUP[0] defer: waiting 144 ms before discovery start
SETUP[0] defer: waiting 124 ms before discovery start
SETUP[0] defer: waiting 73 ms before discovery start
SETUP[0] defer: waiting 23 ms before discovery start
SETUP[0] begin: link=anchor-ctrl uuid=CEE5A7EFCB35F8A56B430047629F5309 conn=0x200048e8
SETUP[0] anchor-ctrl: skip mtu/phy negotiation
SETUP[0] conn_param_update rc=0 interval=32-56 timeout=1000
[AUTOPOS] DISC start[0]: link=anchor-ctrl uuid=CEE5A7EFCB35F8A56B430047629F5309 conn=0x200048e8
[AUTOPOS] Conn param updated[0]: int=56 lat=0 to=1000
[AUTOPOS] AUTOPOS wait anchor ready: waited=2000 ready_count=0
[AUTOPOS] READY count=0 target=anchor target_uuid=CEE5A7EFCB35F8A56B430047629F5309 conn_count=1 connecting_slot=-1 scan=0 auto=1
[AUTOPOS] READY peer[0]: link=anchor-ctrl connected=1 ready=0 pending=0 inflight=1 retries=0 start_failures=0 uuid=CEE5A7EFCB35F8A56B430047629F5309 name=- state_h=0x0000 ctrl_h=0x0000 result_h=0x0000
[AUTOPOS] AUTOPOS wait anchor ready: waited=3000 ready_count=0
[AUTOPOS] READY count=0 target=anchor target_uuid=CEE5A7EFCB35F8A56B430047629F5309 conn_count=1 connecting_slot=-1 scan=0 auto=1
[AUTOPOS] READY peer[0]: link=anchor-ctrl connected=1 ready=0 pending=0 inflight=1 retries=0 start_failures=0 uuid=CEE5A7EFCB35F8A56B430047629F5309 name=- state_h=0x0000 ctrl_h=0x0000 result_h=0x0000
[AUTOPOS] DISC complete[0]: link=anchor-ctrl discovered_service=2800 uuid=CEE5A7EFCB35F8A56B430047629F5309
[AUTOPOS] DISC anchor service found[0]: uuid=CEE5A7EFCB35F8A56B430047629F5309
[AUTOPOS] Anchor ctrl state subscribe[0] rc=0
[AUTOPOS] Anchor ctrl result subscribe[0] rc=0
[AUTOPOS] ANCHOR_CTRL[0] link ready handle=0x0019 result=0x001b uuid=CEE5A7EFCB35F8A56B430047629F5309
[AUTOPOS] SCAN start req: bt_ready=1 scan_running=0 connecting_slot=-1 conn_count=1 target=anchor prefix=ANCHOR-
[AUTOPOS] Scanning for ANCHOR-*
[AUTOPOS] AUTOPOS wait anchor ready: waited=4000 ready_count=1
[AUTOPOS] READY count=1 target=anchor target_uuid=CEE5A7EFCB35F8A56B430047629F5309 conn_count=1 connecting_slot=-1 scan=1 auto=1
[AUTOPOS] READY peer[0]: link=anchor-ctrl connected=1 ready=1 pending=0 inflight=0 retries=0 start_failures=0 uuid=CEE5A7EFCB35F8A56B430047629F5309 name=- state_h=0x0012 ctrl_h=0x0019 result_h=0x001b
[AUTOPOS] AUTOPOS wait anchor ready: uuid=CEE5A7EFCB35F8A56B430047629F5309 control link ready while discovery stays active
[AUTOPOS] AUTOPOS state: STATE fw=alt-bcast-a21
[AUTOPOS] Anchor ctrl sent[0]: RUNTIME MATRIX FORCE uuid=CEE5A7EFCB35F8A56B430047629F5309
[AUTOPOS] AUTOPOS result: OK RUNTIME_RESTART_REQ
[AUTOPOS] AUTOPOS state: STATE fw=alt-bcast-a21
[AUTOPOS] AUTOPOS state: STATE fw=alt-bcast-a21
[AUTOPOS] AUTOPOS state: STATE fw=alt-bcast-a21
[AUTOPOS] AUTOPOS state: STATE fw=alt-bcast-a21
[AUTOPOS] AUTOPOS state: STATE fw=alt-bcast-a21
[AUTOPOS] Conn param updated[0]: int=56 lat=0 to=1000
[AUTOPOS] AUTOPOS state: STATE fw=alt-bcast-a21
[AUTOPOS] AUTOPOS state: STATE fw=alt-bcast-a21
[AUTOPOS] AUTOPOS state: STATE fw=alt-bcast-a21
[AUTOPOS] AUTOPOS state: STATE fw=alt-bcast-a21
[AUTOPOS] AUTOPOS state: STATE fw=alt-bcast-a21
[AUTOPOS] AUTOPOS state: STATE fw=alt-bcast-a21
[AUTOPOS] AUTOPOS state: STATE fw=alt-bcast-a21
[AUTOPOS] AUTOPOS state: STATE fw=alt-bcast-a21
[AUTOPOS] AUTOPOS state: STATE fw=alt-bcast-a21
SESSION: runtime role broadcast attempt 7/7: anchor role all matrix
>>> anchor role all matrix
[AUTOPOS] anchor role already running
[AUTOPOS] AUTOPOS state: STATE fw=alt-bcast-a21
[AUTOPOS] AUTOPOS state: STATE fw=alt-bcast-a21
[AUTOPOS] AUTOPOS state: STATE fw=alt-bcast-a21
[AUTOPOS] AUTOPOS state: STATE fw=alt-bcast-a21
[AUTOPOS] AUTOPOS state: STATE fw=alt-bcast-a21
[AUTOPOS] AUTOPOS state: STATE fw=alt-bcast-a21
[AUTOPOS] AUTOPOS state: STATE fw=alt-bcast-a21
[AUTOPOS] AUTOPOS state: STATE fw=alt-bcast-a21
[AUTOPOS] AUTOPOS state: STATE fw=alt-bcast-a21
[AUTOPOS] AUTOPOS state: STATE fw=alt-bcast-a21
[AUTOPOS] AUTOPOS state: STATE fw=alt-bcast-a21
[AUTOPOS] anchor runtime role rc=-116 target=C uuid=CEE5A7EFCB35F8A56B430047629F5309 role=matrix
[AUTOPOS] anchor role all matrix target=C attempt=2 rc=-116; retry after clean disconnect
[AUTOPOS] Master quiesce peer[0]: connected=1 ready=1 link=anchor-ctrl uuid=CEE5A7EFCB35F8A56B430047629F5309
[AUTOPOS] AUTOPOS wait anchor cleared: waited=0 conn_count=1 ready_count=0
[AUTOPOS] READY count=0 target=anchor target_uuid=CEE5A7EFCB35F8A56B430047629F5309 conn_count=1 connecting_slot=-1 scan=0 auto=0
[AUTOPOS] READY peer[0]: link=anchor-ctrl connected=1 ready=0 pending=0 inflight=0 retries=0 start_failures=0 uuid=CEE5A7EFCB35F8A56B430047629F5309 name=- state_h=0x0012 ctrl_h=0x0019 result_h=0x001b
[AUTOPOS] Disconnected[0]: FD:64:2E:93:37:86 (random) reason=0x16 link=anchor-ctrl ready=0
[AUTOPOS] RECV_BG suppressed: quiesce disconnect restart blocked remaining=0
[AUTOPOS] AUTOPOS wait anchor cleared: waited=100 conn_count=0 ready_count=0
[AUTOPOS] READY count=0 target=anchor target_uuid=CEE5A7EFCB35F8A56B430047629F5309 conn_count=0 connecting_slot=-1 scan=0 auto=0
[AUTOPOS] Master discovery mode: CONN & START
[AUTOPOS] Master discovery mode: CONN & START
[AUTOPOS] SCAN start req: bt_ready=1 scan_running=0 connecting_slot=-1 conn_count=0 target=anchor prefix=ANCHOR-
[AUTOPOS] Scanning for ANCHOR-*
[AUTOPOS] AUTOPOS wait anchor ready: uuid=CEE5A7EFCB35F8A56B430047629F5309 timeout_ms=12000
[AUTOPOS] AUTOPOS wait anchor ready: waited=0 ready_count=0
[AUTOPOS] READY count=0 target=anchor target_uuid=CEE5A7EFCB35F8A56B430047629F5309 conn_count=0 connecting_slot=-1 scan=1 auto=1
[AUTOPOS] SCAN hit: FD:64:2E:93:37:86 (random) rssi=-64 name=- bs=- uuid=CEE5A7EFCB35F8A56B430047629F5309 target=anchor uuid_ok=1 tag_name=0 anchor_name=0 nus=0 dfu=0 token=0 props=0x03
[AUTOPOS] CONNECT queue[0]: addr=FD:64:2E:93:37:86 (random) link=anchor-ctrl uuid=CEE5A7EFCB35F8A56B430047629F5309 target=anchor
[AUTOPOS] CONNECT pending[0]: addr_valid=1 link=anchor-ctrl uuid=CEE5A7EFCB35F8A56B430047629F5309 scan_running=1 conn_count=0
[AUTOPOS] CONNECT pending[0]: bt_le_scan_stop rc=0 scan_running=1
[AUTOPOS] CONNECT pending[0] rc=0 conn=0x200048e8 interval=32-56 timeout=1000
[AUTOPOS] Connected[0]: FD:64:2E:93:37:86 (random) name=- bs=-
[AUTOPOS] CONNECT state[0]: link=anchor-ctrl uuid=CEE5A7EFCB35F8A56B430047629F5309 ready=0 conn=0x200048e8
SETUP[0] defer: waiting 865 ms before discovery start
SETUP[0] defer: waiting 815 ms before discovery start
SETUP[0] defer: waiting 764 ms before discovery start
SETUP[0] defer: waiting 738 ms before discovery start
SETUP[0] defer: waiting 714 ms before discovery start
SETUP[0] defer: waiting 664 ms before discovery start
SETUP[0] defer: waiting 613 ms before discovery start
SETUP[0] defer: waiting 563 ms before discovery start
SETUP[0] defer: waiting 537 ms before discovery start
SETUP[0] defer: waiting 513 ms before discovery start
SETUP[0] defer: waiting 462 ms before discovery start
SETUP[0] defer: waiting 412 ms before discovery start
SETUP[0] defer: waiting 362 ms before discovery start
SETUP[0] defer: waiting 337 ms before discovery start
[AUTOPOS] AUTOPOS wait anchor ready: waited=1000 ready_count=0
[AUTOPOS] READY count=0 target=anchor target_uuid=CEE5A7EFCB35F8A56B430047629F5309 conn_count=1 connecting_slot=-1 scan=0 auto=1
[AUTOPOS] READY peer[0]: link=anchor-ctrl connected=1 ready=0 pending=0 inflight=0 retries=0 start_failures=0 uuid=CEE5A7EFCB35F8A56B430047629F5309 name=- state_h=0x0000 ctrl_h=0x0000 result_h=0x0000
SETUP[0] defer: waiting 311 ms before discovery start
SETUP[0] defer: waiting 261 ms before discovery start
SETUP[0] defer: waiting 211 ms before discovery start
SETUP[0] defer: waiting 160 ms before discovery start
SETUP[0] defer: waiting 135 ms before discovery start
SETUP[0] defer: waiting 110 ms before discovery start
SETUP[0] defer: waiting 59 ms before discovery start
SETUP[0] defer: waiting 9 ms before discovery start
SETUP[0] begin: link=anchor-ctrl uuid=CEE5A7EFCB35F8A56B430047629F5309 conn=0x200048e8
SETUP[0] anchor-ctrl: skip mtu/phy negotiation
SETUP[0] conn_param_update rc=0 interval=32-56 timeout=1000
[AUTOPOS] DISC start[0]: link=anchor-ctrl uuid=CEE5A7EFCB35F8A56B430047629F5309 conn=0x200048e8
[AUTOPOS] Conn param updated[0]: int=56 lat=0 to=1000
[AUTOPOS] AUTOPOS wait anchor ready: waited=2000 ready_count=0
[AUTOPOS] READY count=0 target=anchor target_uuid=CEE5A7EFCB35F8A56B430047629F5309 conn_count=1 connecting_slot=-1 scan=0 auto=1
[AUTOPOS] READY peer[0]: link=anchor-ctrl connected=1 ready=0 pending=0 inflight=1 retries=0 start_failures=0 uuid=CEE5A7EFCB35F8A56B430047629F5309 name=- state_h=0x0000 ctrl_h=0x0000 result_h=0x0000
[AUTOPOS] AUTOPOS wait anchor ready: waited=3000 ready_count=0
[AUTOPOS] READY count=0 target=anchor target_uuid=CEE5A7EFCB35F8A56B430047629F5309 conn_count=1 connecting_slot=-1 scan=0 auto=1
[AUTOPOS] READY peer[0]: link=anchor-ctrl connected=1 ready=0 pending=0 inflight=1 retries=0 start_failures=0 uuid=CEE5A7EFCB35F8A56B430047629F5309 name=- state_h=0x0000 ctrl_h=0x0000 result_h=0x0000
[AUTOPOS] DISC complete[0]: link=anchor-ctrl discovered_service=2800 uuid=CEE5A7EFCB35F8A56B430047629F5309
[AUTOPOS] DISC anchor service found[0]: uuid=CEE5A7EFCB35F8A56B430047629F5309
[AUTOPOS] Anchor ctrl state subscribe[0] rc=0
[AUTOPOS] Anchor ctrl result subscribe[0] rc=0
[AUTOPOS] ANCHOR_CTRL[0] link ready handle=0x0019 result=0x001b uuid=CEE5A7EFCB35F8A56B430047629F5309
[AUTOPOS] SCAN start req: bt_ready=1 scan_running=0 connecting_slot=-1 conn_count=1 target=anchor prefix=ANCHOR-
[AUTOPOS] AUTOPOS wait anchor ready: waited=4000 ready_count=1
[AUTOPOS] READY count=1 target=anchor[AUTOPOS] Scanning for ANCHOR-*
 target_uuid=CEE5A7EFCB35F8A56B430047629F5309 conn_count=1 connecting_slot=-1 scan=0 auto=1
[AUTOPOS] READY peer[0]: link=anchor-ctrl connected=1 ready=1 pending=0 inflight=0 retries=0 start_failures=0 uuid=CEE5A7EFCB35F8A56B430047629F5309 name=- state_h=0x0012 ctrl_h=0x0019 result_h=0x001b
[AUTOPOS] AUTOPOS wait anchor ready: uuid=CEE5A7EFCB35F8A56B430047629F5309 control link ready while discovery stays active
[AUTOPOS] AUTOPOS state: STATE fw=alt-bcast-a21
[AUTOPOS] Anchor ctrl sent[0]: RUNTIME MATRIX FORCE uuid=CEE5A7EFCB35F8A56B430047629F5309
[AUTOPOS] AUTOPOS result: OK RUNTIME_RESTART_REQ
[AUTOPOS] AUTOPOS state: STATE fw=alt-bcast-a21
[AUTOPOS] AUTOPOS state: STATE fw=alt-bcast-a21
[AUTOPOS] AUTOPOS state: STATE fw=alt-bcast-a21
[AUTOPOS] AUTOPOS state: STATE fw=alt-bcast-a21
[AUTOPOS] AUTOPOS state: STATE fw=alt-bcast-a21
[AUTOPOS] Conn param updated[0]: int=56 lat=0 to=1000
[AUTOPOS] AUTOPOS state: STATE fw=alt-bcast-a21
[AUTOPOS] AUTOPOS state: STATE fw=alt-bcast-a21
[AUTOPOS] AUTOPOS state: STATE fw=alt-bcast-a21
[AUTOPOS] AUTOPOS state: STATE fw=alt-bcast-a21
[AUTOPOS] AUTOPOS state: STATE fw=alt-bcast-a21
[AUTOPOS] AUTOPOS state: STATE fw=alt-bcast-a21
[AUTOPOS] AUTOPOS state: STATE fw=alt-bcast-a21
[AUTOPOS] AUTOPOS state: STATE fw=alt-bcast-a21
[AUTOPOS] AUTOPOS state: STATE fw=alt-bcast-a21
[AUTOPOS] AUTOPOS state: STATE fw=alt-bcast-a21
[AUTOPOS] AUTOPOS state: STATE fw=alt-bcast-a21
[AUTOPOS] AUTOPOS state: STATE fw=alt-bcast-a21
[AUTOPOS] AUTOPOS state: STATE fw=alt-bcast-a21
[AUTOPOS] AUTOPOS state: STATE fw=alt-bcast-a21
[AUTOPOS] AUTOPOS state: STATE fw=alt-bcast-a21
[AUTOPOS] AUTOPOS state: STATE fw=alt-bcast-a21
[AUTOPOS] AUTOPOS state: STATE fw=alt-bcast-a21
[AUTOPOS] AUTOPOS state: STATE fw=alt-bcast-a21
[AUTOPOS] AUTOPOS state: STATE fw=alt-bcast-a21
[AUTOPOS] AUTOPOS state: STATE fw=alt-bcast-a21
[AUTOPOS] anchor runtime role rc=-116 target=C uuid=CEE5A7EFCB35F8A56B430047629F5309 role=matrix
[AUTOPOS] anchor role all matrix target=C attempt=3 rc=-116; retry after clean disconnect
[AUTOPOS] Master quiesce peer[0]: connected=1 ready=1 link=anchor-ctrl uuid=CEE5A7EFCB35F8A56B430047629F5309
[AUTOPOS] AUTOPOS wait anchor cleared: waited=0 conn_count=1 ready_count=0
[AUTOPOS] READY count=0 target=anchor target_uuid=CEE5A7EFCB35F8A56B430047629F5309 conn_count=1 connecting_slot=-1 scan=0 auto=0
[AUTOPOS] READY peer[0]: link=anchor-ctrl connected=1 ready=0 pending=0 inflight=0 retries=0 start_failures=0 uuid=CEE5A7EFCB35F8A56B430047629F5309 name=- state_h=0x0012 ctrl_h=0x0019 result_h=0x001b
[AUTOPOS] Disconnected[0]: FD:64:2E:93:37:86 (random) reason=0x16 link=anchor-ctrl ready=0
[AUTOPOS] RECV_BG suppressed: quiesce disconnect restart blocked remaining=0
[AUTOPOS] AUTOPOS wait anchor cleared: waited=100 conn_count=0 ready_count=0
[AUTOPOS] READY count=0 target=anchor target_uuid=CEE5A7EFCB35F8A56B430047629F5309 conn_count=0 connecting_slot=-1 scan=0 auto=0
[AUTOPOS] AUTOPOS wait anchor cleared: waited=0 conn_count=0 ready_count=0
[AUTOPOS] READY count=0 target=anchor target_uuid=CEE5A7EFCB35F8A56B430047629F5309 conn_count=0 connecting_slot=-1 scan=0 auto=0
[AUTOPOS] Master discovery mode: CONN & START
[AUTOPOS] Master discovery mode: CONN & START
[AUTOPOS] SCAN start req: bt_ready=1 scan_running=0 connecting_slot=-1 conn_count=0 target=anchor prefix=ANCHOR-
[AUTOPOS] Scanning for ANCHOR-*
[AUTOPOS] AUTOPOS wait anchor ready: uuid=B2B5FA625534A8C617135DCAFC9E036A timeout_ms=12000
[AUTOPOS] AUTOPOS wait anchor ready: waited=0 ready_count=0
[AUTOPOS] READY count=0 target=anchor target_uuid=B2B5FA625534A8C617135DCAFC9E036A conn_count=0 connecting_slot=-1 scan=1 auto=1
[AUTOPOS] SCAN hit: F9:5B:1A:A3:84:45 (random) rssi=-63 name=- bs=- uuid=B2B5FA625534A8C617135DCAFC9E036A target=anchor uuid_ok=1 tag_name=0 anchor_name=0 nus=0 dfu=0 token=0 props=0x03
[AUTOPOS] CONNECT queue[0]: addr=F9:5B:1A:A3:84:45 (random) link=anchor-ctrl uuid=B2B5FA625534A8C617135DCAFC9E036A target=anchor
[AUTOPOS] CONNECT pending[0]: addr_valid=1 link=anchor-ctrl uuid=B2B5FA625534A8C617135DCAFC9E036A scan_running=1 conn_count=0
[AUTOPOS] CONNECT pending[0]: bt_le_scan_stop rc=0 scan_running=1
[AUTOPOS] CONNECT pending[0] rc=0 conn=0x200048e8 interval=32-56 timeout=1000
[AUTOPOS] Connected[0]: F9:5B:1A:A3:84:45 (random) name=- bs=-
[AUTOPOS] CONNECT state[0]: link=anchor-ctrl uuid=B2B5FA625534A8C617135DCAFC9E036A ready=0 conn=0x200048e8
SETUP[0] defer: waiting 896 ms before discovery start
SETUP[0] defer: waiting 869 ms before discovery start
SETUP[0] defer: waiting 846 ms before discovery start
SETUP[0] defer: waiting 795 ms before discovery start
SETUP[0] defer: waiting 745 ms before discovery start
SETUP[0] defer: waiting 695 ms before discovery start
SETUP[0] defer: waiting 669 ms before discovery start
SETUP[0] defer: waiting 644 ms before discovery start
SETUP[0] defer: waiting 594 ms before discovery start
SETUP[0] defer: waiting 543 ms before discovery start
SETUP[0] defer: waiting 493 ms before discovery start
SETUP[0] defer: waiting 468 ms before discovery start
[AUTOPOS] AUTOPOS wait anchor ready: waited=1000 ready_count=0
[AUTOPOS] READY count=0 target=anchor target_uuid=B2B5FA625534A8C617135DCAFC9E036A conn_count=1 connecting_slot=-1 scan=0 auto=1
[AUTOPOS] READY peer[0]: link=anchor-ctrl connected=1 ready=0 pending=0 inflight=0 retries=0 start_failures=0 uuid=B2B5FA625534A8C617135DCAFC9E036A name=- state_h=0x0000 ctrl_h=0x0000 result_h=0x0000
SETUP[0] defer: waiting 443 ms before discovery start
SETUP[0] defer: waiting 392 ms before discovery start
SETUP[0] defer: waiting 342 ms before discovery start
SETUP[0] defer: waiting 292 ms before discovery start
SETUP[0] defer: waiting 266 ms before discovery start
SETUP[0] defer: waiting 241 ms before discovery start
SETUP[0] defer: waiting 191 ms before discovery start
SETUP[0] defer: waiting 141 ms before discovery start
SETUP[0] defer: waiting 90 ms before discovery start
SETUP[0] defer: waiting 65 ms before discovery start
SETUP[0] defer: waiting 40 ms before discovery start
SETUP[0] begin: link=anchor-ctrl uuid=B2B5FA625534A8C617135DCAFC9E036A conn=0x200048e8
SETUP[0] anchor-ctrl: skip mtu/phy negotiation
SETUP[0] conn_param_update rc=0 interval=32-56 timeout=1000
[AUTOPOS] DISC start[0]: link=anchor-ctrl uuid=B2B5FA625534A8C617135DCAFC9E036A conn=0x200048e8
[AUTOPOS] Conn param updated[0]: int=56 lat=0 to=1000
[AUTOPOS] AUTOPOS wait anchor ready: waited=2000 ready_count=0
[AUTOPOS] READY count=0 target=anchor target_uuid=B2B5FA625534A8C617135DCAFC9E036A conn_count=1 connecting_slot=-1 scan=0 auto=1
[AUTOPOS] READY peer[0]: link=anchor-ctrl connected=1 ready=0 pending=0 inflight=1 retries=0 start_failures=0 uuid=B2B5FA625534A8C617135DCAFC9E036A name=- state_h=0x0000 ctrl_h=0x0000 result_h=0x0000
[AUTOPOS] AUTOPOS wait anchor ready: waited=3000 ready_count=0
[AUTOPOS] READY count=0 target=anchor target_uuid=B2B5FA625534A8C617135DCAFC9E036A conn_count=1 connecting_slot=-1 scan=0 auto=1
[AUTOPOS] READY peer[0]: link=anchor-ctrl connected=1 ready=0 pending=0 inflight=1 retries=0 start_failures=0 uuid=B2B5FA625534A8C617135DCAFC9E036A name=- state_h=0x0000 ctrl_h=0x0000 result_h=0x0000
SESSION: runtime matrix ack did not reach ready=8/8; not rebuilding links in this guard path
SESSION FAIL: matrix role guard did not verify all anchors as matrix
