PREFLIGHT_PASS hdd_avail_bytes=1477909327872
COPY_BEGIN tag=daylight_20260807 bytes=3580063744 t=10:37:53 source=/mnt/nrf_ssd/nRF_dev/BioSpur_Fusion/UWB_Part/logs/daylight_20260807 dest=/mnt/DatenBankHDD/BioSpur_Archive/UWB_Part/logs/daylight_20260807
FULL_TREE_HASH_PASS tag=daylight_20260807 files=38 t=10:38:38
INDEX_FAIL tag=daylight_20260807 index=EVIDENCE_SHA256.txt mismatch=N7_REPORT.md expected=cd051cf3b31554ab1c9a3269355439354ac39b478f92205cb7900a9ff03d9327 actual=b311fae59fb4c06fb058f8106b065c64f3eeef7bfc851cfe1be163cc2510536f
RELOCATION_FAIL tag=daylight_20260807 rc=22 action=source_kept
COPY_BEGIN tag=deploy_20260805 bytes=30571655168 t=10:38:39 source=/mnt/nrf_ssd/nRF_dev/BioSpur_Fusion/UWB_Part/logs/deploy_20260805 dest=/mnt/DatenBankHDD/BioSpur_Archive/UWB_Part/logs/deploy_20260805
FULL_TREE_HASH_PASS tag=deploy_20260805 files=291 t=10:47:20
INDEX_PASS tag=deploy_20260805 index=EVIDENCE_SHA256.txt verified=290 external_skipped=14
INDEX_FAIL tag=deploy_20260805 index=disturbance_20260803.destination.sha256 missing=./D1_ADDENDUM.md
RELOCATION_FAIL tag=deploy_20260805 rc=21 action=source_kept
COPY_BEGIN tag=v43_selfcapture_20260807 bytes=33971691520 t=10:51:21 source=/mnt/nrf_ssd/nRF_dev/BioSpur_Fusion/B306_Part/logs/v43_selfcapture_20260807 dest=/mnt/DatenBankHDD/BioSpur_Archive/B306_Part/logs/v43_selfcapture_20260807
FULL_TREE_HASH_PASS tag=v43_selfcapture_20260807 files=242 t=11:00:11
INDEX_PASS tag=v43_selfcapture_20260807 index=EVIDENCE_SHA256.txt verified=93 external_skipped=16
FINAL_DEST_HASH_PASS tag=v43_selfcapture_20260807 t=11:07:15
RELOCATION_PASS tag=v43_selfcapture_20260807 bytes=33971691520 source=/mnt/nrf_ssd/nRF_dev/BioSpur_Fusion/B306_Part/logs/v43_selfcapture_20260807 dest=/mnt/DatenBankHDD/BioSpur_Archive/B306_Part/logs/v43_selfcapture_20260807
COPY_BEGIN tag=v44_fleet_20260807 bytes=34337083392 t=11:07:16 source=/mnt/nrf_ssd/nRF_dev/BioSpur_Fusion/UWB_Part/logs/v44_fleet_20260807 dest=/mnt/DatenBankHDD/BioSpur_Archive/UWB_Part/logs/v44_fleet_20260807
FULL_TREE_HASH_PASS tag=v44_fleet_20260807 files=298 t=11:17:23
INDEX_FAIL tag=v44_fleet_20260807 index=J_WEDGE/L3_SHA256SUMS.txt missing=ACTION_LOG.md
RELOCATION_FAIL tag=v44_fleet_20260807 rc=21 action=source_kept
SUMMARY pass=1 fail=3 t=11:17:23
POSTCHECK manifest_paths_broken=0
