PORT=/dev/serial/by-id/usb-BioSpur_BioSpur_BLE_Control_87EA2F4A526C5A02-if00
START=2026-05-11 01:48:40
SESSION: prepare anchors for sweep; required role=matrix
[RECV] BSF66F notify: TR;3;172960;f;0;ff;00;0,0,0,0,0,0,0,0;0,0,0,0,0,0,0,0;0,0,0,0,0,0,0,0;TTTTTTTT;0;0;823;8
[RECV] BSF66F notify: TR;3;172961;f;0;ff;00;0,0,0,0,0,0,0,0;0,0,0,0,0,0,0,0;0,0,0,0,0,0,0,0;TTTTTTTT;0;0;549;8
[RECV] BSF66F notify: TR;3;172962;f;0;ff;00;0,0,0,0,0,0,0,0;0,0,0,0,0,0,0,0;0,0,0,0,0,0,0,0;TTTTTTTT;0;0;549;8
[RECV] BSF66F notify: TR;3;172963;f;0;ff;00;0,0,0,0,0,0,0,0;0,0,0,0,0,0,0,0;0,0,0,0,0,0,0,0;TTTTTTTT;0;0;732;8
PRECHECK: resident Master_Anchor mode; no RECV clean-slate/reconnect
>>> status
[RECV] Control status: mode=RECV pending=0
[RECV] BSF66F notify: TR;3;172964;f;0;ff;00;0,0,0,0,0,0,0,0;0,0,0,0,0,0,0,0;0,0,0,0,0,0,0,0;TTTTTTTT;0;0;549;8
[RECV] BSF66F notify: TR;3;172965;f;0;ff;00;0,0,0,0,0,0,0,0;0,0,0,0,0,0,0,0;0,0,0,0,0,0,0,0;TTTTTTTT;0;0;549;8
[RECV] BSF66F notify: RXG;1;172965;tag=1;mask=0xff;pc=8;guard=1200;spacing=1000;win=8165;pre=1;slot_to_entry_us=0;slot_to_sched_us=0;slot_to_write_done_us=0;slot_to_txcmd_us=274;slot_to_txdone_us=610;txcmd_to_txdone_us=335;txdone_to_rxstart_us=61;txdone_to_rxend_us=183;rxenabl
[RECV] BSF66F notify: TR;3;172966;f;0;ff;00;0,0,0,0,0,0,0,0;0,0,0,0,0,0,0,0;0,0,0,0,0,0,0,0;TTTTTTTT;0;0;29449;8
[RECV] BSF66F notify: CD;1;172966;tag=1;local=0xb101;status=0x02800002;rxf=0x00000000;win=8165;pc=8;mask=0xff;resp=0;unexp=0;last_len=0;last_src=0x0000;last_dst=0x0000;last_code=0x0
[RECV] BSF66F notify: SD;1;172967;p;full;8;0;0;0;0;0;0;;0;10
[RECV] BSF66F notify: TR;3;172967;f;0;ff;00;0,0,0,0,0,0,0,0;0,0,0,0,0,0,0,0;0,0,0,0,0,0,0,0;TTTTTTTT;0;0;15045;8
[RECV] BSF66F notify: TR;3;172968;f;0;ff;00;0,0,0,0,0,0,0,0;0,0,0,0,0,0,0,0;0,0,0,0,0,0,0,0;TTTTTTTT;0;0;579;8
[RECV] BSF66F notify: TR;3;172969;f;0;ff;00;0,0,0,0,0,0,0,0;0,0,0,0,0,0,0,0;0,0,0,0,0,0,0,0;TTTTTTTT;0;0;793;8
[RECV] BSF66F notify: TR;3;172970;f;0;ff;00;0,0,0,0,0,0,0,0;0,0,0,0,0,0,0,0;0,0,0,0,0,0,0,0;TTTTTTTT;0;0;549;8
[RECV] BSF66F notify: TR;3;172971;f;0;ff;00;0,0,0,0,0,0,0,0;0,0,0,0,0,0,0,0;0,0,0,0,0,0,0,0;TTTTTTTT;0;0;579;8
>>> device show
[RECV] System target: kind=unknown caps=0x08 (config=0 ota=0 stream=0 status=1)
OTA target filter: token=-1 name=- prefix=BS uuid=-
[RECV] BSF66F notify: TR;3;172972;f;0;ff;00;0,0,0,0,0,0,0,0;0,0,0,0,0,0,0,0;0,0,0,0,0,0,0,0;TTTTTTTT;0;0;793;8
[RECV] BSF66F notify: TR;3;172973;f;0;ff;00;0,0,0,0,0,0,0,0;0,0,0,0,0,0,0,0;0,0,0,0,0,0,0,0;TTTTTTTT;0;0;549;8
[RECV] BSF66F notify: TR;3;172974;f;0;ff;00;0,0,0,0,0,0,0,0;0,0,0,0,0,0,0,0;0,0,0,0,0,0,0,0;TTTTTTTT;0;0;549;8
[RECV] BSF66F notify: TR;3;172975;f;0;ff;00;0,0,0,0,0,0,0,0;0,0,0,0,0,0,0,0;0,0,0,0,0,0,0,0;TTTTTTTT;0;0;823;8
[RECV] BSF66F notify: RXG;1;172975;tag=1;mask=0xff;pc=8;guard=1200;spacing=1000;win=8165;pre=1;slot_to_entry_us=0;slot_to_sched_us=0;slot_to_write_done_us=0;slot_to_txcmd_us=305;slot_to_txdone_us=610;txcmd_to_txdone_us=305;txdone_to_rxstart_us=91;txdone_to_rxend_us=183;rxenabl
[RECV] BSF66F notify: TR;3;172976;f;0;ff;00;0,0,0,0,0,0,0,0;0,0,0,0,0,0,0,0;0,0,0,0,0,0,0,0;TTTTTTTT;0;0;29235;8
[RECV] BSF66F notify: CD;1;172976;tag=1;local=0xb101;status=0x02800002;rxf=0x00000000;win=8165;pc=8;mask=0xff;resp=0;unexp=0;last_len=0;last_src=0x0000;last_dst=0x0000;last_code=0x0
[RECV] BSF66F notify: SD;1;172977;p;full;8;0;0;0;0;0;0;;0;10
[RECV] BSF66F notify: TR;3;172977;f;0;ff;00;0,0,0,0,0,0,0,0;0,0,0,0,0,0,0,0;0,0,0,0,0,0,0,0;TTTTTTTT;0;0;15106;8
[RECV] BSF66F notify: TR;3;172978;f;0;ff;00;0,0,0,0,0,0,0,0;0,0,0,0,0,0,0,0;0,0,0,0,0,0,0,0;TTTTTTTT;0;0;793;8
[RECV] BSF66F notify: TR;3;172979;f;0;ff;00;0,0,0,0,0,0,0,0;0,0,0,0,0,0,0,0;0,0,0,0,0,0,0,0;TTTTTTTT;0;0;579;8
>>> ota_target token -1
[RECV] ota_target token rc=0 value=-1
OTA target filter: token=-1 name=- prefix=BS uuid=-
[RECV] BSF66F notify: TR;3;172980;f;0;ff;00;0,0,0,0,0,0,0,0;0,0,0,0,0,0,0,0;0,0,0,0,0,0,0,0;TTTTTTTT;0;0;549;8
[RECV] BSF66F notify: TR;3;172981;f;0;ff;00;0,0,0,0,0,0,0,0;0,0,0,0,0,0,0,0;0,0,0,0,0,0,0,0;TTTTTTTT;0;0;732;8
[RECV] BSF66F notify: TR;3;172982;f;0;ff;00;0,0,0,0,0,0,0,0;0,0,0,0,0,0,0,0;0,0,0,0,0,0,0,0;TTTTTTTT;0;0;549;8
[RECV] BSF66F notify: TR;3;172983;f;0;ff;00;0,0,0,0,0,0,0,0;0,0,0,0,0,0,0,0;0,0,0,0,0,0,0,0;TTTTTTTT;0;0;549;8
>>> ota_target name -
[RECV] ota_target name rc=0 value=-
OTA target filter: token=-1 name=- prefix=BS uuid=-
[RECV] BSF66F notify: TR;3;172984;f;0;ff;00;0,0,0,0,0,0,0,0;0,0,0,0,0,0,0,0;0,0,0,0,0,0,0,0;TTTTTTTT;0;0;793;8
[RECV] BSF66F notify: TR;3;172985;f;0;ff;00;0,0,0,0,0,0,0,0;0,0,0,0,0,0,0,0;0,0,0,0,0,0,0,0;TTTTTTTT;0;0;549;8
[RECV] BSF66F notify: RXG;1;172985;tag=1;mask=0xff;pc=8;guard=1200;spacing=1000;win=8165;pre=1;slot_to_entry_us=0;slot_to_sched_us=0;slot_to_write_done_us=0;slot_to_txcmd_us=274;slot_to_txdone_us=610;txcmd_to_txdone_us=335;txdone_to_rxstart_us=61;txdone_to_rxend_us=183;rxenabl
[RECV] BSF66F notify: TR;3;172986;f;0;ff;00;0,0,0,0,0,0,0,0;0,0,0,0,0,0,0,0;0,0,0,0,0,0,0,0;TTTTTTTT;0;0;29418;8
[RECV] BSF66F notify: CD;1;172986;tag=1;local=0xb101;status=0x02800002;rxf=0x00000000;win=8165;pc=8;mask=0xff;resp=0;unexp=0;last_len=0;last_src=0x0000;last_dst=0x0000;last_code=0x0
[RECV] BSF66F notify: SD;1;172987;p;full;8;0;0;0;0;0;0;;0;10
[RECV] BSF66F notify: TR;3;172987;f;0;ff;00;0,0,0,0,0,0,0,0;0,0,0,0,0,0,0,0;0,0,0,0,0,0,0,0;TTTTTTTT;0;0;15167;8
>>> ota_target prefix ANCHOR-
[RECV] ota_target prefix rc=0 value=anchor-
OTA target filter: token=-1 name=- prefix=anchor- uuid=-
[RECV] BSF66F notify: TR;3;172988;f;0;ff;00;0,0,0,0,0,0,0,0;0,0,0,0,0,0,0,0;0,0,0,0,0,0,0,0;TTTTTTTT;0;0;549;8
[RECV] BSF66F notify: TR;3;172989;f;0;ff;00;0,0,0,0,0,0,0,0;0,0,0,0,0,0,0,0;0,0,0,0,0,0,0,0;TTTTTTTT;0;0;549;8
[RECV] BSF66F notify: TR;3;172990;f;0;ff;00;0,0,0,0,0,0,0,0;0,0,0,0,0,0,0,0;0,0,0,0,0,0,0,0;TTTTTTTT;0;0;671;8
[RECV] BSF66F notify: TR;3;172991;f;0;ff;00;0,0,0,0,0,0,0,0;0,0,0,0,0,0,0,0;0,0,0,0,0,0,0,0;TTTTTTTT;0;0;549;8
>>> ota_target uuid -
[RECV] ota_target uuid rc=0 value=-
OTA target filter: token=-1 name=- prefix=anchor- uuid=-
[RECV] BSF66F notify: TR;3;172992;f;0;ff;00;0,0,0,0,0,0,0,0;0,0,0,0,0,0,0,0;0,0,0,0,0,0,0,0;TTTTTTTT;0;0;579;8
[RECV] BSF66F notify: TR;3;172993;f;0;ff;00;0,0,0,0,0,0,0,0;0,0,0,0,0,0,0,0;0,0,0,0,0,0,0,0;TTTTTTTT;0;0;701;8
[RECV] BSF66F notify: TR;3;172994;f;0;ff;00;0,0,0,0,0,0,0,0;0,0,0,0,0,0,0,0;0,0,0,0,0,0,0,0;TTTTTTTT;0;0;549;8
[RECV] BSF66F notify: TR;3;172995;f;0;ff;00;0,0,0,0,0,0,0,0;0,0,0,0,0,0,0,0;0,0,0,0,0,0,0,0;TTTTTTTT;0;0;549;8
PRECHECK: resident Master_Anchor not in AUTOPOS; request mode autopos only
>>> mode autopos
[AUTOPOS] Control mode staged: AUTOPOS
[AUTOPOS] Master discovery mode: CONN & START
[AUTOPOS] Master disconnecting peer[0]: bs=BSF66F
[AUTOPOS] Peer clear wait: waited=0 conn_count=1 ready_count=0
>>> autopos map A 4DC6B8187E33803AE8601FB0D7992B96
[AUTOPOS] Peer clear wait timeout: conn_count=1 ready_count=0
[AUTOPOS] SCAN start req: bt_ready=1 scan_running=0 connecting_slot=-1 conn_count=1 target=anchor prefix=ANCHOR-
[AUTOPOS] Scanning for ANCHOR-*
[AUTOPOS] AUTOPOS: mode=AUTOPOS state=idle staged=- last_success=- sets=0 error=-
[AUTOPOS] SCAN hit: E9:CB:F3:C4:51:43 (random) rssi=-45 name=- bs=- uuid=840C68591E90019821AACFF1B73AAA34 target=anchor uuid_ok=1 tag_name=0 anchor_name=0 nus=0 dfu=0 token=0 props=0x03
[AUTOPOS] CONNECT queue[1]: addr=E9:CB:F3:C4:51:43 (random) link=anchor-ctrl uuid=840C68591E90019821AACFF1B73AAA34 target=anchor
[AUTOPOS] SCAN hit: F2:B7:4E:8A:79:01 (random) rssi=-94 name=- bs=- uuid=4DC6B8187E33803AE8601FB0D7992B96 target=anchor uuid_ok=1 tag_name=0 anchor_name=0 nus=0 dfu=0 token=0 props=0x03
[AUTOPOS] CONNECT queue[2]: addr=F2:B7:4E:8A:79:01 (random) link=anchor-ctrl uuid=4DC6B8187E33803AE8601FB0D7992B96 target=anchor
[AUTOPOS] AUTOPOS map set: A=4DC6B8187E33803AE8601FB0D7992B96
[AUTOPOS] Disconnected[0]: FC:9A:15:34:AB:20 (random) reason=0x16 link=nus ready=1
[AUTOPOS] SCAN hit: EC:9F:55:9D:7E:A1 (random) rssi=-64 name=- bs=- uuid=B3087BC3D87CCCD316AEDC6B71D6677F target=anchor uuid_ok=1 tag_name=0 anchor_name=0 nus=0 dfu=0 token=0 props=0x03
[AUTOPOS] CONNECT queue[0]: addr=EC:9F:55:9D:7E:A1 (random) link=anchor-ctrl uuid=B3087BC3D87CCCD316AEDC6B71D6677F target=anchor
[AUTOPOS] SCAN hit: FD:64:2E:93:37:86 (random) rssi=-64 name=- bs=- uuid=CEE5A7EFCB35F8A56B430047629F5309 target=anchor uuid_ok=1 tag_name=0 anchor_name=0 nus=0 dfu=0 token=0 props=0x03
[AUTOPOS] CONNECT queue[3]: addr=FD:64:2E:93:37:86 (random) link=anchor-ctrl uuid=CEE5A7EFCB35F8A56B430047629F5309 target=anchor
[AUTOPOS] SCAN hit: C0:1D:D1:D0:CE:B0 (random) rssi=-53 name=- bs=- uuid=B9179575C776C98F1CB132DD6EDC6223 target=anchor uuid_ok=1 tag_name=0 anchor_name=0 nus=0 dfu=0 token=0 props=0x03
[AUTOPOS] CONNECT queue[4]: addr=C0:1D:D1:D0:CE:B0 (random) link=anchor-ctrl uuid=B9179575C776C98F1CB132DD6EDC6223 target=anchor
[AUTOPOS] SCAN hit: C5:CD:5D:56:B5:CD (random) rssi=-64 name=- bs=- uuid=CF12E703AC1A118F6AB440AB05B0BA23 target=anchor uuid_ok=1 tag_name=0 anchor_name=0 nus=0 dfu=0 token=0 props=0x03
[AUTOPOS] CONNECT queue[5]: addr=C5:CD:5D:56:B5:CD (random) link=anchor-ctrl uuid=CF12E703AC1A118F6AB440AB05B0BA23 target=anchor
>>> autopos map B B9179575C776C98F1CB132DD6EDC6223
[AUTOPOS] AUTOPOS map set: B=B9179575C776C98F1CB132DD6EDC6223
[AUTOPOS] ANCHOR candidate rejected: not in anchor allow-list FC:9A:15:34:AB:20 (random) name=- bs=F66F uuid=- anchor_id=0
[AUTOPOS] ANCHOR candidate rejected: not in anchor allow-list FC:9A:15:34:AB:20 (random) name=- bs=F66F uuid=- anchor_id=0
[AUTOPOS] SCAN hit: D9:C7:9C:16:71:C9 (random) rssi=-59 name=- bs=- uuid=A892AF05DD59CF0D0D3408AD74F364A1 target=anchor uuid_ok=1 tag_name=0 anchor_name=0 nus=0 dfu=0 token=0 props=0x03
[AUTOPOS] CONNECT queue[6]: addr=D9:C7:9C:16:71:C9 (random) link=anchor-ctrl uuid=A892AF05DD59CF0D0D3408AD74F364A1 target=anchor
[AUTOPOS] CONNECT pending[0]: addr_valid=1 link=anchor-ctrl uuid=B3087BC3D87CCCD316AEDC6B71D6677F scan_running=1 conn_count=0
[AUTOPOS] CONNECT pending[0]: bt_le_scan_stop rc=0 scan_running=1
[AUTOPOS] CONNECT pending[0] rc=0 conn=0x200048d8 interval=32-56 timeout=1000
[AUTOPOS] Connected[0]: EC:9F:55:9D:7E:A1 (random) name=- bs=-
[AUTOPOS] CONNECT state[0]: link=anchor-ctrl uuid=B3087BC3D87CCCD316AEDC6B71D6677F ready=0 conn=0x200048d8
SETUP[0] begin: link=anchor-ctrl uuid=B3087BC3D87CCCD316AEDC6B71D6677F conn=0x200048d8
SETUP[0] anchor-ctrl: skip mtu/phy negotiation
SETUP[0] conn_param_update rc=0 interval=32-56 timeout=1000
ANCHOR_CTRL[0] static link ready state=0x0012 ctrl=0x0019 result=0x001b uuid=B3087BC3D87CCCD316AEDC6B71D6677F
[AUTOPOS] CONNECT pending[1]: addr_valid=1 link=anchor-ctrl uuid=840C68591E90019821AACFF1B73AAA34 scan_running=0 conn_count=1
[AUTOPOS] CONNECT pending[1] rc=0 conn=0x200049a8 interval=32-56 timeout=1000
[AUTOPOS] Connected[1]: E9:CB:F3:C4:51:43 (random) name=- bs=-
[AUTOPOS] CONNECT state[1]: link=anchor-ctrl uuid=840C68591E90019821AACFF1B73AAA34 ready=0 conn=0x200049a8
SETUP[1] begin: link=anchor-ctrl uuid=840C68591E90019821AACFF1B73AAA34 conn=0x200049a8
SETUP[1] anchor-ctrl: skip mtu/phy negotiation
SETUP[1] conn_param_update rc=0 interval=32-56 timeout=1000
ANCHOR_CTRL[1] static link ready state=0x0012 ctrl=0x0019 result=0x001b uuid=840C68591E90019821AACFF1B73AAA34
[AUTOPOS] CONNECT pending[2]: addr_valid=1 link=anchor-ctrl uuid=4DC6B8187E33803AE8601FB0D7992B96 scan_running=0 conn_count=2
[AUTOPOS] CONNECT pending[2] rc=0 conn=0x20004a78 interval=32-56 timeout=1000
[AUTOPOS] Connected[2]: F2:B7:4E:8A:79:01 (random) name=- bs=-
[AUTOPOS] CONNECT state[2]: link=anchor-ctrl uuid=4DC6B8187E33803AE8601FB0D7992B96 ready=0 conn=0x20004a78
SETUP[2] begin: link=anchor-ctrl uuid=4DC6B8187E33803AE8601FB0D7992B96 conn=0x20004a78
SETUP[2] anchor-ctrl: skip mtu/phy negotiation
SETUP[2] conn_param_update rc=0 interval=32-56 timeout=1000
ANCHOR_CTRL[2] static link ready state=0x0012 ctrl=0x0019 result=0x001b uuid=4DC6B8187E33803AE8601FB0D7992B96
[AUTOPOS] CONNECT pending[3]: addr_valid=1 link=anchor-ctrl uuid=CEE5A7EFCB35F8A56B430047629F5309 scan_running=0 conn_count=3
[AUTOPOS] CONNECT pending[3] rc=0 conn=0x20004b48 interval=32-56 timeout=1000
[AUTOPOS] Connected[3]: FD:64:2E:93:37:86 (random) name=- bs=-
[AUTOPOS] CONNECT state[3]: link=anchor-ctrl uuid=CEE5A7EFCB35F8A56B430047629F5309 ready=0 conn=0x20004b48
SETUP[3] begin: link=anchor-ctrl uuid=CEE5A7EFCB35F8A56B430047629F5309 conn=0x20004b48
SETUP[3] anchor-ctrl: skip mtu/phy negotiation
SETUP[3] conn_param_update rc=0 interval=32-56 timeout=1000
ANCHOR_CTRL[3] static link ready state=0x0012 ctrl=0x0019 result=0x001b uuid=CEE5A7EFCB35F8A56B430047629F5309
[AUTOPOS] CONNECT pending[4]: addr_valid=1 link=anchor-ctrl uuid=B9179575C776C98F1CB132DD6EDC6223 scan_running=0 conn_count=4
[AUTOPOS] CONNECT pending[4] rc=0 conn=0x20004c18 interval=32-56 timeout=1000
[AUTOPOS] Connected[4]: C0:1D:D1:D0:CE:B0 (random) name=- bs=-
[AUTOPOS] CONNECT state[4]: link=anchor-ctrl uuid=B9179575C776C98F1CB132DD6EDC6223 ready=0 conn=0x20004c18
>>> autopos map C CEE5A7EFCB35F8A56B430047629F5309
SETUP[4] begin: link=anchor-ctrl uuid=B9179575C776C98F1CB132DD6EDC6223 conn=0x20004c18
SETUP[4] anchor-ctrl: skip mtu/phy negotiation
SETUP[[AUTOPOS] AUTOPOS map set: C=CEE5A7EFCB35F8A56B430047629F5309
4] conn_param_update rc=0 interval=32-56 timeout=1000
ANCHOR_CTRL[4] static link ready state=0x0012 ctrl=0x0019 result=0x001b uuid=B9179575C776C98F1CB132DD6EDC6223
[AUTOPOS] CONNECT pending[5]: addr_valid=1 link=anchor-ctrl uuid=CF12E703AC1A118F6AB440AB05B0BA23 scan_running=0 conn_count=5
[AUTOPOS] CONNECT pending[5] rc=0 conn=0x20004ce8 interval=32-56 timeout=1000
[AUTOPOS] Conn param updated[1]: int=56 lat=0 to=1000
[AUTOPOS] Connected[5]: C5:CD:5D:56:B5:CD (random) name=- bs=-
[AUTOPOS] CONNECT state[5]: link=anchor-ctrl uuid=CF12E703AC1A118F6AB440AB05B0BA23 ready=0 conn=0x20004ce8
SETUP[5] begin: link=anchor-ctrl uuid=CF12E703AC1A118F6AB440AB05B0BA23 conn=0x20004ce8
SETUP[5] anchor-ctrl: skip mtu/phy negotiation
SETUP[5] conn_param_update rc=0 interval=32-56 timeout=1000
ANCHOR_CTRL[5] static link ready state=0x0012 ctrl=0x0019 result=0x001b uuid=CF12E703AC1A118F6AB440AB05B0BA23
[AUTOPOS] Conn param updated[0]: int=56 lat=0 to=1000
[AUTOPOS] CONNECT pending[6]: addr_valid=1 link=anchor-ctrl uuid=A892AF05DD59CF0D0D3408AD74F364A1 scan_running=0 conn_count=6
[AUTOPOS] CONNECT pending[6] rc=0 conn=0x20004db8 interval=32-56 timeout=1000
[AUTOPOS] Connected[6]: D9:C7:9C:16:71:C9 (random) name=- bs=-
[AUTOPOS] CONNECT state[6]: link=anchor-ctrl uuid=A892AF05DD59CF0D0D3408AD74F364A1 ready=0 conn=0x20004db8
[AUTOPOS] Conn param updated[2]: int=56 lat=0 to=1000
SETUP[6] begin: link=anchor-ctrl uuid=A892AF05DD59CF0D0D3408AD74F364A1 conn=0x20004db8
SETUP[6] anchor-ctrl: skip mtu/phy negotiation
SETUP[6] conn_param_update rc=0 interval=32-56 timeout=1000
ANCHOR_CTRL[6] static link ready state=0x0012 ctrl=0x0019 result=0x001b uuid=A892AF05DD59CF0D0D3408AD74F364A1
[AUTOPOS] Conn param updated[3]: int=56 lat=0 to=1000
[AUTOPOS] Conn param updated[4]: int=56 lat=0 to=1000
[AUTOPOS] Conn param updated[6]: int=56 lat=0 to=1000
[AUTOPOS] Conn param updated[5]: int=56 lat=0 to=1000
>>> autopos map D B2B5FA625534A8C617135DCAFC9E036A
[AUTOPOS] AUTOPOS map set: D=B2B5FA625534A8C617135DCAFC9E036A
>>> autopos map E A892AF05DD59CF0D0D3408AD74F364A1
[AUTOPOS] AUTOPOS map set: E=A892AF05DD59CF0D0D3408AD74F364A1
>>> autopos map F 840C68591E90019821AACFF1B73AAA34
[AUTOPOS] AUTOPOS map set: F=840C68591E90019821AACFF1B73AAA34
>>> autopos map G B3087BC3D87CCCD316AEDC6B71D6677F
[AUTOPOS] AUTOPOS map set: G=B3087BC3D87CCCD316AEDC6B71D6677F
>>> autopos map H CF12E703AC1A118F6AB440AB05B0BA23
[AUTOPOS] AUTOPOS map set: H=CF12E703AC1A118F6AB440AB05B0BA23
[AUTOPOS] Conn param updated[0]: int=56 lat=0 to=1000
[AUTOPOS] Conn param updated[3]: int=56 lat=0 to=1000
SESSION: using B120 Master_Anchor runtime ack only; external BLE scan role verify disabled
SESSION: runtime role broadcast attempt 1/2: anchor role all matrix
>>> anchor role all matrix
[AUTOPOS] anchor role started target=all role=matrix
[AUTOPOS] Master quiesce peer[0]: connected=1 ready=1 link=anchor-ctrl uuid=B3087BC3D87CCCD316AEDC6B71D6677F
[AUTOPOS] Master quiesce peer[1]: connected=1 ready=1 link=anchor-ctrl uuid=840C68591E90019821AACFF1B73AAA34
[AUTOPOS] Master quiesce peer[2]: connected=1 ready=1 link=anchor-ctrl uuid=4DC6B8187E33803AE8601FB0D7992B96
[AUTOPOS] Master quiesce peer[3]: connected=1 ready=1 link=anchor-ctrl uuid=CEE5A7EFCB35F8A56B430047629F5309
[AUTOPOS] Master quiesce peer[4]: connected=1 ready=1 link=anchor-ctrl uuid=B9179575C776C98F1CB132DD6EDC6223
[AUTOPOS] Master quiesce peer[5]: connected=1 ready=1 link=anchor-ctrl uuid=CF12E703AC1A118F6AB440AB05B0BA23
[AUTOPOS] Master quiesce peer[6]: connected=1 ready=1 link=anchor-ctrl uuid=A892AF05DD59CF0D0D3408AD74F364A1
[AUTOPOS] AUTOPOS wait anchor cleared: waited=0 conn_count=7 ready_count=0
[AUTOPOS] READY count=0 target=anchor target_uuid=- conn_count=7 connecting_slot=-1 scan=0 auto=0
[AUTOPOS] READY peer[0]: link=anchor-ctrl connected=1 ready=0 pending=0 inflight=0 retries=0 start_failures=0 uuid=B3087BC3D87CCCD316AEDC6B71D6677F name=- state_h=0x0012 ctrl_h=0x0019 result_h=0x001b
[AUTOPOS] READY peer[1]: link=anchor-ctrl connected=1 ready=0 pending=0 inflight=0 retries=0 start_failures=0 uuid=840C68591E90019821AACFF1B73AAA34 name=- state_h=0x0012 ctrl_h=0x0019 result_h=0x001b
[AUTOPOS] READY peer[2]: link=anchor-ctrl connected=1 ready=0 pending=0 inflight=0 retries=0 start_failures=0 uuid=4DC6B8187E33803AE8601FB0D7992B96 name=- state_h=0x0012 ctrl_h=0x0019 result_h=0x001b
[AUTOPOS] READY peer[3]: link=anchor-ctrl connected=1 ready=0 pending=0 inflight=0 retries=0 start_failures=0 uuid=CEE5A7EFCB35F8A56B430047629F5309 name=- state_h=0x0012 ctrl_h=0x0019 result_h=0x001b
[AUTOPOS] READY peer[4]: link=anchor-ctrl connected=1 ready=0 pending=0 inflight=0 retries=0 start_failures=0 uuid=B9179575C776C98F1CB132DD6EDC6223 name=- state_h=0x0012 ctrl_h=0x0019 result_h=0x001b
[AUTOPOS] READY peer[5]: link=anchor-ctrl connected=1 ready=0 pending=0 inflight=0 retries=0 start_failures=0 uuid=CF12E703AC1A118F6AB440AB05B0BA23 name=- state_h=0x0012 ctrl_h=0x0019 result_h=0x001b
[AUTOPOS] READY peer[6]: link=anchor-ctrl connected=1 ready=0 pending=0 inflight=0 retries=0 start_failures=0 uuid=A892AF05DD59CF0D0D3408AD74F364A1 name=- state_h=0x0012 ctrl_h=0x0019 result_h=0x001b
[AUTOPOS] Disconnected[5]: C5:CD:5D:56:B5:CD (random) reason=0x16 link=anchor-ctrl ready=0
[AUTOPOS] RECV_BG suppressed: quiesce disconnect restart blocked remaining=6
[AUTOPOS] AUTOPOS wait anchor cleared: waited=100 conn_count=6 ready_count=0
[AUTOPOS] READY count=0 target=anchor target_uuid=- conn_count=6 connecting_slot=-1 scan=0 auto=0
[AUTOPOS] READY peer[0]: link=anchor-ctrl connected=1 ready=0 pending=0 inflight=0 retries=0 start_failures=0 uuid=B3087BC3D87CCCD316AEDC6B71D6677F name=- state_h=0x0012 ctrl_h=0x0019 result_h=0x001b
[AUTOPOS] READY peer[1]: link=anchor-ctrl connected=1 ready=0 pending=0 inflight=0 retries=0 start_failures=0 uuid=840C68591E90019821AACFF1B73AAA34 name=- state_h=0x0012 ctrl_h=0x0019 result_h=0x001b
[AUTOPOS] READY peer[2]: link=anchor-c[AUTOPOS] Disconnected[0]: EC:9F:55:9D:7E:A1 (random) reason=0x16 link=anchor-ctrl ready=0
[AUTOPOS] RECV_BG suppressed: quiesce disconnect restart blocked remaining=5
trl connected=1 ready=0 pending=0 inflight=0 retries=0 start_failures=0 uuid=4DC6B8187E33803AE8601FB0D7992B96 name=- state_h=0x0012 ctrl_h=0x0019 result_h=0x001b
[AUTOPOS] READY peer[3]: link=anchor-ctrl connected=1 ready=0 pending=0 inflight=0 retries=0 start_failures=0 uuid=CEE5A7EFCB35F8A56B430047629F5309 name=- state_h=0x0012 ctrl_h=0x0019 result_h=0x001b
[AUTOPOS] READY peer[4]: link=anchor-ctrl connected=1 ready=0 pending=0 inflight=0 retries=0 start_failures=0 uuid=B9179575C776C98F1CB132DD6EDC6223 name=- state_h=0x0012 ctrl_h=0x0019 result_h=0x001b
[AUTOPOS] READY peer[6]: link=anchor-ctrl connected=1 ready=0 pending=0 inflight=0 retries=0 start_failures=0 uuid=A892AF05DD59CF0D0D3408AD74F364A1 name=- state_h=0x0012 ctrl_h=0x0019 result_h=0x001b
[AUTOPOS] Disconnected[3]: FD:64:2E:93:37:86 (random) reason=0x16 link=anchor-ctrl ready=0
[AUTOPOS] RECV_BG suppressed: quiesce disconnect restart blocked remaining=4
[AUTOPOS] AUTOPOS wait anchor cleared: waited=200 conn_count=4 ready_count=0
[AUTOPOS] READY count=0 target=anchor target_uuid=- conn_count=4 connecting_slot=-1 scan=0 auto=0
[AUTOPOS] READY peer[1]: link=anchor-ctrl connected=1 ready=0 pending=0 inflight=0 retries=0 start_failures=0 uuid=840C68591E90019821AACFF1B73AAA34 name=- state_h=0x0012 ctrl_h=0x0019 result_h=0x001b
[AUTOPOS] READY peer[2]: link=anchor-ctrl connected=1 ready=0 pending=0 inflight=0 retries=0 start_failures=0 uuid=4DC6B8187E33803AE8601FB0D7992B96 name=- state_h=0x0012 ctrl_h=0x0019 result_h=0x001b
[AUTOPOS] READY peer[4]: link=anchor-ctrl connected=1 ready=0 pending=0 inflight=0 retries=0 start_failures=0 uuid=B9179575C776C98F1CB132DD6EDC6223 name=- state_h=0x0012 ctrl_h=0x0019 result_h=0x001b
[AUTOPOS] READY peer[6]: link=anchor-ctrl connected=1 ready=0 pending=0 inflight=0 retries=0 start_failures=0 uuid=A892AF05DD59CF0D0D3408AD74F364A1 name=- state_h=0x0012 ctrl_h=0x0019 result_h=0x001b
[AUTOPOS] AUTOPOS wait anchor cleared: waited=1000 conn_count=4 ready_count=0
[AUTOPOS] READY count=0 target=anchor target_uuid=- conn_count=4 connecting_slot=-1 scan=0 auto=0
[AUTOPOS] READY peer[1]: link=anchor-ctrl connected=1 ready=0 pending=0 inflight=0 retries=0 start_failures=0 uuid=840C68591E90019821AACFF1B73AAA34 name=- state_h=0x0012 ctrl_h=0x0019 result_h=0x001b
[AUTOPOS] READY peer[2]: link=anchor-ctrl connected=1 ready=0 pending=0 inflight=0 retries=0 start_failures=0 uuid=4DC6B8187E33803AE8601FB0D7992B96 name=- state_h=0x0012 ctrl_h=0x0019 result_h=0x001b
[AUTOPOS] READY peer[4]: link=anchor-ctrl connected=1 ready=0 pending=0 inflight=0 retries=0 start_failures=0 uuid=B9179575C776C98F1CB132DD6EDC6223 name=- state_h=0x0012 ctrl_h=0x0019 result_h=0x001b
[AUTOPOS] READY peer[6]: link=anchor-ctrl connected=1 ready=0 pending=0 inflight=0 retries=0 start_failures=0 uuid=A892AF05DD59CF0D0D3408AD74F364A1 name=- state_h=0x0012 ctrl_h=0x0019 result_h=0x001b
[AUTOPOS] AUTOPOS wait anchor cleared: waited=2000 conn_count=4 ready_count=0
[AUTOPOS] READY count=0 target=anchor target_uuid=- conn_count=4 connecting_slot=-1 scan=0 auto=0
[AUTOPOS] READY peer[1]: link=anchor-ctrl connected=1 ready=0 pending=0 inflight=0 retries=0 start_failures=0 uuid=840C68591E90019821AACFF1B73AAA34 name=- state_h=0x0012 ctrl_h=0x0019 result_h=0x001b
[AUTOPOS] READY peer[2]: link=anchor-ctrl connected=1 ready=0 pending=0 inflight=0 retries=0 start_failures=0 uuid=4DC6B8187E33803AE8601FB0D7992B96 name=- state_h=0x0012 ctrl_h=0x0019 result_h=0x001b
[AUTOPOS] READY peer[4]: link=anchor-ctrl connected=1 ready=0 pending=0 inflight=0 retries=0 start_failures=0 uuid=B9179575C776C98F1CB132DD6EDC6223 name=- state_h=0x0012 ctrl_h=0x0019 result_h=0x001b
[AUTOPOS] READY peer[6]: link=anchor-ctrl connected=1 ready=0 pending=0 inflight=0 retries=0 start_failures=0 uuid=A892AF05DD59CF0D0D3408AD74F364A1 name=- state_h=0x0012 ctrl_h=0x0019 result_h=0x001b
[AUTOPOS] AUTOPOS wait anchor cleared: waited=3000 conn_count=4 ready_count=0
[AUTOPOS] READY count=0 target=anchor target_uuid=- conn_count=4 connecting_slot=-1 scan=0 auto=0
[AUTOPOS] READY peer[1]: link=anchor-ctrl connected=1 ready=0 pending=0 inflight=0 retries=0 start_failures=0 uuid=840C68591E90019821AACFF1B73AAA34 name=- state_h=0x0012 ctrl_h=0x0019 result_h=0x001b
[AUTOPOS] READY peer[2]: link=anchor-ctrl connected=1 ready=0 pending=0 inflight=0 retries=0 start_failures=0 uuid=4DC6B8187E33803AE8601FB0D7992B96 name=- state_h=0x0012 ctrl_h=0x0019 result_h=0x001b
[AUTOPOS] READY peer[4]: link=anchor-ctrl connected=1 ready=0 pending=0 inflight=0 retries=0 start_failures=0 uuid=B9179575C776C98F1CB132DD6EDC6223 name=- state_h=0x0012 ctrl_h=0x0019 result_h=0x001b
[AUTOPOS] READY peer[6]: link=anchor-ctrl connected=1 ready=0 pending=0 inflight=0 retries=0 start_failures=0 uuid=A892AF05DD59CF0D0D3408AD74F364A1 name=- state_h=0x0012 ctrl_h=0x0019 result_h=0x001b
[AUTOPOS] AUTOPOS wait anchor cleared timeout: waited=4000 conn_count=4 ready_count=0
[AUTOPOS] READY count=0 target=anchor target_uuid=- conn_count=4 connecting_slot=-1 scan=0 auto=0
[AUTOPOS] READY peer[1]: link=anchor-ctrl connected=1 ready=0 pending=0 inflight=0 retries=0 start_failures=0 uuid=840C68591E90019821AACFF1B73AAA34 name=- state_h=0x0012 ctrl_h=0x0019 result_h=0x001b
[AUTOPOS] READY peer[2]: link=anchor-ctrl connected=1 ready=0 pending=0 inflight=0 retries=0 start_failures=0 uuid=4DC6B8187E33803AE8601FB0D7992B96 name=- state_h=0x0012 ctrl_h=0x0019 result_h=0x001b
[AUTOPOS] READY peer[4]: link=anchor-ctrl connected=1 ready=0 pending=0 inflight=0 retries=0 start_failures=0 uuid=B9179575C776C98F1CB132DD6EDC6223 name=- state_h=0x0012 ctrl_h=0x0019 result_h=0x001b
[AUTOPOS] READY peer[6]: link=anchor-ctrl connected=1 ready=0 pending=0 inflight=0 retries=0 start_failures=0 uuid=A892AF05DD59CF0D0D3408AD74F364A1 name=- state_h=0x0012 ctrl_h=0x0019 result_h=0x001b
[AUTOPOS] Master discovery mode: CONN & START
[AUTOPOS] AUTOPOS wait anchor ready: uuid=4DC6B8187E33803AE8601FB0D7992B96 target peer already present; waiting for setup/discovery
[AUTOPOS] AUTOPOS wait anchor ready(reuse): waited=0 ready_count=0 target_peers=1
[AUTOPOS] READY count=0 target=anchor target_uuid=4DC6B8187E33803AE8601FB0D7992B96 conn_count=4 connecting_slot=-1 scan=0 auto=1
[AUTOPOS] READY peer[1]: link=anchor-ctrl connected=1 ready=0 pending=0 inflight=0 retries=0 start_failures=0 uuid=840C68591E90019821AACFF1B73AAA34 name=- state_h=0x0012 ctrl_h=0x0019 result_h=0x001b
[AUTOPOS] READY peer[2]: link=anchor-ctrl connected=1 ready=0 pending=0 inflight=0 retries=0 start_failures=0 uuid=4DC6B8187E33803AE8601FB0D7992B96 name=- state_h=0x0012 ctrl_h=0x0019 result_h=0x001b
[AUTOPOS] READY peer[4]: link=anchor-ctrl connected=1 ready=0 pending=0 inflight=0 retries=0 start_failures=0 uuid=B9179575C776C98F1CB132DD6EDC6223 name=- state_h=0x0012 ctrl_h=0x0019 result_h=0x001b
[AUTOPOS] READY peer[6]: link=anchor-ctrl connected=1 ready=0 pending=0 inflight=0 retries=0 start_failures=0 uuid=A892AF05DD59CF0D0D3408AD74F364A1 name=- state_h=0x0012 ctrl_h=0x0019 result_h=0x001b
[AUTOPOS] AUTOPOS wait anchor ready(reuse): waited=1000 ready_count=0 target_peers=1
[AUTOPOS] READY count=0 target=anchor target_uuid=4DC6B8187E33803AE8601FB0D7992B96 conn_count=4 connecting_slot=-1 scan=0 auto=1
[AUTOPOS] READY peer[1]: link=anchor-ctrl connected=1 ready=0 pending=0 inflight=0 retries=0 start_failures=0 uuid=840C68591E90019821AACFF1B73AAA34 name=- state_h=0x0012 ctrl_h=0x0019 result_h=0x001b
[AUTOPOS] READY peer[2]: link=anchor-ctrl connected=1 ready=0 pending=0 inflight=0 retries=0 start_failures=0 uuid=4DC6B8187E33803AE8601FB0D7992B96 name=- state_h=0x0012 ctrl_h=0x0019 result_h=0x001b
[AUTOPOS] READY peer[4]: link=anchor-ctrl connected=1 ready=0 pending=0 inflight=0 retries=0 start_failures=0 uuid=B9179575C776C98F1CB132DD6EDC6223 name=- state_h=0x0012 ctrl_h=0x0019 result_h=0x001b
[AUTOPOS] READY peer[6]: link=anchor-ctrl connected=1 ready=0 pending=0 inflight=0 retries=0 start_failures=0 uuid=A892AF05DD59CF0D0D3408AD74F364A1 name=- state_h=0x0012 ctrl_h=0x0019 result_h=0x001b
[AUTOPOS] AUTOPOS wait anchor ready(reuse): waited=2000 ready_count=0 target_peers=1
[AUTOPOS] READY count=0 target=anchor target_uuid=4DC6B8187E33803AE8601FB0D7992B96 conn_count=4 connecting_slot=-1 scan=0 auto=1
[AUTOPOS] READY peer[1]: link=anchor-ctrl connected=1 ready=0 pending=0 inflight=0 retries=0 start_failures=0 uuid=840C68591E90019821AACFF1B73AAA34 name=- state_h=0x0012 ctrl_h=0x0019 result_h=0x001b
[AUTOPOS] READY peer[2]: link=anchor-ctrl connected=1 ready=0 pending=0 inflight=0 retries=0 start_failures=0 uuid=4DC6B8187E33803AE8601FB0D7992B96 name=- state_h=0x0012 ctrl_h=0x0019 result_h=0x001b
[AUTOPOS] READY peer[4]: link=anchor-ctrl connected=1 ready=0 pending=0 inflight=0 retries=0 start_failures=0 uuid=B9179575C776C98F1CB132DD6EDC6223 name=- state_h=0x0012 ctrl_h=0x0019 result_h=0x001b
[AUTOPOS] READY peer[6]: link=anchor-ctrl connected=1 ready=0 pending=0 inflight=0 retries=0 start_failures=0 uuid=A892AF05DD59CF0D0D3408AD74F364A1 name=- state_h=0x0012 ctrl_h=0x0019 result_h=0x001b
[AUTOPOS] AUTOPOS wait anchor ready: uuid=4DC6B8187E33803AE8601FB0D7992B96 stale target peer did not become ready; clearing before fresh scan
[AUTOPOS] Master quiesce peer[1]: connected=1 ready=0 link=anchor-ctrl uuid=840C68591E90019821AACFF1B73AAA34
[AUTOPOS] Master quiesce peer[2]: connected=1 ready=0 link=anchor-ctrl uuid=4DC6B8187E33803AE8601FB0D7992B96
[AUTOPOS] Master quiesce peer[4]: connected=1 ready=0 link=anchor-ctrl uuid=B9179575C776C98F1CB132DD6EDC6223
[AUTOPOS] Master quiesce peer[6]: connected=1 ready=0 link=anchor-ctrl uuid=A892AF05DD59CF0D0D3408AD74F364A1
[AUTOPOS] AUTOPOS wait anchor cleared: waited=0 conn_count=4 ready_count=0
[AUTOPOS] READY count=0 target=anchor target_uuid=4DC6B8187E33803AE8601FB0D7992B96 conn_count=4 connecting_slot=-1 scan=0 auto=0
[AUTOPOS] READY peer[1]: link=anchor-ctrl connected=1 ready=0 pending=0 inflight=0 retries=0 start_failures=0 uuid=840C68591E90019821AACFF1B73AAA34 name=- state_h=0x0012 ctrl_h=0x0019 result_h=0x001b
[AUTOPOS] READY peer[2]: link=anchor-ctrl connected=1 ready=0 pending=0 inflight=0 retries=0 start_failures=0 uuid=4DC6B8187E33803AE8601FB0D7992B96 name=- state_h=0x0012 ctrl_h=0x0019 result_h=0x001b
[AUTOPOS] READY peer[4]: link=anchor-ctrl connected=1 ready=0 pending=0 inflight=0 retries=0 start_failures=0 uuid=B9179575C776C98F1CB132DD6EDC6223 name=- state_h=0x0012 ctrl_h=0x0019 result_h=0x001b
[AUTOPOS] READY peer[6]: link=anchor-ctrl connected=1 ready=0 pending=0 inflight=0 retries=0 start_failures=0 uuid=A892AF05DD59CF0D0D3408AD74F364A1 name=- state_h=0x0012 ctrl_h=0x0019 result_h=0x001b
[AUTOPOS] Disconnected[1]: E9:CB:F3:C4:51:43 (random) reason=0x08 link=anchor-ctrl ready=0
[AUTOPOS] RECV_BG suppressed: quiesce disconnect restart blocked remaining=3
[AUTOPOS] AUTOPOS wait anchor cleared: waited=400 conn_count=3 ready_count=0
[AUTOPOS] READY count=0 target=anchor target_uuid=4DC6B8187E33803AE8601FB0D7992B96 conn_count=3 connecting_slot=-1 scan=0 auto=0
[AUTOPOS] READY peer[2]: link=anchor-ctrl connected=1 ready=0 pending=0 inflight=0 retries=0 start_failures=0 uuid=4DC6B8187E33803AE8601FB0D7992B96 name=- state_h=0x0012 ctrl_h=0x0019 result_h=0x001b
[AUTOPOS] READY peer[4]: link=anchor-ctrl connected=1 ready=0 pending=0 inflight=0 retries=0 start_failures=0 uuid=B9179575C776C98F1CB132DD6EDC6223 name=- state_h=0x0012 ctrl_h=0x0019 result_h=0x001b
[AUTOPOS] READY peer[6]: link=anchor-ctrl connected=1 ready=0 pending=0 inflight=0 retries=0 start_failures=0 uuid=A892AF05DD59CF0D0D3408AD74F364A1 name=- state_h=0x0012 ctrl_h=0x0019 result_h=0x001b
[AUTOPOS] Disconnected[6]: D9:C7:9C:16:71:C9 (random) reason=0x08 link=anchor-ctrl ready=0
[AUTOPOS] RECV_BG suppressed: quiesce disconnect restart blocked remaining=2
[AUTOPOS] Disconnected[2]: F2:B7:4E:8A:79:01 (random) reason=0x08 link=anchor-ctrl ready=0
[AUTOPOS] RECV_BG suppressed: quiesce disconnect restart blocked remaining=1
[AUTOPOS] Disconnected[4]: C0:1D:D1:D0:CE:B0 (random) reason=0x08 link=anchor-ctrl ready=0
[AUTOPOS] RECV_BG suppressed: quiesce disconnect restart blocked remaining=0
[AUTOPOS] AUTOPOS wait anchor cleared: waited=500 conn_count=0 ready_count=0
[AUTOPOS] READY count=0 target=anchor target_uuid=4DC6B8187E33803AE8601FB0D7992B96 conn_count=0 connecting_slot=-1 scan=0 auto=0
[AUTOPOS] Master discovery mode: CONN & START
[AUTOPOS] SCAN start req: bt_ready=1 scan_running=0 connecting_slot=-1 conn_count=0 target=anchor prefix=ANCHOR-
[AUTOPOS] Scanning for ANCHOR-*
[AUTOPOS] AUTOPOS wait anchor ready: uuid=4DC6B8187E33803AE8601FB0D7992B96 timeout_ms=30000
[AUTOPOS] AUTOPOS wait anchor ready: waited=0 ready_count=0
[AUTOPOS] READY count=0 target=anchor target_uuid=4DC6B8187E33803AE8601FB0D7992B96 conn_count=0 connecting_slot=-1 scan=1 auto=1
[AUTOPOS] SCAN hit: F2:B7:4E:8A:79:01 (random) rssi=-74 name=- bs=- uuid=4DC6B8187E33803AE8601FB0D7992B96 target=anchor uuid_ok=1 tag_name=0 anchor_name=0 nus=0 dfu=0 token=0 props=0x03
[AUTOPOS] CONNECT queue[0]: addr=F2:B7:4E:8A:79:01 (random) link=anchor-ctrl uuid=4DC6B8187E33803AE8601FB0D7992B96 target=anchor
[AUTOPOS] CONNECT pending[0]: addr_valid=1 link=anchor-ctrl uuid=4DC6B8187E33803AE8601FB0D7992B96 scan_running=1 conn_count=0
[AUTOPOS] CONNECT pending[0]: bt_le_scan_stop rc=0 scan_running=1
[AUTOPOS] CONNECT pending[0] rc=0 conn=0x200048d8 interval=32-56 timeout=1000
[AUTOPOS] Connected[0]: F2:B7:4E:8A:79:01 (random) name=- bs=-
[AUTOPOS] CONNECT state[0]: link=anchor-ctrl uuid=4DC6B8187E33803AE8601FB0D7992B96 ready=0 conn=0x200048d8
SETUP[0] begin: link=anchor-ctrl uuid=4DC6B8187E33803AE8601FB0D7992B96 conn=0x200048d8
SETUP[0] anchor-ctrl: skip mtu/phy negotiation
SETUP[0] conn_param_update rc=0 interval=32-56 timeout=1000
ANCHOR_CTRL[0] static link ready state=0x0012 ctrl=0x0019 result=0x001b uuid=4DC6B8187E33803AE8601FB0D7992B96
[AUTOPOS] AUTOPOS wait anchor ready: waited=800 ready_count=1
[AUTOPOS] READY count=1 target=anchor target_uuid=4DC6B8187E33803AE8601FB0D7992B96 conn_count=1 connecting_slot=-1 scan=0 auto=1
[AUTOPOS] READY peer[0]: link=anchor-ctrl connected=1 ready=1 pending=0 inflight=0 retries=0 start_failures=0 uuid=4DC6B8187E33803AE8601FB0D7992B96 name=- state_h=0x0012 ctrl_h=0x0019 result_h=0x001b
[AUTOPOS] AUTOPOS wait anchor ready: uuid=4DC6B8187E33803AE8601FB0D7992B96 control link ready
[AUTOPOS] AUTOPOS state: STATE fw=alt-bcast-a40
[AUTOPOS] Anchor ctrl sent[0]: RUNTIME MATRIX FORCE uuid=4DC6B8187E33803AE8601FB0D7992B96
[AUTOPOS] AUTOPOS result: OK RUNTIME_RESTART_REQ
[AUTOPOS] Conn param updated[0]: int=56 lat=0 to=1000
[AUTOPOS] anchor runtime role rc=0 target=A uuid=4DC6B8187E33803AE8601FB0D7992B96 role=matrix ack=runtime
[AUTOPOS] Master quiesce peer[0]: connected=1 ready=1 link=anchor-ctrl uuid=4DC6B8187E33803AE8601FB0D7992B96
[AUTOPOS] AUTOPOS wait anchor cleared: waited=0 conn_count=1 ready_count=0
[AUTOPOS] READY count=0 target=anchor target_uuid=4DC6B8187E33803AE8601FB0D7992B96 conn_count=1 connecting_slot=-1 scan=0 auto=0
[AUTOPOS] READY peer[0]: link=anchor-ctrl connected=1 ready=0 pending=0 inflight=0 retries=0 start_failures=0 uuid=4DC6B8187E33803AE8601FB0D7992B96 name=- state_h=0x0012 ctrl_h=0x0019 result_h=0x001b
[AUTOPOS] Disconnected[0]: F2:B7:4E:8A:79:01 (random) reason=0x16 link=anchor-ctrl ready=0
[AUTOPOS] RECV_BG suppressed: quiesce disconnect restart blocked remaining=0
[AUTOPOS] AUTOPOS wait anchor cleared: waited=100 conn_count=0 ready_count=0
[AUTOPOS] READY count=0 target=anchor target_uuid=4DC6B8187E33803AE8601FB0D7992B96 conn_count=0 connecting_slot=-1 scan=0 auto=0
[AUTOPOS] Master discovery mode: CONN & START
[AUTOPOS] Master discovery mode: CONN & START
[AUTOPOS] SCAN start req: bt_ready=1 scan_running=0 connecting_slot=-1 conn_count=0 target=anchor prefix=ANCHOR-
[AUTOPOS] Scanning for ANCHOR-*
[AUTOPOS] AUTOPOS wait anchor ready: uuid=B9179575C776C98F1CB132DD6EDC6223 timeout_ms=30000
[AUTOPOS] AUTOPOS wait anchor ready: waited=0 ready_count=0
[AUTOPOS] READY count=0 target=anchor target_uuid=B9179575C776C98F1CB132DD6EDC6223 conn_count=0 connecting_slot=-1 scan=1 auto=1
[AUTOPOS] SCAN hit: C0:1D:D1:D0:CE:B0 (random) rssi=-59 name=- bs=- uuid=B9179575C776C98F1CB132DD6EDC6223 target=anchor uuid_ok=1 tag_name=0 anchor_name=0 nus=0 dfu=0 token=0 props=0x03
[AUTOPOS] CONNECT queue[0]: addr=C0:1D:D1:D0:CE:B0 (random) link=anchor-ctrl uuid=B9179575C776C98F1CB132DD6EDC6223 target=anchor
[AUTOPOS] CONNECT pending[0]: addr_valid=1 link=anchor-ctrl uuid=B9179575C776C98F1CB132DD6EDC6223 scan_running=1 conn_count=0
[AUTOPOS] CONNECT pending[0]: bt_le_scan_stop rc=0 scan_running=1
[AUTOPOS] CONNECT pending[0] rc=0 conn=0x200048d8 interval=32-56 timeout=1000
[AUTOPOS] Connected[0]: C0:1D:D1:D0:CE:B0 (random) name=- bs=-
[AUTOPOS] CONNECT state[0]: link=anchor-ctrl uuid=B9179575C776C98F1CB132DD6EDC6223 ready=0 conn=0x200048d8
SETUP[0] begin: link=anchor-ctrl uuid=B9179575C776C98F1CB132DD6EDC6223 conn=0x200048d8
SETUP[0] anchor-ctrl: skip mtu/phy negotiation
SETUP[0] conn_param_update rc=0 interval=32-56 timeout=1000
ANCHOR_CTRL[0] static link ready state=0x0012 ctrl=0x0019 result=0x001b uuid=B9179575C776C98F1CB132DD6EDC6223
[AUTOPOS] AUTOPOS wait anchor ready: waited=800 ready_count=1
[AUTOPOS] READY count=1 target=anchor target_uuid=B9179575C776C98F1CB132DD6EDC6223 conn_count=1 connecting_slot=-1 scan=0 auto=1
[AUTOPOS] READY peer[0]: link=anchor-ctrl connected=1 ready=1 pending=0 inflight=0 retries=0 start_failures=0 uuid=B9179575C776C98F1CB132DD6EDC6223 name=- state_h=0x0012 ctrl_h=0x0019 result_h=0x001b
[AUTOPOS] AUTOPOS wait anchor ready: uuid=B9179575C776C98F1CB132DD6EDC6223 control link ready
[AUTOPOS] Disconnected[0]: C0:1D:D1:D0:CE:B0 (random) reason=0x3e link=anchor-ctrl ready=1
[AUTOPOS] SCAN start req: bt_ready=1 scan_running=0 connecting_slot=-1 conn_count=0 target=anchor prefix=ANCHOR-
[AUTOPOS] anchor runtime role state precheck failed: target=B uuid=B9179575C776C98F1CB132DD6EDC6223 rc=-5
[AUTOPOS] [AUTOPOS] Scanning for ANCHOR-*
BLE cmd not sent: considered=0 target_kind=anchor target_name=- target_uuid=B9179575C776C98F1CB132DD6EDC6223 target_prefix=-
[AUTOPOS] anchor runtime role command send failed: target=B uuid=B9179575C776C98F1CB132DD6EDC6223 rc=-128
[AUTOPOS] anchor role all matrix target=B attempt=1 rc=-128; retry after clean disconnect
[AUTOPOS] AUTOPOS wait anchor cleared: waited=0 conn_count=0 ready_count=0
[AUTOPOS] READY count=0 target=anchor target_uuid=B9179575C776C98F1CB132DD6EDC6223 conn_count=0 connecting_slot=-1 scan=0 auto=0
[AUTOPOS] Master discovery mode: CONN & START
[AUTOPOS] Master discovery mode: CONN & START
[AUTOPOS] SCAN start req: bt_ready=1 scan_running=0 connecting_slot=-1 conn_count=0 target=anchor prefix=ANCHOR-
[AUTOPOS] Scanning for ANCHOR-*
[AUTOPOS] AUTOPOS wait anchor ready: uuid=B9179575C776C98F1CB132DD6EDC6223 timeout_ms=30000
[AUTOPOS] AUTOPOS wait anchor ready: waited=0 ready_count=0
[AUTOPOS] READY count=0 target=anchor target_uuid=B9179575C776C98F1CB132DD6EDC6223 conn_count=0 connecting_slot=-1 scan=1 auto=1
[AUTOPOS] SCAN hit: C0:1D:D1:D0:CE:B0 (random) rssi=-59 name=- bs=- uuid=B9179575C776C98F1CB132DD6EDC6223 target=anchor uuid_ok=1 tag_name=0 anchor_name=0 nus=0 dfu=0 token=0 props=0x03
[AUTOPOS] CONNECT queue[0]: addr=C0:1D:D1:D0:CE:B0 (random) link=anchor-ctrl uuid=B9179575C776C98F1CB132DD6EDC6223 target=anchor
[AUTOPOS] CONNECT pending[0]: addr_valid=1 link=anchor-ctrl uuid=B9179575C776C98F1CB132DD6EDC6223 scan_running=1 conn_count=0
[AUTOPOS] CONNECT pending[0]: bt_le_scan_stop rc=0 scan_running=1
[AUTOPOS] CONNECT pending[0] rc=0 conn=0x200048d8 interval=32-56 timeout=1000
[AUTOPOS] AUTOPOS wait anchor ready: waited=1000 ready_count=0
[AUTOPOS] READY count=0 target=anchor target_uuid=B9179575C776C98F1CB132DD6EDC6223 conn_count=0 connecting_slot=0 scan=0 auto=1
[AUTOPOS] READY pee[AUTOPOS] Connected[0]: C0:1D:D1:D0:CE:B0 (random) name=- bs=-
[AUTOPOS] CONNECT state[0]: link=anchor-ctrl uuid=B9179575C776C98F1CB132DD6EDC6223 ready=0 conn=0x200048d8
r[0]: link=anchor-ctrl connected=0 ready=0 pending=1 inflight=0 retries=0 start_failures=0 uuid=B9179575C776C98F1CB132DD6EDC6223 name=- state_h=0x0000 ctrl_h=0x0000 result_h=0x0000
SETUP[0] begin: link=anchor-ctrl uuid=B9179575C776C98F1CB132DD6EDC6223 conn=0x200048d8
SETUP[0] anchor-ctrl: skip mtu/phy negotiation
SETUP[0] conn_param_update rc=0 interval=32-56 timeout=1000
ANCHOR_CTRL[0] static link ready state=0x0012 ctrl=0x0019 result=0x001b uuid=B9179575C776C98F1CB132DD6EDC6223
[AUTOPOS] AUTOPOS wait anchor ready: waited=1200 ready_count=1
[AUTOPOS] READY count=1 target=anchor target_uuid=B9179575C776C98F1CB132DD6EDC6223 conn_count=1 connecting_slot=-1 scan=0 auto=1
[AUTOPOS] READY peer[0]: link=anchor-ctrl connected=1 ready=1 pending=0 inflight=0 retries=0 start_failures=0 uuid=B9179575C776C98F1CB132DD6EDC6223 name=- state_h=0x0012 ctrl_h=0x0019 result_h=0x001b
[AUTOPOS] AUTOPOS wait anchor ready: uuid=B9179575C776C98F1CB132DD6EDC6223 control link ready
[AUTOPOS] Disconnected[0]: C0:1D:D1:D0:CE:B0 (random) reason=0x3e link=anchor-ctrl ready=1
[AUTOPOS] SCAN start req: bt_ready=1 scan_running=0 connecting_slot=-1 conn_count=0 target=anchor prefix=ANCHOR-
[AUTOPOS] anchor runtime role state precheck failed: target=B uuid=B9179575C776C98F1CB132DD6EDC6223 rc=-5
[AUTOPOS] [AUTOPOS] Scanning for ANCHOR-*
BLE cmd not sent: considered=0 target_kind=anchor target_name=- target_uuid=B9179575C776C98F1CB132DD6EDC6223 target_prefix=-
[AUTOPOS] anchor runtime role command send failed: target=B uuid=B9179575C776C98F1CB132DD6EDC6223 rc=-128
[AUTOPOS] anchor role all matrix target=B attempt=2 rc=-128; retry after clean disconnect
[AUTOPOS] AUTOPOS wait anchor cleared: waited=0 conn_count=0 ready_count=0
[AUTOPOS] READY count=0 target=anchor target_uuid=B9179575C776C98F1CB132DD6EDC6223 conn_count=0 connecting_slot=-1 scan=0 auto=0
[AUTOPOS] Master discovery mode: CONN & START
[AUTOPOS] Master discovery mode: CONN & START
[AUTOPOS] SCAN start req: bt_ready=1 scan_running=0 connecting_slot=-1 conn_count=0 target=anchor prefix=ANCHOR-
[AUTOPOS] Scanning for ANCHOR-*
[AUTOPOS] AUTOPOS wait anchor ready: uuid=B9179575C776C98F1CB132DD6EDC6223 timeout_ms=30000
[AUTOPOS] AUTOPOS wait anchor ready: waited=0 ready_count=0
[AUTOPOS] READY count=0 target=anchor target_uuid=B9179575C776C98F1CB132DD6EDC6223 conn_count=0 connecting_slot=-1 scan=1 auto=1
[AUTOPOS] SCAN hit: C0:1D:D1:D0:CE:B0 (random) rssi=-53 name=- bs=- uuid=B9179575C776C98F1CB132DD6EDC6223 target=anchor uuid_ok=1 tag_name=0 anchor_name=0 nus=0 dfu=0 token=0 props=0x03
[AUTOPOS] CONNECT queue[0]: addr=C0:1D:D1:D0:CE:B0 (random) link=anchor-ctrl uuid=B9179575C776C98F1CB132DD6EDC6223 target=anchor
[AUTOPOS] CONNECT pending[0]: addr_valid=1 link=anchor-ctrl uuid=B9179575C776C98F1CB132DD6EDC6223 scan_running=1 conn_count=0
[AUTOPOS] CONNECT pending[0]: bt_le_scan_stop rc=0 scan_running=1
[AUTOPOS] CONNECT pending[0] rc=0 conn=0x200048d8 interval=32-56 timeout=1000
[AUTOPOS] Connected[0]: C0:1D:D1:D0:CE:B0 (random) name=- bs=-
[AUTOPOS] CONNECT state[0]: link=anchor-ctrl uuid=B9179575C776C98F1CB132DD6EDC6223 ready=0 conn=0x200048d8
SETUP[0] begin: link=anchor-ctrl uuid=B9179575C776C98F1CB132DD6EDC6223 conn=0x200048d8
SETUP[0] anchor-ctrl: skip mtu/phy negotiation
SETUP[0] conn_param_update rc=0 interval=32-56 timeout=1000
ANCHOR_CTRL[0] static link ready state=0x0012 ctrl=0x0019 result=0x001b uuid=B9179575C776C98F1CB132DD6EDC6223
[AUTOPOS] AUTOPOS wait anchor ready: waited=600 ready_count=1
[AUTOPOS] READY count=1 target=anchor target_uuid=B9179575C776C98F1CB132DD6EDC6223 conn_count=1 connecting_slot=-1 scan=0 auto=1
[AUTOPOS] READY peer[0]: link=anchor-ctrl connected=1 ready=1 pending=0 inflight=0 retries=0 start_failures=0 uuid=B9179575C776C98F1CB132DD6EDC6223 name=- state_h=0x0012 ctrl_h=0x0019 result_h=0x001b
[AUTOPOS] AUTOPOS wait anchor ready: uuid=B9179575C776C98F1CB132DD6EDC6223 control link ready
[AUTOPOS] AUTOPOS state: STATE fw=alt-bcast-a40
[AUTOPOS] Anchor ctrl sent[0]: RUNTIME MATRIX FORCE uuid=B9179575C776C98F1CB132DD6EDC6223
[AUTOPOS] AUTOPOS result: OK RUNTIME_RESTART_REQ
[AUTOPOS] Conn param updated[0]: int=56 lat=0 to=1000
[AUTOPOS] anchor runtime role rc=0 target=B uuid=B9179575C776C98F1CB132DD6EDC6223 role=matrix ack=runtime
[AUTOPOS] Master quiesce peer[0]: connected=1 ready=1 link=anchor-ctrl uuid=B9179575C776C98F1CB132DD6EDC6223
[AUTOPOS] AUTOPOS wait anchor cleared: waited=0 conn_count=1 ready_count=0
[AUTOPOS] READY count=0 target=anchor target_uuid=B9179575C776C98F1CB132DD6EDC6223 conn_count=1 connecting_slot=-1 scan=0 auto=0
[AUTOPOS] READY peer[0]: link=anchor-ctrl connected=1 ready=0 pending=0 inflight=0 retries=0 start_failures=0 uuid=B9179575C776C98F1CB132DD6EDC6223 name=- state_h=0x0012 ctrl_h=0x0019 result_h=0x001b
[AUTOPOS] Disconnected[0]: C0:1D:D1:D0:CE:B0 (random) reason=0x16 link=anchor-ctrl ready=0
[AUTOPOS] RECV_BG suppressed: quiesce disconnect restart blocked remaining=0
[AUTOPOS] AUTOPOS wait anchor cleared: waited=100 conn_count=0 ready_count=0
[AUTOPOS] READY count=0 target=anchor target_uuid=B9179575C776C98F1CB132DD6EDC6223 conn_count=0 connecting_slot=-1 scan=0 auto=0
[AUTOPOS] Master discovery mode: CONN & START
[AUTOPOS] Master discovery mode: CONN & START
[AUTOPOS] SCAN start req: bt_ready=1 scan_running=0 connecting_slot=-1 conn_count=0 target=anchor prefix=ANCHOR-
[AUTOPOS] Scanning for ANCHOR-*
[AUTOPOS] AUTOPOS wait anchor ready: uuid=CEE5A7EFCB35F8A56B430047629F5309 timeout_ms=30000
[AUTOPOS] AUTOPOS wait anchor ready: waited=0 ready_count=0
[AUTOPOS] READY count=0 target=anchor target_uuid=CEE5A7EFCB35F8A56B430047629F5309 conn_count=0 connecting_slot=-1 scan=1 auto=1
[AUTOPOS] SCAN hit: FD:64:2E:93:37:86 (random) rssi=-64 name=- bs=- uuid=CEE5A7EFCB35F8A56B430047629F5309 target=anchor uuid_ok=1 tag_name=0 anchor_name=0 nus=0 dfu=0 token=0 props=0x03
[AUTOPOS] CONNECT queue[0]: addr=FD:64:2E:93:37:86 (random) link=anchor-ctrl uuid=CEE5A7EFCB35F8A56B430047629F5309 target=anchor
[AUTOPOS] CONNECT pending[0]: addr_valid=1 link=anchor-ctrl uuid=CEE5A7EFCB35F8A56B430047629F5309 scan_running=1 conn_count=0
[AUTOPOS] CONNECT pending[0]: bt_le_scan_stop rc=0 scan_running=1
[AUTOPOS] CONNECT pending[0] rc=0 conn=0x200048d8 interval=32-56 timeout=1000
[AUTOPOS] Connected[0]: FD:64:2E:93:37:86 (random) name=- bs=-
[AUTOPOS] CONNECT state[0]: link=anchor-ctrl uuid=CEE5A7EFCB35F8A56B430047629F5309 ready=0 conn=0x200048d8
SETUP[0] begin: link=anchor-ctrl uuid=CEE5A7EFCB35F8A56B430047629F5309 conn=0x200048d8
SETUP[0] anchor-ctrl: skip mtu/phy negotiation
SETUP[0] conn_param_update rc=0 interval=32-56 timeout=1000
ANCHOR_CTRL[0] static link ready state=0x0012 ctrl=0x0019 result=0x001b uuid=CEE5A7EFCB35F8A56B430047629F5309
[AUTOPOS] AUTOPOS wait anchor ready: waited=800 ready_count=1
[AUTOPOS] READY count=1 target=anchor target_uuid=CEE5A7EFCB35F8A56B430047629F5309 conn_count=1 connecting_slot=-1 scan=0 auto=1
[AUTOPOS] READY peer[0]: link=anchor-ctrl connected=1 ready=1 pending=0 inflight=0 retries=0 start_failures=0 uuid=CEE5A7EFCB35F8A56B430047629F5309 name=- state_h=0x0012 ctrl_h=0x0019 result_h=0x001b
[AUTOPOS] AUTOPOS wait anchor ready: uuid=CEE5A7EFCB35F8A56B430047629F5309 control link ready
[AUTOPOS] AUTOPOS state: STATE fw=alt-bcast-a40
[AUTOPOS] Anchor ctrl sent[0]: RUNTIME MATRIX FORCE uuid=CEE5A7EFCB35F8A56B430047629F5309
[AUTOPOS] AUTOPOS result: DBG ROLE_SWITCH anchor
[AUTOPOS] Conn param updated[0]: int=56 lat=0 to=1000
[AUTOPOS] AUTOPOS result: DBG ROLE_SWITCH anchor
[AUTOPOS] AUTOPOS result: DBG ROLE_SWITCH anchor
[AUTOPOS] anchor runtime role rc=0 target=C uuid=CEE5A7EFCB35F8A56B430047629F5309 role=matrix ack=runtime
[AUTOPOS] Master quiesce peer[0]: connected=1 ready=1 link=anchor-ctrl uuid=CEE5A7EFCB35F8A56B430047629F5309
[AUTOPOS] AUTOPOS wait anchor cleared: waited=0 conn_count=1 ready_count=0
[AUTOPOS] READY count=0 target=anchor target_uuid=CEE5A7EFCB35F8A56B430047629F5309 conn_count=1 connecting_slot=-1 scan=0 auto=0
[AUTOPOS] READY peer[0]: link=anchor-ctrl connected=1 ready=0 pending=0 inflight=0 retries=0 start_failures=0 uuid=CEE5A7EFCB35F8A56B430047629F5309 name=- state_h=0x0012 ctrl_h=0x0019 result_h=0x001b
[AUTOPOS] Disconnected[0]: FD:64:2E:93:37:86 (random) reason=0x16 link=anchor-ctrl ready=0
[AUTOPOS] RECV_BG suppressed: quiesce disconnect restart blocked remaining=0
[AUTOPOS] AUTOPOS wait anchor cleared: waited=100 conn_count=0 ready_count=0
[AUTOPOS] READY count=0 target=anchor target_uuid=CEE5A7EFCB35F8A56B430047629F5309 conn_count=0 connecting_slot=-1 scan=0 auto=0
[AUTOPOS] Master discovery mode: CONN & START
[AUTOPOS] Master discovery mode: CONN & START
[AUTOPOS] SCAN start req: bt_ready=1 scan_running=0 connecting_slot=-1 conn_count=0 target=anchor prefix=ANCHOR-
[AUTOPOS] Scanning for ANCHOR-*
[AUTOPOS] AUTOPOS wait anchor ready: uuid=B2B5FA625534A8C617135DCAFC9E036A timeout_ms=30000
[AUTOPOS] AUTOPOS wait anchor ready: waited=0 ready_count=0
[AUTOPOS] READY count=0 target=anchor target_uuid=B2B5FA625534A8C617135DCAFC9E036A conn_count=0 connecting_slot=-1 scan=1 auto=1
[AUTOPOS] SCAN hit: F9:5B:1A:A3:84:45 (random) rssi=-58 name=- bs=- uuid=B2B5FA625534A8C617135DCAFC9E036A target=anchor uuid_ok=1 tag_name=0 anchor_name=0 nus=0 dfu=0 token=0 props=0x03
[AUTOPOS] CONNECT queue[0]: addr=F9:5B:1A:A3:84:45 (random) link=anchor-ctrl uuid=B2B5FA625534A8C617135DCAFC9E036A target=anchor
[AUTOPOS] CONNECT pending[0]: addr_valid=1 link=anchor-ctrl uuid=B2B5FA625534A8C617135DCAFC9E036A scan_running=1 conn_count=0
[AUTOPOS] CONNECT pending[0]: bt_le_scan_stop rc=0 scan_running=1
[AUTOPOS] CONNECT pending[0] rc=0 conn=0x200048d8 interval=32-56 timeout=1000
[AUTOPOS] Connected[0]: F9:5B:1A:A3:84:45 (random) name=- bs=-
[AUTOPOS] CONNECT state[0]: link=anchor-ctrl uuid=B2B5FA625534A8C617135DCAFC9E036A ready=0 conn=0x200048d8
SETUP[0] begin: link=anchor-ctrl uuid=B2B5FA625534A8C617135DCAFC9E036A conn=0x200048d8
SETUP[0] anchor-ctrl: skip mtu/phy negotiation
SETUP[0] conn_param_update rc=0 interval=32-56 timeout=1000
ANCHOR_CTRL[0] static link ready state=0x0012 ctrl=0x0019 result=0x001b uuid=B2B5FA625534A8C617135DCAFC9E036A
[AUTOPOS] AUTOPOS wait anchor ready: waited=800 ready_count=1
[AUTOPOS] READY count=1 target=anchor target_uuid=B2B5FA625534A8C617135DCAFC9E036A conn_count=1 connecting_slot=-1 scan=0 auto=1
[AUTOPOS] READY peer[0]: link=anchor-ctrl connected=1 ready=1 pending=0 inflight=0 retries=0 start_failures=0 uuid=B2B5FA625534A8C617135DCAFC9E036A name=- state_h=0x0012 ctrl_h=0x0019 result_h=0x001b
[AUTOPOS] AUTOPOS wait anchor ready: uuid=B2B5FA625534A8C617135DCAFC9E036A control link ready
[AUTOPOS] AUTOPOS state: STATE fw=alt-bcast-a40
[AUTOPOS] Anchor ctrl sent[0]: RUNTIME MATRIX FORCE uuid=B2B5FA625534A8C617135DCAFC9E036A
[AUTOPOS] AUTOPOS result: DBG ROLE_SWITCH anchor
[AUTOPOS] Conn param updated[0]: int=56 lat=0 to=1000
[AUTOPOS] AUTOPOS result: DBG ROLE_SWITCH anchor
[AUTOPOS] AUTOPOS result: DBG ROLE_SWITCH anchor
[AUTOPOS] anchor runtime role rc=0 target=D uuid=B2B5FA625534A8C617135DCAFC9E036A role=matrix ack=runtime
[AUTOPOS] Master quiesce peer[0]: connected=1 ready=1 link=anchor-ctrl uuid=B2B5FA625534A8C617135DCAFC9E036A
[AUTOPOS] AUTOPOS wait anchor cleared: waited=0 conn_count=1 ready_count=0
[AUTOPOS] READY count=0 target=anchor target_uuid=B2B5FA625534A8C617135DCAFC9E036A conn_count=1 connecting_slot=-1 scan=0 auto=0
[AUTOPOS] READY peer[0]: link=anchor-ctrl connected=1 ready=0 pending=0 inflight=0 retries=0 start_failures=0 uuid=B2B5FA625534A8C617135DCAFC9E036A name=- state_h=0x0012 ctrl_h=0x0019 result_h=0x001b
[AUTOPOS] Disconnected[0]: F9:5B:1A:A3:84:45 (random) reason=0x16 link=anchor-ctrl ready=0
[AUTOPOS] RECV_BG suppressed: quiesce disconnect restart blocked remaining=0
[AUTOPOS] AUTOPOS wait anchor cleared: waited=100 conn_count=0 ready_count=0
[AUTOPOS] READY count=0 target=anchor target_uuid=B2B5FA625534A8C617135DCAFC9E036A conn_count=0 connecting_slot=-1 scan=0 auto=0
[AUTOPOS] Master discovery mode: CONN & START
[AUTOPOS] Master discovery mode: CONN & START
[AUTOPOS] SCAN start req: bt_ready=1 scan_running=0 connecting_slot=-1 conn_count=0 target=anchor prefix=ANCHOR-
[AUTOPOS] Scanning for ANCHOR-*
[AUTOPOS] AUTOPOS wait anchor ready: uuid=A892AF05DD59CF0D0D3408AD74F364A1 timeout_ms=30000
[AUTOPOS] AUTOPOS wait anchor ready: waited=0 ready_count=0
[AUTOPOS] READY count=0 target=anchor target_uuid=A892AF05DD59CF0D0D3408AD74F364A1 conn_count=0 connecting_slot=-1 scan=1 auto=1
[AUTOPOS] SCAN hit: D9:C7:9C:16:71:C9 (random) rssi=-69 name=- bs=- uuid=A892AF05DD59CF0D0D3408AD74F364A1 target=anchor uuid_ok=1 tag_name=0 anchor_name=0 nus=0 dfu=0 token=0 props=0x03
[AUTOPOS] CONNECT queue[0]: addr=D9:C7:9C:16:71:C9 (random) link=anchor-ctrl uuid=A892AF05DD59CF0D0D3408AD74F364A1 target=anchor
[AUTOPOS] CONNECT pending[0]: addr_valid=1 link=anchor-ctrl uuid=A892AF05DD59CF0D0D3408AD74F364A1 scan_running=1 conn_count=0
[AUTOPOS] CONNECT pending[0]: bt_le_scan_stop rc=0 scan_running=1
[AUTOPOS] CONNECT pending[0] rc=0 conn=0x200048d8 interval=32-56 timeout=1000
[AUTOPOS] Connected[0]: D9:C7:9C:16:71:C9 (random) name=- bs=-
[AUTOPOS] CONNECT state[0]: link=anchor-ctrl uuid=A892AF05DD59CF0D0D3408AD74F364A1 ready=0 conn=0x200048d8
SETUP[0] begin: link=anchor-ctrl uuid=A892AF05DD59CF0D0D3408AD74F364A1 conn=0x200048d8
SETUP[0] anchor-ctrl: skip mtu/phy negotiation
SETUP[0] conn_param_update rc=0 interval=32-56 timeout=1000
ANCHOR_CTRL[0] static link ready state=0x0012 ctrl=0x0019 result=0x001b uuid=A892AF05DD59CF0D0D3408AD74F364A1
[AUTOPOS] AUTOPOS wait anchor ready: waited=800 ready_count=1
[AUTOPOS] READY count=1 target=anchor target_uuid=A892AF05DD59CF0D0D3408AD74F364A1 conn_count=1 connecting_slot=-1 scan=0 auto=1
[AUTOPOS] READY peer[0]: link=anchor-ctrl connected=1 ready=1 pending=0 inflight=0 retries=0 start_failures=0 uuid=A892AF05DD59CF0D0D3408AD74F364A1 name=- state_h=0x0012 ctrl_h=0x0019 result_h=0x001b
[AUTOPOS] AUTOPOS wait anchor ready: uuid=A892AF05DD59CF0D0D3408AD74F364A1 control link ready
[AUTOPOS] AUTOPOS state: STATE fw=alt-bcast-a40
[AUTOPOS] Anchor ctrl sent[0]: RUNTIME MATRIX FORCE uuid=A892AF05DD59CF0D0D3408AD74F364A1
[AUTOPOS] AUTOPOS result: OK RUNTIME_RESTART_REQ
[AUTOPOS] Conn param updated[0]: int=56 lat=0 to=1000
[AUTOPOS] anchor runtime role rc=0 target=E uuid=A892AF05DD59CF0D0D3408AD74F364A1 role=matrix ack=runtime
[AUTOPOS] Master quiesce peer[0]: connected=1 ready=1 link=anchor-ctrl uuid=A892AF05DD59CF0D0D3408AD74F364A1
[AUTOPOS] AUTOPOS wait anchor cleared: waited=0 conn_count=1 ready_count=0
[AUTOPOS] READY count=0 target=anchor target_uuid=A892AF05DD59CF0D0D3408AD74F364A1 conn_count=1 connecting_slot=-1 scan=0 auto=0
[AUTOPOS] READY peer[0]: link=anchor-ctrl connected=1 ready=0 pending=0 inflight=0 retries=0 start_failures=0 uuid=A892AF05DD59CF0D0D3408AD74F364A1 name=- state_h=0x0012 ctrl_h=0x0019 result_h=0x001b
[AUTOPOS] Disconnected[0]: D9:C7:9C:16:71:C9 (random) reason=0x16 link=anchor-ctrl ready=0
[AUTOPOS] RECV_BG suppressed: quiesce disconnect restart blocked remaining=0
[AUTOPOS] AUTOPOS wait anchor cleared: waited=100 conn_count=0 ready_count=0
[AUTOPOS] READY count=0 target=anchor target_uuid=A892AF05DD59CF0D0D3408AD74F364A1 conn_count=0 connecting_slot=-1 scan=0 auto=0
[AUTOPOS] Master discovery mode: CONN & START
[AUTOPOS] Master discovery mode: CONN & START
[AUTOPOS] SCAN start req: bt_ready=1 scan_running=0 connecting_slot=-1 conn_count=0 target=anchor prefix=ANCHOR-
[AUTOPOS] Scanning for ANCHOR-*
[AUTOPOS] AUTOPOS wait anchor ready: uuid=840C68591E90019821AACFF1B73AAA34 timeout_ms=30000
[AUTOPOS] AUTOPOS wait anchor ready: waited=0 ready_count=0
[AUTOPOS] READY count=0 target=anchor target_uuid=840C68591E90019821AACFF1B73AAA34 conn_count=0 connecting_slot=-1 scan=1 auto=1
[AUTOPOS] SCAN hit: E9:CB:F3:C4:51:43 (random) rssi=-46 name=- bs=- uuid=840C68591E90019821AACFF1B73AAA34 target=anchor uuid_ok=1 tag_name=0 anchor_name=0 nus=0 dfu=0 token=0 props=0x03
[AUTOPOS] CONNECT queue[0]: addr=E9:CB:F3:C4:51:43 (random) link=anchor-ctrl uuid=840C68591E90019821AACFF1B73AAA34 target=anchor
[AUTOPOS] CONNECT pending[0]: addr_valid=1 link=anchor-ctrl uuid=840C68591E90019821AACFF1B73AAA34 scan_running=1 conn_count=0
[AUTOPOS] CONNECT pending[0]: bt_le_scan_stop rc=0 scan_running=1
[AUTOPOS] CONNECT pending[0] rc=0 conn=0x200048d8 interval=32-56 timeout=1000
[AUTOPOS] Connected[0]: E9:CB:F3:C4:51:43 (random) name=- bs=-
[AUTOPOS] CONNECT state[0]: link=anchor-ctrl uuid=840C68591E90019821AACFF1B73AAA34 ready=0 conn=0x200048d8
SETUP[0] begin: link=anchor-ctrl uuid=840C68591E90019821AACFF1B73AAA34 conn=0x200048d8
SETUP[0] anchor-ctrl: skip mtu/phy negotiation
SETUP[0] conn_param_update rc=0 interval=32-56 timeout=1000
ANCHOR_CTRL[0] static link ready state=0x0012 ctrl=0x0019 result=0x001b uuid=840C68591E90019821AACFF1B73AAA34
[AUTOPOS] AUTOPOS wait anchor ready: waited=800 ready_count=1
[AUTOPOS] READY count=1 target=anchor target_uuid=840C68591E90019821AACFF1B73AAA34 conn_count=1 connecting_slot=-1 scan=0 auto=1
[AUTOPOS] READY peer[0]: link=anchor-ctrl connected=1 ready=1 pending=0 inflight=0 retries=0 start_failures=0 uuid=840C68591E90019821AACFF1B73AAA34 name=- state_h=0x0012 ctrl_h=0x0019 result_h=0x001b
[AUTOPOS] AUTOPOS wait anchor ready: uuid=840C68591E90019821AACFF1B73AAA34 control link ready
[AUTOPOS] AUTOPOS state: STATE fw=alt-bcast-a40
[AUTOPOS] Anchor ctrl sent[0]: RUNTIME MATRIX FORCE uuid=840C68591E90019821AACFF1B73AAA34
[AUTOPOS] AUTOPOS result: OK RUNTIME_RESTART_REQ
[AUTOPOS] Conn param updated[0]: int=56 lat=0 to=1000
[AUTOPOS] anchor runtime role rc=0 target=F uuid=840C68591E90019821AACFF1B73AAA34 role=matrix ack=runtime
[AUTOPOS] Master quiesce peer[0]: connected=1 ready=1 link=anchor-ctrl uuid=840C68591E90019821AACFF1B73AAA34
[AUTOPOS] AUTOPOS wait anchor cleared: waited=0 conn_count=1 ready_count=0
[AUTOPOS] READY count=0 target=anchor target_uuid=840C68591E90019821AACFF1B73AAA34 conn_count=1 connecting_slot=-1 scan=0 auto=0
[AUTOPOS] READY peer[0]: link=anchor-ctrl connected=1 ready=0 pending=0 inflight=0 retries=0 start_failures=0 uuid=840C68591E90019821AACFF1B73AAA34 name=- state_h=0x0012 ctrl_h=0x0019 result_h=0x001b
[AUTOPOS] Disconnected[0]: E9:CB:F3:C4:51:43 (random) reason=0x16 link=anchor-ctrl ready=0
[AUTOPOS] RECV_BG suppressed: quiesce disconnect restart blocked remaining=0
[AUTOPOS] AUTOPOS wait anchor cleared: waited=100 conn_count=0 ready_count=0
[AUTOPOS] READY count=0 target=anchor target_uuid=840C68591E90019821AACFF1B73AAA34 conn_count=0 connecting_slot=-1 scan=0 auto=0
[AUTOPOS] Master discovery mode: CONN & START
[AUTOPOS] Master discovery mode: CONN & START
[AUTOPOS] SCAN start req: bt_ready=1 scan_running=0 connecting_slot=-1 conn_count=0 target=anchor prefix=ANCHOR-
[AUTOPOS] Scanning for ANCHOR-*
[AUTOPOS] AUTOPOS wait anchor ready: uuid=B3087BC3D87CCCD316AEDC6B71D6677F timeout_ms=30000
[AUTOPOS] AUTOPOS wait anchor ready: waited=0 ready_count=0
[AUTOPOS] READY count=0 target=anchor target_uuid=B3087BC3D87CCCD316AEDC6B71D6677F conn_count=0 connecting_slot=-1 scan=1 auto=1
[AUTOPOS] SCAN hit: EC:9F:55:9D:7E:A1 (random) rssi=-69 name=- bs=- uuid=B3087BC3D87CCCD316AEDC6B71D6677F target=anchor uuid_ok=1 tag_name=0 anchor_name=0 nus=0 dfu=0 token=0 props=0x03
[AUTOPOS] CONNECT queue[0]: addr=EC:9F:55:9D:7E:A1 (random) link=anchor-ctrl uuid=B3087BC3D87CCCD316AEDC6B71D6677F target=anchor
[AUTOPOS] CONNECT pending[0]: addr_valid=1 link=anchor-ctrl uuid=B3087BC3D87CCCD316AEDC6B71D6677F scan_running=1 conn_count=0
[AUTOPOS] CONNECT pending[0]: bt_le_scan_stop rc=0 scan_running=1
[AUTOPOS] CONNECT pending[0] rc=0 conn=0x200048d8 interval=32-56 timeout=1000
[AUTOPOS] Connected[0]: EC:9F:55:9D:7E:A1 (random) name=- bs=-
[AUTOPOS] CONNECT state[0]: link=anchor-ctrl uuid=B3087BC3D87CCCD316AEDC6B71D6677F ready=0 conn=0x200048d8
SETUP[0] begin: link=anchor-ctrl uuid=B3087BC3D87CCCD316AEDC6B71D6677F conn=0x200048d8
SETUP[0] anchor-ctrl: skip mtu/phy negotiation
SETUP[0] conn_param_update rc=0 interval=32-56 timeout=1000
ANCHOR_CTRL[0] static link ready state=0x0012 ctrl=0x0019 result=0x001b uuid=B3087BC3D87CCCD316AEDC6B71D6677F
[AUTOPOS] AUTOPOS wait anchor ready: waited=600 ready_count=1
[AUTOPOS] READY count=1 target=anchor target_uuid=B3087BC3D87CCCD316AEDC6B71D6677F conn_count=1 connecting_slot=-1 scan=0 auto=1
[AUTOPOS] READY peer[0]: link=anchor-ctrl connected=1 ready=1 pending=0 inflight=0 retries=0 start_failures=0 uuid=B3087BC3D87CCCD316AEDC6B71D6677F name=- state_h=0x0012 ctrl_h=0x0019 result_h=0x001b
[AUTOPOS] AUTOPOS wait anchor ready: uuid=B3087BC3D87CCCD316AEDC6B71D6677F control link ready
[AUTOPOS] AUTOPOS state: STATE fw=alt-bcast-a40
[AUTOPOS] Anchor ctrl sent[0]: RUNTIME MATRIX FORCE uuid=B3087BC3D87CCCD316AEDC6B71D6677F
[AUTOPOS] AUTOPOS result: DBG ROLE_SWITCH anchor
[AUTOPOS] Conn param updated[0]: int=56 lat=0 to=1000
[AUTOPOS] AUTOPOS result: DBG ROLE_SWITCH anchor
[AUTOPOS] AUTOPOS result: DBG ROLE_SWITCH anchor
[AUTOPOS] anchor runtime role rc=0 target=G uuid=B3087BC3D87CCCD316AEDC6B71D6677F role=matrix ack=runtime
[AUTOPOS] Master quiesce peer[0]: connected=1 ready=1 link=anchor-ctrl uuid=B3087BC3D87CCCD316AEDC6B71D6677F
[AUTOPOS] AUTOPOS wait anchor cleared: waited=0 conn_count=1 ready_count=0
[AUTOPOS] READY count=0 target=anchor target_uuid=B3087BC3D87CCCD316AEDC6B71D6677F conn_count=1 connecting_slot=-1 scan=0 auto=0
[AUTOPOS] READY peer[0]: link=anchor-ctrl connected=1 ready=0 pending=0 inflight=0 retries=0 start_failures=0 uuid=B3087BC3D87CCCD316AEDC6B71D6677F name=- state_h=0x0012 ctrl_h=0x0019 result_h=0x001b
[AUTOPOS] Disconnected[0]: EC:9F:55:9D:7E:A1 (random) reason=0x16 link=anchor-ctrl ready=0
[AUTOPOS] RECV_BG suppressed: quiesce disconnect restart blocked remaining=0
[AUTOPOS] AUTOPOS wait anchor cleared: waited=100 conn_count=0 ready_count=0
[AUTOPOS] READY count=0 target=anchor target_uuid=B3087BC3D87CCCD316AEDC6B71D6677F conn_count=0 connecting_slot=-1 scan=0 auto=0
[AUTOPOS] Master discovery mode: CONN & START
[AUTOPOS] Master discovery mode: CONN & START
[AUTOPOS] SCAN start req: bt_ready=1 scan_running=0 connecting_slot=-1 conn_count=0 target=anchor prefix=ANCHOR-
[AUTOPOS] Scanning for ANCHOR-*
[AUTOPOS] AUTOPOS wait anchor ready: uuid=CF12E703AC1A118F6AB440AB05B0BA23 timeout_ms=30000
[AUTOPOS] AUTOPOS wait anchor ready: waited=0 ready_count=0
[AUTOPOS] READY count=0 target=anchor target_uuid=CF12E703AC1A118F6AB440AB05B0BA23 conn_count=0 connecting_slot=-1 scan=1 auto=1
[AUTOPOS] SCAN hit: C5:CD:5D:56:B5:CD (random) rssi=-64 name=- bs=- uuid=CF12E703AC1A118F6AB440AB05B0BA23 target=anchor uuid_ok=1 tag_name=0 anchor_name=0 nus=0 dfu=0 token=0 props=0x03
[AUTOPOS] CONNECT queue[0]: addr=C5:CD:5D:56:B5:CD (random) link=anchor-ctrl uuid=CF12E703AC1A118F6AB440AB05B0BA23 target=anchor
[AUTOPOS] CONNECT pending[0]: addr_valid=1 link=anchor-ctrl uuid=CF12E703AC1A118F6AB440AB05B0BA23 scan_running=1 conn_count=0
[AUTOPOS] CONNECT pending[0]: bt_le_scan_stop rc=0 scan_running=1
[AUTOPOS] CONNECT pending[0] rc=0 conn=0x200048d8 interval=32-56 timeout=1000
[AUTOPOS] Connected[0]: C5:CD:5D:56:B5:CD (random) name=- bs=-
[AUTOPOS] CONNECT state[0]: link=anchor-ctrl uuid=CF12E703AC1A118F6AB440AB05B0BA23 ready=0 conn=0x200048d8
SETUP[0] begin: link=anchor-ctrl uuid=CF12E703AC1A118F6AB440AB05B0BA23 conn=0x200048d8
SETUP[0] anchor-ctrl: skip mtu/phy negotiation
SETUP[0] conn_param_update rc=0 interval=32-56 timeout=1000
ANCHOR_CTRL[0] static link ready state=0x0012 ctrl=0x0019 result=0x001b uuid=CF12E703AC1A118F6AB440AB05B0BA23
[AUTOPOS] AUTOPOS wait anchor ready: waited=800 ready_count=1
[AUTOPOS] READY count=1 target=anchor target_uuid=CF12E703AC1A118F6AB440AB05B0BA23 conn_count=1 connecting_slot=-1 scan=0 auto=1
[AUTOPOS] READY peer[0]: link=anchor-ctrl connected=1 ready=1 pending=0 inflight=0 retries=0 start_failures=0 uuid=CF12E703AC1A118F6AB440AB05B0BA23 name=- state_h=0x0012 ctrl_h=0x0019 result_h=0x001b
[AUTOPOS] AUTOPOS wait anchor ready: uuid=CF12E703AC1A118F6AB440AB05B0BA23 control link ready
[AUTOPOS] AUTOPOS state: STATE fw=alt-bcast-a40
[AUTOPOS] Anchor ctrl sent[0]: RUNTIME MATRIX FORCE uuid=CF12E703AC1A118F6AB440AB05B0BA23
[AUTOPOS] AUTOPOS result: DBG ROLE_SWITCH anchor
[AUTOPOS] Conn param updated[0]: int=56 lat=0 to=1000
[AUTOPOS] AUTOPOS result: DBG ROLE_SWITCH anchor
[AUTOPOS] AUTOPOS result: DBG ROLE_SWITCH anchor
[AUTOPOS] anchor runtime role rc=0 target=H uuid=CF12E703AC1A118F6AB440AB05B0BA23 role=matrix ack=runtime
[AUTOPOS] Master quiesce peer[0]: connected=1 ready=1 link=anchor-ctrl uuid=CF12E703AC1A118F6AB440AB05B0BA23
[AUTOPOS] AUTOPOS wait anchor cleared: waited=0 conn_count=1 ready_count=0
[AUTOPOS] READY count=0 target=anchor target_uuid=CF12E703AC1A118F6AB440AB05B0BA23 conn_count=1 connecting_slot=-1 scan=0 auto=0
[AUTOPOS] READY peer[0]: link=anchor-ctrl connected=1 ready=0 pending=0 inflight=0 retries=0 start_failures=0 uuid=CF12E703AC1A118F6AB440AB05B0BA23 name=- state_h=0x0012 ctrl_h=0x0019 result_h=0x001b
[AUTOPOS] Disconnected[0]: C5:CD:5D:56:B5:CD (random) reason=0x16 link=anchor-ctrl ready=0
[AUTOPOS] RECV_BG suppressed: quiesce disconnect restart blocked remaining=0
[AUTOPOS] AUTOPOS wait anchor cleared: waited=100 conn_count=0 ready_count=0
[AUTOPOS] READY count=0 target=anchor target_uuid=CF12E703AC1A118F6AB440AB05B0BA23 conn_count=0 connecting_slot=-1 scan=0 auto=0
[AUTOPOS] anchor role all matrix runtime final sent=8 ready=8/8 total_sent=8 mode=sequential
[AUTOPOS] anchor role rc=0 target=all role=matrix
SESSION: runtime role ack attempt 1: sent=8 ready=8/8
SESSION: matrix runtime broadcast acknowledged by 8/8 ready anchors
