The maximum number of function evaluations is exceeded.
Function evaluations 120, initial cost 4.6812e+04, final cost 3.3271e+04, first-order optimality 9.24e+00.
{
  "inter_anchor_rms_mm": 138.7646035978274,
  "tag_anchor_rms_mm": 238.40066998805955,
  "per_anchor_tag_rms_mm": {
    "A": 216.5274633521634,
    "B": 312.8516953796473,
    "C": 222.21602667985388,
    "D": 240.58444609550463,
    "E": 194.00736101710825,
    "F": 249.6109767105834,
    "G": 237.83641203470842,
    "H": 205.59193266138527
  },
  "per_tag_rms_mm": {
    "BS2DCE": 230.8548444688712,
    "BSDC91": 260.3886138559166,
    "BSF66F": 189.08971475331666
  },
  "top_inter_errors": [
    {
      "pair": "B-E",
      "err_mm": 248.96921137800973,
      "abs_err_mm": 248.96921137800973
    },
    {
      "pair": "C-D",
      "err_mm": -237.60948531607164,
      "abs_err_mm": 237.60948531607164
    },
    {
      "pair": "E-F",
      "err_mm": 212.829738226299,
      "abs_err_mm": 212.829738226299
    },
    {
      "pair": "A-F",
      "err_mm": 211.6771946786298,
      "abs_err_mm": 211.6771946786298
    },
    {
      "pair": "G-H",
      "err_mm": -208.75808014023642,
      "abs_err_mm": 208.75808014023642
    },
    {
      "pair": "B-F",
      "err_mm": 200.71901875197864,
      "abs_err_mm": 200.71901875197864
    },
    {
      "pair": "D-G",
      "err_mm": -186.04752177227647,
      "abs_err_mm": 186.04752177227647
    },
    {
      "pair": "D-H",
      "err_mm": -182.21527118963945,
      "abs_err_mm": 182.21527118963945
    },
    {
      "pair": "C-G",
      "err_mm": -179.87841276652284,
      "abs_err_mm": 179.87841276652284
    },
    {
      "pair": "A-B",
      "err_mm": 164.29335841596412,
      "abs_err_mm": 164.29335841596412
    }
  ],
  "top_tag_errors": [
    {
      "tag_id": 1,
      "tag_name": "BSDC91",
      "anchor_id": 1,
      "anchor": "B",
      "err_mm": -2124.3862750988683,
      "abs_err_mm": 2124.3862750988683
    },
    {
      "tag_id": 0,
      "tag_name": "BS2DCE",
      "anchor_id": 1,
      "anchor": "B",
      "err_mm": -960.4564605213955,
      "abs_err_mm": 960.4564605213955
    },
    {
      "tag_id": 0,
      "tag_name": "BS2DCE",
      "anchor_id": 1,
      "anchor": "B",
      "err_mm": -958.2369505923657,
      "abs_err_mm": 958.2369505923657
    },
    {
      "tag_id": 0,
      "tag_name": "BS2DCE",
      "anchor_id": 1,
      "anchor": "B",
      "err_mm": -917.2983898727116,
      "abs_err_mm": 917.2983898727116
    },
    {
      "tag_id": 0,
      "tag_name": "BS2DCE",
      "anchor_id": 1,
      "anchor": "B",
      "err_mm": -917.2983898727116,
      "abs_err_mm": 917.2983898727116
    },
    {
      "tag_id": 1,
      "tag_name": "BSDC91",
      "anchor_id": 4,
      "anchor": "E",
      "err_mm": -905.0160988944508,
      "abs_err_mm": 905.0160988944508
    },
    {
      "tag_id": 0,
      "tag_name": "BS2DCE",
      "anchor_id": 1,
      "anchor": "B",
      "err_mm": -900.2180893774862,
      "abs_err_mm": 900.2180893774862
    },
    {
      "tag_id": 1,
      "tag_name": "BSDC91",
      "anchor_id": 1,
      "anchor": "B",
      "err_mm": -878.852640189436,
      "abs_err_mm": 878.852640189436
    },
    {
      "tag_id": 0,
      "tag_name": "BS2DCE",
      "anchor_id": 1,
      "anchor": "B",
      "err_mm": -864.5748533391734,
      "abs_err_mm": 864.5748533391734
    },
    {
      "tag_id": 1,
      "tag_name": "BSDC91",
      "anchor_id": 1,
      "anchor": "B",
      "err_mm": -856.0790763337413,
      "abs_err_mm": 856.0790763337413
    },
    {
      "tag_id": 1,
      "tag_name": "BSDC91",
      "anchor_id": 5,
      "anchor": "F",
      "err_mm": -842.2931449317693,
      "abs_err_mm": 842.2931449317693
    },
    {
      "tag_id": 1,
      "tag_name": "BSDC91",
      "anchor_id": 5,
      "anchor": "F",
      "err_mm": -842.2931449317693,
      "abs_err_mm": 842.2931449317693
    },
    {
      "tag_id": 0,
      "tag_name": "BS2DCE",
      "anchor_id": 1,
      "anchor": "B",
      "err_mm": -827.7141699163903,
      "abs_err_mm": 827.7141699163903
    },
    {
      "tag_id": 0,
      "tag_name": "BS2DCE",
      "anchor_id": 1,
      "anchor": "B",
      "err_mm": -826.7295394541147,
      "abs_err_mm": 826.7295394541147
    },
    {
      "tag_id": 1,
      "tag_name": "BSDC91",
      "anchor_id": 1,
      "anchor": "B",
      "err_mm": -823.4553751137605,
      "abs_err_mm": 823.4553751137605
    },
    {
      "tag_id": 1,
      "tag_name": "BSDC91",
      "anchor_id": 1,
      "anchor": "B",
      "err_mm": -811.0686007428812,
      "abs_err_mm": 811.0686007428812
    },
    {
      "tag_id": 1,
      "tag_name": "BSDC91",
      "anchor_id": 1,
      "anchor": "B",
      "err_mm": -806.8204963833332,
      "abs_err_mm": 806.8204963833332
    },
    {
      "tag_id": 0,
      "tag_name": "BS2DCE",
      "anchor_id": 5,
      "anchor": "F",
      "err_mm": -806.414589543881,
      "abs_err_mm": 806.414589543881
    },
    {
      "tag_id": 0,
      "tag_name": "BS2DCE",
      "anchor_id": 1,
      "anchor": "B",
      "err_mm": -777.7399899389839,
      "abs_err_mm": 777.7399899389839
    },
    {
      "tag_id": 0,
      "tag_name": "BS2DCE",
      "anchor_id": 1,
      "anchor": "B",
      "err_mm": -777.7399899389839,
      "abs_err_mm": 777.7399899389839
    }
  ],
  "inter_inlier_stats": {
    "abs_le_30mm": {
      "threshold_mm": 30.0,
      "n": 2,
      "rms_mm": 6.16391657354809,
      "median_abs_mm": 5.983223947625902
    },
    "abs_le_50mm": {
      "threshold_mm": 50.0,
      "n": 4,
      "rms_mm": 23.02862915001051,
      "median_abs_mm": 18.880703011143396
    },
    "abs_le_100mm": {
      "threshold_mm": 100.0,
      "n": 13,
      "rms_mm": 66.20576339972536,
      "median_abs_mm": 65.98622050061931
    }
  },
  "tag_inlier_stats": {
    "abs_le_50mm": {
      "threshold_mm": 50.0,
      "n": 865,
      "rms_mm": 28.68033428114485,
      "median_abs_mm": 24.81652969203833
    },
    "abs_le_100mm": {
      "threshold_mm": 100.0,
      "n": 1661,
      "rms_mm": 56.047165839556364,
      "median_abs_mm": 48.733750701324425
    },
    "abs_le_150mm": {
      "threshold_mm": 150.0,
      "n": 2450,
      "rms_mm": 85.78512139038543,
      "median_abs_mm": 70.72637593248896
    }
  },
  "total_variables": 2202,
  "total_residuals": 5623,
  "n_inter_obs": 28,
  "n_tag_obs": 5580,
  "n_tag_frames": 723,
  "optimizer_cost": 33271.26642337126,
  "optimizer_nfev": 120,
  "optimizer_status": 0,
  "optimizer_success": false,
  "optimizer_message": "The maximum number of function evaluations is exceeded."
}
delays_anchor {'A': 0.0, 'B': 80.0, 'C': -61.86, 'D': -80.0, 'E': 80.0, 'F': 80.0, 'G': -80.0, 'H': -80.0}
delays_tag {'BS2DCE': 0.0, 'BSDC91': 57.36, 'BSF66F': -2.521}
[ok] wrote autopos_pipeline/outdoor_20260513/analysis_20260513_182053/solves/v4_joint_anchor_tag_delay_static_roto_sub50.json
