[CAPTURE] session_dir=/home/zekaixiao/Desktop/28052026_Erlangen_Official/captures/erlangen_20260528_optitrack/roto_R02_BS2DCE_BSDC91_120s_20260528_125658/tag_capture_20260528_125658
[CAPTURE] raw_log=/home/zekaixiao/Desktop/28052026_Erlangen_Official/captures/erlangen_20260528_optitrack/roto_R02_BS2DCE_BSDC91_120s_20260528_125658/tag_capture_20260528_125658/raw.log
[CAPTURE] plan: targets=BS2DCE,BSDC91 tr=10Hz duration=120s
[CAPTURE] open serial: /dev/serial/by-id/usb-Master_Tag_BioSpur_BLE_Control_6918E0384172A49F-if00
[CAPTURE] drain boot/runtime output
[HOST_CMD] status
[HOST_CMD] device show
[CAPTURE] configure: reuse Master_Tag resident links
[HOST_CMD] device kind tag
[HOST_CMD] device show
[HOST_CMD] ota_target token -1
[HOST_CMD] ota_target name -
[HOST_CMD] ota_target prefix BS
[HOST_CMD] ota_target uuid -
[CAPTURE] configure: targeted AOTA non-target tags=BSF66F,BS9336,BS955A,BSCCF4
[HOST_CMD] ota_target token -1
[HOST_CMD] ota_target name BSF66F
[HOST_CMD] ota_target prefix -
[HOST_CMD] ota_target uuid -
[HOST_CMD] cmd_all MODE AOTA
[HOST_CMD] ota_target token -1
[HOST_CMD] ota_target name BS9336
[HOST_CMD] ota_target prefix -
[HOST_CMD] ota_target uuid -
[HOST_CMD] cmd_all MODE AOTA
[HOST_CMD] ota_target token -1
[HOST_CMD] ota_target name BS955A
[HOST_CMD] ota_target prefix -
[HOST_CMD] ota_target uuid -
[HOST_CMD] cmd_all MODE AOTA
[HOST_CMD] ota_target token -1
[HOST_CMD] ota_target name BSCCF4
[HOST_CMD] ota_target prefix -
[HOST_CMD] ota_target uuid -
[HOST_CMD] cmd_all MODE AOTA
[HOST_CMD] ota_target token -1
[HOST_CMD] ota_target name -
[HOST_CMD] ota_target prefix BS
[HOST_CMD] ota_target uuid -
[CAPTURE] configure: silence resident Tag links for enrollment after non-target AOTA (BSF66F,BS9336,BS955A,BSCCF4)
[HOST_CMD] tdma hold 1
[CAPTURE] configure: skip setup MODE AOTA; TDMA roster/hold controls admission
[CAPTURE] configure: reassert TDMA target roster
[HOST_CMD] tdma freq motion 10
[HOST_CMD] tdma roster BS2DCE motion
[HOST_CMD] tdma roster BSDC91 motion
[HOST_CMD] ota_target token -1
[HOST_CMD] ota_target name -
[HOST_CMD] ota_target prefix BS
[HOST_CMD] ota_target uuid -
[HOST_CMD] conn
[CAPTURE] configure: wait for target links
[CAPTURE] link setup passive initial: wait up to 30s
[CAPTURE] link setup passive: ready=BS2DCE,BSDC91 (2/2)
[CAPTURE] link setup passive: all 2/2 ready; settle 8.0s before TDMA release
[CAPTURE] link setup passive: ready=BS2DCE,BSDC91 (2/2)
[CAPTURE] configure: release TDMA hold and verify TDMA CFG
[HOST_CMD] tdma hold 0
[CAPTURE] configure: TDMA CFG apply/check attempt 1/3
[HOST_CMD] tdma freq motion 10
[HOST_CMD] tdma roster BS2DCE motion
[HOST_CMD] tdma roster BSDC91 motion
[HOST_CMD] tdma rebalance
[HOST_CMD] tdma show
[HOST_CMD] status
[HOST_CMD] device show
[CAPTURE] configure: TDMA CFG verified match=true
[CAPTURE] configure: TDMA ready
[CAPTURE] TDMA verified; start TR capture
[CAPTURE] [....................]   0.0% elapsed=0s eta=120s rows=0 row_rate=0.0/s sw=0 ge7=0% ge8=0% BS2DCE:rows=0,cfg=10Hz BSDC91:rows=0,cfg=10Hz
[CAPTURE] [....................]   0.8% elapsed=1s eta=119s rows=160 row_rate=158.2/s sw=20 ge7=100% ge8=100% BS2DCE:rows=80,cfg=10Hz BSDC91:rows=80,cfg=10Hz
[CAPTURE] [....................]   1.7% elapsed=2s eta=118s rows=320 row_rate=159.0/s sw=40 ge7=100% ge8=100% BS2DCE:rows=160,cfg=10Hz BSDC91:rows=160,cfg=10Hz
[CAPTURE] [#...................]   2.5% elapsed=3s eta=117s rows=488 row_rate=159.6/s sw=61 ge7=100% ge8=98% BS2DCE:rows=248,cfg=10Hz BSDC91:rows=240,cfg=10Hz
[CAPTURE] [#...................]   3.4% elapsed=4s eta=116s rows=648 row_rate=159.6/s sw=81 ge7=100% ge8=98% BS2DCE:rows=328,cfg=10Hz BSDC91:rows=320,cfg=10Hz
[CAPTURE] [#...................]   4.2% elapsed=5s eta=115s rows=816 row_rate=160.3/s sw=102 ge7=100% ge8=98% BS2DCE:rows=408,cfg=10Hz BSDC91:rows=408,cfg=10Hz
[CAPTURE] [#...................]   5.1% elapsed=6s eta=114s rows=976 row_rate=159.9/s sw=122 ge7=100% ge8=98% BS2DCE:rows=488,cfg=10Hz BSDC91:rows=488,cfg=10Hz
[CAPTURE] [#...................]   5.9% elapsed=7s eta=113s rows=1136 row_rate=159.3/s sw=142 ge7=100% ge8=98% BS2DCE:rows=568,cfg=10Hz BSDC91:rows=568,cfg=10Hz
[CAPTURE] [#...................]   6.8% elapsed=8s eta=112s rows=1304 row_rate=160.0/s sw=163 ge7=100% ge8=98% BS2DCE:rows=656,cfg=10Hz BSDC91:rows=648,cfg=10Hz
[CAPTURE] [##..................]   7.7% elapsed=9s eta=111s rows=1472 row_rate=159.9/s sw=184 ge7=100% ge8=97% BS2DCE:rows=736,cfg=10Hz BSDC91:rows=736,cfg=10Hz
[CAPTURE] [##..................]   8.5% elapsed=10s eta=110s rows=1632 row_rate=159.7/s sw=204 ge7=100% ge8=97% BS2DCE:rows=816,cfg=10Hz BSDC91:rows=816,cfg=10Hz
[CAPTURE] [##..................]   9.4% elapsed=11s eta=109s rows=1800 row_rate=160.4/s sw=225 ge7=100% ge8=96% BS2DCE:rows=904,cfg=10Hz BSDC91:rows=896,cfg=10Hz
[CAPTURE] [##..................]  10.2% elapsed=12s eta=108s rows=1960 row_rate=160.1/s sw=245 ge7=100% ge8=96% BS2DCE:rows=984,cfg=10Hz BSDC91:rows=976,cfg=10Hz
[CAPTURE] [##..................]  11.0% elapsed=13s eta=107s rows=2112 row_rate=159.4/s sw=264 ge7=100% ge8=96% BS2DCE:rows=1056,cfg=10Hz BSDC91:rows=1056,cfg=10Hz
[CAPTURE] [##..................]  11.9% elapsed=14s eta=106s rows=2280 row_rate=159.9/s sw=285 ge7=100% ge8=96% BS2DCE:rows=1144,cfg=10Hz BSDC91:rows=1136,cfg=10Hz
[CAPTURE] [###.................]  12.7% elapsed=15s eta=105s rows=2448 row_rate=160.1/s sw=306 ge7=100% ge8=96% BS2DCE:rows=1224,cfg=10Hz BSDC91:rows=1224,cfg=10Hz
[CAPTURE] [###.................]  13.6% elapsed=16s eta=104s rows=2608 row_rate=160.0/s sw=326 ge7=100% ge8=96% BS2DCE:rows=1304,cfg=10Hz BSDC91:rows=1304,cfg=10Hz
[CAPTURE] [###.................]  14.5% elapsed=17s eta=103s rows=2776 row_rate=159.6/s sw=347 ge7=100% ge8=96% BS2DCE:rows=1392,cfg=10Hz BSDC91:rows=1384,cfg=10Hz
[CAPTURE] [###.................]  15.3% elapsed=18s eta=102s rows=2936 row_rate=159.5/s sw=367 ge7=100% ge8=96% BS2DCE:rows=1472,cfg=10Hz BSDC91:rows=1464,cfg=10Hz
[CAPTURE] [###.................]  16.2% elapsed=19s eta=101s rows=3096 row_rate=159.5/s sw=387 ge7=100% ge8=96% BS2DCE:rows=1552,cfg=10Hz BSDC91:rows=1544,cfg=10Hz
[CAPTURE] [###.................]  17.0% elapsed=20s eta=100s rows=3256 row_rate=159.3/s sw=407 ge7=100% ge8=96% BS2DCE:rows=1632,cfg=10Hz BSDC91:rows=1624,cfg=10Hz
[CAPTURE] [####................]  17.9% elapsed=21s eta=99s rows=3424 row_rate=159.6/s sw=428 ge7=100% ge8=96% BS2DCE:rows=1712,cfg=10Hz BSDC91:rows=1712,cfg=10Hz
[CAPTURE] [####................]  18.7% elapsed=22s eta=98s rows=3592 row_rate=159.9/s sw=449 ge7=100% ge8=96% BS2DCE:rows=1792,cfg=10Hz BSDC91:rows=1800,cfg=10Hz
[CAPTURE] [####................]  19.6% elapsed=23s eta=97s rows=3760 row_rate=160.1/s sw=470 ge7=100% ge8=97% BS2DCE:rows=1880,cfg=10Hz BSDC91:rows=1880,cfg=10Hz
[CAPTURE] [####................]  20.4% elapsed=24s eta=96s rows=3920 row_rate=160.0/s sw=490 ge7=100% ge8=96% BS2DCE:rows=1960,cfg=10Hz BSDC91:rows=1960,cfg=10Hz
[CAPTURE] [####................]  21.3% elapsed=26s eta=94s rows=4072 row_rate=159.6/s sw=509 ge7=100% ge8=96% BS2DCE:rows=2032,cfg=10Hz BSDC91:rows=2040,cfg=10Hz
[CAPTURE] [####................]  22.1% elapsed=27s eta=93s rows=4248 row_rate=159.9/s sw=531 ge7=100% ge8=96% BS2DCE:rows=2128,cfg=10Hz BSDC91:rows=2120,cfg=10Hz
[CAPTURE] [#####...............]  23.0% elapsed=28s eta=92s rows=4416 row_rate=160.2/s sw=552 ge7=100% ge8=95% BS2DCE:rows=2208,cfg=10Hz BSDC91:rows=2208,cfg=10Hz
[CAPTURE] [#####...............]  23.8% elapsed=29s eta=91s rows=4576 row_rate=160.1/s sw=572 ge7=100% ge8=95% BS2DCE:rows=2288,cfg=10Hz BSDC91:rows=2288,cfg=10Hz
[CAPTURE] [#####...............]  24.7% elapsed=30s eta=90s rows=4736 row_rate=160.0/s sw=592 ge7=100% ge8=95% BS2DCE:rows=2368,cfg=10Hz BSDC91:rows=2368,cfg=10Hz
[CAPTURE] [#####...............]  25.5% elapsed=31s eta=89s rows=4904 row_rate=160.0/s sw=613 ge7=100% ge8=94% BS2DCE:rows=2456,cfg=10Hz BSDC91:rows=2448,cfg=10Hz
[CAPTURE] [#####...............]  26.4% elapsed=32s eta=88s rows=5072 row_rate=160.0/s sw=634 ge7=100% ge8=94% BS2DCE:rows=2536,cfg=10Hz BSDC91:rows=2536,cfg=10Hz
[CAPTURE] [#####...............]  27.3% elapsed=33s eta=87s rows=5240 row_rate=160.0/s sw=655 ge7=100% ge8=94% BS2DCE:rows=2624,cfg=10Hz BSDC91:rows=2616,cfg=10Hz
[CAPTURE] [######..............]  28.1% elapsed=34s eta=86s rows=5400 row_rate=159.9/s sw=675 ge7=100% ge8=94% BS2DCE:rows=2704,cfg=10Hz BSDC91:rows=2696,cfg=10Hz
[CAPTURE] [######..............]  29.0% elapsed=35s eta=85s rows=5568 row_rate=160.0/s sw=696 ge7=100% ge8=94% BS2DCE:rows=2784,cfg=10Hz BSDC91:rows=2784,cfg=10Hz
[CAPTURE] [######..............]  29.9% elapsed=36s eta=84s rows=5736 row_rate=159.9/s sw=717 ge7=100% ge8=93% BS2DCE:rows=2872,cfg=10Hz BSDC91:rows=2864,cfg=10Hz
[CAPTURE] [######..............]  30.7% elapsed=37s eta=83s rows=5904 row_rate=160.0/s sw=738 ge7=100% ge8=94% BS2DCE:rows=2952,cfg=10Hz BSDC91:rows=2952,cfg=10Hz
[CAPTURE] [######..............]  31.6% elapsed=38s eta=82s rows=6072 row_rate=160.0/s sw=759 ge7=100% ge8=94% BS2DCE:rows=3040,cfg=10Hz BSDC91:rows=3032,cfg=10Hz
[CAPTURE] [######..............]  32.5% elapsed=39s eta=81s rows=6232 row_rate=160.0/s sw=779 ge7=100% ge8=94% BS2DCE:rows=3120,cfg=10Hz BSDC91:rows=3112,cfg=10Hz
[CAPTURE] [#######.............]  33.3% elapsed=40s eta=80s rows=6400 row_rate=160.0/s sw=800 ge7=100% ge8=94% BS2DCE:rows=3200,cfg=10Hz BSDC91:rows=3200,cfg=10Hz
[CAPTURE] [#######.............]  34.2% elapsed=41s eta=79s rows=6560 row_rate=160.0/s sw=820 ge7=100% ge8=94% BS2DCE:rows=3280,cfg=10Hz BSDC91:rows=3280,cfg=10Hz
[CAPTURE] [#######.............]  35.0% elapsed=42s eta=78s rows=6728 row_rate=160.0/s sw=841 ge7=100% ge8=94% BS2DCE:rows=3368,cfg=10Hz BSDC91:rows=3360,cfg=10Hz
[CAPTURE] [#######.............]  35.9% elapsed=43s eta=77s rows=6896 row_rate=159.9/s sw=862 ge7=100% ge8=94% BS2DCE:rows=3448,cfg=10Hz BSDC91:rows=3448,cfg=10Hz
[CAPTURE] [#######.............]  36.8% elapsed=44s eta=76s rows=7064 row_rate=160.0/s sw=883 ge7=100% ge8=94% BS2DCE:rows=3536,cfg=10Hz BSDC91:rows=3528,cfg=10Hz
[CAPTURE] [########............]  37.7% elapsed=45s eta=75s rows=7232 row_rate=160.0/s sw=904 ge7=100% ge8=94% BS2DCE:rows=3616,cfg=10Hz BSDC91:rows=3616,cfg=10Hz
[CAPTURE] [########............]  38.5% elapsed=46s eta=74s rows=7392 row_rate=159.9/s sw=924 ge7=100% ge8=94% BS2DCE:rows=3696,cfg=10Hz BSDC91:rows=3696,cfg=10Hz
[CAPTURE] [########............]  39.4% elapsed=47s eta=73s rows=7560 row_rate=160.0/s sw=945 ge7=100% ge8=94% BS2DCE:rows=3784,cfg=10Hz BSDC91:rows=3776,cfg=10Hz
[CAPTURE] [########............]  40.2% elapsed=48s eta=72s rows=7728 row_rate=160.0/s sw=966 ge7=100% ge8=94% BS2DCE:rows=3864,cfg=10Hz BSDC91:rows=3864,cfg=10Hz
[CAPTURE] [########............]  41.2% elapsed=49s eta=71s rows=7896 row_rate=159.8/s sw=987 ge7=100% ge8=94% BS2DCE:rows=3952,cfg=10Hz BSDC91:rows=3944,cfg=10Hz
[CAPTURE] [########............]  42.0% elapsed=50s eta=70s rows=8064 row_rate=159.9/s sw=1008 ge7=100% ge8=94% BS2DCE:rows=4032,cfg=10Hz BSDC91:rows=4032,cfg=10Hz
[CAPTURE] [#########...........]  42.9% elapsed=51s eta=69s rows=8224 row_rate=159.8/s sw=1028 ge7=100% ge8=94% BS2DCE:rows=4112,cfg=10Hz BSDC91:rows=4112,cfg=10Hz
[CAPTURE] [#########...........]  43.7% elapsed=52s eta=68s rows=8392 row_rate=159.9/s sw=1049 ge7=100% ge8=94% BS2DCE:rows=4192,cfg=10Hz BSDC91:rows=4200,cfg=10Hz
[CAPTURE] [#########...........]  44.6% elapsed=54s eta=66s rows=8568 row_rate=160.0/s sw=1071 ge7=100% ge8=94% BS2DCE:rows=4288,cfg=10Hz BSDC91:rows=4280,cfg=10Hz
[CAPTURE] [#########...........]  45.5% elapsed=55s eta=65s rows=8736 row_rate=160.0/s sw=1092 ge7=100% ge8=94% BS2DCE:rows=4368,cfg=10Hz BSDC91:rows=4368,cfg=10Hz
[CAPTURE] [#########...........]  46.4% elapsed=56s eta=64s rows=8904 row_rate=160.0/s sw=1113 ge7=100% ge8=94% BS2DCE:rows=4456,cfg=10Hz BSDC91:rows=4448,cfg=10Hz
[CAPTURE] [#########...........]  47.2% elapsed=57s eta=63s rows=9072 row_rate=160.0/s sw=1134 ge7=100% ge8=94% BS2DCE:rows=4536,cfg=10Hz BSDC91:rows=4536,cfg=10Hz
[CAPTURE] [##########..........]  48.1% elapsed=58s eta=62s rows=9240 row_rate=160.0/s sw=1155 ge7=100% ge8=94% BS2DCE:rows=4624,cfg=10Hz BSDC91:rows=4616,cfg=10Hz
[CAPTURE] [##########..........]  49.0% elapsed=59s eta=61s rows=9400 row_rate=160.0/s sw=1175 ge7=100% ge8=94% BS2DCE:rows=4704,cfg=10Hz BSDC91:rows=4696,cfg=10Hz
[CAPTURE] [##########..........]  49.8% elapsed=60s eta=60s rows=9568 row_rate=160.0/s sw=1196 ge7=100% ge8=94% BS2DCE:rows=4784,cfg=10Hz BSDC91:rows=4784,cfg=10Hz
[CAPTURE] [##########..........]  50.7% elapsed=61s eta=59s rows=9728 row_rate=160.0/s sw=1216 ge7=100% ge8=94% BS2DCE:rows=4864,cfg=10Hz BSDC91:rows=4864,cfg=10Hz
[CAPTURE] [##########..........]  51.5% elapsed=62s eta=58s rows=9888 row_rate=159.9/s sw=1236 ge7=100% ge8=94% BS2DCE:rows=4944,cfg=10Hz BSDC91:rows=4944,cfg=10Hz
[CAPTURE] [##########..........]  52.4% elapsed=63s eta=57s rows=10056 row_rate=160.0/s sw=1257 ge7=100% ge8=94% BS2DCE:rows=5032,cfg=10Hz BSDC91:rows=5024,cfg=10Hz
[CAPTURE] [###########.........]  53.2% elapsed=64s eta=56s rows=10224 row_rate=160.0/s sw=1278 ge7=100% ge8=94% BS2DCE:rows=5112,cfg=10Hz BSDC91:rows=5112,cfg=10Hz
[CAPTURE] [###########.........]  54.1% elapsed=65s eta=55s rows=10384 row_rate=160.0/s sw=1298 ge7=100% ge8=94% BS2DCE:rows=5192,cfg=10Hz BSDC91:rows=5192,cfg=10Hz
[CAPTURE] [###########.........]  55.0% elapsed=66s eta=54s rows=10552 row_rate=160.0/s sw=1319 ge7=100% ge8=94% BS2DCE:rows=5280,cfg=10Hz BSDC91:rows=5272,cfg=10Hz
[CAPTURE] [###########.........]  55.8% elapsed=67s eta=53s rows=10720 row_rate=160.0/s sw=1340 ge7=100% ge8=94% BS2DCE:rows=5360,cfg=10Hz BSDC91:rows=5360,cfg=10Hz
[CAPTURE] [###########.........]  56.7% elapsed=68s eta=52s rows=10888 row_rate=160.0/s sw=1361 ge7=100% ge8=94% BS2DCE:rows=5448,cfg=10Hz BSDC91:rows=5440,cfg=10Hz
[CAPTURE] [############........]  57.6% elapsed=69s eta=51s rows=11056 row_rate=160.0/s sw=1382 ge7=100% ge8=94% BS2DCE:rows=5528,cfg=10Hz BSDC91:rows=5528,cfg=10Hz
[CAPTURE] [############........]  58.4% elapsed=70s eta=50s rows=11216 row_rate=159.9/s sw=1402 ge7=100% ge8=94% BS2DCE:rows=5608,cfg=10Hz BSDC91:rows=5608,cfg=10Hz
[CAPTURE] [############........]  59.3% elapsed=71s eta=49s rows=11384 row_rate=160.0/s sw=1423 ge7=100% ge8=94% BS2DCE:rows=5696,cfg=10Hz BSDC91:rows=5688,cfg=10Hz
[CAPTURE] [############........]  60.2% elapsed=72s eta=48s rows=11552 row_rate=160.0/s sw=1444 ge7=100% ge8=94% BS2DCE:rows=5776,cfg=10Hz BSDC91:rows=5776,cfg=10Hz
[CAPTURE] [############........]  61.0% elapsed=73s eta=47s rows=11720 row_rate=160.0/s sw=1465 ge7=100% ge8=94% BS2DCE:rows=5864,cfg=10Hz BSDC91:rows=5856,cfg=10Hz
[CAPTURE] [############........]  61.9% elapsed=74s eta=46s rows=11888 row_rate=160.0/s sw=1486 ge7=100% ge8=94% BS2DCE:rows=5944,cfg=10Hz BSDC91:rows=5944,cfg=10Hz
[CAPTURE] [#############.......]  62.8% elapsed=75s eta=45s rows=12056 row_rate=159.9/s sw=1507 ge7=100% ge8=94% BS2DCE:rows=6032,cfg=10Hz BSDC91:rows=6024,cfg=10Hz
[CAPTURE] [#############.......]  63.7% elapsed=76s eta=44s rows=12216 row_rate=159.8/s sw=1527 ge7=100% ge8=94% BS2DCE:rows=6112,cfg=10Hz BSDC91:rows=6104,cfg=10Hz
[CAPTURE] [#############.......]  64.5% elapsed=77s eta=43s rows=12384 row_rate=159.9/s sw=1548 ge7=100% ge8=94% BS2DCE:rows=6192,cfg=10Hz BSDC91:rows=6192,cfg=10Hz
[CAPTURE] [#############.......]  65.4% elapsed=78s eta=42s rows=12560 row_rate=160.0/s sw=1570 ge7=100% ge8=94% BS2DCE:rows=6280,cfg=10Hz BSDC91:rows=6280,cfg=10Hz
[CAPTURE] [#############.......]  66.3% elapsed=80s eta=40s rows=12728 row_rate=160.0/s sw=1591 ge7=100% ge8=94% BS2DCE:rows=6368,cfg=10Hz BSDC91:rows=6360,cfg=10Hz
[CAPTURE] [#############.......]  67.2% elapsed=81s eta=39s rows=12896 row_rate=160.0/s sw=1612 ge7=100% ge8=94% BS2DCE:rows=6448,cfg=10Hz BSDC91:rows=6448,cfg=10Hz
[CAPTURE] [##############......]  68.0% elapsed=82s eta=38s rows=13064 row_rate=160.0/s sw=1633 ge7=100% ge8=94% BS2DCE:rows=6536,cfg=10Hz BSDC91:rows=6528,cfg=10Hz
[CAPTURE] [##############......]  68.9% elapsed=83s eta=37s rows=13224 row_rate=160.0/s sw=1653 ge7=100% ge8=94% BS2DCE:rows=6616,cfg=10Hz BSDC91:rows=6608,cfg=10Hz
[CAPTURE] [##############......]  69.7% elapsed=84s eta=36s rows=13384 row_rate=160.0/s sw=1673 ge7=100% ge8=94% BS2DCE:rows=6696,cfg=10Hz BSDC91:rows=6688,cfg=10Hz
[CAPTURE] [##############......]  70.6% elapsed=85s eta=35s rows=13552 row_rate=160.0/s sw=1694 ge7=100% ge8=94% BS2DCE:rows=6776,cfg=10Hz BSDC91:rows=6776,cfg=10Hz
[CAPTURE] [##############......]  71.4% elapsed=86s eta=34s rows=13712 row_rate=160.0/s sw=1714 ge7=100% ge8=94% BS2DCE:rows=6856,cfg=10Hz BSDC91:rows=6856,cfg=10Hz
[CAPTURE] [##############......]  72.3% elapsed=87s eta=33s rows=13880 row_rate=160.0/s sw=1735 ge7=100% ge8=94% BS2DCE:rows=6944,cfg=10Hz BSDC91:rows=6936,cfg=10Hz
[CAPTURE] [###############.....]  73.2% elapsed=88s eta=32s rows=14048 row_rate=160.0/s sw=1756 ge7=100% ge8=94% BS2DCE:rows=7024,cfg=10Hz BSDC91:rows=7024,cfg=10Hz
[CAPTURE] [###############.....]  74.0% elapsed=89s eta=31s rows=14208 row_rate=159.9/s sw=1776 ge7=100% ge8=93% BS2DCE:rows=7104,cfg=10Hz BSDC91:rows=7104,cfg=10Hz
[CAPTURE] [###############.....]  74.9% elapsed=90s eta=30s rows=14376 row_rate=160.0/s sw=1797 ge7=100% ge8=93% BS2DCE:rows=7192,cfg=10Hz BSDC91:rows=7184,cfg=10Hz
[CAPTURE] [###############.....]  75.7% elapsed=91s eta=29s rows=14544 row_rate=160.0/s sw=1818 ge7=100% ge8=93% BS2DCE:rows=7272,cfg=10Hz BSDC91:rows=7272,cfg=10Hz
[CAPTURE] [###############.....]  76.6% elapsed=92s eta=28s rows=14704 row_rate=160.0/s sw=1838 ge7=100% ge8=93% BS2DCE:rows=7352,cfg=10Hz BSDC91:rows=7352,cfg=10Hz
[CAPTURE] [###############.....]  77.5% elapsed=93s eta=27s rows=14872 row_rate=160.0/s sw=1859 ge7=100% ge8=93% BS2DCE:rows=7440,cfg=10Hz BSDC91:rows=7432,cfg=10Hz
[CAPTURE] [################....]  78.3% elapsed=94s eta=26s rows=15040 row_rate=160.0/s sw=1880 ge7=100% ge8=93% BS2DCE:rows=7520,cfg=10Hz BSDC91:rows=7520,cfg=10Hz
[CAPTURE] [################....]  79.2% elapsed=95s eta=25s rows=15216 row_rate=160.0/s sw=1902 ge7=100% ge8=93% BS2DCE:rows=7608,cfg=10Hz BSDC91:rows=7608,cfg=10Hz
[CAPTURE] [################....]  80.1% elapsed=96s eta=24s rows=15384 row_rate=160.0/s sw=1923 ge7=100% ge8=93% BS2DCE:rows=7696,cfg=10Hz BSDC91:rows=7688,cfg=10Hz
[CAPTURE] [################....]  81.0% elapsed=97s eta=23s rows=15544 row_rate=160.0/s sw=1943 ge7=100% ge8=93% BS2DCE:rows=7776,cfg=10Hz BSDC91:rows=7768,cfg=10Hz
[CAPTURE] [################....]  81.8% elapsed=98s eta=22s rows=15712 row_rate=160.0/s sw=1964 ge7=100% ge8=93% BS2DCE:rows=7856,cfg=10Hz BSDC91:rows=7856,cfg=10Hz
[CAPTURE] [#################...]  82.7% elapsed=99s eta=21s rows=15880 row_rate=160.0/s sw=1985 ge7=100% ge8=93% BS2DCE:rows=7944,cfg=10Hz BSDC91:rows=7936,cfg=10Hz
[CAPTURE] [#################...]  83.6% elapsed=100s eta=20s rows=16048 row_rate=160.0/s sw=2006 ge7=100% ge8=93% BS2DCE:rows=8024,cfg=10Hz BSDC91:rows=8024,cfg=10Hz
[CAPTURE] [#################...]  84.5% elapsed=101s eta=19s rows=16216 row_rate=159.9/s sw=2027 ge7=100% ge8=93% BS2DCE:rows=8112,cfg=10Hz BSDC91:rows=8104,cfg=10Hz
[CAPTURE] [#################...]  85.4% elapsed=102s eta=18s rows=16384 row_rate=159.9/s sw=2048 ge7=100% ge8=93% BS2DCE:rows=8192,cfg=10Hz BSDC91:rows=8192,cfg=10Hz
[CAPTURE] [#################...]  86.2% elapsed=103s eta=17s rows=16552 row_rate=160.0/s sw=2069 ge7=100% ge8=93% BS2DCE:rows=8272,cfg=10Hz BSDC91:rows=8280,cfg=10Hz
[CAPTURE] [#################...]  87.1% elapsed=105s eta=15s rows=16728 row_rate=160.0/s sw=2091 ge7=100% ge8=93% BS2DCE:rows=8368,cfg=10Hz BSDC91:rows=8360,cfg=10Hz
[CAPTURE] [##################..]  88.0% elapsed=106s eta=14s rows=16904 row_rate=160.0/s sw=2113 ge7=100% ge8=93% BS2DCE:rows=8456,cfg=10Hz BSDC91:rows=8448,cfg=10Hz
[CAPTURE] [##################..]  88.9% elapsed=107s eta=13s rows=17072 row_rate=160.0/s sw=2134 ge7=100% ge8=93% BS2DCE:rows=8536,cfg=10Hz BSDC91:rows=8536,cfg=10Hz
[CAPTURE] [##################..]  89.8% elapsed=108s eta=12s rows=17240 row_rate=160.0/s sw=2155 ge7=100% ge8=93% BS2DCE:rows=8624,cfg=10Hz BSDC91:rows=8616,cfg=10Hz
[CAPTURE] [##################..]  90.6% elapsed=109s eta=11s rows=17408 row_rate=160.0/s sw=2176 ge7=100% ge8=93% BS2DCE:rows=8704,cfg=10Hz BSDC91:rows=8704,cfg=10Hz
[CAPTURE] [##################..]  91.5% elapsed=110s eta=10s rows=17568 row_rate=160.0/s sw=2196 ge7=100% ge8=93% BS2DCE:rows=8784,cfg=10Hz BSDC91:rows=8784,cfg=10Hz
[CAPTURE] [##################..]  92.4% elapsed=111s eta=9s rows=17736 row_rate=160.0/s sw=2217 ge7=100% ge8=93% BS2DCE:rows=8872,cfg=10Hz BSDC91:rows=8864,cfg=10Hz
[CAPTURE] [###################.]  93.2% elapsed=112s eta=8s rows=17904 row_rate=160.0/s sw=2238 ge7=100% ge8=93% BS2DCE:rows=8952,cfg=10Hz BSDC91:rows=8952,cfg=10Hz
[CAPTURE] [###################.]  94.1% elapsed=113s eta=7s rows=18072 row_rate=160.0/s sw=2259 ge7=100% ge8=93% BS2DCE:rows=9040,cfg=10Hz BSDC91:rows=9032,cfg=10Hz
[CAPTURE] [###################.]  95.0% elapsed=114s eta=6s rows=18240 row_rate=160.0/s sw=2280 ge7=100% ge8=93% BS2DCE:rows=9120,cfg=10Hz BSDC91:rows=9120,cfg=10Hz
[CAPTURE] [###################.]  95.9% elapsed=115s eta=5s rows=18416 row_rate=160.0/s sw=2302 ge7=100% ge8=93% BS2DCE:rows=9208,cfg=10Hz BSDC91:rows=9208,cfg=10Hz
[CAPTURE] [###################.]  96.8% elapsed=116s eta=4s rows=18584 row_rate=160.0/s sw=2323 ge7=100% ge8=93% BS2DCE:rows=9296,cfg=10Hz BSDC91:rows=9288,cfg=10Hz
[CAPTURE] [####################]  97.7% elapsed=117s eta=3s rows=18752 row_rate=160.0/s sw=2344 ge7=100% ge8=93% BS2DCE:rows=9376,cfg=10Hz BSDC91:rows=9376,cfg=10Hz
[CAPTURE] [####################]  98.5% elapsed=118s eta=2s rows=18920 row_rate=160.0/s sw=2365 ge7=100% ge8=93% BS2DCE:rows=9464,cfg=10Hz BSDC91:rows=9456,cfg=10Hz
[CAPTURE] [####################]  99.4% elapsed=119s eta=1s rows=19088 row_rate=160.0/s sw=2386 ge7=100% ge8=93% BS2DCE:rows=9544,cfg=10Hz BSDC91:rows=9544,cfg=10Hz
[CAPTURE] cleanup: stopping all tag ranging with cmd_all MODE AOTA
[HOST_CMD] cmd_all MODE AOTA
[CAPTURE] cleanup: all tags quiet after MODE AOTA
{
  "success": true,
  "interrupted": false,
  "startup_failed": false,
  "startup_fail_targets": [],
  "controller_lost": false,
  "no_tr_timeout": false,
  "controller_recovery_attempts": 0,
  "controller_recovery_successes": 0,
  "tdma_config_failed": false,
  "tdma_config_check": {
    "match": true,
    "per_target": {
      "BS2DCE": {
        "bs": "BS2DCE",
        "match": true,
        "mismatches": [],
        "warnings": [],
        "expected": {
          "tag_id": 1,
          "slot": 0,
          "count": 10,
          "mask": 1,
          "mask_hex": "0x0001",
          "period_ms": 10,
          "active_ms": 9,
          "active_us": 0,
          "generation": 5,
          "pmode": 0
        },
        "actual": {
          "tag_id": 1,
          "slot": 0,
          "count": 10,
          "mask": 1,
          "mask_hex": "0x0001",
          "period_ms": 10,
          "active_ms": 9,
          "active_us": 0,
          "generation": 5,
          "live": 1
        },
        "actual_cfg_hz": 10.0,
        "scheduler": {
          "profile": "motion",
          "target_hz": 10,
          "mask": 1,
          "mask_hex": "0x0001",
          "slots": 1,
          "count": 10,
          "actual_x100": 1000,
          "actual_hz": 10.0
        },
        "expected_pmode": 0,
        "expected_freq_hz": 10
      },
      "BSDC91": {
        "bs": "BSDC91",
        "match": true,
        "mismatches": [],
        "warnings": [],
        "expected": {
          "tag_id": 2,
          "slot": 5,
          "count": 10,
          "mask": 32,
          "mask_hex": "0x0020",
          "period_ms": 10,
          "active_ms": 9,
          "active_us": 0,
          "generation": 5,
          "pmode": 0
        },
        "actual": {
          "tag_id": 2,
          "slot": 5,
          "count": 10,
          "mask": 32,
          "mask_hex": "0x0020",
          "period_ms": 10,
          "active_ms": 9,
          "active_us": 0,
          "generation": 5,
          "live": 1
        },
        "actual_cfg_hz": 10.0,
        "scheduler": {
          "profile": "motion",
          "target_hz": 10,
          "mask": 32,
          "mask_hex": "0x0020",
          "slots": 1,
          "count": 10,
          "actual_x100": 1000,
          "actual_hz": 10.0
        },
        "expected_pmode": 0,
        "expected_freq_hz": 10
      }
    }
  },
  "anchor_preflight": {
    "skipped": true,
    "success": true
  },
  "cleanup": {
    "attempted": true,
    "success": true,
    "command": "cmd_all MODE AOTA",
    "error": "",
    "stop_notify_rows": 0,
    "stop_verify_s": 3.0
  },
  "port": "/dev/serial/by-id/usb-Master_Tag_BioSpur_BLE_Control_6918E0384172A49F-if00",
  "duration_s": 120.0,
  "elapsed_s": 168.02570366859436,
  "session_dir": "/home/zekaixiao/Desktop/28052026_Erlangen_Official/captures/erlangen_20260528_optitrack/roto_R02_BS2DCE_BSDC91_120s_20260528_125658/tag_capture_20260528_125658",
  "targets": [
    "BS2DCE",
    "BSDC91"
  ],
  "expected_pmode": {
    "BS2DCE": 0,
    "BSDC91": 0
  },
  "expected_freq_hz": {
    "BS2DCE": 10,
    "BSDC91": 10
  },
  "skipped_before_target_pmode": 0,
  "freq_hz": {
    "tr": 10
  },
  "tr_all": 19208,
  "tr_valid_all": 19045,
  "sweep_validity_all": {
    "sweeps_total": 2401,
    "sweeps_with_any_valid": 2401,
    "sweeps_ge4": 2401,
    "sweeps_ge7": 2399,
    "sweeps_ge8": 2240,
    "ratio_ge4": 1.0,
    "ratio_ge7": 0.999167,
    "ratio_ge8": 0.932945,
    "valid_count_distribution": {
      "0": 0,
      "1": 0,
      "2": 0,
      "3": 0,
      "4": 0,
      "5": 0,
      "6": 2,
      "7": 159,
      "8": 2240
    }
  },
  "connections": {},
  "per_tag": {
    "BS2DCE": {
      "tr_rows": 9608,
      "tr_valid_rows": 9505,
      "sweep_validity": {
        "sweeps_total": 1201,
        "sweeps_with_any_valid": 1201,
        "sweeps_ge4": 1201,
        "sweeps_ge7": 1199,
        "sweeps_ge8": 1100,
        "ratio_ge4": 1.0,
        "ratio_ge7": 0.998335,
        "ratio_ge8": 0.915903,
        "valid_count_distribution": {
          "0": 0,
          "1": 0,
          "2": 0,
          "3": 0,
          "4": 0,
          "5": 0,
          "6": 2,
          "7": 99,
          "8": 1100
        }
      },
      "latest_tr": {
        "conn_id": null,
        "host_elapsed_s": 119.993719,
        "host_epoch_s": 1779965982.148854,
        "peer_name": "BS2DCE",
        "tag_id": "",
        "sweep": 3688,
        "plan": "f",
        "pmode": 0,
        "anchor_id": 7,
        "raw_mm": 1658,
        "range_mm": 1658,
        "quality_percent": 95,
        "valid": 1,
        "status": "O",
        "quality_flag_percent": 0,
        "first_to_last_us": 0,
        "frame_us": 0,
        "poll_count": 0,
        "tr_version": 2,
        "rx_mask": "",
        "air_us": "",
        "post_us": "",
        "cycle_us": "",
        "rx_seen": "",
        "imu_valid": 0,
        "imu_n": 0,
        "acc_norm_mean_mg": "",
        "acc_norm_std_mg": "",
        "acc_norm_min_mg": "",
        "acc_norm_max_mg": "",
        "imu_skip_count": 0
      },
      "anchors_seen": [
        0,
        1,
        2,
        3,
        4,
        5,
        6,
        7
      ],
      "tr_status_counts": {
        "O": 9505,
        "T": 103
      }
    },
    "BSDC91": {
      "tr_rows": 9600,
      "tr_valid_rows": 9540,
      "sweep_validity": {
        "sweeps_total": 1200,
        "sweeps_with_any_valid": 1200,
        "sweeps_ge4": 1200,
        "sweeps_ge7": 1200,
        "sweeps_ge8": 1140,
        "ratio_ge4": 1.0,
        "ratio_ge7": 1.0,
        "ratio_ge8": 0.95,
        "valid_count_distribution": {
          "0": 0,
          "1": 0,
          "2": 0,
          "3": 0,
          "4": 0,
          "5": 0,
          "6": 0,
          "7": 60,
          "8": 1140
        }
      },
      "latest_tr": {
        "conn_id": null,
        "host_elapsed_s": 119.971302,
        "host_epoch_s": 1779965982.126437,
        "peer_name": "BSDC91",
        "tag_id": "",
        "sweep": 3704,
        "plan": "f",
        "pmode": 0,
        "anchor_id": 7,
        "raw_mm": 2991,
        "range_mm": 2991,
        "quality_percent": 100,
        "valid": 1,
        "status": "O",
        "quality_flag_percent": 0,
        "first_to_last_us": 0,
        "frame_us": 0,
        "poll_count": 0,
        "tr_version": 2,
        "rx_mask": "",
        "air_us": "",
        "post_us": "",
        "cycle_us": "",
        "rx_seen": "",
        "imu_valid": 0,
        "imu_n": 0,
        "acc_norm_mean_mg": "",
        "acc_norm_std_mg": "",
        "acc_norm_min_mg": "",
        "acc_norm_max_mg": "",
        "imu_skip_count": 0
      },
      "anchors_seen": [
        0,
        1,
        2,
        3,
        4,
        5,
        6,
        7
      ],
      "tr_status_counts": {
        "O": 9540,
        "T": 60
      }
    }
  },
  "raw_log": "/home/zekaixiao/Desktop/28052026_Erlangen_Official/captures/erlangen_20260528_optitrack/roto_R02_BS2DCE_BSDC91_120s_20260528_125658/tag_capture_20260528_125658/raw.log",
  "tr_all_csv": "/home/zekaixiao/Desktop/28052026_Erlangen_Official/captures/erlangen_20260528_optitrack/roto_R02_BS2DCE_BSDC91_120s_20260528_125658/tag_capture_20260528_125658/tr_all.csv"
}
