[CAPTURE] session_dir=/home/zekaixiao/Desktop/28052026_Erlangen_Official/captures/erlangen_20260528_optitrack/static_ID19_BSF66F_120s_20260528_121846/tag_capture_20260528_121846
[CAPTURE] raw_log=/home/zekaixiao/Desktop/28052026_Erlangen_Official/captures/erlangen_20260528_optitrack/static_ID19_BSF66F_120s_20260528_121846/tag_capture_20260528_121846/raw.log
[CAPTURE] plan: targets=BSF66F tr=10Hz duration=120s
[CAPTURE] open serial: /dev/serial/by-id/usb-Master_Tag_BioSpur_BLE_Control_6918E0384172A49F-if00
[CAPTURE] drain boot/runtime output
[HOST_CMD] status
[HOST_CMD] device show
[CAPTURE] configure: reuse Master_Tag resident links
[HOST_CMD] device kind tag
[HOST_CMD] device show
[HOST_CMD] ota_target token -1
[HOST_CMD] ota_target name BSF66F
[HOST_CMD] ota_target prefix -
[HOST_CMD] ota_target uuid -
[CAPTURE] configure: targeted AOTA non-target tags=BS2DCE,BSDC91,BS9336,BS955A,BSCCF4
[HOST_CMD] ota_target token -1
[HOST_CMD] ota_target name BS2DCE
[HOST_CMD] ota_target prefix -
[HOST_CMD] ota_target uuid -
[HOST_CMD] cmd_all MODE AOTA
[HOST_CMD] ota_target token -1
[HOST_CMD] ota_target name BSDC91
[HOST_CMD] ota_target prefix -
[HOST_CMD] ota_target uuid -
[HOST_CMD] cmd_all MODE AOTA
[HOST_CMD] ota_target token -1
[HOST_CMD] ota_target name BS9336
[HOST_CMD] ota_target prefix -
[HOST_CMD] ota_target uuid -
[HOST_CMD] cmd_all MODE AOTA
[HOST_CMD] ota_target token -1
[HOST_CMD] ota_target name BS955A
[HOST_CMD] ota_target prefix -
[HOST_CMD] ota_target uuid -
[HOST_CMD] cmd_all MODE AOTA
[HOST_CMD] ota_target token -1
[HOST_CMD] ota_target name BSCCF4
[HOST_CMD] ota_target prefix -
[HOST_CMD] ota_target uuid -
[HOST_CMD] cmd_all MODE AOTA
[HOST_CMD] ota_target token -1
[HOST_CMD] ota_target name BSF66F
[HOST_CMD] ota_target prefix -
[HOST_CMD] ota_target uuid -
[CAPTURE] configure: silence resident Tag links for enrollment after non-target AOTA (BS2DCE,BSDC91,BS9336,BS955A,BSCCF4)
[HOST_CMD] tdma hold 1
[CAPTURE] configure: skip setup MODE AOTA; TDMA roster/hold controls admission
[CAPTURE] configure: reassert TDMA target roster
[HOST_CMD] tdma clear
[HOST_CMD] tdma freq motion 10
[HOST_CMD] tdma roster BSF66F motion
[HOST_CMD] ota_target token -1
[HOST_CMD] ota_target name BSF66F
[HOST_CMD] ota_target prefix -
[HOST_CMD] ota_target uuid -
[HOST_CMD] conn
[CAPTURE] configure: wait for target links
[CAPTURE] link setup passive initial: wait up to 30s
[CAPTURE] link setup passive: ready=BSF66F (1/1)
[CAPTURE] link setup passive: all 1/1 ready; settle 8.0s before TDMA release
[CAPTURE] link setup passive: ready=BSF66F (1/1)
[CAPTURE] configure: release TDMA hold and verify TDMA CFG
[HOST_CMD] tdma hold 0
[CAPTURE] configure: TDMA CFG apply/check attempt 1/3
[HOST_CMD] tdma freq motion 10
[HOST_CMD] tdma roster BSF66F motion
[HOST_CMD] tdma rebalance
[HOST_CMD] tdma show
[HOST_CMD] status
[HOST_CMD] device show
[CAPTURE] configure: TDMA CFG verified match=true
[CAPTURE] configure: TDMA ready
[CAPTURE] TDMA verified; start TR capture
[CAPTURE] [....................]   0.0% elapsed=0s eta=120s rows=8 row_rate=13443.3/s sw=1 ge7=100% ge8=100% BSF66F:rows=8,cfg=10Hz
[CAPTURE] [....................]   0.9% elapsed=1s eta=119s rows=88 row_rate=81.4/s sw=11 ge7=100% ge8=100% BSF66F:rows=88,cfg=10Hz
[CAPTURE] [....................]   1.8% elapsed=2s eta=118s rows=168 row_rate=79.5/s sw=21 ge7=100% ge8=100% BSF66F:rows=168,cfg=10Hz
[CAPTURE] [#...................]   2.7% elapsed=3s eta=117s rows=256 row_rate=80.1/s sw=32 ge7=100% ge8=97% BSF66F:rows=256,cfg=10Hz
[CAPTURE] [#...................]   3.5% elapsed=4s eta=116s rows=336 row_rate=80.1/s sw=42 ge7=100% ge8=93% BSF66F:rows=336,cfg=10Hz
[CAPTURE] [#...................]   4.5% elapsed=5s eta=115s rows=424 row_rate=79.1/s sw=53 ge7=100% ge8=87% BSF66F:rows=424,cfg=10Hz
[CAPTURE] [#...................]   5.3% elapsed=6s eta=114s rows=512 row_rate=80.2/s sw=64 ge7=100% ge8=83% BSF66F:rows=512,cfg=10Hz
[CAPTURE] [#...................]   6.2% elapsed=7s eta=113s rows=592 row_rate=80.2/s sw=74 ge7=100% ge8=82% BSF66F:rows=592,cfg=10Hz
[CAPTURE] [#...................]   7.0% elapsed=8s eta=112s rows=672 row_rate=80.0/s sw=84 ge7=100% ge8=82% BSF66F:rows=672,cfg=10Hz
[CAPTURE] [##..................]   7.9% elapsed=9s eta=111s rows=760 row_rate=80.1/s sw=95 ge7=100% ge8=80% BSF66F:rows=760,cfg=10Hz
[CAPTURE] [##..................]   8.7% elapsed=10s eta=110s rows=840 row_rate=80.1/s sw=105 ge7=100% ge8=79% BSF66F:rows=840,cfg=10Hz
[CAPTURE] [##..................]   9.6% elapsed=11s eta=109s rows=920 row_rate=80.1/s sw=115 ge7=100% ge8=77% BSF66F:rows=920,cfg=10Hz
[CAPTURE] [##..................]  10.5% elapsed=13s eta=107s rows=1008 row_rate=80.0/s sw=126 ge7=100% ge8=79% BSF66F:rows=1008,cfg=10Hz
[CAPTURE] [##..................]  11.4% elapsed=14s eta=106s rows=1096 row_rate=80.1/s sw=137 ge7=100% ge8=80% BSF66F:rows=1096,cfg=10Hz
[CAPTURE] [##..................]  12.3% elapsed=15s eta=105s rows=1176 row_rate=79.9/s sw=147 ge7=100% ge8=82% BSF66F:rows=1176,cfg=10Hz
[CAPTURE] [###.................]  13.2% elapsed=16s eta=104s rows=1264 row_rate=80.0/s sw=158 ge7=100% ge8=83% BSF66F:rows=1264,cfg=10Hz
[CAPTURE] [###.................]  14.0% elapsed=17s eta=103s rows=1344 row_rate=80.0/s sw=168 ge7=100% ge8=84% BSF66F:rows=1344,cfg=10Hz
[CAPTURE] [###.................]  14.9% elapsed=18s eta=102s rows=1432 row_rate=80.0/s sw=179 ge7=100% ge8=85% BSF66F:rows=1432,cfg=10Hz
[CAPTURE] [###.................]  15.8% elapsed=19s eta=101s rows=1520 row_rate=80.4/s sw=190 ge7=100% ge8=86% BSF66F:rows=1520,cfg=10Hz
[CAPTURE] [###.................]  16.7% elapsed=20s eta=100s rows=1600 row_rate=80.1/s sw=200 ge7=100% ge8=86% BSF66F:rows=1600,cfg=10Hz
[CAPTURE] [###.................]  17.5% elapsed=21s eta=99s rows=1680 row_rate=80.0/s sw=210 ge7=100% ge8=87% BSF66F:rows=1680,cfg=10Hz
[CAPTURE] [####................]  18.4% elapsed=22s eta=98s rows=1768 row_rate=80.0/s sw=221 ge7=100% ge8=88% BSF66F:rows=1768,cfg=10Hz
[CAPTURE] [####................]  19.3% elapsed=23s eta=97s rows=1848 row_rate=80.0/s sw=231 ge7=100% ge8=88% BSF66F:rows=1848,cfg=10Hz
[CAPTURE] [####................]  20.2% elapsed=24s eta=96s rows=1936 row_rate=80.0/s sw=242 ge7=100% ge8=88% BSF66F:rows=1936,cfg=10Hz
[CAPTURE] [####................]  21.0% elapsed=25s eta=95s rows=2016 row_rate=80.0/s sw=252 ge7=100% ge8=89% BSF66F:rows=2016,cfg=10Hz
[CAPTURE] [####................]  21.9% elapsed=26s eta=94s rows=2104 row_rate=79.9/s sw=263 ge7=100% ge8=89% BSF66F:rows=2104,cfg=10Hz
[CAPTURE] [#####...............]  22.8% elapsed=27s eta=93s rows=2184 row_rate=79.9/s sw=273 ge7=100% ge8=90% BSF66F:rows=2184,cfg=10Hz
[CAPTURE] [#####...............]  23.7% elapsed=28s eta=92s rows=2272 row_rate=80.0/s sw=284 ge7=100% ge8=90% BSF66F:rows=2272,cfg=10Hz
[CAPTURE] [#####...............]  24.5% elapsed=29s eta=91s rows=2352 row_rate=80.0/s sw=294 ge7=100% ge8=90% BSF66F:rows=2352,cfg=10Hz
[CAPTURE] [#####...............]  25.4% elapsed=30s eta=90s rows=2432 row_rate=79.9/s sw=304 ge7=100% ge8=90% BSF66F:rows=2432,cfg=10Hz
[CAPTURE] [#####...............]  26.3% elapsed=32s eta=88s rows=2520 row_rate=80.0/s sw=315 ge7=100% ge8=91% BSF66F:rows=2520,cfg=10Hz
[CAPTURE] [#####...............]  27.2% elapsed=33s eta=87s rows=2608 row_rate=80.0/s sw=326 ge7=100% ge8=91% BSF66F:rows=2608,cfg=10Hz
[CAPTURE] [######..............]  28.0% elapsed=34s eta=86s rows=2688 row_rate=80.0/s sw=336 ge7=100% ge8=91% BSF66F:rows=2688,cfg=10Hz
[CAPTURE] [######..............]  28.9% elapsed=35s eta=85s rows=2776 row_rate=80.0/s sw=347 ge7=100% ge8=92% BSF66F:rows=2776,cfg=10Hz
[CAPTURE] [######..............]  29.8% elapsed=36s eta=84s rows=2856 row_rate=80.0/s sw=357 ge7=100% ge8=92% BSF66F:rows=2856,cfg=10Hz
[CAPTURE] [######..............]  30.7% elapsed=37s eta=83s rows=2944 row_rate=80.0/s sw=368 ge7=100% ge8=92% BSF66F:rows=2944,cfg=10Hz
[CAPTURE] [######..............]  31.5% elapsed=38s eta=82s rows=3024 row_rate=80.0/s sw=378 ge7=100% ge8=92% BSF66F:rows=3024,cfg=10Hz
[CAPTURE] [######..............]  32.4% elapsed=39s eta=81s rows=3112 row_rate=80.0/s sw=389 ge7=100% ge8=93% BSF66F:rows=3112,cfg=10Hz
[CAPTURE] [#######.............]  33.3% elapsed=40s eta=80s rows=3192 row_rate=79.9/s sw=399 ge7=100% ge8=93% BSF66F:rows=3192,cfg=10Hz
[CAPTURE] [#######.............]  34.2% elapsed=41s eta=79s rows=3280 row_rate=80.0/s sw=410 ge7=100% ge8=93% BSF66F:rows=3280,cfg=10Hz
[CAPTURE] [#######.............]  35.1% elapsed=42s eta=78s rows=3368 row_rate=80.0/s sw=421 ge7=100% ge8=93% BSF66F:rows=3368,cfg=10Hz
[CAPTURE] [#######.............]  36.0% elapsed=43s eta=77s rows=3456 row_rate=80.0/s sw=432 ge7=100% ge8=93% BSF66F:rows=3456,cfg=10Hz
[CAPTURE] [#######.............]  36.9% elapsed=44s eta=76s rows=3544 row_rate=80.0/s sw=443 ge7=100% ge8=92% BSF66F:rows=3544,cfg=10Hz
[CAPTURE] [########............]  37.8% elapsed=45s eta=75s rows=3624 row_rate=79.9/s sw=453 ge7=100% ge8=92% BSF66F:rows=3624,cfg=10Hz
[CAPTURE] [########............]  38.7% elapsed=46s eta=74s rows=3712 row_rate=80.0/s sw=464 ge7=100% ge8=91% BSF66F:rows=3712,cfg=10Hz
[CAPTURE] [########............]  39.6% elapsed=47s eta=73s rows=3800 row_rate=80.0/s sw=475 ge7=100% ge8=91% BSF66F:rows=3800,cfg=10Hz
[CAPTURE] [########............]  40.5% elapsed=49s eta=71s rows=3888 row_rate=80.0/s sw=486 ge7=100% ge8=91% BSF66F:rows=3888,cfg=10Hz
[CAPTURE] [########............]  41.4% elapsed=50s eta=70s rows=3976 row_rate=80.0/s sw=497 ge7=100% ge8=90% BSF66F:rows=3976,cfg=10Hz
[CAPTURE] [########............]  42.3% elapsed=51s eta=69s rows=4056 row_rate=80.0/s sw=507 ge7=100% ge8=90% BSF66F:rows=4056,cfg=10Hz
[CAPTURE] [#########...........]  43.2% elapsed=52s eta=68s rows=4144 row_rate=80.0/s sw=518 ge7=100% ge8=89% BSF66F:rows=4144,cfg=10Hz
[CAPTURE] [#########...........]  44.1% elapsed=53s eta=67s rows=4232 row_rate=80.0/s sw=529 ge7=100% ge8=89% BSF66F:rows=4232,cfg=10Hz
[CAPTURE] [#########...........]  44.9% elapsed=54s eta=66s rows=4312 row_rate=80.0/s sw=539 ge7=100% ge8=89% BSF66F:rows=4312,cfg=10Hz
[CAPTURE] [#########...........]  45.8% elapsed=55s eta=65s rows=4400 row_rate=80.0/s sw=550 ge7=100% ge8=89% BSF66F:rows=4400,cfg=10Hz
[CAPTURE] [#########...........]  46.8% elapsed=56s eta=64s rows=4488 row_rate=80.0/s sw=561 ge7=100% ge8=89% BSF66F:rows=4488,cfg=10Hz
[CAPTURE] [##########..........]  47.7% elapsed=57s eta=63s rows=4576 row_rate=80.0/s sw=572 ge7=100% ge8=90% BSF66F:rows=4576,cfg=10Hz
[CAPTURE] [##########..........]  48.6% elapsed=58s eta=62s rows=4664 row_rate=80.0/s sw=583 ge7=100% ge8=90% BSF66F:rows=4664,cfg=10Hz
[CAPTURE] [##########..........]  49.5% elapsed=59s eta=61s rows=4752 row_rate=80.0/s sw=594 ge7=100% ge8=90% BSF66F:rows=4752,cfg=10Hz
[CAPTURE] [##########..........]  50.4% elapsed=60s eta=60s rows=4832 row_rate=79.9/s sw=604 ge7=100% ge8=90% BSF66F:rows=4832,cfg=10Hz
[CAPTURE] [##########..........]  51.2% elapsed=61s eta=59s rows=4920 row_rate=80.0/s sw=615 ge7=100% ge8=90% BSF66F:rows=4920,cfg=10Hz
[CAPTURE] [##########..........]  52.1% elapsed=62s eta=58s rows=5000 row_rate=80.0/s sw=625 ge7=100% ge8=90% BSF66F:rows=5000,cfg=10Hz
[CAPTURE] [###########.........]  53.0% elapsed=64s eta=56s rows=5088 row_rate=80.0/s sw=636 ge7=100% ge8=90% BSF66F:rows=5088,cfg=10Hz
[CAPTURE] [###########.........]  53.8% elapsed=65s eta=55s rows=5168 row_rate=80.0/s sw=646 ge7=100% ge8=91% BSF66F:rows=5168,cfg=10Hz
[CAPTURE] [###########.........]  54.7% elapsed=66s eta=54s rows=5256 row_rate=80.0/s sw=657 ge7=100% ge8=91% BSF66F:rows=5256,cfg=10Hz
[CAPTURE] [###########.........]  55.6% elapsed=67s eta=53s rows=5336 row_rate=80.0/s sw=667 ge7=100% ge8=91% BSF66F:rows=5336,cfg=10Hz
[CAPTURE] [###########.........]  56.5% elapsed=68s eta=52s rows=5424 row_rate=80.0/s sw=678 ge7=100% ge8=91% BSF66F:rows=5424,cfg=10Hz
[CAPTURE] [###########.........]  57.3% elapsed=69s eta=51s rows=5504 row_rate=80.0/s sw=688 ge7=100% ge8=91% BSF66F:rows=5504,cfg=10Hz
[CAPTURE] [############........]  58.2% elapsed=70s eta=50s rows=5584 row_rate=80.0/s sw=698 ge7=100% ge8=91% BSF66F:rows=5584,cfg=10Hz
[CAPTURE] [############........]  59.1% elapsed=71s eta=49s rows=5672 row_rate=80.0/s sw=709 ge7=100% ge8=91% BSF66F:rows=5672,cfg=10Hz
[CAPTURE] [############........]  60.0% elapsed=72s eta=48s rows=5760 row_rate=80.0/s sw=720 ge7=100% ge8=91% BSF66F:rows=5760,cfg=10Hz
[CAPTURE] [############........]  60.9% elapsed=73s eta=47s rows=5848 row_rate=80.0/s sw=731 ge7=100% ge8=91% BSF66F:rows=5848,cfg=10Hz
[CAPTURE] [############........]  61.8% elapsed=74s eta=46s rows=5936 row_rate=80.0/s sw=742 ge7=100% ge8=91% BSF66F:rows=5936,cfg=10Hz
[CAPTURE] [#############.......]  62.7% elapsed=75s eta=45s rows=6016 row_rate=80.0/s sw=752 ge7=100% ge8=91% BSF66F:rows=6016,cfg=10Hz
[CAPTURE] [#############.......]  63.6% elapsed=76s eta=44s rows=6104 row_rate=80.0/s sw=763 ge7=100% ge8=91% BSF66F:rows=6104,cfg=10Hz
[CAPTURE] [#############.......]  64.5% elapsed=77s eta=43s rows=6192 row_rate=80.0/s sw=774 ge7=100% ge8=90% BSF66F:rows=6192,cfg=10Hz
[CAPTURE] [#############.......]  65.4% elapsed=78s eta=42s rows=6280 row_rate=80.0/s sw=785 ge7=100% ge8=90% BSF66F:rows=6280,cfg=10Hz
[CAPTURE] [#############.......]  66.3% elapsed=80s eta=40s rows=6368 row_rate=80.0/s sw=796 ge7=100% ge8=90% BSF66F:rows=6368,cfg=10Hz
[CAPTURE] [#############.......]  67.2% elapsed=81s eta=39s rows=6448 row_rate=80.0/s sw=806 ge7=100% ge8=90% BSF66F:rows=6448,cfg=10Hz
[CAPTURE] [##############......]  68.1% elapsed=82s eta=38s rows=6536 row_rate=80.0/s sw=817 ge7=100% ge8=90% BSF66F:rows=6536,cfg=10Hz
[CAPTURE] [##############......]  69.0% elapsed=83s eta=37s rows=6624 row_rate=80.0/s sw=828 ge7=100% ge8=91% BSF66F:rows=6624,cfg=10Hz
[CAPTURE] [##############......]  69.9% elapsed=84s eta=36s rows=6712 row_rate=80.0/s sw=839 ge7=100% ge8=91% BSF66F:rows=6712,cfg=10Hz
[CAPTURE] [##############......]  70.8% elapsed=85s eta=35s rows=6792 row_rate=80.0/s sw=849 ge7=100% ge8=91% BSF66F:rows=6792,cfg=10Hz
[CAPTURE] [##############......]  71.7% elapsed=86s eta=34s rows=6880 row_rate=80.0/s sw=860 ge7=100% ge8=91% BSF66F:rows=6880,cfg=10Hz
[CAPTURE] [###############.....]  72.6% elapsed=87s eta=33s rows=6968 row_rate=80.0/s sw=871 ge7=100% ge8=91% BSF66F:rows=6968,cfg=10Hz
[CAPTURE] [###############.....]  73.5% elapsed=88s eta=32s rows=7056 row_rate=80.0/s sw=882 ge7=100% ge8=91% BSF66F:rows=7056,cfg=10Hz
[CAPTURE] [###############.....]  74.3% elapsed=89s eta=31s rows=7136 row_rate=80.0/s sw=892 ge7=100% ge8=91% BSF66F:rows=7136,cfg=10Hz
[CAPTURE] [###############.....]  75.3% elapsed=90s eta=30s rows=7224 row_rate=80.0/s sw=903 ge7=100% ge8=91% BSF66F:rows=7224,cfg=10Hz
[CAPTURE] [###############.....]  76.2% elapsed=91s eta=29s rows=7312 row_rate=80.0/s sw=914 ge7=100% ge8=91% BSF66F:rows=7312,cfg=10Hz
[CAPTURE] [###############.....]  77.1% elapsed=92s eta=28s rows=7400 row_rate=80.0/s sw=925 ge7=100% ge8=91% BSF66F:rows=7400,cfg=10Hz
[CAPTURE] [################....]  78.0% elapsed=94s eta=26s rows=7488 row_rate=80.0/s sw=936 ge7=100% ge8=91% BSF66F:rows=7488,cfg=10Hz
[CAPTURE] [################....]  78.9% elapsed=95s eta=25s rows=7576 row_rate=80.0/s sw=947 ge7=100% ge8=91% BSF66F:rows=7576,cfg=10Hz
[CAPTURE] [################....]  79.8% elapsed=96s eta=24s rows=7664 row_rate=80.0/s sw=958 ge7=100% ge8=91% BSF66F:rows=7664,cfg=10Hz
[CAPTURE] [################....]  80.7% elapsed=97s eta=23s rows=7744 row_rate=80.0/s sw=968 ge7=100% ge8=91% BSF66F:rows=7744,cfg=10Hz
[CAPTURE] [################....]  81.6% elapsed=98s eta=22s rows=7832 row_rate=80.0/s sw=979 ge7=100% ge8=91% BSF66F:rows=7832,cfg=10Hz
[CAPTURE] [################....]  82.5% elapsed=99s eta=21s rows=7920 row_rate=80.0/s sw=990 ge7=100% ge8=91% BSF66F:rows=7920,cfg=10Hz
[CAPTURE] [#################...]  83.3% elapsed=100s eta=20s rows=8000 row_rate=80.0/s sw=1000 ge7=100% ge8=91% BSF66F:rows=8000,cfg=10Hz
[CAPTURE] [#################...]  84.2% elapsed=101s eta=19s rows=8088 row_rate=80.0/s sw=1011 ge7=100% ge8=91% BSF66F:rows=8088,cfg=10Hz
[CAPTURE] [#################...]  85.2% elapsed=102s eta=18s rows=8176 row_rate=80.0/s sw=1022 ge7=100% ge8=91% BSF66F:rows=8176,cfg=10Hz
[CAPTURE] [#################...]  86.1% elapsed=103s eta=17s rows=8264 row_rate=80.0/s sw=1033 ge7=100% ge8=91% BSF66F:rows=8264,cfg=10Hz
[CAPTURE] [#################...]  87.0% elapsed=104s eta=16s rows=8352 row_rate=80.0/s sw=1044 ge7=100% ge8=91% BSF66F:rows=8352,cfg=10Hz
[CAPTURE] [##################..]  87.9% elapsed=105s eta=15s rows=8432 row_rate=80.0/s sw=1054 ge7=100% ge8=91% BSF66F:rows=8432,cfg=10Hz
[CAPTURE] [##################..]  88.7% elapsed=106s eta=14s rows=8520 row_rate=80.0/s sw=1065 ge7=100% ge8=91% BSF66F:rows=8520,cfg=10Hz
[CAPTURE] [##################..]  89.7% elapsed=108s eta=12s rows=8608 row_rate=80.0/s sw=1076 ge7=100% ge8=91% BSF66F:rows=8608,cfg=10Hz
[CAPTURE] [##################..]  90.6% elapsed=109s eta=11s rows=8696 row_rate=80.0/s sw=1087 ge7=100% ge8=91% BSF66F:rows=8696,cfg=10Hz
[CAPTURE] [##################..]  91.5% elapsed=110s eta=10s rows=8784 row_rate=80.0/s sw=1098 ge7=100% ge8=92% BSF66F:rows=8784,cfg=10Hz
[CAPTURE] [##################..]  92.3% elapsed=111s eta=9s rows=8864 row_rate=80.0/s sw=1108 ge7=100% ge8=92% BSF66F:rows=8864,cfg=10Hz
[CAPTURE] [###################.]  93.3% elapsed=112s eta=8s rows=8952 row_rate=80.0/s sw=1119 ge7=100% ge8=92% BSF66F:rows=8952,cfg=10Hz
[CAPTURE] [###################.]  94.2% elapsed=113s eta=7s rows=9040 row_rate=80.0/s sw=1130 ge7=100% ge8=91% BSF66F:rows=9040,cfg=10Hz
[CAPTURE] [###################.]  95.1% elapsed=114s eta=6s rows=9128 row_rate=80.0/s sw=1141 ge7=100% ge8=91% BSF66F:rows=9128,cfg=10Hz
[CAPTURE] [###################.]  96.0% elapsed=115s eta=5s rows=9216 row_rate=80.0/s sw=1152 ge7=100% ge8=91% BSF66F:rows=9216,cfg=10Hz
[CAPTURE] [###################.]  96.9% elapsed=116s eta=4s rows=9304 row_rate=80.0/s sw=1163 ge7=100% ge8=91% BSF66F:rows=9304,cfg=10Hz
[CAPTURE] [####################]  97.8% elapsed=117s eta=3s rows=9392 row_rate=80.0/s sw=1174 ge7=100% ge8=90% BSF66F:rows=9392,cfg=10Hz
[CAPTURE] [####################]  98.7% elapsed=118s eta=2s rows=9480 row_rate=80.0/s sw=1185 ge7=100% ge8=90% BSF66F:rows=9480,cfg=10Hz
[CAPTURE] [####################]  99.6% elapsed=120s eta=0s rows=9568 row_rate=80.0/s sw=1196 ge7=100% ge8=90% BSF66F:rows=9568,cfg=10Hz
[CAPTURE] cleanup: stopping all tag ranging with cmd_all MODE AOTA
[HOST_CMD] cmd_all MODE AOTA
[CAPTURE] cleanup: all tags quiet after MODE AOTA
{
  "success": true,
  "interrupted": false,
  "startup_failed": false,
  "startup_fail_targets": [],
  "controller_lost": false,
  "no_tr_timeout": false,
  "controller_recovery_attempts": 0,
  "controller_recovery_successes": 0,
  "tdma_config_failed": false,
  "tdma_config_check": {
    "match": true,
    "per_target": {
      "BSF66F": {
        "bs": "BSF66F",
        "match": true,
        "mismatches": [],
        "warnings": [],
        "expected": {
          "tag_id": 1,
          "slot": 0,
          "count": 10,
          "mask": 1,
          "mask_hex": "0x0001",
          "period_ms": 10,
          "active_ms": 9,
          "active_us": 0,
          "generation": 5,
          "pmode": 0
        },
        "actual": {
          "tag_id": 1,
          "slot": 0,
          "count": 10,
          "mask": 1,
          "mask_hex": "0x0001",
          "period_ms": 10,
          "active_ms": 9,
          "active_us": 0,
          "generation": 5,
          "live": 1
        },
        "actual_cfg_hz": 10.0,
        "scheduler": {
          "profile": "motion",
          "target_hz": 10,
          "mask": 1,
          "mask_hex": "0x0001",
          "slots": 1,
          "count": 10,
          "actual_x100": 1000,
          "actual_hz": 10.0
        },
        "expected_pmode": 0,
        "expected_freq_hz": 10
      }
    }
  },
  "anchor_preflight": {
    "skipped": true,
    "success": true
  },
  "cleanup": {
    "attempted": true,
    "success": true,
    "command": "cmd_all MODE AOTA",
    "error": "",
    "stop_notify_rows": 0,
    "stop_verify_s": 3.0
  },
  "port": "/dev/serial/by-id/usb-Master_Tag_BioSpur_BLE_Control_6918E0384172A49F-if00",
  "duration_s": 120.0,
  "elapsed_s": 170.48111510276794,
  "session_dir": "/home/zekaixiao/Desktop/28052026_Erlangen_Official/captures/erlangen_20260528_optitrack/static_ID19_BSF66F_120s_20260528_121846/tag_capture_20260528_121846",
  "targets": [
    "BSF66F"
  ],
  "expected_pmode": {
    "BSF66F": 0
  },
  "expected_freq_hz": {
    "BSF66F": 10
  },
  "skipped_before_target_pmode": 0,
  "freq_hz": {
    "tr": 10
  },
  "tr_all": 9608,
  "tr_valid_all": 9485,
  "sweep_validity_all": {
    "sweeps_total": 1201,
    "sweeps_with_any_valid": 1201,
    "sweeps_ge4": 1201,
    "sweeps_ge7": 1200,
    "sweeps_ge8": 1079,
    "ratio_ge4": 1.0,
    "ratio_ge7": 0.999167,
    "ratio_ge8": 0.898418,
    "valid_count_distribution": {
      "0": 0,
      "1": 0,
      "2": 0,
      "3": 0,
      "4": 0,
      "5": 0,
      "6": 1,
      "7": 121,
      "8": 1079
    }
  },
  "connections": {},
  "per_tag": {
    "BSF66F": {
      "tr_rows": 9608,
      "tr_valid_rows": 9485,
      "sweep_validity": {
        "sweeps_total": 1201,
        "sweeps_with_any_valid": 1201,
        "sweeps_ge4": 1201,
        "sweeps_ge7": 1200,
        "sweeps_ge8": 1079,
        "ratio_ge4": 1.0,
        "ratio_ge7": 0.999167,
        "ratio_ge8": 0.898418,
        "valid_count_distribution": {
          "0": 0,
          "1": 0,
          "2": 0,
          "3": 0,
          "4": 0,
          "5": 0,
          "6": 1,
          "7": 121,
          "8": 1079
        }
      },
      "latest_tr": {
        "conn_id": null,
        "host_elapsed_s": 119.980458,
        "host_epoch_s": 1779963692.336213,
        "peer_name": "BSF66F",
        "tag_id": "",
        "sweep": 26161,
        "plan": "f",
        "pmode": 0,
        "anchor_id": 7,
        "raw_mm": 2419,
        "range_mm": 2419,
        "quality_percent": 100,
        "valid": 1,
        "status": "O",
        "quality_flag_percent": 0,
        "first_to_last_us": 0,
        "frame_us": 0,
        "poll_count": 0,
        "tr_version": 2,
        "rx_mask": "",
        "air_us": "",
        "post_us": "",
        "cycle_us": "",
        "rx_seen": "",
        "imu_valid": 0,
        "imu_n": 0,
        "acc_norm_mean_mg": "",
        "acc_norm_std_mg": "",
        "acc_norm_min_mg": "",
        "acc_norm_max_mg": "",
        "imu_skip_count": 0
      },
      "anchors_seen": [
        0,
        1,
        2,
        3,
        4,
        5,
        6,
        7
      ],
      "tr_status_counts": {
        "O": 9485,
        "T": 123
      }
    }
  },
  "raw_log": "/home/zekaixiao/Desktop/28052026_Erlangen_Official/captures/erlangen_20260528_optitrack/static_ID19_BSF66F_120s_20260528_121846/tag_capture_20260528_121846/raw.log",
  "tr_all_csv": "/home/zekaixiao/Desktop/28052026_Erlangen_Official/captures/erlangen_20260528_optitrack/static_ID19_BSF66F_120s_20260528_121846/tag_capture_20260528_121846/tr_all.csv"
}
