PORT=/dev/serial/by-id/usb-BioSpur_BioSpur_BLE_Control_87EA2F4A526C5A02-if00
START=2026-06-02 11:57:19
MASTER=D
PRECHECK: BSxxxx tag quarantine disabled; master/matrix anchors ignore tag polls during sweep
PRECHECK: context session_autopos_ready=1 autopos_initialized=1
PRECHECK: reusing session AUTOPOS state from matrix guard
PRECHECK: reusing existing AUTOPOS map
>>> autopos round D 110
[AUTOPOS] AUTOPOS round staged: master=D sets=110
>>> autopos status
[AUTOPOS] AUTOPOS: mode=AUTOPOS state=staged staged=D last_success=C sets=110 error=-
>>> autopos apply
[AUTOPOS] AUTOPOS apply started
[AUTOPOS] RECV_BG gate: SUPPRESS reason=autopos_detach
[AUTOPOS] AUTOPOS detach skip STOP: finite master auto-returns to matrix sets=110
[AUTOPOS] RECV_BG gate: ALLOW reason=autopos_detach_done
[AUTOPOS] SCAN start req: bt_ready=1 scan_running=0 connecting_slot=-1 conn_count=8 target=anchor prefix=ANCHOR-
[AUTOPOS] Scanning for ANCHOR-*
[AUTOPOS] AUTOPOS apply mode: incremental
[AUTOPOS] AUTOPOS apply incremental: prev_master=C new_master=D
[AUTOPOS] Master discovery mode: CONN & START
[AUTOPOS] AUTOPOS wait anchor ready: uuid=CEE5A7EFCB35F8A56B430047629F5309 reuse existing ready control link (discovery remains active)
[AUTOPOS] AUTOPOS state: STATE fw=us-hc-exp4-tail900-start5 bs=BS5380 uuid=CEE5A7EFCB35F8A56B430047629F5309 label=C role=matrix cfg_valid=1 busy=1 pending_valid=1 schema=2 gen=3 reboot_required=0
[AUTOPOS] AUTOPOS state: STATE fw=us-hc-exp4-tail900-start5 bs=BS5380 uuid=CEE5A7EFCB35F8A56B430047629F5309 label=C role=matrix cfg_valid=1 busy=1 pending_valid=1 schema=2 gen=3 reboot_required=0
[AUTOPOS] AUTOPOS anchor C already active role=matrix cfg_valid=1; keeping current config
[AUTOPOS] AUTOPOS anchor C role verified
[AUTOPOS] Master discovery mode: CONN & START
[AUTOPOS] AUTOPOS wait anchor ready: uuid=B2B5FA625534A8C617135DCAFC9E036A reuse existing ready control link (discovery remains active)
[AUTOPOS] AUTOPOS state: STATE fw=us-hc-exp4-tail900-start5 bs=BS20AC uuid=B2B5FA625534A8C617135DCAFC9E036A label=D role=matrix cfg_valid=1 busy=1 pending_valid=1 schema=2 gen=3 reboot_required=0
[AUTOPOS] AUTOPOS state: STATE fw=us-hc-exp4-tail900-start5 bs=BS20AC uuid=B2B5FA625534A8C617135DCAFC9E036A label=D role=matrix cfg_valid=1 busy=1 pending_valid=1 schema=2 gen=3 reboot_required=0
[AUTOPOS] BLE cmd skip[0]: target mismatch kind=anchor target_name=- target_uuid=B2B5FA625534A8C617135DCAFC9E036A peer_name=- peer_bs=- peer_uuid=840C68591E90019821AACFF1B73AAA34 link=anchor-ctrl ready=1
[AUTOPOS] BLE cmd skip[1]: target mismatch kind=anchor target_name=- target_uuid=B2B5FA625534A8C617135DCAFC9E036A peer_name=- peer_bs=- peer_uuid=B3087BC3D87CCCD316AEDC6B71D6677F link=anchor-ctrl ready=1
[AUTOPOS] Anchor ctrl sent[2]: RUNTIME MASTER SWEEP 110 uuid=B2B5FA625534A8C617135DCAFC9E036A
[AUTOPOS] BLE cmd skip[3]: target mismatch kind=anchor target_name=- target_uuid=B2B5FA625534A8C617135DCAFC9E036A peer_name=- peer_bs=- peer_uuid=B9179575C776C98F1CB132DD6EDC6223 link=anchor-ctrl ready=1
[AUTOPOS] BLE cmd skip[4]: target mismatch kind=anchor target_name=- target_uuid=B2B5FA625534A8C617135DCAFC9E036A peer_name=- peer_bs=- peer_uuid=A892AF05DD59CF0D0D3408AD74F364A1 link=anchor-ctrl ready=1
[AUTOPOS] BLE cmd skip[5]: target mismatch kind=anchor target_name=- target_uuid=B2B5FA625534A8C617135DCAFC9E036A peer_name=- peer_bs=- peer_uuid=CEE5A7EFCB35F8A56B430047629F5309 link=anchor-ctrl ready=1
[AUTOPOS] BLE cmd skip[6]: target mismatch kind=anchor target_name=- target_uuid=B2B5FA625534A8C617135DCAFC9E036A peer_name=- peer_bs=- peer_uuid=F3BB7A04104F9CB8561DDDACB9E53714 link=anchor-ctrl ready=1
[AUTOPOS] BLE cmd skip[7]: target mismatch kind=anchor target_name=- target_uuid=B2B5FA625534A8C617135DCAFC9E036A peer_name=- peer_bs=- peer_uuid=B1E487C2B1FD740D1442206A1857DFA1 link=anchor-ctrl ready=1
[AUTOPOS] ANCHOR_CTRL[2] notify: OK RUNTIME_SWITCH_REQUESTED SWEEP=110
[AUTOPOS] AUTOPOS result: OK RUNTIME_SWITCH_REQUESTED SWEEP=110
[AUTOPOS] SW-D warmup discard 1/10 minq=0
[AUTOPOS] AUTOPOS state: STATE fw=us-hc-exp4-tail900-start5 bs=BS20AC uuid=B2B5FA625534A8C617135DCAFC9E036A label=D role=master cfg_valid=1 busy=1 pending_valid=1 schema=2 gen=3 reboot_required=0
[AUTOPOS] AUTOPOS anchor D role verified
[AUTOPOS] AUTOPOS apply success: master=D
[AUTOPOS] AUTOPOS finite sweep handoff: master=D sets=110; host waits for SWEEP_DONE
[AUTOPOS] SW-D warmup discard 2/10 minq=0
[AUTOPOS] SW-D warmup discard 3/10 minq=66
[AUTOPOS] SW-D warmup discard 4/10 minq=75
[AUTOPOS] SW-D warmup discard 5/10 minq=80
[AUTOPOS] SW-D warmup discard 6/10 minq=83
[AUTOPOS] SW-D warmup discard 7/10 minq=80
[AUTOPOS] SW-D warmup discard 8/10 minq=75
[AUTOPOS] SW-D warmup discard 9/10 minq=77
[AUTOPOS] SW-D warmup discard 10/10 minq=77
[AUTOPOS] SW-D,A,2874,72,B,4872,90,C,3876,81,E,3092,100,F,5247,90,G,4040,88,H,1729,81
[AUTOPOS] SW-D,A,2874,72,B,4927,83,C,3876,81,E,3067,100,F,5247,90,G,3988,90,H,1723,83
[AUTOPOS] SW-D,A,2874,72,B,4961,84,C,3876,81,E,3068,100,F,5275,84,G,4013,90,H,1727,84
[AUTOPOS] SW-D,A,2874,72,B,5050,85,C,3880,71,E,3046,100,F,5275,84,G,4024,91,H,1727,84
[AUTOPOS] SW-D,A,2844,60,B,4914,86,C,3880,71,E,3099,100,F,5275,84,G,4021,92,H,1704,80
[AUTOPOS] SW-D,A,2844,60,B,4904,87,C,3880,71,E,3152,100,F,5267,75,G,4001,92,H,1704,80
[AUTOPOS] SW-D,A,2795,58,B,5393,88,C,3880,71,E,3050,100,F,5267,75,G,3988,93,H,1704,80
[AUTOPOS] SW-D,A,2860,61,B,4933,88,C,3849,61,E,3050,100,F,5267,75,G,4020,93,H,1723,72
[AUTOPOS] SW-D,A,2860,61,B,4890,89,C,3849,61,E,3088,94,F,5250,68,G,3987,94,H,1723,72
[AUTOPOS] SW-D,A,2832,60,B,4924,90,C,3849,61,E,3060,94,F,5250,68,G,3994,94,H,1723,72
[AUTOPOS] SW-D,A,2856,61,B,4983,90,C,3849,61,E,3085,94,F,5250,68,G,3995,94,H,1723,72
[AUTOPOS] SW-D,A,2767,63,B,4976,90,C,3849,61,E,3081,95,F,5272,60,G,3995,94,H,1716,63
[AUTOPOS] SW-D,A,2852,65,B,4976,90,C,3890,52,E,3060,95,F,5246,62,G,3995,94,H,1703,65
[AUTOPOS] SW-D,A,2786,66,B,4976,90,C,3837,54,E,3127,95,F,5239,61,G,4023,86,H,1710,66
[AUTOPOS] SW-D,A,2827,68,B,4976,90,C,3884,56,E,3069,95,F,5249,62,G,4023,86,H,1752,68
[AUTOPOS] SW-D,A,2796,69,B,4976,90,C,3857,57,E,3069,95,F,5269,64,G,3995,83,H,1737,69
[AUTOPOS] SW-D,A,2812,70,B,4933,77,C,3835,59,E,3093,92,F,5223,65,G,3995,84,H,1775,70
[AUTOPOS] SW-D,A,2849,71,B,4969,78,C,3852,60,E,3081,92,F,5282,64,G,3995,84,H,1745,71
[AUTOPOS] SW-D,A,2811,72,B,4969,78,C,3826,62,E,3046,92,F,5223,65,G,4008,81,H,1741,72
[AUTOPOS] SW-D,A,2808,73,B,5018,76,C,3833,63,E,3067,92,F,5234,70,G,4023,82,H,1749,73
[AUTOPOS] SW-D,A,2808,73,B,5490,77,C,3828,64,E,3094,93,F,5234,70,G,4001,82,H,1749,73
[AUTOPOS] SW-D,A,2808,73,B,4817,78,C,3840,65,E,3099,93,F,5202,65,G,4001,82,H,1753,71
[AUTOPOS] SW-D,A,2874,70,B,4817,78,C,3887,70,E,3062,93,F,5254,66,G,3988,78,H,1715,76
[AUTOPOS] SW-D,A,2878,72,B,4882,77,C,3857,68,E,3062,93,F,5268,68,G,3988,78,H,1813,77
[AUTOPOS] SW-D,A,2817,73,B,4882,77,C,3828,70,E,3128,94,F,5242,69,G,3988,78,H,1733,78
[AUTOPOS] SW-D,A,2847,75,B,4882,77,C,3846,71,E,3044,94,F,5221,70,G,4010,73,H,1701,80
[AUTOPOS] SW-D,A,2767,76,B,4952,71,C,3846,71,E,3108,94,F,5221,70,G,4000,75,H,1701,80
[AUTOPOS] SW-D,A,2834,77,B,4826,72,C,3822,69,E,3097,95,F,5239,69,G,4014,76,H,1701,80
[AUTOPOS] SW-D,A,2854,78,B,4911,73,C,4034,70,E,3077,95,F,5217,70,G,3996,77,H,1774,73
[AUTOPOS] SW-D,A,2839,79,B,4911,73,C,3845,72,E,3122,95,F,5238,71,G,3996,77,H,1767,75
[AUTOPOS] SW-D,A,2840,80,B,4911,73,C,3879,70,E,3122,95,F,5249,72,G,3981,75,H,1726,76
[AUTOPOS] SW-D,A,2792,80,B,4911,73,C,3811,71,E,3102,91,F,5258,73,G,3981,75,H,1717,76
[AUTOPOS] SW-D,A,2858,81,B,4860,66,C,3852,72,E,3062,92,F,5282,74,G,4024,73,H,1788,77
[AUTOPOS] SW-D,A,2862,82,B,4874,67,C,3859,73,E,3062,92,F,5272,76,G,4024,73,H,1724,78
[AUTOPOS] SW-D,A,2879,82,B,4874,67,C,3833,74,E,3091,92,F,5251,77,G,4005,68,H,1740,76
[AUTOPOS] SW-D,A,2839,83,B,4874,67,C,3832,75,E,3060,92,F,5276,78,G,4005,68,H,1713,77
[AUTOPOS] SW-D,A,2825,83,B,4875,64,C,3867,76,E,3031,93,F,5249,80,G,4005,68,H,1734,78
[AUTOPOS] SW-D,A,2834,84,B,4875,64,C,3823,77,E,3061,93,F,5250,80,G,4005,68,H,1762,82
[AUTOPOS] SW-D,A,2805,88,B,5411,64,C,3841,78,E,3079,93,F,5287,81,G,3992,64,H,1735,83
[AUTOPOS] SW-D,A,2867,88,B,4979,66,C,3851,80,E,3081,93,F,5287,82,G,3987,66,H,1699,84
[AUTOPOS] SW-D,A,2836,89,B,4979,66,C,3852,80,E,3094,94,F,5242,83,G,3996,68,H,1667,85
[AUTOPOS] SW-D,A,2833,90,B,4957,65,C,3824,81,E,3104,94,F,5242,83,G,3998,70,H,1667,85
[AUTOPOS] SW-D,A,2858,90,B,4905,66,C,3824,81,E,3045,94,F,5242,83,G,3973,71,H,1667,85
[AUTOPOS] SW-D,A,2799,90,B,4886,68,C,3824,81,E,3122,95,F,5242,83,G,3993,72,H,1667,85
[AUTOPOS] SW-D,A,2825,91,B,4912,69,C,3824,81,E,3046,95,F,5264,75,G,4020,73,H,1805,75
[AUTOPOS] SW-D,A,2825,91,B,5417,70,C,3852,73,E,3026,95,F,5260,73,G,4020,73,H,1722,76
[AUTOPOS] SW-D,A,2850,88,B,5417,70,C,3831,74,E,3071,95,F,5263,74,G,4020,73,H,1727,76
[AUTOPOS] SW-D,A,2837,88,B,5417,70,C,3844,75,E,3022,95,F,5248,75,G,4011,69,H,1729,77
[AUTOPOS] SW-D,A,2798,88,B,4925,66,C,3860,75,E,3036,92,F,5248,75,G,3997,70,H,1729,77
[AUTOPOS] SW-D,A,2829,89,B,5519,67,C,3825,74,E,3036,92,F,5249,72,G,3997,70,H,1741,75
[AUTOPOS] SW-D,A,2787,89,B,5519,67,C,3844,75,E,3079,89,F,5250,73,G,3983,66,H,1741,75
[AUTOPOS] SW-D,A,2830,90,B,4968,66,C,3878,72,E,3083,89,F,5250,75,G,3995,67,H,1696,74
[AUTOPOS] SW-D,A,2810,90,B,4968,66,C,3825,73,E,3138,90,F,5280,76,G,3995,67,H,1741,75
[AUTOPOS] SW-D,A,2872,90,B,4968,66,C,3840,75,E,3076,90,F,5240,77,G,3995,67,H,1751,76
[AUTOPOS] SW-D,A,2886,94,B,4961,64,C,3849,76,E,3079,90,F,5279,78,G,4023,63,H,1751,76
[AUTOPOS] SW-D,A,2768,94,B,4950,66,C,3849,76,E,3030,94,F,5279,78,G,4013,65,H,1759,73
[AUTOPOS] SW-D,A,2768,94,B,4968,68,C,3798,73,E,3046,94,F,5279,78,G,3962,66,H,1718,75
[AUTOPOS] SW-D,A,2782,90,B,4968,68,C,3830,75,E,3046,94,F,5225,73,G,3989,68,H,1749,76
[AUTOPOS] SW-D,A,2810,90,B,5541,66,C,3848,76,E,3046,94,F,5244,74,G,3989,68,H,1704,77
[AUTOPOS] SW-D,A,2853,90,B,5541,66,C,3851,76,E,3134,85,F,5274,75,G,3989,68,H,1689,78
[AUTOPOS] SW-D,A,2846,91,B,5541,66,C,3820,77,E,3029,86,F,5254,75,G,3989,68,H,1737,79
[AUTOPOS] SW-D,A,2791,91,B,5541,66,C,3829,78,E,3070,86,F,5254,76,G,4033,61,H,1700,80
[AUTOPOS] SW-D,A,2856,92,B,4900,60,C,3836,76,E,3070,86,F,5272,77,G,4033,61,H,1709,80
[AUTOPOS] SW-D,A,2764,92,B,4900,60,C,3828,77,E,3019,84,F,5235,78,G,4033,61,H,1687,81
[AUTOPOS] SW-D,A,2877,92,B,4900,60,C,3813,78,E,3111,84,F,5250,82,G,3997,58,H,1731,82
[AUTOPOS] SW-D,A,2828,92,B,4945,57,C,3834,82,E,3111,84,F,5271,83,G,3997,58,H,1708,82
[AUTOPOS] SW-D,A,2822,93,B,4945,57,C,3820,83,E,3046,82,F,5254,84,G,3997,58,H,1715,83
[AUTOPOS] SW-D,A,2794,93,B,4945,57,C,3881,84,E,3105,82,F,5232,85,G,3997,58,H,1671,83
[AUTOPOS] SW-D,A,2817,93,B,4945,57,C,3834,85,E,3107,83,F,5240,85,G,3997,58,H,1755,84
[AUTOPOS] SW-D,A,2898,93,B,4945,57,C,3822,85,E,3060,83,F,5247,86,G,3997,58,H,1741,88
[AUTOPOS] SW-D,A,2810,94,B,4945,57,C,3846,82,E,3107,84,F,5255,86,G,3997,58,H,1701,88
[AUTOPOS] SW-D,A,2794,94,B,4945,57,C,3848,83,E,3078,88,F,5252,87,G,3997,58,H,1748,89
[AUTOPOS] SW-D,A,2865,94,B,4945,57,C,3855,84,E,3048,88,F,5233,88,G,3997,58,H,1735,90
[AUTOPOS] SW-D,A,2860,95,B,4945,57,C,3820,84,E,3070,89,F,5234,88,G,4041,45,H,1755,90
[AUTOPOS] SW-D,A,2801,95,B,5003,42,C,3823,85,E,3150,90,F,5234,88,G,4015,47,H,1755,90
[AUTOPOS] SW-D,A,2764,95,B,4934,45,C,3823,85,E,3050,90,F,5234,88,G,3994,50,H,1755,90
[AUTOPOS] SW-D,A,2786,95,B,5485,47,C,3854,82,E,3062,90,F,5260,82,G,3974,52,H,1755,90
[AUTOPOS] SW-D,A,2868,95,B,4891,50,C,3851,80,E,3076,91,F,5233,83,G,4006,51,H,1738,76
[AUTOPOS] SW-D,A,2793,96,B,4891,50,C,3833,81,E,3060,91,F,5250,83,G,4006,51,H,1739,77
[AUTOPOS] SW-D,A,2831,96,B,4891,50,C,3857,82,E,3045,92,F,5251,84,G,4006,51,H,1700,78
[AUTOPOS] SW-D,A,2832,96,B,4891,50,C,3812,83,E,3127,92,F,5282,88,G,4006,51,H,1751,79
[AUTOPOS] SW-D,A,2783,96,B,4891,50,C,3836,84,E,3046,92,F,5244,88,G,4015,48,H,1743,80
[AUTOPOS] SW-D,A,2825,96,B,4891,50,C,3837,85,E,3046,92,F,5243,89,G,3989,50,H,1740,80
[AUTOPOS] SW-D,A,2809,96,B,5114,43,C,3807,85,E,3121,89,F,5243,89,G,3985,52,H,1779,81
[AUTOPOS] SW-D,A,2809,96,B,4921,45,C,3854,86,E,3039,90,F,5243,89,G,4006,55,H,1779,81
[AUTOPOS] SW-D,A,2809,96,B,4919,46,C,3824,86,E,3094,90,F,5252,81,G,3980,57,H,1786,77
[AUTOPOS] SW-D,A,2809,96,B,5046,52,C,3847,87,E,3120,90,F,5294,82,G,4016,60,H,1738,78
[AUTOPOS] SW-D,A,2809,96,B,4897,55,C,3847,87,E,3057,94,F,5248,83,G,4001,61,H,1738,78
[AUTOPOS] SW-D,A,2850,84,B,5421,57,C,3847,87,E,3000,94,F,5248,83,G,3980,63,H,1688,76
[AUTOPOS] SW-D,A,2850,84,B,4977,60,C,3832,81,E,3088,94,F,5248,83,G,3975,65,H,1688,76
[AUTOPOS] SW-D,A,2856,80,B,5001,61,C,3832,81,E,3057,95,F,5254,77,G,3977,66,H,1688,76
[AUTOPOS] SW-D,A,2842,81,B,4864,63,C,3936,79,E,3107,95,F,5240,78,G,4003,68,H,1818,70
[AUTOPOS] SW-D,A,2842,81,B,5032,65,C,3826,80,E,3024,95,F,5259,79,G,4008,69,H,1754,72
[AUTOPOS] SW-D,A,2842,81,B,4931,66,C,3802,80,E,3054,95,F,5257,80,G,4003,70,H,1708,70
[AUTOPOS] SW-D,A,2811,76,B,4931,66,C,3867,81,E,3133,95,F,5275,80,G,4003,70,H,1760,71
[AUTOPOS] SW-D,A,2857,76,B,4931,66,C,3822,82,E,3096,96,F,5263,81,G,4003,70,H,1729,72
[AUTOPOS] SW-D,A,2793,77,B,4931,66,C,3820,83,E,3087,96,F,5263,82,G,4003,70,H,1729,73
[AUTOPOS] SW-D,A,2846,78,B,4967,60,C,3855,84,E,3078,96,F,5240,83,G,4003,70,H,1715,74
[AUTOPOS] SW-D,A,2898,79,B,4967,60,C,3847,85,E,3052,96,F,5247,84,G,4003,70,H,1750,75
[AUTOPOS] SW-D,A,2907,80,B,4967,60,C,3827,85,E,3127,96,F,5252,85,G,3995,64,H,1677,76
[AUTOPOS] ANCHOR_CTRL[2] notify: SWEEP_DONE master=D sets=110 role=matrix
END=2026-06-02 11:57:33
