[CAPTURE] session_dir=/home/zekaixiao/Documents/nRF_dev/BioSpur_UWB_before_start/autopos_pipeline/erlangen_20260528_mocap/captures/erlangen_20260528_optitrack/roto_R05_BS2DCE_BSDC91_120s_20260522_181557/tag_capture_20260522_181557
[CAPTURE] raw_log=/home/zekaixiao/Documents/nRF_dev/BioSpur_UWB_before_start/autopos_pipeline/erlangen_20260528_mocap/captures/erlangen_20260528_optitrack/roto_R05_BS2DCE_BSDC91_120s_20260522_181557/tag_capture_20260522_181557/raw.log
[CAPTURE] plan: targets=BS2DCE,BSDC91 tr=10Hz duration=120s
[CAPTURE] open serial: /dev/serial/by-id/usb-Master_Tag_BioSpur_BLE_Control_6918E0384172A49F-if00
[CAPTURE] drain boot/runtime output
[HOST_CMD] status
[HOST_CMD] device show
[CAPTURE] configure: reuse Master_Tag resident links
[HOST_CMD] device kind tag
[HOST_CMD] device show
[HOST_CMD] ota_target token -1
[HOST_CMD] ota_target name -
[HOST_CMD] ota_target prefix BS
[HOST_CMD] ota_target uuid -
[CAPTURE] configure: silence resident Tag links for enrollment
[HOST_CMD] tdma hold 1
[CAPTURE] configure: skip setup MODE AOTA; TDMA roster/hold controls admission
[CAPTURE] configure: reassert TDMA target roster
[HOST_CMD] tdma freq motion 10
[HOST_CMD] tdma roster BS2DCE motion
[HOST_CMD] tdma roster BSDC91 motion
[HOST_CMD] ota_target token -1
[HOST_CMD] ota_target name -
[HOST_CMD] ota_target prefix BS
[HOST_CMD] ota_target uuid -
[HOST_CMD] conn
[CAPTURE] configure: wait for target links
[CAPTURE] link setup passive initial: wait up to 30s
[CAPTURE] link setup passive: ready=BS2DCE,BSDC91 (2/2)
[CAPTURE] link setup passive: all 2/2 ready; settle 8.0s before TDMA release
[CAPTURE] link setup passive: ready=BS2DCE,BSDC91 (2/2)
[CAPTURE] configure: release TDMA hold and verify TDMA CFG
[HOST_CMD] tdma hold 0
[CAPTURE] configure: TDMA CFG apply/check attempt 1/3
[HOST_CMD] tdma freq motion 10
[HOST_CMD] tdma roster BS2DCE motion
[HOST_CMD] tdma roster BSDC91 motion
[HOST_CMD] tdma rebalance
[HOST_CMD] tdma show
[HOST_CMD] status
[HOST_CMD] device show
[CAPTURE] configure: TDMA CFG verified match=true
[CAPTURE] configure: TDMA ready
[CAPTURE] TDMA verified; start TR capture
[CAPTURE] [....................]   0.0% elapsed=0s eta=120s rows=0 row_rate=0.0/s sw=0 ge7=0% ge8=0% BS2DCE:rows=0,cfg=10Hz BSDC91:rows=0,cfg=10Hz
[CAPTURE] [....................]   0.8% elapsed=1s eta=119s rows=160 row_rate=158.5/s sw=20 ge7=100% ge8=0% BS2DCE:rows=80,cfg=10Hz BSDC91:rows=80,cfg=10Hz
[CAPTURE] [....................]   1.7% elapsed=2s eta=118s rows=328 row_rate=160.5/s sw=41 ge7=100% ge8=0% BS2DCE:rows=168,cfg=10Hz BSDC91:rows=160,cfg=10Hz
[CAPTURE] [#...................]   2.5% elapsed=3s eta=117s rows=488 row_rate=160.3/s sw=61 ge7=98% ge8=0% BS2DCE:rows=248,cfg=10Hz BSDC91:rows=240,cfg=10Hz
[CAPTURE] [#...................]   3.4% elapsed=4s eta=116s rows=648 row_rate=160.1/s sw=81 ge7=95% ge8=0% BS2DCE:rows=328,cfg=10Hz BSDC91:rows=320,cfg=10Hz
[CAPTURE] [#...................]   4.2% elapsed=5s eta=115s rows=816 row_rate=160.3/s sw=102 ge7=95% ge8=0% BS2DCE:rows=408,cfg=10Hz BSDC91:rows=408,cfg=10Hz
[CAPTURE] [#...................]   5.1% elapsed=6s eta=114s rows=976 row_rate=160.0/s sw=122 ge7=93% ge8=0% BS2DCE:rows=488,cfg=10Hz BSDC91:rows=488,cfg=10Hz
[CAPTURE] [#...................]   6.0% elapsed=7s eta=113s rows=1144 row_rate=160.0/s sw=143 ge7=94% ge8=0% BS2DCE:rows=576,cfg=10Hz BSDC91:rows=568,cfg=10Hz
[CAPTURE] [#...................]   6.8% elapsed=8s eta=112s rows=1304 row_rate=159.7/s sw=163 ge7=93% ge8=0% BS2DCE:rows=656,cfg=10Hz BSDC91:rows=648,cfg=10Hz
[CAPTURE] [##..................]   7.6% elapsed=9s eta=111s rows=1472 row_rate=160.6/s sw=184 ge7=93% ge8=0% BS2DCE:rows=736,cfg=10Hz BSDC91:rows=736,cfg=10Hz
[CAPTURE] [##..................]   8.5% elapsed=10s eta=110s rows=1632 row_rate=160.1/s sw=204 ge7=92% ge8=0% BS2DCE:rows=816,cfg=10Hz BSDC91:rows=816,cfg=10Hz
[CAPTURE] [##..................]   9.4% elapsed=11s eta=109s rows=1800 row_rate=160.1/s sw=225 ge7=92% ge8=0% BS2DCE:rows=904,cfg=10Hz BSDC91:rows=896,cfg=10Hz
[CAPTURE] [##..................]  10.2% elapsed=12s eta=108s rows=1968 row_rate=160.1/s sw=246 ge7=92% ge8=0% BS2DCE:rows=984,cfg=10Hz BSDC91:rows=984,cfg=10Hz
[CAPTURE] [##..................]  11.1% elapsed=13s eta=107s rows=2128 row_rate=160.0/s sw=266 ge7=92% ge8=0% BS2DCE:rows=1064,cfg=10Hz BSDC91:rows=1064,cfg=10Hz
[CAPTURE] [##..................]  12.0% elapsed=14s eta=106s rows=2296 row_rate=160.0/s sw=287 ge7=93% ge8=0% BS2DCE:rows=1152,cfg=10Hz BSDC91:rows=1144,cfg=10Hz
[CAPTURE] [###.................]  12.8% elapsed=15s eta=105s rows=2456 row_rate=159.9/s sw=307 ge7=93% ge8=0% BS2DCE:rows=1232,cfg=10Hz BSDC91:rows=1224,cfg=10Hz
[CAPTURE] [###.................]  13.7% elapsed=16s eta=104s rows=2624 row_rate=160.2/s sw=328 ge7=93% ge8=0% BS2DCE:rows=1312,cfg=10Hz BSDC91:rows=1312,cfg=10Hz
[CAPTURE] [###.................]  14.5% elapsed=17s eta=103s rows=2784 row_rate=160.0/s sw=348 ge7=93% ge8=0% BS2DCE:rows=1392,cfg=10Hz BSDC91:rows=1392,cfg=10Hz
[CAPTURE] [###.................]  15.4% elapsed=18s eta=102s rows=2952 row_rate=159.7/s sw=369 ge7=93% ge8=0% BS2DCE:rows=1480,cfg=10Hz BSDC91:rows=1472,cfg=10Hz
[CAPTURE] [###.................]  16.2% elapsed=19s eta=101s rows=3112 row_rate=159.6/s sw=389 ge7=93% ge8=0% BS2DCE:rows=1560,cfg=10Hz BSDC91:rows=1552,cfg=10Hz
[CAPTURE] [###.................]  17.1% elapsed=21s eta=99s rows=3272 row_rate=159.5/s sw=409 ge7=93% ge8=0% BS2DCE:rows=1640,cfg=10Hz BSDC91:rows=1632,cfg=10Hz
[CAPTURE] [####................]  17.9% elapsed=22s eta=98s rows=3432 row_rate=159.4/s sw=429 ge7=93% ge8=0% BS2DCE:rows=1720,cfg=10Hz BSDC91:rows=1712,cfg=10Hz
[CAPTURE] [####................]  18.8% elapsed=23s eta=97s rows=3600 row_rate=159.6/s sw=450 ge7=92% ge8=0% BS2DCE:rows=1800,cfg=10Hz BSDC91:rows=1800,cfg=10Hz
[CAPTURE] [####................]  19.7% elapsed=24s eta=96s rows=3776 row_rate=160.1/s sw=472 ge7=92% ge8=0% BS2DCE:rows=1888,cfg=10Hz BSDC91:rows=1888,cfg=10Hz
[CAPTURE] [####................]  20.5% elapsed=25s eta=95s rows=3936 row_rate=160.0/s sw=492 ge7=93% ge8=0% BS2DCE:rows=1968,cfg=10Hz BSDC91:rows=1968,cfg=10Hz
[CAPTURE] [####................]  21.4% elapsed=26s eta=94s rows=4104 row_rate=160.0/s sw=513 ge7=93% ge8=0% BS2DCE:rows=2056,cfg=10Hz BSDC91:rows=2048,cfg=10Hz
[CAPTURE] [####................]  22.2% elapsed=27s eta=93s rows=4272 row_rate=160.1/s sw=534 ge7=93% ge8=0% BS2DCE:rows=2136,cfg=10Hz BSDC91:rows=2136,cfg=10Hz
[CAPTURE] [#####...............]  23.1% elapsed=28s eta=92s rows=4432 row_rate=159.9/s sw=554 ge7=92% ge8=0% BS2DCE:rows=2216,cfg=10Hz BSDC91:rows=2216,cfg=10Hz
[CAPTURE] [#####...............]  24.0% elapsed=29s eta=91s rows=4600 row_rate=160.0/s sw=575 ge7=92% ge8=0% BS2DCE:rows=2304,cfg=10Hz BSDC91:rows=2296,cfg=10Hz
[CAPTURE] [#####...............]  24.8% elapsed=30s eta=90s rows=4760 row_rate=159.9/s sw=595 ge7=92% ge8=0% BS2DCE:rows=2384,cfg=10Hz BSDC91:rows=2376,cfg=10Hz
[CAPTURE] [#####...............]  25.7% elapsed=31s eta=89s rows=4928 row_rate=160.1/s sw=616 ge7=92% ge8=0% BS2DCE:rows=2464,cfg=10Hz BSDC91:rows=2464,cfg=10Hz
[CAPTURE] [#####...............]  26.5% elapsed=32s eta=88s rows=5088 row_rate=160.0/s sw=636 ge7=92% ge8=0% BS2DCE:rows=2544,cfg=10Hz BSDC91:rows=2544,cfg=10Hz
[CAPTURE] [#####...............]  27.4% elapsed=33s eta=87s rows=5256 row_rate=159.9/s sw=657 ge7=92% ge8=0% BS2DCE:rows=2632,cfg=10Hz BSDC91:rows=2624,cfg=10Hz
[CAPTURE] [######..............]  28.2% elapsed=34s eta=86s rows=5424 row_rate=160.1/s sw=678 ge7=92% ge8=0% BS2DCE:rows=2712,cfg=10Hz BSDC91:rows=2712,cfg=10Hz
[CAPTURE] [######..............]  29.1% elapsed=35s eta=85s rows=5584 row_rate=160.0/s sw=698 ge7=92% ge8=0% BS2DCE:rows=2792,cfg=10Hz BSDC91:rows=2792,cfg=10Hz
[CAPTURE] [######..............]  29.9% elapsed=36s eta=84s rows=5752 row_rate=160.1/s sw=719 ge7=92% ge8=0% BS2DCE:rows=2880,cfg=10Hz BSDC91:rows=2872,cfg=10Hz
[CAPTURE] [######..............]  30.8% elapsed=37s eta=83s rows=5912 row_rate=159.9/s sw=739 ge7=92% ge8=0% BS2DCE:rows=2960,cfg=10Hz BSDC91:rows=2952,cfg=10Hz
[CAPTURE] [######..............]  31.7% elapsed=38s eta=82s rows=6080 row_rate=159.8/s sw=760 ge7=92% ge8=0% BS2DCE:rows=3040,cfg=10Hz BSDC91:rows=3040,cfg=10Hz
[CAPTURE] [#######.............]  32.6% elapsed=39s eta=81s rows=6256 row_rate=159.9/s sw=782 ge7=92% ge8=0% BS2DCE:rows=3128,cfg=10Hz BSDC91:rows=3128,cfg=10Hz
[CAPTURE] [#######.............]  33.5% elapsed=40s eta=80s rows=6424 row_rate=160.0/s sw=803 ge7=93% ge8=0% BS2DCE:rows=3216,cfg=10Hz BSDC91:rows=3208,cfg=10Hz
[CAPTURE] [#######.............]  34.3% elapsed=41s eta=79s rows=6592 row_rate=160.1/s sw=824 ge7=93% ge8=0% BS2DCE:rows=3296,cfg=10Hz BSDC91:rows=3296,cfg=10Hz
[CAPTURE] [#######.............]  35.2% elapsed=42s eta=78s rows=6760 row_rate=160.0/s sw=845 ge7=93% ge8=0% BS2DCE:rows=3384,cfg=10Hz BSDC91:rows=3376,cfg=10Hz
[CAPTURE] [#######.............]  36.1% elapsed=43s eta=77s rows=6928 row_rate=160.0/s sw=866 ge7=93% ge8=0% BS2DCE:rows=3464,cfg=10Hz BSDC91:rows=3464,cfg=10Hz
[CAPTURE] [#######.............]  37.0% elapsed=44s eta=76s rows=7096 row_rate=160.0/s sw=887 ge7=93% ge8=0% BS2DCE:rows=3552,cfg=10Hz BSDC91:rows=3544,cfg=10Hz
[CAPTURE] [########............]  37.8% elapsed=45s eta=75s rows=7264 row_rate=160.1/s sw=908 ge7=93% ge8=0% BS2DCE:rows=3632,cfg=10Hz BSDC91:rows=3632,cfg=10Hz
[CAPTURE] [########............]  38.8% elapsed=47s eta=73s rows=7432 row_rate=159.8/s sw=929 ge7=93% ge8=0% BS2DCE:rows=3720,cfg=10Hz BSDC91:rows=3712,cfg=10Hz
[CAPTURE] [########............]  39.6% elapsed=48s eta=72s rows=7600 row_rate=159.9/s sw=950 ge7=93% ge8=0% BS2DCE:rows=3800,cfg=10Hz BSDC91:rows=3800,cfg=10Hz
[CAPTURE] [########............]  40.5% elapsed=49s eta=71s rows=7776 row_rate=160.1/s sw=972 ge7=93% ge8=0% BS2DCE:rows=3888,cfg=10Hz BSDC91:rows=3888,cfg=10Hz
[CAPTURE] [########............]  41.3% elapsed=50s eta=70s rows=7928 row_rate=159.9/s sw=991 ge7=94% ge8=0% BS2DCE:rows=3960,cfg=10Hz BSDC91:rows=3968,cfg=10Hz
[CAPTURE] [########............]  42.2% elapsed=51s eta=69s rows=8104 row_rate=160.0/s sw=1013 ge7=94% ge8=0% BS2DCE:rows=4056,cfg=10Hz BSDC91:rows=4048,cfg=10Hz
[CAPTURE] [#########...........]  43.1% elapsed=52s eta=68s rows=8272 row_rate=159.9/s sw=1034 ge7=94% ge8=0% BS2DCE:rows=4136,cfg=10Hz BSDC91:rows=4136,cfg=10Hz
[CAPTURE] [#########...........]  44.0% elapsed=53s eta=67s rows=8440 row_rate=160.0/s sw=1055 ge7=94% ge8=0% BS2DCE:rows=4224,cfg=10Hz BSDC91:rows=4216,cfg=10Hz
[CAPTURE] [#########...........]  44.8% elapsed=54s eta=66s rows=8608 row_rate=160.0/s sw=1076 ge7=94% ge8=0% BS2DCE:rows=4304,cfg=10Hz BSDC91:rows=4304,cfg=10Hz
[CAPTURE] [#########...........]  45.7% elapsed=55s eta=65s rows=8776 row_rate=160.0/s sw=1097 ge7=94% ge8=0% BS2DCE:rows=4392,cfg=10Hz BSDC91:rows=4384,cfg=10Hz
[CAPTURE] [#########...........]  46.6% elapsed=56s eta=64s rows=8944 row_rate=160.0/s sw=1118 ge7=94% ge8=0% BS2DCE:rows=4472,cfg=10Hz BSDC91:rows=4472,cfg=10Hz
[CAPTURE] [#########...........]  47.5% elapsed=57s eta=63s rows=9112 row_rate=160.0/s sw=1139 ge7=94% ge8=0% BS2DCE:rows=4560,cfg=10Hz BSDC91:rows=4552,cfg=10Hz
[CAPTURE] [##########..........]  48.3% elapsed=58s eta=62s rows=9280 row_rate=160.0/s sw=1160 ge7=94% ge8=0% BS2DCE:rows=4640,cfg=10Hz BSDC91:rows=4640,cfg=10Hz
[CAPTURE] [##########..........]  49.2% elapsed=59s eta=61s rows=9448 row_rate=159.9/s sw=1181 ge7=94% ge8=0% BS2DCE:rows=4728,cfg=10Hz BSDC91:rows=4720,cfg=10Hz
[CAPTURE] [##########..........]  50.1% elapsed=60s eta=60s rows=9616 row_rate=160.0/s sw=1202 ge7=94% ge8=0% BS2DCE:rows=4808,cfg=10Hz BSDC91:rows=4808,cfg=10Hz
[CAPTURE] [##########..........]  51.0% elapsed=61s eta=59s rows=9784 row_rate=160.0/s sw=1223 ge7=94% ge8=0% BS2DCE:rows=4896,cfg=10Hz BSDC91:rows=4888,cfg=10Hz
[CAPTURE] [##########..........]  51.8% elapsed=62s eta=58s rows=9952 row_rate=160.0/s sw=1244 ge7=94% ge8=0% BS2DCE:rows=4976,cfg=10Hz BSDC91:rows=4976,cfg=10Hz
[CAPTURE] [###########.........]  52.7% elapsed=63s eta=57s rows=10120 row_rate=160.0/s sw=1265 ge7=94% ge8=0% BS2DCE:rows=5064,cfg=10Hz BSDC91:rows=5056,cfg=10Hz
[CAPTURE] [###########.........]  53.5% elapsed=64s eta=56s rows=10280 row_rate=160.0/s sw=1285 ge7=94% ge8=0% BS2DCE:rows=5144,cfg=10Hz BSDC91:rows=5136,cfg=10Hz
[CAPTURE] [###########.........]  54.4% elapsed=65s eta=55s rows=10448 row_rate=160.0/s sw=1306 ge7=94% ge8=0% BS2DCE:rows=5224,cfg=10Hz BSDC91:rows=5224,cfg=10Hz
[CAPTURE] [###########.........]  55.3% elapsed=66s eta=54s rows=10616 row_rate=160.0/s sw=1327 ge7=94% ge8=0% BS2DCE:rows=5312,cfg=10Hz BSDC91:rows=5304,cfg=10Hz
[CAPTURE] [###########.........]  56.2% elapsed=67s eta=53s rows=10784 row_rate=160.0/s sw=1348 ge7=94% ge8=0% BS2DCE:rows=5392,cfg=10Hz BSDC91:rows=5392,cfg=10Hz
[CAPTURE] [###########.........]  57.1% elapsed=68s eta=52s rows=10952 row_rate=159.9/s sw=1369 ge7=94% ge8=0% BS2DCE:rows=5480,cfg=10Hz BSDC91:rows=5472,cfg=10Hz
[CAPTURE] [############........]  58.0% elapsed=70s eta=50s rows=11120 row_rate=159.9/s sw=1390 ge7=94% ge8=0% BS2DCE:rows=5560,cfg=10Hz BSDC91:rows=5560,cfg=10Hz
[CAPTURE] [############........]  58.8% elapsed=71s eta=49s rows=11288 row_rate=159.9/s sw=1411 ge7=94% ge8=0% BS2DCE:rows=5648,cfg=10Hz BSDC91:rows=5640,cfg=10Hz
[CAPTURE] [############........]  59.7% elapsed=72s eta=48s rows=11464 row_rate=160.0/s sw=1433 ge7=94% ge8=0% BS2DCE:rows=5736,cfg=10Hz BSDC91:rows=5728,cfg=10Hz
[CAPTURE] [############........]  60.5% elapsed=73s eta=47s rows=11624 row_rate=160.0/s sw=1453 ge7=94% ge8=0% BS2DCE:rows=5816,cfg=10Hz BSDC91:rows=5808,cfg=10Hz
[CAPTURE] [############........]  61.4% elapsed=74s eta=46s rows=11792 row_rate=160.0/s sw=1474 ge7=94% ge8=0% BS2DCE:rows=5896,cfg=10Hz BSDC91:rows=5896,cfg=10Hz
[CAPTURE] [############........]  62.3% elapsed=75s eta=45s rows=11960 row_rate=160.0/s sw=1495 ge7=94% ge8=0% BS2DCE:rows=5984,cfg=10Hz BSDC91:rows=5976,cfg=10Hz
[CAPTURE] [#############.......]  63.2% elapsed=76s eta=44s rows=12128 row_rate=160.0/s sw=1516 ge7=94% ge8=0% BS2DCE:rows=6064,cfg=10Hz BSDC91:rows=6064,cfg=10Hz
[CAPTURE] [#############.......]  64.1% elapsed=77s eta=43s rows=12296 row_rate=160.0/s sw=1537 ge7=94% ge8=0% BS2DCE:rows=6152,cfg=10Hz BSDC91:rows=6144,cfg=10Hz
[CAPTURE] [#############.......]  64.9% elapsed=78s eta=42s rows=12464 row_rate=160.0/s sw=1558 ge7=94% ge8=0% BS2DCE:rows=6232,cfg=10Hz BSDC91:rows=6232,cfg=10Hz
[CAPTURE] [#############.......]  65.8% elapsed=79s eta=41s rows=12632 row_rate=160.0/s sw=1579 ge7=94% ge8=0% BS2DCE:rows=6320,cfg=10Hz BSDC91:rows=6312,cfg=10Hz
[CAPTURE] [#############.......]  66.7% elapsed=80s eta=40s rows=12800 row_rate=160.0/s sw=1600 ge7=94% ge8=0% BS2DCE:rows=6400,cfg=10Hz BSDC91:rows=6400,cfg=10Hz
[CAPTURE] [##############......]  67.5% elapsed=81s eta=39s rows=12968 row_rate=160.0/s sw=1621 ge7=94% ge8=0% BS2DCE:rows=6488,cfg=10Hz BSDC91:rows=6480,cfg=10Hz
[CAPTURE] [##############......]  68.4% elapsed=82s eta=38s rows=13136 row_rate=160.0/s sw=1642 ge7=94% ge8=0% BS2DCE:rows=6568,cfg=10Hz BSDC91:rows=6568,cfg=10Hz
[CAPTURE] [##############......]  69.3% elapsed=83s eta=37s rows=13304 row_rate=160.0/s sw=1663 ge7=94% ge8=0% BS2DCE:rows=6656,cfg=10Hz BSDC91:rows=6648,cfg=10Hz
[CAPTURE] [##############......]  70.2% elapsed=84s eta=36s rows=13472 row_rate=160.0/s sw=1684 ge7=94% ge8=0% BS2DCE:rows=6736,cfg=10Hz BSDC91:rows=6736,cfg=10Hz
[CAPTURE] [##############......]  71.0% elapsed=85s eta=35s rows=13632 row_rate=160.0/s sw=1704 ge7=94% ge8=0% BS2DCE:rows=6816,cfg=10Hz BSDC91:rows=6816,cfg=10Hz
[CAPTURE] [##############......]  71.9% elapsed=86s eta=34s rows=13800 row_rate=160.0/s sw=1725 ge7=94% ge8=0% BS2DCE:rows=6904,cfg=10Hz BSDC91:rows=6896,cfg=10Hz
[CAPTURE] [###############.....]  72.7% elapsed=87s eta=33s rows=13968 row_rate=160.0/s sw=1746 ge7=94% ge8=0% BS2DCE:rows=6984,cfg=10Hz BSDC91:rows=6984,cfg=10Hz
[CAPTURE] [###############.....]  73.6% elapsed=88s eta=32s rows=14128 row_rate=160.0/s sw=1766 ge7=94% ge8=0% BS2DCE:rows=7064,cfg=10Hz BSDC91:rows=7064,cfg=10Hz
[CAPTURE] [###############.....]  74.5% elapsed=89s eta=31s rows=14304 row_rate=160.0/s sw=1788 ge7=94% ge8=0% BS2DCE:rows=7152,cfg=10Hz BSDC91:rows=7152,cfg=10Hz
[CAPTURE] [###############.....]  75.4% elapsed=90s eta=30s rows=14472 row_rate=159.9/s sw=1809 ge7=94% ge8=0% BS2DCE:rows=7240,cfg=10Hz BSDC91:rows=7232,cfg=10Hz
[CAPTURE] [###############.....]  76.3% elapsed=92s eta=28s rows=14640 row_rate=159.9/s sw=1830 ge7=94% ge8=0% BS2DCE:rows=7320,cfg=10Hz BSDC91:rows=7320,cfg=10Hz
[CAPTURE] [###############.....]  77.1% elapsed=93s eta=27s rows=14808 row_rate=160.0/s sw=1851 ge7=94% ge8=0% BS2DCE:rows=7408,cfg=10Hz BSDC91:rows=7400,cfg=10Hz
[CAPTURE] [################....]  78.0% elapsed=94s eta=26s rows=14984 row_rate=160.0/s sw=1873 ge7=94% ge8=0% BS2DCE:rows=7496,cfg=10Hz BSDC91:rows=7488,cfg=10Hz
[CAPTURE] [################....]  78.9% elapsed=95s eta=25s rows=15152 row_rate=160.0/s sw=1894 ge7=94% ge8=0% BS2DCE:rows=7576,cfg=10Hz BSDC91:rows=7576,cfg=10Hz
[CAPTURE] [################....]  79.8% elapsed=96s eta=24s rows=15320 row_rate=160.0/s sw=1915 ge7=94% ge8=0% BS2DCE:rows=7664,cfg=10Hz BSDC91:rows=7656,cfg=10Hz
[CAPTURE] [################....]  80.7% elapsed=97s eta=23s rows=15496 row_rate=160.0/s sw=1937 ge7=94% ge8=0% BS2DCE:rows=7752,cfg=10Hz BSDC91:rows=7744,cfg=10Hz
[CAPTURE] [################....]  81.6% elapsed=98s eta=22s rows=15664 row_rate=160.0/s sw=1958 ge7=94% ge8=0% BS2DCE:rows=7832,cfg=10Hz BSDC91:rows=7832,cfg=10Hz
[CAPTURE] [################....]  82.4% elapsed=99s eta=21s rows=15832 row_rate=160.0/s sw=1979 ge7=94% ge8=0% BS2DCE:rows=7920,cfg=10Hz BSDC91:rows=7912,cfg=10Hz
[CAPTURE] [#################...]  83.3% elapsed=100s eta=20s rows=15992 row_rate=160.0/s sw=1999 ge7=94% ge8=0% BS2DCE:rows=8000,cfg=10Hz BSDC91:rows=7992,cfg=10Hz
[CAPTURE] [#################...]  84.2% elapsed=101s eta=19s rows=16160 row_rate=160.0/s sw=2020 ge7=94% ge8=0% BS2DCE:rows=8080,cfg=10Hz BSDC91:rows=8080,cfg=10Hz
[CAPTURE] [#################...]  85.0% elapsed=102s eta=18s rows=16328 row_rate=160.0/s sw=2041 ge7=94% ge8=0% BS2DCE:rows=8168,cfg=10Hz BSDC91:rows=8160,cfg=10Hz
[CAPTURE] [#################...]  85.9% elapsed=103s eta=17s rows=16496 row_rate=160.0/s sw=2062 ge7=94% ge8=0% BS2DCE:rows=8248,cfg=10Hz BSDC91:rows=8248,cfg=10Hz
[CAPTURE] [#################...]  86.8% elapsed=104s eta=16s rows=16664 row_rate=160.0/s sw=2083 ge7=94% ge8=0% BS2DCE:rows=8336,cfg=10Hz BSDC91:rows=8328,cfg=10Hz
[CAPTURE] [##################..]  87.7% elapsed=105s eta=15s rows=16832 row_rate=160.0/s sw=2104 ge7=94% ge8=0% BS2DCE:rows=8416,cfg=10Hz BSDC91:rows=8416,cfg=10Hz
[CAPTURE] [##################..]  88.5% elapsed=106s eta=14s rows=17000 row_rate=160.0/s sw=2125 ge7=94% ge8=0% BS2DCE:rows=8504,cfg=10Hz BSDC91:rows=8496,cfg=10Hz
[CAPTURE] [##################..]  89.4% elapsed=107s eta=13s rows=17168 row_rate=160.0/s sw=2146 ge7=95% ge8=0% BS2DCE:rows=8584,cfg=10Hz BSDC91:rows=8584,cfg=10Hz
[CAPTURE] [##################..]  90.3% elapsed=108s eta=12s rows=17336 row_rate=160.0/s sw=2167 ge7=95% ge8=0% BS2DCE:rows=8672,cfg=10Hz BSDC91:rows=8664,cfg=10Hz
[CAPTURE] [##################..]  91.2% elapsed=109s eta=11s rows=17504 row_rate=160.0/s sw=2188 ge7=95% ge8=0% BS2DCE:rows=8752,cfg=10Hz BSDC91:rows=8752,cfg=10Hz
[CAPTURE] [##################..]  92.0% elapsed=110s eta=10s rows=17664 row_rate=160.0/s sw=2208 ge7=95% ge8=0% BS2DCE:rows=8832,cfg=10Hz BSDC91:rows=8832,cfg=10Hz
[CAPTURE] [###################.]  92.9% elapsed=111s eta=9s rows=17832 row_rate=159.9/s sw=2229 ge7=95% ge8=0% BS2DCE:rows=8920,cfg=10Hz BSDC91:rows=8912,cfg=10Hz
[CAPTURE] [###################.]  93.8% elapsed=113s eta=7s rows=18000 row_rate=159.9/s sw=2250 ge7=95% ge8=0% BS2DCE:rows=9000,cfg=10Hz BSDC91:rows=9000,cfg=10Hz
[CAPTURE] [###################.]  94.7% elapsed=114s eta=6s rows=18184 row_rate=160.0/s sw=2273 ge7=95% ge8=0% BS2DCE:rows=9096,cfg=10Hz BSDC91:rows=9088,cfg=10Hz
[CAPTURE] [###################.]  95.6% elapsed=115s eta=5s rows=18352 row_rate=160.0/s sw=2294 ge7=95% ge8=0% BS2DCE:rows=9176,cfg=10Hz BSDC91:rows=9176,cfg=10Hz
[CAPTURE] [###################.]  96.4% elapsed=116s eta=4s rows=18520 row_rate=160.0/s sw=2315 ge7=95% ge8=0% BS2DCE:rows=9264,cfg=10Hz BSDC91:rows=9256,cfg=10Hz
[CAPTURE] [###################.]  97.3% elapsed=117s eta=3s rows=18688 row_rate=160.0/s sw=2336 ge7=95% ge8=0% BS2DCE:rows=9344,cfg=10Hz BSDC91:rows=9344,cfg=10Hz
[CAPTURE] [####################]  98.2% elapsed=118s eta=2s rows=18856 row_rate=160.0/s sw=2357 ge7=94% ge8=0% BS2DCE:rows=9432,cfg=10Hz BSDC91:rows=9424,cfg=10Hz
[CAPTURE] [####################]  99.1% elapsed=119s eta=1s rows=19024 row_rate=160.0/s sw=2378 ge7=94% ge8=0% BS2DCE:rows=9512,cfg=10Hz BSDC91:rows=9512,cfg=10Hz
[CAPTURE] [####################]  99.9% elapsed=120s eta=0s rows=19192 row_rate=160.0/s sw=2399 ge7=94% ge8=0% BS2DCE:rows=9600,cfg=10Hz BSDC91:rows=9592,cfg=10Hz
[CAPTURE] cleanup: stopping all tag ranging with cmd_all MODE AOTA
[HOST_CMD] cmd_all MODE AOTA
[CAPTURE] cleanup: all tags quiet after MODE AOTA
{
  "success": true,
  "interrupted": false,
  "startup_failed": false,
  "startup_fail_targets": [],
  "controller_lost": false,
  "no_tr_timeout": false,
  "controller_recovery_attempts": 0,
  "controller_recovery_successes": 0,
  "tdma_config_failed": false,
  "tdma_config_check": {
    "match": true,
    "per_target": {
      "BS2DCE": {
        "bs": "BS2DCE",
        "match": true,
        "mismatches": [],
        "warnings": [],
        "expected": {
          "tag_id": 1,
          "slot": 0,
          "count": 10,
          "mask": 1,
          "mask_hex": "0x0001",
          "period_ms": 10,
          "active_ms": 9,
          "active_us": 0,
          "generation": 8,
          "pmode": 0
        },
        "actual": {
          "tag_id": 1,
          "slot": 0,
          "count": 10,
          "mask": 1,
          "mask_hex": "0x0001",
          "period_ms": 10,
          "active_ms": 9,
          "active_us": 0,
          "generation": 8,
          "live": 1
        },
        "actual_cfg_hz": 10.0,
        "scheduler": {
          "profile": "motion",
          "target_hz": 10,
          "mask": 1,
          "mask_hex": "0x0001",
          "slots": 1,
          "count": 10,
          "actual_x100": 1000,
          "actual_hz": 10.0
        },
        "expected_pmode": 0,
        "expected_freq_hz": 10
      },
      "BSDC91": {
        "bs": "BSDC91",
        "match": true,
        "mismatches": [],
        "warnings": [],
        "expected": {
          "tag_id": 2,
          "slot": 5,
          "count": 10,
          "mask": 32,
          "mask_hex": "0x0020",
          "period_ms": 10,
          "active_ms": 9,
          "active_us": 0,
          "generation": 8,
          "pmode": 0
        },
        "actual": {
          "tag_id": 2,
          "slot": 5,
          "count": 10,
          "mask": 32,
          "mask_hex": "0x0020",
          "period_ms": 10,
          "active_ms": 9,
          "active_us": 0,
          "generation": 8,
          "live": 1
        },
        "actual_cfg_hz": 10.0,
        "scheduler": {
          "profile": "motion",
          "target_hz": 10,
          "mask": 32,
          "mask_hex": "0x0020",
          "slots": 1,
          "count": 10,
          "actual_x100": 1000,
          "actual_hz": 10.0
        },
        "expected_pmode": 0,
        "expected_freq_hz": 10
      }
    }
  },
  "anchor_preflight": {
    "skipped": true,
    "success": true
  },
  "cleanup": {
    "attempted": true,
    "success": true,
    "command": "cmd_all MODE AOTA",
    "error": "",
    "stop_notify_rows": 0,
    "stop_verify_s": 3.0
  },
  "port": "/dev/serial/by-id/usb-Master_Tag_BioSpur_BLE_Control_6918E0384172A49F-if00",
  "duration_s": 120.0,
  "elapsed_s": 154.20186948776245,
  "session_dir": "/home/zekaixiao/Documents/nRF_dev/BioSpur_UWB_before_start/autopos_pipeline/erlangen_20260528_mocap/captures/erlangen_20260528_optitrack/roto_R05_BS2DCE_BSDC91_120s_20260522_181557/tag_capture_20260522_181557",
  "targets": [
    "BS2DCE",
    "BSDC91"
  ],
  "expected_pmode": {
    "BS2DCE": 0,
    "BSDC91": 0
  },
  "expected_freq_hz": {
    "BS2DCE": 10,
    "BSDC91": 10
  },
  "skipped_before_target_pmode": 0,
  "freq_hz": {
    "tr": 10
  },
  "tr_all": 19208,
  "tr_valid_all": 16670,
  "sweep_validity_all": {
    "sweeps_total": 2401,
    "sweeps_with_any_valid": 2401,
    "sweeps_ge4": 2401,
    "sweeps_ge7": 2266,
    "sweeps_ge8": 0,
    "ratio_ge4": 1.0,
    "ratio_ge7": 0.943773,
    "ratio_ge8": 0.0,
    "valid_count_distribution": {
      "0": 0,
      "1": 0,
      "2": 0,
      "3": 0,
      "4": 0,
      "5": 2,
      "6": 133,
      "7": 2266,
      "8": 0
    }
  },
  "connections": {},
  "per_tag": {
    "BS2DCE": {
      "tr_rows": 9608,
      "tr_valid_rows": 8343,
      "sweep_validity": {
        "sweeps_total": 1201,
        "sweeps_with_any_valid": 1201,
        "sweeps_ge4": 1201,
        "sweeps_ge7": 1138,
        "sweeps_ge8": 0,
        "ratio_ge4": 1.0,
        "ratio_ge7": 0.947544,
        "ratio_ge8": 0.0,
        "valid_count_distribution": {
          "0": 0,
          "1": 0,
          "2": 0,
          "3": 0,
          "4": 0,
          "5": 1,
          "6": 62,
          "7": 1138,
          "8": 0
        }
      },
      "latest_tr": {
        "conn_id": null,
        "host_elapsed_s": 119.996457,
        "host_epoch_s": 1779466707.13239,
        "peer_name": "BS2DCE",
        "tag_id": "",
        "sweep": 2720,
        "plan": "f",
        "pmode": 0,
        "anchor_id": 7,
        "raw_mm": 0,
        "range_mm": 0,
        "quality_percent": 0,
        "valid": 0,
        "status": "T",
        "quality_flag_percent": 0,
        "first_to_last_us": 0,
        "frame_us": 0,
        "poll_count": 0,
        "tr_version": 2,
        "rx_mask": "",
        "air_us": "",
        "post_us": "",
        "cycle_us": "",
        "rx_seen": ""
      },
      "anchors_seen": [
        0,
        1,
        2,
        3,
        4,
        5,
        6
      ],
      "tr_status_counts": {
        "O": 8343,
        "T": 1265
      }
    },
    "BSDC91": {
      "tr_rows": 9600,
      "tr_valid_rows": 8327,
      "sweep_validity": {
        "sweeps_total": 1200,
        "sweeps_with_any_valid": 1200,
        "sweeps_ge4": 1200,
        "sweeps_ge7": 1128,
        "sweeps_ge8": 0,
        "ratio_ge4": 1.0,
        "ratio_ge7": 0.94,
        "ratio_ge8": 0.0,
        "valid_count_distribution": {
          "0": 0,
          "1": 0,
          "2": 0,
          "3": 0,
          "4": 0,
          "5": 1,
          "6": 71,
          "7": 1128,
          "8": 0
        }
      },
      "latest_tr": {
        "conn_id": null,
        "host_elapsed_s": 119.952578,
        "host_epoch_s": 1779466707.088511,
        "peer_name": "BSDC91",
        "tag_id": "",
        "sweep": 2711,
        "plan": "f",
        "pmode": 0,
        "anchor_id": 7,
        "raw_mm": 0,
        "range_mm": 0,
        "quality_percent": 0,
        "valid": 0,
        "status": "T",
        "quality_flag_percent": 0,
        "first_to_last_us": 0,
        "frame_us": 0,
        "poll_count": 0,
        "tr_version": 2,
        "rx_mask": "",
        "air_us": "",
        "post_us": "",
        "cycle_us": "",
        "rx_seen": ""
      },
      "anchors_seen": [
        0,
        1,
        2,
        3,
        4,
        5,
        6
      ],
      "tr_status_counts": {
        "O": 8327,
        "T": 1273
      }
    }
  },
  "raw_log": "/home/zekaixiao/Documents/nRF_dev/BioSpur_UWB_before_start/autopos_pipeline/erlangen_20260528_mocap/captures/erlangen_20260528_optitrack/roto_R05_BS2DCE_BSDC91_120s_20260522_181557/tag_capture_20260522_181557/raw.log",
  "tr_all_csv": "/home/zekaixiao/Documents/nRF_dev/BioSpur_UWB_before_start/autopos_pipeline/erlangen_20260528_mocap/captures/erlangen_20260528_optitrack/roto_R05_BS2DCE_BSDC91_120s_20260522_181557/tag_capture_20260522_181557/tr_all.csv"
}
