[CAPTURE] session_dir=/home/zekaixiao/Desktop/28052026_Erlangen_Official/captures/erlangen_20260528_optitrack/static_ID13_BSF66F_120s_20260528_115704/tag_capture_20260528_115704
[CAPTURE] raw_log=/home/zekaixiao/Desktop/28052026_Erlangen_Official/captures/erlangen_20260528_optitrack/static_ID13_BSF66F_120s_20260528_115704/tag_capture_20260528_115704/raw.log
[CAPTURE] plan: targets=BSF66F tr=10Hz duration=120s
[CAPTURE] open serial: /dev/serial/by-id/usb-Master_Tag_BioSpur_BLE_Control_6918E0384172A49F-if00
[CAPTURE] drain boot/runtime output
[HOST_CMD] status
[HOST_CMD] device show
[CAPTURE] configure: reuse Master_Tag resident links
[HOST_CMD] device kind tag
[HOST_CMD] device show
[HOST_CMD] ota_target token -1
[HOST_CMD] ota_target name BSF66F
[HOST_CMD] ota_target prefix -
[HOST_CMD] ota_target uuid -
[CAPTURE] configure: targeted AOTA non-target tags=BS2DCE,BSDC91,BS9336,BS955A,BSCCF4
[HOST_CMD] ota_target token -1
[HOST_CMD] ota_target name BS2DCE
[HOST_CMD] ota_target prefix -
[HOST_CMD] ota_target uuid -
[HOST_CMD] cmd_all MODE AOTA
[HOST_CMD] ota_target token -1
[HOST_CMD] ota_target name BSDC91
[HOST_CMD] ota_target prefix -
[HOST_CMD] ota_target uuid -
[HOST_CMD] cmd_all MODE AOTA
[HOST_CMD] ota_target token -1
[HOST_CMD] ota_target name BS9336
[HOST_CMD] ota_target prefix -
[HOST_CMD] ota_target uuid -
[HOST_CMD] cmd_all MODE AOTA
[HOST_CMD] ota_target token -1
[HOST_CMD] ota_target name BS955A
[HOST_CMD] ota_target prefix -
[HOST_CMD] ota_target uuid -
[HOST_CMD] cmd_all MODE AOTA
[HOST_CMD] ota_target token -1
[HOST_CMD] ota_target name BSCCF4
[HOST_CMD] ota_target prefix -
[HOST_CMD] ota_target uuid -
[HOST_CMD] cmd_all MODE AOTA
[HOST_CMD] ota_target token -1
[HOST_CMD] ota_target name BSF66F
[HOST_CMD] ota_target prefix -
[HOST_CMD] ota_target uuid -
[CAPTURE] configure: silence resident Tag links for enrollment after non-target AOTA (BS2DCE,BSDC91,BS9336,BS955A,BSCCF4)
[HOST_CMD] tdma hold 1
[CAPTURE] configure: skip setup MODE AOTA; TDMA roster/hold controls admission
[CAPTURE] configure: reassert TDMA target roster
[HOST_CMD] tdma clear
[HOST_CMD] tdma freq motion 10
[HOST_CMD] tdma roster BSF66F motion
[HOST_CMD] ota_target token -1
[HOST_CMD] ota_target name BSF66F
[HOST_CMD] ota_target prefix -
[HOST_CMD] ota_target uuid -
[HOST_CMD] conn
[CAPTURE] configure: wait for target links
[CAPTURE] link setup passive initial: wait up to 30s
[CAPTURE] link setup passive: ready=BSF66F (1/1)
[CAPTURE] link setup passive: all 1/1 ready; settle 8.0s before TDMA release
[CAPTURE] link setup passive: ready=BSF66F (1/1)
[CAPTURE] configure: release TDMA hold and verify TDMA CFG
[HOST_CMD] tdma hold 0
[CAPTURE] configure: TDMA CFG apply/check attempt 1/3
[HOST_CMD] tdma freq motion 10
[HOST_CMD] tdma roster BSF66F motion
[HOST_CMD] tdma rebalance
[HOST_CMD] tdma show
[HOST_CMD] status
[HOST_CMD] device show
[CAPTURE] configure: TDMA CFG verified match=true
[CAPTURE] configure: TDMA ready
[CAPTURE] TDMA verified; start TR capture
[CAPTURE] [....................]   0.0% elapsed=0s eta=120s rows=0 row_rate=0.0/s sw=0 ge7=0% ge8=0% BSF66F:rows=0,cfg=10Hz
[CAPTURE] [....................]   0.8% elapsed=1s eta=119s rows=80 row_rate=79.7/s sw=10 ge7=100% ge8=100% BSF66F:rows=80,cfg=10Hz
[CAPTURE] [....................]   1.7% elapsed=2s eta=118s rows=160 row_rate=79.8/s sw=20 ge7=100% ge8=100% BSF66F:rows=160,cfg=10Hz
[CAPTURE] [#...................]   2.5% elapsed=3s eta=117s rows=240 row_rate=79.8/s sw=30 ge7=100% ge8=100% BSF66F:rows=240,cfg=10Hz
[CAPTURE] [#...................]   3.3% elapsed=4s eta=116s rows=320 row_rate=79.9/s sw=40 ge7=100% ge8=98% BSF66F:rows=320,cfg=10Hz
[CAPTURE] [#...................]   4.2% elapsed=5s eta=115s rows=408 row_rate=80.0/s sw=51 ge7=100% ge8=98% BSF66F:rows=408,cfg=10Hz
[CAPTURE] [#...................]   5.1% elapsed=6s eta=114s rows=488 row_rate=80.0/s sw=61 ge7=100% ge8=98% BSF66F:rows=488,cfg=10Hz
[CAPTURE] [#...................]   6.0% elapsed=7s eta=113s rows=576 row_rate=80.0/s sw=72 ge7=100% ge8=99% BSF66F:rows=576,cfg=10Hz
[CAPTURE] [#...................]   6.8% elapsed=8s eta=112s rows=656 row_rate=80.0/s sw=82 ge7=100% ge8=99% BSF66F:rows=656,cfg=10Hz
[CAPTURE] [##..................]   7.8% elapsed=9s eta=111s rows=744 row_rate=79.7/s sw=93 ge7=100% ge8=99% BSF66F:rows=744,cfg=10Hz
[CAPTURE] [##..................]   8.6% elapsed=10s eta=110s rows=824 row_rate=79.7/s sw=103 ge7=100% ge8=99% BSF66F:rows=824,cfg=10Hz
[CAPTURE] [##..................]   9.5% elapsed=11s eta=109s rows=912 row_rate=79.9/s sw=114 ge7=100% ge8=99% BSF66F:rows=912,cfg=10Hz
[CAPTURE] [##..................]  10.3% elapsed=12s eta=108s rows=992 row_rate=79.9/s sw=124 ge7=100% ge8=99% BSF66F:rows=992,cfg=10Hz
[CAPTURE] [##..................]  11.2% elapsed=13s eta=107s rows=1072 row_rate=79.7/s sw=134 ge7=100% ge8=99% BSF66F:rows=1072,cfg=10Hz
[CAPTURE] [##..................]  12.1% elapsed=15s eta=105s rows=1160 row_rate=79.9/s sw=145 ge7=100% ge8=99% BSF66F:rows=1160,cfg=10Hz
[CAPTURE] [###.................]  13.0% elapsed=16s eta=104s rows=1248 row_rate=80.0/s sw=156 ge7=100% ge8=99% BSF66F:rows=1248,cfg=10Hz
[CAPTURE] [###.................]  13.9% elapsed=17s eta=103s rows=1336 row_rate=80.0/s sw=167 ge7=100% ge8=99% BSF66F:rows=1336,cfg=10Hz
[CAPTURE] [###.................]  14.7% elapsed=18s eta=102s rows=1416 row_rate=80.0/s sw=177 ge7=100% ge8=99% BSF66F:rows=1416,cfg=10Hz
[CAPTURE] [###.................]  15.6% elapsed=19s eta=101s rows=1496 row_rate=80.0/s sw=187 ge7=100% ge8=99% BSF66F:rows=1496,cfg=10Hz
[CAPTURE] [###.................]  16.5% elapsed=20s eta=100s rows=1584 row_rate=80.0/s sw=198 ge7=100% ge8=99% BSF66F:rows=1584,cfg=10Hz
[CAPTURE] [###.................]  17.3% elapsed=21s eta=99s rows=1664 row_rate=80.0/s sw=208 ge7=100% ge8=99% BSF66F:rows=1664,cfg=10Hz
[CAPTURE] [####................]  18.2% elapsed=22s eta=98s rows=1752 row_rate=80.0/s sw=219 ge7=100% ge8=98% BSF66F:rows=1752,cfg=10Hz
[CAPTURE] [####................]  19.1% elapsed=23s eta=97s rows=1832 row_rate=80.0/s sw=229 ge7=100% ge8=98% BSF66F:rows=1832,cfg=10Hz
[CAPTURE] [####................]  20.0% elapsed=24s eta=96s rows=1920 row_rate=80.0/s sw=240 ge7=100% ge8=98% BSF66F:rows=1920,cfg=10Hz
[CAPTURE] [####................]  20.8% elapsed=25s eta=95s rows=2000 row_rate=80.0/s sw=250 ge7=100% ge8=98% BSF66F:rows=2000,cfg=10Hz
[CAPTURE] [####................]  21.7% elapsed=26s eta=94s rows=2088 row_rate=80.0/s sw=261 ge7=100% ge8=98% BSF66F:rows=2088,cfg=10Hz
[CAPTURE] [#####...............]  22.6% elapsed=27s eta=93s rows=2168 row_rate=79.9/s sw=271 ge7=100% ge8=98% BSF66F:rows=2168,cfg=10Hz
[CAPTURE] [#####...............]  23.5% elapsed=28s eta=92s rows=2256 row_rate=80.0/s sw=282 ge7=100% ge8=98% BSF66F:rows=2256,cfg=10Hz
[CAPTURE] [#####...............]  24.4% elapsed=29s eta=91s rows=2344 row_rate=79.9/s sw=293 ge7=100% ge8=98% BSF66F:rows=2344,cfg=10Hz
[CAPTURE] [#####...............]  25.3% elapsed=30s eta=90s rows=2424 row_rate=79.9/s sw=303 ge7=100% ge8=98% BSF66F:rows=2424,cfg=10Hz
[CAPTURE] [#####...............]  26.1% elapsed=31s eta=89s rows=2504 row_rate=79.9/s sw=313 ge7=100% ge8=98% BSF66F:rows=2504,cfg=10Hz
[CAPTURE] [#####...............]  27.0% elapsed=32s eta=88s rows=2592 row_rate=80.0/s sw=324 ge7=100% ge8=98% BSF66F:rows=2592,cfg=10Hz
[CAPTURE] [######..............]  27.8% elapsed=33s eta=87s rows=2672 row_rate=80.0/s sw=334 ge7=100% ge8=98% BSF66F:rows=2672,cfg=10Hz
[CAPTURE] [######..............]  28.7% elapsed=34s eta=86s rows=2752 row_rate=79.9/s sw=344 ge7=100% ge8=98% BSF66F:rows=2752,cfg=10Hz
[CAPTURE] [######..............]  29.5% elapsed=35s eta=85s rows=2840 row_rate=80.2/s sw=355 ge7=100% ge8=98% BSF66F:rows=2840,cfg=10Hz
[CAPTURE] [######..............]  30.4% elapsed=36s eta=84s rows=2920 row_rate=80.0/s sw=365 ge7=100% ge8=98% BSF66F:rows=2920,cfg=10Hz
[CAPTURE] [######..............]  31.2% elapsed=37s eta=83s rows=3000 row_rate=80.0/s sw=375 ge7=100% ge8=98% BSF66F:rows=3000,cfg=10Hz
[CAPTURE] [######..............]  32.1% elapsed=39s eta=81s rows=3080 row_rate=80.0/s sw=385 ge7=100% ge8=98% BSF66F:rows=3080,cfg=10Hz
[CAPTURE] [#######.............]  33.0% elapsed=40s eta=80s rows=3168 row_rate=80.0/s sw=396 ge7=100% ge8=98% BSF66F:rows=3168,cfg=10Hz
[CAPTURE] [#######.............]  33.8% elapsed=41s eta=79s rows=3248 row_rate=80.0/s sw=406 ge7=100% ge8=98% BSF66F:rows=3248,cfg=10Hz
[CAPTURE] [#######.............]  34.7% elapsed=42s eta=78s rows=3336 row_rate=80.0/s sw=417 ge7=100% ge8=98% BSF66F:rows=3336,cfg=10Hz
[CAPTURE] [#######.............]  35.6% elapsed=43s eta=77s rows=3416 row_rate=80.0/s sw=427 ge7=100% ge8=97% BSF66F:rows=3416,cfg=10Hz
[CAPTURE] [#######.............]  36.5% elapsed=44s eta=76s rows=3504 row_rate=80.0/s sw=438 ge7=100% ge8=96% BSF66F:rows=3504,cfg=10Hz
[CAPTURE] [#######.............]  37.3% elapsed=45s eta=75s rows=3584 row_rate=80.0/s sw=448 ge7=100% ge8=96% BSF66F:rows=3584,cfg=10Hz
[CAPTURE] [########............]  38.2% elapsed=46s eta=74s rows=3672 row_rate=80.0/s sw=459 ge7=100% ge8=95% BSF66F:rows=3672,cfg=10Hz
[CAPTURE] [########............]  39.1% elapsed=47s eta=73s rows=3752 row_rate=80.0/s sw=469 ge7=100% ge8=94% BSF66F:rows=3752,cfg=10Hz
[CAPTURE] [########............]  40.0% elapsed=48s eta=72s rows=3840 row_rate=80.0/s sw=480 ge7=100% ge8=94% BSF66F:rows=3840,cfg=10Hz
[CAPTURE] [########............]  40.9% elapsed=49s eta=71s rows=3928 row_rate=80.0/s sw=491 ge7=100% ge8=93% BSF66F:rows=3928,cfg=10Hz
[CAPTURE] [########............]  41.8% elapsed=50s eta=70s rows=4016 row_rate=80.0/s sw=502 ge7=100% ge8=92% BSF66F:rows=4016,cfg=10Hz
[CAPTURE] [#########...........]  42.8% elapsed=51s eta=69s rows=4104 row_rate=80.0/s sw=513 ge7=100% ge8=92% BSF66F:rows=4104,cfg=10Hz
[CAPTURE] [#########...........]  43.6% elapsed=52s eta=68s rows=4184 row_rate=80.0/s sw=523 ge7=100% ge8=92% BSF66F:rows=4184,cfg=10Hz
[CAPTURE] [#########...........]  44.5% elapsed=53s eta=67s rows=4272 row_rate=80.0/s sw=534 ge7=100% ge8=92% BSF66F:rows=4272,cfg=10Hz
[CAPTURE] [#########...........]  45.3% elapsed=54s eta=66s rows=4352 row_rate=80.0/s sw=544 ge7=100% ge8=92% BSF66F:rows=4352,cfg=10Hz
[CAPTURE] [#########...........]  46.2% elapsed=55s eta=65s rows=4432 row_rate=80.0/s sw=554 ge7=100% ge8=93% BSF66F:rows=4432,cfg=10Hz
[CAPTURE] [#########...........]  47.1% elapsed=57s eta=63s rows=4520 row_rate=80.0/s sw=565 ge7=100% ge8=93% BSF66F:rows=4520,cfg=10Hz
[CAPTURE] [##########..........]  48.0% elapsed=58s eta=62s rows=4608 row_rate=80.0/s sw=576 ge7=100% ge8=93% BSF66F:rows=4608,cfg=10Hz
[CAPTURE] [##########..........]  48.8% elapsed=59s eta=61s rows=4688 row_rate=80.0/s sw=586 ge7=100% ge8=93% BSF66F:rows=4688,cfg=10Hz
[CAPTURE] [##########..........]  49.7% elapsed=60s eta=60s rows=4776 row_rate=80.0/s sw=597 ge7=100% ge8=93% BSF66F:rows=4776,cfg=10Hz
[CAPTURE] [##########..........]  50.6% elapsed=61s eta=59s rows=4856 row_rate=80.0/s sw=607 ge7=100% ge8=93% BSF66F:rows=4856,cfg=10Hz
[CAPTURE] [##########..........]  51.5% elapsed=62s eta=58s rows=4944 row_rate=80.0/s sw=618 ge7=100% ge8=93% BSF66F:rows=4944,cfg=10Hz
[CAPTURE] [##########..........]  52.3% elapsed=63s eta=57s rows=5024 row_rate=80.0/s sw=628 ge7=100% ge8=93% BSF66F:rows=5024,cfg=10Hz
[CAPTURE] [###########.........]  53.2% elapsed=64s eta=56s rows=5112 row_rate=80.0/s sw=639 ge7=100% ge8=94% BSF66F:rows=5112,cfg=10Hz
[CAPTURE] [###########.........]  54.1% elapsed=65s eta=55s rows=5192 row_rate=80.0/s sw=649 ge7=100% ge8=93% BSF66F:rows=5192,cfg=10Hz
[CAPTURE] [###########.........]  55.0% elapsed=66s eta=54s rows=5280 row_rate=80.0/s sw=660 ge7=100% ge8=93% BSF66F:rows=5280,cfg=10Hz
[CAPTURE] [###########.........]  55.9% elapsed=67s eta=53s rows=5368 row_rate=80.0/s sw=671 ge7=100% ge8=93% BSF66F:rows=5368,cfg=10Hz
[CAPTURE] [###########.........]  56.8% elapsed=68s eta=52s rows=5456 row_rate=80.0/s sw=682 ge7=100% ge8=92% BSF66F:rows=5456,cfg=10Hz
[CAPTURE] [############........]  57.8% elapsed=69s eta=51s rows=5544 row_rate=80.0/s sw=693 ge7=100% ge8=92% BSF66F:rows=5544,cfg=10Hz
[CAPTURE] [############........]  58.6% elapsed=70s eta=50s rows=5624 row_rate=80.0/s sw=703 ge7=100% ge8=92% BSF66F:rows=5624,cfg=10Hz
[CAPTURE] [############........]  59.5% elapsed=71s eta=49s rows=5712 row_rate=80.0/s sw=714 ge7=100% ge8=91% BSF66F:rows=5712,cfg=10Hz
[CAPTURE] [############........]  60.3% elapsed=72s eta=48s rows=5792 row_rate=80.0/s sw=724 ge7=100% ge8=92% BSF66F:rows=5792,cfg=10Hz
[CAPTURE] [############........]  61.2% elapsed=73s eta=47s rows=5872 row_rate=80.0/s sw=734 ge7=100% ge8=92% BSF66F:rows=5872,cfg=10Hz
[CAPTURE] [############........]  62.1% elapsed=75s eta=45s rows=5960 row_rate=80.0/s sw=745 ge7=100% ge8=92% BSF66F:rows=5960,cfg=10Hz
[CAPTURE] [#############.......]  63.0% elapsed=76s eta=44s rows=6048 row_rate=80.0/s sw=756 ge7=100% ge8=92% BSF66F:rows=6048,cfg=10Hz
[CAPTURE] [#############.......]  63.8% elapsed=77s eta=43s rows=6128 row_rate=80.0/s sw=766 ge7=100% ge8=92% BSF66F:rows=6128,cfg=10Hz
[CAPTURE] [#############.......]  64.7% elapsed=78s eta=42s rows=6216 row_rate=80.0/s sw=777 ge7=100% ge8=92% BSF66F:rows=6216,cfg=10Hz
[CAPTURE] [#############.......]  65.6% elapsed=79s eta=41s rows=6296 row_rate=80.0/s sw=787 ge7=100% ge8=92% BSF66F:rows=6296,cfg=10Hz
[CAPTURE] [#############.......]  66.5% elapsed=80s eta=40s rows=6384 row_rate=80.0/s sw=798 ge7=100% ge8=92% BSF66F:rows=6384,cfg=10Hz
[CAPTURE] [#############.......]  67.3% elapsed=81s eta=39s rows=6464 row_rate=80.0/s sw=808 ge7=100% ge8=92% BSF66F:rows=6464,cfg=10Hz
[CAPTURE] [##############......]  68.2% elapsed=82s eta=38s rows=6552 row_rate=80.0/s sw=819 ge7=100% ge8=92% BSF66F:rows=6552,cfg=10Hz
[CAPTURE] [##############......]  69.1% elapsed=83s eta=37s rows=6632 row_rate=80.0/s sw=829 ge7=100% ge8=92% BSF66F:rows=6632,cfg=10Hz
[CAPTURE] [##############......]  70.0% elapsed=84s eta=36s rows=6720 row_rate=80.0/s sw=840 ge7=100% ge8=92% BSF66F:rows=6720,cfg=10Hz
[CAPTURE] [##############......]  70.9% elapsed=85s eta=35s rows=6808 row_rate=80.0/s sw=851 ge7=100% ge8=92% BSF66F:rows=6808,cfg=10Hz
[CAPTURE] [##############......]  71.8% elapsed=86s eta=34s rows=6896 row_rate=80.0/s sw=862 ge7=100% ge8=92% BSF66F:rows=6896,cfg=10Hz
[CAPTURE] [###############.....]  72.8% elapsed=87s eta=33s rows=6984 row_rate=80.0/s sw=873 ge7=100% ge8=92% BSF66F:rows=6984,cfg=10Hz
[CAPTURE] [###############.....]  73.6% elapsed=88s eta=32s rows=7064 row_rate=80.0/s sw=883 ge7=100% ge8=93% BSF66F:rows=7064,cfg=10Hz
[CAPTURE] [###############.....]  74.5% elapsed=89s eta=31s rows=7152 row_rate=80.0/s sw=894 ge7=100% ge8=93% BSF66F:rows=7152,cfg=10Hz
[CAPTURE] [###############.....]  75.3% elapsed=90s eta=30s rows=7232 row_rate=80.0/s sw=904 ge7=100% ge8=93% BSF66F:rows=7232,cfg=10Hz
[CAPTURE] [###############.....]  76.2% elapsed=91s eta=29s rows=7320 row_rate=80.1/s sw=915 ge7=100% ge8=93% BSF66F:rows=7320,cfg=10Hz
[CAPTURE] [###############.....]  77.1% elapsed=92s eta=28s rows=7400 row_rate=80.0/s sw=925 ge7=100% ge8=93% BSF66F:rows=7400,cfg=10Hz
[CAPTURE] [################....]  78.0% elapsed=94s eta=26s rows=7488 row_rate=80.0/s sw=936 ge7=100% ge8=93% BSF66F:rows=7488,cfg=10Hz
[CAPTURE] [################....]  78.8% elapsed=95s eta=25s rows=7568 row_rate=80.0/s sw=946 ge7=100% ge8=93% BSF66F:rows=7568,cfg=10Hz
[CAPTURE] [################....]  79.7% elapsed=96s eta=24s rows=7656 row_rate=80.0/s sw=957 ge7=100% ge8=93% BSF66F:rows=7656,cfg=10Hz
[CAPTURE] [################....]  80.6% elapsed=97s eta=23s rows=7736 row_rate=80.0/s sw=967 ge7=100% ge8=93% BSF66F:rows=7736,cfg=10Hz
[CAPTURE] [################....]  81.5% elapsed=98s eta=22s rows=7824 row_rate=80.0/s sw=978 ge7=100% ge8=93% BSF66F:rows=7824,cfg=10Hz
[CAPTURE] [################....]  82.3% elapsed=99s eta=21s rows=7904 row_rate=80.0/s sw=988 ge7=100% ge8=93% BSF66F:rows=7904,cfg=10Hz
[CAPTURE] [#################...]  83.2% elapsed=100s eta=20s rows=7992 row_rate=80.0/s sw=999 ge7=100% ge8=93% BSF66F:rows=7992,cfg=10Hz
[CAPTURE] [#################...]  84.1% elapsed=101s eta=19s rows=8072 row_rate=80.0/s sw=1009 ge7=100% ge8=93% BSF66F:rows=8072,cfg=10Hz
[CAPTURE] [#################...]  85.0% elapsed=102s eta=18s rows=8160 row_rate=80.0/s sw=1020 ge7=100% ge8=93% BSF66F:rows=8160,cfg=10Hz
[CAPTURE] [#################...]  85.9% elapsed=103s eta=17s rows=8248 row_rate=80.0/s sw=1031 ge7=100% ge8=93% BSF66F:rows=8248,cfg=10Hz
[CAPTURE] [#################...]  86.8% elapsed=104s eta=16s rows=8336 row_rate=80.0/s sw=1042 ge7=100% ge8=93% BSF66F:rows=8336,cfg=10Hz
[CAPTURE] [##################..]  87.8% elapsed=105s eta=15s rows=8424 row_rate=80.0/s sw=1053 ge7=100% ge8=93% BSF66F:rows=8424,cfg=10Hz
[CAPTURE] [##################..]  88.7% elapsed=106s eta=14s rows=8512 row_rate=80.0/s sw=1064 ge7=100% ge8=94% BSF66F:rows=8512,cfg=10Hz
[CAPTURE] [##################..]  89.5% elapsed=107s eta=13s rows=8592 row_rate=80.0/s sw=1074 ge7=100% ge8=94% BSF66F:rows=8592,cfg=10Hz
[CAPTURE] [##################..]  90.4% elapsed=108s eta=12s rows=8680 row_rate=80.0/s sw=1085 ge7=100% ge8=94% BSF66F:rows=8680,cfg=10Hz
[CAPTURE] [##################..]  91.3% elapsed=110s eta=10s rows=8768 row_rate=80.0/s sw=1096 ge7=100% ge8=94% BSF66F:rows=8768,cfg=10Hz
[CAPTURE] [##################..]  92.2% elapsed=111s eta=9s rows=8856 row_rate=80.0/s sw=1107 ge7=100% ge8=93% BSF66F:rows=8856,cfg=10Hz
[CAPTURE] [###################.]  93.1% elapsed=112s eta=8s rows=8936 row_rate=80.0/s sw=1117 ge7=100% ge8=93% BSF66F:rows=8936,cfg=10Hz
[CAPTURE] [###################.]  94.0% elapsed=113s eta=7s rows=9024 row_rate=80.0/s sw=1128 ge7=100% ge8=93% BSF66F:rows=9024,cfg=10Hz
[CAPTURE] [###################.]  94.9% elapsed=114s eta=6s rows=9112 row_rate=80.0/s sw=1139 ge7=100% ge8=93% BSF66F:rows=9112,cfg=10Hz
[CAPTURE] [###################.]  95.8% elapsed=115s eta=5s rows=9200 row_rate=80.0/s sw=1150 ge7=100% ge8=93% BSF66F:rows=9200,cfg=10Hz
[CAPTURE] [###################.]  96.7% elapsed=116s eta=4s rows=9288 row_rate=80.0/s sw=1161 ge7=100% ge8=92% BSF66F:rows=9288,cfg=10Hz
[CAPTURE] [####################]  97.6% elapsed=117s eta=3s rows=9368 row_rate=80.0/s sw=1171 ge7=100% ge8=92% BSF66F:rows=9368,cfg=10Hz
[CAPTURE] [####################]  98.5% elapsed=118s eta=2s rows=9456 row_rate=80.0/s sw=1182 ge7=100% ge8=92% BSF66F:rows=9456,cfg=10Hz
[CAPTURE] [####################]  99.4% elapsed=119s eta=1s rows=9544 row_rate=80.0/s sw=1193 ge7=100% ge8=92% BSF66F:rows=9544,cfg=10Hz
[CAPTURE] cleanup: stopping all tag ranging with cmd_all MODE AOTA
[HOST_CMD] cmd_all MODE AOTA
[CAPTURE] cleanup: all tags quiet after MODE AOTA
{
  "success": true,
  "interrupted": false,
  "startup_failed": false,
  "startup_fail_targets": [],
  "controller_lost": false,
  "no_tr_timeout": false,
  "controller_recovery_attempts": 0,
  "controller_recovery_successes": 0,
  "tdma_config_failed": false,
  "tdma_config_check": {
    "match": true,
    "per_target": {
      "BSF66F": {
        "bs": "BSF66F",
        "match": true,
        "mismatches": [],
        "warnings": [],
        "expected": {
          "tag_id": 1,
          "slot": 0,
          "count": 10,
          "mask": 1,
          "mask_hex": "0x0001",
          "period_ms": 10,
          "active_ms": 9,
          "active_us": 0,
          "generation": 5,
          "pmode": 0
        },
        "actual": {
          "tag_id": 1,
          "slot": 0,
          "count": 10,
          "mask": 1,
          "mask_hex": "0x0001",
          "period_ms": 10,
          "active_ms": 9,
          "active_us": 0,
          "generation": 5,
          "live": 1
        },
        "actual_cfg_hz": 10.0,
        "scheduler": {
          "profile": "motion",
          "target_hz": 10,
          "mask": 1,
          "mask_hex": "0x0001",
          "slots": 1,
          "count": 10,
          "actual_x100": 1000,
          "actual_hz": 10.0
        },
        "expected_pmode": 0,
        "expected_freq_hz": 10
      }
    }
  },
  "anchor_preflight": {
    "skipped": true,
    "success": true
  },
  "cleanup": {
    "attempted": true,
    "success": true,
    "command": "cmd_all MODE AOTA",
    "error": "",
    "stop_notify_rows": 0,
    "stop_verify_s": 3.0
  },
  "port": "/dev/serial/by-id/usb-Master_Tag_BioSpur_BLE_Control_6918E0384172A49F-if00",
  "duration_s": 120.0,
  "elapsed_s": 169.99715757369995,
  "session_dir": "/home/zekaixiao/Desktop/28052026_Erlangen_Official/captures/erlangen_20260528_optitrack/static_ID13_BSF66F_120s_20260528_115704/tag_capture_20260528_115704",
  "targets": [
    "BSF66F"
  ],
  "expected_pmode": {
    "BSF66F": 0
  },
  "expected_freq_hz": {
    "BSF66F": 10
  },
  "skipped_before_target_pmode": 0,
  "freq_hz": {
    "tr": 10
  },
  "tr_all": 9600,
  "tr_valid_all": 9498,
  "sweep_validity_all": {
    "sweeps_total": 1200,
    "sweeps_with_any_valid": 1200,
    "sweeps_ge4": 1200,
    "sweeps_ge7": 1198,
    "sweeps_ge8": 1100,
    "ratio_ge4": 1.0,
    "ratio_ge7": 0.998333,
    "ratio_ge8": 0.916667,
    "valid_count_distribution": {
      "0": 0,
      "1": 0,
      "2": 0,
      "3": 0,
      "4": 0,
      "5": 0,
      "6": 2,
      "7": 98,
      "8": 1100
    }
  },
  "connections": {},
  "per_tag": {
    "BSF66F": {
      "tr_rows": 9600,
      "tr_valid_rows": 9498,
      "sweep_validity": {
        "sweeps_total": 1200,
        "sweeps_with_any_valid": 1200,
        "sweeps_ge4": 1200,
        "sweeps_ge7": 1198,
        "sweeps_ge8": 1100,
        "ratio_ge4": 1.0,
        "ratio_ge7": 0.998333,
        "ratio_ge8": 0.916667,
        "valid_count_distribution": {
          "0": 0,
          "1": 0,
          "2": 0,
          "3": 0,
          "4": 0,
          "5": 0,
          "6": 2,
          "7": 98,
          "8": 1100
        }
      },
      "latest_tr": {
        "conn_id": null,
        "host_elapsed_s": 119.891847,
        "host_epoch_s": 1779962390.330605,
        "peer_name": "BSF66F",
        "tag_id": "",
        "sweep": 18795,
        "plan": "f",
        "pmode": 0,
        "anchor_id": 7,
        "raw_mm": 2010,
        "range_mm": 2010,
        "quality_percent": 100,
        "valid": 1,
        "status": "O",
        "quality_flag_percent": 0,
        "first_to_last_us": 0,
        "frame_us": 0,
        "poll_count": 0,
        "tr_version": 2,
        "rx_mask": "",
        "air_us": "",
        "post_us": "",
        "cycle_us": "",
        "rx_seen": "",
        "imu_valid": 0,
        "imu_n": 0,
        "acc_norm_mean_mg": "",
        "acc_norm_std_mg": "",
        "acc_norm_min_mg": "",
        "acc_norm_max_mg": "",
        "imu_skip_count": 0
      },
      "anchors_seen": [
        0,
        1,
        2,
        3,
        4,
        5,
        6,
        7
      ],
      "tr_status_counts": {
        "O": 9498,
        "T": 102
      }
    }
  },
  "raw_log": "/home/zekaixiao/Desktop/28052026_Erlangen_Official/captures/erlangen_20260528_optitrack/static_ID13_BSF66F_120s_20260528_115704/tag_capture_20260528_115704/raw.log",
  "tr_all_csv": "/home/zekaixiao/Desktop/28052026_Erlangen_Official/captures/erlangen_20260528_optitrack/static_ID13_BSF66F_120s_20260528_115704/tag_capture_20260528_115704/tr_all.csv"
}
