PORT=/dev/serial/by-id/usb-Master_Anchor_Master_Anchor_Control_87EA2F4A526C5A02-if00
START=2026-08-11 18:42:27
MASTER=H
[AUTOPOS] ANCHOR candidate rejected: bare BS peer C9:E1:CF:7A:DD:F9 (random) bs=BSF8E0 uuid=-
PRECHECK: BSxxxx tag quarantine disabled; master/matrix anchors ignore tag polls during sweep
PRECHECK: context session_autopos_ready=1 autopos_initialized=1
PRECHECK: reusing session AUTOPOS state from matrix guard
>>> autopos map show
[AUTOPOS] AUTOPOS map A=F3BB7A04104F9CB8561DDDACB9E53714
[AUTOPOS] AUTOPOS map B=B9179575C776C98F1CB132DD6EDC6223
[AUTOPOS] AUTOPOS map C=CEE5A7EFCB35F8A56B430047629F5309
[AUTOPOS] AUTOPOS map D=B2B5FA625534A8C617135DCAFC9E036A
[AUTOPOS] AUTOPOS map E=A892AF05DD59CF0D0D3408AD74F364A1
[AUTOPOS] AUTOPOS map F=840C68591E90019821AACFF1B73AAA34
[AUTOPOS] AUTOPOS map G=B3087BC3D87CCCD316AEDC6B71D6677F
[AUTOPOS] AUTOPOS map H=B1E487C2B1FD740D1442206A1857DFA1
[AUTOPOS] ANCHOR candidate rejected: bare BS peer C9:E1:CF:7A:DD:F9 (random) bs=BSF8E0 uuid=-
PRECHECK: exact existing AUTOPOS map verified read-only
>>> autopos cir 0
[AUTOPOS] AUTOPOS cir mode set: 0
[AUTOPOS] ANCHOR candidate rejected: bare BS peer C9:E1:CF:7A:DD:F9 (random) bs=BSF8E0 uuid=-
[AUTOPOS] ANCHOR candidate rejected: bare BS peer C9:E1:CF:7A:DD:F9 (random) bs=BSF8E0 uuid=-
>>> autopos round H 100
[AUTOPOS] AUTOPOS round staged: master=H sets=100
[AUTOPOS] ANCHOR candidate rejected: bare BS peer C9:E1:CF:7A:DD:F9 (random) bs=BSF8E0 uuid=-
[AUTOPOS] ANCHOR candidate rejected: bare BS peer C9:E1:CF:7A:DD:F9 (random) bs=BSF8E0 uuid=-
[AUTOPOS] MSTAT peer=0 name=BS???? conn=1 ready=1 pkts=0 bytes=0 last_len=0 print_drops=0
[AUTOPOS] MSTAT peer=1 name=BS???? conn=1 ready=1 pkts=0 bytes=0 last_len=0 print_drops=0
[AUTOPOS] MSTAT peer=2 name=BS???? conn=1 ready=1 pkts=0 bytes=0 last_len=0 print_drops=0
[AUTOPOS] MSTAT peer=3 name=BS???? conn=1 ready=1 pkts=0 bytes=0 last_len=0 print_drops=0
[AUTOPOS] MSTAT peer=4 name=BS???? conn=1 ready=1 pkts=0 bytes=0 last_len=0 print_drops=0
[AUTOPOS] MSTAT peer=5 name=BS???? conn=1 ready=1 pkts=0 bytes=0 last_len=0 print_drops=0
[AUTOPOS] MSTAT peer=6 name=BS???? conn=1 ready=1 pkts=0 bytes=0 last_len=0 print_drops=0
[AUTOPOS] MSTAT peer=7 name=BS???? conn=1 ready=1 pkts=0 bytes=0 last_len=0 print_drops=0
[AUTOPOS] MCLK cal=-1 skips=-1 up_ms=263032915
>>> autopos status
[AUTOPOS] AUTOPOS: mode=AUTOPOS state=staged staged=H last_success=G sets=100 cir=0 error=-
[AUTOPOS] ANCHOR candidate rejected: bare BS peer C9:E1:CF:7A:DD:F9 (random) bs=BSF8E0 uuid=-
>>> autopos apply
[AUTOPOS] AUTOPOS apply started
[AUTOPOS] RECV_BG gate: SUPPRESS reason=autopos_detach
[AUTOPOS] AUTOPOS detach skip STOP: finite master auto-returns to matrix sets=100
[AUTOPOS] RECV_BG gate: ALLOW reason=autopos_detach_done
[AUTOPOS] SCAN start req: bt_ready=1 scan_running=0 connecting_slot=-1 conn_count=8 target=anchor prefix=ANCHOR-
[AUTOPOS] Scanning for ANCHOR-*
[AUTOPOS] AUTOPOS apply mode: incremental
[AUTOPOS] AUTOPOS apply incremental: prev_master=G new_master=H
[AUTOPOS] Master discovery mode: CONN & START
[AUTOPOS] AUTOPOS wait anchor ready: uuid=B3087BC3D87CCCD316AEDC6B71D6677F reuse existing ready control link (discovery remains active)
[AUTOPOS] AUTOPOS state: STATE fw=anchor-freeze-20260715 bs=BSEC88 uuid=B3087BC3D87CCCD316AEDC6B71D6677F label=G role=matrix cfg_valid=1 busy=1 pending_valid=1 schema=2 gen=3 reboot_required=0
[AUTOPOS] AUTOPOS state: STATE fw=anchor-freeze-20260715 bs=BSEC88 uuid=B3087BC3D87CCCD316AEDC6B71D6677F label=G role=matrix cfg_valid=1 busy=1 pending_valid=1 schema=2 gen=3 reboot_required=0
[AUTOPOS] AUTOPOS anchor G already active role=matrix cfg_valid=1; keeping current config
[AUTOPOS] AUTOPOS anchor G role verified
[AUTOPOS] Master discovery mode: CONN & START
[AUTOPOS] AUTOPOS wait anchor ready: uuid=B1E487C2B1FD740D1442206A1857DFA1 reuse existing ready control link (discovery remains active)
[AUTOPOS] AUTOPOS state: STATE fw=anchor-freeze-20260715 bs=BS506D uuid=B1E487C2B1FD740D1442206A1857DFA1 label=H role=matrix cfg_valid=1 busy=1 pending_valid=1 schema=2 gen=4 reboot_required=0
[AUTOPOS] AUTOPOS state: STATE fw=anchor-freeze-20260715 bs=BS506D uuid=B1E487C2B1FD740D1442206A1857DFA1 label=H role=matrix cfg_valid=1 busy=1 pending_valid=1 schema=2 gen=4 reboot_required=0
[AUTOPOS] BLE cmd skip[0]: target mismatch kind=anchor target_name=- target_uuid=B1E487C2B1FD740D1442206A1857DFA1 peer_name=- peer_bs=- peer_uuid=840C68591E90019821AACFF1B73AAA34 link=anchor-ctrl ready=1
[AUTOPOS] BLE cmd skip[1]: target mismatch kind=anchor target_name=- target_uuid=B1E487C2B1FD740D1442206A1857DFA1 peer_name=- peer_bs=- peer_uuid=A892AF05DD59CF0D0D3408AD74F364A1 link=anchor-ctrl ready=1
[AUTOPOS] BLE cmd skip[2]: target mismatch kind=anchor target_name=- target_uuid=B1E487C2B1FD740D1442206A1857DFA1 peer_name=- peer_bs=- peer_uuid=F3BB7A04104F9CB8561DDDACB9E53714 link=anchor-ctrl ready=1
[AUTOPOS] BLE cmd skip[3]: target mismatch kind=anchor target_name=- target_uuid=B1E487C2B1FD740D1442206A1857DFA1 peer_name=- peer_bs=- peer_uuid=CEE5A7EFCB35F8A56B430047629F5309 link=anchor-ctrl ready=1
[AUTOPOS] BLE cmd skip[4]: target mismatch kind=anchor target_name=- target_uuid=B1E487C2B1FD740D1442206A1857DFA1 peer_name=- peer_bs=- peer_uuid=B9179575C776C98F1CB132DD6EDC6223 link=anchor-ctrl ready=1
[AUTOPOS] Anchor ctrl sent[5]: RUNTIME MASTER SWEEP 100 CIR=0 uuid=B1E487C2B1FD740D1442206A1857DFA1
[AUTOPOS] BLE cmd skip[6]: target mismatch kind=anchor target_name=- target_uuid=B1E487C2B1FD740D1442206A1857DFA1 peer_name=- peer_bs=- peer_uuid=B2B5FA625534A8C617135DCAFC9E036A link=anchor-ctrl ready=1
[AUTOPOS] BLE cmd skip[7]: target mismatch kind=anchor target_name=- target_uuid=B1E487C2B1FD740D1442206A1857DFA1 peer_name=- peer_bs=- peer_uuid=B3087BC3D87CCCD316AEDC6B71D6677F link=anchor-ctrl ready=1
[AUTOPOS] ANCHOR_CTRL[5] notify: OK RUNTIME_SWITCH_REQUESTED SWEEP=100
[AUTOPOS] AUTOPOS result: OK RUNTIME_SWITCH_REQUESTED SWEEP=100
[AUTOPOS] ANCHOR candidate rejected: bare BS peer C9:E1:CF:7A:DD:F9 (random) bs=BSF8E0 uuid=-
[AUTOPOS] AUTOPOS state: STATE fw=anchor-freeze-20260715 bs=BS506D uuid=B1E487C2B1FD740D1442206A1857DFA1 label=H role=master cfg_valid=1 busy=1 pending_valid=1 schema=2 gen=4 reboot_required=0
[AUTOPOS] AUTOPOS anchor H role verified
[AUTOPOS] AUTOPOS apply success: master=H
[AUTO[AUTOPOS] SW-H,A,3312,100,B,5207,100,C,4441,100,D,1961,100,E,2817,100,F,5080,100,G,4073,100
POS] AUTOPOS finite sweep handoff: master=H sets=100; host waits for SWEEP_DONE
[AUTOPOS] SW-H,A,3333,100,B,5252,100,C,4418,100,D,1997,100,E,2860,100,F,5095,100,G,4073,100
[AUTOPOS] SW-H,A,3313,100,B,5390,100,C,4441,100,D,1944,100,E,2836,100,F,5097,100,G,4041,100
[AUTOPOS] SW-H,A,3310,100,B,5262,100,C,4349,100,D,1895,100,E,2883,100,F,5057,100,G,4016,100
[AUTOPOS] SW-H,A,3315,100,B,5425,100,C,4441,100,D,1974,100,E,2865,100,F,5108,100,G,4012,100
[AUTOPOS] SW-H,A,3286,100,B,5245,100,C,4336,100,D,1953,100,E,2893,100,F,5091,100,G,4047,100
[AUTOPOS] SW-H,A,3293,100,B,5369,100,C,4408,100,D,1895,100,E,2834,100,F,5130,100,G,4051,100
[AUTOPOS] SW-H,A,3346,100,B,5439,100,C,4404,100,D,2028,100,E,2930,100,F,5067,100,G,4066,100
[AUTOPOS] ANCHOR candidate rejected: bare BS peer C9:E1:CF:7A:DD:F9 (random) bs=BSF8E0 uuid=-
[AUTOPOS] SW-H,A,3313,100,B,5346,100,C,4384,100,D,1914,100,E,2834,100,F,5115,100,G,4045,100
[AUTOPOS] SW-H,A,3290,100,B,5302,100,C,4404,100,D,1971,100,E,2834,100,F,5076,100,G,4063,100
[AUTOPOS] SW-H,A,3301,100,B,5306,100,C,4376,100,D,1962,100,E,2886,90,F,5043,100,G,4025,100
[AUTOPOS] SW-H,A,3322,100,B,5315,100,C,4398,100,D,2003,100,E,2828,91,F,5090,100,G,4053,100
[AUTOPOS] SW-H,A,3305,100,B,5373,100,C,4437,100,D,1874,100,E,2867,92,F,5130,100,G,4067,100
[AUTOPOS] SW-H,A,3318,100,B,5373,100,C,4413,100,D,1960,100,E,2856,92,F,5115,100,G,4067,100
[AUTOPOS] SW-H,A,3306,100,B,5459,93,C,4469,100,D,1926,100,E,2874,93,F,5071,100,G,4084,93
[AUTOPOS] SW-H,A,3284,100,B,5356,93,C,4347,100,D,1962,100,E,2836,93,F,5075,100,G,4018,93
[AUTOPOS] SW-H,A,3336,100,B,5411,94,C,4458,100,D,2027,100,E,2876,94,F,5067,100,G,4050,94
[AUTOPOS] SW-H,A,3334,100,B,5280,94,C,4447,100,D,1980,100,E,2888,94,F,5084,100,G,4028,94
[AUTOPOS] SW-H,A,3262,100,B,5379,94,C,4404,100,D,1953,100,E,2897,94,F,5073,100,G,4049,94
[AUTOPOS] SW-H,A,3291,100,B,5282,95,C,4385,100,D,1932,100,E,2894,95,F,5048,100,G,4057,95
[AUTOPOS] SW-H,A,3299,100,B,5390,95,C,4395,100,D,1969,100,E,2843,95,F,5137,100,G,4082,95
[AUTOPOS] SW-H,A,3314,100,B,5421,95,C,4460,100,D,1966,100,E,2886,95,F,5085,100,G,4039,95
[AUTOPOS] SW-H,A,3307,100,B,5363,95,C,4442,100,D,1985,100,E,2910,95,F,5065,100,G,4055,95
[AUTOPOS] SW-H,A,3326,100,B,5249,95,C,4420,100,D,1940,100,E,2820,95,F,5065,100,G,4043,95
[AUTOPOS] SW-H,A,3322,100,B,5306,96,C,4451,100,D,1981,100,E,2843,96,F,5167,96,G,4013,96
[AUTOPOS] SW-H,A,3288,100,B,5478,96,C,4374,100,D,1964,100,E,2873,96,F,5108,96,G,4053,96
[AUTOPOS] SW-H,A,3287,100,B,5253,96,C,4415,100,D,1964,100,E,2865,96,F,5090,96,G,4049,96
[AUTOPOS] SW-H,A,3301,100,B,5317,96,C,4414,100,D,1978,96,E,2834,96,F,5061,96,G,4032,96
[AUTOPOS] SW-H,A,3305,100,B,5409,96,C,4384,100,D,1976,96,E,2862,96,F,5056,96,G,4054,96
[AUTOPOS] ANCHOR candidate rejected: bare BS peer C9:E1:CF:7A:DD:F9 (random) bs=BSF8E0 uuid=-
[AUTOPOS] SW-H,A,3301,100,B,5409,96,C,4389,100,D,1965,96,E,2920,96,F,5079,96,G,4027,96
[AUTOPOS] SW-H,A,3323,100,B,5290,93,C,4417,100,D,1944,96,E,2820,96,F,5079,96,G,4029,96
[AUTOPOS] SW-H,A,3324,100,B,5344,93,C,4428,100,D,1947,96,E,2898,96,F,5125,93,G,4062,96
[AUTOPOS] SW-H,A,3327,100,B,5254,94,C,4378,100,D,1924,100,E,2860,100,F,5088,94,G,4049,100
[AUTOPOS] SW-H,A,3309,100,B,5295,94,C,4393,100,D,1924,100,E,2835,100,F,5057,94,G,4025,100
[AUTOPOS] SW-H,A,3287,100,B,5270,94,C,4361,100,D,1915,94,E,2893,100,F,5108,94,G,4072,100
[AUTOPOS] SW-H,A,3267,100,B,5380,95,C,4372,100,D,1955,95,E,2914,100,F,5062,95,G,4023,100
[AUTOPOS] SW-H,A,3293,100,B,5380,95,C,4433,100,D,1965,95,E,2881,100,F,5078,95,G,4034,100
[AUTOPOS] ANCHOR candidate rejected: bare BS peer C9:E1:CF:7A:DD:F9 (random) bs=BSF8E0 uuid=-
[AUTOPOS] SW-H,A,3304,100,B,5390,90,C,4417,100,D,1936,95,E,2875,100,F,5078,95,G,4050,100
[AUTOPOS] SW-H,A,3326,100,B,5397,91,C,4473,100,D,1974,95,E,2872,100,F,5110,91,G,4091,100
[AUTOPOS] MSTAT peer=0 name=BS???? conn=1 ready=1 pkts=0 bytes=0 last_len=0 print_drops=0
[AUTOPOS] MSTAT peer=1 name=BS???? conn=1 ready=1 pkts=0 bytes=0 last_len=0 print_drops=0
[AUTOPOS] MSTAT peer=2 name=BS???? conn=1 ready=1 pkts=0 bytes=0 last_len=0 print_drops=0
[AUTOPOS] MSTAT peer=3 name=BS???? conn=1 ready=1 pkts=0 bytes=0 last_len=0 print_drops=0
[AUTOPOS] MSTAT peer=4 name=BS???? conn=1 ready=1 pkts=0 bytes=0 last_len=0 print_drops=0
[AUTOPOS] MSTAT peer=5 name=BS???? conn=1 ready=1 pkts=0 bytes=0 last_len=0 print_drops=0
[AUTOPOS] MSTAT peer=6 name=BS???? conn=1 ready=1 pkts=0 bytes=0 last_len=0 print_drops=0
[AUTOPOS] MSTAT peer=7 name=BS???? conn=1 ready=1 pkts=0 bytes=0 last_len=0 print_drops=0
[AUTOPOS] MCLK cal=-1 skips=-1 up_ms=263037919
[AUTOPOS] SW-H,A,3341,100,B,5273,91,C,4432,100,D,1935,95,E,2899,100,F,5099,91,G,4061,100
[AUTOPOS] SW-H,A,3288,100,B,5334,92,C,4353,100,D,1940,96,E,2829,100,F,5072,92,G,4061,100
[AUTOPOS] SW-H,A,3285,100,B,5510,92,C,4372,100,D,1936,96,E,2820,100,F,5033,92,G,4096,100
[AUTOPOS] SW-H,A,3344,100,B,5257,92,C,4406,100,D,1949,96,E,2873,100,F,5153,92,G,4068,100
[AUTOPOS] SW-H,A,3307,100,B,5297,92,C,4487,100,D,1930,96,E,2917,100,F,5105,92,G,4069,100
[AUTOPOS] SW-H,A,3332,100,B,5353,93,C,4425,100,D,1953,96,E,2873,100,F,5083,93,G,4067,100
[AUTOPOS] SW-H,A,3303,100,B,5277,93,C,4373,100,D,1939,96,E,2842,100,F,5070,93,G,4030,100
[AUTOPOS] SW-H,A,3335,100,B,5378,93,C,4386,100,D,1959,96,E,2886,100,F,5125,93,G,4023,100
[AUTOPOS] SW-H,A,3266,100,B,5347,93,C,4424,100,D,1960,96,E,2886,100,F,5113,93,G,4033,100
[AUTOPOS] ANCHOR candidate rejected: bare BS peer C9:E1:CF:7A:DD:F9 (random) bs=BSF8E0 uuid=-
[AUTOPOS] SW-H,A,3307,100,B,5357,94,C,4424,100,D,1964,100,E,2824,100,F,5056,94,G,4054,100
[AUTOPOS] SW-H,A,3333,100,B,5300,94,C,4417,100,D,1990,100,E,2872,100,F,5082,94,G,4081,100
[AUTOPOS] SW-H,A,3316,100,B,5278,94,C,4417,100,D,1980,100,E,2902,100,F,5101,94,G,4061,100
[AUTOPOS] SW-H,A,3264,100,B,5306,95,C,4422,95,D,1946,100,E,2814,100,F,5098,95,G,4018,100
[AUTOPOS] SW-H,A,3261,100,B,5368,95,C,4362,95,D,1890,100,E,2828,100,F,5082,95,G,4040,100
[AUTOPOS] SW-H,A,3321,100,B,5248,95,C,4370,95,D,1989,100,E,2889,100,F,5086,95,G,4078,100
[AUTOPOS] SW-H,A,3246,100,B,5542,95,C,4381,95,D,1981,100,E,2892,100,F,5066,95,G,4039,100
[AUTOPOS] SW-H,A,3276,100,B,5266,95,C,4408,95,D,1986,100,E,2838,100,F,5093,95,G,4057,100
[AUTOPOS] SW-H,A,3317,100,B,5442,96,C,4416,96,D,1955,100,E,2852,100,F,5130,96,G,4075,100
[AUTOPOS] SW-H,A,3263,100,B,5293,96,C,4385,96,D,1947,100,E,2832,100,F,5075,96,G,4050,100
[AUTOPOS] ANCHOR candidate rejected: bare BS peer C9:E1:CF:7A:DD:F9 (random) bs=BSF8E0 uuid=-
[AUTOPOS] SW-H,A,3340,100,B,5326,96,C,4388,96,D,1967,100,E,2840,100,F,5087,96,G,4030,100
[AUTOPOS] SW-H,A,3284,100,B,5248,96,C,4403,96,D,1940,100,E,2876,100,F,5128,96,G,4030,100
[AUTOPOS] SW-H,A,3301,100,B,5248,96,C,4400,96,D,1895,100,E,2888,100,F,5088,96,G,4048,96
[AUTOPOS] SW-H,A,3302,100,B,5368,93,C,4400,96,D,1940,100,E,2861,100,F,5088,96,G,4073,96
[AUTOPOS] SW-H,A,3334,100,B,5499,93,C,4422,96,D,2019,100,E,2864,100,F,5108,93,G,4053,96
[AUTOPOS] SW-H,A,3294,100,B,5351,93,C,4377,96,D,1989,100,E,2841,100,F,5035,93,G,4063,96
[AUTOPOS] SW-H,A,3313,100,B,5392,94,C,4420,100,D,2045,100,E,2865,100,F,5132,94,G,4043,100
[AUTOPOS] SW-H,A,3273,100,B,5264,94,C,4395,100,D,2024,100,E,2844,100,F,5051,94,G,4040,100
[AUTOPOS] SW-H,A,3293,100,B,5309,94,C,4378,100,D,1970,100,E,2898,100,F,5130,94,G,4030,100
[AUTOPOS] ANCHOR candidate rejected: bare BS peer C9:E1:CF:7A:DD:F9 (random) bs=BSF8E0 uuid=-
[AUTOPOS] SW-H,A,3284,100,B,5303,95,C,4470,100,D,1942,100,E,2869,100,F,5075,95,G,4059,100
[AUTOPOS] SW-H,A,3336,100,B,5376,95,C,4418,100,D,1986,100,E,2895,100,F,5113,95,G,4064,100
[AUTOPOS] SW-H,A,3286,100,B,5398,95,C,4442,100,D,2023,100,E,2851,100,F,5039,95,G,4008,100
[AUTOPOS] SW-H,A,3319,100,B,5360,95,C,4384,100,D,1973,100,E,2837,100,F,5077,95,G,4023,100
[AUTOPOS] SW-H,A,3261,100,B,5405,95,C,4341,100,D,1984,100,E,2847,100,F,5116,95,G,4044,100
[AUTOPOS] SW-H,A,3326,100,B,5300,96,C,4426,100,D,1970,100,E,2832,100,F,5080,96,G,4042,100
[AUTOPOS] SW-H,A,3327,100,B,5344,96,C,4418,100,D,1973,100,E,2833,100,F,5079,96,G,4069,100
[AUTOPOS] SW-H,A,3324,100,B,5274,96,C,4418,100,D,1971,100,E,2873,100,F,5097,96,G,4053,100
[AUTOPOS] SW-H,A,3307,100,B,5367,96,C,4427,96,D,1948,100,E,2833,100,F,5079,96,G,4081,100
[AUTOPOS] SW-H,A,3271,100,B,5265,96,C,4370,96,D,2015,100,E,2835,100,F,5103,96,G,4040,100
[AUTOPOS] SW-H,A,3271,100,B,5281,96,C,4348,96,D,1948,100,E,2834,100,F,5077,96,G,4025,100
[AUTOPOS] ANCHOR candidate rejected: bare BS peer C9:E1:CF:7A:DD:F9 (random) bs=BSF8E0 uuid=-
[AUTOPOS] SW-H,A,3325,96,B,5271,96,C,4440,96,D,1924,100,E,2890,100,F,5085,96,G,4023,100
[AUTOPOS] SW-H,A,3290,96,B,5319,96,C,4456,96,D,1959,100,E,2903,100,F,5123,96,G,4067,100
[AUTOPOS] SW-H,A,3303,100,B,5450,100,C,4435,100,D,1945,100,E,2942,100,F,5085,100,G,4062,100
[AUTOPOS] SW-H,A,3303,100,B,5472,100,C,4379,100,D,1951,100,E,2862,100,F,5125,100,G,4036,100
[AUTOPOS] SW-H,A,3257,100,B,5354,100,C,4372,100,D,1938,100,E,2870,100,F,5117,100,G,4026,100
[AUTOPOS] SW-H,A,3324,100,B,5257,100,C,4471,100,D,1957,100,E,2878,100,F,5121,100,G,4067,100
[AUTOPOS] SW-H,A,3239,100,B,5465,100,C,4380,100,D,1921,100,E,2898,100,F,5087,100,G,4097,100
[AUTOPOS] SW-H,A,3333,100,B,5385,100,C,4452,100,D,2028,100,E,2903,100,F,5078,100,G,4054,100
[AUTOPOS] SW-H,A,3295,100,B,5278,100,C,4486,100,D,1969,100,E,2919,100,F,5132,100,G,4114,100
[AUTOPOS] SW-H,A,3292,100,B,5316,100,C,4388,100,D,1924,100,E,2894,100,F,5183,100,G,4069,100
[AUTOPOS] ANCHOR candidate rejected: bare BS peer C9:E1:CF:7A:DD:F9 (random) bs=BSF8E0 uuid=-
[AUTOPOS] SW-H,A,3293,100,B,5454,100,C,4340,100,D,1915,100,E,2909,100,F,5086,100,G,4017,100
[AUTOPOS] SW-H,A,3325,100,B,5548,100,C,4414,100,D,1927,100,E,2907,100,F,5086,100,G,4030,100
[AUTOPOS] SW-H,A,3264,100,B,5356,100,C,4409,100,D,1967,100,E,2859,100,F,5093,100,G,4074,100
[AUTOPOS] SW-H,A,3320,100,B,5387,100,C,4432,100,D,1957,100,E,2909,100,F,5088,100,G,4050,100
[AUTOPOS] SW-H,A,3315,100,B,5276,100,C,4428,100,D,1911,100,E,2859,100,F,5065,100,G,4060,100
[AUTOPOS] SW-H,A,3300,100,B,5330,100,C,4428,100,D,1894,100,E,2855,100,F,5081,100,G,4024,100
[AUTOPOS] SW-H,A,3329,100,B,5372,100,C,4373,100,D,1964,100,E,2926,100,F,5078,100,G,4037,100
[AUTOPOS] SW-H,A,3294,100,B,5388,100,C,4403,100,D,1964,100,E,2875,100,F,5069,100,G,4063,100
[AUTOPOS] ANCHOR candidate rejected: bare BS peer C9:E1:CF:7A:DD:F9 (random) bs=BSF8E0 uuid=-
[AUTOPOS] SW-H,A,3363,100,B,5422,100,C,4452,100,D,1986,100,E,2859,100,F,5130,100,G,4048,100
[AUTOPOS] SW-H,A,3340,100,B,5285,100,C,4445,100,D,1958,100,E,2860,100,F,5107,100,G,4093,100
[AUTOPOS] MSTAT peer=0 name=BS???? conn=1 ready=1 pkts=0 bytes=0 last_len=0 print_drops=0
[AUTOPOS] MSTAT peer=1 name=BS???? conn=1 ready=1 pkts=0 bytes=0 last_len=0 print_drops=0
[AUTOPOS] MSTAT peer=2 name=BS???? conn=1 ready=1 pkts=0 bytes=0 last_len=0 print_drops=0
[AUTOPOS] MSTAT peer=3 name=BS???? conn=1 ready=1 pkts=0 bytes=0 last_len=0 print_drops=0
[AUTOPOS] MSTAT peer=4 name=BS???? conn=1 ready=1 pkts=0 bytes=0 last_len=0 print_drops=0
[AUTOPOS] MSTAT peer=5 name=BS???? conn=1 ready=1 pkts=0 bytes=0 last_len=0 print_drops=0
[AUTOPOS] MSTAT peer=6 name=BS???? conn=1 ready=1 pkts=0 bytes=0 last_len=0 print_drops=0
[AUTOPOS] MSTAT peer=7 name=BS???? conn=1 ready=1 pkts=0 bytes=0 last_len=0 print_drops=0
[AUTOPOS] MCLK cal=-1 skips=-1 up_ms=263042922
[AUTOPOS] ANCHOR candidate rejected: bare BS peer C9:E1:CF:7A:DD:F9 (random) bs=BSF8E0 uuid=-
[AUTOPOS] SW-H,A,3294,100,B,5339,100,C,4393,100,D,1907,100,E,2884,100,F,5051,100,G,4103,100
[AUTOPOS] SW-H,A,3304,100,B,5446,100,C,4441,100,D,1972,100,E,2870,100,F,5078,100,G,4039,100
[AUTOPOS] ANCHOR_CTRL[5] notify: SWEEP_DONE master=H sets=100 role=matrix
END=2026-08-11 18:42:42
