PORT=/dev/serial/by-id/usb-BioSpur_BioSpur_BLE_Control_87EA2F4A526C5A02-if00
START=2026-04-26 00:19:22
VERIFY: prepare AUTOPOS control plane for all-responder runtime verification
VERIFY: prepare anchor target before AUTOPOS preflight
>>> status
[RECV] BSDC91 notify: CM;1;58838;1;timeout;0;0;0;0;111|CM;1;58838;3;timeout;0;0;0;0;111
[RECV] BS2DCE notify: CM;1;55226;1;timeout;0;0;0;0;109|CM;1;55226;3;timeout;0;0;0;0;109
[RECV] BS2DCE notify: CR;1;55227;cal_roto;5;B;timeout;rx_timeout;0;0;0;0;0;0
[RECV] BS2DCE notify: CR;1;55227;cal_roto;5;D;timeout;rx_timeout;0;0;0;0;0;0
[RECV] BS2DCE notify: CR;1;55227;cal_roto;5;E;timeout;rx_timeout;0;0;0;0;0;0
[RECV] BS2DCE notify: CR;1;55227;cal_roto;5;G;timeout;rx_timeout;0;0;0;0;0;0
[RECV] BS2DCE notify: CF;1;55227;cal_roto;5;pending;0;4;0;0;0;0
[RECV] BS2DCE notify: CS;1;55227;cal_roto;5;0;B,D,E,G;timeout,timeout,timeout,timeout;0,0,0,0
[RECV] BSDC91 notify: CR;1;58839;cal_roto;5;B;timeout;rx_timeout;0;0;0;0;0;0
[RECV] BSDC91 notify: CR;1;58839;cal_roto;5;D;timeout;rx_timeout;0;0;0;0;0;0
[RECV] BSDC91 notify: CR;1;58839;cal_roto;5;E;timeout;rx_timeout;0;0;0;0;0;0
[RECV] BSDC91 notify: CR;1;58839;cal_roto;5;G;timeout;rx_timeout;0;0;0;0;0;0
[RECV] BSDC91 notify: CF;1;58839;cal_roto;5;pending;0;4;0;0;0;0
[RECV] BS2DCE notify: CM;1;55227;1;timeout;0;0;0;0;110
[RECV] BSF66F notify: CM;1;18820;4;timeout;0;0;0;0;39|CM;1;18820;5;timeout;0;0;0;0;31|CM;1;18820;6;timeout;0;0;0;0;31
[RECV] BSF66F notify: CR;1;18821;cal_static;4;E;timeout;rx_timeout;0;0;0;0;0;0
[RECV] BSF66F notify: CR;1;18821;cal_static;4;F;timeout;rx_timeout;0;0;0;0;0;0
[RECV] BSF66F notify: CR;1;18821;cal_static;4;G;timeout;rx_timeout;0;0;0;0;0;0
[RECV] BSDC91 notify: CS;1;58839;cal_roto;5;0;B,D,E,G;timeout,timeout,timeout,timeout;0,0,0,0
[RECV] BSF66F notify: CR;1;18821;cal_static;4;H;timeout;rx_timeout;0;0;0;0;0;0
[RECV] BSF66F notify: CF;1;18821;cal_static;4;pending;0;4;0;0;0;0
[RECV] BSF66F notify: CS;1;18821;cal_static;4;0;E,F,G,H;timeout,timeout,timeout,timeout;0,0,0,0
[RECV] BSDC91 notify: CM;1;58839;1;timeout;0;0;0;0;112
[RECV] BS2DCE notify: CM;1;55227;3;timeout;0;0;0;0;110|CM;1;55227;4;timeout;0;0;0;0;110|CM;1;55227;6;timeout;0;0;0;0;110
[RECV] BS2DCE notify: CR;1;55228;cal_roto;5;B;timeout;rx_timeout;0;0;0;0;0;0
[RECV] BS2DCE notify: CR;1;55228;cal_roto;5;D;timeout;rx_timeout;0;0;0;0;0;0
[RECV] BS2DCE notify: CR;1;55228;cal_roto;5;E;timeout;rx_timeout;0;0;0;0;0;0
[RECV] BS2DCE notify: CR;1;55228;cal_roto;5;G;timeout;rx_timeout;0;0;0;0;0;0
[RECV] BS2DCE notify: CF;1;55228;cal_roto;5;pending;0;4;0;0;0;0
[RECV] BS2DCE notify: CS;1;55228;cal_roto;5;0;B,D,E,G;timeout,timeout,timeout,timeout;0,0,0,0
[RECV] Control status: mode=RECV pending=0
[RECV] BSDC91 notify: CM;1;58839;3;timeout;0;0;0;0;112|CM;1;58839;4;timeout;0;0;0;0;112|CM;1;58839;6;timeout;0;0;0;0;112
[RECV] BSDC91 notify: CR;1;58840;cal_roto;5;B;timeout;rx_timeout;0;0;0;0;0;0
[RECV] BSDC91 notify: CR;1;58840;cal_roto;5;D;timeout;rx_timeout;0;0;0;0;0;0
[RECV] BSDC91 notify: CR;1;58840;cal_roto;5;G;timeout;rx_timeout;0;0;0;0;0;0
[RECV] BSF66F notify: CM;1;18821;0;timeout;0;0;0;0;39|CM;1;18821;1;timeout;0;0;0;0;29
[RECV] BSDC91 notify: CR;1;58840;cal_roto;5;E;timeout;rx_timeout;0;0;0;0;0;0
[RECV] BSDC91 notify: CF;1;58840;cal_roto;5;pending;0;4;0;0;0;0
[RECV] BSDC91 notify: CS;1;58840;cal_roto;5;0;B,D,G,E;timeout,timeout,timeout,timeout;0,0,0,0
[RECV] BS2DCE notify: CM;1;55228;1;timeout;0;0;0;0;111|CM;1;55228;3;timeout;0;0;0;0;111|CM;1;55228;4;timeout;0;0;0;0;111
[RECV] BSDC91 notify: CM;1;58840;1;timeout;0;0;0;0;113|CM;1;58840;3;timeout;0;0;0;0;113|CM;1;58840;6;timeout;0;0;0;0;113
[RECV] BSDC91 notify: CR;1;58841;cal_roto;5;B;timeout;rx_timeout;0;0;0;0;0;0
[RECV] BSDC91 notify: CR;1;58841;cal_roto;5;D;timeout;rx_timeout;0;0;0;0;0;0
[RECV] BSDC91 notify: CR;1;58841;cal_roto;5;G;timeout;rx_timeout;0;0;0;0;0;0
[RECV] BSDC91 notify: CR;1;58841;cal_roto;5;E;timeout;rx_timeout;0;0;0;0;0;0
[RECV] BSDC91 notify: CF;1;58841;cal_roto;5;pending;0;4;0;0;0;0
[RECV] BSDC91 notify: CS;1;58841;cal_roto;5;0;B,D,G,E;timeout,timeout,timeout,timeout;0,0,0,0
[RECV] BS2DCE notify: CR;1;55229;cal_roto;5;D;timeout;rx_timeout;0;0;0;0;0;0
[RECV] BS2DCE notify: CR;1;55229;cal_roto;5;B;timeout;rx_timeout;0;0;0;0;0;0
[RECV] BS2DCE notify: CR;1;55229;cal_roto;5;E;timeout;rx_timeout;0;0;0;0;0;0
[RECV] BS2DCE notify: CR;1;55229;cal_roto;5;G;timeout;rx_timeout;0;0;0;0;0;0
[RECV] BS2DCE notify: CF;1;55229;cal_roto;5;pending;0;4;0;0;0;0
[RECV] BSF66F notify: CR;1;18822;cal_static;4;A;timeout;rx_timeout;0;0;0;0;0;0
[RECV] BSF66F notify: CR;1;18822;cal_static;4;B;timeout;rx_timeout;0;0;0;0;0;0
[RECV] BSF66F notify: CR;1;18822;cal_static;4;C;timeout;rx_timeout;0;0;0;0;0;0
[RECV] BSF66F notify: CR;1;18822;cal_static;4;D;timeout;rx_timeout;0;0;0;0;0;0
[RECV] BSF66F notify: CF;1;18822;cal_static;4;pending;0;4;0;0;0;0
[RECV] BS2DCE notify: CS;1;55229;cal_roto;5;0;D,B,E,G;timeout,timeout,timeout,timeout;0,0,0,0
[RECV] BSF66F notify: CS;1;18822;cal_static;4;0;A,B,C,D;timeout,timeout,timeout,timeout;0,0,0,0
[RECV] BSDC91 notify: CM;1;58841;1;timeout;0;0;0;0;114|CM;1;58841;3;timeout;0;0;0;0;114
[RECV] BS2DCE notify: CM;1;55229;1;timeout;0;0;0;0;112|CM;1;55229;3;timeout;0;0;0;0;112
[RECV] BSDC91 notify: CR;1;58842;cal_roto;5;B;timeout;rx_timeout;0;0;0;0;0;0
[RECV] BSDC91 notify: CR;1;58842;cal_roto;5;D;timeout;rx_timeout;0;0;0;0;0;0
[RECV] BSDC91 notify: CR;1;58842;cal_roto;5;E;timeout;rx_timeout;0;0;0;0;0;0
[RECV] BSDC91 notify: CR;1;58842;cal_roto;5;G;timeout;rx_timeout;0;0;0;0;0;0
[RECV] BSDC91 notify: CF;1;58842;cal_roto;5;pending;0;4;0;0;0;0
[RECV] BSDC91 notify: CS;1;58842;cal_roto;5;0;B,D,E,G;timeout,timeout,timeout,timeout;0,0,0,0
[RECV] BS2DCE notify: CR;1;55230;cal_roto;5;D;timeout;rx_timeout;0;0;0;0;0;0
[RECV] BS2DCE notify: CR;1;55230;cal_roto;5;B;timeout;rx_timeout;0;0;0;0;0;0
[RECV] BS2DCE notify: CR;1;55230;cal_roto;5;E;timeout;rx_timeout;0;0;0;0;0;0
[RECV] BS2DCE notify: CR;1;55230;cal_roto;5;G;timeout;rx_timeout;0;0;0;0;0;0
[RECV] BS2DCE notify: CF;1;55230;cal_roto;5;pending;0;4;0;0;0;0
[RECV] BSF66F notify: CM;1;18822;4;timeout;0;0;0;0;40
[RECV] BSF66F notify: CR;1;18823;cal_static;4;E;timeout;rx_timeout;0;0;0;0;0;0
[RECV] BSF66F notify: CR;1;18823;cal_static;4;F;pending;not_measured;0;0;0;0;0;0
[RECV] BSF66F notify: CR;1;18823;cal_static;4;G;pending;not_measured;0;0;0;0;0;0
[RECV] BS2DCE notify: CS;1;55230;cal_roto;5;0;D,B,E,G;timeout,timeout,timeout,timeout;0,0,0,0
[RECV] BSF66F notify: CR;1;18823;cal_static;4;H;pending;not_measured;0;0;0;0;0;0
[RECV] BSF66F notify: CF;1;18823;cal_static;4;pending;0;4;0;0;0;0
[RECV] BSF66F notify: CS;1;18823;cal_static;4;0;E,F,G,H;timeout,pending,pending,pending;0,0,0,0
[RECV] BSDC91 notify: CM;1;58842;1;timeout;0;0;0;0;115
[RECV] BS2DCE notify: CM;1;55230;1;timeout;0;0;0;0;113
[RECV] BSDC91 notify: CM;1;58842;3;timeout;0;0;0;0;115|CM;1;58842;4;timeout;0;0;0;0;115|CM;1;58842;6;timeout;0;0;0;0;115
[RECV] BSDC91 notify: CR;1;58843;cal_roto;5;B;timeout;rx_timeout;0;0;0;0;0;0
[RECV] BSDC91 notify: CR;1;58843;cal_roto;5;D;timeout;rx_timeout;0;0;0;0;0;0
[RECV] BSDC91 notify: CR;1;58843;cal_roto;5;E;timeout;rx_timeout;0;0;0;0;0;0
[RECV] BSDC91 notify: CR;1;58843;cal_roto;5;G;timeout;rx_timeout;0;0;0;0;0;0
[RECV] BSDC91 notify: CF;1;58843;cal_roto;5;pending;0;4;0;0;0;0
[RECV] BSDC91 notify: CS;1;58843;cal_roto;5;0;B,D,E,G;timeout,timeout,timeout,timeout;0,0,0,0
[RECV] BSF66F notify: CR;1;18824;cal_static;4;A;timeout;rx_timeout;0;0;0;0;0;0
[RECV] BSF66F notify: CR;1;18824;cal_static;4;B;pending;not_measured;0;0;0;0;0;0
[RECV] BSF66F notify: CR;1;18824;cal_static;4;C;pending;not_measured;0;0;0;0;0;0
[RECV] BSF66F notify: CR;1;18824;cal_static;4;D;pending;not_measured;0;0;0;0;0;0
[RECV] BSF66F notify: CF;1;18824;cal_static;4;pending;0;4;0;0;0;0
[RECV] BS2DCE notify: CM;1;55230;3;timeout;0;0;0;0;113|CM;1;55230;4;timeout;0;0;0;0;113|CM;1;55230;6;timeout;0;0;0;0;113
[RECV] BS2DCE notify: CR;1;55231;cal_roto;5;B;timeout;rx_timeout;0;0;0;0;0;0
[RECV] BS2DCE notify: CR;1;55231;cal_roto;5;D;timeout;rx_timeout;0;0;0;0;0;0
[RECV] BS2DCE notify: CR;1;55231;cal_roto;5;E;timeout;rx_timeout;0;0;0;0;0;0
[RECV] BSF66F notify: CS;1;18824;cal_static;4;0;A,B,C,D;timeout,pending,pending,pending;0,0,0,0
[RECV] BSDC91 notify: CM;1;58843;1;timeout;0;0;0;0;116|CM;1;58843;3;timeout;0;0;0;0;116|CM;1;58843;4;timeout;0;0;0;0;116
[RECV] BS2DCE notify: CR;1;55231;cal_roto;5;G;timeout;rx_timeout;0;0;0;0;0;0
[RECV] BS2DCE notify: CF;1;55231;cal_roto;5;pending;0;4;0;0;0;0
[RECV] BS2DCE notify: CS;1;55231;cal_roto;5;0;B,D,E,G;timeout,timeout,timeout,timeout;0,0,0,0
[RECV] BS2DCE notify: CM;1;55231;1;timeout;0;0;0;0;114|CM;1;55231;3;timeout;0;0;0;0;114|CM;1;55231;6;timeout;0;0;0;0;114
[RECV] BSDC91 notify: CR;1;58844;cal_roto;5;B;timeout;rx_timeout;0;0;0;0;0;0
[RECV] BSDC91 notify: CR;1;58844;cal_roto;5;D;timeout;rx_timeout;0;0;0;0;0;0
[RECV] BSDC91 notify: CR;1;58844;cal_roto;5;E;timeout;rx_timeout;0;0;0;0;0;0
[RECV] BSDC91 notify: CR;1;58844;cal_roto;5;G;timeout;rx_timeout;0;0;0;0;0;0
[RECV] BSDC91 notify: CF;1;58844;cal_roto;5;pending;0;4;0;0;0;0
[RECV] BSDC91 notify: CS;1;58844;cal_roto;5;0;B,D,E,G;timeout,timeout,timeout,timeout;0,0,0,0
[RECV] BS2DCE notify: CR;1;55232;cal_roto;5;B;timeout;rx_timeout;0;0;0;0;0;0
[RECV] BS2DCE notify: CR;1;55232;cal_roto;5;D;timeout;rx_timeout;0;0;0;0;0;0
[RECV] BS2DCE notify: CR;1;55232;cal_roto;5;G;timeout;rx_timeout;0;0;0;0;0;0
[RECV] BS2DCE notify: CR;1;55232;cal_roto;5;E;timeout;rx_timeout;0;0;0;0;0;0
[RECV] BS2DCE notify: CF;1;55232;cal_roto;5;pending;0;4;0;0;0;0
[RECV] BSDC91 notify: CM;1;58844;1;timeout;0;0;0;0;117|CM;1;58844;3;timeout;0;0;0;0;117
[RECV] BS2DCE notify: CS;1;55232;cal_roto;5;0;B,D,G,E;timeout,timeout,timeout,timeout;0,0,0,0
[RECV] BS2DCE notify: CM;1;55232;1;timeout;0;0;0;0;115|CM;1;55232;3;timeout;0;0;0;0;115
[RECV] BSDC91 notify: CR;1;58845;cal_roto;5;D;timeout;rx_timeout;0;0;0;0;0;0
[RECV] BSDC91 notify: CR;1;58845;cal_roto;5;B;timeout;rx_timeout;0;0;0;0;0;0
>>> device show
[RECV] BSDC91 notify: CR;1;58845;cal_roto;5;E;timeout;rx_timeout;0;0;0;0;0;0
[RECV] BSDC91 notify: CR;1;58845;cal_roto;5;G;timeout;rx_timeout;0;0;0;0;0;0
[RECV] System target: kind=tag caps=0x0f (config=1 ota=1 stream=1 status=1)
OTA target filter: token=-1 name=- prefix=- uuid=-
[RECV] BSDC91 notify: CF;1;58845;cal_roto;5;pending;0;4;0;0;0;0
[RECV] BSDC91 notify: CS;1;58845;cal_roto;5;0;D,B,E,G;timeout,timeout,timeout,timeout;0,0,0,0
[RECV] BS2DCE notify: CR;1;55233;cal_roto;5;B;timeout;rx_timeout;0;0;0;0;0;0
[RECV] BS2DCE notify: CR;1;55233;cal_roto;5;D;timeout;rx_timeout;0;0;0;0;0;0
[RECV] BS2DCE notify: CR;1;55233;cal_roto;5;G;timeout;rx_timeout;0;0;0;0;0;0
[RECV] BS2DCE notify: CR;1;55233;cal_roto;5;E;timeout;rx_timeout;0;0;0;0;0;0
[RECV] BS2DCE notify: CF;1;55233;cal_roto;5;pending;0;4;0;0;0;0
[RECV] BSF66F notify: CR;1;18825;cal_static;4;E;timeout;rx_timeout;0;0;0;0;0;0
[RECV] BSF66F notify: CR;1;18825;cal_static;4;F;pending;not_measured;0;0;0;0;0;0
[RECV] BSF66F notify: CR;1;18825;cal_static;4;G;pending;not_measured;0;0;0;0;0;0
[RECV] BSF66F notify: CR;1;18825;cal_static;4;H;pending;not_measured;0;0;0;0;0;0
[RECV] BSF66F notify: CF;1;18825;cal_static;4;pending;0;4;0;0;0;0
[RECV] BS2DCE notify: CS;1;55233;cal_roto;5;0;B,D,G,E;timeout,timeout,timeout,timeout;0,0,0,0
[RECV] BSF66F notify: CS;1;18825;cal_static;4;0;E,F,G,H;timeout,pending,pending,pending;0,0,0,0
[RECV] BS2DCE notify: CM;1;55233;1;timeout;0;0;0;0;116
[RECV] BSDC91 notify: CM;1;58845;3;timeout;0;0;0;0;118
[RECV] BSDC91 notify: CM;1;58845;1;timeout;0;0;0;0;118|CM;1;58845;4;timeout;0;0;0;0;118|CM;1;58845;6;timeout;0;0;0;0;118
[RECV] BSDC91 notify: CR;1;58846;cal_roto;5;D;timeout;rx_timeout;0;0;0;0;0;0
[RECV] BSDC91 notify: CR;1;58846;cal_roto;5;B;timeout;rx_timeout;0;0;0;0;0;0
[RECV] BSDC91 notify: CR;1;58846;cal_roto;5;E;timeout;rx_timeout;0;0;0;0;0;0
[RECV] BSDC91 notify: CR;1;58846;cal_roto;5;G;timeout;rx_timeout;0;0;0;0;0;0
[RECV] BSDC91 notify: CF;1;58846;cal_roto;5;pending;0;4;0;0;0;0
[RECV] BSDC91 notify: CS;1;58846;cal_roto;5;0;D,B,E,G;timeout,timeout,timeout,timeout;0,0,0,0
[RECV] BS2DCE notify: CM;1;55233;3;timeout;0;0;0;0;116|CM;1;55233;4;timeout;0;0;0;0;116|CM;1;55233;6;timeout;0;0;0;0;116
[RECV] BS2DCE notify: CR;1;55234;cal_roto;5;B;timeout;rx_timeout;0;0;0;0;0;0
[RECV] BS2DCE notify: CR;1;55234;cal_roto;5;D;timeout;rx_timeout;0;0;0;0;0;0
[RECV] BS2DCE notify: CR;1;55234;cal_roto;5;E;timeout;rx_timeout;0;0;0;0;0;0
[RECV] BS2DCE notify: CR;1;55234;cal_roto;5;G;timeout;rx_timeout;0;0;0;0;0;0
[RECV] BS2DCE notify: CF;1;55234;cal_roto;5;pending;0;4;0;0;0;0
[RECV] BS2DCE notify: CS;1;55234;cal_roto;5;0;B,D,E,G;timeout,timeout,timeout,timeout;0,0,0,0
[RECV] BSDC91 notify: CM;1;58846;1;timeout;0;0;0;0;119|CM;1;58846;3;timeout;0;0;0;0;119|CM;1;58846;4;timeout;0;0;0;0;119
[RECV] BS2DCE notify: CM;1;55234;1;timeout;0;0;0;0;117|CM;1;55234;3;timeout;0;0;0;0;117|CM;1;55234;4;timeout;0;0;0;0;117
[RECV] BSDC91 notify: CR;1;58847;cal_roto;5;B;timeout;rx_timeout;0;0;0;0;0;0
[RECV] BSDC91 notify: CR;1;58847;cal_roto;5;D;timeout;rx_timeout;0;0;0;0;0;0
[RECV] BSDC91 notify: CR;1;58847;cal_roto;5;E;timeout;rx_timeout;0;0;0;0;0;0
[RECV] BSDC91 notify: CR;1;58847;cal_roto;5;G;timeout;rx_timeout;0;0;0;0;0;0
[RECV] BSDC91 notify: CF;1;58847;cal_roto;5;pending;0;4;0;0;0;0
[RECV] BSDC91 notify: CS;1;58847;cal_roto;5;0;B,D,E,G;timeout,timeout,timeout,timeout;0,0,0,0
[RECV] BS2DCE notify: CR;1;55235;cal_roto;5;B;timeout;rx_timeout;0;0;0;0;0;0
[RECV] BS2DCE notify: CR;1;55235;cal_roto;5;D;timeout;rx_timeout;0;0;0;0;0;0
[RECV] BS2DCE notify: CR;1;55235;cal_roto;5;E;timeout;rx_timeout;0;0;0;0;0;0
[RECV] BS2DCE notify: CR;1;55235;cal_roto;5;G;timeout;rx_timeout;0;0;0;0;0;0
[RECV] BS2DCE notify: CF;1;55235;cal_roto;5;pending;0;4;0;0;0;0
[RECV] BSF66F notify: CM;1;18825;0;timeout;0;0;0;0;41
[RECV] BSF66F notify: CR;1;18826;cal_static;4;A;timeout;rx_timeout;0;0;0;0;0;0
[RECV] BSF66F notify: CR;1;18826;cal_static;4;B;pending;not_measured;0;0;0;0;0;0
[RECV] BSF66F notify: CR;1;18826;cal_static;4;C;pending;not_measured;0;0;0;0;0;0
[RECV] BSDC91 notify: CM;1;58847;1;timeout;0;0;0;0;120|CM;1;58847;3;timeout;0;0;0;0;120
[RECV] BS2DCE notify: CS;1;55235;cal_roto;5;0;B,D,E,G;timeout,timeout,timeout,timeout;0,0,0,0
[RECV] BS2DCE notify: CM;1;55235;1;timeout;0;0;0;0;118|CM;1;55235;3;timeout;0;0;0;0;118
[RECV] BSF66F notify: CR;1;18826;cal_static;4;D;pending;not_measured;0;0;0;0;0;0
[RECV] BSF66F notify: CF;1;18826;cal_static;4;pending;0;4;0;0;0;0
[RECV] BSF66F notify: CS;1;18826;cal_static;4;0;A,B,C,D;timeout,pending,pending,pending;0,0,0,0
[RECV] BSDC91 notify: CR;1;58848;cal_roto;5;B;timeout;rx_timeout;0;0;0;0;0;0
[RECV] BSDC91 notify: CR;1;58848;cal_roto;5;D;timeout;rx_timeout;0;0;0;0;0;0
[RECV] BSDC91 notify: CR;1;58848;cal_roto;5;G;timeout;rx_timeout;0;0;0;0;0;0
[RECV] BSDC91 notify: CR;1;58848;cal_roto;5;E;timeout;rx_timeout;0;0;0;0;0;0
[RECV] BSDC91 notify: CF;1;58848;cal_roto;5;pending;0;4;0;0;0;0
[RECV] BSDC91 notify: CS;1;58848;cal_roto;5;0;B,D,G,E;timeout,timeout,timeout,timeout;0,0,0,0
[RECV] BSF66F notify: CR;1;18827;cal_static;4;E;timeout;rx_timeout;0;0;0;0;0;0
[RECV] BSF66F notify: CR;1;18827;cal_static;4;F;pending;not_measured;0;0;0;0;0;0
[RECV] BSF66F notify: CR;1;18827;cal_static;4;G;pending;not_measured;0;0;0;0;0;0
[RECV] BSF66F notify: CR;1;18827;cal_static;4;H;pending;not_measured;0;0;0;0;0;0
[RECV] BSF66F notify: CF;1;18827;cal_static;4;pending;0;4;0;0;0;0
[RECV] BS2DCE notify: CR;1;55236;cal_roto;5;B;timeout;rx_timeout;0;0;0;0;0;0
[RECV] BS2DCE notify: CR;1;55236;cal_roto;5;D;timeout;rx_timeout;0;0;0;0;0;0
[RECV] BS2DCE notify: CR;1;55236;cal_roto;5;E;timeout;rx_timeout;0;0;0;0;0;0
[RECV] BS2DCE notify: CR;1;55236;cal_roto;5;G;timeout;rx_timeout;0;0;0;0;0;0
[RECV] BS2DCE notify: CF;1;55236;cal_roto;5;pending;0;4;0;0;0;0
[RECV] BSF66F notify: CS;1;18827;cal_static;4;0;E,F,G,H;timeout,pending,pending,pending;0,0,0,0
[RECV] BSDC91 notify: CM;1;58848;1;timeout;0;0;0;0;121
[RECV] BS2DCE notify: CS;1;55236;cal_roto;5;0;B,D,E,G;timeout,timeout,timeout,timeout;0,0,0,0
[RECV] BS2DCE notify: CM;1;55236;3;timeout;0;0;0;0;119
[RECV] BSDC91 notify: CM;1;58848;3;timeout;0;0;0;0;121|CM;1;58848;4;timeout;0;0;0;0;121|CM;1;58848;6;timeout;0;0;0;0;121
[RECV] BSDC91 notify: CR;1;58849;cal_roto;5;B;timeout;rx_timeout;0;0;0;0;0;0
[RECV] BSDC91 notify: CR;1;58849;cal_roto;5;D;timeout;rx_timeout;0;0;0;0;0;0
[RECV] BSDC91 notify: CR;1;58849;cal_roto;5;G;timeout;rx_timeout;0;0;0;0;0;0
[RECV] BSDC91 notify: CR;1;58849;cal_roto;5;E;timeout;rx_timeout;0;0;0;0;0;0
[RECV] BSDC91 notify: CF;1;58849;cal_roto;5;pending;0;4;0;0;0;0
[RECV] BSDC91 notify: CS;1;58849;cal_roto;5;0;B,D,G,E;timeout,timeout,timeout,timeout;0,0,0,0
[RECV] BS2DCE notify: CM;1;55236;1;timeout;0;0;0;0;119|CM;1;55236;4;timeout;0;0;0;0;119|CM;1;55236;6;timeout;0;0;0;0;119
[RECV] BS2DCE notify: CR;1;55237;cal_roto;5;D;timeout;rx_timeout;0;0;0;0;0;0
[RECV] BS2DCE notify: CR;1;55237;cal_roto;5;B;timeout;rx_timeout;0;0;0;0;0;0
[RECV] BS2DCE notify: CR;1;55237;cal_roto;5;E;timeout;rx_timeout;0;0;0;0;0;0
[RECV] BS2DCE notify: CR;1;55237;cal_roto;5;G;timeout;rx_timeout;0;0;0;0;0;0
[RECV] BS2DCE notify: CF;1;55237;cal_roto;5;pending;0;4;0;0;0;0
[RECV] BS2DCE notify: CS;1;55237;cal_roto;5;0;D,B,E,G;timeout,timeout,timeout,timeout;0,0,0,0
[RECV] BSDC91 notify: CM;1;58849;1;timeout;0;0;0;0;122|CM;1;58849;3;timeout;0;0;0;0;122|CM;1;58849;4;timeout;0;0;0;0;122
[RECV] BS2DCE notify: CM;1;55237;1;timeout;0;0;0;0;120|CM;1;55237;3;timeout;0;0;0;0;120|CM;1;55237;4;timeout;0;0;0;0;120
[RECV] BSDC91 notify: CR;1;58850;cal_roto;5;B;timeout;rx_timeout;0;0;0;0;0;0
[RECV] BSDC91 notify: CR;1;58850;cal_roto;5;D;timeout;rx_timeout;0;0;0;0;0;0
[RECV] BSDC91 notify: CR;1;58850;cal_roto;5;E;timeout;rx_timeout;0;0;0;0;0;0
[RECV] BSDC91 notify: CR;1;58850;cal_roto;5;G;timeout;rx_timeout;0;0;0;0;0;0
[RECV] BSDC91 notify: CF;1;58850;cal_roto;5;pending;0;4;0;0;0;0
>>> device kind anchor
OTA NUS stage: disabled
[RECV] One-shot NUS command cleared (runtime)
[RECV] Mode switch preflight: disconnect requests=3
[RECV] device kind set: anchor (OTA target defaults reset)
[RECV] Master discovery mode: CONN & START
[RECV] Peer clear wait: waited=0 conn_count=3 ready_count=0
[RECV] Peer clear wait timeout: conn_count=3 ready_count=0
[RECV] SCAN start req: bt_ready=1 scan_running=0 connecting_slot=-1 conn_count=3 target=anchor prefix=ANCHOR-
[RECV] Scanning for ANCHOR-*
[RECV] System target: kind=anchor caps=0x0b (config=1 ota=1 stream=0 status=1)
OTA target filter: token=-1 name=- prefix=BS uuid=-
[RECV] Disconnected[1]: FC:9A:15:34:AB:20 (random) reason=0x16 link=nus ready=1
[RECV] CFG send failed[0]: tag=1 slot=0 err=-128
[RECV] TDMA weighted[0]: bs=BS2DCE profile=roto target=10Hz mask=0x0129 slots=4/10 actual_x100=1000 epoch_delay=3000
[RECV] CFG send failed[2]: tag=2 slot=1 err=-128
[RECV] TDMA weighted[1]: bs=BSDC91 profile=roto target=10Hz mask=0x0252 slots=4/10 actual_x100=1000 epoch_delay=2999
[RECV] Disconnected[2]: D5:53:48:EF:8F:59 (random) reason=0x16 link=nus ready=1
[RECV] CFG send failed[0]: tag=1 slot=0 err=-128
[RECV] TDMA weighted[0]: bs=BS2DCE profile=roto target=10Hz mask=0x0129 slots=4/10 actual_x100=1000 epoch_delay=3000
[RECV] Disconnected[0]: FF:5E:D2:80:EA:D2 (random) reason=0x16 link=nus ready=1
VERIFY: enter AUTOPOS attempt=1/3
>>> mode autopos
[AUTOPOS] Control mode staged: AUTOPOS
[AUTOPOS] Master discovery mode: CONN & START
[AUTOPOS] Peer clear wait: waited=0 conn_count=0 ready_count=0
[AUTOPOS] SCAN start req: bt_ready=1 scan_running=0 connecting_slot=-1 conn_count=0 target=anchor prefix=ANCHOR-
[AUTOPOS] Scanning for ANCHOR-*
[AUTOPOS] AUTOPOS: mode=AUTOPOS state=idle staged=- last_success=- sets=0 error=-
[AUTOPOS] SCAN hit: EC:9F:55:9D:7E:A1 (random) rssi=-64 name=- bs=- uuid=B3087BC3D87CCCD316AEDC6B71D6677F target=anchor uuid_ok=1 tag_name=0 anchor_name=0 nus=0 dfu=0 token=0 props=0x03
[AUTOPOS] CONNECT queue[0]: addr=EC:9F:55:9D:7E:A1 (random) link=anchor-ctrl uuid=B3087BC3D87CCCD316AEDC6B71D6677F target=anchor
[AUTOPOS] SCAN hit: FD:64:2E:93:37:86 (random) rssi=-78 name=- bs=- uuid=CEE5A7EFCB35F8A56B430047629F5309 target=anchor uuid_ok=1 tag_name=0 anchor_name=0 nus=0 dfu=0 token=0 props=0x03
[AUTOPOS] CONNECT queue[1]: addr=FD:64:2E:93:37:86 (random) link=anchor-ctrl uuid=CEE5A7EFCB35F8A56B430047629F5309 target=anchor
[AUTOPOS] SCAN hit: D9:C7:9C:16:71:C9 (random) rssi=-63 name=- bs=- uuid=A892AF05DD59CF0D0D3408AD74F364A1 target=anchor uuid_ok=1 tag_name=0 anchor_name=0 nus=0 dfu=0 token=0 props=0x03
[AUTOPOS] CONNECT queue[2]: addr=D9:C7:9C:16:71:C9 (random) link=anchor-ctrl uuid=A892AF05DD59CF0D0D3408AD74F364A1 target=anchor
[AUTOPOS] SCAN hit: E3:77:2C:61:AA:19 (random) rssi=-77 name=- bs=- uuid=1EABFBEC28B8053FBB0D5C448112AE93 target=anchor uuid_ok=1 tag_name=0 anchor_name=0 nus=0 dfu=0 token=0 props=0x03
[AUTOPOS] CONNECT queue[3]: addr=E3:77:2C:61:AA:19 (random) link=anchor-ctrl uuid=1EABFBEC28B8053FBB0D5C448112AE93 target=anchor
[AUTOPOS] SCAN hit: C0:1D:D1:D0:CE:B0 (random) rssi=-77 name=- bs=- uuid=B9179575C776C98F1CB132DD6EDC6223 target=anchor uuid_ok=1 tag_name=0 anchor_name=0 nus=0 dfu=0 token=0 props=0x03
[AUTOPOS] CONNECT queue[4]: addr=C0:1D:D1:D0:CE:B0 (random) link=anchor-ctrl uuid=B9179575C776C98F1CB132DD6EDC6223 target=anchor
[AUTOPOS] CONNECT pending[0]: addr_valid=1 link=anchor-ctrl uuid=B3087BC3D87CCCD316AEDC6B71D6677F scan_running=1 conn_count=0
[AUTOPOS] CONNECT pending[0]: bt_le_scan_stop rc=0 scan_running=1
[AUTOPOS] CONNECT pending[0] rc=0 conn=0x20002020
[AUTOPOS] Connected[0]: EC:9F:55:9D:7E:A1 (random) name=- bs=-
[AUTOPOS] CONNECT state[0]: link=anchor-ctrl uuid=B3087BC3D87CCCD316AEDC6B71D6677F ready=0 conn=0x20002020
SETUP[0] defer: waiting 896 ms before discovery start
SETUP[0] defer: waiting 845 ms before discovery start
SETUP[0] defer: waiting 795 ms before discovery start
SETUP[0] defer: waiting 745 ms before discovery start
SETUP[0] defer: waiting 694 ms before discovery start
SETUP[0] defer: waiting 644 ms before discovery start
SETUP[0] defer: waiting 594 ms before discovery start
SETUP[0] defer: waiting 543 ms before discovery start
SETUP[0] defer: waiting 493 ms before discovery start
SETUP[0] defer: waiting 443 ms before discovery start
SETUP[0] defer: waiting 392 ms before discovery start
SETUP[0] defer: waiting 342 ms before discovery start
SETUP[0] defer: waiting 292 ms before discovery start
SETUP[0] defer: waiting 242 ms before discovery start
SETUP[0] defer: waiting 191 ms before discovery start
SETUP[0] defer: waiting 141 ms before discovery start
SETUP[0] defer: waiting 91 ms before discovery start
SETUP[0] defer: waiting 40 ms before discovery start
SETUP[0] begin: link=anchor-ctrl uuid=B3087BC3D87CCCD316AEDC6B71D6677F conn=0x20002020
SETUP[0] mtu_exchange rc=0
SETUP[0] phy_update rc=0
SETUP[0] conn_param_update rc=0
[AUTOPOS] DISC start[0]: link=anchor-ctrl uuid=B3087BC3D87CCCD316AEDC6B71D6677F conn=0x20002020
[AUTOPOS] MTU exchange[0] done (498)
[AUTOPOS] Conn param updated[0]: int=6 lat=0 to=400
[AUTOPOS] PHY updated[0]: tx=0x2 rx=0x2
[AUTOPOS] DISC complete[0]: link=anchor-ctrl discovered_service=2800 uuid=B3087BC3D87CCCD316AEDC6B71D6677F
[AUTOPOS] DISC anchor service found[0]: uuid=B3087BC3D87CCCD316AEDC6B71D6677F
[AUTOPOS] Anchor ctrl state subscribe[0] rc=0
[AUTOPOS] Anchor ctrl result subscribe[0] rc=0
[AUTOPOS] ANCHOR_CTRL[0] link ready handle=0x0019 result=0x001b uuid=B3087BC3D87CCCD316AEDC6B71D6677F
[AUTOPOS] CONNECT pending[1]: addr_valid=1 link=anchor-ctrl uuid=CEE5A7EFCB35F8A56B430047629F5309 scan_running=0 conn_count=1
[AUTOPOS] CONNECT pending[1] rc=0 conn=0x200020f0
[AUTOPOS] Connected[1]: FD:64:2E:93:37:86 (random) name=- bs=-
[AUTOPOS] CONNECT state[1]: link=anchor-ctrl uuid=CEE5A7EFCB35F8A56B430047629F5309 ready=0 conn=0x200020f0
SETUP[1] defer: waiting 866 ms before discovery start
[AUTOPOS] Disconnected[1]: FD:64:2E:93:37:86 (random) reason=0x3e link=anchor-ctrl ready=0
[AUTOPOS] SCAN start req: bt_ready=1 scan_running=0 connecting_slot=-1 conn_count=1 target=anchor prefix=ANCHOR-
[AUTOPOS] Scanning for ANCHOR-*
[AUTOPOS] CONNECT pending[2]: addr_valid=1 link=anchor-ctrl uuid=A892AF05DD59CF0D0D3408AD74F364A1 scan_running=1 conn_count=1
[AUTOPOS] CONNECT pending[2]: bt_le_scan_stop rc=0 scan_running=1
[AUTOPOS] CONNECT pending[2] rc=0 conn=0x200021c0
[AUTOPOS] Connected[2]: D9:C7:9C:16:71:C9 (random) name=- bs=-
[AUTOPOS] CONNECT state[2]: link=anchor-ctrl uuid=A892AF05DD59CF0D0D3408AD74F364A1 ready=0 conn=0x200021c0
SETUP[2] defer: waiting 860 ms before discovery start
SETUP[2] defer: waiting 810 ms before discovery start
SETUP[2] defer: waiting 760 ms before discovery start
SETUP[2] defer: waiting 709 ms before discovery start
SETUP[2] defer: waiting 659 ms before discovery start
SETUP[2] defer: waiting 609 ms before discovery start
SETUP[2] defer: waiting 558 ms before discovery start
SETUP[2] defer: waiting 508 ms before discovery start
SETUP[2] defer: waiting 458 ms before discovery start
SETUP[2] defer: waiting 407 ms before discovery start
SETUP[2] defer: waiting 357 ms before discovery start
SETUP[2] defer: waiting 307 ms before discovery start
SETUP[2] defer: waiting 256 ms before discovery start
SETUP[2] defer: waiting 206 ms before discovery start
SETUP[2] defer: waiting 156 ms before discovery start
SETUP[2] defer: waiting 105 ms before discovery start
SETUP[2] defer: waiting 55 ms before discovery start
SETUP[2] defer: waiting 5 ms before discovery start
SETUP[2] begin: link=anchor-ctrl uuid=A892AF05DD59CF0D0D3408AD74F364A1 conn=0x200021c0
SETUP[2] mtu_exchange rc=0
SETUP[2] phy_update rc=0
SETUP[2] conn_param_update rc=0
[AUTOPOS] DISC start[2]: link=anchor-ctrl uuid=A892AF05DD59CF0D0D3408AD74F364A1 conn=0x200021c0
[AUTOPOS] MTU exchange[2] done (498)
[AUTOPOS] Conn param updated[2]: int=6 lat=0 to=400
[AUTOPOS] PHY updated[2]: tx=0x2 rx=0x2
[AUTOPOS] DISC complete[2]: link=anchor-ctrl discovered_service=2800 uuid=A892AF05DD59CF0D0D3408AD74F364A1
[AUTOPOS] DISC anchor service found[2]: uuid=A892AF05DD59CF0D0D3408AD74F364A1
[AUTOPOS] Anchor ctrl state subscribe[2] rc=0
[AUTOPOS] Anchor ctrl result subscribe[2] rc=0
[AUTOPOS] ANCHOR_CTRL[2] link ready handle=0x0019 result=0x001b uuid=A892AF05DD59CF0D0D3408AD74F364A1
[AUTOPOS] CONNECT pending[3]: addr_valid=1 link=anchor-ctrl uuid=1EABFBEC28B8053FBB0D5C448112AE93 scan_running=0 conn_count=2
[AUTOPOS] CONNECT pending[3] rc=0 conn=0x200020f0
[AUTOPOS] Connected[3]: E3:77:2C:61:AA:19 (random) name=- bs=-
[AUTOPOS] CONNECT state[3]: link=anchor-ctrl uuid=1EABFBEC28B8053FBB0D5C448112AE93 ready=0 conn=0x200020f0
SETUP[3] defer: waiting 858 ms before discovery start
SETUP[3] defer: waiting 807 ms before discovery start
SETUP[3] defer: waiting 757 ms before discovery start
SETUP[3] defer: waiting 707 ms before discovery start
SETUP[3] defer: waiting 656 ms before discovery start
SETUP[3] defer: waiting 606 ms before discovery start
SETUP[3] defer: waiting 556 ms before discovery start
SETUP[3] defer: waiting 505 ms before discovery start
SETUP[3] defer: waiting 455 ms before discovery start
SETUP[3] defer: waiting 405 ms before discovery start
SETUP[3] defer: waiting 354 ms before discovery start
SETUP[3] defer: waiting 304 ms before discovery start
SETUP[3] defer: waiting 254 ms before discovery start
SETUP[3] defer: waiting 204 ms before discovery start
SETUP[3] defer: waiting 153 ms before discovery start
SETUP[3] defer: waiting 103 ms before discovery start
SETUP[3] defer: waiting 53 ms before discovery start
SETUP[3] defer: waiting 2 ms before discovery start
SETUP[3] begin: link=anchor-ctrl uuid=1EABFBEC28B8053FBB0D5C448112AE93 conn=0x200020f0
SETUP[3] mtu_exchange rc=0
SETUP[3] phy_update rc=0
SETUP[3] conn_param_update rc=0
[AUTOPOS] DISC start[3]: link=anchor-ctrl uuid=1EABFBEC28B8053FBB0D5C448112AE93 conn=0x200020f0
[AUTOPOS] MTU exchange[3] done (498)
[AUTOPOS] Conn param updated[3]: int=6 lat=0 to=400
[AUTOPOS] PHY updated[3]: tx=0x2 rx=0x2
[AUTOPOS] DISC complete[3]: link=anchor-ctrl discovered_service=2800 uuid=1EABFBEC28B8053FBB0D5C448112AE93
[AUTOPOS] DISC anchor service found[3]: uuid=1EABFBEC28B8053FBB0D5C448112AE93
[AUTOPOS] Anchor ctrl state subscribe[3] rc=0
[AUTOPOS] Anchor ctrl result subscribe[3] rc=0
[AUTOPOS] ANCHOR_CTRL[3] link ready handle=0x0019 result=0x001b uuid=1EABFBEC28B8053FBB0D5C448112AE93
[AUTOPOS] CONNECT pending[4]: addr_valid=1 link=anchor-ctrl uuid=B9179575C776C98F1CB132DD6EDC6223 scan_running=0 conn_count=3
[AUTOPOS] CONNECT pending[4] rc=0 conn=0x20002290
[AUTOPOS] Connected[4]: C0:1D:D1:D0:CE:B0 (random) name=- bs=-
[AUTOPOS] CONNECT state[4]: link=anchor-ctrl uuid=B9179575C776C98F1CB132DD6EDC6223 ready=0 conn=0x20002290
SETUP[4] defer: waiting 861 ms before discovery start
[AUTOPOS] Disconnected[4]: C0:1D:D1:D0:CE:B0 (random) reason=0x3e link=anchor-ctrl ready=0
[AUTOPOS] SCAN start req: bt_ready=1 scan_running=0 connecting_slot=-1 conn_count=3 target=anchor prefix=ANCHOR-
[AUTOPOS] Scanning for ANCHOR-*
[AUTOPOS] Conn param updated[0]: int=6 lat=0 to=400
[AUTOPOS] SCAN hit: F2:B7:4E:8A:79:01 (random) rssi=-61 name=- bs=- uuid=4DC6B8187E33803AE8601FB0D7992B96 target=anchor uuid_ok=1 tag_name=0 anchor_name=0 nus=0 dfu=0 token=0 props=0x03
[AUTOPOS] CONNECT queue[1]: addr=F2:B7:4E:8A:79:01 (random) link=anchor-ctrl uuid=4DC6B8187E33803AE8601FB0D7992B96 target=anchor
[AUTOPOS] SCAN hit: F1:B3:DF:83:B1:C9 (random) rssi=-72 name=- bs=- uuid=AB14CCA262A092E70EB26B0ACB0A394B target=anchor uuid_ok=1 tag_name=0 anchor_name=0 nus=0 dfu=0 token=0 props=0x03
[AUTOPOS] CONNECT queue[4]: addr=F1:B3:DF:83:B1:C9 (random) link=anchor-ctrl uuid=AB14CCA262A092E70EB26B0ACB0A394B target=anchor
[AUTOPOS] SCAN hit: C0:1D:D1:D0:CE:B0 (random) rssi=-82 name=- bs=- uuid=B9179575C776C98F1CB132DD6EDC6223 target=anchor uuid_ok=1 tag_name=0 anchor_name=0 nus=0 dfu=0 token=0 props=0x03
[AUTOPOS] CONNECT queue[5]: addr=C0:1D:D1:D0:CE:B0 (random) link=anchor-ctrl uuid=B9179575C776C98F1CB132DD6EDC6223 target=anchor
[AUTOPOS] CONNECT pending[1]: addr_valid=1 link=anchor-ctrl uuid=4DC6B8187E33803AE8601FB0D7992B96 scan_running=1 conn_count=3
[AUTOPOS] CONNECT pending[1]: bt_le_scan_stop rc=0 scan_running=1
[AUTOPOS] CONNECT pending[1] rc=0 conn=0x20002290
[AUTOPOS] Connected[1]: F2:B7:4E:8A:79:01 (random) name=- bs=-
[AUTOPOS] CONNECT state[1]: link=anchor-ctrl uuid=4DC6B8187E33803AE8601FB0D7992B96 ready=0 conn=0x20002290
SETUP[1] defer: waiting 861 ms before discovery start
SETUP[1] defer: waiting 811 ms before discovery start
SETUP[1] defer: waiting 761 ms before discovery start
SETUP[1] defer: waiting 710 ms before discovery start
SETUP[1] defer: waiting 660 ms before discovery start
SETUP[1] defer: waiting 610 ms before discovery start
SETUP[1] defer: waiting 559 ms before discovery start
SETUP[1] defer: waiting 509 ms before discovery start
SETUP[1] defer: waiting 459 ms before discovery start
SETUP[1] defer: waiting 408 ms before discovery start
SETUP[1] defer: waiting 358 ms before discovery start
SETUP[1] defer: waiting 308 ms before discovery start
SETUP[1] defer: waiting 257 ms before discovery start
SETUP[1] defer: waiting 207 ms before discovery start
SETUP[1] defer: waiting 157 ms before discovery start
SETUP[1] defer: waiting 106 ms before discovery start
SETUP[1] defer: waiting 56 ms before discovery start
SETUP[1] defer: waiting 6 ms before discovery start
SETUP[1] begin: link=anchor-ctrl uuid=4DC6B8187E33803AE8601FB0D7992B96 conn=0x20002290
SETUP[1] mtu_exchange rc=0
SETUP[1] phy_update rc=0
SETUP[1] conn_param_update rc=0
[AUTOPOS] DISC start[1]: link=anchor-ctrl uuid=4DC6B8187E33803AE8601FB0D7992B96 conn=0x20002290
[AUTOPOS] MTU exchange[1] done (498)
[AUTOPOS] Conn param updated[2]: int=6 lat=0 to=400
[AUTOPOS] Conn param updated[1]: int=6 lat=0 to=400
[AUTOPOS] PHY updated[1]: tx=0x2 rx=0x2
[AUTOPOS] DISC complete[1]: link=anchor-ctrl discovered_service=2800 uuid=4DC6B8187E33803AE8601FB0D7992B96
[AUTOPOS] DISC anchor service found[1]: uuid=4DC6B8187E33803AE8601FB0D7992B96
[AUTOPOS] Anchor ctrl state subscribe[1] rc=0
[AUTOPOS] Anchor ctrl result subscribe[1] rc=0
[AUTOPOS] ANCHOR_CTRL[1] link ready handle=0x0019 result=0x001b uuid=4DC6B8187E33803AE8601FB0D7992B96
[AUTOPOS] CONNECT pending[4]: addr_valid=1 link=anchor-ctrl uuid=AB14CCA262A092E70EB26B0ACB0A394B scan_running=0 conn_count=4
[AUTOPOS] CONNECT pending[4] rc=0 conn=0x20002360
[AUTOPOS] Connected[4]: F1:B3:DF:83:B1:C9 (random) name=- bs=-
[AUTOPOS] CONNECT state[4]: link=anchor-ctrl uuid=AB14CCA262A092E70EB26B0ACB0A394B ready=0 conn=0x20002360
SETUP[4] defer: waiting 865 ms before discovery start
SETUP[4] defer: waiting 815 ms before discovery start
SETUP[4] defer: waiting 764 ms before discovery start
SETUP[4] defer: waiting 714 ms before discovery start
SETUP[4] defer: waiting 664 ms before discovery start
SETUP[4] defer: waiting 613 ms before discovery start
SETUP[4] defer: waiting 563 ms before discovery start
SETUP[4] defer: waiting 513 ms before discovery start
SETUP[4] defer: waiting 462 ms before discovery start
SETUP[4] defer: waiting 412 ms before discovery start
SETUP[4] defer: waiting 362 ms before discovery start
SETUP[4] defer: waiting 312 ms before discovery start
[AUTOPOS] Conn param updated[3]: int=6 lat=0 to=400
SETUP[4] defer: waiting 261 ms before discovery start
SETUP[4] defer: waiting 211 ms before discovery start
SETUP[4] defer: waiting 161 ms before discovery start
SETUP[4] defer: waiting 110 ms before discovery start
SETUP[4] defer: waiting 60 ms before discovery start
SETUP[4] defer: waiting 10 ms before discovery start
SETUP[4] begin: link=anchor-ctrl uuid=AB14CCA262A092E70EB26B0ACB0A394B conn=0x20002360
SETUP[4] mtu_exchange rc=0
SETUP[4] phy_update rc=0
SETUP[4] conn_param_update rc=0
[AUTOPOS] DISC start[4]: link=anchor-ctrl uuid=AB14CCA262A092E70EB26B0ACB0A394B conn=0x20002360
[AUTOPOS] MTU exchange[4] done (498)
[AUTOPOS] Conn param updated[4]: int=6 lat=0 to=400
[AUTOPOS] PHY updated[4]: tx=0x2 rx=0x2
[AUTOPOS] DISC complete[4]: link=anchor-ctrl discovered_service=2800 uuid=AB14CCA262A092E70EB26B0ACB0A394B
[AUTOPOS] DISC anchor service found[4]: uuid=AB14CCA262A092E70EB26B0ACB0A394B
[AUTOPOS] Anchor ctrl state subscribe[4] rc=0
[AUTOPOS] Anchor ctrl result subscribe[4] rc=0
[AUTOPOS] ANCHOR_CTRL[4] link ready handle=0x0019 result=0x001b uuid=AB14CCA262A092E70EB26B0ACB0A394B
[AUTOPOS] CONNECT pending[5]: addr_valid=1 link=anchor-ctrl uuid=B9179575C776C98F1CB132DD6EDC6223 scan_running=0 conn_count=5
[AUTOPOS] CONNECT pending[5] rc=0 conn=0x20002430
[AUTOPOS] Connected[5]: C0:1D:D1:D0:CE:B0 (random) name=- bs=-
[AUTOPOS] CONNECT state[5]: link=anchor-ctrl uuid=B9179575C776C98F1CB132DD6EDC6223 ready=0 conn=0x20002430
SETUP[5] defer: waiting 877 ms before discovery start
[AUTOPOS] Disconnected[5]: C0:1D:D1:D0:CE:B0 (random) reason=0x3e link=anchor-ctrl ready=0
[AUTOPOS] SCAN start req: bt_ready=1 scan_running=0 connecting_slot=-1 conn_count=5 target=anchor prefix=ANCHOR-
[AUTOPOS] Scanning for ANCHOR-*
[AUTOPOS] SCAN hit: C0:1D:D1:D0:CE:B0 (random) rssi=-80 name=- bs=- uuid=B9179575C776C98F1CB132DD6EDC6223 target=anchor uuid_ok=1 tag_name=0 anchor_name=0 nus=0 dfu=0 token=0 props=0x03
[AUTOPOS] CONNECT queue[5]: addr=C0:1D:D1:D0:CE:B0 (random) link=anchor-ctrl uuid=B9179575C776C98F1CB132DD6EDC6223 target=anchor
[AUTOPOS] CONNECT pending[5]: addr_valid=1 link=anchor-ctrl uuid=B9179575C776C98F1CB132DD6EDC6223 scan_running=1 conn_count=5
[AUTOPOS] CONNECT pending[5]: bt_le_scan_stop rc=0 scan_running=1
[AUTOPOS] CONNECT pending[5] rc=0 conn=0x20002430
[AUTOPOS] Connected[5]: C0:1D:D1:D0:CE:B0 (random) name=- bs=-
[AUTOPOS] CONNECT state[5]: link=anchor-ctrl uuid=B9179575C776C98F1CB132DD6EDC6223 ready=0 conn=0x20002430
[AUTOPOS] Disconnected[5]: C0:1D:D1:D0:CE:B0 (random) reason=0x3e link=anchor-ctrl ready=0
[AUTOPOS] SCAN start req: bt_ready=1 scan_running=0 connecting_slot=-1 conn_count=5 target=anchor prefix=ANCHOR-
[AUTOPOS] Scanning for ANCHOR-*
[AUTOPOS] Conn param updated[1]: int=6 lat=0 to=400
>>> status
[AUTOPOS] Control status: mode=AUTOPOS pending=0
[AUTOPOS] SCAN hit: E9:CB:F3:C4:51:43 (random) rssi=-61 name=- bs=- uuid=840C68591E90019821AACFF1B73AAA34 target=anchor uuid_ok=1 tag_name=0 anchor_name=0 nus=0 dfu=0 token=0 props=0x03
[AUTOPOS] CONNECT queue[5]: addr=E9:CB:F3:C4:51:43 (random) link=anchor-ctrl uuid=840C68591E90019821AACFF1B73AAA34 target=anchor
[AUTOPOS] CONNECT pending[5]: addr_valid=1 link=anchor-ctrl uuid=840C68591E90019821AACFF1B73AAA34 scan_running=1 conn_count=5
[AUTOPOS] CONNECT pending[5]: bt_le_scan_stop rc=0 scan_running=1
[AUTOPOS] CONNECT pending[5] rc=0 conn=0x20002430
[AUTOPOS] Connected[5]: E9:CB:F3:C4:51:43 (random) name=- bs=-
[AUTOPOS] CONNECT state[5]: link=anchor-ctrl uuid=840C68591E90019821AACFF1B73AAA34 ready=0 conn=0x20002430
SETUP[5] defer: waiting 899 ms before discovery start
[AUTOPOS] Disconnected[5]: E9:CB:F3:C4:51:43 (random) reason=0x3e link=anchor-ctrl ready=0
[AUTOPOS] SCAN start req: bt_ready=1 scan_running=0 connecting_slot=-1 conn_count=5 target=anchor prefix=ANCHOR-
[AUTOPOS] Scanning for ANCHOR-*
[AUTOPOS] SCAN hit: C0:1D:D1:D0:CE:B0 (random) rssi=-84 name=- bs=- uuid=B9179575C776C98F1CB132DD6EDC6223 target=anchor uuid_ok=1 tag_name=0 anchor_name=0 nus=0 dfu=0 token=0 props=0x03
[AUTOPOS] CONNECT queue[5]: addr=C0:1D:D1:D0:CE:B0 (random) link=anchor-ctrl uuid=B9179575C776C98F1CB132DD6EDC6223 target=anchor
[AUTOPOS] CONNECT pending[5]: addr_valid=1 link=anchor-ctrl uuid=B9179575C776C98F1CB132DD6EDC6223 scan_running=1 conn_count=5
[AUTOPOS] CONNECT pending[5]: bt_le_scan_stop rc=0 scan_running=1
[AUTOPOS] CONNECT pending[5] rc=0 conn=0x20002430
VERIFY: AUTOPOS anchor control plane active
>>> autopos map A 4DC6B8187E33803AE8601FB0D7992B96
[AUTOPOS] AUTOPOS map set: A=4DC6B8187E33803AE8601FB0D7992B96
[AUTOPOS] Connected[5]: C0:1D:D1:D0:CE:B0 (random) name=- bs=-
[AUTOPOS] CONNECT state[5]: link=anchor-ctrl uuid=B9179575C776C98F1CB132DD6EDC6223 ready=0 conn=0x20002430
SETUP[5] defer: waiting 855 ms before discovery start
SETUP[5] defer: waiting 804 ms before discovery start
SETUP[5] defer: waiting 754 ms before discovery start
SETUP[5] defer: waiting 704 ms before discovery start
SETUP[5] defer: waiting 653 ms before discovery start
SETUP[5] defer: waiting 603 ms before discovery start
SETUP[5] defer: waiting 553 ms before discovery start
SETUP[5] defer: waiting 502 ms before discovery start
SETUP[5] defer: waiting 452 ms before discovery start
SETUP[5] defer: waiting 402 ms before discovery start
SETUP[5] defer: waiting 351 ms before discovery start
SETUP[5] defer: waiting 301 ms before discovery start
SETUP[5] defer: waiting 251 ms before discovery start
SETUP[5] defer: waiting 200 ms before discovery start
>>> autopos map B B9179575C776C98F1CB132DD6EDC6223
[AUTOPOS] AUTOPOS map set: B=B9179575C776C98F1CB132DD6EDC6223
SETUP[5] defer: waiting 150 ms before discovery start
[AUTOPOS] Conn param updated[4]: int=6 lat=0 to=400
SETUP[5] defer: waiting 100 ms before discovery start
SETUP[5] defer: waiting 49 ms before discovery start
SETUP[5] begin: link=anchor-ctrl uuid=B9179575C776C98F1CB132DD6EDC6223 conn=0x20002430
SETUP[5] mtu_exchange rc=0
SETUP[5] phy_update rc=0
SETUP[5] conn_param_update rc=0
[AUTOPOS] DISC start[5]: link=anchor-ctrl uuid=B9179575C776C98F1CB132DD6EDC6223 conn=0x20002430
[AUTOPOS] MTU exchange[5] done (498)
[AUTOPOS] Conn param updated[5]: int=6 lat=0 to=400
[AUTOPOS] PHY updated[5]: tx=0x2 rx=0x2
>>> autopos map C CEE5A7EFCB35F8A56B430047629F5309
[AUTOPOS] AUTOPOS map set: C=CEE5A7EFCB35F8A56B430047629F5309
[AUTOPOS] DISC complete[5]: link=anchor-ctrl discovered_service=2800 uuid=B9179575C776C98F1CB132DD6EDC6223
[AUTOPOS] DISC anchor service found[5]: uuid=B9179575C776C98F1CB132DD6EDC6223
[AUTOPOS] Anchor ctrl state subscribe[5] rc=0
[AUTOPOS] Anchor ctrl result subscribe[5] rc=0
[AUTOPOS] ANCHOR_CTRL[5] link ready handle=0x0019 result=0x001b uuid=B9179575C776C98F1CB132DD6EDC6223
[AUTOPOS] SCAN start req: bt_ready=1 scan_running=0 connecting_slot=-1 conn_count=6 target=anchor prefix=ANCHOR-
[AUTOPOS] Scanning for ANCHOR-*
>>> autopos map D AB14CCA262A092E70EB26B0ACB0A394B
[AUTOPOS] AUTOPOS map set: D=AB14CCA262A092E70EB26B0ACB0A394B
[AUTOPOS] SCAN hit: FD:64:2E:93:37:86 (random) rssi=-74 name=- bs=- uuid=CEE5A7EFCB35F8A56B430047629F5309 target=anchor uuid_ok=1 tag_name=0 anchor_name=0 nus=0 dfu=0 token=0 props=0x03
[AUTOPOS] CONNECT queue[6]: addr=FD:64:2E:93:37:86 (random) link=anchor-ctrl uuid=CEE5A7EFCB35F8A56B430047629F5309 target=anchor
[AUTOPOS] CONNECT pending[6]: addr_valid=1 link=anchor-ctrl uuid=CEE5A7EFCB35F8A56B430047629F5309 scan_running=1 conn_count=6
[AUTOPOS] CONNECT pending[6]: bt_le_scan_stop rc=0 scan_running=1
[AUTOPOS] CONNECT pending[6] rc=0 conn=0x20002500
[AUTOPOS] Connected[6]: FD:64:2E:93:37:86 (random) name=- bs=-
[AUTOPOS] CONNECT state[6]: link=anchor-ctrl uuid=CEE5A7EFCB35F8A56B430047629F5309 ready=0 conn=0x20002500
SETUP[6] defer: waiting 879 ms before discovery start
[AUTOPOS] Disconnected[6]: FD:64:2E:93:37:86 (random) reason=0x3e link=anchor-ctrl ready=0
[AUTOPOS] SCAN start req: bt_ready=1 scan_running=0 connecting_slot=-1 conn_count=6 target=anchor prefix=ANCHOR-
[AUTOPOS] Scanning for ANCHOR-*
>>> autopos map E A892AF05DD59CF0D0D3408AD74F364A1
[AUTOPOS] AUTOPOS map set: E=A892AF05DD59CF0D0D3408AD74F364A1
[AUTOPOS] SCAN hit: E9:CB:F3:C4:51:43 (random) rssi=-61 name=- bs=- uuid=840C68591E90019821AACFF1B73AAA34 target=anchor uuid_ok=1 tag_name=0 anchor_name=0 nus=0 dfu=0 token=0 props=0x03
[AUTOPOS] CONNECT queue[6]: addr=E9:CB:F3:C4:51:43 (random) link=anchor-ctrl uuid=840C68591E90019821AACFF1B73AAA34 target=anchor
[AUTOPOS] CONNECT pending[6]: addr_valid=1 link=anchor-ctrl uuid=840C68591E90019821AACFF1B73AAA34 scan_running=1 conn_count=6
[AUTOPOS] CONNECT pending[6]: bt_le_scan_stop rc=0 scan_running=1
[AUTOPOS] CONNECT pending[6] rc=0 conn=0x20002500
>>> autopos map F 840C68591E90019821AACFF1B73AAA34
[AUTOPOS] AUTOPOS map set: F=840C68591E90019821AACFF1B73AAA34
[AUTOPOS] Connected[6]: E9:CB:F3:C4:51:43 (random) name=- bs=-
[AUTOPOS] CONNECT state[6]: link=anchor-ctrl uuid=840C68591E90019821AACFF1B73AAA34 ready=0 conn=0x20002500
SETUP[6] defer: waiting 871 ms before discovery start
SETUP[6] defer: waiting 821 ms before discovery start
SETUP[6] defer: waiting 770 ms before discovery start
SETUP[6] defer: waiting 720 ms before discovery start
SETUP[6] defer: waiting 670 ms before discovery start
SETUP[6] defer: waiting 620 ms before discovery start
SETUP[6] defer: waiting 569 ms before discovery start
SETUP[6] defer: waiting 519 ms before discovery start
SETUP[6] defer: waiting 469 ms before discovery start
SETUP[6] defer: waiting 418 ms before discovery start
SETUP[6] defer: waiting 368 ms before discovery start
SETUP[6] defer: waiting 318 ms before discovery start
>>> autopos map G B3087BC3D87CCCD316AEDC6B71D6677F
[AUTOPOS] AUTOPOS map set: G=B3087BC3D87CCCD316AEDC6B71D6677F
SETUP[6] defer: waiting 267 ms before discovery start
SETUP[6] defer: waiting 217 ms before discovery start
SETUP[6] defer: waiting 167 ms before discovery start
[AUTOPOS] Conn param updated[5]: int=6 lat=0 to=400
SETUP[6] defer: waiting 116 ms before discovery start
SETUP[6] defer: waiting 66 ms before discovery start
SETUP[6] defer: waiting 16 ms before discovery start
SETUP[6] begin: link=anchor-ctrl uuid=840C68591E90019821AACFF1B73AAA34 conn=0x20002500
SETUP[6] mtu_exchange rc=0
SETUP[6] phy_update rc=0
SETUP[6] conn_param_update rc=0
[AUTOPOS] DISC start[6]: link=anchor-ctrl uuid=840C68591E90019821AACFF1B73AAA34 conn=0x20002500
[AUTOPOS] MTU exchange[6] done (498)
[AUTOPOS] Conn param updated[6]: int=6 lat=0 to=400
[AUTOPOS] PHY updated[6]: tx=0x2 rx=0x2
>>> autopos map H 1EABFBEC28B8053FBB0D5C448112AE93
[AUTOPOS] AUTOPOS map set: H=1EABFBEC28B8053FBB0D5C448112AE93
VERIFY: start anchor discovery/control links
>>> conn
[AUTOPOS] Master discovery mode: CONN & START
[AUTOPOS] SCAN start req: bt_ready=1 scan_running=0 connecting_slot=-1 conn_count=7 target=anchor prefix=ANCHOR-
[AUTOPOS] Scanning for ANCHOR-*
[AUTOPOS] DISC complete[6]: link=anchor-ctrl discovered_service=2800 uuid=840C68591E90019821AACFF1B73AAA34
[AUTOPOS] DISC anchor service found[6]: uuid=840C68591E90019821AACFF1B73AAA34
[AUTOPOS] Anchor ctrl state subscribe[6] rc=0
[AUTOPOS] Anchor ctrl result subscribe[6] rc=0
[AUTOPOS] ANCHOR_CTRL[6] link ready handle=0x0019 result=0x001b uuid=840C68591E90019821AACFF1B73AAA34
[AUTOPOS] SCAN hit: FD:64:2E:93:37:86 (random) rssi=-77 name=- bs=- uuid=CEE5A7EFCB35F8A56B430047629F5309 target=anchor uuid_ok=1 tag_name=0 anchor_name=0 nus=0 dfu=0 token=0 props=0x03
[AUTOPOS] CONNECT queue[7]: addr=FD:64:2E:93:37:86 (random) link=anchor-ctrl uuid=CEE5A7EFCB35F8A56B430047629F5309 target=anchor
[AUTOPOS] CONNECT pending[7]: addr_valid=1 link=anchor-ctrl uuid=CEE5A7EFCB35F8A56B430047629F5309 scan_running=1 conn_count=7
[AUTOPOS] CONNECT pending[7]: bt_le_scan_stop rc=0 scan_running=1
[AUTOPOS] CONNECT pending[7] rc=0 conn=0x200025d0
[AUTOPOS] Connected[7]: FD:64:2E:93:37:86 (random) name=- bs=-
[AUTOPOS] CONNECT state[7]: link=anchor-ctrl uuid=CEE5A7EFCB35F8A56B430047629F5309 ready=0 conn=0x200025d0
SETUP[7] defer: waiting 888 ms before discovery start
SETUP[7] defer: waiting 837 ms before discovery start
[AUTOPOS] Conn param updated[6]: int=6 lat=0 to=400
SETUP[7] defer: waiting 787 ms before discovery start
SETUP[7] defer: waiting 737 ms before discovery start
SETUP[7] defer: waiting 686 ms before discovery start
SETUP[7] defer: waiting 636 ms before discovery start
SETUP[7] defer: waiting 586 ms before discovery start
SETUP[7] defer: waiting 535 ms before discovery start
SETUP[7] defer: waiting 485 ms before discovery start
SETUP[7] defer: waiting 435 ms before discovery start
SETUP[7] defer: waiting 384 ms before discovery start
SETUP[7] defer: waiting 334 ms before discovery start
SETUP[7] defer: waiting 284 ms before discovery start
SETUP[7] defer: waiting 233 ms before discovery start
SETUP[7] defer: waiting 183 ms before discovery start
SETUP[7] defer: waiting 133 ms before discovery start
SETUP[7] defer: waiting 82 ms before discovery start
SETUP[7] defer: waiting 32 ms before discovery start
SETUP[7] begin: link=anchor-ctrl uuid=CEE5A7EFCB35F8A56B430047629F5309 conn=0x200025d0
SETUP[7] mtu_exchange rc=0
SETUP[7] phy_update rc=0
SETUP[7] conn_param_update rc=0
[AUTOPOS] DISC start[7]: link=anchor-ctrl uuid=CEE5A7EFCB35F8A56B430047629F5309 conn=0x200025d0
[AUTOPOS] MTU exchange[7] done (498)
[AUTOPOS] Conn param updated[7]: int=6 lat=0 to=400
[AUTOPOS] PHY updated[7]: tx=0x2 rx=0x2
VERIFY: anchor ctrl ready gate ready_log=7/8 conn_count=7/8
