[CAPTURE] session_dir=logs/dual_master_listener_bootprofile_fixed_20260426_215638/tag_capture_20260426_215737
[CAPTURE] raw_log=logs/dual_master_listener_bootprofile_fixed_20260426_215638/tag_capture_20260426_215737/raw.log
[CAPTURE] plan: BSF66F:static, BS2DCE:roto, BSDC91:roto static=5Hz roto=10Hz motion=5Hz duration=180s
[CAPTURE] open serial: /dev/serial/by-id/usb-Master_Tag_BioSpur_BLE_Control_6918E0384172A49F-if00
[CAPTURE] drain boot/runtime output
[CAPTURE] startup CM probe attempt 1/2: target=BSF66F
[CAPTURE] configure: reuse Master_Tag resident links
[HOST_CMD] status
[HOST_CMD] device show
[HOST_CMD] tdma clear
[CAPTURE] configure: wait for target links
[CAPTURE] link setup passive initial: wait up to 30s
[CAPTURE] link setup passive: ready=BS2DCE,BSDC91,BSF66F (3/3)
[CAPTURE] configure: apply TDMA profiles
[HOST_CMD] tdma profile BSF66F static
[HOST_CMD] tdma profile BS2DCE roto
[HOST_CMD] tdma profile BSDC91 roto
[HOST_CMD] tdma freq static 5
[HOST_CMD] tdma freq roto 10
[HOST_CMD] tdma freq motion 5
[HOST_CMD] tdma rebalance
[HOST_CMD] tdma show
[HOST_CMD] status
[HOST_CMD] device show
[CAPTURE] configure: TDMA ready
[CAPTURE] startup CM probe failed: target=BSF66F ok=1/8; forcing all anchors responder
[CAPTURE] anchor preflight: require 8/8 runtime responder ack
[CAPTURE] anchor preflight launch 1/2: log=logs/dual_master_listener_bootprofile_fixed_20260426_215638/tag_capture_20260426_215737/anchor_responder_preflight_launch1.console.log
PORT=/dev/serial/by-id/usb-Master_Anchor_BioSpur_BLE_Control_87EA2F4A526C5A02-if00
START=2026-04-26 21:58:13
VERIFY: prepare AUTOPOS control plane for all-responder runtime verification
VERIFY: prepare anchor target before AUTOPOS preflight
>>> status
[AUTOPOS] Control status: mode=AUTOPOS pending=0
>>> device show
[AUTOPOS] System target: kind=anchor caps=0x0b (config=1 ota=1 stream=0 status=1)
OTA target filter: token=-1 name=- prefix=BS uuid=-
VERIFY: enter AUTOPOS attempt=1/3
>>> status
[AUTOPOS] Control status: mode=AUTOPOS pending=0
VERIFY: AUTOPOS anchor control plane already active
>>> autopos map A 4DC6B8187E33803AE8601FB0D7992B96
[AUTOPOS] AUTOPOS map set: A=4DC6B8187E33803AE8601FB0D7992B96
>>> autopos map B B9179575C776C98F1CB132DD6EDC6223
[AUTOPOS] AUTOPOS map set: B=B9179575C776C98F1CB132DD6EDC6223
>>> autopos map C CEE5A7EFCB35F8A56B430047629F5309
[AUTOPOS] AUTOPOS map set: C=CEE5A7EFCB35F8A56B430047629F5309
>>> autopos map D AB14CCA262A092E70EB26B0ACB0A394B
[AUTOPOS] AUTOPOS map set: D=AB14CCA262A092E70EB26B0ACB0A394B
>>> autopos map E A892AF05DD59CF0D0D3408AD74F364A1
[AUTOPOS] AUTOPOS map set: E=A892AF05DD59CF0D0D3408AD74F364A1
>>> autopos map F 840C68591E90019821AACFF1B73AAA34
[AUTOPOS] AUTOPOS map set: F=840C68591E90019821AACFF1B73AAA34
>>> autopos map G B3087BC3D87CCCD316AEDC6B71D6677F
[AUTOPOS] AUTOPOS map set: G=B3087BC3D87CCCD316AEDC6B71D6677F
>>> autopos map H 1EABFBEC28B8053FBB0D5C448112AE93
[AUTOPOS] AUTOPOS map set: H=1EABFBEC28B8053FBB0D5C448112AE93
VERIFY: start anchor discovery/control links
>>> conn
[AUTOPOS] Master discovery mode: CONN & START
[AUTOPOS] SCAN start req: bt_ready=1 scan_running=0 connecting_slot=-1 conn_count=8 target=anchor prefix=ANCHOR-
[AUTOPOS] Scanning for ANCHOR-*
VERIFY: anchor ctrl ready gate ready_log=0/8 conn_count=8/8
VERIFY: anchor ctrl ready/conn gate reached; settling for 2.0s
VERIFY: responder runtime attempt=1/3
>>> anchor role all responder
[AUTOPOS] anchor role started target=all role=responder
[AUTOPOS] Master discovery mode: CONN & START
[AUTOPOS] Anchor ctrl sent[0]: RUNTIME RESPONDER uuid=A892AF05DD59CF0D0D3408AD74F364A1
[AUTOPOS] Anchor ctrl sent[1]: RUNTIME RESPONDER uuid=1EABFBEC28B8053FBB0D5C448112AE93
[AUTOPOS] Anchor ctrl sent[2]: RUNTIME RESPONDER uuid=840C68591E90019821AACFF1B73AAA34
[AUTOPOS] Anchor ctrl sent[3]: RUNTIME RESPONDER uuid=AB14CCA262A092E70EB26B0ACB0A394B
[AUTOPOS] Anchor ctrl sent[4]: RUNTIME RESPONDER uuid=4DC6B8187E33803AE8601FB0D7992B96
[AUTOPOS] Anchor ctrl sent[5]: RUNTIME RESPONDER uuid=CEE5A7EFCB35F8A56B430047629F5309
[AUTOPOS] Anchor ctrl sent[6]: RUNTIME RESPONDER uuid=B9179575C776C98F1CB132DD6EDC6223
[AUTOPOS] Anchor ctrl sent[7]: RUNTIME RESPONDER uuid=B3087BC3D87CCCD316AEDC6B71D6677F
[AUTOPOS] anchor role all responder runtime sent=8 ready=8/8
[AUTOPOS] ANCHOR_CTRL[2] notify: OK RUNTIME_ALREADY_ACTIVE
[AUTOPOS] ANCHOR_CTRL[0] notify: OK RUNTIME_ALREADY_ACTIVE
[AUTOPOS] ANCHOR_CTRL[1] notify: OK RUNTIME_ALREADY_ACTIVE
[AUTOPOS] ANCHOR_CTRL[5] notify: OK RUNTIME_ALREADY_ACTIVE
[AUTOPOS] ANCHOR_CTRL[4] notify: OK RUNTIME_ALREADY_ACTIVE
[AUTOPOS] ANCHOR_CTRL[6] notify: OK RUNTIME_ALREADY_ACTIVE
[AUTOPOS] ANCHOR_CTRL[3] notify: OK RUNTIME_ALREADY_ACTIVE
[AUTOPOS] ANCHOR_CTRL[7] notify: OK RUNTIME_ALREADY_ACTIVE
[AUTOPOS] Anchor ctrl sent[0]: RUNTIME RESPONDER uuid=A892AF05DD59CF0D0D3408AD74F364A1
[AUTOPOS] Anchor ctrl sent[1]: RUNTIME RESPONDER uuid=1EABFBEC28B8053FBB0D5C448112AE93
[AUTOPOS] Anchor ctrl sent[2]: RUNTIME RESPONDER uuid=840C68591E90019821AACFF1B73AAA34
[AUTOPOS] Anchor ctrl sent[3]: RUNTIME RESPONDER uuid=AB14CCA262A092E70EB26B0ACB0A394B
[AUTOPOS] Anchor ctrl sent[4]: RUNTIME RESPONDER uuid=4DC6B8187E33803AE8601FB0D7992B96
[AUTOPOS] Anchor ctrl sent[5]: RUNTIME RESPONDER uuid=CEE5A7EFCB35F8A56B430047629F5309
[AUTOPOS] Anchor ctrl sent[6]: RUNTIME RESPONDER uuid=B9179575C776C98F1CB132DD6EDC6223
[AUTOPOS] Anchor ctrl sent[7]: RUNTIME RESPONDER uuid=B3087BC3D87CCCD316AEDC6B71D6677F
[AUTOPOS] anchor role all responder runtime repeat sent=8 ready=8/8
[AUTOPOS] ANCHOR_CTRL[0] notify: OK RUNTIME_ALREADY_ACTIVE
[AUTOPOS] ANCHOR_CTRL[1] notify: OK RUNTIME_ALREADY_ACTIVE
[AUTOPOS] ANCHOR_CTRL[4] notify: OK RUNTIME_ALREADY_ACTIVE
[AUTOPOS] ANCHOR_CTRL[6] notify: OK RUNTIME_ALREADY_ACTIVE
[AUTOPOS] ANCHOR_CTRL[2] notify: OK RUNTIME_ALREADY_ACTIVE
[AUTOPOS] ANCHOR_CTRL[5] notify: OK RUNTIME_ALREADY_ACTIVE
[AUTOPOS] ANCHOR_CTRL[3] notify: OK RUNTIME_ALREADY_ACTIVE
[AUTOPOS] ANCHOR_CTRL[7] notify: OK RUNTIME_ALREADY_ACTIVE
[AUTOPOS] Anchor ctrl sent[0]: RUNTIME RESPONDER uuid=A892AF05DD59CF0D0D3408AD74F364A1
[AUTOPOS] Anchor ctrl sent[1]: RUNTIME RESPONDER uuid=1EABFBEC28B8053FBB0D5C448112AE93
[AUTOPOS] Anchor ctrl sent[2]: RUNTIME RESPONDER uuid=840C68591E90019821AACFF1B73AAA34
[AUTOPOS] Anchor ctrl sent[3]: RUNTIME RESPONDER uuid=AB14CCA262A092E70EB26B0ACB0A394B
[AUTOPOS] Anchor ctrl sent[4]: RUNTIME RESPONDER uuid=4DC6B8187E33803AE8601FB0D7992B96
[AUTOPOS] Anchor ctrl sent[5]: RUNTIME RESPONDER uuid=CEE5A7EFCB35F8A56B430047629F5309
[AUTOPOS] Anchor ctrl sent[6]: RUNTIME RESPONDER uuid=B9179575C776C98F1CB132DD6EDC6223
[AUTOPOS] Anchor ctrl sent[7]: RUNTIME RESPONDER uuid=B3087BC3D87CCCD316AEDC6B71D6677F
[AUTOPOS] anchor role all responder runtime final sent=8 ready=8/8 total_sent=24
[AUTOPOS] anchor role rc=0 target=all role=responder
[AUTOPOS] ANCHOR_CTRL[5] notify: OK RUNTIME_ALREADY_ACTIVE
[AUTOPOS] ANCHOR_CTRL[4] notify: OK RUNTIME_ALREADY_ACTIVE
[AUTOPOS] ANCHOR_CTRL[6] notify: OK RUNTIME_ALREADY_ACTIVE
[AUTOPOS] ANCHOR_CTRL[3] notify: OK RUNTIME_ALREADY_ACTIVE
[AUTOPOS] ANCHOR_CTRL[2] notify: OK RUNTIME_ALREADY_ACTIVE
[AUTOPOS] ANCHOR_CTRL[0] notify: OK RUNTIME_ALREADY_ACTIVE
[AUTOPOS] ANCHOR_CTRL[1] notify: OK RUNTIME_ALREADY_ACTIVE
[AUTOPOS] ANCHOR_CTRL[7] notify: OK RUNTIME_ALREADY_ACTIVE
VERIFY: attempt=1 ack_ok=1 sent=8 ready=8/8 scan=matrix=0 responder=0 master=0 other=0
{
  "success": true,
  "port": "/dev/serial/by-id/usb-Master_Anchor_BioSpur_BLE_Control_87EA2F4A526C5A02-if00",
  "log_path": "logs/dual_master_listener_bootprofile_fixed_20260426_215638/tag_capture_20260426_215737/anchor_responder_preflight_launch1_20260426_215812/verify.log",
  "command_sent": true,
  "attempts": [
    {
      "attempt": 1,
      "ack_ok": true,
      "sent_count": 8,
      "ready_count": 8,
      "ready_target": 8,
      "role_counts": {
        "matrix": 0,
        "responder": 0,
        "master": 0,
        "other": 0
      }
    }
  ],
  "final_ack": {
    "sent_count": 8,
    "ready_count": 8,
    "ready_target": 8
  },
  "final_role_counts": {
    "matrix": 0,
    "responder": 0,
    "master": 0,
    "other": 0
  },
  "error": ""
}
[CAPTURE] anchor responder settle after cm-probe repair: 10.0s
[CAPTURE] startup CM probe attempt 2/2: target=BSF66F
[CAPTURE] configure: reuse Master_Tag resident links
[HOST_CMD] status
[HOST_CMD] device show
[HOST_CMD] tdma clear
[CAPTURE] configure: wait for target links
[CAPTURE] link setup passive initial: wait up to 30s
[CAPTURE] link setup passive: ready=BS2DCE,BSDC91,BSF66F (3/3)
[CAPTURE] configure: apply TDMA profiles
[HOST_CMD] tdma profile BSF66F static
[HOST_CMD] tdma profile BS2DCE roto
[HOST_CMD] tdma profile BSDC91 roto
[HOST_CMD] tdma freq static 5
[HOST_CMD] tdma freq roto 10
[HOST_CMD] tdma freq motion 5
[HOST_CMD] tdma rebalance
[HOST_CMD] tdma show
[HOST_CMD] status
[HOST_CMD] device show
[CAPTURE] configure: TDMA ready
[CAPTURE] startup CM probe failed: target=BSF66F ok=1/8; forcing all anchors responder
[CAPTURE] anchor preflight: require 8/8 runtime responder ack
[CAPTURE] anchor preflight launch 1/2: log=logs/dual_master_listener_bootprofile_fixed_20260426_215638/tag_capture_20260426_215737/anchor_responder_preflight_launch1.console.log
PORT=/dev/serial/by-id/usb-Master_Anchor_BioSpur_BLE_Control_87EA2F4A526C5A02-if00
START=2026-04-26 21:59:55
VERIFY: prepare AUTOPOS control plane for all-responder runtime verification
VERIFY: prepare anchor target before AUTOPOS preflight
>>> status
[AUTOPOS] Control status: mode=AUTOPOS pending=0
>>> device show
[AUTOPOS] System target: kind=anchor caps=0x0b (config=1 ota=1 stream=0 status=1)
OTA target filter: token=-1 name=- prefix=BS uuid=-
VERIFY: enter AUTOPOS attempt=1/3
>>> status
[AUTOPOS] Control status: mode=AUTOPOS pending=0
VERIFY: AUTOPOS anchor control plane already active
>>> autopos map A 4DC6B8187E33803AE8601FB0D7992B96
[AUTOPOS] AUTOPOS map set: A=4DC6B8187E33803AE8601FB0D7992B96
>>> autopos map B B9179575C776C98F1CB132DD6EDC6223
[AUTOPOS] AUTOPOS map set: B=B9179575C776C98F1CB132DD6EDC6223
>>> autopos map C CEE5A7EFCB35F8A56B430047629F5309
[AUTOPOS] AUTOPOS map set: C=CEE5A7EFCB35F8A56B430047629F5309
>>> autopos map D AB14CCA262A092E70EB26B0ACB0A394B
[AUTOPOS] AUTOPOS map set: D=AB14CCA262A092E70EB26B0ACB0A394B
>>> autopos map E A892AF05DD59CF0D0D3408AD74F364A1
[AUTOPOS] AUTOPOS map set: E=A892AF05DD59CF0D0D3408AD74F364A1
>>> autopos map F 840C68591E90019821AACFF1B73AAA34
[AUTOPOS] AUTOPOS map set: F=840C68591E90019821AACFF1B73AAA34
>>> autopos map G B3087BC3D87CCCD316AEDC6B71D6677F
[AUTOPOS] AUTOPOS map set: G=B3087BC3D87CCCD316AEDC6B71D6677F
>>> autopos map H 1EABFBEC28B8053FBB0D5C448112AE93
[AUTOPOS] AUTOPOS map set: H=1EABFBEC28B8053FBB0D5C448112AE93
VERIFY: start anchor discovery/control links
>>> conn
[AUTOPOS] Master discovery mode: CONN & START
[AUTOPOS] SCAN start req: bt_ready=1 scan_running=0 connecting_slot=-1 conn_count=8 target=anchor prefix=ANCHOR-
[AUTOPOS] Scanning for ANCHOR-*
VERIFY: anchor ctrl ready gate ready_log=0/8 conn_count=8/8
VERIFY: anchor ctrl ready/conn gate reached; settling for 2.0s
VERIFY: responder runtime attempt=1/3
>>> anchor role all responder
[AUTOPOS] anchor role started target=all role=responder
[AUTOPOS] Master discovery mode: CONN & START
[AUTOPOS] Anchor ctrl sent[0]: RUNTIME RESPONDER uuid=A892AF05DD59CF0D0D3408AD74F364A1
[AUTOPOS] Anchor ctrl sent[1]: RUNTIME RESPONDER uuid=1EABFBEC28B8053FBB0D5C448112AE93
[AUTOPOS] Anchor ctrl sent[2]: RUNTIME RESPONDER uuid=840C68591E90019821AACFF1B73AAA34
[AUTOPOS] Anchor ctrl sent[3]: RUNTIME RESPONDER uuid=AB14CCA262A092E70EB26B0ACB0A394B
[AUTOPOS] Anchor ctrl sent[4]: RUNTIME RESPONDER uuid=4DC6B8187E33803AE8601FB0D7992B96
[AUTOPOS] Anchor ctrl sent[5]: RUNTIME RESPONDER uuid=CEE5A7EFCB35F8A56B430047629F5309
[AUTOPOS] Anchor ctrl sent[6]: RUNTIME RESPONDER uuid=B9179575C776C98F1CB132DD6EDC6223
[AUTOPOS] Anchor ctrl sent[7]: RUNTIME RESPONDER uuid=B3087BC3D87CCCD316AEDC6B71D6677F
[AUTOPOS] anchor role all responder runtime sent=8 ready=8/8
[AUTOPOS] ANCHOR_CTRL[2] notify: OK RUNTIME_ALREADY_ACTIVE
[AUTOPOS] ANCHOR_CTRL[1] notify: OK RUNTIME_ALREADY_ACTIVE
[AUTOPOS] ANCHOR_CTRL[5] notify: OK RUNTIME_ALREADY_ACTIVE
[AUTOPOS] ANCHOR_CTRL[0] notify: OK RUNTIME_ALREADY_ACTIVE
[AUTOPOS] ANCHOR_CTRL[4] notify: OK RUNTIME_ALREADY_ACTIVE
[AUTOPOS] ANCHOR_CTRL[6] notify: OK RUNTIME_ALREADY_ACTIVE
[AUTOPOS] ANCHOR_CTRL[3] notify: OK RUNTIME_ALREADY_ACTIVE
[AUTOPOS] ANCHOR_CTRL[7] notify: OK RUNTIME_ALREADY_ACTIVE
[AUTOPOS] Anchor ctrl sent[0]: RUNTIME RESPONDER uuid=A892AF05DD59CF0D0D3408AD74F364A1
[AUTOPOS] Anchor ctrl sent[1]: RUNTIME RESPONDER uuid=1EABFBEC28B8053FBB0D5C448112AE93
[AUTOPOS] Anchor ctrl sent[2]: RUNTIME RESPONDER uuid=840C68591E90019821AACFF1B73AAA34
[AUTOPOS] Anchor ctrl sent[3]: RUNTIME RESPONDER uuid=AB14CCA262A092E70EB26B0ACB0A394B
[AUTOPOS] Anchor ctrl sent[4]: RUNTIME RESPONDER uuid=4DC6B8187E33803AE8601FB0D7992B96
[AUTOPOS] Anchor ctrl sent[5]: RUNTIME RESPONDER uuid=CEE5A7EFCB35F8A56B430047629F5309
[AUTOPOS] Anchor ctrl sent[6]: RUNTIME RESPONDER uuid=B9179575C776C98F1CB132DD6EDC6223
[AUTOPOS] Anchor ctrl sent[7]: RUNTIME RESPONDER uuid=B3087BC3D87CCCD316AEDC6B71D6677F
[AUTOPOS] anchor role all responder runtime repeat sent=8 ready=8/8
[AUTOPOS] ANCHOR_CTRL[0] notify: OK RUNTIME_ALREADY_ACTIVE
[AUTOPOS] ANCHOR_CTRL[1] notify: OK RUNTIME_ALREADY_ACTIVE
[AUTOPOS] ANCHOR_CTRL[5] notify: OK RUNTIME_ALREADY_ACTIVE
[AUTOPOS] ANCHOR_CTRL[4] notify: OK RUNTIME_ALREADY_ACTIVE
[AUTOPOS] ANCHOR_CTRL[6] notify: OK RUNTIME_ALREADY_ACTIVE
[AUTOPOS] ANCHOR_CTRL[2] notify: OK RUNTIME_ALREADY_ACTIVE
[AUTOPOS] ANCHOR_CTRL[3] notify: OK RUNTIME_ALREADY_ACTIVE
[AUTOPOS] ANCHOR_CTRL[7] notify: OK RUNTIME_ALREADY_ACTIVE
[AUTOPOS] Anchor ctrl sent[0]: RUNTIME RESPONDER uuid=A892AF05DD59CF0D0D3408AD74F364A1
[AUTOPOS] Anchor ctrl sent[1]: RUNTIME RESPONDER uuid=1EABFBEC28B8053FBB0D5C448112AE93
[AUTOPOS] Anchor ctrl sent[2]: RUNTIME RESPONDER uuid=840C68591E90019821AACFF1B73AAA34
[AUTOPOS] Anchor ctrl sent[3]: RUNTIME RESPONDER uuid=AB14CCA262A092E70EB26B0ACB0A394B
[AUTOPOS] Anchor ctrl sent[4]: RUNTIME RESPONDER uuid=4DC6B8187E33803AE8601FB0D7992B96
[AUTOPOS] Anchor ctrl sent[5]: RUNTIME RESPONDER uuid=CEE5A7EFCB35F8A56B430047629F5309
[AUTOPOS] Anchor ctrl sent[6]: RUNTIME RESPONDER uuid=B9179575C776C98F1CB132DD6EDC6223
[AUTOPOS] Anchor ctrl sent[7]: RUNTIME RESPONDER uuid=B3087BC3D87CCCD316AEDC6B71D6677F
[AUTOPOS] anchor role all responder runtime final sent=8 ready=8/8 total_sent=24
[AUTOPOS] anchor role rc=0 target=all role=responder
[AUTOPOS] ANCHOR_CTRL[4] notify: OK RUNTIME_ALREADY_ACTIVE
[AUTOPOS] ANCHOR_CTRL[6] notify: OK RUNTIME_ALREADY_ACTIVE
[AUTOPOS] ANCHOR_CTRL[3] notify: OK RUNTIME_ALREADY_ACTIVE
[AUTOPOS] ANCHOR_CTRL[7] notify: OK RUNTIME_ALREADY_ACTIVE
[AUTOPOS] ANCHOR_CTRL[2] notify: OK RUNTIME_ALREADY_ACTIVE
[AUTOPOS] ANCHOR_CTRL[1] notify: OK RUNTIME_ALREADY_ACTIVE
[AUTOPOS] ANCHOR_CTRL[5] notify: OK RUNTIME_ALREADY_ACTIVE
[AUTOPOS] ANCHOR_CTRL[0] notify: OK RUNTIME_ALREADY_ACTIVE
VERIFY: attempt=1 ack_ok=1 sent=8 ready=8/8 scan=matrix=0 responder=0 master=0 other=0
{
  "success": true,
  "port": "/dev/serial/by-id/usb-Master_Anchor_BioSpur_BLE_Control_87EA2F4A526C5A02-if00",
  "log_path": "logs/dual_master_listener_bootprofile_fixed_20260426_215638/tag_capture_20260426_215737/anchor_responder_preflight_launch1_20260426_215954/verify.log",
  "command_sent": true,
  "attempts": [
    {
      "attempt": 1,
      "ack_ok": true,
      "sent_count": 8,
      "ready_count": 8,
      "ready_target": 8,
      "role_counts": {
        "matrix": 0,
        "responder": 0,
        "master": 0,
        "other": 0
      }
    }
  ],
  "final_ack": {
    "sent_count": 8,
    "ready_count": 8,
    "ready_target": 8
  },
  "final_role_counts": {
    "matrix": 0,
    "responder": 0,
    "master": 0,
    "other": 0
  },
  "error": ""
}
[CAPTURE] anchor responder settle after cm-probe repair: 10.0s
[CAPTURE] cleanup: stopping tag ranging with MODE AOTA
[HOST_CMD] cmd MODE AOTA
[HOST_CMD] cmd MODE?
[CAPTURE] cleanup: MODE AOTA sent
{
  "success": false,
  "startup_failed": true,
  "startup_fail_targets": [
    "BSF66F"
  ],
  "zero_position_failed": false,
  "zero_position_targets": [],
  "anchor_preflight": {
    "skipped": true,
    "success": true
  },
  "cm_probe": {
    "success": false,
    "probe_target": "BSF66F",
    "attempts": [
      {
        "success": false,
        "probe_target": "BSF66F",
        "ok_anchors": [
          5
        ],
        "seen_anchors": [
          0,
          1,
          2,
          3,
          4,
          5,
          6,
          7
        ],
        "timeout_s": 20.0,
        "attempt": 1,
        "responder_repair": {
          "success": true,
          "returncode": 0,
          "console_log": "logs/dual_master_listener_bootprofile_fixed_20260426_215638/tag_capture_20260426_215737/anchor_responder_preflight_launch1.console.log",
          "launch": 1,
          "port": "/dev/serial/by-id/usb-Master_Anchor_BioSpur_BLE_Control_87EA2F4A526C5A02-if00",
          "log_path": "logs/dual_master_listener_bootprofile_fixed_20260426_215638/tag_capture_20260426_215737/anchor_responder_preflight_launch1_20260426_215812/verify.log",
          "command_sent": true,
          "attempts": [
            {
              "attempt": 1,
              "ack_ok": true,
              "sent_count": 8,
              "ready_count": 8,
              "ready_target": 8,
              "role_counts": {
                "matrix": 0,
                "responder": 0,
                "master": 0,
                "other": 0
              }
            }
          ],
          "final_ack": {
            "sent_count": 8,
            "ready_count": 8,
            "ready_target": 8
          },
          "final_role_counts": {
            "matrix": 0,
            "responder": 0,
            "master": 0,
            "other": 0
          },
          "error": "",
          "launch_attempts": [
            {
              "success": true,
              "returncode": 0,
              "console_log": "logs/dual_master_listener_bootprofile_fixed_20260426_215638/tag_capture_20260426_215737/anchor_responder_preflight_launch1.console.log",
              "launch": 1,
              "port": "/dev/serial/by-id/usb-Master_Anchor_BioSpur_BLE_Control_87EA2F4A526C5A02-if00",
              "log_path": "logs/dual_master_listener_bootprofile_fixed_20260426_215638/tag_capture_20260426_215737/anchor_responder_preflight_launch1_20260426_215812/verify.log",
              "command_sent": true,
              "attempts": [
                {
                  "attempt": 1,
                  "ack_ok": true,
                  "sent_count": 8,
                  "ready_count": 8,
                  "ready_target": 8,
                  "role_counts": {
                    "matrix": 0,
                    "responder": 0,
                    "master": 0,
                    "other": 0
                  }
                }
              ],
              "final_ack": {
                "sent_count": 8,
                "ready_count": 8,
                "ready_target": 8
              },
              "final_role_counts": {
                "matrix": 0,
                "responder": 0,
                "master": 0,
                "other": 0
              },
              "error": ""
            }
          ]
        }
      },
      {
        "success": false,
        "probe_target": "BSF66F",
        "ok_anchors": [
          5
        ],
        "seen_anchors": [
          0,
          1,
          2,
          3,
          4,
          5,
          6,
          7
        ],
        "timeout_s": 20.0,
        "attempt": 2,
        "responder_repair": {
          "success": true,
          "returncode": 0,
          "console_log": "logs/dual_master_listener_bootprofile_fixed_20260426_215638/tag_capture_20260426_215737/anchor_responder_preflight_launch1.console.log",
          "launch": 1,
          "port": "/dev/serial/by-id/usb-Master_Anchor_BioSpur_BLE_Control_87EA2F4A526C5A02-if00",
          "log_path": "logs/dual_master_listener_bootprofile_fixed_20260426_215638/tag_capture_20260426_215737/anchor_responder_preflight_launch1_20260426_215954/verify.log",
          "command_sent": true,
          "attempts": [
            {
              "attempt": 1,
              "ack_ok": true,
              "sent_count": 8,
              "ready_count": 8,
              "ready_target": 8,
              "role_counts": {
                "matrix": 0,
                "responder": 0,
                "master": 0,
                "other": 0
              }
            }
          ],
          "final_ack": {
            "sent_count": 8,
            "ready_count": 8,
            "ready_target": 8
          },
          "final_role_counts": {
            "matrix": 0,
            "responder": 0,
            "master": 0,
            "other": 0
          },
          "error": "",
          "launch_attempts": [
            {
              "success": true,
              "returncode": 0,
              "console_log": "logs/dual_master_listener_bootprofile_fixed_20260426_215638/tag_capture_20260426_215737/anchor_responder_preflight_launch1.console.log",
              "launch": 1,
              "port": "/dev/serial/by-id/usb-Master_Anchor_BioSpur_BLE_Control_87EA2F4A526C5A02-if00",
              "log_path": "logs/dual_master_listener_bootprofile_fixed_20260426_215638/tag_capture_20260426_215737/anchor_responder_preflight_launch1_20260426_215954/verify.log",
              "command_sent": true,
              "attempts": [
                {
                  "attempt": 1,
                  "ack_ok": true,
                  "sent_count": 8,
                  "ready_count": 8,
                  "ready_target": 8,
                  "role_counts": {
                    "matrix": 0,
                    "responder": 0,
                    "master": 0,
                    "other": 0
                  }
                }
              ],
              "final_ack": {
                "sent_count": 8,
                "ready_count": 8,
                "ready_target": 8
              },
              "final_role_counts": {
                "matrix": 0,
                "responder": 0,
                "master": 0,
                "other": 0
              },
              "error": ""
            }
          ]
        }
      }
    ]
  },
  "cleanup": {
    "attempted": true,
    "success": true,
    "command": "cmd MODE AOTA",
    "error": ""
  },
  "port": "/dev/serial/by-id/usb-Master_Tag_BioSpur_BLE_Control_6918E0384172A49F-if00",
  "duration_s": 180.0,
  "elapsed_s": 209.4150950908661,
  "session_dir": "logs/dual_master_listener_bootprofile_fixed_20260426_215638/tag_capture_20260426_215737",
  "targets": [
    "BSF66F",
    "BS2DCE",
    "BSDC91"
  ],
  "profiles": {
    "BSF66F": "static",
    "BS2DCE": "roto",
    "BSDC91": "roto"
  },
  "expected_pmode": {
    "BSF66F": 4,
    "BS2DCE": 5,
    "BSDC91": 5
  },
  "freq_hz": {
    "static": 5,
    "roto": 10,
    "motion": 5
  },
  "positions_all": 0,
  "cm_all": 0,
  "cs_all": 0,
  "cr_all": 0,
  "cf_all": 0,
  "connections": {},
  "per_tag": {},
  "raw_log": "logs/dual_master_listener_bootprofile_fixed_20260426_215638/tag_capture_20260426_215737/raw.log",
  "positions_all_csv": "logs/dual_master_listener_bootprofile_fixed_20260426_215638/tag_capture_20260426_215737/positions_all.csv",
  "cm_all_csv": "logs/dual_master_listener_bootprofile_fixed_20260426_215638/tag_capture_20260426_215737/cm_all.csv",
  "cs_all_csv": "logs/dual_master_listener_bootprofile_fixed_20260426_215638/tag_capture_20260426_215737/cs_all.csv",
  "cr_all_csv": "logs/dual_master_listener_bootprofile_fixed_20260426_215638/tag_capture_20260426_215737/cr_all.csv",
  "cf_all_csv": "logs/dual_master_listener_bootprofile_fixed_20260426_215638/tag_capture_20260426_215737/cf_all.csv"
}
