PORT=/dev/serial/by-id/usb-Master_Anchor_BioSpur_BLE_Control_87EA2F4A526C5A02-if00
START=2026-05-13 13:43:09
MASTER=B
PRECHECK: BSxxxx tag quarantine disabled; master/matrix anchors ignore tag polls during sweep
PRECHECK: context session_autopos_ready=1 autopos_initialized=1
PRECHECK: reusing session AUTOPOS state from matrix guard
PRECHECK: reusing existing AUTOPOS map
>>> autopos round B 1010
[AUTOPOS] AUTOPOS round staged: master=B sets=1010
>>> autopos status
[AUTOPOS] AUTOPOS: mode=AUTOPOS state=staged staged=B last_success=A sets=1010 error=-
>>> autopos apply
[AUTOPOS] AUTOPOS apply started
[AUTOPOS] RECV_BG gate: SUPPRESS reason=autopos_detach
[AUTOPOS] AUTOPOS detach skip STOP: finite master auto-returns to matrix sets=1010
[AUTOPOS] RECV_BG gate: ALLOW reason=autopos_detach_done
[AUTOPOS] SCAN start req: bt_ready=1 scan_running=0 connecting_slot=-1 conn_count=8 target=anchor prefix=ANCHOR-
[AUTOPOS] Scanning for ANCHOR-*
[AUTOPOS] AUTOPOS apply mode: incremental
[AUTOPOS] AUTOPOS apply incremental: prev_master=A new_master=B
[AUTOPOS] Master discovery mode: CONN & START
[AUTOPOS] AUTOPOS wait anchor ready: uuid=F3BB7A04104F9CB8561DDDACB9E53714 reuse existing ready control link (discovery remains active)
[AUTOPOS] AUTOPOS state: STATE fw=altbcast-responder-a18-g1200-r1 bs=BS1FFC uuid=F3BB7A04104F9CB8561DDDACB9E53714 label=A role=matrix cfg_valid=1 busy=1 pending_valid=1 schema=2 gen=1 reboot_required=0
[AUTOPOS] AUTOPOS state: STATE fw=altbcast-responder-a18-g1200-r1 bs=BS1FFC uuid=F3BB7A04104F9CB8561DDDACB9E53714 label=A role=matrix cfg_valid=1 busy=1 pending_valid=1 schema=2 gen=1 reboot_required=0
[AUTOPOS] AUTOPOS anchor A already active role=matrix cfg_valid=1; keeping current config
[AUTOPOS] AUTOPOS anchor A role verified
[AUTOPOS] Master discovery mode: CONN & START
[AUTOPOS] AUTOPOS wait anchor ready: uuid=B9179575C776C98F1CB132DD6EDC6223 reuse existing ready control link (discovery remains active)
[AUTOPOS] AUTOPOS state: STATE fw=altbcast-responder-a18-g1200-r1 bs=BS592A uuid=B9179575C776C98F1CB132DD6EDC6223 label=B role=matrix cfg_valid=1 busy=1 pending_valid=1 schema=2 gen=3 reboot_required=0
[AUTOPOS] AUTOPOS state: STATE fw=altbcast-responder-a18-g1200-r1 bs=BS592A uuid=B9179575C776C98F1CB132DD6EDC6223 label=B role=matrix cfg_valid=1 busy=1 pending_valid=1 schema=2 gen=3 reboot_required=0
[AUTOPOS] BLE cmd skip[0]: target mismatch kind=anchor target_name=- target_uuid=B9179575C776C98F1CB132DD6EDC6223 peer_name=- peer_bs=- peer_uuid=B3087BC3D87CCCD316AEDC6B71D6677F link=anchor-ctrl ready=1
[AUTOPOS] Anchor ctrl sent[1]: RUNTIME MASTER SWEEP 1010 uuid=B9179575C776C98F1CB132DD6EDC6223
[AUTOPOS] BLE cmd skip[2]: target mismatch kind=anchor target_name=- target_uuid=B9179575C776C98F1CB132DD6EDC6223 peer_name=- peer_bs=- peer_uuid=B2B5FA625534A8C617135DCAFC9E036A link=anchor-ctrl ready=1
[AUTOPOS] BLE cmd skip[3]: target mismatch kind=anchor target_name=- target_uuid=B9179575C776C98F1CB132DD6EDC6223 peer_name=- peer_bs=- peer_uuid=F3BB7A04104F9CB8561DDDACB9E53714 link=anchor-ctrl ready=1
[AUTOPOS] BLE cmd skip[4]: target mismatch kind=anchor target_name=- target_uuid=B9179575C776C98F1CB132DD6EDC6223 peer_name=- peer_bs=- peer_uuid=A892AF05DD59CF0D0D3408AD74F364A1 link=anchor-ctrl ready=1
[AUTOPOS] BLE cmd skip[5]: target mismatch kind=anchor target_name=- target_uuid=B9179575C776C98F1CB132DD6EDC6223 peer_name=- peer_bs=- peer_uuid=CEE5A7EFCB35F8A56B430047629F5309 link=anchor-ctrl ready=1
[AUTOPOS] BLE cmd skip[6]: target mismatch kind=anchor target_name=- target_uuid=B9179575C776C98F1CB132DD6EDC6223 peer_name=- peer_bs=- peer_uuid=CF12E703AC1A118F6AB440AB05B0BA23 link=anchor-ctrl ready=1
[AUTOPOS] BLE cmd skip[7]: target mismatch kind=anchor target_name=- target_uuid=B9179575C776C98F1CB132DD6EDC6223 peer_name=- peer_bs=- peer_uuid=840C68591E90019821AACFF1B73AAA34 link=anchor-ctrl ready=1
[AUTOPOS] ANCHOR_CTRL[1] notify: OK RUNTIME_SWITCH_REQUESTED SWEEP=1010
[AUTOPOS] AUTOPOS result: OK RUNTIME_SWITCH_REQUESTED SWEEP=1010
[AUTOPOS] AUTOPOS state: STATE fw=altbcast-responder-a18-g1200-r1 bs=BS592A uuid=B9179575C776C98F1CB132DD6EDC6223 label=B role=master cfg_valid=1 busy=1 pending_valid=1 schema=2 gen=3 reboot_required=0
[AUTOPOS] AUTOPOS anchor B role verified
[AUTOPOS] AUTOPOS apply success: master=B
[AUTOPOS] SW-B warmup discard 1/10 minq=100
: master=B sets=1010; host waits for SWEEP_DONE
[AUTOPOS] SW-B warmup discard 2/10 minq=100
[AUTOPOS] SW-B warmup discard 3/10 minq=100
[AUTOPOS] SW-B warmup discard 4/10 minq=100
[AUTOPOS] SW-B warmup discard 5/10 minq=100
[AUTOPOS] SW-B warmup discard 6/10 minq=100
[AUTOPOS] SW-B warmup discard 7/10 minq=100
[AUTOPOS] SW-B warmup discard 8/10 minq=100
[AUTOPOS] SW-B warmup discard 9/10 minq=100
[AUTOPOS] SW-B warmup discard 10/10 minq=100
[AUTOPOS] SW-B,A,3026,100,C,4551,100,D,5499,100,E,3224,100,F,1520,100,G,5037,100,H,5649,100
[AUTOPOS] SW-B,A,2995,100,C,4606,100,D,5464,100,E,3206,100,F,1505,100,G,5006,100,H,5627,100
[AUTOPOS] SW-B,A,2968,100,C,4578,100,D,5491,100,E,3204,100,F,1519,100,G,4974,100,H,5653,100
[AUTOPOS] SW-B,A,2998,100,C,4545,100,D,5468,100,E,3204,100,F,1519,100,G,4995,100,H,5634,100
[AUTOPOS] SW-B,A,2959,100,C,4550,100,D,5453,100,E,3222,100,F,1495,100,G,5056,100,H,5663,100
[AUTOPOS] SW-B,A,2969,100,C,4558,100,D,5430,100,E,3219,100,F,1502,100,G,5003,100,H,5629,100
[AUTOPOS] SW-B,A,2988,100,C,4540,100,D,5447,100,E,3218,100,F,1535,100,G,4982,100,H,5669,100
[AUTOPOS] SW-B,A,2981,100,C,4578,100,D,5510,100,E,3238,100,F,1497,100,G,5014,100,H,5630,100
[AUTOPOS] SW-B,A,2954,100,C,4560,100,D,5422,100,E,3163,100,F,1460,100,G,5061,100,H,5650,100
[AUTOPOS] SW-B,A,3032,100,C,4564,100,D,5505,100,E,3189,100,F,1543,100,G,5001,100,H,5649,100
[AUTOPOS] SW-B,A,2998,100,C,4559,100,D,5466,100,E,3179,100,F,1507,100,G,5000,100,H,5622,100
[AUTOPOS] SW-B,A,3011,100,C,4610,100,D,5428,100,E,3210,100,F,1513,100,G,5018,100,H,5664,100
[AUTOPOS] SW-B,A,3028,100,C,4583,100,D,5435,100,E,3225,100,F,1504,100,G,4994,100,H,5645,100
[AUTOPOS] SW-B,A,3015,100,C,4550,100,D,5448,100,E,3176,100,F,1520,100,G,5004,100,H,5640,100
[AUTOPOS] SW-B,A,2991,100,C,4600,100,D,5446,100,E,3225,100,F,1478,100,G,5008,100,H,5663,100
[AUTOPOS] SW-B,A,2980,100,C,4572,100,D,5476,100,E,3187,100,F,1503,100,G,4893,100,H,5661,100
[AUTOPOS] SW-B,A,3026,100,C,4600,100,D,5470,100,E,3219,100,F,1528,100,G,5046,100,H,5647,100
[AUTOPOS] SW-B,A,3027,100,C,4579,100,D,5470,100,E,3218,100,F,1502,100,G,5006,100,H,5691,100
[AUTOPOS] SW-B,A,3015,100,C,4567,100,D,5461,100,E,3238,100,F,1484,100,G,5050,100,H,5612,100
[AUTOPOS] SW-B,A,2996,100,C,4617,100,D,5413,100,E,3182,100,F,1521,100,G,4994,100,H,5652,100
[AUTOPOS] SW-B,A,3003,100,C,4586,100,D,5367,100,E,3172,100,F,1503,100,G,5013,100,H,5655,100
[AUTOPOS] SW-B,A,2962,100,C,4515,100,D,5496,100,E,3191,100,F,1502,100,G,5032,100,H,5669,100
[AUTOPOS] SW-B,A,2975,100,C,4611,100,D,5500,100,E,3252,100,F,1499,100,G,5004,100,H,5662,100
[AUTOPOS] SW-B,A,2957,100,C,4570,100,D,5482,100,E,3145,100,F,1487,100,G,4981,100,H,5680,100
[AUTOPOS] SW-B,A,3000,100,C,4581,100,D,5446,100,E,3185,100,F,1493,100,G,5029,100,H,5642,100
[AUTOPOS] SW-B,A,2996,100,C,4570,100,D,5475,100,E,3264,100,F,1496,100,G,4993,100,H,5676,100
[AUTOPOS] SW-B,A,3026,100,C,4502,100,D,5494,100,E,3226,100,F,1511,100,G,5013,100,H,5641,100
[AUTOPOS] SW-B,A,3020,100,C,4630,100,D,5411,100,E,3160,100,F,1476,100,G,5039,100,H,5646,100
[AUTOPOS] SW-B,A,3005,100,C,4606,100,D,5418,100,E,3222,100,F,1469,100,G,5016,100,H,5645,100
[AUTOPOS] SW-B,A,3032,100,C,4560,100,D,5460,100,E,3215,100,F,1508,100,G,4997,100,H,5661,100
[AUTOPOS] SW-B,A,2995,100,C,4539,100,D,5506,100,E,3172,100,F,1509,100,G,5032,100,H,5644,100
[AUTOPOS] SW-B,A,2989,100,C,4583,100,D,5431,100,E,3147,100,F,1479,100,G,5010,100,H,5683,100
[AUTOPOS] SW-B,A,2982,100,C,4562,100,D,5401,100,E,3247,100,F,1491,100,G,5040,100,H,5649,100
[AUTOPOS] SW-B,A,3029,100,C,4554,100,D,5509,100,E,3214,100,F,1515,100,G,4972,100,H,5634,100
[AUTOPOS] SW-B,A,2978,100,C,4518,100,D,5440,100,E,3198,100,F,1523,100,G,5038,100,H,5645,100
[AUTOPOS] SW-B,A,2956,100,C,4574,100,D,5430,100,E,3219,100,F,1518,100,G,5035,100,H,5635,100
[AUTOPOS] SW-B,A,3043,100,C,4600,100,D,5440,100,E,3177,100,F,1519,100,G,5006,100,H,5692,100
[AUTOPOS] SW-B,A,3065,100,C,4587,100,D,5394,100,E,3201,100,F,1500,100,G,4985,100,H,5670,100
[AUTOPOS] SW-B,A,3053,100,C,4551,100,D,5461,100,E,3184,100,F,1498,100,G,5041,100,H,5680,100
[AUTOPOS] SW-B,A,3025,100,C,4566,100,D,5387,100,E,3187,100,F,1496,100,G,5056,100,H,5654,100
[AUTOPOS] SW-B,A,2962,100,C,4563,100,D,5480,100,E,3239,100,F,1514,100,G,5025,100,H,5642,100
[AUTOPOS] SW-B,A,2980,100,C,4618,100,D,5460,100,E,3172,100,F,1511,100,G,5024,100,H,5646,100
[AUTOPOS] SW-B,A,2985,100,C,4576,100,D,5424,100,E,3205,100,F,1510,100,G,4941,100,H,5644,100
[AUTOPOS] SW-B,A,3010,100,C,4578,100,D,5427,100,E,3168,100,F,1484,100,G,5023,100,H,5678,100
[AUTOPOS] SW-B,A,2973,100,C,4521,100,D,5464,100,E,3202,100,F,1498,100,G,4926,100,H,5652,100
[AUTOPOS] SW-B,A,3003,100,C,4588,100,D,5434,100,E,3191,100,F,1517,100,G,5006,100,H,5637,100
[AUTOPOS] SW-B,A,3061,100,C,4564,100,D,5391,100,E,3216,100,F,1468,100,G,5061,100,H,5636,100
[AUTOPOS] SW-B,A,2982,100,C,4539,100,D,5391,100,E,3150,100,F,1490,100,G,5061,100,H,5636,100
[AUTOPOS] SW-B,A,2983,100,C,4603,100,D,5424,100,E,3194,100,F,1518,100,G,5045,100,H,5644,100
[AUTOPOS] SW-B,A,3023,100,C,4611,100,D,5415,100,E,3235,100,F,1514,100,G,5007,100,H,5660,100
[AUTOPOS] SW-B,A,2939,100,C,4616,100,D,5477,100,E,3153,100,F,1500,100,G,4943,100,H,5601,100
[AUTOPOS] SW-B,A,3026,100,C,4601,100,D,5411,100,E,3194,100,F,1506,100,G,4999,100,H,5662,100
[AUTOPOS] SW-B,A,2941,100,C,4608,100,D,5474,100,E,3176,100,F,1488,100,G,5035,100,H,5644,100
[AUTOPOS] SW-B,A,3041,100,C,4583,100,D,5443,100,E,3202,100,F,1495,100,G,4989,100,H,5660,100
[AUTOPOS] SW-B,A,2975,100,C,4588,100,D,5500,100,E,3248,100,F,1502,100,G,5047,100,H,5654,100
[AUTOPOS] SW-B,A,2979,100,C,4612,100,D,5415,100,E,3216,100,F,1466,100,G,5063,100,H,5667,100
[AUTOPOS] SW-B,A,2987,100,C,4595,100,D,5431,100,E,3201,100,F,1537,100,G,5026,100,H,5635,100
[AUTOPOS] SW-B,A,2993,100,C,4597,100,D,5492,100,E,3215,100,F,1503,100,G,4980,100,H,5640,100
[AUTOPOS] SW-B,A,3022,100,C,4597,100,D,5448,100,E,3182,100,F,1520,100,G,4978,100,H,5668,100
[AUTOPOS] SW-B,A,3074,100,C,4574,100,D,5418,100,E,3206,100,F,1502,100,G,4966,100,H,5647,100
[AUTOPOS] SW-B,A,2978,100,C,4602,100,D,5390,100,E,3189,100,F,1523,100,G,5059,100,H,5653,100
[AUTOPOS] SW-B,A,3037,100,C,4593,100,D,5416,100,E,3204,100,F,1486,100,G,4982,100,H,5659,100
[AUTOPOS] SW-B,A,3033,100,C,4560,100,D,5495,100,E,3183,100,F,1502,100,G,5004,100,H,5639,100
[AUTOPOS] SW-B,A,3024,100,C,4567,100,D,5463,100,E,3207,100,F,1493,100,G,4942,100,H,5658,100
[AUTOPOS] SW-B,A,2977,100,C,4599,100,D,5449,100,E,3179,100,F,1497,100,G,4973,100,H,5679,100
[AUTOPOS] SW-B,A,3046,100,C,4589,100,D,5456,100,E,3172,100,F,1517,100,G,5008,100,H,5649,100
[AUTOPOS] SW-B,A,3007,100,C,4564,100,D,5417,100,E,3257,100,F,1509,100,G,4990,100,H,5642,100
[AUTOPOS] SW-B,A,3003,100,C,4627,100,D,5481,100,E,3201,100,F,1532,100,G,5080,100,H,5628,100
[AUTOPOS] SW-B,A,3000,100,C,4600,100,D,5427,100,E,3203,100,F,1487,100,G,5032,100,H,5657,100
[AUTOPOS] SW-B,A,3010,100,C,4593,100,D,5475,100,E,3217,100,F,1472,100,G,4994,100,H,5665,100
[AUTOPOS] SW-B,A,2981,100,C,4591,100,D,5412,100,E,3204,100,F,1488,100,G,5026,100,H,5654,100
[AUTOPOS] SW-B,A,3014,100,C,4626,100,D,5419,100,E,3169,100,F,1552,100,G,5038,100,H,5652,100
[AUTOPOS] SW-B,A,3001,100,C,4527,100,D,5487,100,E,3206,100,F,1498,100,G,4977,100,H,5653,100
[AUTOPOS] SW-B,A,3036,100,C,4592,100,D,5435,100,E,3236,100,F,1510,100,G,4935,100,H,5646,100
[AUTOPOS] SW-B,A,3002,100,C,4622,100,D,5445,100,E,3187,100,F,1480,100,G,4950,100,H,5644,100
[AUTOPOS] SW-B,A,3004,100,C,4587,100,D,5441,100,E,3163,100,F,1478,100,G,4940,100,H,5636,100
[AUTOPOS] SW-B,A,2977,100,C,4562,100,D,5422,100,E,3210,100,F,1511,100,G,5013,100,H,5657,100
[AUTOPOS] SW-B,A,3009,100,C,4594,100,D,5400,100,E,3210,100,F,1512,100,G,4965,100,H,5648,100
[AUTOPOS] SW-B,A,3008,100,C,4610,100,D,5460,100,E,3235,100,F,1483,100,G,4974,100,H,5628,100
[AUTOPOS] SW-B,A,2996,100,C,4565,100,D,5427,100,E,3198,100,F,1530,100,G,4953,100,H,5661,100
[AUTOPOS] SW-B,A,2972,100,C,4621,100,D,5508,100,E,3171,100,F,1474,100,G,5019,100,H,5678,100
[AUTOPOS] SW-B,A,3008,100,C,4535,100,D,5482,100,E,3223,100,F,1516,100,G,4969,100,H,5645,100
[AUTOPOS] SW-B,A,3004,100,C,4640,100,D,5415,100,E,3165,100,F,1478,100,G,5049,100,H,5670,100
[AUTOPOS] SW-B,A,3010,100,C,4597,100,D,5459,100,E,3219,100,F,1536,100,G,5062,100,H,5660,100
[AUTOPOS] SW-B,A,3033,100,C,4508,100,D,5502,100,E,3222,100,F,1520,100,G,5068,100,H,5631,100
[AUTOPOS] SW-B,A,2988,100,C,4592,100,D,5427,100,E,3228,100,F,1506,100,G,5007,100,H,5654,100
[AUTOPOS] SW-B,A,2981,100,C,4553,100,D,5461,100,E,3184,100,F,1488,100,G,4977,100,H,5668,100
[AUTOPOS] SW-B,A,3005,100,C,4573,100,D,5441,100,E,3195,100,F,1443,100,G,4986,100,H,5674,100
[AUTOPOS] SW-B,A,3002,100,C,4590,100,D,5484,100,E,3174,100,F,1469,100,G,5046,100,H,5642,100
[AUTOPOS] SW-B,A,3017,100,C,4559,100,D,5407,100,E,3212,100,F,1516,100,G,4961,100,H,5665,100
[AUTOPOS] SW-B,A,3020,100,C,4557,100,D,5507,100,E,3191,100,F,1477,100,G,5060,100,H,5672,100
[AUTOPOS] SW-B,A,2988,100,C,4546,100,D,5509,100,E,3159,100,F,1539,100,G,4987,100,H,5655,100
[AUTOPOS] SW-B,A,3011,100,C,4560,100,D,5411,100,E,3194,100,F,1539,100,G,4961,100,H,5657,100
[AUTOPOS] SW-B,A,3054,100,C,4555,100,D,5493,100,E,3197,100,F,1467,100,G,4981,100,H,5639,100
[AUTOPOS] SW-B,A,2974,100,C,4578,100,D,5454,100,E,3242,100,F,1530,100,G,4982,100,H,5659,100
[AUTOPOS] SW-B,A,2992,100,C,4642,100,D,5528,100,E,3180,100,F,1508,100,G,5029,100,H,5680,100
[AUTOPOS] SW-B,A,3021,100,C,4628,100,D,5468,100,E,3226,100,F,1505,100,G,4947,100,H,5642,100
[AUTOPOS] SW-B,A,2983,100,C,4527,100,D,5425,100,E,3210,100,F,1486,100,G,5071,100,H,5688,100
[AUTOPOS] SW-B,A,2996,100,C,4512,100,D,5493,100,E,3147,100,F,1484,100,G,4936,100,H,5648,100
[AUTOPOS] SW-B,A,3006,100,C,4566,100,D,5463,100,E,3184,100,F,1512,100,G,4972,100,H,5622,100
[AUTOPOS] SW-B,A,3004,100,C,4523,100,D,5427,100,E,3176,100,F,1477,100,G,5027,100,H,5630,100
[AUTOPOS] SW-B,A,2999,100,C,4558,100,D,5509,100,E,3235,100,F,1533,100,G,5002,100,H,5660,100
[AUTOPOS] SW-B,A,3026,100,C,4528,100,D,5433,100,E,3163,100,F,1516,100,G,5019,100,H,5640,100
[AUTOPOS] SW-B,A,2960,100,C,4527,100,D,5466,100,E,3181,100,F,1494,100,G,5061,100,H,5662,100
[AUTOPOS] SW-B,A,3034,100,C,4562,100,D,5409,100,E,3198,100,F,1497,100,G,4953,100,H,5645,100
[AUTOPOS] SW-B,A,2975,100,C,4545,100,D,5534,100,E,3219,100,F,1519,100,G,4989,100,H,5634,100
[AUTOPOS] SW-B,A,2968,100,C,4627,100,D,5538,100,E,3193,100,F,1469,100,G,5038,100,H,5639,100
[AUTOPOS] SW-B,A,2982,100,C,4603,100,D,5434,100,E,3198,100,F,1489,100,G,4962,100,H,5633,100
[AUTOPOS] SW-B,A,3030,100,C,4548,100,D,5479,100,E,3234,100,F,1536,100,G,4964,100,H,5655,100
[AUTOPOS] SW-B,A,3052,100,C,4579,100,D,5386,100,E,3160,100,F,1498,100,G,5043,100,H,5684,100
[AUTOPOS] SW-B,A,3016,100,C,4613,100,D,5465,100,E,3170,100,F,1490,100,G,5012,100,H,5675,100
[AUTOPOS] SW-B,A,3008,100,C,4562,100,D,5524,100,E,3224,100,F,1514,100,G,5017,100,H,5640,100
[AUTOPOS] SW-B,A,2989,100,C,4522,100,D,5444,100,E,3202,100,F,1518,100,G,5021,100,H,5669,100
[AUTOPOS] SW-B,A,2969,100,C,4601,100,D,5471,100,E,3211,100,F,1493,100,G,4985,100,H,5629,100
[AUTOPOS] SW-B,A,3027,100,C,4615,100,D,5417,100,E,3236,100,F,1490,100,G,4970,100,H,5627,100
[AUTOPOS] SW-B,A,3016,100,C,4608,100,D,5408,100,E,3174,100,F,1472,100,G,4976,100,H,5625,100
[AUTOPOS] SW-B,A,2995,100,C,4557,100,D,5469,100,E,3220,100,F,1475,100,G,5068,100,H,5672,100
[AUTOPOS] SW-B,A,3027,100,C,4565,100,D,5385,100,E,3164,100,F,1480,100,G,5062,100,H,5637,100
[AUTOPOS] SW-B,A,2993,100,C,4579,100,D,5516,100,E,3209,100,F,1517,100,G,5034,100,H,5666,100
[AUTOPOS] SW-B,A,3002,100,C,4557,100,D,5454,100,E,3183,100,F,1477,100,G,4986,100,H,5646,100
[AUTOPOS] SW-B,A,2986,100,C,4525,100,D,5428,100,E,3164,100,F,1534,100,G,5019,100,H,5679,100
[AUTOPOS] SW-B,A,3051,100,C,4579,100,D,5460,100,E,3188,100,F,1489,100,G,5062,100,H,5667,100
[AUTOPOS] SW-B,A,2991,100,C,4611,100,D,5442,100,E,3221,100,F,1474,100,G,4947,100,H,5629,100
[AUTOPOS] SW-B,A,3011,100,C,4563,100,D,5395,100,E,3190,100,F,1476,100,G,5049,100,H,5672,100
[AUTOPOS] SW-B,A,3024,100,C,4540,100,D,5426,100,E,3164,100,F,1527,100,G,5003,100,H,5662,100
[AUTOPOS] SW-B,A,3042,100,C,4546,100,D,5488,100,E,3213,100,F,1485,100,G,5034,100,H,5653,100
[AUTOPOS] SW-B,A,3052,100,C,4607,100,D,5490,100,E,3161,100,F,1446,100,G,5020,100,H,5635,100
[AUTOPOS] SW-B,A,3023,100,C,4516,100,D,5412,100,E,3266,100,F,1443,100,G,5026,100,H,5649,100
[AUTOPOS] SW-B,A,3076,100,C,4601,100,D,5498,100,E,3181,100,F,1437,100,G,5059,100,H,5626,100
[AUTOPOS] SW-B,A,3018,100,C,4555,100,D,5438,100,E,3256,100,F,1470,100,G,4976,100,H,5618,100
[AUTOPOS] SW-B,A,3046,100,C,4649,100,D,5480,100,E,3207,100,F,1484,100,G,4911,100,H,5620,100
[AUTOPOS] SW-B,A,2986,100,C,4556,100,D,5499,100,E,3233,100,F,1442,100,G,5046,100,H,5639,100
[AUTOPOS] SW-B,A,3029,100,C,4555,100,D,5513,100,E,3179,100,F,1488,100,G,5029,100,H,5622,100
[AUTOPOS] SW-B,A,3054,100,C,4573,100,D,5403,100,E,3185,100,F,1433,100,G,4902,100,H,5670,100
[AUTOPOS] SW-B,A,2978,100,C,4584,100,D,5480,100,E,3201,100,F,1446,100,G,4958,100,H,5625,100
[AUTOPOS] SW-B,A,3028,100,C,4552,100,D,5398,100,E,3165,100,F,1454,100,G,5031,100,H,5678,100
[AUTOPOS] SW-B,A,3046,100,C,4598,100,D,5433,100,E,3251,100,F,1444,100,G,5060,100,H,5633,100
[AUTOPOS] SW-B,A,3031,100,C,4624,100,D,5398,100,E,3188,100,F,1459,100,G,4964,100,H,5624,100
[AUTOPOS] SW-B,A,3033,100,C,4596,100,D,5399,100,E,3212,100,F,1423,100,G,5002,100,H,5642,100
[AUTOPOS] SW-B,A,2992,100,C,4628,100,D,5435,100,E,3240,100,F,1482,100,G,4979,100,H,5646,100
[AUTOPOS] SW-B,A,2997,100,C,4604,100,D,5421,100,E,3263,100,F,1437,100,G,4946,100,H,5618,100
[AUTOPOS] SW-B,A,3002,100,C,4606,100,D,5411,100,E,3169,100,F,1405,100,G,5020,100,H,5688,100
[AUTOPOS] SW-B,A,2989,100,C,4557,100,D,5441,100,E,3208,100,F,1432,100,G,4938,100,H,5655,100
[AUTOPOS] SW-B,A,3054,100,C,4609,100,D,5480,100,E,3178,100,F,1446,100,G,4978,100,H,5661,100
[AUTOPOS] SW-B,A,3005,100,C,4585,100,D,5463,100,E,3216,100,F,1417,100,G,4930,100,H,5624,100
[AUTOPOS] SW-B,A,3005,100,C,4619,100,D,5450,100,E,3180,100,F,1414,100,G,5001,100,H,5662,100
[AUTOPOS] SW-B,A,3040,100,C,4549,100,D,5466,100,E,3219,100,F,1394,100,G,4963,100,H,5649,100
[AUTOPOS] SW-B,A,3041,100,C,4650,100,D,5544,100,E,3183,100,F,1455,100,G,5038,100,H,5670,100
[AUTOPOS] SW-B,A,3019,100,C,4601,100,D,5447,100,E,3189,100,F,1428,100,G,4948,100,H,5644,100
[AUTOPOS] SW-B,A,3011,100,C,4630,100,D,5452,100,E,3195,100,F,1412,100,G,5041,100,H,5658,100
[AUTOPOS] SW-B,A,3008,100,C,4591,100,D,5404,100,E,3215,100,F,1438,100,G,5006,100,H,5627,100
[AUTOPOS] SW-B,A,3026,100,C,4644,100,D,5458,100,E,3184,100,F,1460,100,G,4995,100,H,5659,100
[AUTOPOS] SW-B,A,2996,100,C,4560,100,D,5463,100,E,3213,100,F,1447,100,G,5048,100,H,5650,100
[AUTOPOS] SW-B,A,3001,100,C,4592,100,D,5473,100,E,3254,100,F,1416,100,G,5042,100,H,5654,100
[AUTOPOS] SW-B,A,3009,100,C,4542,100,D,5496,100,E,3177,100,F,1418,100,G,4994,100,H,5636,100
[AUTOPOS] SW-B,A,3000,100,C,4554,100,D,5452,100,E,3219,100,F,1433,100,G,5007,100,H,5650,100
[AUTOPOS] SW-B,A,3017,100,C,4591,100,D,5507,100,E,3216,100,F,1410,100,G,5044,100,H,5657,100
[AUTOPOS] SW-B,A,3018,100,C,4580,100,D,5504,100,E,3228,100,F,1459,100,G,5009,100,H,5613,100
[AUTOPOS] SW-B,A,2973,100,C,4602,100,D,5453,100,E,3256,100,F,1452,100,G,5012,100,H,5653,100
[AUTOPOS] SW-B,A,3004,100,C,4548,100,D,5489,100,E,3283,100,F,1448,100,G,4954,100,H,5637,100
[AUTOPOS] SW-B,A,2971,100,C,4603,100,D,5480,100,E,3143,100,F,1448,100,G,5011,100,H,5667,100
[AUTOPOS] SW-B,A,3030,100,C,4551,100,D,5433,100,E,3163,100,F,1424,100,G,4994,100,H,5659,100
[AUTOPOS] SW-B,A,3010,100,C,4659,100,D,5505,100,E,3177,100,F,1450,100,G,5019,100,H,5661,100
[AUTOPOS] SW-B,A,3016,100,C,4591,100,D,5440,100,E,3202,100,F,1416,100,G,4969,100,H,5632,100
[AUTOPOS] SW-B,A,2996,100,C,4590,100,D,5484,100,E,3209,100,F,1401,100,G,5005,100,H,5619,100
[AUTOPOS] SW-B,A,3037,100,C,4619,100,D,5435,100,E,3240,100,F,1454,100,G,5023,100,H,5626,100
[AUTOPOS] SW-B,A,3024,100,C,4588,100,D,5532,100,E,3206,100,F,1460,100,G,4977,100,H,5655,100
[AUTOPOS] SW-B,A,2989,100,C,4534,100,D,5432,100,E,3213,100,F,1421,100,G,4946,100,H,5648,100
[AUTOPOS] SW-B,A,3014,100,C,4575,100,D,5481,100,E,3180,100,F,1460,100,G,4902,100,H,5677,100
[AUTOPOS] SW-B,A,2993,100,C,4580,100,D,5411,100,E,3177,100,F,1414,100,G,4962,100,H,5648,100
[AUTOPOS] SW-B,A,3041,100,C,4633,100,D,5418,100,E,3204,100,F,1432,100,G,4997,100,H,5676,100
[AUTOPOS] SW-B,A,3019,100,C,4600,100,D,5432,100,E,3161,100,F,1471,100,G,4988,100,H,5642,100
[AUTOPOS] SW-B,A,3004,100,C,4602,100,D,5500,100,E,3243,100,F,1461,100,G,5006,100,H,5650,100
[AUTOPOS] SW-B,A,3056,100,C,4596,100,D,5425,100,E,3246,100,F,1444,100,G,4910,100,H,5638,100
[AUTOPOS] SW-B,A,3027,100,C,4607,100,D,5521,100,E,3252,100,F,1470,100,G,4979,100,H,5644,100
[AUTOPOS] SW-B,A,3013,100,C,4516,100,D,5445,100,E,3234,100,F,1418,100,G,5034,100,H,5614,100
[AUTOPOS] SW-B,A,3033,100,C,4560,100,D,5420,100,E,3192,100,F,1436,100,G,5026,100,H,5603,100
[AUTOPOS] SW-B,A,3030,100,C,4584,100,D,5431,100,E,3188,100,F,1458,100,G,4976,100,H,5625,100
[AUTOPOS] SW-B,A,3022,100,C,4596,100,D,5506,100,E,3184,100,F,1414,100,G,5070,100,H,5643,100
[AUTOPOS] SW-B,A,3013,100,C,4603,100,D,5403,100,E,3212,100,F,1450,100,G,5038,100,H,5666,100
[AUTOPOS] SW-B,A,3021,100,C,4601,100,D,5471,100,E,3275,100,F,1455,100,G,5016,100,H,5629,100
[AUTOPOS] SW-B,A,3024,100,C,4649,100,D,5434,100,E,3169,100,F,1452,100,G,5041,100,H,5649,100
[AUTOPOS] SW-B,A,3007,100,C,4579,100,D,5483,100,E,3212,100,F,1422,100,G,5014,100,H,5647,100
[AUTOPOS] SW-B,A,3037,100,C,4651,100,D,5445,100,E,3177,100,F,1437,100,G,4961,100,H,5630,100
[AUTOPOS] SW-B,A,3020,100,C,4596,100,D,5472,100,E,3233,100,F,1430,100,G,4955,100,H,5647,100
[AUTOPOS] SW-B,A,3020,100,C,4550,100,D,5489,100,E,3216,100,F,1448,100,G,5028,100,H,5654,100
[AUTOPOS] SW-B,A,3033,100,C,4601,100,D,5462,100,E,3245,100,F,1422,100,G,4966,100,H,5661,100
[AUTOPOS] SW-B,A,3014,100,C,4640,100,D,5498,100,E,3216,100,F,1444,100,G,5019,100,H,5692,100
[AUTOPOS] SW-B,A,3012,100,C,4562,100,D,5371,100,E,3208,100,F,1432,100,G,5055,100,H,5669,100
[AUTOPOS] SW-B,A,3017,100,C,4622,100,D,5448,100,E,3228,100,F,1463,100,G,5063,100,H,5646,100
[AUTOPOS] SW-B,A,3022,100,C,4621,100,D,5433,100,E,3231,100,F,1397,100,G,5051,100,H,5628,100
[AUTOPOS] SW-B,A,3006,100,C,4548,100,D,5471,100,E,3239,100,F,1413,100,G,5046,100,H,5661,100
[AUTOPOS] SW-B,A,3030,100,C,4532,100,D,5491,100,E,3183,100,F,1434,100,G,4934,100,H,5663,100
[AUTOPOS] SW-B,A,3022,100,C,4563,100,D,5413,100,E,3183,100,F,1481,100,G,5032,100,H,5673,100
[AUTOPOS] SW-B,A,2984,100,C,4577,100,D,5431,100,E,3182,96,F,1431,100,G,4993,100,H,5647,100
[AUTOPOS] SW-B,A,3012,100,C,4608,100,D,5366,100,E,3261,96,F,1450,100,G,4894,100,H,5649,100
[AUTOPOS] SW-B,A,3044,100,C,4529,100,D,5493,100,E,3136,96,F,1439,100,G,4986,100,H,5655,100
[AUTOPOS] SW-B,A,3061,100,C,4611,100,D,5443,100,E,3205,96,F,1436,100,G,4920,100,H,5657,100
[AUTOPOS] SW-B,A,3039,100,C,4580,100,D,5419,100,E,3226,100,F,1433,100,G,5010,100,H,5665,100
[AUTOPOS] SW-B,A,3008,100,C,4537,100,D,5423,100,E,3192,100,F,1471,100,G,5058,100,H,5666,100
[AUTOPOS] SW-B,A,3023,100,C,4618,100,D,5484,100,E,3189,100,F,1423,100,G,4904,100,H,5636,100
[AUTOPOS] SW-B,A,2995,100,C,4536,100,D,5437,100,E,3276,100,F,1438,100,G,4954,100,H,5628,100
[AUTOPOS] SW-B,A,2999,100,C,4627,100,D,5538,100,E,3215,100,F,1432,100,G,4935,100,H,5645,100
[AUTOPOS] SW-B,A,3011,100,C,4548,100,D,5465,100,E,3231,100,F,1496,100,G,5016,100,H,5656,100
[AUTOPOS] SW-B,A,3013,100,C,4599,100,D,5440,100,E,3218,100,F,1436,100,G,5029,100,H,5641,100
[AUTOPOS] SW-B,A,2988,100,C,4600,100,D,5414,100,E,3237,100,F,1449,100,G,4950,100,H,5650,100
[AUTOPOS] SW-B,A,3046,100,C,4595,100,D,5516,100,E,3189,100,F,1451,100,G,5011,100,H,5607,100
[AUTOPOS] SW-B,A,3031,100,C,4598,100,D,5427,100,E,3195,100,F,1453,100,G,4993,100,H,5653,100
[AUTOPOS] SW-B,A,3033,100,C,4575,100,D,5398,100,E,3219,100,F,1407,100,G,5045,100,H,5618,100
[AUTOPOS] SW-B,A,3031,100,C,4584,100,D,5403,100,E,3247,100,F,1444,100,G,5005,100,H,5633,100
[AUTOPOS] SW-B,A,2997,100,C,4638,100,D,5452,100,E,3171,100,F,1450,100,G,5014,100,H,5660,100
[AUTOPOS] SW-B,A,3041,100,C,4562,100,D,5424,100,E,3168,100,F,1446,100,G,4966,100,H,5623,100
[AUTOPOS] SW-B,A,3029,100,C,4546,100,D,5430,100,E,3189,100,F,1431,100,G,4920,100,H,5645,100
[AUTOPOS] SW-B,A,2994,100,C,4596,100,D,5486,100,E,3153,100,F,1450,100,G,5030,100,H,5654,100
[AUTOPOS] SW-B,A,3033,100,C,4537,100,D,5439,100,E,3190,100,F,1440,100,G,4976,100,H,5652,100
[AUTOPOS] SW-B,A,3054,100,C,4520,100,D,5475,100,E,3197,100,F,1455,100,G,4954,100,H,5637,100
[AUTOPOS] SW-B,A,3005,100,C,4630,100,D,5407,100,E,3212,100,F,1443,100,G,5013,100,H,5611,100
[AUTOPOS] SW-B,A,3062,100,C,4521,100,D,5484,100,E,3245,100,F,1462,100,G,4942,100,H,5635,100
[AUTOPOS] SW-B,A,3009,100,C,4563,100,D,5517,100,E,3228,100,F,1466,100,G,4982,100,H,5645,100
[AUTOPOS] SW-B,A,3041,100,C,4548,100,D,5435,100,E,3284,100,F,1462,100,G,4937,100,H,5609,100
[AUTOPOS] SW-B,A,2992,100,C,4543,100,D,5358,100,E,3215,100,F,1452,100,G,5026,100,H,5631,100
[AUTOPOS] SW-B,A,3005,100,C,4564,100,D,5451,100,E,3207,100,F,1406,100,G,5018,100,H,5655,100
[AUTOPOS] SW-B,A,3028,100,C,4575,100,D,5498,100,E,3208,100,F,1440,100,G,4971,100,H,5660,100
[AUTOPOS] SW-B,A,2988,100,C,4584,100,D,5482,100,E,3226,100,F,1453,100,G,4990,100,H,5656,100
[AUTOPOS] SW-B,A,2991,100,C,4580,100,D,5462,100,E,3167,100,F,1442,100,G,4984,100,H,5677,100
[AUTOPOS] SW-B,A,2995,100,C,4634,100,D,5470,100,E,3284,100,F,1450,100,G,5023,100,H,5653,100
[AUTOPOS] SW-B,A,3052,100,C,4582,100,D,5433,100,E,3153,100,F,1452,100,G,5051,100,H,5637,100
[AUTOPOS] SW-B,A,3005,100,C,4592,100,D,5482,100,E,3160,100,F,1443,100,G,5028,100,H,5671,100
[AUTOPOS] SW-B,A,3027,100,C,4562,100,D,5452,100,E,3162,100,F,1459,100,G,4967,100,H,5612,100
[AUTOPOS] SW-B,A,3024,100,C,4545,100,D,5398,100,E,3253,100,F,1446,100,G,4943,100,H,5649,100
[AUTOPOS] SW-B,A,3015,100,C,4613,100,D,5406,100,E,3167,100,F,1465,100,G,5031,100,H,5624,100
[AUTOPOS] SW-B,A,3016,100,C,4589,100,D,5388,100,E,3203,100,F,1422,100,G,4998,100,H,5642,100
[AUTOPOS] SW-B,A,2996,100,C,4593,100,D,5417,100,E,3236,100,F,1448,100,G,5020,100,H,5623,100
[AUTOPOS] SW-B,A,3009,100,C,4540,100,D,5449,100,E,3186,100,F,1431,100,G,5002,100,H,5648,100
[AUTOPOS] SW-B,A,2999,100,C,4623,100,D,5412,100,E,3245,100,F,1455,100,G,4971,100,H,5636,100
[AUTOPOS] SW-B,A,3016,100,C,4615,100,D,5489,100,E,3189,100,F,1456,100,G,5019,100,H,5660,100
[AUTOPOS] SW-B,A,2974,100,C,4568,100,D,5414,100,E,3187,100,F,1459,100,G,4912,100,H,5680,100
[AUTOPOS] SW-B,A,3048,100,C,4539,100,D,5431,100,E,3286,100,F,1412,100,G,4987,100,H,5638,100
[AUTOPOS] SW-B,A,3019,100,C,4537,100,D,5464,100,E,3165,100,F,1431,100,G,4963,100,H,5652,100
[AUTOPOS] SW-B,A,2980,100,C,4527,100,D,5480,100,E,3275,100,F,1458,100,G,5007,100,H,5656,100
[AUTOPOS] SW-B,A,3016,100,C,4559,100,D,5475,100,E,3124,100,F,1414,100,G,5008,100,H,5631,100
[AUTOPOS] SW-B,A,3023,100,C,4604,100,D,5446,100,E,3156,100,F,1465,100,G,5011,100,H,5676,100
[AUTOPOS] SW-B,A,3084,100,C,4575,100,D,5378,100,E,3212,100,F,1460,100,G,5024,100,H,5642,100
[AUTOPOS] SW-B,A,3047,100,C,4620,100,D,5467,100,E,3212,100,F,1430,100,G,4955,100,H,5640,100
[AUTOPOS] SW-B,A,3038,100,C,4626,100,D,5454,100,E,3205,100,F,1456,100,G,5031,100,H,5627,100
[AUTOPOS] SW-B,A,3028,100,C,4585,100,D,5379,100,E,3242,100,F,1448,100,G,5060,100,H,5652,100
[AUTOPOS] SW-B,A,3004,100,C,4596,100,D,5433,100,E,3285,100,F,1444,100,G,4996,100,H,5626,100
[AUTOPOS] SW-B,A,3026,100,C,4599,100,D,5472,100,E,3204,100,F,1448,100,G,4953,100,H,5663,100
[AUTOPOS] SW-B,A,3034,100,C,4632,100,D,5499,100,E,3220,100,F,1463,100,G,5032,100,H,5675,100
[AUTOPOS] SW-B,A,2982,100,C,4585,100,D,5481,100,E,3271,100,F,1428,100,G,5016,100,H,5644,100
[AUTOPOS] SW-B,A,2996,100,C,4534,100,D,5419,100,E,3187,100,F,1444,100,G,4978,100,H,5652,100
[AUTOPOS] SW-B,A,3013,100,C,4583,100,D,5410,100,E,3161,100,F,1442,100,G,5024,100,H,5671,100
[AUTOPOS] SW-B,A,2999,100,C,4559,100,D,5424,100,E,3184,100,F,1461,100,G,4969,100,H,5635,100
[AUTOPOS] SW-B,A,3012,100,C,4531,100,D,5363,100,E,3216,100,F,1441,100,G,4962,100,H,5636,100
[AUTOPOS] SW-B,A,3032,100,C,4563,100,D,5508,100,E,3185,100,F,1435,100,G,5058,100,H,5653,100
[AUTOPOS] SW-B,A,3030,100,C,4561,100,D,5518,100,E,3192,100,F,1422,100,G,5001,100,H,5616,100
[AUTOPOS] SW-B,A,2968,100,C,4567,100,D,5533,100,E,3192,100,F,1428,100,G,4953,100,H,5679,100
[AUTOPOS] SW-B,A,3012,100,C,4578,100,D,5409,100,E,3235,100,F,1428,100,G,5026,100,H,5612,100
[AUTOPOS] SW-B,A,2983,100,C,4563,100,D,5434,100,E,3274,100,F,1450,100,G,5006,100,H,5644,100
[AUTOPOS] SW-B,A,2990,100,C,4609,100,D,5493,100,E,3219,100,F,1433,100,G,5033,100,H,5670,100
[AUTOPOS] SW-B,A,2996,100,C,4611,100,D,5412,100,E,3271,100,F,1459,100,G,5032,100,H,5624,100
[AUTOPOS] SW-B,A,3031,100,C,4612,100,D,5442,100,E,3204,100,F,1451,100,G,5004,100,H,5678,100
[AUTOPOS] SW-B,A,3013,100,C,4497,100,D,5434,100,E,3231,100,F,1458,100,G,4953,100,H,5655,100
[AUTOPOS] SW-B,A,2963,100,C,4604,100,D,5432,100,E,3205,100,F,1435,100,G,5019,100,H,5688,100
[AUTOPOS] SW-B,A,2953,100,C,4597,100,D,5482,100,E,3191,100,F,1448,100,G,4969,100,H,5652,100
[AUTOPOS] SW-B,A,3052,100,C,4531,100,D,5455,100,E,3205,100,F,1473,100,G,5004,100,H,5667,100
[AUTOPOS] SW-B,A,3000,100,C,4640,100,D,5442,100,E,3196,100,F,1434,100,G,4954,100,H,5645,100
[AUTOPOS] SW-B,A,3017,100,C,4539,100,D,5519,100,E,3208,100,F,1433,100,G,4959,100,H,5611,100
[AUTOPOS] SW-B,A,2998,100,C,4597,100,D,5455,100,E,3217,100,F,1461,100,G,4964,100,H,5689,100
[AUTOPOS] SW-B,A,2993,100,C,4549,100,D,5444,100,E,3176,100,F,1458,100,G,4959,100,H,5652,100
[AUTOPOS] SW-B,A,2973,100,C,4631,100,D,5532,100,E,3234,100,F,1449,100,G,4965,100,H,5628,100
[AUTOPOS] SW-B,A,3018,100,C,4582,100,D,5442,100,E,3173,100,F,1462,100,G,4967,100,H,5644,100
[AUTOPOS] SW-B,A,3037,100,C,4598,100,D,5406,100,E,3197,100,F,1430,100,G,4995,100,H,5630,100
[AUTOPOS] SW-B,A,3032,100,C,4551,100,D,5431,100,E,3238,100,F,1424,100,G,4961,100,H,5659,100
[AUTOPOS] SW-B,A,3001,100,C,4577,100,D,5458,100,E,3247,100,F,1425,100,G,5053,100,H,5679,100
[AUTOPOS] SW-B,A,3026,100,C,4648,100,D,5444,100,E,3242,100,F,1442,100,G,4951,100,H,5643,100
[AUTOPOS] SW-B,A,3010,100,C,4579,100,D,5477,100,E,3168,100,F,1437,100,G,4983,100,H,5635,100
[AUTOPOS] SW-B,A,3022,100,C,4595,100,D,5488,100,E,3170,100,F,1432,100,G,5044,100,H,5642,100
[AUTOPOS] SW-B,A,3023,100,C,4561,100,D,5542,100,E,3193,100,F,1401,100,G,4954,100,H,5633,100
[AUTOPOS] SW-B,A,3009,100,C,4554,100,D,5460,100,E,3269,100,F,1437,100,G,5032,100,H,5668,100
[AUTOPOS] SW-B,A,2958,100,C,4563,100,D,5519,100,E,3200,100,F,1430,100,G,4972,100,H,5627,100
[AUTOPOS] SW-B,A,3035,100,C,4526,100,D,5385,100,E,3173,100,F,1455,100,G,4999,100,H,5646,100
[AUTOPOS] SW-B,A,2987,100,C,4572,100,D,5487,100,E,3233,100,F,1431,100,G,4975,100,H,5654,100
[AUTOPOS] SW-B,A,2972,100,C,4606,100,D,5384,100,E,3226,100,F,1466,100,G,5007,100,H,5657,100
[AUTOPOS] SW-B,A,2999,100,C,4578,100,D,5449,100,E,3251,100,F,1438,100,G,4983,100,H,5666,100
[AUTOPOS] SW-B,A,3014,100,C,4566,100,D,5437,100,E,3204,100,F,1460,100,G,5003,100,H,5629,100
[AUTOPOS] SW-B,A,2990,100,C,4611,100,D,5434,100,E,3220,100,F,1419,100,G,4942,100,H,5629,100
[AUTOPOS] SW-B,A,2991,100,C,4552,100,D,5383,100,E,3223,100,F,1467,100,G,4936,100,H,5637,100
[AUTOPOS] SW-B,A,3025,100,C,4567,100,D,5445,100,E,3209,100,F,1433,100,G,4977,100,H,5639,100
[AUTOPOS] SW-B,A,3017,100,C,4567,100,D,5480,100,E,3223,100,F,1468,100,G,4979,100,H,5657,100
[AUTOPOS] SW-B,A,3006,100,C,4541,100,D,5478,100,E,3213,100,F,1455,100,G,4967,100,H,5621,100
[AUTOPOS] SW-B,A,2978,100,C,4589,100,D,5510,100,E,3180,100,F,1441,100,G,4936,100,H,5634,100
[AUTOPOS] SW-B,A,3027,100,C,4573,100,D,5527,100,E,3268,100,F,1447,100,G,4971,100,H,5658,100
[AUTOPOS] SW-B,A,2996,100,C,4620,100,D,5453,100,E,3238,100,F,1453,100,G,4969,100,H,5676,100
[AUTOPOS] SW-B,A,3021,100,C,4592,100,D,5497,100,E,3200,100,F,1451,100,G,4977,100,H,5637,100
[AUTOPOS] SW-B,A,3000,100,C,4626,100,D,5391,100,E,3244,100,F,1452,100,G,4984,100,H,5693,100
[AUTOPOS] SW-B,A,3030,100,C,4543,100,D,5442,100,E,3209,100,F,1457,100,G,5016,100,H,5652,100
[AUTOPOS] SW-B,A,3030,100,C,4575,100,D,5494,100,E,3217,100,F,1444,100,G,5030,100,H,5650,100
[AUTOPOS] SW-B,A,3007,100,C,4616,100,D,5507,100,E,3210,100,F,1437,100,G,5026,100,H,5601,100
[AUTOPOS] SW-B,A,2982,100,C,4584,100,D,5509,100,E,3244,100,F,1427,100,G,5013,100,H,5645,100
[AUTOPOS] SW-B,A,3016,100,C,4566,100,D,5450,100,E,3227,100,F,1435,100,G,4986,100,H,5653,100
[AUTOPOS] SW-B,A,3015,100,C,4574,100,D,5409,100,E,3182,100,F,1463,100,G,4970,100,H,5687,100
[AUTOPOS] SW-B,A,2969,100,C,4578,100,D,5508,100,E,3180,100,F,1437,100,G,5005,100,H,5670,100
[AUTOPOS] SW-B,A,3060,100,C,4605,100,D,5489,100,E,3229,100,F,1449,100,G,4941,100,H,5687,100
[AUTOPOS] SW-B,A,3012,100,C,4565,100,D,5439,100,E,3211,100,F,1424,100,G,4911,100,H,5638,100
[AUTOPOS] SW-B,A,3005,100,C,4563,100,D,5456,100,E,3226,100,F,1449,100,G,5023,100,H,5646,100
[AUTOPOS] SW-B,A,3023,100,C,4597,100,D,5466,100,E,3246,100,F,1445,100,G,5020,100,H,5650,100
[AUTOPOS] SW-B,A,3044,100,C,4579,100,D,5420,100,E,3227,100,F,1437,100,G,5019,100,H,5648,100
[AUTOPOS] SW-B,A,3005,100,C,4553,100,D,5410,100,E,3276,100,F,1442,100,G,5047,100,H,5634,100
[AUTOPOS] SW-B,A,2989,100,C,4547,100,D,5381,100,E,3254,100,F,1445,100,G,4969,100,H,5645,100
[AUTOPOS] SW-B,A,2982,100,C,4620,100,D,5410,100,E,3213,100,F,1475,100,G,5040,100,H,5631,100
[AUTOPOS] SW-B,A,3025,100,C,4579,100,D,5370,100,E,3236,100,F,1432,100,G,4955,100,H,5666,100
[AUTOPOS] SW-B,A,2953,100,C,4597,100,D,5423,100,E,3201,100,F,1463,100,G,5050,100,H,5660,100
[AUTOPOS] SW-B,A,3034,100,C,4581,100,D,5525,100,E,3224,100,F,1429,100,G,4965,100,H,5635,100
[AUTOPOS] SW-B,A,3023,100,C,4600,100,D,5443,100,E,3231,100,F,1419,100,G,4922,100,H,5624,100
[AUTOPOS] SW-B,A,3023,100,C,4577,100,D,5424,100,E,3227,100,F,1462,100,G,4989,100,H,5622,100
[AUTOPOS] SW-B,A,3031,100,C,4554,100,D,5457,100,E,3224,100,F,1427,100,G,4943,100,H,5629,100
[AUTOPOS] SW-B,A,3039,100,C,4574,100,D,5522,100,E,3199,100,F,1442,100,G,4981,100,H,5646,100
[AUTOPOS] SW-B,A,3050,100,C,4593,100,D,5397,100,E,3221,100,F,1438,100,G,4975,100,H,5647,100
[AUTOPOS] SW-B,A,2970,100,C,4530,100,D,5411,100,E,3220,100,F,1433,100,G,4986,100,H,5648,100
[AUTOPOS] SW-B,A,3009,100,C,4552,100,D,5504,100,E,3257,100,F,1454,100,G,4936,100,H,5630,100
[AUTOPOS] SW-B,A,3041,100,C,4560,100,D,5513,100,E,3220,100,F,1478,100,G,5000,100,H,5664,100
[AUTOPOS] SW-B,A,2965,100,C,4592,100,D,5505,100,E,3220,100,F,1432,100,G,5030,100,H,5657,100
[AUTOPOS] SW-B,A,3041,100,C,4551,100,D,5443,100,E,3215,100,F,1420,100,G,5063,100,H,5693,100
[AUTOPOS] SW-B,A,3008,100,C,4602,100,D,5506,100,E,3196,100,F,1461,100,G,4997,100,H,5644,100
[AUTOPOS] SW-B,A,3064,100,C,4547,100,D,5476,100,E,3249,100,F,1432,100,G,4976,100,H,5698,100
[AUTOPOS] SW-B,A,2997,100,C,4582,100,D,5404,100,E,3256,100,F,1430,100,G,5015,100,H,5668,100
[AUTOPOS] SW-B,A,3050,100,C,4579,100,D,5458,100,E,3256,100,F,1452,100,G,4934,100,H,5639,100
[AUTOPOS] SW-B,A,3056,100,C,4571,100,D,5464,100,E,3208,100,F,1463,100,G,5016,100,H,5637,100
[AUTOPOS] SW-B,A,3064,100,C,4592,100,D,5432,100,E,3224,100,F,1450,100,G,4986,100,H,5645,100
[AUTOPOS] SW-B,A,2968,100,C,4572,100,D,5517,100,E,3197,100,F,1467,100,G,5002,100,H,5675,100
[AUTOPOS] SW-B,A,3000,100,C,4551,100,D,5444,100,E,3208,100,F,1445,100,G,5048,100,H,5647,100
[AUTOPOS] SW-B,A,2987,100,C,4631,100,D,5524,100,E,3174,100,F,1458,100,G,4949,100,H,5654,100
[AUTOPOS] SW-B,A,2989,100,C,4576,100,D,5486,100,E,3215,100,F,1457,100,G,5002,100,H,5645,100
[AUTOPOS] SW-B,A,2964,100,C,4587,100,D,5458,100,E,3207,100,F,1441,100,G,4966,100,H,5632,100
[AUTOPOS] SW-B,A,2970,100,C,4551,100,D,5438,100,E,3193,100,F,1433,100,G,5005,100,H,5639,100
[AUTOPOS] SW-B,A,3067,100,C,4610,100,D,5406,100,E,3192,100,F,1433,100,G,4980,100,H,5653,100
[AUTOPOS] SW-B,A,3012,100,C,4537,100,D,5548,100,E,3189,100,F,1457,100,G,5027,100,H,5651,100
[AUTOPOS] SW-B,A,3038,100,C,4593,100,D,5470,100,E,3203,100,F,1459,100,G,4983,100,H,5644,100
[AUTOPOS] SW-B,A,2974,100,C,4564,100,D,5450,100,E,3204,100,F,1423,100,G,5004,100,H,5668,100
[AUTOPOS] SW-B,A,2969,100,C,4573,100,D,5499,100,E,3197,100,F,1424,100,G,5002,100,H,5634,100
[AUTOPOS] SW-B,A,3008,100,C,4588,100,D,5482,100,E,3196,100,F,1465,100,G,4977,100,H,5651,100
[AUTOPOS] SW-B,A,3036,100,C,4552,100,D,5478,100,E,3226,100,F,1442,100,G,4977,100,H,5667,100
[AUTOPOS] SW-B,A,3037,100,C,4625,100,D,5398,100,E,3208,100,F,1455,100,G,5015,100,H,5660,100
[AUTOPOS] SW-B,A,3000,100,C,4527,100,D,5513,100,E,3221,100,F,1436,100,G,5013,100,H,5650,100
[AUTOPOS] SW-B,A,3009,100,C,4540,100,D,5436,100,E,3253,100,F,1418,100,G,4962,100,H,5618,100
[AUTOPOS] SW-B,A,3038,100,C,4624,100,D,5496,100,E,3238,100,F,1476,100,G,4980,100,H,5661,100
[AUTOPOS] SW-B,A,2997,100,C,4533,100,D,5412,100,E,3187,100,F,1442,100,G,4995,100,H,5662,100
[AUTOPOS] SW-B,A,2952,100,C,4598,100,D,5405,100,E,3251,100,F,1449,100,G,5000,100,H,5675,100
[AUTOPOS] SW-B,A,2974,100,C,4546,100,D,5473,100,E,3176,100,F,1429,100,G,4966,100,H,5644,100
[AUTOPOS] SW-B,A,2954,100,C,4580,100,D,5500,100,E,3183,100,F,1422,100,G,4999,100,H,5656,100
[AUTOPOS] SW-B,A,3015,100,C,4627,100,D,5448,100,E,3245,100,F,1423,100,G,4946,100,H,5650,100
[AUTOPOS] SW-B,A,3042,100,C,4547,100,D,5472,100,E,3257,100,F,1435,100,G,4981,100,H,5633,100
[AUTOPOS] SW-B,A,2967,100,C,4563,100,D,5447,100,E,3217,100,F,1460,100,G,4968,100,H,5664,100
[AUTOPOS] SW-B,A,2980,100,C,4567,100,D,5420,100,E,3201,100,F,1429,100,G,4951,100,H,5671,100
[AUTOPOS] SW-B,A,3016,100,C,4568,100,D,5484,100,E,3235,100,F,1435,100,G,4982,100,H,5657,100
[AUTOPOS] SW-B,A,3024,100,C,4578,100,D,5529,100,E,3210,100,F,1489,100,G,5011,100,H,5674,100
[AUTOPOS] SW-B,A,3046,100,C,4588,100,D,5441,100,E,3218,100,F,1472,100,G,4974,100,H,5621,100
[AUTOPOS] SW-B,A,3014,100,C,4513,100,D,5506,100,E,3184,100,F,1439,100,G,4974,100,H,5640,100
[AUTOPOS] SW-B,A,3005,100,C,4605,100,D,5386,100,E,3236,100,F,1436,100,G,5000,100,H,5629,100
[AUTOPOS] SW-B,A,3031,100,C,4538,100,D,5432,100,E,3183,100,F,1467,100,G,5017,100,H,5688,100
[AUTOPOS] SW-B,A,2957,100,C,4602,100,D,5480,100,E,3183,100,F,1415,100,G,4997,100,H,5692,100
[AUTOPOS] SW-B,A,3020,100,C,4602,100,D,5425,100,E,3258,100,F,1424,100,G,4985,100,H,5659,100
[AUTOPOS] SW-B,A,3008,100,C,4568,100,D,5501,100,E,3258,100,F,1464,100,G,4972,100,H,5632,100
[AUTOPOS] SW-B,A,2987,100,C,4598,100,D,5433,100,E,3225,100,F,1472,100,G,4956,100,H,5646,100
[AUTOPOS] SW-B,A,3004,100,C,4564,100,D,5458,100,E,3238,100,F,1437,100,G,4969,100,H,5662,100
[AUTOPOS] SW-B,A,2967,100,C,4530,100,D,5453,100,E,3211,100,F,1438,100,G,5046,100,H,5690,100
[AUTOPOS] SW-B,A,3030,100,C,4562,100,D,5422,100,E,3188,100,F,1469,100,G,4954,100,H,5676,100
[AUTOPOS] SW-B,A,2981,100,C,4607,100,D,5460,100,E,3238,100,F,1436,100,G,4964,100,H,5662,100
[AUTOPOS] SW-B,A,3040,100,C,4511,100,D,5489,100,E,3233,100,F,1414,100,G,4920,100,H,5648,100
[AUTOPOS] SW-B,A,2994,100,C,4602,100,D,5525,100,E,3251,100,F,1416,100,G,4955,100,H,5641,100
[AUTOPOS] SW-B,A,3029,100,C,4540,100,D,5499,100,E,3208,100,F,1480,100,G,4987,100,H,5678,100
[AUTOPOS] SW-B,A,3029,100,C,4609,100,D,5490,100,E,3220,100,F,1460,100,G,4976,100,H,5626,100
[AUTOPOS] SW-B,A,3047,100,C,4604,100,D,5502,100,E,3254,100,F,1428,100,G,5026,100,H,5660,100
[AUTOPOS] SW-B,A,3027,100,C,4578,100,D,5493,100,E,3191,100,F,1442,100,G,5007,100,H,5644,100
[AUTOPOS] SW-B,A,3012,100,C,4532,100,D,5503,100,E,3249,100,F,1409,100,G,4989,100,H,5640,100
[AUTOPOS] SW-B,A,2985,100,C,4569,100,D,5432,100,E,3215,100,F,1476,100,G,4930,100,H,5625,100
[AUTOPOS] SW-B,A,3073,100,C,4540,100,D,5408,100,E,3217,100,F,1442,100,G,4988,100,H,5663,100
[AUTOPOS] SW-B,A,3034,100,C,4577,100,D,5462,100,E,3212,100,F,1416,100,G,4958,100,H,5675,100
[AUTOPOS] SW-B,A,2994,100,C,4585,100,D,5490,100,E,3271,100,F,1444,100,G,4954,100,H,5645,100
[AUTOPOS] SW-B,A,2973,100,C,4562,100,D,5448,100,E,3203,100,F,1459,100,G,4997,100,H,5635,100
[AUTOPOS] SW-B,A,3012,100,C,4604,100,D,5425,100,E,3239,100,F,1441,100,G,4956,100,H,5634,100
[AUTOPOS] SW-B,A,3008,100,C,4548,100,D,5494,100,E,3193,100,F,1448,100,G,4991,100,H,5653,100
[AUTOPOS] SW-B,A,2973,100,C,4566,100,D,5461,100,E,3222,100,F,1414,100,G,4957,100,H,5655,100
[AUTOPOS] SW-B,A,3055,100,C,4551,100,D,5451,100,E,3207,100,F,1457,100,G,4982,100,H,5674,100
[AUTOPOS] SW-B,A,2956,100,C,4583,100,D,5488,100,E,3180,100,F,1450,100,G,4979,100,H,5649,100
[AUTOPOS] SW-B,A,3059,100,C,4511,100,D,5364,100,E,3218,100,F,1456,100,G,4958,100,H,5638,100
[AUTOPOS] SW-B,A,3046,100,C,4559,100,D,5454,100,E,3259,100,F,1445,100,G,4985,100,H,5657,100
[AUTOPOS] SW-B,A,3051,100,C,4549,100,D,5418,100,E,3225,100,F,1456,100,G,4994,100,H,5651,100
[AUTOPOS] SW-B,A,3033,100,C,4574,100,D,5498,100,E,3193,100,F,1475,100,G,5016,100,H,5636,100
[AUTOPOS] SW-B,A,3044,100,C,4549,100,D,5453,100,E,3227,100,F,1465,100,G,5007,100,H,5638,100
[AUTOPOS] SW-B,A,2999,100,C,4539,100,D,5445,100,E,3230,100,F,1431,100,G,4965,100,H,5695,100
[AUTOPOS] SW-B,A,3016,100,C,4574,100,D,5444,100,E,3174,100,F,1453,100,G,5014,100,H,5658,100
[AUTOPOS] SW-B,A,2984,100,C,4571,100,D,5448,100,E,3219,100,F,1422,100,G,5000,100,H,5630,100
[AUTOPOS] SW-B,A,3066,100,C,4513,100,D,5494,100,E,3212,100,F,1428,100,G,4967,100,H,5641,100
[AUTOPOS] SW-B,A,3002,100,C,4596,100,D,5429,100,E,3195,100,F,1431,100,G,5041,100,H,5645,100
[AUTOPOS] SW-B,A,3019,100,C,4625,100,D,5515,100,E,3234,100,F,1444,100,G,5029,100,H,5666,100
[AUTOPOS] SW-B,A,3012,100,C,4524,100,D,5473,100,E,3221,100,F,1451,100,G,4959,100,H,5644,100
[AUTOPOS] SW-B,A,2981,100,C,4543,100,D,5434,100,E,3206,100,F,1459,100,G,4971,100,H,5649,100
[AUTOPOS] SW-B,A,2981,100,C,4510,100,D,5479,100,E,3261,100,F,1465,100,G,4965,100,H,5675,100
[AUTOPOS] SW-B,A,2964,100,C,4537,100,D,5456,100,E,3231,100,F,1446,100,G,4983,100,H,5618,100
[AUTOPOS] SW-B,A,3054,100,C,4509,100,D,5402,100,E,3177,100,F,1454,100,G,4991,100,H,5644,100
[AUTOPOS] SW-B,A,3041,100,C,4586,100,D,5440,100,E,3225,100,F,1437,100,G,5018,100,H,5661,100
[AUTOPOS] SW-B,A,3058,100,C,4519,100,D,5434,100,E,3191,100,F,1419,100,G,5047,100,H,5637,100
[AUTOPOS] SW-B,A,2954,100,C,4584,100,D,5470,100,E,3205,100,F,1419,100,G,4949,100,H,5635,100
[AUTOPOS] SW-B,A,3028,100,C,4604,100,D,5469,100,E,3257,100,F,1493,100,G,4921,100,H,5634,100
[AUTOPOS] SW-B,A,3020,100,C,4611,100,D,5435,100,E,3198,100,F,1495,100,G,4947,100,H,5649,100
[AUTOPOS] SW-B,A,3055,100,C,4631,100,D,5484,100,E,3189,100,F,1420,100,G,5015,100,H,5655,100
[AUTOPOS] SW-B,A,2994,100,C,4605,100,D,5506,100,E,3196,100,F,1432,100,G,4986,100,H,5696,100
[AUTOPOS] SW-B,A,3051,100,C,4555,100,D,5387,100,E,3226,100,F,1450,100,G,4891,100,H,5634,100
[AUTOPOS] SW-B,A,2994,100,C,4572,100,D,5511,100,E,3205,100,F,1473,100,G,5010,100,H,5695,100
[AUTOPOS] SW-B,A,3049,100,C,4559,100,D,5509,100,E,3245,100,F,1445,100,G,4973,100,H,5643,100
[AUTOPOS] SW-B,A,3029,100,C,4580,100,D,5462,100,E,3186,100,F,1450,100,G,4985,100,H,5654,100
[AUTOPOS] SW-B,A,3032,100,C,4568,100,D,5378,100,E,3221,100,F,1459,100,G,5010,100,H,5642,100
[AUTOPOS] SW-B,A,2977,100,C,4595,100,D,5481,100,E,3251,100,F,1433,100,G,5009,100,H,5638,100
[AUTOPOS] SW-B,A,2990,100,C,4544,100,D,5465,100,E,3206,100,F,1451,100,G,4960,100,H,5636,100
[AUTOPOS] SW-B,A,3054,100,C,4580,100,D,5473,100,E,3227,100,F,1445,100,G,4959,100,H,5654,100
[AUTOPOS] SW-B,A,2985,100,C,4601,100,D,5368,100,E,3190,100,F,1464,100,G,4979,100,H,5660,100
[AUTOPOS] SW-B,A,2993,100,C,4579,100,D,5439,100,E,3247,100,F,1464,100,G,5011,100,H,5651,100
[AUTOPOS] SW-B,A,3047,100,C,4613,100,D,5488,100,E,3175,100,F,1454,100,G,5016,100,H,5609,100
[AUTOPOS] SW-B,A,3042,100,C,4594,100,D,5482,100,E,3222,100,F,1446,100,G,4972,100,H,5642,100
[AUTOPOS] SW-B,A,2989,100,C,4492,100,D,5409,100,E,3233,100,F,1456,100,G,4992,100,H,5622,100
[AUTOPOS] SW-B,A,2989,100,C,4633,100,D,5484,100,E,3254,100,F,1418,100,G,4983,100,H,5652,100
[AUTOPOS] SW-B,A,3039,100,C,4533,100,D,5521,100,E,3248,100,F,1476,100,G,5009,100,H,5648,100
[AUTOPOS] SW-B,A,2991,100,C,4542,100,D,5513,100,E,3202,100,F,1399,100,G,4971,100,H,5700,100
[AUTOPOS] SW-B,A,3046,100,C,4547,100,D,5490,100,E,3199,100,F,1440,100,G,5011,100,H,5647,100
[AUTOPOS] SW-B,A,3028,100,C,4645,100,D,5501,100,E,3198,100,F,1464,100,G,5002,100,H,5654,100
[AUTOPOS] SW-B,A,2982,100,C,4532,100,D,5473,100,E,3199,100,F,1466,100,G,4940,100,H,5692,100
[AUTOPOS] SW-B,A,3024,100,C,4576,100,D,5448,100,E,3186,100,F,1416,100,G,5010,100,H,5635,100
[AUTOPOS] SW-B,A,2986,100,C,4541,100,D,5421,100,E,3222,100,F,1429,100,G,4972,100,H,5649,100
[AUTOPOS] SW-B,A,3019,100,C,4532,100,D,5446,100,E,3234,100,F,1440,100,G,4897,100,H,5666,100
[AUTOPOS] SW-B,A,3027,100,C,4534,100,D,5500,100,E,3209,100,F,1489,100,G,4980,100,H,5662,100
[AUTOPOS] SW-B,A,3050,100,C,4573,100,D,5431,100,E,3175,100,F,1452,100,G,4949,100,H,5646,100
[AUTOPOS] SW-B,A,3009,100,C,4586,100,D,5478,100,E,3240,100,F,1432,100,G,5037,100,H,5638,100
[AUTOPOS] SW-B,A,3056,100,C,4527,100,D,5421,100,E,3243,100,F,1409,100,G,4970,100,H,5651,100
[AUTOPOS] SW-B,A,3042,100,C,4511,100,D,5450,100,E,3248,100,F,1429,100,G,4958,100,H,5647,100
[AUTOPOS] SW-B,A,3021,100,C,4572,100,D,5402,100,E,3211,100,F,1458,100,G,5006,100,H,5666,100
[AUTOPOS] SW-B,A,3009,100,C,4533,100,D,5409,100,E,3206,100,F,1435,100,G,5002,100,H,5688,100
[AUTOPOS] SW-B,A,3000,100,C,4570,100,D,5436,100,E,3181,100,F,1485,100,G,5029,100,H,5634,100
[AUTOPOS] SW-B,A,3030,100,C,4541,100,D,5473,100,E,3228,100,F,1436,100,G,4946,100,H,5671,100
[AUTOPOS] SW-B,A,3003,100,C,4607,100,D,5450,100,E,3196,100,F,1467,100,G,4972,100,H,5649,100
[AUTOPOS] SW-B,A,3028,100,C,4620,100,D,5472,100,E,3245,100,F,1436,100,G,5001,100,H,5604,100
[AUTOPOS] SW-B,A,2998,100,C,4543,100,D,5459,100,E,3224,100,F,1399,100,G,4945,100,H,5632,100
[AUTOPOS] SW-B,A,3055,100,C,4550,100,D,5443,100,E,3242,100,F,1423,100,G,4934,100,H,5633,100
[AUTOPOS] SW-B,A,2967,100,C,4553,100,D,5487,100,E,3239,100,F,1433,100,G,5036,100,H,5679,100
[AUTOPOS] SW-B,A,2992,100,C,4622,100,D,5399,100,E,3217,100,F,1425,100,G,5031,100,H,5688,100
[AUTOPOS] SW-B,A,3048,100,C,4558,100,D,5459,100,E,3213,100,F,1428,100,G,4955,100,H,5641,100
[AUTOPOS] SW-B,A,3001,100,C,4555,100,D,5436,100,E,3199,100,F,1396,100,G,5027,100,H,5646,100
[AUTOPOS] SW-B,A,2989,100,C,4504,100,D,5424,100,E,3243,100,F,1423,100,G,4985,100,H,5649,100
[AUTOPOS] SW-B,A,3037,100,C,4538,100,D,5477,100,E,3259,100,F,1471,100,G,4995,100,H,5644,100
[AUTOPOS] SW-B,A,3037,100,C,4506,100,D,5450,100,E,3259,100,F,1436,100,G,4993,100,H,5686,100
[AUTOPOS] SW-B,A,3014,100,C,4504,100,D,5515,100,E,3192,100,F,1492,100,G,4951,100,H,5658,100
[AUTOPOS] SW-B,A,3034,100,C,4572,100,D,5513,100,E,3245,100,F,1448,100,G,4937,100,H,5626,100
[AUTOPOS] SW-B,A,2997,100,C,4578,100,D,5442,100,E,3220,100,F,1481,100,G,4970,100,H,5611,100
[AUTOPOS] SW-B,A,3022,100,C,4592,100,D,5503,100,E,3197,100,F,1486,100,G,4965,100,H,5679,100
[AUTOPOS] SW-B,A,3004,100,C,4607,100,D,5441,100,E,3189,100,F,1449,100,G,4996,100,H,5654,100
[AUTOPOS] SW-B,A,2997,100,C,4563,100,D,5421,100,E,3244,100,F,1419,100,G,5037,100,H,5624,100
[AUTOPOS] SW-B,A,2997,100,C,4658,100,D,5408,100,E,3211,100,F,1455,100,G,4968,100,H,5617,100
[AUTOPOS] SW-B,A,3030,100,C,4566,100,D,5443,100,E,3195,100,F,1422,100,G,4987,100,H,5677,100
[AUTOPOS] SW-B,A,3010,100,C,4588,100,D,5468,100,E,3219,100,F,1493,100,G,4931,100,H,5649,100
[AUTOPOS] SW-B,A,3015,100,C,4569,100,D,5453,100,E,3250,100,F,1468,100,G,5038,100,H,5646,100
[AUTOPOS] SW-B,A,3011,100,C,4547,100,D,5429,100,E,3193,100,F,1406,100,G,4988,100,H,5705,100
[AUTOPOS] SW-B,A,2992,100,C,4641,100,D,5479,100,E,3193,100,F,1451,100,G,4978,100,H,5657,100
[AUTOPOS] SW-B,A,3019,100,C,4589,100,D,5448,100,E,3233,96,F,1415,100,G,5003,100,H,5628,100
[AUTOPOS] SW-B,A,2994,100,C,4512,100,D,5475,100,E,3197,96,F,1397,100,G,5051,100,H,5618,100
[AUTOPOS] SW-B,A,3047,100,C,4576,100,D,5448,100,E,3251,96,F,1423,100,G,4948,100,H,5664,100
[AUTOPOS] SW-B,A,3013,100,C,4565,100,D,5467,100,E,3203,96,F,1499,100,G,5007,100,H,5653,100
[AUTOPOS] SW-B,A,3018,100,C,4534,100,D,5458,100,E,3179,96,F,1440,100,G,5036,100,H,5672,100
[AUTOPOS] SW-B,A,2993,100,C,4537,100,D,5445,100,E,3268,96,F,1419,100,G,4921,100,H,5644,100
[AUTOPOS] SW-B,A,2982,100,C,4527,100,D,5431,100,E,3270,96,F,1412,100,G,4938,100,H,5645,100
[AUTOPOS] SW-B,A,3005,100,C,4530,100,D,5474,100,E,3216,100,F,1495,100,G,4983,100,H,5643,100
[AUTOPOS] SW-B,A,3014,100,C,4498,100,D,5454,100,E,3153,100,F,1462,100,G,4961,100,H,5679,100
[AUTOPOS] SW-B,A,3035,100,C,4565,100,D,5514,100,E,3188,100,F,1410,100,G,5002,100,H,5639,100
[AUTOPOS] SW-B,A,2991,100,C,4568,100,D,5453,100,E,3223,100,F,1441,100,G,5023,100,H,5638,100
[AUTOPOS] SW-B,A,3004,100,C,4554,100,D,5464,100,E,3173,100,F,1440,100,G,5008,100,H,5631,100
[AUTOPOS] SW-B,A,3037,100,C,4536,100,D,5442,100,E,3219,100,F,1469,100,G,5036,100,H,5615,100
[AUTOPOS] SW-B,A,3019,100,C,4532,100,D,5462,100,E,3195,100,F,1472,100,G,5006,100,H,5644,100
[AUTOPOS] SW-B,A,3004,100,C,4586,100,D,5455,100,E,3201,100,F,1426,100,G,4997,100,H,5627,100
[AUTOPOS] SW-B,A,3001,100,C,4531,100,D,5541,100,E,3159,100,F,1474,100,G,5020,100,H,5642,100
[AUTOPOS] SW-B,A,3020,100,C,4532,100,D,5441,100,E,3210,100,F,1436,100,G,4965,100,H,5639,100
[AUTOPOS] SW-B,A,3059,100,C,4581,100,D,5465,100,E,3191,100,F,1420,100,G,5037,100,H,5639,100
[AUTOPOS] SW-B,A,2986,100,C,4505,100,D,5469,100,E,3245,100,F,1468,100,G,5054,100,H,5648,100
[AUTOPOS] SW-B,A,3021,100,C,4549,100,D,5497,100,E,3211,100,F,1411,100,G,4964,100,H,5691,100
[AUTOPOS] SW-B,A,3015,100,C,4564,100,D,5439,100,E,3210,100,F,1431,100,G,5005,100,H,5604,100
[AUTOPOS] SW-B,A,3016,100,C,4598,100,D,5395,100,E,3226,100,F,1416,100,G,5019,100,H,5689,100
[AUTOPOS] SW-B,A,3021,100,C,4601,100,D,5433,100,E,3164,100,F,1444,100,G,4995,100,H,5636,100
[AUTOPOS] SW-B,A,3008,100,C,4595,100,D,5413,100,E,3237,100,F,1480,100,G,4962,100,H,5623,100
[AUTOPOS] SW-B,A,3007,100,C,4549,100,D,5481,100,E,3227,100,F,1449,100,G,4980,100,H,5668,100
[AUTOPOS] SW-B,A,3032,100,C,4595,100,D,5508,100,E,3235,100,F,1481,100,G,5004,100,H,5689,100
[AUTOPOS] SW-B,A,3022,100,C,4578,100,D,5373,100,E,3209,100,F,1408,100,G,5043,100,H,5640,100
[AUTOPOS] SW-B,A,3018,100,C,4558,100,D,5394,100,E,3226,100,F,1422,100,G,4972,100,H,5612,100
[AUTOPOS] SW-B,A,3019,100,C,4593,100,D,5445,100,E,3228,100,F,1412,100,G,4994,100,H,5653,100
[AUTOPOS] SW-B,A,3026,100,C,4566,100,D,5378,100,E,3207,100,F,1441,100,G,5005,100,H,5632,100
[AUTOPOS] SW-B,A,3035,100,C,4535,100,D,5436,100,E,3237,100,F,1452,100,G,5000,100,H,5674,100
[AUTOPOS] SW-B,A,3011,100,C,4583,100,D,5488,100,E,3187,100,F,1450,100,G,5009,100,H,5675,100
[AUTOPOS] SW-B,A,3021,100,C,4506,100,D,5455,100,E,3194,100,F,1444,100,G,4942,100,H,5628,100
[AUTOPOS] SW-B,A,3003,100,C,4560,100,D,5536,100,E,3241,100,F,1452,100,G,4995,100,H,5648,100
[AUTOPOS] SW-B,A,3017,100,C,4499,100,D,5492,100,E,3216,100,F,1440,100,G,4973,100,H,5633,100
[AUTOPOS] SW-B,A,2978,100,C,4625,100,D,5456,100,E,3196,100,F,1389,100,G,4968,100,H,5647,100
[AUTOPOS] SW-B,A,3040,100,C,4483,100,D,5413,100,E,3212,100,F,1469,100,G,4967,100,H,5635,100
[AUTOPOS] SW-B,A,3031,100,C,4528,100,D,5443,100,E,3261,100,F,1485,100,G,5021,100,H,5672,100
[AUTOPOS] SW-B,A,3024,100,C,4581,100,D,5516,100,E,3209,100,F,1469,100,G,4983,100,H,5631,100
[AUTOPOS] SW-B,A,3014,100,C,4583,100,D,5490,100,E,3236,100,F,1474,100,G,4938,100,H,5627,100
[AUTOPOS] SW-B,A,3038,100,C,4557,100,D,5512,100,E,3268,100,F,1465,100,G,4976,100,H,5636,100
[AUTOPOS] SW-B,A,3009,100,C,4500,100,D,5466,100,E,3233,100,F,1442,100,G,4960,100,H,5645,100
[AUTOPOS] SW-B,A,3025,100,C,4489,100,D,5448,100,E,3211,100,F,1434,100,G,4935,100,H,5639,100
[AUTOPOS] SW-B,A,3036,100,C,4604,100,D,5437,100,E,3199,100,F,1468,100,G,4986,100,H,5673,100
[AUTOPOS] SW-B,A,3026,100,C,4560,100,D,5478,100,E,3262,100,F,1447,100,G,5026,100,H,5622,100
[AUTOPOS] SW-B,A,3017,100,C,4561,100,D,5430,100,E,3229,100,F,1418,100,G,4980,100,H,5641,100
[AUTOPOS] SW-B,A,3006,100,C,4487,100,D,5439,100,E,3242,100,F,1442,100,G,4962,100,H,5648,100
[AUTOPOS] SW-B,A,2994,100,C,4566,100,D,5421,100,E,3167,100,F,1412,100,G,4968,100,H,5675,100
[AUTOPOS] SW-B,A,3046,100,C,4512,100,D,5448,100,E,3205,100,F,1423,100,G,4977,100,H,5685,100
[AUTOPOS] SW-B,A,3017,100,C,4588,100,D,5438,100,E,3189,100,F,1482,100,G,4994,100,H,5678,100
[AUTOPOS] SW-B,A,3054,100,C,4594,100,D,5475,100,E,3222,100,F,1425,100,G,4979,100,H,5595,100
[AUTOPOS] SW-B,A,3007,100,C,4583,100,D,5448,100,E,3217,100,F,1446,100,G,5000,100,H,5645,100
[AUTOPOS] SW-B,A,3029,100,C,4596,100,D,5464,100,E,3179,100,F,1446,100,G,5033,100,H,5629,100
[AUTOPOS] SW-B,A,3043,100,C,4637,100,D,5462,100,E,3236,100,F,1447,100,G,4925,100,H,5660,100
[AUTOPOS] SW-B,A,3035,100,C,4553,100,D,5483,100,E,3235,100,F,1420,100,G,4997,100,H,5694,100
[AUTOPOS] SW-B,A,3036,100,C,4573,100,D,5479,100,E,3174,100,F,1417,100,G,4925,100,H,5638,100
[AUTOPOS] SW-B,A,3023,100,C,4580,100,D,5502,100,E,3225,100,F,1481,100,G,4958,100,H,5654,100
[AUTOPOS] SW-B,A,3026,100,C,4579,100,D,5395,100,E,3257,100,F,1444,100,G,4957,100,H,5641,100
[AUTOPOS] SW-B,A,3033,100,C,4564,100,D,5459,100,E,3228,100,F,1449,100,G,4978,100,H,5657,100
[AUTOPOS] SW-B,A,3024,100,C,4555,100,D,5427,100,E,3208,100,F,1473,100,G,5010,100,H,5657,100
[AUTOPOS] SW-B,A,3021,100,C,4631,100,D,5507,100,E,3204,100,F,1474,100,G,4932,100,H,5650,100
[AUTOPOS] SW-B,A,3015,100,C,4568,100,D,5386,100,E,3257,100,F,1423,100,G,4981,100,H,5687,100
[AUTOPOS] SW-B,A,3012,100,C,4554,100,D,5455,100,E,3234,100,F,1408,100,G,5006,100,H,5615,100
[AUTOPOS] SW-B,A,3036,100,C,4584,100,D,5433,100,E,3202,100,F,1442,100,G,5010,100,H,5615,100
[AUTOPOS] SW-B,A,2999,100,C,4567,100,D,5537,100,E,3190,100,F,1456,100,G,4967,100,H,5675,100
[AUTOPOS] SW-B,A,3013,100,C,4548,100,D,5476,100,E,3288,100,F,1467,100,G,4999,100,H,5650,100
[AUTOPOS] SW-B,A,3029,100,C,4546,100,D,5474,100,E,3210,100,F,1484,100,G,4965,100,H,5637,100
[AUTOPOS] SW-B,A,3010,100,C,4597,100,D,5435,100,E,3205,100,F,1453,100,G,4964,100,H,5674,100
[AUTOPOS] SW-B,A,2998,100,C,4517,100,D,5428,100,E,3241,100,F,1426,100,G,5017,100,H,5639,100
[AUTOPOS] SW-B,A,2985,100,C,4590,100,D,5446,100,E,3182,100,F,1436,100,G,4886,100,H,5602,100
[AUTOPOS] SW-B,A,3011,100,C,4602,100,D,5459,100,E,3192,100,F,1400,100,G,4945,100,H,5645,100
[AUTOPOS] SW-B,A,3023,100,C,4584,100,D,5440,100,E,3180,100,F,1420,100,G,5045,100,H,5617,100
[AUTOPOS] SW-B,A,3034,100,C,4634,100,D,5457,100,E,3247,100,F,1406,100,G,4921,100,H,5663,100
[AUTOPOS] SW-B,A,3020,100,C,4575,100,D,5448,100,E,3183,100,F,1435,100,G,4920,100,H,5684,100
[AUTOPOS] SW-B,A,3038,100,C,4593,100,D,5480,100,E,3201,100,F,1458,100,G,5009,100,H,5629,100
[AUTOPOS] SW-B,A,3016,100,C,4525,100,D,5378,100,E,3194,100,F,1412,100,G,4987,100,H,5659,100
[AUTOPOS] SW-B,A,2975,100,C,4610,100,D,5472,100,E,3192,100,F,1439,100,G,4951,100,H,5640,100
[AUTOPOS] SW-B,A,2984,100,C,4556,100,D,5383,100,E,3198,100,F,1455,100,G,5002,100,H,5676,100
[AUTOPOS] SW-B,A,3013,100,C,4515,100,D,5476,100,E,3261,100,F,1440,100,G,5012,100,H,5646,100
[AUTOPOS] SW-B,A,2998,100,C,4531,100,D,5462,100,E,3185,100,F,1398,100,G,4980,100,H,5623,100
[AUTOPOS] SW-B,A,2995,100,C,4525,100,D,5498,100,E,3222,100,F,1473,100,G,5015,100,H,5610,100
[AUTOPOS] SW-B,A,2992,100,C,4574,100,D,5437,100,E,3215,100,F,1421,100,G,4999,100,H,5670,100
[AUTOPOS] SW-B,A,3049,100,C,4566,100,D,5480,100,E,3214,100,F,1471,100,G,4984,100,H,5634,100
[AUTOPOS] SW-B,A,3059,100,C,4590,100,D,5380,100,E,3262,100,F,1424,100,G,4945,100,H,5641,100
[AUTOPOS] SW-B,A,3024,100,C,4615,100,D,5492,100,E,3262,100,F,1450,100,G,4942,100,H,5687,100
[AUTOPOS] SW-B,A,2997,100,C,4674,100,D,5532,100,E,3177,100,F,1452,100,G,4925,100,H,5651,100
[AUTOPOS] SW-B,A,2995,100,C,4572,100,D,5488,100,E,3244,100,F,1437,100,G,4900,100,H,5661,100
[AUTOPOS] SW-B,A,3006,100,C,4621,100,D,5443,100,E,3206,100,F,1473,100,G,4905,100,H,5598,100
[AUTOPOS] SW-B,A,3008,100,C,4586,100,D,5437,100,E,3163,100,F,1397,100,G,4964,100,H,5650,100
[AUTOPOS] SW-B,A,3076,100,C,4540,100,D,5445,100,E,3250,100,F,1392,100,G,5036,100,H,5624,100
[AUTOPOS] SW-B,A,3052,100,C,4561,100,D,5378,100,E,3207,100,F,1422,100,G,4986,100,H,5634,100
[AUTOPOS] SW-B,A,3015,100,C,4621,100,D,5442,100,E,3246,100,F,1460,100,G,5044,100,H,5644,100
[AUTOPOS] SW-B,A,2969,100,C,4574,100,D,5455,100,E,3221,100,F,1394,100,G,4977,100,H,5623,100
[AUTOPOS] SW-B,A,3028,100,C,4620,100,D,5434,100,E,3223,100,F,1466,100,G,5030,100,H,5648,100
[AUTOPOS] SW-B,A,3018,100,C,4531,100,D,5488,100,E,3185,100,F,1424,100,G,4969,100,H,5619,100
[AUTOPOS] SW-B,A,3035,100,C,4574,100,D,5417,100,E,3150,100,F,1421,100,G,4931,100,H,5623,100
[AUTOPOS] SW-B,A,2996,100,C,4617,100,D,5411,100,E,3233,100,F,1479,100,G,4994,100,H,5671,100
[AUTOPOS] SW-B,A,3046,100,C,4609,100,D,5454,100,E,3248,100,F,1438,100,G,5000,100,H,5638,100
[AUTOPOS] SW-B,A,3001,100,C,4539,100,D,5524,100,E,3214,100,F,1479,100,G,4943,100,H,5648,100
[AUTOPOS] SW-B,A,2988,100,C,4566,100,D,5411,100,E,3266,100,F,1423,100,G,5001,100,H,5658,100
[AUTOPOS] SW-B,A,3005,100,C,4550,100,D,5375,100,E,3245,100,F,1435,100,G,4954,100,H,5683,100
[AUTOPOS] SW-B,A,3025,100,C,4548,100,D,5433,100,E,3189,100,F,1462,100,G,5007,100,H,5638,100
[AUTOPOS] SW-B,A,3041,100,C,4545,100,D,5360,100,E,3206,100,F,1463,100,G,4976,100,H,5649,100
[AUTOPOS] SW-B,A,3011,100,C,4581,100,D,5445,100,E,3199,100,F,1425,100,G,5018,100,H,5652,100
[AUTOPOS] SW-B,A,3007,100,C,4579,100,D,5477,100,E,3244,100,F,1471,100,G,4954,100,H,5603,100
[AUTOPOS] SW-B,A,3009,100,C,4567,100,D,5405,100,E,3251,100,F,1472,100,G,4979,100,H,5636,100
[AUTOPOS] SW-B,A,3020,100,C,4595,100,D,5437,100,E,3250,100,F,1454,100,G,5016,100,H,5639,100
[AUTOPOS] SW-B,A,2991,100,C,4539,100,D,5497,100,E,3217,100,F,1410,100,G,4994,100,H,5640,100
[AUTOPOS] SW-B,A,3009,100,C,4538,100,D,5460,100,E,3215,100,F,1485,100,G,4927,100,H,5644,100
[AUTOPOS] SW-B,A,3046,100,C,4522,100,D,5452,100,E,3252,100,F,1426,100,G,4996,100,H,5618,100
[AUTOPOS] SW-B,A,3039,100,C,4578,100,D,5545,100,E,3227,100,F,1437,100,G,5018,100,H,5609,100
[AUTOPOS] SW-B,A,3011,100,C,4531,100,D,5547,100,E,3227,100,F,1458,100,G,5023,100,H,5651,100
[AUTOPOS] SW-B,A,3036,100,C,4627,100,D,5441,100,E,3263,100,F,1467,100,G,4953,100,H,5619,100
[AUTOPOS] SW-B,A,3040,100,C,4540,100,D,5482,100,E,3181,100,F,1451,100,G,4996,100,H,5625,100
[AUTOPOS] SW-B,A,3027,100,C,4559,100,D,5425,100,E,3235,100,F,1422,100,G,4968,100,H,5636,100
[AUTOPOS] SW-B,A,2997,100,C,4552,100,D,5504,100,E,3235,100,F,1452,100,G,4970,100,H,5638,100
[AUTOPOS] SW-B,A,3022,100,C,4559,100,D,5449,100,E,3208,100,F,1441,100,G,4972,100,H,5627,100
[AUTOPOS] SW-B,A,3002,100,C,4584,100,D,5412,100,E,3192,100,F,1398,100,G,5026,100,H,5632,100
[AUTOPOS] SW-B,A,3018,100,C,4563,100,D,5465,100,E,3235,100,F,1407,100,G,5020,100,H,5628,100
[AUTOPOS] SW-B,A,3046,100,C,4567,100,D,5436,100,E,3233,100,F,1450,100,G,4965,100,H,5641,100
[AUTOPOS] SW-B,A,3012,100,C,4555,100,D,5523,100,E,3179,100,F,1435,100,G,5010,100,H,5634,100
[AUTOPOS] SW-B,A,3024,100,C,4579,100,D,5437,100,E,3176,100,F,1458,100,G,5035,100,H,5620,100
[AUTOPOS] SW-B,A,2988,100,C,4526,100,D,5414,100,E,3236,100,F,1408,100,G,5001,100,H,5642,100
[AUTOPOS] SW-B,A,3017,100,C,4565,100,D,5464,100,E,3223,100,F,1450,100,G,4906,100,H,5634,100
[AUTOPOS] SW-B,A,3060,100,C,4591,100,D,5416,100,E,3188,100,F,1459,100,G,5050,100,H,5626,100
[AUTOPOS] SW-B,A,3017,100,C,4567,100,D,5451,100,E,3194,100,F,1437,100,G,5044,100,H,5661,100
[AUTOPOS] SW-B,A,3010,100,C,4589,100,D,5391,100,E,3189,100,F,1469,100,G,4978,100,H,5629,100
[AUTOPOS] SW-B,A,3001,100,C,4519,100,D,5446,100,E,3199,100,F,1409,100,G,5033,100,H,5641,100
[AUTOPOS] SW-B,A,3031,100,C,4557,100,D,5432,100,E,3175,100,F,1396,100,G,5050,100,H,5632,100
[AUTOPOS] SW-B,A,2969,100,C,4579,100,D,5412,100,E,3237,100,F,1418,100,G,5015,100,H,5626,100
[AUTOPOS] SW-B,A,3018,100,C,4525,100,D,5409,100,E,3260,100,F,1451,100,G,4971,100,H,5628,100
[AUTOPOS] SW-B,A,2977,100,C,4618,100,D,5489,100,E,3243,100,F,1426,100,G,4911,100,H,5626,100
[AUTOPOS] SW-B,A,3026,100,C,4512,100,D,5499,100,E,3190,100,F,1431,100,G,5049,100,H,5638,100
[AUTOPOS] SW-B,A,3008,100,C,4567,100,D,5475,100,E,3271,100,F,1402,100,G,4995,100,H,5634,100
[AUTOPOS] SW-B,A,3050,100,C,4521,100,D,5491,100,E,3242,100,F,1431,100,G,4978,100,H,5631,100
[AUTOPOS] SW-B,A,3039,100,C,4566,100,D,5383,100,E,3243,100,F,1453,100,G,4993,100,H,5613,100
[AUTOPOS] SW-B,A,2958,100,C,4530,100,D,5464,100,E,3208,100,F,1462,100,G,5015,100,H,5650,100
[AUTOPOS] SW-B,A,3032,100,C,4587,100,D,5496,100,E,3257,100,F,1416,100,G,4945,100,H,5664,100
[AUTOPOS] SW-B,A,3020,100,C,4514,100,D,5479,100,E,3160,100,F,1407,100,G,4987,100,H,5661,100
[AUTOPOS] SW-B,A,3023,100,C,4577,100,D,5448,100,E,3209,100,F,1461,100,G,5023,100,H,5658,100
[AUTOPOS] SW-B,A,3014,100,C,4562,100,D,5459,100,E,3215,100,F,1460,100,G,4967,100,H,5632,100
[AUTOPOS] SW-B,A,3018,100,C,4576,100,D,5458,100,E,3239,100,F,1463,100,G,4949,100,H,5653,100
[AUTOPOS] SW-B,A,3015,100,C,4557,100,D,5455,100,E,3237,100,F,1412,100,G,4900,100,H,5630,100
[AUTOPOS] SW-B,A,3015,100,C,4570,100,D,5550,100,E,3216,100,F,1461,100,G,5008,100,H,5666,100
[AUTOPOS] SW-B,A,3039,100,C,4627,100,D,5451,100,E,3187,100,F,1414,100,G,5006,100,H,5659,100
[AUTOPOS] SW-B,A,3023,100,C,4536,100,D,5384,100,E,3251,100,F,1458,100,G,4916,100,H,5645,100
[AUTOPOS] SW-B,A,3050,100,C,4584,100,D,5391,100,E,3241,100,F,1391,100,G,4878,100,H,5617,100
[AUTOPOS] SW-B,A,2979,100,C,4557,100,D,5463,100,E,3204,100,F,1408,100,G,5021,100,H,5622,100
[AUTOPOS] SW-B,A,3019,100,C,4557,100,D,5430,100,E,3216,100,F,1459,100,G,5044,100,H,5621,100
[AUTOPOS] SW-B,A,2992,100,C,4558,100,D,5367,100,E,3184,100,F,1469,100,G,5022,100,H,5636,100
[AUTOPOS] SW-B,A,2996,100,C,4550,100,D,5418,100,E,3203,100,F,1432,100,G,5023,100,H,5642,100
[AUTOPOS] SW-B,A,3013,100,C,4543,100,D,5399,100,E,3227,100,F,1417,100,G,4939,100,H,5678,100
[AUTOPOS] SW-B,A,3056,100,C,4548,100,D,5443,100,E,3208,100,F,1424,100,G,5002,100,H,5680,100
[AUTOPOS] SW-B,A,3007,100,C,4592,100,D,5466,100,E,3245,100,F,1465,100,G,4979,100,H,5644,100
[AUTOPOS] SW-B,A,3034,100,C,4545,100,D,5479,100,E,3209,100,F,1413,100,G,4982,100,H,5609,100
[AUTOPOS] SW-B,A,3024,100,C,4583,100,D,5465,100,E,3216,100,F,1432,100,G,4934,100,H,5635,100
[AUTOPOS] SW-B,A,3030,100,C,4535,100,D,5546,100,E,3254,100,F,1422,100,G,4925,100,H,5665,100
[AUTOPOS] SW-B,A,3031,100,C,4563,100,D,5461,100,E,3232,100,F,1456,100,G,4938,100,H,5633,100
[AUTOPOS] SW-B,A,2966,100,C,4564,100,D,5449,100,E,3231,100,F,1461,100,G,4960,100,H,5639,100
[AUTOPOS] SW-B,A,3008,100,C,4544,100,D,5426,100,E,3246,100,F,1427,100,G,5034,100,H,5654,100
[AUTOPOS] SW-B,A,3046,100,C,4542,100,D,5393,100,E,3242,100,F,1381,100,G,4950,100,H,5633,100
[AUTOPOS] SW-B,A,2987,100,C,4579,100,D,5427,100,E,3241,100,F,1420,100,G,4980,100,H,5653,100
[AUTOPOS] SW-B,A,3020,100,C,4540,100,D,5434,100,E,3242,100,F,1415,100,G,4992,100,H,5661,100
[AUTOPOS] SW-B,A,3021,100,C,4578,100,D,5470,100,E,3224,100,F,1457,100,G,5041,100,H,5655,100
[AUTOPOS] SW-B,A,3001,100,C,4557,100,D,5462,100,E,3255,100,F,1432,100,G,5025,100,H,5658,100
[AUTOPOS] SW-B,A,3065,100,C,4566,100,D,5428,100,E,3228,100,F,1434,100,G,4969,100,H,5613,100
[AUTOPOS] SW-B,A,3029,100,C,4556,100,D,5507,100,E,3251,100,F,1424,100,G,5021,100,H,5674,100
[AUTOPOS] SW-B,A,3016,100,C,4528,100,D,5439,100,E,3246,100,F,1465,100,G,4970,100,H,5671,100
[AUTOPOS] SW-B,A,3020,100,C,4619,100,D,5417,100,E,3235,100,F,1462,100,G,4904,100,H,5646,100
[AUTOPOS] SW-B,A,2980,100,C,4594,100,D,5438,100,E,3184,100,F,1429,100,G,4969,100,H,5633,100
[AUTOPOS] SW-B,A,3070,100,C,4503,100,D,5483,100,E,3201,100,F,1407,100,G,5020,100,H,5642,100
[AUTOPOS] SW-B,A,3022,100,C,4563,100,D,5462,100,E,3225,100,F,1454,100,G,5021,100,H,5682,100
[AUTOPOS] SW-B,A,2983,100,C,4581,100,D,5515,100,E,3207,100,F,1452,100,G,4981,100,H,5637,100
[AUTOPOS] SW-B,A,2983,100,C,4543,100,D,5386,100,E,3228,100,F,1429,100,G,5019,100,H,5647,100
[AUTOPOS] SW-B,A,3004,100,C,4565,100,D,5435,100,E,3245,100,F,1449,100,G,4994,100,H,5653,100
[AUTOPOS] SW-B,A,2996,100,C,4544,100,D,5466,100,E,3214,100,F,1441,100,G,4917,100,H,5661,100
[AUTOPOS] SW-B,A,3006,100,C,4525,100,D,5449,100,E,3200,100,F,1423,100,G,5037,100,H,5636,100
[AUTOPOS] SW-B,A,3015,100,C,4525,100,D,5510,100,E,3251,100,F,1458,100,G,4902,100,H,5637,100
[AUTOPOS] SW-B,A,3012,100,C,4576,100,D,5443,100,E,3221,100,F,1423,100,G,5033,100,H,5647,100
[AUTOPOS] SW-B,A,3005,100,C,4555,100,D,5397,100,E,3206,100,F,1410,100,G,4919,100,H,5650,100
[AUTOPOS] SW-B,A,3062,100,C,4544,100,D,5369,100,E,3193,100,F,1453,100,G,4933,100,H,5668,100
[AUTOPOS] SW-B,A,3002,100,C,4553,100,D,5454,100,E,3209,100,F,1419,100,G,4971,100,H,5628,100
[AUTOPOS] SW-B,A,3044,100,C,4575,100,D,5443,100,E,3249,100,F,1435,100,G,4968,100,H,5675,100
[AUTOPOS] SW-B,A,3051,100,C,4570,100,D,5454,100,E,3236,100,F,1425,100,G,4995,100,H,5626,100
[AUTOPOS] SW-B,A,3028,100,C,4570,100,D,5519,100,E,3244,100,F,1426,100,G,4988,100,H,5674,100
[AUTOPOS] SW-B,A,3021,100,C,4555,100,D,5416,100,E,3229,100,F,1465,100,G,4966,100,H,5667,100
[AUTOPOS] SW-B,A,2972,100,C,4569,100,D,5391,100,E,3238,100,F,1433,100,G,5016,100,H,5659,100
[AUTOPOS] SW-B,A,3025,100,C,4536,100,D,5448,100,E,3196,100,F,1422,100,G,4913,100,H,5659,100
[AUTOPOS] SW-B,A,2997,100,C,4565,100,D,5425,100,E,3208,100,F,1479,100,G,4895,100,H,5680,100
[AUTOPOS] SW-B,A,3032,100,C,4571,100,D,5400,100,E,3220,100,F,1422,100,G,4917,100,H,5646,100
[AUTOPOS] SW-B,A,3016,100,C,4536,100,D,5444,100,E,3195,100,F,1411,100,G,4948,100,H,5684,100
[AUTOPOS] SW-B,A,3021,100,C,4535,100,D,5409,100,E,3217,100,F,1399,100,G,4962,100,H,5667,100
[AUTOPOS] SW-B,A,3013,100,C,4599,100,D,5401,100,E,3174,100,F,1467,100,G,4924,100,H,5657,100
[AUTOPOS] SW-B,A,3026,100,C,4512,100,D,5471,100,E,3209,100,F,1439,100,G,4994,100,H,5700,100
[AUTOPOS] SW-B,A,2975,100,C,4575,100,D,5545,100,E,3214,100,F,1457,100,G,4982,100,H,5690,100
[AUTOPOS] SW-B,A,2989,100,C,4568,100,D,5444,100,E,3206,100,F,1447,100,G,4956,100,H,5629,100
[AUTOPOS] SW-B,A,3037,100,C,4580,100,D,5461,100,E,3257,100,F,1412,100,G,4968,100,H,5661,100
[AUTOPOS] SW-B,A,3006,100,C,4574,100,D,5506,100,E,3224,100,F,1436,100,G,4996,100,H,5627,100
[AUTOPOS] SW-B,A,3047,100,C,4550,100,D,5484,100,E,3221,100,F,1430,100,G,4982,100,H,5695,100
[AUTOPOS] SW-B,A,3061,100,C,4526,100,D,5481,100,E,3237,100,F,1411,100,G,4965,100,H,5673,100
[AUTOPOS] SW-B,A,3012,100,C,4543,100,D,5392,100,E,3205,100,F,1418,100,G,5003,100,H,5642,100
[AUTOPOS] SW-B,A,3031,100,C,4607,100,D,5438,100,E,3216,100,F,1478,100,G,4953,100,H,5660,100
[AUTOPOS] SW-B,A,3069,100,C,4564,100,D,5498,100,E,3186,100,F,1420,100,G,4972,100,H,5667,100
[AUTOPOS] SW-B,A,3035,100,C,4583,100,D,5397,100,E,3193,100,F,1434,100,G,4929,100,H,5645,100
[AUTOPOS] SW-B,A,3051,100,C,4584,100,D,5482,100,E,3209,100,F,1452,100,G,5051,100,H,5641,100
[AUTOPOS] SW-B,A,3029,100,C,4590,100,D,5406,100,E,3195,100,F,1435,100,G,4918,100,H,5628,100
[AUTOPOS] SW-B,A,3052,100,C,4580,100,D,5521,100,E,3207,100,F,1425,100,G,4941,100,H,5640,100
[AUTOPOS] SW-B,A,3059,100,C,4571,100,D,5391,100,E,3214,100,F,1392,100,G,5038,100,H,5682,100
[AUTOPOS] SW-B,A,3008,100,C,4546,100,D,5501,100,E,3169,100,F,1470,100,G,4928,100,H,5671,100
[AUTOPOS] SW-B,A,3012,100,C,4512,100,D,5413,100,E,3179,100,F,1440,100,G,5007,100,H,5655,100
[AUTOPOS] SW-B,A,3003,100,C,4548,100,D,5404,100,E,3211,100,F,1448,100,G,5044,100,H,5685,100
[AUTOPOS] SW-B,A,3031,100,C,4594,100,D,5538,100,E,3207,100,F,1464,100,G,4960,100,H,5639,100
[AUTOPOS] SW-B,A,3034,100,C,4573,100,D,5423,100,E,3222,100,F,1425,100,G,4980,100,H,5643,100
[AUTOPOS] SW-B,A,2985,100,C,4563,100,D,5466,100,E,3174,100,F,1463,100,G,5004,100,H,5666,100
[AUTOPOS] SW-B,A,3005,100,C,4571,100,D,5477,100,E,3213,100,F,1460,100,G,4989,100,H,5644,100
[AUTOPOS] SW-B,A,3050,100,C,4576,100,D,5452,100,E,3219,100,F,1440,100,G,4930,100,H,5660,100
[AUTOPOS] SW-B,A,2999,100,C,4529,100,D,5459,100,E,3228,100,F,1455,100,G,5009,100,H,5671,100
[AUTOPOS] SW-B,A,3054,100,C,4593,100,D,5491,100,E,3189,100,F,1398,100,G,5018,100,H,5627,100
[AUTOPOS] SW-B,A,2971,100,C,4573,100,D,5533,100,E,3212,100,F,1437,100,G,4923,100,H,5669,100
[AUTOPOS] SW-B,A,2973,100,C,4552,100,D,5510,100,E,3189,100,F,1428,100,G,5040,100,H,5650,100
[AUTOPOS] SW-B,A,3015,100,C,4595,100,D,5533,100,E,3221,100,F,1446,100,G,5065,100,H,5661,100
[AUTOPOS] SW-B,A,2998,100,C,4582,100,D,5438,100,E,3199,100,F,1408,100,G,5021,100,H,5696,100
[AUTOPOS] SW-B,A,2995,100,C,4569,100,D,5473,100,E,3215,100,F,1492,100,G,4982,100,H,5636,100
[AUTOPOS] SW-B,A,2967,100,C,4535,100,D,5471,100,E,3177,100,F,1454,100,G,4927,100,H,5632,100
[AUTOPOS] SW-B,A,3001,100,C,4586,100,D,5437,100,E,3219,100,F,1441,100,G,5000,100,H,5683,100
[AUTOPOS] SW-B,A,3025,100,C,4529,100,D,5482,100,E,3229,100,F,1436,100,G,4979,100,H,5655,100
[AUTOPOS] SW-B,A,3033,100,C,4552,100,D,5412,100,E,3226,100,F,1460,100,G,5021,100,H,5639,100
[AUTOPOS] SW-B,A,2983,100,C,4557,100,D,5430,100,E,3243,100,F,1390,100,G,5009,100,H,5671,100
[AUTOPOS] SW-B,A,3005,100,C,4517,100,D,5460,100,E,3216,100,F,1458,100,G,5015,100,H,5654,100
[AUTOPOS] SW-B,A,3006,100,C,4558,100,D,5434,100,E,3208,100,F,1457,100,G,4905,100,H,5641,100
[AUTOPOS] SW-B,A,2986,100,C,4545,100,D,5445,100,E,3204,100,F,1460,100,G,4960,100,H,5646,100
[AUTOPOS] SW-B,A,3058,100,C,4604,100,D,5434,100,E,3255,100,F,1454,100,G,5009,100,H,5653,100
[AUTOPOS] SW-B,A,3014,100,C,4559,100,D,5432,100,E,3194,100,F,1457,100,G,4967,100,H,5638,100
[AUTOPOS] SW-B,A,3032,100,C,4588,100,D,5399,100,E,3195,100,F,1438,100,G,4997,100,H,5672,100
[AUTOPOS] SW-B,A,3029,100,C,4517,100,D,5486,100,E,3240,100,F,1444,100,G,4996,100,H,5629,100
[AUTOPOS] SW-B,A,3008,100,C,4525,100,D,5452,100,E,3239,100,F,1449,100,G,5024,100,H,5690,100
[AUTOPOS] SW-B,A,3076,100,C,4573,100,D,5486,100,E,3208,100,F,1439,100,G,4970,100,H,5670,100
[AUTOPOS] SW-B,A,2983,100,C,4582,100,D,5489,100,E,3225,100,F,1465,100,G,5017,100,H,5623,100
[AUTOPOS] SW-B,A,3026,100,C,4605,100,D,5470,100,E,3180,100,F,1448,100,G,4953,100,H,5661,100
[AUTOPOS] SW-B,A,3025,100,C,4515,100,D,5420,100,E,3220,100,F,1411,100,G,4983,100,H,5694,100
[AUTOPOS] SW-B,A,3056,100,C,4548,100,D,5387,100,E,3226,100,F,1400,100,G,4983,100,H,5664,100
[AUTOPOS] SW-B,A,3036,100,C,4586,100,D,5446,100,E,3200,100,F,1439,100,G,4993,100,H,5675,100
[AUTOPOS] SW-B,A,3048,100,C,4543,100,D,5375,100,E,3187,100,F,1433,100,G,4898,100,H,5629,100
[AUTOPOS] SW-B,A,3026,100,C,4554,100,D,5445,100,E,3215,100,F,1428,100,G,5038,100,H,5608,100
[AUTOPOS] SW-B,A,2989,100,C,4539,100,D,5474,100,E,3212,100,F,1415,100,G,5024,100,H,5653,100
[AUTOPOS] SW-B,A,3060,100,C,4576,100,D,5413,100,E,3201,100,F,1456,100,G,4990,100,H,5651,100
[AUTOPOS] SW-B,A,3013,100,C,4554,100,D,5495,100,E,3241,100,F,1440,100,G,5035,100,H,5634,100
[AUTOPOS] SW-B,A,2993,100,C,4571,100,D,5438,100,E,3197,100,F,1476,100,G,4921,100,H,5621,100
[AUTOPOS] SW-B,A,2997,100,C,4588,100,D,5516,100,E,3236,100,F,1466,100,G,4927,100,H,5648,100
[AUTOPOS] SW-B,A,3042,100,C,4564,100,D,5398,100,E,3203,100,F,1436,100,G,5001,100,H,5638,100
[AUTOPOS] SW-B,A,3009,100,C,4571,100,D,5416,100,E,3231,100,F,1421,100,G,4982,100,H,5653,100
[AUTOPOS] SW-B,A,2997,100,C,4539,100,D,5401,100,E,3223,100,F,1421,100,G,5024,100,H,5642,100
[AUTOPOS] SW-B,A,3059,100,C,4561,100,D,5404,100,E,3211,100,F,1458,100,G,4940,100,H,5636,100
[AUTOPOS] SW-B,A,3001,100,C,4549,100,D,5440,100,E,3232,100,F,1462,100,G,5049,100,H,5634,100
[AUTOPOS] SW-B,A,2984,100,C,4558,100,D,5495,100,E,3210,100,F,1456,100,G,4959,100,H,5661,100
[AUTOPOS] SW-B,A,3036,100,C,4588,100,D,5406,100,E,3243,100,F,1444,100,G,4967,100,H,5624,100
[AUTOPOS] SW-B,A,3003,100,C,4586,100,D,5541,100,E,3214,100,F,1432,100,G,4970,100,H,5670,100
[AUTOPOS] SW-B,A,3013,100,C,4527,100,D,5423,100,E,3201,100,F,1455,100,G,4986,100,H,5631,100
[AUTOPOS] SW-B,A,3012,100,C,4607,100,D,5455,100,E,3211,100,F,1428,100,G,5029,100,H,5649,100
[AUTOPOS] SW-B,A,3036,100,C,4503,100,D,5441,100,E,3207,100,F,1451,100,G,5048,100,H,5661,100
[AUTOPOS] SW-B,A,3004,100,C,4548,100,D,5386,100,E,3214,100,F,1418,100,G,5039,100,H,5651,100
[AUTOPOS] SW-B,A,3040,100,C,4561,100,D,5474,100,E,3205,100,F,1467,100,G,4951,100,H,5674,100
[AUTOPOS] SW-B,A,3071,100,C,4521,100,D,5429,100,E,3215,100,F,1465,100,G,4954,100,H,5654,100
[AUTOPOS] SW-B,A,3039,100,C,4535,100,D,5425,100,E,3217,100,F,1435,100,G,4970,100,H,5671,100
[AUTOPOS] SW-B,A,2989,100,C,4585,100,D,5483,100,E,3258,100,F,1449,100,G,5002,100,H,5652,100
[AUTOPOS] SW-B,A,3053,100,C,4596,100,D,5430,100,E,3208,100,F,1444,100,G,4947,100,H,5633,100
[AUTOPOS] SW-B,A,2982,100,C,4548,100,D,5467,100,E,3233,100,F,1421,100,G,5034,100,H,5693,100
[AUTOPOS] SW-B,A,3059,100,C,4571,100,D,5475,100,E,3212,100,F,1452,100,G,4935,100,H,5661,100
[AUTOPOS] SW-B,A,3001,100,C,4540,100,D,5465,100,E,3238,100,F,1458,100,G,5045,100,H,5667,100
[AUTOPOS] SW-B,A,2995,100,C,4583,100,D,5386,100,E,3210,100,F,1443,100,G,5012,100,H,5633,100
[AUTOPOS] SW-B,A,3028,100,C,4592,100,D,5448,100,E,3225,100,F,1443,100,G,4977,100,H,5658,100
[AUTOPOS] SW-B,A,3015,100,C,4548,100,D,5416,100,E,3223,100,F,1443,100,G,4973,100,H,5646,100
[AUTOPOS] SW-B,A,3052,100,C,4493,100,D,5415,100,E,3224,100,F,1442,100,G,5016,100,H,5685,100
[AUTOPOS] SW-B,A,3015,100,C,4544,100,D,5546,100,E,3208,100,F,1436,100,G,5022,100,H,5651,100
[AUTOPOS] SW-B,A,3036,100,C,4582,100,D,5426,100,E,3235,100,F,1445,100,G,4989,100,H,5643,100
[AUTOPOS] SW-B,A,2993,100,C,4590,100,D,5442,100,E,3185,100,F,1463,100,G,4943,100,H,5653,100
[AUTOPOS] SW-B,A,2987,100,C,4553,100,D,5452,100,E,3241,100,F,1432,100,G,4959,100,H,5681,100
[AUTOPOS] SW-B,A,2994,100,C,4600,100,D,5482,100,E,3218,100,F,1457,100,G,5002,100,H,5695,100
[AUTOPOS] SW-B,A,3030,100,C,4553,100,D,5514,100,E,3215,100,F,1449,100,G,4956,100,H,5660,100
[AUTOPOS] SW-B,A,3015,100,C,4556,100,D,5562,100,E,3217,100,F,1436,100,G,4953,100,H,5661,100
[AUTOPOS] SW-B,A,3048,100,C,4576,100,D,5455,100,E,3182,100,F,1442,100,G,4955,100,H,5632,100
[AUTOPOS] SW-B,A,2979,100,C,4561,100,D,5492,100,E,3179,100,F,1452,100,G,4961,100,H,5660,100
[AUTOPOS] SW-B,A,3044,100,C,4559,100,D,5438,100,E,3234,100,F,1451,100,G,5009,100,H,5641,100
[AUTOPOS] SW-B,A,3032,100,C,4546,100,D,5480,100,E,3215,100,F,1442,100,G,4967,100,H,5701,100
[AUTOPOS] SW-B,A,2985,100,C,4581,100,D,5516,100,E,3231,100,F,1458,100,G,5045,100,H,5650,100
[AUTOPOS] SW-B,A,3026,100,C,4567,100,D,5450,100,E,3206,100,F,1427,100,G,5053,100,H,5668,100
[AUTOPOS] SW-B,A,3049,100,C,4583,100,D,5417,100,E,3223,100,F,1462,100,G,4954,100,H,5659,100
[AUTOPOS] SW-B,A,3051,100,C,4533,100,D,5500,100,E,3198,100,F,1423,100,G,5061,100,H,5616,100
[AUTOPOS] SW-B,A,3028,100,C,4587,100,D,5420,100,E,3198,100,F,1442,100,G,4994,100,H,5699,100
[AUTOPOS] SW-B,A,2989,100,C,4525,100,D,5494,100,E,3237,100,F,1451,100,G,4920,100,H,5681,100
[AUTOPOS] SW-B,A,2985,100,C,4553,100,D,5480,100,E,3226,100,F,1462,100,G,4993,100,H,5680,100
[AUTOPOS] SW-B,A,3006,100,C,4575,100,D,5432,100,E,3250,100,F,1426,100,G,4912,100,H,5649,100
[AUTOPOS] SW-B,A,3027,100,C,4520,100,D,5461,100,E,3216,100,F,1442,100,G,4907,100,H,5676,100
[AUTOPOS] SW-B,A,2992,100,C,4549,100,D,5389,100,E,3181,100,F,1424,100,G,4966,100,H,5702,100
[AUTOPOS] SW-B,A,3017,100,C,4546,100,D,5529,100,E,3189,100,F,1463,100,G,4926,100,H,5675,100
[AUTOPOS] SW-B,A,3002,100,C,4523,100,D,5479,100,E,3185,100,F,1438,100,G,5019,100,H,5635,100
[AUTOPOS] SW-B,A,3054,100,C,4546,100,D,5496,100,E,3239,100,F,1449,100,G,4996,100,H,5634,100
[AUTOPOS] SW-B,A,3018,100,C,4561,100,D,5541,100,E,3201,100,F,1431,100,G,4985,100,H,5648,100
[AUTOPOS] SW-B,A,3078,100,C,4571,100,D,5432,100,E,3248,100,F,1432,100,G,5006,100,H,5653,100
[AUTOPOS] SW-B,A,3032,100,C,4577,100,D,5401,100,E,3187,100,F,1429,100,G,4966,100,H,5630,100
[AUTOPOS] SW-B,A,2982,100,C,4553,100,D,5486,100,E,3181,100,F,1414,100,G,5003,100,H,5688,100
[AUTOPOS] SW-B,A,2998,100,C,4537,100,D,5461,100,E,3212,100,F,1451,100,G,4968,100,H,5626,100
[AUTOPOS] SW-B,A,3047,100,C,4559,100,D,5470,100,E,3144,100,F,1449,100,G,4968,100,H,5675,100
[AUTOPOS] SW-B,A,2982,100,C,4592,100,D,5413,100,E,3235,100,F,1447,100,G,4962,100,H,5659,100
[AUTOPOS] SW-B,A,3062,100,C,4570,100,D,5423,100,E,3251,100,F,1421,100,G,4969,100,H,5671,100
[AUTOPOS] SW-B,A,2974,100,C,4541,100,D,5539,100,E,3212,100,F,1461,100,G,5048,100,H,5634,100
[AUTOPOS] SW-B,A,3060,100,C,4522,100,D,5407,100,E,3209,100,F,1462,100,G,5021,100,H,5657,100
[AUTOPOS] SW-B,A,3001,100,C,4608,100,D,5433,100,E,3238,100,F,1466,100,G,4989,100,H,5664,100
[AUTOPOS] SW-B,A,3033,100,C,4563,100,D,5430,100,E,3198,100,F,1454,100,G,4985,100,H,5661,100
[AUTOPOS] SW-B,A,3001,100,C,4590,100,D,5498,100,E,3223,100,F,1451,100,G,5007,100,H,5658,100
[AUTOPOS] SW-B,A,3009,100,C,4599,100,D,5438,100,E,3212,100,F,1442,100,G,4996,100,H,5639,100
[AUTOPOS] SW-B,A,2963,100,C,4577,100,D,5473,100,E,3212,100,F,1416,100,G,5006,100,H,5650,100
[AUTOPOS] SW-B,A,2997,100,C,4544,100,D,5387,100,E,3224,100,F,1406,100,G,4955,100,H,5631,100
[AUTOPOS] SW-B,A,3001,100,C,4554,100,D,5468,100,E,3214,100,F,1418,100,G,4948,100,H,5630,100
[AUTOPOS] SW-B,A,3013,100,C,4601,100,D,5529,100,E,3229,100,F,1437,100,G,5022,100,H,5652,100
[AUTOPOS] SW-B,A,2998,100,C,4620,100,D,5445,100,E,3257,100,F,1431,100,G,4969,100,H,5650,100
[AUTOPOS] SW-B,A,3054,100,C,4607,100,D,5433,100,E,3204,100,F,1434,100,G,4979,100,H,5679,100
[AUTOPOS] SW-B,A,2985,100,C,4559,100,D,5397,100,E,3223,100,F,1453,100,G,4994,100,H,5699,100
[AUTOPOS] SW-B,A,3061,100,C,4556,100,D,5405,100,E,3179,100,F,1449,100,G,4975,100,H,5682,100
[AUTOPOS] SW-B,A,2973,100,C,4573,100,D,5467,100,E,3231,100,F,1435,100,G,5003,100,H,5639,100
[AUTOPOS] SW-B,A,3028,100,C,4566,100,D,5459,100,E,3207,100,F,1470,100,G,5014,100,H,5651,100
[AUTOPOS] SW-B,A,3033,100,C,4570,100,D,5403,100,E,3231,100,F,1438,100,G,4997,100,H,5642,100
[AUTOPOS] SW-B,A,3094,100,C,4577,100,D,5489,100,E,3199,100,F,1445,100,G,5026,100,H,5652,100
[AUTOPOS] SW-B,A,3039,100,C,4566,100,D,5438,100,E,3220,100,F,1449,100,G,4921,100,H,5681,100
[AUTOPOS] SW-B,A,3009,100,C,4642,100,D,5421,100,E,3196,100,F,1455,100,G,4963,100,H,5653,100
[AUTOPOS] SW-B,A,3073,100,C,4542,100,D,5468,100,E,3203,100,F,1468,100,G,4964,100,H,5657,100
[AUTOPOS] SW-B,A,3035,100,C,4592,100,D,5462,100,E,3277,100,F,1459,100,G,4976,100,H,5635,100
[AUTOPOS] SW-B,A,3009,100,C,4575,100,D,5466,100,E,3239,100,F,1413,100,G,5028,100,H,5653,100
[AUTOPOS] SW-B,A,2979,100,C,4576,100,D,5557,100,E,3214,100,F,1441,100,G,4931,100,H,5652,100
[AUTOPOS] SW-B,A,2990,100,C,4561,100,D,5439,100,E,3210,100,F,1434,100,G,4978,100,H,5662,100
[AUTOPOS] SW-B,A,2999,100,C,4597,100,D,5426,100,E,3275,100,F,1466,100,G,4986,100,H,5674,100
[AUTOPOS] SW-B,A,2992,100,C,4575,100,D,5461,100,E,3210,100,F,1447,100,G,4994,100,H,5663,100
[AUTOPOS] SW-B,A,3026,100,C,4551,100,D,5542,100,E,3184,100,F,1433,100,G,4899,100,H,5660,100
[AUTOPOS] SW-B,A,2978,100,C,4581,100,D,5469,100,E,3265,100,F,1452,100,G,5015,100,H,5662,100
[AUTOPOS] SW-B,A,3023,100,C,4580,100,D,5433,100,E,3171,100,F,1466,100,G,5034,100,H,5654,100
[AUTOPOS] SW-B,A,2977,100,C,4530,100,D,5436,100,E,3208,100,F,1470,100,G,4961,100,H,5644,100
[AUTOPOS] SW-B,A,2982,100,C,4552,100,D,5436,100,E,3200,100,F,1471,100,G,4950,100,H,5643,100
[AUTOPOS] SW-B,A,3040,100,C,4586,100,D,5401,100,E,3186,100,F,1416,100,G,4908,100,H,5622,100
[AUTOPOS] SW-B,A,3024,100,C,4594,100,D,5488,100,E,3203,100,F,1463,100,G,5015,100,H,5641,100
[AUTOPOS] SW-B,A,3035,100,C,4575,100,D,5498,100,E,3257,100,F,1449,100,G,5026,100,H,5644,100
[AUTOPOS] SW-B,A,2964,100,C,4579,100,D,5479,100,E,3240,100,F,1441,100,G,4996,100,H,5679,100
[AUTOPOS] SW-B,A,3057,100,C,4573,100,D,5498,100,E,3220,100,F,1431,100,G,5005,100,H,5676,100
[AUTOPOS] SW-B,A,3042,100,C,4560,100,D,5410,100,E,3195,100,F,1459,100,G,4940,100,H,5686,100
[AUTOPOS] SW-B,A,3001,100,C,4573,100,D,5477,100,E,3188,100,F,1448,100,G,4961,100,H,5653,100
[AUTOPOS] SW-B,A,3016,100,C,4593,100,D,5490,100,E,3226,100,F,1418,100,G,5013,100,H,5622,100
[AUTOPOS] SW-B,A,3059,100,C,4556,100,D,5470,100,E,3221,100,F,1444,100,G,4982,100,H,5664,100
[AUTOPOS] SW-B,A,3014,100,C,4631,100,D,5471,100,E,3192,100,F,1446,100,G,4965,100,H,5671,100
[AUTOPOS] SW-B,A,3029,100,C,4568,100,D,5471,100,E,3199,100,F,1432,100,G,5034,100,H,5665,100
[AUTOPOS] SW-B,A,3009,100,C,4572,100,D,5401,100,E,3244,100,F,1446,100,G,4977,100,H,5653,100
[AUTOPOS] SW-B,A,2999,100,C,4539,100,D,5439,100,E,3168,100,F,1421,100,G,4942,100,H,5620,100
[AUTOPOS] SW-B,A,2992,100,C,4594,100,D,5537,100,E,3228,100,F,1450,100,G,5057,100,H,5673,100
[AUTOPOS] SW-B,A,3011,100,C,4579,100,D,5493,100,E,3208,100,F,1394,100,G,5026,100,H,5636,100
[AUTOPOS] SW-B,A,2974,100,C,4535,100,D,5470,100,E,3220,100,F,1456,100,G,4969,100,H,5653,100
[AUTOPOS] SW-B,A,3024,100,C,4553,100,D,5471,100,E,3216,100,F,1425,100,G,4950,100,H,5655,100
[AUTOPOS] SW-B,A,3033,100,C,4583,100,D,5433,100,E,3192,100,F,1441,100,G,4926,100,H,5634,100
[AUTOPOS] SW-B,A,2938,100,C,4570,100,D,5413,100,E,3227,100,F,1456,100,G,4978,100,H,5656,100
[AUTOPOS] SW-B,A,2964,100,C,4542,100,D,5461,100,E,3222,100,F,1435,100,G,5030,100,H,5660,100
[AUTOPOS] SW-B,A,2977,100,C,4552,100,D,5461,100,E,3245,100,F,1460,100,G,5042,100,H,5681,100
[AUTOPOS] SW-B,A,3034,100,C,4575,100,D,5425,100,E,3192,100,F,1444,100,G,4928,100,H,5635,100
[AUTOPOS] SW-B,A,3027,100,C,4585,100,D,5450,100,E,3211,100,F,1421,100,G,4953,100,H,5664,100
[AUTOPOS] SW-B,A,2993,100,C,4574,100,D,5461,100,E,3216,100,F,1451,100,G,5042,100,H,5633,100
[AUTOPOS] SW-B,A,2999,100,C,4574,100,D,5431,100,E,3229,100,F,1444,100,G,5056,100,H,5626,100
[AUTOPOS] SW-B,A,3041,100,C,4556,100,D,5500,100,E,3230,100,F,1457,100,G,5043,100,H,5680,100
[AUTOPOS] SW-B,A,3045,100,C,4553,100,D,5481,100,E,3226,100,F,1439,100,G,4965,100,H,5644,100
[AUTOPOS] SW-B,A,3054,100,C,4597,100,D,5439,100,E,3216,100,F,1412,100,G,4973,100,H,5650,100
[AUTOPOS] SW-B,A,3030,100,C,4603,100,D,5502,100,E,3177,100,F,1441,100,G,5011,100,H,5671,100
[AUTOPOS] SW-B,A,3022,100,C,4559,100,D,5451,100,E,3194,100,F,1449,100,G,4989,100,H,5632,100
[AUTOPOS] SW-B,A,2967,100,C,4590,100,D,5494,100,E,3238,100,F,1454,100,G,5026,100,H,5642,100
[AUTOPOS] SW-B,A,2970,100,C,4551,100,D,5447,100,E,3263,100,F,1441,100,G,4996,100,H,5655,100
[AUTOPOS] SW-B,A,3024,100,C,4558,100,D,5458,100,E,3175,100,F,1460,100,G,4975,100,H,5683,100
[AUTOPOS] SW-B,A,3044,100,C,4560,100,D,5398,100,E,3253,100,F,1429,100,G,5027,100,H,5620,100
[AUTOPOS] SW-B,A,2986,100,C,4551,100,D,5454,100,E,3237,100,F,1433,100,G,4937,100,H,5665,100
[AUTOPOS] SW-B,A,3022,100,C,4593,100,D,5467,100,E,3215,100,F,1437,100,G,4939,100,H,5647,100
[AUTOPOS] SW-B,A,2988,100,C,4585,100,D,5491,100,E,3222,100,F,1405,100,G,5024,100,H,5665,100
[AUTOPOS] SW-B,A,2997,100,C,4545,100,D,5501,100,E,3229,100,F,1453,100,G,4993,100,H,5689,100
[AUTOPOS] SW-B,A,2997,100,C,4561,100,D,5445,100,E,3206,100,F,1429,100,G,5033,100,H,5672,100
[AUTOPOS] SW-B,A,3026,100,C,4634,100,D,5470,100,E,3210,100,F,1450,100,G,5029,100,H,5667,100
[AUTOPOS] SW-B,A,3053,100,C,4602,100,D,5428,100,E,3202,100,F,1440,100,G,4915,100,H,5624,100
[AUTOPOS] SW-B,A,3010,100,C,4574,100,D,5390,100,E,3215,100,F,1437,100,G,4941,100,H,5656,100
[AUTOPOS] SW-B,A,3016,100,C,4533,100,D,5376,100,E,3200,100,F,1436,100,G,4958,100,H,5676,100
[AUTOPOS] SW-B,A,3026,100,C,4605,100,D,5541,100,E,3211,100,F,1422,100,G,4954,100,H,5639,100
[AUTOPOS] SW-B,A,3003,100,C,4607,100,D,5439,100,E,3201,100,F,1443,100,G,4969,100,H,5686,100
[AUTOPOS] SW-B,A,3004,100,C,4556,100,D,5469,100,E,3216,100,F,1451,100,G,5028,100,H,5644,100
[AUTOPOS] SW-B,A,3014,100,C,4584,100,D,5547,100,E,3229,100,F,1422,100,G,4944,100,H,5637,100
[AUTOPOS] SW-B,A,3046,100,C,4569,100,D,5479,100,E,3213,100,F,1440,100,G,4945,100,H,5646,100
[AUTOPOS] SW-B,A,3034,100,C,4543,100,D,5493,100,E,3227,100,F,1411,100,G,4955,100,H,5627,100
[AUTOPOS] SW-B,A,3036,100,C,4555,100,D,5470,100,E,3202,100,F,1445,100,G,4982,100,H,5662,100
[AUTOPOS] SW-B,A,2978,100,C,4577,100,D,5434,100,E,3230,100,F,1439,100,G,5059,100,H,5646,100
[AUTOPOS] SW-B,A,3009,100,C,4582,100,D,5387,100,E,3244,100,F,1437,100,G,4982,100,H,5645,100
[AUTOPOS] SW-B,A,2992,100,C,4630,100,D,5518,100,E,3232,100,F,1458,100,G,4970,100,H,5615,100
[AUTOPOS] SW-B,A,3045,100,C,4537,100,D,5527,100,E,3200,100,F,1452,100,G,4985,100,H,5638,100
[AUTOPOS] SW-B,A,3030,100,C,4599,100,D,5469,100,E,3208,100,F,1423,100,G,5031,100,H,5654,100
[AUTOPOS] SW-B,A,3034,100,C,4604,100,D,5472,100,E,3232,100,F,1448,100,G,4934,100,H,5651,100
[AUTOPOS] SW-B,A,3017,100,C,4573,100,D,5435,100,E,3216,100,F,1449,100,G,5007,100,H,5664,100
[AUTOPOS] SW-B,A,3015,100,C,4536,100,D,5422,100,E,3177,100,F,1429,100,G,4955,100,H,5674,100
[AUTOPOS] SW-B,A,3060,100,C,4551,100,D,5503,100,E,3226,100,F,1433,100,G,4962,100,H,5653,100
[AUTOPOS] SW-B,A,3044,100,C,4598,100,D,5395,100,E,3211,100,F,1448,100,G,4970,100,H,5647,100
[AUTOPOS] SW-B,A,2977,100,C,4551,100,D,5434,100,E,3220,100,F,1454,100,G,5017,100,H,5665,100
[AUTOPOS] SW-B,A,3049,100,C,4564,100,D,5494,100,E,3230,100,F,1454,100,G,4951,100,H,5668,100
[AUTOPOS] SW-B,A,3055,100,C,4570,100,D,5514,100,E,3226,100,F,1459,100,G,4925,100,H,5637,100
[AUTOPOS] SW-B,A,3000,100,C,4561,100,D,5480,100,E,3222,100,F,1458,100,G,5025,100,H,5632,100
[AUTOPOS] SW-B,A,3012,100,C,4601,100,D,5453,100,E,3232,100,F,1458,100,G,5004,100,H,5639,100
[AUTOPOS] SW-B,A,2970,100,C,4558,100,D,5444,100,E,3203,100,F,1446,100,G,4891,100,H,5665,100
[AUTOPOS] SW-B,A,3059,100,C,4579,100,D,5508,100,E,3212,100,F,1449,100,G,4977,100,H,5665,100
[AUTOPOS] SW-B,A,3015,100,C,4593,100,D,5498,100,E,3216,100,F,1451,100,G,4943,100,H,5612,100
[AUTOPOS] SW-B,A,3039,100,C,4570,100,D,5499,100,E,3244,100,F,1444,100,G,4972,100,H,5650,100
[AUTOPOS] SW-B,A,3030,100,C,4613,100,D,5359,100,E,3177,100,F,1449,100,G,5034,100,H,5635,100
[AUTOPOS] SW-B,A,3016,100,C,4549,100,D,5512,100,E,3210,100,F,1435,100,G,4972,100,H,5695,100
[AUTOPOS] SW-B,A,3064,100,C,4578,100,D,5483,100,E,3175,100,F,1452,100,G,5020,100,H,5656,100
[AUTOPOS] SW-B,A,3016,100,C,4574,100,D,5452,100,E,3152,100,F,1457,100,G,4985,100,H,5662,100
[AUTOPOS] SW-B,A,3010,100,C,4562,100,D,5511,100,E,3168,100,F,1435,100,G,5006,100,H,5664,100
[AUTOPOS] SW-B,A,2977,100,C,4536,100,D,5441,100,E,3233,100,F,1459,100,G,4958,100,H,5692,100
[AUTOPOS] SW-B,A,2958,100,C,4559,100,D,5465,100,E,3237,100,F,1441,100,G,4943,100,H,5628,100
[AUTOPOS] SW-B,A,3004,100,C,4565,100,D,5462,100,E,3200,100,F,1440,100,G,4991,100,H,5659,100
[AUTOPOS] SW-B,A,3021,100,C,4562,100,D,5473,100,E,3221,100,F,1439,100,G,4987,100,H,5641,100
[AUTOPOS] SW-B,A,3009,100,C,4573,100,D,5415,100,E,3165,100,F,1455,100,G,5034,100,H,5658,100
[AUTOPOS] SW-B,A,3014,100,C,4569,100,D,5394,100,E,3208,100,F,1436,100,G,4918,100,H,5654,100
[AUTOPOS] SW-B,A,3002,100,C,4594,100,D,5428,100,E,3236,100,F,1443,100,G,5029,100,H,5654,100
[AUTOPOS] SW-B,A,3043,100,C,4551,100,D,5486,100,E,3184,100,F,1436,100,G,4942,100,H,5621,100
[AUTOPOS] SW-B,A,3030,100,C,4538,100,D,5447,100,E,3213,100,F,1453,100,G,5012,100,H,5624,100
[AUTOPOS] SW-B,A,3017,100,C,4567,100,D,5462,100,E,3234,100,F,1432,100,G,4973,100,H,5659,100
[AUTOPOS] SW-B,A,3018,100,C,4566,100,D,5378,100,E,3237,100,F,1445,100,G,4971,100,H,5658,100
[AUTOPOS] SW-B,A,3030,100,C,4585,100,D,5454,100,E,3176,100,F,1451,100,G,4963,100,H,5654,100
[AUTOPOS] SW-B,A,3010,100,C,4574,100,D,5467,100,E,3263,100,F,1430,100,G,5006,100,H,5657,100
[AUTOPOS] SW-B,A,2976,100,C,4578,100,D,5427,100,E,3238,100,F,1453,100,G,5020,100,H,5676,100
[AUTOPOS] SW-B,A,3042,100,C,4582,100,D,5512,100,E,3248,100,F,1408,100,G,5006,100,H,5677,100
[AUTOPOS] SW-B,A,2966,100,C,4543,100,D,5420,100,E,3234,100,F,1444,100,G,5041,100,H,5637,100
[AUTOPOS] SW-B,A,2968,100,C,4582,100,D,5453,100,E,3222,100,F,1454,100,G,4971,100,H,5648,100
[AUTOPOS] SW-B,A,3005,100,C,4541,100,D,5448,100,E,3188,100,F,1426,100,G,4945,100,H,5637,100
[AUTOPOS] SW-B,A,3055,100,C,4571,100,D,5440,100,E,3251,100,F,1448,100,G,4933,100,H,5637,100
[AUTOPOS] SW-B,A,3006,100,C,4567,100,D,5502,100,E,3209,100,F,1447,100,G,4942,100,H,5669,100
[AUTOPOS] SW-B,A,3016,100,C,4560,100,D,5406,100,E,3206,100,F,1458,100,G,4951,100,H,5661,100
[AUTOPOS] SW-B,A,3002,100,C,4606,100,D,5409,100,E,3198,100,F,1460,100,G,5012,100,H,5655,100
[AUTOPOS] SW-B,A,3011,100,C,4564,100,D,5395,100,E,3232,100,F,1412,100,G,4981,100,H,5659,100
[AUTOPOS] SW-B,A,3020,100,C,4572,100,D,5429,100,E,3255,100,F,1431,100,G,5017,100,H,5672,100
[AUTOPOS] SW-B,A,3039,100,C,4557,100,D,5442,100,E,3260,100,F,1438,100,G,4990,100,H,5633,100
[AUTOPOS] SW-B,A,3040,100,C,4539,100,D,5438,100,E,3218,100,F,1446,100,G,5023,100,H,5635,100
[AUTOPOS] SW-B,A,3030,100,C,4590,100,D,5422,100,E,3203,100,F,1435,100,G,5049,100,H,5633,100
[AUTOPOS] SW-B,A,3067,100,C,4591,100,D,5485,100,E,3237,100,F,1438,100,G,4993,100,H,5646,100
[AUTOPOS] SW-B,A,2984,100,C,4567,100,D,5420,100,E,3207,100,F,1454,100,G,4894,100,H,5656,100
[AUTOPOS] SW-B,A,3052,100,C,4580,100,D,5516,100,E,3243,100,F,1426,100,G,4899,100,H,5659,100
[AUTOPOS] SW-B,A,2989,100,C,4569,100,D,5415,100,E,3270,100,F,1453,100,G,5020,100,H,5650,100
[AUTOPOS] SW-B,A,3010,100,C,4571,100,D,5500,100,E,3170,100,F,1435,100,G,5001,100,H,5650,100
[AUTOPOS] SW-B,A,2970,100,C,4560,100,D,5468,100,E,3225,100,F,1426,100,G,5036,100,H,5630,100
[AUTOPOS] SW-B,A,3044,100,C,4596,100,D,5506,100,E,3261,100,F,1463,100,G,5051,100,H,5637,100
[AUTOPOS] SW-B,A,3057,100,C,4568,100,D,5489,100,E,3259,100,F,1426,100,G,5001,100,H,5659,100
[AUTOPOS] SW-B,A,3032,100,C,4584,100,D,5474,100,E,3196,100,F,1473,100,G,4970,100,H,5691,100
[AUTOPOS] SW-B,A,3048,100,C,4569,100,D,5483,100,E,3228,100,F,1435,100,G,4983,100,H,5645,100
[AUTOPOS] SW-B,A,2984,100,C,4566,100,D,5464,100,E,3226,100,F,1450,100,G,4986,100,H,5645,100
[AUTOPOS] SW-B,A,3034,100,C,4583,100,D,5419,100,E,3198,100,F,1440,100,G,4975,100,H,5645,100
[AUTOPOS] SW-B,A,3033,100,C,4593,100,D,5498,100,E,3183,100,F,1456,100,G,4989,100,H,5669,100
[AUTOPOS] SW-B,A,3036,100,C,4624,100,D,5474,100,E,3237,100,F,1435,100,G,5006,100,H,5659,100
[AUTOPOS] SW-B,A,3017,100,C,4537,100,D,5481,100,E,3214,100,F,1417,100,G,4979,100,H,5638,100
[AUTOPOS] SW-B,A,3033,100,C,4578,100,D,5428,100,E,3226,100,F,1446,100,G,5016,100,H,5666,100
[AUTOPOS] SW-B,A,3021,100,C,4584,100,D,5480,100,E,3230,100,F,1440,100,G,4947,100,H,5682,100
[AUTOPOS] SW-B,A,3046,100,C,4610,100,D,5422,100,E,3206,100,F,1430,100,G,4974,100,H,5666,100
[AUTOPOS] SW-B,A,2995,100,C,4573,100,D,5484,100,E,3236,100,F,1428,100,G,4932,100,H,5660,100
[AUTOPOS] SW-B,A,3034,100,C,4578,100,D,5438,100,E,3233,100,F,1472,100,G,4942,100,H,5644,100
[AUTOPOS] SW-B,A,3007,100,C,4591,100,D,5452,100,E,3219,100,F,1450,100,G,5008,100,H,5668,100
[AUTOPOS] SW-B,A,3045,100,C,4602,100,D,5412,100,E,3220,100,F,1444,100,G,4970,100,H,5634,100
[AUTOPOS] SW-B,A,3020,100,C,4543,100,D,5449,100,E,3262,100,F,1434,100,G,5034,100,H,5673,100
[AUTOPOS] SW-B,A,2975,100,C,4584,100,D,5435,100,E,3227,100,F,1441,100,G,5008,100,H,5672,100
[AUTOPOS] SW-B,A,2985,100,C,4547,100,D,5438,100,E,3210,100,F,1467,100,G,4990,100,H,5655,100
[AUTOPOS] SW-B,A,3068,100,C,4614,100,D,5444,100,E,3211,100,F,1449,100,G,4991,100,H,5656,100
[AUTOPOS] SW-B,A,3030,100,C,4540,100,D,5481,100,E,3206,100,F,1443,100,G,5018,100,H,5680,100
[AUTOPOS] SW-B,A,3029,100,C,4592,100,D,5427,100,E,3235,100,F,1427,100,G,4973,100,H,5680,100
[AUTOPOS] SW-B,A,3026,100,C,4600,100,D,5407,100,E,3203,100,F,1419,100,G,5030,100,H,5647,100
[AUTOPOS] SW-B,A,3006,100,C,4573,100,D,5538,100,E,3211,100,F,1453,100,G,4972,100,H,5665,100
[AUTOPOS] SW-B,A,3052,100,C,4569,100,D,5478,100,E,3188,100,F,1436,100,G,4992,100,H,5696,100
[AUTOPOS] SW-B,A,2993,100,C,4587,100,D,5443,100,E,3237,100,F,1431,100,G,5002,100,H,5640,100
[AUTOPOS] SW-B,A,3045,100,C,4550,100,D,5446,100,E,3262,100,F,1425,100,G,5049,100,H,5620,100
[AUTOPOS] SW-B,A,3026,100,C,4568,100,D,5454,100,E,3150,100,F,1448,100,G,4959,100,H,5647,100
[AUTOPOS] SW-B,A,2990,100,C,4576,100,D,5490,100,E,3224,100,F,1438,100,G,4976,100,H,5633,100
[AUTOPOS] SW-B,A,3044,100,C,4593,100,D,5455,100,E,3217,100,F,1451,100,G,5031,100,H,5646,100
[AUTOPOS] SW-B,A,3023,100,C,4585,100,D,5451,100,E,3247,100,F,1452,100,G,4975,100,H,5642,100
[AUTOPOS] SW-B,A,3017,100,C,4578,100,D,5419,100,E,3251,100,F,1467,100,G,4961,100,H,5622,100
[AUTOPOS] SW-B,A,3032,100,C,4571,100,D,5407,100,E,3237,100,F,1439,100,G,4985,100,H,5643,100
[AUTOPOS] SW-B,A,3006,100,C,4563,100,D,5429,100,E,3193,100,F,1426,100,G,5032,100,H,5617,100
[AUTOPOS] SW-B,A,2999,100,C,4561,100,D,5535,100,E,3224,100,F,1427,100,G,4983,100,H,5660,100
[AUTOPOS] SW-B,A,3011,100,C,4548,100,D,5405,100,E,3191,100,F,1454,100,G,4936,100,H,5635,100
[AUTOPOS] SW-B,A,3002,100,C,4561,100,D,5466,100,E,3237,100,F,1429,100,G,4994,100,H,5642,100
[AUTOPOS] SW-B,A,3068,100,C,4581,100,D,5370,100,E,3214,100,F,1426,100,G,5024,100,H,5691,100
[AUTOPOS] SW-B,A,3040,100,C,4569,100,D,5489,100,E,3219,100,F,1454,100,G,5004,100,H,5651,100
[AUTOPOS] SW-B,A,3013,100,C,4550,100,D,5487,100,E,3200,100,F,1448,100,G,5012,100,H,5659,100
[AUTOPOS] SW-B,A,3034,100,C,4568,100,D,5472,100,E,3222,100,F,1449,100,G,4951,100,H,5665,100
[AUTOPOS] SW-B,A,3028,100,C,4560,100,D,5486,100,E,3237,100,F,1440,100,G,4954,100,H,5658,100
[AUTOPOS] SW-B,A,3023,100,C,4546,100,D,5464,100,E,3215,100,F,1450,100,G,4987,100,H,5656,100
[AUTOPOS] SW-B,A,2996,100,C,4564,100,D,5481,100,E,3185,100,F,1449,100,G,4918,100,H,5662,100
[AUTOPOS] SW-B,A,3007,100,C,4596,100,D,5507,100,E,3234,100,F,1455,100,G,4986,100,H,5633,100
[AUTOPOS] SW-B,A,3039,100,C,4548,100,D,5482,100,E,3207,100,F,1439,100,G,5030,100,H,5645,100
[AUTOPOS] SW-B,A,3033,100,C,4560,100,D,5407,100,E,3201,100,F,1449,100,G,4990,100,H,5659,100
[AUTOPOS] SW-B,A,3009,100,C,4554,100,D,5452,100,E,3250,100,F,1438,100,G,5003,100,H,5638,100
[AUTOPOS] SW-B,A,3002,100,C,4560,100,D,5377,100,E,3216,100,F,1432,100,G,4965,100,H,5654,100
[AUTOPOS] SW-B,A,3005,100,C,4544,100,D,5470,100,E,3192,100,F,1488,100,G,4963,100,H,5683,100
[AUTOPOS] SW-B,A,3077,100,C,4613,100,D,5434,100,E,3227,100,F,1446,100,G,4963,100,H,5635,100
[AUTOPOS] SW-B,A,2993,100,C,4622,100,D,5455,100,E,3252,100,F,1432,100,G,4941,100,H,5664,100
[AUTOPOS] SW-B,A,3024,100,C,4553,100,D,5488,100,E,3223,100,F,1437,100,G,4966,100,H,5693,100
[AUTOPOS] SW-B,A,3016,100,C,4588,100,D,5496,100,E,3191,100,F,1447,100,G,5000,100,H,5668,100
[AUTOPOS] SW-B,A,3017,100,C,4546,100,D,5482,100,E,3219,100,F,1429,100,G,4961,100,H,5623,100
[AUTOPOS] SW-B,A,3046,100,C,4574,100,D,5420,100,E,3233,100,F,1445,100,G,4967,100,H,5709,100
[AUTOPOS] SW-B,A,3041,100,C,4601,100,D,5454,100,E,3237,100,F,1461,100,G,4993,100,H,5654,100
[AUTOPOS] SW-B,A,3025,100,C,4584,100,D,5434,100,E,3237,100,F,1429,100,G,4991,100,H,5631,100
[AUTOPOS] SW-B,A,3027,100,C,4556,100,D,5445,100,E,3236,100,F,1420,100,G,4990,100,H,5646,100
[AUTOPOS] SW-B,A,3048,100,C,4570,100,D,5522,100,E,3219,100,F,1417,100,G,4961,100,H,5637,100
[AUTOPOS] SW-B,A,3015,100,C,4568,100,D,5465,100,E,3218,100,F,1447,100,G,4974,100,H,5645,100
[AUTOPOS] SW-B,A,3053,100,C,4560,100,D,5423,100,E,3219,100,F,1435,100,G,4964,100,H,5621,100
[AUTOPOS] SW-B,A,2995,100,C,4564,100,D,5493,100,E,3270,100,F,1440,100,G,4942,100,H,5658,100
[AUTOPOS] SW-B,A,3054,100,C,4597,100,D,5425,100,E,3234,100,F,1431,100,G,4925,100,H,5684,100
[AUTOPOS] SW-B,A,3045,100,C,4559,100,D,5445,100,E,3221,100,F,1438,100,G,4978,100,H,5718,100
[AUTOPOS] SW-B,A,2989,100,C,4519,100,D,5422,100,E,3229,100,F,1427,100,G,4937,100,H,5625,100
[AUTOPOS] SW-B,A,3041,100,C,4572,100,D,5454,100,E,3184,100,F,1449,100,G,4995,100,H,5642,100
[AUTOPOS] SW-B,A,3035,100,C,4570,100,D,5458,100,E,3208,100,F,1430,100,G,4973,100,H,5666,100
[AUTOPOS] SW-B,A,3013,100,C,4576,100,D,5434,100,E,3182,100,F,1446,100,G,4957,100,H,5639,100
[AUTOPOS] SW-B,A,3003,100,C,4565,100,D,5461,100,E,3192,100,F,1421,100,G,4993,100,H,5641,100
[AUTOPOS] SW-B,A,2987,100,C,4561,100,D,5424,100,E,3220,100,F,1459,100,G,4989,100,H,5635,100
[AUTOPOS] SW-B,A,3020,100,C,4601,100,D,5500,100,E,3205,100,F,1457,100,G,4955,100,H,5611,100
[AUTOPOS] SW-B,A,3053,100,C,4586,100,D,5425,100,E,3229,100,F,1447,100,G,4971,100,H,5655,100
[AUTOPOS] SW-B,A,3039,100,C,4568,100,D,5424,100,E,3237,100,F,1453,100,G,4954,100,H,5659,100
[AUTOPOS] SW-B,A,3023,100,C,4527,100,D,5455,100,E,3254,100,F,1436,100,G,5015,100,H,5637,100
[AUTOPOS] SW-B,A,3022,100,C,4576,100,D,5513,100,E,3165,100,F,1457,100,G,4994,100,H,5691,100
[AUTOPOS] SW-B,A,3001,100,C,4573,100,D,5551,100,E,3166,100,F,1457,100,G,4945,100,H,5642,100
[AUTOPOS] SW-B,A,3025,100,C,4538,100,D,5492,100,E,3200,100,F,1433,100,G,5020,100,H,5631,100
[AUTOPOS] SW-B,A,3019,100,C,4557,100,D,5406,100,E,3191,100,F,1436,100,G,4974,100,H,5628,100
[AUTOPOS] SW-B,A,3053,100,C,4530,100,D,5418,100,E,3188,100,F,1443,100,G,4997,100,H,5639,100
[AUTOPOS] SW-B,A,3019,100,C,4554,100,D,5539,100,E,3255,100,F,1421,100,G,5036,100,H,5614,100
[AUTOPOS] SW-B,A,3050,100,C,4625,100,D,5514,100,E,3200,100,F,1455,100,G,4939,100,H,5622,100
[AUTOPOS] SW-B,A,3030,100,C,4548,100,D,5358,100,E,3206,100,F,1445,100,G,4987,100,H,5675,100
[AUTOPOS] SW-B,A,3023,100,C,4539,100,D,5421,100,E,3182,100,F,1464,100,G,4975,100,H,5638,100
[AUTOPOS] SW-B,A,3034,100,C,4525,100,D,5344,100,E,3173,100,F,1473,100,G,4996,100,H,5662,100
[AUTOPOS] SW-B,A,3024,100,C,4535,100,D,5424,100,E,3220,100,F,1441,100,G,5032,100,H,5636,100
[AUTOPOS] SW-B,A,3000,100,C,4576,100,D,5451,100,E,3208,100,F,1435,100,G,4977,100,H,5623,100
[AUTOPOS] SW-B,A,3028,100,C,4530,100,D,5494,100,E,3208,100,F,1425,100,G,4974,100,H,5614,100
[AUTOPOS] SW-B,A,3004,100,C,4536,100,D,5470,100,E,3215,100,F,1427,100,G,5049,100,H,5628,100
[AUTOPOS] SW-B,A,3004,100,C,4591,100,D,5470,100,E,3199,100,F,1459,100,G,4971,100,H,5636,100
[AUTOPOS] SW-B,A,3038,100,C,4562,100,D,5384,100,E,3182,100,F,1452,100,G,4935,100,H,5658,100
[AUTOPOS] SW-B,A,3029,100,C,4567,100,D,5462,100,E,3239,100,F,1425,100,G,5052,100,H,5635,100
[AUTOPOS] SW-B,A,3049,100,C,4555,100,D,5438,100,E,3187,100,F,1433,100,G,5023,100,H,5656,100
[AUTOPOS] ANCHOR_CTRL[1] notify: SWEEP_DONE master=B sets=1010 role=matrix
END=2026-05-13 13:44:40
