[CAPTURE] session_dir=/home/zekaixiao/Desktop/28052026_Erlangen_Official/captures/erlangen_20260528_optitrack/static_ID18_BSF66F_120s_20260528_121519/tag_capture_20260528_121519
[CAPTURE] raw_log=/home/zekaixiao/Desktop/28052026_Erlangen_Official/captures/erlangen_20260528_optitrack/static_ID18_BSF66F_120s_20260528_121519/tag_capture_20260528_121519/raw.log
[CAPTURE] plan: targets=BSF66F tr=10Hz duration=120s
[CAPTURE] open serial: /dev/serial/by-id/usb-Master_Tag_BioSpur_BLE_Control_6918E0384172A49F-if00
[CAPTURE] drain boot/runtime output
[HOST_CMD] status
[HOST_CMD] device show
[CAPTURE] configure: reuse Master_Tag resident links
[HOST_CMD] device kind tag
[HOST_CMD] device show
[HOST_CMD] ota_target token -1
[HOST_CMD] ota_target name BSF66F
[HOST_CMD] ota_target prefix -
[HOST_CMD] ota_target uuid -
[CAPTURE] configure: targeted AOTA non-target tags=BS2DCE,BSDC91,BS9336,BS955A,BSCCF4
[HOST_CMD] ota_target token -1
[HOST_CMD] ota_target name BS2DCE
[HOST_CMD] ota_target prefix -
[HOST_CMD] ota_target uuid -
[HOST_CMD] cmd_all MODE AOTA
[HOST_CMD] ota_target token -1
[HOST_CMD] ota_target name BSDC91
[HOST_CMD] ota_target prefix -
[HOST_CMD] ota_target uuid -
[HOST_CMD] cmd_all MODE AOTA
[HOST_CMD] ota_target token -1
[HOST_CMD] ota_target name BS9336
[HOST_CMD] ota_target prefix -
[HOST_CMD] ota_target uuid -
[HOST_CMD] cmd_all MODE AOTA
[HOST_CMD] ota_target token -1
[HOST_CMD] ota_target name BS955A
[HOST_CMD] ota_target prefix -
[HOST_CMD] ota_target uuid -
[HOST_CMD] cmd_all MODE AOTA
[HOST_CMD] ota_target token -1
[HOST_CMD] ota_target name BSCCF4
[HOST_CMD] ota_target prefix -
[HOST_CMD] ota_target uuid -
[HOST_CMD] cmd_all MODE AOTA
[HOST_CMD] ota_target token -1
[HOST_CMD] ota_target name BSF66F
[HOST_CMD] ota_target prefix -
[HOST_CMD] ota_target uuid -
[CAPTURE] configure: silence resident Tag links for enrollment after non-target AOTA (BS2DCE,BSDC91,BS9336,BS955A,BSCCF4)
[HOST_CMD] tdma hold 1
[CAPTURE] configure: skip setup MODE AOTA; TDMA roster/hold controls admission
[CAPTURE] configure: reassert TDMA target roster
[HOST_CMD] tdma clear
[HOST_CMD] tdma freq motion 10
[HOST_CMD] tdma roster BSF66F motion
[HOST_CMD] ota_target token -1
[HOST_CMD] ota_target name BSF66F
[HOST_CMD] ota_target prefix -
[HOST_CMD] ota_target uuid -
[HOST_CMD] conn
[CAPTURE] configure: wait for target links
[CAPTURE] link setup passive initial: wait up to 30s
[CAPTURE] link setup passive: ready=BSF66F (1/1)
[CAPTURE] link setup passive: all 1/1 ready; settle 8.0s before TDMA release
[CAPTURE] link setup passive: ready=BSF66F (1/1)
[CAPTURE] configure: release TDMA hold and verify TDMA CFG
[HOST_CMD] tdma hold 0
[CAPTURE] configure: TDMA CFG apply/check attempt 1/3
[HOST_CMD] tdma freq motion 10
[HOST_CMD] tdma roster BSF66F motion
[HOST_CMD] tdma rebalance
[HOST_CMD] tdma show
[HOST_CMD] status
[HOST_CMD] device show
[CAPTURE] configure: TDMA CFG verified match=true
[CAPTURE] configure: TDMA ready
[CAPTURE] TDMA verified; start TR capture
[CAPTURE] [....................]   0.0% elapsed=0s eta=120s rows=0 row_rate=0.0/s sw=0 ge7=0% ge8=0% BSF66F:rows=0,cfg=10Hz
[CAPTURE] [....................]   0.8% elapsed=1s eta=119s rows=80 row_rate=79.6/s sw=10 ge7=100% ge8=90% BSF66F:rows=80,cfg=10Hz
[CAPTURE] [....................]   1.7% elapsed=2s eta=118s rows=168 row_rate=83.4/s sw=21 ge7=100% ge8=95% BSF66F:rows=168,cfg=10Hz
[CAPTURE] [#...................]   2.6% elapsed=3s eta=117s rows=248 row_rate=80.2/s sw=31 ge7=100% ge8=94% BSF66F:rows=248,cfg=10Hz
[CAPTURE] [#...................]   3.5% elapsed=4s eta=116s rows=336 row_rate=80.2/s sw=42 ge7=98% ge8=90% BSF66F:rows=336,cfg=10Hz
[CAPTURE] [#...................]   4.3% elapsed=5s eta=115s rows=416 row_rate=80.1/s sw=52 ge7=98% ge8=92% BSF66F:rows=416,cfg=10Hz
[CAPTURE] [#...................]   5.3% elapsed=6s eta=114s rows=504 row_rate=79.5/s sw=63 ge7=98% ge8=94% BSF66F:rows=504,cfg=10Hz
[CAPTURE] [#...................]   6.1% elapsed=7s eta=113s rows=584 row_rate=79.6/s sw=73 ge7=99% ge8=93% BSF66F:rows=584,cfg=10Hz
[CAPTURE] [#...................]   7.0% elapsed=8s eta=112s rows=672 row_rate=80.1/s sw=84 ge7=99% ge8=94% BSF66F:rows=672,cfg=10Hz
[CAPTURE] [##..................]   7.9% elapsed=9s eta=111s rows=760 row_rate=80.1/s sw=95 ge7=99% ge8=95% BSF66F:rows=760,cfg=10Hz
[CAPTURE] [##..................]   8.7% elapsed=10s eta=110s rows=840 row_rate=80.1/s sw=105 ge7=99% ge8=94% BSF66F:rows=840,cfg=10Hz
[CAPTURE] [##..................]   9.6% elapsed=11s eta=109s rows=920 row_rate=80.1/s sw=115 ge7=99% ge8=95% BSF66F:rows=920,cfg=10Hz
[CAPTURE] [##..................]  10.5% elapsed=13s eta=107s rows=1008 row_rate=80.1/s sw=126 ge7=99% ge8=95% BSF66F:rows=1008,cfg=10Hz
[CAPTURE] [##..................]  11.3% elapsed=14s eta=106s rows=1088 row_rate=80.1/s sw=136 ge7=99% ge8=96% BSF66F:rows=1088,cfg=10Hz
[CAPTURE] [##..................]  12.2% elapsed=15s eta=105s rows=1176 row_rate=80.1/s sw=147 ge7=99% ge8=95% BSF66F:rows=1176,cfg=10Hz
[CAPTURE] [###.................]  13.1% elapsed=16s eta=104s rows=1256 row_rate=80.1/s sw=157 ge7=99% ge8=96% BSF66F:rows=1256,cfg=10Hz
[CAPTURE] [###.................]  14.0% elapsed=17s eta=103s rows=1344 row_rate=80.1/s sw=168 ge7=99% ge8=96% BSF66F:rows=1344,cfg=10Hz
[CAPTURE] [###.................]  14.8% elapsed=18s eta=102s rows=1424 row_rate=80.0/s sw=178 ge7=99% ge8=96% BSF66F:rows=1424,cfg=10Hz
[CAPTURE] [###.................]  15.8% elapsed=19s eta=101s rows=1512 row_rate=80.0/s sw=189 ge7=99% ge8=96% BSF66F:rows=1512,cfg=10Hz
[CAPTURE] [###.................]  16.6% elapsed=20s eta=100s rows=1592 row_rate=79.8/s sw=199 ge7=99% ge8=96% BSF66F:rows=1592,cfg=10Hz
[CAPTURE] [####................]  17.5% elapsed=21s eta=99s rows=1680 row_rate=79.9/s sw=210 ge7=100% ge8=97% BSF66F:rows=1680,cfg=10Hz
[CAPTURE] [####................]  18.4% elapsed=22s eta=98s rows=1760 row_rate=79.9/s sw=220 ge7=100% ge8=97% BSF66F:rows=1760,cfg=10Hz
[CAPTURE] [####................]  19.2% elapsed=23s eta=97s rows=1840 row_rate=79.9/s sw=230 ge7=100% ge8=97% BSF66F:rows=1840,cfg=10Hz
[CAPTURE] [####................]  20.0% elapsed=24s eta=96s rows=1928 row_rate=80.2/s sw=241 ge7=100% ge8=97% BSF66F:rows=1928,cfg=10Hz
[CAPTURE] [####................]  20.9% elapsed=25s eta=95s rows=2008 row_rate=79.9/s sw=251 ge7=100% ge8=96% BSF66F:rows=2008,cfg=10Hz
[CAPTURE] [####................]  21.8% elapsed=26s eta=94s rows=2088 row_rate=79.9/s sw=261 ge7=100% ge8=97% BSF66F:rows=2088,cfg=10Hz
[CAPTURE] [#####...............]  22.6% elapsed=27s eta=93s rows=2168 row_rate=79.8/s sw=271 ge7=100% ge8=97% BSF66F:rows=2168,cfg=10Hz
[CAPTURE] [#####...............]  23.6% elapsed=28s eta=92s rows=2256 row_rate=79.8/s sw=282 ge7=100% ge8=97% BSF66F:rows=2256,cfg=10Hz
[CAPTURE] [#####...............]  24.5% elapsed=29s eta=91s rows=2344 row_rate=79.8/s sw=293 ge7=99% ge8=96% BSF66F:rows=2344,cfg=10Hz
[CAPTURE] [#####...............]  25.3% elapsed=30s eta=90s rows=2424 row_rate=79.7/s sw=303 ge7=99% ge8=96% BSF66F:rows=2424,cfg=10Hz
[CAPTURE] [#####...............]  26.2% elapsed=31s eta=89s rows=2504 row_rate=79.7/s sw=313 ge7=99% ge8=96% BSF66F:rows=2504,cfg=10Hz
[CAPTURE] [#####...............]  27.0% elapsed=32s eta=88s rows=2584 row_rate=79.7/s sw=323 ge7=99% ge8=97% BSF66F:rows=2584,cfg=10Hz
[CAPTURE] [######..............]  27.8% elapsed=33s eta=87s rows=2664 row_rate=79.7/s sw=333 ge7=99% ge8=97% BSF66F:rows=2664,cfg=10Hz
[CAPTURE] [######..............]  28.7% elapsed=34s eta=86s rows=2744 row_rate=79.7/s sw=343 ge7=99% ge8=97% BSF66F:rows=2744,cfg=10Hz
[CAPTURE] [######..............]  29.5% elapsed=35s eta=85s rows=2824 row_rate=79.7/s sw=353 ge7=99% ge8=97% BSF66F:rows=2824,cfg=10Hz
[CAPTURE] [######..............]  30.4% elapsed=37s eta=83s rows=2912 row_rate=79.8/s sw=364 ge7=99% ge8=97% BSF66F:rows=2912,cfg=10Hz
[CAPTURE] [######..............]  31.3% elapsed=38s eta=82s rows=2992 row_rate=79.8/s sw=374 ge7=99% ge8=97% BSF66F:rows=2992,cfg=10Hz
[CAPTURE] [######..............]  32.2% elapsed=39s eta=81s rows=3080 row_rate=79.8/s sw=385 ge7=99% ge8=97% BSF66F:rows=3080,cfg=10Hz
[CAPTURE] [#######.............]  33.1% elapsed=40s eta=80s rows=3168 row_rate=79.8/s sw=396 ge7=99% ge8=97% BSF66F:rows=3168,cfg=10Hz
[CAPTURE] [#######.............]  33.9% elapsed=41s eta=79s rows=3248 row_rate=79.8/s sw=406 ge7=100% ge8=97% BSF66F:rows=3248,cfg=10Hz
[CAPTURE] [#######.............]  34.8% elapsed=42s eta=78s rows=3336 row_rate=79.8/s sw=417 ge7=100% ge8=97% BSF66F:rows=3336,cfg=10Hz
[CAPTURE] [#######.............]  35.7% elapsed=43s eta=77s rows=3416 row_rate=79.8/s sw=427 ge7=100% ge8=97% BSF66F:rows=3416,cfg=10Hz
[CAPTURE] [#######.............]  36.6% elapsed=44s eta=76s rows=3504 row_rate=79.8/s sw=438 ge7=100% ge8=97% BSF66F:rows=3504,cfg=10Hz
[CAPTURE] [#######.............]  37.4% elapsed=45s eta=75s rows=3584 row_rate=79.8/s sw=448 ge7=100% ge8=98% BSF66F:rows=3584,cfg=10Hz
[CAPTURE] [########............]  38.3% elapsed=46s eta=74s rows=3672 row_rate=79.8/s sw=459 ge7=100% ge8=98% BSF66F:rows=3672,cfg=10Hz
[CAPTURE] [########............]  39.2% elapsed=47s eta=73s rows=3752 row_rate=79.8/s sw=469 ge7=100% ge8=98% BSF66F:rows=3752,cfg=10Hz
[CAPTURE] [########............]  40.1% elapsed=48s eta=72s rows=3840 row_rate=79.8/s sw=480 ge7=100% ge8=98% BSF66F:rows=3840,cfg=10Hz
[CAPTURE] [########............]  40.9% elapsed=49s eta=71s rows=3928 row_rate=80.0/s sw=491 ge7=100% ge8=98% BSF66F:rows=3928,cfg=10Hz
[CAPTURE] [########............]  41.8% elapsed=50s eta=70s rows=4000 row_rate=79.8/s sw=500 ge7=100% ge8=98% BSF66F:rows=4000,cfg=10Hz
[CAPTURE] [#########...........]  42.7% elapsed=51s eta=69s rows=4088 row_rate=79.8/s sw=511 ge7=100% ge8=98% BSF66F:rows=4088,cfg=10Hz
[CAPTURE] [#########...........]  43.6% elapsed=52s eta=68s rows=4176 row_rate=79.8/s sw=522 ge7=100% ge8=98% BSF66F:rows=4176,cfg=10Hz
[CAPTURE] [#########...........]  44.4% elapsed=53s eta=67s rows=4256 row_rate=79.8/s sw=532 ge7=100% ge8=98% BSF66F:rows=4256,cfg=10Hz
[CAPTURE] [#########...........]  45.4% elapsed=54s eta=66s rows=4344 row_rate=79.8/s sw=543 ge7=100% ge8=97% BSF66F:rows=4344,cfg=10Hz
[CAPTURE] [#########...........]  46.3% elapsed=56s eta=64s rows=4432 row_rate=79.8/s sw=554 ge7=100% ge8=96% BSF66F:rows=4432,cfg=10Hz
[CAPTURE] [#########...........]  47.2% elapsed=57s eta=63s rows=4520 row_rate=79.8/s sw=565 ge7=100% ge8=96% BSF66F:rows=4520,cfg=10Hz
[CAPTURE] [##########..........]  48.1% elapsed=58s eta=62s rows=4608 row_rate=79.8/s sw=576 ge7=100% ge8=95% BSF66F:rows=4608,cfg=10Hz
[CAPTURE] [##########..........]  48.9% elapsed=59s eta=61s rows=4688 row_rate=79.8/s sw=586 ge7=100% ge8=95% BSF66F:rows=4688,cfg=10Hz
[CAPTURE] [##########..........]  49.8% elapsed=60s eta=60s rows=4776 row_rate=79.8/s sw=597 ge7=100% ge8=94% BSF66F:rows=4776,cfg=10Hz
[CAPTURE] [##########..........]  50.7% elapsed=61s eta=59s rows=4856 row_rate=79.8/s sw=607 ge7=100% ge8=94% BSF66F:rows=4856,cfg=10Hz
[CAPTURE] [##########..........]  51.6% elapsed=62s eta=58s rows=4944 row_rate=79.8/s sw=618 ge7=100% ge8=94% BSF66F:rows=4944,cfg=10Hz
[CAPTURE] [##########..........]  52.4% elapsed=63s eta=57s rows=5024 row_rate=79.8/s sw=628 ge7=100% ge8=94% BSF66F:rows=5024,cfg=10Hz
[CAPTURE] [###########.........]  53.3% elapsed=64s eta=56s rows=5112 row_rate=79.9/s sw=639 ge7=100% ge8=94% BSF66F:rows=5112,cfg=10Hz
[CAPTURE] [###########.........]  54.2% elapsed=65s eta=55s rows=5192 row_rate=79.8/s sw=649 ge7=100% ge8=94% BSF66F:rows=5192,cfg=10Hz
[CAPTURE] [###########.........]  55.1% elapsed=66s eta=54s rows=5280 row_rate=79.8/s sw=660 ge7=100% ge8=94% BSF66F:rows=5280,cfg=10Hz
[CAPTURE] [###########.........]  56.0% elapsed=67s eta=53s rows=5368 row_rate=79.9/s sw=671 ge7=100% ge8=94% BSF66F:rows=5368,cfg=10Hz
[CAPTURE] [###########.........]  56.9% elapsed=68s eta=52s rows=5456 row_rate=79.8/s sw=682 ge7=100% ge8=94% BSF66F:rows=5456,cfg=10Hz
[CAPTURE] [############........]  57.9% elapsed=69s eta=51s rows=5544 row_rate=79.8/s sw=693 ge7=100% ge8=94% BSF66F:rows=5544,cfg=10Hz
[CAPTURE] [############........]  58.7% elapsed=70s eta=50s rows=5624 row_rate=79.8/s sw=703 ge7=100% ge8=94% BSF66F:rows=5624,cfg=10Hz
[CAPTURE] [############........]  59.6% elapsed=72s eta=48s rows=5712 row_rate=79.8/s sw=714 ge7=100% ge8=95% BSF66F:rows=5712,cfg=10Hz
[CAPTURE] [############........]  60.5% elapsed=73s eta=47s rows=5800 row_rate=79.9/s sw=725 ge7=100% ge8=95% BSF66F:rows=5800,cfg=10Hz
[CAPTURE] [############........]  61.4% elapsed=74s eta=46s rows=5888 row_rate=79.9/s sw=736 ge7=100% ge8=95% BSF66F:rows=5888,cfg=10Hz
[CAPTURE] [############........]  62.4% elapsed=75s eta=45s rows=5976 row_rate=79.9/s sw=747 ge7=100% ge8=95% BSF66F:rows=5976,cfg=10Hz
[CAPTURE] [#############.......]  63.2% elapsed=76s eta=44s rows=6056 row_rate=79.8/s sw=757 ge7=100% ge8=95% BSF66F:rows=6056,cfg=10Hz
[CAPTURE] [#############.......]  64.1% elapsed=77s eta=43s rows=6144 row_rate=79.9/s sw=768 ge7=100% ge8=95% BSF66F:rows=6144,cfg=10Hz
[CAPTURE] [#############.......]  65.0% elapsed=78s eta=42s rows=6232 row_rate=79.9/s sw=779 ge7=100% ge8=95% BSF66F:rows=6232,cfg=10Hz
[CAPTURE] [#############.......]  66.0% elapsed=79s eta=41s rows=6320 row_rate=79.9/s sw=790 ge7=100% ge8=95% BSF66F:rows=6320,cfg=10Hz
[CAPTURE] [#############.......]  66.8% elapsed=80s eta=40s rows=6400 row_rate=79.9/s sw=800 ge7=100% ge8=95% BSF66F:rows=6400,cfg=10Hz
[CAPTURE] [##############......]  67.7% elapsed=81s eta=39s rows=6488 row_rate=79.9/s sw=811 ge7=100% ge8=94% BSF66F:rows=6488,cfg=10Hz
[CAPTURE] [##############......]  68.6% elapsed=82s eta=38s rows=6576 row_rate=79.9/s sw=822 ge7=100% ge8=94% BSF66F:rows=6576,cfg=10Hz
[CAPTURE] [##############......]  69.6% elapsed=83s eta=37s rows=6664 row_rate=79.8/s sw=833 ge7=100% ge8=94% BSF66F:rows=6664,cfg=10Hz
[CAPTURE] [##############......]  70.5% elapsed=85s eta=35s rows=6752 row_rate=79.9/s sw=844 ge7=100% ge8=93% BSF66F:rows=6752,cfg=10Hz
[CAPTURE] [##############......]  71.3% elapsed=86s eta=34s rows=6832 row_rate=79.9/s sw=854 ge7=100% ge8=93% BSF66F:rows=6832,cfg=10Hz
[CAPTURE] [##############......]  72.2% elapsed=87s eta=33s rows=6920 row_rate=79.9/s sw=865 ge7=100% ge8=93% BSF66F:rows=6920,cfg=10Hz
[CAPTURE] [###############.....]  73.0% elapsed=88s eta=32s rows=7000 row_rate=79.9/s sw=875 ge7=100% ge8=93% BSF66F:rows=7000,cfg=10Hz
[CAPTURE] [###############.....]  74.0% elapsed=89s eta=31s rows=7088 row_rate=79.9/s sw=886 ge7=100% ge8=93% BSF66F:rows=7088,cfg=10Hz
[CAPTURE] [###############.....]  74.9% elapsed=90s eta=30s rows=7176 row_rate=79.9/s sw=897 ge7=100% ge8=93% BSF66F:rows=7176,cfg=10Hz
[CAPTURE] [###############.....]  75.7% elapsed=91s eta=29s rows=7256 row_rate=79.9/s sw=907 ge7=100% ge8=93% BSF66F:rows=7256,cfg=10Hz
[CAPTURE] [###############.....]  76.6% elapsed=92s eta=28s rows=7344 row_rate=79.9/s sw=918 ge7=100% ge8=93% BSF66F:rows=7344,cfg=10Hz
[CAPTURE] [################....]  77.5% elapsed=93s eta=27s rows=7432 row_rate=79.9/s sw=929 ge7=100% ge8=93% BSF66F:rows=7432,cfg=10Hz
[CAPTURE] [################....]  78.5% elapsed=94s eta=26s rows=7520 row_rate=79.9/s sw=940 ge7=100% ge8=93% BSF66F:rows=7520,cfg=10Hz
[CAPTURE] [################....]  79.4% elapsed=95s eta=25s rows=7608 row_rate=79.9/s sw=951 ge7=100% ge8=93% BSF66F:rows=7608,cfg=10Hz
[CAPTURE] [################....]  80.3% elapsed=96s eta=24s rows=7696 row_rate=79.9/s sw=962 ge7=100% ge8=93% BSF66F:rows=7696,cfg=10Hz
[CAPTURE] [################....]  81.2% elapsed=97s eta=23s rows=7784 row_rate=79.9/s sw=973 ge7=100% ge8=93% BSF66F:rows=7784,cfg=10Hz
[CAPTURE] [################....]  82.1% elapsed=99s eta=21s rows=7872 row_rate=79.9/s sw=984 ge7=100% ge8=93% BSF66F:rows=7872,cfg=10Hz
[CAPTURE] [#################...]  83.0% elapsed=100s eta=20s rows=7960 row_rate=79.9/s sw=995 ge7=100% ge8=93% BSF66F:rows=7960,cfg=10Hz
[CAPTURE] [#################...]  84.0% elapsed=101s eta=19s rows=8048 row_rate=79.9/s sw=1006 ge7=100% ge8=93% BSF66F:rows=8048,cfg=10Hz
[CAPTURE] [#################...]  84.9% elapsed=102s eta=18s rows=8136 row_rate=79.9/s sw=1017 ge7=100% ge8=93% BSF66F:rows=8136,cfg=10Hz
[CAPTURE] [#################...]  85.7% elapsed=103s eta=17s rows=8216 row_rate=79.9/s sw=1027 ge7=100% ge8=93% BSF66F:rows=8216,cfg=10Hz
[CAPTURE] [#################...]  86.6% elapsed=104s eta=16s rows=8304 row_rate=79.9/s sw=1038 ge7=100% ge8=93% BSF66F:rows=8304,cfg=10Hz
[CAPTURE] [##################..]  87.5% elapsed=105s eta=15s rows=8392 row_rate=79.9/s sw=1049 ge7=100% ge8=93% BSF66F:rows=8392,cfg=10Hz
[CAPTURE] [##################..]  88.5% elapsed=106s eta=14s rows=8480 row_rate=79.9/s sw=1060 ge7=100% ge8=93% BSF66F:rows=8480,cfg=10Hz
[CAPTURE] [##################..]  89.4% elapsed=107s eta=13s rows=8568 row_rate=79.9/s sw=1071 ge7=100% ge8=93% BSF66F:rows=8568,cfg=10Hz
[CAPTURE] [##################..]  90.2% elapsed=108s eta=12s rows=8648 row_rate=79.9/s sw=1081 ge7=100% ge8=94% BSF66F:rows=8648,cfg=10Hz
[CAPTURE] [##################..]  91.1% elapsed=109s eta=11s rows=8736 row_rate=79.9/s sw=1092 ge7=100% ge8=94% BSF66F:rows=8736,cfg=10Hz
[CAPTURE] [##################..]  92.1% elapsed=110s eta=10s rows=8824 row_rate=79.9/s sw=1103 ge7=100% ge8=94% BSF66F:rows=8824,cfg=10Hz
[CAPTURE] [###################.]  92.9% elapsed=112s eta=8s rows=8904 row_rate=79.8/s sw=1113 ge7=100% ge8=94% BSF66F:rows=8904,cfg=10Hz
[CAPTURE] [###################.]  93.8% elapsed=113s eta=7s rows=8992 row_rate=79.9/s sw=1124 ge7=100% ge8=94% BSF66F:rows=8992,cfg=10Hz
[CAPTURE] [###################.]  94.7% elapsed=114s eta=6s rows=9080 row_rate=79.9/s sw=1135 ge7=100% ge8=94% BSF66F:rows=9080,cfg=10Hz
[CAPTURE] [###################.]  95.6% elapsed=115s eta=5s rows=9168 row_rate=79.9/s sw=1146 ge7=100% ge8=94% BSF66F:rows=9168,cfg=10Hz
[CAPTURE] [###################.]  96.5% elapsed=116s eta=4s rows=9256 row_rate=79.9/s sw=1157 ge7=100% ge8=94% BSF66F:rows=9256,cfg=10Hz
[CAPTURE] [###################.]  97.4% elapsed=117s eta=3s rows=9344 row_rate=79.9/s sw=1168 ge7=100% ge8=93% BSF66F:rows=9344,cfg=10Hz
[CAPTURE] [####################]  98.3% elapsed=118s eta=2s rows=9432 row_rate=79.9/s sw=1179 ge7=100% ge8=93% BSF66F:rows=9432,cfg=10Hz
[CAPTURE] [####################]  99.2% elapsed=119s eta=1s rows=9512 row_rate=79.9/s sw=1189 ge7=100% ge8=93% BSF66F:rows=9512,cfg=10Hz
[CAPTURE] cleanup: stopping all tag ranging with cmd_all MODE AOTA
[HOST_CMD] cmd_all MODE AOTA
[CAPTURE] cleanup: all tags quiet after MODE AOTA
{
  "success": true,
  "interrupted": false,
  "startup_failed": false,
  "startup_fail_targets": [],
  "controller_lost": false,
  "no_tr_timeout": false,
  "controller_recovery_attempts": 0,
  "controller_recovery_successes": 0,
  "tdma_config_failed": false,
  "tdma_config_check": {
    "match": true,
    "per_target": {
      "BSF66F": {
        "bs": "BSF66F",
        "match": true,
        "mismatches": [],
        "warnings": [],
        "expected": {
          "tag_id": 1,
          "slot": 0,
          "count": 10,
          "mask": 1,
          "mask_hex": "0x0001",
          "period_ms": 10,
          "active_ms": 9,
          "active_us": 0,
          "generation": 5,
          "pmode": 0
        },
        "actual": {
          "tag_id": 1,
          "slot": 0,
          "count": 10,
          "mask": 1,
          "mask_hex": "0x0001",
          "period_ms": 10,
          "active_ms": 9,
          "active_us": 0,
          "generation": 5,
          "live": 1
        },
        "actual_cfg_hz": 10.0,
        "scheduler": {
          "profile": "motion",
          "target_hz": 10,
          "mask": 1,
          "mask_hex": "0x0001",
          "slots": 1,
          "count": 10,
          "actual_x100": 1000,
          "actual_hz": 10.0
        },
        "expected_pmode": 0,
        "expected_freq_hz": 10
      }
    }
  },
  "anchor_preflight": {
    "skipped": true,
    "success": true
  },
  "cleanup": {
    "attempted": true,
    "success": true,
    "command": "cmd_all MODE AOTA",
    "error": "",
    "stop_notify_rows": 0,
    "stop_verify_s": 3.0
  },
  "port": "/dev/serial/by-id/usb-Master_Tag_BioSpur_BLE_Control_6918E0384172A49F-if00",
  "duration_s": 120.0,
  "elapsed_s": 169.82638359069824,
  "session_dir": "/home/zekaixiao/Desktop/28052026_Erlangen_Official/captures/erlangen_20260528_optitrack/static_ID18_BSF66F_120s_20260528_121519/tag_capture_20260528_121519",
  "targets": [
    "BSF66F"
  ],
  "expected_pmode": {
    "BSF66F": 0
  },
  "expected_freq_hz": {
    "BSF66F": 10
  },
  "skipped_before_target_pmode": 0,
  "freq_hz": {
    "tr": 10
  },
  "tr_all": 9592,
  "tr_valid_all": 9505,
  "sweep_validity_all": {
    "sweeps_total": 1199,
    "sweeps_with_any_valid": 1199,
    "sweeps_ge4": 1199,
    "sweeps_ge7": 1197,
    "sweeps_ge8": 1114,
    "ratio_ge4": 1.0,
    "ratio_ge7": 0.998332,
    "ratio_ge8": 0.929108,
    "valid_count_distribution": {
      "0": 0,
      "1": 0,
      "2": 0,
      "3": 0,
      "4": 0,
      "5": 0,
      "6": 2,
      "7": 83,
      "8": 1114
    }
  },
  "connections": {},
  "per_tag": {
    "BSF66F": {
      "tr_rows": 9592,
      "tr_valid_rows": 9505,
      "sweep_validity": {
        "sweeps_total": 1199,
        "sweeps_with_any_valid": 1199,
        "sweeps_ge4": 1199,
        "sweeps_ge7": 1197,
        "sweeps_ge8": 1114,
        "ratio_ge4": 1.0,
        "ratio_ge7": 0.998332,
        "ratio_ge8": 0.929108,
        "valid_count_distribution": {
          "0": 0,
          "1": 0,
          "2": 0,
          "3": 0,
          "4": 0,
          "5": 0,
          "6": 2,
          "7": 83,
          "8": 1114
        }
      },
      "latest_tr": {
        "conn_id": null,
        "host_elapsed_s": 119.92553,
        "host_epoch_s": 1779963484.947356,
        "peer_name": "BSF66F",
        "tag_id": "",
        "sweep": 24928,
        "plan": "f",
        "pmode": 0,
        "anchor_id": 7,
        "raw_mm": 2448,
        "range_mm": 2448,
        "quality_percent": 100,
        "valid": 1,
        "status": "O",
        "quality_flag_percent": 0,
        "first_to_last_us": 0,
        "frame_us": 0,
        "poll_count": 0,
        "tr_version": 2,
        "rx_mask": "",
        "air_us": "",
        "post_us": "",
        "cycle_us": "",
        "rx_seen": "",
        "imu_valid": 0,
        "imu_n": 0,
        "acc_norm_mean_mg": "",
        "acc_norm_std_mg": "",
        "acc_norm_min_mg": "",
        "acc_norm_max_mg": "",
        "imu_skip_count": 0
      },
      "anchors_seen": [
        0,
        1,
        2,
        3,
        4,
        5,
        6,
        7
      ],
      "tr_status_counts": {
        "O": 9505,
        "T": 87
      }
    }
  },
  "raw_log": "/home/zekaixiao/Desktop/28052026_Erlangen_Official/captures/erlangen_20260528_optitrack/static_ID18_BSF66F_120s_20260528_121519/tag_capture_20260528_121519/raw.log",
  "tr_all_csv": "/home/zekaixiao/Desktop/28052026_Erlangen_Official/captures/erlangen_20260528_optitrack/static_ID18_BSF66F_120s_20260528_121519/tag_capture_20260528_121519/tr_all.csv"
}
