==============================================================================
OVERNIGHT CIR CAPTURE -- QUICKLOOK REPORT
==============================================================================

Distinct TX sources seen across the fleet: 11 (expect 11: 8 anchors + 3 tags)
  sources: 0xa100, 0xa101, 0xa102, 0xa103, 0xa104, 0xa105, 0xa106, 0xa107, 0xb136, 0xb15a, 0xb1f4

------------------------------------------------------------------------------
PER-LISTENER SUMMARY
------------------------------------------------------------------------------

[LB]  (/mnt/nrf_ssd/overnight_radar_20260710/raw/LB.log)
  total lines        : 5758939
  scalar LPD lines   : 497276
  scalar LRD lines   : 928091
  LSTAT lines        : 7234
  CIR-tagged lines   : 4226880  (LCIRM=49728 LCIRD=4226880 LCIRE=49728)
  LCIRD parse rate   : 4226880/4226880 well-formed (100.0%)
  distinct TX src    : 11  ['0xa100', '0xa101', '0xa102', '0xa103', '0xa104', '0xa105', '0xa106', '0xa107', '0xb136', '0xb15a', '0xb1f4']
  device-uptime span : first=8416884ms last=45076596ms duration=10h10m59s
  GAPS >60s          : none
  last LSTAT         : good_frames=1653621 accepted_polls=615778 ring_drops=0 self_recover=0 rx_enable_failures=0
  last EVC counters  : evc_fcg=2933 evc_fce=146 evc_ovr=0 evc_sto=1025  (12-bit HW counters, wrap at 4095 -- these are a snapshot, not a night total)

[LE]  (/mnt/nrf_ssd/overnight_radar_20260710/raw/LE.log)
  total lines        : 5751862
  scalar LPD lines   : 496819
  scalar LRD lines   : 925475
  LSTAT lines        : 7232
  CIR-tagged lines   : 4222970  (LCIRM=49682 LCIRD=4222970 LCIRE=49682)
  LCIRD parse rate   : 4222970/4222970 well-formed (100.0%)
  distinct TX src    : 11  ['0xa100', '0xa101', '0xa102', '0xa103', '0xa104', '0xa105', '0xa106', '0xa107', '0xb136', '0xb15a', '0xb1f4']
  device-uptime span : first=40196062ms last=76855219ms duration=10h10m59s
  GAPS >60s          : none
  last LSTAT         : good_frames=2141393 accepted_polls=1106531 ring_drops=0 self_recover=0 rx_enable_failures=0
  last EVC counters  : evc_fcg=3282 evc_fce=105 evc_ovr=0 evc_sto=395  (12-bit HW counters, wrap at 4095 -- these are a snapshot, not a night total)

[LF]  (/mnt/nrf_ssd/overnight_radar_20260710/raw/LF.log)
  total lines        : 5696618
  scalar LPD lines   : 493438
  scalar LRD lines   : 903038
  LSTAT lines        : 7212
  CIR-tagged lines   : 4194240  (LCIRM=49344 LCIRD=4194240 LCIRE=49344)
  LCIRD parse rate   : 4194240/4194240 well-formed (100.0%)
  distinct TX src    : 11  ['0xa100', '0xa101', '0xa102', '0xa103', '0xa104', '0xa105', '0xa106', '0xa107', '0xb136', '0xb15a', '0xb1f4']
  device-uptime span : first=40156341ms last=76815954ms duration=10h10m59s
  GAPS >60s          : none
  last LSTAT         : good_frames=2109342 accepted_polls=1100180 ring_drops=0 self_recover=0 rx_enable_failures=0
  last EVC counters  : evc_fcg=3998 evc_fce=126 evc_ovr=0 evc_sto=411  (12-bit HW counters, wrap at 4095 -- these are a snapshot, not a night total)

[LCCF4]  (/mnt/nrf_ssd/overnight_radar_20260710/raw/LCCF4.log)
  total lines        : 5720752
  scalar LPD lines   : 92328
  scalar LRD lines   : 173194
  LSTAT lines        : 1080
  CIR-tagged lines   : 4200832  (LCIRM=8945 LCIRD=4200755 LCIRE=48491)
  LCIRD parse rate   : 1019602/4200755 well-formed (24.3%)
  distinct TX src    : 11  ['0xa100', '0xa101', '0xa102', '0xa103', '0xa104', '0xa105', '0xa106', '0xa107', '0xb136', '0xb15a', '0xb1f4']
  device-uptime span : first=273ms last=76770532ms duration=21h19m30s
  GAPS >60s          : 33 found
      gap 67.8s  (164408ms -> 232168ms)
      gap 70.3s  (232168ms -> 302499ms)
      gap 146.2s  (942315ms -> 1088487ms)
      gap 137.2s  (1088487ms -> 1225648ms)
      gap 185.2s  (1225648ms -> 1410875ms)
      gap 225.4s  (1450201ms -> 1675558ms)
      gap 67.2s  (1699540ms -> 1766745ms)
      gap 72.2s  (1766745ms -> 1838939ms)
      gap 91.9s  (1838939ms -> 1930878ms)
      gap 124.2s  (1930878ms -> 2055052ms)
      ... and 23 more
  last LSTAT         : good_frames=133775 accepted_polls=1103304 ring_drops=0 self_recover=0 rx_enable_failures=0
  last EVC counters  : evc_fcg=3856 evc_fce=124 evc_ovr=0 evc_sto=408  (12-bit HW counters, wrap at 4095 -- these are a snapshot, not a night total)

[L9336]  (/mnt/nrf_ssd/overnight_radar_20260710/raw/L9336.log)
  total lines        : 5731180
  scalar LPD lines   : 494047
  scalar LRD lines   : 931743
  LSTAT lines        : 7236
  CIR-tagged lines   : 4199345  (LCIRM=49405 LCIRD=4199345 LCIRE=49404)
  LCIRD parse rate   : 4199345/4199345 well-formed (100.0%)
  distinct TX src    : 11  ['0xa100', '0xa101', '0xa102', '0xa103', '0xa104', '0xa105', '0xa106', '0xa107', '0xb136', '0xb15a', '0xb1f4']
  device-uptime span : first=39841017ms last=76500306ms duration=10h10m59s
  GAPS >60s          : none
  last LSTAT         : good_frames=2136153 accepted_polls=1093131 ring_drops=0 self_recover=0 rx_enable_failures=0
  last EVC counters  : evc_fcg=2137 evc_fce=120 evc_ovr=0 evc_sto=1577  (12-bit HW counters, wrap at 4095 -- these are a snapshot, not a night total)

[L955A]  (/mnt/nrf_ssd/overnight_radar_20260710/raw/L955A.log)
  total lines        : 5765343
  scalar LPD lines   : 497941
  scalar LRD lines   : 928082
  LSTAT lines        : 7234
  CIR-tagged lines   : 4232496  (LCIRM=49795 LCIRD=4232496 LCIRE=49794)
  LCIRD parse rate   : 4232496/4232496 well-formed (100.0%)
  distinct TX src    : 11  ['0xa100', '0xa101', '0xa102', '0xa103', '0xa104', '0xa105', '0xa106', '0xa107', '0xb136', '0xb15a', '0xb1f4']
  device-uptime span : first=39780650ms last=76440014ms duration=10h10m59s
  GAPS >60s          : none
  last LSTAT         : good_frames=2139493 accepted_polls=1101810 ring_drops=0 self_recover=0 rx_enable_failures=0
  last EVC counters  : evc_fcg=1381 evc_fce=168 evc_ovr=0 evc_sto=1413  (12-bit HW counters, wrap at 4095 -- these are a snapshot, not a night total)

------------------------------------------------------------------------------
CROSS-LISTENER CHANNEL MATRIX 1/2 -- ANY-FRAME reception coverage (LPD+LRD, all 11 sources)
------------------------------------------------------------------------------
  RX\TX      a100    a101    a102    a103    a104    a105    a106    a107    b136    b15a    b1f4
LB              Y       Y       Y       Y       Y       Y       Y       Y       Y       Y       Y
LE              Y       Y       Y       Y       Y       Y       Y       Y       Y       Y       Y
LF              Y       Y       Y       Y       Y       Y       Y       Y       Y       Y       Y
LCCF4           Y       Y       Y       Y       Y       Y       Y       Y       Y       Y       Y
L9336           Y       Y       Y       Y       Y       Y       Y       Y       Y       Y       Y
L955A           Y       Y       Y       Y       Y       Y       Y       Y       Y       Y       Y

  Every observed TX source was heard by at least one listener.
  Every listener heard at least one TX source.

------------------------------------------------------------------------------
CROSS-LISTENER CHANNEL MATRIX 2/2 -- CIR-frame coverage (poll/tag sources only -- see
module docstring: CIR is only captured for poll frames, so anchors are structurally 0)
------------------------------------------------------------------------------
  No CIR events with a resolvable source were found.

==============================================================================

[saved to /mnt/nrf_ssd/overnight_radar_20260710/quicklook_report.txt]
