PORT=/dev/serial/by-id/usb-Master_Anchor_Master_Anchor_Control_87EA2F4A526C5A02-if00
START=2026-07-10 13:31:11
MASTER=G
PRECHECK: BSxxxx tag quarantine disabled; master/matrix anchors ignore tag polls during sweep
PRECHECK: context session_autopos_ready=1 autopos_initialized=1
PRECHECK: reusing session AUTOPOS state from matrix guard
PRECHECK: reusing existing AUTOPOS map
>>> autopos cir 0
[AUTOPOS] AUTOPOS cir mode set: 0
[AUTOPOS] MSTAT peer=0 name=BS???? conn=1 ready=1 pkts=0 bytes=0 last_len=0 print_drops=0
[AUTOPOS] MSTAT peer=1 name=BS???? conn=1 ready=1 pkts=0 bytes=0 last_len=0 print_drops=0
[AUTOPOS] MSTAT peer=2 name=BS???? conn=1 ready=1 pkts=0 bytes=0 last_len=0 print_drops=0
[AUTOPOS] MSTAT peer=3 name=BS???? conn=1 ready=1 pkts=0 bytes=0 last_len=0 print_drops=0
[AUTOPOS] MSTAT peer=4 name=BS???? conn=1 ready=1 pkts=0 bytes=0 last_len=0 print_drops=0
[AUTOPOS] MSTAT peer=5 name=BS???? conn=1 ready=1 pkts=0 bytes=0 last_len=0 print_drops=0
[AUTOPOS] MSTAT peer=6 name=BS???? conn=1 ready=1 pkts=0 bytes=0 last_len=0 print_drops=0
[AUTOPOS] MSTAT peer=7 name=BS???? conn=1 ready=1 pkts=0 bytes=0 last_len=0 print_drops=0
[AUTOPOS] MSTAT peer=8 name=BS???? conn=1 ready=1 pkts=0 bytes=0 last_len=0 print_drops=0
[AUTOPOS] MCLK cal=-1 skips=-1 up_ms=161438
>>> autopos round G 110
[AUTOPOS] AUTOPOS round staged: master=G sets=110
>>> autopos status
[AUTOPOS] AUTOPOS: mode=AUTOPOS state=staged staged=G last_success=F sets=110 cir=0 error=-
>>> autopos apply
[AUTOPOS] AUTOPOS apply started
[AUTOPOS] RECV_BG gate: SUPPRESS reason=autopos_detach
[AUTOPOS] AUTOPOS detach skip STOP: finite master auto-returns to matrix sets=110
[AUTOPOS] RECV_BG gate: ALLOW reason=autopos_detach_done
[AUTOPOS] SCAN start req: bt_ready=1 scan_running=0 connecting_slot=-1 conn_count=9 target=anchor prefix=ANCHOR-
[AUTOPOS] Scanning for ANCHOR-*
[AUTOPOS] AUTOPOS apply mode: incremental
[AUTOPOS] AUTOPOS apply incremental: prev_master=F new_master=G
[AUTOPOS] Master discovery mode: CONN & START
[AUTOPOS] AUTOPOS wait anchor ready: uuid=840C68591E90019821AACFF1B73AAA34 reuse existing ready control link (discovery remains active)
[AUTOPOS] AUTOPOS state: STATE fw=alt-bcast-fixeda19-g1200-r1000 bs=BS928B uuid=840C68591E90019821AACFF1B73AAA34 label=F role=matrix cfg_valid=1 busy=1 pending_valid=1 schema=2 gen=0 reboot_required=0
[AUTOPOS] AUTOPOS state: STATE fw=alt-bcast-fixeda19-g1200-r1000 bs=BS928B uuid=840C68591E90019821AACFF1B73AAA34 label=F role=matrix cfg_valid=1 busy=1 pending_valid=1 schema=2 gen=0 reboot_required=0
[AUTOPOS] AUTOPOS anchor F already active role=matrix cfg_valid=1; keeping current config
[AUTOPOS] AUTOPOS anchor F role verified
[AUTOPOS] Master discovery mode: CONN & START
[AUTOPOS] AUTOPOS wait anchor ready: uuid=B3087BC3D87CCCD316AEDC6B71D6677F reuse existing ready control link (discovery remains active)
[AUTOPOS] AUTOPOS state: STATE fw=alt-bcast-fixeda19-g1200-r1000 bs=BSEC88 uuid=B3087BC3D87CCCD316AEDC6B71D6677F label=G role=matrix cfg_valid=1 busy=1 pending_valid=1 schema=2 gen=3 reboot_required=0
[AUTOPOS] AUTOPOS state: STATE fw=alt-bcast-fixeda19-g1200-r1000 bs=BSEC88 uuid=B3087BC3D87CCCD316AEDC6B71D6677F label=G role=matrix cfg_valid=1 busy=1 pending_valid=1 schema=2 gen=3 reboot_required=0
[AUTOPOS] BLE cmd skip[0]: target mismatch kind=anchor target_name=- target_uuid=B3087BC3D87CCCD316AEDC6B71D6677F peer_name=- peer_bs=- peer_uuid=CEE5A7EFCB35F8A56B430047629F5309 link=anchor-ctrl ready=1
[AUTOPOS] BLE cmd skip[1]: target mismatch kind=anchor target_name=- target_uuid=B3087BC3D87CCCD316AEDC6B71D6677F peer_name=- peer_bs=- peer_uuid=B2B5FA625534A8C617135DCAFC9E036A link=anchor-ctrl ready=1
[AUTOPOS] BLE cmd skip[2]: target mismatch kind=anchor target_name=- target_uuid=B3087BC3D87CCCD316AEDC6B71D6677F peer_name=- peer_bs=- peer_uuid=CF12E703AC1A118F6AB440AB05B0BA23 link=anchor-ctrl ready=1
[AUTOPOS] BLE cmd skip[3]: target mismatch kind=anchor target_name=- target_uuid=B3087BC3D87CCCD316AEDC6B71D6677F peer_name=- peer_bs=- peer_uuid=A892AF05DD59CF0D0D3408AD74F364A1 link=anchor-ctrl ready=1
[AUTOPOS] BLE cmd skip[4]: target mismatch kind=anchor target_name=- target_uuid=B3087BC3D87CCCD316AEDC6B71D6677F peer_name=- peer_bs=- peer_uuid=B1E487C2B1FD740D1442206A1857DFA1 link=anchor-ctrl ready=1
[AUTOPOS] BLE cmd skip[5]: target mismatch kind=anchor target_name=- target_uuid=B3087BC3D87CCCD316AEDC6B71D6677F peer_name=- peer_bs=- peer_uuid=B9179575C776C98F1CB132DD6EDC6223 link=anchor-ctrl ready=1
[AUTOPOS] BLE cmd skip[6]: target mismatch kind=anchor target_name=- target_uuid=B3087BC3D87CCCD316AEDC6B71D6677F peer_name=- peer_bs=- peer_uuid=F3BB7A04104F9CB8561DDDACB9E53714 link=anchor-ctrl ready=1
[AUTOPOS] BLE cmd skip[7]: target mismatch kind=anchor target_name=- target_uuid=B3087BC3D87CCCD316AEDC6B71D6677F peer_name=- peer_bs=- peer_uuid=840C68591E90019821AACFF1B73AAA34 link=anchor-ctrl ready=1
[AUTOPOS] Anchor ctrl sent[8]: RUNTIME MASTER SWEEP 110 CIR=0 uuid=B3087BC3D87CCCD316AEDC6B71D6677F
[AUTOPOS] ANCHOR_CTRL[8] notify: OK RUNTIME_SWITCH_REQUESTED SWEEP=110
[AUTOPOS] AUTOPOS result: OK RUNTIME_SWITCH_REQUESTED SWEEP=110
[AUTOPOS] SW-G warmup discard 1/10 minq=100
[AUTOPOS] AUTOPOS state: STATE fw=alt-bcast-fixeda19-g1200-r1000 bs=BSEC88 uuid=B3087BC3D87CCCD316AEDC6B71D6677F label=G role=master cfg_valid=1 busy=1 pending_valid=1 schema=2 gen=3 reboot_required=0
[AUTOPOS] SW-G warmup discard 2/10 minq=100
[AUTOPOS] AUTOPOS anchor G role verified
[AUTOPOS] AUTOPOS apply success: master=G
[AUTOPOS] AUTOPOS finite sweep handoff: master=G sets=110; host waits for SWEEP_DONE
[AUTOPOS] SW-G warmup discard 3/10 minq=100
[AUTOPOS] SW-G warmup discard 4/10 minq=100
[AUTOPOS] SW-G warmup discard 5/10 minq=80
[AUTOPOS] SW-G warmup discard 6/10 minq=83
[AUTOPOS] SW-G warmup discard 7/10 minq=85
[AUTOPOS] SW-G warmup discard 8/10 minq=87
[AUTOPOS] SW-G warmup discard 9/10 minq=88
[AUTOPOS] SW-G warmup discard 10/10 minq=90
[AUTOPOS] SW-G,A,5463,100,B,3845,100,C,1773,90,D,4508,90,E,5307,100,F,3253,100,H,4023,100
[AUTOPOS] MSTAT peer=0 name=BS???? conn=1 ready=1 pkts=0 bytes=0 last_len=0 print_drops=0
[AUTOPOS] MSTAT peer=1 name=BS???? conn=1 ready=1 pkts=0 bytes=0 last_len=0 print_drops=0
[AUTOPOS] MSTAT peer=2 name=BS???? conn=1 ready=1 pkts=0 bytes=0 last_len=0 print_drops=0
[AUTOPOS] MSTAT peer=3 name=BS???? conn=1 ready=1 pkts=0 bytes=0 last_len=0 print_drops=0
[AUTOPOS] MSTAT peer=4 name=BS???? conn=1 ready=1 pkts=0 bytes=0 last_len=0 print_drops=0
[AUTOPOS] MSTAT peer=5 name=BS???? conn=1 ready=1 pkts=0 bytes=0 last_len=0 print_drops=0
[AUTOPOS] MSTAT peer=6 name=BS???? conn=1 ready=1 pkts=0 bytes=0 last_len=0 print_drops=0
[AUTOPOS] MSTAT peer=7 name=BS???? conn=1 ready=1 pkts=0 bytes=0 last_len=0 print_drops=0
[AUTOPOS] MSTAT peer=8 name=BS???? conn=1 ready=1 pkts=0 bytes=0 last_len=0 print_drops=0
[AUTOPOS] MCLK cal=-1 skips=-1 up_ms=166442
[AUTOPOS] SW-G,A,5421,100,B,3805,100,C,1795,91,D,4492,91,E,5278,100,F,3285,100,H,4062,100
[AUTOPOS] SW-G,A,5475,100,B,3814,100,C,1769,92,D,4548,92,E,5301,100,F,3229,100,H,3506,100
[AUTOPOS] SW-G,A,5491,100,B,3813,100,C,1770,92,D,4481,92,E,5320,100,F,3233,100,H,4073,100
[AUTOPOS] SW-G,A,5435,100,B,3861,100,C,1766,93,D,4490,93,E,5278,100,F,3273,100,H,4087,100
[AUTOPOS] SW-G,A,5435,100,B,3807,100,C,1766,93,D,4496,93,E,5268,100,F,3239,100,H,4075,100
[AUTOPOS] SW-G,A,5461,94,B,3869,100,C,1771,88,D,4510,94,E,5284,100,F,3232,100,H,4068,100
[AUTOPOS] SW-G,A,5460,94,B,3833,100,C,1780,88,D,4542,94,E,5352,100,F,3249,100,H,4017,100
[AUTOPOS] SW-G,A,5450,94,B,3820,100,C,1762,89,D,4530,94,E,5292,100,F,3262,100,H,4079,100
[AUTOPOS] SW-G,A,5477,95,B,3863,100,C,1768,90,D,4529,95,E,5325,100,F,3281,100,H,4064,100
[AUTOPOS] SW-G,A,5429,95,B,3813,100,C,1768,90,D,4535,95,E,5344,100,F,3228,100,H,4050,100
[AUTOPOS] SW-G,A,5477,95,B,3832,100,C,1809,90,D,4518,95,E,5316,100,F,3251,100,H,4059,100
[AUTOPOS] SW-G,A,5458,95,B,3786,100,C,1772,91,D,4506,95,E,5339,100,F,3245,100,H,4052,100
[AUTOPOS] SW-G,A,5471,95,B,3842,100,C,1789,91,D,4487,95,E,5361,100,F,3226,100,H,4092,100
[AUTOPOS] SW-G,A,5462,96,B,3814,100,C,1805,92,D,4499,96,E,5254,100,F,3249,100,H,4067,100
[AUTOPOS] SW-G,A,5480,96,B,3855,100,C,1756,92,D,4483,96,E,5339,100,F,3249,100,H,3989,100
[AUTOPOS] SW-G,A,5431,96,B,3825,100,C,1771,92,D,4516,96,E,5294,100,F,3250,96,H,4080,100
[AUTOPOS] SW-G,A,5489,96,B,3811,100,C,1781,92,D,4488,96,E,5272,100,F,3281,96,H,3996,100
[AUTOPOS] SW-G,A,5428,96,B,3862,100,C,1795,93,D,4515,96,E,5307,100,F,3280,96,H,4040,100
[AUTOPOS] SW-G,A,5428,96,B,3813,100,C,1795,93,D,4508,96,E,5282,100,F,3236,96,H,4013,100
[AUTOPOS] SW-G,A,5445,93,B,3803,100,C,1783,90,D,4526,96,E,5228,100,F,3270,96,H,4033,100
[AUTOPOS] SW-G,A,5455,93,B,3865,100,C,1772,90,D,4512,96,E,5334,100,F,3263,96,H,4019,100
[AUTOPOS] SW-G,A,5439,94,B,3862,100,C,1780,94,D,4513,100,E,5344,100,F,3251,100,H,4046,100
[AUTOPOS] SW-G,A,5495,94,B,3841,100,C,1763,94,D,4525,100,E,5321,100,F,3222,100,H,4012,100
[AUTOPOS] SW-G,A,5430,94,B,3846,100,C,1755,94,D,4511,100,E,5319,100,F,3221,100,H,4038,100
[AUTOPOS] SW-G,A,5434,95,B,3826,100,C,1774,95,D,4505,100,E,5312,100,F,3236,100,H,4045,100
[AUTOPOS] SW-G,A,5437,95,B,3833,100,C,1770,95,D,4495,100,E,5265,100,F,3243,100,H,3566,100
[AUTOPOS] SW-G,A,5487,95,B,3863,100,C,1788,95,D,4480,100,E,5308,100,F,3266,100,H,4082,100
[AUTOPOS] SW-G,A,5490,95,B,3846,100,C,1806,95,D,4543,100,E,5354,100,F,3260,100,H,4061,100
[AUTOPOS] SW-G,A,5482,95,B,3855,100,C,1750,95,D,4508,100,E,5273,100,F,3256,100,H,4053,100
[AUTOPOS] SW-G,A,5453,96,B,3815,100,C,1750,96,D,4532,100,E,5261,100,F,3260,100,H,4045,100
[AUTOPOS] SW-G,A,5436,96,B,3857,100,C,1776,96,D,4499,100,E,5262,100,F,3253,100,H,4000,100
[AUTOPOS] SW-G,A,5498,96,B,3815,100,C,1773,96,D,4529,100,E,5306,100,F,3225,100,H,4062,100
[AUTOPOS] SW-G,A,5498,96,B,3859,100,C,1768,96,D,4514,100,E,5317,100,F,3232,100,H,4030,100
[AUTOPOS] SW-G,A,5486,93,B,3860,100,C,1772,96,D,4501,100,E,5304,100,F,3240,100,H,4011,100
[AUTOPOS] SW-G,A,5483,93,B,3827,100,C,1754,96,D,4503,100,E,5312,100,F,3229,100,H,4030,100
[AUTOPOS] SW-G,A,5450,93,B,3891,100,C,1781,96,D,4487,100,E,5293,100,F,3229,100,H,4019,100
[AUTOPOS] SW-G,A,5457,93,B,3841,100,C,1787,96,D,4507,100,E,5281,100,F,3239,96,H,4088,100
[AUTOPOS] SW-G,A,5491,94,B,3844,100,C,1752,100,D,4467,100,E,5289,100,F,3262,100,H,4023,100
[AUTOPOS] SW-G,A,5473,94,B,3816,100,C,1787,100,D,4480,100,E,5216,100,F,3263,100,H,4051,100
[AUTOPOS] SW-G,A,5473,94,B,3828,100,C,1803,100,D,4511,100,E,5269,100,F,3248,100,H,4041,100
[AUTOPOS] SW-G,A,5422,95,B,3800,100,C,1771,100,D,4504,100,E,5250,100,F,3266,100,H,4027,100
[AUTOPOS] SW-G,A,5443,95,B,3813,100,C,1773,100,D,4483,100,E,5292,100,F,3227,100,H,4015,100
[AUTOPOS] SW-G,A,5454,95,B,3840,100,C,1771,100,D,4510,100,E,5289,100,F,3227,100,H,4037,100
[AUTOPOS] SW-G,A,5464,95,B,3873,100,C,1754,100,D,4548,100,E,5322,100,F,3275,95,H,4054,100
[AUTOPOS] SW-G,A,5461,95,B,3871,100,C,1775,100,D,4547,100,E,5301,100,F,3230,95,H,4062,100
[AUTOPOS] SW-G,A,5458,96,B,3867,100,C,1785,100,D,4501,100,E,5337,100,F,3243,96,H,4046,100
[AUTOPOS] SW-G,A,5442,96,B,3850,100,C,1768,100,D,4513,100,E,5325,100,F,3229,96,H,3997,100
[AUTOPOS] SW-G,A,5505,96,B,3822,100,C,1759,100,D,4498,100,E,5323,100,F,3217,96,H,3997,100
[AUTOPOS] SW-G,A,5454,96,B,3820,100,C,1764,100,D,4479,100,E,5294,100,F,3247,96,H,4055,100
[AUTOPOS] SW-G,A,5441,96,B,3831,100,C,1745,100,D,4496,100,E,5294,100,F,3263,96,H,3984,100
[AUTOPOS] SW-G,A,5439,96,B,3862,100,C,1787,100,D,4508,100,E,5317,100,F,3250,96,H,4047,100
[AUTOPOS] SW-G,A,5468,96,B,3823,100,C,1780,100,D,4495,100,E,5313,100,F,3280,96,H,4044,100
[AUTOPOS] SW-G,A,5446,96,B,3828,100,C,1770,100,D,4526,100,E,5321,100,F,3250,96,H,4073,100
[AUTOPOS] SW-G,A,5446,96,B,3825,100,C,1768,100,D,4500,100,E,5352,100,F,3284,100,H,4069,100
[AUTOPOS] SW-G,A,5454,94,B,3804,100,C,1785,100,D,4478,100,E,5284,100,F,3238,100,H,4069,100
[AUTOPOS] SW-G,A,5431,94,B,3832,100,C,1784,100,D,4478,100,E,5248,100,F,3270,100,H,4031,100
[AUTOPOS] SW-G,A,5456,95,B,3836,100,C,1795,100,D,4520,95,E,5303,100,F,3222,100,H,4095,100
[AUTOPOS] MSTAT peer=0 name=BS???? conn=1 ready=1 pkts=0 bytes=0 last_len=0 print_drops=0
[AUTOPOS] MSTAT peer=1 name=BS???? conn=1 ready=1 pkts=0 bytes=0 last_len=0 print_drops=0
[AUTOPOS] MSTAT peer=2 name=BS???? conn=1 ready=1 pkts=0 bytes=0 last_len=0 print_drops=0
[AUTOPOS] MSTAT peer=3 name=BS???? conn=1 ready=1 pkts=0 bytes=0 last_len=0 print_drops=0
[AUTOPOS] MSTAT peer=4 name=BS???? conn=1 ready=1 pkts=0 bytes=0 last_len=0 print_drops=0
[AUTOPOS] MSTAT peer=5 name=BS???? conn=1 ready=1 pkts=0 bytes=0 last_len=0 print_drops=0
[AUTOPOS] MSTAT peer=6 name=BS???? conn=1 ready=1 pkts=0 bytes=0 last_len=0 print_drops=0
[AUTOPOS] MSTAT peer=7 name=BS???? conn=1 ready=1 pkts=0 bytes=0 last_len=0 print_drops=0
[AUTOPOS] MSTAT peer=8 name=BS???? conn=1 ready=1 pkts=0 bytes=0 last_len=0 print_drops=0
[AUTOPOS] MCLK cal=-1 skips=-1 up_ms=171446
[AUTOPOS] SW-G,A,5459,95,B,3873,100,C,1762,100,D,4521,95,E,5294,100,F,3270,100,H,4045,95
[AUTOPOS] SW-G,A,5458,95,B,3809,100,C,1770,100,D,4496,95,E,5301,100,F,3244,100,H,4033,95
[AUTOPOS] SW-G,A,5454,95,B,3826,100,C,1792,100,D,4530,95,E,5307,100,F,3259,100,H,4047,95
[AUTOPOS] SW-G,A,5445,95,B,3855,100,C,1774,100,D,4487,95,E,5290,100,F,3289,100,H,4062,96
[AUTOPOS] SW-G,A,5449,96,B,3818,100,C,1792,100,D,4533,96,E,5324,100,F,3275,100,H,4005,96
[AUTOPOS] SW-G,A,5460,96,B,3872,100,C,1761,100,D,4505,96,E,5270,100,F,3255,100,H,4118,96
[AUTOPOS] SW-G,A,5473,96,B,3827,100,C,1756,100,D,4478,96,E,5280,100,F,3236,100,H,4056,96
[AUTOPOS] SW-G,A,5475,96,B,3823,100,C,1750,100,D,4518,96,E,5294,100,F,3256,100,H,4016,96
[AUTOPOS] SW-G,A,5471,96,B,3810,100,C,1764,100,D,4543,96,E,5239,100,F,3228,100,H,4050,96
[AUTOPOS] SW-G,A,5441,96,B,3866,100,C,1790,100,D,4519,96,E,5287,100,F,3258,100,H,4054,96
[AUTOPOS] SW-G,A,5474,96,B,3826,100,C,1735,100,D,4476,96,E,5272,100,F,3272,100,H,4015,96
[AUTOPOS] SW-G,A,5442,96,B,3841,100,C,1777,100,D,4507,96,E,5327,100,F,3257,100,H,4077,100
[AUTOPOS] SW-G,A,5465,100,B,3837,100,C,1770,100,D,4493,100,E,5299,100,F,3252,100,H,4073,100
[AUTOPOS] SW-G,A,5497,100,B,3845,100,C,1774,100,D,4479,100,E,5285,100,F,3242,100,H,4007,100
[AUTOPOS] SW-G,A,5443,100,B,3827,100,C,1775,100,D,4483,100,E,5274,100,F,3224,100,H,4123,100
[AUTOPOS] SW-G,A,5405,100,B,3822,100,C,1758,100,D,4461,100,E,5369,100,F,3226,100,H,4092,100
[AUTOPOS] SW-G,A,5494,100,B,3845,100,C,1782,100,D,4480,100,E,5312,100,F,3269,100,H,4013,100
[AUTOPOS] SW-G,A,5482,100,B,3886,100,C,1757,100,D,4495,100,E,5325,100,F,3268,100,H,4072,100
[AUTOPOS] SW-G,A,5452,100,B,3783,100,C,1800,100,D,4494,100,E,5343,100,F,3227,100,H,4036,100
[AUTOPOS] SW-G,A,5437,100,B,3803,100,C,1800,100,D,4498,100,E,5343,100,F,3246,100,H,4003,100
[AUTOPOS] SW-G,A,5460,100,B,3815,100,C,1786,96,D,4492,100,E,5236,96,F,3252,100,H,4007,100
[AUTOPOS] SW-G,A,5496,100,B,3801,100,C,1772,96,D,4476,100,E,5331,96,F,3234,100,H,4041,100
[AUTOPOS] SW-G,A,5443,100,B,3833,100,C,1767,96,D,4545,100,E,5352,96,F,3261,100,H,4042,100
[AUTOPOS] SW-G,A,5496,100,B,3816,100,C,1800,96,D,4527,100,E,5293,96,F,3240,100,H,4095,100
[AUTOPOS] SW-G,A,5458,100,B,3821,100,C,1771,96,D,4478,100,E,5308,96,F,3220,100,H,3716,100
[AUTOPOS] SW-G,A,5442,100,B,3821,100,C,1787,96,D,4489,100,E,5299,96,F,3220,100,H,4069,100
[AUTOPOS] SW-G,A,5430,100,B,3821,100,C,1756,96,D,4506,100,E,5265,96,F,3239,100,H,4014,100
[AUTOPOS] SW-G,A,5457,100,B,3828,100,C,1773,96,D,4506,100,E,5300,96,F,3247,100,H,4051,100
[AUTOPOS] SW-G,A,5485,100,B,3807,100,C,1763,100,D,4537,100,E,5300,100,F,3270,100,H,4010,100
[AUTOPOS] SW-G,A,5490,100,B,3873,100,C,1763,100,D,4505,100,E,5303,100,F,3236,100,H,4009,100
[AUTOPOS] SW-G,A,5449,100,B,3842,100,C,1758,100,D,4476,100,E,5379,100,F,3241,100,H,4101,100
[AUTOPOS] SW-G,A,5449,100,B,3839,100,C,1820,100,D,4521,100,E,5297,100,F,3235,100,H,4053,100
[AUTOPOS] SW-G,A,5443,95,B,3834,100,C,1757,100,D,4454,100,E,5306,100,F,3240,100,H,4037,100
[AUTOPOS] SW-G,A,5440,95,B,3815,100,C,1777,100,D,4513,100,E,5334,100,F,3250,100,H,4036,100
[AUTOPOS] SW-G,A,5450,95,B,3807,100,C,1790,100,D,4460,100,E,5305,100,F,3201,100,H,4135,100
[AUTOPOS] SW-G,A,5480,95,B,3858,100,C,1799,100,D,4475,100,E,5336,100,F,3238,100,H,4086,100
[AUTOPOS] SW-G,A,5486,96,B,3832,100,C,1784,100,D,4513,100,E,5303,100,F,3259,100,H,4069,100
[AUTOPOS] SW-G,A,5493,96,B,3825,100,C,1781,100,D,4521,100,E,5306,100,F,3256,100,H,4064,100
[AUTOPOS] SW-G,A,5463,96,B,3826,100,C,1782,100,D,4472,100,E,5316,100,F,3219,100,H,4062,100
[AUTOPOS] SW-G,A,5460,96,B,3759,100,C,1776,100,D,4498,100,E,5271,100,F,3226,100,H,4026,100
[AUTOPOS] SW-G,A,5436,96,B,3869,100,C,1763,100,D,4478,100,E,5343,100,F,3235,100,H,4067,100
[AUTOPOS] SW-G,A,5480,96,B,3839,100,C,1763,100,D,4527,100,E,5337,100,F,3275,100,H,3524,100
[AUTOPOS] ANCHOR_CTRL[8] notify: SWEEP_DONE master=G sets=110 role=matrix
END=2026-07-10 13:31:25
