PORT=/dev/serial/by-id/usb-BioSpur_BioSpur_BLE_Control_87EA2F4A526C5A02-if00
START=2026-06-02 12:11:52
MASTER=F
PRECHECK: BSxxxx tag quarantine disabled; master/matrix anchors ignore tag polls during sweep
PRECHECK: context session_autopos_ready=1 autopos_initialized=1
PRECHECK: reusing session AUTOPOS state from matrix guard
PRECHECK: reusing existing AUTOPOS map
>>> autopos round F 1010
[AUTOPOS] AUTOPOS round staged: master=F sets=1010
>>> autopos status
[AUTOPOS] AUTOPOS: mode=AUTOPOS state=staged staged=F last_success=E sets=1010 error=-
>>> autopos apply
[AUTOPOS] AUTOPOS apply started
[AUTOPOS] RECV_BG gate: SUPPRESS reason=autopos_detach
[AUTOPOS] AUTOPOS detach skip STOP: finite master auto-returns to matrix sets=1010
[AUTOPOS] RECV_BG gate: ALLOW reason=autopos_detach_done
[AUTOPOS] SCAN start req: bt_ready=1 scan_running=0 connecting_slot=-1 conn_count=8 target=anchor prefix=ANCHOR-
[AUTOPOS] Scanning for ANCHOR-*
[AUTOPOS] AUTOPOS apply mode: incremental
[AUTOPOS] AUTOPOS apply incremental: prev_master=E new_master=F
[AUTOPOS] Master discovery mode: CONN & START
[AUTOPOS] AUTOPOS wait anchor ready: uuid=A892AF05DD59CF0D0D3408AD74F364A1 reuse existing ready control link (discovery remains active)
[AUTOPOS] AUTOPOS state: STATE fw=us-hc-exp4-tail900-start5 bs=BS4B52 uuid=A892AF05DD59CF0D0D3408AD74F364A1 label=E role=matrix cfg_valid=1 busy=1 pending_valid=1 schema=2 gen=3 reboot_required=0
[AUTOPOS] AUTOPOS state: STATE fw=us-hc-exp4-tail900-start5 bs=BS4B52 uuid=A892AF05DD59CF0D0D3408AD74F364A1 label=E role=matrix cfg_valid=1 busy=1 pending_valid=1 schema=2 gen=3 reboot_required=0
[AUTOPOS] AUTOPOS anchor E already active role=matrix cfg_valid=1; keeping current config
[AUTOPOS] AUTOPOS anchor E role verified
[AUTOPOS] Master discovery mode: CONN & START
[AUTOPOS] AUTOPOS wait anchor ready: uuid=840C68591E90019821AACFF1B73AAA34 reuse existing ready control link (discovery remains active)
[AUTOPOS] AUTOPOS state: STATE fw=us-hc-exp4-tail900-start5 bs=BS928B uuid=840C68591E90019821AACFF1B73AAA34 label=F role=matrix cfg_valid=1 busy=1 pending_valid=1 schema=2 gen=3 reboot_required=0
[AUTOPOS] AUTOPOS state: STATE fw=us-hc-exp4-tail900-start5 bs=BS928B uuid=840C68591E90019821AACFF1B73AAA34 label=F role=matrix cfg_valid=1 busy=1 pending_valid=1 schema=2 gen=3 reboot_required=0
[AUTOPOS] Anchor ctrl sent[0]: RUNTIME MASTER SWEEP 1010 uuid=840C68591E90019821AACFF1B73AAA34
[AUTOPOS] BLE cmd skip[1]: target mismatch kind=anchor target_name=- target_uuid=840C68591E90019821AACFF1B73AAA34 peer_name=- peer_bs=- peer_uuid=B3087BC3D87CCCD316AEDC6B71D6677F link=anchor-ctrl ready=1
[AUTOPOS] BLE cmd skip[2]: target mismatch kind=anchor target_name=- target_uuid=840C68591E90019821AACFF1B73AAA34 peer_name=- peer_bs=- peer_uuid=B2B5FA625534A8C617135DCAFC9E036A link=anchor-ctrl ready=1
[AUTOPOS] BLE cmd skip[3]: target mismatch kind=anchor target_name=- target_uuid=840C68591E90019821AACFF1B73AAA34 peer_name=- peer_bs=- peer_uuid=CEE5A7EFCB35F8A56B430047629F5309 link=anchor-ctrl ready=1
[AUTOPOS] BLE cmd skip[4]: target mismatch kind=anchor target_name=- target_uuid=840C68591E90019821AACFF1B73AAA34 peer_name=- peer_bs=- peer_uuid=F3BB7A04104F9CB8561DDDACB9E53714 link=anchor-ctrl ready=1
[AUTOPOS] BLE cmd skip[5]: target mismatch kind=anchor target_name=- target_uuid=840C68591E90019821AACFF1B73AAA34 peer_name=- peer_bs=- peer_uuid=B1E487C2B1FD740D1442206A1857DFA1 link=anchor-ctrl ready=1
[AUTOPOS] BLE cmd skip[6]: target mismatch kind=anchor target_name=- target_uuid=840C68591E90019821AACFF1B73AAA34 peer_name=- peer_bs=- peer_uuid=B9179575C776C98F1CB132DD6EDC6223 link=anchor-ctrl ready=1
[AUTOPOS] BLE cmd skip[7]: target mismatch kind=anchor target_name=- target_uuid=840C68591E90019821AACFF1B73AAA34 peer_name=- peer_bs=- peer_uuid=A892AF05DD59CF0D0D3408AD74F364A1 link=anchor-ctrl ready=1
[AUTOPOS] ANCHOR_CTRL[0] notify: OK RUNTIME_SWITCH_REQUESTED SWEEP=1010
[AUTOPOS] AUTOPOS result: OK RUNTIME_SWITCH_REQUESTED SWEEP=1010
[AUTOPOS] SW-F warmup discard 1/10 minq=0
[AUTOPOS] AUTOPOS state: STATE fw=us-hc-exp4-tail900-start5 bs=BS928B uuid=840C68591E90019821AACFF1B73AAA34 label=F role=master cfg_valid=1 busy=1 pending_valid=1 schema=2 gen=3 reboot_required=0
[AUTOPOS] AUTOPOS anchor F role verified
[AUTOPOS] AUTOPOS apply success: master=F
[AUTOPOS] AUTOPOS finite sweep handoff: master=F sets=1010; host waits for SWEEP_DONE
[AUTOPOS] SW-F warmup discard 2/10 minq=100
[AUTOPOS] SW-F warmup discard 3/10 minq=66
[AUTOPOS] SW-F warmup discard 4/10 minq=60
[AUTOPOS] SW-F warmup discard 5/10 minq=60
[AUTOPOS] SW-F warmup discard 6/10 minq=60
[AUTOPOS] SW-F warmup discard 7/10 minq=57
[AUTOPOS] SW-F warmup discard 8/10 minq=62
[AUTOPOS] SW-F warmup discard 9/10 minq=66
[AUTOPOS] SW-F warmup discard 10/10 minq=70
[AUTOPOS] SW-F,A,4438,72,B,1521,72,C,3512,80,D,5230,100,E,4101,72,G,3401,80,H,5021,80
[AUTOPOS] SW-F,A,4467,75,B,1584,75,C,3503,75,D,5232,100,E,4058,75,G,3382,81,H,5003,69
[AUTOPOS] SW-F,A,4420,76,B,1549,76,C,3532,71,D,5232,100,E,4092,76,G,3382,81,H,5011,71
[AUTOPOS] SW-F,A,4448,78,B,1550,78,C,3520,73,D,5232,100,E,4263,78,G,3382,81,H,5030,73
[AUTOPOS] SW-F,A,4416,80,B,1550,78,C,3515,70,D,5271,85,E,4294,80,G,3417,71,H,5033,75
[AUTOPOS] SW-F,A,4450,81,B,1527,75,C,3551,72,D,5225,86,E,4232,81,G,3399,73,H,5022,76
[AUTOPOS] SW-F,A,4448,82,B,1524,72,C,3541,73,D,5229,87,E,4120,82,G,3399,75,H,5038,77
[AUTOPOS] SW-F,A,4435,83,B,1500,73,C,3531,75,D,5223,88,E,4120,82,G,3395,76,H,4995,78
[AUTOPOS] SW-F,A,4435,83,B,1538,75,C,3531,75,D,5244,88,E,4120,82,G,3385,77,H,4995,78
[AUTOPOS] SW-F,A,4458,80,B,1579,76,C,3526,72,D,5200,89,E,4130,75,G,3361,78,H,5035,76
[AUTOPOS] SW-F,A,4441,80,B,1515,77,C,3545,73,D,5258,90,E,4154,76,G,3352,80,H,4999,77
[AUTOPOS] SW-F,A,4444,81,B,1507,78,C,3523,75,D,5206,90,E,4221,77,G,3382,80,H,5039,78
[AUTOPOS] SW-F,A,4440,82,B,1562,79,C,3495,76,D,5235,90,E,4095,78,G,3382,80,H,5008,79
[AUTOPOS] SW-F,A,4426,83,B,1607,80,C,3537,76,D,5209,91,E,4085,79,G,3387,78,H,4975,80
[AUTOPOS] SW-F,A,4479,84,B,1555,80,C,3500,77,D,5217,91,E,4085,79,G,3379,79,H,5019,80
[AUTOPOS] SW-F,A,4479,84,B,1532,81,C,3500,77,D,5222,92,E,4192,76,G,3379,80,H,5019,80
[AUTOPOS] SW-F,A,4459,81,B,1534,82,C,3536,73,D,5232,88,E,4192,75,G,3367,77,H,5014,78
[AUTOPOS] SW-F,A,4459,81,B,1511,82,C,3531,74,D,5201,89,E,4189,73,G,3373,75,H,5022,79
[AUTOPOS] SW-F,A,4417,79,B,1521,83,C,3508,75,D,5271,89,E,4068,74,G,3394,76,H,4989,80
[AUTOPOS] SW-F,A,4519,80,B,1517,83,C,3508,75,D,5267,90,E,4208,75,G,3371,77,H,4989,80
[AUTOPOS] SW-F,A,4486,80,B,1506,84,C,3508,75,D,5257,90,E,4120,76,G,3427,78,H,4989,80
[AUTOPOS] SW-F,A,4412,81,B,1526,88,C,3508,75,D,5227,90,E,4160,73,G,3427,78,H,5006,76
[AUTOPOS] SW-F,A,4472,82,B,1526,88,C,3520,65,D,5241,94,E,4121,75,G,3427,78,H,5019,77
[AUTOPOS] SW-F,A,4441,83,B,1552,84,C,3490,66,D,5275,94,E,4095,76,G,3381,73,H,4997,78
[AUTOPOS] SW-F,A,4475,84,B,1543,85,C,3510,68,D,5222,94,E,4110,77,G,3330,75,H,5010,80
[AUTOPOS] SW-F,A,4475,84,B,1531,85,C,3510,68,D,5207,95,E,4110,77,G,3357,76,H,5054,80
[AUTOPOS] SW-F,A,4430,80,B,1523,86,C,3505,66,D,5219,95,E,4110,77,G,3400,77,H,5054,80
[AUTOPOS] SW-F,A,4491,81,B,1518,86,C,3505,66,D,5232,95,E,4117,72,G,3381,78,H,5017,75
[AUTOPOS] SW-F,A,4459,82,B,1518,86,C,3482,65,D,5247,95,E,4082,73,G,3402,79,H,5020,76
[AUTOPOS] SW-F,A,4447,83,B,1519,84,C,3496,66,D,5237,95,E,4082,73,G,3382,80,H,5020,76
[AUTOPOS] SW-F,A,4503,84,B,1572,84,C,3496,66,D,5205,96,E,4195,71,G,3384,80,H,5020,76
[AUTOPOS] SW-F,A,4499,84,B,1585,85,C,3496,66,D,5214,96,E,4081,72,G,3376,81,H,5020,76
[AUTOPOS] SW-F,A,4461,85,B,1502,85,C,3496,66,D,5241,92,E,4111,73,G,3371,82,H,5020,76
[AUTOPOS] SW-F,A,4439,85,B,1554,86,C,3512,59,D,5241,92,E,4150,74,G,3371,82,H,4989,66
[AUTOPOS] SW-F,A,4517,86,B,1554,86,C,3503,64,D,5215,90,E,4132,75,G,3348,80,H,5002,67
[AUTOPOS] SW-F,A,4443,86,B,1501,83,C,3537,66,D,5235,90,E,4189,76,G,3367,80,H,5002,67
[AUTOPOS] SW-F,A,4487,87,B,1511,84,C,3530,68,D,5199,90,E,4118,77,G,3339,81,H,5002,67
[AUTOPOS] SW-F,A,4467,87,B,1513,88,C,3530,68,D,5216,94,E,4146,78,G,3386,82,H,5002,67
[AUTOPOS] SW-F,A,4507,88,B,1480,88,C,3530,68,D,5241,94,E,4098,80,G,3377,83,H,4949,63
[AUTOPOS] SW-F,A,4507,88,B,1511,89,C,3529,63,D,5237,94,E,4098,80,G,3355,84,H,4949,63
[AUTOPOS] SW-F,A,4513,84,B,1571,90,C,3529,63,D,5205,95,E,4113,77,G,3360,85,H,4949,63
[AUTOPOS] SW-F,A,4464,85,B,1509,90,C,3529,63,D,5241,95,E,4199,78,G,3395,81,H,5025,59
[AUTOPOS] SW-F,A,4464,85,B,1523,90,C,3529,63,D,5226,95,E,4199,78,G,3338,82,H,5025,59
[AUTOPOS] SW-F,A,4465,81,B,1577,91,C,3529,63,D,5246,95,E,4121,76,G,3362,83,H,5025,59
[AUTOPOS] SW-F,A,4440,82,B,1540,91,C,3520,53,D,5246,95,E,4126,76,G,3362,83,H,5029,56
[AUTOPOS] SW-F,A,4458,83,B,1540,91,C,3516,55,D,5193,92,E,4164,77,G,3373,80,H,5022,57
[AUTOPOS] SW-F,A,4433,84,B,1525,88,C,3520,56,D,5223,92,E,4424,78,G,3359,81,H,5009,59
[AUTOPOS] SW-F,A,4433,84,B,1555,88,C,3539,58,D,5256,92,E,4424,78,G,3377,82,H,5031,60
[AUTOPOS] SW-F,A,4433,84,B,1489,89,C,3491,59,D,5261,92,E,4143,74,G,3377,82,H,5017,62
[AUTOPOS] SW-F,A,4470,78,B,1489,89,C,3510,64,D,5261,92,E,4108,75,G,3377,82,H,5038,63
[AUTOPOS] SW-F,A,4440,79,B,1513,83,C,3510,64,D,5212,90,E,4108,75,G,3369,77,H,5038,63
[AUTOPOS] SW-F,A,4440,79,B,1524,84,C,3530,63,D,5230,90,E,4108,75,G,3352,78,H,5002,62
[AUTOPOS] SW-F,A,4435,77,B,1530,88,C,3528,65,D,5253,90,E,4177,68,G,3353,82,H,5002,62
[AUTOPOS] SW-F,A,4492,78,B,1551,88,C,3528,65,D,5258,94,E,4177,68,G,3378,83,H,5032,61
[AUTOPOS] SW-F,A,4492,78,B,1566,89,C,3510,63,D,5222,94,E,4179,66,G,3385,84,H,4978,63
[AUTOPOS] SW-F,A,4492,78,B,1527,90,C,3510,63,D,5190,94,E,4254,68,G,3393,85,H,5028,65
[AUTOPOS] SW-F,A,4508,73,B,1545,90,C,3459,62,D,5216,95,E,4085,69,G,3408,85,H,5015,66
[AUTOPOS] SW-F,A,4478,71,B,1554,90,C,3548,64,D,5218,90,E,4085,69,G,3359,86,H,5017,68
[AUTOPOS] SW-F,A,4478,71,B,1578,91,C,3548,64,D,5247,91,E,4197,68,G,3382,86,H,4998,69
[AUTOPOS] SW-F,A,4478,71,B,1537,91,C,3535,62,D,5222,91,E,4197,68,G,3359,87,H,4998,69
[AUTOPOS] SW-F,A,4451,66,B,1539,92,C,3507,64,D,5229,92,E,4253,66,G,3403,88,H,5000,68
[AUTOPOS] SW-F,A,4459,68,B,1539,92,C,3526,65,D,5197,92,E,4161,67,G,3403,88,H,5024,69
[AUTOPOS] SW-F,A,4473,69,B,1539,92,C,3537,66,D,5259,92,E,4091,68,G,3418,85,H,5034,70
[AUTOPOS] SW-F,A,4470,70,B,1590,85,C,3522,67,D,5262,92,E,4168,70,G,3368,85,H,5020,71
[AUTOPOS] SW-F,A,4470,70,B,1541,86,C,3495,68,D,5192,93,E,4168,70,G,3376,86,H,4998,72
[AUTOPOS] SW-F,A,4470,70,B,1597,86,C,3495,68,D,5226,93,E,4168,70,G,3399,86,H,5010,73
[AUTOPOS] SW-F,A,4470,70,B,1599,87,C,3509,66,D,5177,93,E,4168,70,G,3356,87,H,5003,74
[AUTOPOS] SW-F,A,4470,70,B,1535,87,C,3522,68,D,5215,93,E,4168,70,G,3357,87,H,5023,75
[AUTOPOS] SW-F,A,4445,62,B,1535,87,C,3525,70,D,5215,93,E,4144,63,G,3357,87,H,5015,76
[AUTOPOS] SW-F,A,4472,64,B,1535,87,C,3535,71,D,5299,88,E,4163,65,G,3357,87,H,5001,77
[AUTOPOS] SW-F,A,4465,66,B,1535,87,C,3540,72,D,5221,89,E,4119,66,G,3357,87,H,5015,78
[AUTOPOS] SW-F,A,4436,68,B,1535,87,C,3517,73,D,5228,90,E,4178,68,G,3357,87,H,5029,80
[AUTOPOS] SW-F,A,4434,70,B,1535,87,C,3507,75,D,5224,90,E,4178,69,G,3357,87,H,4963,80
[AUTOPOS] SW-F,A,4462,71,B,1535,87,C,3497,76,D,5250,90,E,4072,70,G,3340,68,H,4996,81
[AUTOPOS] SW-F,A,4455,72,B,1537,65,C,3493,76,D,5275,91,E,4072,70,G,3366,69,H,5009,82
[AUTOPOS] SW-F,A,4476,73,B,1518,66,C,3510,77,D,5248,91,E,4326,66,G,3366,69,H,5016,83
[AUTOPOS] SW-F,A,4447,75,B,1518,66,C,3503,78,D,5195,92,E,4079,67,G,3376,68,H,5016,83
[AUTOPOS] SW-F,A,4447,76,B,1483,65,C,3503,78,D,5224,92,E,4079,67,G,3386,69,H,5016,83
[AUTOPOS] SW-F,A,4485,76,B,1512,66,C,3546,74,D,5224,92,E,4262,66,G,3386,69,H,5027,77
[AUTOPOS] SW-F,A,4467,77,B,1512,66,C,3513,75,D,5229,89,E,4133,67,G,3389,67,H,5018,78
[AUTOPOS] SW-F,A,4469,78,B,1502,65,C,3553,76,D,5226,89,E,4133,67,G,3383,68,H,5026,79
[AUTOPOS] SW-F,A,4469,78,B,1594,66,C,3553,76,D,5238,90,E,4152,70,G,3399,70,H,5026,79
[AUTOPOS] SW-F,A,4500,76,B,1546,67,C,3499,73,D,5234,90,E,4173,72,G,3384,70,H,5026,79
[AUTOPOS] SW-F,A,4500,76,B,1529,68,C,3506,75,D,5265,90,E,4148,73,G,3357,71,H,4986,75
[AUTOPOS] SW-F,A,4471,76,B,1538,70,C,3532,76,D,5270,94,E,4141,75,G,3368,76,H,5032,76
[AUTOPOS] SW-F,A,4469,77,B,1475,72,C,3543,77,D,5264,94,E,4072,72,G,3368,76,H,5025,77
[AUTOPOS] SW-F,A,4434,78,B,1475,72,C,3554,78,D,5255,94,E,4156,73,G,3368,76,H,4998,78
[AUTOPOS] SW-F,A,4413,80,B,1475,72,C,3539,79,D,5234,95,E,4158,75,G,3364,70,H,5022,80
[AUTOPOS] SW-F,A,4465,80,B,1475,72,C,3510,80,D,5205,95,E,4179,76,G,3364,70,H,5008,80
[AUTOPOS] SW-F,A,4491,81,B,1475,72,C,3539,80,D,5247,95,E,4148,76,G,3364,70,H,5001,81
[AUTOPOS] SW-F,A,4443,82,B,1475,72,C,3519,81,D,5262,95,E,4098,77,G,3364,70,H,5007,82
[AUTOPOS] SW-F,A,4506,83,B,1520,58,C,3540,82,D,5255,95,E,4131,78,G,3364,70,H,5013,83
[AUTOPOS] SW-F,A,4506,83,B,1548,60,C,3529,82,D,5184,96,E,4131,78,G,3358,60,H,5028,84
[AUTOPOS] SW-F,A,4506,83,B,1543,61,C,3529,82,D,5177,96,E,4117,76,G,3382,61,H,5028,84
[AUTOPOS] SW-F,A,4494,77,B,1530,62,C,3529,82,D,5202,96,E,4117,76,G,3355,62,H,5028,84
[AUTOPOS] SW-F,A,4437,78,B,1542,64,C,3506,76,D,5202,96,E,4200,75,G,3355,62,H,5039,78
[AUTOPOS] SW-F,A,4456,79,B,1515,65,C,3494,77,D,5259,93,E,4119,76,G,3349,62,H,5036,79
[AUTOPOS] SW-F,A,4413,80,B,1515,65,C,3500,78,D,5233,93,E,4210,77,G,3349,62,H,5024,80
[AUTOPOS] SW-F,A,4450,80,B,1515,65,C,3512,80,D,5228,93,E,4178,78,G,3349,62,H,5020,80
[AUTOPOS] SW-F,A,4454,81,B,1515,65,C,3479,80,D,5178,93,E,4270,80,G,3349,62,H,5020,81
[AUTOPOS] SW-F,A,4417,82,B,1452,64,C,3500,81,D,5239,94,E,4114,80,G,3349,62,H,5021,82
[AUTOPOS] SW-F,A,4463,83,B,1452,64,C,3507,82,D,5223,94,E,4104,81,G,3349,62,H,5039,83
[AUTOPOS] SW-F,A,4464,84,B,1452,64,C,3536,83,D,5212,94,E,4159,82,G,3349,62,H,5031,84
[AUTOPOS] SW-F,A,4474,85,B,1452,64,C,3525,84,D,5212,94,E,4194,83,G,3340,50,H,4991,85
[AUTOPOS] SW-F,A,4452,85,B,1452,64,C,3481,84,D,5205,90,E,4117,84,G,3340,50,H,5022,85
[AUTOPOS] SW-F,A,4460,86,B,1452,64,C,3520,85,D,5234,90,E,4141,84,G,3401,50,H,5051,86
[AUTOPOS] SW-F,A,4412,86,B,1605,52,C,3510,85,D,5228,91,E,4182,85,G,3327,52,H,5014,86
[AUTOPOS] SW-F,A,4480,87,B,1605,52,C,3481,86,D,5207,91,E,4138,85,G,3327,52,H,5032,87
[AUTOPOS] SW-F,A,4483,88,B,1605,52,C,3512,86,D,5216,92,E,4108,86,G,3327,52,H,5029,88
[AUTOPOS] SW-F,A,4461,88,B,1514,50,C,3509,87,D,5216,92,E,4102,86,G,3361,50,H,5054,88
[AUTOPOS] SW-F,A,4423,88,B,1514,50,C,3488,87,D,5266,88,E,4189,87,G,3361,50,H,5015,88
[AUTOPOS] SW-F,A,4451,89,B,1514,50,C,3496,88,D,5240,89,E,4138,87,G,3373,50,H,4995,89
[AUTOPOS] SW-F,A,4445,89,B,1435,48,C,3492,88,D,5240,89,E,4141,88,G,3335,51,H,4995,89
[AUTOPOS] SW-F,A,4429,90,B,1435,48,C,3522,89,D,5184,86,E,4136,88,G,3351,53,H,5039,90
[AUTOPOS] SW-F,A,4433,90,B,1589,48,C,3508,90,D,5209,87,E,4136,88,G,3432,54,H,5013,90
[AUTOPOS] SW-F,A,4433,90,B,1565,50,C,3501,90,D,5175,87,E,4136,88,G,3395,56,H,5013,90
[AUTOPOS] SW-F,A,4423,88,B,1474,52,C,3501,90,D,5212,88,E,4136,88,G,3377,58,H,4995,88
[AUTOPOS] SW-F,A,4455,88,B,1500,55,C,3472,86,D,5205,88,E,4136,88,G,3394,61,H,4995,88
[AUTOPOS] SW-F,A,4406,89,B,1480,57,C,3529,87,D,5212,89,E,4089,73,G,3400,63,H,5068,84
[AUTOPOS] SW-F,A,4406,89,B,1546,60,C,3505,88,D,5221,90,E,4118,75,G,3372,65,H,5068,84
[AUTOPOS] SW-F,A,4451,85,B,1483,61,C,3505,88,D,5209,90,E,4149,76,G,3365,66,H,5068,84
[AUTOPOS] SW-F,A,4398,86,B,1543,63,C,3505,88,D,5227,90,E,4203,76,G,3411,68,H,5068,84
[AUTOPOS] SW-F,A,4463,86,B,1529,65,C,3506,79,D,5227,90,E,4128,77,G,3407,69,H,5042,73
[AUTOPOS] SW-F,A,4398,87,B,1574,66,C,3483,80,D,5257,87,E,4177,78,G,3407,69,H,5030,75
[AUTOPOS] SW-F,A,4431,88,B,1574,66,C,3524,80,D,5257,87,E,4110,79,G,3373,68,H,5033,76
[AUTOPOS] SW-F,A,4432,88,B,1574,66,C,3500,81,D,5230,84,E,4110,79,G,3393,69,H,5012,76
[AUTOPOS] SW-F,A,4432,88,B,1523,62,C,3485,82,D,5244,85,E,4110,79,G,3385,70,H,5007,77
[AUTOPOS] SW-F,A,4432,88,B,1474,64,C,3489,83,D,5218,85,E,4110,79,G,3383,71,H,5018,78
[AUTOPOS] SW-F,A,4511,82,B,1549,65,C,3489,83,D,5239,86,E,4174,76,G,3373,72,H,5018,78
[AUTOPOS] SW-F,A,4429,83,B,1522,66,C,3485,80,D,5236,86,E,4176,77,G,3355,73,H,5018,78
[AUTOPOS] SW-F,A,4477,83,B,1486,67,C,3533,77,D,5215,87,E,4359,78,G,3352,74,H,5018,74
[AUTOPOS] SW-F,A,4499,84,B,1542,68,C,3542,78,D,5183,87,E,4118,80,G,3368,75,H,5018,74
[AUTOPOS] SW-F,A,4402,88,B,1479,70,C,3542,78,D,5271,88,E,4214,80,G,3403,76,H,5018,74
[AUTOPOS] SW-F,A,4448,88,B,1502,72,C,3550,76,D,5244,88,E,4214,80,G,3367,77,H,5018,74
[AUTOPOS] SW-F,A,4420,89,B,1503,73,C,3550,76,D,5239,89,E,4118,78,G,3367,78,H,5018,74
[AUTOPOS] SW-F,A,4460,90,B,1532,75,C,3511,74,D,5239,90,E,4118,78,G,3365,80,H,5013,65
[AUTOPOS] SW-F,A,4463,86,B,1541,76,C,3529,75,D,5278,90,E,4116,76,G,3365,80,H,5027,66
[AUTOPOS] SW-F,A,4429,86,B,1551,77,C,3503,75,D,5278,90,E,4130,76,G,3358,77,H,5040,68
[AUTOPOS] SW-F,A,4473,87,B,1551,77,C,3532,76,D,5235,86,E,4130,76,G,3383,78,H,5044,69
[AUTOPOS] SW-F,A,4445,88,B,1505,75,C,3532,76,D,5196,87,E,4130,76,G,3355,79,H,5011,70
[AUTOPOS] SW-F,A,4445,88,B,1487,76,C,3518,75,D,5218,88,E,4130,76,G,3381,80,H,5011,70
[AUTOPOS] SW-F,A,4458,85,B,1443,76,C,3518,75,D,5197,88,E,4130,76,G,3355,80,H,4985,69
[AUTOPOS] SW-F,A,4458,85,B,1501,77,C,3536,72,D,5232,88,E,4130,76,G,3384,81,H,5010,70
[AUTOPOS] SW-F,A,4479,82,B,1516,78,C,3549,70,D,5215,89,E,4251,65,G,3384,81,H,5015,71
[AUTOPOS] SW-F,A,4450,83,B,1516,78,C,3540,71,D,5228,89,E,4129,70,G,3384,81,H,5021,72
[AUTOPOS] SW-F,A,4465,83,B,1516,78,C,3512,72,D,5232,90,E,4201,72,G,3384,81,H,4988,73
[AUTOPOS] SW-F,A,4454,84,B,1516,78,C,3536,73,D,5228,90,E,4210,73,G,3406,71,H,4988,73
[AUTOPOS] SW-F,A,4491,88,B,1478,71,C,3536,73,D,5221,90,E,4210,73,G,3393,76,H,5032,71
[AUTOPOS] SW-F,A,4491,88,B,1509,76,C,3524,72,D,5241,94,E,4176,71,G,3393,76,H,5018,76
[AUTOPOS] SW-F,A,4462,84,B,1509,76,C,3523,73,D,5241,94,E,4188,72,G,3334,73,H,4989,77
[AUTOPOS] SW-F,A,4470,85,B,1509,76,C,3529,74,D,5218,89,E,4188,72,G,3333,75,H,5032,78
[AUTOPOS] SW-F,A,4470,85,B,1491,70,C,3531,75,D,5220,90,E,4188,72,G,3329,76,H,4999,80
[AUTOPOS] SW-F,A,4470,85,B,1476,71,C,3531,75,D,5201,90,E,4178,68,G,3359,77,H,4999,80
[AUTOPOS] SW-F,A,4461,78,B,1522,72,C,3535,73,D,5234,90,E,4178,68,G,3343,78,H,5024,77
[AUTOPOS] SW-F,A,4426,79,B,1600,73,C,3535,73,D,5247,91,E,4208,66,G,3360,79,H,5024,77
[AUTOPOS] SW-F,A,4489,80,B,1521,75,C,3535,73,D,5240,91,E,4077,67,G,3402,80,H,5024,77
[AUTOPOS] SW-F,A,4437,80,B,1493,76,C,3535,73,D,5230,92,E,4202,68,G,3381,80,H,5024,77
[AUTOPOS] SW-F,A,4431,81,B,1524,76,C,3525,66,D,5208,92,E,4176,70,G,3343,81,H,5024,77
[AUTOPOS] SW-F,A,4460,82,B,1580,77,C,3551,68,D,5237,92,E,4176,70,G,3385,82,H,5032,66
[AUTOPOS] SW-F,A,4478,82,B,1558,78,C,3551,68,D,5229,92,E,4165,68,G,3358,82,H,5032,66
[AUTOPOS] SW-F,A,4440,83,B,1549,79,C,3551,68,D,5221,93,E,4104,70,G,3380,83,H,5032,66
[AUTOPOS] SW-F,A,4485,83,B,1542,80,C,3551,68,D,5183,93,E,4155,72,G,3412,83,H,5032,66
[AUTOPOS] SW-F,A,4465,84,B,1541,80,C,3518,60,D,5211,93,E,4155,72,G,3338,84,H,5032,66
[AUTOPOS] SW-F,A,4448,88,B,1525,81,C,3518,60,D,5211,93,E,4119,70,G,3376,88,H,4999,59
[AUTOPOS] SW-F,A,4448,88,B,1479,82,C,3551,60,D,5245,94,E,4119,70,G,3355,88,H,5009,64
[AUTOPOS] SW-F,A,4402,84,B,1512,83,C,3551,60,D,5228,94,E,4121,68,G,3380,89,H,5009,64
[AUTOPOS] SW-F,A,4456,85,B,1549,84,C,3551,60,D,5181,94,E,4063,69,G,3359,90,H,5009,64
[AUTOPOS] SW-F,A,4450,85,B,1552,85,C,3471,57,D,5235,95,E,4063,69,G,3337,90,H,5040,60
[AUTOPOS] SW-F,A,4450,85,B,1484,85,C,3509,58,D,5227,95,E,4063,69,G,3349,90,H,5040,60
[AUTOPOS] SW-F,A,4479,82,B,1497,86,C,3509,58,D,5224,95,E,4204,65,G,3349,91,H,5000,59
[AUTOPOS] SW-F,A,4479,82,B,1527,86,C,3519,58,D,5206,95,E,4204,65,G,3393,91,H,5038,60
[AUTOPOS] SW-F,A,4479,82,B,1580,87,C,3540,59,D,5198,95,E,4204,65,G,3350,92,H,5028,62
[AUTOPOS] SW-F,A,4479,82,B,1560,88,C,3531,64,D,5212,96,E,4204,65,G,3367,92,H,5011,64
[AUTOPOS] SW-F,A,4445,74,B,1485,88,C,3531,64,D,5240,96,E,4204,65,G,3375,92,H,5018,65
[AUTOPOS] SW-F,A,4445,74,B,1580,88,C,3536,63,D,5241,96,E,4101,58,G,3410,92,H,5018,65
[AUTOPOS] SW-F,A,4385,72,B,1563,89,C,3536,63,D,5254,96,E,4121,59,G,3349,93,H,4999,62
[AUTOPOS] SW-F,A,4474,73,B,1537,89,C,3515,61,D,5181,96,E,4143,64,G,3349,93,H,5026,63
[AUTOPOS] SW-F,A,4451,74,B,1537,89,C,3500,63,D,5216,96,E,4141,66,G,3349,93,H,5014,64
[AUTOPOS] SW-F,A,4481,75,B,1538,87,C,3531,65,D,5216,96,E,4084,68,G,3349,93,H,5012,65
[AUTOPOS] SW-F,A,4449,76,B,1538,87,C,3520,66,D,5209,93,E,4119,70,G,3349,93,H,5010,70
[AUTOPOS] SW-F,A,4470,77,B,1545,88,C,3505,68,D,5196,94,E,4163,71,G,3381,78,H,5010,70
[AUTOPOS] SW-F,A,4439,78,B,1555,88,C,3505,68,D,5245,94,E,4170,72,G,3356,80,H,4971,68
[AUTOPOS] SW-F,A,4439,78,B,1597,89,C,3500,66,D,5174,94,E,4105,73,G,3391,80,H,4971,68
[AUTOPOS] SW-F,A,4453,76,B,1540,90,C,3459,67,D,5243,95,E,4105,73,G,3378,81,H,5038,66
[AUTOPOS] SW-F,A,4468,77,B,1525,90,C,3498,68,D,5195,95,E,4150,72,G,3371,82,H,5038,66
[AUTOPOS] SW-F,A,4467,78,B,1514,90,C,3498,68,D,5246,95,E,4141,73,G,3360,83,H,5038,66
[AUTOPOS] SW-F,A,4439,79,B,1521,91,C,3498,68,D,5202,95,E,4141,73,G,3353,84,H,5006,62
[AUTOPOS] SW-F,A,4439,79,B,1548,91,C,3498,68,D,5202,95,E,4141,73,G,3345,84,H,5025,64
[AUTOPOS] SW-F,A,4439,79,B,1497,92,C,3485,64,D,5228,96,E,4141,73,G,3330,85,H,5016,65
[AUTOPOS] SW-F,A,4461,74,B,1531,92,C,3504,63,D,5236,96,E,4274,66,G,3330,85,H,4997,66
[AUTOPOS] SW-F,A,4429,75,B,1531,92,C,3490,65,D,5243,96,E,4106,67,G,3330,85,H,5014,67
[AUTOPOS] SW-F,A,4459,75,B,1531,92,C,3510,66,D,5259,96,E,4141,68,G,3349,80,H,5020,68
[AUTOPOS] SW-F,A,4444,76,B,1564,86,C,3531,68,D,5248,96,E,4141,68,G,3370,80,H,5020,68
[AUTOPOS] SW-F,A,4470,77,B,1521,86,C,3531,68,D,5238,96,E,4180,66,G,3348,81,H,5020,68
[AUTOPOS] SW-F,A,4461,78,B,1542,87,C,3531,68,D,5226,96,E,4119,68,G,3357,82,H,5020,68
[AUTOPOS] SW-F,A,4455,82,B,1522,87,C,3531,68,D,5190,96,E,4185,70,G,3353,83,H,5020,68
[AUTOPOS] SW-F,A,4447,83,B,1591,88,C,3531,68,D,5239,100,E,4168,71,G,3358,84,H,5020,68
[AUTOPOS] SW-F,A,4465,84,B,1512,88,C,3531,68,D,5204,100,E,4168,71,G,3378,85,H,5031,57
[AUTOPOS] SW-F,A,4465,84,B,1549,89,C,3540,57,D,5180,100,E,4168,71,G,3348,85,H,4996,60
[AUTOPOS] SW-F,A,4465,84,B,1489,90,C,3486,58,D,5205,100,E,4168,71,G,3349,86,H,5028,61
[AUTOPOS] SW-F,A,4467,77,B,1506,90,C,3486,58,D,5229,100,E,4077,64,G,3358,86,H,5028,61
[AUTOPOS] SW-F,A,4435,78,B,1499,90,C,3486,58,D,5215,100,E,4109,65,G,3391,87,H,5028,61
[AUTOPOS] SW-F,A,4477,79,B,1490,91,C,3517,56,D,5253,100,E,4119,66,G,3364,88,H,5067,58
[AUTOPOS] SW-F,A,4477,79,B,1520,91,C,3497,58,D,5252,100,E,4119,66,G,3338,88,H,5004,60
[AUTOPOS] SW-F,A,4477,79,B,1569,92,C,3510,61,D,5210,100,E,4119,66,G,3340,88,H,5027,61
[AUTOPOS] SW-F,A,4437,74,B,1593,92,C,3491,63,D,5191,100,E,4096,63,G,3406,89,H,5027,61
[AUTOPOS] SW-F,A,4469,75,B,1526,92,C,3491,63,D,5202,100,E,4190,64,G,3377,89,H,5027,61
[AUTOPOS] SW-F,A,4474,75,B,1504,92,C,3525,61,D,5213,100,E,4190,64,G,3363,90,H,5004,58
[AUTOPOS] SW-F,A,4428,76,B,1499,93,C,3501,63,D,5226,100,E,4101,64,G,3374,90,H,5004,58
[AUTOPOS] SW-F,A,4387,77,B,1527,93,C,3499,62,D,5226,100,E,4183,66,G,3380,90,H,5005,58
[AUTOPOS] SW-F,A,4475,78,B,1511,93,C,3497,64,D,5207,96,E,4202,68,G,3380,90,H,5066,59
[AUTOPOS] SW-F,A,4421,82,B,1511,93,C,3505,65,D,5222,96,E,4137,70,G,3365,88,H,4995,64
[AUTOPOS] SW-F,A,4433,83,B,1511,93,C,3506,66,D,5229,100,E,4137,70,G,3385,89,H,5024,66
[AUTOPOS] SW-F,A,4438,84,B,1506,88,C,3506,66,D,5261,100,E,4144,68,G,3348,90,H,5024,66
[AUTOPOS] SW-F,A,4410,85,B,1488,89,C,3506,66,D,5229,100,E,4144,68,G,3354,90,H,5024,66
[AUTOPOS] SW-F,A,4415,85,B,1515,90,C,3506,66,D,5208,100,E,4081,66,G,3364,90,H,5024,66
[AUTOPOS] SW-F,A,4439,86,B,1535,90,C,3506,66,D,5213,100,E,4194,68,G,3383,91,H,5024,66
[AUTOPOS] SW-F,A,4429,86,B,1540,90,C,3506,66,D,5221,100,E,4127,69,G,3371,91,H,5024,66
[AUTOPOS] SW-F,A,4399,87,B,1522,91,C,3532,58,D,5259,100,E,4127,69,G,3373,92,H,5006,54
[AUTOPOS] SW-F,A,4399,87,B,1579,91,C,3500,61,D,5237,100,E,4127,69,G,3388,92,H,5017,56
[AUTOPOS] SW-F,A,4399,87,B,1482,92,C,3514,63,D,5194,100,E,4127,69,G,3398,92,H,5031,57
[AUTOPOS] SW-F,A,4399,87,B,1558,92,C,3501,65,D,5169,100,E,4127,69,G,3376,92,H,4993,59
[AUTOPOS] SW-F,A,4433,78,B,1567,92,C,3501,65,D,5234,100,E,4192,61,G,3399,93,H,4993,59
[AUTOPOS] SW-F,A,4457,79,B,1552,92,C,3501,65,D,5216,100,E,4170,62,G,3388,93,H,4993,59
[AUTOPOS] SW-F,A,4447,80,B,1497,93,C,3501,65,D,5213,100,E,4100,64,G,3335,93,H,4993,59
[AUTOPOS] SW-F,A,4443,80,B,1524,93,C,3501,65,D,5197,100,E,4100,64,G,3344,93,H,5004,54
[AUTOPOS] SW-F,A,4443,80,B,1516,93,C,3524,56,D,5244,100,E,4100,64,G,3369,94,H,5034,56
[AUTOPOS] SW-F,A,4471,82,B,1563,93,C,3535,57,D,5224,100,E,4100,64,G,3367,94,H,5026,58
[AUTOPOS] SW-F,A,4452,83,B,1498,94,C,3535,57,D,5234,100,E,4081,57,G,3371,94,H,5026,58
[AUTOPOS] SW-F,A,4507,84,B,1527,94,C,3535,57,D,5247,100,E,4110,59,G,3374,95,H,5026,58
[AUTOPOS] SW-F,A,4487,85,B,1488,94,C,3535,57,D,5238,100,E,4144,60,G,3356,95,H,5026,58
[AUTOPOS] SW-F,A,4435,85,B,1502,95,C,3461,53,D,5230,100,E,4144,60,G,3356,95,H,4994,52
[AUTOPOS] SW-F,A,4435,85,B,1509,95,C,3491,54,D,5230,100,E,4144,60,G,3378,95,H,5010,54
[AUTOPOS] SW-F,A,4435,85,B,1477,95,C,3441,56,D,5185,100,E,4161,57,G,3350,95,H,5010,54
[AUTOPOS] SW-F,A,4400,79,B,1511,95,C,3441,56,D,5251,100,E,4219,59,G,3366,96,H,5010,54
[AUTOPOS] SW-F,A,4466,80,B,1524,95,C,3441,56,D,5248,100,E,4154,60,G,3351,96,H,5010,54
[AUTOPOS] SW-F,A,4456,80,B,1535,96,C,3512,52,D,5255,100,E,4154,60,G,3350,96,H,5025,50
[AUTOPOS] SW-F,A,4456,80,B,1503,96,C,3520,55,D,5240,100,E,4154,60,G,3370,96,H,5025,50
[AUTOPOS] SW-F,A,4420,78,B,1587,96,C,3520,55,D,5243,100,E,4154,60,G,3353,96,H,5011,50
[AUTOPOS] SW-F,A,4420,78,B,1544,96,C,3478,54,D,5230,100,E,4154,60,G,3380,96,H,5010,51
[AUTOPOS] SW-F,A,4456,76,B,1537,96,C,3478,54,D,5206,100,E,4086,58,G,3355,96,H,5010,51
[AUTOPOS] SW-F,A,4441,77,B,1544,96,C,3478,54,D,5256,100,E,4182,61,G,3368,96,H,5010,51
[AUTOPOS] SW-F,A,4440,78,B,1514,96,C,3478,54,D,5237,100,E,4161,63,G,3378,100,H,5010,51
[AUTOPOS] SW-F,A,4424,82,B,1511,96,C,3478,54,D,5216,100,E,4182,65,G,3359,100,H,5010,51
[AUTOPOS] SW-F,A,4456,83,B,1526,100,C,3478,54,D,5199,100,E,4160,66,G,3366,100,H,5010,51
[AUTOPOS] SW-F,A,4504,84,B,1523,100,C,3530,46,D,5202,100,E,4160,66,G,3363,100,H,5010,47
[AUTOPOS] SW-F,A,4446,85,B,1564,100,C,3530,46,D,5276,100,E,4071,65,G,3413,100,H,5014,50
[AUTOPOS] SW-F,A,4446,85,B,1579,100,C,3527,46,D,5247,100,E,4071,65,G,3390,100,H,5027,52
[AUTOPOS] SW-F,A,4477,81,B,1507,100,C,3531,48,D,5209,100,E,4177,64,G,3375,100,H,5027,52
[AUTOPOS] SW-F,A,4466,82,B,1506,100,C,3491,50,D,5263,100,E,4177,64,G,3345,100,H,4997,52
[AUTOPOS] SW-F,A,4464,83,B,1542,100,C,3491,50,D,5243,100,E,4140,62,G,3384,100,H,4997,52
[AUTOPOS] SW-F,A,4457,84,B,1547,100,C,3508,50,D,5221,100,E,4140,62,G,3324,100,H,5013,52
[AUTOPOS] SW-F,A,4435,84,B,1502,100,C,3508,50,D,5231,100,E,4086,62,G,3328,100,H,5013,52
[AUTOPOS] SW-F,A,4480,85,B,1514,100,C,3467,50,D,5226,100,E,4086,62,G,3375,100,H,5013,52
[AUTOPOS] SW-F,A,4387,85,B,1517,100,C,3467,50,D,5233,100,E,4117,61,G,3427,100,H,5013,52
[AUTOPOS] SW-F,A,4460,86,B,1561,100,C,3467,50,D,5230,100,E,4211,62,G,3399,100,H,5013,52
[AUTOPOS] SW-F,A,4477,86,B,1531,100,C,3483,47,D,5237,100,E,4211,62,G,3401,100,H,5013,46
[AUTOPOS] SW-F,A,4421,87,B,1486,100,C,3483,47,D,5230,100,E,4109,61,G,3387,100,H,5016,48
[AUTOPOS] SW-F,A,4504,87,B,1511,100,C,3483,47,D,5222,100,E,4111,63,G,3404,100,H,5016,48
[AUTOPOS] SW-F,A,4451,88,B,1569,100,C,3488,46,D,5209,100,E,4111,63,G,3362,100,H,5020,52
[AUTOPOS] SW-F,A,4451,88,B,1530,100,C,3489,48,D,5202,100,E,4111,63,G,3383,100,H,4995,55
[AUTOPOS] SW-F,A,4441,84,B,1527,100,C,3489,48,D,5240,100,E,4111,63,G,3373,100,H,5002,57
[AUTOPOS] SW-F,A,4484,85,B,1497,100,C,3498,48,D,5240,100,E,4157,56,G,3398,100,H,5035,60
[AUTOPOS] SW-F,A,4446,85,B,1497,100,C,3506,50,D,5241,95,E,4157,58,G,3370,100,H,5012,61
[AUTOPOS] SW-F,A,4461,86,B,1497,100,C,3497,51,D,5233,95,E,4223,60,G,3354,100,H,5003,63
[AUTOPOS] SW-F,A,4478,86,B,1531,90,C,3491,53,D,5245,95,E,4143,61,G,3371,100,H,5007,65
[AUTOPOS] SW-F,A,4459,87,B,1525,91,C,3507,58,D,5245,95,E,4097,62,G,3353,100,H,4984,66
[AUTOPOS] SW-F,A,4425,88,B,1525,91,C,3529,61,D,5220,91,E,4150,64,G,3350,100,H,5020,68
[AUTOPOS] SW-F,A,4480,88,B,1523,88,C,3532,63,D,5220,92,E,4174,65,G,3350,100,H,5026,69
[AUTOPOS] SW-F,A,4457,88,B,1523,88,C,3492,65,D,5275,92,E,4182,66,G,3350,100,H,5037,70
[AUTOPOS] SW-F,A,4451,89,B,1523,88,C,3525,66,D,5218,92,E,4101,67,G,3350,100,H,4984,71
[AUTOPOS] SW-F,A,4465,89,B,1523,88,C,3493,68,D,5220,92,E,4068,68,G,3350,100,H,4996,72
[AUTOPOS] SW-F,A,4443,90,B,1523,88,C,3525,69,D,5220,92,E,4142,70,G,3350,100,H,5036,73
[AUTOPOS] SW-F,A,4474,90,B,1523,88,C,3494,70,D,5230,90,E,4193,72,G,3350,100,H,5044,74
[AUTOPOS] SW-F,A,4509,90,B,1523,88,C,3499,72,D,5256,90,E,4161,73,G,3350,100,H,5053,75
[AUTOPOS] SW-F,A,4463,94,B,1523,88,C,3502,73,D,5196,90,E,4147,75,G,3350,100,H,4988,76
[AUTOPOS] SW-F,A,4472,94,B,1523,88,C,3545,74,D,5187,94,E,4267,76,G,3350,100,H,4995,77
[AUTOPOS] SW-F,A,4416,94,B,1523,88,C,3518,75,D,5232,94,E,4198,77,G,3350,100,H,5034,78
[AUTOPOS] SW-F,A,4494,95,B,1523,88,C,3522,75,D,5217,94,E,4172,78,G,3350,100,H,5013,80
[AUTOPOS] SW-F,A,4473,95,B,1523,88,C,3512,76,D,5239,95,E,4167,79,G,3354,63,H,5032,80
[AUTOPOS] SW-F,A,4426,95,B,1523,88,C,3515,77,D,5228,95,E,4143,80,G,3390,65,H,4995,81
[AUTOPOS] SW-F,A,4447,95,B,1513,54,C,3475,78,D,5242,95,E,4131,80,G,3390,65,H,4975,82
[AUTOPOS] SW-F,A,4472,95,B,1513,54,C,3508,82,D,5212,95,E,4200,81,G,3390,65,H,5023,83
[AUTOPOS] SW-F,A,4468,96,B,1513,54,C,3511,83,D,5242,95,E,4190,82,G,3390,65,H,5006,84
[AUTOPOS] SW-F,A,4477,96,B,1513,54,C,3484,84,D,5225,96,E,4139,82,G,3329,59,H,5056,84
[AUTOPOS] SW-F,A,4403,96,B,1513,54,C,3502,85,D,5253,96,E,4139,82,G,3386,60,H,4997,85
[AUTOPOS] SW-F,A,4485,96,B,1579,48,C,3502,85,D,5193,96,E,4092,80,G,3386,62,H,4997,85
[AUTOPOS] SW-F,A,4436,96,B,1515,50,C,3502,85,D,5230,96,E,4206,81,G,3365,63,H,4997,85
[AUTOPOS] SW-F,A,4440,96,B,1532,51,C,3502,85,D,5241,96,E,4186,82,G,3372,64,H,4979,80
[AUTOPOS] SW-F,A,4474,93,B,1532,51,C,3497,75,D,5248,96,E,4199,83,G,3345,65,H,5043,80
[AUTOPOS] SW-F,A,4442,94,B,1526,51,C,3514,76,D,5246,96,E,4180,84,G,3326,70,H,5043,80
[AUTOPOS] SW-F,A,4459,94,B,1582,53,C,3486,76,D,5211,96,E,4180,84,G,3363,72,H,5029,82
[AUTOPOS] SW-F,A,4484,94,B,1543,58,C,3486,76,D,5199,100,E,4071,80,G,3344,73,H,5029,82
[AUTOPOS] SW-F,A,4470,95,B,1531,61,C,3486,76,D,5232,100,E,4151,81,G,3354,75,H,5029,82
[AUTOPOS] SW-F,A,4495,95,B,1544,63,C,3486,76,D,5240,100,E,4133,82,G,3361,76,H,5029,82
[AUTOPOS] SW-F,A,4472,95,B,1566,65,C,3486,76,D,5202,100,E,4126,83,G,3303,77,H,5029,82
[AUTOPOS] SW-F,A,4451,95,B,1580,66,C,3486,76,D,5188,100,E,4100,84,G,3330,78,H,5029,82
[AUTOPOS] SW-F,A,4430,95,B,1525,68,C,3486,76,D,5217,100,E,4130,84,G,3390,79,H,5008,65
[AUTOPOS] SW-F,A,4430,95,B,1471,69,C,3600,64,D,5224,100,E,4063,85,G,3321,80,H,5008,65
[AUTOPOS] SW-F,A,4446,92,B,1564,70,C,3600,64,D,5245,100,E,4131,85,G,3383,80,H,5008,65
[AUTOPOS] SW-F,A,4444,92,B,1476,72,C,3600,64,D,5220,100,E,4071,86,G,3363,81,H,5008,65
[AUTOPOS] SW-F,A,4443,92,B,1563,73,C,3600,64,D,5219,100,E,4091,86,G,3291,82,H,5008,65
[AUTOPOS] SW-F,A,4412,93,B,1547,74,C,3494,57,D,5261,100,E,4091,86,G,3368,82,H,4997,57
[AUTOPOS] SW-F,A,4450,93,B,1487,75,C,3494,57,D,5228,100,E,4109,84,G,3345,83,H,5002,58
[AUTOPOS] SW-F,A,4444,93,B,1509,75,C,3494,57,D,5271,100,E,4146,88,G,3356,83,H,5002,58
[AUTOPOS] SW-F,A,4491,93,B,1531,76,C,3494,57,D,5230,100,E,4146,88,G,3361,84,H,5002,58
[AUTOPOS] SW-F,A,4414,94,B,1528,77,C,3494,57,D,5219,100,E,4186,84,G,3342,88,H,5002,58
[AUTOPOS] SW-F,A,4464,94,B,1519,78,C,3545,50,D,5266,100,E,4186,84,G,3396,88,H,4972,58
[AUTOPOS] SW-F,A,4442,94,B,1532,82,C,3545,50,D,5209,100,E,4177,80,G,3393,89,H,4972,58
[AUTOPOS] SW-F,A,4470,95,B,1529,83,C,3494,50,D,5195,100,E,4199,81,G,3380,90,H,4972,58
[AUTOPOS] SW-F,A,4443,95,B,1531,84,C,3494,50,D,5224,100,E,4125,82,G,3383,90,H,4972,58
[AUTOPOS] SW-F,A,4490,95,B,1521,85,C,3494,50,D,5180,100,E,4110,83,G,3381,90,H,4972,58
[AUTOPOS] SW-F,A,4449,95,B,1544,85,C,3494,50,D,5191,100,E,4072,84,G,3392,91,H,4972,58
[AUTOPOS] SW-F,A,4427,95,B,1545,86,C,3494,50,D,5253,100,E,4109,84,G,3360,91,H,4972,58
[AUTOPOS] SW-F,A,4436,96,B,1528,86,C,3509,47,D,5191,100,E,4109,84,G,3353,92,H,5028,45
[AUTOPOS] SW-F,A,4489,96,B,1449,87,C,3452,50,D,5194,100,E,4109,84,G,3369,92,H,5020,48
[AUTOPOS] SW-F,A,4433,96,B,1522,88,C,3452,50,D,5224,100,E,4068,79,G,3344,92,H,5020,48
[AUTOPOS] SW-F,A,4461,96,B,1513,88,C,3452,50,D,5208,100,E,4068,79,G,3376,92,H,5060,48
[AUTOPOS] SW-F,A,4446,96,B,1525,88,C,3517,45,D,5227,100,E,4130,77,G,3376,92,H,5028,50
[AUTOPOS] SW-F,A,4463,96,B,1518,89,C,3515,47,D,5268,100,E,4153,78,G,3366,90,H,4922,51
[AUTOPOS] SW-F,A,4460,96,B,1543,89,C,3508,50,D,5268,100,E,4120,82,G,3384,90,H,5045,53
[AUTOPOS] SW-F,A,4454,96,B,1506,90,C,3467,52,D,5268,100,E,4333,83,G,3371,90,H,5000,54
[AUTOPOS] SW-F,A,4426,100,B,1569,90,C,3523,53,D,5272,93,E,4158,84,G,3371,90,H,5043,56
[AUTOPOS] SW-F,A,4449,100,B,1569,90,C,3492,55,D,5308,93,E,4179,85,G,3371,90,H,4987,58
[AUTOPOS] SW-F,A,4481,100,B,1569,90,C,3526,57,D,5229,94,E,4294,85,G,3371,90,H,5002,61
[AUTOPOS] SW-F,A,4464,100,B,1569,90,C,3470,58,D,5162,94,E,4125,86,G,3371,90,H,5022,63
[AUTOPOS] SW-F,A,4414,100,B,1547,78,C,3458,60,D,5162,94,E,4094,86,G,3384,76,H,5044,65
[AUTOPOS] SW-F,A,4459,100,B,1547,78,C,3463,61,D,5218,90,E,4084,87,G,3384,76,H,5021,66
[AUTOPOS] SW-F,A,4420,100,B,1547,78,C,3452,62,D,5215,90,E,4042,88,G,3384,76,H,5040,68
[AUTOPOS] SW-F,A,4503,100,B,1547,78,C,3506,64,D,5240,90,E,4162,88,G,3384,76,H,5056,69
[AUTOPOS] SW-F,A,4486,100,B,1547,78,C,3535,66,D,5228,91,E,4094,88,G,3371,68,H,5022,70
[AUTOPOS] SW-F,A,4437,100,B,1514,66,C,3517,68,D,5228,91,E,4143,89,G,3375,69,H,5034,72
[AUTOPOS] SW-F,A,4452,100,B,1521,68,C,3513,70,D,5228,91,E,4320,89,G,3317,70,H,4990,73
[AUTOPOS] SW-F,A,4458,100,B,1521,68,C,3518,71,D,5217,84,E,4158,90,G,3317,70,H,4996,74
[AUTOPOS] SW-F,A,4447,100,B,1521,68,C,3539,72,D,5220,85,E,4054,90,G,3317,70,H,5026,75
[AUTOPOS] SW-F,A,4433,100,B,1521,68,C,3502,73,D,5186,85,E,4032,90,G,3317,70,H,5024,75
[AUTOPOS] SW-F,A,4476,100,B,1521,68,C,3522,75,D,5241,86,E,4222,94,G,3382,64,H,5011,76
[AUTOPOS] SW-F,A,4540,100,B,1551,60,C,3532,76,D,5241,86,E,4406,94,G,3344,65,H,5051,77
[AUTOPOS] SW-F,A,4599,100,B,1551,60,C,3520,76,D,5218,83,E,4313,94,G,3368,70,H,4995,78
[AUTOPOS] SW-F,A,4535,100,B,1482,59,C,3511,77,D,5218,83,E,4355,95,G,3382,72,H,5010,82
[AUTOPOS] SW-F,A,4534,100,B,1482,59,C,3468,78,D,5218,83,E,4425,95,G,3389,73,H,4999,83
[AUTOPOS] SW-F,A,4581,100,B,1482,59,C,3541,79,D,5204,77,E,4006,95,G,3389,75,H,5002,84
[AUTOPOS] SW-F,A,4713,100,B,1536,57,C,3542,80,D,5204,77,E,4442,95,G,3365,76,H,5009,85
[AUTOPOS] SW-F,A,4919,100,B,1539,60,C,3532,80,D,5204,77,E,3995,95,G,3375,77,H,4998,85
[AUTOPOS] SW-F,A,4762,100,B,1539,60,C,3520,81,D,5271,71,E,3991,96,G,3375,77,H,4991,86
[AUTOPOS] SW-F,A,4709,100,B,1525,59,C,3522,82,D,5248,72,E,4394,96,G,3375,77,H,4987,86
[AUTOPOS] SW-F,A,4725,100,B,1525,59,C,3508,83,D,5229,73,E,4596,96,G,3381,72,H,5010,87
[AUTOPOS] SW-F,A,4735,100,B,1517,56,C,3512,84,D,5233,75,E,4596,96,G,3361,73,H,5018,88
[AUTOPOS] SW-F,A,4680,100,B,1523,57,C,3512,84,D,5265,76,E,4499,93,G,3345,74,H,5018,88
[AUTOPOS] SW-F,A,4759,100,B,1550,59,C,3505,80,D,5238,76,E,4537,93,G,3367,75,H,5018,88
[AUTOPOS] SW-F,A,4821,100,B,1501,60,C,3505,80,D,5213,77,E,4555,93,G,3340,75,H,5018,88
[AUTOPOS] SW-F,A,4918,100,B,1522,62,C,3505,80,D,5210,78,E,4240,93,G,3383,76,H,5018,88
[AUTOPOS] SW-F,A,4964,100,B,1497,63,C,3505,80,D,5268,79,E,4073,94,G,3360,77,H,5018,88
[AUTOPOS] SW-F,A,4335,100,B,1482,64,C,3505,80,D,5292,80,E,4137,94,G,3336,78,H,5018,88
[AUTOPOS] SW-F,A,4347,100,B,1499,65,C,3493,69,D,5195,80,E,4137,94,G,3368,82,H,4954,71
[AUTOPOS] SW-F,A,4507,100,B,1489,70,C,3467,70,D,5260,81,E,4137,94,G,3343,83,H,4993,76
[AUTOPOS] SW-F,A,4506,100,B,1500,72,C,3476,71,D,5238,82,E,4034,85,G,3365,84,H,4993,76
[AUTOPOS] SW-F,A,4497,100,B,1566,73,C,3476,71,D,5251,83,E,4088,86,G,3380,85,H,4993,76
[AUTOPOS] SW-F,A,4490,100,B,1509,75,C,3476,71,D,5290,84,E,4116,86,G,3341,85,H,4993,76
[AUTOPOS] SW-F,A,4498,100,B,1569,76,C,3522,67,D,5272,85,E,4116,86,G,3372,86,H,5018,66
[AUTOPOS] SW-F,A,4513,100,B,1513,77,C,3522,67,D,5220,85,E,4085,84,G,3373,86,H,5005,68
[AUTOPOS] SW-F,A,4513,100,B,1522,78,C,3502,70,D,5213,86,E,4085,84,G,3350,87,H,5045,69
[AUTOPOS] SW-F,A,4593,96,B,1509,79,C,3502,70,D,5227,86,E,4085,84,G,3339,88,H,5033,70
[AUTOPOS] SW-F,A,4818,96,B,1585,80,C,3485,68,D,5220,87,E,4141,78,G,3350,88,H,5033,70
[AUTOPOS] SW-F,A,4908,96,B,1541,80,C,3485,68,D,5260,88,E,4195,79,G,3366,88,H,5033,70
[AUTOPOS] SW-F,A,4691,96,B,1524,81,C,3485,68,D,5251,88,E,4179,80,G,3372,89,H,5033,70
[AUTOPOS] SW-F,A,4547,96,B,1508,82,C,3526,63,D,5238,88,E,4179,80,G,3366,89,H,4980,64
[AUTOPOS] SW-F,A,4547,96,B,1483,82,C,3483,65,D,5233,89,E,4179,80,G,3368,90,H,5016,65
[AUTOPOS] SW-F,A,4547,96,B,1538,83,C,3483,65,D,5231,89,E,4087,76,G,3381,90,H,5016,65
[AUTOPOS] SW-F,A,4975,90,B,1527,83,C,3483,65,D,5263,90,E,4178,77,G,3396,90,H,5016,65
[AUTOPOS] SW-F,A,5040,94,B,1486,84,C,3483,65,D,5263,90,E,4054,78,G,3363,94,H,5016,65
[AUTOPOS] SW-F,A,4988,94,B,1502,88,C,3483,65,D,5193,90,E,4134,80,G,3385,94,H,5020,64
[AUTOPOS] SW-F,A,4992,94,B,1503,88,C,3483,65,D,5178,94,E,4124,80,G,3357,94,H,5020,64
[AUTOPOS] SW-F,A,5041,95,B,1519,89,C,3483,65,D,5220,94,E,4070,81,G,3363,95,H,5020,64
[AUTOPOS] SW-F,A,5207,95,B,1552,90,C,3486,53,D,5212,94,E,4070,81,G,3371,95,H,5027,60
[AUTOPOS] SW-F,A,4447,95,B,1522,90,C,3486,53,D,5265,95,E,4158,79,G,3372,95,H,5027,60
[AUTOPOS] SW-F,A,4521,95,B,1515,90,C,3512,53,D,5230,95,E,4150,80,G,3360,95,H,5043,59
[AUTOPOS] SW-F,A,4521,95,B,1508,91,C,3517,58,D,5233,95,E,4150,80,G,3353,95,H,4976,60
[AUTOPOS] SW-F,A,4490,92,B,1567,91,C,3517,58,D,5214,95,E,4157,77,G,3365,96,H,4976,60
[AUTOPOS] SW-F,A,4501,92,B,1496,92,C,3520,57,D,5240,95,E,4157,77,G,3376,96,H,5023,60
[AUTOPOS] SW-F,A,4481,92,B,1496,92,C,3511,60,D,5221,96,E,4157,77,G,3388,96,H,5025,61
[AUTOPOS] SW-F,A,4481,92,B,1584,88,C,3511,60,D,5202,96,E,4106,73,G,3401,96,H,5025,61
[AUTOPOS] SW-F,A,4552,89,B,1580,89,C,3511,60,D,5260,96,E,4072,74,G,3362,96,H,5029,60
[AUTOPOS] SW-F,A,4552,89,B,1542,89,C,3526,56,D,5255,96,E,4072,74,G,3372,96,H,4993,62
[AUTOPOS] SW-F,A,4550,87,B,1525,90,C,3526,56,D,5232,96,E,4159,76,G,3380,96,H,4993,62
[AUTOPOS] SW-F,A,4558,87,B,1526,90,C,3526,56,D,5240,96,E,4145,77,G,3397,96,H,4993,62
[AUTOPOS] SW-F,A,4559,88,B,1498,90,C,3526,56,D,5213,96,E,4173,78,G,3348,100,H,4993,62
[AUTOPOS] SW-F,A,4526,88,B,1528,94,C,3526,56,D,5235,96,E,4170,80,G,3351,100,H,4995,58
[AUTOPOS] SW-F,A,4542,89,B,1503,94,C,3526,56,D,5288,100,E,4130,80,G,3365,100,H,5017,61
[AUTOPOS] SW-F,A,4521,90,B,1598,94,C,3526,56,D,5265,100,E,4281,81,G,3367,100,H,5017,61
[AUTOPOS] SW-F,A,4485,90,B,1556,95,C,3483,46,D,5250,100,E,4281,81,G,3376,100,H,4971,60
[AUTOPOS] SW-F,A,4521,90,B,1523,95,C,3483,46,D,5229,100,E,4145,79,G,3392,100,H,4990,61
[AUTOPOS] SW-F,A,4488,91,B,1521,95,C,3491,46,D,5269,100,E,4269,80,G,3387,100,H,4990,61
[AUTOPOS] SW-F,A,4544,91,B,1525,95,C,3456,52,D,5258,100,E,4193,80,G,3383,100,H,4990,61
[AUTOPOS] SW-F,A,4514,92,B,1524,95,C,3516,55,D,5227,100,E,4193,80,G,3389,100,H,5014,58
[AUTOPOS] SW-F,A,4536,92,B,1517,96,C,3516,55,D,5258,100,E,4254,78,G,3349,100,H,5002,60
[AUTOPOS] SW-F,A,4575,92,B,1512,96,C,3516,55,D,5243,100,E,4191,79,G,3386,100,H,5002,60
[AUTOPOS] SW-F,A,4596,92,B,1508,96,C,3516,55,D,5254,100,E,4105,80,G,3356,100,H,5002,60
[AUTOPOS] SW-F,A,4601,93,B,1507,96,C,3516,55,D,5283,100,E,4077,80,G,3368,100,H,5019,57
[AUTOPOS] SW-F,A,4585,93,B,1574,96,C,3516,55,D,5286,100,E,4193,81,G,3385,100,H,5019,57
[AUTOPOS] SW-F,A,4600,93,B,1491,96,C,3522,45,D,5239,100,E,4193,81,G,3365,100,H,5006,56
[AUTOPOS] SW-F,A,4583,93,B,1559,96,C,3522,45,D,5224,100,E,4155,77,G,3373,100,H,4982,58
[AUTOPOS] SW-F,A,4587,94,B,1488,96,C,3522,45,D,5297,100,E,4154,78,G,3382,100,H,4982,58
[AUTOPOS] SW-F,A,4540,94,B,1521,100,C,3522,45,D,5224,100,E,4131,80,G,3357,100,H,4982,58
[AUTOPOS] SW-F,A,4559,94,B,1518,100,C,3522,45,D,5315,100,E,4231,80,G,3356,100,H,5035,55
[AUTOPOS] SW-F,A,4516,95,B,1564,100,C,3515,41,D,5278,100,E,4231,80,G,3369,100,H,5023,57
[AUTOPOS] SW-F,A,4572,95,B,1573,100,C,3471,43,D,5210,100,E,4231,80,G,3400,100,H,5036,60
[AUTOPOS] SW-F,A,4600,95,B,1496,100,C,3461,45,D,5229,100,E,4162,75,G,3363,100,H,5036,60
[AUTOPOS] SW-F,A,4624,95,B,1503,100,C,3461,45,D,5251,100,E,4062,76,G,3355,100,H,5036,60
[AUTOPOS] SW-F,A,4601,95,B,1578,100,C,3461,45,D,5214,100,E,4067,76,G,3372,100,H,5036,60
[AUTOPOS] SW-F,A,4961,96,B,1586,100,C,3529,44,D,5227,100,E,4067,76,G,3370,100,H,5023,54
[AUTOPOS] SW-F,A,5146,96,B,1516,100,C,3529,44,D,5254,100,E,4079,75,G,3363,100,H,5004,56
[AUTOPOS] SW-F,A,4675,96,B,1496,100,C,3534,42,D,5197,100,E,4133,75,G,3356,100,H,4993,57
[AUTOPOS] SW-F,A,4839,96,B,1496,100,C,3513,45,D,5256,100,E,4176,76,G,3356,100,H,5053,59
[AUTOPOS] SW-F,A,4879,96,B,1496,100,C,3472,47,D,5256,100,E,4151,77,G,3380,96,H,5025,60
[AUTOPOS] SW-F,A,5287,96,B,1536,93,C,3520,50,D,5248,96,E,4206,78,G,3380,96,H,5000,62
[AUTOPOS] SW-F,A,5145,96,B,1536,93,C,3522,52,D,5189,96,E,4164,82,G,3380,96,H,5016,63
[AUTOPOS] SW-F,A,5042,96,B,1448,90,C,3467,53,D,5189,96,E,4098,83,G,3341,90,H,5002,64
[AUTOPOS] SW-F,A,5096,100,B,1448,90,C,3471,55,D,5232,93,E,4193,84,G,3409,94,H,5041,65
[AUTOPOS] SW-F,A,5043,100,B,1448,90,C,3501,57,D,5223,93,E,4122,85,G,3409,94,H,5061,70
[AUTOPOS] SW-F,A,5064,100,B,1448,90,C,3474,58,D,5218,94,E,4213,85,G,3409,94,H,5010,72
[AUTOPOS] SW-F,A,5085,100,B,1454,78,C,3501,60,D,5218,94,E,4175,86,G,3358,85,H,5011,73
[AUTOPOS] SW-F,A,5073,100,B,1454,78,C,3540,61,D,5225,89,E,4122,86,G,3358,85,H,5019,75
[AUTOPOS] SW-F,A,5014,100,B,1530,76,C,3509,62,D,5225,89,E,4167,87,G,3359,86,H,5061,76
[AUTOPOS] SW-F,A,4968,100,B,1530,76,C,3527,64,D,5236,85,E,4016,88,G,3359,86,H,4996,77
[AUTOPOS] SW-F,A,4997,100,B,1530,76,C,3541,66,D,5214,86,E,4137,88,G,3359,86,H,5021,78
[AUTOPOS] SW-F,A,5007,100,B,1530,76,C,3500,68,D,5191,86,E,4173,88,G,3359,86,H,4987,79
[AUTOPOS] SW-F,A,5057,100,B,1520,68,C,3536,70,D,5191,86,E,4122,89,G,3362,76,H,5023,80
[AUTOPOS] SW-F,A,5065,100,B,1520,68,C,3533,71,D,5216,84,E,4223,89,G,3374,77,H,5011,80
[AUTOPOS] SW-F,A,5074,100,B,1520,68,C,3523,72,D,5217,84,E,4232,90,G,3374,77,H,5003,81
[AUTOPOS] SW-F,A,5042,100,B,1521,64,C,3507,73,D,5217,84,E,4153,90,G,3360,75,H,5031,82
[AUTOPOS] SW-F,A,5042,100,B,1466,65,C,3524,75,D,5217,84,E,4167,90,G,3368,76,H,4989,82
[AUTOPOS] SW-F,A,5057,100,B,1466,65,C,3485,76,D,5215,79,E,4100,94,G,3408,77,H,5017,83
[AUTOPOS] SW-F,A,5051,100,B,1561,64,C,3510,76,D,5235,80,E,4100,94,G,3346,78,H,4990,83
[AUTOPOS] SW-F,A,5038,100,B,1498,65,C,3510,76,D,5242,80,E,4158,89,G,3355,82,H,4990,83
[AUTOPOS] SW-F,A,5102,100,B,1517,70,C,3534,75,D,5240,81,E,4158,89,G,3375,83,H,5008,82
[AUTOPOS] SW-F,A,5075,100,B,1487,72,C,3534,75,D,5243,82,E,4171,85,G,3383,84,H,5008,82
[AUTOPOS] SW-F,A,5081,100,B,1504,73,C,3534,75,D,5195,83,E,4130,86,G,3346,85,H,5008,82
[AUTOPOS] SW-F,A,5094,100,B,1521,75,C,3534,75,D,5228,84,E,4084,86,G,3388,85,H,5008,82
[AUTOPOS] SW-F,A,5105,100,B,1521,76,C,3521,68,D,5218,85,E,4084,86,G,3367,86,H,5002,71
[AUTOPOS] SW-F,A,5073,100,B,1526,77,C,3521,68,D,5225,85,E,4104,84,G,3345,86,H,5002,71
[AUTOPOS] SW-F,A,5066,100,B,1491,78,C,3481,66,D,5232,86,E,4104,84,G,3365,87,H,5013,69
[AUTOPOS] SW-F,A,5054,100,B,1505,79,C,3481,66,D,5218,86,E,4148,81,G,3368,88,H,5013,69
[AUTOPOS] SW-F,A,5059,100,B,1525,80,C,3481,66,D,5203,87,E,4177,82,G,3352,88,H,5013,69
[AUTOPOS] SW-F,A,5058,100,B,1502,80,C,3501,61,D,5259,88,E,4177,82,G,3385,88,H,5014,65
[AUTOPOS] SW-F,A,5075,100,B,1501,81,C,3501,61,D,5250,88,E,4094,80,G,3371,89,H,5014,65
[AUTOPOS] SW-F,A,5092,100,B,1522,82,C,3510,60,D,5196,88,E,4094,80,G,3357,89,H,5023,64
[AUTOPOS] SW-F,A,5085,100,B,1501,82,C,3510,60,D,5207,89,E,4026,78,G,3375,90,H,5023,64
[AUTOPOS] SW-F,A,5051,100,B,1480,83,C,3510,60,D,5193,89,E,4136,82,G,3380,90,H,5023,64
[AUTOPOS] SW-F,A,5111,100,B,1537,83,C,3510,60,D,5226,90,E,4163,83,G,3359,90,H,5023,64
[AUTOPOS] SW-F,A,5086,100,B,1512,84,C,3510,60,D,5222,90,E,4133,84,G,3374,94,H,4999,59
[AUTOPOS] SW-F,A,5101,100,B,1515,88,C,3510,60,D,5208,90,E,4107,85,G,3367,94,H,4999,59
[AUTOPOS] SW-F,A,5081,100,B,1500,88,C,3510,60,D,5239,94,E,4114,85,G,3385,94,H,5016,61
[AUTOPOS] SW-F,A,5131,100,B,1477,89,C,3510,60,D,5190,94,E,4055,86,G,3379,95,H,5016,61
[AUTOPOS] SW-F,A,5108,100,B,1461,90,C,3510,60,D,5202,94,E,4191,86,G,3350,95,H,5016,61
[AUTOPOS] SW-F,A,5037,100,B,1539,90,C,3510,60,D,5251,95,E,4026,87,G,3357,95,H,5016,61
[AUTOPOS] SW-F,A,5089,100,B,1495,90,C,3483,47,D,5252,95,E,4077,88,G,3365,95,H,5016,61
[AUTOPOS] SW-F,A,5080,100,B,1497,91,C,3483,47,D,5191,95,E,4157,88,G,3328,95,H,5016,61
[AUTOPOS] SW-F,A,5110,100,B,1494,91,C,3535,47,D,5207,95,E,4157,88,G,3359,96,H,4981,50
[AUTOPOS] SW-F,A,5122,100,B,1540,92,C,3535,47,D,5237,95,E,4150,85,G,3386,96,H,4981,50
[AUTOPOS] SW-F,A,5149,100,B,1469,92,C,3535,47,D,5203,96,E,4164,86,G,3388,96,H,4981,50
[AUTOPOS] SW-F,A,5124,100,B,1550,92,C,3535,47,D,5265,96,E,4093,86,G,3344,96,H,5004,48
[AUTOPOS] SW-F,A,5072,100,B,1497,92,C,3535,47,D,5179,96,E,4090,87,G,3387,96,H,5018,50
[AUTOPOS] SW-F,A,5091,100,B,1453,93,C,3535,47,D,5237,96,E,4220,87,G,3406,96,H,5019,51
[AUTOPOS] SW-F,A,5083,100,B,1508,93,C,3535,47,D,5231,96,E,4120,88,G,3368,96,H,5033,53
[AUTOPOS] SW-F,A,5083,100,B,1491,93,C,3495,38,D,5228,96,E,4120,88,G,3355,96,H,5005,54
[AUTOPOS] SW-F,A,5083,100,B,1470,93,C,3525,40,D,5230,96,E,4120,88,G,3352,100,H,5000,56
[AUTOPOS] SW-F,A,5092,94,B,1518,94,C,3525,40,D,5200,96,E,4106,80,G,3338,100,H,5012,58
[AUTOPOS] SW-F,A,5101,94,B,1497,94,C,3525,40,D,5227,100,E,4072,80,G,3344,100,H,5012,58
[AUTOPOS] SW-F,A,5123,95,B,1494,94,C,3477,40,D,5260,100,E,4072,80,G,3350,100,H,5021,57
[AUTOPOS] SW-F,A,5086,95,B,1496,95,C,3477,40,D,5190,100,E,4229,78,G,3374,100,H,5021,57
[AUTOPOS] SW-F,A,5083,95,B,1536,95,C,3520,40,D,5176,100,E,4229,78,G,3360,100,H,5024,57
[AUTOPOS] SW-F,A,5065,95,B,1524,95,C,3520,40,D,5235,100,E,4175,76,G,3343,100,H,5024,57
[AUTOPOS] SW-F,A,5090,95,B,1531,95,C,3490,44,D,5239,100,E,4137,76,G,3364,100,H,5024,57
[AUTOPOS] SW-F,A,5082,96,B,1526,95,C,3503,47,D,5234,100,E,4129,77,G,3371,100,H,5024,57
[AUTOPOS] SW-F,A,5092,96,B,1533,96,C,3503,47,D,5213,100,E,4102,78,G,3361,100,H,5005,52
[AUTOPOS] SW-F,A,5155,96,B,1511,96,C,3494,47,D,5208,100,E,4084,79,G,3361,100,H,5005,52
[AUTOPOS] SW-F,A,4984,96,B,1507,96,C,3494,47,D,5202,100,E,4200,80,G,3388,100,H,5005,52
[AUTOPOS] SW-F,A,4965,96,B,1519,96,C,3518,47,D,5233,100,E,4200,80,G,3330,100,H,4983,50
[AUTOPOS] SW-F,A,4924,96,B,1527,96,C,3518,47,D,5221,100,E,4076,78,G,3357,100,H,5025,51
[AUTOPOS] SW-F,A,4980,96,B,1531,96,C,3518,47,D,5241,100,E,4089,82,G,3339,100,H,4994,53
[AUTOPOS] SW-F,A,4996,96,B,1528,96,C,3518,47,D,5190,100,E,4136,83,G,3380,100,H,5032,54
[AUTOPOS] SW-F,A,4978,100,B,1541,96,C,3518,47,D,5209,100,E,4212,84,G,3353,100,H,5032,54
[AUTOPOS] SW-F,A,4953,100,B,1520,100,C,3482,42,D,5214,100,E,4212,84,G,3363,100,H,5032,54
[AUTOPOS] SW-F,A,5002,100,B,1596,100,C,3467,44,D,5214,100,E,4100,80,G,3389,100,H,5019,55
[AUTOPOS] SW-F,A,5006,100,B,1502,100,C,3518,46,D,5223,100,E,4143,81,G,3383,100,H,5019,55
[AUTOPOS] SW-F,A,5047,100,B,1523,100,C,3483,48,D,5201,100,E,4217,82,G,3391,100,H,5019,55
[AUTOPOS] SW-F,A,5012,100,B,1526,100,C,3504,50,D,5209,100,E,4145,83,G,3369,100,H,5019,55
[AUTOPOS] SW-F,A,5016,100,B,1599,100,C,3516,52,D,5221,100,E,4179,84,G,3367,100,H,5019,55
[AUTOPOS] SW-F,A,5061,100,B,1523,100,C,3508,55,D,5204,100,E,4179,84,G,3391,100,H,5019,47
[AUTOPOS] SW-F,A,5088,100,B,1550,100,C,3511,57,D,5205,100,E,4176,81,G,3342,100,H,5033,50
[AUTOPOS] SW-F,A,5029,100,B,1470,100,C,3525,60,D,5199,100,E,4168,82,G,3374,100,H,5033,50
[AUTOPOS] SW-F,A,5093,100,B,1523,100,C,3518,61,D,5224,100,E,4186,82,G,3359,100,H,5033,50
[AUTOPOS] SW-F,A,5109,100,B,1525,100,C,3518,63,D,5218,100,E,4124,83,G,3378,100,H,5033,50
[AUTOPOS] SW-F,A,5043,100,B,1495,100,C,3537,65,D,5218,100,E,4124,83,G,3384,100,H,5000,46
[AUTOPOS] SW-F,A,5080,100,B,1525,100,C,3537,65,D,5214,100,E,4183,81,G,3339,100,H,5001,48
[AUTOPOS] SW-F,A,5069,100,B,1503,100,C,3530,64,D,5240,100,E,4183,81,G,3338,100,H,5015,50
[AUTOPOS] SW-F,A,5088,100,B,1512,100,C,3530,64,D,5237,100,E,4079,77,G,3367,100,H,5046,51
[AUTOPOS] SW-F,A,5132,100,B,1501,100,C,3530,64,D,5243,100,E,4170,78,G,3400,100,H,5001,53
[AUTOPOS] SW-F,A,5154,100,B,1499,100,C,3530,64,D,5229,100,E,4090,80,G,3387,100,H,5001,53
[AUTOPOS] SW-F,A,5147,100,B,1522,100,C,3522,58,D,5235,100,E,4090,80,G,3362,100,H,5002,55
[AUTOPOS] SW-F,A,4939,100,B,1536,100,C,3522,58,D,5205,100,E,4206,77,G,3377,100,H,5038,57
[AUTOPOS] SW-F,A,4911,100,B,1579,100,C,3532,58,D,5206,100,E,4206,77,G,3350,100,H,5028,60
[AUTOPOS] SW-F,A,4949,100,B,1496,100,C,3537,59,D,5226,100,E,4131,75,G,3366,100,H,5028,60
[AUTOPOS] SW-F,A,5186,100,B,1533,100,C,3485,64,D,5205,100,E,4226,76,G,3381,100,H,4993,59
[AUTOPOS] SW-F,A,5144,100,B,1525,100,C,3485,64,D,5254,100,E,4129,76,G,3350,100,H,4993,59
[AUTOPOS] SW-F,A,5113,100,B,1509,100,C,3515,63,D,5215,100,E,4129,76,G,3354,100,H,5007,58
[AUTOPOS] SW-F,A,5195,100,B,1504,100,C,3515,63,D,5220,96,E,4145,75,G,3334,100,H,5007,58
[AUTOPOS] SW-F,A,5174,100,B,1579,100,C,3542,61,D,5222,96,E,4296,75,G,3373,100,H,5007,58
[AUTOPOS] SW-F,A,5087,100,B,1506,100,C,3498,63,D,5195,96,E,4056,76,G,3353,100,H,5007,58
[AUTOPOS] SW-F,A,5138,100,B,1571,100,C,3482,65,D,5263,96,E,4056,76,G,3371,100,H,5031,53
[AUTOPOS] SW-F,A,5143,100,B,1516,100,C,3482,65,D,5209,96,E,4113,75,G,3378,100,H,5031,53
[AUTOPOS] SW-F,A,5166,100,B,1527,100,C,3529,64,D,5230,96,E,4113,75,G,3341,100,H,5004,53
[AUTOPOS] SW-F,A,5116,100,B,1516,100,C,3529,64,D,5260,96,E,4023,72,G,3335,100,H,5004,53
[AUTOPOS] SW-F,A,5090,100,B,1529,100,C,3513,62,D,5222,96,E,4066,73,G,3369,100,H,5025,53
[AUTOPOS] SW-F,A,5090,100,B,1490,100,C,3503,64,D,5234,100,E,4216,75,G,3396,100,H,5025,53
[AUTOPOS] SW-F,A,5135,94,B,1496,100,C,3526,65,D,5252,100,E,4216,75,G,3358,100,H,5011,55
[AUTOPOS] SW-F,A,5144,95,B,1533,100,C,3526,65,D,5249,100,E,4170,72,G,3391,100,H,5011,55
[AUTOPOS] SW-F,A,5119,95,B,1481,100,C,3483,64,D,5249,100,E,4170,72,G,3387,100,H,5037,55
[AUTOPOS] SW-F,A,5096,95,B,1505,100,C,3534,65,D,5201,100,E,4170,72,G,3334,100,H,5016,57
[AUTOPOS] SW-F,A,5145,95,B,1513,100,C,3512,70,D,5201,100,E,4172,68,G,3371,100,H,5016,57
[AUTOPOS] SW-F,A,5131,95,B,1497,100,C,3521,72,D,5234,100,E,4172,68,G,3392,100,H,5014,56
[AUTOPOS] SW-F,A,5111,96,B,1455,100,C,3521,72,D,5265,100,E,4255,66,G,3349,100,H,5014,56
[AUTOPOS] SW-F,A,5151,96,B,1506,100,C,3521,72,D,5220,100,E,4138,67,G,3368,100,H,5014,56
[AUTOPOS] SW-F,A,5088,96,B,1519,100,C,3505,66,D,5221,100,E,4162,68,G,3353,100,H,5014,56
[AUTOPOS] SW-F,A,5127,96,B,1503,100,C,3481,68,D,5192,100,E,4068,70,G,3343,100,H,5026,51
[AUTOPOS] SW-F,A,5155,96,B,1499,100,C,3481,68,D,5244,100,E,4022,70,G,3361,100,H,5018,53
[AUTOPOS] SW-F,A,5114,96,B,1524,100,C,3481,68,D,5268,100,E,4148,71,G,3365,100,H,5024,55
[AUTOPOS] SW-F,A,5217,96,B,1533,100,C,3534,61,D,5283,100,E,4168,76,G,3365,100,H,5012,56
[AUTOPOS] SW-F,A,5173,96,B,1533,100,C,3514,62,D,5228,100,E,4134,77,G,3365,100,H,5041,58
[AUTOPOS] SW-F,A,4883,100,B,1540,96,C,3488,64,D,5228,100,E,4164,78,G,3376,94,H,4991,59
[AUTOPOS] SW-F,A,5160,100,B,1540,96,C,3501,65,D,5221,100,E,4160,80,G,3348,94,H,5004,64
[AUTOPOS] SW-F,A,5120,100,B,1540,96,C,3495,66,D,5228,100,E,4125,80,G,3348,94,H,5029,66
[AUTOPOS] SW-F,A,5051,100,B,1488,89,C,3515,67,D,5228,100,E,4122,81,G,3367,90,H,5004,68
[AUTOPOS] SW-F,A,5140,100,B,1514,85,C,3531,68,D,5221,95,E,4122,81,G,3366,90,H,5009,70
[AUTOPOS] SW-F,A,5140,100,B,1491,86,C,3502,70,D,5181,95,E,4122,81,G,3360,90,H,5018,71
[AUTOPOS] SW-F,A,5132,95,B,1516,86,C,3502,70,D,5220,95,E,4187,76,G,3380,91,H,5025,72
[AUTOPOS] SW-F,A,5132,95,B,1493,87,C,3494,68,D,5250,95,E,4123,76,G,3378,91,H,5025,72
[AUTOPOS] SW-F,A,5137,92,B,1511,88,C,3494,68,D,5236,95,E,4109,77,G,3388,92,H,4987,70
[AUTOPOS] SW-F,A,5137,92,B,1497,88,C,3475,66,D,5224,96,E,4109,77,G,3389,92,H,4994,72
[AUTOPOS] SW-F,A,5033,88,B,1517,88,C,3475,66,D,5197,96,E,4140,75,G,3348,92,H,5002,73
[AUTOPOS] SW-F,A,5033,88,B,1494,89,C,3490,65,D,5197,96,E,4126,76,G,3366,92,H,5044,74
[AUTOPOS] SW-F,A,4898,86,B,1494,89,C,3492,66,D,5220,92,E,4106,77,G,3366,92,H,5025,75
[AUTOPOS] SW-F,A,4821,86,B,1494,89,C,3521,68,D,5244,93,E,4083,78,G,3366,92,H,5010,75
[AUTOPOS] SW-F,A,4782,87,B,1512,83,C,3485,69,D,5244,93,E,4116,82,G,3372,87,H,5040,76
[AUTOPOS] SW-F,A,4489,87,B,1512,83,C,3540,70,D,5219,90,E,4124,83,G,3372,87,H,5022,77
[AUTOPOS] SW-F,A,4512,88,B,1512,83,C,3544,71,D,5188,90,E,4117,84,G,3372,87,H,4970,78
[AUTOPOS] SW-F,A,4524,88,B,1512,83,C,3534,72,D,5225,94,E,4157,85,G,3344,83,H,4970,78
[AUTOPOS] SW-F,A,4517,89,B,1505,73,C,3504,73,D,5253,94,E,4157,85,G,3381,84,H,4974,77
[AUTOPOS] SW-F,A,4528,90,B,1482,75,C,3504,73,D,5293,94,E,4137,81,G,3328,85,H,4974,77
[AUTOPOS] SW-F,A,4422,90,B,1509,76,C,3486,71,D,5205,95,E,4106,82,G,3380,85,H,4974,77
[AUTOPOS] SW-F,A,4445,90,B,1512,77,C,3477,76,D,5226,95,E,4106,82,G,3365,86,H,4981,71
[AUTOPOS] SW-F,A,4445,90,B,1519,78,C,3509,77,D,5247,95,E,4106,82,G,3380,86,H,5003,72
[AUTOPOS] SW-F,A,4616,87,B,1532,79,C,3509,77,D,5261,95,E,4248,76,G,3388,87,H,5003,72
[AUTOPOS] SW-F,A,4518,88,B,1498,80,C,3509,77,D,5272,95,E,4175,77,G,3366,88,H,4975,70
[AUTOPOS] SW-F,A,4518,88,B,1511,80,C,3530,71,D,5237,96,E,4175,77,G,3382,88,H,5009,72
[AUTOPOS] SW-F,A,4535,85,B,1464,81,C,3544,72,D,5243,96,E,4206,75,G,3357,88,H,5009,72
[AUTOPOS] SW-F,A,4536,85,B,1515,82,C,3544,72,D,5238,96,E,4166,76,G,3332,89,H,5009,72
[AUTOPOS] SW-F,A,4515,86,B,1506,82,C,3508,70,D,5268,96,E,4166,76,G,3368,89,H,5012,67
[AUTOPOS] SW-F,A,4612,86,B,1502,83,C,3508,70,D,5250,96,E,4213,75,G,3391,90,H,5012,67
[AUTOPOS] SW-F,A,4589,87,B,1530,83,C,3508,70,D,5250,96,E,4147,76,G,3364,90,H,5012,66
[AUTOPOS] SW-F,A,4589,87,B,1534,84,C,3523,66,D,5244,96,E,4072,77,G,3396,90,H,5012,66
[AUTOPOS] SW-F,A,4536,88,B,1557,88,C,3523,66,D,5246,96,E,4122,78,G,3359,94,H,5012,66
[AUTOPOS] SW-F,A,4517,88,B,1591,88,C,3523,66,D,5243,100,E,4101,80,G,3386,94,H,5012,66
[AUTOPOS] SW-F,A,4368,89,B,1485,89,C,3522,63,D,5215,100,E,4101,80,G,3379,94,H,4985,61
[AUTOPOS] SW-F,A,4290,90,B,1469,90,C,3522,63,D,5221,100,E,4098,77,G,3346,95,H,5013,63
[AUTOPOS] SW-F,A,4345,90,B,1545,90,C,3522,63,D,5230,100,E,4130,78,G,3363,95,H,5003,65
[AUTOPOS] SW-F,A,4365,90,B,1530,90,C,3522,63,D,5269,100,E,4090,79,G,3335,95,H,5003,65
[AUTOPOS] SW-F,A,4341,91,B,1494,91,C,3522,63,D,5272,100,E,4090,79,G,3364,95,H,5015,63
[AUTOPOS] SW-F,A,4347,91,B,1510,91,C,3522,63,D,5238,100,E,4151,76,G,3363,95,H,5015,63
[AUTOPOS] SW-F,A,4368,92,B,1493,92,C,3522,63,D,5253,100,E,4069,77,G,3351,96,H,4990,62
[AUTOPOS] SW-F,A,4399,92,B,1510,92,C,3522,63,D,5271,100,E,4262,78,G,3358,96,H,4990,62
[AUTOPOS] SW-F,A,4299,92,B,1600,92,C,3522,50,D,5220,100,E,4262,78,G,3367,96,H,5006,61
[AUTOPOS] SW-F,A,4361,92,B,1507,92,C,3522,50,D,5284,100,E,4262,78,G,3349,96,H,5004,62
[AUTOPOS] SW-F,A,4361,92,B,1544,93,C,3516,50,D,5242,100,E,4262,78,G,3367,96,H,5018,64
[AUTOPOS] SW-F,A,4361,92,B,1497,93,C,3494,52,D,5217,100,E,4069,71,G,3365,96,H,5018,64
[AUTOPOS] SW-F,A,4289,87,B,1538,93,C,3494,52,D,5260,100,E,4073,76,G,3392,96,H,5012,63
[AUTOPOS] SW-F,A,4341,87,B,1523,93,C,3494,52,D,5244,100,E,4067,77,G,3367,96,H,4985,64
[AUTOPOS] SW-F,A,4334,88,B,1517,94,C,3494,52,D,5260,100,E,4129,78,G,3352,100,H,5010,65
[AUTOPOS] SW-F,A,4334,88,B,1534,94,C,3520,48,D,5257,100,E,4129,78,G,3349,100,H,4991,70
[AUTOPOS] SW-F,A,4289,84,B,1528,94,C,3520,48,D,5257,100,E,4098,76,G,3361,100,H,4991,70
[AUTOPOS] SW-F,A,4344,85,B,1594,95,C,3500,48,D,5233,100,E,4098,76,G,3359,100,H,5013,68
[AUTOPOS] SW-F,A,4354,85,B,1594,95,C,3500,48,D,5252,95,E,4098,76,G,3338,100,H,5006,70
[AUTOPOS] SW-F,A,4359,86,B,1583,95,C,3470,52,D,5256,95,E,4098,76,G,3365,100,H,5014,71
[AUTOPOS] SW-F,A,4487,86,B,1504,95,C,3470,52,D,5242,95,E,4140,68,G,3352,100,H,5014,71
[AUTOPOS] SW-F,A,4493,87,B,1521,95,C,3470,52,D,5218,95,E,4168,69,G,3373,100,H,5014,71
[AUTOPOS] SW-F,A,4394,88,B,1547,96,C,3470,52,D,5234,96,E,4165,70,G,3377,100,H,5014,71
[AUTOPOS] SW-F,A,4415,88,B,1606,96,C,3514,47,D,5241,96,E,4165,70,G,3386,100,H,4991,64
[AUTOPOS] SW-F,A,4427,88,B,1520,96,C,3514,47,D,5248,96,E,4098,68,G,3332,100,H,5019,65
[AUTOPOS] SW-F,A,4415,89,B,1543,96,C,3514,47,D,5289,96,E,4095,70,G,3383,100,H,4977,66
[AUTOPOS] SW-F,A,4415,89,B,1492,96,C,3515,45,D,5251,96,E,4095,70,G,3367,100,H,5017,67
[AUTOPOS] SW-F,A,4822,86,B,1539,96,C,3515,45,D,5237,96,E,4089,68,G,3367,100,H,5017,67
[AUTOPOS] SW-F,A,4515,87,B,1524,96,C,3515,45,D,5250,96,E,4161,70,G,3348,100,H,5018,66
[AUTOPOS] SW-F,A,4434,87,B,1514,96,C,3501,44,D,5279,96,E,4161,70,G,3355,100,H,4974,67
[AUTOPOS] SW-F,A,4489,88,B,1506,100,C,3519,46,D,5224,100,E,4161,70,G,3385,100,H,5005,68
[AUTOPOS] SW-F,A,4519,88,B,1425,100,C,3519,46,D,5223,100,E,4126,65,G,3356,100,H,4999,70
[AUTOPOS] SW-F,A,4581,89,B,1556,100,C,3519,46,D,5236,100,E,4097,66,G,3341,100,H,4999,70
[AUTOPOS] SW-F,A,4536,90,B,1509,100,C,3492,45,D,5268,100,E,4097,66,G,3352,100,H,4993,68
[AUTOPOS] SW-F,A,4587,90,B,1499,100,C,3492,45,D,5304,100,E,4142,65,G,3377,100,H,4997,70
[AUTOPOS] SW-F,A,4521,90,B,1502,100,C,3492,45,D,5260,100,E,4116,66,G,3343,100,H,5017,71
[AUTOPOS] SW-F,A,4530,91,B,1527,100,C,3492,45,D,5240,100,E,4146,68,G,3378,100,H,5010,72
[AUTOPOS] SW-F,A,4530,91,B,1554,100,C,3518,42,D,5214,100,E,4115,69,G,3367,100,H,5010,72
[AUTOPOS] SW-F,A,4535,88,B,1604,100,C,3480,45,D,5237,100,E,4115,69,G,3363,100,H,5010,70
[AUTOPOS] SW-F,A,4516,88,B,1533,100,C,3480,45,D,5266,100,E,4196,67,G,3372,100,H,5010,70
[AUTOPOS] SW-F,A,4542,88,B,1524,100,C,3515,45,D,5267,100,E,4096,68,G,3367,100,H,5049,69
[AUTOPOS] SW-F,A,4515,89,B,1524,100,C,3486,47,D,5248,100,E,4053,70,G,3367,100,H,5000,70
[AUTOPOS] SW-F,A,4550,89,B,1590,96,C,3494,50,D,5248,100,E,4222,70,G,3341,96,H,4990,71
[AUTOPOS] SW-F,A,4540,90,B,1590,96,C,3489,52,D,5226,96,E,4100,71,G,3341,96,H,5031,72
[AUTOPOS] SW-F,A,4570,90,B,1547,93,C,3512,53,D,5269,96,E,4171,76,G,3341,96,H,5071,73
[AUTOPOS] SW-F,A,4534,90,B,1565,93,C,3499,55,D,5269,96,E,4173,77,G,3385,90,H,5071,73
[AUTOPOS] SW-F,A,4499,94,B,1516,94,C,3480,57,D,5235,94,E,4173,77,G,3345,94,H,5002,71
[AUTOPOS] SW-F,A,4532,94,B,1532,94,C,3480,57,D,5208,94,E,4195,75,G,3363,94,H,5016,76
[AUTOPOS] SW-F,A,4532,94,B,1528,94,C,3505,56,D,5236,94,E,4152,76,G,3348,94,H,5016,76
[AUTOPOS] SW-F,A,4554,90,B,1508,95,C,3505,56,D,5253,95,E,4182,77,G,3348,95,H,5016,76
[AUTOPOS] SW-F,A,4602,90,B,1499,95,C,3505,56,D,5253,95,E,4182,77,G,3357,95,H,4994,70
[AUTOPOS] SW-F,A,4602,90,B,1551,95,C,3529,58,D,5238,95,E,4298,75,G,3380,95,H,4994,70
[AUTOPOS] SW-F,A,4704,86,B,1523,95,C,3506,61,D,5217,95,E,4298,75,G,3350,95,H,5018,68
[AUTOPOS] SW-F,A,4689,87,B,1511,95,C,3506,61,D,5211,95,E,4201,73,G,3375,95,H,5024,69
[AUTOPOS] SW-F,A,4691,88,B,1487,96,C,3506,61,D,5222,96,E,4146,74,G,3388,96,H,5024,69
[AUTOPOS] SW-F,A,4669,88,B,1510,96,C,3506,61,D,5246,96,E,4160,75,G,3366,96,H,5024,69
[AUTOPOS] SW-F,A,4703,88,B,1482,96,C,3506,61,D,5223,96,E,4131,75,G,3358,96,H,5024,69
[AUTOPOS] SW-F,A,4678,89,B,1551,96,C,3506,61,D,5239,96,E,4147,76,G,3339,96,H,5024,69
[AUTOPOS] SW-F,A,4674,89,B,1554,96,C,3476,50,D,5181,96,E,4147,76,G,3362,96,H,5018,60
[AUTOPOS] SW-F,A,4606,90,B,1505,96,C,3507,52,D,5243,96,E,4147,76,G,3391,96,H,5014,62
[AUTOPOS] SW-F,A,4582,90,B,1503,96,C,3507,52,D,5262,96,E,4220,76,G,3378,96,H,5014,62
[AUTOPOS] SW-F,A,4558,90,B,1483,96,C,3507,52,D,5274,96,E,4153,77,G,3343,96,H,5014,62
[AUTOPOS] SW-F,A,4471,94,B,1508,100,C,3507,52,D,5238,100,E,4135,78,G,3365,100,H,5014,62
[AUTOPOS] SW-F,A,4493,94,B,1591,100,C,3517,48,D,5223,100,E,4134,80,G,3385,100,H,4996,58
[AUTOPOS] SW-F,A,4398,94,B,1578,100,C,3517,48,D,5234,100,E,4091,80,G,3372,100,H,5001,61
[AUTOPOS] SW-F,A,4472,95,B,1517,100,C,3501,48,D,5192,100,E,4091,80,G,3374,100,H,5009,63
[AUTOPOS] SW-F,A,4497,95,B,1559,100,C,3501,48,D,5216,100,E,4077,78,G,3372,100,H,5009,63
[AUTOPOS] SW-F,A,4409,95,B,1509,100,C,3516,52,D,5267,100,E,4090,79,G,3373,100,H,5009,63
[AUTOPOS] SW-F,A,4386,95,B,1499,100,C,3492,55,D,5272,100,E,4090,79,G,3352,100,H,5013,59
[AUTOPOS] SW-F,A,4361,95,B,1501,100,C,3495,57,D,5209,100,E,4203,76,G,3358,100,H,5013,59
[AUTOPOS] SW-F,A,4532,96,B,1524,100,C,3466,60,D,5194,100,E,4203,76,G,3368,100,H,5038,58
[AUTOPOS] SW-F,A,4583,96,B,1482,100,C,3503,61,D,5241,100,E,4203,76,G,3348,100,H,5012,60
[AUTOPOS] SW-F,A,4560,96,B,1496,100,C,3503,61,D,5207,100,E,4118,72,G,3372,100,H,5015,61
[AUTOPOS] SW-F,A,4649,96,B,1549,100,C,3503,61,D,5237,100,E,4101,73,G,3380,100,H,5015,61
[AUTOPOS] SW-F,A,4620,96,B,1521,100,C,3503,58,D,5225,100,E,4102,74,G,3348,100,H,5015,61
[AUTOPOS] SW-F,A,4567,96,B,1578,100,C,3451,60,D,5206,100,E,4107,75,G,3369,100,H,5029,58
[AUTOPOS] SW-F,A,4580,96,B,1503,100,C,3451,60,D,5209,100,E,4149,76,G,3375,100,H,5006,60
[AUTOPOS] SW-F,A,4559,96,B,1499,100,C,3451,60,D,5215,100,E,4235,77,G,3374,100,H,5006,60
[AUTOPOS] SW-F,A,4567,100,B,1499,100,C,3460,57,D,5234,100,E,4235,77,G,3382,100,H,5048,59
[AUTOPOS] SW-F,A,4625,100,B,1499,100,C,3460,57,D,5252,100,E,4224,75,G,3360,100,H,5048,59
[AUTOPOS] SW-F,A,4621,100,B,1528,100,C,3468,56,D,5223,100,E,4185,76,G,3376,100,H,5045,61
[AUTOPOS] SW-F,A,4598,100,B,1518,100,C,3485,58,D,5206,100,E,4185,76,G,3375,100,H,4992,63
[AUTOPOS] SW-F,A,4595,100,B,1499,100,C,3469,59,D,5213,100,E,4132,73,G,3341,100,H,5005,65
[AUTOPOS] SW-F,A,4581,100,B,1503,100,C,3469,59,D,5210,100,E,4128,75,G,3341,100,H,5005,65
[AUTOPOS] SW-F,A,5348,100,B,1475,100,C,3509,61,D,5258,100,E,4128,75,G,3336,100,H,5014,63
[AUTOPOS] SW-F,A,5250,100,B,1538,100,C,3509,61,D,5226,100,E,4148,73,G,3377,100,H,4992,65
[AUTOPOS] SW-F,A,5083,100,B,1521,100,C,3471,60,D,5237,100,E,4056,74,G,3385,100,H,4988,66
[AUTOPOS] SW-F,A,5114,100,B,1503,100,C,3463,61,D,5191,100,E,4056,74,G,3363,100,H,4993,68
[AUTOPOS] SW-F,A,5016,100,B,1568,100,C,3481,63,D,5193,100,E,4056,74,G,3340,100,H,5004,69
[AUTOPOS] SW-F,A,5171,100,B,1514,100,C,3496,65,D,5185,100,E,4056,74,G,3352,100,H,4987,70
[AUTOPOS] SW-F,A,5209,100,B,1506,100,C,3496,65,D,5240,100,E,4112,67,G,3368,100,H,4987,70
[AUTOPOS] SW-F,A,4499,100,B,1487,100,C,3514,64,D,5232,100,E,4094,68,G,3374,100,H,4964,68
[AUTOPOS] SW-F,A,4578,100,B,1545,100,C,3482,65,D,5206,100,E,4144,70,G,3371,100,H,4964,68
[AUTOPOS] SW-F,A,4521,100,B,1519,100,C,3525,66,D,5216,100,E,4154,72,G,3369,100,H,5019,67
[AUTOPOS] SW-F,A,4535,100,B,1460,100,C,3525,66,D,5222,100,E,4119,73,G,3342,100,H,5040,68
[AUTOPOS] SW-F,A,4545,100,B,1487,100,C,3525,66,D,5247,100,E,4153,75,G,3364,100,H,5040,68
[AUTOPOS] SW-F,A,4532,100,B,1511,100,C,3502,63,D,5245,100,E,4103,76,G,3356,100,H,5040,68
[AUTOPOS] SW-F,A,4552,100,B,1575,100,C,3511,64,D,5216,100,E,4154,77,G,3376,100,H,5039,63
[AUTOPOS] SW-F,A,4562,100,B,1557,100,C,3522,65,D,5206,100,E,4233,78,G,3353,100,H,5006,65
[AUTOPOS] SW-F,A,4546,100,B,1527,100,C,3525,70,D,5210,100,E,4233,78,G,3395,100,H,5011,66
[AUTOPOS] SW-F,A,4558,100,B,1512,100,C,3466,72,D,5200,100,E,4148,76,G,3382,100,H,5011,66
[AUTOPOS] SW-F,A,4540,100,B,1535,100,C,3489,73,D,5237,100,E,4148,76,G,3351,100,H,5006,65
[AUTOPOS] SW-F,A,4542,100,B,1506,100,C,3489,73,D,5220,100,E,4170,74,G,3372,100,H,5006,65
[AUTOPOS] SW-F,A,4556,100,B,1514,100,C,3492,71,D,5220,100,E,4049,75,G,3357,100,H,5027,64
[AUTOPOS] SW-F,A,4616,100,B,1514,100,C,3455,72,D,5274,96,E,4134,75,G,3403,100,H,5037,65
[AUTOPOS] SW-F,A,4514,100,B,1548,96,C,3536,73,D,5274,96,E,4108,76,G,3375,100,H,5022,66
[AUTOPOS] SW-F,A,4525,100,B,1508,96,C,3517,75,D,5274,96,E,4211,77,G,3348,100,H,5029,67
[AUTOPOS] SW-F,A,4506,100,B,1508,96,C,3514,76,D,5225,90,E,4137,78,G,3348,100,H,5000,68
[AUTOPOS] SW-F,A,5279,100,B,1508,96,C,3520,76,D,5219,90,E,4175,82,G,3348,100,H,5046,70
[AUTOPOS] SW-F,A,5290,100,B,1471,90,C,3533,77,D,5229,90,E,4144,83,G,3348,100,H,4987,70
[AUTOPOS] SW-F,A,4799,100,B,1539,94,C,3514,78,D,5229,90,E,4111,84,G,3355,94,H,5039,71
[AUTOPOS] SW-F,A,4721,100,B,1539,94,C,3490,79,D,5188,88,E,4051,85,G,3355,94,H,5025,76
[AUTOPOS] SW-F,A,4778,100,B,1539,94,C,3488,80,D,5259,89,E,4145,85,G,3355,94,H,5011,77
[AUTOPOS] SW-F,A,4839,100,B,1539,94,C,3529,80,D,5238,90,E,4170,86,G,3355,94,H,5006,78
[AUTOPOS] SW-F,A,5081,100,B,1514,80,C,3494,81,D,5238,90,E,4095,86,G,3375,80,H,5021,80
[AUTOPOS] SW-F,A,5098,100,B,1514,80,C,3530,82,D,5199,86,E,4085,87,G,3375,80,H,5021,80
[AUTOPOS] SW-F,A,4808,100,B,1482,78,C,3524,83,D,5207,86,E,4070,88,G,3375,80,H,5044,81
[AUTOPOS] SW-F,A,4750,100,B,1489,79,C,3532,84,D,5207,86,E,4169,88,G,3382,75,H,5018,82
[AUTOPOS] SW-F,A,4781,100,B,1565,80,C,3497,85,D,5207,86,E,4065,85,G,3393,76,H,5039,83
[AUTOPOS] SW-F,A,4751,100,B,1502,80,C,3503,85,D,5254,80,E,4087,86,G,3393,76,H,5011,84
[AUTOPOS] SW-F,A,4802,100,B,1499,81,C,3457,86,D,5254,80,E,4034,86,G,3364,74,H,5055,84
[AUTOPOS] SW-F,A,4825,100,B,1499,81,C,3506,86,D,5190,78,E,4107,87,G,3348,75,H,5056,85
[AUTOPOS] SW-F,A,4807,100,B,1499,81,C,3462,87,D,5249,79,E,4052,87,G,3348,75,H,4996,85
[AUTOPOS] SW-F,A,4876,100,B,1499,81,C,3480,88,D,5261,80,E,4149,88,G,3350,73,H,5027,86
[AUTOPOS] SW-F,A,4915,100,B,1547,74,C,3487,88,D,5261,80,E,4132,88,G,3367,74,H,5032,86
[AUTOPOS] SW-F,A,4896,100,B,1547,74,C,3500,88,D,5194,78,E,4134,89,G,3367,74,H,5006,87
[AUTOPOS] SW-F,A,4995,100,B,1516,76,C,3463,89,D,5217,82,E,4143,90,G,3367,74,H,5005,87
[AUTOPOS] SW-F,A,5095,100,B,1500,77,C,3454,89,D,5217,82,E,4113,90,G,3374,72,H,5022,88
[AUTOPOS] SW-F,A,5118,100,B,1500,77,C,3486,90,D,5201,78,E,4098,90,G,3374,72,H,5018,88
[AUTOPOS] SW-F,A,5044,100,B,1574,75,C,3505,90,D,5201,78,E,4121,91,G,3376,70,H,5027,89
[AUTOPOS] SW-F,A,4893,100,B,1574,75,C,3503,90,D,5210,76,E,4069,91,G,3376,70,H,4999,90
[AUTOPOS] SW-F,A,5066,100,B,1574,75,C,3494,94,D,5208,77,E,4037,92,G,3364,68,H,5003,90
[AUTOPOS] SW-F,A,4772,100,B,1503,69,C,3488,94,D,5208,77,E,4054,88,G,3364,68,H,5037,90
[AUTOPOS] SW-F,A,4768,100,B,1510,70,C,3488,94,D,5250,75,E,4113,89,G,3387,66,H,5062,91
[AUTOPOS] SW-F,A,5062,100,B,1540,72,C,3488,94,D,5246,76,E,4099,89,G,3368,68,H,5062,91
[AUTOPOS] SW-F,A,4894,100,B,1520,73,C,3488,94,D,5246,76,E,4065,90,G,3369,69,H,5062,91
[AUTOPOS] SW-F,A,4919,100,B,1489,74,C,3457,81,D,5225,77,E,4065,90,G,3356,70,H,5023,84
[AUTOPOS] SW-F,A,4902,100,B,1487,75,C,3457,81,D,5214,78,E,4170,87,G,3371,71,H,5023,84
[AUTOPOS] SW-F,A,4460,100,B,1474,75,C,3501,79,D,5232,79,E,4170,87,G,3352,72,H,4999,82
[AUTOPOS] SW-F,A,4495,100,B,1527,76,C,3501,79,D,5220,80,E,4185,83,G,3369,73,H,4987,82
[AUTOPOS] SW-F,A,4513,100,B,1491,77,C,3501,79,D,5217,80,E,4198,84,G,3329,74,H,4987,82
[AUTOPOS] SW-F,A,4506,100,B,1535,78,C,3501,79,D,5261,81,E,4074,85,G,3361,75,H,4987,82
[AUTOPOS] SW-F,A,4502,100,B,1505,82,C,3501,79,D,5173,82,E,4087,85,G,3348,76,H,5013,78
[AUTOPOS] SW-F,A,4572,100,B,1483,83,C,3501,79,D,5214,83,E,4234,86,G,3375,77,H,5013,78
[AUTOPOS] SW-F,A,4572,100,B,1508,84,C,3457,66,D,5218,84,E,4079,86,G,3371,78,H,5013,78
[AUTOPOS] SW-F,A,4550,100,B,1495,85,C,3483,67,D,5238,85,E,4079,86,G,3320,80,H,4999,73
[AUTOPOS] SW-F,A,4555,100,B,1522,85,C,3483,67,D,5226,85,E,4101,84,G,3362,80,H,4999,73
[AUTOPOS] SW-F,A,4580,100,B,1501,86,C,3483,67,D,5234,86,E,4078,84,G,3356,81,H,4999,73
[AUTOPOS] SW-F,A,4581,100,B,1518,86,C,3498,66,D,5219,86,E,4078,84,G,3339,82,H,4996,68
[AUTOPOS] SW-F,A,4618,100,B,1485,87,C,3498,66,D,5216,87,E,4137,82,G,3351,83,H,5015,69
[AUTOPOS] SW-F,A,4569,100,B,1540,88,C,3498,66,D,5266,88,E,4131,82,G,3350,84,H,5012,70
[AUTOPOS] SW-F,A,4600,100,B,1462,88,C,3498,66,D,5276,88,E,4074,83,G,3351,84,H,5012,70
[AUTOPOS] SW-F,A,4579,100,B,1518,88,C,3498,66,D,5262,88,E,4066,83,G,3372,85,H,5012,70
[AUTOPOS] SW-F,A,4530,100,B,1513,89,C,3498,66,D,5219,89,E,4134,84,G,3374,85,H,5012,70
[AUTOPOS] SW-F,A,4517,100,B,1528,89,C,3481,54,D,5257,89,E,4080,88,G,3348,86,H,4990,64
[AUTOPOS] SW-F,A,4443,100,B,1534,90,C,3481,54,D,5240,90,E,4138,88,G,3356,86,H,4990,64
[AUTOPOS] SW-F,A,4454,100,B,1517,90,C,3513,53,D,5243,90,E,4138,88,G,3374,87,H,4989,63
[AUTOPOS] SW-F,A,4459,100,B,1507,90,C,3513,53,D,5264,90,E,4052,85,G,3315,87,H,4989,63
[AUTOPOS] SW-F,A,4456,100,B,1473,94,C,3513,53,D,5279,94,E,4030,85,G,3352,88,H,4989,63
[AUTOPOS] SW-F,A,4399,100,B,1574,94,C,3484,51,D,5238,94,E,4030,85,G,3357,88,H,4996,64
[AUTOPOS] SW-F,A,4437,100,B,1483,94,C,3484,51,D,5248,94,E,4095,82,G,3386,89,H,4996,64
[AUTOPOS] SW-F,A,4445,100,B,1555,95,C,3518,51,D,5240,95,E,4095,82,G,3362,90,H,5005,63
[AUTOPOS] SW-F,A,4459,100,B,1514,95,C,3518,51,D,5223,95,E,4132,80,G,3357,90,H,5005,63
[AUTOPOS] SW-F,A,4424,100,B,1521,95,C,3518,51,D,5234,95,E,4112,80,G,3377,90,H,5005,63
[AUTOPOS] SW-F,A,4419,100,B,1526,95,C,3518,51,D,5256,95,E,4111,81,G,3361,91,H,5005,63
[AUTOPOS] SW-F,A,4412,100,B,1545,95,C,3484,47,D,5220,95,E,4111,81,G,3361,91,H,4990,56
[AUTOPOS] SW-F,A,4434,100,B,1508,96,C,3484,47,D,5270,96,E,4109,79,G,3364,92,H,5013,58
[AUTOPOS] SW-F,A,4418,100,B,1504,96,C,3475,47,D,5256,96,E,4109,79,G,3377,92,H,5024,60
[AUTOPOS] SW-F,A,4406,100,B,1551,96,C,3475,47,D,5217,96,E,4158,77,G,3371,92,H,5001,61
[AUTOPOS] SW-F,A,4406,100,B,1515,96,C,3475,47,D,5244,96,E,4188,78,G,3371,92,H,5001,61
[AUTOPOS] SW-F,A,4378,96,B,1532,96,C,3486,45,D,5278,96,E,4188,78,G,3331,93,H,5001,61
[AUTOPOS] SW-F,A,4413,96,B,1498,96,C,3486,45,D,5186,96,E,4065,77,G,3360,93,H,4995,58
[AUTOPOS] SW-F,A,4413,96,B,1516,96,C,3461,46,D,5255,96,E,4143,78,G,3357,93,H,4995,58
[AUTOPOS] SW-F,A,4449,93,B,1502,96,C,3506,48,D,5204,96,E,4143,78,G,3389,93,H,5007,58
[AUTOPOS] SW-F,A,4444,94,B,1484,100,C,3506,48,D,5236,100,E,4141,76,G,3329,94,H,5007,58
[AUTOPOS] SW-F,A,4431,94,B,1509,100,C,3506,48,D,5226,100,E,4145,77,G,3371,94,H,5007,58
[AUTOPOS] SW-F,A,4414,94,B,1488,100,C,3506,48,D,5263,100,E,4150,78,G,3390,94,H,5007,58
[AUTOPOS] SW-F,A,4439,95,B,1470,100,C,3512,45,D,5248,100,E,4131,79,G,3362,95,H,5007,58
[AUTOPOS] SW-F,A,4485,95,B,1463,100,C,3453,46,D,5256,100,E,4131,79,G,3350,95,H,4981,50
[AUTOPOS] SW-F,A,4566,95,B,1530,100,C,3506,52,D,5269,100,E,4131,79,G,3380,95,H,5010,52
[AUTOPOS] SW-F,A,4628,95,B,1488,100,C,3506,52,D,5251,100,E,4272,74,G,3342,95,H,5010,52
[AUTOPOS] SW-F,A,4557,95,B,1453,100,C,3506,52,D,5243,100,E,4082,75,G,3348,95,H,5010,52
[AUTOPOS] SW-F,A,4587,96,B,1523,100,C,3506,52,D,5273,100,E,4185,75,G,3335,96,H,4984,50
[AUTOPOS] SW-F,A,4539,96,B,1494,100,C,3506,52,D,5246,100,E,4175,76,G,3343,96,H,4992,52
[AUTOPOS] SW-F,A,4571,96,B,1478,100,C,3506,52,D,5250,100,E,4210,77,G,3376,96,H,5015,53
[AUTOPOS] SW-F,A,4565,96,B,1485,100,C,3506,52,D,5226,100,E,4245,78,G,3343,96,H,4974,55
[AUTOPOS] SW-F,A,4553,96,B,1481,100,C,3506,52,D,5278,100,E,4190,82,G,3385,96,H,4974,55
[AUTOPOS] SW-F,A,4616,96,B,1483,100,C,3506,52,D,5218,100,E,4224,83,G,3346,96,H,4974,55
[AUTOPOS] SW-F,A,4529,96,B,1501,100,C,3490,38,D,5230,100,E,4224,83,G,3393,96,H,5004,53
[AUTOPOS] SW-F,A,4557,96,B,1507,100,C,3494,40,D,5248,100,E,4224,83,G,3404,96,H,5018,54
[AUTOPOS] SW-F,A,4585,100,B,1489,100,C,3493,42,D,5251,100,E,4224,83,G,3346,100,H,4984,56
[AUTOPOS] SW-F,A,4544,100,B,1518,100,C,3493,42,D,5248,100,E,4160,72,G,3374,100,H,5002,58
[AUTOPOS] SW-F,A,4528,100,B,1507,100,C,3493,42,D,5244,100,E,4219,73,G,3348,100,H,5002,58
[AUTOPOS] SW-F,A,4577,100,B,1533,100,C,3462,41,D,5254,100,E,4219,73,G,3344,100,H,5002,57
[AUTOPOS] SW-F,A,4635,100,B,1479,100,C,3477,43,D,5253,100,E,4118,72,G,3374,100,H,5002,57
[AUTOPOS] SW-F,A,4526,100,B,1481,100,C,3480,47,D,5201,100,E,4152,73,G,3337,100,H,4993,57
[AUTOPOS] SW-F,A,4534,100,B,1507,100,C,3480,47,D,5218,100,E,4218,74,G,3343,100,H,5000,59
[AUTOPOS] SW-F,A,4521,100,B,1505,100,C,3483,47,D,5238,100,E,4218,74,G,3349,100,H,4997,60
[AUTOPOS] SW-F,A,4538,100,B,1551,100,C,3483,47,D,5256,100,E,4226,72,G,3379,100,H,4997,60
[AUTOPOS] SW-F,A,4553,100,B,1505,100,C,3505,47,D,5245,100,E,4122,73,G,3388,100,H,4997,60
[AUTOPOS] SW-F,A,4543,100,B,1500,100,C,3494,50,D,5208,100,E,4207,74,G,3325,100,H,5013,57
[AUTOPOS] SW-F,A,4506,100,B,1496,100,C,3494,50,D,5212,100,E,4144,75,G,3359,100,H,5018,59
[AUTOPOS] SW-F,A,4502,100,B,1513,100,C,3489,50,D,5213,100,E,4144,75,G,3356,100,H,5029,60
[AUTOPOS] SW-F,A,4459,100,B,1490,100,C,3483,52,D,5244,100,E,4144,75,G,3343,100,H,4988,62
[AUTOPOS] SW-F,A,4433,100,B,1516,100,C,3483,52,D,5272,100,E,4175,68,G,3347,100,H,5010,63
[AUTOPOS] SW-F,A,4477,100,B,1492,100,C,3527,51,D,5227,100,E,4175,68,G,3345,100,H,4965,64
[AUTOPOS] SW-F,A,4485,100,B,1486,100,C,3494,53,D,5259,100,E,4227,66,G,3356,100,H,5029,65
[AUTOPOS] SW-F,A,4529,100,B,1474,100,C,3494,53,D,5200,100,E,4192,68,G,3378,100,H,4989,70
[AUTOPOS] SW-F,A,4481,100,B,1502,100,C,3495,53,D,5206,100,E,4192,68,G,3375,100,H,5013,72
[AUTOPOS] SW-F,A,4513,100,B,1477,100,C,3495,53,D,5220,100,E,4248,66,G,3348,100,H,5013,72
[AUTOPOS] SW-F,A,4492,100,B,1500,100,C,3495,53,D,5209,100,E,4268,68,G,3356,100,H,4996,70
[AUTOPOS] SW-F,A,4474,100,B,1557,100,C,3495,53,D,5260,100,E,4168,69,G,3347,100,H,5011,71
[AUTOPOS] SW-F,A,4505,100,B,1491,100,C,3526,50,D,5251,100,E,4188,70,G,3347,100,H,4994,72
[AUTOPOS] SW-F,A,4544,100,B,1509,100,C,3516,52,D,5225,100,E,4249,71,G,3347,100,H,4996,73
[AUTOPOS] SW-F,A,4499,96,B,1509,100,C,3528,55,D,5251,100,E,4227,72,G,3372,92,H,4981,75
[AUTOPOS] SW-F,A,4458,96,B,1509,100,C,3505,54,D,5267,100,E,4153,73,G,3372,92,H,4990,76
[AUTOPOS] SW-F,A,4421,96,B,1589,92,C,3484,56,D,5267,100,E,4138,74,G,3342,88,H,5029,76
[AUTOPOS] SW-F,A,4520,96,B,1589,92,C,3483,58,D,5205,96,E,4138,75,G,3361,89,H,5037,77
[AUTOPOS] SW-F,A,4523,96,B,1589,92,C,3500,60,D,5258,96,E,4078,76,G,3361,89,H,5030,78
[AUTOPOS] SW-F,A,4518,96,B,1503,86,C,3454,61,D,5258,96,E,4196,77,G,3378,86,H,4954,79
[AUTOPOS] SW-F,A,4539,96,B,1503,86,C,3505,62,D,5235,93,E,4234,78,G,3359,87,H,4981,80
[AUTOPOS] SW-F,A,4509,100,B,1503,86,C,3488,64,D,5269,93,E,4082,80,G,3355,87,H,5018,80
[AUTOPOS] SW-F,A,4526,100,B,1538,82,C,3501,65,D,5269,93,E,4225,80,G,3374,88,H,5003,81
[AUTOPOS] SW-F,A,4573,100,B,1538,82,C,3525,66,D,5262,88,E,4136,81,G,3375,88,H,4992,82
[AUTOPOS] SW-F,A,4526,100,B,1538,82,C,3507,67,D,5235,89,E,4167,82,G,3375,88,H,5053,83
[AUTOPOS] SW-F,A,4558,100,B,1517,75,C,3536,68,D,5235,89,E,4087,83,G,3372,85,H,5057,84
[AUTOPOS] SW-F,A,4572,100,B,1517,75,C,3473,70,D,5198,85,E,4098,84,G,3372,85,H,5001,85
[AUTOPOS] SW-F,A,4540,100,B,1542,72,C,3491,72,D,5198,85,E,4067,84,G,3365,81,H,5052,85
[AUTOPOS] SW-F,A,4576,100,B,1526,73,C,3508,73,D,5206,82,E,4102,85,G,3365,81,H,5016,86
[AUTOPOS] SW-F,A,4555,100,B,1479,75,C,3499,75,D,5216,83,E,4058,85,G,3365,81,H,5017,86
[AUTOPOS] SW-F,A,4566,100,B,1460,76,C,3464,76,D,5252,84,E,4115,86,G,3352,76,H,5012,87
[AUTOPOS] SW-F,A,4534,100,B,1495,76,C,3506,77,D,5252,84,E,4123,86,G,3360,76,H,5020,88
[AUTOPOS] SW-F,A,4549,100,B,1515,75,C,3524,78,D,5189,81,E,4123,86,G,3367,77,H,4991,88
[AUTOPOS] SW-F,A,4549,100,B,1471,75,C,3494,79,D,5207,82,E,4123,86,G,3349,78,H,4991,88
[AUTOPOS] SW-F,A,4507,96,B,1526,76,C,3494,79,D,5208,82,E,4053,82,G,3362,79,H,5015,89
[AUTOPOS] SW-F,A,4622,96,B,1558,77,C,3494,79,D,5231,83,E,4137,83,G,3384,80,H,5015,89
[AUTOPOS] SW-F,A,4568,96,B,1528,78,C,3494,79,D,5219,83,E,4171,84,G,3384,80,H,5015,89
[AUTOPOS] SW-F,A,4567,100,B,1522,82,C,3494,79,D,5188,84,E,4140,85,G,3378,81,H,5015,89
[AUTOPOS] SW-F,A,4566,100,B,1500,83,C,3494,79,D,5259,88,E,4152,85,G,3365,82,H,5015,89
[AUTOPOS] SW-F,A,4610,100,B,1510,84,C,3494,79,D,5272,88,E,4158,86,G,3383,83,H,5026,82
[AUTOPOS] SW-F,A,4568,100,B,1503,85,C,3494,79,D,5253,89,E,4149,86,G,3371,84,H,5026,82
[AUTOPOS] SW-F,A,4547,100,B,1554,85,C,3494,79,D,5224,90,E,4220,87,G,3398,85,H,5026,82
[AUTOPOS] SW-F,A,4525,100,B,1521,86,C,3468,64,D,5218,90,E,4238,88,G,3367,85,H,5026,82
[AUTOPOS] SW-F,A,4538,100,B,1503,86,C,3468,64,D,5254,90,E,4142,88,G,3369,86,H,5026,82
[AUTOPOS] SW-F,A,4525,100,B,1573,87,C,3468,64,D,5248,91,E,4226,88,G,3387,86,H,5026,82
[AUTOPOS] SW-F,A,4539,100,B,1498,88,C,3493,60,D,5215,91,E,4226,88,G,3383,87,H,5019,65
[AUTOPOS] SW-F,A,4538,100,B,1488,88,C,3493,60,D,5231,92,E,4134,86,G,3372,88,H,5019,65
[AUTOPOS] SW-F,A,4559,100,B,1524,88,C,3528,59,D,5194,92,E,4156,86,G,3354,88,H,5019,65
[AUTOPOS] SW-F,A,4569,100,B,1534,89,C,3497,60,D,5222,92,E,4156,86,G,3366,88,H,5008,61
[AUTOPOS] SW-F,A,4525,100,B,1471,89,C,3497,60,D,5224,92,E,4195,84,G,3395,89,H,5008,61
[AUTOPOS] SW-F,A,4523,100,B,1504,90,C,3497,60,D,5285,93,E,4109,88,G,3333,89,H,5008,61
[AUTOPOS] SW-F,A,4562,100,B,1539,90,C,3493,57,D,5203,93,E,4110,88,G,3387,90,H,5008,61
[AUTOPOS] SW-F,A,4537,100,B,1522,90,C,3517,59,D,5225,93,E,4110,88,G,3361,90,H,5012,56
[AUTOPOS] SW-F,A,4596,100,B,1491,94,C,3499,60,D,5216,93,E,4110,88,G,3341,90,H,5034,58
[AUTOPOS] SW-F,A,4596,100,B,1493,94,C,3496,62,D,5204,94,E,4110,88,G,3380,94,H,5001,59
[AUTOPOS] SW-F,A,4570,94,B,1539,94,C,3495,63,D,5238,94,E,4110,88,G,3368,94,H,5019,64
[AUTOPOS] SW-F,A,4527,95,B,1482,95,C,3495,63,D,5256,94,E,4154,73,G,3349,94,H,5019,64
[AUTOPOS] SW-F,A,4585,95,B,1522,95,C,3470,62,D,5220,95,E,4154,73,G,3346,95,H,5039,63
[AUTOPOS] SW-F,A,4580,95,B,1586,95,C,3470,62,D,5225,95,E,4184,72,G,3390,95,H,5039,63
[AUTOPOS] SW-F,A,4631,95,B,1494,95,C,3470,62,D,5187,95,E,4135,73,G,3356,95,H,5039,63
[AUTOPOS] SW-F,A,4612,95,B,1497,95,C,3470,62,D,5220,95,E,4087,74,G,3386,95,H,5039,63
[AUTOPOS] SW-F,A,4531,96,B,1528,96,C,3470,62,D,5252,95,E,4073,75,G,3384,95,H,5039,63
[AUTOPOS] SW-F,A,4595,96,B,1493,96,C,3470,62,D,5193,96,E,4124,75,G,3331,96,H,5039,63
[AUTOPOS] SW-F,A,4535,96,B,1505,96,C,3512,50,D,5263,96,E,4124,75,G,3382,96,H,5039,52
[AUTOPOS] SW-F,A,4517,96,B,1502,96,C,3512,50,D,5230,96,E,4084,74,G,3358,96,H,5039,52
[AUTOPOS] SW-F,A,4516,96,B,1472,96,C,3512,50,D,5208,96,E,4112,75,G,3391,96,H,5039,52
[AUTOPOS] SW-F,A,4569,96,B,1493,96,C,3512,50,D,5267,96,E,4124,76,G,3340,96,H,5039,52
[AUTOPOS] SW-F,A,4586,96,B,1497,96,C,3512,50,D,5231,96,E,4075,77,G,3384,96,H,5039,52
[AUTOPOS] SW-F,A,4576,96,B,1514,96,C,3534,44,D,5198,96,E,4109,78,G,3384,96,H,5015,46
[AUTOPOS] SW-F,A,4523,100,B,1514,100,C,3478,46,D,5249,96,E,4109,78,G,3370,96,H,5000,48
[AUTOPOS] SW-F,A,4547,100,B,1507,100,C,3478,46,D,5230,100,E,4145,76,G,3380,100,H,5008,50
[AUTOPOS] SW-F,A,4530,100,B,1576,100,C,3478,46,D,5255,100,E,4059,77,G,3366,100,H,5008,50
[AUTOPOS] SW-F,A,4572,100,B,1589,100,C,3523,45,D,5299,100,E,4114,78,G,3355,100,H,5008,50
[AUTOPOS] SW-F,A,4544,100,B,1539,100,C,3433,46,D,5223,100,E,4103,79,G,3344,100,H,5013,47
[AUTOPOS] SW-F,A,4504,100,B,1514,100,C,3433,46,D,5205,100,E,4201,80,G,3371,100,H,5013,47
[AUTOPOS] SW-F,A,4543,100,B,1512,100,C,3536,50,D,5205,100,E,4169,80,G,3385,100,H,4983,47
[AUTOPOS] SW-F,A,4560,100,B,1478,100,C,3538,52,D,5221,95,E,4106,81,G,3385,100,H,5042,50
[AUTOPOS] SW-F,A,4601,100,B,1505,100,C,3483,55,D,5253,95,E,4163,82,G,3361,95,H,5014,52
[AUTOPOS] SW-F,A,4586,100,B,1520,100,C,3498,57,D,5253,95,E,4117,82,G,3362,96,H,5010,54
[AUTOPOS] SW-F,A,4566,100,B,1520,100,C,3515,59,D,5241,92,E,4117,83,G,3362,96,H,5000,56
[AUTOPOS] SW-F,A,4540,100,B,1531,96,C,3508,60,D,5210,92,E,4072,83,G,3362,96,H,4967,57
[AUTOPOS] SW-F,A,4581,100,B,1545,96,C,3529,62,D,5198,92,E,4106,84,G,3362,96,H,5022,59
[AUTOPOS] SW-F,A,4426,100,B,1491,96,C,3476,64,D,5198,92,E,4114,88,G,3359,86,H,5000,60
[AUTOPOS] SW-F,A,4819,100,B,1491,96,C,3491,65,D,5237,90,E,4070,88,G,3384,86,H,5014,62
[AUTOPOS] SW-F,A,4632,100,B,1569,93,C,3546,66,D,5219,90,E,4060,89,G,3384,86,H,4988,63
[AUTOPOS] SW-F,A,4529,100,B,1569,93,C,3503,67,D,5217,90,E,4118,90,G,3370,84,H,4993,64
[AUTOPOS] SW-F,A,4542,100,B,1569,93,C,3525,68,D,5210,94,E,4161,90,G,3370,84,H,5034,65
[AUTOPOS] SW-F,A,4517,100,B,1569,93,C,3472,70,D,5224,94,E,4222,90,G,3382,83,H,5023,70
[AUTOPOS] SW-F,A,4501,100,B,1543,80,C,3521,70,D,5224,94,E,4103,91,G,3365,84,H,5030,72
[AUTOPOS] SW-F,A,4520,100,B,1543,80,C,3507,71,D,5232,90,E,4127,91,G,3365,84,H,5007,73
[AUTOPOS] SW-F,A,4522,100,B,1543,80,C,3515,76,D,5214,90,E,4088,92,G,3365,84,H,5002,75
[AUTOPOS] SW-F,A,4558,100,B,1556,73,C,3526,77,D,5224,90,E,4111,92,G,3365,84,H,5004,76
[AUTOPOS] SW-F,A,4534,100,B,1498,75,C,3514,78,D,5224,90,E,4083,92,G,3360,73,H,5035,77
[AUTOPOS] SW-F,A,4515,100,B,1498,75,C,3513,80,D,5232,87,E,4154,92,G,3360,73,H,5029,78
[AUTOPOS] SW-F,A,4557,100,B,1521,73,C,3474,80,D,5232,87,E,4124,93,G,3359,72,H,4985,79
[AUTOPOS] SW-F,A,4508,100,B,1549,74,C,3491,81,D,5232,87,E,4133,93,G,3380,73,H,5006,80
[AUTOPOS] SW-F,A,4540,100,B,1549,74,C,3517,82,D,5213,81,E,4137,93,G,3372,74,H,5010,80
[AUTOPOS] SW-F,A,4543,100,B,1549,74,C,3535,83,D,5274,82,E,4106,93,G,3372,74,H,4999,81
[AUTOPOS] SW-F,A,4559,100,B,1578,70,C,3480,84,D,5274,82,E,4109,94,G,3353,72,H,5009,82
[AUTOPOS] SW-F,A,4579,100,B,1578,70,C,3523,84,D,5247,80,E,4105,94,G,3353,72,H,4986,82
[AUTOPOS] SW-F,A,4566,100,B,1509,68,C,3536,85,D,5247,80,E,4032,94,G,3382,70,H,4959,83
[AUTOPOS] SW-F,A,4611,100,B,1509,68,C,3518,85,D,5221,78,E,4066,95,G,3382,70,H,4993,83
[AUTOPOS] SW-F,A,4608,100,B,1509,68,C,3464,86,D,5201,82,E,4036,95,G,3368,70,H,4978,84
[AUTOPOS] SW-F,A,4620,100,B,1509,68,C,3521,86,D,5214,83,E,4044,95,G,3368,70,H,5008,88
[AUTOPOS] SW-F,A,4640,100,B,1498,60,C,3494,87,D,5210,84,E,4044,95,G,3368,70,H,5034,88
[AUTOPOS] SW-F,A,4709,100,B,1518,61,C,3476,87,D,5210,84,E,4038,95,G,3350,65,H,5042,89
[AUTOPOS] SW-F,A,4680,100,B,1518,61,C,3466,88,D,5204,80,E,4088,96,G,3350,65,H,5030,90
[AUTOPOS] SW-F,A,4606,100,B,1518,61,C,3520,88,D,5220,81,E,4047,96,G,3350,65,H,5027,90
[AUTOPOS] SW-F,A,4594,100,B,1518,61,C,3501,89,D,5215,82,E,4162,96,G,3383,60,H,4990,90
[AUTOPOS] SW-F,A,4539,100,B,1518,61,C,3489,90,D,5224,83,E,4178,96,G,3368,62,H,5006,91
[AUTOPOS] SW-F,A,4543,100,B,1557,51,C,3475,90,D,5245,84,E,4105,96,G,3397,64,H,5006,91
[AUTOPOS] SW-F,A,4541,100,B,1584,53,C,3515,90,D,5208,84,E,4105,96,G,3373,65,H,5006,91
[AUTOPOS] SW-F,A,4583,100,B,1503,55,C,3515,90,D,5225,85,E,4123,93,G,3373,66,H,5006,91
[AUTOPOS] SW-F,A,4641,100,B,1505,56,C,3486,87,D,5234,85,E,4123,93,G,3338,67,H,5000,81
[AUTOPOS] SW-F,A,4964,100,B,1512,58,C,3486,87,D,5221,86,E,4111,94,G,3368,68,H,5049,82
[AUTOPOS] SW-F,A,4576,100,B,1518,59,C,3486,87,D,5223,86,E,4172,94,G,3396,70,H,5025,82
[AUTOPOS] SW-F,A,4541,100,B,1536,64,C,3486,87,D,5205,87,E,4159,94,G,3374,70,H,5025,82
[AUTOPOS] SW-F,A,4527,100,B,1501,66,C,3486,87,D,5266,87,E,4078,95,G,3374,71,H,5025,82
[AUTOPOS] SW-F,A,4475,100,B,1511,68,C,3515,75,D,5251,88,E,4059,95,G,3354,76,H,5032,78
[AUTOPOS] SW-F,A,4541,100,B,1544,70,C,3515,75,D,5241,88,E,4106,95,G,3381,77,H,5032,78
[AUTOPOS] SW-F,A,4537,100,B,1542,71,C,3515,75,D,5281,89,E,4136,95,G,3350,78,H,4982,77
[AUTOPOS] SW-F,A,4516,100,B,1513,72,C,3515,75,D,5230,90,E,4153,95,G,3377,80,H,4982,77
[AUTOPOS] SW-F,A,4544,100,B,1500,73,C,3515,75,D,5245,90,E,4114,96,G,3358,80,H,4982,77
[AUTOPOS] SW-F,A,4496,100,B,1504,75,C,3515,75,D,5265,90,E,4058,96,G,3380,81,H,4982,77
[AUTOPOS] SW-F,A,4410,100,B,1502,76,C,3471,63,D,5235,91,E,4058,96,G,3362,82,H,4982,77
[AUTOPOS] SW-F,A,4394,100,B,1523,76,C,3450,65,D,5217,91,E,4058,96,G,3362,82,H,5001,62
[AUTOPOS] SW-F,A,4379,100,B,1509,77,C,3479,66,D,5217,91,E,4124,89,G,3396,80,H,5041,64
[AUTOPOS] SW-F,A,4377,100,B,1509,77,C,3488,68,D,5261,88,E,4197,90,G,3396,80,H,5023,65
[AUTOPOS] SW-F,A,4347,100,B,1488,75,C,3517,69,D,5261,88,E,4238,90,G,3368,77,H,5009,66
[AUTOPOS] SW-F,A,4279,100,B,1574,76,C,3492,70,D,5261,88,E,4092,90,G,3380,78,H,5021,67
[AUTOPOS] SW-F,A,4366,100,B,1574,76,C,3490,72,D,5226,82,E,4160,94,G,3361,79,H,5019,68
[AUTOPOS] SW-F,A,4356,100,B,1574,76,C,3467,73,D,5235,83,E,4208,94,G,3361,79,H,5025,70
[AUTOPOS] SW-F,A,4359,100,B,1574,76,C,3505,74,D,5243,83,E,4142,94,G,3361,79,H,5041,70
[AUTOPOS] SW-F,A,4364,100,B,1484,72,C,3512,75,D,5243,83,E,4123,95,G,3363,75,H,5018,71
[AUTOPOS] SW-F,A,4287,100,B,1484,72,C,3492,75,D,5256,82,E,4125,95,G,3363,75,H,5019,76
[AUTOPOS] SW-F,A,4279,100,B,1484,72,C,3520,76,D,5219,83,E,4090,95,G,3394,72,H,5023,77
[AUTOPOS] SW-F,A,4939,100,B,1484,72,C,3473,77,D,5197,84,E,4091,95,G,3331,73,H,5009,78
[AUTOPOS] SW-F,A,4304,100,B,1506,63,C,3530,78,D,5197,84,E,4245,95,G,3349,75,H,5057,80
[AUTOPOS] SW-F,A,4314,100,B,1506,63,C,3496,82,D,5240,80,E,4069,96,G,3375,76,H,5011,80
[AUTOPOS] SW-F,A,4877,100,B,1573,62,C,3488,83,D,5254,81,E,4140,96,G,3363,77,H,5005,81
[AUTOPOS] SW-F,A,4294,100,B,1477,64,C,3495,84,D,5234,82,E,4131,96,G,3363,77,H,5029,82
[AUTOPOS] SW-F,A,4270,100,B,1477,64,C,3474,85,D,5214,83,E,4126,96,G,3363,77,H,5008,83
[AUTOPOS] SW-F,A,4350,100,B,1533,62,C,3499,85,D,5214,83,E,4090,96,G,3379,72,H,5027,84
[AUTOPOS] SW-F,A,4391,100,B,1533,62,C,3489,86,D,5244,80,E,4159,96,G,3379,72,H,4992,84
[AUTOPOS] SW-F,A,4275,100,B,1531,62,C,3462,86,D,5241,81,E,4133,96,G,3379,72,H,4981,85
[AUTOPOS] SW-F,A,4335,100,B,1531,62,C,3497,87,D,5244,82,E,4060,96,G,3379,72,H,5032,85
[AUTOPOS] SW-F,A,4323,100,B,1531,62,C,3493,88,D,5244,82,E,4091,100,G,3373,65,H,5030,86
[AUTOPOS] SW-F,A,4323,100,B,1533,59,C,3484,88,D,5244,82,E,4066,100,G,3370,66,H,5037,86
[AUTOPOS] SW-F,A,4325,100,B,1512,64,C,3496,88,D,5248,77,E,4144,100,G,3370,66,H,5039,87
[AUTOPOS] SW-F,A,4266,100,B,1548,66,C,3479,89,D,5248,77,E,4189,100,G,3342,65,H,4968,87
[AUTOPOS] SW-F,A,4278,100,B,1548,66,C,3469,89,D,5239,76,E,4147,100,G,3399,70,H,4995,88
[AUTOPOS] SW-F,A,4354,100,B,1605,65,C,3496,90,D,5247,77,E,4104,100,G,3399,70,H,5013,88
[AUTOPOS] SW-F,A,4356,100,B,1605,65,C,3477,90,D,5275,78,E,4196,100,G,3399,70,H,4998,89
[AUTOPOS] SW-F,A,4394,100,B,1595,63,C,3519,90,D,5275,78,E,4154,100,G,3314,65,H,4992,90
[AUTOPOS] SW-F,A,4318,100,B,1595,63,C,3485,94,D,5208,76,E,4110,100,G,3380,66,H,5015,90
[AUTOPOS] SW-F,A,4337,100,B,1503,62,C,3522,94,D,5208,76,E,4213,96,G,3380,66,H,5020,90
[AUTOPOS] SW-F,A,4323,100,B,1495,64,C,3522,94,D,5269,73,E,4106,96,G,3361,65,H,5044,91
[AUTOPOS] SW-F,A,4323,100,B,1525,65,C,3528,90,D,5299,75,E,4147,96,G,3371,66,H,5044,91
[AUTOPOS] SW-F,A,4313,96,B,1551,66,C,3524,90,D,5221,76,E,4147,96,G,3375,68,H,4999,88
[AUTOPOS] SW-F,A,4321,96,B,1505,67,C,3524,90,D,5234,76,E,4233,93,G,3345,69,H,5025,88
[AUTOPOS] SW-F,A,4337,96,B,1575,68,C,3524,90,D,5258,77,E,4109,93,G,3383,70,H,5025,88
[AUTOPOS] SW-F,A,4294,96,B,1581,70,C,3469,83,D,5279,78,E,4109,93,G,3393,71,H,5008,85
[AUTOPOS] SW-F,A,4392,96,B,1515,70,C,3516,84,D,5250,79,E,4156,88,G,3383,72,H,5008,85
[AUTOPOS] SW-F,A,4333,96,B,1573,71,C,3516,84,D,5227,80,E,4180,89,G,3344,73,H,5008,85
[AUTOPOS] SW-F,A,4316,96,B,1534,76,C,3516,84,D,5224,80,E,4171,90,G,3347,74,H,5008,85
[AUTOPOS] SW-F,A,4346,100,B,1609,77,C,3516,84,D,5246,81,E,4141,90,G,3376,75,H,4979,78
[AUTOPOS] SW-F,A,4262,100,B,1499,78,C,3516,84,D,5241,82,E,4190,90,G,3372,76,H,4979,78
[AUTOPOS] SW-F,A,4338,100,B,1529,80,C,3489,73,D,5234,83,E,4190,90,G,3345,77,H,5017,77
[AUTOPOS] SW-F,A,4390,100,B,1562,80,C,3489,73,D,5272,84,E,4108,87,G,3353,78,H,5017,77
[AUTOPOS] SW-F,A,4323,100,B,1514,81,C,3488,71,D,5260,85,E,4108,87,G,3388,80,H,5022,75
[AUTOPOS] SW-F,A,4384,100,B,1511,82,C,3488,71,D,5213,85,E,4202,84,G,3347,80,H,5022,75
[AUTOPOS] SW-F,A,4322,100,B,1539,83,C,3493,72,D,5286,86,E,4112,85,G,3371,81,H,5022,75
[AUTOPOS] SW-F,A,4302,100,B,1488,84,C,3492,73,D,5260,86,E,4112,85,G,3359,82,H,5033,69
[AUTOPOS] SW-F,A,4357,100,B,1588,84,C,3492,73,D,5222,87,E,4203,82,G,3356,83,H,5012,70
[AUTOPOS] SW-F,A,4357,100,B,1481,85,C,3491,71,D,5232,88,E,4203,82,G,3385,84,H,5008,72
[AUTOPOS] SW-F,A,4386,96,B,1524,85,C,3490,72,D,5215,88,E,4203,82,G,3366,84,H,5033,73
[AUTOPOS] SW-F,A,4353,96,B,1501,86,C,3490,72,D,5244,88,E,4108,78,G,3355,85,H,4983,74
[AUTOPOS] SW-F,A,4349,96,B,1588,86,C,3490,72,D,5264,89,E,4158,82,G,3342,85,H,4983,74
[AUTOPOS] SW-F,A,4370,96,B,1546,87,C,3490,72,D,5279,89,E,4113,83,G,3391,86,H,4983,74
[AUTOPOS] SW-F,A,4305,96,B,1565,87,C,3490,72,D,5219,90,E,4206,84,G,3360,86,H,4983,74
[AUTOPOS] SW-F,A,4302,96,B,1497,88,C,3490,72,D,5233,90,E,4116,85,G,3353,87,H,4983,74
[AUTOPOS] SW-F,A,4345,100,B,1500,88,C,3490,72,D,5240,90,E,4250,85,G,3342,87,H,4983,74
[AUTOPOS] SW-F,A,4339,100,B,1555,89,C,3463,58,D,5233,94,E,4206,86,G,3380,88,H,5018,64
[AUTOPOS] SW-F,A,4335,100,B,1513,90,C,3463,58,D,5254,94,E,4130,86,G,3319,88,H,5018,64
[AUTOPOS] SW-F,A,4330,100,B,1506,90,C,3513,58,D,5217,94,E,4130,86,G,3383,89,H,5005,63
[AUTOPOS] SW-F,A,4319,100,B,1500,90,C,3513,58,D,5235,95,E,4176,84,G,3347,90,H,5005,63
[AUTOPOS] SW-F,A,4345,100,B,1576,91,C,3513,58,D,5238,95,E,4163,84,G,3373,90,H,5005,63
[AUTOPOS] SW-F,A,4381,100,B,1478,91,C,3456,55,D,5269,95,E,4163,84,G,3359,90,H,5019,59
[AUTOPOS] SW-F,A,4398,100,B,1495,92,C,3456,55,D,5252,95,E,4164,82,G,3337,91,H,5019,59
[AUTOPOS] SW-F,A,4403,100,B,1494,92,C,3501,55,D,5272,95,E,4164,82,G,3342,91,H,5052,58
[AUTOPOS] SW-F,A,4413,100,B,1515,92,C,3488,57,D,5247,96,E,4164,82,G,3332,92,H,4998,60
[AUTOPOS] SW-F,A,4567,100,B,1471,92,C,3488,57,D,5209,96,E,4264,77,G,3331,92,H,4998,60
[AUTOPOS] SW-F,A,4375,100,B,1493,93,C,3488,57,D,5257,96,E,4187,78,G,3357,92,H,4998,60
[AUTOPOS] SW-F,A,4327,100,B,1530,93,C,3499,54,D,5257,96,E,4187,78,G,3379,92,H,5038,57
[AUTOPOS] SW-F,A,4492,100,B,1513,93,C,3502,56,D,5259,96,E,4187,78,G,3347,93,H,5033,58
[AUTOPOS] SW-F,A,4388,100,B,1518,93,C,3466,57,D,5240,96,E,4187,78,G,3358,93,H,4997,60
[AUTOPOS] SW-F,A,4427,100,B,1535,94,C,3466,57,D,5248,96,E,4163,70,G,3378,93,H,4997,60
[AUTOPOS] SW-F,A,4405,100,B,1487,94,C,3466,57,D,5246,96,E,4096,71,G,3368,93,H,4997,60
[AUTOPOS] SW-F,A,4327,100,B,1574,94,C,3466,57,D,5290,100,E,4163,72,G,3384,94,H,5028,58
[AUTOPOS] SW-F,A,4306,100,B,1449,95,C,3518,53,D,5214,100,E,4163,72,G,3353,94,H,4966,61
[AUTOPOS] SW-F,A,4300,100,B,1516,95,C,3488,54,D,5227,100,E,4163,72,G,3361,94,H,5019,63
[AUTOPOS] SW-F,A,4321,100,B,1547,95,C,3480,56,D,5267,100,E,4193,68,G,3367,95,H,5019,63
[AUTOPOS] SW-F,A,4359,100,B,1526,95,C,3470,58,D,5248,100,E,4193,68,G,3375,95,H,5010,61
[AUTOPOS] SW-F,A,4400,100,B,1496,95,C,3470,58,D,5205,100,E,4099,66,G,3361,95,H,5010,61
[AUTOPOS] SW-F,A,4437,100,B,1500,96,C,3441,57,D,5280,100,E,4099,66,G,3380,95,H,5011,60
[AUTOPOS] SW-F,A,4451,100,B,1496,96,C,3461,60,D,5231,100,E,4099,66,G,3382,95,H,5021,62
[AUTOPOS] SW-F,A,4459,100,B,1516,96,C,3461,60,D,5246,100,E,4215,63,G,3354,96,H,5030,64
[AUTOPOS] SW-F,A,4473,100,B,1505,96,C,3488,59,D,5207,100,E,4215,63,G,3352,96,H,5028,65
[AUTOPOS] SW-F,A,4482,100,B,1481,96,C,3488,59,D,5204,100,E,4114,62,G,3360,96,H,5028,65
[AUTOPOS] SW-F,A,4487,100,B,1574,96,C,3488,59,D,5253,100,E,4219,64,G,3390,96,H,5028,65
[AUTOPOS] SW-F,A,4467,100,B,1492,96,C,3511,56,D,5261,100,E,4114,66,G,3375,96,H,5028,65
[AUTOPOS] SW-F,A,4428,100,B,1501,96,C,3506,57,D,5216,100,E,4114,66,G,3377,96,H,5005,60
[AUTOPOS] SW-F,A,4475,100,B,1492,100,C,3465,59,D,5242,100,E,4114,66,G,3338,96,H,5008,61
[AUTOPOS] SW-F,A,4483,100,B,1470,100,C,3506,60,D,5229,100,E,4097,61,G,3367,96,H,5008,61
[AUTOPOS] SW-F,A,4483,100,B,1500,100,C,3494,62,D,5256,100,E,4097,61,G,3373,100,H,5015,64
[AUTOPOS] SW-F,A,4458,100,B,1511,100,C,3537,63,D,5248,100,E,4097,61,G,3349,100,H,4985,66
[AUTOPOS] SW-F,A,4450,100,B,1514,100,C,3477,64,D,5241,100,E,4097,61,G,3372,100,H,4988,68
[AUTOPOS] SW-F,A,4471,100,B,1509,100,C,3474,65,D,5221,100,E,4216,56,G,3350,100,H,4988,68
[AUTOPOS] SW-F,A,4444,100,B,1492,100,C,3478,70,D,5253,100,E,4194,57,G,3367,100,H,4988,68
[AUTOPOS] SW-F,A,4484,100,B,1580,100,C,3446,72,D,5229,100,E,4215,59,G,3375,100,H,5043,63
[AUTOPOS] SW-F,A,4484,100,B,1580,100,C,3476,73,D,5251,100,E,4215,59,G,3386,100,H,5023,65
[AUTOPOS] SW-F,A,4440,96,B,1499,100,C,3476,73,D,5250,100,E,4211,58,G,3360,100,H,5023,65
[AUTOPOS] SW-F,A,4449,96,B,1558,100,C,3521,71,D,5227,100,E,4157,60,G,3342,100,H,4992,64
[AUTOPOS] SW-F,A,4475,96,B,1520,100,C,3517,72,D,5231,100,E,4157,60,G,3367,100,H,4987,65
[AUTOPOS] SW-F,A,4443,96,B,1601,100,C,3444,73,D,5268,100,E,4157,60,G,3393,100,H,4966,66
[AUTOPOS] SW-F,A,4477,96,B,1464,100,C,3444,73,D,5229,100,E,4082,58,G,3339,100,H,4966,66
[AUTOPOS] SW-F,A,4480,96,B,1567,100,C,3464,72,D,5272,100,E,4082,58,G,3358,100,H,5008,65
[AUTOPOS] SW-F,A,4434,96,B,1513,100,C,3464,72,D,5254,100,E,4127,57,G,3338,100,H,4989,66
[AUTOPOS] SW-F,A,4448,96,B,1495,100,C,3464,72,D,5245,100,E,4129,60,G,3345,100,H,5008,67
[AUTOPOS] SW-F,A,4487,100,B,1502,100,C,3488,67,D,5263,100,E,4212,61,G,3358,100,H,5003,68
[AUTOPOS] SW-F,A,4458,100,B,1491,100,C,3511,68,D,5219,100,E,4212,61,G,3341,100,H,4989,70
[AUTOPOS] SW-F,A,4451,100,B,1517,100,C,3519,70,D,5232,100,E,4212,61,G,3364,100,H,5008,72
[AUTOPOS] SW-F,A,4451,100,B,1500,100,C,3519,70,D,5270,100,E,4167,58,G,3322,100,H,5008,72
[AUTOPOS] SW-F,A,4505,100,B,1501,100,C,3520,68,D,5273,100,E,4137,60,G,3390,100,H,5017,70
[AUTOPOS] SW-F,A,4484,100,B,1507,100,C,3461,70,D,5241,100,E,4137,60,G,3365,100,H,4970,71
[AUTOPOS] SW-F,A,4531,100,B,1519,100,C,3488,72,D,5212,100,E,4204,59,G,3372,100,H,5022,72
[AUTOPOS] ANCHOR_CTRL[0] notify: SWEEP_DONE master=F sets=1010 role=matrix
END=2026-06-02 12:13:25
