[CAPTURE] session_dir=logs/dual_master_listener_bootprofile_retry_20260426_215303/tag_capture_20260426_215402
[CAPTURE] raw_log=logs/dual_master_listener_bootprofile_retry_20260426_215303/tag_capture_20260426_215402/raw.log
[CAPTURE] plan: BSF66F:static, BS2DCE:roto, BSDC91:roto static=5Hz roto=10Hz motion=5Hz duration=180s
[CAPTURE] open serial: /dev/serial/by-id/usb-Master_Tag_BioSpur_BLE_Control_6918E0384172A49F-if00
[CAPTURE] drain boot/runtime output
[CAPTURE] startup CM probe attempt 1/2: target=BSF66F
[CAPTURE] configure: reuse Master_Tag resident links
[HOST_CMD] status
[HOST_CMD] device show
[HOST_CMD] tdma clear
[CAPTURE] configure: wait for target links
[CAPTURE] link setup passive initial: wait up to 30s
[CAPTURE] link setup passive: ready=BS2DCE,BSDC91,BSF66F (3/3)
[CAPTURE] configure: apply TDMA profiles
[HOST_CMD] tdma profile BSF66F static
[HOST_CMD] tdma profile BS2DCE roto
[HOST_CMD] tdma profile BSDC91 roto
[HOST_CMD] tdma freq static 5
[HOST_CMD] tdma freq roto 10
[HOST_CMD] tdma freq motion 5
[HOST_CMD] tdma rebalance
[HOST_CMD] tdma show
[HOST_CMD] status
[HOST_CMD] device show
[CAPTURE] configure: TDMA ready
[CAPTURE] startup CM probe failed: target=BSF66F ok=1/8; forcing all anchors responder
[CAPTURE] anchor preflight: require 8/8 runtime responder ack
[CAPTURE] anchor preflight launch 1/2: log=logs/dual_master_listener_bootprofile_retry_20260426_215303/tag_capture_20260426_215402/anchor_responder_preflight_launch1.console.log
PORT=/dev/serial/by-id/usb-Master_Tag_BioSpur_BLE_Control_6918E0384172A49F-if00
START=2026-04-26 21:54:37
VERIFY: prepare AUTOPOS control plane for all-responder runtime verification
VERIFY: prepare anchor target before AUTOPOS preflight
>>> status
[RECV] BS2DCE notify: CS;1;74587;cal_roto;5;25;A,C,F,H;timeout,tH;timeout;rx_timeout;0;0;0;0;[RECV] BSDC91 notify: CR;1;79358;cal_roto;5;C;timeout;rx_timeout;0;0;0;0;0;0
[RECV] BSDC91 notify: CR;1;79358;cal_roto;5;A;timeout;rx_timeout;0;0;0;0;0;0
[RECV] BSDC91 notify: CR;1;79358;cal_roto;5;F;ok;ok;3092;3092;0;0;100;100
[RECV] BSDC91 notify: CR;1;79358;cal_roto;5;H;timeout;rx_timeout;0;0;0;0;0;0
[RECV] BSDC91 notify: CF;1;79358;cal_roto;5;pending;25;4;1;0;0;0
[RECV] BSDC91 notify: CS;1;79358;cal_roto;5;25;C,A,F,H;timeout,timeout,ok,timeout;0,0,100,0
[RECV] BSF66F notify: CM;1;91192;4;timeout;0;0;0;0;54|CM;1;91192;5;ok;2545;2545;95;53;1|CM;1;91192;6;timeout;0;0;0;0;51
[RECV] BSF66F notify: CR;1;91193;cal_static;4;E;timeout;rx_timeout;0;0;0;0;0;0
[RECV] BSF66F notify: CR;1;91193;cal_static;4;F;ok;ok;2545;2545;0;0;95;95
[RECV] BSF66F notify: CR;1;91193;cal_static;4;G;timeout;rx_timeout;0;0;0;0;0;0
[RECV] BS2DCE notify: CM;1;74587;0;timeout;0;0;0;0;108|CM;1;74587;2;timeout;0;0;0;0;108|CM;1;74587;5;ok;2223;2223;100;108;0
[RECV] BSF66F notify: CR;1;91193;cal_static;4;H;timeout;rx_timeout;0;0;0;0;[RECV] BSDC91 notify: CR;1;79359;cal_roto;5;A;timeout;rx_timeout;0;0;0;0;0;0
[RECV] BSDC91 notify: CR;1;79359;cal_roto;5;F;ok;ok;3266;3266;0;0;100;100
[RECV] BSDC91 notify: CR;1;79359;cal_roto;5;H;timeout;rx_timeout;0;0;0;0;0;0
[RECV] BSDC91 notify: CF;1;79359;cal_roto;5;pending;25;4;1;0;0;0
[RECV] BSDC91 notify: CS;1;79359;cal_roto;5;25;C,A,F,H;timeout,timeout,ok,timeout;0,0,100,0
[RECV] BS2DCE notify: CM;1;74588;0;timeout;0;0;0;0;109|CM;1;74588;2;timeout;0;0;0;0;109
[RECV] BSF66F notify: CM;1;91193;0;timeout;0;0;0;0;54|CM;1;91193;1;timeout;0;0;0;0;54
[RECV] BSF66F notify: CR;1;91194;cal_static;4;A;timeout;rx_timeout;0;0;0;0;0;0
[RECV] BSF66F notify: CR;1;91194;cal_static;4;B;timeout;rx_timeout;0;0;0;0;0;0
[RECV] BSF66F notify: CR;1;91194;cal_static;4;C;timeout;rx_timeout;0;0;0;0;0;0
[RECV] BSDC91 notify: CM;1;79359;0;timeout;0;0;0;0;110|CM;1;79359;2;timeout;0;0;0;0;110|CM;1;79359;5;ok;3437;3437;100;107;3
[RECV] BSF66F notify: CR;1;91194;cal_static;4;D;pending;not_measured;0;0;0;0;0;0
[RECV] BSF66F notify: CF;1;91194;cal_static;4;pending;0;4;0;0;0;0
[RECV] BSF66F notify: CS;1;91194;cal_static;4;0;A,B,C,D;timeout,timeout,timeout,pending;0,0,0,0
[RECV] BS2DCE notify: CR;1;74589;cal_roto;5;A;timeout;rx_timeout;0;0;0;0;0;0
[RECV] BS2DCE notify: CR;1;74589;cal_roto;5;C;timeout;rx_timeout;0;0;0;0;0;0
[RECV] BS2DCE notify: CR;1;74589;cal_roto;5;F;ok;ok;2172;2172;0;0;100;100
[RECV] BS2DCE notify: CR;1;74589;cal_roto;5;H;timeout;rx_timeout;0;0;0;0;0;0
[RECV] BS2DCE notify: CF;1;74589;cal_roto;5;pending;25;4;1;0;0;0
[RECV] BS2DCE notify: CS;1;74589;cal_roto;5;25;A,C,F,H;timeout,timeout,ok,timeout;0,0,100,0
[RECV] Control status: mode=RECV pending=0
[RECV] BSDC91 notify: CR;1;79360;cal_roto;5;A;timeout;rx_timeout;0;0;0;0;0;0
[RECV] BSDC91 notify: CR;1;79360;cal_roto;5;C;timeout;rx_timeout;0;0;0;0;0;0
[RECV] BSDC91 notify: CR;1;79360;cal_roto;5;F;ok;ok;3437;3437;0;0;100;100
[RECV] BSDC91 notify: CR;1;79360;cal_roto;5;H;timeout;rx_timeout;0;0;0;0;0;0
[RECV] BSDC91 notify: CF;1;79360;cal_roto;5;pending;25;4;1;0;0;0
[RECV] BS2DCE notify: CM;1;74589;0;timeout;0;0;0;0;110
[RECV] BSDC91 notify: CS;1;79360;cal_roto;5;25;A,C,F,H;timeout,timeout,ok,timeout;0,0,100,0
[RECV] BSF66F notify: CM;1;91194;4;timeout;0;0;0;0;55|CM;1;91194;5;ok;2504;2504;95;54;1
[RECV] BSF66F notify: CR;1;91195;cal_static;4;E;timeout;rx_timeout;0;0;0;0;0;0
[RECV] BSF66F notify: CR;1;91195;cal_static;4;F;ok;ok;2504;2504;0;0;95;95
[RECV] BSF66F notify: CR;1;91195;cal_static;4;G;timeout;rx_timeout;0;0;0;0;0;0
[RECV] BSDC91 notify: CM;1;79360;0;timeout;0;0;0;0;111|CM;1;79360;2;timeout;0;0;0;0;111
[RECV] BSF66F notify: CR;1;91195;cal_static;4;H;timeout;rx_timeout;0;0;0;0;0;0
[RECV] BSF66F notify: CF;1;91195;cal_static;4;pending;23;4;1;0;0;0
[RECV] BSF66F notify: CS;1;91195;cal_static;4;23;E,F,G,H;timeout,ok,timeout,timeout;0,95,0,0
[RECV] BS2DCE notify: CM;1;74589;2;timeout;0;0;0;0;110|CM;1;74589;5;ok;2777;2777;100;110;0|CM;1;74589;7;timeout;0;0;0;0;110
[RECV] BS2DCE notify: CR;1;74590;cal_roto;5;A;timeout;rx_timeout;0;0;0;0;0;0
[RECV] BS2DCE notify: CR;1;74590;cal_roto;5;C;timeout;rx_timeout;0;0;0;0;0;0
[RECV] BS2DCE notify: CR;1;74590;cal_roto;5;H;timeout;rx_timeout;0;0;0;0;0;0
[RECV] BS2DCE notify: CR;1;74590;cal_roto;5;F;ok;ok;2777;2777;0;0;100;100
[RECV] BS2DCE notify: CF;1;74590;cal_roto;5;pending;25;4;1;0;0;0
[RECV] BS2DCE notify: CS;1;74590;cal_roto;5;25;A,C,H,F;timeout,timeout,timeout,ok;0,0,0,100
[RECV] BSDC91 notify: CR;1;79361;cal_roto;5;A;timeout;rx_timeout;0;0;0;0;0;0
[RECV] BSDC91 notify: CR;1;79361;cal_roto;5;C;timeout;rx_timeout;0;0;0;0;0;0
[RECV] BSDC91 notify: CR;1;79361;cal_roto;5;F;ok;ok;3422;3422;0;0;100;100
[RECV] BSDC91 notify: CR;1;79361;cal_roto;5;H;timeout;rx_timeout;0;0;0;0;0;0
[RECV] BSDC91 notify: CF;1;79361;cal_roto;5;pending;25;4;1;0;0;0
[RECV] BSDC91 notify: CS;1;79361;cal_roto;5;25;A,C,F,H;timeout,timeout,ok,timeout;0,0,100,0
[RECV] BS2DCE notify: CM;1;74590;0;timeout;0;0;0;0;111|CM;1;74590;2;timeout;0;0;0;0;111|CM;1;74590;7;timeout;0;0;0;0;111
[RECV] BSF66F notify: CM;1;91195;0;timeout;0;0;0;0;55
[RECV] BSF66F notify: CM;1;91195;1;timeout;0;0;0;0;55|CM;1;91195;2;timeout;0;0;0;0;47|CM;1;91195;3;timeout;0;0;0;0;20
[RECV] BSF66F notify: CR;1;91196;cal_static;4;A;timeout;rx_timeout;0;0;0;0;0;0
[RECV] BSF66F notify: CR;1;91196;cal_static;4;B;timeout;rx_timeout;0;0;0;0;0;0
[RECV] BSF66F notify: CR;1;91196;cal_static;4;C;timeout;rx_timeout;0;0;0;0;0;0
[RECV] BSF66F notify: CR;1;91196;cal_static;4;D;timeout;rx_timeout;0;0;0;0;0;0
[RECV] BSF66F notify: CF;1;91196;cal_static;4;pending;0;4;0;0;0;0
[RECV] BSF66F notify: CS;1;91196;cal_static;4;0;A,B,C,D;timeout,timeout,timeout,timeout;0,0,0,0
[RECV] BSDC91 notify: CM;1;79361;0;timeout;0;0;0;0;112
[RECV] BS2DCE notify: CR;1;74591;cal_roto;5;A;timeout;rx_timeout;0;0;0;0;0;0
[RECV] BS2DCE notify: CR;1;74591;cal_roto;5;C;timeout;rx_timeout;0;0;0;0;0;0
[RECV] BS2DCE notify: CR;1;74591;cal_roto;5;H;timeout;rx_timeout;0;0;0;0;0;0
[RECV] BS2DCE notify: CR;1;74591;cal_roto;5;F;ok;ok;2399;2399;0;0;100;100
[RECV] BS2DCE notify: CF;1;74591;cal_roto;5;pending;25;4;1;0;0;0
[RECV] BS2DCE notify: CS;1;74591;cal_roto;5;25;A,C,H,F;timeout,timeout,timeout,ok;0,0,0,100
[RECV] BSDC91 notify: CM;1;79361;2;timeout;0;0;0;0;112|CM;1;79361;5;ok;3368;3368;100;109;3|CM;1;79361;7;timeout;0;0;0;0;112
[RECV] BSDC91 notify: CR;1;79362;cal_roto;5;A;timeout;rx_timeout;0;0;0;0;0;0
[RECV] BSDC91 notify: CR;1;79362;cal_roto;5;C;timeout;rx_timeout;0;0;0;0;0;0
[RECV] BSDC91 notify: CR;1;79362;cal_roto;5;F;ok;ok;3368;3368;0;0;100;100
[RECV] BS2DCE notify: CM;1;74591;0;timeout;0;0;0;0;112|CM;1;74591;2;timeout;0;0;0;0;112
[RECV] BSDC91 notify: CR;1;79362;cal_roto;5;H;timeout;rx_timeout;0;0;0;0;0;0
[RECV] BSDC91 notify: CF;1;79362;cal_roto;5;pending;25;4;1;0;0;0
[RECV] BSDC91 notify: CS;1;79362;cal_roto;5;25;A,C,F,H;timeout,timeout,ok,timeout;0,0,100,0
[RECV] BSF66F notify: CM;1;91196;4;timeout;0;0;0;0;56|CM;1;91196;5;ok;2526;2526;95;55;1|CM;1;91196;6;timeout;0;0;0;0;53
[RECV] BSF66F notify: CR;1;91197;cal_static;4;E;timeout;rx_timeout;0;0;0;0;0;0
[RECV] BSF66F notify: CR;1;91197;cal_static;4;F;ok;ok;2526;2526;0;0;95;95
[RECV] BSF66F notify: CR;1;91197;cal_static;4;G;timeout;rx_timeout;0;0;0;0;0;0
[RECV] BSF66F notify: CR;1;91197;cal_static;4;H;pending;not_measured;0;0;0;0;0;0
[RECV] BSF66F notify: CF;1;91197;cal_static;4;pending;23;4;1;0;0;0
[RECV] BSF66F notify: CS;1;91197;cal_static;4;23;E,F,G,H;timeout,ok,timeout,pending;0,95,0,0
[RECV] BSDC91 notify: CM;1;79362;0;timeout;0;0;0;0;113|CM;1;79362;2;timeout;0;0;0;0;113|CM;1;79362;7;timeout;0;0;0;0;113
[RECV] BS2DCE notify: CR;1;74592;cal_roto;5;A;timeout;rx_timeout;0;0;0;0;0;0
[RECV] BS2DCE notify: CR;1;74592;cal_roto;5;C;timeout;rx_timeout;0;0;0;0;0;0
[RECV] BS2DCE notify: CR;1;74592;cal_roto;5;F;ok;ok;2370;2370;0;0;100;100
[RECV] BS2DCE notify: CR;1;74592;cal_roto;5;H;timeout;rx_timeout;0;0;0;0;0;0
[RECV] BS2DCE notify: CF;1;74592;cal_roto;5;pending;25;4;1;0;0;0
[RECV] BS2DCE notify: CS;1;74592;cal_roto;5;25;A,C,F,H;timeout,timeout,ok,timeout;0,0,100,0
[RECV] BSDC91 notify: CR;1;79363;cal_roto;5;A;timeout;rx_timeout;0;0;0;0;0;0
[RECV] BSDC91 notify: CR;1;79363;cal_roto;5;C;timeout;rx_timeout;0;0;0;0;0;0
[RECV] BSDC91 notify: CR;1;79363;cal_roto;5;H;timeout;rx_timeout;0;0;0;0;0;0
[RECV] BSDC91 notify: CR;1;79363;cal_roto;5;F;ok;ok;3164;3164;0;0;100;100
[RECV] BSDC91 notify: CF;1;79363;cal_roto;5;pending;25;4;1;0;0;0
[RECV] BSDC91 notify: CS;1;79363;cal_roto;5;25;A,C,H,F;timeout,timeout,timeout,ok;0,0,0,100
[RECV] BS2DCE notify: CM;1;74592;2;timeout;0;0;0;0;113
[RECV] BSF66F notify: CM;1;91197;0;timeout;0;0;0;0;56|CM;1;91197;1;timeout;0;0;0;0;56|CM;1;91197;2;timeout;0;0;0;0;48
[RECV] BSF66F notify: CR;1;91198;cal_static;4;A;timeout;rx_timeout;0;0;0;0;0;0
[RECV] BSF66F notify: CR;1;91198;cal_static;4;B;timeout;rx_timeout;0;0;0;0;0;0
[RECV] BSF66F notify: CR;1;91198;cal_static;4;C;timeout;rx_timeout;0;0;0;0;0;0
[RECV] BSF66F notify: CR;1;91198;cal_static;4;D;pending;not_measured;0;0;0;0;0;0
[RECV] BSF66F notify: CF;1;91198;cal_static;4;pending;0;4;0;0;0;0
[RECV] BSF66F notify: CS;1;91198;cal_static;4;0;A,B,C,D;timeout,timeout,timeout,pending;0,0,0,0
[RECV] BSDC91 notify: CM;1;79363;0;timeout;0;0;0;0;114|CM;1;79363;2;timeout;0;0;0;0;114
[RECV] BS2DCE notify: CM;1;74592;0;timeout;0;0;0;0;113|CM;1;74592;5;ok;2475;2475;100;113;0|CM;1;74592;7;timeout;0;0;0;0;113
[RECV] BS2DCE notify: CR;1;74593;cal_roto;5;C;timeout;rx_timeout;0;0;0;0;0;0
[RECV] BS2DCE notify: CR;1;74593;cal_roto;5;A;timeout;rx_timeout;0;0;0;0;0;0
[RECV] BS2DCE notify: CR;1;74593;cal_roto;5;F;ok;ok;2475;2475;0;0;100;100
[RECV] BS2DCE notify: CR;1;74593;cal_roto;5;H;timeout;rx_timeout;0;0;0;0;0;0
[RECV] BS2DCE notify: CF;1;74593;cal_roto;5;pending;25;4;1;0;0;0
[RECV] BS2DCE notify: CS;1;74593;cal_roto;5;25;C,A,F,H;timeout,timeout,ok,timeout;0,0,100,0
[RECV] BSDC91 notify: CR;1;79364;cal_roto;5;A;timeout;rx_timeout;0;0;0;0;0;0
[RECV] BSDC91 notify: CR;1;79364;cal_roto;5;C;timeout;rx_timeout;0;0;0;0;0;0
[RECV] BSDC91 notify: CR;1;79364;cal_roto;5;H;timeout;rx_timeout;0;0;0;0;0;0
[RECV] BSDC91 notify: CR;1;79364;cal_roto;5;F;ok;ok;2903;2903;0;0;100;100
[RECV] BSDC91 notify: CF;1;79364;cal_roto;5;pending;25;4;1;0;0;0
[RECV] BSDC91 notify: CS;1;79364;cal_roto;5;25;A,C,H,F;timeout,timeout,timeout,ok;0,0,0,100
[RECV] BS2DCE notify: CM;1;74593;0;timeout;0;0;0;0;114|CM;1;74593;2;timeout;0;0;0;0;114|CM;1;74593;5;ok;2441;2441;100;114;0
[RECV] BSF66F notify: CM;1;91198;4;timeout;0;0;0;0;57|CM;1;91198;5;ok;2482;2482;96;56;1|CM;1;91198;6;timeout;0;0;0;0;54
[RECV] BSF66F notify: CR;1;91199;cal_static;4;E;timeout;rx_timeout;0;0;0;0;0;0
[RECV] BSF66F notify: CR;1;91199;cal_static;4;F;ok;ok;2482;2482;0;0;96;96
[RECV] BSF66F notify: CR;1;91199;cal_static;4;G;timeout;rx_timeout;0;0;0;0;0;0
[RECV] BSF66F notify: CR;1;91199;cal_static;4;H;timeout;rx_timeout;0;0;0;0;0;0
[RECV] BSF66F notify: CF;1;91199;cal_static;4;pending;24;4;1;0;0;0
[RECV] BSF66F notify: CS;1;91199;cal_static;4;24;E,F,G,H;timeout,ok,timeout,timeout;0,96,0,0
[RECV] BSDC91 notify: CM;1;79364;0;timeout;0;0;0;0;115
[RECV] BS2DCE notify: CR;1;74594;cal_roto;5;C;timeout;rx_timeout;0;0;0;0;0;0
[RECV] BS2DCE notify: CR;1;74594;cal_roto;5;A;timeout;rx_timeout;0;0;0;0;0;0
[RECV] BS2DCE notify: CR;1;74594;cal_roto;5;F;ok;ok;2441;2441;0;0;100;100
[RECV] BS2DCE notify: CR;1;74594;cal_roto;5;H;timeout;rx_timeout;0;0;0;0;0;0
[RECV] BS2DCE notify: CF;1;74594;cal_roto;5;pending;25;4;1;0;0;0
[RECV] BS2DCE notify: CS;1;74594;cal_roto;5;25;C,A,F,H;timeout,timeout,ok,timeout;0,0,100,0
[RECV] BSDC91 notify: CM;1;79364;2;timeout;0;0;0;0;115|CM;1;79364;5;ok;2827;2827;100;112;3|CM;1;79364;7;timeout;0;0;0;0;115
[RECV] BSDC91 notify: CR;1;79365;cal_roto;5;A;timeout;rx_timeout;0;0;0;0;0;0
[RECV] BSDC91 notify: CR;1;79365;cal_roto;5;C;timeout;rx_timeout;0;0;0;0;0;0
[RECV] BSDC91 notify: CR;1;79365;cal_roto;5;F;ok;ok;2827;2827;0;0;100;100
[RECV] BSDC91 notify: CR;1;79365;cal_roto;5;H;timeout;rx_timeout;0;0;0;0;0;0
[RECV] BSDC91 notify: CF;1;79365;cal_roto;5;pending;25;4;1;0;0;0
[RECV] BSDC91 notify: CS;1;79365;cal_roto;5;25;A,C,F,H;timeout,timeout,ok,timeout;0,0,100,0
[RECV] BS2DCE notify: CM;1;74594;0;timeout;0;0;0;0;115|CM;1;74594;2;timeout;0;0;0;0;115
[RECV] BSF66F notify: CM;1;91199;0;timeout;0;0;0;0;57|CM;1;91199;1;timeout;0;0;0;0;57
[RECV] BSF66F notify: CR;1;91200;cal_static;4;A;timeout;rx_timeout;0;0;0;0;0;0
[RECV] BSF66F notify: CR;1;91200;cal_static;4;B;timeout;rx_timeout;0;0;0;0;0;0
[RECV] BSF66F notify: CR;1;91200;cal_static;4;C;timeout;rx_timeout;0;0;0;0;0;0
[RECV] BSDC91 notify: CM;1;79365;0;timeout;0;0;0;0;116|CM;1;79365;2;timeout;0;0;0;0;116|CM;1;79365;5;ok;2546;2546;100;113;3
[RECV] BSF66F notify: CR;1;91200;cal_static;4;D;pending;not_measured;0;0;0;0;0;0
[RECV] BSF66F notify: CF;1;91200;cal_static;4;pending;0;4;0;0;0;0
[RECV] BSF66F notify: CS;1;91200;cal_static;4;0;A,B,C,D;timeout,timeout,timeout,pending;0,0,0,0
>>> device show
[RECV] BS2DCE notify: CR;1;74595;cal_roto;5;A;timeout;rx_timeout;0;0;0;0;0;0
[RECV] System target: kind=tag caps=0x0f (config=1 ota=1 stream=1 status=1)
OTA target filter: token=-1 name=- prefix=BS uuid=-
[RECV] BS2DCE notify: CR;1;74595;cal_roto;5;C;timeout;rx_timeout;0;0;0;0;0;0
[RECV] BS2DCE notify: CR;1;74595;cal_roto;5;F;ok;ok;2836;2836;0;0;100;100
[RECV] BS2DCE notify: CR;1;74595;cal_roto;5;H;timeout;rx_timeout;0;0;0;0;0;0
[RECV] BS2DCE notify: CF;1;74595;cal_roto;5;pending;25;4;1;0;0;0
[RECV] BS2DCE notify: CS;1;74595;cal_roto;5;25;A,C,F,H;timeout,timeout,ok,timeout;0,0,100,0
[RECV] BSDC91 notify: CR;1;79366;cal_roto;5;C;timeout;rx_timeout;0;0;0;0;0;0
[RECV] BSDC91 notify: CR;1;79366;cal_roto;5;A;timeout;rx_timeout;0;0;0;0;0;0
[RECV] BSDC91 notify: CR;1;79366;cal_roto;5;F;ok;ok;2546;2546;0;0;100;100
[RECV] BSDC91 notify: CR;1;79366;cal_roto;5;H;timeout;rx_timeout;0;0;0;0;0;0
[RECV] BSDC91 notify: CF;1;79366;cal_roto;5;pending;25;4;1;0;0;0
[RECV] BSDC91 notify: CS;1;79366;cal_roto;5;25;C,A,F,H;timeout,timeout,ok,timeout;0,0,100,0
[RECV] BSF66F notify: CM;1;91200;4;timeout;0;0;0;0;58|CM;1;91200;5;ok;2487;2487;96;57;1
[RECV] BSF66F notify: CR;1;91201;cal_static;4;E;timeout;rx_timeout;0;0;0;0;0;0
[RECV] BSF66F notify: CR;1;91201;cal_static;4;F;ok;ok;2487;2487;0;0;96;96
[RECV] BSF66F notify: CR;1;91201;cal_static;4;G;timeout;rx_timeout;0;0;0;0;0;0
[RECV] BS2DCE notify: CM;1;74595;0;timeout;0;0;0;0;116
[RECV] BSF66F notify: CR;1;91201;cal_static;4;H;pending;not_measured;0;0;0;0;0;0
[RECV] BSF66F notify: CF;1;91201;cal_static;4;pending;24;4;1;0;0;0
[RECV] BSF66F notify: CS;1;91201;cal_static;4;24;E,F,G,H;timeout,ok,timeout,pending;0,96,0,0
[RECV] BSDC91 notify: CM;1;79366;0;timeout;0;0;0;0;117|CM;1;79366;2;timeout;0;0;0;0;117
[RECV] BS2DCE notify: CM;1;74595;2;timeout;0;0;0;0;116|CM;1;74595;5;ok;3033;3033;100;116;0|CM;1;74595;7;timeout;0;0;0;0;116
[RECV] BS2DCE notify: CR;1;74596;cal_roto;5;A;timeout;rx_timeout;0;0;0;0;0;0
[RECV] BS2DCE notify: CR;1;74596;cal_roto;5;C;timeout;rx_timeout;0;0;0;0;0;0
[RECV] BS2DCE notify: CR;1;74596;cal_roto;5;F;ok;ok;3033;3033;0;0;100;100
[RECV] BS2DCE notify: CR;1;74596;cal_roto;5;H;timeout;rx_timeout;0;0;0;0;0;0
[RECV] BS2DCE notify: CF;1;74596;cal_roto;5;pending;25;4;1;0;0;0
[RECV] BS2DCE notify: CS;1;74596;cal_roto;5;25;A,C,F,H;timeout,timeout,ok,timeout;0,0,100,0
[RECV] BSDC91 notify: CR;1;79367;cal_roto;5;C;timeout;rx_timeout;0;0;0;0;0;0
[RECV] BSDC91 notify: CR;1;79367;cal_roto;5;A;timeout;rx_timeout;0;0;0;0;0;0
[RECV] BSDC91 notify: CR;1;79367;cal_roto;5;F;ok;ok;2417;2417;0;0;100;100
[RECV] BSDC91 notify: CR;1;79367;cal_roto;5;H;timeout;rx_timeout;0;0;0;0;0;0
[RECV] BSDC91 notify: CF;1;79367;cal_roto;5;pending;25;4;1;0;0;0
[RECV] BSDC91 notify: CS;1;79367;cal_roto;5;25;C,A,F,H;timeout,timeout,ok,timeout;0,0,100,0
[RECV] BSF66F notify: CM;1;91201;0;timeout;0;0;0;0;58|CM;1;91201;1;timeout;0;0;0;0;58
[RECV] BSF66F notify: CR;1;91202;cal_static;4;A;timeout;rx_timeout;0;0;0;0;0;0
[RECV] BSF66F notify: CR;1;91202;cal_static;4;B;timeout;rx_timeout;0;0;0;0;0;0
[RECV] BSF66F notify: CR;1;91202;cal_static;4;C;timeout;rx_timeout;0;0;0;0;0;0
[RECV] BS2DCE notify: CM;1;74596;0;timeout;0;0;0;0;117|CM;1;74596;2;timeout;0;0;0;0;117|CM;1;74596;5;ok;3124;3124;100;117;0
[RECV] BSF66F notify: CR;1;91202;cal_static;4;D;timeout;rx_timeout;0;0;0;0;0;0
[RECV] BSF66F notify: CF;1;91202;cal_static;4;pending;0;4;0;0;0;0
[RECV] BSF66F notify: CS;1;91202;cal_static;4;0;A,B,C,D;timeout,timeout,timeout,timeout;0,0,0,0
[RECV] BSDC91 notify: CM;1;79367;0;timeout;0;0;0;0;118
[RECV] BS2DCE notify: CR;1;74597;cal_roto;5;A;timeout;rx_timeout;0;0;0;0;0;0
[RECV] BS2DCE notify: CR;1;74597;cal_roto;5;C;timeout;rx_timeout;0;0;0;0;0;0
[RECV] BS2DCE notify: CR;1;74597;cal_roto;5;F;ok;ok;3124;3124;0;0;100;100
[RECV] BS2DCE notify: CR;1;74597;cal_roto;5;H;timeout;rx_timeout;0;0;0;0;0;0
[RECV] BS2DCE notify: CF;1;74597;cal_roto;5;pending;25;4;1;0;0;0
[RECV] BS2DCE notify: CS;1;74597;cal_roto;5;25;A,C,F,H;timeout,timeout,ok,timeout;0,0,100,0
[RECV] BSDC91 notify: CM;1;79367;2;timeout;0;0;0;0;118|CM;1;79367;5;ok;2196;2196;100;115;3|CM;1;79367;7;timeout;0;0;0;0;118
[RECV] BSDC91 notify: CR;1;79368;cal_roto;5;A;timeout;rx_timeout;0;0;0;0;0;0
[RECV] BSDC91 notify: CR;1;79368;cal_roto;5;C;timeout;rx_timeout;0;0;0;0;0;0
[RECV] BSDC91 notify: CR;1;79368;cal_roto;5;F;ok;ok;2196;2196;0;0;100;100
[RECV] BSDC91 notify: CR;1;79368;cal_roto;5;H;timeout;rx_timeout;0;0;0;0;0;0
[RECV] BSDC91 notify: CF;1;79368;cal_roto;5;pending;25;4;1;0;0;0
[RECV] BSDC91 notify: CS;1;79368;cal_roto;5;25;A,C,F,H;timeout,timeout,ok,timeout;0,0,100,0
[RECV] BS2DCE notify: CM;1;74597;0;timeout;0;0;0;0;118|CM;1;74597;2;timeout;0;0;0;0;118
[RECV] BSF66F notify: CM;1;91202;4;timeout;0;0;0;0;59
[RECV] BSF66F notify: CM;1;91202;5;ok;2484;2484;96;58;1|CM;1;91202;6;timeout;0;0;0;0;56|CM;1;91202;7;timeout;0;0;0;0;35
[RECV] BSF66F notify: CR;1;91203;cal_static;4;E;timeout;rx_timeout;0;0;0;0;0;0
[RECV] BSF66F notify: CR;1;91203;cal_static;4;F;ok;ok;2484;2484;0;0;96;96
[RECV] BSF66F notify: CR;1;91203;cal_static;4;G;timeout;rx_timeout;0;0;0;0;0;0
[RECV] BSF66F notify: CR;1;91203;cal_static;4;H;timeout;rx_timeout;0;0;0;0;0;0
[RECV] BSF66F notify: CF;1;91203;cal_static;4;pending;24;4;1;0;0;0
[RECV] BSF66F notify: CS;1;91203;cal_static;4;24;E,F,G,H;timeout,ok,timeout,timeout;0,96,0,0
[RECV] BSDC91 notify: CM;1;79368;0;timeout;0;0;0;0;119|CM;1;79368;2;timeout;0;0;0;0;119|CM;1;79368;5;ok;2082;2082;100;116;3
[RECV] BS2DCE notify: CR;1;74598;cal_roto;5;A;timeout;rx_timeout;0;0;0;0;0;0
[RECV] BS2DCE notify: CR;1;74598;cal_roto;5;C;timeout;rx_timeout;0;0;0;0;0;0
[RECV] BS2DCE notify: CR;1;74598;cal_roto;5;H;timeout;rx_timeout;0;0;0;0;0;0
[RECV] BS2DCE notify: CR;1;74598;cal_roto;5;F;ok;ok;3128;3128;0;0;100;100
[RECV] BS2DCE notify: CF;1;74598;cal_roto;5;pending;25;4;1;0;0;0
[RECV] BS2DCE notify: CS;1;74598;cal_roto;5;25;A,C,H,F;timeout,timeout,timeout,ok;0,0,0,100
[RECV] BSDC91 notify: CR;1;79369;cal_roto;5;A;timeout;rx_timeout;0;0;0;0;0;0
[RECV] BSDC91 notify: CR;1;79369;cal_roto;5;C;timeout;rx_timeout;0;0;0;0;0;0
[RECV] BS2DCE notify: CM;1;74598;0;timeout;0;0;0;0;119
[RECV] BSDC91 notify: CR;1;79369;cal_roto;5;F;ok;ok;2082;2082;0;0;100;100
[RECV] BSDC91 notify: CR;1;79369;cal_roto;5;H;timeout;rx_timeout;0;0;0;0;0;0
[RECV] BSDC91 notify: CF;1;79369;cal_roto;5;pending;25;4;1;0;0;0
[RECV] BSDC91 notify: CS;1;79369;cal_roto;5;25;A,C,F,H;timeout,timeout,ok,timeout;0,0,100,0
[RECV] BSF66F notify: CM;1;91203;0;timeout;0;0;0;0;59|CM;1;91203;1;timeout;0;0;0;0;59|CM;1;91203;2;timeout;0;0;0;0;51
[RECV] BSF66F notify: CR;1;91204;cal_static;4;A;timeout;rx_timeout;0;0;0;0;0;0
[RECV] BSF66F notify: CR;1;91204;cal_static;4;B;timeout;rx_timeout;0;0;0;0;0;0
[RECV] BSF66F notify: CR;1;91204;cal_static;4;C;timeout;rx_timeout;0;0;0;0;0;0
[RECV] BSDC91 notify: CM;1;79369;0;timeout;0;0;0;0;120|CM;1;79369;2;timeout;0;0;0;0;120
[RECV] BSF66F notify: CR;1;91204;cal_static;4;D;pending;not_measured;0;0;0;0;0;0
[RECV] BSF66F notify: CF;1;91204;cal_static;4;pending;0;4;0;0;0;0
[RECV] BSF66F notify: CS;1;91204;cal_static;4;0;A,B,C,D;timeout,timeout,timeout,pending;0,0,0,0
[RECV] BS2DCE notify: CM;1;74598;2;timeout;0;0;0;0;119|CM;1;74598;5;ok;3294;3294;100;119;0|CM;1;74598;7;timeout;0;0;0;0;119
[RECV] BS2DCE notify: CR;1;74599;cal_roto;5;A;timeout;rx_timeout;0;0;0;0;0;0
[RECV] BS2DCE notify: CR;1;74599;cal_roto;5;C;timeout;rx_timeout;0;0;0;0;0;0
[RECV] BS2DCE notify: CR;1;74599;cal_roto;5;H;timeout;rx_timeout;0;0;0;0;0;0
[RECV] BS2DCE notify: CR;1;74599;cal_roto;5;F;ok;ok;3294;3294;0;0;100;100
[RECV] BS2DCE notify: CF;1;74599;cal_roto;5;pending;25;4;1;0;0;0
[RECV] BS2DCE notify: CS;1;74599;cal_roto;5;25;A,C,H,F;timeout,timeout,timeout,ok;0,0,0,100
[RECV] BSDC91 notify: CR;1;79370;cal_roto;5;A;timeout;rx_timeout;0;0;0;0;0;0
[RECV] BSDC91 notify: CR;1;79370;cal_roto;5;C;timeout;rx_timeout;0;0;0;0;0;0
[RECV] BSDC91 notify: CR;1;79370;cal_roto;5;F;ok;ok;2548;2548;0;0;100;100
[RECV] BSDC91 notify: CR;1;79370;cal_roto;5;H;timeout;rx_timeout;0;0;0;0;0;0
[RECV] BSDC91 notify: CF;1;79370;cal_roto;5;pending;25;4;1;0;0;0
[RECV] BSDC91 notify: CS;1;79370;cal_roto;5;25;A,C,F,H;timeout,timeout,ok,timeout;0,0,100,0
[RECV] BS2DCE notify: CM;1;74599;0;timeout;0;0;0;0;120|CM;1;74599;2;timeout;0;0;0;0;120|CM;1;74599;5;ok;3165;3165;100;120;0
[RECV] BSF66F notify: CM;1;91204;4;timeout;0;0;0;0;60|CM;1;91204;5;ok;2498;2498;96;59;1|CM;1;91204;6;timeout;0;0;0;0;57
[RECV] BSF66F notify: CR;1;91205;cal_static;4;E;timeout;rx_timeout;0;0;0;0;0;0
[RECV] BSF66F notify: CR;1;91205;cal_static;4;F;ok;ok;2498;2498;0;0;96;96
[RECV] BSF66F notify: CR;1;91205;cal_static;4;G;timeout;rx_timeout;0;0;0;0;0;0
[RECV] BSF66F notify: CR;1;91205;cal_static;4;H;timeout;rx_timeout;0;0;0;0;0;0
[RECV] BSF66F notify: CF;1;91205;cal_static;4;pending;24;4;1;0;0;0
[RECV] BSF66F notify: CS;1;91205;cal_static;4;24;E,F,G,H;timeout,ok,timeout,timeout;0,96,0,0
[RECV] BSDC91 notify: CM;1;79370;0;timeout;0;0;0;0;121
>>> device kind anchor
OTA NUS stage: disabled
[RECV] One-shot NUS command cleared (runtime)
[RECV] Mode switch preflight: disconnect requests=3
[RECV] device kind set: anchor (OTA target defaults reset)
[RECV] Master discovery mode: CONN & START
[RECV] Peer clear wait: waited=0 conn_count=3 ready_count=0
[RECV] Peer clear wait timeout: conn_count=3 ready_count=0
[RECV] SCAN start req: bt_ready=1 scan_running=0 connecting_slot=-1 conn_count=3 target=anchor prefix=ANCHOR-
[RECV] Scanning for ANCHOR-*
[RECV] System target: kind=anchor caps=0x0b (config=1 ota=1 stream=0 status=1)
OTA target filter: token=-1 name=- prefix=BS uuid=-
[RECV] Disconnected[2]: FC:9A:15:34:AB:20 (random) reason=0x16 link=nus ready=1
[RECV] CFG send failed[0]: tag=1 slot=0 err=-128
[RECV] TDMA weighted[0]: bs=BS2DCE profile=roto target=10Hz mask=0x0129 slots=4/10 actual_x100=1000 epoch_delay=3000
[RECV] CFG send failed[1]: tag=2 slot=1 err=-128
[RECV] TDMA weighted[1]: bs=BSDC91 profile=roto target=10Hz mask=0x0252 slots=4/10 actual_x100=1000 epoch_delay=2999
[RECV] Disconnected[1]: D5:53:48:EF:8F:59 (random) reason=0x16 link=nus ready=1
[RECV] CFG send failed[0]: tag=1 slot=0 err=-128
[RECV] TDMA weighted[0]: bs=BS2DCE profile=roto target=10Hz mask=0x0129 slots=4/10 actual_x100=1000 epoch_delay=3000
[RECV] Disconnected[0]: FF:5E:D2:80:EA:D2 (random) reason=0x16 link=nus ready=1
VERIFY: enter AUTOPOS attempt=1/3
>>> mode autopos
[AUTOPOS] Control mode staged: AUTOPOS
[AUTOPOS] Master discovery mode: CONN & START
[AUTOPOS] Peer clear wait: waited=0 conn_count=0 ready_count=0
[AUTOPOS] SCAN start req: bt_ready=1 scan_running=0 connecting_slot=-1 conn_count=0 target=anchor prefix=ANCHOR-
[AUTOPOS] Scanning for ANCHOR-*
[AUTOPOS] AUTOPOS: mode=AUTOPOS state=idle staged=- last_success=- sets=0 error=-
>>> status
