PORT=/dev/serial/by-id/usb-BioSpur_BioSpur_BLE_Control_87EA2F4A526C5A02-if00
START=2026-05-11 02:08:55
MASTER=D
PRECHECK: BSxxxx tag quarantine disabled; master/matrix anchors ignore tag polls during sweep
PRECHECK: context session_autopos_ready=1 autopos_initialized=1
PRECHECK: reusing session AUTOPOS state from matrix guard
PRECHECK: reusing existing AUTOPOS map
>>> autopos round D 100
[AUTOPOS] AUTOPOS round staged: master=D sets=100
>>> autopos status
[AUTOPOS] AUTOPOS: mode=AUTOPOS state=staged staged=D last_success=C sets=100 error=-
>>> autopos apply
[AUTOPOS] AUTOPOS apply started
[AUTOPOS] RECV_BG gate: SUPPRESS reason=autopos_detach
[AUTOPOS] AUTOPOS detach skip STOP: finite master auto-returns to matrix sets=100
[AUTOPOS] RECV_BG gate: ALLOW reason=autopos_detach_done
[AUTOPOS] SCAN start req: bt_ready=1 scan_running=0 connecting_slot=-1 conn_count=2 target=anchor prefix=ANCHOR-
[AUTOPOS] Scanning for ANCHOR-*
[AUTOPOS] AUTOPOS apply mode: incremental
[AUTOPOS] AUTOPOS apply incremental: prev_master=C new_master=D
[AUTOPOS] AUTOPOS incremental: skip C demote for finite sweep; master auto-returned to matrix
[AUTOPOS] Master discovery mode: CONN & START
[AUTOPOS] Master discovery mode: CONN & START
[AUTOPOS] SCAN start req: bt_ready=1 scan_running=0 connecting_slot=-1 conn_count=2 target=anchor prefix=ANCHOR-
[AUTOPOS] Scanning for ANCHOR-*
[AUTOPOS] AUTOPOS wait anchor ready: uuid=B2B5FA625534A8C617135DCAFC9E036A timeout_ms=12000
[AUTOPOS] AUTOPOS wait anchor ready: waited=0 ready_count=0
[AUTOPOS] READY count=0 target=anchor target_uuid=B2B5FA625534A8C617135DCAFC9E036A conn_count=2 connecting_slot=-1 scan=1 auto=1
[AUTOPOS] READY peer[0]: link=anchor-ctrl connected=1 ready=1 pending=0 inflight=0 retries=0 start_failures=0 uuid=CEE5A7EFCB35F8A56B430047629F5309 name=- state_h=0x0012 ctrl_h=0x0019 result_h=0x001b
[AUTOPOS] READY peer[1]: link=anchor-ctrl connected=1 ready=1 pending=0 inflight=0 retries=0 start_failures=0 uuid=B9179575C776C98F1CB132DD6EDC6223 name=- state_h=0x0012 ctrl_h=0x0019 result_h=0x001b
[AUTOPOS] SCAN hit: F9:5B:1A:A3:84:45 (random) rssi=-56 name=- bs=- uuid=B2B5FA625534A8C617135DCAFC9E036A target=anchor uuid_ok=1 tag_name=0 anchor_name=0 nus=0 dfu=0 token=0 props=0x03
[AUTOPOS] CONNECT queue[2]: addr=F9:5B:1A:A3:84:45 (random) link=anchor-ctrl uuid=B2B5FA625534A8C617135DCAFC9E036A target=anchor
[AUTOPOS] CONNECT pending[2]: addr_valid=1 link=anchor-ctrl uuid=B2B5FA625534A8C617135DCAFC9E036A scan_running=1 conn_count=2
[AUTOPOS] CONNECT pending[2]: bt_le_scan_stop rc=0 scan_running=1
[AUTOPOS] CONNECT pending[2] rc=0 conn=0x20004a78 interval=32-56 timeout=1000
[AUTOPOS] Connected[2]: F9:5B:1A:A3:84:45 (random) name=- bs=-
[AUTOPOS] CONNECT state[2]: link=anchor-ctrl uuid=B2B5FA625534A8C617135DCAFC9E036A ready=0 conn=0x20004a78
SETUP[2] begin: link=anchor-ctrl uuid=B2B5FA625534A8C617135DCAFC9E036A conn=0x20004a78
SETUP[2] anchor-ctrl result-stream mtu_exchange rc=0
SETUP[2] conn_param_update rc=0 interval=32-56 timeout=1000
Anchor ctrl result-stream subscribe[2] rc=0
ANCHOR_CTRL[2] static link ready state=0x0012 ctrl=0x0019 result=0x001b uuid=B2B5FA625534A8C617135DCAFC9E036A
[AUTOPOS] AUTOPOS wait anchor ready: waited=800 ready_count=1
[AUTOPOS] READY count=1 target=anchor target_uuid=B2B5FA625534A8C617135DCAFC9E036A conn_count=3 connecting_slot=-1 scan=0 auto=1
[AUTOPOS] READY peer[0]: link=anchor-ctrl connected=1 ready=1 pending=0 inflight=0 retries=0 start_failures=0 uuid=CEE5A7EFCB35F8A56B430047629F5309 name=- state_h=0x0012 ctrl_h=0x0019 result_h=0x001b
[AUTOPOS] READY peer[1]: link=anchor-ctrl connected=1 ready=1 pending=0 inflight=0 retries=0 start_failures=0 uuid=B9179575C776C98F1CB132DD6EDC6223 name=- state_h=0x0012 ctrl_h=0x0019 result_h=0x001b
[AUTOPOS] READY peer[2]: link=anchor-ctrl connected=1 ready=1 pending=0 inflight=0 retries=0 start_failures=0 uuid=B2B5FA625534A8C617135DCAFC9E036A name=- state_h=0x0012 ctrl_h=0x0019 result_h=0x001b
[AUTOPOS] AUTOPOS wait anchor ready: uuid=B2B5FA625534A8C617135DCAFC9E036A control link ready
[AUTOPOS] Master anchor result stream: on
[AUTOPOS] BLE cmd skip[0]: target mismatch kind=anchor target_name=- target_uuid=B2B5FA625534A8C617135DCAFC9E036A peer_name=- peer_bs=- peer_uuid=CEE5A7EFCB35F8A56B430047629F5309 link=anchor-ctrl ready=1
[AUTOPOS] BLE cmd skip[1]: target mismatch kind=anchor target_name=- target_uuid=B2B5FA625534A8C617135DCAFC9E036A peer_name=- peer_bs=- peer_uuid=B9179575C776C98F1CB132DD6EDC6223 link=anchor-ctrl ready=1
[AUTOPOS] Anchor ctrl sent[2]: RM 100 uuid=B2B5FA625534A8C617135DCAFC9E036A
[AUTOPOS] MTU exchange[2] failed (0)
[AUTOPOS] Disconnected[2]: F9:5B:1A:A3:84:45 (random) reason=0x3e link=anchor-ctrl ready=1
[AUTOPOS] SCAN start req: bt_ready=1 scan_running=0 connecting_slot=-1 conn_count=2 target=anchor prefix=ANCHOR-
[AUTOPOS] Scanning for ANCHOR-*
[AUTOPOS] SCAN hit: F9:5B:1A:A3:84:45 (random) rssi=-56 name=- bs=- uuid=B2B5FA625534A8C617135DCAFC9E036A target=anchor uuid_ok=1 tag_name=0 anchor_name=0 nus=0 dfu=0 token=0 props=0x03
[AUTOPOS] CONNECT queue[2]: addr=F9:5B:1A:A3:84:45 (random) link=anchor-ctrl uuid=B2B5FA625534A8C617135DCAFC9E036A target=anchor
[AUTOPOS] CONNECT pending[2]: addr_valid=1 link=anchor-ctrl uuid=B2B5FA625534A8C617135DCAFC9E036A scan_running=1 conn_count=2
[AUTOPOS] CONNECT pending[2]: bt_le_scan_stop rc=0 scan_running=1
[AUTOPOS] CONNECT pending[2] rc=0 conn=0x20004a78 interval=32-56 timeout=1000
[AUTOPOS] Connected[2]: F9:5B:1A:A3:84:45 (random) name=- bs=-
[AUTOPOS] CONNECT state[2]: link=anchor-ctrl uuid=B2B5FA625534A8C617135DCAFC9E036A ready=0 conn=0x20004a78
SETUP[2] begin: link=anchor-ctrl uuid=B2B5FA625534A8C617135DCAFC9E036A conn=0x20004a78
SETUP[2] anchor-ctrl result-stream mtu_exchange rc=0
SETUP[2] conn_param_update rc=0 interval=32-56 timeout=1000
Anchor ctrl result-stream subscribe[2] rc=0
ANCHOR_CTRL[2] static link ready state=0x0012 ctrl=0x0019 result=0x001b uuid=B2B5FA625534A8C617135DCAFC9E036A
[AUTOPOS] MTU exchange[2] done (498)
[AUTOPOS] Conn param updated[2]: int=56 lat=0 to=1000
[AUTOPOS] AUTOPOS result: DBG ROLE_SWITCH anchor=D role=matrix sets=0
[AUTOPOS] AUTOPOS state: STATE fw=alt-bcast-a40-pendingguard-g120 bs=BS20AC uuid=B2B5FA625534A8C617135DCAFC9E036A label=D role=matrix cfg_valid=1 busy=1 pending_valid=1 schema=2 gen=0 reboot_required=0
[AUTOPOS] AUTOPOS result: DBG ROLE_SWITCH anchor=D role=matrix sets=0
[AUTOPOS] AUTOPOS state: STATE fw=alt-bcast-a40-pendingguard-g120 bs=BS20AC uuid=B2B5FA625534A8C617135DCAFC9E036A label=D role=matrix cfg_valid=1 busy=1 pending_valid=1 schema=2 gen=0 reboot_required=0
[AUTOPOS] Conn param updated[2]: int=56 lat=0 to=1000
[AUTOPOS] AUTOPOS result: DBG ROLE_SWITCH anchor=D role=matrix sets=0
[AUTOPOS] AUTOPOS state: STATE fw=alt-bcast-a40-pendingguard-g120 bs=BS20AC uuid=B2B5FA625534A8C617135DCAFC9E036A label=D role=matrix cfg_valid=1 busy=1 pending_valid=1 schema=2 gen=0 reboot_required=0
[AUTOPOS] AUTOPOS result: DBG ROLE_SWITCH anchor=D role=matrix sets=0
[AUTOPOS] AUTOPOS state: STATE fw=alt-bcast-a40-pendingguard-g120 bs=BS20AC uuid=B2B5FA625534A8C617135DCAFC9E036A label=D role=matrix cfg_valid=1 busy=1 pending_valid=1 schema=2 gen=0 reboot_required=0
[AUTOPOS] Disconnected[1]: C0:1D:D1:D0:CE:B0 (random) reason=0x08 link=anchor-ctrl ready=1
[AUTOPOS] SCAN start req: bt_ready=1 scan_running=0 connecting_slot=-1 conn_count=2 target=anchor prefix=ANCHOR-
[AUTOPOS] Scanning for ANCHOR-*
[AUTOPOS] AUTOPOS anchor D runtime sweep cmd failed rc=-116; forcing control-link reconnect retry
[AUTOPOS] Master disconnect target peer[2]: connected=1 ready=1 link=anchor-ctrl uuid=B2B5FA625534A8C617135DCAFC9E036A
[AUTOPOS] Disconnected[2]: F9:5B:1A:A3:84:45 (random) reason=0x16 link=anchor-ctrl ready=0
[AUTOPOS] RECV_BG suppressed: quiesce disconnect restart blocked remaining=0
[AUTOPOS] Master discovery mode: CONN & START
[AUTOPOS] Master discovery mode: CONN & START
[AUTOPOS] SCAN start req: bt_ready=1 scan_running=0 connecting_slot=-1 conn_count=1 target=anchor prefix=ANCHOR-
[AUTOPOS] Scanning for ANCHOR-*
[AUTOPOS] AUTOPOS wait anchor ready: uuid=B2B5FA625534A8C617135DCAFC9E036A timeout_ms=15000
[AUTOPOS] AUTOPOS wait anchor ready: waited=0 ready_count=0
[AUTOPOS] READY count=0 target=anchor target_uuid=B2B5FA625534A8C617135DCAFC9E036A conn_count=1 connecting_slot=-1 scan=1 auto=1
[AUTOPOS] READY peer[0]: link=anchor-ctrl connected=1 ready=1 pending=0 inflight=0 retries=0 start_failures=0 uuid=CEE5A7EFCB35F8A56B430047629F5309 name=- state_h=0x0012 ctrl_h=0x0019 result_h=0x001b
[AUTOPOS] SCAN hit: F9:5B:1A:A3:84:45 (random) rssi=-59 name=- bs=- uuid=B2B5FA625534A8C617135DCAFC9E036A target=anchor uuid_ok=1 tag_name=0 anchor_name=0 nus=0 dfu=0 token=0 props=0x03
[AUTOPOS] CONNECT queue[1]: addr=F9:5B:1A:A3:84:45 (random) link=anchor-ctrl uuid=B2B5FA625534A8C617135DCAFC9E036A target=anchor
[AUTOPOS] CONNECT pending[1]: addr_valid=1 link=anchor-ctrl uuid=B2B5FA625534A8C617135DCAFC9E036A scan_running=1 conn_count=1
[AUTOPOS] CONNECT pending[1]: bt_le_scan_stop rc=0 scan_running=1
[AUTOPOS] CONNECT pending[1] rc=0 conn=0x200049a8 interval=32-56 timeout=1000
[AUTOPOS] Connected[1]: F9:5B:1A:A3:84:45 (random) name=- bs=-
[AUTOPOS] CONNECT state[1]: link=anchor-ctrl uuid=B2B5FA625534A8C617135DCAFC9E036A ready=0 conn=0x200049a8
SETUP[1] begin: link=anchor-ctrl uuid=B2B5FA625534A8C617135DCAFC9E036A conn=0x200049a8
SETUP[1] anchor-ctrl result-stream mtu_exchange rc=0
SETUP[1] conn_param_update rc=0 interval=32-56 timeout=1000
Anchor ctrl result-stream subscribe[1] rc=0
ANCHOR_CTRL[1] static link ready state=0x0012 ctrl=0x0019 result=0x001b uuid=B2B5FA625534A8C617135DCAFC9E036A
[AUTOPOS] AUTOPOS wait anchor ready: waited=600 ready_count=1
[AUTOPOS] READY count=1 target=anchor target_uuid=B2B5FA625534A8C617135DCAFC9E036A conn_count=2 connecting_slot=-1 scan=0 auto=1
[AUTOPOS] READY peer[0]: link=anchor-ctrl connected=1 ready=1 pending=0 inflight=0 retries=0 start_failures=0 uuid=CEE5A7EFCB35F8A56B430047629F5309 name=- state_h=0x0012 ctrl_h=0x0019 result_h=0x001b
[AUTOPOS] READY peer[1]: link=anchor-ctrl connected=1 ready=1 pending=0 inflight=0 retries=0 start_failures=0 uuid=B2B5FA625534A8C617135DCAFC9E036A name=- state_h=0x0012 ctrl_h=0x0019 result_h=0x001b
[AUTOPOS] AUTOPOS wait anchor ready: uuid=B2B5FA625534A8C617135DCAFC9E036A control link ready
[AUTOPOS] Master discovery mode: CONN & START
[AUTOPOS] AUTOPOS wait anchor ready: uuid=B2B5FA625534A8C617135DCAFC9E036A reuse existing ready control link
[AUTOPOS] Master anchor result stream: on
[AUTOPOS] MTU exchange[1] done (498)
[AUTOPOS] BLE cmd skip[0]: target mismatch kind=anchor target_name=- target_uuid=B2B5FA625534A8C617135DCAFC9E036A peer_name=- peer_bs=- peer_uuid=CEE5A7EFCB35F8A56B430047629F5309 link=anchor-ctrl ready=1
[AUTOPOS] Anchor ctrl sent[1]: RM 100 uuid=B2B5FA625534A8C617135DCAFC9E036A
[AUTOPOS] ANCHOR_CTRL[1] notify: OK RUNTIME_SWITCH_REQUESTED SWEEP=100
[AUTOPOS] ANCHOR_CTRL[1] notify: DBG ROLE_SWITCH anchor=D role=master sets=100
[AUTOPOS] ANCHOR_CTRL[1] notify: DBG ROLE_START anchor=D role=master sets=100
[AUTOPOS] ANCHOR_CTRL[1] notify: DBG MASTER_START anchor=D peers=7 sets=100
[AUTOPOS] ANCHOR_CTRL[1] notify: DBG MASTER_FIRST_PEER anchor=D peer=A
[AUTOPOS] ANCHOR_CTRL[1] notify: DBG MASTER_FIRST_RESULT anchor=D peer=A rx=0 status=0x008200f2
[AUTOPOS] AUTOPOS result: DBG MASTER_FIRST_RESULT anchor=D peer=A rx=0 status=0x008200f2
[AUTOPOS] SW-D,A,0,0,B,0,0,C,43719,100,E,0,0,F,0,0,G,4263,100,H,1514,100
[AUTOPOS] Conn param updated[1]: int=56 lat=0 to=1000
[AUTOPOS] AUTOPOS state: STATE fw=alt-bcast-a40-pendingguard-g120 bs=BS20AC uuid=B2B5FA625534A8C617135DCAFC9E036A label=D role=master cfg_valid=1 busy=1 pending_valid=1 schema=2 gen=0 reboot_required=0
[AUTOPOS] AUTOPOS runtime accept via role state: master=D
[AUTOPOS] AUTOPOS anchor D role verified
[AUTOPOS] AUTOPOS apply success: master=D
[AUTOPOS] AUTOPOS finite sweep handoff: master=D sets=100; host waits for SWEEP_DONE
[AUTOPOS] AUTOPOS sweep listen attach: master=D uuid=B2B5FA625534A8C617135DCAFC9E036A
[AUTOPOS] Master anchor result stream: on
[AUTOPOS] Master discovery mode: CONN & START
[AUTOPOS] SW-D,A,0,0,B,0,0,C,3987,100,E,0,0,F,0,0,G,4299,100,H,1492,100
[AUTOPOS] SW-D,A,0,0,B,0,0,C,3996,100,E,0,0,F,0,0,G,4327,100,H,1556,100
[AUTOPOS] SW-D,A,0,0,B,0,0,C,3899,100,E,0,0,F,0,0,G,4337,100,H,1488,100
[AUTOPOS] SW-D,A,0,0,B,0,0,C,3965,100,E,0,0,F,0,0,G,4322,100,H,1473,100
[AUTOPOS] SW-D,A,0,0,B,0,0,C,3993,100,E,0,0,F,0,0,G,4285,100,H,1535,100
[AUTOPOS] SW-D,A,0,0,B,0,0,C,3945,100,E,0,0,F,0,0,G,4327,100,H,1532,100
[AUTOPOS] SW-D,A,0,0,B,0,0,C,3930,100,E,0,0,F,0,0,G,4302,100,H,1503,100
[AUTOPOS] SW-D,A,0,0,B,0,0,C,3993,100,E,0,0,F,0,0,G,4327,100,H,1524,100
[AUTOPOS] SW-D,A,5514,100,B,2822,100,C,3968,100,E,5117,100,F,3358,100,G,4352,100,H,1528,100
[AUTOPOS] SW-D,A,5577,100,B,2815,100,C,4012,100,E,5134,100,F,3399,100,G,4336,100,H,1545,100
[AUTOPOS] SW-D,A,5585,100,B,2810,100,C,3993,100,E,5179,100,F,3445,100,G,4364,100,H,1561,100
[AUTOPOS] SW-D,A,5503,100,B,2810,100,C,3960,100,E,5203,100,F,3450,100,G,4288,100,H,1535,100
[AUTOPOS] SW-D,A,5575,100,B,2867,80,C,3982,100,E,5176,100,F,3419,100,G,4360,100,H,1542,100
[AUTOPOS] SW-D,A,5538,100,B,2831,83,C,3977,100,E,5122,100,F,3463,100,G,4355,100,H,1558,100
[AUTOPOS] SW-D,A,5584,100,B,2861,85,C,3979,100,E,5074,100,F,3382,100,G,4312,100,H,1563,100
[AUTOPOS] SW-D,A,5603,100,B,2775,87,C,3948,100,E,5105,100,F,3350,100,G,4346,100,H,1596,100
[AUTOPOS] SW-D,A,5570,100,B,2833,88,C,3975,100,E,5101,100,F,3436,100,G,4314,100,H,1578,100
[AUTOPOS] SW-D,A,5501,100,B,2858,90,C,3963,100,E,5085,100,F,3361,100,G,4300,100,H,1510,100
[AUTOPOS] SW-D,A,5592,100,B,2857,90,C,3972,100,E,5059,100,F,3427,100,G,4340,100,H,1588,100
[AUTOPOS] SW-D,A,5604,100,B,2853,91,C,4018,100,E,5142,100,F,3427,100,G,4335,100,H,1571,100
[AUTOPOS] SW-D,A,5604,100,B,2808,92,C,3948,100,E,5057,100,F,3427,100,G,4352,100,H,1588,100
[AUTOPOS] SW-D,A,5604,100,B,2843,92,C,3973,100,E,5074,100,F,3427,100,G,4305,100,H,1538,100
[AUTOPOS] SW-D,A,5604,100,B,2791,93,C,3920,100,E,5041,100,F,3427,100,G,4368,100,H,1551,100
[AUTOPOS] SW-D,A,5604,100,B,2869,93,C,3927,100,E,5062,100,F,3427,100,G,4318,100,H,1554,100
[AUTOPOS] SW-D,A,5604,100,B,2841,94,C,3981,100,E,5046,100,F,3427,100,G,4289,100,H,1529,100
[AUTOPOS] SW-D,A,5604,100,B,2850,94,C,4010,100,E,5124,100,F,3427,100,G,4380,100,H,1555,100
[AUTOPOS] SW-D,A,5604,100,B,2816,94,C,3955,100,E,5123,100,F,3427,100,G,4321,100,H,1480,100
[AUTOPOS] SW-D,A,5604,100,B,2836,95,C,3899,100,E,5121,100,F,3427,100,G,4321,100,H,1614,100
[AUTOPOS] SW-D,A,5604,100,B,2806,95,C,3904,100,E,5119,100,F,3427,100,G,4315,96,H,1497,100
[AUTOPOS] SW-D,A,5604,100,B,2821,95,C,3949,100,E,5054,100,F,3427,100,G,4329,96,H,1532,100
[AUTOPOS] SW-D,A,5604,100,B,2846,95,C,3991,100,E,5107,100,F,3427,100,G,4326,96,H,1531,100
[AUTOPOS] SW-D,A,5604,100,B,2806,95,C,3995,100,E,5045,100,F,3427,100,G,4283,100,H,1520,100
[AUTOPOS] SW-D,A,5604,100,B,2806,95,C,3920,100,E,5086,100,F,3427,100,G,4360,100,H,1596,100
[AUTOPOS] SW-D,A,5604,100,B,2893,92,C,3973,100,E,5181,100,F,3427,100,G,4314,100,H,1501,100
[AUTOPOS] SW-D,A,5604,100,B,2894,92,C,3964,100,E,5113,100,F,3427,100,G,4325,100,H,1511,100
[AUTOPOS] SW-D,A,5604,100,B,2876,92,C,3919,100,E,5047,100,F,3427,100,G,4366,100,H,1577,100
[AUTOPOS] SW-D,A,5604,100,B,2811,93,C,3947,100,E,5086,100,F,3427,100,G,4324,100,H,1541,100
[AUTOPOS] SW-D,A,5604,100,B,2868,93,C,3971,100,E,5141,100,F,3427,100,G,4362,100,H,1533,100
[AUTOPOS] SW-D,A,5604,100,B,2801,93,C,3925,100,E,5102,100,F,3427,100,G,4313,100,H,1463,100
[AUTOPOS] SW-D,A,5604,100,B,2852,93,C,3933,100,E,5025,100,F,3427,100,G,4304,100,H,1553,100
[AUTOPOS] SW-D,A,5604,100,B,2772,94,C,3976,100,E,5113,100,F,3427,100,G,4321,100,H,1462,100
[AUTOPOS] SW-D,A,5604,100,B,2793,94,C,3918,100,E,5128,100,F,3427,100,G,4318,100,H,1590,100
[AUTOPOS] SW-D,A,5604,100,B,2788,94,C,3980,100,E,5069,100,F,3427,100,G,4358,100,H,1529,100
[AUTOPOS] SW-D,A,5604,100,B,2861,95,C,3964,100,E,5146,100,F,3427,100,G,4345,100,H,1600,100
[AUTOPOS] SW-D,A,5604,100,B,2760,95,C,3920,100,E,5023,100,F,3427,100,G,4325,100,H,1495,100
[AUTOPOS] SW-D,A,5604,100,B,2836,95,C,3978,100,E,5104,100,F,3427,100,G,4278,100,H,1494,100
[AUTOPOS] SW-D,A,5604,100,B,2786,95,C,3917,100,E,5080,100,F,3427,100,G,4319,100,H,1508,100
[AUTOPOS] SW-D,A,5604,100,B,2877,95,C,3977,100,E,5132,100,F,3427,100,G,4311,100,H,1516,100
[AUTOPOS] SW-D,A,5604,100,B,2812,96,C,4003,100,E,5132,100,F,3427,100,G,4337,100,H,1542,100
[AUTOPOS] SW-D,A,5604,100,B,2855,96,C,4010,100,E,5078,96,F,3427,100,G,4301,100,H,1544,100
[AUTOPOS] SW-D,A,5604,100,B,2826,96,C,4009,100,E,5103,96,F,3427,100,G,4312,100,H,1549,100
[AUTOPOS] SW-D,A,5604,100,B,2844,96,C,4001,100,E,5077,96,F,3427,100,G,4332,100,H,1502,100
[AUTOPOS] SW-D,A,5604,100,B,2826,96,C,3943,100,E,5008,96,F,3427,100,G,4305,100,H,1480,100
[AUTOPOS] SW-D,A,5604,100,B,2846,96,C,3937,100,E,5075,96,F,3427,100,G,4340,100,H,1557,100
[AUTOPOS] SW-D,A,5604,100,B,2805,96,C,3976,100,E,5089,96,F,3427,100,G,4365,100,H,1547,100
[AUTOPOS] SW-D,A,5604,100,B,2825,96,C,4009,100,E,5162,96,F,3427,100,G,4356,100,H,1539,100
[AUTOPOS] SW-D,A,5604,100,B,2815,100,C,4018,100,E,5106,100,F,3427,100,G,4318,100,H,1547,100
[AUTOPOS] Conn param updated[1]: int=56 lat=0 to=1000
[AUTOPOS] SW-D,A,5604,100,B,2790,100,C,4007,100,E,5093,100,F,3427,100,G,4318,100,H,1595,100
[AUTOPOS] SW-D,A,5604,100,B,2784,100,C,3996,100,E,5125,100,F,3427,100,G,4318,96,H,1496,100
[AUTOPOS] SW-D,A,5604,100,B,2844,100,C,3921,100,E,5122,100,F,3427,100,G,4325,96,H,1529,100
[AUTOPOS] SW-D,A,5604,100,B,2793,100,C,4008,100,E,5105,100,F,3427,100,G,4317,96,H,1554,100
[AUTOPOS] SW-D,A,5604,100,B,2805,100,C,3943,100,E,5145,100,F,3427,100,G,4340,96,H,1561,100
[AUTOPOS] SW-D,A,5604,100,B,2805,100,C,4009,100,E,5111,100,F,3427,100,G,4315,96,H,1596,100
[AUTOPOS] SW-D,A,5604,100,B,2874,95,C,3991,100,E,5078,100,F,3427,100,G,4283,100,H,1494,100
[AUTOPOS] SW-D,A,5604,100,B,2793,96,C,3992,100,E,5104,100,F,3427,100,G,4314,100,H,1503,100
[AUTOPOS] SW-D,A,5604,100,B,2814,96,C,3887,100,E,5071,100,F,3427,100,G,4347,100,H,1583,100
[AUTOPOS] SW-D,A,5604,100,B,2780,96,C,3945,100,E,5111,100,F,3427,100,G,4342,100,H,1554,100
[AUTOPOS] SW-D,A,5604,100,B,2844,96,C,3991,100,E,5149,100,F,3427,100,G,4315,100,H,1555,100
[AUTOPOS] SW-D,A,5604,100,B,2765,96,C,3955,100,E,5051,100,F,3427,100,G,4348,100,H,1523,100
[AUTOPOS] SW-D,A,5604,100,B,2812,96,C,3984,100,E,5133,100,F,3427,100,G,4367,100,H,1553,100
[AUTOPOS] SW-D,A,5604,100,B,2802,96,C,3953,100,E,5124,100,F,3427,100,G,4298,100,H,1486,100
[AUTOPOS] SW-D,A,5604,100,B,2826,96,C,3937,100,E,1489,100,F,3427,100,G,4321,100,H,1546,100
[AUTOPOS] SW-D,A,5604,100,B,2833,100,C,3969,100,E,5167,100,F,3427,100,G,4358,100,H,1492,100
[AUTOPOS] SW-D,A,5604,100,B,2848,100,C,4005,100,E,5085,100,F,3427,100,G,4324,100,H,1573,100
[AUTOPOS] SW-D,A,5604,100,B,2866,100,C,4001,100,E,5089,100,F,3427,100,G,4319,100,H,1509,100
[AUTOPOS] SW-D,A,5604,100,B,2823,100,C,3938,100,E,5062,100,F,3427,100,G,4272,100,H,1541,100
[AUTOPOS] SW-D,A,5604,100,B,2834,100,C,3936,100,E,5121,100,F,3427,100,G,4344,100,H,1531,100
[AUTOPOS] SW-D,A,5604,100,B,2859,100,C,3959,100,E,5106,100,F,3427,100,G,4324,100,H,1479,100
[AUTOPOS] SW-D,A,5604,100,B,2860,100,C,3984,100,E,5196,100,F,3427,100,G,4364,100,H,1570,100
[AUTOPOS] SW-D,A,5604,100,B,2826,100,C,4012,100,E,5134,100,F,3427,100,G,4305,100,H,1501,100
[AUTOPOS] SW-D,A,5604,100,B,2807,100,C,3921,100,E,5041,100,F,3427,100,G,4314,100,H,1608,100
[AUTOPOS] SW-D,A,5604,100,B,2802,100,C,3977,100,E,5072,100,F,3427,100,G,4316,100,H,1475,100
[AUTOPOS] SW-D,A,5604,100,B,2865,100,C,3975,100,E,5139,100,F,3427,100,G,4350,100,H,1568,100
[AUTOPOS] SW-D,A,5604,100,B,2827,100,C,3992,100,E,5109,100,F,3427,100,G,4335,100,H,1594,100
[AUTOPOS] SW-D,A,5604,100,B,2917,100,C,4000,100,E,5124,100,F,3427,100,G,4332,100,H,1562,100
[AUTOPOS] SW-D,A,5604,100,B,2821,100,C,3972,100,E,5142,100,F,3427,100,G,4318,100,H,1485,100
[AUTOPOS] SW-D,A,5604,100,B,2828,100,C,3978,100,E,5105,100,F,3427,100,G,4328,100,H,1470,100
[AUTOPOS] SW-D,A,5604,100,B,2790,100,C,3953,100,E,5091,100,F,3427,100,G,4372,100,H,1515,100
[AUTOPOS] SW-D,A,5604,100,B,2799,100,C,4006,100,E,5169,100,F,3338,11,G,4377,100,H,1533,100
[AUTOPOS] SW-D,A,5590,11,B,2813,100,C,3999,100,E,5120,100,F,3368,16,G,4293,100,H,1528,100
[AUTOPOS] SW-D,A,5551,15,B,2815,100,C,3941,100,E,5125,100,F,3387,21,G,4346,100,H,1538,100
[AUTOPOS] SW-D,A,5534,20,B,2815,100,C,3959,100,E,5141,100,F,3417,25,G,4320,100,H,1571,100
[AUTOPOS] SW-D,A,5537,23,B,2821,95,C,4010,100,E,5142,100,F,3397,28,G,4359,100,H,1589,100
[AUTOPOS] SW-D,A,5584,27,B,2800,95,C,3956,100,E,5186,100,F,3420,31,G,4329,100,H,1566,100
[AUTOPOS] SW-D,A,5506,30,B,2828,95,C,3914,100,E,5141,100,F,3380,34,G,4365,100,H,1552,100
[AUTOPOS] SW-D,A,5530,33,B,2877,95,C,3986,100,E,5122,100,F,3345,37,G,4321,100,H,1554,100
[AUTOPOS] SW-D,A,5530,33,B,2877,95,C,3924,100,E,5122,100,F,3345,37,G,4287,100,H,1504,100
[AUTOPOS] SW-D,A,5530,33,B,2877,95,C,3921,100,E,5122,100,F,3345,37,G,4362,100,H,1534,100
[AUTOPOS] SW-D,A,5530,33,B,2877,95,C,3916,100,E,5122,100,F,3345,37,G,4317,100,H,1510,100
[AUTOPOS] ANCHOR_CTRL[1] notify: SWEEP_DONE master=D sets=100 role=matrix
[AUTOPOS] ANCHOR_CTRL[1] notify: DBG ROLE_SWITCH anchor=D role=matrix sets=0
END=2026-05-11 02:09:20
