PORT=/dev/serial/by-id/usb-BioSpur_BioSpur_BLE_Control_87EA2F4A526C5A02-if00
START=2026-05-22 16:44:13
MASTER=C
PRECHECK: BSxxxx tag quarantine disabled; master/matrix anchors ignore tag polls during sweep
PRECHECK: context session_autopos_ready=1 autopos_initialized=1
PRECHECK: reusing session AUTOPOS state from matrix guard
PRECHECK: reusing existing AUTOPOS map
>>> autopos round C 1010
[AUTOPOS] AUTOPOS round staged: master=C sets=1010
>>> autopos status
[AUTOPOS] AUTOPOS: mode=AUTOPOS state=staged staged=C last_success=B sets=1010 error=-
>>> autopos apply
[AUTOPOS] AUTOPOS apply started
[AUTOPOS] RECV_BG gate: SUPPRESS reason=autopos_detach
[AUTOPOS] AUTOPOS detach skip STOP: finite master auto-returns to matrix sets=1010
[AUTOPOS] RECV_BG gate: ALLOW reason=autopos_detach_done
[AUTOPOS] SCAN start req: bt_ready=1 scan_running=0 connecting_slot=-1 conn_count=8 target=anchor prefix=ANCHOR-
[AUTOPOS] Scanning for ANCHOR-*
[AUTOPOS] AUTOPOS apply mode: incremental
[AUTOPOS] AUTOPOS apply incremental: prev_master=B new_master=C
[AUTOPOS] Master discovery mode: CONN & START
[AUTOPOS] AUTOPOS wait anchor ready: uuid=B9179575C776C98F1CB132DD6EDC6223 reuse existing ready control link (discovery remains active)
[AUTOPOS] AUTOPOS state: STATE fw=us-hc-exp4-tail900-start5 bs=BS592A uuid=B9179575C776C98F1CB132DD6EDC6223 label=B role=matrix cfg_valid=1 busy=1 pending_valid=1 schema=2 gen=3 reboot_required=0
[AUTOPOS] AUTOPOS state: STATE fw=us-hc-exp4-tail900-start5 bs=BS592A uuid=B9179575C776C98F1CB132DD6EDC6223 label=B role=matrix cfg_valid=1 busy=1 pending_valid=1 schema=2 gen=3 reboot_required=0
[AUTOPOS] AUTOPOS anchor B already active role=matrix cfg_valid=1; keeping current config
[AUTOPOS] AUTOPOS anchor B role verified
[AUTOPOS] Master discovery mode: CONN & START
[AUTOPOS] AUTOPOS wait anchor ready: uuid=CEE5A7EFCB35F8A56B430047629F5309 reuse existing ready control link (discovery remains active)
[AUTOPOS] AUTOPOS state: STATE fw=us-hc-exp4-tail900-start5 bs=BS5380 uuid=CEE5A7EFCB35F8A56B430047629F5309 label=C role=matrix cfg_valid=1 busy=1 pending_valid=1 schema=2 gen=3 reboot_required=0
[AUTOPOS] AUTOPOS state: STATE fw=us-hc-exp4-tail900-start5 bs=BS5380 uuid=CEE5A7EFCB35F8A56B430047629F5309 label=C role=matrix cfg_valid=1 busy=1 pending_valid=1 schema=2 gen=3 reboot_required=0
[AUTOPOS] BLE cmd skip[0]: target mismatch kind=anchor target_name=- target_uuid=CEE5A7EFCB35F8A56B430047629F5309 peer_name=- peer_bs=- peer_uuid=F3BB7A04104F9CB8561DDDACB9E53714 link=anchor-ctrl ready=1
[AUTOPOS] BLE cmd skip[1]: target mismatch kind=anchor target_name=- target_uuid=CEE5A7EFCB35F8A56B430047629F5309 peer_name=- peer_bs=- peer_uuid=B1E487C2B1FD740D1442206A1857DFA1 link=anchor-ctrl ready=1
[AUTOPOS] BLE cmd skip[2]: target mismatch kind=anchor target_name=- target_uuid=CEE5A7EFCB35F8A56B430047629F5309 peer_name=- peer_bs=- peer_uuid=B3087BC3D87CCCD316AEDC6B71D6677F link=anchor-ctrl ready=1
[AUTOPOS] BLE cmd skip[3]: target mismatch kind=anchor target_name=- target_uuid=CEE5A7EFCB35F8A56B430047629F5309 peer_name=- peer_bs=- peer_uuid=840C68591E90019821AACFF1B73AAA34 link=anchor-ctrl ready=1
[AUTOPOS] BLE cmd skip[4]: target mismatch kind=anchor target_name=- target_uuid=CEE5A7EFCB35F8A56B430047629F5309 peer_name=- peer_bs=- peer_uuid=A892AF05DD59CF0D0D3408AD74F364A1 link=anchor-ctrl ready=1
[AUTOPOS] BLE cmd skip[5]: target mismatch kind=anchor target_name=- target_uuid=CEE5A7EFCB35F8A56B430047629F5309 peer_name=- peer_bs=- peer_uuid=B9179575C776C98F1CB132DD6EDC6223 link=anchor-ctrl ready=1
[AUTOPOS] Anchor ctrl sent[6]: RUNTIME MASTER SWEEP 1010 uuid=CEE5A7EFCB35F8A56B430047629F5309
[AUTOPOS] BLE cmd skip[7]: target mismatch kind=anchor target_name=- target_uuid=CEE5A7EFCB35F8A56B430047629F5309 peer_name=- peer_bs=- peer_uuid=B2B5FA625534A8C617135DCAFC9E036A link=anchor-ctrl ready=1
[AUTOPOS] ANCHOR_CTRL[6] notify: OK RUNTIME_SWITCH_REQUESTED SWEEP=1010
[AUTOPOS] AUTOPOS result: OK RUNTIME_SWITCH_REQUESTED SWEEP=1010
[AUTOPOS] AUTOPOS state: STATE fw=us-hc-exp4-tail900-start5 bs=BS5380 uuid=CEE5A7EFCB35F8A56B430047629F5309 label=C role=master cfg_valid=1 busy=1 pending_valid=1 schema=2 gen=3 reboot_required=0
[AUTOPOS] AUTOPOS anchor C role verified
[AUTOPOS] AUTOPOS apply success: master=C
[AUTOPOS] SW-C warmup discard 1/10 minq=100
finite sweep handoff: master=C sets=1010; host waits for SWEEP_DONE
[AUTOPOS] SW-C warmup discard 2/10 minq=100
[AUTOPOS] SW-C warmup discard 3/10 minq=100
[AUTOPOS] SW-C warmup discard 4/10 minq=100
[AUTOPOS] SW-C warmup discard 5/10 minq=80
[AUTOPOS] SW-C warmup discard 6/10 minq=83
[AUTOPOS] SW-C warmup discard 7/10 minq=85
[AUTOPOS] SW-C warmup discard 8/10 minq=87
[AUTOPOS] SW-C warmup discard 9/10 minq=88
[AUTOPOS] SW-C warmup discard 10/10 minq=90
[AUTOPOS] SW-C,A,3033,100,B,2456,100,D,1595,100,E,3292,100,F,2871,100,G,1703,91,H,2175,90
[AUTOPOS] SW-C,A,2995,100,B,2382,100,D,1635,100,E,3247,100,F,2848,100,G,1631,92,H,2166,91
[AUTOPOS] SW-C,A,2984,100,B,2370,100,D,1624,100,E,3257,100,F,2830,100,G,1631,92,H,2162,92
[AUTOPOS] SW-C,A,3040,100,B,2423,100,D,1617,100,E,3239,100,F,2881,100,G,1655,86,H,2203,92
[AUTOPOS] SW-C,A,3044,100,B,2423,100,D,1611,100,E,3231,100,F,2879,100,G,1645,87,H,2177,93
[AUTOPOS] SW-C,A,3048,100,B,2475,93,D,1645,100,E,3261,100,F,2880,100,G,1650,88,H,2154,93
[AUTOPOS] SW-C,A,3075,100,B,2390,94,D,1613,100,E,3236,100,F,2844,100,G,1678,88,H,2201,94
[AUTOPOS] SW-C,A,3009,100,B,2396,94,D,1734,100,E,3235,100,F,2839,100,G,1670,89,H,2215,94
[AUTOPOS] SW-C,A,3006,100,B,2394,94,D,1613,100,E,3217,100,F,2871,100,G,1666,90,H,2193,94
[AUTOPOS] SW-C,A,2994,100,B,2425,95,D,1614,100,E,3267,100,F,2865,100,G,1646,90,H,2148,95
[AUTOPOS] SW-C,A,3045,100,B,2431,95,D,1659,100,E,3244,100,F,2843,100,G,1657,90,H,2171,95
[AUTOPOS] SW-C,A,3080,100,B,2360,95,D,1659,100,E,3266,100,F,2850,100,G,1664,91,H,2206,95
[AUTOPOS] SW-C,A,3039,100,B,2371,95,D,1522,95,E,3263,100,F,2877,100,G,1660,91,H,2205,95
[AUTOPOS] SW-C,A,3036,100,B,2371,95,D,1540,95,E,3236,100,F,2889,100,G,1682,92,H,2168,95
[AUTOPOS] SW-C,A,3042,100,B,2398,92,D,1642,96,E,3238,100,F,2838,100,G,1668,92,H,2154,96
[AUTOPOS] SW-C,A,3021,100,B,2480,92,D,1606,96,E,3256,100,F,2854,100,G,1648,92,H,2130,96
[AUTOPOS] SW-C,A,3004,100,B,2382,92,D,1624,96,E,3223,100,F,2889,100,G,1648,92,H,2187,96
[AUTOPOS] SW-C,A,2977,100,B,2422,92,D,1637,96,E,3234,100,F,2860,100,G,1652,93,H,2188,96
[AUTOPOS] SW-C,A,3004,100,B,2407,93,D,1604,96,E,3250,100,F,2886,100,G,1658,93,H,2188,96
[AUTOPOS] SW-C,A,3004,100,B,2464,93,D,1630,96,E,3216,100,F,2862,100,G,1675,93,H,2195,96
[AUTOPOS] SW-C,A,2982,96,B,2407,93,D,1665,96,E,3241,100,F,2861,100,G,1675,93,H,2195,96
[AUTOPOS] SW-C,A,3029,96,B,2395,93,D,1611,96,E,3236,100,F,2860,100,G,1643,94,H,2203,93
[AUTOPOS] SW-C,A,3013,100,B,2453,94,D,1541,100,E,3234,100,F,2864,100,G,1680,94,H,2193,94
[AUTOPOS] SW-C,A,2996,100,B,2454,94,D,1652,100,E,3234,100,F,2822,100,G,1676,94,H,2209,94
[AUTOPOS] SW-C,A,3070,100,B,2402,94,D,1583,100,E,3285,100,F,2854,100,G,1691,95,H,2172,94
[AUTOPOS] SW-C,A,3026,100,B,2445,95,D,1598,100,E,3276,100,F,2858,100,G,1688,95,H,2163,95
[AUTOPOS] SW-C,A,3001,100,B,2468,95,D,1566,100,E,3230,100,F,2881,100,G,1665,95,H,2156,95
[AUTOPOS] SW-C,A,3015,100,B,2398,95,D,1566,100,E,3263,100,F,2871,100,G,1665,95,H,2156,95
[AUTOPOS] SW-C,A,3045,100,B,2460,95,D,1668,95,E,3263,100,F,2873,100,G,1665,91,H,2208,91
[AUTOPOS] SW-C,A,3036,100,B,2411,95,D,1553,95,E,3276,95,F,2853,100,G,1687,92,H,2163,91
[AUTOPOS] SW-C,A,2979,100,B,2402,96,D,1617,96,E,3246,96,F,2874,100,G,1692,92,H,2171,92
[AUTOPOS] SW-C,A,3017,100,B,2465,92,D,1630,96,E,3263,96,F,2865,100,G,1624,92,H,2174,92
[AUTOPOS] SW-C,A,3023,100,B,2416,92,D,1640,96,E,3229,96,F,2853,100,G,1641,92,H,2159,92
[AUTOPOS] SW-C,A,2994,100,B,2362,93,D,1653,96,E,3275,96,F,2834,100,G,1651,93,H,2183,92
[AUTOPOS] SW-C,A,3006,100,B,2362,93,D,1653,96,E,3246,96,F,2832,100,G,1651,93,H,2156,93
[AUTOPOS] SW-C,A,3024,100,B,2449,90,D,1669,96,E,3255,96,F,2875,100,G,1664,93,H,2143,93
[AUTOPOS] SW-C,A,3065,100,B,2473,90,D,1697,96,E,3237,96,F,2825,100,G,1691,93,H,2217,93
[AUTOPOS] SW-C,A,2975,100,B,2431,94,D,1539,96,E,3222,96,F,2875,100,G,1665,94,H,2162,93
[AUTOPOS] SW-C,A,2975,100,B,2412,94,D,1655,100,E,3238,100,F,2846,100,G,1646,94,H,2161,94
[AUTOPOS] SW-C,A,2985,94,B,2429,94,D,1629,100,E,3190,100,F,2854,100,G,1634,94,H,2239,94
[AUTOPOS] SW-C,A,2985,94,B,2430,95,D,1664,100,E,3190,100,F,2854,100,G,1667,95,H,2201,94
[AUTOPOS] SW-C,A,3040,90,B,2431,95,D,1601,100,E,3215,95,F,2861,95,G,1661,95,H,2187,95
[AUTOPOS] SW-C,A,3045,90,B,2386,95,D,1596,100,E,3215,95,F,2851,95,G,1704,95,H,2159,95
[AUTOPOS] SW-C,A,3047,90,B,2389,95,D,1624,100,E,3250,90,F,2876,95,G,1676,95,H,2176,95
[AUTOPOS] SW-C,A,3049,91,B,2429,95,D,1537,100,E,3236,91,F,2871,95,G,1664,95,H,2255,95
[AUTOPOS] SW-C,A,3009,91,B,2470,96,D,1636,100,E,3198,91,F,2852,95,G,1663,96,H,2201,95
[AUTOPOS] SW-C,A,3006,92,B,2422,96,D,1637,100,E,3300,92,F,2903,96,G,1667,96,H,2163,96
[AUTOPOS] SW-C,A,3013,92,B,2377,96,D,1652,100,E,3254,92,F,2871,96,G,1652,96,H,2174,96
[AUTOPOS] SW-C,A,3052,92,B,2349,96,D,1696,100,E,3265,92,F,2860,96,G,1640,96,H,2161,96
[AUTOPOS] SW-C,A,3029,92,B,2414,96,D,1582,100,E,3253,92,F,2866,96,G,1633,96,H,2166,96
[AUTOPOS] SW-C,A,3042,93,B,2387,96,D,1591,100,E,3242,93,F,2879,96,G,1685,96,H,2185,96
[AUTOPOS] SW-C,A,3007,93,B,2479,96,D,1659,100,E,3268,93,F,2859,96,G,1640,96,H,2137,96
[AUTOPOS] SW-C,A,3011,93,B,2379,96,D,1564,100,E,3235,93,F,2866,96,G,1683,96,H,2137,96
[AUTOPOS] SW-C,A,3011,93,B,2432,100,D,1630,100,E,3296,93,F,2885,96,G,1681,100,H,2165,96
[AUTOPOS] SW-C,A,2998,94,B,2490,100,D,1656,100,E,3279,94,F,2862,100,G,1670,100,H,2159,100
[AUTOPOS] SW-C,A,3026,94,B,2442,100,D,1638,100,E,3245,94,F,2838,100,G,1680,100,H,2159,100
[AUTOPOS] SW-C,A,2987,94,B,2387,100,D,1584,100,E,3268,94,F,2838,100,G,1656,100,H,2137,100
[AUTOPOS] SW-C,A,3021,95,B,2431,100,D,1617,100,E,3239,95,F,2835,100,G,1682,100,H,2184,100
[AUTOPOS] SW-C,A,3029,95,B,2391,100,D,1647,100,E,3257,95,F,2861,100,G,1700,100,H,2230,100
[AUTOPOS] SW-C,A,3028,95,B,2437,100,D,1583,100,E,3241,95,F,2871,100,G,1652,100,H,2132,100
[AUTOPOS] SW-C,A,3011,95,B,2388,100,D,1607,100,E,3241,95,F,2866,100,G,1721,100,H,2175,100
[AUTOPOS] SW-C,A,3055,95,B,2381,100,D,1555,100,E,3217,95,F,2844,100,G,1658,100,H,2175,100
[AUTOPOS] SW-C,A,3047,96,B,2371,100,D,1584,100,E,3254,96,F,2867,100,G,1667,100,H,2137,96
[AUTOPOS] SW-C,A,2992,96,B,2416,100,D,1619,100,E,3207,96,F,2860,100,G,1696,100,H,2138,96
[AUTOPOS] SW-C,A,3021,96,B,2408,100,D,1540,100,E,3267,96,F,2883,100,G,1675,100,H,2158,96
[AUTOPOS] SW-C,A,3057,96,B,2363,100,D,1612,100,E,3216,96,F,2861,100,G,1667,100,H,2165,96
[AUTOPOS] SW-C,A,3057,96,B,2473,100,D,1588,100,E,3216,96,F,2839,100,G,1710,100,H,2141,96
[AUTOPOS] SW-C,A,3009,93,B,2485,100,D,1579,100,E,3219,93,F,2855,100,G,1710,100,H,2202,96
[AUTOPOS] SW-C,A,3059,93,B,2425,100,D,1658,100,E,3223,93,F,2858,100,G,1673,96,H,2206,96
[AUTOPOS] SW-C,A,3035,93,B,2375,100,D,1639,100,E,3213,93,F,2842,100,G,1649,100,H,2216,96
[AUTOPOS] SW-C,A,3015,94,B,2424,100,D,1625,100,E,3258,94,F,2834,100,G,1680,100,H,2193,100
[AUTOPOS] SW-C,A,3068,94,B,2394,100,D,1618,100,E,3230,94,F,2825,100,G,1660,100,H,2169,100
[AUTOPOS] SW-C,A,2999,94,B,2400,100,D,1653,100,E,3250,94,F,2830,100,G,1655,100,H,2177,100
[AUTOPOS] SW-C,A,3000,95,B,2412,100,D,1534,100,E,3287,95,F,2870,100,G,1695,100,H,2111,100
[AUTOPOS] SW-C,A,3001,95,B,2400,100,D,1636,100,E,3273,95,F,2869,100,G,1631,100,H,2131,100
[AUTOPOS] SW-C,A,3005,95,B,2453,100,D,1593,100,E,3293,95,F,2859,100,G,1620,100,H,2212,100
[AUTOPOS] SW-C,A,3029,95,B,2402,100,D,1576,100,E,3251,95,F,2839,100,G,1648,100,H,2225,100
[AUTOPOS] SW-C,A,2989,95,B,2427,100,D,1579,100,E,3284,95,F,2867,100,G,1660,100,H,2160,100
[AUTOPOS] SW-C,A,3012,96,B,2439,100,D,1579,100,E,3232,96,F,2841,100,G,1654,100,H,2199,100
[AUTOPOS] SW-C,A,2977,96,B,2461,100,D,1637,96,E,3211,96,F,2860,100,G,1652,100,H,2206,100
[AUTOPOS] SW-C,A,3019,96,B,2392,100,D,1546,96,E,3235,96,F,2874,100,G,1639,100,H,2159,100
[AUTOPOS] SW-C,A,3015,96,B,2402,100,D,1570,96,E,3236,96,F,2825,100,G,1627,100,H,2148,100
[AUTOPOS] SW-C,A,3007,96,B,2402,100,D,1578,96,E,3230,96,F,2822,100,G,1650,100,H,2174,100
[AUTOPOS] SW-C,A,3044,96,B,2411,100,D,1618,96,E,3217,96,F,2857,100,G,1659,100,H,2219,100
[AUTOPOS] SW-C,A,3002,96,B,2444,100,D,1674,96,E,3256,96,F,2874,100,G,1671,100,H,2243,100
[AUTOPOS] SW-C,A,2984,96,B,2393,100,D,1612,96,E,3232,96,F,2858,100,G,1654,100,H,2148,100
[AUTOPOS] SW-C,A,2993,100,B,2350,100,D,1608,100,E,3210,100,F,2842,100,G,1665,100,H,2161,100
[AUTOPOS] SW-C,A,2996,100,B,2433,100,D,1656,100,E,3207,100,F,2860,100,G,1665,100,H,2161,100
[AUTOPOS] SW-C,A,3047,100,B,2410,100,D,1613,100,E,3207,100,F,2845,100,G,1662,95,H,2159,94
[AUTOPOS] SW-C,A,3002,100,B,2457,100,D,1641,100,E,3231,95,F,2860,100,G,1696,95,H,2136,95
[AUTOPOS] SW-C,A,3050,100,B,2401,100,D,1564,100,E,3195,95,F,2854,100,G,1672,95,H,2154,95
[AUTOPOS] SW-C,A,3064,100,B,2474,100,D,1611,100,E,3226,95,F,2874,100,G,1669,95,H,2194,95
[AUTOPOS] SW-C,A,3025,100,B,2444,100,D,1641,100,E,3260,95,F,2856,100,G,1673,95,H,2148,95
[AUTOPOS] SW-C,A,2980,100,B,2415,100,D,1642,100,E,3244,95,F,2864,100,G,1649,96,H,2194,95
[AUTOPOS] SW-C,A,3004,100,B,2444,100,D,1545,100,E,3270,96,F,2842,100,G,1664,96,H,2194,95
[AUTOPOS] SW-C,A,3041,100,B,2383,100,D,1621,100,E,3270,96,F,2839,100,G,1650,96,H,2194,95
[AUTOPOS] SW-C,A,3011,100,B,2464,100,D,1642,100,E,3228,92,F,2857,100,G,1673,96,H,2114,88
[AUTOPOS] SW-C,A,3038,100,B,2421,100,D,1614,100,E,3275,92,F,2874,100,G,1665,96,H,2114,88
[AUTOPOS] SW-C,A,2980,100,B,2387,100,D,1579,100,E,3270,93,F,2839,100,G,1688,96,H,2123,86
[AUTOPOS] SW-C,A,2998,100,B,2387,100,D,1579,100,E,3238,93,F,2874,100,G,1662,96,H,2194,86
[AUTOPOS] SW-C,A,3023,100,B,2388,100,D,1552,96,E,3228,93,F,2863,100,G,1653,96,H,2215,87
[AUTOPOS] SW-C,A,3043,100,B,2388,100,D,1617,96,E,3247,93,F,2860,100,G,1668,100,H,2197,87
[AUTOPOS] SW-C,A,3028,100,B,2412,94,D,1614,100,E,3223,94,F,2836,100,G,1648,100,H,2144,88
[AUTOPOS] SW-C,A,2983,100,B,2448,94,D,1599,100,E,3234,94,F,2888,100,G,1654,100,H,2196,88
[AUTOPOS] SW-C,A,3006,100,B,2406,95,D,1670,100,E,3246,94,F,2854,100,G,1667,100,H,2224,89
[AUTOPOS] SW-C,A,2976,100,B,2414,95,D,1597,100,E,3257,95,F,2867,100,G,1674,100,H,2146,90
[AUTOPOS] SW-C,A,3035,100,B,2434,95,D,1607,100,E,3215,95,F,2867,100,G,1658,100,H,2198,90
[AUTOPOS] SW-C,A,2997,100,B,2422,95,D,1638,100,E,3244,95,F,2884,100,G,1619,100,H,2182,90
[AUTOPOS] SW-C,A,3027,100,B,2406,95,D,1648,100,E,3214,95,F,2846,100,G,1673,100,H,2168,91
[AUTOPOS] SW-C,A,2980,100,B,2429,96,D,1606,100,E,3214,95,F,2875,100,G,1636,100,H,2168,91
[AUTOPOS] SW-C,A,3019,100,B,2456,96,D,1635,100,E,3226,92,F,2858,100,G,1678,100,H,2153,88
[AUTOPOS] SW-C,A,3035,100,B,2423,96,D,1580,100,E,3220,92,F,2862,100,G,1673,100,H,2150,88
[AUTOPOS] SW-C,A,3040,100,B,2444,96,D,1643,100,E,3244,92,F,2861,100,G,1651,100,H,2199,88
[AUTOPOS] SW-C,A,2994,100,B,2443,96,D,1587,100,E,3217,92,F,2862,100,G,1675,100,H,2178,89
[AUTOPOS] SW-C,A,2998,100,B,2418,96,D,1594,100,E,3226,93,F,2852,100,G,1677,100,H,2153,89
[AUTOPOS] SW-C,A,3029,100,B,2370,96,D,1614,100,E,3210,93,F,2865,100,G,1678,100,H,2120,90
[AUTOPOS] SW-C,A,2998,100,B,2421,96,D,1634,100,E,3217,93,F,2851,100,G,1651,100,H,2244,90
[AUTOPOS] SW-C,A,2995,100,B,2380,100,D,1669,100,E,3218,93,F,2840,100,G,1641,100,H,2239,90
[AUTOPOS] SW-C,A,2993,100,B,2441,100,D,1575,100,E,3217,94,F,2878,100,G,1676,100,H,2239,90
[AUTOPOS] SW-C,A,2985,100,B,2431,100,D,1582,100,E,3231,94,F,2841,100,G,1670,100,H,2179,88
[AUTOPOS] SW-C,A,3005,100,B,2364,100,D,1624,100,E,3211,94,F,2864,100,G,1672,100,H,2257,89
[AUTOPOS] SW-C,A,3032,100,B,2430,100,D,1592,100,E,3243,95,F,2853,100,G,1674,100,H,2157,90
[AUTOPOS] SW-C,A,2975,100,B,2409,100,D,1661,100,E,3227,95,F,2826,100,G,1635,100,H,2240,90
[AUTOPOS] SW-C,A,3016,100,B,2440,100,D,1658,100,E,3254,95,F,2828,100,G,1612,100,H,2144,90
[AUTOPOS] SW-C,A,3020,100,B,2409,100,D,1600,100,E,3249,95,F,2848,100,G,1649,100,H,2246,91
[AUTOPOS] SW-C,A,3012,100,B,2434,100,D,1580,100,E,3247,95,F,2862,100,G,1668,100,H,2246,91
[AUTOPOS] SW-C,A,3045,100,B,2405,100,D,1639,100,E,3232,96,F,2878,100,G,1668,100,H,2202,88
[AUTOPOS] SW-C,A,3022,100,B,2453,100,D,1569,100,E,3221,96,F,2871,100,G,1634,100,H,2146,88
[AUTOPOS] SW-C,A,3033,100,B,2434,100,D,1587,100,E,3254,96,F,2874,100,G,1640,100,H,2122,88
[AUTOPOS] SW-C,A,3047,100,B,2393,100,D,1640,100,E,3210,96,F,2834,100,G,1631,100,H,2155,89
[AUTOPOS] SW-C,A,3025,100,B,2480,100,D,1623,100,E,3217,96,F,2843,100,G,1662,100,H,2208,89
[AUTOPOS] SW-C,A,3040,100,B,2396,100,D,1638,100,E,3218,96,F,2842,100,G,1671,100,H,2153,90
[AUTOPOS] SW-C,A,3034,100,B,2422,100,D,1607,100,E,3249,96,F,2854,100,G,1646,100,H,2202,90
[AUTOPOS] SW-C,A,3054,100,B,2453,100,D,1642,100,E,3207,96,F,2844,100,G,1637,100,H,2145,90
[AUTOPOS] SW-C,A,3060,100,B,2373,100,D,1637,100,E,3218,100,F,2877,100,G,1630,100,H,2164,94
[AUTOPOS] SW-C,A,3031,100,B,2467,100,D,1616,100,E,3239,100,F,2877,100,G,1680,100,H,2151,94
[AUTOPOS] SW-C,A,3042,100,B,2467,100,D,1638,100,E,3220,100,F,2877,100,G,1680,100,H,2135,94
[AUTOPOS] SW-C,A,3003,100,B,2410,95,D,1636,100,E,3223,100,F,2844,90,G,1654,95,H,2227,95
[AUTOPOS] SW-C,A,3028,100,B,2436,95,D,1590,100,E,3245,100,F,2845,90,G,1630,95,H,2130,95
[AUTOPOS] SW-C,A,3082,100,B,2444,95,D,1618,100,E,3222,100,F,2848,90,G,1692,95,H,2172,95
[AUTOPOS] SW-C,A,3082,100,B,2366,95,D,1639,100,E,3271,100,F,2870,91,G,1694,95,H,2178,95
[AUTOPOS] SW-C,A,3037,95,B,2428,96,D,1627,100,E,3263,100,F,2855,91,G,1689,96,H,2192,95
[AUTOPOS] SW-C,A,3020,96,B,2447,96,D,1625,100,E,3275,100,F,2844,92,G,1643,96,H,2117,96
[AUTOPOS] SW-C,A,3009,96,B,2424,96,D,1657,100,E,3284,100,F,2836,92,G,1706,96,H,2155,96
[AUTOPOS] SW-C,A,3018,96,B,2388,96,D,1575,100,E,3247,100,F,2857,92,G,1676,96,H,2224,96
[AUTOPOS] SW-C,A,3035,96,B,2459,96,D,1626,100,E,3269,100,F,2855,92,G,1646,96,H,2140,96
[AUTOPOS] SW-C,A,3024,96,B,2442,96,D,1552,100,E,3244,100,F,2868,93,G,1629,96,H,2140,96
[AUTOPOS] SW-C,A,3023,96,B,2389,96,D,1609,100,E,3238,100,F,2842,93,G,1651,96,H,2174,93
[AUTOPOS] SW-C,A,3063,96,B,2428,96,D,1604,100,E,3270,100,F,2836,93,G,1681,96,H,2181,93
[AUTOPOS] SW-C,A,3059,96,B,2415,100,D,1571,100,E,3244,100,F,2857,93,G,1645,100,H,2114,93
[AUTOPOS] SW-C,A,3027,100,B,2396,100,D,1606,100,E,3232,100,F,2872,94,G,1676,100,H,2178,94
[AUTOPOS] SW-C,A,3031,100,B,2458,100,D,1565,100,E,3243,100,F,2872,94,G,1640,100,H,2110,94
[AUTOPOS] SW-C,A,3028,100,B,2410,100,D,1582,100,E,3273,100,F,2876,94,G,1665,100,H,2149,94
[AUTOPOS] SW-C,A,3003,100,B,2369,100,D,1600,100,E,3257,100,F,2860,95,G,1661,100,H,2160,95
[AUTOPOS] SW-C,A,3022,100,B,2380,100,D,1605,100,E,3239,100,F,2831,95,G,1644,100,H,2188,95
[AUTOPOS] SW-C,A,2986,100,B,2397,100,D,1671,100,E,3214,100,F,2826,95,G,1698,100,H,2154,95
[AUTOPOS] SW-C,A,3034,100,B,2413,100,D,1671,100,E,3214,100,F,2817,95,G,1642,100,H,2208,95
[AUTOPOS] SW-C,A,3008,100,B,2454,100,D,1640,95,E,3252,95,F,2839,95,G,1647,100,H,2250,95
[AUTOPOS] SW-C,A,2989,100,B,2412,100,D,1597,96,E,3218,96,F,2839,96,G,1639,100,H,2162,96
[AUTOPOS] SW-C,A,3032,100,B,2413,100,D,1546,96,E,3254,96,F,2852,96,G,1656,100,H,2163,96
[AUTOPOS] SW-C,A,2974,100,B,2401,100,D,1588,96,E,3239,96,F,2829,96,G,1683,100,H,2215,96
[AUTOPOS] SW-C,A,2990,100,B,2436,100,D,1644,96,E,3230,96,F,2869,96,G,1674,100,H,2210,96
[AUTOPOS] SW-C,A,3016,100,B,2425,100,D,1583,96,E,3237,96,F,2854,96,G,1690,100,H,2136,96
[AUTOPOS] SW-C,A,3000,100,B,2433,100,D,1647,96,E,3200,96,F,2824,96,G,1669,100,H,2136,96
[AUTOPOS] SW-C,A,3009,100,B,2411,100,D,1660,96,E,3232,96,F,2845,96,G,1654,100,H,2220,96
[AUTOPOS] SW-C,A,3025,100,B,2446,100,D,1660,96,E,3235,96,F,2875,96,G,1661,100,H,2151,96
[AUTOPOS] SW-C,A,3036,100,B,2453,100,D,1628,94,E,3251,100,F,2855,100,G,1661,100,H,2138,100
[AUTOPOS] SW-C,A,3027,100,B,2443,100,D,1627,94,E,3232,100,F,2856,100,G,1661,100,H,2227,100
[AUTOPOS] SW-C,A,2996,100,B,2400,100,D,1635,94,E,3251,100,F,2823,100,G,1690,95,H,2219,100
[AUTOPOS] SW-C,A,2977,100,B,2461,100,D,1616,95,E,3257,100,F,2854,100,G,1649,95,H,2151,100
[AUTOPOS] SW-C,A,3017,100,B,2414,100,D,1626,95,E,3243,100,F,2832,100,G,1673,95,H,2206,100
[AUTOPOS] SW-C,A,3017,100,B,2416,100,D,1612,95,E,3276,100,F,2856,100,G,1720,95,H,2119,100
[AUTOPOS] SW-C,A,3043,95,B,2410,100,D,1632,95,E,3230,100,F,2854,100,G,1658,95,H,2199,100
[AUTOPOS] SW-C,A,3046,95,B,2404,100,D,1631,95,E,3218,100,F,2847,100,G,1664,96,H,2239,100
[AUTOPOS] SW-C,A,3010,96,B,2434,100,D,1653,96,E,3249,100,F,2860,100,G,1692,96,H,2198,100
[AUTOPOS] SW-C,A,3001,96,B,2430,100,D,1651,96,E,3249,100,F,2850,100,G,1643,96,H,2214,100
[AUTOPOS] SW-C,A,3029,96,B,2431,100,D,1648,96,E,3229,100,F,2854,100,G,1653,96,H,2161,100
[AUTOPOS] SW-C,A,3004,96,B,2409,100,D,1577,96,E,3204,100,F,2870,100,G,1685,96,H,2145,100
[AUTOPOS] SW-C,A,3056,96,B,2378,100,D,1626,96,E,3215,100,F,2846,100,G,1660,96,H,2202,100
[AUTOPOS] SW-C,A,3034,96,B,2414,100,D,1567,96,E,3257,100,F,2846,100,G,1679,96,H,2189,100
[AUTOPOS] SW-C,A,3039,96,B,2448,100,D,1614,96,E,3213,100,F,2850,100,G,1659,96,H,2123,100
[AUTOPOS] SW-C,A,3079,96,B,2415,100,D,1612,96,E,3219,100,F,2849,100,G,1672,100,H,2195,100
[AUTOPOS] SW-C,A,3045,100,B,2459,100,D,1586,100,E,3220,100,F,2854,100,G,1629,100,H,2136,100
[AUTOPOS] SW-C,A,3017,100,B,2446,100,D,1631,100,E,3259,100,F,2855,100,G,1656,100,H,2213,100
[AUTOPOS] SW-C,A,3027,100,B,2418,100,D,1620,100,E,3240,100,F,2838,100,G,1678,100,H,2190,100
[AUTOPOS] SW-C,A,3027,100,B,2426,100,D,1623,100,E,3263,100,F,2848,100,G,1671,100,H,2239,100
[AUTOPOS] SW-C,A,3017,100,B,2437,100,D,1589,100,E,3207,100,F,2874,100,G,1657,100,H,2239,100
[AUTOPOS] SW-C,A,3023,100,B,2429,100,D,1643,100,E,3291,100,F,2856,100,G,1656,100,H,2213,95
[AUTOPOS] SW-C,A,3045,100,B,2417,100,D,1628,100,E,3236,100,F,2849,100,G,1631,100,H,2201,95
[AUTOPOS] SW-C,A,3014,100,B,2418,100,D,1578,100,E,3214,100,F,2819,100,G,1666,100,H,2156,95
[AUTOPOS] SW-C,A,3046,100,B,2439,100,D,1567,100,E,3248,100,F,2887,100,G,1659,100,H,2220,96
[AUTOPOS] SW-C,A,2995,100,B,2456,100,D,1595,100,E,3253,100,F,2864,100,G,1655,100,H,2161,96
[AUTOPOS] SW-C,A,3009,100,B,2429,100,D,1637,100,E,3253,100,F,2864,100,G,1637,100,H,2145,96
[AUTOPOS] SW-C,A,3021,100,B,2429,100,D,1587,100,E,3249,96,F,2864,100,G,1637,100,H,2224,96
[AUTOPOS] SW-C,A,2987,100,B,2387,96,D,1587,100,E,3261,96,F,2842,93,G,1637,100,H,2145,96
[AUTOPOS] SW-C,A,2992,100,B,2399,96,D,1615,96,E,3252,96,F,2891,93,G,1681,93,H,2174,96
[AUTOPOS] SW-C,A,3045,100,B,2403,96,D,1615,96,E,3263,96,F,2899,93,G,1681,93,H,2158,96
[AUTOPOS] SW-C,A,2972,100,B,2434,100,D,1611,96,E,3245,96,F,2839,93,G,1642,94,H,2192,96
[AUTOPOS] SW-C,A,2990,100,B,2434,100,D,1629,100,E,3227,100,F,2841,94,G,1703,94,H,2201,100
[AUTOPOS] SW-C,A,3031,100,B,2428,94,D,1623,100,E,3266,100,F,2857,94,G,1643,94,H,2132,100
[AUTOPOS] SW-C,A,3031,100,B,2458,95,D,1622,100,E,3234,100,F,2881,94,G,1694,95,H,2163,100
[AUTOPOS] SW-C,A,2962,95,B,2451,95,D,1648,100,E,3250,100,F,2851,95,G,1654,95,H,2177,100
[AUTOPOS] SW-C,A,3026,95,B,2406,95,D,1559,100,E,3242,100,F,2870,95,G,1650,95,H,2177,100
[AUTOPOS] SW-C,A,3034,95,B,2410,95,D,1632,100,E,3242,100,F,2873,95,G,1654,95,H,2135,95
[AUTOPOS] SW-C,A,3061,95,B,2409,95,D,1651,100,E,3224,100,F,2859,95,G,1679,95,H,2234,95
[AUTOPOS] SW-C,A,3051,95,B,2419,96,D,1607,100,E,3255,100,F,2849,95,G,1643,96,H,2231,95
[AUTOPOS] SW-C,A,2994,96,B,2435,96,D,1592,100,E,3230,100,F,2855,96,G,1678,96,H,2218,96
[AUTOPOS] SW-C,A,3029,96,B,2392,96,D,1538,100,E,3237,100,F,2855,96,G,1638,96,H,2217,96
[AUTOPOS] SW-C,A,3017,96,B,2460,96,D,1567,100,E,3185,100,F,2871,92,G,1640,96,H,2163,96
[AUTOPOS] SW-C,A,3027,96,B,2433,96,D,1613,100,E,3185,100,F,2819,92,G,1657,96,H,2163,96
[AUTOPOS] SW-C,A,3036,96,B,2420,96,D,1613,100,E,3216,96,F,2864,93,G,1658,96,H,2118,93
[AUTOPOS] SW-C,A,3042,96,B,2438,96,D,1596,100,E,3217,96,F,2884,93,G,1703,96,H,2199,93
[AUTOPOS] SW-C,A,3022,96,B,2368,96,D,1649,100,E,3244,96,F,2830,93,G,1640,96,H,2142,93
[AUTOPOS] SW-C,A,3032,96,B,2397,100,D,1614,100,E,3257,96,F,2869,93,G,1638,100,H,2139,93
[AUTOPOS] SW-C,A,3014,100,B,2409,100,D,1634,100,E,3257,96,F,2869,93,G,1674,100,H,2214,94
[AUTOPOS] SW-C,A,3066,100,B,2437,100,D,1650,100,E,3243,94,F,2836,88,G,1662,100,H,2215,94
[AUTOPOS] SW-C,A,3068,100,B,2441,100,D,1592,100,E,3251,94,F,2884,89,G,1641,100,H,2215,94
[AUTOPOS] SW-C,A,2998,100,B,2444,100,D,1611,100,E,3238,95,F,2855,90,G,1693,100,H,2172,90
[AUTOPOS] SW-C,A,3018,100,B,2423,100,D,1580,100,E,3264,95,F,2848,90,G,1684,100,H,2209,90
[AUTOPOS] SW-C,A,3023,100,B,2407,100,D,1661,100,E,3249,95,F,2854,90,G,1690,100,H,2205,90
[AUTOPOS] SW-C,A,3017,100,B,2427,100,D,1635,100,E,3255,95,F,2873,91,G,1616,100,H,2228,91
[AUTOPOS] SW-C,A,3011,100,B,2401,100,D,1524,100,E,3258,95,F,2873,91,G,1661,100,H,2192,91
[AUTOPOS] SW-C,A,3025,100,B,2450,100,D,1627,100,E,3233,96,F,2876,92,G,1660,100,H,2219,92
[AUTOPOS] SW-C,A,2998,100,B,2412,100,D,1651,100,E,3224,96,F,2839,92,G,1671,100,H,2219,92
[AUTOPOS] SW-C,A,3029,100,B,2391,100,D,1641,100,E,3236,96,F,2850,92,G,1692,100,H,2165,88
[AUTOPOS] SW-C,A,3009,100,B,2445,100,D,1625,100,E,3240,96,F,2867,92,G,1669,100,H,2165,88
[AUTOPOS] SW-C,A,3017,100,B,2432,100,D,1614,100,E,3231,96,F,2815,93,G,1637,100,H,2140,86
[AUTOPOS] SW-C,A,3020,100,B,2437,100,D,1614,100,E,3224,96,F,2859,93,G,1670,100,H,2241,86
[AUTOPOS] SW-C,A,3041,100,B,2447,100,D,1613,96,E,3213,96,F,2834,93,G,1663,100,H,2149,87
[AUTOPOS] SW-C,A,3010,100,B,2447,100,D,1644,96,E,3259,96,F,2898,93,G,1604,100,H,2185,87
[AUTOPOS] SW-C,A,3007,100,B,2396,94,D,1606,100,E,3213,100,F,2867,94,G,1643,100,H,2171,88
[AUTOPOS] SW-C,A,3012,100,B,2450,94,D,1606,100,E,3253,100,F,2900,94,G,1655,100,H,2221,88
[AUTOPOS] SW-C,A,3041,100,B,2452,95,D,1611,100,E,3207,100,F,2870,94,G,1659,100,H,2127,89
[AUTOPOS] SW-C,A,3041,100,B,2456,95,D,1648,100,E,3240,100,F,2831,95,G,1652,100,H,2157,90
[AUTOPOS] SW-C,A,2988,95,B,2401,95,D,1594,100,E,3293,100,F,2875,95,G,1652,100,H,2126,90
[AUTOPOS] SW-C,A,3018,95,B,2428,95,D,1640,100,E,3277,100,F,2839,95,G,1650,100,H,2156,90
[AUTOPOS] SW-C,A,3022,95,B,2460,95,D,1618,100,E,3221,100,F,2839,95,G,1650,100,H,2108,91
[AUTOPOS] SW-C,A,3037,95,B,2400,96,D,1639,100,E,3224,100,F,2856,91,G,1642,96,H,2202,91
[AUTOPOS] SW-C,A,3001,96,B,2387,96,D,1613,100,E,3231,100,F,2873,92,G,1649,96,H,2144,92
[AUTOPOS] SW-C,A,2973,96,B,2393,96,D,1623,100,E,3234,100,F,2846,92,G,1639,96,H,2209,92
[AUTOPOS] SW-C,A,3061,96,B,2411,96,D,1605,100,E,3244,100,F,2876,92,G,1631,96,H,2233,92
[AUTOPOS] SW-C,A,3024,96,B,2428,96,D,1585,100,E,3267,100,F,2855,92,G,1647,96,H,2158,92
[AUTOPOS] SW-C,A,2960,96,B,2430,96,D,1602,100,E,3246,100,F,2863,93,G,1616,96,H,2137,93
[AUTOPOS] SW-C,A,2994,96,B,2449,96,D,1630,100,E,3279,100,F,2839,93,G,1626,96,H,2124,93
[AUTOPOS] SW-C,A,3014,96,B,2396,96,D,1616,100,E,3281,100,F,2876,93,G,1637,96,H,2122,93
[AUTOPOS] SW-C,A,3022,96,B,2445,100,D,1547,100,E,3209,100,F,2852,93,G,1638,100,H,2204,93
[AUTOPOS] SW-C,A,3028,100,B,2407,100,D,1578,100,E,3255,100,F,2857,94,G,1659,100,H,2132,94
[AUTOPOS] SW-C,A,3043,100,B,2421,100,D,1627,100,E,3265,100,F,2846,94,G,1630,100,H,2148,94
[AUTOPOS] SW-C,A,2989,100,B,2407,100,D,1610,100,E,3230,100,F,2850,94,G,1662,100,H,2120,94
[AUTOPOS] SW-C,A,2994,100,B,2429,100,D,1656,100,E,3265,100,F,2861,95,G,1619,100,H,2194,95
[AUTOPOS] SW-C,A,2994,100,B,2402,100,D,1583,100,E,3239,100,F,2861,95,G,1619,100,H,2146,95
[AUTOPOS] SW-C,A,3027,100,B,2429,100,D,1591,100,E,3193,100,F,2832,90,G,1682,95,H,2230,95
[AUTOPOS] SW-C,A,3003,100,B,2414,100,D,1628,100,E,3244,100,F,2837,91,G,1647,95,H,2136,95
[AUTOPOS] SW-C,A,3022,100,B,2402,100,D,1640,100,E,3229,100,F,2847,91,G,1683,96,H,2108,95
[AUTOPOS] SW-C,A,3010,100,B,2415,100,D,1607,100,E,3226,100,F,2878,92,G,1706,96,H,2168,96
[AUTOPOS] SW-C,A,3020,100,B,2401,100,D,1629,100,E,3229,100,F,2835,92,G,1643,96,H,2167,96
[AUTOPOS] SW-C,A,3008,100,B,2403,100,D,1629,100,E,3229,100,F,2906,92,G,1649,96,H,2195,96
[AUTOPOS] SW-C,A,2997,100,B,2430,100,D,1631,96,E,3225,96,F,2869,92,G,1656,96,H,2140,96
[AUTOPOS] SW-C,A,2991,100,B,2405,100,D,1638,96,E,3225,96,F,2828,93,G,1656,96,H,2162,96
[AUTOPOS] SW-C,A,3005,100,B,2371,100,D,1621,96,E,3266,96,F,2857,93,G,1654,93,H,2162,96
[AUTOPOS] SW-C,A,3000,100,B,2413,100,D,1638,96,E,3199,96,F,2835,93,G,1654,93,H,2234,93
[AUTOPOS] SW-C,A,3023,100,B,2399,100,D,1636,96,E,3267,96,F,2839,93,G,1640,94,H,2142,93
[AUTOPOS] SW-C,A,3024,100,B,2399,100,D,1632,100,E,3244,100,F,2878,94,G,1674,94,H,2155,94
[AUTOPOS] SW-C,A,3024,100,B,2453,94,D,1614,100,E,3238,100,F,2867,94,G,1665,94,H,2164,94
[AUTOPOS] SW-C,A,3024,100,B,2405,95,D,1638,100,E,3257,100,F,2842,94,G,1652,95,H,2219,94
[AUTOPOS] SW-C,A,3006,95,B,2429,95,D,1631,100,E,3226,100,F,2848,90,G,1659,95,H,2144,95
[AUTOPOS] SW-C,A,3014,95,B,2378,95,D,1616,100,E,3262,100,F,2843,90,G,1672,95,H,2144,95
[AUTOPOS] SW-C,A,3072,95,B,2414,95,D,1640,100,E,3262,100,F,2819,91,G,1666,95,H,2144,95
[AUTOPOS] SW-C,A,2988,95,B,2408,95,D,1617,100,E,3248,95,F,2852,91,G,1655,95,H,2191,86
[AUTOPOS] SW-C,A,3004,95,B,2479,96,D,1594,100,E,3274,95,F,2864,92,G,1654,96,H,2210,87
[AUTOPOS] SW-C,A,3001,96,B,2428,96,D,1673,100,E,3246,96,F,2869,92,G,1703,96,H,2165,88
[AUTOPOS] SW-C,A,3087,96,B,2438,96,D,1598,100,E,3248,96,F,2854,92,G,1641,96,H,2247,88
[AUTOPOS] SW-C,A,3015,96,B,2397,96,D,1596,100,E,3242,96,F,2881,92,G,1641,96,H,2139,88
[AUTOPOS] SW-C,A,3021,96,B,2416,96,D,1637,100,E,3206,96,F,2853,93,G,1644,96,H,2149,89
[AUTOPOS] SW-C,A,3025,96,B,2405,96,D,1557,100,E,3253,96,F,2828,93,G,1676,96,H,2148,89
[AUTOPOS] SW-C,A,3035,96,B,2421,96,D,1578,100,E,3247,96,F,2826,93,G,1662,96,H,2185,90
[AUTOPOS] SW-C,A,2975,96,B,2449,96,D,1611,100,E,3264,96,F,2845,93,G,1617,96,H,2199,90
[AUTOPOS] SW-C,A,3035,96,B,2414,100,D,1576,100,E,3215,96,F,2830,94,G,1639,100,H,2229,90
[AUTOPOS] SW-C,A,3040,100,B,2381,100,D,1640,100,E,3248,100,F,2853,94,G,1664,100,H,2080,94
[AUTOPOS] SW-C,A,3021,100,B,2429,100,D,1630,100,E,3223,100,F,2853,94,G,1647,100,H,2150,94
[AUTOPOS] SW-C,A,3022,100,B,2420,100,D,1630,100,E,3214,100,F,2881,90,G,1679,100,H,2144,94
[AUTOPOS] SW-C,A,3032,100,B,2408,100,D,1590,100,E,3264,100,F,2854,90,G,1681,100,H,2144,94
[AUTOPOS] SW-C,A,3015,100,B,2414,100,D,1583,100,E,3242,100,F,2855,90,G,1655,100,H,2124,90
[AUTOPOS] SW-C,A,3048,100,B,2456,100,D,1599,100,E,3217,100,F,2862,91,G,1654,100,H,2166,90
[AUTOPOS] SW-C,A,2965,100,B,2440,100,D,1583,100,E,3251,100,F,2886,91,G,1646,100,H,2185,91
[AUTOPOS] SW-C,A,3056,100,B,2408,100,D,1643,100,E,3242,100,F,2842,92,G,1630,100,H,2151,91
[AUTOPOS] SW-C,A,3018,100,B,2422,100,D,1586,100,E,3258,100,F,2844,92,G,1668,100,H,2194,92
[AUTOPOS] SW-C,A,2986,100,B,2436,100,D,1608,100,E,3233,100,F,2844,92,G,1666,100,H,2184,92
[AUTOPOS] SW-C,A,3050,100,B,2410,100,D,1613,100,E,3252,100,F,2871,89,G,1642,100,H,2183,92
[AUTOPOS] SW-C,A,3006,100,B,2475,100,D,1609,100,E,3270,100,F,2845,89,G,1643,100,H,2229,92
[AUTOPOS] SW-C,A,3065,100,B,2485,100,D,1586,100,E,3277,100,F,2875,90,G,1651,100,H,2131,93
[AUTOPOS] SW-C,A,2999,100,B,2434,100,D,1564,100,E,3295,100,F,2878,90,G,1705,100,H,2216,93
[AUTOPOS] SW-C,A,2980,100,B,2449,100,D,1650,100,E,3246,100,F,2851,90,G,1674,100,H,2110,93
[AUTOPOS] SW-C,A,2969,100,B,2408,100,D,1650,100,E,3239,100,F,2879,94,G,1674,100,H,2143,93
[AUTOPOS] SW-C,A,3050,100,B,2449,100,D,1611,100,E,3258,100,F,2859,94,G,1628,100,H,2209,94
[AUTOPOS] SW-C,A,3014,100,B,2425,100,D,1618,100,E,3201,100,F,2836,94,G,1664,100,H,2161,94
[AUTOPOS] SW-C,A,3010,100,B,2405,100,D,1605,100,E,3223,100,F,2851,95,G,1638,100,H,2215,94
[AUTOPOS] SW-C,A,3027,100,B,2390,100,D,1581,100,E,3211,100,F,2896,95,G,1662,100,H,2108,95
[AUTOPOS] SW-C,A,3009,100,B,2411,100,D,1625,100,E,3236,100,F,2867,95,G,1646,100,H,2144,95
[AUTOPOS] SW-C,A,2988,100,B,2411,100,D,1587,100,E,3244,100,F,2854,95,G,1634,100,H,2198,95
[AUTOPOS] SW-C,A,3043,100,B,2409,95,D,1646,100,E,3244,100,F,2861,95,G,1624,100,H,2144,95
[AUTOPOS] SW-C,A,3011,100,B,2425,96,D,1625,100,E,3214,100,F,2851,96,G,1642,100,H,2156,95
[AUTOPOS] SW-C,A,3007,100,B,2425,96,D,1625,100,E,3232,100,F,2851,96,G,1653,100,H,2176,96
[AUTOPOS] SW-C,A,3010,100,B,2431,92,D,1623,100,E,3242,100,F,2868,92,G,1697,100,H,2213,96
[AUTOPOS] SW-C,A,3032,100,B,2417,92,D,1640,100,E,3224,100,F,2869,92,G,1653,100,H,2150,96
[AUTOPOS] SW-C,A,3009,100,B,2396,93,D,1589,100,E,3189,100,F,2869,93,G,1649,100,H,2196,96
[AUTOPOS] SW-C,A,3009,100,B,2440,93,D,1650,100,E,3250,100,F,2819,93,G,1670,100,H,2141,96
[AUTOPOS] SW-C,A,3078,96,B,2382,93,D,1584,100,E,3226,100,F,2833,93,G,1651,100,H,2149,96
[AUTOPOS] SW-C,A,3044,96,B,2439,93,D,1619,100,E,3226,100,F,2854,93,G,1649,100,H,2243,96
[AUTOPOS] SW-C,A,3044,96,B,2394,94,D,1615,100,E,3226,100,F,2850,88,G,1636,100,H,2156,96
[AUTOPOS] SW-C,A,3006,94,B,2390,94,D,1630,100,E,3268,94,F,2867,89,G,1673,100,H,2210,100
[AUTOPOS] SW-C,A,3056,94,B,2438,94,D,1635,100,E,3262,94,F,2871,90,G,1622,100,H,2188,100
[AUTOPOS] SW-C,A,3028,94,B,2438,95,D,1667,100,E,3241,94,F,2839,90,G,1634,100,H,2146,100
[AUTOPOS] SW-C,A,3051,95,B,2457,95,D,1581,100,E,3256,95,F,2882,90,G,1654,100,H,2174,100
[AUTOPOS] SW-C,A,3037,95,B,2458,95,D,1618,100,E,3240,95,F,2843,91,G,1629,100,H,2158,100
[AUTOPOS] SW-C,A,2980,95,B,2449,95,D,1609,100,E,3232,95,F,2845,91,G,1667,100,H,2149,100
[AUTOPOS] SW-C,A,3059,95,B,2462,95,D,1659,100,E,3201,95,F,2849,92,G,1662,100,H,2137,100
[AUTOPOS] SW-C,A,3015,95,B,2418,96,D,1614,100,E,3201,95,F,2849,92,G,1683,100,H,2164,100
[AUTOPOS] SW-C,A,3022,96,B,2418,96,D,1600,100,E,3247,92,F,2849,92,G,1702,100,H,2151,100
[AUTOPOS] SW-C,A,3001,96,B,2450,92,D,1595,100,E,3249,92,F,2855,85,G,1670,100,H,2111,100
[AUTOPOS] SW-C,A,2977,96,B,2406,92,D,1640,100,E,3222,92,F,2855,85,G,1640,100,H,2096,100
[AUTOPOS] SW-C,A,2978,96,B,2469,93,D,1574,100,E,3254,92,F,2854,83,G,1693,100,H,2195,100
[AUTOPOS] SW-C,A,2978,96,B,2371,93,D,1620,100,E,3214,93,F,2863,83,G,1637,100,H,2105,100
[AUTOPOS] SW-C,A,3047,93,B,2456,93,D,1618,100,E,3240,93,F,2862,84,G,1627,100,H,2157,100
[AUTOPOS] SW-C,A,2999,93,B,2468,93,D,1593,100,E,3212,93,F,2876,88,G,1673,100,H,2120,100
[AUTOPOS] SW-C,A,3035,93,B,2408,94,D,1589,100,E,3262,93,F,2852,88,G,1688,100,H,2123,100
[AUTOPOS] SW-C,A,3007,94,B,2483,94,D,1594,100,E,3262,94,F,2846,89,G,1665,100,H,2123,100
[AUTOPOS] SW-C,A,3032,94,B,2412,94,D,1542,100,E,3241,94,F,2855,90,G,1661,100,H,2142,100
[AUTOPOS] SW-C,A,3035,94,B,2423,95,D,1606,100,E,3236,94,F,2881,90,G,1661,100,H,2181,100
[AUTOPOS] SW-C,A,3035,94,B,2519,95,D,1607,100,E,3238,95,F,2876,90,G,1682,100,H,2165,100
[AUTOPOS] SW-C,A,3032,90,B,2406,95,D,1570,100,E,3237,95,F,2851,91,G,1612,100,H,2202,100
[AUTOPOS] SW-C,A,2997,90,B,2462,95,D,1601,100,E,3261,95,F,2832,91,G,1653,100,H,2100,100
[AUTOPOS] SW-C,A,2994,91,B,2414,95,D,1633,100,E,3296,95,F,2847,92,G,1653,100,H,2137,100
[AUTOPOS] SW-C,A,3024,91,B,2465,96,D,1633,100,E,3231,95,F,2862,92,G,1653,100,H,2199,96
[AUTOPOS] SW-C,A,3004,92,B,2430,96,D,1588,96,E,3261,96,F,2825,92,G,1671,92,H,2139,96
[AUTOPOS] SW-C,A,3013,92,B,2439,96,D,1618,96,E,3225,96,F,2853,92,G,1655,92,H,2108,96
[AUTOPOS] SW-C,A,2969,92,B,2420,96,D,1560,96,E,3227,96,F,2834,93,G,1672,92,H,2221,96
[AUTOPOS] SW-C,A,3030,92,B,2416,96,D,1606,96,E,3258,96,F,2845,93,G,1683,93,H,2175,96
[AUTOPOS] SW-C,A,2986,93,B,2448,96,D,1604,96,E,3226,96,F,2868,93,G,1630,93,H,2204,96
[AUTOPOS] SW-C,A,3050,93,B,2444,96,D,1591,96,E,3266,96,F,2857,93,G,1653,93,H,2159,96
[AUTOPOS] SW-C,A,2991,93,B,2412,96,D,1621,96,E,3237,96,F,2784,94,G,1668,93,H,2175,96
[AUTOPOS] SW-C,A,3011,93,B,2407,100,D,1628,96,E,3219,96,F,2872,94,G,1634,94,H,2192,100
[AUTOPOS] SW-C,A,3063,94,B,2440,100,D,1584,100,E,3250,100,F,2877,94,G,1665,94,H,2224,100
[AUTOPOS] SW-C,A,3036,94,B,2481,100,D,1622,100,E,3242,100,F,2835,95,G,1678,94,H,2219,100
[AUTOPOS] SW-C,A,3036,94,B,2392,100,D,1577,100,E,3169,100,F,2870,95,G,1688,95,H,2139,100
[AUTOPOS] SW-C,A,2993,90,B,2421,100,D,1662,100,E,3245,100,F,2853,95,G,1671,95,H,2109,100
[AUTOPOS] SW-C,A,3064,90,B,2483,100,D,1662,100,E,3245,100,F,2878,95,G,1653,95,H,2121,100
[AUTOPOS] SW-C,A,3064,90,B,2466,100,D,1622,95,E,3245,100,F,2886,95,G,1675,95,H,2224,100
[AUTOPOS] SW-C,A,3024,86,B,2471,100,D,1638,95,E,3231,91,F,2847,96,G,1650,95,H,2222,100
[AUTOPOS] SW-C,A,3024,87,B,2419,100,D,1589,95,E,3231,91,F,2878,96,G,1675,96,H,2191,100
[AUTOPOS] SW-C,A,3084,88,B,2399,100,D,1581,96,E,3239,88,F,2867,96,G,1658,96,H,2168,100
[AUTOPOS] SW-C,A,3012,88,B,2443,100,D,1561,96,E,3232,88,F,2849,96,G,1684,96,H,2168,100
[AUTOPOS] SW-C,A,3050,88,B,2413,100,D,1574,96,E,3209,88,F,2850,96,G,1663,96,H,2241,96
[AUTOPOS] SW-C,A,2976,89,B,2415,100,D,1573,96,E,3282,89,F,2878,96,G,1620,96,H,2216,96
[AUTOPOS] SW-C,A,3013,89,B,2476,100,D,1625,96,E,3266,89,F,2811,96,G,1646,96,H,2210,96
[AUTOPOS] SW-C,A,3009,90,B,2476,100,D,1607,96,E,3271,90,F,2874,96,G,1644,96,H,2196,96
[AUTOPOS] SW-C,A,3003,90,B,2446,96,D,1672,96,E,3245,90,F,2865,100,G,1704,96,H,2228,96
[AUTOPOS] SW-C,A,3012,90,B,2433,100,D,1646,96,E,3268,90,F,2860,100,G,1622,100,H,2135,100
[AUTOPOS] SW-C,A,3011,94,B,2420,100,D,1602,100,E,3252,94,F,2868,100,G,1678,100,H,2160,100
[AUTOPOS] SW-C,A,3011,94,B,2396,100,D,1623,100,E,3231,94,F,2862,100,G,1674,100,H,2140,100
[AUTOPOS] SW-C,A,3027,94,B,2439,100,D,1607,100,E,3260,94,F,2852,100,G,1639,100,H,2204,100
[AUTOPOS] SW-C,A,3041,95,B,2469,100,D,1613,100,E,3192,95,F,2830,100,G,1645,100,H,2180,100
[AUTOPOS] SW-C,A,3016,95,B,2400,100,D,1619,100,E,3268,95,F,2830,100,G,1645,100,H,2230,100
[AUTOPOS] SW-C,A,3038,95,B,2478,100,D,1619,100,E,3236,95,F,2863,95,G,1645,100,H,2124,100
[AUTOPOS] SW-C,A,3052,95,B,2409,100,D,1603,95,E,3254,95,F,2851,96,G,1650,91,H,2086,100
[AUTOPOS] SW-C,A,3066,95,B,2437,100,D,1568,95,E,3185,95,F,2840,96,G,1630,92,H,2200,100
[AUTOPOS] SW-C,A,3025,96,B,2471,100,D,1598,96,E,3235,96,F,2837,96,G,1634,92,H,2130,100
[AUTOPOS] SW-C,A,3058,96,B,2471,100,D,1644,96,E,3256,96,F,2848,96,G,1677,92,H,2113,100
[AUTOPOS] SW-C,A,2983,96,B,2413,96,D,1608,96,E,3232,96,F,2902,96,G,1667,92,H,2201,100
[AUTOPOS] SW-C,A,3004,96,B,2439,96,D,1581,96,E,3232,96,F,2865,96,G,1650,93,H,2223,100
[AUTOPOS] SW-C,A,2986,96,B,2399,96,D,1617,96,E,3207,93,F,2885,96,G,1623,93,H,2130,100
[AUTOPOS] SW-C,A,2979,96,B,2383,96,D,1575,96,E,3215,93,F,2829,96,G,1626,93,H,2112,100
[AUTOPOS] SW-C,A,3002,96,B,2414,96,D,1588,96,E,3249,93,F,2868,100,G,1643,93,H,2139,100
[AUTOPOS] SW-C,A,3074,96,B,2396,100,D,1595,96,E,3197,93,F,2872,100,G,1619,94,H,2132,100
[AUTOPOS] SW-C,A,3002,100,B,2409,100,D,1605,100,E,3252,94,F,2810,100,G,1645,94,H,2107,100
[AUTOPOS] SW-C,A,3025,100,B,2394,100,D,1580,100,E,3238,94,F,2886,100,G,1632,94,H,2175,100
[AUTOPOS] SW-C,A,3017,100,B,2430,100,D,1635,100,E,3208,94,F,2843,95,G,1641,95,H,2123,100
[AUTOPOS] SW-C,A,2993,100,B,2470,100,D,1578,100,E,3276,95,F,2842,95,G,1653,95,H,2215,100
[AUTOPOS] SW-C,A,3031,100,B,2385,100,D,1586,100,E,3274,95,F,2827,95,G,1637,95,H,2115,100
[AUTOPOS] SW-C,A,3059,100,B,2501,100,D,1597,100,E,3239,95,F,2839,96,G,1620,95,H,2115,100
[AUTOPOS] SW-C,A,3005,100,B,2396,100,D,1598,100,E,3216,95,F,2864,96,G,1703,95,H,2154,100
[AUTOPOS] SW-C,A,3044,100,B,2448,100,D,1634,100,E,3242,95,F,2879,96,G,1630,96,H,2191,100
[AUTOPOS] SW-C,A,3052,100,B,2449,100,D,1565,100,E,3237,96,F,2864,96,G,1619,96,H,2158,100
[AUTOPOS] SW-C,A,3015,100,B,2483,100,D,1569,100,E,3247,96,F,2833,96,G,1668,96,H,2141,100
[AUTOPOS] SW-C,A,3033,100,B,2399,100,D,1639,100,E,3247,96,F,2833,96,G,1640,96,H,2176,100
[AUTOPOS] SW-C,A,3035,100,B,2455,100,D,1637,100,E,3221,92,F,2886,93,G,1640,96,H,2213,100
[AUTOPOS] SW-C,A,3000,100,B,2482,100,D,1626,100,E,3221,92,F,2829,93,G,1653,96,H,2196,100
[AUTOPOS] SW-C,A,3060,100,B,2401,100,D,1615,100,E,3251,90,F,2868,94,G,1654,96,H,2221,100
[AUTOPOS] SW-C,A,3019,100,B,2434,100,D,1590,100,E,3213,90,F,2831,94,G,1627,96,H,2177,100
[AUTOPOS] SW-C,A,3005,100,B,2396,100,D,1664,100,E,3196,90,F,2823,94,G,1665,100,H,2150,100
[AUTOPOS] SW-C,A,2991,100,B,2433,100,D,1664,100,E,3251,94,F,2883,95,G,1648,100,H,2165,100
[AUTOPOS] SW-C,A,2967,100,B,2410,100,D,1605,94,E,3211,94,F,2847,95,G,1654,100,H,2151,100
[AUTOPOS] SW-C,A,3045,100,B,2436,100,D,1566,94,E,3249,94,F,2847,95,G,1654,100,H,2160,100
[AUTOPOS] SW-C,A,3021,100,B,2452,100,D,1589,95,E,3270,95,F,2890,91,G,1685,95,H,2237,100
[AUTOPOS] SW-C,A,3063,100,B,2504,100,D,1617,95,E,3231,95,F,2876,91,G,1666,95,H,2183,100
[AUTOPOS] SW-C,A,3039,100,B,2399,100,D,1584,95,E,3232,95,F,2837,92,G,1653,95,H,2119,100
[AUTOPOS] SW-C,A,3007,100,B,2379,100,D,1608,95,E,3246,95,F,2865,92,G,1660,95,H,2178,100
[AUTOPOS] SW-C,A,3025,100,B,2450,100,D,1636,95,E,3227,95,F,2843,92,G,1653,96,H,2117,100
[AUTOPOS] SW-C,A,3070,100,B,2411,100,D,1616,96,E,3227,95,F,2838,92,G,1615,96,H,2180,100
[AUTOPOS] SW-C,A,3031,100,B,2398,100,D,1633,96,E,3240,92,F,2854,93,G,1649,96,H,2153,100
[AUTOPOS] SW-C,A,2987,100,B,2426,100,D,1598,96,E,3225,92,F,2867,93,G,1626,96,H,2125,100
[AUTOPOS] SW-C,A,3014,100,B,2439,100,D,1654,96,E,3235,92,F,2852,93,G,1621,96,H,2205,100
[AUTOPOS] SW-C,A,3004,100,B,2389,100,D,1657,96,E,3219,93,F,2852,93,G,1638,96,H,2233,100
[AUTOPOS] SW-C,A,3073,100,B,2476,100,D,1626,96,E,3263,93,F,2854,94,G,1676,96,H,2163,100
[AUTOPOS] SW-C,A,3055,100,B,2372,100,D,1626,96,E,3247,93,F,2852,94,G,1679,96,H,2162,100
[AUTOPOS] SW-C,A,3030,100,B,2425,100,D,1611,96,E,3260,93,F,2849,94,G,1640,100,H,2202,100
[AUTOPOS] SW-C,A,2996,100,B,2400,100,D,1590,100,E,3206,94,F,2906,95,G,1648,100,H,2144,100
[AUTOPOS] SW-C,A,3013,100,B,2384,100,D,1617,100,E,3251,94,F,2805,95,G,1636,100,H,2133,100
[AUTOPOS] SW-C,A,3012,100,B,2439,100,D,1576,100,E,3238,94,F,2876,95,G,1686,100,H,2158,100
[AUTOPOS] SW-C,A,3024,100,B,2431,100,D,1632,100,E,3263,95,F,2855,95,G,1679,100,H,2189,100
[AUTOPOS] SW-C,A,3089,100,B,2437,100,D,1628,100,E,3211,95,F,2840,95,G,1659,100,H,2086,100
[AUTOPOS] SW-C,A,3004,100,B,2436,100,D,1615,100,E,3197,95,F,2862,96,G,1636,100,H,2143,100
[AUTOPOS] SW-C,A,3063,100,B,2436,100,D,1615,100,E,3241,95,F,2881,96,G,1657,100,H,2178,100
[AUTOPOS] SW-C,A,2983,100,B,2474,96,D,1635,95,E,3272,95,F,2864,96,G,1683,100,H,2118,100
[AUTOPOS] SW-C,A,3031,100,B,2453,96,D,1617,96,E,3204,96,F,2872,96,G,1691,100,H,2119,100
[AUTOPOS] SW-C,A,3019,100,B,2495,96,D,1663,96,E,3212,96,F,2860,96,G,1668,100,H,2129,100
[AUTOPOS] SW-C,A,3058,100,B,2430,96,D,1622,96,E,3234,96,F,2855,96,G,1646,100,H,2154,100
[AUTOPOS] SW-C,A,2998,100,B,2448,96,D,1615,96,E,3218,96,F,2865,96,G,1696,100,H,2223,100
[AUTOPOS] SW-C,A,3000,100,B,2481,96,D,1596,96,E,3205,96,F,2871,96,G,1618,100,H,2197,100
[AUTOPOS] SW-C,A,3026,100,B,2448,96,D,1645,96,E,3228,96,F,2828,100,G,1644,100,H,2206,100
[AUTOPOS] SW-C,A,3018,100,B,2478,96,D,1590,96,E,3205,96,F,2875,100,G,1671,100,H,2167,100
[AUTOPOS] SW-C,A,3069,100,B,2396,100,D,1583,96,E,3212,96,F,2867,100,G,1671,100,H,2138,100
[AUTOPOS] SW-C,A,3039,100,B,2463,100,D,1563,100,E,3243,100,F,2889,100,G,1624,94,H,2143,100
[AUTOPOS] SW-C,A,3019,100,B,2411,100,D,1573,100,E,3254,100,F,2875,100,G,1656,94,H,2187,100
[AUTOPOS] SW-C,A,3041,100,B,2470,100,D,1599,100,E,3260,100,F,2855,100,G,1638,95,H,2146,100
[AUTOPOS] SW-C,A,3011,100,B,2438,100,D,1685,100,E,3281,100,F,2882,100,G,1630,95,H,2129,100
[AUTOPOS] SW-C,A,3011,100,B,2409,100,D,1618,100,E,3230,100,F,2855,100,G,1667,95,H,2109,100
[AUTOPOS] SW-C,A,3031,95,B,2415,100,D,1571,100,E,3237,100,F,2850,100,G,1631,95,H,2217,100
[AUTOPOS] SW-C,A,3047,95,B,2383,100,D,1632,100,E,3237,100,F,2873,100,G,1658,95,H,2213,100
[AUTOPOS] SW-C,A,3005,95,B,2448,100,D,1664,100,E,3254,100,F,2860,100,G,1621,96,H,2163,100
[AUTOPOS] SW-C,A,2994,96,B,2427,100,D,1636,100,E,3254,100,F,2883,100,G,1619,96,H,2163,100
[AUTOPOS] SW-C,A,3001,96,B,2392,100,D,1586,100,E,3249,96,F,2878,100,G,1670,96,H,2107,96
[AUTOPOS] SW-C,A,3019,96,B,2420,100,D,1650,100,E,3238,96,F,2839,100,G,1692,96,H,2107,96
[AUTOPOS] SW-C,A,2995,96,B,2411,100,D,1588,100,E,3246,96,F,2830,100,G,1631,96,H,2125,96
[AUTOPOS] SW-C,A,3018,96,B,2448,100,D,1590,100,E,3228,96,F,2853,100,G,1631,96,H,2146,96
[AUTOPOS] SW-C,A,2983,96,B,2464,100,D,1601,100,E,3239,96,F,2854,100,G,1653,96,H,2223,96
[AUTOPOS] SW-C,A,2996,96,B,2409,100,D,1669,100,E,3225,96,F,2889,100,G,1657,96,H,2177,96
[AUTOPOS] SW-C,A,3004,96,B,2404,100,D,1633,100,E,3255,96,F,2861,100,G,1662,100,H,2177,96
[AUTOPOS] SW-C,A,3040,100,B,2420,100,D,1613,100,E,3250,100,F,2866,100,G,1706,100,H,2210,94
[AUTOPOS] SW-C,A,3015,100,B,2377,100,D,1587,100,E,3206,100,F,2847,100,G,1680,100,H,2214,94
[AUTOPOS] SW-C,A,3008,100,B,2483,100,D,1527,100,E,3266,100,F,2847,100,G,1647,100,H,2149,95
[AUTOPOS] SW-C,A,2998,100,B,2455,100,D,1631,100,E,3201,100,F,2868,100,G,1637,100,H,2110,95
[AUTOPOS] SW-C,A,3031,100,B,2418,100,D,1644,100,E,3239,100,F,2855,100,G,1654,100,H,2180,95
[AUTOPOS] SW-C,A,3084,100,B,2407,100,D,1626,100,E,3235,100,F,2797,100,G,1687,100,H,2194,95
[AUTOPOS] SW-C,A,2981,100,B,2486,100,D,1612,100,E,3229,100,F,2836,100,G,1642,100,H,2145,95
[AUTOPOS] SW-C,A,2988,100,B,2455,100,D,1592,100,E,3183,100,F,2836,100,G,1680,100,H,2106,96
[AUTOPOS] SW-C,A,3004,100,B,2385,100,D,1617,100,E,3235,100,F,2853,96,G,1658,100,H,2186,96
[AUTOPOS] SW-C,A,3018,100,B,2426,100,D,1564,100,E,3231,100,F,2852,96,G,1677,100,H,2166,96
[AUTOPOS] SW-C,A,3025,100,B,2385,100,D,1608,100,E,3254,100,F,2855,96,G,1688,100,H,2125,96
[AUTOPOS] SW-C,A,3048,100,B,2435,100,D,1608,100,E,3254,100,F,2797,96,G,1673,100,H,2183,96
[AUTOPOS] SW-C,A,3048,100,B,2482,100,D,1603,96,E,3207,96,F,2877,96,G,1651,100,H,2175,96
[AUTOPOS] SW-C,A,3001,96,B,2412,100,D,1646,96,E,3232,96,F,2851,100,G,1687,100,H,2217,96
[AUTOPOS] SW-C,A,3038,96,B,2420,100,D,1607,96,E,3288,96,F,2865,100,G,1648,100,H,2117,96
[AUTOPOS] SW-C,A,2972,96,B,2466,100,D,1585,96,E,3256,96,F,2888,100,G,1677,100,H,2235,100
[AUTOPOS] SW-C,A,3025,100,B,2421,100,D,1619,100,E,3255,100,F,2864,100,G,1668,100,H,2171,100
[AUTOPOS] SW-C,A,2961,100,B,2448,100,D,1615,100,E,3264,100,F,2847,100,G,1650,100,H,2150,100
[AUTOPOS] SW-C,A,3027,100,B,2383,100,D,1628,100,E,3237,100,F,2867,100,G,1683,100,H,2220,100
[AUTOPOS] SW-C,A,2999,100,B,2419,100,D,1592,100,E,3229,100,F,2865,100,G,1689,100,H,2185,100
[AUTOPOS] SW-C,A,2999,100,B,2386,100,D,1624,100,E,3225,100,F,2829,100,G,1709,100,H,2210,100
[AUTOPOS] SW-C,A,3048,95,B,2416,100,D,1619,100,E,3233,100,F,2840,100,G,1654,100,H,2210,100
[AUTOPOS] SW-C,A,3014,95,B,2377,100,D,1623,100,E,3239,95,F,2858,100,G,1620,100,H,2227,95
[AUTOPOS] SW-C,A,3071,95,B,2434,100,D,1596,100,E,3221,96,F,2844,100,G,1672,100,H,2235,96
[AUTOPOS] SW-C,A,3041,96,B,2400,100,D,1581,100,E,3233,96,F,2869,100,G,1663,100,H,2190,96
[AUTOPOS] SW-C,A,2969,96,B,2414,100,D,1637,100,E,3251,96,F,2847,100,G,1637,100,H,2079,96
[AUTOPOS] SW-C,A,2969,96,B,2457,100,D,1649,100,E,3222,96,F,2856,100,G,1668,100,H,2172,96
[AUTOPOS] SW-C,A,3041,92,B,2384,100,D,1549,100,E,3221,96,F,2843,100,G,1651,100,H,2220,96
[AUTOPOS] SW-C,A,3041,92,B,2431,100,D,1593,100,E,3232,96,F,2848,100,G,1678,100,H,2189,96
[AUTOPOS] SW-C,A,2967,90,B,2462,100,D,1592,100,E,3224,96,F,2827,100,G,1643,100,H,2215,96
[AUTOPOS] SW-C,A,3001,90,B,2414,100,D,1639,100,E,3253,96,F,2859,100,G,1652,100,H,2239,96
[AUTOPOS] SW-C,A,3037,90,B,2438,100,D,1607,100,E,3245,100,F,2841,100,G,1683,100,H,2178,100
[AUTOPOS] SW-C,A,3011,94,B,2423,100,D,1642,100,E,3246,100,F,2841,100,G,1638,100,H,2208,100
[AUTOPOS] SW-C,A,3007,94,B,2454,100,D,1576,100,E,3263,100,F,2864,100,G,1673,100,H,2217,100
[AUTOPOS] SW-C,A,3020,94,B,2385,100,D,1622,100,E,3239,100,F,2901,100,G,1657,100,H,2217,100
[AUTOPOS] SW-C,A,3035,95,B,2421,100,D,1587,100,E,3239,100,F,2904,100,G,1659,100,H,2144,100
[AUTOPOS] SW-C,A,3039,95,B,2387,100,D,1611,100,E,3284,95,F,2878,100,G,1642,100,H,2202,100
[AUTOPOS] SW-C,A,3049,95,B,2402,100,D,1645,100,E,3269,95,F,2853,100,G,1630,100,H,2202,100
[AUTOPOS] SW-C,A,3033,95,B,2470,100,D,1592,100,E,3252,95,F,2847,100,G,1649,100,H,2123,95
[AUTOPOS] SW-C,A,3104,95,B,2398,100,D,1644,100,E,3236,96,F,2886,100,G,1624,100,H,2123,95
[AUTOPOS] SW-C,A,3023,96,B,2439,100,D,1564,100,E,3265,96,F,2899,100,G,1651,100,H,2176,92
[AUTOPOS] SW-C,A,3043,96,B,2414,100,D,1563,100,E,3232,96,F,2920,100,G,1650,100,H,2196,92
[AUTOPOS] SW-C,A,2995,96,B,2441,100,D,1646,100,E,3256,96,F,2882,100,G,1685,100,H,2088,92
[AUTOPOS] SW-C,A,2977,96,B,2475,100,D,1616,100,E,3253,96,F,2830,100,G,1656,100,H,2112,93
[AUTOPOS] SW-C,A,3084,96,B,2434,100,D,1644,100,E,3266,96,F,2862,100,G,1660,100,H,2190,93
[AUTOPOS] SW-C,A,3006,96,B,2390,100,D,1622,100,E,3232,96,F,2886,100,G,1655,100,H,2244,93
[AUTOPOS] SW-C,A,3033,96,B,2397,100,D,1625,100,E,3260,96,F,2892,100,G,1682,100,H,2183,93
[AUTOPOS] SW-C,A,3033,96,B,2469,100,D,1585,100,E,3224,100,F,2840,100,G,1659,100,H,2148,94
[AUTOPOS] SW-C,A,3018,94,B,2472,100,D,1676,100,E,3211,100,F,2870,100,G,1665,100,H,2145,94
[AUTOPOS] SW-C,A,3091,94,B,2417,100,D,1593,100,E,3228,100,F,2859,100,G,1649,100,H,2138,94
[AUTOPOS] SW-C,A,3045,94,B,2388,100,D,1623,100,E,3270,100,F,2847,100,G,1650,100,H,2106,95
[AUTOPOS] SW-C,A,3092,95,B,2452,100,D,1624,100,E,3223,100,F,2869,100,G,1666,100,H,2154,95
[AUTOPOS] SW-C,A,3014,95,B,2379,100,D,1616,100,E,3201,100,F,2877,100,G,1636,100,H,2121,95
[AUTOPOS] SW-C,A,3044,95,B,2423,100,D,1589,100,E,3191,100,F,2855,100,G,1662,100,H,2112,95
[AUTOPOS] SW-C,A,3029,95,B,2460,100,D,1594,100,E,3209,100,F,2824,100,G,1673,100,H,2101,95
[AUTOPOS] SW-C,A,3019,95,B,2454,100,D,1622,100,E,3227,100,F,2864,100,G,1631,100,H,2146,96
[AUTOPOS] SW-C,A,3049,96,B,2394,100,D,1622,100,E,3205,100,F,2857,100,G,1685,100,H,2238,96
[AUTOPOS] SW-C,A,3060,96,B,2409,100,D,1621,96,E,3247,100,F,2814,100,G,1637,100,H,2188,96
[AUTOPOS] SW-C,A,3062,96,B,2404,100,D,1629,96,E,3251,100,F,2836,100,G,1662,100,H,2198,96
[AUTOPOS] SW-C,A,3040,96,B,2399,100,D,1660,96,E,3247,100,F,2867,100,G,1641,100,H,2194,96
[AUTOPOS] SW-C,A,3048,96,B,2451,100,D,1611,96,E,3255,100,F,2867,100,G,1661,100,H,2167,96
[AUTOPOS] SW-C,A,3057,96,B,2425,100,D,1632,96,E,3193,100,F,2852,100,G,1665,100,H,2206,96
[AUTOPOS] SW-C,A,3049,96,B,2435,100,D,1578,96,E,3259,100,F,2890,100,G,1668,100,H,2206,96
[AUTOPOS] SW-C,A,3020,96,B,2392,100,D,1597,96,E,3253,100,F,2866,100,G,1664,100,H,2170,100
[AUTOPOS] SW-C,A,3010,100,B,2374,100,D,1666,100,E,3239,100,F,2828,100,G,1663,100,H,2094,100
[AUTOPOS] SW-C,A,3010,100,B,2443,100,D,1604,100,E,3231,100,F,2885,100,G,1634,100,H,2180,100
[AUTOPOS] SW-C,A,3060,94,B,2514,100,D,1657,100,E,3266,100,F,2863,100,G,1649,100,H,2257,100
[AUTOPOS] SW-C,A,3030,95,B,2468,100,D,1591,100,E,3266,100,F,2850,100,G,1646,100,H,2257,100
[AUTOPOS] SW-C,A,3043,95,B,2499,100,D,1634,100,E,3245,95,F,2850,100,G,1659,100,H,2245,95
[AUTOPOS] SW-C,A,3027,95,B,2396,100,D,1596,100,E,3261,95,F,2890,100,G,1656,100,H,2121,95
[AUTOPOS] SW-C,A,3061,95,B,2425,100,D,1623,100,E,3246,95,F,2842,100,G,1684,100,H,2210,95
[AUTOPOS] SW-C,A,3070,95,B,2410,100,D,1594,100,E,3211,96,F,2862,100,G,1648,100,H,2162,96
[AUTOPOS] SW-C,A,2972,96,B,2414,100,D,1625,100,E,3210,96,F,2895,100,G,1681,100,H,2159,96
[AUTOPOS] SW-C,A,3048,96,B,2444,100,D,1613,100,E,3205,96,F,2866,100,G,1664,100,H,2210,96
[AUTOPOS] SW-C,A,3027,96,B,2441,100,D,1576,100,E,3223,96,F,2856,100,G,1644,100,H,2158,96
[AUTOPOS] SW-C,A,3051,96,B,2399,100,D,1574,100,E,3225,96,F,2877,100,G,1664,100,H,2121,96
[AUTOPOS] SW-C,A,3036,96,B,2413,100,D,1594,100,E,3208,96,F,2871,100,G,1655,100,H,2142,96
[AUTOPOS] SW-C,A,2983,96,B,2452,100,D,1607,100,E,3247,96,F,2877,100,G,1653,100,H,2098,96
[AUTOPOS] SW-C,A,3048,96,B,2438,100,D,1622,100,E,3231,96,F,2851,100,G,1674,100,H,2154,96
[AUTOPOS] SW-C,A,3003,96,B,2409,100,D,1628,100,E,3210,100,F,2851,100,G,1632,100,H,2146,100
[AUTOPOS] SW-C,A,3065,100,B,2409,100,D,1591,100,E,3243,100,F,2851,100,G,1632,100,H,2107,100
[AUTOPOS] SW-C,A,2981,100,B,2484,94,D,1602,100,E,3233,100,F,2865,95,G,1643,94,H,2154,100
[AUTOPOS] SW-C,A,3039,100,B,2480,95,D,1612,100,E,3243,100,F,2837,95,G,1628,95,H,2162,100
[AUTOPOS] SW-C,A,3021,100,B,2388,95,D,1591,100,E,3257,100,F,2840,95,G,1678,95,H,2159,100
[AUTOPOS] SW-C,A,3044,100,B,2471,95,D,1647,100,E,3222,100,F,2880,95,G,1630,95,H,2238,100
[AUTOPOS] SW-C,A,3001,100,B,2366,95,D,1663,100,E,3230,100,F,2837,96,G,1624,95,H,2192,100
[AUTOPOS] SW-C,A,3051,100,B,2434,95,D,1636,100,E,3236,100,F,2860,96,G,1640,95,H,2216,100
[AUTOPOS] SW-C,A,3051,100,B,2479,96,D,1549,100,E,3236,100,F,2860,96,G,1654,96,H,2199,100
[AUTOPOS] SW-C,A,3075,96,B,2479,96,D,1595,100,E,3273,96,F,2860,96,G,1643,96,H,2198,100
[AUTOPOS] SW-C,A,3047,96,B,2389,92,D,1594,100,E,3247,96,F,2876,89,G,1674,96,H,2088,100
[AUTOPOS] SW-C,A,2985,96,B,2455,92,D,1615,100,E,3248,96,F,2876,89,G,1664,96,H,2156,100
[AUTOPOS] SW-C,A,3089,96,B,2420,93,D,1599,100,E,3228,96,F,2859,87,G,1655,96,H,2167,100
[AUTOPOS] SW-C,A,3089,96,B,2393,93,D,1580,100,E,3210,96,F,2900,87,G,1649,96,H,2174,100
[AUTOPOS] SW-C,A,3047,93,B,2387,93,D,1582,100,E,3248,96,F,2858,88,G,1621,96,H,2183,100
[AUTOPOS] SW-C,A,3010,93,B,2409,93,D,1582,100,E,3248,96,F,2872,88,G,1675,96,H,2167,100
[AUTOPOS] SW-C,A,3010,93,B,2482,94,D,1634,96,E,3209,94,F,2893,89,G,1663,100,H,2190,100
[AUTOPOS] SW-C,A,2985,94,B,2380,94,D,1578,100,E,3220,94,F,2864,90,G,1628,100,H,2190,100
[AUTOPOS] SW-C,A,2994,94,B,2459,94,D,1621,100,E,3248,94,F,2841,90,G,1637,100,H,2193,94
[AUTOPOS] SW-C,A,2995,94,B,2418,95,D,1615,100,E,3229,95,F,2881,90,G,1686,100,H,2163,95
[AUTOPOS] SW-C,A,3041,95,B,2458,95,D,1588,100,E,3245,95,F,2847,91,G,1665,100,H,2097,95
[AUTOPOS] SW-C,A,3047,95,B,2371,95,D,1609,100,E,3229,95,F,2854,91,G,1619,100,H,2168,95
[AUTOPOS] SW-C,A,3052,95,B,2418,95,D,1560,100,E,3241,95,F,2865,92,G,1654,100,H,2125,95
[AUTOPOS] SW-C,A,2994,95,B,2463,95,D,1602,100,E,3241,95,F,2861,88,G,1658,100,H,2191,95
[AUTOPOS] SW-C,A,3041,95,B,2412,96,D,1557,100,E,3208,92,F,2823,89,G,1666,100,H,2208,96
[AUTOPOS] SW-C,A,3037,96,B,2456,96,D,1600,100,E,3256,92,F,2849,89,G,1658,100,H,2172,96
[AUTOPOS] SW-C,A,3023,96,B,2387,96,D,1619,100,E,3248,92,F,2881,90,G,1639,100,H,2171,96
[AUTOPOS] SW-C,A,3053,96,B,2441,96,D,1601,100,E,3231,92,F,2875,90,G,1648,100,H,2145,96
[AUTOPOS] SW-C,A,3052,96,B,2383,96,D,1607,100,E,3216,93,F,2874,90,G,1645,100,H,2143,96
[AUTOPOS] SW-C,A,3109,96,B,2439,96,D,1580,100,E,3264,93,F,2856,94,G,1638,100,H,2164,96
[AUTOPOS] SW-C,A,3041,96,B,2396,96,D,1653,100,E,3266,93,F,2872,94,G,1676,100,H,2174,96
[AUTOPOS] SW-C,A,3073,96,B,2495,96,D,1560,100,E,3258,93,F,2857,94,G,1684,100,H,2188,96
[AUTOPOS] SW-C,A,2983,96,B,2467,100,D,1594,100,E,3268,94,F,2868,95,G,1643,100,H,2126,100
[AUTOPOS] SW-C,A,3046,100,B,2465,100,D,1592,100,E,3268,94,F,2876,95,G,1647,100,H,2126,100
[AUTOPOS] SW-C,A,3039,100,B,2413,100,D,1605,100,E,3250,89,F,2822,95,G,1647,100,H,2213,94
[AUTOPOS] SW-C,A,3032,100,B,2422,100,D,1640,100,E,3219,90,F,2853,95,G,1669,100,H,2212,95
[AUTOPOS] SW-C,A,3050,100,B,2414,100,D,1573,100,E,3212,90,F,2865,95,G,1635,100,H,2211,95
[AUTOPOS] SW-C,A,3040,100,B,2408,100,D,1633,100,E,3204,90,F,2857,96,G,1659,100,H,2136,95
[AUTOPOS] SW-C,A,2992,100,B,2419,100,D,1599,100,E,3213,91,F,2856,96,G,1632,100,H,2179,95
[AUTOPOS] SW-C,A,3016,100,B,2399,100,D,1608,100,E,3248,91,F,2868,92,G,1650,100,H,2177,95
[AUTOPOS] SW-C,A,3022,100,B,2423,100,D,1619,100,E,3220,92,F,2869,93,G,1653,100,H,2177,95
[AUTOPOS] SW-C,A,3106,100,B,2425,100,D,1646,100,E,3220,92,F,2875,93,G,1642,100,H,2177,95
[AUTOPOS] SW-C,A,2987,100,B,2406,100,D,1660,100,E,3218,88,F,2849,93,G,1667,100,H,2117,88
[AUTOPOS] SW-C,A,3033,100,B,2444,100,D,1625,100,E,3233,89,F,2853,93,G,1670,100,H,2181,89
[AUTOPOS] SW-C,A,3017,100,B,2421,100,D,1591,100,E,3210,89,F,2843,94,G,1645,100,H,2181,89
[AUTOPOS] SW-C,A,2990,100,B,2371,100,D,1608,100,E,3246,90,F,2854,94,G,1661,100,H,2114,90
[AUTOPOS] SW-C,A,3074,100,B,2415,100,D,1629,100,E,3241,90,F,2874,94,G,1628,100,H,2147,90
[AUTOPOS] SW-C,A,3002,100,B,2477,100,D,1647,100,E,3209,90,F,2838,95,G,1633,100,H,2202,90
[AUTOPOS] SW-C,A,3082,100,B,2447,100,D,1647,100,E,3218,94,F,2850,95,G,1633,100,H,2168,94
[AUTOPOS] SW-C,A,3060,100,B,2396,100,D,1581,100,E,3269,94,F,2850,95,G,1664,94,H,2176,94
[AUTOPOS] SW-C,A,3054,100,B,2414,100,D,1581,100,E,3211,94,F,2862,95,G,1648,94,H,2165,94
[AUTOPOS] SW-C,A,3060,100,B,2392,100,D,1655,100,E,3258,95,F,2858,95,G,1669,95,H,2157,95
[AUTOPOS] SW-C,A,3107,100,B,2392,100,D,1594,100,E,3256,95,F,2835,96,G,1657,95,H,2206,95
[AUTOPOS] SW-C,A,3009,100,B,2421,95,D,1600,100,E,3261,95,F,2856,96,G,1651,95,H,2135,95
[AUTOPOS] SW-C,A,2963,100,B,2415,95,D,1623,100,E,3261,95,F,2856,96,G,1693,95,H,2186,95
[AUTOPOS] SW-C,A,3071,100,B,2426,95,D,1574,100,E,3257,91,F,2848,92,G,1596,95,H,2217,95
[AUTOPOS] SW-C,A,3044,100,B,2495,96,D,1545,100,E,3226,92,F,2844,93,G,1626,96,H,2211,96
[AUTOPOS] SW-C,A,3018,100,B,2375,96,D,1663,100,E,3242,92,F,2853,93,G,1651,96,H,2117,96
[AUTOPOS] SW-C,A,3020,100,B,2402,96,D,1593,100,E,3195,92,F,2847,93,G,1648,96,H,2191,96
[AUTOPOS] SW-C,A,3030,100,B,2376,96,D,1608,100,E,3229,92,F,2879,93,G,1619,96,H,2223,96
[AUTOPOS] SW-C,A,3008,100,B,2397,96,D,1646,100,E,3246,93,F,2844,94,G,1661,96,H,2205,96
[AUTOPOS] SW-C,A,3037,100,B,2422,96,D,1586,100,E,3221,93,F,2872,94,G,1613,96,H,2124,96
[AUTOPOS] SW-C,A,2996,100,B,2497,96,D,1593,100,E,3254,93,F,2846,94,G,1650,96,H,2224,96
[AUTOPOS] SW-C,A,3026,100,B,2393,96,D,1591,100,E,3237,93,F,2888,95,G,1639,96,H,2131,96
[AUTOPOS] SW-C,A,2988,100,B,2411,100,D,1633,100,E,3217,94,F,2863,95,G,1679,100,H,2197,100
[AUTOPOS] SW-C,A,3039,100,B,2470,100,D,1614,100,E,3220,94,F,2887,95,G,1678,100,H,2197,100
[AUTOPOS] SW-C,A,3039,100,B,2396,100,D,1550,100,E,3245,94,F,2866,95,G,1682,100,H,2201,94
[AUTOPOS] SW-C,A,3087,94,B,2383,100,D,1659,100,E,3184,95,F,2860,95,G,1655,100,H,2137,95
[AUTOPOS] SW-C,A,3003,95,B,2425,100,D,1595,100,E,3277,95,F,2848,96,G,1671,100,H,2220,95
[AUTOPOS] SW-C,A,3026,95,B,2505,100,D,1609,100,E,3216,95,F,2848,96,G,1671,100,H,2162,95
[AUTOPOS] SW-C,A,3006,95,B,2472,100,D,1609,100,E,3227,95,F,2860,92,G,1671,100,H,2193,95
[AUTOPOS] SW-C,A,2996,95,B,2431,100,D,1565,95,E,3208,95,F,2850,92,G,1654,91,H,2183,95
[AUTOPOS] SW-C,A,3002,95,B,2408,100,D,1575,95,E,3235,96,F,2857,93,G,1654,91,H,2159,96
[AUTOPOS] SW-C,A,3026,96,B,2467,100,D,1597,96,E,3199,96,F,2857,93,G,1654,88,H,2146,96
[AUTOPOS] SW-C,A,3033,96,B,2467,100,D,1568,96,E,3256,96,F,2816,93,G,1718,88,H,2197,96
[AUTOPOS] SW-C,A,3024,96,B,2470,96,D,1587,96,E,3240,96,F,2858,93,G,1670,89,H,2250,96
[AUTOPOS] SW-C,A,3024,96,B,2508,96,D,1633,96,E,3214,96,F,2868,94,G,1693,89,H,2137,96
[AUTOPOS] SW-C,A,3078,93,B,2427,96,D,1569,96,E,3208,96,F,2861,94,G,1654,90,H,2121,96
[AUTOPOS] SW-C,A,3079,93,B,2395,96,D,1652,96,E,3226,96,F,2842,94,G,1650,90,H,2192,96
[AUTOPOS] SW-C,A,3015,93,B,2457,96,D,1592,96,E,3251,96,F,2858,95,G,1679,90,H,2169,96
[AUTOPOS] SW-C,A,3038,93,B,2388,100,D,1683,96,E,3267,100,F,2840,95,G,1657,94,H,2221,100
[AUTOPOS] SW-C,A,3078,94,B,2425,100,D,1601,100,E,3268,100,F,2864,95,G,1702,94,H,2129,100
[AUTOPOS] SW-C,A,3065,94,B,2472,100,D,1605,100,E,3251,100,F,2839,95,G,1633,94,H,2138,100
[AUTOPOS] SW-C,A,3079,94,B,2420,100,D,1613,100,E,3251,100,F,2863,95,G,1655,95,H,2109,100
[AUTOPOS] SW-C,A,3036,95,B,2462,100,D,1600,100,E,3187,95,F,2848,96,G,1674,95,H,2216,100
[AUTOPOS] SW-C,A,3031,95,B,2397,100,D,1622,100,E,3239,95,F,2860,96,G,1627,95,H,2197,100
[AUTOPOS] SW-C,A,3013,95,B,2466,100,D,1634,100,E,3205,95,F,2841,96,G,1652,95,H,2190,100
[AUTOPOS] SW-C,A,3062,95,B,2407,100,D,1534,100,E,3194,95,F,2844,96,G,1670,95,H,2224,100
[AUTOPOS] SW-C,A,3021,95,B,2420,100,D,1656,100,E,3255,96,F,2845,96,G,1657,96,H,2153,100
[AUTOPOS] SW-C,A,3010,96,B,2373,100,D,1629,100,E,3234,96,F,2900,96,G,1666,96,H,2141,100
[AUTOPOS] SW-C,A,3000,96,B,2420,100,D,1549,100,E,3207,96,F,2853,96,G,1652,96,H,2076,100
[AUTOPOS] SW-C,A,3010,96,B,2412,100,D,1590,100,E,3197,96,F,2888,96,G,1658,96,H,2213,100
[AUTOPOS] SW-C,A,3051,96,B,2390,100,D,1587,100,E,3219,96,F,2864,100,G,1647,96,H,2134,100
[AUTOPOS] SW-C,A,3031,96,B,2367,100,D,1537,100,E,3211,96,F,2844,100,G,1651,96,H,2191,100
[AUTOPOS] SW-C,A,3077,96,B,2451,100,D,1652,100,E,3225,96,F,2841,100,G,1689,96,H,2211,100
[AUTOPOS] SW-C,A,3029,96,B,2402,100,D,1586,100,E,3232,96,F,2888,100,G,1641,96,H,2169,100
[AUTOPOS] SW-C,A,3028,96,B,2471,100,D,1619,100,E,3264,100,F,2860,100,G,1646,100,H,2184,100
[AUTOPOS] SW-C,A,3001,100,B,2396,100,D,1566,100,E,3186,100,F,2836,100,G,1663,100,H,2114,100
[AUTOPOS] SW-C,A,3014,100,B,2439,100,D,1591,100,E,3255,100,F,2859,100,G,1704,100,H,2114,100
[AUTOPOS] SW-C,A,3077,100,B,2405,100,D,1586,100,E,3275,100,F,2845,100,G,1637,100,H,2177,100
[AUTOPOS] SW-C,A,3002,100,B,2464,100,D,1604,100,E,3202,100,F,2832,100,G,1638,100,H,2143,100
[AUTOPOS] SW-C,A,3063,100,B,2435,100,D,1651,100,E,3237,100,F,2862,100,G,1626,100,H,2183,100
[AUTOPOS] SW-C,A,3053,100,B,2384,100,D,1637,100,E,3229,100,F,2872,100,G,1677,100,H,2148,100
[AUTOPOS] SW-C,A,3018,100,B,2475,100,D,1564,100,E,3233,100,F,2859,100,G,1643,100,H,2174,100
[AUTOPOS] SW-C,A,3032,100,B,2433,100,D,1588,100,E,3270,100,F,2866,100,G,1653,100,H,2169,100
[AUTOPOS] SW-C,A,3032,100,B,2411,100,D,1630,100,E,3270,100,F,2905,100,G,1661,100,H,2145,100
[AUTOPOS] SW-C,A,3044,96,B,2381,100,D,1592,100,E,3240,96,F,2860,100,G,1669,100,H,2199,100
[AUTOPOS] SW-C,A,3090,96,B,2460,100,D,1583,100,E,3239,96,F,2870,100,G,1660,100,H,2199,100
[AUTOPOS] SW-C,A,3039,96,B,2467,100,D,1631,100,E,3242,96,F,2856,100,G,1670,100,H,2189,96
[AUTOPOS] SW-C,A,3066,96,B,2476,100,D,1637,100,E,3255,96,F,2860,100,G,1664,100,H,2156,96
[AUTOPOS] SW-C,A,3042,96,B,2393,100,D,1583,100,E,3254,96,F,2856,100,G,1667,100,H,2168,96
[AUTOPOS] SW-C,A,3041,96,B,2402,100,D,1583,100,E,3247,96,F,2878,100,G,1624,100,H,2157,96
[AUTOPOS] SW-C,A,3070,96,B,2482,100,D,1636,96,E,3226,100,F,2899,100,G,1656,100,H,2199,100
[AUTOPOS] SW-C,A,3011,100,B,2414,100,D,1656,100,E,3259,100,F,2876,100,G,1656,100,H,2185,100
[AUTOPOS] SW-C,A,3025,100,B,2401,100,D,1620,100,E,3221,100,F,2849,100,G,1645,94,H,2149,100
[AUTOPOS] SW-C,A,3032,100,B,2461,100,D,1560,100,E,3221,100,F,2868,100,G,1636,95,H,2182,100
[AUTOPOS] SW-C,A,3014,100,B,2375,100,D,1569,100,E,3264,100,F,2867,100,G,1631,95,H,2143,100
[AUTOPOS] SW-C,A,3011,100,B,2408,100,D,1640,100,E,3232,100,F,2870,100,G,1691,95,H,2158,100
[AUTOPOS] SW-C,A,3011,100,B,2487,100,D,1567,100,E,3237,100,F,2872,100,G,1641,95,H,2203,100
[AUTOPOS] SW-C,A,3055,95,B,2409,100,D,1616,100,E,3239,100,F,2900,100,G,1659,95,H,2126,100
[AUTOPOS] SW-C,A,3002,95,B,2425,100,D,1677,100,E,3239,100,F,2858,100,G,1689,96,H,2160,100
[AUTOPOS] SW-C,A,3070,96,B,2394,100,D,1584,100,E,3194,96,F,2870,100,G,1648,96,H,2170,100
[AUTOPOS] SW-C,A,3063,96,B,2358,100,D,1626,100,E,3194,96,F,2877,100,G,1637,96,H,2096,100
[AUTOPOS] SW-C,A,3022,96,B,2486,100,D,1648,100,E,3223,92,F,2874,100,G,1631,96,H,2133,100
[AUTOPOS] SW-C,A,3052,96,B,2461,100,D,1553,100,E,3250,93,F,2842,100,G,1661,96,H,2133,100
[AUTOPOS] SW-C,A,3009,96,B,2414,100,D,1589,100,E,3249,93,F,2861,100,G,1688,96,H,2203,96
[AUTOPOS] SW-C,A,3029,96,B,2400,100,D,1582,100,E,3241,93,F,2875,100,G,1628,96,H,2205,96
[AUTOPOS] SW-C,A,2996,96,B,2377,100,D,1619,100,E,3213,93,F,2893,100,G,1691,96,H,2160,96
[AUTOPOS] SW-C,A,3044,96,B,2450,100,D,1641,100,E,3268,94,F,2832,100,G,1643,100,H,2117,100
[AUTOPOS] SW-C,A,3075,100,B,2395,100,D,1628,100,E,3231,94,F,2832,100,G,1680,100,H,2153,100
[AUTOPOS] SW-C,A,3002,100,B,2463,100,D,1592,100,E,3230,94,F,2832,100,G,1616,100,H,2148,100
[AUTOPOS] SW-C,A,3025,100,B,2457,100,D,1608,100,E,3254,95,F,2865,95,G,1649,100,H,2179,100
[AUTOPOS] SW-C,A,3073,100,B,2477,100,D,1633,100,E,3233,95,F,2868,96,G,1630,100,H,2158,100
[AUTOPOS] SW-C,A,3023,100,B,2439,100,D,1577,100,E,3245,95,F,2874,96,G,1707,100,H,2137,100
[AUTOPOS] SW-C,A,3046,100,B,2431,100,D,1594,100,E,3199,95,F,2883,96,G,1672,100,H,2144,100
[AUTOPOS] SW-C,A,3074,100,B,2414,100,D,1613,100,E,3233,95,F,2874,96,G,1692,100,H,2210,100
[AUTOPOS] SW-C,A,3059,100,B,2390,100,D,1574,100,E,3175,96,F,2853,96,G,1645,100,H,2156,100
[AUTOPOS] SW-C,A,2999,100,B,2399,100,D,1666,100,E,3228,96,F,2880,96,G,1693,100,H,2170,100
[AUTOPOS] SW-C,A,3026,100,B,2468,100,D,1597,100,E,3224,96,F,2848,96,G,1642,100,H,2141,100
[AUTOPOS] SW-C,A,3057,100,B,2407,100,D,1591,100,E,3217,96,F,2853,96,G,1638,100,H,2146,100
[AUTOPOS] SW-C,A,3024,100,B,2404,100,D,1562,100,E,3217,96,F,2871,100,G,1672,100,H,2081,100
[AUTOPOS] SW-C,A,3012,100,B,2405,100,D,1562,100,E,3217,96,F,2856,100,G,1671,100,H,2129,100
[AUTOPOS] SW-C,A,3012,100,B,2395,100,D,1585,100,E,3216,93,F,2889,100,G,1663,100,H,2129,100
[AUTOPOS] SW-C,A,3044,96,B,2453,100,D,1594,100,E,3208,93,F,2885,100,G,1644,100,H,2171,100
[AUTOPOS] SW-C,A,3066,96,B,2383,100,D,1575,100,E,3208,93,F,2872,100,G,1642,100,H,2171,100
[AUTOPOS] SW-C,A,3023,100,B,2389,100,D,1568,100,E,3226,88,F,2872,100,G,1681,100,H,2165,94
[AUTOPOS] SW-C,A,3026,100,B,2446,100,D,1621,100,E,3207,89,F,2863,100,G,1665,100,H,2223,94
[AUTOPOS] SW-C,A,3015,100,B,2391,100,D,1578,100,E,3257,90,F,2854,100,G,1650,100,H,2163,95
[AUTOPOS] SW-C,A,3004,100,B,2412,100,D,1570,100,E,3262,90,F,2861,100,G,1659,100,H,2146,95
[AUTOPOS] SW-C,A,3031,100,B,2476,100,D,1605,100,E,3201,90,F,2860,100,G,1625,100,H,2183,95
[AUTOPOS] SW-C,A,3110,100,B,2385,100,D,1605,100,E,3262,91,F,2860,100,G,1625,100,H,2210,95
[AUTOPOS] SW-C,A,3032,100,B,2398,100,D,1605,100,E,3230,91,F,2869,96,G,1653,95,H,2175,95
[AUTOPOS] SW-C,A,3027,100,B,2461,100,D,1563,95,E,3249,92,F,2854,96,G,1658,96,H,2172,96
[AUTOPOS] SW-C,A,2983,100,B,2474,100,D,1617,96,E,3235,92,F,2857,96,G,1648,96,H,2181,96
[AUTOPOS] SW-C,A,3069,100,B,2482,100,D,1612,96,E,3250,92,F,2854,96,G,1662,96,H,2094,96
[AUTOPOS] SW-C,A,3011,100,B,2403,100,D,1626,96,E,3227,92,F,2842,96,G,1649,96,H,2192,96
[AUTOPOS] SW-C,A,3017,100,B,2381,100,D,1626,96,E,3227,92,F,2859,100,G,1647,96,H,2198,96
[AUTOPOS] SW-C,A,3017,100,B,2349,100,D,1636,93,E,3227,92,F,2859,100,G,1640,96,H,2174,96
[AUTOPOS] SW-C,A,3014,96,B,2349,100,D,1546,93,E,3251,87,F,2859,100,G,1640,96,H,2154,96
[AUTOPOS] SW-C,A,3014,96,B,2444,96,D,1587,93,E,3242,87,F,2895,90,G,1627,93,H,2131,96
[AUTOPOS] SW-C,A,3014,96,B,2466,100,D,1635,93,E,3207,88,F,2877,90,G,1620,94,H,2142,100
[AUTOPOS] SW-C,A,3004,100,B,2467,100,D,1664,94,E,3229,88,F,2857,90,G,1658,94,H,2124,100
[AUTOPOS] SW-C,A,3035,100,B,2432,100,D,1646,94,E,3211,89,F,2892,91,G,1650,94,H,2143,100
[AUTOPOS] SW-C,A,3021,100,B,2476,100,D,1599,94,E,3202,90,F,2862,91,G,1649,95,H,2204,100
[AUTOPOS] SW-C,A,3028,100,B,2423,100,D,1599,94,E,3202,90,F,2889,92,G,1674,95,H,2153,100
[AUTOPOS] SW-C,A,3028,100,B,2375,100,D,1600,90,E,3202,90,F,2870,88,G,1683,95,H,2184,100
[AUTOPOS] SW-C,A,3028,100,B,2385,100,D,1580,90,E,3204,79,F,2887,89,G,1650,95,H,2202,100
[AUTOPOS] SW-C,A,3002,91,B,2396,100,D,1630,91,E,3238,80,F,2832,89,G,1684,95,H,2128,100
[AUTOPOS] SW-C,A,3022,91,B,2467,100,D,1628,91,E,3245,80,F,2865,90,G,1638,96,H,2147,100
[AUTOPOS] SW-C,A,3068,92,B,2436,100,D,1602,92,E,3234,81,F,2866,90,G,1679,96,H,2197,100
[AUTOPOS] SW-C,A,3001,92,B,2455,100,D,1626,92,E,3233,82,F,2836,90,G,1688,96,H,2144,100
[AUTOPOS] SW-C,A,3067,92,B,2425,100,D,1587,92,E,3226,82,F,2849,94,G,1674,96,H,2155,100
[AUTOPOS] SW-C,A,2993,92,B,2460,100,D,1546,92,E,3275,83,F,2874,94,G,1662,96,H,2095,100
[AUTOPOS] SW-C,A,3036,93,B,2396,100,D,1546,92,E,3237,81,F,2846,94,G,1666,96,H,2204,100
[AUTOPOS] SW-C,A,3029,93,B,2402,100,D,1655,90,E,3249,82,F,2884,95,G,1640,96,H,2140,100
[AUTOPOS] SW-C,A,3008,93,B,2442,100,D,1633,90,E,3225,83,F,2846,95,G,1660,96,H,2167,100
[AUTOPOS] SW-C,A,3041,93,B,2421,100,D,1592,90,E,3241,84,F,2818,95,G,1645,100,H,2158,100
[AUTOPOS] SW-C,A,3008,94,B,2395,100,D,1610,94,E,3216,85,F,2843,95,G,1638,100,H,2178,100
[AUTOPOS] SW-C,A,3110,94,B,2447,100,D,1588,94,E,3225,85,F,2858,95,G,1642,100,H,2167,100
[AUTOPOS] SW-C,A,3029,94,B,2435,100,D,1581,94,E,3217,86,F,2879,96,G,1618,100,H,2184,100
[AUTOPOS] SW-C,A,3079,95,B,2411,100,D,1583,95,E,3221,86,F,2843,96,G,1618,100,H,2200,100
[AUTOPOS] SW-C,A,3036,95,B,2375,100,D,1583,95,E,3268,87,F,2858,96,G,1693,100,H,2168,100
[AUTOPOS] SW-C,A,3063,95,B,2481,100,D,1601,90,E,3254,88,F,2851,96,G,1650,100,H,2155,100
[AUTOPOS] SW-C,A,2993,95,B,2406,100,D,1644,91,E,3229,88,F,2871,96,G,1664,100,H,2141,100
[AUTOPOS] SW-C,A,3012,95,B,2411,100,D,1606,91,E,3206,88,F,2880,96,G,1668,100,H,2169,100
[AUTOPOS] SW-C,A,3006,96,B,2431,100,D,1594,92,E,3268,89,F,2864,96,G,1668,100,H,2196,100
[AUTOPOS] SW-C,A,3001,96,B,2405,100,D,1585,92,E,3254,89,F,2875,96,G,1655,96,H,2125,100
[AUTOPOS] SW-C,A,3020,96,B,2405,100,D,1548,92,E,3221,90,F,2859,100,G,1647,96,H,2189,100
[AUTOPOS] SW-C,A,3040,96,B,2481,96,D,1632,92,E,3229,90,F,2858,100,G,1656,96,H,2168,100
[AUTOPOS] SW-C,A,3031,96,B,2426,96,D,1554,93,E,3229,90,F,2858,100,G,1638,96,H,2150,100
[AUTOPOS] SW-C,A,3021,96,B,2433,96,D,1626,93,E,3231,88,F,2862,95,G,1641,96,H,2172,100
[AUTOPOS] SW-C,A,3061,96,B,2410,96,D,1601,93,E,3262,88,F,2864,95,G,1635,96,H,2172,100
[AUTOPOS] SW-C,A,3051,96,B,2476,100,D,1612,93,E,3254,89,F,2866,95,G,1680,100,H,2151,100
[AUTOPOS] SW-C,A,3077,100,B,2429,100,D,1598,94,E,3249,90,F,2865,95,G,1673,100,H,2176,100
[AUTOPOS] SW-C,A,2995,100,B,2442,100,D,1635,94,E,3258,90,F,2842,95,G,1663,100,H,2165,100
[AUTOPOS] SW-C,A,3092,100,B,2397,100,D,1635,94,E,3255,90,F,2884,96,G,1630,100,H,2193,100
[AUTOPOS] SW-C,A,3028,100,B,2391,100,D,1630,90,E,3261,91,F,2861,96,G,1654,100,H,2166,100
[AUTOPOS] SW-C,A,3013,100,B,2473,100,D,1617,90,E,3254,91,F,2813,96,G,1618,100,H,2199,100
[AUTOPOS] SW-C,A,3078,100,B,2387,100,D,1586,90,E,3231,92,F,2846,96,G,1655,100,H,2076,100
[AUTOPOS] SW-C,A,3029,100,B,2478,100,D,1628,91,E,3233,92,F,2877,96,G,1681,100,H,2177,100
[AUTOPOS] SW-C,A,3043,100,B,2446,100,D,1610,91,E,3241,92,F,2853,96,G,1632,100,H,2131,100
[AUTOPOS] SW-C,A,3036,100,B,2410,100,D,1609,92,E,3278,92,F,2849,96,G,1666,100,H,2236,100
[AUTOPOS] SW-C,A,3036,100,B,2438,100,D,1597,92,E,3229,93,F,2898,96,G,1638,100,H,2161,100
[AUTOPOS] SW-C,A,2996,96,B,2403,100,D,1666,92,E,3247,93,F,2850,100,G,1652,100,H,2178,100
[AUTOPOS] SW-C,A,3001,96,B,2362,100,D,1643,92,E,3214,93,F,2854,100,G,1649,100,H,2197,100
[AUTOPOS] SW-C,A,3080,96,B,2421,100,D,1609,93,E,3228,93,F,2864,100,G,1686,100,H,2197,100
[AUTOPOS] SW-C,A,3008,96,B,2418,100,D,1578,93,E,3228,93,F,2865,100,G,1637,100,H,2119,96
[AUTOPOS] SW-C,A,3095,96,B,2427,100,D,1580,93,E,3229,88,F,2868,100,G,1640,100,H,2222,96
[AUTOPOS] SW-C,A,3037,96,B,2381,100,D,1587,93,E,3212,89,F,2868,100,G,1660,100,H,2214,100
[AUTOPOS] SW-C,A,3094,100,B,2387,100,D,1614,94,E,3229,90,F,2857,100,G,1653,100,H,2232,100
[AUTOPOS] SW-C,A,3017,100,B,2493,100,D,1630,94,E,3249,90,F,2878,100,G,1630,100,H,2220,100
[AUTOPOS] SW-C,A,3026,100,B,2428,100,D,1571,94,E,3229,90,F,2885,100,G,1647,100,H,2192,100
[AUTOPOS] SW-C,A,3003,100,B,2415,100,D,1605,95,E,3204,91,F,2833,100,G,1646,100,H,2126,100
[AUTOPOS] SW-C,A,3072,100,B,2387,100,D,1573,95,E,3212,91,F,2879,100,G,1618,100,H,2195,100
[AUTOPOS] SW-C,A,3076,100,B,2425,100,D,1663,95,E,3170,92,F,2847,100,G,1621,100,H,2154,100
[AUTOPOS] SW-C,A,2976,100,B,2464,100,D,1579,95,E,3265,92,F,2869,100,G,1631,100,H,2166,100
[AUTOPOS] SW-C,A,2976,100,B,2434,100,D,1578,95,E,3271,92,F,2841,100,G,1664,100,H,2183,100
[AUTOPOS] SW-C,A,3090,96,B,2423,100,D,1656,96,E,3247,92,F,2855,100,G,1652,100,H,2157,100
[AUTOPOS] SW-C,A,3101,96,B,2477,100,D,1651,96,E,3191,93,F,2878,100,G,1661,100,H,2229,100
[AUTOPOS] SW-C,A,3051,96,B,2383,100,D,1637,96,E,3224,93,F,2854,100,G,1671,100,H,2151,100
[AUTOPOS] SW-C,A,3041,96,B,2484,100,D,1590,96,E,3265,93,F,2877,100,G,1701,100,H,2178,100
[AUTOPOS] SW-C,A,3008,96,B,2376,100,D,1602,96,E,3246,93,F,2847,100,G,1644,100,H,2155,100
[AUTOPOS] SW-C,A,3073,96,B,2433,100,D,1516,96,E,3256,94,F,2888,100,G,1659,100,H,2185,100
[AUTOPOS] SW-C,A,3030,96,B,2442,100,D,1613,96,E,3265,94,F,2885,100,G,1646,100,H,2229,100
[AUTOPOS] SW-C,A,3020,96,B,2382,100,D,1575,96,E,3271,94,F,2862,100,G,1636,100,H,2177,100
[AUTOPOS] SW-C,A,2994,100,B,2348,100,D,1591,100,E,3271,94,F,2907,100,G,1666,100,H,2168,100
[AUTOPOS] SW-C,A,3019,100,B,2397,100,D,1562,100,E,3231,90,F,2878,100,G,1653,100,H,2161,100
[AUTOPOS] SW-C,A,3027,100,B,2425,100,D,1559,100,E,3222,90,F,2881,100,G,1653,100,H,2157,100
[AUTOPOS] SW-C,A,3050,100,B,2490,100,D,1637,100,E,3233,91,F,2870,100,G,1679,95,H,2208,100
[AUTOPOS] SW-C,A,3036,100,B,2427,100,D,1657,100,E,3238,91,F,2868,100,G,1678,95,H,2183,100
[AUTOPOS] SW-C,A,3029,100,B,2425,100,D,1547,100,E,3251,92,F,2886,100,G,1684,95,H,2169,100
[AUTOPOS] SW-C,A,3002,100,B,2423,100,D,1560,100,E,3240,92,F,2864,100,G,1668,95,H,2171,100
[AUTOPOS] SW-C,A,3090,100,B,2382,100,D,1612,100,E,3201,92,F,2844,100,G,1633,96,H,2187,100
[AUTOPOS] SW-C,A,3047,100,B,2461,100,D,1582,100,E,3216,92,F,2848,100,G,1652,96,H,2158,100
[AUTOPOS] SW-C,A,3113,100,B,2399,100,D,1554,100,E,3229,93,F,2855,100,G,1658,96,H,2153,100
[AUTOPOS] SW-C,A,3025,100,B,2499,100,D,1570,100,E,3211,93,F,2860,100,G,1650,96,H,2139,100
[AUTOPOS] SW-C,A,3038,100,B,2464,100,D,1590,100,E,3209,93,F,2872,100,G,1675,96,H,2146,100
[AUTOPOS] SW-C,A,3032,100,B,2369,100,D,1634,100,E,3235,93,F,2850,100,G,1645,96,H,2156,100
[AUTOPOS] SW-C,A,3035,100,B,2416,100,D,1591,100,E,3205,94,F,2848,100,G,1639,96,H,2199,100
[AUTOPOS] SW-C,A,3020,100,B,2420,100,D,1589,100,E,3252,94,F,2876,100,G,1644,96,H,2160,100
[AUTOPOS] SW-C,A,3035,100,B,2387,100,D,1610,100,E,3238,94,F,2858,100,G,1659,100,H,2208,100
[AUTOPOS] SW-C,A,3031,100,B,2387,100,D,1577,100,E,3233,95,F,2858,100,G,1636,94,H,2185,100
[AUTOPOS] SW-C,A,3052,100,B,2387,100,D,1598,100,E,3253,95,F,2858,100,G,1646,95,H,2223,100
[AUTOPOS] SW-C,A,3039,100,B,2398,90,D,1662,100,E,3234,95,F,2865,92,G,1641,95,H,2184,100
[AUTOPOS] SW-C,A,3052,100,B,2435,90,D,1623,100,E,3244,95,F,2815,92,G,1590,95,H,2183,100
[AUTOPOS] SW-C,A,3070,100,B,2426,90,D,1567,100,E,3260,95,F,2886,92,G,1658,95,H,2155,100
[AUTOPOS] SW-C,A,3060,95,B,2428,91,D,1584,100,E,3219,96,F,2868,92,G,1654,95,H,2176,100
[AUTOPOS] SW-C,A,3043,95,B,2407,91,D,1592,100,E,3267,96,F,2823,93,G,1654,96,H,2189,100
[AUTOPOS] SW-C,A,2989,96,B,2456,92,D,1654,100,E,3246,96,F,2850,93,G,1689,96,H,2218,100
[AUTOPOS] SW-C,A,3067,96,B,2438,92,D,1626,100,E,3220,96,F,2867,93,G,1650,96,H,2200,100
[AUTOPOS] SW-C,A,3012,96,B,2438,92,D,1616,100,E,3273,96,F,2867,93,G,1650,96,H,2169,100
[AUTOPOS] SW-C,A,3035,96,B,2458,89,D,1673,100,E,3274,96,F,2834,94,G,1636,93,H,2198,100
[AUTOPOS] SW-C,A,3036,96,B,2481,89,D,1534,100,E,3206,96,F,2836,94,G,1639,93,H,2173,100
[AUTOPOS] SW-C,A,3057,96,B,2456,90,D,1572,100,E,3248,96,F,2855,94,G,1633,93,H,2159,100
[AUTOPOS] SW-C,A,3025,96,B,2476,90,D,1666,100,E,3232,100,F,2811,95,G,1662,93,H,2178,100
[AUTOPOS] SW-C,A,3026,96,B,2382,90,D,1634,100,E,3202,100,F,2866,95,G,1643,94,H,2192,100
[AUTOPOS] SW-C,A,3024,100,B,2418,94,D,1664,100,E,3246,100,F,2857,95,G,1655,94,H,2141,100
[AUTOPOS] SW-C,A,3001,100,B,2452,94,D,1625,100,E,3234,100,F,2850,95,G,1655,94,H,2203,100
[AUTOPOS] SW-C,A,2985,100,B,2391,94,D,1625,100,E,3253,100,F,2879,95,G,1655,94,H,2166,100
[AUTOPOS] SW-C,A,3004,100,B,2447,95,D,1625,100,E,3236,100,F,2857,96,G,1655,94,H,2186,100
[AUTOPOS] SW-C,A,3053,100,B,2432,95,D,1592,90,E,3251,100,F,2865,96,G,1666,78,H,2149,100
[AUTOPOS] SW-C,A,3013,100,B,2389,95,D,1672,90,E,3186,100,F,2872,96,G,1682,79,H,2181,100
[AUTOPOS] SW-C,A,3038,100,B,2469,95,D,1586,90,E,3202,100,F,2860,96,G,1671,80,H,2149,100
[AUTOPOS] SW-C,A,3026,100,B,2383,95,D,1653,91,E,3224,100,F,2839,96,G,1646,80,H,2180,100
[AUTOPOS] SW-C,A,3023,100,B,2429,96,D,1596,91,E,3242,100,F,2862,96,G,1662,81,H,2179,100
[AUTOPOS] SW-C,A,3020,100,B,2389,96,D,1658,92,E,3286,100,F,2858,96,G,1634,82,H,2183,100
[AUTOPOS] SW-C,A,3026,100,B,2484,96,D,1622,92,E,3225,100,F,2872,96,G,1634,82,H,2183,100
[AUTOPOS] SW-C,A,3027,100,B,2432,96,D,1553,92,E,3225,100,F,2852,100,G,1637,80,H,2105,96
[AUTOPOS] SW-C,A,2998,100,B,2467,96,D,1650,92,E,3253,96,F,2852,100,G,1643,80,H,2192,96
[AUTOPOS] SW-C,A,3037,100,B,2408,96,D,1612,93,E,3253,96,F,2864,100,G,1646,81,H,2192,96
[AUTOPOS] SW-C,A,3050,100,B,2448,96,D,1631,93,E,3250,100,F,2870,100,G,1668,82,H,2211,93
[AUTOPOS] SW-C,A,3041,100,B,2434,96,D,1631,93,E,3240,100,F,2915,100,G,1656,83,H,2189,93
[AUTOPOS] SW-C,A,3055,100,B,2362,100,D,1650,90,E,3254,100,F,2879,100,G,1634,84,H,2166,94
[AUTOPOS] SW-C,A,3062,100,B,2391,100,D,1575,94,E,3268,100,F,2879,100,G,1634,84,H,2126,94
[AUTOPOS] SW-C,A,3110,100,B,2389,100,D,1575,94,E,3240,100,F,2859,95,G,1660,80,H,2166,94
[AUTOPOS] SW-C,A,3056,100,B,2439,100,D,1571,89,E,3197,100,F,2846,96,G,1623,81,H,2187,95
[AUTOPOS] SW-C,A,3010,100,B,2415,100,D,1596,90,E,3247,100,F,2848,96,G,1619,82,H,2120,95
[AUTOPOS] SW-C,A,3063,100,B,2396,100,D,1618,90,E,3259,100,F,2819,96,G,1647,83,H,2173,95
[AUTOPOS] SW-C,A,3085,100,B,2428,100,D,1649,90,E,3209,100,F,2844,96,G,1624,84,H,2188,95
[AUTOPOS] SW-C,A,3048,100,B,2453,100,D,1525,91,E,3200,100,F,2863,96,G,1658,84,H,2204,95
[AUTOPOS] SW-C,A,3011,100,B,2428,100,D,1570,91,E,3200,100,F,2863,96,G,1671,85,H,2158,96
[AUTOPOS] SW-C,A,3030,100,B,2432,100,D,1595,92,E,3252,96,F,2852,93,G,1651,85,H,2182,96
[AUTOPOS] SW-C,A,3005,100,B,2476,100,D,1637,92,E,3193,96,F,2854,93,G,1613,86,H,2182,96
[AUTOPOS] SW-C,A,3018,100,B,2445,100,D,1554,92,E,3235,96,F,2851,94,G,1668,86,H,2135,92
[AUTOPOS] SW-C,A,3049,100,B,2392,100,D,1646,92,E,3247,96,F,2865,94,G,1633,87,H,2165,93
[AUTOPOS] SW-C,A,3023,100,B,2415,100,D,1577,93,E,3231,96,F,2855,94,G,1626,87,H,2176,93
[AUTOPOS] SW-C,A,3011,100,B,2396,100,D,1580,93,E,3238,100,F,2858,95,G,1667,88,H,2157,93
[AUTOPOS] SW-C,A,3017,100,B,2401,100,D,1638,93,E,3238,100,F,2856,95,G,1633,88,H,2206,93
[AUTOPOS] SW-C,A,2970,100,B,2487,100,D,1586,93,E,3237,100,F,2850,95,G,1664,89,H,2196,94
[AUTOPOS] SW-C,A,2986,100,B,2423,100,D,1588,94,E,3257,100,F,2870,95,G,1682,90,H,2177,94
[AUTOPOS] SW-C,A,3120,100,B,2476,100,D,1658,94,E,3263,100,F,2836,95,G,1645,90,H,2198,94
[AUTOPOS] SW-C,A,3067,100,B,2489,100,D,1576,94,E,3269,100,F,2869,96,G,1672,90,H,2146,95
[AUTOPOS] SW-C,A,3067,100,B,2405,100,D,1659,95,E,3241,100,F,2856,96,G,1671,91,H,2149,95
[AUTOPOS] SW-C,A,3029,95,B,2415,100,D,1559,95,E,3264,100,F,2854,96,G,1637,91,H,2152,95
[AUTOPOS] SW-C,A,3016,95,B,2490,100,D,1559,95,E,3223,100,F,2890,96,G,1666,92,H,2191,95
[AUTOPOS] SW-C,A,3077,95,B,2402,100,D,1664,91,E,3240,100,F,2877,96,G,1637,92,H,2172,95
[AUTOPOS] SW-C,A,3013,96,B,2434,100,D,1664,91,E,3264,100,F,2846,96,G,1654,92,H,2117,96
[AUTOPOS] SW-C,A,2984,96,B,2411,100,D,1595,88,E,3215,100,F,2868,96,G,1662,92,H,2124,96
[AUTOPOS] SW-C,A,3054,96,B,2406,100,D,1574,88,E,3242,100,F,2873,96,G,1658,93,H,2143,96
[AUTOPOS] SW-C,A,3015,96,B,2413,100,D,1571,88,E,3231,100,F,2874,100,G,1648,93,H,2143,96
[AUTOPOS] SW-C,A,3040,96,B,2372,100,D,1554,89,E,3210,100,F,2843,100,G,1642,93,H,2181,93
[AUTOPOS] SW-C,A,3000,96,B,2400,100,D,1648,89,E,3245,100,F,2871,100,G,1624,93,H,2132,93
[AUTOPOS] SW-C,A,3014,96,B,2416,100,D,1557,90,E,3194,100,F,2873,100,G,1640,94,H,2204,93
[AUTOPOS] SW-C,A,3035,96,B,2420,100,D,1616,90,E,3230,100,F,2873,100,G,1640,94,H,2140,93
[AUTOPOS] SW-C,A,3023,100,B,2404,100,D,1616,90,E,3229,100,F,2860,95,G,1660,85,H,2117,94
[AUTOPOS] SW-C,A,3035,100,B,2432,100,D,1565,88,E,3218,100,F,2818,95,G,1666,85,H,2194,94
[AUTOPOS] SW-C,A,3043,100,B,2399,100,D,1586,88,E,3209,100,F,2847,95,G,1647,86,H,2158,94
[AUTOPOS] SW-C,A,2982,100,B,2399,100,D,1609,89,E,3211,100,F,2857,96,G,1651,86,H,2200,95
[AUTOPOS] SW-C,A,2999,100,B,2451,100,D,1620,90,E,3218,100,F,2874,96,G,1653,87,H,2184,95
[AUTOPOS] SW-C,A,2964,100,B,2467,100,D,1629,90,E,3214,100,F,2841,96,G,1646,88,H,2174,95
[AUTOPOS] SW-C,A,3085,100,B,2368,100,D,1640,90,E,3224,100,F,2856,96,G,1652,88,H,2194,95
[AUTOPOS] SW-C,A,3027,100,B,2424,100,D,1608,91,E,3236,100,F,2860,96,G,1661,88,H,2189,95
[AUTOPOS] SW-C,A,3042,100,B,2441,100,D,1595,91,E,3239,100,F,2848,96,G,1663,89,H,2170,96
[AUTOPOS] SW-C,A,3015,100,B,2382,100,D,1534,92,E,3246,100,F,2856,96,G,1673,89,H,2161,96
[AUTOPOS] SW-C,A,3002,100,B,2402,100,D,1634,92,E,3221,100,F,2878,96,G,1655,90,H,2174,96
[AUTOPOS] SW-C,A,2989,100,B,2450,100,D,1554,92,E,3252,100,F,2846,100,G,1626,90,H,2119,96
[AUTOPOS] SW-C,A,3036,100,B,2390,100,D,1605,92,E,3240,100,F,2841,100,G,1657,90,H,2164,96
[AUTOPOS] SW-C,A,3035,100,B,2390,100,D,1605,92,E,3247,100,F,2846,100,G,1630,94,H,2143,96
[AUTOPOS] SW-C,A,2984,100,B,2435,100,D,1635,90,E,3262,100,F,2866,100,G,1632,94,H,2138,96
[AUTOPOS] SW-C,A,3012,100,B,2385,100,D,1647,90,E,3269,100,F,2867,100,G,1673,94,H,2196,96
[AUTOPOS] SW-C,A,3036,100,B,2407,100,D,1638,90,E,3220,100,F,2859,100,G,1647,95,H,2187,100
[AUTOPOS] SW-C,A,3102,100,B,2442,100,D,1554,94,E,3227,100,F,2864,100,G,1685,95,H,2162,100
[AUTOPOS] SW-C,A,3006,100,B,2421,100,D,1584,94,E,3216,100,F,2859,100,G,1659,95,H,2183,100
[AUTOPOS] SW-C,A,3006,100,B,2421,100,D,1641,94,E,3210,100,F,2862,100,G,1634,95,H,2142,100
[AUTOPOS] SW-C,A,3037,95,B,2390,95,D,1580,95,E,3248,100,F,2852,100,G,1667,95,H,2138,100
[AUTOPOS] SW-C,A,3123,95,B,2402,95,D,1632,95,E,3248,100,F,2852,100,G,1668,96,H,2196,100
[AUTOPOS] SW-C,A,3016,95,B,2392,95,D,1556,95,E,3255,96,F,2875,96,G,1675,96,H,2134,100
[AUTOPOS] SW-C,A,3037,95,B,2368,95,D,1643,95,E,3217,96,F,2855,96,G,1657,96,H,2134,100
[AUTOPOS] SW-C,A,2974,96,B,2436,96,D,1579,95,E,3214,96,F,2879,96,G,1626,96,H,2215,96
[AUTOPOS] SW-C,A,3047,96,B,2398,96,D,1609,96,E,3235,96,F,2836,96,G,1643,96,H,2222,96
[AUTOPOS] SW-C,A,2994,96,B,2429,96,D,1639,96,E,3228,96,F,2863,96,G,1667,96,H,2131,96
[AUTOPOS] SW-C,A,3039,96,B,2381,96,D,1591,96,E,3207,96,F,2846,100,G,1664,96,H,2153,96
[AUTOPOS] SW-C,A,3003,96,B,2420,96,D,1635,96,E,3257,96,F,2862,100,G,1686,96,H,2227,96
[AUTOPOS] SW-C,A,3097,96,B,2479,96,D,1588,96,E,3237,96,F,2882,95,G,1627,100,H,2166,96
[AUTOPOS] SW-C,A,3079,96,B,2432,96,D,1598,96,E,3203,100,F,2836,95,G,1676,100,H,2203,96
[AUTOPOS] SW-C,A,3074,96,B,2393,96,D,1605,96,E,3278,100,F,2867,95,G,1700,100,H,2166,96
[AUTOPOS] SW-C,A,3029,100,B,2427,100,D,1671,96,E,3245,100,F,2878,95,G,1710,100,H,2237,100
[AUTOPOS] SW-C,A,3082,100,B,2428,100,D,1571,100,E,3253,100,F,2888,95,G,1628,100,H,2142,100
[AUTOPOS] SW-C,A,3002,100,B,2424,100,D,1629,100,E,3234,100,F,2849,96,G,1632,100,H,2198,100
[AUTOPOS] SW-C,A,3112,100,B,2442,100,D,1664,100,E,3262,100,F,2845,96,G,1662,100,H,2161,100
[AUTOPOS] SW-C,A,3027,100,B,2461,100,D,1610,100,E,3262,100,F,2845,96,G,1658,100,H,2179,100
[AUTOPOS] SW-C,A,2985,100,B,2461,100,D,1633,100,E,3247,95,F,2845,96,G,1658,100,H,2150,100
[AUTOPOS] SW-C,A,3016,100,B,2457,95,D,1633,100,E,3246,96,F,2867,89,G,1658,100,H,2150,100
[AUTOPOS] SW-C,A,3019,100,B,2449,95,D,1637,95,E,3246,96,F,2868,90,G,1677,92,H,2150,100
[AUTOPOS] SW-C,A,3004,100,B,2474,96,D,1664,95,E,3225,92,F,2875,90,G,1644,92,H,2139,92
[AUTOPOS] SW-C,A,3020,100,B,2430,96,D,1622,96,E,3241,92,F,2858,90,G,1652,93,H,2188,92
[AUTOPOS] SW-C,A,3014,100,B,2350,96,D,1531,96,E,3249,93,F,2855,94,G,1647,93,H,2130,92
[AUTOPOS] SW-C,A,3065,100,B,2350,96,D,1531,96,E,3259,93,F,2882,94,G,1634,93,H,2140,92
[AUTOPOS] SW-C,A,3006,100,B,2416,93,D,1634,92,E,3242,93,F,2842,94,G,1627,93,H,2163,93
[AUTOPOS] SW-C,A,3047,100,B,2408,93,D,1567,93,E,3241,93,F,2842,94,G,1627,93,H,2180,93
[AUTOPOS] SW-C,A,3042,100,B,2418,93,D,1609,93,E,3234,94,F,2876,90,G,1681,88,H,2195,93
[AUTOPOS] SW-C,A,3026,100,B,2438,93,D,1560,93,E,3227,94,F,2875,90,G,1675,89,H,2179,93
[AUTOPOS] SW-C,A,3060,100,B,2433,94,D,1591,93,E,3211,94,F,2846,91,G,1664,90,H,2165,94
[AUTOPOS] SW-C,A,3060,100,B,2394,94,D,1596,94,E,3237,95,F,2844,91,G,1651,90,H,2169,94
[AUTOPOS] SW-C,A,3072,94,B,2412,94,D,1642,94,E,3257,95,F,2848,92,G,1638,90,H,2134,94
[AUTOPOS] SW-C,A,3037,95,B,2369,95,D,1642,94,E,3257,95,F,2845,92,G,1660,91,H,2139,95
[AUTOPOS] SW-C,A,2998,95,B,2420,95,D,1560,90,E,3229,91,F,2846,92,G,1661,91,H,2139,95
[AUTOPOS] SW-C,A,3006,95,B,2457,95,D,1623,90,E,3250,91,F,2859,92,G,1717,92,H,2198,95
[AUTOPOS] SW-C,A,3063,95,B,2418,95,D,1605,90,E,3206,92,F,2873,93,G,1645,92,H,2158,95
[AUTOPOS] SW-C,A,3022,95,B,2433,95,D,1603,91,E,3254,92,F,2860,93,G,1634,92,H,2177,95
[AUTOPOS] SW-C,A,3017,96,B,2408,96,D,1628,91,E,3245,92,F,2897,93,G,1672,92,H,2197,96
[AUTOPOS] SW-C,A,3024,96,B,2397,96,D,1595,92,E,3249,92,F,2885,93,G,1685,93,H,2148,96
[AUTOPOS] SW-C,A,3036,96,B,2423,96,D,1609,92,E,3231,93,F,2888,94,G,1634,93,H,2164,96
[AUTOPOS] SW-C,A,3015,96,B,2460,96,D,1618,92,E,3247,93,F,2886,94,G,1634,93,H,2121,96
[AUTOPOS] SW-C,A,3086,96,B,2407,96,D,1560,92,E,3267,93,F,2859,94,G,1677,90,H,2136,96
[AUTOPOS] SW-C,A,2992,96,B,2410,96,D,1626,93,E,3264,93,F,2851,95,G,1662,94,H,2140,96
[AUTOPOS] SW-C,A,3050,96,B,2438,96,D,1571,93,E,3257,94,F,2854,95,G,1655,94,H,2171,96
[AUTOPOS] SW-C,A,3093,96,B,2409,96,D,1647,93,E,3185,94,F,2876,95,G,1654,94,H,2198,96
[AUTOPOS] SW-C,A,3024,100,B,2445,100,D,1666,93,E,3252,94,F,2853,95,G,1622,95,H,2170,100
[AUTOPOS] SW-C,A,2989,100,B,2424,100,D,1562,94,E,3206,95,F,2865,95,G,1638,95,H,2202,100
[AUTOPOS] SW-C,A,3033,100,B,2407,100,D,1625,94,E,3221,95,F,2900,96,G,1651,95,H,2165,100
[AUTOPOS] SW-C,A,2970,100,B,2389,100,D,1642,94,E,3229,95,F,2838,96,G,1647,95,H,2163,100
[AUTOPOS] SW-C,A,3084,100,B,2403,100,D,1624,95,E,3242,95,F,2849,96,G,1652,95,H,2168,100
[AUTOPOS] SW-C,A,3035,100,B,2381,100,D,1637,95,E,3204,95,F,2865,96,G,1681,96,H,2195,100
[AUTOPOS] SW-C,A,3050,100,B,2402,100,D,1552,95,E,3228,96,F,2829,96,G,1696,96,H,2190,100
[AUTOPOS] SW-C,A,3096,100,B,2414,100,D,1584,95,E,3228,96,F,2858,96,G,1681,96,H,2158,100
[AUTOPOS] SW-C,A,3013,100,B,2392,100,D,1582,95,E,3213,96,F,2867,96,G,1653,96,H,2167,100
[AUTOPOS] SW-C,A,2999,100,B,2403,100,D,1615,96,E,3194,96,F,2868,96,G,1654,96,H,2166,100
[AUTOPOS] SW-C,A,2973,100,B,2415,100,D,1633,96,E,3227,96,F,2869,100,G,1651,96,H,2182,100
[AUTOPOS] SW-C,A,3107,100,B,2471,100,D,1646,96,E,3204,96,F,2884,100,G,1667,96,H,2162,100
[AUTOPOS] SW-C,A,3039,100,B,2411,100,D,1645,96,E,3234,96,F,2842,100,G,1635,96,H,2143,100
[AUTOPOS] SW-C,A,3032,100,B,2395,100,D,1525,96,E,3277,96,F,2870,100,G,1673,100,H,2195,100
[AUTOPOS] SW-C,A,3041,100,B,2398,100,D,1645,96,E,3250,100,F,2838,100,G,1651,100,H,2100,100
[AUTOPOS] SW-C,A,3039,100,B,2369,100,D,1604,96,E,3239,100,F,2879,100,G,1657,100,H,2192,100
[AUTOPOS] SW-C,A,3024,100,B,2446,100,D,1634,96,E,3239,100,F,2914,100,G,1611,100,H,2178,100
[AUTOPOS] SW-C,A,3074,100,B,2376,100,D,1607,100,E,3251,95,F,2869,100,G,1656,100,H,2154,100
[AUTOPOS] SW-C,A,2974,100,B,2412,100,D,1657,100,E,3215,95,F,2826,100,G,1643,100,H,2164,100
[AUTOPOS] SW-C,A,3091,100,B,2413,100,D,1556,100,E,3260,95,F,2840,100,G,1640,100,H,2147,100
[AUTOPOS] SW-C,A,2986,100,B,2419,100,D,1636,100,E,3285,95,F,2900,100,G,1625,100,H,2147,100
[AUTOPOS] SW-C,A,3009,100,B,2423,100,D,1655,100,E,3228,95,F,2884,100,G,1641,100,H,2182,95
[AUTOPOS] SW-C,A,3057,100,B,2401,100,D,1563,100,E,3249,96,F,2848,100,G,1646,100,H,2165,95
[AUTOPOS] SW-C,A,3116,100,B,2445,100,D,1573,100,E,3235,96,F,2872,100,G,1705,100,H,2163,95
[AUTOPOS] SW-C,A,3060,100,B,2414,100,D,1605,100,E,3234,96,F,2872,100,G,1705,100,H,2118,96
[AUTOPOS] SW-C,A,3034,100,B,2455,100,D,1605,100,E,3262,96,F,2863,96,G,1682,96,H,2178,96
[AUTOPOS] SW-C,A,3061,100,B,2473,100,D,1624,96,E,3246,96,F,2882,100,G,1641,96,H,2153,96
[AUTOPOS] SW-C,A,3010,100,B,2406,100,D,1599,96,E,3256,96,F,2887,100,G,1628,96,H,2201,96
[AUTOPOS] SW-C,A,3075,100,B,2377,100,D,1627,96,E,3246,96,F,2841,100,G,1647,96,H,2152,96
[AUTOPOS] SW-C,A,3075,100,B,2418,100,D,1594,96,E,3214,96,F,2843,100,G,1695,100,H,2158,96
[AUTOPOS] SW-C,A,3006,96,B,2393,100,D,1635,96,E,3218,100,F,2906,100,G,1660,100,H,2134,96
[AUTOPOS] SW-C,A,3006,96,B,2434,100,D,1663,96,E,3218,100,F,2906,100,G,1693,100,H,2178,96
[AUTOPOS] SW-C,A,3036,94,B,2434,100,D,1593,96,E,3236,94,F,2906,100,G,1693,100,H,2149,100
[AUTOPOS] SW-C,A,3052,94,B,2364,94,D,1593,96,E,3261,95,F,2873,91,G,1693,100,H,2149,100
[AUTOPOS] SW-C,A,3038,94,B,2469,94,D,1637,94,E,3264,95,F,2848,92,G,1657,90,H,2173,94
[AUTOPOS] SW-C,A,2992,95,B,2423,95,D,1659,94,E,3241,95,F,2832,92,G,1658,91,H,2201,95
[AUTOPOS] SW-C,A,3052,95,B,2466,95,D,1669,95,E,3247,95,F,2845,92,G,1665,91,H,2172,95
[AUTOPOS] SW-C,A,3018,95,B,2466,95,D,1625,95,E,3235,95,F,2842,92,G,1636,92,H,2137,95
[AUTOPOS] SW-C,A,2965,95,B,2412,91,D,1650,95,E,3236,96,F,2851,93,G,1677,92,H,2165,95
[AUTOPOS] SW-C,A,3005,95,B,2463,91,D,1650,95,E,3236,96,F,2851,93,G,1675,92,H,2167,95
[AUTOPOS] SW-C,A,3015,96,B,2412,92,D,1631,91,E,3225,92,F,2850,90,G,1644,92,H,2139,96
[AUTOPOS] SW-C,A,3041,96,B,2442,92,D,1602,92,E,3283,92,F,2871,90,G,1650,93,H,2179,96
[AUTOPOS] SW-C,A,3029,96,B,2407,92,D,1611,92,E,3257,93,F,2855,94,G,1644,93,H,2166,96
[AUTOPOS] SW-C,A,3001,96,B,2403,92,D,1599,92,E,3230,93,F,2845,94,G,1668,93,H,2181,96
[AUTOPOS] SW-C,A,3012,96,B,2441,93,D,1548,92,E,3283,93,F,2846,94,G,1678,93,H,2144,96
[AUTOPOS] SW-C,A,3021,96,B,2399,93,D,1640,93,E,3257,93,F,2856,95,G,1703,94,H,2188,96
[AUTOPOS] SW-C,A,2984,96,B,2409,93,D,1554,93,E,3248,94,F,2799,95,G,1680,94,H,2144,96
[AUTOPOS] SW-C,A,3006,96,B,2409,93,D,1630,93,E,3254,94,F,2866,95,G,1625,94,H,2130,96
[AUTOPOS] SW-C,A,2966,100,B,2436,94,D,1636,93,E,3231,94,F,2861,95,G,1658,95,H,2211,100
[AUTOPOS] SW-C,A,3022,100,B,2366,94,D,1615,94,E,3236,95,F,2861,95,G,1665,95,H,2204,100
[AUTOPOS] SW-C,A,3039,100,B,2363,94,D,1589,94,E,3255,95,F,2844,96,G,1709,95,H,2132,100
[AUTOPOS] SW-C,A,3022,100,B,2390,95,D,1646,94,E,3243,95,F,2824,96,G,1637,95,H,2193,100
[AUTOPOS] SW-C,A,3029,100,B,2390,95,D,1642,95,E,3222,95,F,2847,96,G,1677,95,H,2123,100
[AUTOPOS] SW-C,A,3036,100,B,2442,90,D,1602,95,E,3171,95,F,2857,96,G,1672,96,H,2152,100
[AUTOPOS] SW-C,A,3021,100,B,2442,90,D,1665,95,E,3243,96,F,2854,96,G,1662,96,H,2122,100
[AUTOPOS] SW-C,A,3004,100,B,2428,87,D,1550,95,E,3224,96,F,2847,96,G,1719,96,H,2122,100
[AUTOPOS] SW-C,A,3034,100,B,2429,88,D,1631,95,E,3241,96,F,2851,96,G,1638,96,H,2131,96
[AUTOPOS] SW-C,A,2974,100,B,2402,88,D,1618,96,E,3225,96,F,2838,96,G,1668,96,H,2131,96
[AUTOPOS] SW-C,A,3050,100,B,2449,88,D,1533,96,E,3214,96,F,2871,100,G,1661,96,H,2225,92
[AUTOPOS] SW-C,A,3033,100,B,2405,89,D,1533,96,E,3190,96,F,2852,100,G,1684,96,H,2163,92
[AUTOPOS] SW-C,A,3065,100,B,2419,89,D,1569,92,E,3204,96,F,2844,100,G,1643,96,H,2140,93
[AUTOPOS] SW-C,A,3014,100,B,2426,90,D,1639,93,E,3275,96,F,2845,100,G,1643,96,H,2128,93
[AUTOPOS] SW-C,A,3012,100,B,2389,90,D,1636,93,E,3220,100,F,2876,100,G,1674,94,H,2161,93
[AUTOPOS] SW-C,A,3004,100,B,2400,90,D,1631,93,E,3213,100,F,2857,100,G,1635,94,H,2160,93
[AUTOPOS] SW-C,A,2993,100,B,2450,94,D,1629,93,E,3242,100,F,2869,100,G,1674,95,H,2164,94
[AUTOPOS] SW-C,A,3002,100,B,2441,94,D,1581,94,E,3240,100,F,2845,100,G,1676,95,H,2147,94
[AUTOPOS] SW-C,A,3089,100,B,2414,94,D,1610,94,E,3236,100,F,2854,100,G,1699,95,H,2221,94
[AUTOPOS] SW-C,A,3009,100,B,2476,95,D,1610,94,E,3236,100,F,2859,100,G,1661,95,H,2201,95
[AUTOPOS] SW-C,A,3009,100,B,2445,95,D,1603,90,E,3236,100,F,2859,100,G,1647,95,H,2143,95
[AUTOPOS] SW-C,A,3011,95,B,2403,95,D,1551,90,E,3224,91,F,2867,96,G,1630,96,H,2153,95
[AUTOPOS] SW-C,A,3007,95,B,2385,95,D,1599,90,E,3290,92,F,2844,96,G,1673,96,H,2153,95
[AUTOPOS] SW-C,A,3040,95,B,2403,95,D,1636,91,E,3262,92,F,2847,96,G,1634,96,H,2131,91
[AUTOPOS] SW-C,A,3032,96,B,2396,96,D,1600,91,E,3241,92,F,2833,96,G,1659,96,H,2131,91
[AUTOPOS] SW-C,A,3010,96,B,2412,96,D,1542,92,E,3231,92,F,2873,96,G,1656,96,H,2140,88
[AUTOPOS] SW-C,A,3010,96,B,2415,96,D,1542,92,E,3246,93,F,2881,100,G,1670,96,H,2167,88
[AUTOPOS] SW-C,A,3005,96,B,2436,96,D,1543,88,E,3251,93,F,2861,100,G,1657,96,H,2191,89
[AUTOPOS] SW-C,A,3087,96,B,2416,96,D,1607,89,E,3254,93,F,2861,100,G,1699,96,H,2180,89
[AUTOPOS] SW-C,A,3016,96,B,2395,96,D,1653,89,E,3253,93,F,2881,95,G,1681,100,H,2159,90
[AUTOPOS] SW-C,A,2987,96,B,2392,96,D,1654,90,E,3235,94,F,2864,95,G,1675,100,H,2144,90
[AUTOPOS] SW-C,A,3013,96,B,2444,96,D,1673,90,E,3250,94,F,2849,95,G,1655,100,H,2158,90
[AUTOPOS] SW-C,A,3005,100,B,2417,100,D,1623,90,E,3219,94,F,2876,95,G,1695,100,H,2158,94
[AUTOPOS] SW-C,A,3008,100,B,2431,100,D,1617,94,E,3203,95,F,2824,95,G,1620,100,H,2165,94
[AUTOPOS] SW-C,A,3018,100,B,2472,100,D,1615,94,E,3261,95,F,2842,96,G,1633,100,H,2165,94
[AUTOPOS] SW-C,A,2993,100,B,2369,100,D,1636,94,E,3233,95,F,2845,96,G,1683,100,H,2136,95
[AUTOPOS] SW-C,A,2988,100,B,2364,100,D,1613,95,E,3266,95,F,2838,96,G,1659,100,H,2149,95
[AUTOPOS] SW-C,A,3038,100,B,2380,100,D,1584,95,E,3263,95,F,2847,96,G,1649,100,H,2163,95
[AUTOPOS] SW-C,A,3048,100,B,2386,100,D,1640,95,E,3253,96,F,2859,96,G,1645,100,H,2109,95
[AUTOPOS] SW-C,A,2995,100,B,2381,100,D,1661,95,E,3247,96,F,2872,96,G,1648,100,H,2155,95
[AUTOPOS] SW-C,A,2970,100,B,2371,100,D,1661,95,E,3272,96,F,2861,96,G,1687,100,H,2165,96
[AUTOPOS] SW-C,A,3036,100,B,2445,100,D,1617,92,E,3280,96,F,2871,96,G,1650,100,H,2175,96
[AUTOPOS] SW-C,A,3049,100,B,2393,100,D,1640,92,E,3260,96,F,2846,100,G,1622,100,H,2150,96
[AUTOPOS] SW-C,A,2992,100,B,2373,100,D,1569,92,E,3274,96,F,2845,100,G,1677,100,H,2219,96
[AUTOPOS] SW-C,A,3008,100,B,2386,100,D,1634,92,E,3244,96,F,2858,100,G,1663,100,H,2168,96
[AUTOPOS] SW-C,A,3027,100,B,2393,100,D,1626,93,E,3234,96,F,2847,100,G,1673,100,H,2160,96
[AUTOPOS] SW-C,A,3044,100,B,2445,100,D,1568,93,E,3257,100,F,2874,100,G,1663,100,H,2159,96
[AUTOPOS] SW-C,A,3005,100,B,2403,100,D,1612,93,E,3246,100,F,2855,100,G,1624,100,H,2204,96
[AUTOPOS] SW-C,A,3046,100,B,2420,100,D,1602,93,E,3209,100,F,2844,100,G,1671,100,H,2181,100
[AUTOPOS] SW-C,A,3046,100,B,2357,100,D,1563,94,E,3209,100,F,2844,100,G,1672,100,H,2169,100
[AUTOPOS] SW-C,A,3036,94,B,2357,100,D,1634,94,E,3253,95,F,2863,96,G,1649,100,H,2172,100
[AUTOPOS] SW-C,A,3013,95,B,2435,95,D,1649,94,E,3213,95,F,2854,96,G,1647,100,H,2136,100
[AUTOPOS] SW-C,A,3016,95,B,2380,95,D,1563,95,E,3221,95,F,2856,96,G,1669,100,H,2166,100
[AUTOPOS] SW-C,A,2999,95,B,2383,95,D,1572,95,E,3242,95,F,2871,96,G,1635,100,H,2140,100
[AUTOPOS] SW-C,A,3056,95,B,2386,95,D,1619,95,E,3234,96,F,2848,96,G,1648,100,H,2154,100
[AUTOPOS] SW-C,A,3015,95,B,2434,95,D,1619,95,E,3241,96,F,2864,96,G,1655,100,H,2148,100
[AUTOPOS] SW-C,A,3004,96,B,2374,96,D,1632,91,E,3241,96,F,2895,96,G,1670,100,H,2209,100
[AUTOPOS] SW-C,A,2966,96,B,2403,96,D,1631,92,E,3219,96,F,2895,96,G,1670,100,H,2158,100
[AUTOPOS] SW-C,A,3073,96,B,2414,96,D,1571,92,E,3219,96,F,2845,94,G,1655,96,H,2140,100
[AUTOPOS] SW-C,A,3055,96,B,2430,96,D,1612,92,E,3236,96,F,2864,94,G,1667,96,H,2120,100
[AUTOPOS] SW-C,A,3076,96,B,2420,96,D,1614,92,E,3234,96,F,2872,94,G,1687,96,H,2174,100
[AUTOPOS] SW-C,A,3008,96,B,2458,96,D,1562,93,E,3258,96,F,2856,95,G,1664,100,H,2170,100
[AUTOPOS] SW-C,A,3000,93,B,2436,96,D,1557,93,E,3263,100,F,2831,95,G,1628,100,H,2131,100
[AUTOPOS] SW-C,A,2987,94,B,2432,96,D,1553,93,E,3273,100,F,2816,95,G,1656,100,H,2201,100
[AUTOPOS] SW-C,A,3057,94,B,2425,100,D,1618,93,E,3284,100,F,2860,95,G,1643,100,H,2215,100
[AUTOPOS] SW-C,A,3040,94,B,2397,100,D,1624,94,E,3279,100,F,2846,95,G,1619,100,H,2190,100
[AUTOPOS] SW-C,A,3088,95,B,2416,100,D,1575,94,E,3249,100,F,2890,96,G,1663,100,H,2144,100
ROUND: target SW count reached; waiting for finite-master SWEEP_DONE
[AUTOPOS] ANCHOR_CTRL[6] notify: SWEEP_DONE master=C sets=1010 role=matrix
END=2026-05-22 16:45:44
