0786c811 last_status=0x00810f02 last_len=17 pan=0xdeca dst=0xffff src=0xb101 code=0xe0
listener debug sel=A valilistener debug sel=A valid=1 age=394562 level=7 good=81870 accepted=23535 badhdr=0 nonanchor=58335 toolong=0 rxerr=82 rxen_fail=0 rxen_last=0 sys_status=0x00800002 sys_state=000505440b rx_finfo=0x0786c811 last_status=0x00810f02 last_len=17 pan=0xdeca dst=0xffff src=0xb101 code=0xe0
listener debug sel=A valid=1 age=395562 level=7 good=81870 accepted=23535 badhdr=0 nonanchor=58335 toolong=0 rxerr=82 rxen_fail=0 rxen_last=0 sys_status=0x00800002 sys_state=000505460b rx_finfo=0x0786c811 last_status=0x00810f02 last_len=17 pan=0xdeca dst=0xffff src=0xb101 code=0xe0
listener debug sel=A valid=1 age=396562 level=7 good=81870 accepted=23535 badhdr=0 nonanchor=58335 toolong=0 rxerr=82 rxen_fail=0 rxen_last=0 sys_status=0x00800002 sys_state=000505440b rx_finfo=0x0786c811 last_status=0x00810f02 last_len=17 pan=0xdeca dst=0xffff src=0xb101 code=0xe0
listener debug sel=A valid=1 age=397563 level=7 good=81870 accepted=23535 badhdr=0 nonanchor=58335 toolong=0 rxerr=82 rxen_fail=0 rxen_last=0 sys_status=0x00800002 sys_state=000505480b rx_finfo=0x0786c811 last_status=0x00810f02 last_len=17 pan=0xdeca dst=0xffff src=0xb101 code=0xe0
listener debug sel=A valid=1 age=398563 level=7 good=81870 accepted=23535 badhdr=0 nonanchor=58335 toolong=0 rxerr=82 rxen_fail=0 rxen_last=0 sys_status=0x00800002 sys_state=000505440b rx_finfo=0x0786c811 last_status=0x00810f02 last_len=17 pan=0xdeca dst=0xffff src=0xb101 code=0xe0
listener debug sel=A valid=1 age=399563 level=7 good=81870 accepted=23535 badhdr=0 nonanchor=58335 toolong=0 rxerr=82 rxen_fail=0 rxen_last=0 sys_status=0x00800002 sys_state=000505410b rx_finfo=0x0786c811 last_status=0x00810f02 last_len=17 pan=0xdeca dst=0xffff src=0xb101 code=0xe0
listener debug sel=A valid=1 age=400563 level=7 good=81870 accepted=23535 badhdr=0 nonanchor=58335 toolong=0 rxerr=82 rxen_fail=0 rxen_last=0 sys_status=0x00800002 sys_state=000505470b rx_finfo=0x0786c811 last_status=0x00810f02 last_len=17 pan=0xdeca dst=0xffff src=0xb101 code=0xe0
listener debug sel=A valid=1 age=401564 level=7 good=81870 accepted=23535 badhdr=0 nonanchor=58335 toolong=0 rxerr=82 rxen_fail=0 rxen_last=0 sys_status=0x00800002 sys_state=000505430b rx_finfo=0x0786c811 last_status=0x00810f02 last_len=17 pan=0xdeca dst=0xffff src=0xb101 code=0xe0
listener debug sel=A valid=1 age=402564 level=7 good=81870 accepted=23535 badhdr=0 nonanchor=58335 toolong=0 rxerr=82 rxen_fail=0 rxen_last=0 sys_status=0x00800002 sys_state=000505430b rx_finfo=0x0786c811 last_status=0x00810f02 last_len=17 pan=0xdeca dst=0xffff src=0xb101 code=0xe0
listener debug sel=A valid=1 age=403564 level=7 good=81870 accepted=23535 badhdr=0 nonanchor=58335 toolong=0 rxerr=82 rxen_fail=0 rxen_last=0 sys_status=0x00800002 sys_state=000505430b rx_finfo=0x0786c811 last_status=0x00810f02 last_len=17 pan=0xdeca dst=0xffff src=0xb101 code=0xe0
listener debug sel=A valid=1 age=404564 level=7 good=81870 accepted=23535 badhdr=0 nonanchor=58335 toolong=0 rxerr=82 rxen_fail=0 rxen_last=0 sys_status=0x00800002 sys_state=000505400b rx_finfo=0x0786c811 last_status=0x00810f02 last_len=17 pan=0xdeca dst=0xffff src=0xb101 code=0xe0
listener debug sel=A valid=1 age=405564 level=7 good=81870 accepted=23535 badhdr=0 nonanchor=58335 toolong=0 rxerr=82 rxen_fail=0 rxen_last=0 sys_status=0x00800002 sys_state=000505410b rx_finfo=0x0786c811 last_status=0x00810f02 last_len=17 pan=0xdeca dst=0xffff src=0xb101 code=0xe0
listener debug sel=A valid=1 age=406564 level=7 good=81870 accepted=23535 badhdr=0 nonanchor=58335 toolong=0 rxerr=82 rxen_fail=0 rxen_last=0 sys_status=0x00800002 sys_state=000505450b rx_finfo=0x0786c811 last_status=0x00810f02 last_len=17 pan=0xdeca dst=0xffff src=0xb101 code=0xe0
listener debug sel=A valid=1 age=407565 level=7 good=81870 accepted=23535 badhdr=0 nonanchor=58335 toolong=0 rxerr=82 rxen_fail=0 rxen_last=0 sys_status=0x00800002 sys_state=000505460b rx_finfo=0x0786c811 last_status=0x00810f02 last_len=17 pan=0xdeca dst=0xffff src=0xb101 code=0xe0
listener debug sel=A valid=1 age=408566 level=7 good=81870 accepted=23535 badhdr=0 nonanchor=58335 toolong=0 rxerr=82 rxen_fail=0 rxen_last=0 sys_status=0x00800002 sys_state=000505480b rx_finfo=0x0786c811 last_status=0x00810f02 last_len=17 pan=0xdeca dst=0xffff src=0xb101 code=0xe0
listener debug sel=A valid=1 age=409566 level=7 good=81870 accepted=23535 badhdr=0 nonanchor=58335 toolong=0 rxerr=82 rxen_fail=0 rxen_last=0 sys_status=0x00800002 sys_state=000505450b rx_finfo=0x0786c811 last_status=0x00810f02 last_len=17 pan=0xdeca dst=0xffff src=0xb101 code=0xe0
listener debug sel=A valid=1 age=410567 level=7 good=81870 accepted=23535 badhdr=0 nonanchor=58335 toolong=0 rxerr=82 rxen_fail=0 rxen_last=0 sys_status=0x00800002 sys_state=000505480b rx_finfo=0x0786c811 last_status=0x00810f02 last_len=17 pan=0xdeca dst=0xffff src=0xb101 code=0xe0
listener debug sel=A valid=1 age=411567 level=7 good=81870 accepted=23535 badhdr=0 nonanchor=58335 toolong=0 rxerr=82 rxen_fail=0 rxen_last=0 sys_status=0x00800002 sys_state=000505450b rx_finfo=0x0786c811 last_status=0x00810f02 last_len=17 pan=0xdeca dst=0xffff src=0xb101 code=0xe0
listener debug sel=A valid=1 age=412568 level=7 good=81870 accepted=23535 badhdr=0 nonanchor=58335 toolong=0 rxerr=82 rxen_fail=0 rxen_last=0 sys_status=0x00800002 sys_state=000505480b rx_finfo=0x0786c811 last_status=0x00810f02 last_len=17 pan=0xdeca dst=0xffff src=0xb101 code=0xe0
listener debug sel=A valid=1 age=413568 level=7 good=81870 accepted=23535 badhdr=0 nonanchor=58335 toolong=0 rxerr=82 rxen_fail=0 rxen_last=0 sys_status=0x00800002 sys_state=000505410b rx_finfo=0x0786c811 last_status=0x00810f02 last_len=17 pan=0xdeca dst=0xffff src=0xb101 code=0xe0
listener debug sel=A valid=1 age=414569 level=7 good=81870 accepted=23535 badhdr=0 nonanchor=58335 toolong=0 rxerr=82 rxen_fail=0 rxen_last=0 sys_status=0x00800002 sys_state=000505450b rx_finfo=0x0786c811 last_status=0x00810f02 last_len=17 pan=0xdeca dst=0xffff src=0xb101 code=0xe0
listener debug sel=A valid=1 age=415570 level=7 good=81870 accepted=23535 badhdr=0 nonanchor=58335 toolong=0 rxerr=82 rxen_fail=0 rxen_last=0 sys_status=0x00800002 sys_state=000505410b rx_finfo=0x0786c811 last_status=0x00810f02 last_len=17 pan=0xdeca dst=0xffff src=0xb101 code=0xe0
listener debug sel=A valid=1 age=416571 level=7 good=81870 accepted=23535 badhdr=0 nonanchor=58335 toolong=0 rxerr=82 rxen_fail=0 rxen_last=0 sys_status=0x00800002 sys_state=000505410b rx_finfo=0x0786c811 last_status=0x00810f02 last_len=17 pan=0xdeca dst=0xffff src=0xb101 code=0xe0
listener debug sel=A valid=1 age=417571 level=7 good=81870 accepted=23535 badhdr=0 nonanchor=58335 toolong=0 rxerr=82 rxen_fail=0 rxen_last=0 sys_status=0x00800002 sys_state=000505400b rx_finfo=0x0786c811 last_status=0x00810f02 last_len=17 pan=0xdeca dst=0xffff src=0xb101 code=0xe0
listener debug sel=A valid=1 age=418572 level=7 good=81870 accepted=23535 badhdr=0 nonanchor=58335 toolong=0 rxerr=82 rxen_fail=0 rxen_last=0 sys_status=0x00800002 sys_state=000505470b rx_finfo=0x0786c811 last_status=0x00810f02 last_len=17 pan=0xdeca dst=0xffff src=0xb101 code=0xe0
listener debug sel=A valid=1 age=419573 level=7 good=81870 accepted=23535 badhdr=0 nonanchor=58335 toolong=0 rxerr=82 rxen_fail=0 rxen_last=0 sys_status=0x00800002 sys_state=000505400b rx_finfo=0x0786c811 last_status=0x00810f02 last_len=17 pan=0xdeca dst=0xffff src=0xb101 code=0xe0
listener debug sel=A valid=1 age=420573 level=7 good=81870 accepted=23535 badhdr=0 nonanchor=58335 toolong=0 rxerr=82 rxen_fail=0 rxen_last=0 sys_status=0x00800002 sys_state=000505480b rx_finfo=0x0786c811 last_status=0x00810f02 last_len=17 pan=0xdeca dst=0xffff src=0xb101 code=0xe0
listener debug sel=A valid=1 age=421574 level=7 good=81870 accepted=23535 badhdr=0 nonanchor=58335 toolong=0 rxerr=82 rxen_fail=0 rxen_last=0 sys_status=0x00800002 sys_state=000505480b rx_finfo=0x0786c811 last_status=0x00810f02 last_len=17 pan=0xdeca dst=0xffff src=0xb101 code=0xe0
listener debug sel=A valid=1 age=422575 level=7 good=81870 accepted=23535 badhdr=0 nonanchor=58335 toolong=0 rxerr=82 rxen_fail=0 rxen_last=0 sys_status=0x00800002 sys_state=000505430b rx_finfo=0x0786c811 last_status=0x00810f02 last_len=17 pan=0xdeca dst=0xffff src=0xb101 code=0xe0
listener debug sel=A valid=1 age=423575 level=7 good=81870 accepted=23535 badhdr=0 nonanchor=58335 toolong=0 rxerr=82 rxen_fail=0 rxen_last=0 sys_status=0x00800002 sys_state=000505430b rx_finfo=0x0786c811 last_status=0x00810f02 last_len=17 pan=0xdeca dst=0xffff src=0xb101 code=0xe0
listener debug sel=A valid=1 age=424576 level=7 good=81870 accepted=23535 badhdr=0 nonanchor=58335 toolong=0 rxerr=82 rxen_fail=0 rxen_last=0 sys_status=0x00800002 sys_state=000505400b rx_finfo=0x0786c811 last_status=0x00810f02 last_len=17 pan=0xdeca dst=0xffff src=0xb101 code=0xe0
listener debug sel=A valid=1 age=425577 level=7 good=81870 accepted=23535 badhdr=0 nonanchor=58335 toolong=0 rxerr=82 rxen_fail=0 rxen_last=0 sys_status=0x00800002 sys_state=000505400b rx_finfo=0x0786c811 last_status=0x00810f02 last_len=17 pan=0xdeca dst=0xffff src=0xb101 code=0xe0
listener debug sel=A valid=1 age=426578 level=7 good=81870 accepted=23535 badhdr=0 nonanchor=58335 toolong=0 rxerr=82 rxen_fail=0 rxen_last=0 sys_status=0x00800002 sys_state=000505470b rx_finfo=0x0786c811 last_status=0x00810f02 last_len=17 pan=0xdeca dst=0xffff src=0xb101 code=0xe0
listener debug sel=A valid=1 age=427579 level=7 good=81870 accepted=23535 badhdr=0 nonanchor=58335 toolong=0 rxerr=82 rxen_fail=0 rxen_last=0 sys_status=0x00800002 sys_state=000505470b rx_finfo=0x0786c811 last_status=0x00810f02 last_len=17 pan=0xdeca dst=0xffff src=0xb101 code=0xe0
listener debug sel=A valid=1 age=428580 level=7 good=81870 accepted=23535 badhdr=0 nonanchor=58335 toolong=0 rxerr=82 rxen_fail=0 rxen_last=0 sys_status=0x00800002 sys_state=000505460b rx_finfo=0x0786c811 last_status=0x00810f02 last_len=17 pan=0xdeca dst=0xffff src=0xb101 code=0xe0
listener debug sel=A valid=1 age=429581 level=7 good=81870 accepted=23535 badhdr=0 nonanchor=58335 toolong=0 rxerr=82 rxen_fail=0 rxen_last=0 sys_status=0x00800002 sys_state=000505460b rx_finfo=0x0786c811 last_status=0x00810f02 last_len=17 pan=0xdeca dst=0xffff src=0xb101 code=0xe0
listener debug sel=A valid=1 age=430582 level=7 good=81870 accepted=23535 badhdr=0 nonanchor=58335 toolong=0 rxerr=82 rxen_fail=0 rxen_last=0 sys_status=0x00800002 sys_state=000505440b rx_finfo=0x0786c811 last_status=0x00810f02 last_len=17 pan=0xdeca dst=0xffff src=0xb101 code=0xe0
listener debug sel=A valid=1 age=431583 level=7 good=81870 accepted=23535 badhdr=0 nonanchor=58335 toolong=0 rxerr=82 rxen_fail=0 rxen_last=0 sys_status=0x00800002 sys_state=000505470b rx_finfo=0x0786c811 last_status=0x00810f02 last_len=17 pan=0xdeca dst=0xffff src=0xb101 code=0xe0
listener debug sel=A valid=1 age=432583 level=7 good=81870 accepted=23535 badhdr=0 nonanchor=58335 toolong=0 rxerr=82 rxen_fail=0 rxen_last=0 sys_status=0x00800002 sys_state=000505430b rx_finfo=0x0786c811 last_status=0x00810f02 last_len=17 pan=0xdeca dst=0xffff src=0xb101 code=0xe0
listener debug sel=A valid=1 age=433584 level=7 good=81870 accepted=23535 badhdr=0 nonanchor=58335 toolong=0 rxerr=82 rxen_fail=0 rxen_last=0 sys_status=0x00800002 sys_state=000505450b rx_finfo=0x0786c811 last_status=0x00810f02 last_len=17 pan=0xdeca dst=0xffff src=0xb101 code=0xe0
listener debug sel=A valid=1 age=434585 level=7 good=81870 accepted=23535 badhdr=0 nonanchor=58335 toolong=0 rxerr=82 rxen_fail=0 rxen_last=0 sys_status=0x00800002 sys_state=000505430b rx_finfo=0x0786c811 last_status=0x00810f02 last_len=17 pan=0xdeca dst=0xffff src=0xb101 code=0xe0
listener debug sel=A valid=1 age=435586 level=7 good=81870 accepted=23535 badhdr=0 nonanchor=58335 toolong=0 rxerr=82 rxen_fail=0 rxen_last=0 sys_status=0x00800002 sys_state=000505440b rx_finfo=0x0786c811 last_status=0x00810f02 last_len=17 pan=0xdeca dst=0xffff src=0xb101 code=0xe0
listener debug sel=A valid=1 age=436587 level=7 good=81870 accepted=23535 badhdr=0 nonanchor=58335 toolong=0 rxerr=82 rxen_fail=0 rxen_last=0 sys_status=0x00800002 sys_state=000505430b rx_finfo=0x0786c811 last_status=0x00810f02 last_len=17 pan=0xdeca dst=0xffff src=0xb101 code=0xe0
listener debug sel=A valid=1 age=437588 level=7 good=81870 accepted=23535 badhdr=0 nonanchor=58335 toolong=0 rxerr=82 rxen_fail=0 rxen_last=0 sys_status=0x00800002 sys_state=000505460b rx_finfo=0x0786c811 last_status=0x00810f02 last_len=17 pan=0xdeca dst=0xffff src=0xb101 code=0xe0
listener debug sel=A valid=1 age=438589 level=7 good=81870 accepted=23535 badhdr=0 nonanchor=58335 toolong=0 rxerr=82 rxen_fail=0 rxen_last=0 sys_status=0x00800002 sys_state=000505400b rx_finfo=0x0786c811 last_status=0x00810f02 last_len=17 pan=0xdeca dst=0xffff src=0xb101 code=0xe0
listener debug sel=A valid=1 age=439591 level=7 good=81870 accepted=23535 badhdr=0 nonanchor=58335 toolong=0 rxerr=82 rxen_fail=0 rxen_last=0 sys_status=0x00800002 sys_state=000505450b rx_finfo=0x0786c811 last_status=0x00810f02 last_len=17 pan=0xdeca dst=0xffff src=0xb101 code=0xe0
listener debug sel=A valid=1 age=440593 level=7 good=81870 accepted=23535 badhdr=0 nonanchor=58335 toolong=0 rxerr=82 rxen_fail=0 rxen_last=0 sys_status=0x00800002 sys_state=000505450b rx_finfo=0x0786c811 last_status=0x00810f02 last_len=17 pan=0xdeca dst=0xffff src=0xb101 code=0xe0
listener debug sel=A valid=1 age=441594 level=7 good=81870 accepted=23535 badhdr=0 nonanchor=58335 toolong=0 rxerr=82 rxen_fail=0 rxen_last=0 sys_status=0x00800002 sys_state=000505450b rx_finfo=0x0786c811 last_status=0x00810f02 last_len=17 pan=0xdeca dst=0xffff src=0xb101 code=0xe0
listener debug sel=A valid=1 age=442596 level=7 good=81870 accepted=23535 badhdr=0 nonanchor=58335 toolong=0 rxerr=82 rxen_fail=0 rxen_last=0 sys_status=0x00800002 sys_state=000505440b rx_finfo=0x0786c811 last_status=0x00810f02 last_len=17 pan=0xdeca dst=0xffff src=0xb101 code=0xe0
listener debug sel=A valid=1 age=443598 level=7 good=81870 accepted=23535 badhdr=0 nonanchor=58335 toolong=0 rxerr=82 rxen_fail=0 rxen_last=0 sys_status=0x00800002 sys_state=000505400b rx_finfo=0x0786c811 last_status=0x00810f02 last_len=17 pan=0xdeca dst=0xffff src=0xb101 code=0xe0
listener debug sel=A valid=1 age=444599 level=7 good=81870 accepted=23535 badhdr=0 nonanchor=58335 toolong=0 rxerr=82 rxen_fail=0 rxen_last=0 sys_status=0x00800002 sys_state=000505410b rx_finfo=0x0786c811 last_status=0x00810f02 last_len=17 pan=0xdeca dst=0xffff src=0xb101 code=0xe0
listener debug sel=A valid=1 age=445600 level=7 good=81870 accepted=23535 badhdr=0 nonanchor=58335 toolong=0 rxerr=82 rxen_fail=0 rxen_last=0 sys_status=0x00800002 sys_state=000505400b rx_finfo=0x0786c811 last_status=0x00810f02 last_len=17 pan=0xdeca dst=0xffff src=0xb101 code=0xe0
listener debug sel=A valid=1 age=446601 level=7 good=81870 accepted=23535 badhdr=0 nonanchor=58335 toolong=0 rxerr=82 rxen_fail=0 rxen_last=0 sys_status=0x00800002 sys_state=000505430b rx_finfo=0x0786c811 last_status=0x00810f02 last_len=17 pan=0xdeca dst=0xffff src=0xb101 code=0xe0
listener debug sel=A valid=1 age=447601 level=7 good=81870 accepted=23535 badhdr=0 nonanchor=58335 toolong=0 rxerr=82 rxen_fail=0 rxen_last=0 sys_status=0x00800002 sys_state=000505480b rx_finfo=0x0786c811 last_status=0x00810f02 last_len=17 pan=0xdeca dst=0xffff src=0xb101 code=0xe0
listener debug sel=A valid=1 age=448603 level=7 good=81870 accepted=23535 badhdr=0 nonanchor=58335 toolong=0 rxerr=82 rxen_fail=0 rxen_last=0 sys_status=0x00800002 sys_state=000505450b rx_finfo=0x0786c811 last_status=0x00810f02 last_len=17 pan=0xdeca dst=0xffff src=0xb101 code=0xe0
listener debug sel=A valid=1 age=449604 level=7 good=81870 accepted=23535 badhdr=0 nonanchor=58335 toolong=0 rxerr=82 rxen_fail=0 rxen_last=0 sys_status=0x00800002 sys_state=000505470b rx_finfo=0x0786c811 last_status=0x00810f02 last_len=17 pan=0xdeca dst=0xffff src=0xb101 code=0xe0
listener debug sel=A valid=1 age=450605 level=7 good=81870 accepted=23535 badhdr=0 nonanchor=58335 toolong=0 rxerr=82 rxen_fail=0 rxen_last=0 sys_status=0x00800002 sys_state=000505440b rx_finfo=0x0786c811 last_status=0x00810f02 last_len=17 pan=0xdeca dst=0xffff src=0xb101 code=0xe0
listener debug sel=A valid=1 age=451607 level=7 good=81870 accepted=23535 badhdr=0 nonanchor=58335 toolong=0 rxerr=82 rxen_fail=0 rxen_last=0 sys_status=0x00800002 sys_state=000505410b rx_finfo=0x0786c811 last_status=0x00810f02 last_len=17 pan=0xdeca dst=0xffff src=0xb101 code=0xe0
listener debug sel=A valid=1 age=452608 level=7 good=81870 accepted=23535 badhdr=0 nonanchor=58335 toolong=0 rxerr=82 rxen_fail=0 rxen_last=0 sys_status=0x00800002 sys_state=000505430b rx_finfo=0x0786c811 last_status=0x00810f02 last_len=17 pan=0xdeca dst=0xffff src=0xb101 code=0xe0
listener debug sel=A valid=1 age=453609 level=7 good=81870 accepted=23535 badhdr=0 nonanchor=58335 toolong=0 rxerr=82 rxen_fail=0 rxen_last=0 sys_status=0x00800002 sys_state=000505460b rx_finfo=0x0786c811 last_status=0x00810f02 last_len=17 pan=0xdeca dst=0xffff src=0xb101 code=0xe0
listener debug sel=A valid=1 age=454610 level=7 good=81870 accepted=23535 badhdr=0 nonanchor=58335 toolong=0 rxerr=82 rxen_fail=0 rxen_last=0 sys_status=0x00800002 sys_state=000505410b rx_finfo=0x0786c811 last_status=0x00810f02 last_len=17 pan=0xdeca dst=0xffff src=0xb101 code=0xe0
listener debug sel=A valid=1 age=455611 level=7 good=81870 accepted=23535 badhdr=0 nonanchor=58335 toolong=0 rxerr=82 rxen_fail=0 rxen_last=0 sys_status=0x00800002 sys_state=000505470b rx_finfo=0x0786c811 last_status=0x00810f02 last_len=17 pan=0xdeca dst=0xffff src=0xb101 code=0xe0
listener debug sel=A valid=1 age=456612 level=7 good=81870 accepted=23535 badhdr=0 nonanchor=58335 toolong=0 rxerr=82 rxen_fail=0 rxen_last=0 sys_status=0x00800002 sys_state=000505410b rx_finfo=0x0786c811 last_status=0x00810f02 last_len=17 pan=0xdeca dst=0xffff src=0xb101 code=0xe0
listener debug sel=A valid=1 age=457614 level=7 good=81870 accepted=23535 badhdr=0 nonanchor=58335 toolong=0 rxerr=82 rxen_fail=0 rxen_last=0 sys_status=0x00800002 sys_state=000505470b rx_finfo=0x0786c811 last_status=0x00810f02 last_len=17 pan=0xdeca dst=0xffff src=0xb101 code=0xe0
listener debug sel=A valid=1 age=458615 level=7 good=81870 accepted=23535 badhdr=0 nonanchor=58335 toolong=0 rxerr=82 rxen_fail=0 rxen_last=0 sys_status=0x00800002 sys_state=000505410b rx_finfo=0x0786c811 last_status=0x00810f02 last_len=17 pan=0xdeca dst=0xffff src=0xb101 code=0xe0
listener debug sel=A valid=1 age=459616 level=7 good=81870 accepted=23535 badhdr=0 nonanchor=58335 toolong=0 rxerr=82 rxen_fail=0 rxen_last=0 sys_status=0x00800002 sys_state=000505440b rx_finfo=0x0786c811 last_status=0x00810f02 last_len=17 pan=0xdeca dst=0xffff src=0xb101 code=0xe0
listener debug sel=A valid=1 age=460618 level=7 good=81870 accepted=23535 badhdr=0 nonanchor=58335 toolong=0 rxerr=82 rxen_fail=0 rxen_last=0 sys_status=0x00800002 sys_state=000505410b rx_finfo=0x0786c811 last_status=0x00810f02 last_len=17 pan=0xdeca dst=0xffff src=0xb101 code=0xe0
listener debug sel=A valid=1 age=461619 level=7 good=81870 accepted=23535 badhdr=0 nonanchor=58335 toolong=0 rxerr=82 rxen_fail=0 rxen_last=0 sys_status=0x00800002 sys_state=000505430b rx_finfo=0x0786c811 last_status=0x00810f02 last_len=17 pan=0xdeca dst=0xffff src=0xb101 code=0xe0
listener debug sel=A valid=1 age=462620 level=7 good=81870 accepted=23535 badhdr=0 nonanchor=58335 toolong=0 rxerr=82 rxen_fail=0 rxen_last=0 sys_status=0x00800002 sys_state=000505460b rx_finfo=0x0786c811 last_status=0x00810f02 last_len=17 pan=0xdeca dst=0xffff src=0xb101 code=0xe0
listener debug sel=A valid=1 age=463621 level=7 good=81870 accepted=23535 badhdr=0 nonanchor=58335 toolong=0 rxerr=82 rxen_fail=0 rxen_last=0 sys_status=0x00800002 sys_state=000505440b rx_finfo=0x0786c811 last_status=0x00810f02 last_len=17 pan=0xdeca dst=0xffff src=0xb101 code=0xe0
UF;4697874;81871;0xdeca;0xb101;0xffff;0xe0;20060;7;2278;122;7255;17
UF;4697974;81872;0xdeca;0xb101;0xffff;0xe0;19827;7;2326;124;5322;17
UF;4698074;81873;0xdeca;0xb101;0xffff;0xe0;20275;7;2417;125;7699;17
UF;4698174;81874;0xdeca;0xb101;0xffff;0xe0;19444;7;2172;121;4690;17
listener debug sel=A valid=1 age=464623 level=7 good=81874 accepted=23535 badhdr=0 nonanchor=58339 toolong=0 rxerr=82 rxen_fail=0 rxen_last=0 sys_status=0x00800002 sys_state=000505440b rx_finfo=0x0796c811 last_status=0x00810f02 last_len=17 pan=0xdeca dst=0xffff src=0xb101 code=0xe0
UF;4698273;81875;0xdeca;0xb101;0xffff;0xe0;20483;7;2288;121;6759;17
UF;4698374;81876;0xdeca;0xb101;0xffff;0xe0;20384;7;2277;121;6517;17
UF;4698474;81877;0xdeca;0xb101;0xffff;0xe0;20286;7;2266;121;7032;17
UF;4698574;81878;0xdeca;0xb101;0xffff;0xe0;19580;7;2045;117;5959;17
UF;4698674;81879;0xdeca;0xb101;0xffff;0xe0;20070;7;2205;120;7136;17
UF;4698775;81880;0xdeca;0xb101;0xffff;0xe0;20160;7;2365;124;5330;17
UF;4698870;81881;0xdeca;0xb101;0xffff;0xe0;19692;7;2092;118;6945;17
UF;4698882;81882;0xdeca;0xa107;0xb101;0xe1;14652;7;1583;119;6354;20
UL;4698882;23536;H;7;0xa107;0xb101;0xe1;14652;7;1583;119;6354;20
UF;4698973;81883;0xdeca;0xb101;0xffff;0xe0;19140;7;1999;117;6613;17
UF;4699073;81884;0xdeca;0xb101;0xffff;0xe0;20057;7;2167;119;5238;17
UF;4699173;81885;0xdeca;0xb101;0xffff;0xe0;19668;7;2125;119;6743;17
listener debug sel=A valid=1 age=465634 level=7 good=81885 accepted=23536 badhdr=0 nonanchor=58349 toolong=0 rxerr=82 rxen_fail=0 rxen_last=0 sys_status=0x00800002 sys_state=000505400b rx_finfo=0x0776c811 last_status=0x00810f02 last_len=17 pan=0xdeca dst=0xffff src=0xb101 code=0xe0
UF;4699272;81886;0xdeca;0xb101;0xffff;0xe0;19264;7;2012;117;3390;17
UF;4699372;81887;0xdeca;0xb101;0xffff;0xe0;20545;7;2295;121;6535;17
UF;4699473;81888;0xdeca;0xb101;0xffff;0xe0;19870;7;2183;120;6717;17
UF;4699573;81889;0xdeca;0xb101;0xffff;0xe0;20304;7;2268;121;3891;17
UF;4699673;81890;0xdeca;0xb101;0xffff;0xe0;19587;7;2152;120;7359;17
UF;4699773;81891;0xdeca;0xb101;0xffff;0xe0;19520;7;2109;119;6419;17
UF;4699873;81892;0xdeca;0xb101;0xffff;0xe0;19844;7;2328;124;6793;17
UF;4699974;81893;0xdeca;0xb101;0xffff;0xe0;19788;7;2138;119;5055;17
UF;4700074;81894;0xdeca;0xb101;0xffff;0xe0;19981;7;2382;125;7626;17
UF;4700174;81895;0xdeca;0xb101;0xffff;0xe0;19918;7;2152;119;4397;17
listener debug sel=A valid=1 age=466636 level=7 good=81895 accepted=23536 badhdr=0 nonanchor=58359 toolong=0 rxerr=82 rxen_fail=0 rxen_last=0 sys_status=0x00800002 sys_state=000505440b rx_finfo=0x0776c811 last_status=0x00810f02 last_len=17 pan=0xdeca dst=0xffff src=0xb101 code=0xe0
UF;4700273;81896;0xdeca;0xb101;0xffff;0xe0;20547;7;2220;119;6476;17
UF;4700374;81897;0xdeca;0xb101;0xffff;0xe0;19714;7;2130;119;6952;17
UF;4700474;81898;0xdeca;0xb101;0xffff;0xe0;19843;7;2108;118;4729;17
UF;4700574;81899;0xdeca;0xb101;0xffff;0xe0;20480;7;2139;117;6674;17
uwb any-frame t=4700675 good=81900 len=17 fctrl=8841 pan=0xdeca dst=0xffff src=0xb101 code=0xe0 q=19744 level=7 cir=2279 rxpacc=123 fp=5642/7312/6043
UF;4700675;81900;0xdeca;0xb101;0xffff;0xe0;19744;7;2279;123;5642;17
UF;4700772;81901;0xdeca;0xb101;0xffff;0xe0;19372;7;2093;119;3508;17
UF;4700873;81902;0xdeca;0xb101;0xffff;0xe0;20092;7;2357;124;4793;17
UF;4700973;81903;0xdeca;0xb101;0xffff;0xe0;19798;7;2139;119;6914;17
UF;4701073;81904;0xdeca;0xb101;0xffff;0xe0;20967;7;2381;122;6368;17
UF;4701173;81905;0xdeca;0xb101;0xffff;0xe0;19695;7;2057;117;6526;17
listener debug sel=A valid=1 age=467640 level=7 good=81905 accepted=23536 badhdr=0 nonanchor=58369 toolong=0 rxerr=82 rxen_fail=0 rxen_last=0 sys_status=0x00800002 sys_state=000505450b rx_finfo=0x0756c811 last_status=0x00810f02 last_len=17 pan=0xdeca dst=0xffff src=0xb101 code=0xe0
UF;4701273;81906;0xdeca;0xb101;0xffff;0xe0;19470;7;2211;122;3294;17
UF;4701373;81907;0xdeca;0xb101;0xffff;0xe0;20796;7;2323;121;6063;17
UF;4701473;81908;0xdeca;0xb101;0xffff;0xe0;19717;7;2239;122;6089;17
UF;4701573;81909;0xdeca;0xb101;0xffff;0xe0;21449;7;2557;125;6412;17
UF;4701674;81910;0xdeca;0xb101;0xffff;0xe0;19779;7;2137;119;4274;17
UF;4701774;81911;0xdeca;0xb101;0xffff;0xe0;20134;7;2212;120;7076;17
UF;4701874;81912;0xdeca;0xb101;0xffff;0xe0;19838;7;2216;121;7568;17
UF;4701974;81913;0xdeca;0xb101;0xffff;0xe0;20264;7;2339;123;5052;17
UF;4702074;81914;0xdeca;0xb101;0xffff;0xe0;20468;7;2440;125;7444;17
UF;4702174;81915;0xdeca;0xb101;0xffff;0xe0;20298;7;2305;122;5975;17
listener debug sel=A valid=1 age=468641 level=7 good=81915 accepted=23536 badhdr=0 nonanchor=58379 toolong=0 rxerr=82 rxen_fail=0 rxen_last=0 sys_status=0x00800002 sys_state=000505430b rx_finfo=0x07a6c811 last_status=0x00810f02 last_len=17 pan=0xdeca dst=0xffff src=0xb101 code=0xe0
UF;4702274;81916;0xdeca;0xb101;0xffff;0xe0;20356;7;2126;117;5617;17
UF;4702374;81917;0xdeca;0xb101;0xffff;0xe0;19677;7;2126;119;6728;17
UF;4702474;81918;0xdeca;0xb101;0xffff;0xe0;19801;7;2068;117;5661;17
UF;4702574;81919;0xdeca;0xb101;0xffff;0xe0;20456;7;2323;122;4416;17
UF;4702675;81920;0xdeca;0xb101;0xffff;0xe0;19872;7;2369;125;6553;17
UF;4702775;81921;0xdeca;0xb101;0xffff;0xe0;20558;7;2373;123;7148;17
UF;4702870;81922;0xdeca;0xb101;0xffff;0xe0;20935;7;2300;120;5650;17
UF;4702882;81923;0xdeca;0xa107;0xb101;0xe1;15750;7;1818;123;7095;20
UL;4702882;23537;H;7;0xa107;0xb101;0xe1;15750;7;1818;123;7095;20
UF;4702973;81924;0xdeca;0xb101;0xffff;0xe0;19753;7;2063;117;6345;17
UF;4703073;81925;0xdeca;0xb101;0xffff;0xe0;19919;7;2262;122;6944;17
UF;4703173;81926;0xdeca;0xb101;0xffff;0xe0;20420;7;2281;121;5073;17
listener debug sel=A valid=1 age=469645 level=7 good=81926 accepted=23537 badhdr=0 nonanchor=58389 toolong=0 rxerr=82 rxen_fail=0 rxen_last=0 sys_status=0x00800002 sys_state=000505410b rx_finfo=0x0796c811 last_status=0x00810f02 last_len=17 pan=0xdeca dst=0xffff src=0xb101 code=0xe0
UF;4703272;81927;0xdeca;0xb101;0xffff;0xe0;19906;7;2079;117;6547;17
UF;4703373;81928;0xdeca;0xb101;0xffff;0xe0;20492;7;2404;124;6474;17
UF;4703473;81929;0xdeca;0xb101;0xffff;0xe0;19725;7;2240;122;5221;17
UF;4703573;81930;0xdeca;0xb101;0xffff;0xe0;19572;7;2296;124;7336;17
UF;4703673;81931;0xdeca;0xb101;0xffff;0xe0;20348;7;2273;121;5625;17
UF;4703774;81932;0xdeca;0xb101;0xffff;0xe0;18974;7;2050;119;3817;17
UF;4703874;81933;0xdeca;0xb101;0xffff;0xe0;19316;7;2052;118;6261;17
UF;4703974;81934;0xdeca;0xb101;0xffff;0xe0;19973;7;2086;117;6675;17
UF;4704074;81935;0xdeca;0xb101;0xffff;0xe0;19333;7;2268;124;6415;17
UF;4704175;81936;0xdeca;0xb101;0xffff;0xe0;20210;7;2295;122;5705;17
listener debug sel=A valid=1 age=470646 level=7 good=81936 accepted=23537 badhdr=0 nonanchor=58399 toolong=0 rxerr=82 rxen_fail=0 rxen_last=0 sys_status=0x00800002 sys_state=000505440b rx_finfo=0x07a6c811 last_status=0x00810f02 last_len=17 pan=0xdeca dst=0xffff src=0xb101 code=0xe0
UF;4704274;81937;0xdeca;0xb101;0xffff;0xe0;20214;7;2184;119;5113;17
UF;4704374;81938;0xdeca;0xb101;0xffff;0xe0;19955;7;2341;124;6975;17
UF;4704475;81939;0xdeca;0xb101;0xffff;0xe0;19571;7;2259;123;5216;17
UF;4704575;81940;0xdeca;0xb101;0xffff;0xe0;19628;7;2050;117;6780;17
UF;4704675;81941;0xdeca;0xb101;0xffff;0xe0;18791;7;2169;123;6041;17
UF;4704770;81942;0xdeca;0xb101;0xffff;0xe0;19494;7;2036;117;4390;17
UF;4704782;81943;0xdeca;0xa107;0xb101;0xe1;15092;7;1742;123;4712;20
UL;4704782;23538;H;7;0xa107;0xb101;0xe1;15092;7;1742;123;4712;20
UF;4704873;81944;0xdeca;0xb101;0xffff;0xe0;19449;7;2245;123;7239;17
UF;4704973;81945;0xdeca;0xb101;0xffff;0xe0;19943;7;2302;123;4377;17
UF;4705073;81946;0xdeca;0xb101;0xffff;0xe0;19606;7;2154;120;4708;17
UF;4705173;81947;0xdeca;0xb101;0xffff;0xe0;19222;7;2255;124;7637;17
listener debug sel=A valid=1 age=471650 level=7 good=81947 accepted=23538 badhdr=0 nonanchor=58409 toolong=0 rxerr=82 rxen_fail=0 rxen_last=0 sys_status=0x00800002 sys_state=000505400b rx_finfo=0x07c6c811 last_status=0x00810f02 last_len=17 pan=0xdeca dst=0xffff src=0xb101 code=0xe0
UF;4705273;81948;0xdeca;0xb101;0xffff;0xe0;19942;7;2191;120;6428;17
UF;4705373;81949;0xdeca;0xb101;0xffff;0xe0;19954;7;2266;122;3766;17
uwb any-frame t=4705473 good=81950 len=17 fctrl=8841 pan=0xdeca dst=0xffff src=0xb101 code=0xe0 q=19835 level=7 cir=2143 rxpacc=119 fp=3954/7103/6467
UF;4705473;81950;0xdeca;0xb101;0xffff;0xe0;19835;7;2143;119;3954;17
UF;4705571;81951;0xdeca;0xb101;0xffff;0xe0;19506;7;2143;120;6759;17
UF;4705671;81952;0xdeca;0xb101;0xffff;0xe0;20254;7;2376;124;5948;17
UF;4705771;81953;0xdeca;0xb101;0xffff;0xe0;19278;7;2118;120;4346;17
UF;4705872;81954;0xdeca;0xb101;0xffff;0xe0;19391;7;2202;122;7398;17
UF;4705972;81955;0xdeca;0xb101;0xffff;0xe0;19833;7;2179;120;4696;17
UF;4706072;81956;0xdeca;0xb101;0xffff;0xe0;18959;7;2083;120;5037;17
UF;4706172;81957;0xdeca;0xb101;0xffff;0xe0;19306;7;2051;118;3551;17
listener debug sel=A valid=1 age=472654 level=7 good=81957 accepted=23538 badhdr=0 nonanchor=58419 toolong=0 rxerr=82 rxen_fail=0 rxen_last=0 sys_status=0x00800002 sys_state=000505470b rx_finfo=0x0766c811 last_status=0x00810f02 last_len=17 pan=0xdeca dst=0xffff src=0xb101 code=0xe0
UF;4706271;81958;0xdeca;0xb101;0xffff;0xe0;20220;7;2334;123;7004;17
UF;4706372;81959;0xdeca;0xb101;0xffff;0xe0;19389;7;2025;117;5869;17
UF;4706472;81960;0xdeca;0xb101;0xffff;0xe0;19369;7;2128;120;3738;17
UF;4706572;81961;0xdeca;0xb101;0xffff;0xe0;19452;7;2282;124;5266;17
UF;4706672;81962;0xdeca;0xb101;0xffff;0xe0;19069;7;2237;124;4615;17
UF;4706773;81963;0xdeca;0xb101;0xffff;0xe0;19820;7;2070;117;3808;17
UF;4706873;81964;0xdeca;0xb101;0xffff;0xe0;19469;7;2321;125;7316;17
UF;4706973;81965;0xdeca;0xb101;0xffff;0xe0;19775;7;2209;121;6149;17
UF;4707073;81966;0xdeca;0xb101;0xffff;0xe0;19344;7;2055;118;7122;17
UF;4707174;81967;0xdeca;0xb101;0xffff;0xe0;19572;7;2296;124;7028;17
listener debug sel=A valid=1 age=473656 level=7 good=81967 accepted=23538 badhdr=0 nonanchor=58429 toolong=0 rxerr=82 rxen_fail=0 rxen_last=0 sys_status=0x00800002 sys_state=000505430b rx_finfo=0x07c6c811 last_status=0x00810f02 last_len=17 pan=0xdeca dst=0xffff src=0xb101 code=0xe0
UF;4707273;81968;0xdeca;0xb101;0xffff;0xe0;19353;7;2056;118;6711;17
UF;4707373;81969;0xdeca;0xb101;0xffff;0xe0;20441;7;2398;124;6771;17
UF;4707473;81970;0xdeca;0xb101;0xffff;0xe0;20238;7;2336;123;7581;17
UF;4707574;81971;0xdeca;0xb101;0xffff;0xe0;20097;7;2099;117;5641;17
UF;4707674;81972;0xdeca;0xb101;0xffff;0xe0;19833;7;2179;120;6845;17
UF;4707774;81973;0xdeca;0xb101;0xffff;0xe0;19515;7;2144;120;4926;17
UF;4707874;81974;0xdeca;0xb101;0xffff;0xe0;20177;7;2329;123;6518;17
UF;4707975;81975;0xdeca;0xb101;0xffff;0xe0;19989;7;2345;124;5826;17
UF;4708070;81976;0xdeca;0xb101;0xffff;0xe0;20139;7;2287;122;5131;17
UF;4708082;81977;0xdeca;0xa107;0xb101;0xe1;15358;7;1744;122;6690;20
UL;4708082;23539;H;7;0xa107;0xb101;0xe1;15358;7;1744;122;6690;20
UF;4708173;81978;0xdeca;0xb101;0xffff;0xe0;20201;7;2294;122;4577;17
listener debug sel=A valid=1 age=474660 level=7 good=81978 accepted=23539 badhdr=0 nonanchor=58439 toolong=0 rxerr=82 rxen_fail=0 rxen_last=0 sys_status=0x00800002 sys_state=000505410b rx_finfo=0x07a6c811 last_status=0x00810f02 last_len=17 pan=0xdeca dst=0xffff src=0xb101 code=0xe0
UF;4708272;81979;0xdeca;0xb101;0xffff;0xe0;19824;7;2106;118;7059;17
UF;4708372;81980;0xdeca;0xb101;0xffff;0xe0;19538;7;2292;124;5313;17
UF;4708473;81981;0xdeca;0xb101;0xffff;0xe0;19613;7;2119;119;5945;17
UF;4708573;81982;0xdeca;0xb101;0xffff;0xe0;19947;7;2340;124;6505;17
UF;4708673;81983;0xdeca;0xb101;0xffff;0xe0;20229;7;2335;123;5037;17
UF;4708773;81984;0xdeca;0xb101;0xffff;0xe0;19927;7;2153;119;6733;17
UF;4708874;81985;0xdeca;0xb101;0xffff;0xe0;19998;7;2271;122;6470;17
UF;4708974;81986;0xdeca;0xb101;0xffff;0xe0;19870;7;2183;120;5712;17
UF;4709074;81987;0xdeca;0xb101;0xffff;0xe0;20006;7;2385;125;6943;17
UF;4709175;81988;0xdeca;0xb101;0xffff;0xe0;19833;7;2179;120;7413;17
listener debug sel=A valid=1 age=475662 level=7 good=81988 accepted=23539 badhdr=0 nonanchor=58449 toolong=0 rxerr=82 rxen_fail=0 rxen_last=0 sys_status=0x00800002 sys_state=000505440b rx_finfo=0x0786c811 last_status=0x00810f02 last_len=17 pan=0xdeca dst=0xffff src=0xb101 code=0xe0
UF;4709274;81989;0xdeca;0xb101;0xffff;0xe0;21439;7;2515;124;6380;17
UF;4709374;81990;0xdeca;0xb101;0xffff;0xe0;19585;7;2116;119;4740;17
UF;4709475;81991;0xdeca;0xb101;0xffff;0xe0;19579;7;2260;123;5170;17
UF;4709570;81992;0xdeca;0xb101;0xffff;0xe0;19806;7;2176;120;7214;17
UF;4709582;81993;0xdeca;0xa107;0xb101;0xe1;15164;7;1611;118;6370;20
UL;4709582;23540;H;7;0xa107;0xb101;0xe1;15164;7;1611;118;6370;20
UF;4709673;81994;0xdeca;0xb101;0xffff;0xe0;20134;7;2362;124;7228;17
UF;4709773;81995;0xdeca;0xb101;0xffff;0xe0;20635;7;2305;121;6543;17
UF;4709873;81996;0xdeca;0xb101;0xffff;0xe0;20219;7;2296;122;6518;17
UF;4709973;81997;0xdeca;0xb101;0xffff;0xe0;20526;7;2408;124;7371;17
UF;4710074;81998;0xdeca;0xb101;0xffff;0xe0;19035;7;1988;117;6066;17
UF;4710174;81999;0xdeca;0xb101;0xffff;0xe0;19702;7;2093;118;5123;17
listener debug sel=A valid=1 age=476666 level=7 good=81999 accepted=23540 badhdr=0 nonanchor=58459 toolong=0 rxerr=82 rxen_fail=0 rxen_last=0 sys_status=0x00800002 sys_state=000505430b rx_finfo=0x0766c811 last_status=0x00810f02 last_len=17 pan=0xdeca dst=0xffff src=0xb101 code=0xe0
uwb any-frame t=4710273 good=82000 len=17 fctrl=8841 pan=0xdeca dst=0xffff src=0xb101 code=0xe0 q=19310 level=7 cir=2157 rxpacc=121 fp=4671/7346/6144
UF;4710273;82000;0xdeca;0xb101;0xffff;0xe0;19310;7;2157;121;4671;17
UF;4710371;82001;0xdeca;0xb101;0xffff;0xe0;20899;7;2258;119;6686;17
UF;4710471;82002;0xdeca;0xb101;0xffff;0xe0;19457;7;2067;118;4014;17
UF;4710571;82003;0xdeca;0xb101;0xffff;0xe0;19636;7;2086;118;6110;17
UF;4710672;82004;0xdeca;0xb101;0xffff;0xe0;19189;7;2215;123;6451;17
UF;4710772;82005;0xdeca;0xb101;0xffff;0xe0;19870;7;2183;120;5187;17
UF;4710872;82006;0xdeca;0xb101;0xffff;0xe0;19529;7;2291;124;6227;17
UF;4710973;82007;0xdeca;0xb101;0xffff;0xe0;19797;7;2360;125;6841;17
UF;4711073;82008;0xdeca;0xb101;0xffff;0xe0;18881;7;1972;117;4638;17
UF;4711173;82009;0xdeca;0xb101;0xffff;0xe0;19768;7;2100;118;4498;17
listener debug sel=A valid=1 age=477666 level=7 good=82009 accepted=23540 badhdr=0 nonanchor=58469 toolong=0 rxerr=82 rxen_fail=0 rxen_last=0 sys_status=0x00800002 sys_state=000505460b rx_finfo=0x0766c811 last_status=0x00810f02 last_len=17 pan=0xdeca dst=0xffff src=0xb101 code=0xe0
UF;4711272;82010;0xdeca;0xb101;0xffff;0xe0;19552;7;2042;117;4363;17
UF;4711373;82011;0xdeca;0xb101;0xffff;0xe0;19062;7;2025;118;4930;17
UF;4711473;82012;0xdeca;0xb101;0xffff;0xe0;19631;7;2121;119;6879;17
UF;4711573;82013;0xdeca;0xb101;0xffff;0xe0;20407;7;2242;120;5696;17
UF;4711674;82014;0xdeca;0xb101;0xffff;0xe0;19721;7;2095;118;5666;17
UF;4711774;82015;0xdeca;0xb101;0xffff;0xe0;20053;7;2240;121;6856;17
UF;4711874;82016;0xdeca;0xb101;0xffff;0xe0;19942;7;2191;120;6814;17
UF;4711974;82017;0xdeca;0xb101;0xffff;0xe0;19831;7;2252;122;5429;17
UF;4712075;82018;0xdeca;0xb101;0xffff;0xe0;20106;7;2209;120;3875;17
UF;4712170;82019;0xdeca;0xb101;0xffff;0xe0;21030;7;2507;125;6555;17
UF;4712182;82020;0xdeca;0xa107;0xb101;0xe1;15631;7;1775;122;6905;20
UL;4712182;23541;H;7;0xa107;0xb101;0xe1;15631;7;1775;122;6905;20
listener debug sel=A valid=1 age=478670 level=7 good=82020 accepted=23541 badhdr=0 nonanchor=58479 toolong=0 rxerr=82 rxen_fail=0 rxen_last=0 sys_status=0x00800002 sys_state=000505460b rx_finfo=0x07a6c814 last_status=0x00810f02 last_len=20 pan=0xdeca dst=0xb101 src=0xa107 code=0xe1
UF;4712272;82021;0xdeca;0xb101;0xffff;0xe0;20270;7;2190;119;3890;17
UF;4712372;82022;0xdeca;0xb101;0xffff;0xe0;20978;7;2461;124;7001;17
UF;4712472;82023;0xdeca;0xb101;0xffff;0xe0;19851;7;2181;120;6886;17
UF;4712573;82024;0xdeca;0xb101;0xffff;0xe0;19874;7;2294;123;6912;17
UF;4712673;82025;0xdeca;0xb101;0xffff;0xe0;19324;7;2123;120;4033;17
UF;4712773;82026;0xdeca;0xb101;0xffff;0xe0;20716;7;2276;120;6734;17
UF;4712873;82027;0xdeca;0xb101;0xffff;0xe0;19981;7;2232;121;7356;17
UF;4712974;82028;0xdeca;0xb101;0xffff;0xe0;20108;7;2321;123;7284;17
UF;4713074;82029;0xdeca;0xb101;0xffff;0xe0;19890;7;2113;118;7038;17
UF;4713174;82030;0xdeca;0xb101;0xffff;0xe0;19372;7;2058;118;5251;17
listener debug sel=A valid=1 age=479672 level=7 good=82030 accepted=23541 badhdr=0 nonanchor=58489 toolong=0 rxerr=82 rxen_fail=0 rxen_last=0 sys_status=0x00800002 sys_state=000505440b rx_finfo=0x0766c811 last_status=0x00810f02 last_len=17 pan=0xdeca dst=0xffff src=0xb101 code=0xe0
UF;4713273;82031;0xdeca;0xb101;0xffff;0xe0;19113;7;2135;121;3659;17
UF;4713374;82032;0xdeca;0xb101;0xffff;0xe0;19667;7;2054;117;6487;17
UF;4713474;82033;0xdeca;0xb101;0xffff;0xe0;19802;7;2323;124;7460;17
UF;4713574;82034;0xdeca;0xb101;0xffff;0xe0;19579;7;2080;118;4249;17
UF;4713675;82035;0xdeca;0xb101;0xffff;0xe0;20423;7;2133;117;7114;17
UF;4713770;82036;0xdeca;0xb101;0xffff;0xe0;19598;7;2082;118;6144;17
UF;4713782;82037;0xdeca;0xa107;0xb101;0xe1;15156;7;1693;121;5389;20
UL;4713782;23542;H;7;0xa107;0xb101;0xe1;15156;7;1693;121;5389;20
UF;4713873;82038;0xdeca;0xb101;0xffff;0xe0;20142;7;2325;123;3966;17
UF;4713973;82039;0xdeca;0xb101;0xffff;0xe0;19024;7;2021;118;5416;17
UF;4714073;82040;0xdeca;0xb101;0xffff;0xe0;20296;7;2381;124;7048;17
UF;4714173;82041;0xdeca;0xb101;0xffff;0xe0;20038;7;2313;123;5751;17
listener debug sel=A valid=1 age=480676 level=7 good=82041 accepted=23542 badhdr=0 nonanchor=58499 toolong=0 rxerr=82 rxen_fail=0 rxen_last=0 sys_status=0x00800002 sys_state=000505420b rx_finfo=0x07b6c811 last_status=0x00810f02 last_len=17 pan=0xdeca dst=0xffff src=0xb101 code=0xe0
UF;4714273;82042;0xdeca;0xb101;0xffff;0xe0;19998;7;2384;125;5125;17
UF;4714373;82043;0xdeca;0xb101;0xffff;0xe0;20090;7;2319;123;5449;17
UF;4714473;82044;0xdeca;0xb101;0xffff;0xe0;20550;7;2372;123;3400;17
UF;4714573;82045;0xdeca;0xb101;0xffff;0xe0;20867;7;2448;124;5951;17
UF;4714674;82046;0xdeca;0xb101;0xffff;0xe0;19181;7;2214;123;5788;17
UF;4714774;82047;0xdeca;0xb101;0xffff;0xe0;19806;7;2176;120;4780;17
UF;4714874;82048;0xdeca;0xb101;0xffff;0xe0;20263;7;2301;122;4549;17
UF;4714975;82049;0xdeca;0xb101;0xffff;0xe0;19762;7;2064;117;6968;17
uwb any-frame t=4715070 good=82050 len=17 fctrl=8841 pan=0xdeca dst=0xffff src=0xb101 code=0xe0 q=19335 level=7 cir=2054 rxpacc=118 fp=5694/7077/5598
UF;4715070;82050;0xdeca;0xb101;0xffff;0xe0;19335;7;2054;118;5694;17
UF;4715173;82051;0xdeca;0xb101;0xffff;0xe0;19919;7;2262;122;6533;17
listener debug sel=A valid=1 age=481676 level=7 good=82051 accepted=23542 badhdr=0 nonanchor=58509 toolong=0 rxerr=82 rxen_fail=0 rxen_last=0 sys_status=0x00800002 sys_state=000505430b rx_finfo=0x07a6c811 last_status=0x00810f02 last_len=17 pan=0xdeca dst=0xffff src=0xb101 code=0xe0
UF;4715272;82052;0xdeca;0xb101;0xffff;0xe0;20645;7;2383;123;7015;17
UF;4715372;82053;0xdeca;0xb101;0xffff;0xe0;20163;7;2142;118;2794;17
UF;4715473;82054;0xdeca;0xb101;0xffff;0xe0;20177;7;2180;119;6070;17
UF;4715573;82055;0xdeca;0xb101;0xffff;0xe0;20079;7;2206;120;5407;17
UF;4715673;82056;0xdeca;0xb101;0xffff;0xe0;20402;7;2355;123;6500;17
UF;4715774;82057;0xdeca;0xb101;0xffff;0xe0;20375;7;2128;117;6149;17
UF;4715874;82058;0xdeca;0xb101;0xffff;0xe0;20288;7;2229;120;6439;17
UF;4715974;82059;0xdeca;0xb101;0xffff;0xe0;19751;7;2317;124;3865;17
UF;4716074;82060;0xdeca;0xb101;0xffff;0xe0;20228;7;2373;124;7453;17
UF;4716174;82061;0xdeca;0xb101;0xffff;0xe0;20139;7;2287;122;3604;17
listener debug sel=A valid=1 age=482677 level=7 good=82061 accepted=23542 badhdr=0 nonanchor=58519 toolong=0 rxerr=82 rxen_fail=0 rxen_last=0 sys_status=0x00800002 sys_state=000505410b rx_finfo=0x07a6c811 last_status=0x00810f02 last_len=17 pan=0xdeca dst=0xffff src=0xb101 code=0xe0
UF;4716274;82062;0xdeca;0xb101;0xffff;0xe0;20132;7;2400;125;5056;17
UF;4716374;82063;0xdeca;0xb101;0xffff;0xe0;19640;7;2267;123;6611;17
UF;4716474;82064;0xdeca;0xb101;0xffff;0xe0;20015;7;2199;120;5341;17
UF;4716574;82065;0xdeca;0xb101;0xffff;0xe0;20185;7;2368;124;4275;17
UF;4716675;82066;0xdeca;0xb101;0xffff;0xe0;19840;7;2253;122;5370;17
UF;4716770;82067;0xdeca;0xb101;0xffff;0xe0;20526;7;2408;124;7044;17
UF;4716870;82068;0xdeca;0xb101;0xffff;0xe0;20360;7;2312;122;4337;17
UF;4716883;82069;0xdeca;0xa107;0xb101;0xe1;15516;7;1762;122;6246;20
UL;4716883;23543;H;7;0xa107;0xb101;0xe1;15516;7;1762;122;6246;20
UF;4716973;82070;0xdeca;0xb101;0xffff;0xe0;20082;7;2394;125;6532;17
UF;4717073;82071;0xdeca;0xb101;0xffff;0xe0;20792;7;2400;123;6686;17
UF;4717174;82072;0xdeca;0xb101;0xffff;0xe0;19269;7;2117;120;4924;17
listener debug sel=A valid=1 age=483682 level=7 good=82072 accepted=23543 badhdr=0 nonanchor=58529 toolong=0 rxerr=83 rxen_fail=0 rxen_last=0 sys_status=0x00800002 sys_state=000505430b rx_finfo=0x0786c811 last_status=0x00801302 last_len=17 pan=0xdeca dst=0xffff src=0xb101 code=0xe0
UF;4717273;82073;0xdeca;0xb101;0xffff;0xe0;20871;7;2293;120;7014;17
UF;4717373;82074;0xdeca;0xb101;0xffff;0xe0;19169;7;2002;117;5381;17
UF;4717473;82075;0xdeca;0xb101;0xffff;0xe0;21328;7;2502;124;6983;17
UF;4717574;82076;0xdeca;0xb101;0xffff;0xe0;19972;7;2343;124;6790;17
UF;4717674;82077;0xdeca;0xb101;0xffff;0xe0;20827;7;2404;123;5424;17
UF;4717774;82078;0xdeca;0xb101;0xffff;0xe0;20316;7;2345;123;3293;17
UF;4717874;82079;0xdeca;0xb101;0xffff;0xe0;18991;7;2264;125;5431;17
UF;4717974;82080;0xdeca;0xb101;0xffff;0xe0;20351;7;2311;122;6865;17
UF;4718074;82081;0xdeca;0xb101;0xffff;0xe0;20844;7;2252;119;3909;17
UF;4718175;82082;0xdeca;0xb101;0xffff;0xe0;20737;7;2203;118;6843;17
listener debug sel=A valid=1 age=484683 level=7 good=82082 accepted=23543 badhdr=0 nonanchor=58539 toolong=0 rxerr=83 rxen_fail=0 rxen_last=0 sys_status=0x00800002 sys_state=000505480b rx_finfo=0x0766c811 last_status=0x00801302 last_len=17 pan=0xdeca dst=0xffff src=0xb101 code=0xe0
UF;4718274;82083;0xdeca;0xb101;0xffff;0xe0;20104;7;2283;122;6950;17
UF;4718374;82084;0xdeca;0xb101;0xffff;0xe0;19389;7;2238;123;7272;17
UF;4718475;82085;0xdeca;0xb101;0xffff;0xe0;19624;7;2156;120;4868;17
UF;4718570;82086;0xdeca;0xb101;0xffff;0xe0;19899;7;2114;118;6763;17
UF;4718582;82087;0xdeca;0xa107;0xb101;0xe1;15013;7;1568;117;6275;20
UL;4718582;23544;H;7;0xa107;0xb101;0xe1;15013;7;1568;117;6275;20
UF;4718673;82088;0xdeca;0xb101;0xffff;0xe0;19104;7;2134;121;4477;17
UF;4718773;82089;0xdeca;0xb101;0xffff;0xe0;18796;7;2065;120;4263;17
UF;4718873;82090;0xdeca;0xb101;0xffff;0xe0;19310;7;2157;121;5873;17
UF;4718973;82091;0xdeca;0xb101;0xffff;0xe0;19307;7;2086;119;4000;17
UF;4719073;82092;0xdeca;0xb101;0xffff;0xe0;18923;7;2079;120;6291;17
UF;4719174;82093;0xdeca;0xb101;0xffff;0xe0;19150;7;2069;119;6063;17
listener debug sel=A valid=1 age=485687 level=7 good=82093 accepted=23544 badhdr=0 nonanchor=58549 toolong=0 rxerr=83 rxen_fail=0 rxen_last=0 sys_status=0x00800002 sys_state=000505450b rx_finfo=0x0776c811 last_status=0x00801302 last_len=17 pan=0xdeca dst=0xffff src=0xb101 code=0xe0
UF;4719273;82094;0xdeca;0xb101;0xffff;0xe0;19659;7;2124;119;6579;17
UF;4719373;82095;0xdeca;0xb101;0xffff;0xe0;19144;7;2174;122;6653;17
UF;4719473;82096;0xdeca;0xb101;0xffff;0xe0;19337;7;2232;123;5707;17
UF;4719574;82097;0xdeca;0xb101;0xffff;0xe0;20003;7;2125;118;4579;17
UF;4719674;82098;0xdeca;0xb101;0xffff;0xe0;19444;7;2318;125;6023;17
UF;4719774;82099;0xdeca;0xb101;0xffff;0xe0;19606;7;2300;124;6666;17
uwb any-frame t=4719874 good=82100 len=17 fctrl=8841 pan=0xdeca dst=0xffff src=0xb101 code=0xe0 q=19671 level=7 cir=2345 rxpacc=125 fp=7395/7018/4035
UF;4719874;82100;0xdeca;0xb101;0xffff;0xe0;19671;7;2345;125;7395;17
UF;4719972;82101;0xdeca;0xb101;0xffff;0xe0;20552;7;2411;124;5157;17
UF;4720072;82102;0xdeca;0xb101;0xffff;0xe0;19149;7;2000;117;4046;17
UF;4720172;82103;0xdeca;0xb101;0xffff;0xe0;19875;7;2257;122;5671;17
listener debug sel=A valid=1 age=486691 level=7 good=82103 accepted=23544 badhdr=0 nonanchor=58559 toolong=0 rxerr=83 rxen_fail=0 rxen_last=0 sys_status=0x00800002 sys_state=000505400b rx_finfo=0x07a6c811 last_status=0x00801302 last_len=17 pan=0xdeca dst=0xffff src=0xb101 code=0xe0
UF;4720272;82104;0xdeca;0xb101;0xffff;0xe0;20562;7;2335;122;6709;17
UF;4720372;82105;0xdeca;0xb101;0xffff;0xe0;19715;7;2166;120;7182;17
UF;4720472;82106;0xdeca;0xb101;0xffff;0xe0;20474;7;2287;121;7194;17
UF;4720572;82107;0xdeca;0xb101;0xffff;0xe0;19864;7;2368;125;6962;17
UF;4720673;82108;0xdeca;0xb101;0xffff;0xe0;19042;7;2198;123;4998;17
UF;4720773;82109;0xdeca;0xb101;0xffff;0xe0;20867;7;2448;124;6342;17
UF;4720873;82110;0xdeca;0xb101;0xffff;0xe0;20342;7;2425;125;7078;17
UF;4720973;82111;0xdeca;0xb101;0xffff;0xe0;19381;7;2094;119;6550;17
UF;4721073;82112;0xdeca;0xb101;0xffff;0xe0;19587;7;2335;125;6601;17
UF;4721173;82113;0xdeca;0xb101;0xffff;0xe0;19847;7;2217;121;6883;17
listener debug sel=A valid=1 age=487691 level=7 good=82113 accepted=23544 badhdr=0 nonanchor=58569 toolong=0 rxerr=83 rxen_fail=0 rxen_last=0 sys_status=0x00800002 sys_state=000505480b rx_finfo=0x0796c811 last_status=0x00801302 last_len=17 pan=0xdeca dst=0xffff src=0xb101 code=0xe0
UF;4721272;82114;0xdeca;0xb101;0xffff;0xe0;19779;7;2173;120;6014;17
UF;4721373;82115;0xdeca;0xb101;0xffff;0xe0;19520;7;2109;119;6920;17
UF;4721473;82116;0xdeca;0xb101;0xffff;0xe0;19248;7;2258;124;4299;17
UF;4721573;82117;0xdeca;0xb101;0xffff;0xe0;20092;7;2357;124;7414;17
UF;4721673;82118;0xdeca;0xb101;0xffff;0xe0;19109;7;2030;118;4798;17
UF;4721773;82119;0xdeca;0xb101;0xffff;0xe0;19444;7;2281;124;6892;17
UF;4721873;82120;0xdeca;0xb101;0xffff;0xe0;18617;7;2184;124;4648;17
UF;4721973;82121;0xdeca;0xb101;0xffff;0xe0;19749;7;2098;118;4232;17
UF;4722074;82122;0xdeca;0xb101;0xffff;0xe0;20526;7;2447;125;7372;17
UF;4722174;82123;0xdeca;0xb101;0xffff;0xe0;19438;7;2065;118;5473;17
listener debug sel=A valid=1 age=488692 level=7 good=82123 accepted=23544 badhdr=0 nonanchor=58579 toolong=0 rxerr=83 rxen_fail=0 rxen_last=0 sys_status=0x00800002 sys_state=000505440b rx_finfo=0x0766c811 last_status=0x00801302 last_len=17 pan=0xdeca dst=0xffff src=0xb101 code=0xe0
UF;4722273;82124;0xdeca;0xb101;0xffff;0xe0;19815;7;2105;118;6724;17
UF;4722373;82125;0xdeca;0xb101;0xffff;0xe0;18486;7;2065;121;4468;17
UF;4722474;82126;0xdeca;0xb101;0xffff;0xe0;19848;7;2073;117;4145;17
UF;4722574;82127;0xdeca;0xb101;0xffff;0xe0;20438;7;2283;121;4959;17
UF;4722674;82128;0xdeca;0xb101;0xffff;0xe0;19633;7;2157;120;6877;17
UF;4722774;82129;0xdeca;0xb101;0xffff;0xe0;21084;7;2202;117;6550;17
UF;4722874;82130;0xdeca;0xb101;0xffff;0xe0;20122;7;2285;122;7498;17
UF;4722975;82131;0xdeca;0xb101;0xffff;0xe0;20116;7;2322;123;4160;17
UF;4723075;82132;0xdeca;0xb101;0xffff;0xe0;19605;7;2263;123;5270;17
UF;4723170;82133;0xdeca;0xb101;0xffff;0xe0;19495;7;2287;124;3628;17
UF;4723182;82134;0xdeca;0xa107;0xb101;0xe1;15881;7;1863;124;6013;20
UL;4723182;23545;H;7;0xa107;0xb101;0xe1;15881;7;1863;124;6013;20
listener debug sel=A valid=1 age=489696 level=7 good=82134 accepted=23545 badhdr=0 nonanchor=58589 toolong=0 rxerr=83 rxen_fail=0 rxen_last=0 sys_status=0x00800002 sys_state=000505400b rx_finfo=0x07c6c814 last_status=0x00801302 last_len=20 pan=0xdeca dst=0xb101 src=0xa107 code=0xe1
UF;4723277;82135;0xdeca;0xb101;0xffff;0xe0;19042;7;2198;123;4834;17
UF;4723372;82136;0xdeca;0xb101;0xffff;0xe0;18631;7;2221;125;3725;17
UF;4723472;82137;0xdeca;0xb101;0xffff;0xe0;21082;7;2394;122;6819;17
UF;4723572;82138;0xdeca;0xb101;0xffff;0xe0;20038;7;2313;123;7331;17
UF;4723673;82139;0xdeca;0xb101;0xffff;0xe0;20569;7;2413;124;6926;17
UF;4723773;82140;0xdeca;0xb101;0xffff;0xe0;19278;7;2118;120;6598;17
UF;4723873;82141;0xdeca;0xb101;0xffff;0xe0;19757;7;2207;121;6486;17
UF;4723973;82142;0xdeca;0xb101;0xffff;0xe0;20088;7;2134;118;7049;17
UF;4724074;82143;0xdeca;0xb101;0xffff;0xe0;19561;7;2078;118;4938;17
UF;4724174;82144;0xdeca;0xb101;0xffff;0xe0;19862;7;2110;118;3938;17
listener debug sel=A valid=1 age=490697 level=7 good=82144 accepted=23545 badhdr=0 nonanchor=58599 toolong=0 rxerr=83 rxen_fail=0 rxen_last=0 sys_status=0x00800002 sys_state=000505450b rx_finfo=0x0766c811 last_status=0x00801302 last_len=17 pan=0xdeca dst=0xffff src=0xb101 code=0xe0
UF;4724278;82145;0xdeca;0xb101;0xffff;0xe0;19835;7;2143;119;6984;17
UF;4724373;82146;0xdeca;0xb101;0xffff;0xe0;19345;7;2233;123;4674;17
UF;4724473;82147;0xdeca;0xb101;0xffff;0xe0;19418;7;2098;119;6455;17
UF;4724574;82148;0xdeca;0xb101;0xffff;0xe0;20033;7;2201;120;4147;17
UF;4724674;82149;0xdeca;0xb101;0xffff;0xe0;19771;7;2357;125;3996;17
uwb any-frame t=4724774 good=82150 len=17 fctrl=8841 pan=0xdeca dst=0xffff src=0xb101 code=0xe0 q=19906 level=7 cir=2187 rxpacc=120 fp=6724/7202/4716
UF;4724774;82150;0xdeca;0xb101;0xffff;0xe0;19906;7;2187;120;6724;17
UF;4724872;82151;0xdeca;0xb101;0xffff;0xe0;20332;7;2160;118;6459;17
UF;4724972;82152;0xdeca;0xb101;0xffff;0xe0;19562;7;2258;123;4590;17
UF;4725072;82153;0xdeca;0xb101;0xffff;0xe0;19909;7;2298;123;6723;17
UF;4725172;82154;0xdeca;0xb101;0xffff;0xe0;19915;7;2188;120;6834;17
listener debug sel=A valid=1 age=491701 level=7 good=82154 accepted=23545 badhdr=0 nonanchor=58609 toolong=0 rxerr=83 rxen_fail=0 rxen_last=0 sys_status=0x00800002 sys_state=000505460b rx_finfo=0x0786c811 last_status=0x00801302 last_len=17 pan=0xdeca dst=0xffff src=0xb101 code=0xe0
UF;4725282;82155;0xdeca;0xb101;0xffff;0xe0;19409;7;2097;119;7228;17
UF;4725372;82156;0xdeca;0xb101;0xffff;0xe0;19351;7;2126;120;5164;17
UF;4725472;82157;0xdeca;0xb101;0xffff;0xe0;20433;7;2134;117;6969;17
UF;4725572;82158;0xdeca;0xb101;0xffff;0xe0;19381;7;2094;119;6118;17
UF;4725673;82159;0xdeca;0xb101;0xffff;0xe0;20097;7;2135;118;6769;17
UF;4725773;82160;0xdeca;0xb101;0xffff;0xe0;19469;7;2284;124;6649;17
UF;4725873;82161;0xdeca;0xb101;0xffff;0xe0;20404;7;2131;117;6864;17
UF;4725973;82162;0xdeca;0xb101;0xffff;0xe0;19478;7;2285;124;5655;17
UF;4726074;82163;0xdeca;0xb101;0xffff;0xe0;18987;7;2086;120;4264;17
UF;4726174;82164;0xdeca;0xb101;0xffff;0xe0;19536;7;2255;123;4469;17
listener debug sel=A valid=1 age=492702 level=7 good=82164 accepted=23545 badhdr=0 nonanchor=58619 toolong=0 rxerr=83 rxen_fail=0 rxen_last=0 sys_status=0x00800002 sys_state=000505470b rx_finfo=0x07b6c811 last_status=0x00801302 last_len=17 pan=0xdeca dst=0xffff src=0xb101 code=0xe0
UF;4726283;82165;0xdeca;0xb101;0xffff;0xe0;20059;7;2095;117;5870;17
UF;4726373;82166;0xdeca;0xb101;0xffff;0xe0;19587;7;2188;121;3589;17
listener debug sel=A valid=1 age=493702 level=7 good=82166 accepted=23545 badhdr=0 nonanchor=58621 toolong=0 rxerr=83 rxen_fail=0 rxen_last=0 sys_status=0x00800002 sys_state=000505460b rx_finfo=0x0796c811 last_status=0x00801302 last_len=17 pan=0xdeca dst=0xffff src=0xb101 code=0xe0
listener debug sel=A valid=1 age=494703 level=7 good=82166 accepted=23545 badhdr=0 nonanchor=58621 toolong=0 rxerr=83 rxen_fail=0 rxen_last=0 sys_status=0x00800002 sys_state=000505460b rx_finfo=0x0796c811 last_status=0x00801302 last_len=17 pan=0xdeca dst=0xffff src=0xb101 code=0xe0
listener debug sel=A valid=1 age=495705 level=7 good=82166 accepted=23545 badhdr=0 nonanchor=58621 toolong=0 rxerr=83 rxen_fail=0 rxen_last=0 sys_status=0x00800002 sys_state=000505410b rx_finfo=0x0796c811 last_status=0x00801302 last_len=17 pan=0xdeca dst=0xffff src=0xb101 code=0xe0
UF;4729441;82167;0xdeca;0xb101;0xffff;0xe0;19840;7;2253;122;4425;17
UF;4729541;82168;0xdeca;0xb101;0xffff;0xe0;20416;7;2243;120;7022;17
UF;4729641;82169;0xdeca;0xb101;0xffff;0xe0;19965;7;2121;118;5699;17
UF;4729741;82170;0xdeca;0xb101;0xffff;0xe0;19909;7;2298;123;6811;17
UF;4729841;82171;0xdeca;0xb101;0xffff;0xe0;20250;7;2414;125;3408;17
UF;4729941;82172;0xdeca;0xb101;0xffff;0xe0;19984;7;2123;118;5115;17
UF;4730042;82173;0xdeca;0xb101;0xffff;0xe0;19605;7;2263;123;5618;17
UF;4730142;82174;0xdeca;0xb101;0xffff;0xe0;20677;7;2234;119;4058;17
UF;4730242;82175;0xdeca;0xb101;0xffff;0xe0;19507;7;2179;121;3775;17
listener debug sel=A valid=1 age=496709 level=7 good=82175 accepted=23545 badhdr=0 nonanchor=58630 toolong=0 rxerr=83 rxen_fail=0 rxen_last=0 sys_status=0x00800002 sys_state=000505480b rx_finfo=0x0796c811 last_status=0x00801302 last_len=17 pan=0xdeca dst=0xffff src=0xb101 code=0xe0
UF;4730341;82176;0xdeca;0xb101;0xffff;0xe0;20333;7;2424;125;4338;17
UF;4730442;82177;0xdeca;0xb101;0xffff;0xe0;19561;7;2043;117;4627;17
UF;4730542;82178;0xdeca;0xb101;0xffff;0xe0;19312;7;2017;117;4800;17
UF;4730642;82179;0xdeca;0xb101;0xffff;0xe0;20097;7;2208;120;4667;17
UF;4730742;82180;0xdeca;0xb101;0xffff;0xe0;20498;7;2366;123;6976;17
UF;4730843;82181;0xdeca;0xb101;0xffff;0xe0;19546;7;2293;124;6330;17
UF;4730943;82182;0xdeca;0xb101;0xffff;0xe0;20254;7;2300;122;5071;17
UF;4731043;82183;0xdeca;0xb101;0xffff;0xe0;19784;7;2210;121;6915;17
UF;4731143;82184;0xdeca;0xb101;0xffff;0xe0;18916;7;2113;121;5570;17
UF;4731243;82185;0xdeca;0xb101;0xffff;0xe0;19501;7;2251;123;4936;17
listener debug sel=A valid=1 age=497710 level=7 good=82185 accepted=23545 badhdr=0 nonanchor=58640 toolong=0 rxerr=83 rxen_fail=0 rxen_last=0 sys_status=0x00800002 sys_state=000505460b rx_finfo=0x07b6c811 last_status=0x00801302 last_len=17 pan=0xdeca dst=0xffff src=0xb101 code=0xe0
UF;4731343;82186;0xdeca;0xb101;0xffff;0xe0;20379;7;2165;118;5365;17
UF;4731443;82187;0xdeca;0xb101;0xffff;0xe0;19069;7;2095;120;6444;17
UF;4731543;82188;0xdeca;0xb101;0xffff;0xe0;20765;7;2436;124;6193;17
UF;4731643;82189;0xdeca;0xb101;0xffff;0xe0;20122;7;2285;122;7148;17
UF;4731743;82190;0xdeca;0xb101;0xffff;0xe0;19325;7;2053;118;4131;17
UF;4731844;82191;0xdeca;0xb101;0xffff;0xe0;19341;7;2020;117;2946;17
UF;4731939;82192;0xdeca;0xb101;0xffff;0xe0;20175;7;2291;122;7084;17
UF;4731951;82193;0xdeca;0xa107;0xb101;0xe1;14764;7;1732;124;6919;20
UL;4731951;23546;H;7;0xa107;0xb101;0xe1;14764;7;1732;124;6919;20
UF;4732042;82194;0xdeca;0xb101;0xffff;0xe0;19998;7;2346;124;6730;17
UF;4732142;82195;0xdeca;0xb101;0xffff;0xe0;20134;7;2362;124;4997;17
UF;4732242;82196;0xdeca;0xb101;0xffff;0xe0;19023;7;2125;121;4499;17
listener debug sel=A valid=1 age=498714 level=7 good=82196 accepted=23546 badhdr=0 nonanchor=58650 toolong=0 rxerr=83 rxen_fail=0 rxen_last=0 sys_status=0x00800002 sys_state=000505410b rx_finfo=0x0796c811 last_status=0x00801302 last_len=17 pan=0xdeca dst=0xffff src=0xb101 code=0xe0
UF;4732341;82197;0xdeca;0xb101;0xffff;0xe0;19692;7;2273;123;7257;17
UF;4732442;82198;0xdeca;0xb101;0xffff;0xe0;19427;7;2029;117;6125;17
UF;4732542;82199;0xdeca;0xb101;0xffff;0xe0;20113;7;2284;122;7290;17
uwb any-frame t=4732642 good=82200 len=17 fctrl=8841 pan=0xdeca dst=0xffff src=0xb101 code=0xe0 q=19989 level=7 cir=2345 rxpacc=124 fp=6225/7299/6381
UF;4732642;82200;0xdeca;0xb101;0xffff;0xe0;19989;7;2345;124;6225;17
UF;4732740;82201;0xdeca;0xb101;0xffff;0xe0;20330;7;2271;121;7355;17
UF;4732840;82202;0xdeca;0xb101;0xffff;0xe0;18924;7;2149;122;4538;17
UF;4732940;82203;0xdeca;0xb101;0xffff;0xe0;19587;7;2188;121;4388;17
UF;4733041;82204;0xdeca;0xb101;0xffff;0xe0;20078;7;2280;122;6882;17
UF;4733141;82205;0xdeca;0xb101;0xffff;0xe0;20241;7;2261;121;5585;17
UF;4733242;82206;0xdeca;0xb101;0xffff;0xe0;20312;7;2269;121;6240;17
listener debug sel=A valid=1 age=499718 level=7 good=82206 accepted=23546 badhdr=0 nonanchor=58660 toolong=0 rxerr=83 rxen_fail=0 rxen_last=0 sys_status=0x00800002 sys_state=000505440b rx_finfo=0x0796c811 last_status=0x00801302 last_len=17 pan=0xdeca dst=0xffff src=0xb101 code=0xe0
UF;4733341;82207;0xdeca;0xb101;0xffff;0xe0;19626;7;2085;118;6793;17
UF;4733441;82208;0xdeca;0xb101;0xffff;0xe0;19843;7;2108;118;6663;17
UF;4733541;82209;0xdeca;0xb101;0xffff;0xe0;19749;7;2098;118;4864;17
UF;4733642;82210;0xdeca;0xb101;0xffff;0xe0;19708;7;2238;122;7329;17
UF;4733742;82211;0xdeca;0xb101;0xffff;0xe0;19597;7;2299;124;5095;17
UF;4733842;82212;0xdeca;0xb101;0xffff;0xe0;19734;7;2315;124;4738;17
UF;4733943;82213;0xdeca;0xb101;0xffff;0xe0;19752;7;2243;122;6138;17
UF;4734043;82214;0xdeca;0xb101;0xffff;0xe0;20584;7;2376;123;6186;17
UF;4734143;82215;0xdeca;0xb101;0xffff;0xe0;19891;7;2296;123;6064;17
UF;4734243;82216;0xdeca;0xb101;0xffff;0xe0;20233;7;2412;125;6536;17
listener debug sel=A valid=1 age=500720 level=7 good=82216 accepted=23546 badhdr=0 nonanchor=58670 toolong=0 rxerr=83 rxen_fail=0 rxen_last=0 sys_status=0x00800002 sys_state=000505420b rx_finfo=0x07d6c811 last_status=0x00801302 last_len=17 pan=0xdeca dst=0xffff src=0xb101 code=0xe0
UF;4734343;82217;0xdeca;0xb101;0xffff;0xe0;20796;7;2323;121;6912;17
UF;4734443;82218;0xdeca;0xb101;0xffff;0xe0;19973;7;2086;117;4932;17
UF;4734543;82219;0xdeca;0xb101;0xffff;0xe0;19051;7;2199;123;5056;17
UF;4734644;82220;0xdeca;0xb101;0xffff;0xe0;19479;7;2212;122;4018;17
UF;4734739;82221;0xdeca;0xb101;0xffff;0xe0;20117;7;2101;117;5788;17
UF;4734751;82222;0xdeca;0xa107;0xb101;0xe1;14142;7;1477;117;6559;20
UL;4734751;23547;H;7;0xa107;0xb101;0xe1;14142;7;1477;117;6559;20
UF;4734842;82223;0xdeca;0xb101;0xffff;0xe0;19589;7;2081;118;5697;17
UF;4734942;82224;0xdeca;0xb101;0xffff;0xe0;19372;7;2164;121;4068;17
UF;4735042;82225;0xdeca;0xb101;0xffff;0xe0;19178;7;2107;120;4882;17
UF;4735143;82226;0xdeca;0xb101;0xffff;0xe0;19801;7;2068;117;6080;17
UF;4735243;82227;0xdeca;0xb101;0xffff;0xe0;19856;7;2218;121;4797;17
listener debug sel=A valid=1 age=501720 level=7 good=82227 accepted=23547 badhdr=0 nonanchor=58680 toolong=0 rxerr=83 rxen_fail=0 rxen_last=0 sys_status=0x00800002 sys_state=000505410b rx_finfo=0x0796c811 last_status=0x00801302 last_len=17 pan=0xdeca dst=0xffff src=0xb101 code=0xe0
UF;4735342;82228;0xdeca;0xb101;0xffff;0xe0;18891;7;1973;117;4237;17
UF;4735442;82229;0xdeca;0xb101;0xffff;0xe0;19060;7;2236;124;3459;17
UF;4735543;82230;0xdeca;0xb101;0xffff;0xe0;19497;7;2214;122;5708;17
UF;4735643;82231;0xdeca;0xb101;0xffff;0xe0;19494;7;2036;117;6783;17
UF;4735743;82232;0xdeca;0xb101;0xffff;0xe0;20650;7;2345;122;6985;17
UF;4735843;82233;0xdeca;0xb101;0xffff;0xe0;20125;7;2323;123;7218;17
UF;4735939;82234;0xdeca;0xb101;0xffff;0xe0;19605;7;2190;121;4839;17
UF;4735951;82235;0xdeca;0xa107;0xb101;0xe1;14592;7;1524;117;6324;20
UL;4735951;23548;H;7;0xa107;0xb101;0xe1;14592;7;1524;117;6324;20
UF;4736041;82236;0xdeca;0xb101;0xffff;0xe0;19146;7;2034;118;5551;17
UF;4736142;82237;0xdeca;0xb101;0xffff;0xe0;19569;7;2150;120;4681;17
UF;4736242;82238;0xdeca;0xb101;0xffff;0xe0;20220;7;2372;124;6408;17
listener debug sel=A valid=1 age=502724 level=7 good=82238 accepted=23548 badhdr=0 nonanchor=58690 toolong=0 rxerr=83 rxen_fail=0 rxen_last=0 sys_status=0x00800002 sys_state=000505460b rx_finfo=0x07c6c811 last_status=0x00801302 last_len=17 pan=0xdeca dst=0xffff src=0xb101 code=0xe0
UF;4736341;82239;0xdeca;0xb101;0xffff;0xe0;19682;7;2309;124;7039;17
UF;4736441;82240;0xdeca;0xb101;0xffff;0xe0;19060;7;2094;120;4438;17
UF;4736542;82241;0xdeca;0xb101;0xffff;0xe0;19169;7;2106;120;7196;17
UF;4736642;82242;0xdeca;0xb101;0xffff;0xe0;20690;7;2198;118;6740;17
UF;4736742;82243;0xdeca;0xb101;0xffff;0xe0;20515;7;2368;123;7093;17
UF;4736842;82244;0xdeca;0xb101;0xffff;0xe0;19078;7;2096;120;3546;17
UF;4736943;82245;0xdeca;0xb101;0xffff;0xe0;19551;7;2148;120;5339;17
UF;4737043;82246;0xdeca;0xb101;0xffff;0xe0;19465;7;2033;117;4861;17
UF;4737143;82247;0xdeca;0xb101;0xffff;0xe0;19301;7;2156;121;5316;17
UF;4737244;82248;0xdeca;0xb101;0xffff;0xe0;20393;7;2278;121;7076;17
listener debug sel=A valid=1 age=503726 level=7 good=82248 accepted=23548 badhdr=0 nonanchor=58700 toolong=0 rxerr=83 rxen_fail=0 rxen_last=0 sys_status=0x00800002 sys_state=000505450b rx_finfo=0x0796c811 last_status=0x00801302 last_len=17 pan=0xdeca dst=0xffff src=0xb101 code=0xe0
UF;4737343;82249;0xdeca;0xb101;0xffff;0xe0;19484;7;2249;123;4532;17
uwb any-frame t=4737443 good=82250 len=17 fctrl=8841 pan=0xdeca dst=0xffff src=0xb101 code=0xe0 q=20607 level=7 cir=2264 rxpacc=120 fp=7003/7266/4573
UF;4737443;82250;0xdeca;0xb101;0xffff;0xe0;20607;7;2264;120;7003;17
UF;4737541;82251;0xdeca;0xb101;0xffff;0xe0;19025;7;1987;117;5558;17
UF;4737642;82252;0xdeca;0xb101;0xffff;0xe0;20389;7;2166;118;6559;17
UF;4737742;82253;0xdeca;0xb101;0xffff;0xe0;18996;7;1984;117;5718;17
UF;4737842;82254;0xdeca;0xb101;0xffff;0xe0;20160;7;2365;124;4858;17
UF;4737942;82255;0xdeca;0xb101;0xffff;0xe0;19104;7;2064;119;7154;17
UF;4738043;82256;0xdeca;0xb101;0xffff;0xe0;20203;7;2332;123;5107;17
UF;4738143;82257;0xdeca;0xb101;0xffff;0xe0;19695;7;2200;121;7270;17
UF;4738243;82258;0xdeca;0xb101;0xffff;0xe0;19333;7;2268;124;6663;17
listener debug sel=A valid=1 age=504730 level=7 good=82258 accepted=23548 badhdr=0 nonanchor=58710 toolong=0 rxerr=83 rxen_fail=0 rxen_last=0 sys_status=0x00800002 sys_state=000505440b rx_finfo=0x07c6c811 last_status=0x00801302 last_len=17 pan=0xdeca dst=0xffff src=0xb101 code=0xe0
UF;4738342;82259;0xdeca;0xb101;0xffff;0xe0;18752;7;2026;119;6606;17
UF;4738443;82260;0xdeca;0xb101;0xffff;0xe0;19435;7;2207;122;7141;17
UF;4738543;82261;0xdeca;0xb101;0xffff;0xe0;19223;7;2112;120;4430;17
UF;4738643;82262;0xdeca;0xb101;0xffff;0xe0;19265;7;2152;121;7237;17
UF;4738743;82263;0xdeca;0xb101;0xffff;0xe0;18930;7;2185;123;7334;17
UF;4738844;82264;0xdeca;0xb101;0xffff;0xe0;20201;7;2146;118;7098;17
UF;4738939;82265;0xdeca;0xb101;0xffff;0xe0;19059;7;2200;123;4284;17
UF;4738951;82266;0xdeca;0xa107;0xb101;0xe1;14763;7;1760;125;6390;20
UL;4738951;23549;H;7;0xa107;0xb101;0xe1;14763;7;1760;125;6390;20
UF;4739042;82267;0xdeca;0xb101;0xffff;0xe0;19026;7;2232;124;6048;17
UF;4739142;82268;0xdeca;0xb101;0xffff;0xe0;19078;7;2096;120;4331;17
UF;4739242;82269;0xdeca;0xb101;0xffff;0xe0;20753;7;2280;120;6727;17
listener debug sel=A valid=1 age=505735 level=7 good=82269 accepted=23549 badhdr=0 nonanchor=58720 toolong=0 rxerr=83 rxen_fail=0 rxen_last=0 sys_status=0x00800002 sys_state=000505480b rx_finfo=0x0786c811 last_status=0x00801302 last_len=17 pan=0xdeca dst=0xffff src=0xb101 code=0xe0
UF;4739342;82270;0xdeca;0xb101;0xffff;0xe0;19372;7;2093;119;3807;17
UF;4739442;82271;0xdeca;0xb101;0xffff;0xe0;19561;7;2043;117;5927;17
UF;4739542;82272;0xdeca;0xb101;0xffff;0xe0;20304;7;2268;121;6124;17
UF;4739642;82273;0xdeca;0xb101;0xffff;0xe0;20662;7;2385;123;6469;17
UF;4739743;82274;0xdeca;0xb101;0xffff;0xe0;20008;7;2235;121;3503;17
UF;4739843;82275;0xdeca;0xb101;0xffff;0xe0;18262;7;2040;121;5329;17
UF;4739943;82276;0xdeca;0xb101;0xffff;0xe0;19781;7;2066;117;6999;17
UF;4740043;82277;0xdeca;0xb101;0xffff;0xe0;19534;7;2182;121;3589;17
UF;4740144;82278;0xdeca;0xb101;0xffff;0xe0;20049;7;2352;124;5495;17
UF;4740239;82279;0xdeca;0xb101;0xffff;0xe0;18532;7;2174;124;4500;17
UF;4740251;82280;0xdeca;0xa107;0xb101;0xe1;14652;7;1583;119;3784;20
UL;4740251;23550;H;7;0xa107;0xb101;0xe1;14652;7;1583;119;3784;20
listener debug sel=A valid=1 age=506739 level=7 good=82280 accepted=23550 badhdr=0 nonanchor=58730 toolong=0 rxerr=83 rxen_fail=0 rxen_last=0 sys_status=0x00800002 sys_state=000505440b rx_finfo=0x0776c814 last_status=0x00801302 last_len=20 pan=0xdeca dst=0xb101 src=0xa107 code=0xe1
UF;4740341;82281;0xdeca;0xb101;0xffff;0xe0;18779;7;2203;124;6725;17
UF;4740441;82282;0xdeca;0xb101;0xffff;0xe0;20629;7;2420;124;6720;17
UF;4740541;82283;0xdeca;0xb101;0xffff;0xe0;19560;7;2185;121;6879;17
UF;4740641;82284;0xdeca;0xb101;0xffff;0xe0;20243;7;2224;120;5983;17
UF;4740742;82285;0xdeca;0xb101;0xffff;0xe0;19617;7;2084;118;6347;17
UF;4740842;82286;0xdeca;0xb101;0xffff;0xe0;19400;7;2061;118;6245;17
UF;4740942;82287;0xdeca;0xb101;0xffff;0xe0;19551;7;2077;118;5468;17
UF;4741042;82288;0xdeca;0xb101;0xffff;0xe0;19708;7;2238;122;4362;17
UF;4741142;82289;0xdeca;0xb101;0xffff;0xe0;19333;7;2124;120;7220;17
UF;4741243;82290;0xdeca;0xb101;0xffff;0xe0;20098;7;2245;121;7043;17
listener debug sel=A valid=1 age=507740 level=7 good=82290 accepted=23550 badhdr=0 nonanchor=58740 toolong=0 rxerr=83 rxen_fail=0 rxen_last=0 sys_status=0x00800002 sys_state=000505430b rx_finfo=0x0796c811 last_status=0x00801302 last_len=17 pan=0xdeca dst=0xffff src=0xb101 code=0xe0
UF;4741342;82291;0xdeca;0xb101;0xffff;0xe0;19278;7;2048;118;6225;17
UF;4741442;82292;0xdeca;0xb101;0xffff;0xe0;19011;7;2054;119;4087;17
UF;4741542;82293;0xdeca;0xb101;0xffff;0xe0;20599;7;2301;121;7121;17
UF;4741643;82294;0xdeca;0xb101;0xffff;0xe0;19606;7;2154;120;6143;17
UF;4741743;82295;0xdeca;0xb101;0xffff;0xe0;19513;7;2038;117;6716;17
UF;4741843;82296;0xdeca;0xb101;0xffff;0xe0;19158;7;2140;121;5014;17
UF;4741943;82297;0xdeca;0xb101;0xffff;0xe0;19874;7;2220;121;6745;17
UF;4742043;82298;0xdeca;0xb101;0xffff;0xe0;20654;7;2423;124;6758;17
UF;4742139;82299;0xdeca;0xb101;0xffff;0xe0;19566;7;2114;119;6972;17
uwb any-frame t=4742151 good=82300 len=20 fctrl=8841 pan=0xdeca dst=0xb101 src=0xa107 code=0xe1 q=15254 level=7 cir=1704 rxpacc=121 fp=5556/7439/6769
UF;4742151;82300;0xdeca;0xa107;0xb101;0xe1;15254;7;1704;121;5556;20
UL;4742151;23551;H;7;0xa107;0xb101;0xe1;15254;7;1704;121;5556;20
UF;4742239;82301;0xdeca;0xb101;0xffff;0xe0;19197;7;2252;124;5562;17
UF;4742252;82302;0xdeca;0xa107;0xb101;0xe1;14551;7;1707;124;6671;20
UL;4742252;23552;H;7;0xa107;0xb101;0xe1;14551;7;1707;124;6671;20
listener debug sel=A valid=1 age=508740 level=7 good=82302 accepted=23552 badhdr=0 nonanchor=58750 toolong=0 rxerr=83 rxen_fail=0 rxen_last=0 sys_status=0x00800002 sys_state=000505430b rx_finfo=0x07c6c814 last_status=0x00801302 last_len=20 pan=0xdeca dst=0xb101 src=0xa107 code=0xe1
UF;4742341;82303;0xdeca;0xb101;0xffff;0xe0;20279;7;2228;120;6661;17
UF;4742442;82304;0xdeca;0xb101;0xffff;0xe0;19205;7;2253;124;6653;17
UF;4742542;82305;0xdeca;0xb101;0xffff;0xe0;19752;7;2243;122;5082;17
UF;4742642;82306;0xdeca;0xb101;0xffff;0xe0;19881;7;2370;125;7220;17
UF;4742742;82307;0xdeca;0xb101;0xffff;0xe0;19444;7;2172;121;5056;17
UF;4742843;82308;0xdeca;0xb101;0xffff;0xe0;20201;7;2294;122;6644;17
UF;4742943;82309;0xdeca;0xb101;0xffff;0xe0;20297;7;2230;120;6776;17
UF;4743043;82310;0xdeca;0xb101;0xffff;0xe0;18826;7;2034;119;5403;17
UF;4743144;82311;0xdeca;0xb101;0xffff;0xe0;18968;7;1981;117;6964;17
UF;4743239;82312;0xdeca;0xb101;0xffff;0xe0;21154;7;2363;121;6675;17
UF;4743251;82313;0xdeca;0xa107;0xb101;0xe1;14802;7;1546;117;6095;20
UL;4743251;23553;H;7;0xa107;0xb101;0xe1;14802;7;1546;117;6095;20
listener debug sel=A valid=1 age=509744 level=7 good=82313 accepted=23553 badhdr=0 nonanchor=58760 toolong=0 rxerr=83 rxen_fail=0 rxen_last=0 sys_status=0x00800002 sys_state=000505430b rx_finfo=0x0756c814 last_status=0x00801302 last_len=20 pan=0xdeca dst=0xb101 src=0xa107 code=0xe1
UF;4743341;82314;0xdeca;0xb101;0xffff;0xe0;19285;7;2226;123;4469;17
UF;4743441;82315;0xdeca;0xb101;0xffff;0xe0;20307;7;2194;119;6794;17
UF;4743541;82316;0xdeca;0xb101;0xffff;0xe0;19453;7;2173;121;5214;17
UF;4743642;82317;0xdeca;0xb101;0xffff;0xe0;19692;7;2092;118;6870;17
UF;4743742;82318;0xdeca;0xb101;0xffff;0xe0;20321;7;2270;121;6452;17
UF;4743842;82319;0xdeca;0xb101;0xffff;0xe0;19086;7;2132;121;4078;17
UF;4743942;82320;0xdeca;0xb101;0xffff;0xe0;19198;7;2216;123;6308;17
UF;4744043;82321;0xdeca;0xb101;0xffff;0xe0;19784;7;2210;121;5322;17
UF;4744143;82322;0xdeca;0xb101;0xffff;0xe0;20654;7;2423;124;7062;17
UF;4744243;82323;0xdeca;0xb101;0xffff;0xe0;19761;7;2135;119;6768;17
listener debug sel=A valid=1 age=510746 level=7 good=82323 accepted=23553 badhdr=0 nonanchor=58770 toolong=0 rxerr=83 rxen_fail=0 rxen_last=0 sys_status=0x00800002 sys_state=000505480b rx_finfo=0x0776c811 last_status=0x00801302 last_len=17 pan=0xdeca dst=0xffff src=0xb101 code=0xe0
UF;4744342;82324;0xdeca;0xb101;0xffff;0xe0;19960;7;2304;123;5416;17
UF;4744443;82325;0xdeca;0xb101;0xffff;0xe0;19833;7;2179;120;4347;17
UF;4744543;82326;0xdeca;0xb101;0xffff;0xe0;19695;7;2057;117;4514;17
UF;4744643;82327;0xdeca;0xb101;0xffff;0xe0;20047;7;2314;123;5227;17
UF;4744743;82328;0xdeca;0xb101;0xffff;0xe0;20446;7;2360;123;6406;17
UF;4744843;82329;0xdeca;0xb101;0xffff;0xe0;20106;7;2136;118;6285;17
UF;4744939;82330;0xdeca;0xb101;0xffff;0xe0;19003;7;2158;122;6632;17
UF;4744951;82331;0xdeca;0xa107;0xb101;0xe1;15109;7;1744;123;6763;20
UL;4744951;23554;H;7;0xa107;0xb101;0xe1;15109;7;1744;123;6763;20
UF;4745041;82332;0xdeca;0xb101;0xffff;0xe0;20521;7;2180;118;6413;17
UF;4745142;82333;0xdeca;0xb101;0xffff;0xe0;19480;7;2176;121;6946;17
UF;4745242;82334;0xdeca;0xb101;0xffff;0xe0;19489;7;2177;121;6669;17
listener debug sel=A valid=1 age=511750 level=7 good=82334 accepted=23554 badhdr=0 nonanchor=58780 toolong=0 rxerr=83 rxen_fail=0 rxen_last=0 sys_status=0x00800002 sys_state=000505460b rx_finfo=0x0796c811 last_status=0x00801302 last_len=17 pan=0xdeca dst=0xffff src=0xb101 code=0xe0
UF;4745341;82335;0xdeca;0xb101;0xffff;0xe0;19203;7;2040;118;6801;17
UF;4745442;82336;0xdeca;0xb101;0xffff;0xe0;20155;7;2105;117;6710;17
UF;4745542;82337;0xdeca;0xb101;0xffff;0xe0;19862;7;2110;118;5161;17
UF;4745642;82338;0xdeca;0xb101;0xffff;0xe0;18872;7;1971;117;3133;17
UF;4745742;82339;0xdeca;0xb101;0xffff;0xe0;19120;7;2207;123;6975;17
UF;4745843;82340;0xdeca;0xb101;0xffff;0xe0;19382;7;2059;118;4130;17
UF;4745943;82341;0xdeca;0xb101;0xffff;0xe0;19913;7;2336;124;5387;17
UF;4746043;82342;0xdeca;0xb101;0xffff;0xe0;19972;7;2343;124;3638;17
UF;4746143;82343;0xdeca;0xb101;0xffff;0xe0;19664;7;2089;118;6955;17
UF;4746238;82344;0xdeca;0xb101;0xffff;0xe0;19798;7;2139;119;4476;17
UF;4746251;82345;0xdeca;0xa107;0xb101;0xe1;14672;7;1612;120;6706;20
UL;4746251;23555;H;7;0xa107;0xb101;0xe1;14672;7;1612;120;6706;20
listener debug sel=A valid=1 age=512754 level=7 good=82345 accepted=23555 badhdr=0 nonanchor=58790 toolong=0 rxerr=83 rxen_fail=0 rxen_last=0 sys_status=0x00800002 sys_state=000505440b rx_finfo=0x0786c814 last_status=0x00801302 last_len=20 pan=0xdeca dst=0xb101 src=0xa107 code=0xe1
UF;4746341;82346;0xdeca;0xb101;0xffff;0xe0;20075;7;2169;119;7027;17
UF;4746441;82347;0xdeca;0xb101;0xffff;0xe0;19785;7;2321;124;5349;17
UF;4746541;82348;0xdeca;0xb101;0xffff;0xe0;20527;7;2293;121;5350;17
UF;4746641;82349;0xdeca;0xb101;0xffff;0xe0;20395;7;2316;122;6013;17
uwb any-frame t=4746742 good=82350 len=17 fctrl=8841 pan=0xdeca dst=0xffff src=0xb101 code=0xe0 q=19742 level=7 cir=2169 rxpacc=120 fp=3050/6936/7306
UF;4746742;82350;0xdeca;0xb101;0xffff;0xe0;19742;7;2169;120;3050;17
UF;4746840;82351;0xdeca;0xb101;0xffff;0xe0;19223;7;2112;120;4382;17
UF;4746940;82352;0xdeca;0xb101;0xffff;0xe0;20214;7;2258;121;6951;17
UF;4747040;82353;0xdeca;0xb101;0xffff;0xe0;19451;7;2137;120;3872;17
UF;4747140;82354;0xdeca;0xb101;0xffff;0xe0;19913;7;2336;124;5507;17
UF;4747241;82355;0xdeca;0xb101;0xffff;0xe0;19333;7;2124;120;3838;17
listener debug sel=A valid=1 age=513754 level=7 good=82355 accepted=23555 badhdr=0 nonanchor=58800 toolong=0 rxerr=83 rxen_fail=0 rxen_last=0 sys_status=0x00800002 sys_state=000505490b rx_finfo=0x0786c811 last_status=0x00801302 last_len=17 pan=0xdeca dst=0xffff src=0xb101 code=0xe0
UF;4747340;82356;0xdeca;0xb101;0xffff;0xe0;20261;7;2189;119;6185;17
UF;4747440;82357;0xdeca;0xb101;0xffff;0xe0;19168;7;2071;119;3034;17
UF;4747540;82358;0xdeca;0xb101;0xffff;0xe0;19717;7;2313;124;4426;17
UF;4747640;82359;0xdeca;0xb101;0xffff;0xe0;20061;7;2204;120;5329;17
UF;4747741;82360;0xdeca;0xb101;0xffff;0xe0;18261;7;1973;119;3369;17
UF;4747841;82361;0xdeca;0xb101;0xffff;0xe0;18782;7;2239;125;7071;17
UF;4747941;82362;0xdeca;0xb101;0xffff;0xe0;20465;7;2324;122;6934;17
UF;4748041;82363;0xdeca;0xb101;0xffff;0xe0;20012;7;2126;118;6934;17
UF;4748141;82364;0xdeca;0xb101;0xffff;0xe0;20779;7;2245;119;5841;17
UF;4748242;82365;0xdeca;0xb101;0xffff;0xe0;19657;7;2269;123;4365;17
listener debug sel=A valid=1 age=514755 level=7 good=82365 accepted=23555 badhdr=0 nonanchor=58810 toolong=0 rxerr=83 rxen_fail=0 rxen_last=0 sys_status=0x00800002 sys_state=000505410b rx_finfo=0x07b6c811 last_status=0x00801302 last_len=17 pan=0xdeca dst=0xffff src=0xb101 code=0xe0
UF;4748341;82366;0xdeca;0xb101;0xffff;0xe0;20050;7;2130;118;3396;17
UF;4748441;82367;0xdeca;0xb101;0xffff;0xe0;19130;7;1998;117;6731;17
UF;4748541;82368;0xdeca;0xb101;0xffff;0xe0;20286;7;2266;121;6876;17
UF;4748641;82369;0xdeca;0xb101;0xffff;0xe0;19724;7;2060;117;3631;17
UF;4748742;82370;0xdeca;0xb101;0xffff;0xe0;20543;7;2410;124;7340;17
UF;4748842;82371;0xdeca;0xb101;0xffff;0xe0;20993;7;2345;121;6824;17
UF;4748942;82372;0xdeca;0xb101;0xffff;0xe0;20335;7;2197;119;6090;17
UF;4749042;82373;0xdeca;0xb101;0xffff;0xe0;20116;7;2322;123;6990;17
UF;4749142;82374;0xdeca;0xb101;0xffff;0xe0;19408;7;2168;121;6904;17
UF;4749243;82375;0xdeca;0xb101;0xffff;0xe0;20172;7;2143;118;7077;17
listener debug sel=A valid=1 age=515756 level=7 good=82375 accepted=23555 badhdr=0 nonanchor=58820 toolong=0 rxerr=83 rxen_fail=0 rxen_last=0 sys_status=0x00800002 sys_state=000505470b rx_finfo=0x0766c811 last_status=0x00801302 last_len=17 pan=0xdeca dst=0xffff src=0xb101 code=0xe0
UF;4749342;82376;0xdeca;0xb101;0xffff;0xe0;19888;7;2185;120;6573;17
UF;4749442;82377;0xdeca;0xb101;0xffff;0xe0;19921;7;2337;124;4695;17
UF;4749542;82378;0xdeca;0xb101;0xffff;0xe0;20515;7;2368;123;6285;17
UF;4749642;82379;0xdeca;0xb101;0xffff;0xe0;20395;7;2316;122;7230;17
UF;4749743;82380;0xdeca;0xb101;0xffff;0xe0;18704;7;2124;122;5248;17
UF;4749843;82381;0xdeca;0xb101;0xffff;0xe0;19847;7;2217;121;3844;17
UF;4749943;82382;0xdeca;0xb101;0xffff;0xe0;20399;7;2393;124;6906;17
UF;4750043;82383;0xdeca;0xb101;0xffff;0xe0;19212;7;2041;118;3768;17
UF;4750143;82384;0xdeca;0xb101;0xffff;0xe0;20069;7;2279;122;7013;17
UF;4750243;82385;0xdeca;0xb101;0xffff;0xe0;20836;7;2405;123;6694;17
listener debug sel=A valid=1 age=516757 level=7 good=82385 accepted=23555 badhdr=0 nonanchor=58830 toolong=0 rxerr=83 rxen_fail=0 rxen_last=0 sys_status=0x00800002 sys_state=000505440b rx_finfo=0x07b6c811 last_status=0x00801302 last_len=17 pan=0xdeca dst=0xffff src=0xb101 code=0xe0
UF;4750343;82386;0xdeca;0xb101;0xffff;0xe0;18805;7;2066;120;4488;17
UF;4750443;82387;0xdeca;0xb101;0xffff;0xe0;19631;7;2303;124;4656;17
UF;4750543;82388;0xdeca;0xb101;0xffff;0xe0;20279;7;2228;120;7277;17
UF;4750643;82389;0xdeca;0xb101;0xffff;0xe0;19870;7;2331;124;7089;17
UF;4750743;82390;0xdeca;0xb101;0xffff;0xe0;20177;7;2329;123;6973;17
UF;4750844;82391;0xdeca;0xb101;0xffff;0xe0;20122;7;2285;122;6660;17
UF;4750939;82392;0xdeca;0xb101;0xffff;0xe0;20094;7;2171;119;6726;17
UF;4750951;82393;0xdeca;0xa107;0xb101;0xe1;14327;7;1627;122;6546;20
UL;4750951;23556;H;7;0xa107;0xb101;0xe1;14327;7;1627;122;6546;20
UF;4751042;82394;0xdeca;0xb101;0xffff;0xe0;21255;7;2258;118;6960;17
UF;4751142;82395;0xdeca;0xb101;0xffff;0xe0;19708;7;2238;122;7153;17
UF;4751242;82396;0xdeca;0xb101;0xffff;0xe0;19945;7;2228;121;7160;17
listener debug sel=A valid=1 age=517760 level=7 good=82396 accepted=23556 badhdr=0 nonanchor=58840 toolong=0 rxerr=83 rxen_fail=0 rxen_last=0 sys_status=0x00800002 sys_state=000505430b rx_finfo=0x0796c811 last_status=0x00801302 last_len=17 pan=0xdeca dst=0xffff src=0xb101 code=0xe0
UF;4751341;82397;0xdeca;0xb101;0xffff;0xe0;19552;7;2042;117;7056;17
UF;4751441;82398;0xdeca;0xb101;0xffff;0xe0;19624;7;2156;120;4616;17
UF;4751542;82399;0xdeca;0xb101;0xffff;0xe0;20854;7;2486;125;6325;17
uwb any-frame t=4751642 good=82400 len=17 fctrl=8841 pan=0xdeca dst=0xffff src=0xb101 code=0xe0 q=19757 level=7 cir=2207 rxpacc=121 fp=7281/6810/4661
UF;4751642;82400;0xdeca;0xb101;0xffff;0xe0;19757;7;2207;121;7281;17
UF;4751740;82401;0xdeca;0xb101;0xffff;0xe0;19378;7;2129;120;6873;17
UF;4751840;82402;0xdeca;0xb101;0xffff;0xe0;19879;7;2332;124;6655;17
UF;4751940;82403;0xdeca;0xb101;0xffff;0xe0;19805;7;2104;118;5402;17
UF;4752040;82404;0xdeca;0xb101;0xffff;0xe0;20339;7;2386;124;7012;17
UF;4752140;82405;0xdeca;0xb101;0xffff;0xe0;20888;7;2411;123;7176;17
UF;4752240;82406;0xdeca;0xb101;0xffff;0xe0;19558;7;2221;122;5940;17
listener debug sel=A valid=1 age=518764 level=7 good=82406 accepted=23556 badhdr=0 nonanchor=58850 toolong=0 rxerr=83 rxen_fail=0 rxen_last=0 sys_status=0x00800002 sys_state=000505430b rx_finfo=0x07a6c811 last_status=0x00801302 last_len=17 pan=0xdeca dst=0xffff src=0xb101 code=0xe0
UF;4752345;82407;0xdeca;0xb101;0xffff;0xe0;20286;7;2266;121;7267;17
UF;4752440;82408;0xdeca;0xb101;0xffff;0xe0;20437;7;2359;123;6755;17
UF;4752540;82409;0xdeca;0xb101;0xffff;0xe0;20163;7;2142;118;6811;17
UF;4752640;82410;0xdeca;0xb101;0xffff;0xe0;20043;7;2202;120;7139;17
UF;4752741;82411;0xdeca;0xb101;0xffff;0xe0;20011;7;2162;119;4793;17
UF;4752841;82412;0xdeca;0xb101;0xffff;0xe0;20625;7;2266;120;7167;17
UF;4752941;82413;0xdeca;0xb101;0xffff;0xe0;19735;7;2278;123;4131;17
UF;4753041;82414;0xdeca;0xb101;0xffff;0xe0;19955;7;2156;119;4066;17
UF;4753142;82415;0xdeca;0xb101;0xffff;0xe0;20500;7;2290;121;5774;17
UF;4753242;82416;0xdeca;0xb101;0xffff;0xe0;19638;7;2051;117;2947;17
listener debug sel=A valid=1 age=519765 level=7 good=82416 accepted=23556 badhdr=0 nonanchor=58860 toolong=0 rxerr=83 rxen_fail=0 rxen_last=0 sys_status=0x00800002 sys_state=000505480b rx_finfo=0x0756c811 last_status=0x00801302 last_len=17 pan=0xdeca dst=0xffff src=0xb101 code=0xe0
UF;4753346;82417;0xdeca;0xb101;0xffff;0xe0;20550;7;2372;123;6762;17
UF;4753441;82418;0xdeca;0xb101;0xffff;0xe0;20285;7;2155;118;5794;17
UF;4753542;82419;0xdeca;0xb101;0xffff;0xe0;20290;7;2342;123;6515;17
UF;4753642;82420;0xdeca;0xb101;0xffff;0xe0;20441;7;2398;124;6013;17
UF;4753742;82421;0xdeca;0xb101;0xffff;0xe0;20152;7;2214;120;4856;17
UF;4753842;82422;0xdeca;0xb101;0xffff;0xe0;19668;7;2125;119;6666;17
UF;4753942;82423;0xdeca;0xb101;0xffff;0xe0;20399;7;2204;119;6808;17
UF;4754042;82424;0xdeca;0xb101;0xffff;0xe0;19954;7;2084;117;6802;17
UF;4754143;82425;0xdeca;0xb101;0xffff;0xe0;20567;7;2148;117;5688;17
UF;4754243;82426;0xdeca;0xb101;0xffff;0xe0;19511;7;2108;119;3766;17
listener debug sel=A valid=1 age=520766 level=7 good=82426 accepted=23556 badhdr=0 nonanchor=58870 toolong=0 rxerr=83 rxen_fail=0 rxen_last=0 sys_status=0x00800002 sys_state=000505450b rx_finfo=0x0776c811 last_status=0x00801302 last_len=17 pan=0xdeca dst=0xffff src=0xb101 code=0xe0
UF;4754347;82427;0xdeca;0xb101;0xffff;0xe0;19337;7;2160;121;7332;17
UF;4754442;82428;0xdeca;0xb101;0xffff;0xe0;19668;7;2197;121;4473;17
UF;4754543;82429;0xdeca;0xb101;0xffff;0xe0;21103;7;2280;119;6796;17
UF;4754643;82430;0xdeca;0xb101;0xffff;0xe0;20509;7;2291;121;5518;17
UF;4754743;82431;0xdeca;0xb101;0xffff;0xe0;19990;7;2233;121;4992;17
UF;4754843;82432;0xdeca;0xb101;0xffff;0xe0;19997;7;2197;120;3997;17
UF;4754938;82433;0xdeca;0xb101;0xffff;0xe0;19585;7;2116;119;3376;17
UF;4754951;82434;0xdeca;0xa107;0xb101;0xe1;15344;7;1714;121;4553;20
UL;4754951;23557;H;7;0xa107;0xb101;0xe1;15344;7;1714;121;4553;20
UF;4755041;82435;0xdeca;0xb101;0xffff;0xe0;19523;7;2074;118;4561;17
UF;4755142;82436;0xdeca;0xb101;0xffff;0xe0;20438;7;2283;121;7163;17
UF;4755242;82437;0xdeca;0xb101;0xffff;0xe0;19708;7;2312;124;4494;17
listener debug sel=A valid=1 age=521770 level=7 good=82437 accepted=23557 badhdr=0 nonanchor=58880 toolong=0 rxerr=83 rxen_fail=0 rxen_last=0 sys_status=0x00800002 sys_state=000505460b rx_finfo=0x07c6c811 last_status=0x00801302 last_len=17 pan=0xdeca dst=0xffff src=0xb101 code=0xe0
UF;4755351;82438;0xdeca;0xb101;0xffff;0xe0;19400;7;2061;118;5495;17
UF;4755441;82439;0xdeca;0xb101;0xffff;0xe0;19042;7;2198;123;4796;17
UF;4755541;82440;0xdeca;0xb101;0xffff;0xe0;19523;7;2074;118;4030;17
UF;4755641;82441;0xdeca;0xb101;0xffff;0xe0;20615;7;2341;122;7581;17
UF;4755742;82442;0xdeca;0xb101;0xffff;0xe0;20590;7;2300;121;4755;17
UF;4755842;82443;0xdeca;0xb101;0xffff;0xe0;19598;7;2082;118;6060;17
UF;4755942;82444;0xdeca;0xb101;0xffff;0xe0;19677;7;2198;121;6849;17
UF;4756042;82445;0xdeca;0xb101;0xffff;0xe0;19935;7;2082;117;6287;17
UF;4756142;82446;0xdeca;0xb101;0xffff;0xe0;20297;7;2230;120;6105;17
UF;4756243;82447;0xdeca;0xb101;0xffff;0xe0;19848;7;2291;123;7142;17
listener debug sel=A valid=1 age=522771 level=7 good=82447 accepted=23557 badhdr=0 nonanchor=58890 toolong=0 rxerr=83 rxen_fail=0 rxen_last=0 sys_status=0x00800002 sys_state=000505460b rx_finfo=0x07b6c811 last_status=0x00801302 last_len=17 pan=0xdeca dst=0xffff src=0xb101 code=0xe0
UF;4756352;82448;0xdeca;0xb101;0xffff;0xe0;19692;7;2092;118;4602;17
UF;4756442;82449;0xdeca;0xb101;0xffff;0xe0;18686;7;2122;122;4964;17
uwb any-frame t=4756542 good=82450 len=17 fctrl=8841 pan=0xdeca dst=0xffff src=0xb101 code=0xe0 q=19918 level=7 cir=2116 rxpacc=118 fp=4008/7003/6982
UF;4756542;82450;0xdeca;0xb101;0xffff;0xe0;19918;7;2116;118;4008;17
UF;4756640;82451;0xdeca;0xb101;0xffff;0xe0;19713;7;2202;121;6511;17
UF;4756740;82452;0xdeca;0xb101;0xffff;0xe0;18715;7;2022;119;4028;17
UF;4756841;82453;0xdeca;0xb101;0xffff;0xe0;19954;7;2084;117;6761;17
UF;4756941;82454;0xdeca;0xb101;0xffff;0xe0;19824;7;2178;120;4961;17
UF;4757041;82455;0xdeca;0xb101;0xffff;0xe0;19673;7;2234;122;4110;17
UF;4757141;82456;0xdeca;0xb101;0xffff;0xe0;19287;7;2119;120;3957;17
UF;4757241;82457;0xdeca;0xb101;0xffff;0xe0;19820;7;2214;121;6114;17
listener debug sel=A valid=1 age=523775 level=7 good=82457 accepted=23557 badhdr=0 nonanchor=58900 toolong=0 rxerr=83 rxen_fail=0 rxen_last=0 sys_status=0x00800002 sys_state=000505480b rx_finfo=0x0796c811 last_status=0x00801302 last_len=17 pan=0xdeca dst=0xffff src=0xb101 code=0xe0
UF;4757356;82458;0xdeca;0xb101;0xffff;0xe0;19704;7;2201;121;3396;17
UF;4757441;82459;0xdeca;0xb101;0xffff;0xe0;19807;7;2140;119;3346;17
UF;4757541;82460;0xdeca;0xb101;0xffff;0xe0;18941;7;2081;120;7274;17
UF;4757641;82461;0xdeca;0xb101;0xffff;0xe0;19197;7;2005;117;3995;17
UF;4757741;82462;0xdeca;0xb101;0xffff;0xe0;18832;7;2069;120;5831;17
UF;4757842;82463;0xdeca;0xb101;0xffff;0xe0;19781;7;2066;117;3939;17
UF;4757942;82464;0xdeca;0xb101;0xffff;0xe0;18738;7;1957;117;5761;17
UF;4758042;82465;0xdeca;0xb101;0xffff;0xe0;19724;7;2131;119;6922;17
UF;4758142;82466;0xdeca;0xb101;0xffff;0xe0;19520;7;2290;124;7025;17
UF;4758242;82467;0xdeca;0xb101;0xffff;0xe0;19469;7;2284;124;7350;17
listener debug sel=A valid=1 age=524776 level=7 good=82467 accepted=23557 badhdr=0 nonanchor=58910 toolong=0 rxerr=83 rxen_fail=0 rxen_last=0 sys_status=0x00800002 sys_state=000505460b rx_finfo=0x07c6c811 last_status=0x00801302 last_len=17 pan=0xdeca dst=0xffff src=0xb101 code=0xe0
UF;4758357;82468;0xdeca;0xb101;0xffff;0xe0;19791;7;2067;117;6280;17
UF;4758442;82469;0xdeca;0xb101;0xffff;0xe0;20008;7;2235;121;7052;17
UF;4758542;82470;0xdeca;0xb101;0xffff;0xe0;18929;7;1977;117;3553;17
UF;4758642;82471;0xdeca;0xb101;0xffff;0xe0;19743;7;2062;117;4561;17
UF;4758742;82472;0xdeca;0xb101;0xffff;0xe0;19668;7;2125;119;3731;17
UF;4758843;82473;0xdeca;0xb101;0xffff;0xe0;19552;7;2042;117;3942;17
UF;4758943;82474;0xdeca;0xb101;0xffff;0xe0;18943;7;2116;121;3208;17
UF;4759043;82475;0xdeca;0xb101;0xffff;0xe0;19448;7;2066;118;4025;17
UF;4759143;82476;0xdeca;0xb101;0xffff;0xe0;18766;7;2131;122;5950;17
UF;4759243;82477;0xdeca;0xb101;0xffff;0xe0;19446;7;2101;119;4725;17
listener debug sel=A valid=1 age=525777 level=7 good=82477 accepted=23557 badhdr=0 nonanchor=58920 toolong=0 rxerr=83 rxen_fail=0 rxen_last=0 sys_status=0x00800002 sys_state=000505420b rx_finfo=0x0776c811 last_status=0x00801302 last_len=17 pan=0xdeca dst=0xffff src=0xb101 code=0xe0
UF;4759358;82478;0xdeca;0xb101;0xffff;0xe0;19605;7;2263;123;7069;17
UF;4759443;82479;0xdeca;0xb101;0xffff;0xe0;18766;7;1960;117;4094;17
UF;4759543;82480;0xdeca;0xb101;0xffff;0xe0;19474;7;2104;119;5633;17
UF;4759643;82481;0xdeca;0xb101;0xffff;0xe0;19184;7;2038;118;6566;17
UF;4759743;82482;0xdeca;0xb101;0xffff;0xe0;20304;7;2268;121;6603;17
UF;4759838;82483;0xdeca;0xb101;0xffff;0xe0;19379;7;2024;117;5680;17
UF;4759939;82484;0xdeca;0xb101;0xffff;0xe0;20113;7;2284;122;7120;17
UF;4759952;82485;0xdeca;0xa107;0xb101;0xe1;15890;7;1775;121;5618;20
UL;4759952;23558;H;7;0xa107;0xb101;0xe1;15890;7;1775;121;5618;20
UF;4760042;82486;0xdeca;0xb101;0xffff;0xe0;20352;7;2236;120;6262;17
UF;4760142;82487;0xdeca;0xb101;0xffff;0xe0;20080;7;2243;121;7148;17
UF;4760243;82488;0xdeca;0xb101;0xffff;0xe0;19427;7;2029;117;5247;17
listener debug sel=A valid=1 age=526781 level=7 good=82488 accepted=23558 badhdr=0 nonanchor=58930 toolong=0 rxerr=84 rxen_fail=0 rxen_last=0 sys_status=0x00800002 sys_state=000505470b rx_finfo=0x0756c811 last_status=0x00810f02 last_len=17 pan=0xdeca dst=0xffff src=0xb101 code=0xe0
UF;4760363;82489;0xdeca;0xb101;0xffff;0xe0;19557;7;2113;119;4431;17
UF;4760442;82490;0xdeca;0xb101;0xffff;0xe0;20131;7;2175;119;6355;17
UF;4760542;82491;0xdeca;0xb101;0xffff;0xe0;19937;7;2154;119;6578;17
UF;4760643;82492;0xdeca;0xb101;0xffff;0xe0;20059;7;2095;117;3848;17
UF;4760743;82493;0xdeca;0xb101;0xffff;0xe0;19906;7;2187;120;6882;17
UF;4760843;82494;0xdeca;0xb101;0xffff;0xe0;20047;7;2314;123;5883;17
UF;4760943;82495;0xdeca;0xb101;0xffff;0xe0;19620;7;2339;125;5895;17
UF;4761043;82496;0xdeca;0xb101;0xffff;0xe0;19391;7;2060;118;6032;17
UF;4761144;82497;0xdeca;0xb101;0xffff;0xe0;19292;7;2155;121;6554;17
UF;4761239;82498;0xdeca;0xb101;0xffff;0xe0;19589;7;2081;118;6381;17
UF;4761251;82499;0xdeca;0xa107;0xb101;0xe1;16582;7;1914;123;5376;20
UL;4761251;23559;H;7;0xa107;0xb101;0xe1;16582;7;1914;123;5376;20
listener debug sel=A valid=1 age=527785 level=7 good=82499 accepted=23559 badhdr=0 nonanchor=58940 toolong=0 rxerr=84 rxen_fail=0 rxen_last=0 sys_status=0x00800002 sys_state=000505410b rx_finfo=0x07b6c814 last_status=0x00810f02 last_len=20 pan=0xdeca dst=0xb101 src=0xa107 code=0xe1
uwb any-frame t=4761366 good=82500 len=17 fctrl=8841 pan=0xdeca dst=0xffff src=0xb101 code=0xe0 q=19657 level=7 cir=2306 rxpacc=124 fp=6428/7298/4889
UF;4761366;82500;0xdeca;0xb101;0xffff;0xe0;19657;7;2306;124;6428;17
UF;4761444;82501;0xdeca;0xb101;0xffff;0xe0;20059;7;2095;117;6549;17
UF;4761538;82502;0xdeca;0xb101;0xffff;0xe0;19614;7;2264;123;4851;17
UF;4761551;82503;0xdeca;0xa107;0xb101;0xe1;15348;7;1603;117;4582;20
UL;4761551;23560;H;7;0xa107;0xb101;0xe1;15348;7;1603;117;4582;20
UF;4761641;82504;0xdeca;0xb101;0xffff;0xe0;20011;7;2090;117;5288;17
UF;4761742;82505;0xdeca;0xb101;0xffff;0xe0;19372;7;2058;118;4606;17
UF;4761842;82506;0xdeca;0xb101;0xffff;0xe0;19224;7;2219;123;4982;17
UF;4761942;82507;0xdeca;0xb101;0xffff;0xe0;19686;7;2199;121;4728;17
UF;4762042;82508;0xdeca;0xb101;0xffff;0xe0;19372;7;2058;118;6831;17
UF;4762142;82509;0xdeca;0xb101;0xffff;0xe0;19118;7;2031;118;5051;17
UF;4762242;82510;0xdeca;0xb101;0xffff;0xe0;18722;7;2161;123;3363;17
listener debug sel=A valid=1 age=528786 level=7 good=82510 accepted=23560 badhdr=0 nonanchor=58950 toolong=0 rxerr=84 rxen_fail=0 rxen_last=0 sys_status=0x00800002 sys_state=000505470b rx_finfo=0x07b6c811 last_status=0x00810f02 last_len=17 pan=0xdeca dst=0xffff src=0xb101 code=0xe0
UF;4762367;82511;0xdeca;0xb101;0xffff;0xe0;19853;7;2329;124;6772;17
UF;4762442;82512;0xdeca;0xb101;0xffff;0xe0;18796;7;2205;124;4964;17
UF;4762542;82513;0xdeca;0xb101;0xffff;0xe0;20229;7;2335;123;6271;17
UF;4762642;82514;0xdeca;0xb101;0xffff;0xe0;19513;7;2073;118;2893;17
UF;4762742;82515;0xdeca;0xb101;0xffff;0xe0;19647;7;2052;117;6966;17
U