listener debug sel=A valid=1 age=3675952 level=7 good=89744 accepted=23857 badhdr=0 nonanchor=65887 toolong=0 rxerr=94 rxen_fail=0 rxen_last=0 sys_status=0x00800002 sys_state=000505480b rx_finfo=0x07b6c811 last_status=0x00801302 last_len=17 pan=0xdeca dst=0xffff src=0xb101 code=0xe0
listener debug sel=A valid=1 age=3676956 level=7 good=89744 accepted=23857 badhdr=0 nonanchor=65887 toolong=0 rxerr=94 rxen_fail=0 rxen_last=0 sys_status=0x00800002 sys_state=000505480b rx_finfo=0x07b6c811 last_status=0x00801302 last_len=17 pan=0xdeca dst=0xffff src=0xb101 code=0xe0
listener debug sel=A valid=1 age=3677956 level=7 good=89744 accepted=23857 badhdr=0 nonanchor=65887 toolong=0 rxerr=94 rxen_fail=0 rxen_last=0 sys_status=0x00800002 sys_state=000505460b rx_finfo=0x07b6c811 last_status=0x00801302 last_len=17 pan=0xdeca dst=0xffff src=0xb101 code=0xe0
listener debug sel=A valid=1 age=3678956 level=7 good=89744 accepted=23857 badhdr=0 nonanchor=65887 toolong=0 rxerr=94 rxen_fail=0 rxen_last=0 sys_status=0x00800002 sys_state=000505480b rx_finfo=0x07b6c811 last_status=0x00801302 last_len=17 pan=0xdeca dst=0xffff src=0xb101 code=0xe0
listener debug sel=A valid=1 age=3679956 level=7 good=89744 accepted=23857 badhdr=0 nonanchor=65887 toolong=0 rxerr=94 rxen_fail=0 rxen_last=0 sys_status=0x00800002 sys_state=000505450b rx_finfo=0x07b6c811 last_status=0x00801302 last_len=17 pan=0xdeca dst=0xffff src=0xb101 code=0xe0
listener debug sel=A valid=1 age=3680956 level=7 good=89744 accepted=23857 badhdr=0 nonanchor=65887 toolong=0 rxerr=94 rxen_fail=0 rxen_last=0 sys_status=0x00800002 sys_state=000505460b rx_finfo=0x07b6c811 last_status=0x00801302 last_len=17 pan=0xdeca dst=0xffff src=0xb101 code=0xe0
listener debug sel=A valid=1 age=3681956 level=7 good=89744 accepted=23857 badhdr=0 nonanchor=65887 toolong=0 rxerr=94 rxen_fail=0 rxen_last=0 sys_status=0x00800002 sys_state=000505480b rx_finfo=0x07b6c811 last_status=0x00801302 last_len=17 pan=0xdeca dst=0xffff src=0xb101 code=0xe0
listener debug sel=A valid=1 age=3682956 level=7 good=89744 accepted=23857 badhdr=0 nonanchor=65887 toolong=0 rxerr=94 rxen_fail=0 rxen_last=0 sys_status=0x00800002 sys_state=000505400b rx_finfo=0x07b6c811 last_status=0x00801302 last_len=17 pan=0xdeca dst=0xffff src=0xb101 code=0xe0
listener debug sel=A valid=1 age=3683956 level=7 good=89744 accepted=23857 badhdr=0 nonanchor=65887 toolong=0 rxerr=94 rxen_fail=0 rxen_last=0 sys_status=0x00800002 sys_state=000505470b rx_finfo=0x07b6c811 last_status=0x00801302 last_len=17 pan=0xdeca dst=0xffff src=0xb101 code=0xe0
listener debug sel=A valid=1 age=3684956 level=7 good=89744 accepted=23857 badhdr=0 nonanchor=65887 toolong=0 rxerr=94 rxen_fail=0 rxen_last=0 sys_status=0x00800002 sys_state=000505440b rx_finfo=0x07b6c811 last_status=0x00801302 last_len=17 pan=0xdeca dst=0xffff src=0xb101 code=0xe0
listener debug sel=A valid=1 age=3685961 level=7 good=89744 accepted=23857 badhdr=0 nonanchor=65887 toolong=0 rxerr=94 rxen_fail=0 rxen_last=0 sys_status=0x00800002 sys_state=000505450b rx_finfo=0x07b6c811 last_status=0x00801302 last_len=17 pan=0xdeca dst=0xffff src=0xb101 code=0xe0
listener debug sel=A valid=1 age=3686966 level=7 good=89744 accepted=23857 badhdr=0 nonanchor=65887 toolong=0 rxerr=94 rxen_fail=0 rxen_last=0 sys_status=0x00800002 sys_state=000505400b rx_finfo=0x07b6c811 last_status=0x00801302 last_len=17 pan=0xdeca dst=0xffff src=0xb101 code=0xe0
listener debug sel=A valid=1 age=3687970 level=7 good=89744 accepted=23857 badhdr=0 nonanchor=65887 toolong=0 rxerr=94 rxen_fail=0 rxen_last=0 sys_status=0x00800002 sys_state=000505410b rx_finfo=0x07b6c811 last_status=0x00801302 last_len=17 pan=0xdeca dst=0xffff src=0xb101 code=0xe0
listener debug sel=A valid=1 age=3688970 level=7 good=89744 accepted=23857 badhdr=0 nonanchor=65887 toolong=0 rxerr=94 rxen_fail=0 rxen_last=0 sys_status=0x00800002 sys_state=000505460b rx_finfo=0x07b6c811 last_status=0x00801302 last_len=17 pan=0xdeca dst=0xffff src=0xb101 code=0xe0
listener debug sel=A valid=1 age=3689970 level=7 good=89744 accepted=23857 badhdr=0 nonanchor=65887 toolong=0 rxerr=94 rxen_fail=0 rxen_last=0 sys_status=0x00800002 sys_state=000505470b rx_finfo=0x07b6c811 last_status=0x00801302 last_len=17 pan=0xdeca dst=0xffff src=0xb101 code=0xe0
listener debug sel=A valid=1 age=3690970 level=7 good=89744 accepted=23857 badhdr=0 nonanchor=65887 toolong=0 rxerr=94 rxen_fail=0 rxen_last=0 sys_status=0x00800002 sys_state=000505450b rx_finfo=0x07b6c811 last_status=0x00801302 last_len=17 pan=0xdeca dst=0xffff src=0xb101 code=0xe0
listener debug sel=A valid=1 age=3691975 level=7 good=89744 accepted=23857 badhdr=0 nonanchor=65887 toolong=0 rxerr=94 rxen_fail=0 rxen_last=0 sys_status=0x00800002 sys_state=000505480b rx_finfo=0x07b6c811 last_status=0x00801302 last_len=17 pan=0xdeca dst=0xffff src=0xb101 code=0xe0
listener debug sel=A valid=1 age=3692980 level=7 good=89744 accepted=23857 badhdr=0 nonanchor=65887 toolong=0 rxerr=94 rxen_fail=0 rxen_last=0 sys_status=0x00800002 sys_state=000505470b rx_finfo=0x07b6c811 last_status=0x00801302 last_len=17 pan=0xdeca dst=0xffff src=0xb101 code=0xe0
listener debug sel=A valid=1 age=3693984 level=7 good=89744 accepted=23857 badhdr=0 nonanchor=65887 toolong=0 rxerr=94 rxen_fail=0 rxen_last=0 sys_status=0x00800002 sys_state=000505440b rx_finfo=0x07b6c811 last_status=0x00801302 last_len=17 pan=0xdeca dst=0xffff src=0xb101 code=0xe0
listener debug sel=A valid=1 age=3694984 level=7 good=89744 accepted=23857 badhdr=0 nonanchor=65887 toolong=0 rxerr=94 rxen_fail=0 rxen_last=0 sys_status=0x00800002 sys_state=000505460b rx_finfo=0x07b6c811 last_status=0x00801302 last_len=17 pan=0xdeca dst=0xffff src=0xb101 code=0xe0
listener debug sel=A valid=1 age=3695984 level=7 good=89744 accepted=23857 badhdr=0 nonanchor=65887 toolong=0 rxerr=94 rxen_fail=0 rxen_last=0 sys_status=0x00800002 sys_state=000505420b rx_finfo=0x07b6c811 last_status=0x00801302 last_len=17 pan=0xdeca dst=0xffff src=0xb101 code=0xe0
listener debug sel=A valid=1 age=3696984 level=7 good=89744 accepted=23857 badhdr=0 nonanchor=65887 toolong=0 rxerr=94 rxen_fail=0 rxen_last=0 sys_status=0x00800002 sys_state=000505410b rx_finfo=0x07b6c811 last_status=0x00801302 last_len=17 pan=0xdeca dst=0xffff src=0xb101 code=0xe0
listener debug sel=A valid=1 age=3697984 level=7 good=89744 accepted=23857 badhdr=0 nonanchor=65887 toolong=0 rxerr=94 rxen_fail=0 rxen_last=0 sys_status=0x00800002 sys_state=000505440b rx_finfo=0x07b6c811 last_status=0x00801302 last_len=17 pan=0xdeca dst=0xffff src=0xb101 code=0xe0
listener debug sel=A valid=1 age=3698984 level=7 good=89744 accepted=23857 badhdr=0 nonanchor=65887 toolong=0 rxerr=94 rxen_fail=0 rxen_last=0 sys_status=0x00800002 sys_state=000505410b rx_finfo=0x07b6c811 last_status=0x00801302 last_len=17 pan=0xdeca dst=0xffff src=0xb101 code=0xe0
listener debug sel=A valid=1 age=3699989 level=7 good=89744 accepted=23857 badhdr=0 nonanchor=65887 toolong=0 rxerr=94 rxen_fail=0 rxen_last=0 sys_status=0x00800002 sys_state=000505440b rx_finfo=0x07b6c811 last_status=0x00801302 last_len=17 pan=0xdeca dst=0xffff src=0xb101 code=0xe0
listener debug sel=A valid=1 age=3700993 level=7 good=89744 accepted=23857 badhdr=0 nonanchor=65887 toolong=0 rxerr=94 rxen_fail=0 rxen_last=0 sys_status=0x00800002 sys_state=000505480b rx_finfo=0x07b6c811 last_status=0x00801302 last_len=17 pan=0xdeca dst=0xffff src=0xb101 code=0xe0
listener debug sel=A valid=1 age=3701993 level=7 good=89744 accepted=23857 badhdr=0 nonanchor=65887 toolong=0 rxerr=94 rxen_fail=0 rxen_last=0 sys_status=0x00800002 sys_state=000505400b rx_finfo=0x07b6c811 last_status=0x00801302 last_len=17 pan=0xdeca dst=0xffff src=0xb101 code=0xe0
listener debug sel=A valid=1 age=3702993 level=7 good=89744 accepted=23857 badhdr=0 nonanchor=65887 toolong=0 rxerr=94 rxen_fail=0 rxen_last=0 sys_status=0x00800002 sys_state=000505400b rx_finfo=0x07b6c811 last_status=0x00801302 last_len=17 pan=0xdeca dst=0xffff src=0xb101 code=0xe0
listener debug sel=A valid=1 age=3703993 level=7 good=89744 accepted=23857 badhdr=0 nonanchor=65887 toolong=0 rxerr=94 rxen_fail=0 rxen_last=0 sys_status=0x00800002 sys_state=000505450b rx_finfo=0x07b6c811 last_status=0x00801302 last_len=17 pan=0xdeca dst=0xffff src=0xb101 code=0xe0
listener debug sel=A valid=1 age=3704998 level=7 good=89744 accepted=23857 badhdr=0 nonanchor=65887 toolong=0 rxerr=94 rxen_fail=0 rxen_last=0 sys_status=0x00800002 sys_state=000505460b rx_finfo=0x07b6c811 last_status=0x00801302 last_len=17 pan=0xdeca dst=0xffff src=0xb101 code=0xe0
listener debug sel=A valid=1 age=3706002 level=7 good=89744 accepted=23857 badhdr=0 nonanchor=65887 toolong=0 rxerr=94 rxen_fail=0 rxen_last=0 sys_status=0x00800002 sys_state=000505480b rx_finfo=0x07b6c811 last_status=0x00801302 last_len=17 pan=0xdeca dst=0xffff src=0xb101 code=0xe0
listener debug sel=A valid=1 age=3707002 level=7 good=89744 accepted=23857 badhdr=0 nonanchor=65887 toolong=0 rxerr=94 rxen_fail=0 rxen_last=0 sys_status=0x00800002 sys_state=000505430b rx_finfo=0x07b6c811 last_status=0x00801302 last_len=17 pan=0xdeca dst=0xffff src=0xb101 code=0xe0
listener debug sel=A valid=1 age=3708002 level=7 good=89744 accepted=23857 badhdr=0 nonanchor=65887 toolong=0 rxerr=94 rxen_fail=0 rxen_last=0 sys_status=0x00800002 sys_state=000505400b rx_finfo=0x07b6c811 last_status=0x00801302 last_len=17 pan=0xdeca dst=0xffff src=0xb101 code=0xe0
listener debug sel=A valid=1 age=3709002 level=7 good=89744 accepted=23857 badhdr=0 nonanchor=65887 toolong=0 rxerr=94 rxen_fail=0 rxen_last=0 sys_status=0x00800002 sys_state=000505470b rx_finfo=0x07b6c811 last_status=0x00801302 last_len=17 pan=0xdeca dst=0xffff src=0xb101 code=0xe0
listener debug sel=A valid=1 age=3710002 level=7 good=89744 accepted=23857 badhdr=0 nonanchor=65887 toolong=0 rxerr=94 rxen_fail=0 rxen_last=0 sys_status=0x00800002 sys_state=000505430b rx_finfo=0x07b6c811 last_status=0x00801302 last_len=17 pan=0xdeca dst=0xffff src=0xb101 code=0xe0
listener debug sel=A valid=1 age=3711007 level=7 good=89744 accepted=23857 badhdr=0 nonanchor=65887 toolong=0 rxerr=94 rxen_fail=0 rxen_last=0 sys_status=0x00800002 sys_state=000505410b rx_finfo=0x07b6c811 last_status=0x00801302 last_len=17 pan=0xdeca dst=0xffff src=0xb101 code=0xe0
listener debug sel=A valid=1 age=3712012 level=7 good=89744 accepted=23857 badhdr=0 nonanchor=65887 toolong=0 rxerr=94 rxen_fail=0 rxen_last=0 sys_status=0x00800002 sys_state=000505450b rx_finfo=0x07b6c811 last_status=0x00801302 last_len=17 pan=0xdeca dst=0xffff src=0xb101 code=0xe0
listener debug sel=A valid=1 age=3713016 level=7 good=89744 accepted=23857 badhdr=0 nonanchor=65887 toolong=0 rxerr=94 rxen_fail=0 rxen_last=0 sys_status=0x00800002 sys_state=000505400b rx_finfo=0x07b6c811 last_status=0x00801302 last_len=17 pan=0xdeca dst=0xffff src=0xb101 code=0xe0
listener debug sel=A valid=1 age=3714016 level=7 good=89744 accepted=23857 badhdr=0 nonanchor=65887 toolong=0 rxerr=94 rxen_fail=0 rxen_last=0 sys_status=0x00800002 sys_state=000505450b rx_finfo=0x07b6c811 last_status=0x00801302 last_len=17 pan=0xdeca dst=0xffff src=0xb101 code=0xe0
listener debug sel=A valid=1 age=3715016 level=7 good=89744 accepted=23857 badhdr=0 nonanchor=65887 toolong=0 rxerr=94 rxen_fail=0 rxen_last=0 sys_status=0x00800002 sys_state=000505410b rx_finfo=0x07b6c811 last_status=0x00801302 last_len=17 pan=0xdeca dst=0xffff src=0xb101 code=0xe0
listener debug sel=A valid=1 age=3716016 level=7 good=89744 accepted=23857 badhdr=0 nonanchor=65887 toolong=0 rxerr=94 rxen_fail=0 rxen_last=0 sys_status=0x00800002 sys_state=000505480b rx_finfo=0x07b6c811 last_status=0x00801302 last_len=17 pan=0xdeca dst=0xffff src=0xb101 code=0xe0
listener debug sel=A valid=1 age=3717016 level=7 good=89744 accepted=23857 badhdr=0 nonanchor=65887 toolong=0 rxerr=94 rxen_fail=0 rxen_last=0 sys_status=0x00800002 sys_state=000505480b rx_finfo=0x07b6c811 last_status=0x00801302 last_len=17 pan=0xdeca dst=0xffff src=0xb101 code=0xe0
listener debug sel=A valid=1 age=3718016 level=7 good=89744 accepted=23857 badhdr=0 nonanchor=65887 toolong=0 rxerr=94 rxen_fail=0 rxen_last=0 sys_status=0x00800002 sys_state=000505460b rx_finfo=0x07b6c811 last_status=0x00801302 last_len=17 pan=0xdeca dst=0xffff src=0xb101 code=0xe0
listener debug sel=A valid=1 age=3719016 level=7 good=89744 accepted=23857 badhdr=0 nonanchor=65887 toolong=0 rxerr=94 rxen_fail=0 rxen_last=0 sys_status=0x00800002 sys_state=000505480b rx_finfo=0x07b6c811 last_status=0x00801302 last_len=17 pan=0xdeca dst=0xffff src=0xb101 code=0xe0
listener debug sel=A valid=1 age=3720016 level=7 good=89744 accepted=23857 badhdr=0 nonanchor=65887 toolong=0 rxerr=94 rxen_fail=0 rxen_last=0 sys_status=0x00800002 sys_state=000505440b rx_finfo=0x07b6c811 last_status=0x00801302 last_len=17 pan=0xdeca dst=0xffff src=0xb101 code=0xe0
listener debug sel=A valid=1 age=3721016 level=7 good=89744 accepted=23857 badhdr=0 nonanchor=65887 toolong=0 rxerr=94 rxen_fail=0 rxen_last=0 sys_status=0x00800002 sys_state=000505410b rx_finfo=0x07b6c811 last_status=0x00801302 last_len=17 pan=0xdeca dst=0xffff src=0xb101 code=0xe0
listener debug sel=A valid=1 age=3722016 level=7 good=89744 accepted=23857 badhdr=0 nonanchor=65887 toolong=0 rxerr=94 rxen_fail=0 rxen_last=0 sys_status=0x00800002 sys_state=000505480b rx_finfo=0x07b6c811 last_status=0x00801302 last_len=17 pan=0xdeca dst=0xffff src=0xb101 code=0xe0
listener debug sel=A valid=1 age=3723016 level=7 good=89744 accepted=23857 badhdr=0 nonanchor=65887 toolong=0 rxerr=94 rxen_fail=0 rxen_last=0 sys_status=0x00800002 sys_state=000505460b rx_finfo=0x07b6c811 last_status=0x00801302 last_len=17 pan=0xdeca dst=0xffff src=0xb101 code=0xe0
listener debug sel=A valid=1 age=3724016 level=7 good=89744 accepted=23857 badhdr=0 nonanchor=65887 toolong=0 rxerr=94 rxen_fail=0 rxen_last=0 sys_status=0x00800002 sys_state=000505410b rx_finfo=0x07b6c811 last_status=0x00801302 last_len=17 pan=0xdeca dst=0xffff src=0xb101 code=0xe0
listener debug sel=A valid=1 age=3725016 level=7 good=89744 accepted=23857 badhdr=0 nonanchor=65887 toolong=0 rxerr=94 rxen_fail=0 rxen_last=0 sys_status=0x00800002 sys_state=000505400b rx_finfo=0x07b6c811 last_status=0x00801302 last_len=17 pan=0xdeca dst=0xffff src=0xb101 code=0xe0
listener debug sel=A valid=1 age=3726016 level=7 good=89744 accepted=23857 badhdr=0 nonanchor=65887 toolong=0 rxerr=94 rxen_fail=0 rxen_last=0 sys_status=0x00800002 sys_state=000505450b rx_finfo=0x07b6c811 last_status=0x00801302 last_len=17 pan=0xdeca dst=0xffff src=0xb101 code=0xe0
listener debug sel=A valid=1 age=3727016 level=7 good=89744 accepted=23857 badhdr=0 nonanchor=65887 toolong=0 rxerr=94 rxen_fail=0 rxen_last=0 sys_status=0x00800002 sys_state=000505450b rx_finfo=0x07b6c811 last_status=0x00801302 last_len=17 pan=0xdeca dst=0xffff src=0xb101 code=0xe0
listener debug sel=A valid=1 age=3728016 level=7 good=89744 accepted=23857 badhdr=0 nonanchor=65887 toolong=0 rxerr=94 rxen_fail=0 rxen_last=0 sys_status=0x00800002 sys_state=000505410b rx_finfo=0x07b6c811 last_status=0x00801302 last_len=17 pan=0xdeca dst=0xffff src=0xb101 code=0xe0
listener debug sel=A valid=1 age=3729021 level=7 good=89744 accepted=23857 badhdr=0 nonanchor=65887 toolong=0 rxerr=94 rxen_fail=0 rxen_last=0 sys_status=0x00800002 sys_state=000505440b rx_finfo=0x07b6c811 last_status=0x00801302 last_len=17 pan=0xdeca dst=0xffff src=0xb101 code=0xe0
listener debug sel=A valid=1 age=3730026 level=7 good=89744 accepted=23857 badhdr=0 nonanchor=65887 toolong=0 rxerr=94 rxen_fail=0 rxen_last=0 sys_status=0x00800002 sys_state=000505410b rx_finfo=0x07b6c811 last_status=0x00801302 last_len=17 pan=0xdeca dst=0xffff src=0xb101 code=0xe0
listener debug sel=A valid=1 age=3731026 level=7 good=89744 accepted=23857 badhdr=0 nonanchor=65887 toolong=0 rxerr=94 rxen_fail=0 rxen_last=0 sys_status=0x00800002 sys_state=000505460b rx_finfo=0x07b6c811 last_status=0x00801302 last_len=17 pan=0xdeca dst=0xffff src=0xb101 code=0xe0
listener debug sel=A valid=1 age=3732030 level=7 good=89744 accepted=23857 badhdr=0 nonanchor=65887 toolong=0 rxerr=94 rxen_fail=0 rxen_last=0 sys_status=0x00800002 sys_state=000505440b rx_finfo=0x07b6c811 last_status=0x00801302 last_len=17 pan=0xdeca dst=0xffff src=0xb101 code=0xe0
listener debug sel=A valid=1 age=3733030 level=7 good=89744 accepted=23857 badhdr=0 nonanchor=65887 toolong=0 rxerr=94 rxen_fail=0 rxen_last=0 sys_status=0x00800002 sys_state=000505400b rx_finfo=0x07b6c811 last_status=0x00801302 last_len=17 pan=0xdeca dst=0xffff src=0xb101 code=0xe0
listener debug sel=A valid=1 age=3734030 level=7 good=89744 accepted=23857 badhdr=0 nonanchor=65887 toolong=0 rxerr=94 rxen_fail=0 rxen_last=0 sys_status=0x00800002 sys_state=000505470b rx_finfo=0x07b6c811 last_status=0x00801302 last_len=17 pan=0xdeca dst=0xffff src=0xb101 code=0xe0
listener debug sel=A valid=1 age=3735030 level=7 good=89744 accepted=23857 badhdr=0 nonanchor=65887 toolong=0 rxerr=94 rxen_fail=0 rxen_last=0 sys_status=0x00800002 sys_state=000505470b rx_finfo=0x07b6c811 last_status=0x00801302 last_len=17 pan=0xdeca dst=0xffff src=0xb101 code=0xe0
listener debug sel=A valid=1 age=3736030 level=7 good=89744 accepted=23857 badhdr=0 nonanchor=65887 toolong=0 rxerr=94 rxen_fail=0 rxen_last=0 sys_status=0x00800002 sys_state=000505480b rx_finfo=0x07b6c811 last_status=0x00801302 last_len=17 pan=0xdeca dst=0xffff src=0xb101 code=0xe0
listener debug sel=A valid=1 age=3737030 level=7 good=89744 accepted=23857 badhdr=0 nonanchor=65887 toolong=0 rxerr=94 rxen_fail=0 rxen_last=0 sys_status=0x00800002 sys_state=000505440b rx_finfo=0x07b6c811 last_status=0x00801302 last_len=17 pan=0xdeca dst=0xffff src=0xb101 code=0xe0
listener debug sel=A valid=1 age=3738030 level=7 good=89744 accepted=23857 badhdr=0 nonanchor=65887 toolong=0 rxerr=94 rxen_fail=0 rxen_last=0 sys_status=0x00800002 sys_state=000505460b rx_finfo=0x07b6c811 last_status=0x00801302 last_len=17 pan=0xdeca dst=0xffff src=0xb101 code=0xe0
listener debug sel=A valid=1 age=3739030 level=7 good=89744 accepted=23857 badhdr=0 nonanchor=65887 toolong=0 rxerr=94 rxen_fail=0 rxen_last=0 sys_status=0x00800002 sys_state=000505410b rx_finfo=0x07b6c811 last_status=0x00801302 last_len=17 pan=0xdeca dst=0xffff src=0xb101 code=0xe0
listener debug sel=A valid=1 age=3740030 level=7 good=89744 accepted=23857 badhdr=0 nonanchor=65887 toolong=0 rxerr=94 rxen_fail=0 rxen_last=0 sys_status=0x00800002 sys_state=000505400b rx_finfo=0x07b6c811 last_status=0x00801302 last_len=17 pan=0xdeca dst=0xffff src=0xb101 code=0xe0
listener debug sel=A valid=1 age=3741030 level=7 good=89744 accepted=23857 badhdr=0 nonanchor=65887 toolong=0 rxerr=94 rxen_fail=0 rxen_last=0 sys_status=0x00800002 sys_state=000505410b rx_finfo=0x07b6c811 last_status=0x00801302 last_len=17 pan=0xdeca dst=0xffff src=0xb101 code=0xe0
listener debug sel=A valid=1 age=3742030 level=7 good=89744 accepted=23857 badhdr=0 nonanchor=65887 toolong=0 rxerr=94 rxen_fail=0 rxen_last=0 sys_status=0x00800002 sys_state=000505470b rx_finfo=0x07b6c811 last_status=0x00801302 last_len=17 pan=0xdeca dst=0xffff src=0xb101 code=0xe0
listener debug sel=A valid=1 age=3743030 level=7 good=89744 accepted=23857 badhdr=0 nonanchor=65887 toolong=0 rxerr=94 rxen_fail=0 rxen_last=0 sys_status=0x00800002 sys_state=000505410b rx_finfo=0x07b6c811 last_status=0x00801302 last_len=17 pan=0xdeca dst=0xffff src=0xb101 code=0xe0
listener debug sel=A valid=1 age=3744034 level=7 good=89744 accepted=23857 badhdr=0 nonanchor=65887 toolong=0 rxerr=94 rxen_fail=0 rxen_last=0 sys_status=0x00800002 sys_state=000505460b rx_finfo=0x07b6c811 last_status=0x00801302 last_len=17 pan=0xdeca dst=0xffff src=0xb101 code=0xe0
listener debug sel=A valid=1 age=3745035 level=7 good=89744 accepted=23857 badhdr=0 nonanchor=65887 toolong=0 rxerr=94 rxen_fail=0 rxen_last=0 sys_status=0x00800002 sys_state=000505480b rx_finfo=0x07b6c811 last_status=0x00801302 last_len=17 pan=0xdeca dst=0xffff src=0xb101 code=0xe0
UF;7979049;89745;0xdeca;0xb101;0xffff;0xe0;17712;7;1946;120;6080;17
UF;7979149;89746;0xdeca;0xb101;0xffff;0xe0;16247;7;1785;120;4657;17
UF;7979249;89747;0xdeca;0xb101;0xffff;0xe0;16363;7;1709;117;4284;17
UF;7979349;89748;0xdeca;0xb101;0xffff;0xe0;15701;7;1783;122;3292;17
UF;7979449;89749;0xdeca;0xb101;0xffff;0xe0;16558;7;1789;119;3543;17
uwb any-frame t=7979544 good=89750 len=17 fctrl=8841 pan=0xdeca dst=0xffff src=0xb101 code=0xe0 q=16538 level=7 cir=1878 rxpacc=122 fp=3035/7576/6684
UF;7979544;89750;0xdeca;0xb101;0xffff;0xe0;16538;7;1878;122;3035;17
listener debug sel=A valid=1 age=3746040 level=7 good=89750 accepted=23857 badhdr=0 nonanchor=65893 toolong=0 rxerr=94 rxen_fail=0 rxen_last=0 sys_status=0x00800002 sys_state=000505470b rx_finfo=0x07a6c811 last_status=0x00801302 last_len=17 pan=0xdeca dst=0xffff src=0xb101 code=0xe0
UF;7979647;89751;0xdeca;0xb101;0xffff;0xe0;17539;7;1895;119;3461;17
UF;7979747;89752;0xdeca;0xb101;0xffff;0xe0;17257;7;1992;123;3576;17
UF;7979847;89753;0xdeca;0xb101;0xffff;0xe0;16379;7;1740;118;3236;17
UF;7979947;89754;0xdeca;0xb101;0xffff;0xe0;16634;7;1920;123;3608;17
UF;7980047;89755;0xdeca;0xb101;0xffff;0xe0;15650;7;1836;124;3330;17
UF;7980147;89756;0xdeca;0xb101;0xffff;0xe0;17671;7;2073;124;4377;17
UF;7980247;89757;0xdeca;0xb101;0xffff;0xe0;16579;7;1852;121;6402;17
UF;7980347;89758;0xdeca;0xb101;0xffff;0xe0;16848;7;1851;120;3389;17
UF;7980447;89759;0xdeca;0xb101;0xffff;0xe0;16827;7;1818;119;4918;17
UF;7980547;89760;0xdeca;0xb101;0xffff;0xe0;16443;7;1898;123;3883;17
listener debug sel=A valid=1 age=3747040 level=7 good=89760 accepted=23857 badhdr=0 nonanchor=65903 toolong=0 rxerr=94 rxen_fail=0 rxen_last=0 sys_status=0x00800002 sys_state=000505400b rx_finfo=0x07b6c811 last_status=0x00801302 last_len=17 pan=0xdeca dst=0xffff src=0xb101 code=0xe0
UF;7980647;89761;0xdeca;0xb101;0xffff;0xe0;16512;7;1784;119;2925;17
UF;7980747;89762;0xdeca;0xb101;0xffff;0xe0;16919;7;1828;119;4798;17
UF;7980847;89763;0xdeca;0xb101;0xffff;0xe0;15872;7;1773;121;4166;17
UF;7980947;89764;0xdeca;0xb101;0xffff;0xe0;17057;7;1937;122;3697;17
UF;7981047;89765;0xdeca;0xb101;0xffff;0xe0;15608;7;1831;124;5206;17
UF;7981147;89766;0xdeca;0xb101;0xffff;0xe0;17179;7;2048;125;3950;17
UF;7981247;89767;0xdeca;0xb101;0xffff;0xe0;17198;7;1953;122;7376;17
UF;7981347;89768;0xdeca;0xb101;0xffff;0xe0;17075;7;1939;122;4148;17
UF;7981447;89769;0xdeca;0xb101;0xffff;0xe0;16631;7;1951;124;4012;17
UF;7981547;89770;0xdeca;0xb101;0xffff;0xe0;16019;7;1760;120;4490;17
listener debug sel=A valid=1 age=3748040 level=7 good=89770 accepted=23857 badhdr=0 nonanchor=65913 toolong=0 rxerr=94 rxen_fail=0 rxen_last=0 sys_status=0x00800002 sys_state=000505440b rx_finfo=0x0786c811 last_status=0x00801302 last_len=17 pan=0xdeca dst=0xffff src=0xb101 code=0xe0
UF;7981647;89771;0xdeca;0xb101;0xffff;0xe0;17894;7;2032;122;5271;17
UF;7981747;89772;0xdeca;0xb101;0xffff;0xe0;17348;7;1906;120;5876;17
UF;7981847;89773;0xdeca;0xb101;0xffff;0xe0;16556;7;1819;120;5582;17
UF;7981947;89774;0xdeca;0xb101;0xffff;0xe0;17706;7;1913;119;5033;17
UF;7982047;89775;0xdeca;0xb101;0xffff;0xe0;17627;7;1969;121;4539;17
UF;7982147;89776;0xdeca;0xb101;0xffff;0xe0;16903;7;2015;125;6117;17
UF;7982247;89777;0xdeca;0xb101;0xffff;0xe0;17526;7;2056;124;4039;17
UF;7982347;89778;0xdeca;0xb101;0xffff;0xe0;15619;7;1716;120;5010;17
UF;7982447;89779;0xdeca;0xb101;0xffff;0xe0;16057;7;1677;117;6534;17
UF;7982547;89780;0xdeca;0xb101;0xffff;0xe0;17084;7;1877;120;3574;17
listener debug sel=A valid=1 age=3749040 level=7 good=89780 accepted=23857 badhdr=0 nonanchor=65923 toolong=0 rxerr=94 rxen_fail=0 rxen_last=0 sys_status=0x00800002 sys_state=000505430b rx_finfo=0x0786c811 last_status=0x00801302 last_len=17 pan=0xdeca dst=0xffff src=0xb101 code=0xe0
UF;7982647;89781;0xdeca;0xb101;0xffff;0xe0;17551;7;2059;124;7399;17
UF;7982747;89782;0xdeca;0xb101;0xffff;0xe0;17439;7;2013;123;6743;17
UF;7982847;89783;0xdeca;0xb101;0xffff;0xe0;17391;7;1879;119;3616;17
UF;7982947;89784;0xdeca;0xb101;0xffff;0xe0;16025;7;1880;124;6892;17
UF;7983047;89785;0xdeca;0xb101;0xffff;0xe0;17932;7;1905;118;4105;17
UF;7983147;89786;0xdeca;0xb101;0xffff;0xe0;16688;7;1803;119;5907;17
UF;7983247;89787;0xdeca;0xb101;0xffff;0xe0;16009;7;1672;117;3353;17
UF;7983348;89788;0xdeca;0xb101;0xffff;0xe0;17110;7;1943;122;6583;17
UF;7983448;89789;0xdeca;0xb101;0xffff;0xe0;18030;7;1948;119;3952;17
UF;7983548;89790;0xdeca;0xb101;0xffff;0xe0;15837;7;1740;120;4594;17
listener debug sel=A valid=1 age=3750040 level=7 good=89790 accepted=23857 badhdr=0 nonanchor=65933 toolong=0 rxerr=94 rxen_fail=0 rxen_last=0 sys_status=0x00800002 sys_state=000505450b rx_finfo=0x0786c811 last_status=0x00801302 last_len=17 pan=0xdeca dst=0xffff src=0xb101 code=0xe0
UF;7983647;89791;0xdeca;0xb101;0xffff;0xe0;17269;7;1961;122;4444;17
UF;7983747;89792;0xdeca;0xb101;0xffff;0xe0;17019;7;1808;118;4602;17
UF;7983847;89793;0xdeca;0xb101;0xffff;0xe0;16234;7;1754;119;5593;17
UF;7983947;89794;0xdeca;0xb101;0xffff;0xe0;16520;7;1815;120;6959;17
UF;7984048;89795;0xdeca;0xb101;0xffff;0xe0;16925;7;1922;122;7208;17
UF;7984148;89796;0xdeca;0xb101;0xffff;0xe0;16599;7;1885;122;5351;17
UF;7984248;89797;0xdeca;0xb101;0xffff;0xe0;17207;7;1828;118;3419;17
UF;7984348;89798;0xdeca;0xb101;0xffff;0xe0;16247;7;1845;122;4082;17
UF;7984448;89799;0xdeca;0xb101;0xffff;0xe0;15650;7;1836;124;5190;17
uwb any-frame t=7984548 good=89800 len=17 fctrl=8841 pan=0xdeca dst=0xffff src=0xb101 code=0xe0 q=16906 level=7 cir=1796 rxpacc=118 fp=3777/6925/6851
UF;7984548;89800;0xdeca;0xb101;0xffff;0xe0;16906;7;1796;118;3777;17
listener debug sel=A valid=1 age=3751043 level=7 good=89800 accepted=23857 badhdr=0 nonanchor=65943 toolong=0 rxerr=94 rxen_fail=0 rxen_last=0 sys_status=0x00800002 sys_state=000505400b rx_finfo=0x0766c811 last_status=0x00801302 last_len=17 pan=0xdeca dst=0xffff src=0xb101 code=0xe0
UF;7984645;89801;0xdeca;0xb101;0xffff;0xe0;16978;7;2024;125;5211;17
UF;7984657;89802;0xdeca;0xa107;0xb101;0xe1;16943;7;1924;122;6154;20
UL;7984657;23858;H;7;0xa107;0xb101;0xe1;16943;7;1924;122;6154;20
UF;7984748;89803;0xdeca;0xb101;0xffff;0xe0;16511;7;1814;120;3891;17
UF;7984848;89804;0xdeca;0xb101;0xffff;0xe0;17161;7;1917;121;3970;17
UF;7984948;89805;0xdeca;0xb101;0xffff;0xe0;16055;7;1914;125;6056;17
UF;7985048;89806;0xdeca;0xb101;0xffff;0xe0;16356;7;1888;123;3663;17
UF;7985148;89807;0xdeca;0xb101;0xffff;0xe0;17589;7;1837;117;4334;17
UF;7985248;89808;0xdeca;0xb101;0xffff;0xe0;17809;7;1860;117;6773;17
UF;7985349;89809;0xdeca;0xb101;0xffff;0xe0;15659;7;1837;124;3385;17
UF;7985449;89810;0xdeca;0xb101;0xffff;0xe0;16156;7;1775;120;3868;17
UF;7985549;89811;0xdeca;0xb101;0xffff;0xe0;16005;7;1908;125;4702;17
listener debug sel=A valid=1 age=3752046 level=7 good=89811 accepted=23858 badhdr=0 nonanchor=65953 toolong=0 rxerr=94 rxen_fail=0 rxen_last=0 sys_status=0x00800002 sys_state=000505430b rx_finfo=0x07d6c811 last_status=0x00801302 last_len=17 pan=0xdeca dst=0xffff src=0xb101 code=0xe0
UF;7985648;89812;0xdeca;0xb101;0xffff;0xe0;17292;7;1837;118;6576;17
UF;7985748;89813;0xdeca;0xb101;0xffff;0xe0;17475;7;1888;119;6707;17
UF;7985848;89814;0xdeca;0xb101;0xffff;0xe0;17262;7;2025;124;3491;17
UF;7985948;89815;0xdeca;0xb101;0xffff;0xe0;16123;7;1742;119;4327;17
UF;7986049;89816;0xdeca;0xb101;0xffff;0xe0;16538;7;1817;120;3566;17
UF;7986149;89817;0xdeca;0xb101;0xffff;0xe0;17114;7;1849;119;3458;17
UF;7986249;89818;0xdeca;0xb101;0xffff;0xe0;17021;7;1870;120;5526;17
UF;7986349;89819;0xdeca;0xb101;0xffff;0xe0;17489;7;1986;122;4615;17
UF;7986449;89820;0xdeca;0xb101;0xffff;0xe0;17933;7;1873;117;3989;17
UF;7986549;89821;0xdeca;0xb101;0xffff;0xe0;17266;7;1897;120;4440;17
listener debug sel=A valid=1 age=3753046 level=7 good=89821 accepted=23858 badhdr=0 nonanchor=65963 toolong=0 rxerr=94 rxen_fail=0 rxen_last=0 sys_status=0x00800002 sys_state=000505450b rx_finfo=0x0786c811 last_status=0x00801302 last_len=17 pan=0xdeca dst=0xffff src=0xb101 code=0xe0
UF;7986648;89822;0xdeca;0xb101;0xffff;0xe0;16846;7;1913;122;3392;17
UF;7986748;89823;0xdeca;0xb101;0xffff;0xe0;17260;7;1928;121;4350;17
UF;7986848;89824;0xdeca;0xb101;0xffff;0xe0;15473;7;1700;120;5553;17
UF;7986949;89825;0xdeca;0xb101;0xffff;0xe0;16880;7;1763;117;6315;17
UF;7987049;89826;0xdeca;0xb101;0xffff;0xe0;16986;7;1774;117;6747;17
UF;7987149;89827;0xdeca;0xb101;0xffff;0xe0;16183;7;1778;120;5283;17
UF;7987249;89828;0xdeca;0xb101;0xffff;0xe0;17154;7;1948;122;3715;17
UF;7987349;89829;0xdeca;0xb101;0xffff;0xe0;15948;7;1811;122;4033;17
UF;7987449;89830;0xdeca;0xb101;0xffff;0xe0;15655;7;1635;117;6887;17
UF;7987549;89831;0xdeca;0xb101;0xffff;0xe0;17363;7;1876;119;3716;17
listener debug sel=A valid=1 age=3754047 level=7 good=89831 accepted=23858 badhdr=0 nonanchor=65973 toolong=0 rxerr=94 rxen_fail=0 rxen_last=0 sys_status=0x00800002 sys_state=000505470b rx_finfo=0x0776c811 last_status=0x00801302 last_len=17 pan=0xdeca dst=0xffff src=0xb101 code=0xe0
UF;7987648;89832;0xdeca;0xb101;0xffff;0xe0;16270;7;1878;123;2988;17
UF;7987748;89833;0xdeca;0xb101;0xffff;0xe0;15965;7;1696;118;3147;17
UF;7987848;89834;0xdeca;0xb101;0xffff;0xe0;16555;7;1729;117;3553;17
UF;7987949;89835;0xdeca;0xb101;0xffff;0xe0;16502;7;1874;122;4023;17
UF;7988049;89836;0xdeca;0xb101;0xffff;0xe0;15507;7;1761;122;6691;17
UF;7988149;89837;0xdeca;0xb101;0xffff;0xe0;17101;7;1942;122;4411;17
UF;7988249;89838;0xdeca;0xb101;0xffff;0xe0;17162;7;1981;123;3715;17
UF;7988349;89839;0xdeca;0xb101;0xffff;0xe0;15689;7;1811;123;6693;17
UF;7988449;89840;0xdeca;0xb101;0xffff;0xe0;17800;7;2122;125;3962;17
UF;7988549;89841;0xdeca;0xb101;0xffff;0xe0;17114;7;1849;119;4339;17
listener debug sel=A valid=1 age=3755047 level=7 good=89841 accepted=23858 badhdr=0 nonanchor=65983 toolong=0 rxerr=94 rxen_fail=0 rxen_last=0 sys_status=0x00800002 sys_state=000505430b rx_finfo=0x0776c811 last_status=0x00801302 last_len=17 pan=0xdeca dst=0xffff src=0xb101 code=0xe0
UF;7988648;89842;0xdeca;0xb101;0xffff;0xe0;16972;7;1991;124;3476;17
UF;7988748;89843;0xdeca;0xb101;0xffff;0xe0;18088;7;2054;122;3745;17
UF;7988848;89844;0xdeca;0xb101;0xffff;0xe0;17392;7;1975;122;3574;17
UF;7988948;89845;0xdeca;0xb101;0xffff;0xe0;16143;7;1686;117;3174;17
UF;7989049;89846;0xdeca;0xb101;0xffff;0xe0;16392;7;1923;124;6777;17
UF;7989149;89847;0xdeca;0xb101;0xffff;0xe0;16051;7;1883;124;3359;17
UF;7989249;89848;0xdeca;0xb101;0xffff;0xe0;16264;7;1908;124;5513;17
UF;7989349;89849;0xdeca;0xb101;0xffff;0xe0;17043;7;1780;117;3853;17
uwb any-frame t=7989449 good=89850 len=17 fctrl=8841 pan=0xdeca dst=0xffff src=0xb101 code=0xe0 q=15628 level=7 cir=1717 rxpacc=120 fp=4583/7134/5780
UF;7989449;89850;0xdeca;0xb101;0xffff;0xe0;15628;7;1717;120;4583;17
UF;7989547;89851;0xdeca;0xb101;0xffff;0xe0;17130;7;1882;120;3577;17
listener debug sel=A valid=1 age=3756049 level=7 good=89851 accepted=23858 badhdr=0 nonanchor=65993 toolong=0 rxerr=94 rxen_fail=0 rxen_last=0 sys_status=0x00800002 sys_state=000505440b rx_finfo=0x0786c811 last_status=0x00801302 last_len=17 pan=0xdeca dst=0xffff src=0xb101 code=0xe0
UF;7989646;89852;0xdeca;0xb101;0xffff;0xe0;16657;7;1830;120;6863;17
UF;7989746;89853;0xdeca;0xb101;0xffff;0xe0;17518;7;1861;118;3911;17
UF;7989846;89854;0xdeca;0xb101;0xffff;0xe0;16647;7;1829;120;4741;17
UF;7989946;89855;0xdeca;0xb101;0xffff;0xe0;15416;7;1722;121;5544;17
UF;7990046;89856;0xdeca;0xb101;0xffff;0xe0;15975;7;1726;119;6277;17
UF;7990146;89857;0xdeca;0xb101;0xffff;0xe0;18403;7;1955;118;5167;17
UF;7990246;89858;0xdeca;0xb101;0xffff;0xe0;16612;7;1735;117;2948;17
listener debug sel=A valid=1 age=3757053 level=7 good=89858 accepted=23858 badhdr=0 nonanchor=66000 toolong=0 rxerr=94 rxen_fail=0 rxen_last=0 sys_status=0x00800002 sys_state=000505440b rx_finfo=0x0756c811 last_status=0x00801302 last_len=17 pan=0xdeca dst=0xffff src=0xb101 code=0xe0
listener debug sel=A valid=1 age=3758053 level=7 good=89858 accepted=23858 badhdr=0 nonanchor=66000 toolong=0 rxerr=94 rxen_fail=0 rxen_last=0 sys_status=0x00800002 sys_state=000505440b rx_finfo=0x0756c811 last_status=0x00801302 last_len=17 pan=0xdeca dst=0xffff src=0xb101 code=0xe0
listener debug sel=A valid=1 age=3759053 level=7 good=89858 accepted=23858 badhdr=0 nonanchor=66000 toolong=0 rxerr=94 rxen_fail=0 rxen_last=0 sys_status=0x00800002 sys_state=000505420b rx_finfo=0x0756c811 last_status=0x00801302 last_len=17 pan=0xdeca dst=0xffff src=0xb101 code=0xe0
UF;7993387;89859;0xdeca;0xb101;0xffff;0xe0;16810;7;1972;124;6659;17
listener debug sel=A valid=1 age=3760055 level=7 good=89859 accepted=23858 badhdr=0 nonanchor=66001 toolong=0 rxerr=94 rxen_fail=0 rxen_last=0 sys_status=0x00800002 sys_state=000505400b rx_finfo=0x07c6c811 last_status=0x00801302 last_len=17 pan=0xdeca dst=0xffff src=0xb101 code=0xe0
listener debug sel=A valid=1 age=3761060 level=7 good=89859 accepted=23858 badhdr=0 nonanchor=66001 toolong=0 rxerr=94 rxen_fail=0 rxen_last=0 sys_status=0x00800002 sys_state=000505480b rx_finfo=0x07c6c811 last_status=0x00801302 last_len=17 pan=0xdeca dst=0xffff src=0xb101 code=0xe0
listener debug sel=A valid=1 age=3762064 level=7 good=89859 accepted=23858 badhdr=0 nonanchor=66001 toolong=0 rxerr=94 rxen_fail=0 rxen_last=0 sys_status=0x00800002 sys_state=000505440b rx_finfo=0x07c6c811 last_status=0x00801302 last_len=17 pan=0xdeca dst=0xffff src=0xb101 code=0xe0
listener debug sel=A valid=1 age=3763064 level=7 good=89859 accepted=23858 badhdr=0 nonanchor=66001 toolong=0 rxerr=94 rxen_fail=0 rxen_last=0 sys_status=0x00800002 sys_state=000505470b rx_finfo=0x07c6c811 last_status=0x00801302 last_len=17 pan=0xdeca dst=0xffff src=0xb101 code=0xe0
listener debug sel=A valid=1 age=3764064 level=7 good=89859 accepted=23858 badhdr=0 nonanchor=66001 toolong=0 rxerr=94 rxen_fail=0 rxen_last=0 sys_status=0x00800002 sys_state=000505470b rx_finfo=0x07c6c811 last_status=0x00801302 last_len=17 pan=0xdeca dst=0xffff src=0xb101 code=0xe0
listener debug sel=A valid=1 age=3765064 level=7 good=89859 accepted=23858 badhdr=0 nonanchor=66001 toolong=0 rxerr=94 rxen_fail=0 rxen_last=0 sys_status=0x00800002 sys_state=000505480b rx_finfo=0x07c6c811 last_status=0x00801302 last_len=17 pan=0xdeca dst=0xffff src=0xb101 code=0xe0
listener debug sel=A valid=1 age=3766064 level=7 good=89859 accepted=23858 badhdr=0 nonanchor=66001 toolong=0 rxerr=94 rxen_fail=0 rxen_last=0 sys_status=0x00800002 sys_state=000505430b rx_finfo=0x07c6c811 last_status=0x00801302 last_len=17 pan=0xdeca dst=0xffff src=0xb101 code=0xe0
listener debug sel=A valid=1 age=3767064 level=7 good=89859 accepted=23858 badhdr=0 nonanchor=66001 toolong=0 rxerr=94 rxen_fail=0 rxen_last=0 sys_status=0x00800002 sys_state=000505450b rx_finfo=0x07c6c811 last_status=0x00801302 last_len=17 pan=0xdeca dst=0xffff src=0xb101 code=0xe0
listener debug sel=A valid=1 age=3768064 level=7 good=89859 accepted=23858 badhdr=0 nonanchor=66001 toolong=0 rxerr=94 rxen_fail=0 rxen_last=0 sys_status=0x00800002 sys_state=000505440b rx_finfo=0x07c6c811 last_status=0x00801302 last_len=17 pan=0xdeca dst=0xffff src=0xb101 code=0xe0
listener debug sel=A valid=1 age=3769069 level=7 good=89859 accepted=23858 badhdr=0 nonanchor=66001 toolong=0 rxerr=94 rxen_fail=0 rxen_last=0 sys_status=0x00800002 sys_state=000505460b rx_finfo=0x07c6c811 last_status=0x00801302 last_len=17 pan=0xdeca dst=0xffff src=0xb101 code=0xe0
listener debug sel=A valid=1 age=3770074 level=7 good=89859 accepted=23858 badhdr=0 nonanchor=66001 toolong=0 rxerr=94 rxen_fail=0 rxen_last=0 sys_status=0x00800002 sys_state=000505440b rx_finfo=0x07c6c811 last_status=0x00801302 last_len=17 pan=0xdeca dst=0xffff src=0xb101 code=0xe0
listener debug sel=A valid=1 age=3771074 level=7 good=89859 accepted=23858 badhdr=0 nonanchor=66001 toolong=0 rxerr=94 rxen_fail=0 rxen_last=0 sys_status=0x00800002 sys_state=000505430b rx_finfo=0x07c6c811 last_status=0x00801302 last_len=17 pan=0xdeca dst=0xffff src=0xb101 code=0xe0
listener debug sel=A valid=1 age=3772078 level=7 good=89859 accepted=23858 badhdr=0 nonanchor=66001 toolong=0 rxerr=94 rxen_fail=0 rxen_last=0 sys_status=0x00800002 sys_state=000505480b rx_finfo=0x07c6c811 last_status=0x00801302 last_len=17 pan=0xdeca dst=0xffff src=0xb101 code=0xe0
listener debug sel=A valid=1 age=3773079 level=7 good=89859 accepted=23858 badhdr=0 nonanchor=66001 toolong=0 rxerr=94 rxen_fail=0 rxen_last=0 sys_status=0x00800002 sys_state=000505410b rx_finfo=0x07c6c811 last_status=0x00801302 last_len=17 pan=0xdeca dst=0xffff src=0xb101 code=0xe0
listener debug sel=A valid=1 age=3774084 level=7 good=89859 accepted=23858 badhdr=0 nonanchor=66001 toolong=0 rxerr=94 rxen_fail=0 rxen_last=0 sys_status=0x00800002 sys_state=000505480b rx_finfo=0x07c6c811 last_status=0x00801302 last_len=17 pan=0xdeca dst=0xffff src=0xb101 code=0xe0
listener debug sel=A valid=1 age=3775088 level=7 good=89859 accepted=23858 badhdr=0 nonanchor=66001 toolong=0 rxerr=94 rxen_fail=0 rxen_last=0 sys_status=0x00800002 sys_state=000505460b rx_finfo=0x07c6c811 last_status=0x00801302 last_len=17 pan=0xdeca dst=0xffff src=0xb101 code=0xe0
listener debug sel=A valid=1 age=3776088 level=7 good=89859 accepted=23858 badhdr=0 nonanchor=66001 toolong=0 rxerr=94 rxen_fail=0 rxen_last=0 sys_status=0x00800002 sys_state=000505460b rx_finfo=0x07c6c811 last_status=0x00801302 last_len=17 pan=0xdeca dst=0xffff src=0xb101 code=0xe0
listener debug sel=A valid=1 age=3777088 level=7 good=89859 accepted=23858 badhdr=0 nonanchor=66001 toolong=0 rxerr=94 rxen_fail=0 rxen_last=0 sys_status=0x00800002 sys_state=000505410b rx_finfo=0x07c6c811 last_status=0x00801302 last_len=17 pan=0xdeca dst=0xffff src=0xb101 code=0xe0
UF;8011401;89860;0xdeca;0xb101;0xffff;0xe0;16450;7;1868;122;3530;17
UF;8011502;89861;0xdeca;0xb101;0xffff;0xe0;16902;7;1888;121;4131;17
UF;8011602;89862;0xdeca;0xb101;0xffff;0xe0;17075;7;1939;122;3330;17
listener debug sel=A valid=1 age=3778089 level=7 good=89862 accepted=23858 badhdr=0 nonanchor=66004 toolong=0 rxerr=94 rxen_fail=0 rxen_last=0 sys_status=0x00800002 sys_state=000505460b rx_finfo=0x07a6c811 last_status=0x00801302 last_len=17 pan=0xdeca dst=0xffff src=0xb101 code=0xe0
UF;8011701;89863;0xdeca;0xb101;0xffff;0xe0;16364;7;1828;121;7122;17
UF;8011713;89864;0xdeca;0xa107;0xb101;0xe1;16508;7;1844;121;5487;20
UL;8011713;23859;H;7;0xa107;0xb101;0xe1;16508;7;1844;121;5487;20
UF;8011804;89865;0xdeca;0xb101;0xffff;0xe0;16216;7;1752;119;6558;17
UF;8011904;89866;0xdeca;0xb101;0xffff;0xe0;15776;7;1676;118;4888;17
UF;8012004;89867;0xdeca;0xb101;0xffff;0xe0;17717;7;2045;123;6541;17
UF;8012104;89868;0xdeca;0xb101;0xffff;0xe0;17100;7;2006;124;4111;17
UF;8012204;89869;0xdeca;0xb101;0xffff;0xe0;17276;7;1898;120;6968;17
UF;8012304;89870;0xdeca;0xb101;0xffff;0xe0;15932;7;1839;123;6901;17
UF;8012404;89871;0xdeca;0xb101;0xffff;0xe0;16142;7;1744;119;3525;17
UF;8012504;89872;0xdeca;0xb101;0xffff;0xe0;16183;7;1868;123;3551;17
UF;8012604;89873;0xdeca;0xb101;0xffff;0xe0;16374;7;1799;120;3519;17
listener debug sel=A valid=1 age=3779092 level=7 good=89873 accepted=23859 badhdr=0 nonanchor=66014 toolong=0 rxerr=94 rxen_fail=0 rxen_last=0 sys_status=0x00800002 sys_state=000505410b rx_finfo=0x0786c811 last_status=0x00801302 last_len=17 pan=0xdeca dst=0xffff src=0xb101 code=0xe0
UF;8012704;89874;0xdeca;0xb101;0xffff;0xe0;16684;7;1989;125;5250;17
UF;8012804;89875;0xdeca;0xb101;0xffff;0xe0;17603;7;1870;118;3959;17
UF;8012904;89876;0xdeca;0xb101;0xffff;0xe0;16556;7;1911;123;3740;17
UF;8013004;89877;0xdeca;0xb101;0xffff;0xe0;17083;7;2004;124;6748;17
UF;8013104;89878;0xdeca;0xb101;0xffff;0xe0;17475;7;2050;124;3658;17
UF;8013204;89879;0xdeca;0xb101;0xffff;0xe0;17348;7;1906;120;3877;17
UF;8013304;89880;0xdeca;0xb101;0xffff;0xe0;17668;7;1877;118;4733;17
UF;8013404;89881;0xdeca;0xb101;0xffff;0xe0;16520;7;1755;118;6251;17
UF;8013504;89882;0xdeca;0xb101;0xffff;0xe0;17119;7;1976;123;5879;17
UF;8013604;89883;0xdeca;0xb101;0xffff;0xe0;16388;7;1741;118;5645;17
listener debug sel=A valid=1 age=3780092 level=7 good=89883 accepted=23859 badhdr=0 nonanchor=66024 toolong=0 rxerr=94 rxen_fail=0 rxen_last=0 sys_status=0x00800002 sys_state=000505420b rx_finfo=0x0766c811 last_status=0x00801302 last_len=17 pan=0xdeca dst=0xffff src=0xb101 code=0xe0
UF;8013704;89884;0xdeca;0xb101;0xffff;0xe0;15929;7;1899;125;3507;17
UF;8013804;89885;0xdeca;0xb101;0xffff;0xe0;15965;7;1813;122;3124;17
UF;8013904;89886;0xdeca;0xb101;0xffff;0xe0;15966;7;1873;124;4619;17
UF;8014004;89887;0xdeca;0xb101;0xffff;0xe0;17743;7;1982;121;3663;17
UF;8014104;89888;0xdeca;0xb101;0xffff;0xe0;17242;7;1926;121;6086;17
UF;8014204;89889;0xdeca;0xb101;0xffff;0xe0;16096;7;1710;118;6583;17
UF;8014304;89890;0xdeca;0xb101;0xffff;0xe0;15895;7;1805;122;4016;17
UF;8014404;89891;0xdeca;0xb101;0xffff;0xe0;16876;7;1948;123;3644;17
UF;8014504;89892;0xdeca;0xb101;0xffff;0xe0;16577;7;1791;119;6866;17
UF;8014604;89893;0xdeca;0xb101;0xffff;0xe0;16625;7;1919;123;5568;17
listener debug sel=A valid=1 age=3781092 level=7 good=89893 accepted=23859 badhdr=0 nonanchor=66034 toolong=0 rxerr=94 rxen_fail=0 rxen_last=0 sys_status=0x00800002 sys_state=000505450b rx_finfo=0x07b6c811 last_status=0x00801302 last_len=17 pan=0xdeca dst=0xffff src=0xb101 code=0xe0
UF;8014704;89894;0xdeca;0xb101;0xffff;0xe0;17203;7;1890;120;6404;17
UF;8014804;89895;0xdeca;0xb101;0xffff;0xe0;16477;7;1933;124;3515;17
UF;8014904;89896;0xdeca;0xb101;0xffff;0xe0;16693;7;1990;125;7212;17
UF;8015004;89897;0xdeca;0xb101;0xffff;0xe0;17431;7;2012;123;4454;17
UF;8015104;89898;0xdeca;0xb101;0xffff;0xe0;16953;7;1801;118;3615;17
UF;8015204;89899;0xdeca;0xb101;0xffff;0xe0;15712;7;1641;117;6061;17
uwb any-frame t=8015304 good=89900 len=17 fctrl=8841 pan=0xdeca dst=0xffff src=0xb101 code=0xe0 q=17960 level=7 cir=1908 rxpacc=118 fp=4125/7010/6643
UF;8015304;89900;0xdeca;0xb101;0xffff;0xe0;17960;7;1908;118;4125;17
UF;8015402;89901;0xdeca;0xb101;0xffff;0xe0;15855;7;1713;119;6270;17
UF;8015502;89902;0xdeca;0xb101;0xffff;0xe0;16939;7;1861;120;3547;17
UF;8015602;89903;0xdeca;0xb101;0xffff;0xe0;17000;7;1899;121;5987;17
listener debug sel=A valid=1 age=3782095 level=7 good=89903 accepted=23859 badhdr=0 nonanchor=66044 toolong=0 rxerr=94 rxen_fail=0 rxen_last=0 sys_status=0x00800002 sys_state=000505410b rx_finfo=0x0796c811 last_status=0x00801302 last_len=17 pan=0xdeca dst=0xffff src=0xb101 code=0xe0
UF;8015702;89904;0xdeca;0xb101;0xffff;0xe0;16511;7;1937;124;7102;17
UF;8015802;89905;0xdeca;0xb101;0xffff;0xe0;16810;7;1972;124;3991;17
UF;8015902;89906;0xdeca;0xb101;0xffff;0xe0;16499;7;1843;121;4026;17
UF;8016002;89907;0xdeca;0xb101;0xffff;0xe0;17166;7;1886;120;4272;17
UF;8016102;89908;0xdeca;0xb101;0xffff;0xe0;17057;7;1812;118;5421;17
UF;8016202;89909;0xdeca;0xb101;0xffff;0xe0;16141;7;1833;122;6620;17
UF;8016302;89910;0xdeca;0xb101;0xffff;0xe0;17139;7;1883;120;4045;17
UF;8016402;89911;0xdeca;0xb101;0xffff;0xe0;18092;7;2021;121;3903;17
UF;8016502;89912;0xdeca;0xb101;0xffff;0xe0;16347;7;1826;121;7212;17
UF;8016602;89913;0xdeca;0xb101;0xffff;0xe0;18191;7;2134;124;4331;17
listener debug sel=A valid=1 age=3783095 level=7 good=89913 accepted=23859 badhdr=0 nonanchor=66054 toolong=0 rxerr=94 rxen_fail=0 rxen_last=0 sys_status=0x00800002 sys_state=000505410b rx_finfo=0x07c6c811 last_status=0x00801302 last_len=17 pan=0xdeca dst=0xffff src=0xb101 code=0xe0
UF;8016702;89914;0xdeca;0xb101;0xffff;0xe0;17457;7;2015;123;5660;17
UF;8016802;89915;0xdeca;0xb101;0xffff;0xe0;16911;7;1952;123;7017;17
UF;8016902;89916;0xdeca;0xb101;0xffff;0xe0;15975;7;1844;123;3352;17
UF;8017002;89917;0xdeca;0xb101;0xffff;0xe0;16512;7;1784;119;3462;17
UF;8017102;89918;0xdeca;0xb101;0xffff;0xe0;17075;7;1814;118;3567;17
UF;8017202;89919;0xdeca;0xb101;0xffff;0xe0;17739;7;2081;124;4969;17
UF;8017302;89920;0xdeca;0xb101;0xffff;0xe0;15755;7;1731;120;3484;17
UF;8017403;89921;0xdeca;0xb101;0xffff;0xe0;17650;7;1875;118;4284;17
UF;8017503;89922;0xdeca;0xb101;0xffff;0xe0;16407;7;1743;118;3934;17
UF;8017603;89923;0xdeca;0xb101;0xffff;0xe0;16382;7;1770;119;3435;17
listener debug sel=A valid=1 age=3784095 level=7 good=89923 accepted=23859 badhdr=0 nonanchor=66064 toolong=0 rxerr=94 rxen_fail=0 rxen_last=0 sys_status=0x00800002 sys_state=000505470b rx_finfo=0x0776c811 last_status=0x00801302 last_len=17 pan=0xdeca dst=0xffff src=0xb101 code=0xe0
UF;8017702;89924;0xdeca;0xb101;0xffff;0xe0;16552;7;1849;121;6542;17
UF;8017802;89925;0xdeca;0xb101;0xffff;0xe0;15663;7;1808;123;4619;17
UF;8017902;89926;0xdeca;0xb101;0xffff;0xe0;17093;7;1973;123;7408;17
UF;8018002;89927;0xdeca;0xb101;0xffff;0xe0;17197;7;1858;119;3574;17
UF;8018102;89928;0xdeca;0xb101;0xffff;0xe0;16027;7;1850;123;5669;17
UF;8018203;89929;0xdeca;0xb101;0xffff;0xe0;16401;7;1772;119;4357;17
UF;8018303;89930;0xdeca;0xb101;0xffff;0xe0;16490;7;1842;121;4093;17
UF;8018403;89931;0xdeca;0xb101;0xffff;0xe0;16579;7;1852;121;3637;17
UF;8018503;89932;0xdeca;0xb101;0xffff;0xe0;18177;7;1997;120;4922;17
UF;8018603;89933;0xdeca;0xb101;0xffff;0xe0;16677;7;1925;123;7077;17
listener debug sel=A valid=1 age=3785095 level=7 good=89933 accepted=23859 badhdr=0 nonanchor=66074 toolong=0 rxerr=94 rxen_fail=0 rxen_last=0 sys_status=0x00800002 sys_state=000505430b rx_finfo=0x07b6c811 last_status=0x00801302 last_len=17 pan=0xdeca dst=0xffff src=0xb101 code=0xe0
UF;8018702;89934;0xdeca;0xb101;0xffff;0xe0;16408;7;1956;125;6813;17
UF;8018802;89935;0xdeca;0xb101;0xffff;0xe0;15719;7;1844;124;7136;17
UF;8018902;89936;0xdeca;0xb101;0xffff;0xe0;15829;7;1857;124;3627;17
UF;8019002;89937;0xdeca;0xb101;0xffff;0xe0;17048;7;1873;120;4129;17
UF;8019102;89938;0xdeca;0xb101;0xffff;0xe0;17367;7;1908;120;4202;17
UF;8019203;89939;0xdeca;0xb101;0xffff;0xe0;17141;7;1821;118;4107;17
UF;8019303;89940;0xdeca;0xb101;0xffff;0xe0;16497;7;1723;117;3357;17
UF;8019403;89941;0xdeca;0xb101;0xffff;0xe0;15485;7;1645;118;4457;17
UF;8019503;89942;0xdeca;0xb101;0xffff;0xe0;16216;7;1752;119;3265;17
UF;8019603;89943;0xdeca;0xb101;0xffff;0xe0;16407;7;1743;118;6283;17
listener debug sel=A valid=1 age=3786095 level=7 good=89943 accepted=23859 badhdr=0 nonanchor=66084 toolong=0 rxerr=94 rxen_fail=0 rxen_last=0 sys_status=0x00800002 sys_state=000505480b rx_finfo=0x0766c811 last_status=0x00801302 last_len=17 pan=0xdeca dst=0xffff src=0xb101 code=0xe0
UF;8019702;89944;0xdeca;0xb101;0xffff;0xe0;17009;7;1900;121;4389;17
UF;8019802;89945;0xdeca;0xb101;0xffff;0xe0;16096;7;1710;118;4915;17
UF;8019902;89946;0xdeca;0xb101;0xffff;0xe0;16643;7;1890;122;4208;17
UF;8020002;89947;0xdeca;0xb101;0xffff;0xe0;15811;7;1825;123;3445;17
UF;8020102;89948;0xdeca;0xb101;0xffff;0xe0;16029;7;1761;120;3753;17
UF;8020202;89949;0xdeca;0xb101;0xffff;0xe0;17330;7;1810;117;3670;17
uwb any-frame t=8020302 good=89950 len=17 fctrl=8841 pan=0xdeca dst=0xffff src=0xb101 code=0xe0 q=16776 level=7 cir=1874 rxpacc=121 fp=6329/7282/4735
UF;8020302;89950;0xdeca;0xb101;0xffff;0xe0;16776;7;1874;121;6329;17
UF;8020400;89951;0xdeca;0xb101;0xffff;0xe0;16460;7;1900;123;6654;17
UF;8020413;89952;0xdeca;0xa107;0xb101;0xe1;16325;7;1705;117;5287;20
UL;8020413;23860;H;7;0xa107;0xb101;0xe1;16325;7;1705;117;5287;20
UF;8020503;89953;0xdeca;0xb101;0xffff;0xe0;16689;7;1773;118;4959;17
UF;8020603;89954;0xdeca;0xb101;0xffff;0xe0;17560;7;2060;124;7296;17
listener debug sel=A valid=1 age=3787096 level=7 good=89954 accepted=23860 badhdr=0 nonanchor=66094 toolong=0 rxerr=94 rxen_fail=0 rxen_last=0 sys_status=0x00800002 sys_state=000505480b rx_finfo=0x07c6c811 last_status=0x00801302 last_len=17 pan=0xdeca dst=0xffff src=0xb101 code=0xe0
UF;8020702;89955;0xdeca;0xb101;0xffff;0xe0;16477;7;1933;124;6266;17
UF;8020802;89956;0xdeca;0xb101;0xffff;0xe0;16187;7;1899;124;6291;17
UF;8020903;89957;0xdeca;0xb101;0xffff;0xe0;17269;7;1961;122;3911;17
UF;8021003;89958;0xdeca;0xb101;0xffff;0xe0;16334;7;1706;117;7009;17
UF;8021103;89959;0xdeca;0xb101;0xffff;0xe0;16845;7;1820;119;3546;17
UF;8021203;89960;0xdeca;0xb101;0xffff;0xe0;16174;7;1777;120;3702;17
UF;8021303;89961;0xdeca;0xb101;0xffff;0xe0;15628;7;1717;120;4698;17
UF;8021403;89962;0xdeca;0xb101;0xffff;0xe0;16087;7;1797;121;5259;17
UF;8021503;89963;0xdeca;0xb101;0xffff;0xe0;17158;7;1792;117;3861;17
UF;8021603;89964;0xdeca;0xb101;0xffff;0xe0;18131;7;1992;120;4132;17
listener debug sel=A valid=1 age=3788101 level=7 good=89964 accepted=23860 badhdr=0 nonanchor=66104 toolong=0 rxerr=94 rxen_fail=0 rxen_last=0 sys_status=0x00800002 sys_state=000505400b rx_finfo=0x0786c811 last_status=0x00801302 last_len=17 pan=0xdeca dst=0xffff src=0xb101 code=0xe0
UF;8021702;89965;0xdeca;0xb101;0xffff;0xe0;17234;7;1862;119;4462;17
UF;8021802;89966;0xdeca;0xb101;0xffff;0xe0;15983;7;1815;122;3704;17
UF;8021903;89967;0xdeca;0xb101;0xffff;0xe0;17621;7;2034;123;6290;17
UF;8022003;89968;0xdeca;0xb101;0xffff;0xe0;16401;7;1772;119;3752;17
UF;8022103;89969;0xdeca;0xb101;0xffff;0xe0;17040;7;1841;119;4858;17
UF;8022203;89970;0xdeca;0xb101;0xffff;0xe0;16375;7;1921;124;3997;17
UF;8022303;89971;0xdeca;0xb101;0xffff;0xe0;16602;7;1824;120;6940;17
UF;8022403;89972;0xdeca;0xb101;0xffff;0xe0;16740;7;1901;122;3852;17
UF;8022503;89973;0xdeca;0xb101;0xffff;0xe0;17286;7;1963;122;6494;17
UF;8022603;89974;0xdeca;0xb101;0xffff;0xe0;17358;7;1844;118;3379;17
listener debug sel=A valid=1 age=3789101 level=7 good=89974 accepted=23860 badhdr=0 nonanchor=66114 toolong=0 rxerr=94 rxen_fail=0 rxen_last=0 sys_status=0x00800002 sys_state=000505480b rx_finfo=0x0766c811 last_status=0x00801302 last_len=17 pan=0xdeca dst=0xffff src=0xb101 code=0xe0
UF;8022702;89975;0xdeca;0xb101;0xffff;0xe0;17725;7;1883;118;3972;17
UF;8022802;89976;0xdeca;0xb101;0xffff;0xe0;15870;7;1686;118;4930;17
UF;8022902;89977;0xdeca;0xb101;0xffff;0xe0;16143;7;1715;118;5257;17
UF;8023003;89978;0xdeca;0xb101;0xffff;0xe0;16915;7;1797;118;4009;17
UF;8023103;89979;0xdeca;0xb101;0xffff;0xe0;16344;7;1856;122;3705;17
UF;8023203;89980;0xdeca;0xb101;0xffff;0xe0;16863;7;1915;122;5302;17
UF;8023303;89981;0xdeca;0xb101;0xffff;0xe0;17196;7;1796;117;3492;17
UF;8023403;89982;0xdeca;0xb101;0xffff;0xe0;17376;7;1909;120;4956;17
UF;8023503;89983;0xdeca;0xb101;0xffff;0xe0;18572;7;1973;118;4504;17
UF;8023603;89984;0xdeca;0xb101;0xffff;0xe0;17809;7;1860;117;3773;17
listener debug sel=A valid=1 age=3790106 level=7 good=89984 accepted=23860 badhdr=0 nonanchor=66124 toolong=0 rxerr=94 rxen_fail=0 rxen_last=0 sys_status=0x00800002 sys_state=000505480b rx_finfo=0x0756c811 last_status=0x00801302 last_len=17 pan=0xdeca dst=0xffff src=0xb101 code=0xe0
UF;8023702;89985;0xdeca;0xb101;0xffff;0xe0;16708;7;1775;118;6591;17
UF;8023802;89986;0xdeca;0xb101;0xffff;0xe0;16875;7;1885;121;3715;17
UF;8023902;89987;0xdeca;0xb101;0xffff;0xe0;16648;7;1953;124;6619;17
UF;8024002;89988;0xdeca;0xb101;0xffff;0xe0;16274;7;1788;120;6371;17
UF;8024103;89989;0xdeca;0xb101;0xffff;0xe0;16002;7;1700;118;3436;17
UF;8024203;89990;0xdeca;0xb101;0xffff;0xe0;17832;7;2025;122;4861;17
UF;8024303;89991;0xdeca;0xb101;0xffff;0xe0;15765;7;1732;120;4466;17
UF;8024403;89992;0xdeca;0xb101;0xffff;0xe0;15555;7;1709;120;4503;17
UF;8024503;89993;0xdeca;0xb101;0xffff;0xe0;15855;7;1713;119;3649;17
UF;8024603;89994;0xdeca;0xb101;0xffff;0xe0;16478;7;1721;117;3770;17
listener debug sel=A valid=1 age=3791106 level=7 good=89994 accepted=23860 badhdr=0 nonanchor=66134 toolong=0 rxerr=94 rxen_fail=0 rxen_last=0 sys_status=0x00800002 sys_state=000505470b rx_finfo=0x0756c811 last_status=0x00801302 last_len=17 pan=0xdeca dst=0xffff src=0xb101 code=0xe0
UF;8024702;89995;0xdeca;0xb101;0xffff;0xe0;16880;7;1763;117;3439;17
UF;8024802;89996;0xdeca;0xb101;0xffff;0xe0;16247;7;1785;120;3348;17
UF;8024902;89997;0xdeca;0xb101;0xffff;0xe0;16183;7;1778;120;3138;17
UF;8025002;89998;0xdeca;0xb101;0xffff;0xe0;17706;7;1913;119;5631;17
UF;8025102;89999;0xdeca;0xb101;0xffff;0xe0;17148;7;1884;120;3595;17
uwb any-frame t=8025203 good=90000 len=17 fctrl=8841 pan=0xdeca dst=0xffff src=0xb101 code=0xe0 q=16656 level=7 cir=1954 rxpacc=124 fp=4008/7734/6797
UF;8025203;90000;0xdeca;0xb101;0xffff;0xe0;16656;7;1954;124;4008;17
UF;8025300;90001;0xdeca;0xb101;0xffff;0xe0;16706;7;1805;119;3730;17
UF;8025313;90002;0xdeca;0xa107;0xb101;0xe1;15975;7;1844;123;6610;20
UL;8025313;23861;H;7;0xa107;0xb101;0xe1;15975;7;1844;123;6610;20
UF;8025403;90003;0xdeca;0xb101;0xffff;0xe0;17217;7;1829;118;3879;17
UF;8025503;90004;0xdeca;0xb101;0xffff;0xe0;17129;7;1789;117;4408;17
UF;8025603;90005;0xdeca;0xb101;0xffff;0xe0;17555;7;1865;118;6944;17
listener debug sel=A valid=1 age=3792106 level=7 good=90005 accepted=23861 badhdr=0 nonanchor=66144 toolong=0 rxerr=94 rxen_fail=0 rxen_last=0 sys_status=0x00800002 sys_state=000505480b rx_finfo=0x0766c811 last_status=0x00801302 last_len=17 pan=0xdeca dst=0xffff src=0xb101 code=0xe0
UF;8025702;90006;0xdeca;0xb101;0xffff;0xe0;16877;7;2012;125;3831;17
UF;8025803;90007;0xdeca;0xb101;0xffff;0xe0;17400;7;1880;119;4979;17
UF;8025903;90008;0xdeca;0xb101;0xffff;0xe0;15899;7;1689;118;3401;17
UF;8026003;90009;0xdeca;0xb101;0xffff;0xe0;16884;7;1855;120;3633;17
UF;8026103;90010;0xdeca;0xb101;0xffff;0xe0;17543;7;2058;124;4017;17
UF;8026203;90011;0xdeca;0xb101;0xffff;0xe0;16482;7;1751;118;6183;17
UF;8026303;90012;0xdeca;0xb101;0xffff;0xe0;17262;7;2025;124;5261;17
UF;8026403;90013;0xdeca;0xb101;0xffff;0xe0;17110;7;1787;117;3470;17
UF;8026503;90014;0xdeca;0xb101;0xffff;0xe0;18278;7;2179;125;4180;17
UF;8026603;90015;0xdeca;0xb101;0xffff;0xe0;16946;7;1988;124;4618;17
listener debug sel=A valid=1 age=3793106 level=7 good=90015 accepted=23861 badhdr=0 nonanchor=66154 toolong=0 rxerr=94 rxen_fail=0 rxen_last=0 sys_status=0x00800002 sys_state=000505400b rx_finfo=0x07c6c811 last_status=0x00801302 last_len=17 pan=0xdeca dst=0xffff src=0xb101 code=0xe0
UF;8026702;90016;0xdeca;0xb101;0xffff;0xe0;16478;7;1721;117;6065;17
UF;8026803;90017;0xdeca;0xb101;0xffff;0xe0;15828;7;1827;123;4660;17
UF;8026903;90018;0xdeca;0xb101;0xffff;0xe0;16520;7;1938;124;3645;17
UF;8027003;90019;0xdeca;0xb101;0xffff;0xe0;18086;7;1987;120;3898;17
UF;8027103;90020;0xdeca;0xb101;0xffff;0xe0;16919;7;1828;119;4958;17
UF;8027203;90021;0xdeca;0xb101;0xffff;0xe0;17322;7;1935;121;3728;17
UF;8027303;90022;0xdeca;0xb101;0xffff;0xe0;17687;7;1879;118;4405;17
UF;8027403;90023;0xdeca;0xb101;0xffff;0xe0;16209;7;1871;123;6824;17
UF;8027503;90024;0xdeca;0xb101;0xffff;0xe0;17385;7;1910;120;4755;17
UF;8027603;90025;0xdeca;0xb101;0xffff;0xe0;16123;7;1801;121;3801;17
listener debug sel=A valid=1 age=3794106 level=7 good=90025 accepted=23861 badhdr=0 nonanchor=66164 toolong=0 rxerr=94 rxen_fail=0 rxen_last=0 sys_status=0x00800002 sys_state=000505430b rx_finfo=0x0796c811 last_status=0x00801302 last_len=17 pan=0xdeca dst=0xffff src=0xb101 code=0xe0
UF;8027702;90026;0xdeca;0xb101;0xffff;0xe0;16114;7;1860;123;3487;17
UF;8027803;90027;0xdeca;0xb101;0xffff;0xe0;16114;7;1800;121;7080;17
UF;8027903;90028;0xdeca;0xb101;0xffff;0xe0;17985;7;2076;123;4430;17
UF;8028003;90029;0xdeca;0xb101;0xffff;0xe0;17951;7;2072;123;7267;17
UF;8028103;90030;0xdeca;0xb101;0xffff;0xe0;17421;7;1914;120;3733;17
UF;8028203;90031;0xdeca;0xb101;0xffff;0xe0;16438;7;1776;119;3395;17
UF;8028303;90032;0xdeca;0xb101;0xffff;0xe0;17249;7;1991;123;3729;17
UF;8028403;90033;0xdeca;0xb101;0xffff;0xe0;16642;7;1798;119;3657;17
UF;8028503;90034;0xdeca;0xb101;0xffff;0xe0;17604;7;2032;123;5600;17
UF;8028603;90035;0xdeca;0xb101;0xffff;0xe0;16024;7;1790;121;3204;17
listener debug sel=A valid=1 age=3795106 level=7 good=90035 accepted=23861 badhdr=0 nonanchor=66174 toolong=0 rxerr=94 rxen_fail=0 rxen_last=0 sys_status=0x00800002 sys_state=000505430b rx_finfo=0x0796c811 last_status=0x00801302 last_len=17 pan=0xdeca dst=0xffff src=0xb101 code=0xe0
UF;8028703;90036;0xdeca;0xb101;0xffff;0xe0;16449;7;1718;117;2940;17
UF;8028803;90037;0xdeca;0xb101;0xffff;0xe0;17933;7;2070;123;4241;17
UF;8028903;90038;0xdeca;0xb101;0xffff;0xe0;17640;7;1938;120;4168;17
UF;8029003;90039;0xdeca;0xb101;0xffff;0xe0;16165;7;1776;120;7122;17
UF;8029103;90040;0xdeca;0xb101;0xffff;0xe0;16661;7;1770;118;4619;17
UF;8029203;90041;0xdeca;0xb101;0xffff;0xe0;16808;7;1816;119;3975;17
UF;8029303;90042;0xdeca;0xb101;0xffff;0xe0;16373;7;1710;117;4884;17
UF;8029403;90043;0xdeca;0xb101;0xffff;0xe0;16120;7;1771;120;3593;17
UF;8029503;90044;0xdeca;0xb101;0xffff;0xe0;16247;7;1906;124;7124;17
UF;8029603;90045;0xdeca;0xb101;0xffff;0xe0;16074;7;1766;120;6542;17
listener debug sel=A valid=1 age=3796106 level=7 good=90045 accepted=23861 badhdr=0 nonanchor=66184 toolong=0 rxerr=94 rxen_fail=0 rxen_last=0 sys_status=0x00800002 sys_state=000505470b rx_finfo=0x0786c811 last_status=0x00801302 last_len=17 pan=0xdeca dst=0xffff src=0xb101 code=0xe0
UF;8029703;90046;0xdeca;0xb101;0xffff;0xe0;15707;7;1813;123;2879;17
UF;8029803;90047;0xdeca;0xb101;0xffff;0xe0;16682;7;1957;124;3820;17
UF;8029903;90048;0xdeca;0xb101;0xffff;0xe0;16793;7;1970;124;3840;17
UF;8030003;90049;0xdeca;0xb101;0xffff;0xe0;17712;7;1946;120;4515;17
uwb any-frame t=8030103 good=90050 len=17 fctrl=8841 pan=0xdeca dst=0xffff src=0xb101 code=0xe0 q=17849 level=7 cir=1961 rxpacc=120 fp=5462/7476/5897
UF;8030103;90050;0xdeca;0xb101;0xffff;0xe0;17849;7;1961;120;5462;17
UF;8030201;90051;0xdeca;0xb101;0xffff;0xe0;16275;7;1818;121;5237;17
UF;8030213;90052;0xdeca;0xa107;0xb101;0xe1;15214;7;1589;117;6509;20
UL;8030213;23862;H;7;0xa107;0xb101;0xe1;15214;7;1589;117;6509;20
UF;8030303;90053;0xdeca;0xb101;0xffff;0xe0;16632;7;1797;119;5985;17
UF;8030404;90054;0xdeca;0xb101;0xffff;0xe0;18210;7;2102;123;3892;17
UF;8030504;90055;0xdeca;0xb101;0xffff;0xe0;17292;7;1996;123;5153;17
UF;8030604;90056;0xdeca;0xb101;0xffff;0xe0;16375;7;1921;124;7357;17
listener debug sel=A valid=1 age=3797106 level=7 good=90056 accepted=23862 badhdr=0 nonanchor=66194 toolong=0 rxerr=94 rxen_fail=0 rxen_last=0 sys_status=0x00800002 sys_state=000505400b rx_finfo=0x07c6c811 last_status=0x00801302 last_len=17 pan=0xdeca dst=0xffff src=0xb101 code=0xe0
UF;8030703;90057;0xdeca;0xb101;0xffff;0xe0;15666;7;1750;121;6000;17
UF;8030803;90058;0xdeca;0xb101;0xffff;0xe0;16142;7;1744;119;4575;17
UF;8030903;90059;0xdeca;0xb101;0xffff;0xe0;16920;7;1890;121;3713;17
UF;8031003;90060;0xdeca;0xb101;0xffff;0xe0;18074;7;2019;121;3919;17
UF;8031103;90061;0xdeca;0xb101;0xffff;0xe0;18233;7;2139;124;4409;17
UF;8031203;90062;0xdeca;0xb101;0xffff;0xe0;16188;7;1749;119;3695;17
UF;8031303;90063;0xdeca;0xb101;0xffff;0xe0;16017;7;1879;124;4569;17
UF;8031404;90064;0xdeca;0xb101;0xffff;0xe0;16125;7;1713;118;6159;17
UF;8031504;90065;0xdeca;0xb101;0xffff;0xe0;17092;7;1941;122;7291;17
UF;8031604;90066;0xdeca;0xb101;0xffff;0xe0;16039;7;1912;125;3688;17
listener debug sel=A valid=1 age=3798106 level=7 good=90066 accepted=23862 badhdr=0 nonanchor=66204 toolong=0 rxerr=94 rxen_fail=0 rxen_last=0 sys_status=0x00800002 sys_state=000505400b rx_finfo=0x07d6c811 last_status=0x00801302 last_len=17 pan=0xdeca dst=0xffff src=0xb101 code=0xe0
UF;8031703;90067;0xdeca;0xb101;0xffff;0xe0;16445;7;1747;118;4571;17
UF;8031803;90068;0xdeca;0xb101;0xffff;0xe0;15801;7;1736;120;3766;17
UF;8031903;90069;0xdeca;0xb101;0xffff;0xe0;16094;7;1888;124;2961;17
UF;8032003;90070;0xdeca;0xb101;0xffff;0xe0;17391;7;1879;119;3546;17
UF;8032103;90071;0xdeca;0xb101;0xffff;0xe0;16248;7;1815;121;4482;17
UF;8032203;90072;0xdeca;0xb101;0xffff;0xe0;16576;7;1761;118;3688;17
UF;8032303;90073;0xdeca;0xb101;0xffff;0xe0;16036;7;1851;123;7184;17
UF;8032403;90074;0xdeca;0xb101;0xffff;0xe0;17348;7;1970;122;6055;17
UF;8032503;90075;0xdeca;0xb101;0xffff;0xe0;16478;7;1902;123;3858;17
UF;8032604;90076;0xdeca;0xb101;0xffff;0xe0;16192;7;1869;123;4202;17
listener debug sel=A valid=1 age=3799106 level=7 good=90076 accepted=23862 badhdr=0 nonanchor=66214 toolong=0 rxerr=94 rxen_fail=0 rxen_last=0 sys_status=0x00800002 sys_state=000505470b rx_finfo=0x07b6c811 last_status=0x00801302 last_len=17 pan=0xdeca dst=0xffff src=0xb101 code=0xe0
UF;8032703;90077;0xdeca;0xb101;0xffff;0xe0;15992;7;1757;120;3597;17
UF;8032803;90078;0xdeca;0xb101;0xffff;0xe0;17152;7;1916;121;4294;17
UF;8032903;90079;0xdeca;0xb101;0xffff;0xe0;16203;7;1810;121;6860;17
UF;8033003;90080;0xdeca;0xb101;0xffff;0xe0;17136;7;1946;122;3795;17
UF;8033103;90081;0xdeca;0xb101;0xffff;0xe0;16303;7;1732;118;4279;17
UF;8033203;90082;0xdeca;0xb101;0xffff;0xe0;17239;7;1894;120;3819;17
UF;8033303;90083;0xdeca;0xb101;0xffff;0xe0;17270;7;2026;124;3926;17
UF;8033403;90084;0xdeca;0xb101;0xffff;0xe0;16679;7;1894;122;3882;17
UF;8033503;90085;0xdeca;0xb101;0xffff;0xe0;16720;7;1930;123;5029;17
UF;8033604;90086;0xdeca;0xb101;0xffff;0xe0;16885;7;1949;123;6901;17
listener debug sel=A valid=1 age=3800106 level=7 good=90086 accepted=23862 badhdr=0 nonanchor=66224 toolong=0 rxerr=94 rxen_fail=0 rxen_last=0 sys_status=0x00800002 sys_state=000505440b rx_finfo=0x07b6c811 last_status=0x00801302 last_len=17 pan=0xdeca dst=0xffff src=0xb101 code=0xe0
UF;8033703;90087;0xdeca;0xb101;0xffff;0xe0;17180;7;1951;122;7134;17
UF;8033803;90088;0xdeca;0xb101;0xffff;0xe0;16049;7;1734;119;3587;17
UF;8033903;90089;0xdeca;0xb101;0xffff;0xe0;16890;7;1764;117;3893;17
UF;8034003;90090;0xdeca;0xb101;0xffff;0xe0;16629;7;1827;120;5319;17
UF;8034103;90091;0xdeca;0xb101;0xffff;0xe0;16308;7;1762;119;3400;17
UF;8034203;90092;0xdeca;0xb101;0xffff;0xe0;15932;7;1839;123;5680;17
UF;8034303;90093;0xdeca;0xb101;0xffff;0xe0;16660;7;1923;123;6741;17
UF;8034403;90094;0xdeca;0xb101;0xffff;0xe0;16893;7;1887;121;6815;17
UF;8034503;90095;0xdeca;0xb101;0xffff;0xe0;17555;7;1961;121;4533;17
UF;8034604;90096;0xdeca;0xb101;0xffff;0xe0;16602;7;1824;120;3920;17
listener debug sel=A valid=1 age=3801106 level=7 good=90096 accepted=23862 badhdr=0 nonanchor=66234 toolong=0 rxerr=94 rxen_fail=0 rxen_last=0 sys_status=0x00800002 sys_state=000505400b rx_finfo=0x0786c811 last_status=0x00801302 last_len=17 pan=0xdeca dst=0xffff src=0xb101 code=0xe0
UF;8034703;90097;0xdeca;0xb101;0xffff;0xe0;16616;7;1918;123;4056;17
UF;8034803;90098;0xdeca;0xb101;0xffff;0xe0;16975;7;1834;119;3827;17
UF;8034903;90099;0xdeca;0xb101;0xffff;0xe0;16679;7;1894;122;3363;17
uwb any-frame t=8035003 good=90100 len=17 fctrl=8841 pan=0xdeca dst=0xffff src=0xb101 code=0xe0 q=16521 level=7 cir=1907 rxpacc=123 fp=6822/7307/4593
UF;8035003;90100;0xdeca;0xb101;0xffff;0xe0;16521;7;1907;123;6822;17
UF;8035101;90101;0xdeca;0xb101;0xffff;0xe0;17386;7;1847;118;7110;17
UF;8035113;90102;0xdeca;0xa107;0xb101;0xe1;15758;7;1674;118;6597;20
UL;8035113;23863;H;7;0xa107;0xb101;0xe1;15758;7;1674;118;6597;20
UF;8035204;90103;0xdeca;0xb101;0xffff;0xe0;15845;7;1829;123;6504;17
UF;8035304;90104;0xdeca;0xb101;0xffff;0xe0;16850;7;1945;123;3983;17
UF;8035404;90105;0xdeca;0xb101;0xffff;0xe0;16957;7;1863;120;5205;17
UF;8035504;90106;0xdeca;0xb101;0xffff;0xe0;16423;7;1865;122;6581;17
UF;8035604;90107;0xdeca;0xb101;0xffff;0xe0;16472;7;1840;121;6320;17
listener debug sel=A valid=1 age=3802107 level=7 good=90107 accepted=23863 badhdr=0 nonanchor=66244 toolong=0 rxerr=94 rxen_fail=0 rxen_last=0 sys_status=0x00800002 sys_state=000505410b rx_finfo=0x0796c811 last_status=0x00801302 last_len=17 pan=0xdeca dst=0xffff src=0xb101 code=0xe0
UF;8035703;90108;0xdeca;0xb101;0xffff;0xe0;17132;7;1820;118;4116;17
UF;8035803;90109;0xdeca;0xb101;0xffff;0xe0;15962;7;1783;121;7005;17
UF;8035903;90110;0xdeca;0xb101;0xffff;0xe0;17438;7;1884;119;4274;17
UF;8036004;90111;0xdeca;0xb101;0xffff;0xe0;18438;7;2163;124;4903;17
UF;8036104;90112;0xdeca;0xb101;0xffff;0xe0;17723;7;1851;117;4081;17
UF;8036204;90113;0xdeca;0xb101;0xffff;0xe0;15771;7;1704;119;6905;17
UF;8036304;90114;0xdeca;0xb101;0xffff;0xe0;17311;7;1808;117;3617;17
UF;8036404;90115;0xdeca;0xb101;0xffff;0xe0;16887;7;1794;118;6645;17
UF;8036504;90116;0xdeca;0xb101;0xffff;0xe0;16282;7;1849;122;7076;17
UF;8036604;90117;0xdeca;0xb101;0xffff;0xe0;16759;7;1966;124;7496;17
listener debug sel=A valid=1 age=3803107 level=7 good=90117 accepted=23863 badhdr=0 nonanchor=66254 toolong=0 rxerr=94 rxen_fail=0 rxen_last=0 sys_status=0x00800002 sys_state=000505450b rx_finfo=0x07c6c811 last_status=0x00801302 last_len=17 pan=0xdeca dst=0xffff src=0xb101 code=0xe0
UF;8036703;90118;0xdeca;0xb101;0xffff;0xe0;17367;7;1845;118;3920;17
UF;8036804;90119;0xdeca;0xb101;0xffff;0xe0;16040;7;1733;119;4264;17
UF;8036904;90120;0xdeca;0xb101;0xffff;0xe0;16420;7;1804;120;5953;17
UF;8037004;90121;0xdeca;0xb101;0xffff;0xe0;17108;7;2007;124;7121;17
UF;8037104;90122;0xdeca;0xb101;0xffff;0xe0;17810;7;1892;118;6976;17
UF;8037204;90123;0xdeca;0xb101;0xffff;0xe0;17207;7;1954;122;4092;17
UF;8037304;90124;0xdeca;0xb101;0xffff;0xe0;16309;7;1852;122;6381;17
UF;8037404;90125;0xdeca;0xb101;0xffff;0xe0;16114;7;1741;119;3716;17
UF;8037504;90126;0xdeca;0xb101;0xffff;0xe0;16430;7;1716;117;4545;17
UF;8037604;90127;0xdeca;0xb101;0xffff;0xe0;16438;7;1806;120;5486;17
listener debug sel=A valid=1 age=3804107 level=7 good=90127 accepted=23863 badhdr=0 nonanchor=66264 toolong=0 rxerr=94 rxen_fail=0 rxen_last=0 sys_status=0x00800002 sys_state=000505450b rx_finfo=0x0786c811 last_status=0x00801302 last_len=17 pan=0xdeca dst=0xffff src=0xb101 code=0xe0
UF;8037704;90128;0xdeca;0xb101;0xffff;0xe0;16989;7;1961;123;6628;17
UF;8037804;90129;0xdeca;0xb101;0xffff;0xe0;15736;7;1846;124;3851;17
UF;8037904;90130;0xdeca;0xb101;0xffff;0xe0;16036;7;1851;123;4660;17
UF;8038004;90131;0xdeca;0xb101;0xffff;0xe0;15929;7;1721;119;3471;17
UF;8038104;90132;0xdeca;0xb101;0xffff;0xe0;18026;7;2047;122;4086;17
UF;8038204;90133;0xdeca;0xb101;0xffff;0xe0;15811;7;1825;123;3298;17
UF;8038304;90134;0xdeca;0xb101;0xffff;0xe0;16928;7;1768;117;4011;17
UF;8038404;90135;0xdeca;0xb101;0xffff;0xe0;16106;7;1711;118;6227;17
UF;8038504;90136;0xdeca;0xb101;0xffff;0xe0;17251;7;1959;122;4034;17
UF;8038604;90137;0xdeca;0xb101;0xffff;0xe0;16538;7;1909;123;4160;17
listener debug sel=A valid=1 age=3805107 level=7 good=90137 accepted=23863 badhdr=0 nonanchor=66274 toolong=0 rxerr=94 rxen_fail=0 rxen_last=0 sys_status=0x00800002 sys_state=000505400b rx_finfo=0x07b6c811 last_status=0x00801302 last_len=17 pan=0xdeca dst=0xffff src=0xb101 code=0xe0
UF;8038704;90138;0xdeca;0xb101;0xffff;0xe0;15967;7;1843;123;3541;17
UF;8038804;90139;0xdeca;0xb101;0xffff;0xe0;16347;7;1826;121;3666;17
UF;8038904;90140;0xdeca;0xb101;0xffff;0xe0;16742;7;1964;124;4388;17
UF;8039004;90141;0xdeca;0xb101;0xffff;0xe0;16827;7;1818;119;3510;17
UF;8039104;90142;0xdeca;0xb101;0xffff;0xe0;16212;7;1841;122;3911;17
UF;8039204;90143;0xdeca;0xb101;0xffff;0xe0;15664;7;1721;120;2824;17
UF;8039304;90144;0xdeca;0xb101;0xffff;0xe0;15865;7;1743;120;3774;17
UF;8039404;90145;0xdeca;0xb101;0xffff;0xe0;17136;7;1978;123;7071;17
UF;8039504;90146;0xdeca;0xb101;0xffff;0xe0;16803;7;1877;121;3438;17
UF;8039605;90147;0xdeca;0xb101;0xffff;0xe0;16991;7;1898;121;5486;17
listener debug sel=A valid=1 age=3806107 level=7 good=90147 accepted=23863 badhdr=0 nonanchor=66284 toolong=0 rxerr=94 rxen_fail=0 rxen_last=0 sys_status=0x00800002 sys_state=000505480b rx_finfo=0x0796c811 last_status=0x00801302 last_len=17 pan=0xdeca dst=0xffff src=0xb101 code=0xe0
UF;8039704;90148;0xdeca;0xb101;0xffff;0xe0;16187;7;1899;124;5197;17
UF;8039804;90149;0xdeca;0xb101;0xffff;0xe0;17995;7;2111;124;4752;17
uwb any-frame t=8039904 good=90150 len=17 fctrl=8841 pan=0xdeca dst=0xffff src=0xb101 code=0xe0 q=16012 level=7 cir=1730 rxpacc=119 fp=3682/7208/5732
UF;8039904;90150;0xdeca;0xb101;0xffff;0xe0;16012;7;1730;119;3682;17
UF;8040002;90151;0xdeca;0xb101;0xffff;0xe0;17234;7;1862;119;4333;17
UF;8040102;90152;0xdeca;0xb101;0xffff;0xe0;16366;7;1920;124;4174;17
UF;8040202;90153;0xdeca;0xb101;0xffff;0xe0;16365;7;1889;123;3634;17
UF;8040302;90154;0xdeca;0xb101;0xffff;0xe0;17110;7;1943;122;3630;17
UF;8040402;90155;0xdeca;0xb101;0xffff;0xe0;16852;7;1977;124;3707;17
UF;8040502;90156;0xdeca;0xb101;0xffff;0xe0;16956;7;1832;119;6900;17
UF;8040602;90157;0xdeca;0xb101;0xffff;0xe0;17266;7;1993;123;3775;17
listener debug sel=A valid=1 age=3807110 level=7 good=90157 accepted=23863 badhdr=0 nonanchor=66294 toolong=0 rxerr=94 rxen_fail=0 rxen_last=0 sys_status=0x00800002 sys_state=000505470b rx_finfo=0x07b6c811 last_status=0x00801302 last_len=17 pan=0xdeca dst=0xffff src=0xb101 code=0xe0
UF;8040702;90158;0xdeca;0xb101;0xffff;0xe0;17207;7;1828;118;3723;17
UF;8040802;90159;0xdeca;0xb101;0xffff;0xe0;16878;7;1793;118;3559;17
UF;8040902;90160;0xdeca;0xb101;0xffff;0xe0;17349;7;1938;121;4016;17
UF;8041002;90161;0xdeca;0xb101;0xffff;0xe0;16363;7;1709;117;6587;17
UF;8041102;90162;0xdeca;0xb101;0xffff;0xe0;15892;7;1746;120;3217;17
UF;8041202;90163;0xdeca;0xb101;0xffff;0xe0;16597;7;1947;124;4039;17
UF;8041302;90164;0xdeca;0xb101;0xffff;0xe0;16878;7;1980;124;4771;17
UF;8041402;90165;0xdeca;0xb101;0xffff;0xe0;16545;7;1728;117;6074;17
UF;8041502;90166;0xdeca;0xb101;0xffff;0xe0;16586;7;1762;118;3027;17
UF;8041602;90167;0xdeca;0xb101;0xffff;0xe0;16162;7;1896;124;4502;17
listener debug sel=A valid=1 age=3808110 level=7 good=90167 accepted=23863 badhdr=0 nonanchor=66304 toolong=0 rxerr=94 rxen_fail=0 rxen_last=0 sys_status=0x00800002 sys_state=000505400b rx_finfo=0x07c6c811 last_status=0x00801302 last_len=17 pan=0xdeca dst=0xffff src=0xb101 code=0xe0
UF;8041702;90168;0xdeca;0xb101;0xffff;0xe0;16871;7;1762;117;3734;17
UF;8041802;90169;0xdeca;0xb101;0xffff;0xe0;15810;7;1737;120;3526;17
UF;8041902;90170;0xdeca;0xb101;0xffff;0xe0;16248;7;1815;121;6724;17
UF;8042002;90171;0xdeca;0xb101;0xffff;0xe0;16231;7;1935;125;3532;17
UF;8042102;90172;0xdeca;0xb101;0xffff;0xe0;16265;7;1847;122;6160;17
UF;8042202;90173;0xdeca;0xb101;0xffff;0xe0;17445;7;1981;122;4677;17
UF;8042302;90174;0xdeca;0xb101;0xffff;0xe0;17587;7;2030;123;4630;17
UF;8042402;90175;0xdeca;0xb101;0xffff;0xe0;17933;7;2070;123;4050;17
UF;8042502;90176;0xdeca;0xb101;0xffff;0xe0;17110;7;1943;122;5564;17
UF;8042602;90177;0xdeca;0xb101;0xffff;0xe0;16980;7;1992;124;3911;17
listener debug sel=A valid=1 age=3809110 level=7 good=90177 accepted=23863 badhdr=0 nonanchor=66314 toolong=0 rxerr=94 rxen_fail=0 rxen_last=0 sys_status=0x00800002 sys_state=000505410b rx_finfo=0x07c6c811 last_status=0x00801302 last_len=17 pan=0xdeca dst=0xffff src=0xb101 code=0xe0
UF;8042702;90178;0xdeca;0xb101;0xffff;0xe0;16270;7;1878;123;6661;17
UF;8042802;90179;0xdeca;0xb101;0xffff;0xe0;16973;7;1896;121;6471;17
UF;8042902;90180;0xdeca;0xb101;0xffff;0xe0;17449;7;2047;124;6264;17
UF;8043002;90181;0xdeca;0xb101;0xffff;0xe0;16684;7;1833;120;3747;17
UF;8043102;90182;0xdeca;0xb101;0xffff;0xe0;17675;7;1846;117;5143;17
UF;8043202;90183;0xdeca;0xb101;0xffff;0xe0;17100;7;2006;124;5474;17
UF;8043302;90184;0xdeca;0xb101;0xffff;0xe0;17534;7;2057;124;5422;17
UF;8043402;90185;0xdeca;0xb101;0xffff;0xe0;17179;7;1825;118;5556;17
UF;8043502;90186;0xdeca;0xb101;0xffff;0xe0;17130;7;1882;120;3876;17
UF;8043602;90187;0xdeca;0xb101;0xffff;0xe0;18072;7;2086;123;3993;17
listener debug sel=A valid=1 age=3810110 level=7 good=90187 accepted=23863 badhdr=0 nonanchor=66324 toolong=0 rxerr=94 rxen_fail=0 rxen_last=0 sys_status=0x00800002 sys_state=000505480b rx_finfo=0x07b6c811 last_status=0x00801302 last_len=17 pan=0xdeca dst=0xffff src=0xb101 code=0xe0
UF;8043702;90188;0xdeca;0xb101;0xffff;0xe0;17452;7;1854;118;3702;17
UF;8043802;90189;0xdeca;0xb101;0xffff;0xe0;17385;7;1942;121;4141;17
UF;8043902;90190;0xdeca;0xb101;0xffff;0xe0;17119;7;1944;122;3813;17
UF;8044002;90191;0xdeca;0xb101;0xffff;0xe0;15957;7;1872;124;3870;17
UF;8044102;90192;0xdeca;0xb101;0xffff;0xe0;16544;7;1848;121;5268;17
U