 debug sel=A valid=1 age=9303552 level=7 good=102listener debug sel=A valid=1 age=9384602 level=7 good=102506 accepted=24553 badhdr=0 nonanchor=77953 toolong=0 rxerr=106 rxen_fail=0 rxen_last=0 sys_status=0x00800002 sys_state=000505480b rx_finfo=0x0786c811 last_status=0x04800102 last_len=17 pan=0xdeca dst=0xffff src=0xb101 code=0xe0
listener debug sel=A valid=1 age=9385602 level=7 good=102506 accepted=24553 badhdr=0 nonanchor=77953 toolong=0 rxerr=106 rxen_fail=0 rxen_last=0 sys_status=0x00800002 sys_state=000505480b rx_finfo=0x0786c811 last_status=0x04800102 last_len=17 pan=0xdeca dst=0xffff src=0xb101 code=0xe0
listener debug sel=A valid=1 age=9386603 level=7 good=102506 accepted=24553 badhdr=0 nonanchor=77953 toolong=0 rxerr=106 rxen_fail=0 rxen_last=0 sys_status=0x00800002 sys_state=000505400b rx_finfo=0x0786c811 last_status=0x04800102 last_len=17 pan=0xdeca dst=0xffff src=0xb101 code=0xe0
listener debug sel=A valid=1 age=9387603 level=7 good=102506 accepted=24553 badhdr=0 nonanchor=77953 toolong=0 rxerr=106 rxen_fail=0 rxen_last=0 sys_status=0x00800002 sys_state=000505460b rx_finfo=0x0786c811 last_status=0x04800102 last_len=17 pan=0xdeca dst=0xffff src=0xb101 code=0xe0
listener debug sel=A valid=1 age=9388603 level=7 good=102506 accepted=24553 badhdr=0 nonanchor=77953 toolong=0 rxerr=106 rxen_fail=0 rxen_last=0 sys_status=0x00800002 sys_state=000505460b rx_finfo=0x0786c811 last_status=0x04800102 last_len=17 pan=0xdeca dst=0xffff src=0xb101 code=0xe0
listener debug sel=A valid=1 age=9389604 level=7 good=102506 accepted=24553 badhdr=0 nonanchor=77953 toolong=0 rxerr=106 rxen_fail=0 rxen_last=0 sys_status=0x00800002 sys_state=000505480b rx_finfo=0x0786c811 last_status=0x04800102 last_len=17 pan=0xdeca dst=0xffff src=0xb101 code=0xe0
listener debug sel=A valid=1 age=9390604 level=7 good=102506 accepted=24553 badhdr=0 nonanchor=77953 toolong=0 rxerr=106 rxen_fail=0 rxen_last=0 sys_status=0x00800002 sys_state=000505410b rx_finfo=0x0786c811 last_status=0x04800102 last_len=17 pan=0xdeca dst=0xffff src=0xb101 code=0xe0
listener debug sel=A valid=1 age=9391605 level=7 good=102506 accepted=24553 badhdr=0 nonanchor=77953 toolong=0 rxerr=106 rxen_fail=0 rxen_last=0 sys_status=0x00800002 sys_state=000505410b rx_finfo=0x0786c811 last_status=0x04800102 last_len=17 pan=0xdeca dst=0xffff src=0xb101 code=0xe0
listener debug sel=A valid=1 age=9392605 level=7 good=102506 accepted=24553 badhdr=0 nonanchor=77953 toolong=0 rxerr=106 rxen_fail=0 rxen_last=0 sys_status=0x00800002 sys_state=000505430b rx_finfo=0x0786c811 last_status=0x04800102 last_len=17 pan=0xdeca dst=0xffff src=0xb101 code=0xe0
listener debug sel=A valid=1 age=9393605 level=7 good=102506 accepted=24553 badhdr=0 nonanchor=77953 toolong=0 rxerr=106 rxen_fail=0 rxen_last=0 sys_status=0x00800002 sys_state=000505470b rx_finfo=0x0786c811 last_status=0x04800102 last_len=17 pan=0xdeca dst=0xffff src=0xb101 code=0xe0
listener debug sel=A valid=1 age=9394605 level=7 good=102506 accepted=24553 badhdr=0 nonanchor=77953 toolong=0 rxerr=106 rxen_fail=0 rxen_last=0 sys_status=0x00800002 sys_state=000505450b rx_finfo=0x0786c811 last_status=0x04800102 last_len=17 pan=0xdeca dst=0xffff src=0xb101 code=0xe0
listener debug sel=A valid=1 age=9395606 level=7 good=102506 accepted=24553 badhdr=0 nonanchor=77953 toolong=0 rxerr=106 rxen_fail=0 rxen_last=0 sys_status=0x00800002 sys_state=000505400b rx_finfo=0x0786c811 last_status=0x04800102 last_len=17 pan=0xdeca dst=0xffff src=0xb101 code=0xe0
listener debug sel=A valid=1 age=9396606 level=7 good=102506 accepted=24553 badhdr=0 nonanchor=77953 toolong=0 rxerr=106 rxen_fail=0 rxen_last=0 sys_status=0x00800002 sys_state=000505440b rx_finfo=0x0786c811 last_status=0x04800102 last_len=17 pan=0xdeca dst=0xffff src=0xb101 code=0xe0
listener debug sel=A valid=1 age=9397607 level=7 good=102506 accepted=24553 badhdr=0 nonanchor=77953 toolong=0 rxerr=106 rxen_fail=0 rxen_last=0 sys_status=0x00800002 sys_state=000505480b rx_finfo=0x0786c811 last_status=0x04800102 last_len=17 pan=0xdeca dst=0xffff src=0xb101 code=0xe0
listener debug sel=A valid=1 age=9398607 level=7 good=102506 accepted=24553 badhdr=0 nonanchor=77953 toolong=0 rxerr=106 rxen_fail=0 rxen_last=0 sys_status=0x00800002 sys_state=000505460b rx_finfo=0x0786c811 last_status=0x04800102 last_len=17 pan=0xdeca dst=0xffff src=0xb101 code=0xe0
listener debug sel=A valid=1 age=9399608 level=7 good=102506 accepted=24553 badhdr=0 nonanchor=77953 toolong=0 rxerr=106 rxen_fail=0 rxen_last=0 sys_status=0x00800002 sys_state=000505450b rx_finfo=0x0786c811 last_status=0x04800102 last_len=17 pan=0xdeca dst=0xffff src=0xb101 code=0xe0
listener debug sel=A valid=1 age=9400608 level=7 good=102506 accepted=24553 badhdr=0 nonanchor=77953 toolong=0 rxerr=106 rxen_fail=0 rxen_last=0 sys_status=0x00800002 sys_state=000505450b rx_finfo=0x0786c811 last_status=0x04800102 last_len=17 pan=0xdeca dst=0xffff src=0xb101 code=0xe0
listener debug sel=A valid=1 age=9401609 level=7 good=102506 accepted=24553 badhdr=0 nonanchor=77953 toolong=0 rxerr=106 rxen_fail=0 rxen_last=0 sys_status=0x00800002 sys_state=000505460b rx_finfo=0x0786c811 last_status=0x04800102 last_len=17 pan=0xdeca dst=0xffff src=0xb101 code=0xe0
listener debug sel=A valid=1 age=9402609 level=7 good=102506 accepted=24553 badhdr=0 nonanchor=77953 toolong=0 rxerr=106 rxen_fail=0 rxen_last=0 sys_status=0x00800002 sys_state=000505440b rx_finfo=0x0786c811 last_status=0x04800102 last_len=17 pan=0xdeca dst=0xffff src=0xb101 code=0xe0
listener debug sel=A valid=1 age=9403610 level=7 good=102506 accepted=24553 badhdr=0 nonanchor=77953 toolong=0 rxerr=106 rxen_fail=0 rxen_last=0 sys_status=0x00800002 sys_state=000505470b rx_finfo=0x0786c811 last_status=0x04800102 last_len=17 pan=0xdeca dst=0xffff src=0xb101 code=0xe0
listener debug sel=A valid=1 age=9404610 level=7 good=102506 accepted=24553 badhdr=0 nonanchor=77953 toolong=0 rxerr=106 rxen_fail=0 rxen_last=0 sys_status=0x00800002 sys_state=000505410b rx_finfo=0x0786c811 last_status=0x04800102 last_len=17 pan=0xdeca dst=0xffff src=0xb101 code=0xe0
listener debug sel=A valid=1 age=9405611 level=7 good=102506 accepted=24553 badhdr=0 nonanchor=77953 toolong=0 rxerr=106 rxen_fail=0 rxen_last=0 sys_status=0x00800002 sys_state=000505400b rx_finfo=0x0786c811 last_status=0x04800102 last_len=17 pan=0xdeca dst=0xffff src=0xb101 code=0xe0
listener debug sel=A valid=1 age=9406612 level=7 good=102506 accepted=24553 badhdr=0 nonanchor=77953 toolong=0 rxerr=106 rxen_fail=0 rxen_last=0 sys_status=0x00800002 sys_state=000505450b rx_finfo=0x0786c811 last_status=0x04800102 last_len=17 pan=0xdeca dst=0xffff src=0xb101 code=0xe0
listener debug sel=A valid=1 age=9407613 level=7 good=102506 accepted=24553 badhdr=0 nonanchor=77953 toolong=0 rxerr=106 rxen_fail=0 rxen_last=0 sys_status=0x00800002 sys_state=000505420b rx_finfo=0x0786c811 last_status=0x04800102 last_len=17 pan=0xdeca dst=0xffff src=0xb101 code=0xe0
listener debug sel=A valid=1 age=9408613 level=7 good=102506 accepted=24553 badhdr=0 nonanchor=77953 toolong=0 rxerr=106 rxen_fail=0 rxen_last=0 sys_status=0x00800002 sys_state=000505470b rx_finfo=0x0786c811 last_status=0x04800102 last_len=17 pan=0xdeca dst=0xffff src=0xb101 code=0xe0
listener debug sel=A valid=1 age=9409613 level=7 good=102506 accepted=24553 badhdr=0 nonanchor=77953 toolong=0 rxerr=106 rxen_fail=0 rxen_last=0 sys_status=0x00800002 sys_state=000505470b rx_finfo=0x0786c811 last_status=0x04800102 last_len=17 pan=0xdeca dst=0xffff src=0xb101 code=0xe0
listener debug sel=A valid=1 age=9410614 level=7 good=102506 accepted=24553 badhdr=0 nonanchor=77953 toolong=0 rxerr=106 rxen_fail=0 rxen_last=0 sys_status=0x00800002 sys_state=000505450b rx_finfo=0x0786c811 last_status=0x04800102 last_len=17 pan=0xdeca dst=0xffff src=0xb101 code=0xe0
listener debug sel=A valid=1 age=9411614 level=7 good=102506 accepted=24553 badhdr=0 nonanchor=77953 toolong=0 rxerr=106 rxen_fail=0 rxen_last=0 sys_status=0x00800002 sys_state=000505430b rx_finfo=0x0786c811 last_status=0x04800102 last_len=17 pan=0xdeca dst=0xffff src=0xb101 code=0xe0
listener debug sel=A valid=1 age=9412614 level=7 good=102506 accepted=24553 badhdr=0 nonanchor=77953 toolong=0 rxerr=106 rxen_fail=0 rxen_last=0 sys_status=0x00800002 sys_state=000505400b rx_finfo=0x0786c811 last_status=0x04800102 last_len=17 pan=0xdeca dst=0xffff src=0xb101 code=0xe0
listener debug sel=A valid=1 age=9413615 level=7 good=102506 accepted=24553 badhdr=0 nonanchor=77953 toolong=0 rxerr=106 rxen_fail=0 rxen_last=0 sys_status=0x00800002 sys_state=000505460b rx_finfo=0x0786c811 last_status=0x04800102 last_len=17 pan=0xdeca dst=0xffff src=0xb101 code=0xe0
listener debug sel=A valid=1 age=9414615 level=7 good=102506 accepted=24553 badhdr=0 nonanchor=77953 toolong=0 rxerr=106 rxen_fail=0 rxen_last=0 sys_status=0x00800002 sys_state=000505400b rx_finfo=0x0786c811 last_status=0x04800102 last_len=17 pan=0xdeca dst=0xffff src=0xb101 code=0xe0
listener debug sel=A valid=1 age=9415615 level=7 good=102506 accepted=24553 badhdr=0 nonanchor=77953 toolong=0 rxerr=106 rxen_fail=0 rxen_last=0 sys_status=0x00800002 sys_state=000505430b rx_finfo=0x0786c811 last_status=0x04800102 last_len=17 pan=0xdeca dst=0xffff src=0xb101 code=0xe0
listener debug sel=A valid=1 age=9416615 level=7 good=102506 accepted=24553 badhdr=0 nonanchor=77953 toolong=0 rxerr=106 rxen_fail=0 rxen_last=0 sys_status=0x00800002 sys_state=000505460b rx_finfo=0x0786c811 last_status=0x04800102 last_len=17 pan=0xdeca dst=0xffff src=0xb101 code=0xe0
listener debug sel=A valid=1 age=9417616 level=7 good=102506 accepted=24553 badhdr=0 nonanchor=77953 toolong=0 rxerr=106 rxen_fail=0 rxen_last=0 sys_status=0x00800002 sys_state=000505460b rx_finfo=0x0786c811 last_status=0x04800102 last_len=17 pan=0xdeca dst=0xffff src=0xb101 code=0xe0
listener debug sel=A valid=1 age=9418616 level=7 good=102506 accepted=24553 badhdr=0 nonanchor=77953 toolong=0 rxerr=106 rxen_fail=0 rxen_last=0 sys_status=0x00800002 sys_state=000505470b rx_finfo=0x0786c811 last_status=0x04800102 last_len=17 pan=0xdeca dst=0xffff src=0xb101 code=0xe0
listener debug sel=A valid=1 age=9419616 level=7 good=102506 accepted=24553 badhdr=0 nonanchor=77953 toolong=0 rxerr=106 rxen_fail=0 rxen_last=0 sys_status=0x00800002 sys_state=000505460b rx_finfo=0x0786c811 last_status=0x04800102 last_len=17 pan=0xdeca dst=0xffff src=0xb101 code=0xe0
listener debug sel=A valid=1 age=9420616 level=7 good=102506 accepted=24553 badhdr=0 nonanchor=77953 toolong=0 rxerr=106 rxen_fail=0 rxen_last=0 sys_status=0x00800002 sys_state=000505480b rx_finfo=0x0786c811 last_status=0x04800102 last_len=17 pan=0xdeca dst=0xffff src=0xb101 code=0xe0
listener debug sel=A valid=1 age=9421617 level=7 good=102506 accepted=24553 badhdr=0 nonanchor=77953 toolong=0 rxerr=106 rxen_fail=0 rxen_last=0 sys_status=0x00800002 sys_state=000505410b rx_finfo=0x0786c811 last_status=0x04800102 last_len=17 pan=0xdeca dst=0xffff src=0xb101 code=0xe0
listener debug sel=A valid=1 age=9422617 level=7 good=102506 accepted=24553 badhdr=0 nonanchor=77953 toolong=0 rxerr=106 rxen_fail=0 rxen_last=0 sys_status=0x00800002 sys_state=000505480b rx_finfo=0x0786c811 last_status=0x04800102 last_len=17 pan=0xdeca dst=0xffff src=0xb101 code=0xe0
listener debug sel=A valid=1 age=9423617 level=7 good=102506 accepted=24553 badhdr=0 nonanchor=77953 toolong=0 rxerr=106 rxen_fail=0 rxen_last=0 sys_status=0x00800002 sys_state=000505480b rx_finfo=0x0786c811 last_status=0x04800102 last_len=17 pan=0xdeca dst=0xffff src=0xb101 code=0xe0
listener debug sel=A valid=1 age=9424617 level=7 good=102506 accepted=24553 badhdr=0 nonanchor=77953 toolong=0 rxerr=106 rxen_fail=0 rxen_last=0 sys_status=0x00800002 sys_state=000505450b rx_finfo=0x0786c811 last_status=0x04800102 last_len=17 pan=0xdeca dst=0xffff src=0xb101 code=0xe0
listener debug sel=A valid=1 age=9425618 level=7 good=102506 accepted=24553 badhdr=0 nonanchor=77953 toolong=0 rxerr=106 rxen_fail=0 rxen_last=0 sys_status=0x00800002 sys_state=000505460b rx_finfo=0x0786c811 last_status=0x04800102 last_len=17 pan=0xdeca dst=0xffff src=0xb101 code=0xe0
listener debug sel=A valid=1 age=9426618 level=7 good=102506 accepted=24553 badhdr=0 nonanchor=77953 toolong=0 rxerr=106 rxen_fail=0 rxen_last=0 sys_status=0x00800002 sys_state=000505460b rx_finfo=0x0786c811 last_status=0x04800102 last_len=17 pan=0xdeca dst=0xffff src=0xb101 code=0xe0
listener debug sel=A valid=1 age=9427618 level=7 good=102506 accepted=24553 badhdr=0 nonanchor=77953 toolong=0 rxerr=106 rxen_fail=0 rxen_last=0 sys_status=0x00800002 sys_state=000505420b rx_finfo=0x0786c811 last_status=0x04800102 last_len=17 pan=0xdeca dst=0xffff src=0xb101 code=0xe0
listener debug sel=A valid=1 age=9428619 level=7 good=102506 accepted=24553 badhdr=0 nonanchor=77953 toolong=0 rxerr=106 rxen_fail=0 rxen_last=0 sys_status=0x00800002 sys_state=000505420b rx_finfo=0x0786c811 last_status=0x04800102 last_len=17 pan=0xdeca dst=0xffff src=0xb101 code=0xe0
listener debug sel=A valid=1 age=9429619 level=7 good=102506 accepted=24553 badhdr=0 nonanchor=77953 toolong=0 rxerr=106 rxen_fail=0 rxen_last=0 sys_status=0x00800002 sys_state=000505450b rx_finfo=0x0786c811 last_status=0x04800102 last_len=17 pan=0xdeca dst=0xffff src=0xb101 code=0xe0
listener debug sel=A valid=1 age=9430619 level=7 good=102506 accepted=24553 badhdr=0 nonanchor=77953 toolong=0 rxerr=106 rxen_fail=0 rxen_last=0 sys_status=0x00800002 sys_state=000505410b rx_finfo=0x0786c811 last_status=0x04800102 last_len=17 pan=0xdeca dst=0xffff src=0xb101 code=0xe0
listener debug sel=A valid=1 age=9431619 level=7 good=102506 accepted=24553 badhdr=0 nonanchor=77953 toolong=0 rxerr=106 rxen_fail=0 rxen_last=0 sys_status=0x00800002 sys_state=000505470b rx_finfo=0x0786c811 last_status=0x04800102 last_len=17 pan=0xdeca dst=0xffff src=0xb101 code=0xe0
listener debug sel=A valid=1 age=9432619 level=7 good=102506 accepted=24553 badhdr=0 nonanchor=77953 toolong=0 rxerr=106 rxen_fail=0 rxen_last=0 sys_status=0x00800002 sys_state=000505460b rx_finfo=0x0786c811 last_status=0x04800102 last_len=17 pan=0xdeca dst=0xffff src=0xb101 code=0xe0
listener debug sel=A valid=1 age=9433620 level=7 good=102506 accepted=24553 badhdr=0 nonanchor=77953 toolong=0 rxerr=106 rxen_fail=0 rxen_last=0 sys_status=0x00800002 sys_state=000505470b rx_finfo=0x0786c811 last_status=0x04800102 last_len=17 pan=0xdeca dst=0xffff src=0xb101 code=0xe0
listener debug sel=A valid=1 age=9434620 level=7 good=102506 accepted=24553 badhdr=0 nonanchor=77953 toolong=0 rxerr=106 rxen_fail=0 rxen_last=0 sys_status=0x00800002 sys_state=000505470b rx_finfo=0x0786c811 last_status=0x04800102 last_len=17 pan=0xdeca dst=0xffff src=0xb101 code=0xe0
listener debug sel=A valid=1 age=9435620 level=7 good=102506 accepted=24553 badhdr=0 nonanchor=77953 toolong=0 rxerr=106 rxen_fail=0 rxen_last=0 sys_status=0x00800002 sys_state=000505430b rx_finfo=0x0786c811 last_status=0x04800102 last_len=17 pan=0xdeca dst=0xffff src=0xb101 code=0xe0
listener debug sel=A valid=1 age=9436621 level=7 good=102506 accepted=24553 badhdr=0 nonanchor=77953 toolong=0 rxerr=106 rxen_fail=0 rxen_last=0 sys_status=0x00800002 sys_state=000505460b rx_finfo=0x0786c811 last_status=0x04800102 last_len=17 pan=0xdeca dst=0xffff src=0xb101 code=0xe0
listener debug sel=A valid=1 age=9437621 level=7 good=102506 accepted=24553 badhdr=0 nonanchor=77953 toolong=0 rxerr=106 rxen_fail=0 rxen_last=0 sys_status=0x00800002 sys_state=000505470b rx_finfo=0x0786c811 last_status=0x04800102 last_len=17 pan=0xdeca dst=0xffff src=0xb101 code=0xe0
listener debug sel=A valid=1 age=9438621 level=7 good=102506 accepted=24553 badhdr=0 nonanchor=77953 toolong=0 rxerr=106 rxen_fail=0 rxen_last=0 sys_status=0x00800002 sys_state=000505450b rx_finfo=0x0786c811 last_status=0x04800102 last_len=17 pan=0xdeca dst=0xffff src=0xb101 code=0xe0
listener debug sel=A valid=1 age=9439622 level=7 good=102506 accepted=24553 badhdr=0 nonanchor=77953 toolong=0 rxerr=106 rxen_fail=0 rxen_last=0 sys_status=0x00800002 sys_state=000505410b rx_finfo=0x0786c811 last_status=0x04800102 last_len=17 pan=0xdeca dst=0xffff src=0xb101 code=0xe0
listener debug sel=A valid=1 age=9440622 level=7 good=102506 accepted=24553 badhdr=0 nonanchor=77953 toolong=0 rxerr=106 rxen_fail=0 rxen_last=0 sys_status=0x00800002 sys_state=000505430b rx_finfo=0x0786c811 last_status=0x04800102 last_len=17 pan=0xdeca dst=0xffff src=0xb101 code=0xe0
listener debug sel=A valid=1 age=9441623 level=7 good=102506 accepted=24553 badhdr=0 nonanchor=77953 toolong=0 rxerr=106 rxen_fail=0 rxen_last=0 sys_status=0x00800002 sys_state=000505410b rx_finfo=0x0786c811 last_status=0x04800102 last_len=17 pan=0xdeca dst=0xffff src=0xb101 code=0xe0
listener debug sel=A valid=1 age=9442624 level=7 good=102506 accepted=24553 badhdr=0 nonanchor=77953 toolong=0 rxerr=106 rxen_fail=0 rxen_last=0 sys_status=0x00800002 sys_state=000505400b rx_finfo=0x0786c811 last_status=0x04800102 last_len=17 pan=0xdeca dst=0xffff src=0xb101 code=0xe0
listener debug sel=A valid=1 age=9443624 level=7 good=102506 accepted=24553 badhdr=0 nonanchor=77953 toolong=0 rxerr=106 rxen_fail=0 rxen_last=0 sys_status=0x00800002 sys_state=000505440b rx_finfo=0x0786c811 last_status=0x04800102 last_len=17 pan=0xdeca dst=0xffff src=0xb101 code=0xe0
listener debug sel=A valid=1 age=9444625 level=7 good=102506 accepted=24553 badhdr=0 nonanchor=77953 toolong=0 rxerr=106 rxen_fail=0 rxen_last=0 sys_status=0x00800002 sys_state=000505480b rx_finfo=0x0786c811 last_status=0x04800102 last_len=17 pan=0xdeca dst=0xffff src=0xb101 code=0xe0
listener debug sel=A valid=1 age=9445625 level=7 good=102506 accepted=24553 badhdr=0 nonanchor=77953 toolong=0 rxerr=106 rxen_fail=0 rxen_last=0 sys_status=0x00800002 sys_state=000505450b rx_finfo=0x0786c811 last_status=0x04800102 last_len=17 pan=0xdeca dst=0xffff src=0xb101 code=0xe0
listener debug sel=A valid=1 age=9446626 level=7 good=102506 accepted=24553 badhdr=0 nonanchor=77953 toolong=0 rxerr=106 rxen_fail=0 rxen_last=0 sys_status=0x00800002 sys_state=000505410b rx_finfo=0x0786c811 last_status=0x04800102 last_len=17 pan=0xdeca dst=0xffff src=0xb101 code=0xe0
listener debug sel=A valid=1 age=9447627 level=7 good=102506 accepted=24553 badhdr=0 nonanchor=77953 toolong=0 rxerr=106 rxen_fail=0 rxen_last=0 sys_status=0x00800002 sys_state=000505450b rx_finfo=0x0786c811 last_status=0x04800102 last_len=17 pan=0xdeca dst=0xffff src=0xb101 code=0xe0
listener debug sel=A valid=1 age=9448628 level=7 good=102506 accepted=24553 badhdr=0 nonanchor=77953 toolong=0 rxerr=106 rxen_fail=0 rxen_last=0 sys_status=0x00800002 sys_state=000505400b rx_finfo=0x0786c811 last_status=0x04800102 last_len=17 pan=0xdeca dst=0xffff src=0xb101 code=0xe0
listener debug sel=A valid=1 age=9449628 level=7 good=102506 accepted=24553 badhdr=0 nonanchor=77953 toolong=0 rxerr=106 rxen_fail=0 rxen_last=0 sys_status=0x00800002 sys_state=000505450b rx_finfo=0x0786c811 last_status=0x04800102 last_len=17 pan=0xdeca dst=0xffff src=0xb101 code=0xe0
listener debug sel=A valid=1 age=9450629 level=7 good=102506 accepted=24553 badhdr=0 nonanchor=77953 toolong=0 rxerr=106 rxen_fail=0 rxen_last=0 sys_status=0x00800002 sys_state=000505430b rx_finfo=0x0786c811 last_status=0x04800102 last_len=17 pan=0xdeca dst=0xffff src=0xb101 code=0xe0
listener debug sel=A valid=1 age=9451630 level=7 good=102506 accepted=24553 badhdr=0 nonanchor=77953 toolong=0 rxerr=106 rxen_fail=0 rxen_last=0 sys_status=0x00800002 sys_state=000505450b rx_finfo=0x0786c811 last_status=0x04800102 last_len=17 pan=0xdeca dst=0xffff src=0xb101 code=0xe0
listener debug sel=A valid=1 age=9452630 level=7 good=102506 accepted=24553 badhdr=0 nonanchor=77953 toolong=0 rxerr=106 rxen_fail=0 rxen_last=0 sys_status=0x00800002 sys_state=000505410b rx_finfo=0x0786c811 last_status=0x04800102 last_len=17 pan=0xdeca dst=0xffff src=0xb101 code=0xe0
listener debug sel=A valid=1 age=9453630 level=7 good=102506 accepted=24553 badhdr=0 nonanchor=77953 toolong=0 rxerr=106 rxen_fail=0 rxen_last=0 sys_status=0x00800002 sys_state=000505410b rx_finfo=0x0786c811 last_status=0x04800102 last_len=17 pan=0xdeca dst=0xffff src=0xb101 code=0xe0
UF;13687325;102507;0xdeca;0xb101;0xffff;0xe0;19151;7;2104;120;211;17
UF;13687425;102508;0xdeca;0xb101;0xffff;0xe0;19259;7;2223;123;1075;17
UF;13687525;102509;0xdeca;0xb101;0xffff;0xe0;23297;8;2733;124;2727;17
UF;13687626;102510;0xdeca;0xb101;0xffff;0xe0;18159;7;1962;119;1632;17
UF;13687726;102511;0xdeca;0xb101;0xffff;0xe0;21899;7;2366;119;1643;17
UF;13687826;102512;0xdeca;0xb101;0xffff;0xe0;18612;7;2079;121;745;17
UF;13687927;102513;0xdeca;0xb101;0xffff;0xe0;21463;7;2358;120;619;17
UF;13688027;102514;0xdeca;0xb101;0xffff;0xe0;19793;7;2322;124;243;17
UF;13688127;102515;0xdeca;0xb101;0xffff;0xe0;22939;8;2691;124;3736;17
listener debug sel=A valid=1 age=9454630 level=7 good=102515 accepted=24553 badhdr=0 nonanchor=77962 toolong=0 rxerr=106 rxen_fail=0 rxen_last=0 sys_status=0x00800002 sys_state=000505480b rx_finfo=0x07c6c811 last_status=0x04800102 last_len=17 pan=0xdeca dst=0xffff src=0xb101 code=0xe0
UF;13688227;102516;0xdeca;0xb101;0xffff;0xe0;19353;7;2056;118;284;17
UF;13688327;102517;0xdeca;0xb101;0xffff;0xe0;18603;7;2078;121;1678;17
UF;13688427;102518;0xdeca;0xb101;0xffff;0xe0;20501;7;2215;119;273;17
UF;13688527;102519;0xdeca;0xb101;0xffff;0xe0;23036;8;2659;123;1494;17
UF;13688627;102520;0xdeca;0xb101;0xffff;0xe0;21960;7;2453;121;763;17
UF;13688728;102521;0xdeca;0xb101;0xffff;0xe0;22918;8;2560;121;2270;17
UF;13688828;102522;0xdeca;0xb101;0xffff;0xe0;18403;7;1955;118;166;17
UF;13688928;102523;0xdeca;0xb101;0xffff;0xe0;22887;8;2599;122;498;17
UF;13689028;102524;0xdeca;0xb101;0xffff;0xe0;18205;7;1934;118;1170;17
UF;13689128;102525;0xdeca;0xb101;0xffff;0xe0;19240;7;2044;118;237;17
listener debug sel=A valid=1 age=9455631 level=7 good=102525 accepted=24553 badhdr=0 nonanchor=77972 toolong=0 rxerr=106 rxen_fail=0 rxen_last=0 sys_status=0x00800002 sys_state=000505430b rx_finfo=0x0766c811 last_status=0x04800102 last_len=17 pan=0xdeca dst=0xffff src=0xb101 code=0xe0
UF;13689228;102526;0xdeca;0xb101;0xffff;0xe0;22797;8;2463;119;3441;17
UF;13689328;102527;0xdeca;0xb101;0xffff;0xe0;18878;7;2179;123;1377;17
UF;13689429;102528;0xdeca;0xb101;0xffff;0xe0;22472;8;2347;117;959;17
UF;13689529;102529;0xdeca;0xb101;0xffff;0xe0;19563;7;2295;124;1347;17
UF;13689624;102530;0xdeca;0xb101;0xffff;0xe0;18796;7;2205;124;3584;17
UF;13689636;102531;0xdeca;0xa107;0xb101;0xe1;15956;7;1812;122;6056;20
UL;13689636;24554;H;7;0xa107;0xb101;0xe1;15956;7;1812;122;6056;20
UF;13689727;102532;0xdeca;0xb101;0xffff;0xe0;22168;8;2355;118;728;17
UF;13689827;102533;0xdeca;0xb101;0xffff;0xe0;17866;7;1866;117;2546;17
UF;13689927;102534;0xdeca;0xb101;0xffff;0xe0;20194;7;2369;124;878;17
UF;13690028;102535;0xdeca;0xb101;0xffff;0xe0;18941;7;2081;120;434;17
UF;13690128;102536;0xdeca;0xb101;0xffff;0xe0;18921;7;2184;123;1339;17
listener debug sel=A valid=1 age=9456631 level=7 good=102536 accepted=24554 badhdr=0 nonanchor=77982 toolong=0 rxerr=106 rxen_fail=0 rxen_last=0 sys_status=0x00800002 sys_state=000505460b rx_finfo=0x07b6c811 last_status=0x04800102 last_len=17 pan=0xdeca dst=0xffff src=0xb101 code=0xe0
UF;13690227;102537;0xdeca;0xb101;0xffff;0xe0;18489;7;2169;124;1321;17
UF;13690328;102538;0xdeca;0xb101;0xffff;0xe0;21285;7;2497;124;869;17
UF;13690428;102539;0xdeca;0xb101;0xffff;0xe0;19822;7;2251;122;413;17
UF;13690528;102540;0xdeca;0xb101;0xffff;0xe0;20890;7;2257;119;1744;17
UF;13690628;102541;0xdeca;0xb101;0xffff;0xe0;19062;7;2025;118;534;17
UF;13690729;102542;0xdeca;0xb101;0xffff;0xe0;20169;7;2253;121;390;17
UF;13690829;102543;0xdeca;0xb101;0xffff;0xe0;22364;8;2457;120;2295;17
UF;13690924;102544;0xdeca;0xb101;0xffff;0xe0;21970;7;2334;118;1335;17
UF;13690936;102545;0xdeca;0xa107;0xb101;0xe1;14917;7;1694;122;6630;20
UL;13690936;24555;H;7;0xa107;0xb101;0xe1;14917;7;1694;122;6630;20
UF;13691027;102546;0xdeca;0xb101;0xffff;0xe0;18259;7;2006;120;960;17
UF;13691127;102547;0xdeca;0xb101;0xffff;0xe0;19331;7;2019;117;321;17
listener debug sel=A valid=1 age=9457635 level=7 good=102547 accepted=24555 badhdr=0 nonanchor=77992 toolong=0 rxerr=106 rxen_fail=0 rxen_last=0 sys_status=0x00800002 sys_state=000505400b rx_finfo=0x0756c811 last_status=0x04800102 last_len=17 pan=0xdeca dst=0xffff src=0xb101 code=0xe0
UF;13691227;102548;0xdeca;0xb101;0xffff;0xe0;19717;7;2239;122;3623;17
UF;13691327;102549;0xdeca;0xb101;0xffff;0xe0;18765;7;2166;123;361;17
uwb any-frame t=13691427 good=102550 len=17 fctrl=8841 pan=0xdeca dst=0xffff src=0xb101 code=0xe0 q=19175 level=7 cir=2037 rxpacc=118 fp=751/5995/4601
UF;13691427;102550;0xdeca;0xb101;0xffff;0xe0;19175;7;2037;118;751;17
UF;13691525;102551;0xdeca;0xb101;0xffff;0xe0;17979;7;1910;118;1544;17
UF;13691626;102552;0xdeca;0xb101;0xffff;0xe0;18798;7;1997;118;798;17
UF;13691726;102553;0xdeca;0xb101;0xffff;0xe0;22593;8;2441;119;993;17
UF;13691826;102554;0xdeca;0xb101;0xffff;0xe0;22551;8;2603;123;2641;17
UF;13691926;102555;0xdeca;0xb101;0xffff;0xe0;19113;7;2065;119;804;17
UF;13692026;102556;0xdeca;0xb101;0xffff;0xe0;19617;7;2084;118;240;17
UF;13692127;102557;0xdeca;0xb101;0xffff;0xe0;19068;7;2130;121;892;17
listener debug sel=A valid=1 age=9458635 level=7 good=102557 accepted=24555 badhdr=0 nonanchor=78002 toolong=0 rxerr=106 rxen_fail=0 rxen_last=0 sys_status=0x00800002 sys_state=000505440b rx_finfo=0x0796c811 last_status=0x04800102 last_len=17 pan=0xdeca dst=0xffff src=0xb101 code=0xe0
UF;13692226;102558;0xdeca;0xb101;0xffff;0xe0;22657;8;2658;124;3134;17
UF;13692326;102559;0xdeca;0xb101;0xffff;0xe0;18261;7;1940;118;297;17
UF;13692427;102560;0xdeca;0xb101;0xffff;0xe0;24847;8;2868;123;3301;17
UF;13692527;102561;0xdeca;0xb101;0xffff;0xe0;19222;7;2255;124;1671;17
UF;13692627;102562;0xdeca;0xb101;0xffff;0xe0;20078;7;2097;117;929;17
UF;13692727;102563;0xdeca;0xb101;0xffff;0xe0;17764;7;2084;124;2662;17
UF;13692828;102564;0xdeca;0xb101;0xffff;0xe0;17873;7;1931;119;950;17
UF;13692928;102565;0xdeca;0xb101;0xffff;0xe0;20038;7;2165;119;210;17
UF;13693028;102566;0xdeca;0xb101;0xffff;0xe0;18008;7;2045;122;1249;17
UF;13693128;102567;0xdeca;0xb101;0xffff;0xe0;18896;7;2076;120;418;17
listener debug sel=A valid=1 age=9459636 level=7 good=102567 accepted=24555 badhdr=0 nonanchor=78012 toolong=0 rxerr=106 rxen_fail=0 rxen_last=0 sys_status=0x00800002 sys_state=000505410b rx_finfo=0x0786c811 last_status=0x04800102 last_len=17 pan=0xdeca dst=0xffff src=0xb101 code=0xe0
UF;13693228;102568;0xdeca;0xb101;0xffff;0xe0;18979;7;2120;121;338;17
UF;13693328;102569;0xdeca;0xb101;0xffff;0xe0;21936;7;2491;122;2295;17
UF;13693428;102570;0xdeca;0xb101;0xffff;0xe0;23398;8;2657;122;913;17
UF;13693529;102571;0xdeca;0xb101;0xffff;0xe0;22542;8;2518;121;2823;17
UF;13693624;102572;0xdeca;0xb101;0xffff;0xe0;19215;7;2218;123;555;17
UF;13693636;102573;0xdeca;0xa107;0xb101;0xe1;15277;7;1623;118;5794;20
UL;13693636;24556;H;7;0xa107;0xb101;0xe1;15277;7;1623;118;5794;20
UF;13693727;102574;0xdeca;0xb101;0xffff;0xe0;21872;7;2403;120;1547;17
UF;13693827;102575;0xdeca;0xb101;0xffff;0xe0;22606;8;2652;124;585;17
UF;13693927;102576;0xdeca;0xb101;0xffff;0xe0;18977;7;2155;122;2557;17
UF;13694028;102577;0xdeca;0xb101;0xffff;0xe0;18441;7;2026;120;326;17
UF;13694128;102578;0xdeca;0xb101;0xffff;0xe0;18323;7;2115;123;1091;17
listener debug sel=A valid=1 age=9460636 level=7 good=102578 accepted=24556 badhdr=0 nonanchor=78022 toolong=0 rxerr=106 rxen_fail=0 rxen_last=0 sys_status=0x00800002 sys_state=000505440b rx_finfo=0x07b6c811 last_status=0x04800102 last_len=17 pan=0xdeca dst=0xffff src=0xb101 code=0xe0
UF;13694227;102579;0xdeca;0xb101;0xffff;0xe0;19050;7;2128;121;606;17
UF;13694328;102580;0xdeca;0xb101;0xffff;0xe0;18236;7;2105;123;1001;17
UF;13694428;102581;0xdeca;0xb101;0xffff;0xe0;20907;7;2221;118;1607;17
UF;13694528;102582;0xdeca;0xb101;0xffff;0xe0;18632;7;2047;120;416;17
UF;13694628;102583;0xdeca;0xb101;0xffff;0xe0;18493;7;1998;119;931;17
UF;13694729;102584;0xdeca;0xb101;0xffff;0xe0;23510;8;2758;124;2217;17
UF;13694824;102585;0xdeca;0xb101;0xffff;0xe0;21075;7;2277;119;788;17
UF;13694836;102586;0xdeca;0xa107;0xb101;0xe1;15792;7;1735;120;6472;20
UL;13694836;24557;H;7;0xa107;0xb101;0xe1;15792;7;1735;120;6472;20
UF;13694927;102587;0xdeca;0xb101;0xffff;0xe0;17718;7;2012;122;1263;17
UF;13695027;102588;0xdeca;0xb101;0xffff;0xe0;22649;8;2700;125;400;17
UF;13695128;102589;0xdeca;0xb101;0xffff;0xe0;18415;7;2057;121;1177;17
listener debug sel=A valid=1 age=9461636 level=7 good=102589 accepted=24557 badhdr=0 nonanchor=78032 toolong=0 rxerr=106 rxen_fail=0 rxen_last=0 sys_status=0x00800002 sys_state=000505410b rx_finfo=0x0796c811 last_status=0x04800102 last_len=17 pan=0xdeca dst=0xffff src=0xb101 code=0xe0
UF;13695227;102590;0xdeca;0xb101;0xffff;0xe0;22605;8;2567;122;1322;17
UF;13695327;102591;0xdeca;0xb101;0xffff;0xe0;18914;7;2078;120;913;17
UF;13695428;102592;0xdeca;0xb101;0xffff;0xe0;25023;8;2983;125;4056;17
UF;13695528;102593;0xdeca;0xb101;0xffff;0xe0;18355;7;1917;117;475;17
UF;13695628;102594;0xdeca;0xb101;0xffff;0xe0;19193;7;2144;121;2359;17
UF;13695728;102595;0xdeca;0xb101;0xffff;0xe0;18977;7;1982;117;2425;17
UF;13695829;102596;0xdeca;0xb101;0xffff;0xe0;18506;7;2171;124;2059;17
UF;13695924;102597;0xdeca;0xb101;0xffff;0xe0;21293;7;2262;118;1359;17
UF;13695936;102598;0xdeca;0xa107;0xb101;0xe1;15488;7;1817;124;6615;20
UL;13695936;24558;H;7;0xa107;0xb101;0xe1;15488;7;1817;124;6615;20
UF;13696027;102599;0xdeca;0xb101;0xffff;0xe0;17995;7;1977;120;1440;17
uwb any-frame t=13696127 good=102600 len=17 fctrl=8841 pan=0xdeca dst=0xffff src=0xb101 code=0xe0 q=23025 level=8 cir=2446 rxpacc=118 fp=1727/6321/4728
UF;13696127;102600;0xdeca;0xb101;0xffff;0xe0;23025;8;2446;118;1727;17
listener debug sel=A valid=1 age=9462639 level=7 good=102600 accepted=24558 badhdr=0 nonanchor=78042 toolong=0 rxerr=106 rxen_fail=0 rxen_last=0 sys_status=0x00800002 sys_state=000505450b rx_finfo=0x0766c811 last_status=0x04800102 last_len=17 pan=0xdeca dst=0xffff src=0xb101 code=0xe0
UF;13696225;102601;0xdeca;0xb101;0xffff;0xe0;19561;7;2043;117;1990;17
UF;13696325;102602;0xdeca;0xb101;0xffff;0xe0;23133;8;2416;117;3784;17
UF;13696426;102603;0xdeca;0xb101;0xffff;0xe0;18048;7;1950;119;1516;17
UF;13696526;102604;0xdeca;0xb101;0xffff;0xe0;19187;7;2073;119;1193;17
UF;13696626;102605;0xdeca;0xb101;0xffff;0xe0;22389;8;2669;125;2550;17
UF;13696726;102606;0xdeca;0xb101;0xffff;0xe0;23670;8;2644;121;3268;17
UF;13696827;102607;0xdeca;0xb101;0xffff;0xe0;19730;7;2096;118;3140;17
UF;13696927;102608;0xdeca;0xb101;0xffff;0xe0;21053;7;2313;120;578;17
UF;13697027;102609;0xdeca;0xb101;0xffff;0xe0;19979;7;2195;120;389;17
UF;13697127;102610;0xdeca;0xb101;0xffff;0xe0;18058;7;1984;120;2290;17
listener debug sel=A valid=1 age=9463641 level=7 good=102610 accepted=24558 badhdr=0 nonanchor=78052 toolong=0 rxerr=106 rxen_fail=0 rxen_last=0 sys_status=0x00800002 sys_state=000505450b rx_finfo=0x0786c811 last_status=0x04800102 last_len=17 pan=0xdeca dst=0xffff src=0xb101 code=0xe0
UF;13697227;102611;0xdeca;0xb101;0xffff;0xe0;19141;7;2068;119;3387;17
UF;13697328;102612;0xdeca;0xb101;0xffff;0xe0;20782;7;2438;124;1686;17
UF;13697428;102613;0xdeca;0xb101;0xffff;0xe0;19346;7;2161;121;494;17
UF;13697528;102614;0xdeca;0xb101;0xffff;0xe0;20136;7;2103;117;209;17
UF;13697628;102615;0xdeca;0xb101;0xffff;0xe0;22984;8;2653;123;2558;17
UF;13697728;102616;0xdeca;0xb101;0xffff;0xe0;18860;7;2177;123;1641;17
UF;13697829;102617;0xdeca;0xb101;0xffff;0xe0;18462;7;2131;123;818;17
UF;13697924;102618;0xdeca;0xb101;0xffff;0xe0;18632;7;2047;120;1059;17
UF;13697936;102619;0xdeca;0xa107;0xb101;0xe1;16077;7;1737;119;4352;20
UL;13697936;24559;H;7;0xa107;0xb101;0xe1;16077;7;1737;119;4352;20
UF;13698027;102620;0xdeca;0xb101;0xffff;0xe0;19868;7;2075;117;204;17
UF;13698127;102621;0xdeca;0xb101;0xffff;0xe0;20342;7;2348;123;1217;17
UF;13698140;102622;0xdeca;0xa107;0xb101;0xe1;15802;7;1824;123;5917;20
UL;13698140;24560;H;7;0xa107;0xb101;0xe1;15802;7;1824;123;5917;20
listener debug sel=A valid=1 age=9464643 level=7 good=102622 accepted=24560 badhdr=0 nonanchor=78062 toolong=0 rxerr=106 rxen_fail=0 rxen_last=0 sys_status=0x00800002 sys_state=000505460b rx_finfo=0x07b6c814 last_status=0x04800102 last_len=20 pan=0xdeca dst=0xb101 src=0xa107 code=0xe1
listener debug sel=A valid=1 age=9465644 level=7 good=102622 accepted=24560 badhdr=0 nonanchor=78062 toolong=0 rxerr=106 rxen_fail=0 rxen_last=0 sys_status=0x00800002 sys_state=000505430b rx_finfo=0x07b6c814 last_status=0x04800102 last_len=20 pan=0xdeca dst=0xb101 src=0xa107 code=0xe1
listener debug sel=A valid=1 age=9466644 level=7 good=102622 accepted=24560 badhdr=0 nonanchor=78062 toolong=0 rxerr=106 rxen_fail=0 rxen_last=0 sys_status=0x00800002 sys_state=000505400b rx_finfo=0x07b6c814 last_status=0x04800102 last_len=20 pan=0xdeca dst=0xb101 src=0xa107 code=0xe1
listener debug sel=A valid=1 age=9467644 level=7 good=102622 accepted=24560 badhdr=0 nonanchor=78062 toolong=0 rxerr=106 rxen_fail=0 rxen_last=0 sys_status=0x00800002 sys_state=000505430b rx_finfo=0x07b6c814 last_status=0x04800102 last_len=20 pan=0xdeca dst=0xb101 src=0xa107 code=0xe1
UF;13701251;102623;0xdeca;0xb101;0xffff;0xe0;19364;7;2163;121;365;17
listener debug sel=A valid=1 age=9468647 level=7 good=102623 accepted=24560 badhdr=0 nonanchor=78063 toolong=0 rxerr=106 rxen_fail=0 rxen_last=0 sys_status=0x00800002 sys_state=000505470b rx_finfo=0x0796c811 last_status=0x04800102 last_len=17 pan=0xdeca dst=0xffff src=0xb101 code=0xe0
listener debug sel=A valid=1 age=9469647 level=7 good=102623 accepted=24560 badhdr=0 nonanchor=78063 toolong=0 rxerr=106 rxen_fail=0 rxen_last=0 sys_status=0x00800002 sys_state=000505430b rx_finfo=0x0796c811 last_status=0x04800102 last_len=17 pan=0xdeca dst=0xffff src=0xb101 code=0xe0
listener debug sel=A valid=1 age=9470647 level=7 good=102623 accepted=24560 badhdr=0 nonanchor=78063 toolong=0 rxerr=106 rxen_fail=0 rxen_last=0 sys_status=0x00800002 sys_state=000505400b rx_finfo=0x0796c811 last_status=0x04800102 last_len=17 pan=0xdeca dst=0xffff src=0xb101 code=0xe0
listener debug sel=A valid=1 age=9471648 level=7 good=102623 accepted=24560 badhdr=0 nonanchor=78063 toolong=0 rxerr=106 rxen_fail=0 rxen_last=0 sys_status=0x00800002 sys_state=000505460b rx_finfo=0x0796c811 last_status=0x04800102 last_len=17 pan=0xdeca dst=0xffff src=0xb101 code=0xe0
listener debug sel=A valid=1 age=9472649 level=7 good=102623 accepted=24560 badhdr=0 nonanchor=78063 toolong=0 rxerr=106 rxen_fail=0 rxen_last=0 sys_status=0x00800002 sys_state=000505470b rx_finfo=0x0796c811 last_status=0x04800102 last_len=17 pan=0xdeca dst=0xffff src=0xb101 code=0xe0
listener debug sel=A valid=1 age=9473649 level=7 good=102623 accepted=24560 badhdr=0 nonanchor=78063 toolong=0 rxerr=106 rxen_fail=0 rxen_last=0 sys_status=0x00800002 sys_state=000505470b rx_finfo=0x0796c811 last_status=0x04800102 last_len=17 pan=0xdeca dst=0xffff src=0xb101 code=0xe0
listener debug sel=A valid=1 age=9474650 level=7 good=102623 accepted=24560 badhdr=0 nonanchor=78063 toolong=0 rxerr=106 rxen_fail=0 rxen_last=0 sys_status=0x00800002 sys_state=000505400b rx_finfo=0x0796c811 last_status=0x04800102 last_len=17 pan=0xdeca dst=0xffff src=0xb101 code=0xe0
listener debug sel=A valid=1 age=9475650 level=7 good=102623 accepted=24560 badhdr=0 nonanchor=78063 toolong=0 rxerr=106 rxen_fail=0 rxen_last=0 sys_status=0x00800002 sys_state=000505480b rx_finfo=0x0796c811 last_status=0x04800102 last_len=17 pan=0xdeca dst=0xffff src=0xb101 code=0xe0
listener debug sel=A valid=1 age=9476651 level=7 good=102623 accepted=24560 badhdr=0 nonanchor=78063 toolong=0 rxerr=106 rxen_fail=0 rxen_last=0 sys_status=0x00800002 sys_state=000505430b rx_finfo=0x0796c811 last_status=0x04800102 last_len=17 pan=0xdeca dst=0xffff src=0xb101 code=0xe0
listener debug sel=A valid=1 age=9477652 level=7 good=102623 accepted=24560 badhdr=0 nonanchor=78063 toolong=0 rxerr=106 rxen_fail=0 rxen_last=0 sys_status=0x00800002 sys_state=000505460b rx_finfo=0x0796c811 last_status=0x04800102 last_len=17 pan=0xdeca dst=0xffff src=0xb101 code=0xe0
listener debug sel=A valid=1 age=9478652 level=7 good=102623 accepted=24560 badhdr=0 nonanchor=78063 toolong=0 rxerr=106 rxen_fail=0 rxen_last=0 sys_status=0x00800002 sys_state=000505400b rx_finfo=0x0796c811 last_status=0x04800102 last_len=17 pan=0xdeca dst=0xffff src=0xb101 code=0xe0
listener debug sel=A valid=1 age=9479653 level=7 good=102623 accepted=24560 badhdr=0 nonanchor=78063 toolong=0 rxerr=106 rxen_fail=0 rxen_last=0 sys_status=0x00800002 sys_state=000505440b rx_finfo=0x0796c811 last_status=0x04800102 last_len=17 pan=0xdeca dst=0xffff src=0xb101 code=0xe0
listener debug sel=A valid=1 age=9480653 level=7 good=102623 accepted=24560 badhdr=0 nonanchor=78063 toolong=0 rxerr=106 rxen_fail=0 rxen_last=0 sys_status=0x00800002 sys_state=000505410b rx_finfo=0x0796c811 last_status=0x04800102 last_len=17 pan=0xdeca dst=0xffff src=0xb101 code=0xe0
listener debug sel=A valid=1 age=9481654 level=7 good=102623 accepted=24560 badhdr=0 nonanchor=78063 toolong=0 rxerr=106 rxen_fail=0 rxen_last=0 sys_status=0x00800002 sys_state=000505400b rx_finfo=0x0796c811 last_status=0x04800102 last_len=17 pan=0xdeca dst=0xffff src=0xb101 code=0xe0
listener debug sel=A valid=1 age=9482655 level=7 good=102623 accepted=24560 badhdr=0 nonanchor=78063 toolong=0 rxerr=106 rxen_fail=0 rxen_last=0 sys_status=0x00800002 sys_state=000505410b rx_finfo=0x0796c811 last_status=0x04800102 last_len=17 pan=0xdeca dst=0xffff src=0xb101 code=0xe0
listener debug sel=A valid=1 age=9483655 level=7 good=102623 accepted=24560 badhdr=0 nonanchor=78063 toolong=0 rxerr=106 rxen_fail=0 rxen_last=0 sys_status=0x00800002 sys_state=000505440b rx_finfo=0x0796c811 last_status=0x04800102 last_len=17 pan=0xdeca dst=0xffff src=0xb101 code=0xe0
listener debug sel=A valid=1 age=9484656 level=7 good=102623 accepted=24560 badhdr=0 nonanchor=78063 toolong=0 rxerr=106 rxen_fail=0 rxen_last=0 sys_status=0x00800002 sys_state=000505440b rx_finfo=0x0796c811 last_status=0x04800102 last_len=17 pan=0xdeca dst=0xffff src=0xb101 code=0xe0
listener debug sel=A valid=1 age=9485657 level=7 good=102623 accepted=24560 badhdr=0 nonanchor=78063 toolong=0 rxerr=106 rxen_fail=0 rxen_last=0 sys_status=0x00800002 sys_state=000505460b rx_finfo=0x0796c811 last_status=0x04800102 last_len=17 pan=0xdeca dst=0xffff src=0xb101 code=0xe0
listener debug sel=A valid=1 age=9486658 level=7 good=102623 accepted=24560 badhdr=0 nonanchor=78063 toolong=0 rxerr=106 rxen_fail=0 rxen_last=0 sys_status=0x00800002 sys_state=000505440b rx_finfo=0x0796c811 last_status=0x04800102 last_len=17 pan=0xdeca dst=0xffff src=0xb101 code=0xe0
listener debug sel=A valid=1 age=9487658 level=7 good=102623 accepted=24560 badhdr=0 nonanchor=78063 toolong=0 rxerr=106 rxen_fail=0 rxen_last=0 sys_status=0x00800002 sys_state=000505440b rx_finfo=0x0796c811 last_status=0x04800102 last_len=17 pan=0xdeca dst=0xffff src=0xb101 code=0xe0
listener debug sel=A valid=1 age=9488658 level=7 good=102623 accepted=24560 badhdr=0 nonanchor=78063 toolong=0 rxerr=106 rxen_fail=0 rxen_last=0 sys_status=0x00800002 sys_state=000505450b rx_finfo=0x0796c811 last_status=0x04800102 last_len=17 pan=0xdeca dst=0xffff src=0xb101 code=0xe0
UF;13723081;102624;0xdeca;0xb101;0xffff;0xe0;19005;7;2019;118;1848;17
UF;13723093;102625;0xdeca;0xa107;0xb101;0xe1;15707;7;1697;119;3725;20
UL;13723093;24561;H;7;0xa107;0xb101;0xe1;15707;7;1697;119;3725;20
UF;13723184;102626;0xdeca;0xb101;0xffff;0xe0;18400;7;1988;119;1655;17
listener debug sel=A valid=1 age=9489661 level=7 good=102626 accepted=24561 badhdr=0 nonanchor=78065 toolong=0 rxerr=106 rxen_fail=0 rxen_last=0 sys_status=0x00800002 sys_state=000505460b rx_finfo=0x0776c811 last_status=0x04800102 last_len=17 pan=0xdeca dst=0xffff src=0xb101 code=0xe0
UF;13723284;102627;0xdeca;0xb101;0xffff;0xe0;17632;7;1905;119;1607;17
UF;13723384;102628;0xdeca;0xb101;0xffff;0xe0;18873;7;2005;118;2553;17
UF;13723484;102629;0xdeca;0xb101;0xffff;0xe0;21404;7;2511;124;439;17
UF;13723585;102630;0xdeca;0xb101;0xffff;0xe0;19338;7;2196;122;2434;17
UF;13723685;102631;0xdeca;0xb101;0xffff;0xe0;19766;7;2208;121;264;17
UF;13723785;102632;0xdeca;0xb101;0xffff;0xe0;21089;7;2474;124;812;17
UF;13723885;102633;0xdeca;0xb101;0xffff;0xe0;19063;7;1991;117;467;17
UF;13723986;102634;0xdeca;0xb101;0xffff;0xe0;19709;7;2275;123;1515;17
UF;13724081;102635;0xdeca;0xb101;0xffff;0xe0;18860;7;2177;123;800;17
UF;13724093;102636;0xdeca;0xa107;0xb101;0xe1;15424;7;1723;121;6432;20
UL;13724093;24562;H;7;0xa107;0xb101;0xe1;15424;7;1723;121;6432;20
UF;13724184;102637;0xdeca;0xb101;0xffff;0xe0;19437;7;2030;117;121;17
listener debug sel=A valid=1 age=9490661 level=7 good=102637 accepted=24562 badhdr=0 nonanchor=78075 toolong=0 rxerr=106 rxen_fail=0 rxen_last=0 sys_status=0x00800002 sys_state=000505480b rx_finfo=0x0756c811 last_status=0x04800102 last_len=17 pan=0xdeca dst=0xffff src=0xb101 code=0xe0
UF;13724284;102638;0xdeca;0xb101;0xffff;0xe0;19560;7;2185;121;929;17
UF;13724384;102639;0xdeca;0xb101;0xffff;0xe0;20388;7;2240;120;295;17
UF;13724484;102640;0xdeca;0xb101;0xffff;0xe0;20742;7;2317;121;300;17
UF;13724584;102641;0xdeca;0xb101;0xffff;0xe0;22463;8;2427;119;832;17
UF;13724684;102642;0xdeca;0xb101;0xffff;0xe0;18249;7;1906;117;2072;17
UF;13724785;102643;0xdeca;0xb101;0xffff;0xe0;19955;7;2341;124;305;17
UF;13724885;102644;0xdeca;0xb101;0xffff;0xe0;19205;7;2110;120;940;17
UF;13724985;102645;0xdeca;0xb101;0xffff;0xe0;18609;7;2148;123;2756;17
UF;13725086;102646;0xdeca;0xb101;0xffff;0xe0;20353;7;2199;119;2899;17
UF;13725181;102647;0xdeca;0xb101;0xffff;0xe0;19984;7;2123;118;2174;17
UF;13725193;102648;0xdeca;0xa107;0xb101;0xe1;15096;7;1631;119;3975;20
UL;13725193;24563;H;7;0xa107;0xb101;0xe1;15096;7;1631;119;3975;20
listener debug sel=A valid=1 age=9491661 level=7 good=102648 accepted=24563 badhdr=0 nonanchor=78085 toolong=0 rxerr=106 rxen_fail=0 rxen_last=0 sys_status=0x00800002 sys_state=000505470b rx_finfo=0x0776c814 last_status=0x04800102 last_len=20 pan=0xdeca dst=0xb101 src=0xa107 code=0xe1
UF;13725283;102649;0xdeca;0xb101;0xffff;0xe0;20023;7;2349;124;816;17
uwb any-frame t=13725384 good=102650 len=17 fctrl=8841 pan=0xdeca dst=0xffff src=0xb101 code=0xe0 q=19274 level=7 cir=2013 rxpacc=117 fp=903/5093/5990
UF;13725384;102650;0xdeca;0xb101;0xffff;0xe0;19274;7;2013;117;903;17
UF;13725482;102651;0xdeca;0xb101;0xffff;0xe0;20042;7;2276;122;2083;17
UF;13725582;102652;0xdeca;0xb101;0xffff;0xe0;20447;7;2284;121;481;17
UF;13725682;102653;0xdeca;0xb101;0xffff;0xe0;21326;7;2343;120;1441;17
UF;13725782;102654;0xdeca;0xb101;0xffff;0xe0;21061;7;2431;123;282;17
UF;13725883;102655;0xdeca;0xb101;0xffff;0xe0;18167;7;2097;123;1895;17
UF;13725983;102656;0xdeca;0xb101;0xffff;0xe0;19952;7;2192;120;2633;17
UF;13726083;102657;0xdeca;0xb101;0xffff;0xe0;18977;7;2155;122;1894;17
UF;13726183;102658;0xdeca;0xb101;0xffff;0xe0;19497;7;2214;122;651;17
listener debug sel=A valid=1 age=9492666 level=7 good=102658 accepted=24563 badhdr=0 nonanchor=78095 toolong=0 rxerr=106 rxen_fail=0 rxen_last=0 sys_status=0x00800002 sys_state=000505400b rx_finfo=0x07a6c811 last_status=0x04800102 last_len=17 pan=0xdeca dst=0xffff src=0xb101 code=0xe0
UF;13726283;102659;0xdeca;0xb101;0xffff;0xe0;19026;7;2232;124;1025;17
UF;13726383;102660;0xdeca;0xb101;0xffff;0xe0;20069;7;2279;122;463;17
UF;13726483;102661;0xdeca;0xb101;0xffff;0xe0;19594;7;2117;119;738;17
UF;13726584;102662;0xdeca;0xb101;0xffff;0xe0;18316;7;1913;117;939;17
UF;13726684;102663;0xdeca;0xb101;0xffff;0xe0;19928;7;2117;118;477;17
UF;13726784;102664;0xdeca;0xb101;0xffff;0xe0;20773;7;2359;122;398;17
UF;13726884;102665;0xdeca;0xb101;0xffff;0xe0;19296;7;2120;120;201;17
UF;13726984;102666;0xdeca;0xb101;0xffff;0xe0;19536;7;2255;123;2620;17
UF;13727085;102667;0xdeca;0xb101;0xffff;0xe0;17521;7;1925;120;2482;17
UF;13727185;102668;0xdeca;0xb101;0xffff;0xe0;19231;7;2043;118;1470;17
listener debug sel=A valid=1 age=9493667 level=7 good=102668 accepted=24563 badhdr=0 nonanchor=78105 toolong=0 rxerr=106 rxen_fail=0 rxen_last=0 sys_status=0x00800002 sys_state=000505440b rx_finfo=0x0766c811 last_status=0x04800102 last_len=17 pan=0xdeca dst=0xffff src=0xb101 code=0xe0
UF;13727285;102669;0xdeca;0xb101;0xffff;0xe0;19740;7;2205;121;765;17
UF;13727385;102670;0xdeca;0xb101;0xffff;0xe0;20534;7;2256;120;2828;17
UF;13727485;102671;0xdeca;0xb101;0xffff;0xe0;17282;7;1836;118;2615;17
UF;13727585;102672;0xdeca;0xb101;0xffff;0xe0;19437;7;2100;119;121;17
UF;13727686;102673;0xdeca;0xb101;0xffff;0xe0;19162;7;2176;122;200;17
UF;13727781;102674;0xdeca;0xb101;0xffff;0xe0;19035;7;2233;124;488;17
UF;13727793;102675;0xdeca;0xa107;0xb101;0xe1;15151;7;1637;119;5912;20
UL;13727793;24564;H;7;0xa107;0xb101;0xe1;15151;7;1637;119;5912;20
UF;13727884;102676;0xdeca;0xb101;0xffff;0xe0;19816;7;2141;119;949;17
UF;13727984;102677;0xdeca;0xb101;0xffff;0xe0;19553;7;2257;123;204;17
UF;13728084;102678;0xdeca;0xb101;0xffff;0xe0;19739;7;2097;118;1835;17
UF;13728184;102679;0xdeca;0xb101;0xffff;0xe0;20258;7;2415;125;124;17
listener debug sel=A valid=1 age=9494667 level=7 good=102679 accepted=24564 badhdr=0 nonanchor=78115 toolong=0 rxerr=106 rxen_fail=0 rxen_last=0 sys_status=0x00800002 sys_state=000505460b rx_finfo=0x07d6c811 last_status=0x04800102 last_len=17 pan=0xdeca dst=0xffff src=0xb101 code=0xe0
UF;13728284;102680;0xdeca;0xb101;0xffff;0xe0;20280;7;2303;122;1156;17
UF;13728384;102681;0xdeca;0xb101;0xffff;0xe0;19787;7;2284;123;375;17
UF;13728484;102682;0xdeca;0xb101;0xffff;0xe0;18947;7;2187;123;354;17
UF;13728585;102683;0xdeca;0xb101;0xffff;0xe0;21916;7;2571;124;1526;17
UF;13728685;102684;0xdeca;0xb101;0xffff;0xe0;19724;7;2131;119;761;17
UF;13728785;102685;0xdeca;0xb101;0xffff;0xe0;18113;7;1990;120;1242;17
UF;13728886;102686;0xdeca;0xb101;0xffff;0xe0;20289;7;2304;122;726;17
UF;13728986;102687;0xdeca;0xb101;0xffff;0xe0;19393;7;2275;124;910;17
UF;13729081;102688;0xdeca;0xb101;0xffff;0xe0;18814;7;1965;117;2043;17
UF;13729093;102689;0xdeca;0xa107;0xb101;0xe1;15736;7;1846;124;6617;20
UL;13729093;24565;H;7;0xa107;0xb101;0xe1;15736;7;1846;124;6617;20
UF;13729184;102690;0xdeca;0xb101;0xffff;0xe0;20122;7;2285;122;682;17
listener debug sel=A valid=1 age=9495671 level=7 good=102690 accepted=24565 badhdr=0 nonanchor=78125 toolong=0 rxerr=106 rxen_fail=0 rxen_last=0 sys_status=0x00800002 sys_state=000505460b rx_finfo=0x07a6c811 last_status=0x04800102 last_len=17 pan=0xdeca dst=0xffff src=0xb101 code=0xe0
UF;13729284;102691;0xdeca;0xb101;0xffff;0xe0;20694;7;2350;122;567;17
UF;13729384;102692;0xdeca;0xb101;0xffff;0xe0;19620;7;2228;122;578;17
UF;13729484;102693;0xdeca;0xb101;0xffff;0xe0;18544;7;1970;118;1455;17
UF;13729584;102694;0xdeca;0xb101;0xffff;0xe0;18914;7;2078;120;947;17
UF;13729685;102695;0xdeca;0xb101;0xffff;0xe0;20989;7;2306;120;482;17
UF;13729785;102696;0xdeca;0xb101;0xffff;0xe0;19077;7;2238;124;350;17
UF;13729885;102697;0xdeca;0xb101;0xffff;0xe0;18506;7;2171;124;3317;17
UF;13729985;102698;0xdeca;0xb101;0xffff;0xe0;18911;7;2009;118;431;17
UF;13730086;102699;0xdeca;0xb101;0xffff;0xe0;18167;7;2063;122;1498;17
uwb any-frame t=13730181 good=102700 len=17 fctrl=8841 pan=0xdeca dst=0xffff src=0xb101 code=0xe0 q=20304 level=7 cir=2157 rxpacc=118 fp=3385/6049/3389
UF;13730181;102700;0xdeca;0xb101;0xffff;0xe0;20304;7;2157;118;3385;17
listener debug sel=A valid=1 age=9496671 level=7 good=102700 accepted=24565 badhdr=0 nonanchor=78135 toolong=0 rxerr=106 rxen_fail=0 rxen_last=0 sys_status=0x00800002 sys_state=000505440b rx_finfo=0x0766c811 last_status=0x04800102 last_len=17 pan=0xdeca dst=0xffff src=0xb101 code=0xe0
UF;13730283;102701;0xdeca;0xb101;0xffff;0xe0;19513;7;2038;117;149;17
UF;13730384;102702;0xdeca;0xb101;0xffff;0xe0;17991;7;1879;117;1532;17
UF;13730484;102703;0xdeca;0xb101;0xffff;0xe0;19520;7;2109;119;2091;17
UF;13730584;102704;0xdeca;0xb101;0xffff;0xe0;19319;7;2158;121;123;17
UF;13730684;102705;0xdeca;0xb101;0xffff;0xe0;18095;7;1988;120;2142;17
UF;13730785;102706;0xdeca;0xb101;0xffff;0xe0;20963;7;2499;125;100;17
UF;13730885;102707;0xdeca;0xb101;0xffff;0xe0;19478;7;2140;120;183;17
UF;13730985;102708;0xdeca;0xb101;0xffff;0xe0;19874;7;2294;123;148;17
UF;13731085;102709;0xdeca;0xb101;0xffff;0xe0;18518;7;1934;117;1233;17
UF;13731186;102710;0xdeca;0xb101;0xffff;0xe0;19631;7;2303;124;625;17
listener debug sel=A valid=1 age=9497673 level=7 good=102710 accepted=24565 badhdr=0 nonanchor=78145 toolong=0 rxerr=106 rxen_fail=0 rxen_last=0 sys_status=0x00800002 sys_state=000505460b rx_finfo=0x07c6c811 last_status=0x04800102 last_len=17 pan=0xdeca dst=0xffff src=0xb101 code=0xe0
UF;13731285;102711;0xdeca;0xb101;0xffff;0xe0;18149;7;1928;118;2229;17
UF;13731385;102712;0xdeca;0xb101;0xffff;0xe0;18650;7;2049;120;1730;17
UF;13731486;102713;0xdeca;0xb101;0xffff;0xe0;19802;7;2212;121;400;17
UF;13731586;102714;0xdeca;0xb101;0xffff;0xe0;19222;7;2042;118;239;17
UF;13731686;102715;0xdeca;0xb101;0xffff;0xe0;18334;7;2048;121;1506;17
UF;13731781;102716;0xdeca;0xb101;0xffff;0xe0;18968;7;2154;122;288;17
UF;13731793;102717;0xdeca;0xa107;0xb101;0xe1;14939;7;1587;118;5469;20
UL;13731793;24566;H;7;0xa107;0xb101;0xe1;14939;7;1587;118;5469;20
UF;13731884;102718;0xdeca;0xb101;0xffff;0xe0;18983;7;2227;124;418;17
UF;13731984;102719;0xdeca;0xb101;0xffff;0xe0;20151;7;2364;124;1077;17
UF;13732085;102720;0xdeca;0xb101;0xffff;0xe0;19069;7;2237;124;2259;17
UF;13732185;102721;0xdeca;0xb101;0xffff;0xe0;20424;7;2396;124;293;17
listener debug sel=A valid=1 age=9498678 level=7 good=102721 accepted=24566 badhdr=0 nonanchor=78155 toolong=0 rxerr=106 rxen_fail=0 rxen_last=0 sys_status=0x00800002 sys_state=000505450b rx_finfo=0x07c6c811 last_status=0x04800102 last_len=17 pan=0xdeca dst=0xffff src=0xb101 code=0xe0
UF;13732285;102722;0xdeca;0xb101;0xffff;0xe0;18149;7;1994;120;1278;17
UF;13732385;102723;0xdeca;0xb101;0xffff;0xe0;19269;7;2117;120;397;17
UF;13732485;102724;0xdeca;0xb101;0xffff;0xe0;19024;7;2021;118;250;17
UF;13732585;102725;0xdeca;0xb101;0xffff;0xe0;20330;7;2385;124;3110;17
UF;13732686;102726;0xdeca;0xb101;0xffff;0xe0;20032;7;2350;124;436;17
UF;13732781;102727;0xdeca;0xb101;0xffff;0xe0;18760;7;1993;118;2071;17
UF;13732793;102728;0xdeca;0xa107;0xb101;0xe1;14407;7;1636;122;5361;20
UL;13732793;24567;H;7;0xa107;0xb101;0xe1;14407;7;1636;122;5361;20
UF;13732884;102729;0xdeca;0xb101;0xffff;0xe0;19620;7;2339;125;654;17
UF;13732985;102730;0xdeca;0xb101;0xffff;0xe0;17910;7;1935;119;1364;17
UF;13733085;102731;0xdeca;0xb101;0xffff;0xe0;18307;7;1912;117;2317;17
UF;13733185;102732;0xdeca;0xb101;0xffff;0xe0;21172;7;2524;125;874;17
listener debug sel=A valid=1 age=9499678 level=7 good=102732 accepted=24567 badhdr=0 nonanchor=78165 toolong=0 rxerr=106 rxen_fail=0 rxen_last=0 sys_status=0x00800002 sys_state=000505440b rx_finfo=0x07d6c811 last_status=0x04800102 last_len=17 pan=0xdeca dst=0xffff src=0xb101 code=0xe0
UF;13733285;102733;0xdeca;0xb101;0xffff;0xe0;20322;7;2384;124;535;17
UF;13733385;102734;0xdeca;0xb101;0xffff;0xe0;19688;7;2163;120;929;17
UF;13733485;102735;0xdeca;0xb101;0xffff;0xe0;18990;7;2192;123;1952;17
UF;13733586;102736;0xdeca;0xb101;0xffff;0xe0;18532;7;2174;124;1614;17
UF;13733681;102737;0xdeca;0xb101;0xffff;0xe0;20837;7;2484;125;382;17
UF;13733693;102738;0xdeca;0xa107;0xb101;0xe1;15079;7;1769;124;5408;20
UL;13733693;24568;H;7;0xa107;0xb101;0xe1;15079;7;1769;124;5408;20
UF;13733784;102739;0xdeca;0xb101;0xffff;0xe0;19529;7;2291;124;85;17
UF;13733884;102740;0xdeca;0xb101;0xffff;0xe0;18723;7;2057;120;244;17
UF;13733984;102741;0xdeca;0xb101;0xffff;0xe0;18694;7;1986;118;1249;17
UF;13734085;102742;0xdeca;0xb101;0xffff;0xe0;18220;7;2069;122;3189;17
UF;13734185;102743;0xdeca;0xb101;0xffff;0xe0;19405;7;2132;120;550;17
listener debug sel=A valid=1 age=9500682 level=7 good=102743 accepted=24568 badhdr=0 nonanchor=78175 toolong=0 rxerr=106 rxen_fail=0 rxen_last=0 sys_status=0x00800002 sys_state=000505470b rx_finfo=0x0786c811 last_status=0x04800102 last_len=17 pan=0xdeca dst=0xffff src=0xb101 code=0xe0
UF;13734284;102744;0xdeca;0xb101;0xffff;0xe0;18219;7;2103;123;1244;17
UF;13734385;102745;0xdeca;0xb101;0xffff;0xe0;18215;7;1968;119;1626;17
UF;13734485;102746;0xdeca;0xb101;0xffff;0xe0;18506;7;1966;118;2662;17
UF;13734585;102747;0xdeca;0xb101;0xffff;0xe0;20520;7;2217;119;1311;17
UF;13734686;102748;0xdeca;0xb101;0xffff;0xe0;19096;7;2098;120;119;17
UF;13734781;102749;0xdeca;0xb101;0xffff;0xe0;20325;7;2233;120;2607;17
uwb any-frame t=13734793 good=102750 len=20 fctrl=8841 pan=0xdeca dst=0xb101 src=0xa107 code=0xe1 q=15712 level=7 cir=1641 rxpacc=117 fp=5826/6691/5704
UF;13734793;102750;0xdeca;0xa107;0xb101;0xe1;15712;7;1641;117;5826;20
UL;13734793;24569;H;7;0xa107;0xb101;0xe1;15712;7;1641;117;5826;20
UF;13734882;102751;0xdeca;0xb101;0xffff;0xe0;19964;7;2342;124;269;17
UF;13734982;102752;0xdeca;0xb101;0xffff;0xe0;20139;7;2287;122;313;17
UF;13735082;102753;0xdeca;0xb101;0xffff;0xe0;20773;7;2359;122;118;17
UF;13735182;102754;0xdeca;0xb101;0xffff;0xe0;21226;7;2371;121;2485;17
listener debug sel=A valid=1 age=9501685 level=7 good=102754 accepted=24569 badhdr=0 nonanchor=78185 toolong=0 rxerr=106 rxen_fail=0 rxen_last=0 sys_status=0x00800002 sys_state=000505410b rx_finfo=0x0796c811 last_status=0x04800102 last_len=17 pan=0xdeca dst=0xffff src=0xb101 code=0xe0
UF;13735282;102755;0xdeca;0xb101;0xffff;0xe0;19691;7;2310;124;212;17
UF;13735382;102756;0xdeca;0xb101;0xffff;0xe0;19452;7;2209;122;294;17
UF;13735483;102757;0xdeca;0xb101;0xffff;0xe0;19498;7;2178;121;226;17
UF;13735583;102758;0xdeca;0xb101;0xffff;0xe0;20463;7;2362;123;510;17
UF;13735683;102759;0xdeca;0xb101;0xffff;0xe0;19102;7;1995;117;1003;17
UF;13735783;102760;0xdeca;0xb101;0xffff;0xe0;20210;7;2147;118;818;17
UF;13735883;102761;0xdeca;0xb101;0xffff;0xe0;23644;8;2685;122;1634;17
UF;13735984;102762;0xdeca;0xb101;0xffff;0xe0;22797;8;2463;119;1351;17
UF;13736084;102763;0xdeca;0xb101;0xffff;0xe0;20610;7;2379;123;252;17
UF;13736184;102764;0xdeca;0xb101;0xffff;0xe0;19128;7;2244;124;3888;17
listener debug sel=A valid=1 age=9502687 level=7 good=102764 accepted=24569 badhdr=0 nonanchor=78195 toolong=0 rxerr=106 rxen_fail=0 rxen_last=0 sys_status=0x00800002 sys_state=000505440b rx_finfo=0x07c6c811 last_status=0x04800102 last_len=17 pan=0xdeca dst=0xffff src=0xb101 code=0xe0
UF;13736284;102765;0xdeca;0xb101;0xffff;0xe0;21971;7;2495;122;247;17
UF;13736384;102766;0xdeca;0xb101;0xffff;0xe0;19963;7;2085;117;213;17
UF;13736485;102767;0xdeca;0xb101;0xffff;0xe0;21988;7;2538;123;1721;17
UF;13736585;102768;0xdeca;0xb101;0xffff;0xe0;19437;7;2100;119;345;17
UF;13736685;102769;0xdeca;0xb101;0xffff;0xe0;17913;7;2001;121;2565;17
UF;13736785;102770;0xdeca;0xb101;0xffff;0xe0;19724;7;2060;117;168;17
UF;13736886;102771;0xdeca;0xb101;0xffff;0xe0;18686;7;2053;120;1799;17
UF;13736981;102772;0xdeca;0xb101;0xffff;0xe0;18483;7;1997;119;2422;17
UF;13736993;102773;0xdeca;0xa107;0xb101;0xe1;15173;7;1667;120;6146;20
UL;13736993;24570;H;7;0xa107;0xb101;0xe1;15173;7;1667;120;6146;20
UF;13737084;102774;0xdeca;0xb101;0xffff;0xe0;19328;7;2159;121;589;17
UF;13737184;102775;0xdeca;0xb101;0xffff;0xe0;22871;8;2683;124;2703;17
listener debug sel=A valid=1 age=9503687 level=7 good=102775 accepted=24570 badhdr=0 nonanchor=78205 toolong=0 rxerr=106 rxen_fail=0 rxen_last=0 sys_status=0x00800002 sys_state=000505440b rx_finfo=0x07c6c811 last_status=0x04800102 last_len=17 pan=0xdeca dst=0xffff src=0xb101 code=0xe0
UF;13737284;102776;0xdeca;0xb101;0xffff;0xe0;19986;7;2307;123;441;17
UF;13737384;102777;0xdeca;0xb101;0xffff;0xe0;18400;7;1988;119;935;17
UF;13737484;102778;0xdeca;0xb101;0xffff;0xe0;18710;7;2090;121;480;17
UF;13737584;102779;0xdeca;0xb101;0xffff;0xe0;20276;7;2154;118;263;17
UF;13737685;102780;0xdeca;0xb101;0xffff;0xe0;18753;7;2200;124;2562;17
UF;13737785;102781;0xdeca;0xb101;0xffff;0xe0;20203;7;2332;123;196;17
UF;13737885;102782;0xdeca;0xb101;0xffff;0xe0;22901;8;2516;120;720;17
UF;13737985;102783;0xdeca;0xb101;0xffff;0xe0;19001;7;2229;124;1248;17
UF;13738085;102784;0xdeca;0xb101;0xffff;0xe0;19211;7;2146;121;1913;17
UF;13738186;102785;0xdeca;0xb101;0xffff;0xe0;21323;7;2227;117;1264;17
listener debug sel=A valid=1 age=9504689 level=7 good=102785 accepted=24570 badhdr=0 nonanchor=78215 toolong=0 rxerr=106 rxen_fail=0 rxen_last=0 sys_status=0x00800002 sys_state=000505430b rx_finfo=0x0756c811 last_status=0x04800102 last_len=17 pan=0xdeca dst=0xffff src=0xb101 code=0xe0
UF;13738285;102786;0xdeca;0xb101;0xffff;0xe0;21151;7;2209;117;493;17
UF;13738386;102787;0xdeca;0xb101;0xffff;0xe0;20241;7;2114;117;305;17
UF;13738481;102788;0xdeca;0xb101;0xffff;0xe0;18370;7;2052;121;1258;17
UF;13738493;102789;0xdeca;0xa107;0xb101;0xe1;14948;7;1615;119;6509;20
UL;13738493;24571;H;7;0xa107;0xb101;0xe1;14948;7;1615;119;6509;20
UF;13738584;102790;0xdeca;0xb101;0xffff;0xe0;22577;8;2606;123;1144;17
UF;13738684;102791;0xdeca;0xb101;0xffff;0xe0;20348;7;2273;121;2403;17
UF;13738785;102792;0xdeca;0xb101;0xffff;0xe0;19400;7;2061;118;1031;17
UF;13738885;102793;0xdeca;0xb101;0xffff;0xe0;18092;7;1922;118;2108;17
UF;13738985;102794;0xdeca;0xb101;0xffff;0xe0;19871;7;2111;118;3177;17
UF;13739085;102795;0xdeca;0xb101;0xffff;0xe0;19708;7;2238;122;2235;17
UF;13739186;102796;0xdeca;0xb101;0xffff;0xe0;19836;7;2327;124;2376;17
listener debug sel=A valid=1 age=9505689 level=7 good=102796 accepted=24571 badhdr=0 nonanchor=78225 toolong=0 rxerr=106 rxen_fail=0 rxen_last=0 sys_status=0x00800002 sys_state=000505460b rx_finfo=0x07c6c811 last_status=0x04800102 last_len=17 pan=0xdeca dst=0xffff src=0xb101 code=0xe0
UF;13739285;102797;0xdeca;0xb101;0xffff;0xe0;18431;7;1925;117;635;17
UF;13739386;102798;0xdeca;0xb101;0xffff;0xe0;20219;7;2148;118;464;17
UF;13739481;102799;0xdeca;0xb101;0xffff;0xe0;19963;7;2230;121;232;17
uwb any-frame t=13739493 good=102800 len=20 fctrl=8841 pan=0xdeca dst=0xb101 src=0xa107 code=0xe1 q=15534 level=7 cir=1764 rxpacc=122 fp=5827/7445/6168
UF;13739493;102800;0xdeca;0xa107;0xb101;0xe1;15534;7;1764;122;5827;20
UL;13739493;24572;H;7;0xa107;0xb101;0xe1;15534;7;1764;122;5827;20
UF;13739582;102801;0xdeca;0xb101;0xffff;0xe0;18768;7;2062;120;1642;17
UF;13739682;102802;0xdeca;0xb101;0xffff;0xe0;20568;7;2452;125;381;17
UF;13739782;102803;0xdeca;0xb101;0xffff;0xe0;19982;7;2087;117;739;17
UF;13739882;102804;0xdeca;0xb101;0xffff;0xe0;19807;7;2140;119;175;17
UF;13739983;102805;0xdeca;0xb101;0xffff;0xe0;20521;7;2180;118;213;17
UF;13740083;102806;0xdeca;0xb101;0xffff;0xe0;19492;7;2106;119;95;17
UF;13740183;102807;0xdeca;0xb101;0xffff;0xe0;18914;7;2078;120;2391;17
listener debug sel=A valid=1 age=9506691 level=7 good=102807 accepted=24572 badhdr=0 nonanchor=78235 toolong=0 rxerr=106 rxen_fail=0 rxen_last=0 sys_status=0x00800002 sys_state=000505440b rx_finfo=0x0786c811 last_status=0x04800102 last_len=17 pan=0xdeca dst=0xffff src=0xb101 code=0xe0
UF;13740283;102808;0xdeca;0xb101;0xffff;0xe0;18525;7;1968;118;382;17
UF;13740383;102809;0xdeca;0xb101;0xffff;0xe0;19401;7;2276;124;644;17
UF;13740483;102810;0xdeca;0xb101;0xffff;0xe0;20465;7;2286;121;1392;17
UF;13740583;102811;0xdeca;0xb101;0xffff;0xe0;19881;7;2112;118;1583;17
UF;13740684;102812;0xdeca;0xb101;0xffff;0xe0;21217;7;2489;124;1420;17
UF;13740784;102813;0xdeca;0xb101;0xffff;0xe0;19203;7;2040;118;1209;17
UF;13740884;102814;0xdeca;0xb101;0xffff;0xe0;19435;7;2207;122;2160;17
UF;13740985;102815;0xdeca;0xb101;0xffff;0xe0;19946;7;2119;118;965;17
UF;13741085;102816;0xdeca;0xb101;0xffff;0xe0;21113;7;2437;123;1243;17
UF;13741185;102817;0xdeca;0xb101;0xffff;0xe0;18929;7;1977;117;1679;17
listener debug sel=A valid=1 age=9507693 level=7 good=102817 accepted=24572 badhdr=0 nonanchor=78245 toolong=0 rxerr=106 rxen_fail=0 rxen_last=0 sys_status=0x00800002 sys_state=000505430b rx_finfo=0x0756c811 last_status=0x04800102 last_len=17 pan=0xdeca dst=0xffff src=0xb101 code=0xe0
UF;13741285;102818;0xdeca;0xb101;0xffff;0xe0;20095;7;2282;122;909;17
UF;13741385;102819;0xdeca;0xb101;0xffff;0xe0;18891;7;2041;119;290;17
UF;13741485;102820;0xdeca;0xb101;0xffff;0xe0;19520;7;2290;124;2660;17
UF;13741586;102821;0xdeca;0xb101;0xffff;0xe0;19047;7;2163;122;1220;17
UF;13741681;102822;0xdeca;0xb101;0xffff;0xe0;19608;7;2083;118;1807;17
UF;13741694;102823;0xdeca;0xa107;0xb101;0xe1;15471;7;1815;124;6032;20
UL;13741694;24573;H;7;0xa107;0xb101;0xe1;15471;7;1815;124;6032;20
UF;13741784;102824;0xdeca;0xb101;0xffff;0xe0;19927;7;2153;119;3219;17
UF;13741885;102825;0xdeca;0xb101;0xffff;0xe0;19050;7;2271;125;2615;17
UF;13741985;102826;0xdeca;0xb101;0xffff;0xe0;20808;7;2441;124;2502;17
UF;13742085;102827;0xdeca;0xb101;0xffff;0xe0;18568;7;2040;120;2073;17
UF;13742186;102828;0xdeca;0xb101;0xffff;0xe0;20818;7;2403;123;1102;17
listener debug sel=A valid=1 age=9508694 level=7 good=102828 accepted=24573 badhdr=0 nonanchor=78255 toolong=0 rxerr=106 rxen_fail=0 rxen_last=0 sys_status=0x00800002 sys_state=000505460b rx_finfo=0x07b6c811 last_status=0x04800102 last_len=17 pan=0xdeca dst=0xffff src=0xb101 code=0xe0
UF;13742285;102829;0xdeca;0xb101;0xffff;0xe0;20139;7;2287;122;2013;17
UF;13742385;102830;0xdeca;0xb101;0xffff;0xe0;18642;7;2117;122;2874;17
UF;13742481;102831;0xdeca;0xb101;0xffff;0xe0;18898;7;2111;121;1312;17
UF;13742493;102832;0xdeca;0xa107;0xb101;0xe1;15129;7;1690;121;6136;20
UL;13742493;24574;H;7;0xa107;0xb101;0xe1;15129;7;1690;121;6136;20
UF;13742584;102833;0xdeca;0xb101;0xffff;0xe0;18271;7;2109;123;623;17
UF;13742684;102834;0xdeca;0xb101;0xffff;0xe0;24200;8;2839;124;861;17
UF;13742784;102835;0xdeca;0xb101;0xffff;0xe0;18395;7;2021;120;1954;17
UF;13742885;102836;0xdeca;0xb101;0xffff;0xe0;19649;7;2268;123;659;17
UF;13742985;102837;0xdeca;0xb101;0xffff;0xe0;19438;7;2065;118;690;17
UF;13743085;102838;0xdeca;0xb101;0xffff;0xe0;20069;7;2096;117;1450;17
UF;13743185;102839;0xdeca;0xb101;0xffff;0xe0;19233;7;2220;123;1421;17
listener debug sel=A valid=1 age=9509699 level=7 good=102839 accepted=24574 badhdr=0 nonanchor=78265 toolong=0 rxerr=106 rxen_fail=0 rxen_last=0 sys_status=0x00800002 sys_state=000505440b rx_finfo=0x07b6c811 last_status=0x04800102 last_len=17 pan=0xdeca dst=0xffff src=0xb101 code=0xe0
UF;13743285;102840;0xdeca;0xb101;0xffff;0xe0;20586;7;2415;124;157;17
UF;13743385;102841;0xdeca;0xb101;0xffff;0xe0;19786;7;2102;118;116;17
UF;13743485;102842;0xdeca;0xb101;0xffff;0xe0;19322;7;2018;117;539;17
UF;13743586;102843;0xdeca;0xb101;0xffff;0xe0;18647;7;1981;118;1011;17
UF;13743681;102844;0xdeca;0xb101;0xffff;0xe0;19973;7;2086;117;340;17
UF;13743693;102845;0xdeca;0xa107;0xb101;0xe1;15746;7;1730;120;4465;20
UL;13743693;24575;H;7;0xa107;0xb101;0xe1;15746;7;1730;120;4465;20
UF;13743784;102846;0xdeca;0xb101;0xffff;0xe0;20889;7;2295;120;98;17
UF;13743884;102847;0xdeca;0xb101;0xffff;0xe0;19391;7;2060;118;872;17
UF;13743984;102848;0xdeca;0xb101;0xffff;0xe0;18110;7;2023;121;1745;17
UF;13744085;102849;0xdeca;0xb101;0xffff;0xe0;23822;8;2661;121;2263;17
uwb any-frame t=13744185 good=102850 len=17 fctrl=8841 pan=0xdeca dst=0xffff src=0xb101 code=0xe0 q=20626 level=7 cir=2304 rxpacc=121 fp=883/6574/5278
UF;13744185;102850;0xdeca;0xb101;0xffff;0xe0;20626;7;2304;121;883;17
listener debug sel=A valid=1 age=9510701 level=7 good=102850 accepted=24575 badhdr=0 nonanchor=78275 toolong=0 rxerr=106 rxen_fail=0 rxen_last=0 sys_status=0x00800002 sys_state=000505480b rx_finfo=0x0796c811 last_status=0x04800102 last_len=17 pan=0xdeca dst=0xffff src=0xb101 code=0xe0
UF;13744282;102851;0xdeca;0xb101;0xffff;0xe0;19438;7;2065;118;908;17
UF;13744382;102852;0xdeca;0xb101;0xffff;0xe0;19779;7;2137;119;775;17
UF;13744483;102853;0xdeca;0xb101;0xffff;0xe0;20261;7;2189;119;626;17
UF;13744583;102854;0xdeca;0xb101;0xffff;0xe0;18365;7;1951;118;1174;17
UF;13744683;102855;0xdeca;0xb101;0xffff;0xe0;20115;7;2210;120;858;17
UF;13744783;102856;0xdeca;0xb101;0xffff;0xe0;17604;7;1902;119;2533;17
UF;13744884;102857;0xdeca;0xb101;0xffff;0xe0;18498;7;1932;117;3631;17
UF;13744984;102858;0xdeca;0xb101;0xffff;0xe0;20835;7;2176;117;810;17
UF;13745084;102859;0xdeca;0xb101;0xffff;0xe0;18572;7;1973;118;1428;17
UF;13745184;102860;0xdeca;0xb101;0xffff;0xe0;21160;7;2210;117;980;17
listener debug sel=A valid=1 age=9511702 level=7 good=102860 accepted=24575 badhdr=0 nonanchor=78285 toolong=0 rxerr=106 rxen_fail=0 rxen_last=0 sys_status=0x00800002 sys_state=000505410b rx_finfo=0x0756c811 last_status=0x04800102 last_len=17 pan=0xdeca dst=0xffff src=0xb101 code=0xe0
UF;13745284;102861;0xdeca;0xb101;0xffff;0xe0;19824;7;2178;120;917;17
UF;13745384;102862;0xdeca;0xb101;0xffff;0xe0;18111;7;1924;118;2748;17
UF;13745484;102863;0xdeca;0xb101;0xffff;0xe0;18259;7;2142;124;2898;17
UF;13745585;102864;0xdeca;0xb101;0xffff;0xe0;18860;7;2177;123;921;17
UF;13745685;102865;0xdeca;0xb101;0xffff;0xe0;19292;7;2155;121;923;17
UF;13745785;102866;0xdeca;0xb101;0xffff;0xe0;18396;7;2089;122;2952;17
UF;13745885;102867;0xdeca;0xb101;0xffff;0xe0;19770;7;2136;119;1272;17
UF;13745986;102868;0xdeca;0xb101;0xffff;0xe0;19861;7;2182;120;743;17
UF;13746086;102869;0xdeca;0xb101;0xffff;0xe0;20122;7;2285;122;529;17
UF;13746181;102870;0xdeca;0xb101;0xffff;0xe0;19084;7;2275;125;2954;17
UF;13746193;102871;0xdeca;0xa107;0xb101;0xe1;15612;7;1744;121;5579;20
UL;13746193;24576;H;7;0xa107;0xb101;0xe1;15612;7;1744;121;5579;20
listener debug sel=A valid=1 age=9512702 level=7 good=102871 accepted=24576 badhdr=0 nonanchor=78295 toolong=0 rxerr=106 rxen_fail=0 rxen_last=0 sys_status=0x00800002 sys_state=000505410b rx_finfo=0x0796c814 last_status=0x04800102 last_len=20 pan=0xdeca dst=0xb101 src=0xa107 code=0xe1
UF;13746283;102872;0xdeca;0xb101;0xffff;0xe0;19629;7;2229;122;1660;17
UF;13746384;102873;0xdeca;0xb101;0xffff;0xe0;18759;7;2061;120;487;17
UF;13746484;102874;0xdeca;0xb101;0xffff;0xe0;20791;7;2361;122;365;17
UF;13746584;102875;0xdeca;0xb101;0xffff;0xe0;18523;7;2173;124;416;17
UF;13746684;102876;0xdeca;0xb101;0xffff;0xe0;19486;7;2286;124;944;17
UF;13746784;102877;0xdeca;0xb101;0xffff;0xe0;18167;7;1930;118;1052;17
UF;13746885;102878;0xdeca;0xb101;0xffff;0xe0;19489;7;2177;121;1155;17
UF;13746985;102879;0xdeca;0xb101;0xffff;0xe0;18113;7;1957;119;1944;17
UF;13747085;102880;0xdeca;0xb101;0xffff;0xe0;20160;7;2327;123;786;17
UF;13747186;102881;0xdeca;0xb101;0xffff;0xe0;19469;7;2284;124;2598;17
listener debug sel=A valid=1 age=9513704 level=7 good=102881 accepted=24576 badhdr=0 nonanchor=78305 toolong=0 rxerr=106 rxen_fail=0 rxen_last=0 sys_status=0x00800002 sys_state=000505410b rx_finfo=0x07c6c811 last_status=0x04800102 last_len=17 pan=0xdeca dst=0xffff src=0xb101 code=0xe0
UF;13747285;102882;0xdeca;0xb101;0xffff;0xe0;23813;8;2660;121;1216;17
UF;13747386;102883;0xdeca;0xb101;0xffff;0xe0;19132;7;2102;120;384;17
UF;13747486;102884;0xdeca;0xb101;0xffff;0xe0;18304;7;2011;120;1786;17
UF;13747581;102885;0xdeca;0xb101;0xffff;0xe0;23573;8;2721;123;3949;17
UF;13747593;102886;0xdeca;0xa107;0xb101;0xe1;14891;7;1582;118;6374;20
UL;13747593;24577;H;7;0xa107;0xb101;0xe1;14891;7;1582;118;6374;20
UF;13747684;102887;0xdeca;0xb101;0xffff;0xe0;19606;7;2154;120;1663;17
UF;13747784;102888;0xdeca;0xb101;0xffff;0xe0;19727;7;2277;123;186;17
UF;13747885;102889;0xdeca;0xb101;0xffff;0xe0;19285;7;2226;123;451;17
UF;13747985;102890;0xdeca;0xb101;0xffff;0xe0;18284;7;2145;124;1392;17
UF;13748085;102891;0xdeca;0xb101;0xffff;0xe0;19224;7;2219;123;1096;17
UF;13748185;102892;0xdeca;0xb101;0xffff;0xe0;20447;7;2284;121;1276;17
listener debug sel=A valid=1 age=9514704 level=7 good=102892 accepted=24577 badhdr=0 nonanchor=78315 toolong=0 rxerr=106 rxen_fail=0 rxen_last=0 sys_status=0x00800002 sys_state=000505410b rx_finfo=0x0796c811 last_status=0x04800102 last_len=17 pan=0xdeca dst=0xffff src=0xb101 code=0xe0
UF;13748285;102893;0xdeca;0xb101;0xffff;0xe0;20832;7;2327;121;187;17
UF;13748385;102894;0xdeca;0xb101;0xffff;0xe0;18817;7;2033;119;2820;17
UF;13748486;102895;0xdeca;0xb101;0xffff;0xe0;19324;7;2123;120;99;17
UF;13748586;102896;0xdeca;0xb101;0xffff;0xe0;19806;7;2176;120;360;17
UF;13748681;102897;0xdeca;0xb101;0xffff;0xe0;18518;7;1934;117;2405;17
UF;13748693;102898;0xdeca;0xa107;0xb101;0xe1;16265;7;1787;120;5969;20
UL;13748693;24578;H;7;0xa107;0xb101;0xe1;16265;7;1787;120;5969;20
UF;13748784;102899;0xdeca;0xb101;0xffff;0xe0;18932;7;2080;120;855;17
uwb any-frame t=13748884 good=102900 len=17 fctrl=8841 pan=0xdeca dst=0xffff src=0xb101 code=0xe0 q=23902 level=8 cir=2804 rxpacc=124 fp=1642/5636/6070
UF;13748884;102900;0xdeca;0xb101;0xffff;0xe0;23902;8;2804;124;1642;17
UF;13748982;102901;0xdeca;0xb101;0xffff;0xe0;18049;7;1983;120;1153;17
UF;13749083;102902;0xdeca;0xb101;0xffff;0xe0;19025;7;2196;123;1743;17
UF;13749183;102903;0xdeca;0xb101;0xffff;0xe0;19356;7;2198;122;2119;17
listener debug sel=A valid=1 age=9515707 level=7 good=102903 accepted=24578 badhdr=0 nonanchor=78325 toolong=0 rxerr=106 rxen_fail=0 rxen_last=0 sys_status=0x00800002 sys_state=000505400b rx_finfo=0x07a6c811 last_status=0x04800102 last_len=17 pan=0xdeca dst=0xffff src=0xb101 code=0xe0
UF;13749288;102904;0xdeca;0xb101;0xffff;0xe0;20203;7;2110;117;1234;17
UF;13749383;102905;0xdeca;0xb101;0xffff;0xe0;19025;7;2196;123;124;17
UF;13749483;102906;0xdeca;0xb101;0xffff;0xe0;23807;8;2748;123;926;17
UF;13749583;102907;0xdeca;0xb101;0xffff;0xe0;19887;7;2077;117;204;17
UF;13749684;102908;0xdeca;0xb101;0xffff;0xe0;19400;7;2061;118;1173;17
UF;13749784;102909;0xdeca;0xb101;0xffff;0xe0;19906;7;2187;120;155;17
UF;13749884;102910;0xdeca;0xb101;0xffff;0xe0;18907;7;2112;121;1134;17
UF;13749985;102911;0xdeca;0xb101;0xffff;0xe0;20474;7;2325;122;1362;17
UF;13750085;102912;0xdeca;0xb101;0xffff;0xe0;19142;7;2282;125;1638;17
UF;13750185;102913;0xdeca;0xb101;0xffff;0xe0;20108;7;2321;123;486;17
listener debug sel=A valid=1 age=9516709 level=7 good=102913 accepted=24578 badhdr=0 nonanchor=78335 toolong=0 rxerr=106 rxen_fail=0 rxen_last=0 sys_status=0x00800002 sys_state=000505480b rx_finfo=0x07b6c811 last_status=0x04800102 last_len=17 pan=0xdeca dst=0xffff src=0xb101 code=0xe0
UF;13750290;102914;0xdeca;0xb101;0xffff;0xe0;19212;7;2041;118;959;17
UF;13750385;102915;0xdeca;0xb101;0xffff;0xe0;19576;7;2223;122;340;17
UF;13750485;102916;0xdeca;0xb101;0xffff;0xe0;22629;8;2612;123;3938;17
UF;13750586;102917;0xdeca;0xb101;0xffff;0xe0;19418;7;2098;119;2254;17
UF;13750681;102918;0xdeca;0xb101;0xffff;0xe0;18632;7;2047;120;2096;17
UF;13750694;102919;0xdeca;0xa107;0xb101;0xe1;15358;7;1604;117;6083;20
UL;13750694;24579;H;7;0xa107;0xb101;0xe1;15358;7;1604;117;6083;20
UF;13750784;102920;0xdeca;0xb101;0xffff;0xe0;22840;8;2855;128;1782;17
UF;13750885;102921;0xdeca;0xb101;0xffff;0xe0;19647;7;2052;117;576;17
UF;13750985;102922;0xdeca;0xb101;0xffff;0xe0;18696;7;2020;119;2494;17
UF;13751085;102923;0xdeca;0xb101;0xffff;0xe0;20131;7;2175;119;710;17
UF;13751185;102924;0xdeca;0xb101;0xffff;0xe0;23528;8;2542;119;1174;17
listener debug sel=A valid=1 age=9517709 level=7 good=102924 accepted=24579 badhdr=0 nonanchor=78345 toolong=0 rxerr=106 rxen_fail=0 rxen_last=0 sys_status=0x00800002 sys_state=000505480b rx_finfo=0x0776c811 last_status=0x04800102 last_len=17 pan=0xdeca dst=0xffff src=0xb101 code=0xe0
UF;13751290;102925;0xdeca;0xb101;0xffff;0xe0;18496;7;2135;123;1947;17
UF;13751385;102926;0xdeca;0xb101;0xffff;0xe0;19497;7;2214;122;788;17
UF;13751486;102927;0xdeca;0xb101;0xffff;0xe0;23128;8;2457;118;1592;17
UF;13751586;102928;0xdeca;0xb101;0xffff;0xe0;23938;8;2630;120;3287;17
UF;13751681;102929;0xdeca;0xb101;0xffff;0xe0;18105;7;2056;122;2866;17
UF;13751694;102930;0xdeca;0xa107;0xb101;0xe1;15428;7;1639;118;6017;20
UL;13751694;24580;H;7;0xa107;0xb101;0xe1;15428;7;1639;118;6017;20
UF;13751784;102931;0xdeca;0xb101;0xffff;0xe0;24556;8;2743;121;1301;17
UF;13751885;102932;0xdeca;0xb101;0xffff;0xe0;20424;7;2396;124;365;17
UF;13751985;102933;0xdeca;0xb101;0xffff;0xe0;19377;7;2310;125;2633;17
UF;13752085;102934;0xdeca;0xb101;0xffff;0xe0;18629;7;1979;118;1088;17
UF;13752185;102935;0xdeca;0xb101;0xffff;0xe0;24024;8;2773;123;889;17
listener debug sel=A valid=1 age=9518709 level=7 good=102935 accepted=24580 badhdr=0 nonanchor=78355 toolong=0 rxerr=106 rxen_fail=0 rxen_last=0 sys_status=0x00800002 sys_state=000505460b rx_finfo=0x07b6c811 last_status=0x04800102 last_len=17 pan=0xdeca dst=0xffff src=0xb101 code=0xe0
U