listener debug sel=A valid=1 age=4070466 level=7 good=90476 accepted=23867 badhdr=0 nonanchor=66609 toolong=0 rxerr=94 rxen_fail=0 rxen_last=0 sys_status=0x00800002 sys_state=000505460b rx_finfo=0x0786c811 last_status=0x00801302 last_len=17 pan=0xdeca dst=0xffff src=0xb101 code=0xe0
listener debug sel=A valid=1 age=4071466 level=7 good=90476 accepted=23867 badhdr=0 nonanchor=66609 toolong=0 rxerr=94 rxen_fail=0 rxen_last=0 sys_status=0x00800002 sys_state=000505440b rx_finfo=0x0786c811 last_status=0x00801302 last_len=17 pan=0xdeca dst=0xffff src=0xb101 code=0xe0
listener debug sel=A valid=1 age=4072466 level=7 good=90476 accepted=23867 badhdr=0 nonanchor=66609 toolong=0 rxerr=94 rxen_fail=0 rxen_last=0 sys_status=0x00800002 sys_state=000505400b rx_finfo=0x0786c811 last_status=0x00801302 last_len=17 pan=0xdeca dst=0xffff src=0xb101 code=0xe0
listener debug sel=A valid=1 age=4073466 level=7 good=90476 accepted=23867 badhdr=0 nonanchor=66609 toolong=0 rxerr=94 rxen_fail=0 rxen_last=0 sys_status=0x00800002 sys_state=000505460b rx_finfo=0x0786c811 last_status=0x00801302 last_len=17 pan=0xdeca dst=0xffff src=0xb101 code=0xe0
listener debug sel=A valid=1 age=4074471 level=7 good=90476 accepted=23867 badhdr=0 nonanchor=66609 toolong=0 rxerr=94 rxen_fail=0 rxen_last=0 sys_status=0x00800002 sys_state=000505410b rx_finfo=0x0786c811 last_status=0x00801302 last_len=17 pan=0xdeca dst=0xffff src=0xb101 code=0xe0
listener debug sel=A valid=1 age=4075476 level=7 good=90476 accepted=23867 badhdr=0 nonanchor=66609 toolong=0 rxerr=94 rxen_fail=0 rxen_last=0 sys_status=0x00800002 sys_state=000505410b rx_finfo=0x0786c811 last_status=0x00801302 last_len=17 pan=0xdeca dst=0xffff src=0xb101 code=0xe0
listener debug sel=A valid=1 age=4076481 level=7 good=90476 accepted=23867 badhdr=0 nonanchor=66609 toolong=0 rxerr=94 rxen_fail=0 rxen_last=0 sys_status=0x00800002 sys_state=000505480b rx_finfo=0x0786c811 last_status=0x00801302 last_len=17 pan=0xdeca dst=0xffff src=0xb101 code=0xe0
listener debug sel=A valid=1 age=4077485 level=7 good=90476 accepted=23867 badhdr=0 nonanchor=66609 toolong=0 rxerr=94 rxen_fail=0 rxen_last=0 sys_status=0x00800002 sys_state=000505480b rx_finfo=0x0786c811 last_status=0x00801302 last_len=17 pan=0xdeca dst=0xffff src=0xb101 code=0xe0
listener debug sel=A valid=1 age=4078486 level=7 good=90476 accepted=23867 badhdr=0 nonanchor=66609 toolong=0 rxerr=95 rxen_fail=0 rxen_last=0 sys_status=0x00800002 sys_state=000505420b rx_finfo=0x0786c811 last_status=0x04800102 last_len=17 pan=0xdeca dst=0xffff src=0xb101 code=0xe0
listener debug sel=A valid=1 age=4079486 level=7 good=90476 accepted=23867 badhdr=0 nonanchor=66609 toolong=0 rxerr=95 rxen_fail=0 rxen_last=0 sys_status=0x00800002 sys_state=000505450b rx_finfo=0x0786c811 last_status=0x04800102 last_len=17 pan=0xdeca dst=0xffff src=0xb101 code=0xe0
listener debug sel=A valid=1 age=4080491 level=7 good=90476 accepted=23867 badhdr=0 nonanchor=66609 toolong=0 rxerr=95 rxen_fail=0 rxen_last=0 sys_status=0x00800002 sys_state=000505430b rx_finfo=0x0786c811 last_status=0x04800102 last_len=17 pan=0xdeca dst=0xffff src=0xb101 code=0xe0
listener debug sel=A valid=1 age=4081496 level=7 good=90476 accepted=23867 badhdr=0 nonanchor=66609 toolong=0 rxerr=95 rxen_fail=0 rxen_last=0 sys_status=0x00800002 sys_state=000505460b rx_finfo=0x0786c811 last_status=0x04800102 last_len=17 pan=0xdeca dst=0xffff src=0xb101 code=0xe0
listener debug sel=A valid=1 age=4082501 level=7 good=90476 accepted=23867 badhdr=0 nonanchor=66609 toolong=0 rxerr=95 rxen_fail=0 rxen_last=0 sys_status=0x00800002 sys_state=000505480b rx_finfo=0x0786c811 last_status=0x04800102 last_len=17 pan=0xdeca dst=0xffff src=0xb101 code=0xe0
listener debug sel=A valid=1 age=4083506 level=7 good=90476 accepted=23867 badhdr=0 nonanchor=66609 toolong=0 rxerr=95 rxen_fail=0 rxen_last=0 sys_status=0x00800002 sys_state=000505450b rx_finfo=0x0786c811 last_status=0x04800102 last_len=17 pan=0xdeca dst=0xffff src=0xb101 code=0xe0
listener debug sel=A valid=1 age=4084511 level=7 good=90476 accepted=23867 badhdr=0 nonanchor=66609 toolong=0 rxerr=95 rxen_fail=0 rxen_last=0 sys_status=0x00800002 sys_state=000505430b rx_finfo=0x0786c811 last_status=0x04800102 last_len=17 pan=0xdeca dst=0xffff src=0xb101 code=0xe0
listener debug sel=A valid=1 age=4085515 level=7 good=90476 accepted=23867 badhdr=0 nonanchor=66609 toolong=0 rxerr=95 rxen_fail=0 rxen_last=0 sys_status=0x00800002 sys_state=000505400b rx_finfo=0x0786c811 last_status=0x04800102 last_len=17 pan=0xdeca dst=0xffff src=0xb101 code=0xe0
listener debug sel=A valid=1 age=4086515 level=7 good=90476 accepted=23867 badhdr=0 nonanchor=66609 toolong=0 rxerr=95 rxen_fail=0 rxen_last=0 sys_status=0x00800002 sys_state=000505460b rx_finfo=0x0786c811 last_status=0x04800102 last_len=17 pan=0xdeca dst=0xffff src=0xb101 code=0xe0
listener debug sel=A valid=1 age=4087515 level=7 good=90476 accepted=23867 badhdr=0 nonanchor=66609 toolong=0 rxerr=95 rxen_fail=0 rxen_last=0 sys_status=0x00800002 sys_state=000505470b rx_finfo=0x0786c811 last_status=0x04800102 last_len=17 pan=0xdeca dst=0xffff src=0xb101 code=0xe0
listener debug sel=A valid=1 age=4088515 level=7 good=90476 accepted=23867 badhdr=0 nonanchor=66609 toolong=0 rxerr=95 rxen_fail=0 rxen_last=0 sys_status=0x00800002 sys_state=000505470b rx_finfo=0x0786c811 last_status=0x04800102 last_len=17 pan=0xdeca dst=0xffff src=0xb101 code=0xe0
listener debug sel=A valid=1 age=4089515 level=7 good=90476 accepted=23867 badhdr=0 nonanchor=66609 toolong=0 rxerr=95 rxen_fail=0 rxen_last=0 sys_status=0x00800002 sys_state=000505440b rx_finfo=0x0786c811 last_status=0x04800102 last_len=17 pan=0xdeca dst=0xffff src=0xb101 code=0xe0
listener debug sel=A valid=1 age=4090515 level=7 good=90476 accepted=23867 badhdr=0 nonanchor=66609 toolong=0 rxerr=95 rxen_fail=0 rxen_last=0 sys_status=0x00800002 sys_state=000505430b rx_finfo=0x0786c811 last_status=0x04800102 last_len=17 pan=0xdeca dst=0xffff src=0xb101 code=0xe0
listener debug sel=A valid=1 age=4091520 level=7 good=90476 accepted=23867 badhdr=0 nonanchor=66609 toolong=0 rxerr=95 rxen_fail=0 rxen_last=0 sys_status=0x00800002 sys_state=000505440b rx_finfo=0x0786c811 last_status=0x04800102 last_len=17 pan=0xdeca dst=0xffff src=0xb101 code=0xe0
listener debug sel=A valid=1 age=4092525 level=7 good=90476 accepted=23867 badhdr=0 nonanchor=66609 toolong=0 rxerr=95 rxen_fail=0 rxen_last=0 sys_status=0x00800002 sys_state=000505430b rx_finfo=0x0786c811 last_status=0x04800102 last_len=17 pan=0xdeca dst=0xffff src=0xb101 code=0xe0
listener debug sel=A valid=1 age=4093530 level=7 good=90476 accepted=23867 badhdr=0 nonanchor=66609 toolong=0 rxerr=95 rxen_fail=0 rxen_last=0 sys_status=0x00800002 sys_state=000505480b rx_finfo=0x0786c811 last_status=0x04800102 last_len=17 pan=0xdeca dst=0xffff src=0xb101 code=0xe0
listener debug sel=A valid=1 age=4094530 level=7 good=90476 accepted=23867 badhdr=0 nonanchor=66609 toolong=0 rxerr=95 rxen_fail=0 rxen_last=0 sys_status=0x00800002 sys_state=000505470b rx_finfo=0x0786c811 last_status=0x04800102 last_len=17 pan=0xdeca dst=0xffff src=0xb101 code=0xe0
listener debug sel=A valid=1 age=4095534 level=7 good=90476 accepted=23867 badhdr=0 nonanchor=66609 toolong=0 rxerr=95 rxen_fail=0 rxen_last=0 sys_status=0x00800002 sys_state=000505460b rx_finfo=0x0786c811 last_status=0x04800102 last_len=17 pan=0xdeca dst=0xffff src=0xb101 code=0xe0
listener debug sel=A valid=1 age=4096534 level=7 good=90476 accepted=23867 badhdr=0 nonanchor=66609 toolong=0 rxerr=95 rxen_fail=0 rxen_last=0 sys_status=0x00800002 sys_state=000505440b rx_finfo=0x0786c811 last_status=0x04800102 last_len=17 pan=0xdeca dst=0xffff src=0xb101 code=0xe0
listener debug sel=A valid=1 age=4097534 level=7 good=90476 accepted=23867 badhdr=0 nonanchor=66609 toolong=0 rxerr=95 rxen_fail=0 rxen_last=0 sys_status=0x00800002 sys_state=000505400b rx_finfo=0x0786c811 last_status=0x04800102 last_len=17 pan=0xdeca dst=0xffff src=0xb101 code=0xe0
listener debug sel=A valid=1 age=4098534 level=7 good=90476 accepted=23867 badhdr=0 nonanchor=66609 toolong=0 rxerr=95 rxen_fail=0 rxen_last=0 sys_status=0x00800002 sys_state=000505410b rx_finfo=0x0786c811 last_status=0x04800102 last_len=17 pan=0xdeca dst=0xffff src=0xb101 code=0xe0
listener debug sel=A valid=1 age=4099534 level=7 good=90476 accepted=23867 badhdr=0 nonanchor=66609 toolong=0 rxerr=95 rxen_fail=0 rxen_last=0 sys_status=0x00800002 sys_state=000505480b rx_finfo=0x0786c811 last_status=0x04800102 last_len=17 pan=0xdeca dst=0xffff src=0xb101 code=0xe0
listener debug sel=A valid=1 age=4100534 level=7 good=90476 accepted=23867 badhdr=0 nonanchor=66609 toolong=0 rxerr=95 rxen_fail=0 rxen_last=0 sys_status=0x00800002 sys_state=000505430b rx_finfo=0x0786c811 last_status=0x04800102 last_len=17 pan=0xdeca dst=0xffff src=0xb101 code=0xe0
listener debug sel=A valid=1 age=4101538 level=7 good=90476 accepted=23867 badhdr=0 nonanchor=66609 toolong=0 rxerr=95 rxen_fail=0 rxen_last=0 sys_status=0x00800002 sys_state=000505460b rx_finfo=0x0786c811 last_status=0x04800102 last_len=17 pan=0xdeca dst=0xffff src=0xb101 code=0xe0
listener debug sel=A valid=1 age=4102538 level=7 good=90476 accepted=23867 badhdr=0 nonanchor=66609 toolong=0 rxerr=95 rxen_fail=0 rxen_last=0 sys_status=0x00800002 sys_state=000505410b rx_finfo=0x0786c811 last_status=0x04800102 last_len=17 pan=0xdeca dst=0xffff src=0xb101 code=0xe0
listener debug sel=A valid=1 age=4103538 level=7 good=90476 accepted=23867 badhdr=0 nonanchor=66609 toolong=0 rxerr=95 rxen_fail=0 rxen_last=0 sys_status=0x00800002 sys_state=000505430b rx_finfo=0x0786c811 last_status=0x04800102 last_len=17 pan=0xdeca dst=0xffff src=0xb101 code=0xe0
listener debug sel=A valid=1 age=4104538 level=7 good=90476 accepted=23867 badhdr=0 nonanchor=66609 toolong=0 rxerr=95 rxen_fail=0 rxen_last=0 sys_status=0x00800002 sys_state=000505450b rx_finfo=0x0786c811 last_status=0x04800102 last_len=17 pan=0xdeca dst=0xffff src=0xb101 code=0xe0
listener debug sel=A valid=1 age=4105538 level=7 good=90476 accepted=23867 badhdr=0 nonanchor=66609 toolong=0 rxerr=95 rxen_fail=0 rxen_last=0 sys_status=0x00800002 sys_state=000505410b rx_finfo=0x0786c811 last_status=0x04800102 last_len=17 pan=0xdeca dst=0xffff src=0xb101 code=0xe0
listener debug sel=A valid=1 age=4106542 level=7 good=90476 accepted=23867 badhdr=0 nonanchor=66609 toolong=0 rxerr=95 rxen_fail=0 rxen_last=0 sys_status=0x00800002 sys_state=000505460b rx_finfo=0x0786c811 last_status=0x04800102 last_len=17 pan=0xdeca dst=0xffff src=0xb101 code=0xe0
listener debug sel=A valid=1 age=4107542 level=7 good=90476 accepted=23867 badhdr=0 nonanchor=66609 toolong=0 rxerr=95 rxen_fail=0 rxen_last=0 sys_status=0x00800002 sys_state=000505460b rx_finfo=0x0786c811 last_status=0x04800102 last_len=17 pan=0xdeca dst=0xffff src=0xb101 code=0xe0
listener debug sel=A valid=1 age=4108542 level=7 good=90476 accepted=23867 badhdr=0 nonanchor=66609 toolong=0 rxerr=95 rxen_fail=0 rxen_last=0 sys_status=0x00800002 sys_state=000505470b rx_finfo=0x0786c811 last_status=0x04800102 last_len=17 pan=0xdeca dst=0xffff src=0xb101 code=0xe0
listener debug sel=A valid=1 age=4109542 level=7 good=90476 accepted=23867 badhdr=0 nonanchor=66609 toolong=0 rxerr=95 rxen_fail=0 rxen_last=0 sys_status=0x00800002 sys_state=000505430b rx_finfo=0x0786c811 last_status=0x04800102 last_len=17 pan=0xdeca dst=0xffff src=0xb101 code=0xe0
listener debug sel=A valid=1 age=4110547 level=7 good=90476 accepted=23867 badhdr=0 nonanchor=66609 toolong=0 rxerr=95 rxen_fail=0 rxen_last=0 sys_status=0x00800002 sys_state=000505440b rx_finfo=0x0786c811 last_status=0x04800102 last_len=17 pan=0xdeca dst=0xffff src=0xb101 code=0xe0
listener debug sel=A valid=1 age=4111551 level=7 good=90476 accepted=23867 badhdr=0 nonanchor=66609 toolong=0 rxerr=95 rxen_fail=0 rxen_last=0 sys_status=0x00800002 sys_state=000505480b rx_finfo=0x0786c811 last_status=0x04800102 last_len=17 pan=0xdeca dst=0xffff src=0xb101 code=0xe0
listener debug sel=A valid=1 age=4112551 level=7 good=90476 accepted=23867 badhdr=0 nonanchor=66609 toolong=0 rxerr=95 rxen_fail=0 rxen_last=0 sys_status=0x00800002 sys_state=000505410b rx_finfo=0x0786c811 last_status=0x04800102 last_len=17 pan=0xdeca dst=0xffff src=0xb101 code=0xe0
listener debug sel=A valid=1 age=4113551 level=7 good=90476 accepted=23867 badhdr=0 nonanchor=66609 toolong=0 rxerr=95 rxen_fail=0 rxen_last=0 sys_status=0x00800002 sys_state=000505480b rx_finfo=0x0786c811 last_status=0x04800102 last_len=17 pan=0xdeca dst=0xffff src=0xb101 code=0xe0
listener debug sel=A valid=1 age=4114551 level=7 good=90476 accepted=23867 badhdr=0 nonanchor=66609 toolong=0 rxerr=95 rxen_fail=0 rxen_last=0 sys_status=0x00800002 sys_state=000505450b rx_finfo=0x0786c811 last_status=0x04800102 last_len=17 pan=0xdeca dst=0xffff src=0xb101 code=0xe0
listener debug sel=A valid=1 age=4115556 level=7 good=90476 accepted=23867 badhdr=0 nonanchor=66609 toolong=0 rxerr=95 rxen_fail=0 rxen_last=0 sys_status=0x00800002 sys_state=000505450b rx_finfo=0x0786c811 last_status=0x04800102 last_len=17 pan=0xdeca dst=0xffff src=0xb101 code=0xe0
listener debug sel=A valid=1 age=4116560 level=7 good=90476 accepted=23867 badhdr=0 nonanchor=66609 toolong=0 rxerr=95 rxen_fail=0 rxen_last=0 sys_status=0x00800002 sys_state=000505430b rx_finfo=0x0786c811 last_status=0x04800102 last_len=17 pan=0xdeca dst=0xffff src=0xb101 code=0xe0
listener debug sel=A valid=1 age=4117560 level=7 good=90476 accepted=23867 badhdr=0 nonanchor=66609 toolong=0 rxerr=95 rxen_fail=0 rxen_last=0 sys_status=0x00800002 sys_state=000505450b rx_finfo=0x0786c811 last_status=0x04800102 last_len=17 pan=0xdeca dst=0xffff src=0xb101 code=0xe0
listener debug sel=A valid=1 age=4118560 level=7 good=90476 accepted=23867 badhdr=0 nonanchor=66609 toolong=0 rxerr=95 rxen_fail=0 rxen_last=0 sys_status=0x00800002 sys_state=000505410b rx_finfo=0x0786c811 last_status=0x04800102 last_len=17 pan=0xdeca dst=0xffff src=0xb101 code=0xe0
listener debug sel=A valid=1 age=4119560 level=7 good=90476 accepted=23867 badhdr=0 nonanchor=66609 toolong=0 rxerr=95 rxen_fail=0 rxen_last=0 sys_status=0x00800002 sys_state=000505460b rx_finfo=0x0786c811 last_status=0x04800102 last_len=17 pan=0xdeca dst=0xffff src=0xb101 code=0xe0
listener debug sel=A valid=1 age=4120565 level=7 good=90476 accepted=23867 badhdr=0 nonanchor=66609 toolong=0 rxerr=95 rxen_fail=0 rxen_last=0 sys_status=0x00800002 sys_state=000505430b rx_finfo=0x0786c811 last_status=0x04800102 last_len=17 pan=0xdeca dst=0xffff src=0xb101 code=0xe0
listener debug sel=A valid=1 age=4121570 level=7 good=90476 accepted=23867 badhdr=0 nonanchor=66609 toolong=0 rxerr=95 rxen_fail=0 rxen_last=0 sys_status=0x00800002 sys_state=000505410b rx_finfo=0x0786c811 last_status=0x04800102 last_len=17 pan=0xdeca dst=0xffff src=0xb101 code=0xe0
listener debug sel=A valid=1 age=4122575 level=7 good=90476 accepted=23867 badhdr=0 nonanchor=66609 toolong=0 rxerr=95 rxen_fail=0 rxen_last=0 sys_status=0x00800002 sys_state=000505410b rx_finfo=0x0786c811 last_status=0x04800102 last_len=17 pan=0xdeca dst=0xffff src=0xb101 code=0xe0
listener debug sel=A valid=1 age=4123579 level=7 good=90476 accepted=23867 badhdr=0 nonanchor=66609 toolong=0 rxerr=95 rxen_fail=0 rxen_last=0 sys_status=0x00800002 sys_state=000505400b rx_finfo=0x0786c811 last_status=0x04800102 last_len=17 pan=0xdeca dst=0xffff src=0xb101 code=0xe0
listener debug sel=A valid=1 age=4124579 level=7 good=90476 accepted=23867 badhdr=0 nonanchor=66609 toolong=0 rxerr=95 rxen_fail=0 rxen_last=0 sys_status=0x00800002 sys_state=000505450b rx_finfo=0x0786c811 last_status=0x04800102 last_len=17 pan=0xdeca dst=0xffff src=0xb101 code=0xe0
listener debug sel=A valid=1 age=4125579 level=7 good=90476 accepted=23867 badhdr=0 nonanchor=66609 toolong=0 rxerr=95 rxen_fail=0 rxen_last=0 sys_status=0x00800002 sys_state=000505450b rx_finfo=0x0786c811 last_status=0x04800102 last_len=17 pan=0xdeca dst=0xffff src=0xb101 code=0xe0
listener debug sel=A valid=1 age=4126579 level=7 good=90476 accepted=23867 badhdr=0 nonanchor=66609 toolong=0 rxerr=95 rxen_fail=0 rxen_last=0 sys_status=0x00800002 sys_state=000505460b rx_finfo=0x0786c811 last_status=0x04800102 last_len=17 pan=0xdeca dst=0xffff src=0xb101 code=0xe0
listener debug sel=A valid=1 age=4127584 level=7 good=90476 accepted=23867 badhdr=0 nonanchor=66609 toolong=0 rxerr=95 rxen_fail=0 rxen_last=0 sys_status=0x00800002 sys_state=000505450b rx_finfo=0x0786c811 last_status=0x04800102 last_len=17 pan=0xdeca dst=0xffff src=0xb101 code=0xe0
listener debug sel=A valid=1 age=4128589 level=7 good=90476 accepted=23867 badhdr=0 nonanchor=66609 toolong=0 rxerr=95 rxen_fail=0 rxen_last=0 sys_status=0x00800002 sys_state=000505460b rx_finfo=0x0786c811 last_status=0x04800102 last_len=17 pan=0xdeca dst=0xffff src=0xb101 code=0xe0
listener debug sel=A valid=1 age=4129593 level=7 good=90476 accepted=23867 badhdr=0 nonanchor=66609 toolong=0 rxerr=95 rxen_fail=0 rxen_last=0 sys_status=0x00800002 sys_state=000505410b rx_finfo=0x0786c811 last_status=0x04800102 last_len=17 pan=0xdeca dst=0xffff src=0xb101 code=0xe0
listener debug sel=A valid=1 age=4130593 level=7 good=90476 accepted=23867 badhdr=0 nonanchor=66609 toolong=0 rxerr=95 rxen_fail=0 rxen_last=0 sys_status=0x00800002 sys_state=000505460b rx_finfo=0x0786c811 last_status=0x04800102 last_len=17 pan=0xdeca dst=0xffff src=0xb101 code=0xe0
listener debug sel=A valid=1 age=4131593 level=7 good=90476 accepted=23867 badhdr=0 nonanchor=66609 toolong=0 rxerr=95 rxen_fail=0 rxen_last=0 sys_status=0x00800002 sys_state=000505450b rx_finfo=0x0786c811 last_status=0x04800102 last_len=17 pan=0xdeca dst=0xffff src=0xb101 code=0xe0
listener debug sel=A valid=1 age=4132593 level=7 good=90476 accepted=23867 badhdr=0 nonanchor=66609 toolong=0 rxerr=95 rxen_fail=0 rxen_last=0 sys_status=0x00800002 sys_state=000505460b rx_finfo=0x0786c811 last_status=0x04800102 last_len=17 pan=0xdeca dst=0xffff src=0xb101 code=0xe0
listener debug sel=A valid=1 age=4133593 level=7 good=90476 accepted=23867 badhdr=0 nonanchor=66609 toolong=0 rxerr=95 rxen_fail=0 rxen_last=0 sys_status=0x00800002 sys_state=000505450b rx_finfo=0x0786c811 last_status=0x04800102 last_len=17 pan=0xdeca dst=0xffff src=0xb101 code=0xe0
listener debug sel=A valid=1 age=4134597 level=7 good=90476 accepted=23867 badhdr=0 nonanchor=66609 toolong=0 rxerr=95 rxen_fail=0 rxen_last=0 sys_status=0x00800002 sys_state=000505440b rx_finfo=0x0786c811 last_status=0x04800102 last_len=17 pan=0xdeca dst=0xffff src=0xb101 code=0xe0
listener debug sel=A valid=1 age=4135597 level=7 good=90476 accepted=23867 badhdr=0 nonanchor=66609 toolong=0 rxerr=95 rxen_fail=0 rxen_last=0 sys_status=0x00800002 sys_state=000505480b rx_finfo=0x0786c811 last_status=0x04800102 last_len=17 pan=0xdeca dst=0xffff src=0xb101 code=0xe0
listener debug sel=A valid=1 age=4136597 level=7 good=90476 accepted=23867 badhdr=0 nonanchor=66609 toolong=0 rxerr=95 rxen_fail=0 rxen_last=0 sys_status=0x00800002 sys_state=000505410b rx_finfo=0x0786c811 last_status=0x04800102 last_len=17 pan=0xdeca dst=0xffff src=0xb101 code=0xe0
listener debug sel=A valid=1 age=4137597 level=7 good=90476 accepted=23867 badhdr=0 nonanchor=66609 toolong=0 rxerr=95 rxen_fail=0 rxen_last=0 sys_status=0x00800002 sys_state=000505440b rx_finfo=0x0786c811 last_status=0x04800102 last_len=17 pan=0xdeca dst=0xffff src=0xb101 code=0xe0
listener debug sel=A valid=1 age=4138597 level=7 good=90476 accepted=23867 badhdr=0 nonanchor=66609 toolong=0 rxerr=95 rxen_fail=0 rxen_last=0 sys_status=0x00800002 sys_state=000505460b rx_finfo=0x0786c811 last_status=0x04800102 last_len=17 pan=0xdeca dst=0xffff src=0xb101 code=0xe0
listener debug sel=A valid=1 age=4139601 level=7 good=90476 accepted=23867 badhdr=0 nonanchor=66609 toolong=0 rxerr=95 rxen_fail=0 rxen_last=0 sys_status=0x00800002 sys_state=000505480b rx_finfo=0x0786c811 last_status=0x04800102 last_len=17 pan=0xdeca dst=0xffff src=0xb101 code=0xe0
UF;8373492;90477;0xdeca;0xb101;0xffff;0xe0;18995;7;2157;122;7304;17
UF;8373504;90478;0xdeca;0xa107;0xb101;0xe1;16185;7;1838;122;5171;20
UL;8373504;23868;H;7;0xa107;0xb101;0xe1;16185;7;1838;122;5171;20
UF;8373595;90479;0xdeca;0xb101;0xffff;0xe0;17791;7;1890;118;7273;17
UF;8373695;90480;0xdeca;0xb101;0xffff;0xe0;17731;7;1948;120;7401;17
UF;8373795;90481;0xdeca;0xb101;0xffff;0xe0;19381;7;2165;121;7315;17
UF;8373895;90482;0xdeca;0xb101;0xffff;0xe0;20989;7;2306;120;7171;17
UF;8373995;90483;0xdeca;0xb101;0xffff;0xe0;18946;7;2047;119;7098;17
UF;8374095;90484;0xdeca;0xb101;0xffff;0xe0;20229;7;2149;118;7460;17
listener debug sel=A valid=1 age=4140603 level=7 good=90484 accepted=23868 badhdr=0 nonanchor=66616 toolong=0 rxerr=95 rxen_fail=0 rxen_last=0 sys_status=0x00800002 sys_state=000505410b rx_finfo=0x0766c811 last_status=0x04800102 last_len=17 pan=0xdeca dst=0xffff src=0xb101 code=0xe0
UF;8374194;90485;0xdeca;0xb101;0xffff;0xe0;16668;7;1924;123;7468;17
UF;8374294;90486;0xdeca;0xb101;0xffff;0xe0;17257;7;1896;120;7285;17
UF;8374394;90487;0xdeca;0xb101;0xffff;0xe0;19346;7;2161;121;7427;17
UF;8374495;90488;0xdeca;0xb101;0xffff;0xe0;19159;7;2070;119;7367;17
UF;8374595;90489;0xdeca;0xb101;0xffff;0xe0;18660;7;2189;124;7223;17
UF;8374695;90490;0xdeca;0xb101;0xffff;0xe0;20388;7;2240;120;7418;17
UF;8374795;90491;0xdeca;0xb101;0xffff;0xe0;18741;7;2059;120;7234;17
UF;8374895;90492;0xdeca;0xb101;0xffff;0xe0;18901;7;1974;117;6966;17
UF;8374995;90493;0xdeca;0xb101;0xffff;0xe0;17819;7;1861;117;7040;17
UF;8375095;90494;0xdeca;0xb101;0xffff;0xe0;18902;7;2008;118;7248;17
listener debug sel=A valid=1 age=4141603 level=7 good=90494 accepted=23868 badhdr=0 nonanchor=66626 toolong=0 rxerr=95 rxen_fail=0 rxen_last=0 sys_status=0x00800002 sys_state=000505400b rx_finfo=0x0766c811 last_status=0x04800102 last_len=17 pan=0xdeca dst=0xffff src=0xb101 code=0xe0
UF;8375194;90495;0xdeca;0xb101;0xffff;0xe0;18353;7;2153;124;7288;17
UF;8375294;90496;0xdeca;0xb101;0xffff;0xe0;19398;7;2026;117;7518;17
UF;8375394;90497;0xdeca;0xb101;0xffff;0xe0;16266;7;1728;118;7252;17
UF;8375494;90498;0xdeca;0xb101;0xffff;0xe0;18427;7;2127;123;7210;17
UF;8375594;90499;0xdeca;0xb101;0xffff;0xe0;17188;7;1920;121;6831;17
uwb any-frame t=8375694 good=90500 len=17 fctrl=8841 pan=0xdeca dst=0xffff src=0xb101 code=0xe0 q=18625 level=7 cir=2115 rxpacc=122 fp=7269/7276/5633
UF;8375694;90500;0xdeca;0xb101;0xffff;0xe0;18625;7;2115;122;7269;17
UF;8375792;90501;0xdeca;0xb101;0xffff;0xe0;17471;7;1856;118;6887;17
UF;8375805;90502;0xdeca;0xa107;0xb101;0xe1;15012;7;1622;119;6091;20
UL;8375805;23869;H;7;0xa107;0xb101;0xe1;15012;7;1622;119;6091;20
UF;8375895;90503;0xdeca;0xb101;0xffff;0xe0;17340;7;1811;117;6836;17
UF;8375995;90504;0xdeca;0xb101;0xffff;0xe0;16229;7;1695;117;7147;17
UF;8376095;90505;0xdeca;0xb101;0xffff;0xe0;18719;7;2091;121;7005;17
listener debug sel=A valid=1 age=4142603 level=7 good=90505 accepted=23869 badhdr=0 nonanchor=66636 toolong=0 rxerr=95 rxen_fail=0 rxen_last=0 sys_status=0x00800002 sys_state=000505460b rx_finfo=0x0796c811 last_status=0x04800102 last_len=17 pan=0xdeca dst=0xffff src=0xb101 code=0xe0
UF;8376194;90506;0xdeca;0xb101;0xffff;0xe0;18873;7;2214;124;7574;17
UF;8376294;90507;0xdeca;0xb101;0xffff;0xe0;18531;7;2070;121;7331;17
UF;8376394;90508;0xdeca;0xb101;0xffff;0xe0;15209;7;1671;120;7202;17
UF;8376495;90509;0xdeca;0xb101;0xffff;0xe0;17770;7;2018;122;7359;17
UF;8376595;90510;0xdeca;0xb101;0xffff;0xe0;20152;7;2214;120;7346;17
UF;8376695;90511;0xdeca;0xb101;0xffff;0xe0;16501;7;1753;118;6807;17
UF;8376795;90512;0xdeca;0xb101;0xffff;0xe0;15836;7;1769;121;6941;17
UF;8376895;90513;0xdeca;0xb101;0xffff;0xe0;17248;7;1895;120;6898;17
UF;8376995;90514;0xdeca;0xb101;0xffff;0xe0;17881;7;2064;123;7517;17
UF;8377095;90515;0xdeca;0xb101;0xffff;0xe0;16794;7;1754;117;7101;17
listener debug sel=A valid=1 age=4143603 level=7 good=90515 accepted=23869 badhdr=0 nonanchor=66646 toolong=0 rxerr=95 rxen_fail=0 rxen_last=0 sys_status=0x00800002 sys_state=000505410b rx_finfo=0x0756c811 last_status=0x04800102 last_len=17 pan=0xdeca dst=0xffff src=0xb101 code=0xe0
UF;8377194;90516;0xdeca;0xb101;0xffff;0xe0;17043;7;1780;117;7099;17
UF;8377294;90517;0xdeca;0xb101;0xffff;0xe0;16746;7;1779;118;7336;17
UF;8377394;90518;0xdeca;0xb101;0xffff;0xe0;20430;7;2320;122;7794;17
UF;8377494;90519;0xdeca;0xb101;0xffff;0xe0;18310;7;2148;124;7252;17
UF;8377595;90520;0xdeca;0xb101;0xffff;0xe0;18898;7;2217;124;7499;17
UF;8377695;90521;0xdeca;0xb101;0xffff;0xe0;18713;7;1988;118;7255;17
UF;8377795;90522;0xdeca;0xb101;0xffff;0xe0;17092;7;1941;122;7253;17
UF;8377895;90523;0xdeca;0xb101;0xffff;0xe0;19211;7;2146;121;7562;17
UF;8377995;90524;0xdeca;0xb101;0xffff;0xe0;19155;7;2211;123;7177;17
UF;8378095;90525;0xdeca;0xb101;0xffff;0xe0;21368;7;2270;118;7302;17
listener debug sel=A valid=1 age=4144603 level=7 good=90525 accepted=23869 badhdr=0 nonanchor=66656 toolong=0 rxerr=95 rxen_fail=0 rxen_last=0 sys_status=0x00800002 sys_state=000505460b rx_finfo=0x0766c811 last_status=0x04800102 last_len=17 pan=0xdeca dst=0xffff src=0xb101 code=0xe0
UF;8378194;90526;0xdeca;0xb101;0xffff;0xe0;19346;7;2161;121;7222;17
UF;8378294;90527;0xdeca;0xb101;0xffff;0xe0;17676;7;1942;120;7182;17
UF;8378394;90528;0xdeca;0xb101;0xffff;0xe0;16452;7;1899;123;7377;17
UF;8378494;90529;0xdeca;0xb101;0xffff;0xe0;17979;7;1910;118;7146;17
UF;8378594;90530;0xdeca;0xb101;0xffff;0xe0;17148;7;1791;117;6700;17
UF;8378695;90531;0xdeca;0xb101;0xffff;0xe0;19215;7;2182;122;7459;17
UF;8378795;90532;0xdeca;0xb101;0xffff;0xe0;19137;7;2033;118;7559;17
UF;8378895;90533;0xdeca;0xb101;0xffff;0xe0;16564;7;1881;122;7208;17
UF;8378995;90534;0xdeca;0xb101;0xffff;0xe0;20148;7;2288;122;7680;17
UF;8379095;90535;0xdeca;0xb101;0xffff;0xe0;20801;7;2401;123;7679;17
listener debug sel=A valid=1 age=4145603 level=7 good=90535 accepted=23869 badhdr=0 nonanchor=66666 toolong=0 rxerr=95 rxen_fail=0 rxen_last=0 sys_status=0x00800002 sys_state=000505400b rx_finfo=0x07b6c811 last_status=0x04800102 last_len=17 pan=0xdeca dst=0xffff src=0xb101 code=0xe0
UF;8379194;90536;0xdeca;0xb101;0xffff;0xe0;18020;7;2080;123;7458;17
UF;8379294;90537;0xdeca;0xb101;0xffff;0xe0;16239;7;1814;121;7066;17
UF;8379394;90538;0xdeca;0xb101;0xffff;0xe0;21641;7;2299;118;7514;17
UF;8379494;90539;0xdeca;0xb101;0xffff;0xe0;20697;7;2389;123;7741;17
UF;8379594;90540;0xdeca;0xb101;0xffff;0xe0;21357;7;2546;125;7757;17
UF;8379695;90541;0xdeca;0xb101;0xffff;0xe0;19044;7;1989;117;7214;17
UF;8379795;90542;0xdeca;0xb101;0xffff;0xe0;17443;7;1853;118;7174;17
UF;8379895;90543;0xdeca;0xb101;0xffff;0xe0;20208;7;2409;125;7674;17
UF;8379995;90544;0xdeca;0xb101;0xffff;0xe0;18205;7;1934;118;7354;17
UF;8380095;90545;0xdeca;0xb101;0xffff;0xe0;17503;7;1828;117;7163;17
listener debug sel=A valid=1 age=4146603 level=7 good=90545 accepted=23869 badhdr=0 nonanchor=66676 toolong=0 rxerr=95 rxen_fail=0 rxen_last=0 sys_status=0x00800002 sys_state=000505430b rx_finfo=0x0756c811 last_status=0x04800102 last_len=17 pan=0xdeca dst=0xffff src=0xb101 code=0xe0
UF;8380194;90546;0xdeca;0xb101;0xffff;0xe0;17057;7;1812;118;7013;17
UF;8380294;90547;0xdeca;0xb101;0xffff;0xe0;17012;7;1869;120;7296;17
UF;8380394;90548;0xdeca;0xb101;0xffff;0xe0;18105;7;2056;122;7273;17
UF;8380494;90549;0xdeca;0xb101;0xffff;0xe0;19169;7;2002;117;7007;17
uwb any-frame t=8380594 good=90550 len=17 fctrl=8841 pan=0xdeca dst=0xffff src=0xb101 code=0xe0 q=18686 level=7 cir=2053 rxpacc=120 fp=7333/7350/5513
UF;8380594;90550;0xdeca;0xb101;0xffff;0xe0;18686;7;2053;120;7333;17
UF;8380692;90551;0xdeca;0xb101;0xffff;0xe0;19921;7;2337;124;7616;17
UF;8380704;90552;0xdeca;0xa107;0xb101;0xe1;16750;7;1965;124;6833;20
UL;8380704;23870;H;7;0xa107;0xb101;0xe1;16750;7;1965;124;6833;20
UF;8380795;90553;0xdeca;0xb101;0xffff;0xe0;17919;7;1936;119;7572;17
UF;8380895;90554;0xdeca;0xb101;0xffff;0xe0;17489;7;1986;122;7402;17
UF;8380995;90555;0xdeca;0xb101;0xffff;0xe0;18039;7;1949;119;7469;17
UF;8381095;90556;0xdeca;0xb101;0xffff;0xe0;19705;7;2129;119;7069;17
listener debug sel=A valid=1 age=4147603 level=7 good=90556 accepted=23870 badhdr=0 nonanchor=66686 toolong=0 rxerr=95 rxen_fail=0 rxen_last=0 sys_status=0x00800002 sys_state=000505460b rx_finfo=0x0776c811 last_status=0x04800102 last_len=17 pan=0xdeca dst=0xffff src=0xb101 code=0xe0
UF;8381194;90557;0xdeca;0xb101;0xffff;0xe0;21103;7;2280;119;7063;17
UF;8381294;90558;0xdeca;0xb101;0xffff;0xe0;15729;7;1757;121;7176;17
UF;8381394;90559;0xdeca;0xb101;0xffff;0xe0;20775;7;2207;118;7458;17
UF;8381495;90560;0xdeca;0xb101;0xffff;0xe0;18613;7;2011;119;7311;17
UF;8381595;90561;0xdeca;0xb101;0xffff;0xe0;20465;7;2324;122;7313;17
UF;8381695;90562;0xdeca;0xb101;0xffff;0xe0;16507;7;1724;117;6951;17
UF;8381795;90563;0xdeca;0xb101;0xffff;0xe0;17379;7;2006;123;7296;17
UF;8381895;90564;0xdeca;0xb101;0xffff;0xe0;17884;7;2098;124;7112;17
UF;8381995;90565;0xdeca;0xb101;0xffff;0xe0;20234;7;2223;120;7239;17
UF;8382095;90566;0xdeca;0xb101;0xffff;0xe0;21669;7;2542;124;7627;17
listener debug sel=A valid=1 age=4148603 level=7 good=90566 accepted=23870 badhdr=0 nonanchor=66696 toolong=0 rxerr=95 rxen_fail=0 rxen_last=0 sys_status=0x00800002 sys_state=000505460b rx_finfo=0x07c6c811 last_status=0x04800102 last_len=17 pan=0xdeca dst=0xffff src=0xb101 code=0xe0
UF;8382194;90567;0xdeca;0xb101;0xffff;0xe0;17108;7;2007;124;7363;17
UF;8382294;90568;0xdeca;0xb101;0xffff;0xe0;16567;7;1790;119;7310;17
UF;8382394;90569;0xdeca;0xb101;0xffff;0xe0;18845;7;2140;122;7845;17
UF;8382494;90570;0xdeca;0xb101;0xffff;0xe0;17235;7;1831;118;6962;17
UF;8382595;90571;0xdeca;0xb101;0xffff;0xe0;18428;7;1991;119;7198;17
UF;8382695;90572;0xdeca;0xb101;0xffff;0xe0;18441;7;2026;120;7352;17
UF;8382795;90573;0xdeca;0xb101;0xffff;0xe0;20257;7;2152;118;7076;17
UF;8382895;90574;0xdeca;0xb101;0xffff;0xe0;17246;7;2056;125;7575;17
UF;8382995;90575;0xdeca;0xb101;0xffff;0xe0;18690;7;1952;117;7060;17
UF;8383095;90576;0xdeca;0xb101;0xffff;0xe0;19239;7;2257;124;7450;17
listener debug sel=A valid=1 age=4149603 level=7 good=90576 accepted=23870 badhdr=0 nonanchor=66706 toolong=0 rxerr=95 rxen_fail=0 rxen_last=0 sys_status=0x00800002 sys_state=000505450b rx_finfo=0x07c6c811 last_status=0x04800102 last_len=17 pan=0xdeca dst=0xffff src=0xb101 code=0xe0
UF;8383194;90577;0xdeca;0xb101;0xffff;0xe0;18431;7;1925;117;6818;17
UF;8383294;90578;0xdeca;0xb101;0xffff;0xe0;16882;7;1824;119;7410;17
UF;8383394;90579;0xdeca;0xb101;0xffff;0xe0;18406;7;2056;121;7269;17
UF;8383494;90580;0xdeca;0xb101;0xffff;0xe0;18843;7;2175;123;7498;17
UF;8383594;90581;0xdeca;0xb101;0xffff;0xe0;20062;7;2241;121;7528;17
UF;8383695;90582;0xdeca;0xb101;0xffff;0xe0;21011;7;2347;121;7571;17
UF;8383795;90583;0xdeca;0xb101;0xffff;0xe0;18450;7;2061;121;7292;17
UF;8383895;90584;0xdeca;0xb101;0xffff;0xe0;18415;7;2057;121;6883;17
UF;8383995;90585;0xdeca;0xb101;0xffff;0xe0;16899;7;1919;122;7282;17
UF;8384095;90586;0xdeca;0xb101;0xffff;0xe0;20179;7;2217;120;7306;17
listener debug sel=A valid=1 age=4150603 level=7 good=90586 accepted=23870 badhdr=0 nonanchor=66716 toolong=0 rxerr=95 rxen_fail=0 rxen_last=0 sys_status=0x00800002 sys_state=000505470b rx_finfo=0x0786c811 last_status=0x04800102 last_len=17 pan=0xdeca dst=0xffff src=0xb101 code=0xe0
UF;8384194;90587;0xdeca;0xb101;0xffff;0xe0;16916;7;1921;122;7474;17
UF;8384294;90588;0xdeca;0xb101;0xffff;0xe0;20192;7;2293;122;7317;17
listener debug sel=A valid=1 age=4151606 level=7 good=90588 accepted=23870 badhdr=0 nonanchor=66718 toolong=0 rxerr=95 rxen_fail=0 rxen_last=0 sys_status=0x00800002 sys_state=000505470b rx_finfo=0x07a6c811 last_status=0x04800102 last_len=17 pan=0xdeca dst=0xffff src=0xb101 code=0xe0
listener debug sel=A valid=1 age=4152606 level=7 good=90588 accepted=23870 badhdr=0 nonanchor=66718 toolong=0 rxerr=95 rxen_fail=0 rxen_last=0 sys_status=0x00800002 sys_state=000505410b rx_finfo=0x07a6c811 last_status=0x04800102 last_len=17 pan=0xdeca dst=0xffff src=0xb101 code=0xe0
listener debug sel=A valid=1 age=4153606 level=7 good=90588 accepted=23870 badhdr=0 nonanchor=66718 toolong=0 rxerr=95 rxen_fail=0 rxen_last=0 sys_status=0x00800002 sys_state=000505430b rx_finfo=0x07a6c811 last_status=0x04800102 last_len=17 pan=0xdeca dst=0xffff src=0xb101 code=0xe0
UF;8387316;90589;0xdeca;0xb101;0xffff;0xe0;15957;7;1724;119;7194;17
listener debug sel=A valid=1 age=4154608 level=7 good=90589 accepted=23870 badhdr=0 nonanchor=66719 toolong=0 rxerr=95 rxen_fail=0 rxen_last=0 sys_status=0x00800002 sys_state=000505450b rx_finfo=0x0776c811 last_status=0x04800102 last_len=17 pan=0xdeca dst=0xffff src=0xb101 code=0xe0
listener debug sel=A valid=1 age=4155608 level=7 good=90589 accepted=23870 badhdr=0 nonanchor=66719 toolong=0 rxerr=95 rxen_fail=0 rxen_last=0 sys_status=0x00800002 sys_state=000505460b rx_finfo=0x0776c811 last_status=0x04800102 last_len=17 pan=0xdeca dst=0xffff src=0xb101 code=0xe0
listener debug sel=A valid=1 age=4156613 level=7 good=90589 accepted=23870 badhdr=0 nonanchor=66719 toolong=0 rxerr=95 rxen_fail=0 rxen_last=0 sys_status=0x00800002 sys_state=000505450b rx_finfo=0x0776c811 last_status=0x04800102 last_len=17 pan=0xdeca dst=0xffff src=0xb101 code=0xe0
listener debug sel=A valid=1 age=4157617 level=7 good=90589 accepted=23870 badhdr=0 nonanchor=66719 toolong=0 rxerr=95 rxen_fail=0 rxen_last=0 sys_status=0x00800002 sys_state=000505410b rx_finfo=0x0776c811 last_status=0x04800102 last_len=17 pan=0xdeca dst=0xffff src=0xb101 code=0xe0
listener debug sel=A valid=1 age=4158617 level=7 good=90589 accepted=23870 badhdr=0 nonanchor=66719 toolong=0 rxerr=95 rxen_fail=0 rxen_last=0 sys_status=0x00800002 sys_state=000505430b rx_finfo=0x0776c811 last_status=0x04800102 last_len=17 pan=0xdeca dst=0xffff src=0xb101 code=0xe0
listener debug sel=A valid=1 age=4159617 level=7 good=90589 accepted=23870 badhdr=0 nonanchor=66719 toolong=0 rxerr=95 rxen_fail=0 rxen_last=0 sys_status=0x00800002 sys_state=000505480b rx_finfo=0x0776c811 last_status=0x04800102 last_len=17 pan=0xdeca dst=0xffff src=0xb101 code=0xe0
listener debug sel=A valid=1 age=4160617 level=7 good=90589 accepted=23870 badhdr=0 nonanchor=66719 toolong=0 rxerr=95 rxen_fail=0 rxen_last=0 sys_status=0x00800002 sys_state=000505480b rx_finfo=0x0776c811 last_status=0x04800102 last_len=17 pan=0xdeca dst=0xffff src=0xb101 code=0xe0
listener debug sel=A valid=1 age=4161617 level=7 good=90589 accepted=23870 badhdr=0 nonanchor=66719 toolong=0 rxerr=95 rxen_fail=0 rxen_last=0 sys_status=0x00800002 sys_state=000505410b rx_finfo=0x0776c811 last_status=0x04800102 last_len=17 pan=0xdeca dst=0xffff src=0xb101 code=0xe0
listener debug sel=A valid=1 age=4162622 level=7 good=90589 accepted=23870 badhdr=0 nonanchor=66719 toolong=0 rxerr=95 rxen_fail=0 rxen_last=0 sys_status=0x00800002 sys_state=000505460b rx_finfo=0x0776c811 last_status=0x04800102 last_len=17 pan=0xdeca dst=0xffff src=0xb101 code=0xe0
listener debug sel=A valid=1 age=4163626 level=7 good=90589 accepted=23870 badhdr=0 nonanchor=66719 toolong=0 rxerr=95 rxen_fail=0 rxen_last=0 sys_status=0x00800002 sys_state=000505470b rx_finfo=0x0776c811 last_status=0x04800102 last_len=17 pan=0xdeca dst=0xffff src=0xb101 code=0xe0
listener debug sel=A valid=1 age=4164626 level=7 good=90589 accepted=23870 badhdr=0 nonanchor=66719 toolong=0 rxerr=95 rxen_fail=0 rxen_last=0 sys_status=0x00800002 sys_state=000505480b rx_finfo=0x0776c811 last_status=0x04800102 last_len=17 pan=0xdeca dst=0xffff src=0xb101 code=0xe0
listener debug sel=A valid=1 age=4165626 level=7 good=90589 accepted=23870 badhdr=0 nonanchor=66719 toolong=0 rxerr=95 rxen_fail=0 rxen_last=0 sys_status=0x00800002 sys_state=000505430b rx_finfo=0x0776c811 last_status=0x04800102 last_len=17 pan=0xdeca dst=0xffff src=0xb101 code=0xe0
listener debug sel=A valid=1 age=4166626 level=7 good=90589 accepted=23870 badhdr=0 nonanchor=66719 toolong=0 rxerr=95 rxen_fail=0 rxen_last=0 sys_status=0x00800002 sys_state=000505400b rx_finfo=0x0776c811 last_status=0x04800102 last_len=17 pan=0xdeca dst=0xffff src=0xb101 code=0xe0
listener debug sel=A valid=1 age=4167626 level=7 good=90589 accepted=23870 badhdr=0 nonanchor=66719 toolong=0 rxerr=96 rxen_fail=0 rxen_last=0 sys_status=0x00800002 sys_state=000505440b rx_finfo=0x0776c811 last_status=0x04800102 last_len=17 pan=0xdeca dst=0xffff src=0xb101 code=0xe0
listener debug sel=A valid=1 age=4168626 level=7 good=90589 accepted=23870 badhdr=0 nonanchor=66719 toolong=0 rxerr=96 rxen_fail=0 rxen_last=0 sys_status=0x00800002 sys_state=000505450b rx_finfo=0x0776c811 last_status=0x04800102 last_len=17 pan=0xdeca dst=0xffff src=0xb101 code=0xe0
listener debug sel=A valid=1 age=4169626 level=7 good=90589 accepted=23870 badhdr=0 nonanchor=66719 toolong=0 rxerr=96 rxen_fail=0 rxen_last=0 sys_status=0x00800002 sys_state=000505480b rx_finfo=0x0776c811 last_status=0x04800102 last_len=17 pan=0xdeca dst=0xffff src=0xb101 code=0xe0
listener debug sel=A valid=1 age=4170631 level=7 good=90589 accepted=23870 badhdr=0 nonanchor=66719 toolong=0 rxerr=96 rxen_fail=0 rxen_last=0 sys_status=0x00800002 sys_state=000505480b rx_finfo=0x0776c811 last_status=0x04800102 last_len=17 pan=0xdeca dst=0xffff src=0xb101 code=0xe0
UF;8405161;90590;0xdeca;0xb101;0xffff;0xe0;18506;7;1966;118;7228;17
listener debug sel=A valid=1 age=4171632 level=7 good=90590 accepted=23870 badhdr=0 nonanchor=66720 toolong=0 rxerr=96 rxen_fail=0 rxen_last=0 sys_status=0x00800002 sys_state=000505480b rx_finfo=0x0766c811 last_status=0x04800102 last_len=17 pan=0xdeca dst=0xffff src=0xb101 code=0xe0
UF;8405260;90591;0xdeca;0xb101;0xffff;0xe0;21379;7;2508;124;7842;17
UF;8405360;90592;0xdeca;0xb101;0xffff;0xe0;19788;7;2174;120;7065;17
UF;8405460;90593;0xdeca;0xb101;0xffff;0xe0;20003;7;2125;118;7076;17
UF;8405560;90594;0xdeca;0xb101;0xffff;0xe0;19316;7;2266;124;7483;17
UF;8405660;90595;0xdeca;0xb101;0xffff;0xe0;17462;7;1983;122;7300;17
UF;8405760;90596;0xdeca;0xb101;0xffff;0xe0;17043;7;1780;117;7084;17
UF;8405860;90597;0xdeca;0xb101;0xffff;0xe0;20879;7;2371;122;7462;17
UF;8405960;90598;0xdeca;0xb101;0xffff;0xe0;17386;7;1847;118;7487;17
UF;8406061;90599;0xdeca;0xb101;0xffff;0xe0;21170;7;2211;117;7192;17
uwb any-frame t=8406161 good=90600 len=17 fctrl=8841 pan=0xdeca dst=0xffff src=0xb101 code=0xe0 q=18244 level=7 cir=2038 rxpacc=121 fp=7366/7352/6844
UF;8406161;90600;0xdeca;0xb101;0xffff;0xe0;18244;7;2038;121;7366;17
listener debug sel=A valid=1 age=4172635 level=7 good=90600 accepted=23870 badhdr=0 nonanchor=66730 toolong=0 rxerr=96 rxen_fail=0 rxen_last=0 sys_status=0x00800002 sys_state=000505440b rx_finfo=0x0796c811 last_status=0x04800102 last_len=17 pan=0xdeca dst=0xffff src=0xb101 code=0xe0
UF;8406258;90601;0xdeca;0xb101;0xffff;0xe0;15880;7;1687;118;6853;17
UF;8406358;90602;0xdeca;0xb101;0xffff;0xe0;21594;7;2294;118;7399;17
UF;8406458;90603;0xdeca;0xb101;0xffff;0xe0;18550;7;2038;120;6930;17
UF;8406558;90604;0xdeca;0xb101;0xffff;0xe0;17145;7;1979;123;7621;17
UF;8406658;90605;0xdeca;0xb101;0xffff;0xe0;17400;7;1880;119;7001;17
UF;8406758;90606;0xdeca;0xb101;0xffff;0xe0;17100;7;1786;117;6682;17
UF;8406858;90607;0xdeca;0xb101;0xffff;0xe0;17826;7;1926;119;7374;17
UF;8406958;90608;0xdeca;0xb101;0xffff;0xe0;19400;7;2203;122;7628;17
UF;8407058;90609;0xdeca;0xb101;0xffff;0xe0;22598;8;2651;124;7929;17
UF;8407158;90610;0xdeca;0xb101;0xffff;0xe0;17095;7;2038;125;7671;17
listener debug sel=A valid=1 age=4173635 level=7 good=90610 accepted=23870 badhdr=0 nonanchor=66740 toolong=0 rxerr=96 rxen_fail=0 rxen_last=0 sys_status=0x00800002 sys_state=000505410b rx_finfo=0x07d6c811 last_status=0x04800102 last_len=17 pan=0xdeca dst=0xffff src=0xb101 code=0xe0
UF;8407257;90611;0xdeca;0xb101;0xffff;0xe0;18768;7;2062;120;7295;17
UF;8407358;90612;0xdeca;0xb101;0xffff;0xe0;16793;7;1784;118;6779;17
UF;8407458;90613;0xdeca;0xb101;0xffff;0xe0;17904;7;1902;118;6896;17
UF;8407558;90614;0xdeca;0xb101;0xffff;0xe0;17367;7;1845;118;7078;17
UF;8407658;90615;0xdeca;0xb101;0xffff;0xe0;17656;7;2038;123;7683;17
UF;8407758;90616;0xdeca;0xb101;0xffff;0xe0;18681;7;2227;125;7849;17
UF;8407858;90617;0xdeca;0xb101;0xffff;0xe0;20791;7;2439;124;7741;17
UF;8407958;90618;0xdeca;0xb101;0xffff;0xe0;16360;7;1738;118;7238;17
UF;8408058;90619;0xdeca;0xb101;0xffff;0xe0;21537;7;2486;123;7651;17
UF;8408158;90620;0xdeca;0xb101;0xffff;0xe0;18271;7;2041;121;7509;17
listener debug sel=A valid=1 age=4174635 level=7 good=90620 accepted=23870 badhdr=0 nonanchor=66750 toolong=0 rxerr=96 rxen_fail=0 rxen_last=0 sys_status=0x00800002 sys_state=000505410b rx_finfo=0x0796c811 last_status=0x04800102 last_len=17 pan=0xdeca dst=0xffff src=0xb101 code=0xe0
UF;8408257;90621;0xdeca;0xb101;0xffff;0xe0;18924;7;2220;124;7405;17
UF;8408358;90622;0xdeca;0xb101;0xffff;0xe0;16153;7;1716;118;7251;17
UF;8408458;90623;0xdeca;0xb101;0xffff;0xe0;18080;7;2121;124;7429;17
UF;8408558;90624;0xdeca;0xb101;0xffff;0xe0;20814;7;2325;121;7772;17
UF;8408658;90625;0xdeca;0xb101;0xffff;0xe0;21130;7;2439;123;7562;17
UF;8408758;90626;0xdeca;0xb101;0xffff;0xe0;18791;7;2099;121;7419;17
UF;8408858;90627;0xdeca;0xb101;0xffff;0xe0;17285;7;1899;120;7201;17
UF;8408958;90628;0xdeca;0xb101;0xffff;0xe0;18069;7;2154;125;7660;17
UF;8409058;90629;0xdeca;0xb101;0xffff;0xe0;19132;7;2102;120;7169;17
UF;8409158;90630;0xdeca;0xb101;0xffff;0xe0;16229;7;1695;117;6948;17
listener debug sel=A valid=1 age=4175635 level=7 good=90630 accepted=23870 badhdr=0 nonanchor=66760 toolong=0 rxerr=96 rxen_fail=0 rxen_last=0 sys_status=0x00800002 sys_state=000505450b rx_finfo=0x0756c811 last_status=0x04800102 last_len=17 pan=0xdeca dst=0xffff src=0xb101 code=0xe0
UF;8409257;90631;0xdeca;0xb101;0xffff;0xe0;20194;7;2331;123;7596;17
UF;8409357;90632;0xdeca;0xb101;0xffff;0xe0;19251;7;2115;120;7512;17
UF;8409458;90633;0xdeca;0xb101;0xffff;0xe0;17196;7;1796;117;7185;17
UF;8409558;90634;0xdeca;0xb101;0xffff;0xe0;21620;7;2258;117;7534;17
UF;8409658;90635;0xdeca;0xb101;0xffff;0xe0;16812;7;1878;121;7140;17
UF;8409758;90636;0xdeca;0xb101;0xffff;0xe0;17703;7;1945;120;7487;17
UF;8409858;90637;0xdeca;0xb101;0xffff;0xe0;17386;7;1847;118;6855;17
UF;8409958;90638;0xdeca;0xb101;0xffff;0xe0;18873;7;2005;118;7372;17
UF;8410058;90639;0xdeca;0xb101;0xffff;0xe0;18149;7;1928;118;6799;17
UF;8410158;90640;0xdeca;0xb101;0xffff;0xe0;19452;7;2209;122;7776;17
listener debug sel=A valid=1 age=4176635 level=7 good=90640 accepted=23870 badhdr=0 nonanchor=66770 toolong=0 rxerr=96 rxen_fail=0 rxen_last=0 sys_status=0x00800002 sys_state=000505480b rx_finfo=0x07a6c811 last_status=0x04800102 last_len=17 pan=0xdeca dst=0xffff src=0xb101 code=0xe0
UF;8410257;90641;0xdeca;0xb101;0xffff;0xe0;21664;7;2420;121;7566;17
UF;8410357;90642;0xdeca;0xb101;0xffff;0xe0;21790;7;2434;121;7601;17
UF;8410458;90643;0xdeca;0xb101;0xffff;0xe0;19510;7;2252;123;7687;17
UF;8410558;90644;0xdeca;0xb101;0xffff;0xe0;20576;7;2375;123;7606;17
UF;8410658;90645;0xdeca;0xb101;0xffff;0xe0;19048;7;2058;119;7366;17
UF;8410758;90646;0xdeca;0xb101;0xffff;0xe0;19356;7;2198;122;7384;17
UF;8410858;90647;0xdeca;0xb101;0xffff;0xe0;16447;7;1807;120;7349;17
UF;8410958;90648;0xdeca;0xb101;0xffff;0xe0;16348;7;1887;123;7463;17
UF;8411058;90649;0xdeca;0xb101;0xffff;0xe0;16000;7;1817;122;7417;17
uwb any-frame t=8411158 good=90650 len=17 fctrl=8841 pan=0xdeca dst=0xffff src=0xb101 code=0xe0 q=21277 level=7 cir=2496 rxpacc=124 fp=7467/7238/6937
UF;8411158;90650;0xdeca;0xb101;0xffff;0xe0;21277;7;2496;124;7467;17
listener debug sel=A valid=1 age=4177638 level=7 good=90650 accepted=23870 badhdr=0 nonanchor=66780 toolong=0 rxerr=96 rxen_fail=0 rxen_last=0 sys_status=0x00800002 sys_state=000505440b rx_finfo=0x07c6c811 last_status=0x04800102 last_len=17 pan=0xdeca dst=0xffff src=0xb101 code=0xe0
UF;8411260;90651;0xdeca;0xb101;0xffff;0xe0;18277;7;2008;120;7300;17
UF;8411360;90652;0xdeca;0xb101;0xffff;0xe0;18037;7;2082;123;7388;17
UF;8411460;90653;0xdeca;0xb101;0xffff;0xe0;21329;7;2462;123;7452;17
UF;8411560;90654;0xdeca;0xb101;0xffff;0xe0;16078;7;1796;121;7212;17
UF;8411661;90655;0xdeca;0xb101;0xffff;0xe0;20733;7;2316;121;7330;17
UF;8411761;90656;0xdeca;0xb101;0xffff;0xe0;21945;7;2411;120;7510;17
UF;8411861;90657;0xdeca;0xb101;0xffff;0xe0;19665;7;2307;124;7584;17
UF;8411961;90658;0xdeca;0xb101;0xffff;0xe0;18714;7;2056;120;7193;17
UF;8412061;90659;0xdeca;0xb101;0xffff;0xe0;15565;7;1826;124;7255;17
UF;8412161;90660;0xdeca;0xb101;0xffff;0xe0;15863;7;1831;123;7459;17
listener debug sel=A valid=1 age=4178638 level=7 good=90660 accepted=23870 badhdr=0 nonanchor=66790 toolong=0 rxerr=96 rxen_fail=0 rxen_last=0 sys_status=0x00800002 sys_state=000505420b rx_finfo=0x07b6c811 last_status=0x04800102 last_len=17 pan=0xdeca dst=0xffff src=0xb101 code=0xe0
UF;8412260;90661;0xdeca;0xb101;0xffff;0xe0;17024;7;1778;117;7086;17
UF;8412360;90662;0xdeca;0xb101;0xffff;0xe0;19972;7;2231;121;7408;17
UF;8412460;90663;0xdeca;0xb101;0xffff;0xe0;18505;7;2136;123;7809;17
UF;8412560;90664;0xdeca;0xb101;0xffff;0xe0;20399;7;2204;119;6722;17
UF;8412660;90665;0xdeca;0xb101;0xffff;0xe0;18101;7;2022;121;7467;17
UF;8412760;90666;0xdeca;0xb101;0xffff;0xe0;19402;7;2313;125;7806;17
UF;8412861;90667;0xdeca;0xb101;0xffff;0xe0;16868;7;1792;118;7354;17
UF;8412961;90668;0xdeca;0xb101;0xffff;0xe0;15810;7;1737;120;7216;17
UF;8413061;90669;0xdeca;0xb101;0xffff;0xe0;15670;7;1693;119;7155;17
UF;8413161;90670;0xdeca;0xb101;0xffff;0xe0;17452;7;1854;118;7110;17
listener debug sel=A valid=1 age=4179638 level=7 good=90670 accepted=23870 badhdr=0 nonanchor=66800 toolong=0 rxerr=96 rxen_fail=0 rxen_last=0 sys_status=0x00800002 sys_state=000505400b rx_finfo=0x0766c811 last_status=0x04800102 last_len=17 pan=0xdeca dst=0xffff src=0xb101 code=0xe0
UF;8413260;90671;0xdeca;0xb101;0xffff;0xe0;18510;7;2102;122;7271;17
UF;8413360;90672;0xdeca;0xb101;0xffff;0xe0;19197;7;2252;124;7592;17
UF;8413460;90673;0xdeca;0xb101;0xffff;0xe0;18546;7;1937;117;7174;17
UF;8413560;90674;0xdeca;0xb101;0xffff;0xe0;20724;7;2315;121;7344;17
UF;8413660;90675;0xdeca;0xb101;0xffff;0xe0;21408;7;2313;119;7638;17
UF;8413760;90676;0xdeca;0xb101;0xffff;0xe0;16447;7;1807;120;7287;17
UF;8413860;90677;0xdeca;0xb101;0xffff;0xe0;18243;7;1971;119;7032;17
UF;8413961;90678;0xdeca;0xb101;0xffff;0xe0;17050;7;1968;123;7260;17
UF;8414061;90679;0xdeca;0xb101;0xffff;0xe0;20305;7;2382;124;7563;17
UF;8414161;90680;0xdeca;0xb101;0xffff;0xe0;16812;7;1786;118;6906;17
listener debug sel=A valid=1 age=4180638 level=7 good=90680 accepted=23870 badhdr=0 nonanchor=66810 toolong=0 rxerr=96 rxen_fail=0 rxen_last=0 sys_status=0x00800002 sys_state=000505470b rx_finfo=0x0766c811 last_status=0x04800102 last_len=17 pan=0xdeca dst=0xffff src=0xb101 code=0xe0
UF;8414260;90681;0xdeca;0xb101;0xffff;0xe0;17299;7;1869;119;7241;17
UF;8414360;90682;0xdeca;0xb101;0xffff;0xe0;20095;7;2282;122;7216;17
UF;8414460;90683;0xdeca;0xb101;0xffff;0xe0;18748;7;2164;123;7799;17
UF;8414560;90684;0xdeca;0xb101;0xffff;0xe0;17985;7;2076;123;7673;17
UF;8414660;90685;0xdeca;0xb101;0xffff;0xe0;19197;7;2180;122;7524;17
UF;8414760;90686;0xdeca;0xb101;0xffff;0xe0;16356;7;1827;121;7447;17
UF;8414860;90687;0xdeca;0xb101;0xffff;0xe0;18523;7;2035;120;7436;17
UF;8414960;90688;0xdeca;0xb101;0xffff;0xe0;17722;7;1947;120;6795;17
UF;8415061;90689;0xdeca;0xb101;0xffff;0xe0;18666;7;1983;118;7216;17
UF;8415161;90690;0xdeca;0xb101;0xffff;0xe0;15980;7;1905;125;7264;17
listener debug sel=A valid=1 age=4181638 level=7 good=90690 accepted=23870 badhdr=0 nonanchor=66820 toolong=0 rxerr=96 rxen_fail=0 rxen_last=0 sys_status=0x00800002 sys_state=000505460b rx_finfo=0x07d6c811 last_status=0x04800102 last_len=17 pan=0xdeca dst=0xffff src=0xb101 code=0xe0
UF;8415260;90691;0xdeca;0xb101;0xffff;0xe0;18585;7;2008;119;7222;17
UF;8415360;90692;0xdeca;0xb101;0xffff;0xe0;20780;7;2283;120;7257;17
UF;8415460;90693;0xdeca;0xb101;0xffff;0xe0;17410;7;1881;119;7354;17
UF;8415560;90694;0xdeca;0xb101;0xffff;0xe0;19727;7;2277;123;7740;17
UF;8415660;90695;0xdeca;0xb101;0xffff;0xe0;20144;7;2140;118;6918;17
UF;8415760;90696;0xdeca;0xb101;0xffff;0xe0;16755;7;1934;123;7665;17
UF;8415860;90697;0xdeca;0xb101;0xffff;0xe0;16846;7;1913;122;7559;17
UF;8415960;90698;0xdeca;0xb101;0xffff;0xe0;18576;7;2007;119;7175;17
UF;8416061;90699;0xdeca;0xb101;0xffff;0xe0;19998;7;2346;124;7918;17
uwb any-frame t=8416161 good=90700 len=17 fctrl=8841 pan=0xdeca dst=0xffff src=0xb101 code=0xe0 q=19224 level=7 cir=2219 rxpacc=123 fp=7548/7551/7322
UF;8416161;90700;0xdeca;0xb101;0xffff;0xe0;19224;7;2219;123;7548;17
listener debug sel=A valid=1 age=4182640 level=7 good=90700 accepted=23870 badhdr=0 nonanchor=66830 toolong=0 rxerr=96 rxen_fail=0 rxen_last=0 sys_status=0x00800002 sys_state=000505440b rx_finfo=0x07b6c811 last_status=0x04800102 last_len=17 pan=0xdeca dst=0xffff src=0xb101 code=0xe0
UF;8416257;90701;0xdeca;0xb101;0xffff;0xe0;19197;7;2252;124;7390;17
UF;8416358;90702;0xdeca;0xb101;0xffff;0xe0;18280;7;1942;118;6989;17
UF;8416458;90703;0xdeca;0xb101;0xffff;0xe0;17986;7;2110;124;7719;17
UF;8416558;90704;0xdeca;0xb101;0xffff;0xe0;18004;7;1978;120;7672;17
UF;8416658;90705;0xdeca;0xb101;0xffff;0xe0;16842;7;1944;123;7378;17
UF;8416758;90706;0xdeca;0xb101;0xffff;0xe0;19452;7;2282;124;7514;17
UF;8416858;90707;0xdeca;0xb101;0xffff;0xe0;18233;7;2139;124;7500;17
UF;8416958;90708;0xdeca;0xb101;0xffff;0xe0;16408;7;1894;123;7346;17
UF;8417058;90709;0xdeca;0xb101;0xffff;0xe0;20589;7;2262;120;7293;17
UF;8417158;90710;0xdeca;0xb101;0xffff;0xe0;21053;7;2313;120;7606;17
listener debug sel=A valid=1 age=4183640 level=7 good=90710 accepted=23870 badhdr=0 nonanchor=66840 toolong=0 rxerr=96 rxen_fail=0 rxen_last=0 sys_status=0x00800002 sys_state=000505450b rx_finfo=0x0786c811 last_status=0x04800102 last_len=17 pan=0xdeca dst=0xffff src=0xb101 code=0xe0
UF;8417257;90711;0xdeca;0xb101;0xffff;0xe0;16191;7;1720;118;7039;17
UF;8417357;90712;0xdeca;0xb101;0xffff;0xe0;17148;7;1884;120;7272;17
UF;8417457;90713;0xdeca;0xb101;0xffff;0xe0;19337;7;2232;123;7582;17
UF;8417558;90714;0xdeca;0xb101;0xffff;0xe0;19834;7;2107;118;7133;17
UF;8417658;90715;0xdeca;0xb101;0xffff;0xe0;19740;7;2205;121;7594;17
UF;8417758;90716;0xdeca;0xb101;0xffff;0xe0;16727;7;1747;117;7142;17
UF;8417858;90717;0xdeca;0xb101;0xffff;0xe0;16957;7;1863;120;7387;17
UF;8417958;90718;0xdeca;0xb101;0xffff;0xe0;16062;7;1824;122;7130;17
UF;8418058;90719;0xdeca;0xb101;0xffff;0xe0;17296;7;1932;121;7485;17
UF;8418158;90720;0xdeca;0xb101;0xffff;0xe0;18466;7;2097;122;7283;17
listener debug sel=A valid=1 age=4184640 level=7 good=90720 accepted=23870 badhdr=0 nonanchor=66850 toolong=0 rxerr=96 rxen_fail=0 rxen_last=0 sys_status=0x00800002 sys_state=000505400b rx_finfo=0x07a6c811 last_status=0x04800102 last_len=17 pan=0xdeca dst=0xffff src=0xb101 code=0xe0
UF;8418257;90721;0xdeca;0xb101;0xffff;0xe0;17039;7;1872;120;7337;17
UF;8418357;90722;0xdeca;0xb101;0xffff;0xe0;17923;7;1904;118;6814;17
UF;8418458;90723;0xdeca;0xb101;0xffff;0xe0;18736;7;2198;124;7662;17
UF;8418558;90724;0xdeca;0xb101;0xffff;0xe0;18070;7;2052;122;7080;17
UF;8418658;90725;0xdeca;0xb101;0xffff;0xe0;16963;7;1958;123;7510;17
UF;8418758;90726;0xdeca;0xb101;0xffff;0xe0;18313;7;2012;120;7217;17
UF;8418858;90727;0xdeca;0xb101;0xffff;0xe0;18665;7;2085;121;7254;17
UF;8418958;90728;0xdeca;0xb101;0xffff;0xe0;16382;7;1830;121;7345;17
UF;8419058;90729;0xdeca;0xb101;0xffff;0xe0;16419;7;1774;119;7082;17
UF;8419158;90730;0xdeca;0xb101;0xffff;0xe0;21641;7;2498;123;7683;17
listener debug sel=A valid=1 age=4185640 level=7 good=90730 accepted=23870 badhdr=0 nonanchor=66860 toolong=0 rxerr=96 rxen_fail=0 rxen_last=0 sys_status=0x00800002 sys_state=000505440b rx_finfo=0x07b6c811 last_status=0x04800102 last_len=17 pan=0xdeca dst=0xffff src=0xb101 code=0xe0
UF;8419257;90731;0xdeca;0xb101;0xffff;0xe0;17185;7;2016;124;7575;17
UF;8419357;90732;0xdeca;0xb101;0xffff;0xe0;17039;7;1872;120;7355;17
UF;8419457;90733;0xdeca;0xb101;0xffff;0xe0;21142;7;2246;118;7238;17
UF;8419558;90734;0xdeca;0xb101;0xffff;0xe0;20314;7;2158;118;7227;17
UF;8419658;90735;0xdeca;0xb101;0xffff;0xe0;17449;7;2047;124;7478;17
UF;8419758;90736;0xdeca;0xb101;0xffff;0xe0;17867;7;2096;124;7716;17
UF;8419858;90737;0xdeca;0xb101;0xffff;0xe0;18687;7;2157;123;7419;17
UF;8419958;90738;0xdeca;0xb101;0xffff;0xe0;18943;7;2116;121;7523;17
UF;8420058;90739;0xdeca;0xb101;0xffff;0xe0;18085;7;2156;125;8016;17
UF;8420158;90740;0xdeca;0xb101;0xffff;0xe0;20543;7;2449;125;7678;17
listener debug sel=A valid=1 age=4186640 level=7 good=90740 accepted=23870 badhdr=0 nonanchor=66870 toolong=0 rxerr=96 rxen_fail=0 rxen_last=0 sys_status=0x00800002 sys_state=000505410b rx_finfo=0x07d6c811 last_status=0x04800102 last_len=17 pan=0xdeca dst=0xffff src=0xb101 code=0xe0
UF;8420257;90741;0xdeca;0xb101;0xffff;0xe0;19744;7;2279;123;7774;17
UF;8420270;90742;0xdeca;0xa107;0xb101;0xe1;8009;5;55;30;1143;20
UL;8420270;23871;H;7;0xa107;0xb101;0xe1;8009;5;55;30;1143;20
UF;8420359;90743;0xdeca;0xb101;0xffff;0xe0;17339;7;1969;122;7560;17
UF;8420459;90744;0xdeca;0xb101;0xffff;0xe0;16772;7;1936;123;7396;17
UF;8420559;90745;0xdeca;0xb101;0xffff;0xe0;18030;7;2014;121;7140;17
UF;8420660;90746;0xdeca;0xb101;0xffff;0xe0;18605;7;2218;125;7876;17
UF;8420760;90747;0xdeca;0xb101;0xffff;0xe0;16388;7;1861;122;7509;17
UF;8420860;90748;0xdeca;0xb101;0xffff;0xe0;21823;7;2519;123;7659;17
UF;8420960;90749;0xdeca;0xb101;0xffff;0xe0;19435;7;2207;122;7314;17
uwb any-frame t=8421060 good=90750 len=17 fctrl=8841 pan=0xdeca dst=0xffff src=0xb101 code=0xe0 q=17764 level=7 cir=2084 rxpacc=124 fp=7615/7502/4826
UF;8421060;90750;0xdeca;0xb101;0xffff;0xe0;17764;7;2084;124;7615;17
UF;8421158;90751;0xdeca;0xb101;0xffff;0xe0;20342;7;2310;122;7573;17
listener debug sel=A valid=1 age=4187640 level=7 good=90751 accepted=23871 badhdr=0 nonanchor=66880 toolong=0 rxerr=96 rxen_fail=0 rxen_last=0 sys_status=0x00800002 sys_state=000505440b rx_finfo=0x07a6c811 last_status=0x04800102 last_len=17 pan=0xdeca dst=0xffff src=0xb101 code=0xe0
UF;8421257;90752;0xdeca;0xb101;0xffff;0xe0;19303;7;2192;122;7382;17
UF;8421269;90753;0xdeca;0xa107;0xb101;0xe1;16456;7;1808;120;4506;20
UL;8421269;23872;H;7;0xa107;0xb101;0xe1;16456;7;1808;120;4506;20
UF;8421360;90754;0xdeca;0xb101;0xffff;0xe0;17860;7;1995;121;7518;17
UF;8421460;90755;0xdeca;0xb101;0xffff;0xe0;17100;7;1786;117;6365;17
UF;8421560;90756;0xdeca;0xb101;0xffff;0xe0;16384;7;1922;124;7341;17
UF;8421660;90757;0xdeca;0xb101;0xffff;0xe0;17688;7;2075;124;7500;17
UF;8421760;90758;0xdeca;0xb101;0xffff;0xe0;18465;7;1995;119;7118;17
UF;8421860;90759;0xdeca;0xb101;0xffff;0xe0;16123;7;1801;121;7342;17
UF;8421960;90760;0xdeca;0xb101;0xffff;0xe0;19051;7;2199;123;7156;17
UF;8422060;90761;0xdeca;0xb101;0xffff;0xe0;18871;7;2143;122;7734;17
UF;8422160;90762;0xdeca;0xb101;0xffff;0xe0;16661;7;1770;118;6799;17
listener debug sel=A valid=1 age=4188642 level=7 good=90762 accepted=23872 badhdr=0 nonanchor=66890 toolong=0 rxerr=96 rxen_fail=0 rxen_last=0 sys_status=0x00800002 sys_state=000505480b rx_finfo=0x0766c811 last_status=0x04800102 last_len=17 pan=0xdeca dst=0xffff src=0xb101 code=0xe0
UF;8422259;90763;0xdeca;0xb101;0xffff;0xe0;17465;7;2082;125;7194;17
UF;8422360;90764;0xdeca;0xb101;0xffff;0xe0;19862;7;2110;118;7374;17
UF;8422460;90765;0xdeca;0xb101;0xffff;0xe0;16332;7;1735;118;7137;17
UF;8422560;90766;0xdeca;0xb101;0xffff;0xe0;20194;7;2369;124;7792;17
UF;8422660;90767;0xdeca;0xb101;0xffff;0xe0;15966;7;1725;119;7089;17
UF;8422760;90768;0xdeca;0xb101;0xffff;0xe0;16784;7;1906;122;7522;17
UF;8422860;90769;0xdeca;0xb101;0xffff;0xe0;17160;7;1854;119;7355;17
UF;8422960;90770;0xdeca;0xb101;0xffff;0xe0;17292;7;1806;117;6822;17
UF;8423060;90771;0xdeca;0xb101;0xffff;0xe0;17715;7;1882;118;7180;17
UF;8423160;90772;0xdeca;0xb101;0xffff;0xe0;16526;7;1726;117;7128;17
listener debug sel=A valid=1 age=4189642 level=7 good=90772 accepted=23872 badhdr=0 nonanchor=66900 toolong=0 rxerr=96 rxen_fail=0 rxen_last=0 sys_status=0x00800002 sys_state=000505410b rx_finfo=0x0756c811 last_status=0x04800102 last_len=17 pan=0xdeca dst=0xffff src=0xb101 code=0xe0
UF;8423259;90773;0xdeca;0xb101;0xffff;0xe0;16558;7;1759;118;7243;17
UF;8423359;90774;0xdeca;0xb101;0xffff;0xe0;21123;7;2478;124;7694;17
UF;8423460;90775;0xdeca;0xb101;0xffff;0xe0;16978;7;1928;122;7006;17
UF;8423560;90776;0xdeca;0xb101;0xffff;0xe0;16402;7;1802;120;7241;17
UF;8423660;90777;0xdeca;0xb101;0xffff;0xe0;18800;7;2170;123;7646;17
UF;8423760;90778;0xdeca;0xb101;0xffff;0xe0;16972;7;1959;123;7507;17
UF;8423860;90779;0xdeca;0xb101;0xffff;0xe0;18591;7;2181;124;7487;17
UF;8423960;90780;0xdeca;0xb101;0xffff;0xe0;16593;7;1823;120;7016;17
UF;8424060;90781;0xdeca;0xb101;0xffff;0xe0;17023;7;1997;124;7244;17
UF;8424160;90782;0xdeca;0xb101;0xffff;0xe0;17932;7;1905;118;7437;17
listener debug sel=A valid=1 age=4190642 level=7 good=90782 accepted=23872 badhdr=0 nonanchor=66910 toolong=0 rxerr=96 rxen_fail=0 rxen_last=0 sys_status=0x00800002 sys_state=000505430b rx_finfo=0x0766c811 last_status=0x04800102 last_len=17 pan=0xdeca dst=0xffff src=0xb101 code=0xe0
UF;8424259;90783;0xdeca;0xb101;0xffff;0xe0;18421;7;1957;118;6997;17
UF;8424359;90784;0xdeca;0xb101;0xffff;0xe0;18808;7;2171;123;7524;17
UF;8424459;90785;0xdeca;0xb101;0xffff;0xe0;16639;7;1952;124;7429;17
UF;8424560;90786;0xdeca;0xb101;0xffff;0xe0;19692;7;2273;123;7826;17
UF;8424660;90787;0xdeca;0xb101;0xffff;0xe0;17101;7;1974;123;7386;17
UF;8424760;90788;0xdeca;0xb101;0xffff;0xe0;19904;7;2335;124;7721;17
UF;8424860;90789;0xdeca;0xb101;0xffff;0xe0;15875;7;1658;117;6985;17
UF;8424960;90790;0xdeca;0xb101;0xffff;0xe0;21268;7;2495;124;7831;17
UF;8425060;90791;0xdeca;0xb101;0xffff;0xe0;19467;7;2247;123;7605;17
UF;8425160;90792;0xdeca;0xb101;0xffff;0xe0;19376;7;2273;124;7606;17
listener debug sel=A valid=1 age=4191642 level=7 good=90792 accepted=23872 badhdr=0 nonanchor=66920 toolong=0 rxerr=96 rxen_fail=0 rxen_last=0 sys_status=0x00800002 sys_state=000505400b rx_finfo=0x07c6c811 last_status=0x04800102 last_len=17 pan=0xdeca dst=0xffff src=0xb101 code=0xe0
UF;8425259;90793;0xdeca;0xb101;0xffff;0xe0;16239;7;1905;124;7457;17
UF;8425359;90794;0xdeca;0xb101;0xffff;0xe0;19461;7;2283;124;7702;17
UF;8425459;90795;0xdeca;0xb101;0xffff;0xe0;19059;7;2129;121;7516;17
UF;8425559;90796;0xdeca;0xb101;0xffff;0xe0;19239;7;2257;124;7389;17
UF;8425659;90797;0xdeca;0xb101;0xffff;0xe0;19293;7;2015;117;7051;17
UF;8425760;90798;0xdeca;0xb101;0xffff;0xe0;16256;7;1727;118;7079;17
UF;8425860;90799;0xdeca;0xb101;0xffff;0xe0;18591;7;1975;118;7227;17
uwb any-frame t=8425960 good=90800 len=17 fctrl=8841 pan=0xdeca dst=0xffff src=0xb101 code=0xe0 q=21353 level=7 cir=2307 rxpacc=119 fp=7657/7622/6392
UF;8425960;90800;0xdeca;0xb101;0xffff;0xe0;21353;7;2307;119;7657;17
UF;8426057;90801;0xdeca;0xb101;0xffff;0xe0;17031;7;1934;122;7573;17
UF;8426157;90802;0xdeca;0xb101;0xffff;0xe0;18660;7;2189;124;7411;17
listener debug sel=A valid=1 age=4192645 level=7 good=90802 accepted=23872 badhdr=0 nonanchor=66930 toolong=0 rxerr=96 rxen_fail=0 rxen_last=0 sys_status=0x00800002 sys_state=000505480b rx_finfo=0x07c6c811 last_status=0x04800102 last_len=17 pan=0xdeca dst=0xffff src=0xb101 code=0xe0
UF;8426257;90803;0xdeca;0xb101;0xffff;0xe0;18895;7;2181;123;7532;17
UF;8426269;90804;0xdeca;0xa107;0xb101;0xe1;16173;7;1928;125;5313;20
UL;8426269;23873;H;7;0xa107;0xb101;0xe1;16173;7;1928;125;5313;20
UF;8426359;90805;0xdeca;0xb101;0xffff;0xe0;19824;7;2178;120;7553;17
UF;8426460;90806;0xdeca;0xb101;0xffff;0xe0;18937;7;2046;119;7177;17
UF;8426560;90807;0xdeca;0xb101;0xffff;0xe0;19870;7;2331;124;7539;17
UF;8426660;90808;0xdeca;0xb101;0xffff;0xe0;16502;7;1874;122;7318;17
UF;8426760;90809;0xdeca;0xb101;0xffff;0xe0;21063;7;2471;124;7438;17
UF;8426860;90810;0xdeca;0xb101;0xffff;0xe0;19762;7;2064;117;6881;17
UF;8426960;90811;0xdeca;0xb101;0xffff;0xe0;17560;7;2060;124;7325;17
UF;8427060;90812;0xdeca;0xb101;0xffff;0xe0;19453;7;2173;121;7248;17
UF;8427160;90813;0xdeca;0xb101;0xffff;0xe0;21549;7;2528;124;7818;17
listener debug sel=A valid=1 age=4193647 level=7 good=90813 accepted=23873 badhdr=0 nonanchor=66940 toolong=0 rxerr=96 rxen_fail=0 rxen_last=0 sys_status=0x00800002 sys_state=000505450b rx_finfo=0x07c6c811 last_status=0x04800102 last_len=17 pan=0xdeca dst=0xffff src=0xb101 code=0xe0
UF;8427259;90814;0xdeca;0xb101;0xffff;0xe0;21217;7;2331;120;7593;17
UF;8427359;90815;0xdeca;0xb101;0xffff;0xe0;21663;7;2460;122;7409;17
UF;8427459;90816;0xdeca;0xb101;0xffff;0xe0;15697;7;1696;119;7089;17
UF;8427559;90817;0xdeca;0xb101;0xffff;0xe0;18826;7;2034;119;7103;17
UF;8427660;90818;0xdeca;0xb101;0xffff;0xe0;20929;7;2495;125;7789;17
UF;8427760;90819;0xdeca;0xb101;0xffff;0xe0;20321;7;2270;121;7517;17
UF;8427860;90820;0xdeca;0xb101;0xffff;0xe0;17539;7;1927;120;7301;17
UF;8427960;90821;0xdeca;0xb101;0xffff;0xe0;22078;8;2632;125;7741;17
UF;8428060;90822;0xdeca;0xb101;0xffff;0xe0;16657;7;1830;120;7299;17
UF;8428160;90823;0xdeca;0xb101;0xffff;0xe0;20352;7;2236;120;7624;17
listener debug sel=A valid=1 age=4194647 level=7 good=90823 accepted=23873 badhdr=0 nonanchor=66950 toolong=0 rxerr=96 rxen_fail=0 rxen_last=0 sys_status=0x00800002 sys_state=000505430b rx_finfo=0x0786c811 last_status=0x04800102 last_len=17 pan=0xdeca dst=0xffff src=0xb101 code=0xe0
UF;8428259;90824;0xdeca;0xb101;0xffff;0xe0;18943;7;2116;121;7368;17
UF;8428359;90825;0xdeca;0xb101;0xffff;0xe0;18613;7;1944;117;7268;17
UF;8428459;90826;0xdeca;0xb101;0xffff;0xe0;21405;7;2391;121;7612;17
UF;8428559;90827;0xdeca;0xb101;0xffff;0xe0;19883;7;2221;121;7390;17
UF;8428659;90828;0xdeca;0xb101;0xffff;0xe0;16095;7;1739;119;7212;17
UF;8428759;90829;0xdeca;0xb101;0xffff;0xe0;18335;7;1981;119;7321;17
UF;8428860;90830;0xdeca;0xb101;0xffff;0xe0;18887;7;2075;120;7237;17
UF;8428960;90831;0xdeca;0xb101;0xffff;0xe0;17828;7;1894;118;6864;17
UF;8429060;90832;0xdeca;0xb101;0xffff;0xe0;20599;7;2301;121;7291;17
UF;8429160;90833;0xdeca;0xb101;0xffff;0xe0;17773;7;2085;124;7096;17
listener debug sel=A valid=1 age=4195647 level=7 good=90833 accepted=23873 badhdr=0 nonanchor=66960 toolong=0 rxerr=96 rxen_fail=0 rxen_last=0 sys_status=0x00800002 sys_state=000505460b rx_finfo=0x07c6c811 last_status=0x04800102 last_len=17 pan=0xdeca dst=0xffff src=0xb101 code=0xe0
UF;8429259;90834;0xdeca;0xb101;0xffff;0xe0;21396;7;2273;118;7455;17
UF;8429359;90835;0xdeca;0xb101;0xffff;0xe0;19137;7;2245;124;7524;17
UF;8429459;90836;0xdeca;0xb101;0xffff;0xe0;18959;7;2153;122;7283;17
UF;8429559;90837;0xdeca;0xb101;0xffff;0xe0;18489;7;2169;124;7559;17
UF;8429659;90838;0xdeca;0xb101;0xffff;0xe0;15090;7;1576;117;6821;17
UF;8429759;90839;0xdeca;0xb101;0xffff;0xe0;19242;7;2114;120;7468;17
UF;8429859;90840;0xdeca;0xb101;0xffff;0xe0;16526;7;1846;121;7012;17
UF;8429960;90841;0xdeca;0xb101;0xffff;0xe0;19819;7;2325;124;7889;17
UF;8430060;90842;0xdeca;0xb101;0xffff;0xe0;19104;7;2134;121;7341;17
UF;8430160;90843;0xdeca;0xb101;0xffff;0xe0;21649;7;2339;119;7640;17
listener debug sel=A valid=1 age=4196647 level=7 good=90843 accepted=23873 badhdr=0 nonanchor=66970 toolong=0 rxerr=96 rxen_fail=0 rxen_last=0 sys_status=0x00800002 sys_state=000505400b rx_finfo=0x0776c811 last_status=0x04800102 last_len=17 pan=0xdeca dst=0xffff src=0xb101 code=0xe0
UF;8430259;90844;0xdeca;0xb101;0xffff;0xe0;17542;7;1992;122;7442;17
UF;8430359;90845;0xdeca;0xb101;0xffff;0xe0;18496;7;2135;123;7267;17
UF;8430459;90846;0xdeca;0xb101;0xffff;0xe0;17448;7;1917;120;6753;17
UF;8430559;90847;0xdeca;0xb101;0xffff;0xe0;19478;7;2285;124;7898;17
UF;8430659;90848;0xdeca;0xb101;0xffff;0xe0;16963;7;1990;124;7495;17
UF;8430759;90849;0xdeca;0xb101;0xffff;0xe0;21189;7;2328;120;7009;17
uwb any-frame t=8430859 good=90850 len=17 fctrl=8841 pan=0xdeca dst=0xffff src=0xb101 code=0xe0 q=18004 level=7 cir=1978 rxpacc=120 fp=7229/7365/7192
UF;8430859;90850;0xdeca;0xb101;0xffff;0xe0;18004;7;1978;120;7229;17
UF;8430957;90851;0xdeca;0xb101;0xffff;0xe0;17832;7;2025;122;7356;17
UF;8430969;90852;0xdeca;0xa107;0xb101;0xe1;16114;7;1921;125;5001;20
UL;8430969;23874;H;7;0xa107;0xb101;0xe1;16114;7;1921;125;5001;20
UF;8431060;90853;0xdeca;0xb101;0xffff;0xe0;15804;7;1854;124;7380;17
UF;8431160;90854;0xdeca;0xb101;0xffff;0xe0;20515;7;2368;123;7655;17
listener debug sel=A valid=1 age=4197647 level=7 good=90854 accepted=23874 badhdr=0 nonanchor=66980 toolong=0 rxerr=96 rxen_fail=0 rxen_last=0 sys_status=0x00800002 sys_state=000505470b rx_finfo=0x07b6c811 last_status=0x04800102 last_len=17 pan=0xdeca dst=0xffff src=0xb101 code=0xe0
UF;8431259;90855;0xdeca;0xb101;0xffff;0xe0;17732;7;1852;117;7304;17
UF;8431359;90856;0xdeca;0xb101;0xffff;0xe0;16411;7;1714;117;7131;17
UF;8431459;90857;0xdeca;0xb101;0xffff;0xe0;20870;7;2409;123;7847;17
UF;8431559;90858;0xdeca;0xb101;0xffff;0xe0;15475;7;1644;118;6897;17
UF;8431659;90859;0xdeca;0xb101;0xffff;0xe0;18488;7;2204;125;7689;17
UF;8431759;90860;0xdeca;0xb101;0xffff;0xe0;16737;7;1778;118;7052;17
UF;8431860;90861;0xdeca;0xb101;0xffff;0xe0;18759;7;2061;120;7539;17
UF;8431960;90862;0xdeca;0xb101;0xffff;0xe0;18577;7;2041;120;7306;17
UF;8432060;90863;0xdeca;0xb101;0xffff;0xe0;20325;7;2196;119;7527;17
UF;8432160;90864;0xdeca;0xb101;0xffff;0xe0;16520;7;1815;120;7067;17
listener debug sel=A valid=1 age=4198647 level=7 good=90864 accepted=23874 badhdr=0 nonanchor=66990 toolong=0 rxerr=96 rxen_fail=0 rxen_last=0 sys_status=0x00800002 sys_state=000505460b rx_finfo=0x0786c811 last_status=0x04800102 last_len=17 pan=0xdeca dst=0xffff src=0xb101 code=0xe0
UF;8432259;90865;0xdeca;0xb101;0xffff;0xe0;15819;7;1738;120;7230;17
UF;8432359;90866;0xdeca;0xb101;0xffff;0xe0;16555;7;1729;117;7281;17
UF;8432459;90867;0xdeca;0xb101;0xffff;0xe0;21841;7;2521;123;7395;17
UF;8432559;90868;0xdeca;0xb101;0xffff;0xe0;16258;7;1698;117;7269;17
UF;8432659;90869;0xdeca;0xb101;0xffff;0xe0;18686;7;2122;122;7598;17
UF;8432760;90870;0xdeca;0xb101;0xffff;0xe0;16539;7;1757;118;7109;17
UF;8432860;90871;0xdeca;0xb101;0xffff;0xe0;15712;7;1641;117;7150;17
UF;8432960;90872;0xdeca;0xb101;0xffff;0xe0;16537;7;1940;124;7233;17
UF;8433060;90873;0xdeca;0xb101;0xffff;0xe0;18680;7;1951;117;7124;17
UF;8433160;90874;0xdeca;0xb101;0xffff;0xe0;15533;7;1793;123;7347;17
listener debug sel=A valid=1 age=4199647 level=7 good=90874 accepted=23874 badhdr=0 nonanchor=67000 toolong=0 rxerr=96 rxen_fail=0 rxen_last=0 sys_status=0x00800002 sys_state=000505440b rx_finfo=0x07b6c811 last_status=0x04800102 last_len=17 pan=0xdeca dst=0xffff src=0xb101 code=0xe0
UF;8433259;90875;0xdeca;0xb101;0xffff;0xe0;16901;7;1826;119;7333;17
UF;8433359;90876;0xdeca;0xb101;0xffff;0xe0;20413;7;2132;117;6758;17
UF;8433459;90877;0xdeca;0xb101;0xffff;0xe0;17679;7;2074;124;7203;17
UF;8433559;90878;0xdeca;0xb101;0xffff;0xe0;15810;7;1737;120;6954;17
UF;8433659;90879;0xdeca;0xb101;0xffff;0xe0;16869;7;2011;125;7467;17
UF;8433759;90880;0xdeca;0xb101;0xffff;0xe0;21253;7;2335;120;7244;17
UF;8433860;90881;0xdeca;0xb101;0xffff;0xe0;19978;7;2306;123;7150;17
UF;8433960;90882;0xdeca;0xb101;0xffff;0xe0;17339;7;1842;118;6954;17
UF;8434060;90883;0xdeca;0xb101;0xffff;0xe0;15745;7;1788;122;7139;17
UF;8434160;90884;0xdeca;0xb101;0xffff;0xe0;18770;7;1994;118;6708;17
listener debug sel=A valid=1 age=4200647 level=7 good=90884 accepted=23874 badhdr=0 nonanchor=67010 toolong=0 rxerr=96 rxen_fail=0 rxen_last=0 sys_status=0x00800002 sys_state=000505460b rx_finfo=0x0766c811 last_status=0x04800102 last_len=17 pan=0xdeca dst=0xffff src=0xb101 code=0xe0
UF;8434259;90885;0xdeca;0xb101;0xffff;0xe0;17067;7;1844;119;7291;17
UF;8434359;90886;0xdeca;0xb101;0xffff;0xe0;21381;7;2428;122;7432;17
UF;8434459;90887;0xdeca;0xb101;0xffff;0xe0;17918;7;2136;125;7843;17
UF;8434559;90888;0xdeca;0xb101;0xffff;0xe0;16993;7;1836;119;7218;17
UF;8434659;90889;0xdeca;0xb101;0xffff;0xe0;21100;7;2357;121;7738;17
UF;8434760;90890;0xdeca;0xb101;0xffff;0xe0;16511;7;1814;120;7385;17
UF;8434860;90891;0xdeca;0xb101;0xffff;0xe0;19938;7;2339;124;7802;17
UF;8434960;90892;0xdeca;0xb101;0xffff;0xe0;21686;7;2343;119;7430;17
UF;8435060;90893;0xdeca;0xb101;0xffff;0xe0;18541;7;2037;120;7220;17
UF;8435160;90894;0xdeca;0xb101;0xffff;0xe0;18699;7;1953;117;7108;17
listener debug sel=A valid=1 age=4201647 level=7 good=90894 accepted=23874 badhdr=0 nonanchor=67020 toolong=0 rxerr=96 rxen_fail=0 rxen_last=0 sys_status=0x00800002 sys_state=000505430b rx_finfo=0x0756c811 last_status=0x04800102 last_len=17 pan=0xdeca dst=0xffff src=0xb101 code=0xe0
UF;8435259;90895;0xdeca;0xb101;0xffff;0xe0;15750;7;1645;117;7025;17
UF;8435359;90896;0xdeca;0xb101;0xffff;0xe0;19761;7;2135;119;7283;17
UF;8435459;90897;0xdeca;0xb101;0xffff;0xe0;18765;7;2166;123;7312;17
UF;8435559;90898;0xdeca;0xb101;0xffff;0xe0;18900;7;2042;119;7289;17
UF;8435659;90899;0xdeca;0xb101;0xffff;0xe0;17815;7;1990;121;7441;17
uwb any-frame t=8435759 good=90900 len=17 fctrl=8841 pan=0xdeca dst=0xffff src=0xb101 code=0xe0 q=19256 level=7 cir=2259 rxpacc=124 fp=7608/7669/6725
UF;8435759;90900;0xdeca;0xb101;0xffff;0xe0;19256;7;2259;124;7608;17
UF;8435857;90901;0xdeca;0xb101;0xffff;0xe0;20351;7;2311;122;7457;17
UF;8435870;90902;0xdeca;0xa107;0xb101;0xe1;13025;6;382;62;2995;20
UL;8435870;23875;H;7;0xa107;0xb101;0xe1;13025;6;382;62;2995;20
UF;8435960;90903;0xdeca;0xb101;0xffff;0xe0;15300;7;1681;120;7148;17
UF;8436060;90904;0xdeca;0xb101;0xffff;0xe0;18559;7;2039;120;6810;17
UF;8436160;90905;0xdeca;0xb101;0xffff;0xe0;17819;7;1893;118;7274;17
listener debug sel=A valid=1 age=4202647 level=7 good=90905 accepted=23875 badhdr=0 nonanchor=67030 toolong=0 rxerr=96 rxen_fail=0 rxen_last=0 sys_status=0x00800002 sys_state=000505480b rx_finfo=0x0766c811 last_status=0x04800102 last_len=17 pan=0xdeca dst=0xffff src=0xb101 code=0xe0
UF;8436259;90906;0xdeca;0xb101;0xffff;0xe0;19606;7;2300;124;7630;17
UF;8436359;90907;0xdeca;0xb101;0xffff;0xe0;18451;7;1927;117;6636;17
UF;8436459;90908;0xdeca;0xb101;0xffff;0xe0;19648;7;2305;124;7395;17
UF;8436559;90909;0xdeca;0xb101;0xffff;0xe0;19021;7;2160;122;7575;17
UF;8436659;90910;0xdeca;0xb101;0xffff;0xe0;17967;7;2007;121;7318;17
UF;8436759;90911;0xdeca;0xb101;0xffff;0xe0;16944;7;1800;118;7141;17
UF;8436859;90912;0xdeca;0xb101;0xffff;0xe0;17743;7;1917;119;7321;17
UF;8436959;90913;0xdeca;0xb101;0xffff;0xe0;17321;7;1967;122;7152;17
UF;8437059;90914;0xdeca;0xb101;0xffff;0xe0;17967;7;1974;120;7102;17
UF;8437160;90915;0xdeca;0xb101;0xffff;0xe0;17188;7;1984;123;7463;17
listener debug sel=A valid=1 age=4203647 level=7 good=90915 accepted=23875 badhdr=0 nonanchor=67040 toolong=0 rxerr=96 rxen_fail=0 rxen_last=0 sys_status=0x00800002 sys_state=000505430b rx_finfo=0x07b6c811 last_status=0x04800102 last_len=17 pan=0xdeca dst=0xffff src=0xb101 code=0xe0
UF;8437259;90916;0xdeca;0xb101;0xffff;0xe0;16358;7;1919;124;7471;17
UF;8437359;90917;0xdeca;0xb101;0xffff;0xe0;18836;7;2139;122;7274;17
UF;8437459;90918;0xdeca;0xb101;0xffff;0xe0;20480;7;2250;120;7554;17
UF;8437559;90919;0xdeca;0xb101;0xffff;0xe0;19329;7;2195;122;7393;17
UF;8437659;90920;0xdeca;0xb101;0xffff;0xe0;19810;7;2069;117;7269;17
UF;8437759;90921;0xdeca;0xb101;0xffff;0xe0;16832;7;1758;117;7230;17
UF;8437859;90922;0xdeca;0xb101;0xffff;0xe0;17901;7;2100;124;7558;17
UF;8437959;90923;0xdeca;0xb101;0xffff;0xe0;17394;7;1943;121;7269;17
UF;8438059;90924;0xdeca;0xb101;0xffff;0xe0;16857;7;1852;120;7235;17
UF;8438160;90925;0xdeca;0xb101;0xffff;0xe0;20905;7;2413;123;7757;17
listener debug sel=A valid=1 age=4204647 level=7 good=90925 accepted=23875 badhdr=0 nonanchor=67050 toolong=0 rxerr=96 rxen_fail=0 rxen_last=0 sys_status=0x00800002 sys_state=000505460b rx_finfo=0x07b6c811 last_status=0x04800102 last_len=17 pan=0xdeca dst=0xffff src=0xb101 code=0xe0
UF;8438259;90926;0xdeca;0xb101;0xffff;0xe0;15873;7;1715;119;7285;17
UF;8438359;90927;0xdeca;0xb101;0xffff;0xe0;18487;7;1964;118;6843;17
UF;8438459;90928;0xdeca;0xb101;0xffff;0xe0;16148;7;1864;123;7455;17
UF;8438559;90929;0xdeca;0xb101;0xffff;0xe0;18271;7;1974;119;7496;17
U