PORT=/dev/serial/by-id/usb-BioSpur_BioSpur_BLE_Control_87EA2F4A526C5A02-if00
START=2026-06-03 00:17:52
MASTER=H
PRECHECK: BSxxxx tag quarantine disabled; master/matrix anchors ignore tag polls during sweep
PRECHECK: context session_autopos_ready=1 autopos_initialized=1
PRECHECK: reusing session AUTOPOS state from matrix guard
PRECHECK: reusing existing AUTOPOS map
>>> autopos cir compact
[AUTOPOS] AUTOPOS cir mode set: COMPACT
>>> autopos round H 10
[AUTOPOS] AUTOPOS round staged: master=H sets=10
>>> autopos status
[AUTOPOS] AUTOPOS: mode=AUTOPOS state=staged staged=H last_success=G sets=10 cir=COMPACT error=-
>>> autopos apply
[AUTOPOS] AUTOPOS apply started
[AUTOPOS] RECV_BG gate: SUPPRESS reason=autopos_detach
[AUTOPOS] AUTOPOS detach skip STOP: finite master auto-returns to matrix sets=10
[AUTOPOS] RECV_BG gate: ALLOW reason=autopos_detach_done
[AUTOPOS] SCAN start req: bt_ready=1 scan_running=0 connecting_slot=-1 conn_count=8 target=anchor prefix=ANCHOR-
[AUTOPOS] Scanning for ANCHOR-*
[AUTOPOS] AUTOPOS apply mode: incremental
[AUTOPOS] AUTOPOS apply incremental: prev_master=G new_master=H
[AUTOPOS] Master discovery mode: CONN & START
[AUTOPOS] AUTOPOS wait anchor ready: uuid=B3087BC3D87CCCD316AEDC6B71D6677F reuse existing ready control link (discovery remains active)
[AUTOPOS] AUTOPOS state: STATE fw=anchor-cir-runtime-modes-202606 bs=BSEC88 uuid=B3087BC3D87CCCD316AEDC6B71D6677F label=G role=matrix cfg_valid=1 busy=1 pending_valid=1 schema=2 gen=3 reboot_required=0
[AUTOPOS] AUTOPOS state: STATE fw=anchor-cir-runtime-modes-202606 bs=BSEC88 uuid=B3087BC3D87CCCD316AEDC6B71D6677F label=G role=matrix cfg_valid=1 busy=1 pending_valid=1 schema=2 gen=3 reboot_required=0
[AUTOPOS] AUTOPOS anchor G already active role=matrix cfg_valid=1; keeping current config
[AUTOPOS] AUTOPOS anchor G role verified
[AUTOPOS] Master discovery mode: CONN & START
[AUTOPOS] AUTOPOS wait anchor ready: uuid=B1E487C2B1FD740D1442206A1857DFA1 reuse existing ready control link (discovery remains active)
[AUTOPOS] AUTOPOS state: STATE fw=anchor-cir-runtime-modes-202606 bs=BS506D uuid=B1E487C2B1FD740D1442206A1857DFA1 label=H role=matrix cfg_valid=1 busy=1 pending_valid=1 schema=2 gen=4 reboot_required=0
[AUTOPOS] AUTOPOS state: STATE fw=anchor-cir-runtime-modes-202606 bs=BS506D uuid=B1E487C2B1FD740D1442206A1857DFA1 label=H role=matrix cfg_valid=1 busy=1 pending_valid=1 schema=2 gen=4 reboot_required=0
[AUTOPOS] Anchor ctrl sent[0]: RUNTIME MASTER SWEEP 10 CIR=COMPACT uuid=B1E487C2B1FD740D1442206A1857DFA1
[AUTOPOS] BLE cmd skip[1]: target mismatch kind=anchor target_name=- target_uuid=B1E487C2B1FD740D1442206A1857DFA1 peer_name=- peer_bs=- peer_uuid=A892AF05DD59CF0D0D3408AD74F364A1 link=anchor-ctrl ready=1
[AUTOPOS] BLE cmd skip[2]: target mismatch kind=anchor target_name=- target_uuid=B1E487C2B1FD740D1442206A1857DFA1 peer_name=- peer_bs=- peer_uuid=CEE5A7EFCB35F8A56B430047629F5309 link=anchor-ctrl ready=1
[AUTOPOS] BLE cmd skip[3]: target mismatch kind=anchor target_name=- target_uuid=B1E487C2B1FD740D1442206A1857DFA1 peer_name=- peer_bs=- peer_uuid=B3087BC3D87CCCD316AEDC6B71D6677F link=anchor-ctrl ready=1
[AUTOPOS] BLE cmd skip[4]: target mismatch kind=anchor target_name=- target_uuid=B1E487C2B1FD740D1442206A1857DFA1 peer_name=- peer_bs=- peer_uuid=840C68591E90019821AACFF1B73AAA34 link=anchor-ctrl ready=1
[AUTOPOS] BLE cmd skip[5]: target mismatch kind=anchor target_name=- target_uuid=B1E487C2B1FD740D1442206A1857DFA1 peer_name=- peer_bs=- peer_uuid=F3BB7A04104F9CB8561DDDACB9E53714 link=anchor-ctrl ready=1
[AUTOPOS] BLE cmd skip[6]: target mismatch kind=anchor target_name=- target_uuid=B1E487C2B1FD740D1442206A1857DFA1 peer_name=- peer_bs=- peer_uuid=B9179575C776C98F1CB132DD6EDC6223 link=anchor-ctrl ready=1
[AUTOPOS] BLE cmd skip[7]: target mismatch kind=anchor target_name=- target_uuid=B1E487C2B1FD740D1442206A1857DFA1 peer_name=- peer_bs=- peer_uuid=B2B5FA625534A8C617135DCAFC9E036A link=anchor-ctrl ready=1
[AUTOPOS] ANCHOR_CTRL[5] notify: ACRX;1;56;0;A;7;0xa107;-1;2717373977;1607;47613;6807;7060;4000;2150;119;48;1125
[AUTOPOS] ANCHOR_CTRL[0] notify: OK RUNTIME_SWITCH_REQUESTED SWEEP=10
[AUTOPOS] AUTOPOS result: OK RUNTIME_SWITCH_REQUESTED SWEEP=10
[AUTOPOS] ANCHOR_CTRL[0] notify: ACRX;1;0;7;A;1;0xa101;5529;2789326218;-2589;48006;2796;6089;6804;1780;122;44;950
[AUTOPOS] ANCHOR_CTRL[6] notify: ACRX;1;48;1;A;7;0xa107;-1;2941105567;-508;48019;4402;7212;6777;2316;125;40;906
[AUTOPOS] ANCHOR_CTRL[2] notify: ACRX;1;40;2;A;7;0xa107;-1;403448499;-931;47783;6913;7084;5179;1992;117;72;1670
[AUTOPOS] ANCHOR_CTRL[7] notify: ACRX;1;28;3;A;7;0xa107;-1;2992599594;948;47646;7673;7748;6703;2212;124;56;1367
[AUTOPOS] ANCHOR_CTRL[0] notify: ACRX;1;0;7;A;2;0xa102;4071;3824322599;-1907;47659;7530;6991;4958;2057;122;56;1310
[AUTOPOS] ANCHOR_CTRL[0] notify: ACRX;1;0;7;A;3;0xa103;1726;604620007;-1225;47843;7602;7394;5955;2143;122;52;1270
[AUTOPOS] ANCHOR_CTRL[0] notify: ACRX;1;0;7;A;4;0xa104;2866;1645163742;772;47818;590;6551;6755;1883;122;56;1226
[AUTOPOS] ANCHOR_CTRL[3] notify: ACRX;1;1;6;A;7;0xa107;-1;192754204;-5957;47656;7264;7187;5236;1849;117;44;1091
[AUTOPOS] ANCHOR_CTRL[1] notify: ACRX;1;21;4;A;7;0xa107;-1;504577651;-1278;47727;3712;6832;4637;1850;119;52;1194
[AUTOPOS] ANCHOR_CTRL[4] notify: ACRX;1;11;5;A;7;0xa107;-1;1141436564;4668;47736;4749;7326;4566;2215;125;44;998
[AUTOPOS] ANCHOR_CTRL[5] notify: ACRX;1;57;0;A;7;0xa107;-1;2258595936;1358;47692;7584;7448;6855;2470;123;44;1034
[AUTOPOS] AUTOPOS state: STATE fw=anchor-cir-runtime-modes-202606 bs=BS506D uuid=B1E487C2B1FD740D1442206A1857DFA1 label=H role=master cfg_valid=1 busy=1 pending_valid=1 schema=2 gen=4 reboot_required=0
[AUTOPOS] AUTOPOS anchor H role verified
[AUT[AUTOPOS] ANCHOR_CTRL[0] notify: ACRX;1;0;7;A;6;0xa106;3752;3326143232;2572;47852;7366;7203;5055;2030;122;52;1230
OPOS] AUTOPOS apply success: master=H
[AUTOPOS] AUTOPOS finite sweep handoff: master=H sets=10; host waits for SWEEP_DO[AUTOPOS] SW-H,A,0,0,B,5529,100,C,4071,100,D,1726,100,E,2866,100,F,0,0,G,3752,100
NE
[AUTOPOS] ANCHOR_CTRL[6] notify: ACRX;1;49;1;A;7;0xa107;-1;2847658731;-995;47847;5340;7177;5241;2112;124;48;1085
[AUTOPOS] ANCHOR_CTRL[2] notify: ACRX;1;41;2;A;7;0xa107;-1;308694300;-1620;47904;7109;6877;5038;1822;117;48;1130
[AUTOPOS] ANCHOR_CTRL[7] notify: ACRX;1;29;3;A;7;0xa107;-1;2927388206;69;47642;7863;7229;6909;2168;120;60;1523
[AUTOPOS] ANCHOR_CTRL[0] notify: ACRX;1;1;7;A;0;0xa100;3196;1651669744;-2376;47852;7610;7287;5214;2261;122;44;1072
[AUTOPOS] ANCHOR_CTRL[0] notify: ACRX;1;1;7;A;1;0xa101;5526;2695881264;-2878;47660;5044;6787;4733;1816;122;44;943
[AUTOPOS] ANCHOR_CTRL[0] notify: ACRX;1;1;7;A;2;0xa102;4083;3729572795;-2090;48071;4559;7236;6471;2019;122;68;1579
[AUTOPOS] ANCHOR_CTRL[0] notify: ACRX;1;1;7;A;3;0xa103;1790;539405551;-1561;48867;7447;7114;5738;2074;122;60;1454
[AUTOPOS] ANCHOR_CTRL[0] notify: ACRX;1;1;7;A;4;0xa104;2849;1576474288;577;47780;3149;6361;5003;1762;122;56;1178
[AUTOPOS] ANCHOR_CTRL[0] notify: ACRX;1;1;7;A;6;0xa106;3777;3275054354;2509;47878;5664;7213;6887;1981;122;40;923
[AUTOPOS] SW-H,A,3196,100,B,5526,100,C,4083,100,D,1790,100,E,2849,100,F,0,0,G,3777,100
[AUTOPOS] ANCHOR_CTRL[3] notify: ACRX;1;2;6;A;7;0xa107;-1;141637138;-6260;47646;6635;7008;5624;1753;118;44;1051
[AUTOPOS] ANCHOR_CTRL[1] notify: ACRX;1;22;4;A;7;0xa107;-1;435880593;-1474;47757;707;7110;6767;1976;122;64;1451
[AUTOPOS] ANCHOR_CTRL[4] notify: ACRX;1;12;5;A;7;0xa107;-1;1077461854;4475;47938;551;5039;6545;2034;124;40;833
[AUTOPOS] ANCHOR_CTRL[5] notify: ACRX;1;58;0;A;7;0xa107;-1;2262325206;1559;48058;7306;7250;4302;2313;121;48;1128
[AUTOPOS] ANCHOR_CTRL[2] notify: ACRX;1;42;2;A;7;0xa107;-1;4246538885;-1263;47753;6831;7248;5740;2117;122;52;1226
[AUTOPOS] ANCHOR_CTRL[7] notify: ACRX;1;30;3;A;7;0xa107;-1;2538505256;406;47644;7202;7162;6624;1995;118;48;1129
[AUTOPOS] ANCHOR_CTRL[0] notify: ACRX;1;2;7;A;1;0xa101;5523;2331262082;-2316;47742;4988;6641;3757;1644;122;44;950
[AUTOPOS] ANCHOR_CTRL[0] notify: ACRX;1;2;7;A;2;0xa102;4020;3372454473;-1697;47693;6437;7080;5846;2055;122;44;995
[AUTOPOS] ANCHOR_CTRL[0] notify: ACRX;1;2;7;A;3;0xa103;1753;150519040;-968;47876;7872;7587;7121;2051;122;44;1125
[AUTOPOS] ANCHOR_CTRL[6] notify: ACRX;1;50;1;A;7;0xa107;-1;2483037873;-610;47781;5119;7126;5469;2127;121;48;1082
[AUTOPOS] ANCHOR_CTRL[3] notify: ACRX;1;3;6;A;7;0xa107;-1;4024913739;-5892;47959;7159;7576;6659;2078;122;36;867
[AUTOPOS] ANCHOR_CTRL[1] notify: ACRX;1;23;4;A;7;0xa107;-1;34635936;-1395;47772;3297;7124;5891;1931;122;68;1541
[AUTOPOS] ANCHOR_CTRL[4] notify: ACRX;1;13;5;A;7;0xa107;-1;671202327;5022;48115;4230;6147;4048;1880;121;40;873
[AUTOPOS] ANCHOR_CTRL[0] notify: ACRX;1;2;7;A;4;0xa104;2786;1175236774;1283;47762;1148;6393;6077;1686;122;56;1165
[AUTOPOS] ANCHOR_CTRL[0] notify: ACRX;1;2;7;A;6;0xa106;3750;2863389660;2837;48080;6590;7581;7254;2168;122;44;1054
[AUTOPOS] SW-H,A,3196,100,B,5523,100,C,4020,100,D,1753,100,E,2786,100,F,0,0,G,3750,100
[AUTOPOS] ANCHOR_CTRL[0] notify: ACRX;1;3;7;A;1;0xa101;5524;1918000193;-2215;47677;5606;6681;3865;1875;122;48;1033
[AUTOPOS] ANCHOR_CTRL[6] notify: ACRX;1;51;1;A;7;0xa107;-1;2069775095;-554;47851;5223;6936;4849;2035;119;40;909
[AUTOPOS] ANCHOR_CTRL[5] notify: ACRX;1;59;0;A;7;0xa107;-1;1838555819;1481;47775;7298;6986;6153;2237;118;40;944
[AUTOPOS] ANCHOR_CTRL[2] notify: ACRX;1;43;2;A;7;0xa107;-1;3834017734;-1239;48074;5669;6866;5928;1801;118;56;1254
[AUTOPOS] ANCHOR_CTRL[7] notify: ACRX;1;31;3;A;7;0xa107;-1;2112205735;490;48027;7451;7083;6929;2230;123;60;1460
[AUTOPOS] ANCHOR_CTRL[0] notify: ACRX;1;3;7;A;2;0xa102;4099;2959936296;-1732;47916;6961;7381;5011;1992;122;52;1220
[AUTOPOS] ANCHOR_CTRL[0] notify: ACRX;1;3;7;A;3;0xa103;1683;4019182436;-947;47968;7673;7455;6389;2239;122;56;1372
[AUTOPOS] ANCHOR_CTRL[0] notify: ACRX;1;3;7;A;4;0xa104;2788;753915035;1113;47759;352;6724;6674;1802;122;60;1300
[AUTOPOS] ANCHOR_CTRL[3] notify: ACRX;1;4;6;A;7;0xa107;-1;3605273809;-5999;47837;7266;7367;6062;1925;119;48;1140
[AUTOPOS] ANCHOR_CTRL[1] notify: ACRX;1;24;4;A;7;0xa107;-1;3908274340;-1494;47776;3824;7137;5652;2011;124;68;1541
[AUTOPOS] ANCHOR_CTRL[4] notify: ACRX;1;14;5;A;7;0xa107;-1;238827235;4949;47815;1149;5082;6219;1884;122;44;957
[AUTOPOS] ANCHOR_CTRL[0] notify: ACRX;1;3;7;A;6;0xa106;3718;2443775557;2761;47673;7480;7352;4320;2168;122;44;1050
[AUTOPOS] SW-H,A,3196,100,B,5524,100,C,4099,100,D,1683,100,E,2788,100,F,0,0,G,3718,100
[AUTOPOS] ANCHOR_CTRL[0] notify: ACRX;1;4;7;A;1;0xa101;5552;1507265547;-2636;47623;3077;6167;6727;1866;122;44;950
[AUTOPOS] ANCHOR_CTRL[6] notify: ACRX;1;52;1;A;7;0xa107;-1;1659039526;-507;47890;3683;6519;6555;1968;119;52;1115
[AUTOPOS] ANCHOR_CTRL[5] notify: ACRX;1;60;0;A;7;0xa107;-1;1414123372;1499;47960;7194;7444;6408;2254;120;44;1074
[AUTOPOS] ANCHOR_CTRL[2] notify: ACRX;1;44;2;A;7;0xa107;-1;3448048257;-1166;47741;7453;6383;3459;2301;124;44;1036
[AUTOPOS] ANCHOR_CTRL[3] notify: ACRX;1;5;6;A;7;0xa107;-1;3166009751;-6266;48035;6926;6772;5301;1766;120;44;1004
[AUTOPOS] ANCHOR_CTRL[1] notify: ACRX;1;25;4;A;7;0xa107;-1;3544971929;-1477;47765;2017;6313;5519;1798;118;60;1244
[AUTOPOS] ANCHOR_CTRL[7] notify: ACRX;1;32;3;A;7;0xa107;-1;1732412657;822;47845;7688;7564;5920;2131;120;60;1522
[AUTOPOS] ANCHOR_CTRL[0] notify: ACRX;1;4;7;A;2;0xa102;4054;2573970512;-1945;47700;6199;7264;5918;2100;122;48;1124
[AUTOPOS] ANCHOR_CTRL[0] notify: ACRX;1;4;7;A;3;0xa103;1739;3639385626;-1476;47646;7535;7602;6852;2312;122;60;1463
[AUTOPOS] ANCHOR_CTRL[0] notify: ACRX;1;4;7;A;4;0xa104;2830;390619818;797;47766;1404;6872;6346;1734;122;60;1369
[AUTOPOS] ANCHOR_CTRL[6] notify: ACRX;1;53;1;A;7;0xa107;-1;1499158037;-1049;47625;3482;6756;7099;2218;123;44;993
[AUTOPOS] ANCHOR_CTRL[5] notify: ACRX;1;61;0;A;7;0xa107;-1;928948726;1227;48098;6840;7049;5734;2230;118;44;1035
[AUTOPOS] ANCHOR_CTRL[2] notify: ACRX;1;45;2;A;7;0xa107;-1;3339343992;-1471;47740;7468;5616;3100;2035;121;56;1313
[AUTOPOS] ANCHOR_CTRL[7] notify: ACRX;1;33;3;A;7;0xa107;-1;1601282491;324;48047;7703;7514;5030;2046;121;60;1462
[AUTOPOS] ANCHOR_CTRL[0] notify: ACRX;1;4;7;A;6;0xa106;3748;2004537727;2472;47979;6854;7349;5277;1861;122;56;1320
[AUTOPOS] SW-H,A,3196,100,B,5552,100,C,4054,100,D,1739,100,E,2830,100,F,0,0,G,3748,100
[AUTOPOS] ANCHOR_CTRL[0] notify: ACRX;1;5;7;A;0;0xa100;3158;321993044;-2146;47960;7410;7719;7046;2248;122;44;1075
[AUTOPOS] ANCHOR_CTRL[0] notify: ACRX;1;5;7;A;1;0xa101;5559;1347386646;-2829;47890;3489;5869;5719;1684;122;32;604
[AUTOPOS] ANCHOR_CTRL[1] notify: ACRX;1;26;4;A;7;0xa107;-1;3409712615;-1579;48091;2009;6274;5118;1511;124;60;1177
[AUTOPOS] ANCHOR_CTRL[4] notify: ACRX;1;15;5;A;7;0xa107;-1;4040205308;4679;48096;3622;6146;4865;1950;122;44;996
[AUTOPOS] ANCHOR_CTRL[0] notify: ACRX;1;5;7;A;2;0xa102;4078;2465271398;-1886;47714;6987;7275;5241;2023;122;52;1222
[AUTOPOS] ANCHOR_CTRL[0] notify: ACRX;1;5;7;A;3;0xa103;1750;3508252522;-1006;47966;7684;7535;6713;2204;122;60;1460
[AUTOPOS] ANCHOR_CTRL[3] notify: ACRX;1;6;6;A;7;0xa107;-1;3518133034;-6423;47926;7730;7337;4508;2075;125;44;1057
[AUTOPOS] ANCHOR_CTRL[5] notify: ACRX;1;62;0;A;7;0xa107;-1;1379805713;1399;47613;7144;7448;4208;2274;124;44;1034
[AUTOPOS] ANCHOR_CTRL[7] notify: ACRX;1;34;3;A;7;0xa107;-1;1646819225;505;48021;6884;6896;6971;1844;117;52;1225
[AUTOPOS] ANCHOR_CTRL[0] notify: ACRX;1;5;7;A;4;0xa104;2886;255368047;696;47971;2860;6970;5475;1975;122;64;1442
[AUTOPOS] ANCHOR_CTRL[0] notify: ACRX;1;5;7;A;5;0xa105;5162;1275127690;-8418;48030;3507;6819;5747;1954;122;44;956
[AUTOPOS] ANCHOR_CTRL[0] notify: ACRX;1;5;7;A;6;0xa106;3765;2356690943;2737;48099;7351;7709;6062;2080;122;48;1189
[AUTOPOS] SW-H,A,3158,40,B,5559,100,C,4078,100,D,1750,100,E,2886,100,F,5162,100,G,3765,100
[AUTOPOS] ANCHOR_CTRL[6] notify: ACRX;1;54;1;A;7;0xa107;-1;1594657236;-707;48072;2730;6145;6925;1970;118;48;1079
[AUTOPOS] ANCHOR_CTRL[1] notify: ACRX;1;27;4;A;7;0xa107;-1;3438701381;-1460;47937;948;6515;6322;1828;119;64;1384
[AUTOPOS] ANCHOR_CTRL[4] notify: ACRX;1;16;5;A;7;0xa107;-1;4063398703;4770;47883;1461;5736;6690;1939;119;48;1080
[AUTOPOS] ANCHOR_CTRL[2] notify: ACRX;1;46;2;A;7;0xa107;-1;3396571573;-1339;48049;7550;7528;4946;2012;122;64;1494
[AUTOPOS] ANCHOR_CTRL[0] notify: ACRX;1;6;7;A;1;0xa101;5553;1442887525;-2468;47961;3955;6173;5379;1731;122;36;712
[AUTOPOS] ANCHOR_CTRL[0] notify: ACRX;1;6;7;A;2;0xa102;4082;2522503487;-1433;47931;7575;7168;4184;2095;122;64;1488
[AUTOPOS] ANCHOR_CTRL[0] notify: ACRX;1;6;7;A;3;0xa103;1743;3553785746;-810;48022;7614;7834;6884;2075;122;60;1523
[AUTOPOS] ANCHOR_CTRL[3] notify: ACRX;1;7;6;A;7;0xa107;-1;3206588392;-6213;47612;7682;7234;4082;2039;124;44;1056
[AUTOPOS] ANCHOR_CTRL[7] notify: ACRX;1;35;3;A;7;0xa107;-1;980800480;653;48092;7593;7663;7155;2217;120;68;1644
[AUTOPOS] ANCHOR_CTRL[0] notify: ACRX;1;6;7;A;4;0xa104;2781;284364798;1263;47602;5015;6856;4475;1834;122;64;1451
[AUTOPOS] SW-H,A,3158,40,B,5553,100,C,4082,100,D,1743,100,E,2781,100,F,5162,100,G,3765,100
[AUTOPOS] ANCHOR_CTRL[0] notify: ACRX;1;7;7;A;0;0xa100;3197;99466843;-1894;47695;7475;7626;7473;2324;122;48;1171
[AUTOPOS] ANCHOR_CTRL[0] notify: ACRX;1;7;7;A;1;0xa101;5533;1128460044;-2475;47880;2994;6091;6551;1808;122;48;981
[AUTOPOS] ANCHOR_CTRL[6] notify: ACRX;1;55;1;A;7;0xa107;-1;1280227876;-590;47632;3456;6478;6529;1962;120;40;868
[AUTOPOS] ANCHOR_CTRL[1] notify: ACRX;1;28;4;A;7;0xa107;-1;2781941648;-1467;48012;849;6767;6584;1857;118;64;1443
[AUTOPOS] ANCHOR_CTRL[4] notify: ACRX;1;17;5;A;7;0xa107;-1;3415971755;4971;48007;1061;5565;6805;2057;123;44;953
[AUTOPOS] ANCHOR_CTRL[5] notify: ACRX;1;63;0;A;7;0xa107;-1;706436875;1474;47863;7101;7165;4431;2187;120;48;1125
[AUTOPOS] ANCHOR_CTRL[2] notify: ACRX;1;47;2;A;7;0xa107;-1;3070082249;-1237;47805;7056;7258;4186;1942;120;72;1675
[AUTOPOS] ANCHOR_CTRL[0] notify: ACRX;1;7;7;A;3;0xa103;1745;2887763265;-1048;47925;7540;7433;4655;2065;122;72;1746
[AUTOPOS] ANCHOR_CTRL[0] notify: ACRX;1;7;7;A;4;0xa104;2810;3922579382;1058;48042;4311;6660;4809;1787;122;52;1151
[AUTOPOS] ANCHOR_CTRL[0] notify: ACRX;1;7;7;A;5;0xa105;5232;650842610;-8564;47622;1030;5515;6806;1830;122;48;1034
[AUTOPOS] ANCHOR_CTRL[3] notify: ACRX;1;8;6;A;7;0xa107;-1;2886974800;-5170;47964;7209;7318;6279;1906;122;44;1052
[AUTOPOS] ANCHOR_CTRL[5] notify: ACRX;1;64;0;A;7;0xa107;-1;728287421;1534;47785;7304;7542;5622;2462;123;36;855
[AUTOPOS] ANCHOR_CTRL[2] notify: ACRX;1;48;2;A;7;0xa107;-1;3130708031;-424;47675;7622;6567;3706;2307;117;72;1827
[AUTOPOS] ANCHOR_CTRL[0] notify: ACRX;1;7;7;A;6;0xa106;3692;1725585852;2779;48048;7525;7439;4969;2221;122;60;1416
[AUTOPOS] SW-H,A,3197,42,B,5533,100,C,4082,100,D,1745,100,E,2810,100,F,5232,66,G,3692,87
[AUTOPOS] ANCHOR_CTRL[0] notify: ACRX;1;8;7;A;0;0xa100;3169;121309846;-2056;47762;7237;7240;7314;2207;122;48;1125
[AUTOPOS] ANCHOR_CTRL[0] notify: ACRX;1;8;7;A;1;0xa101;5503;1219149305;-2586;48117;4734;6708;4247;1710;122;44;953
[AUTOPOS] ANCHOR_CTRL[6] notify: ACRX;1;56;1;A;7;0xa107;-1;1370916133;-576;47905;5366;6775;5329;1954;120;44;995
[AUTOPOS] ANCHOR_CTRL[1] notify: ACRX;1;29;4;A;7;0xa107;-1;2822953320;-1501;47972;3658;6922;5142;1795;121;52;1201
[AUTOPOS] ANCHOR_CTRL[4] notify: ACRX;1;18;5;A;7;0xa107;-1;3451103229;4634;48089;3330;6602;5734;2100;122;44;1041
[AUTOPOS] ANCHOR_CTRL[7] notify: ACRX;1;36;3;A;7;0xa107;-1;1385665997;468;48057;7559;7467;4410;2107;120;68;1649
[AUTOPOS] ANCHOR_CTRL[0] notify: ACRX;1;8;7;A;2;0xa102;4008;2256647809;-1895;47757;5831;7487;5932;2105;122;56;1309
[AUTOPOS] ANCHOR_CTRL[0] notify: ACRX;1;8;7;A;4;0xa104;2844;3963598811;672;48079;655;6845;6809;2057;122;60;1298
[AUTOPOS] ANCHOR_CTRL[0] notify: ACRX;1;8;7;A;5;0xa105;5211;685946762;-8853;48030;3464;6827;5797;1945;122;44;956
[AUTOPOS] ANCHOR_CTRL[3] notify: ACRX;1;9;6;A;7;0xa107;-1;2917172034;-6125;47950;5272;7002;6302;1733;118;44;1049
[AUTOPOS] ANCHOR_CTRL[5] notify: ACRX;1;65;0;A;7;0xa107;-1;753440030;1262;47898;7280;7174;6614;2416;121;40;942
[AUTOPOS] ANCHOR_CTRL[2] notify: ACRX;1;49;2;A;7;0xa107;-1;3149912919;-1534;47955;7329;6755;5743;2039;119;56;1312
[AUTOPOS] ANCHOR_CTRL[7] notify: ACRX;1;37;3;A;7;0xa107;-1;1405495697;400;48005;7245;6994;6402;1656;118;52;1221
[AUTOPOS] ANCHOR_CTRL[0] notify: ACRX;1;8;7;A;6;0xa106;3764;1755810786;2634;48086;7128;7555;7089;2153;122;52;1237
[AUTOPOS] SW-H,A,3169,50,B,5503,100,C,4008,88,D,1745,100,E,2844,100,F,5211,75,G,3764,88
[AUTOPOS] ANCHOR_CTRL[0] notify: ACRX;1;9;7;A;0;0xa100;3135;146455073;-2175;47653;7327;7584;5994;2236;122;32;791
[AUTOPOS] ANCHOR_CTRL[0] notify: ACRX;1;9;7;A;1;0xa101;5481;1233253935;-2468;47667;5410;6774;4387;1779;122;36;793
[AUTOPOS] ANCHOR_CTRL[6] notify: ACRX;1;57;1;A;7;0xa107;-1;1385018603;-834;47847;5560;6868;5018;2120;124;52;1119
[AUTOPOS] ANCHOR_CTRL[1] notify: ACRX;1;30;4;A;7;0xa107;-1;3197394717;-1447;47897;2533;6967;5997;2023;123;60;1367
[AUTOPOS] ANCHOR_CTRL[4] notify: ACRX;1;19;5;A;7;0xa107;-1;3561499639;4537;48099;4024;6575;5106;1968;118;44;998
[AUTOPOS] ANCHOR_CTRL[0] notify: ACRX;1;9;7;A;2;0xa102;4077;2275857290;-1808;48006;4250;7656;6896;2082;122;68;1648
[AUTOPOS] ANCHOR_CTRL[0] notify: ACRX;1;9;7;A;3;0xa103;1819;3312451487;-1419;48027;7636;7224;6621;2183;122;56;1369
[AUTOPOS] SW-H,A,3135,55,B,5481,100,C,4077,90,D,1819,90,E,2844,100,F,5211,75,G,3764,88
[AUTOPOS] ANCHOR_CTRL[0] notify: SWEEP_DONE master=H sets=10 role=matrix
[AUTOPOS] ANCHOR_CTRL[3] notify: ACRX;1;10;6;A;7;0xa107;-1;2638529966;-6350;48066;5794;7427;6890;2002;125;40;957
END=2026-06-03 00:17:58
