[RECV] BSDC91 notify: TD;1;5072;3;anchor_ota;0;0;1;0;25;0;0;0;8;0
[RECV] BS2DCE notify: TD;1;5091;3;anchor_ota;0;0;1;0;25;0;0;0;8;0
[RECV] BSDC91 notify: TD;1;5072;3;anchor_ota;0;0;1;0;25;0;0;0;8;0
[RECV] BS2DCE notify: TD;1;5091;3;anchor_ota;0;0;1;0;25;0;0;0;8;0
[RECV] BSDC91 notify: TD;1;5072;3;anchor_ota;0;0;1;0;25;0;0;0;8;0
[RECV] BSDC91 notify: TD;1;5072;3;anchor_ota;0;0;1;0;25;0;0;0;8;0
[RECV] BS2DCE notify: TD;1;5091;3;anchor_ota;0;0;1;0;25;0;0;0;8;0
[RECV] BSDC91 notify: TD;1;5072;3;anchor_ota;0;0;1;0;25;0;0;0;8;0
[RECV] BS2DCE notify: TD;1;5091;3;anchor_ota;0;0;1;0;25;0;0;0;8;0
[RECV] BS2DCE notify: TD;1;5091;3;anchor_ota;0;0;1;0;25;0;0;0;8;0
[RECV] BSDC91 notify: TD;1;5072;3;anchor_ota;0;0;1;0;25;0;0;0;8;0
[RECV] BS2DCE notify: TD;1;5091;3;anchor_ota;0;0;1;0;25;0;0;0;8;0
[RECV] BSDC91 notify: TD;1;5072;3;anchor_ota;0;0;1;0;25;0;0;0;8;0
[RECV] BS2DCE notify: TD;1;5091;3;anchor_ota;0;0;1;0;25;0;0;0;8;0
[RECV] BSDC91 notify: TD;1;5072;3;anchor_ota;0;0;1;0;25;0;0;0;8;0
[RECV] BSDC91 notif[HOST_CMD 460114.981] mode recv
[RECV] One-shot NUS command cleared (runtime)
[RECV] Master quiesce peer[0]: connected=1 ready=1 link=nus uuid=-
[RECV] Master quiesce peer[1]: connected=1 ready=1 link=nus uuid=-
[RECV] Peer clear wait: waited=0 conn_count=2 ready_count=0
[RECV] Peer clear wait timeout: conn_count=2 ready_count=0
[RECV] RECV clean slate requires reboot: stale BLE links did not clear
[RECV] Control mode staged: RECV
*** Booting nRF Connect SDK v2.8.0-a2386bfc8401 ***
*** Using Zephyr OS v3.7.99-0bc3393fb112 ***
[RECV] LED map: 1=AUTOPOS 2=RECV 3=OTA 4=FLOW
[RECV] Control mode loaded: RECV
[RECV] UART control ready: type 'status' or 'mode recv'/'mode ota'/'mode autopos'
OTA_STATE:target_configured detail=token
OTA NUS stage: enabled
OTA NUS stage: enabled
[RECV] Boot profile tag: auto-connect BS* tag links; TDMA remains host-controlled
OTA target filter: token=-1 name=- prefix=BS uuid=-
[RECV] BioSpur BLE master control ready on nrf5340dk/nrf5340/cpuapp
[RECV] BTN1 toggles RECV/OTA, BTN2 forces OTA mode, BTN3=SCAN, BTN4=CONN&START
[RECV] Commands: status | mode recv | mode ota | mode autopos | scan | conn | initiate
[RECV] OTA runtime cmds: ota_reset | ota show | ota version
[RECV] Runtime NUS cmds: cmd <raw> | cmd_all <raw> | oneshot <raw> | oneshot show | oneshot clear
[RECV] Tag layout cmds: APOS <id> <x_mm> <y_mm> <z_mm> | APOS_TO <BSxxxx> APOS... | APOS_COMMIT | APOS_STATUS | APOS_RESET
[RECV] TDMA cm[RECV] DISC complete[0]: link=nus discovered_service=2800 uuid=-
[RECV] BLE[0] link ready
[RECV] CFG assigned[0]: bs=BSDC91 tag=1 slot=0/10 mask=0x0021 period=40 active=24 gen=1 pmode=0
[RECV] TDMA weighted[0]: bs=BSDC91 profile=motion target=5Hz mask=0x0021 slots=2/10 actual_x100=500 epoch_delay=3000
[RECV] BSDC91 notify: TD;1;5072;3;anchor_ota;0;0;1;0;25;0;0;0;8;0
[RECV] Connected[1]: FF:5E:D2:80:EA:D2 (random) name=- bs=BS2DCE
[RECV] CONNECT state[1]: link=nus uuid=- ready=0 conn=0x20004970
SETUP[1] defer: waiting 348 ms before discovery start
[RECV] CFG confirmed[0]: tag=1 slot=0/10 mask=0x0021 period=40 active=24 gen=1 live=1
[RECV] BSDC91 notify: CFG_OK TAG=1 SLOT=0/10 MASK=0x0021 PERIOD=40 ACTIVE=24 GEN=1 LIVE=1
SETUP[1] defer: waiting 298 ms before discovery start
SETUP[1] defer: waiting 247 ms before discovery start
SETUP[1] defer: waiting 197 ms before discovery start
[RECV] PHY updated[1]: tx=0x2 rx=0x2
SETUP[1] defer: waiting 147 ms before discovery start
SETUP[1] defer: waiting 96 ms before discovery start
SETUP[1] defer: waiting 46 ms before discovery start
SETUP[1] begin: link=nus uuid=- conn=0x20004970
SETUP[1] mtu_exchange rc=0
SETUP[1] phy_update rc=0
SETUP[1] conn_param_update rc=0
[RECV] DISC start[1]: link=nus uuid=- conn=0x20004970
[RECV] MTU exchange[1] done (498)
[RECV] Conn param updated[1]: int=6 lat=0 to=400
[RECV] PHY updated[1]: tx=0x2 rx=0x2
[RECV] DISC complete[1]: link=nus discovered_service=2800 uuid=-
[RECV] BLE[1] link ready
[RECV] CFG assigned[1]: bs=BS2DCE tag=1 slot=0/10 mask=0x0021 period=40 active=24 gen=2 pmode=0
[RECV] TDMA weighted[0]: bs=BS2DCE profile=motion target=5Hz mask=0x0021 slots=2/10 actual_x100=500 epoch_delay=3000
[RECV] CFG assigned[0]: bs=BSDC91 tag=2 slot=3/10 mask=0x0108 period=40 active=24 gen=2 pmode=0
[RECV] TDMA weighted[1]: bs=BSDC91 profile=motion target=5Hz mask=0x0108 slots=2/10 actual_x100=500 epoch_delay=2999
[RECV] SCAN start req: bt_ready=1 scan_running=0 connecting_slot=-1 conn_count=2 target=tag prefix=BS
[RECV] Scanning for BS*
[RECV] BS2DCE notify: TD;1;5091;3;anchor_ota;0;0;1;0;25;0;0;0;8;0
[RECV] CFG confirmed[0]: tag=2 slot=3/10 mask=0x0108 period=40 active=24 gen=2 live=1
[RECV] BSDC91 notify: CFG_OK TAG=2 SLOT=3/10 MASK=0x0108 PERIOD=40 ACTIVE=24 GEN=2 LIVE=1
[RECV] CFG confirmed[1]: tag=1 slot=0/10 mask=0x0021 period=40 active=24 gen=2 live=1
[RECV] BS2DCE notify: CFG_OK TAG=1 SLOT=0/10 MASK=0x0021 PERIOD=40 ACTIVE=24 GEN=2 LIVE=1
[RECV] BSDC91 notify: RXG;1;5072;tag=1;mask=0xff;pc=8;guard=1200;spacing=1000;win=8165;pre=1;slot_to_entry_us=0;slot_to_sched_us=0;slot_to_write_done_us=0;slot_to_txcmd_us=274;slot_to_txdone_us=610;txcmd_to_txdone_us=335;txdone_to_rxstart_us=61;txdone_to_rxend_us=183;rxenable_
[RECV] BSDC91 notify: CD;1;5072;tag=1;local=0xb101;status=0x00806f02;rxf=0x0756c814;win=8165;pc=8;mask=0xff;resp=8;unexp=0;last_len=20;last_src=0xa107;last_dst=0xb101;last_code=0xe1
[RECV] BSDC91 notify: TR;3;5073;f;0;ff;ff;6147,6127,6370,5749,5974,5568,6312,6089;6147,6127,6370,5749,5974,5568,6312,6089;100,100,100,100,100,100,100,100;OOOOOOOO;100;0;44189;8
[RECV] BSDC91 notify: TR;3;5074;f;0;ff;ff;6350,5953,6672,5775,6340,5967,6526,6250;6350,5953,6672,5775,6340,5967,6526,6250;100,100,100,100,100,100,100,100;OOOOOOOO;100;0;671;8
[RECV] BSDC91 notify: TR;3;5075;f;0;ff;1f;6771,6030,6559,6150,6371,0,0,0;6771,6030,6559,6150,6371,5967,6526,6250;100,100,100,100,100,50,50,50;OOOOOTTT;100;0;640;8
[RECV] BS2DCE notify: RXG;1;5091;tag=1;mask=0xff;pc=8;guard=1200;spacing=1000;win=8165;pre=1;slot_to_entry_us=0;slot_to_sched_us=0;slot_to_write_done_us=0;slot_to_txcmd_us=274;slot_to_txdone_us=610;txcmd_to_txdone_us=335;txdone_to_rxstart_us=91;txdone_to_rxend_us=213;rxenable_
[RECV] BS2DCE notify: CD;1;5091;tag=1;local=0xb101;status=0x22800f02;rxf=0x0766c814;win=8165;pc=8;mask=0xff;resp=6;unexp=0;last_len=20;last_src=0xa105;last_dst=0xb101;last_code=0xe1
[RECV] BS2DCE notify: TR;3;5092;f;0;ff;3f;6991,6525,6850,6458,6451,6261,0,0;6991,6525,6850,6458,6451,6261,0,0;100,100,100,100,100,100,0,0;OOOOOOTT;100;0;44647;8
[RECV] BS2DCE notify: TR;3;5093;f;0;ff;3f;6901,6507,6786,6482,6465,6224,0,0;6901,6507,6786,6482,6465,6224,0,0;100,100,100,100,100,100,0,0;OOOOOOTT;100;0;671;8
[RECV] BSDC91 notify: TR;3;5076;f;0;ff;1f;6514,6085,6520,6513,5964,0,0,0;6514,6085,6520,6513,5964,5967,6526,6250;100,100,100,100,100,33,33,33;OOOOOTTT;100;0;793;8
[RECV] BSDC91 notify: TR;3;5077;f;0;ff;1f;6376,6123,6680,6148,5878,0,0,0;6376,6123,6680,6148,5878,5967,6526,6250;100,100,100,100,100,25,25,25;OOOOOTTT;100;0;640;8
[RECV] BS2DCE notify: TR;3;5094;f;0;ff;3f;6815,6481,6780,6345,6540,6249,0,0;6815,6481,6780,6345,6540,6249,0,0;100,100,100,100,100,100,0,0;OOOOOOTT;100;0;671;8
[RECV] BS2DCE notify: TR;3;5095;f;0;ff;3f;6803,6431,6790,6321,6787,6209,0,0;6803,6431,6790,6321,6787,6209,0,0;100,100,100,100,100,100,0,0;OOOOOOTT;100;0;671;8
[RECV] BSDC91 notify: RXG;1;5077;tag=2;mask=0xff;pc=8;guard=1200;spacing=1000;win=8165;pre=1;slot_to_entry_us=0;slot_to_sched_us=0;slot_to_write_done_us=0;slot_to_txcmd_us=274;slot_to_txdone_us=610;txcmd_to_txdone_us=335;txdone_to_rxstart_us=61;txdone_to_rxend_us=183;rxenable_
[RECV] BSDC91 notify: CD;1;5077;tag=2;local=0xb102;status=0x00800002;rxf=0x0786c814;win=8165;pc=8;mask=0xff;resp=5;unexp=0;last_len=20;last_src=0xa104;last_dst=0xb102;last_code=0xe1
[RECV] BSDC91 notify: TR;3;5078;f;0;ff;1f;6518,6150,6786,7100,6027,0,0,0;6518,6150,6786,7100,6027,5967,6526,6250;100,100,100,100,100,20,20,20;OOOOOTTT;100;0;44158;8
[RECV] BS2DCE notify: TR;3;5096;f;0;ff;3f;6769,6416,6667,6510,6825,6158,0,0;6769,6416,6667,6510,6825,6158,0,0;100,100,100,100,100,100,0,0;OOOOOOTT;100;0;671;8
[RECV] BSDC91 notify: TR;3;5079;f;0;ff;1f;6818,6144,6599,7332,6696,0,0,0;6818,6144,6599,7332,6696,5967,6526,6250;100,100,100,100,100,16,16,16;OOOOOTTT;100;0;640;8
[RECV] BS2DCE notify: TR;3;5097;f;0;ff;3f;6621,6337,6681,6258,6034,6151,0,0;6621,6337,6681,6258,6034,6151,0,0;100,100,100,100,100,100,0,0;OOOOOOTT;100;0;640;8
[RECV] BSDC91 notify: TR;3;5080;f;0;ff;1f;7102,6154,6621,7363,6484,0,0,0;7102,6154,6621,7363,6484,5967,6526,6250;100,100,100,100,100,14,14,14;OOOOOTTT;100;0;549;8
[RECV] BSDC91 notify: TR;3;5081;f;0;ff;1f;7132,6189,6559,6586,6464,0,0,0;7132,6189,6559,6586,6464,5967,6526,6250;100,100,100,100,100,12,12,12;OOOOOTTT;100;0;640;8
[RECV] BS2DCE notify: TR;3;5098;f;0;ff;3f;6683,6349,6655,6371,5975,6079,0,0;6683,6349,6655,6371,5975,6079,0,0;100,100,100,100,100,100,0,0;OOOOOOTT;100;0;671;8
[RECV] Conn param updated[0]: int=6 lat=0 to=400
[RECV] BS2DCE notify: TR;3;5099;f;0;ff;3f;6607,6437,6564,6239,5875,6052,0,0;6607,6437,6564,6239,5875,6052,0,0;100,100,100,100,100,100,0,0;OOOOOOTT;100;0;671;8
[RECV] BSDC91 notify: TR;3;5082;f;0;ff;1f;6526,6303,7010,6680,6600,0,0,0;6526,6303,7010,6680,6600,5967,6526,6250;100,100,100,100,100,11,11,11;OOOOOTTT;100;0;885;8
[RECV] BS2DCE notify: TR;3;5100;f;0;ff;3f;6481,6277,6536,6219,5912,6059,0,0;6481,6277,6536,6219,5912,6059,0,0;100,100,100,100,100,100,0,0;OOOOOOTT;100;0;671;8
[RECV] BSDC91 notify: TR;3;5083;f;0;ff;1f;6650,6379,6727,6782,6602,0,0,0;6650,6379,6727,6782,6602,5967,6526,6250;100,100,100,100,100,10,10,10;OOOOOTTT;100;0;640;8
[RECV] BS2DCE notify: TR;3;5101;f;0;ff;3f;6522,6225,6575,6224,6300,5999,0,0;6522,6225,6575,6224,6300,5999,0,0;100,100,100,100,100,100,0,0;OOOOOOTT;100;0;671;8
[RECV] BSDC91 notify: TR;3;5084;f;0;ff;1f;6973,6464,6658,6684,6690,0,0,0;6973,6464,6658,6684,6690,5967,6526,6250;100,100,100,100,100,9,9,9;OOOOOTTT;100;0;640;8
[RECV] BSDC91 notify: TR;3;5085;f;0;ff;1f;7204,6559,6850,6726,6837,0,0,0;7204,6559,6850,6726,6837,5967,6526,6250;100,100,100,100,100,8,8,8;OOOOOTTT;100;0;793;8
[RECV] BS2DCE notify: RXG;1;5101;tag=1;mask=0xff;pc=8;guard=1200;spacing=1000;win=8165;pre=1;slot_to_entry_us=0;slot_to_sched_us=0;slot_to_write_done_us=0;slot_to_txcmd_us=244;slot_to_txdone_us=579;txcmd_to_txdone_us=335;txdone_to_rxstart_us=122;txdone_to_rxend_us=213;rxenable
[RECV] BS2DCE notify: CD;1;5101;tag=1;local=0xb101;status=0x22800f02;rxf=0x0756c814;win=8165;pc=8;mask=0xff;resp=5;unexp=1;last_len=17;last_src=0xb102;last_dst=0xffff;last_code=0xe0
[RECV] BS2DCE notify: TR;3;5102;f;0;ff;1f;6561,6169,6462,6217,6093,0,0,0;6561,6169,6462,6217,6093,5999,0,0;100,100,100,100,100,90,0,0;OOOOOTTT;100;0;44738;8
[RECV] BS2DCE notify: TR;3;5103;f;0;ff;1f;6541,6035,6566,5935,6121,0,0,0;6541,6035,6566,5935,6121,5999,0,0;100,100,100,100,100,83,0,0;OOOOOTTT;100;0;549;8
[RECV] BSDC91 notify: TR;3;5086;f;0;ff;1f;6728,6515,6899,6842,6940,0,0,0;6728,6515,6899,6842,6940,5967,6526,6250;100,100,100,100,100,7,7,7;OOOOOTTT;100;0;640;8
[RECV] BSDC91 notify: TR;3;5087;f;0;ff;1f;7113,6347,7033,6933,6438,0,0,0;7113,6347,7033,6933,6438,5967,6526,6250;100,100,100,100,100,7,7,7;OOOOOTTT;100;0;640;8
[RECV] BS2DCE notify: TR;3;5104;f;0;ff;3f;6593,6002,6519,6122,6100,5868,0,0;6593,6002,6519,6122,6100,5868,0,0;100,100,100,100,100,84,0,0;OOOOOOTT;97;0;640;8
[RECV] Conn param updated[1]: int=6 lat=0 to=400
[RECV] BS2DCE notify: TR;3;5105;f;0;ff;3f;6468,6037,6391,6032,6091,5821,0,0;6468,6037,6391,6032,6091,5821,0,0;100,100,100,100,100,85,0,0;OOOOOOTT;97;0;671;8
[RECV] BSDC91 notify: RXG;1;5087;tag=2;mask=0xff;pc=8;guard=1200;spacing=1000;win=8165;pre=1;slot_to_entry_us=0;slot_to_sched_us=0;slot_to_write_done_us=0;slot_to_txcmd_us=274;slot_to_txdone_us=610;txcmd_to_txdone_us=335;txdone_to_rxstart_us=61;txdone_to_rxend_us=213;rxenable_
[RECV] BSDC91 notify: CD;1;5087;tag=2;local=0xb102;status=0x00800002;rxf=0x07a6c814;win=8165;pc=8;mask=0xff;resp=5;unexp=0;last_len=20;last_src=0xa104;last_dst=0xb102;last_code=0xe1
[RECV] BSDC91 notify: TR;3;5088;f;0;ff;1f;7059,6877,6933,6942,6504,0,0,0;7059,6877,6933,6942,6504,5967,6526,6250;100,100,100,100,100,6,6,6;OOOOOTTT;100;0;44250;8
[RECV] BS2DCE notify: TR;3;5106;f;0;ff;3f;6379,6016,6382,5967,6100,5832,0,0;6379,6016,6382,5967,6100,5832,0,0;100,100,100,100,100,86,0,0;OOOOOOTT;97;0;671;8
[RECV] BSDC91 notify: TR;3;5089;f;0;ff;1f;7201,6900,6973,6885,6681,0,0,0;7201,6900,6973,6885,6681,5967,6526,6250;100,100,100,100,100,6,6,6;OOOOOTTT;100;0;640;8
[RECV] BS2DCE notify: TR;3;5107;f;0;ff;3f;6322,5984,6421,5960,5942,5934,0,0;6322,5984,6421,5960,5942,5934,0,0;100,100,100,100,100,87,0,0;OOOOOOTT;97;0;671;8
[RECV] BSDC91 notify: TR;3;5090;f;0;ff;1f;7521,6829,6871,6815,6735,0,0,0;7521,6829,6871,6815,6735,5967,6526,6250;100,100,100,100,100,5,5,5;OOOOOTTT;100;0;640;8
[RECV] BSDC91 notify: TR;3;5091;f;0;ff;1f;7296,6944,6922,6834,6833,0,0,0;7296,6944,6922,6834,6833,5967,6526,6250;100,100,100,100,100,5,5,5;OOOOOTTT;100;0;823;8
[RECV] BS2DCE notify: TR;3;5108;f;0;ff;3f;6299,5946,6353,5980,5861,5911,0,0;6299,5946,6353,5980,5861,5911,0,0;100,100,100,100,100,88,0,0;OOOOOOTT;98;0;671;8
[RECV] BS2DCE notify: TR;3;5109;f;0;ff;3f;6504,5826,6300,5903,5959,5904,0,0;6504,5826,6300,5903,5959,5904,0,0;100,100,100,100,100,88,0,0;OOOOOOTT;98;0;671;8
[RECV] BSDC91 notify: TR;3;5092;f;0;ff;1f;7276,6957,7125,6996,7032,0,0,0;7276,6957,7125,6996,7032,5967,6526,6250;100,100,100,100,100,5,5,5;OOOOOTTT;100;0;640;8
[RECV] BSDC91 notify: TR;3;5093;f;0;ff;1f;7289,6988,7121,7070,6499,0,0,0;7289,6988,7121,7070,6499,5967,6526,6250;100,100,100,100,100,5,5,5;OOOOOTTT;100;0;640;8
[RECV] BS2DCE notify: TR;3;5110;f;0;ff;3f;6454,5836,6261,5984,6029,5915,0,0;6454,5836,6261,5984,6029,5915,0,0;100,100,100,100,100,89,0,0;OOOOOOTT;98;0;640;8
[RECV] BS2DCE notify: TR;3;5111;f;0;ff;3f;6376,5854,6239,5998,5903,5971,0,0;6376,5854,6239,5998,5903,5971,0,0;100,100,100,100,100,90,0,0;OOOOOOTT;98;0;671;8
[RECV] BSDC91 notify: TR;3;5094;f;0;ff;1f;7326,7130,7102,7073,6487,0,0,0;7326,7130,7102,7073,6487,5967,6526,6250;100,100,100,100,100,4,4,4;OOOOOTTT;100;0;793;8
[RECV] BSDC91 notify: TR;3;5095;f;0;ff;1f;7027,7735,7159,7071,7249,0,0,0;7027,7735,7159,7071,7249,5967,6526,6250;100,100,100,100,100,4,4,4;OOOOOTTT;100;0;640;8
[RECV] BS2DCE notify: RXG;1;5111;tag=1;mask=0xff;pc=8;guard=1200;spacing=1000;win=8165;pre=1;slot_to_entry_us=0;slot_to_sched_us=0;slot_to_write_done_us=0;slot_to_txcmd_us=274;slot_to_txdone_us=610;txcmd_to_txdone_us=335;txdone_to_rxstart_us=61;txdone_to_rxend_us=183;rxenable_
[RECV] BS2DCE notify: CD;1;5111;tag=1;local=0xb101;status=0x22800f02;rxf=0x07c6c814;win=8165;pc=8;mask=0xff;resp=6;unexp=0;last_len=20;last_src=0xa105;last_dst=0xb101;last_code=0xe1
[RECV] BS2DCE notify: TR;3;5112;f;0;ff;3f;7298,5790,6121,6016,6138,5983,0,0;7298,5790,6121,6016,6138,5983,0,0;100,100,100,100,100,90,0,0;OOOOOOTT;98;0;44616;8
[RECV] BS2DCE notify: TR;3;5113;f;0;ff;3f;6758,5877,6046,5734,6380,5812,0,0;6758,5877,6046,5734,6380,5812,0,0;100,100,100,100,100,90,0,0;OOOOOOTT;98;0;671;8
[RECV] BSDC91 notify: TR;3;5096;f;0;ff;1f;6963,6761,7091,7213,7016,0,0,0;6963,6761,7091,7213,7016,5967,6526,6250;100,100,100,100,100,4,4,4;OOOOOTTT;100;0;640;8
[RECV] BSDC91 notify: TR;3;5097;f;0;ff;1f;7770,6712,7053,6961,7083,0,0,0;7770,6712,7053,6961,7083,5967,6526,6250;100,100,100,100,100,4,4,4;OOOOOTTT;100;0;793;8
[RECV] BS2DCE notify: TR;3;5114;f;0;ff;3f;6486,6202,6099,5940,6503,5892,0,0;6486,6202,6099,5940,6503,5892,0,0;100,100,100,100,100,91,0,0;OOOOOOTT;98;0;671;8
[RECV] BS2DCE notify: TR;3;5115;f;0;ff;3f;6229,6240,6311,5988,6235,5823,0,0;6229,6240,6311,5988,6235,5823,0,0;100,100,100,100,100,91,0,0;OOOOOOTT;98;0;671;8
[RECV] BSDC91 notify: RXG;1;5097;tag=2;mask=0xff;pc=8;guard=1200;spacing=1000;win=8165;pre=1;slot_to_entry_us=0;slot_to_sched_us=0;slot_to_write_done_us=0;slot_to_txcmd_us=396;slot_to_txdone_us=732;txcmd_to_txdone_us=335;txdone_to_rxstart_us=61;txdone_to_rxend_us=183;rxenable_
[RECV] BSDC91 notify: CD;1;5097;tag=2;local=0xb102;status=0x00800002;rxf=0x0756c814;win=8165;pc=8;mask=0xff;resp=5;unexp=0;last_len=20;last_src=0xa104;last_dst=0xb102;last_code=0xe1
[RECV] BSDC91 notify: TR;3;5098;f;0;ff;1f;7140,6722,7164,7166,7106,0,0,0;7140,6722,7164,7166,7106,5967,6526,6250;100,100,100,100,100,4,4,4;OOOOOTTT;100;0;44189;8
[RECV] BSDC91 notify: TR;3;5099;f;0;ff;1f;7242,6814,7394,7009,6399,0,0,0;7242,6814,7394,7009,6399,5967,6526,6250;100,100,100,100,100,3,3,3;OOOOOTTT;100;0;640;8
[RECV] BS2DCE notify: TR;3;5116;f;0;ff;37;7247,6315,6411,0,6194,5835,0,0;7247,6315,6411,5988,6194,5835,0,0;100,100,100,96,100,92,0,0;OOOTOOTT;98;0;640;8
[RECV] BSDC91 notify: TR;3;5100;f;0;ff;1f;6844,6788,7216,7044,6669,0,0,0;6844,6788,7216,7044,6669,5967,6526,6250;100,100,100,100,100,3,3,3;OOOOOTTT;100;0;762;8
[RECV] BS2DCE notify: TR;3;5117;f;0;ff;3f;7333,6386,6409,5911,6181,5855,0,0;7333,6386,6409,5911,6181,5855,0,0;100,100,100,96,100,92,0,0;OOOOOOTT;98;0;671;8
[RECV] BSDC91 notify: TR;3;5101;f;0;ff;1f;6648,6665,7031,7093,6607,0,0,0;6648,6665,7031,7093,6607,5967,6526,6250;100,100,100,100,100,3,3,3;OOOOOTTT;100;0;640;8
[RECV] BSDC91 notify: TR;3;5102;f;0;ff;1f;6632,6723,7100,7070,6631,0,0,0;6632,6723,7100,7070,6631,5967,6526,6250;100,100,100,100,100,3,3,3;OOOOOTTT;100;0;640;8
[RECV] BS2DCE notify: TR;3;5118;f;0;ff;3f;6895,6971,6380,5872,6102,6178,0,0;6895,6971,6380,5872,6102,6178,0,0;100,100,100,96,100,92,0,0;OOOOOOTT;98;0;671;8
[RECV] BS2DCE notify: TR;3;5119;f;0;ff;3f;7302,6939,6328,5954,5955,5992,0,0;7302,6939,6328,5954,5955,5992,0,0;100,100,100,96,100,92,0,0;OOOOOOTT;98;0;640;8
[RECV] BSDC91 notify: TR;3;5103;f;0;ff;1f;6683,6655,7081,6893,6258,0,0,0;6683,6655,7081,6893,6258,5967,6526,6250;100,100,100,100,100,3,3,3;OOOOOTTT;100;0;701;8
[RECV] BS2DCE notify: TR;3;5120;f;0;ff;3f;6762,6873,6380,6107,6525,5971,0,0;6762,6873,6380,6107,6525,5971,0,0;100,100,100,96,100,93,0,0;OOOOOOTT;98;0;640;8
[RECV] BS2DCE notify: TR;3;5121;f;0;ff;3f;6244,6965,6375,5973,6356,6145,0,0;6244,6965,6375,5973,6356,6145,0,0;100,100,100,96,100,93,0,0;OOOOOOTT;98;0;671;8
[RECV] BSDC91 notify: TR;3;5104;f;0;ff;1d;6884,0,6826,6943,6468,0,0,0;6884,6655,6826,6943,6468,5967,6526,6250;100,96,100,100,100,3,3,3;OROOOTTT;100;0;640;8
[RECV] BSDC91 notify: TR;3;5105;f;0;ff;1f;6938,6689,6829,7025,6560,0,0,0;6938,6689,6829,7025,6560,5967,6526,6250;100,96,100,100,100,3,3,3;OOOOOTTT;99;0;640;8
[RECV] BS2DCE notify: RXG;1;5121;tag=1;mask=0xff;pc=8;guard=1200;spacing=1000;win=8165;pre=1;slot_to_entry_us=0;slot_to_sched_us=0;slot_to_write_done_us=0;slot_to_txcmd_us=274;slot_to_txdone_us=610;txcmd_to_txdone_us=335;txdone_to_rxstart_us=61;txdone_to_rxend_us=183;rxenable_
[RECV] BS2DCE notify: CD;1;5121;tag=1;local=0xb101;status=0x22800f02;rxf=0x07d6c814;win=8165;pc=8;mask=0xff;resp=6;unexp=0;last_len=20;last_src=0xa105;last_dst=0xb101;last_code=0xe1
[RECV] BS2DCE notify: TR;3;5122;f;0;ff;3f;6504,6028,6447,6021,6407,6181,0,0;6504,6028,6447,6021,6407,6181,0,0;100,100,100,96,100,93,0,0;OOOOOOTT;98;0;44677;8
[RECV] BS2DCE notify: TR;3;5123;f;0;ff;3f;7143,6562,6464,6082,6471,6062,0,0;7143,6562,6464,6082,6471,6062,0,0;100,100,100,96,100,93,0,0;OOOOOOTT;98;0;671;8
[RECV] BSDC91 notify: TR;3;5106;f;0;ff;1f;6954,6354,6761,6582,6502,0,0,0;6954,6354,6761,6582,6502,5967,6526,6250;100,100,100,100,100,5,5,5;OOOOOTTT;100;0;762;8
[RECV] BSDC91 notify: TR;3;5107;f;0;ff;1f;6706,6414,6846,6684,6483,0,0,0;6706,6414,6846,6684,6483,5967,6526,6250;100,100,100,100,100,5,5,5;OOOOOTTT;100;0;640;8
[RECV] BS2DCE notify: TR;3;5124;f;0;ff;3f;6642,5931,6512,6208,6539,6092,0,0;6642,5931,6512,6208,6539,6092,0,0;100,100,100,100,100,94,0,0;OOOOOOTT;99;0;671;8
[RECV] BSDC91 notify: RXG;1;5107;tag=2;mask=0xff;pc=8;guard=1200;spacing=1000;win=8165;pre=1;slot_to_entry_us=0;slot_to_sched_us=0;slot_to_write_done_us=0;slot_to_txcmd_us=274;slot_to_txdone_us=610;txcmd_to_txdone_us=335;txdone_to_rxstart_us=61;txdone_to_rxend_us=183;rxenable_
[RECV] BSDC91 notify: CD;1;5107;tag=2;local=0xb102;status=0x00800002;rxf=0x0766c814;win=8165;pc=8;mask=0xff;resp=5;unexp=0;last_len=20;last_src=0xa104;last_dst=0xb102;last_code=0xe1
[RECV] BSDC91 notify: TR;3;5108;f;0;ff;1f;6836,6496,6835,6593,6548,0,0,0;6836,6496,6835,6593,6548,5967,6526,6250;100,100,100,100,100,5,5,5;OOOOOTTT;100;0;44158;8
[RECV] BS2DCE notify: TR;3;5125;f;0;ff;7f;6749,6012,6579,6226,6509,6132,6723,0;6749,6012,6579,6226,6509,6132,6723,0;100,100,100,100,100,94,5,0;OOOOOOOT;99;0;671;8
[RECV] BS2DCE notify: TR;3;5126;f;0;ff;3f;6729,6127,6567,6233,6356,5969,0,0;6729,6127,6567,6233,6356,5969,6723,0;100,100,100,100,100,94,5,0;OOOOOOTT;99;0;671;8
[RECV] BSDC91 notify: TR;3;5109;f;0;ff;1f;6778,6458,6749,6455,6494,0,0,0;6778,6458,6749,6455,6494,5967,6526,6250;100,100,100,100,100,5,5,5;OOOOOTTT;100;0;732;8
[RECV] BSDC91 notify: TR;3;5110;f;0;ff;1f;6655,6443,6640,6312,6522,0,0,0;6655,6443,6640,6312,6522,5967,6526,6250;100,100,100,100,100,4,4,4;OOOOOTTT;100;0;640;8
[RECV] BS2DCE notify: TR;3;5127;f;0;ff;3f;6719,6120,6589,6186,6379,6091,0,0;6719,6120,6589,6186,6379,6091,6723,0;100,100,100,100,100,95,5,0;OOOOOOTT;99;0;671;8
[RECV] BSDC91 notify: TR;3;5111;f;0;ff;1f;6722,6410,6636,6292,6321,0,0,0;6722,6410,6636,6292,6321,5967,6526,6250;100,100,100,100,100,4,4,4;OOOOOTTT;100;0;640;8
[RECV] BS2DCE notify: TR;3;5128;f;0;ff;3f;6731,6259,6610,6112,6438,6325,0,0;6731,6259,6610,6112,6438,6325,6723,0;100,100,100,100,100,95,4,0;OOOOOOTT;99;0;671;8
[RECV] BS2DCE notify: TR;3;5129;f;0;ff;3f;6876,6174,6657,6657,6481,6364,0,0;6876,6174,6657,6657,6481,6364,6723,0;100,100,100,100,100,95,4,0;OOOOOOTT;99;0;671;8
[RECV] BSDC91 notify: TR;3;5112;f;0;ff;1f;6643,6415,6656,6314,6168,0,0,0;6643,6415,6656,6314,6168,5967,6526,6250;100,100,100,100,100,4,4,4;OOOOOTTT;100;0;701;8
[RECV] BS2DCE notify: TR;3;5130;f;0;ff;3f;6628,6138,6844,6518,6510,6422,0,0;6628,6138,6844,6518,6510,6422,6723,0;100,100,100,100,100,95,4,0;OOOOOOTT;99;0;671;8
[RECV] BSDC91 notify: TR;3;5113;f;0;ff;1f;6433,6310,6567,6347,6074,0,0,0;6433,6310,6567,6347,6074,5967,6526,6250;100,100,100,100,100,4,4,4;OOOOOTTT;100;0;640;8
[RECV] BS2DCE notify: TR;3;5131;f;0;ff;3f;6921,6170,6863,6544,6492,6628,0,0;6921,6170,6863,6544,6492,6628,6723,0;100,100,100,100,100,95,4,0;OOOOOOTT;99;0;640;8
[RECV] BSDC91 notify: TR;3;5114;f;0;ff;1f;6440,6332,6481,6192,6042,0,0,0;6440,6332,6481,6192,6042,5967,6526,6250;100,100,100,100,100,4,4,4;OOOOOTTT;100;0;640;8
[[HOST_WARN 460127.047] read failed after 'mode recv'; reopened serial and continued
[HOST_CMD 460127.047] device kind tag
RECV] BSDC91 notify: TR;3;5115;f;0;ff;1f;6290,6261,6387,6171,6076,0,0,0;6290,6261,6387,6171,6076,5967,6526,6250;100,100,100,100,100,3,3,3;OOOOOTTT;100;0;701;8
OTA NUS stage: enabled
[RECV] One-shot NUS command cleared (runtime)
[RECV] Master disconnecting peer[0]: bs=BSDC91
[RECV] Master disconnecting peer[1]: bs=BS2DCE
[RECV] device kind set: tag (OTA target preserved)
[RECV] Master discovery mode: CONN & START
[RECV] Peer clear wait: waited=0 conn_count=2 ready_count=0
[HOST_CMD 460129.053] ota_target token -1
[HOST_CMD 460129.654] ota_target name -
[RECV] Peer clear wait timeout: conn_count=2 ready_count=0
[RECV] SCAN start req: bt_ready=1 scan_running=0 connecting_slot=-1 conn_count=2 target=tag prefix=BS
[RECV] Scanning for BS*
[RECV] System target: kind=tag caps=0x0f (config=1 ota=1 stream=1 status=1)
OTA target filter: token=-1 name=- prefix=BS uuid=-
[RECV] ota_target name rc=0 value=-
OTA target filter: token=-1 name=- prefix=BS uuid=-
[RECV] Disconnected[0]: D5:53:48:EF:8F:59 (random) reason=0x16 link=nus ready=1
[RECV] CFG send failed[1]: tag=1 slot=0 err=-128
[RECV] TDMA weighted[0]: bs=BS2DCE profile=motion target=5Hz mask=0x0021 slots=2/10 actual_x100=500 epoch_delay=3000
[RECV] Disconnected[1]: FF:5E:D2:80:EA:D2 (random) reason=0x16 link=nus ready=1
[RECV] SCAN hit: FF:5E:D2:80:EA:D2 (random) rssi=-74 name=- bs=BS2DCE uuid=- target=tag uuid_ok=1 tag_name=0 anchor_name=0 nus=0 dfu=1 token=1 props=0x03
[RECV] CONNECT queue[0]: addr=FF:5E:D2:80:EA:D2 (random) link=nus uuid=- target=tag
