PORT=/dev/serial/by-id/usb-BioSpur_BioSpur_BLE_Control_87EA2F4A526C5A02-if00
START=2026-04-25 18:03:53
VERIFY: prepare AUTOPOS control plane for all-responder runtime verification
VERIFY: force anchor target before AUTOPOS preflight
>>> device kind anchor
OTA NUS stage: disabled
[OTA] One-shot NUS command cleared (runtime)
OTA_STATE:target_configured detail=token
[OTA] Mode switch preflight: disconnect requests=1
[OTA] device kind set: anchor (OTA target defaults reset)
[OTA] System target: kind=anchor caps=0x0b (config=1 ota=1 stream=0 status=1)
OTA target filter: token=-1 name=- prefix=BS uuid=-
Disconnected: F1:B3:DF:83:B1:C9 (random) reason 0x16
Scan restart suppressed (no active OTA session)
>>> mode recv
[OTA] UART requested: switching to RECV
OTA handoff: quiesce before mode switch
[OTA] Mode switch preflight: disconnect requests=0
[RECV] Control mode staged: RECV
[RECV] OTA target staged: token=-1 name=- prefix=BS uuid=-
[RECV] Control mode now RECV, rebooting
--- SERIAL DISCONNECTED, REOPEN ---
--- SERIAL REOPENED ---
SETUP[2] defer: global discovery busy
SETUP[2] defer: global discovery busy
SETUP[2] defer: global discovery busy
SETUP[2] defer: global discovery busy
SETUP[2] defer: global discovery busy
[RECV] DISC complete[1]: link=nus discovered_service=2800 uuid=-
[RECV] BLE[1] link ready
[RECV] CFG assigned[1]: bs=BSDC91 tag=1 slot=0/10 mask=0x0021 period=40 active=24 gen=2 pmode=0
[RECV] TDMA weighted[0]: bs=BSDC91 profile=motion target=5Hz mask=0x0021 slots=2/10 actual_x100=500 epoch_delay=3000
[RECV] CFG assigned[0]: bs=BSF66F tag=2 slot=3/10 mask=0x0108 period=40 active=24 gen=2 pmode=0
[RECV] TDMA weighted[1]: bs=BSF66F profile=motion target=5Hz mask=0x0108 slots=2/10 actual_x100=500 epoch_delay=2999
SETUP[2] begin: link=nus uuid=- conn=0x200021c0
SETUP[2] mtu_exchange rc=0
SETUP[2] phy_update rc=0
SETUP[2] conn_param_update rc=0
[RECV] DISC start[2]: link=nus uuid=- conn=0x200021c0
[RECV] BSDC91 notify: CS;1;7965;cal_roto;5;75;B,D,E,G;ok,timeout,ok,ok;100,0,100,100
[RECV] Conn param updated[2]: int=6 lat=0 to=400
[RECV] BSF66F notify: CFG_OK TAG=2 SLOT=3/10 MASK=0x0108 PERIOD=40 ACTIVE=24 GEN=2 LIVE=1
[RECV] CFG confirmed[0]: tag=2 slot=3/10 mask=0x0108 period=40 active=24 gen=2 live=1
[RECV] MTU exchange[2] done (498)
[RECV] PHY updated[2]: tx=0x2 rx=0x2
[RECV] BSDC91 notify: CFG_OK TAG=1 SLOT=0/10 MASK=0x0021 PERIOD=40 ACTIVE=24 GEN=2 LIVE=1
[RECV] CFG confirmed[1]: tag=1 slot=0/10 mask=0x0021 period=40 active=24 gen=2 live=1
[RECV] DISC complete[2]: link=nus discovered_service=2800 uuid=-
[RECV] BLE[2] link ready
[RECV] CFG assigned[2]: bs=BS2DCE tag=1 slot=0/10 mask=0x0021 period=40 active=24 gen=3 pmode=0
[RECV] TDMA weighted[0]: bs=BS2DCE profile=motion target=5Hz mask=0x0021 slots=2/10 actual_x100=500 epoch_delay=3000
[RECV] CFG assigned[1]: bs=BSDC91 tag=2 slot=2/10 mask=0x0084 period=40 active=24 gen=3 pmode=0
[RECV] TDMA weighted[1]: bs=BSDC91 profile=motion target=5Hz mask=0x0084 slots=2/10 actual_x100=500 epoch_delay=2999
[RECV] CFG assigned[0]: bs=BSF66F tag=3 slot=3/10 mask=0x0108 period=40 active=24 gen=3 pmode=0
[RECV] TDMA weighted[2]: bs=BSF66F profile=motion target=5Hz mask=0x0108 slots=2/10 actual_x100=500 epoch_delay=2998
[RECV] BS2DCE notify: CS;1;10358;cal_roto;5;70;D,B,E,G;timeout,ok,ok,ok;0,87,95,100
[RECV] BSDC91 notify: CFG_OK TAG=2 SLOT=2/10 MASK=0x0084 PERIOD=40 ACTIVE=24 GEN=3 LIVE=1
[RECV] CFG confirmed[1]: tag=2 slot=2/10 mask=0x0084 period=40 active=24 gen=3 live=1
[RECV] BSF66F notify: CFG_OK TAG=3 SLOT=3/10 MASK=0x0108 PERIOD=40 ACTIVE=24 GEN=3 LIVE=1
[RECV] CFG confirmed[0]: tag=3 slot=3/10 mask=0x0108 period=40 active=24 gen=3 live=1
[RECV] BS2DCE notify: CFG_OK TAG=1 SLOT=0/10 MASK=0x0021 PERIOD=40 ACTIVE=24 GEN=3 LIVE=1
[RECV] CFG confirmed[2]: tag=1 slot=0/10 mask=0x0021 period=40 active=24 gen=3 live=1
[RECV] Conn param updated[0]: int=6 lat=0 to=400
[RECV] Conn param updated[1]: int=6 lat=0 to=400
[RECV] Conn param updated[2]: int=6 lat=0 to=400
>>> RESEND mode recv
[RECV] One-shot NUS command cleared (runtime)
[RECV] Master quiesce peer[0]: connected=1 ready=1 link=nus uuid=-
[RECV] Master quiesce peer[1]: connected=1 ready=1 link=nus uuid=-
[RECV] Master quiesce peer[2]: connected=1 ready=1 link=nus uuid=-
[RECV] Peer clear wait: waited=0 conn_count=3 ready_count=0
[RECV] Peer clear wait timeout: conn_count=3 ready_count=0
[RECV] RECV clean slate requires reboot: stale BLE links did not clear
[RECV] Control mode staged: RECV
--- SERIAL DISCONNECTED, REOPEN ---
--- SERIAL REOPENED ---
[RECV] CONNECT pending[1]: addr_valid=1 link=nus uuid=- scan_running=1 conn_count=1
[RECV] CONNECT pending[1]: bt_le_scan_stop rc=0 scan_running=1
[RECV] CONNECT pending[1] rc=0 conn=0x200020f0
[RECV] Connected[1]: D5:53:48:EF:8F:59 (random) name=- bs=BSDC91
[RECV] CONNECT state[1]: link=nus uuid=- ready=0 conn=0x200020f0
SETUP[1] defer: waiting 313 ms before discovery start
SETUP[1] defer: waiting 263 ms before discovery start
SETUP[1] defer: waiting 212 ms before discovery start
SETUP[1] defer: waiting 162 ms before discovery start
[RECV] PHY updated[1]: tx=0x2 rx=0x2
SETUP[1] defer: waiting 112 ms before discovery start
SETUP[1] defer: waiting 61 ms before discovery start
SETUP[1] defer: waiting 11 ms before discovery start
SETUP[1] begin: link=nus uuid=- conn=0x200020f0
SETUP[1] mtu_exchange rc=0
SETUP[1] phy_update rc=0
SETUP[1] conn_param_update rc=0
[RECV] DISC start[1]: link=nus uuid=- conn=0x200020f0
[RECV] MTU exchange[1] done (498)
[RECV] Conn param updated[1]: int=6 lat=0 to=400
[RECV] PHY updated[1]: tx=0x2 rx=0x2
[RECV] DISC complete[1]: link=nus discovered_service=2800 uuid=-
[RECV] BLE[1] link ready
[RECV] CFG assigned[1]: bs=BSDC91 tag=1 slot=0/10 mask=0x0021 period=40 active=24 gen=2 pmode=0
[RECV] TDMA weighted[0]: bs=BSDC91 profile=motion target=5Hz mask=0x0021 slots=2/10 actual_x100=500 epoch_delay=3000
[RECV] CFG assigned[0]: bs=BSF66F tag=2 slot=3/10 mask=0x0108 period=40 active=24 gen=2 pmode=0
[RECV] TDMA weighted[1]: bs=BSF66F profile=motion target=5Hz mask=0x0108 slots=2/10 actual_x100=500 epoch_delay=2999
[RECV] SCAN start req: bt_ready=1 scan_running=0 connecting_slot=-1 conn_count=2 target=unknown prefix=BS
[RECV] Scanning for BS*
[RECV] BSDC91 notify: CS;1;7965;cal_roto;5;75;B,D,E,G;ok,timeout,ok,ok;100,0,100,100
[RECV] BSF66F notify: CFG_OK TAG=2 SLOT=3/10 MASK=0x0108 PERIOD=40 ACTIVE=24 GEN=2 LIVE=1
[RECV] CFG confirmed[0]: tag=2 slot=3/10 mask=0x0108 period=40 active=24 gen=2 live=1
[RECV] BSDC91 notify: CFG_OK TAG=1 SLOT=0/10 MASK=0x0021 PERIOD=40 ACTIVE=24 GEN=2 LIVE=1
[RECV] CFG confirmed[1]: tag=1 slot=0/10 mask=0x0021 period=40 active=24 gen=2 live=1
[RECV] SCAN hit: FF:5E:D2:80:EA:D2 (random) rssi=-59 name=- bs=BS2DCE uuid=- target=unknown uuid_ok=1 tag_name=0 anchor_name=0 nus=0 dfu=1 token=1 props=0x03
[RECV] CONNECT queue[2]: addr=FF:5E:D2:80:EA:D2 (random) link=nus uuid=- target=unknown
[RECV] CONNECT pending[2]: addr_valid=1 link=nus uuid=- scan_running=1 conn_count=2
[RECV] CONNECT pending[2]: bt_le_scan_stop rc=0 scan_running=1
[RECV] CONNECT pending[2] rc=0 conn=0x200021c0
[RECV] Connected[2]: FF:5E:D2:80:EA:D2 (random) name=- bs=BS2DCE
[RECV] CONNECT state[2]: link=nus uuid=- ready=0 conn=0x200021c0
SETUP[2] defer: waiting 339 ms before discovery start
SETUP[2] defer: waiting 289 ms before discovery start
SETUP[2] defer: waiting 238 ms before discovery start
SETUP[2] defer: waiting 188 ms before discovery start
SETUP[2] defer: waiting 138 ms before discovery start
[RECV] PHY updated[2]: tx=0x2 rx=0x2
SETUP[2] defer: waiting 87 ms before discovery start
SETUP[2] defer: waiting 37 ms before discovery start
SETUP[2] begin: link=nus uuid=- conn=0x200021c0
SETUP[2] mtu_exchange rc=0
SETUP[2] phy_update rc=0
[RECV] PHY updated[2]: tx=0x2 rx=0x2
SETUP[2] conn_param_update rc=0
[RECV] DISC start[2]: link=nus uuid=- conn=0x200021c0
[RECV] MTU exchange[2] done (498)
[RECV] Conn param updated[2]: int=6 lat=0 to=400
[RECV] DISC complete[2]: link=nus discovered_service=2800 uuid=-
[RECV] BLE[2] link ready
[RECV] CFG assigned[2]: bs=BS2DCE tag=1 slot=0/10 mask=0x0021 period=40 active=24 gen=3 pmode=0
[RECV] TDMA weighted[0]: bs=BS2DCE profile=motion target=5Hz mask=0x0021 slots=2/10 actual_x100=500 epoch_delay=3000
[RECV] CFG assigned[1]: bs=BSDC91 tag=2 slot=2/10 mask=0x0084 period=40 active=24 gen=3 pmode=0
[RECV] TDMA weighted[1]: bs=BSDC91 profile=motion target=5Hz mask=0x0084 slots=2/10 actual_x100=500 epoch_delay=2999
[RECV] CFG assigned[0]: bs=BSF66F tag=3 slot=3/10 mask=0x0108 period=40 active=24 gen=3 pmode=0
[RECV] TDMA weighted[2]: bs=BSF66F profile=motion target=5Hz mask=0x0108 slots=2/10 actual_x100=500 epoch_delay=2998
[RECV] SCAN start req: bt_ready=1 scan_running=0 connecting_slot=-1 conn_count=3 target=unknown prefix=BS
[RECV] Scanning for BS*
[RECV] BS2DCE notify: CS;1;10358;cal_roto;5;70;D,B,E,G;timeout,ok,ok,ok;0,87,95,100
[RECV] BSDC91 notify: CFG_OK TAG=2 SLOT=2/10 MASK=0x0084 PERIOD=40 ACTIVE=24 GEN=3 LIVE=1
[RECV] CFG confirmed[1]: tag=2 slot=2/10 mask=0x0084 period=40 active=24 gen=3 live=1
[RECV] BSF66F notify: CFG_OK TAG=3 SLOT=3/10 MASK=0x0108 PERIOD=40 ACTIVE=24 GEN=3 LIVE=1
[RECV] CFG confirmed[0]: tag=3 slot=3/10 mask=0x0108 period=40 active=24 gen=3 live=1
[RECV] BS2DCE notify: CFG_OK TAG=1 SLOT=0/10 MASK=0x0021 PERIOD=40 ACTIVE=24 GEN=3 LIVE=1
[RECV] CFG confirmed[2]: tag=1 slot=0/10 mask=0x0021 period=40 active=24 gen=3 live=1
>>> device kind anchor
OTA NUS stage: disabled
[RECV] One-shot NUS command cleared (runtime)
[RECV] Mode switch preflight: disconnect requests=3
[RECV] device kind set: anchor (OTA target defaults reset)
[RECV] Master discovery mode: CONN & START
[RECV] Peer clear wait: waited=0 conn_count=3 ready_count=0
VERIFY: enter AUTOPOS attempt=1/3
>>> mode autopos
[RECV] Peer clear wait timeout: conn_count=3 ready_count=0
[RECV] SCAN start req: bt_ready=1 scan_running=0 connecting_slot=-1 conn_count=3 target=anchor prefix=ANCHOR-
[RECV] Scanning for ANCHOR-*
[RECV] System target: kind=anchor caps=0x0b (config=1 ota=1 stream=0 status=1)
OTA target filter: token=-1 name=- prefix=BS uuid=-
[AUTOPOS] Control mode staged: AUTOPOS
[AUTOPOS] Master discovery mode: CONN & START
[AUTOPOS] Master disconnecting peer[0]: bs=BSF66F
[AUTOPOS] Master disconnecting peer[1]: bs=BSDC91
[AUTOPOS] Master disconnecting peer[2]: bs=BS2DCE
[AUTOPOS] Peer clear wait: waited=0 conn_count=3 ready_count=0
[AUTOPOS] Peer clear wait timeout: conn_count=3 ready_count=0
[AUTOPOS] SCAN start req: bt_ready=1 scan_running=0 connecting_slot=-1 conn_count=3 target=anchor prefix=ANCHOR-
[AUTOPOS] Scanning for ANCHOR-*
[AUTOPOS] AUTOPOS: mode=AUTOPOS state=idle staged=- last_success=- sets=0 error=-
[AUTOPOS] Disconnected[2]: FF:5E:D2:80:EA:D2 (random) reason=0x16 link=nus ready=1
[AUTOPOS] CFG send failed[1]: tag=1 slot=0 err=-128
[AUTOPOS] TDMA weighted[0]: bs=BSDC91 profile=motion target=5Hz mask=0x0021 slots=2/10 actual_x100=500 epoch_delay=3000
[AUTOPOS] CFG send failed[0]: tag=2 slot=3 err=-128
[AUTOPOS] TDMA weighted[1]: bs=BSF66F profile=motion target=5Hz mask=0x0108 slots=2/10 actual_x100=500 epoch_delay=2999
[AUTOPOS] Disconnected[1]: D5:53:48:EF:8F:59 (random) reason=0x16 link=nus ready=1
[AUTOPOS] CFG send failed[0]: tag=1 slot=0 err=-128
[AUTOPOS] TDMA weighted[0]: bs=BSF66F profile=motion target=5Hz mask=0x0021 slots=2/10 actual_x100=500 epoch_delay=3000
[AUTOPOS] SCAN hit: EC:9F:55:9D:7E:A1 (random) rssi=-65 name=- bs=- uuid=B3087BC3D87CCCD316AEDC6B71D6677F target=anchor uuid_ok=1 tag_name=0 anchor_name=0 nus=0 dfu=0 token=0 props=0x03
[AUTOPOS] CONNECT queue[1]: addr=EC:9F:55:9D:7E:A1 (random) link=anchor-ctrl uuid=B3087BC3D87CCCD316AEDC6B71D6677F target=anchor
[AUTOPOS] Disconnected[0]: FC:9A:15:34:AB:20 (random) reason=0x16 link=nus ready=1
[AUTOPOS] SCAN hit: FD:64:2E:93:37:86 (random) rssi=-76 name=- bs=- uuid=CEE5A7EFCB35F8A56B430047629F5309 target=anchor uuid_ok=1 tag_name=0 anchor_name=0 nus=0 dfu=0 token=0 props=0x03
[AUTOPOS] CONNECT queue[0]: addr=FD:64:2E:93:37:86 (random) link=anchor-ctrl uuid=CEE5A7EFCB35F8A56B430047629F5309 target=anchor
[AUTOPOS] SCAN hit: F1:B3:DF:83:B1:C9 (random) rssi=-66 name=- bs=- uuid=AB14CCA262A092E70EB26B0ACB0A394B target=anchor uuid_ok=1 tag_name=0 anchor_name=0 nus=0 dfu=0 token=0 props=0x03
[AUTOPOS] CONNECT queue[2]: addr=F1:B3:DF:83:B1:C9 (random) link=anchor-ctrl uuid=AB14CCA262A092E70EB26B0ACB0A394B target=anchor
[AUTOPOS] SCAN hit: F2:B7:4E:8A:79:01 (random) rssi=-61 name=- bs=- uuid=4DC6B8187E33803AE8601FB0D7992B96 target=anchor uuid_ok=1 tag_name=0 anchor_name=0 nus=0 dfu=0 token=0 props=0x03
[AUTOPOS] CONNECT queue[3]: addr=F2:B7:4E:8A:79:01 (random) link=anchor-ctrl uuid=4DC6B8187E33803AE8601FB0D7992B96 target=anchor
[AUTOPOS] SCAN hit: E9:CB:F3:C4:51:43 (random) rssi=-78 name=- bs=- uuid=840C68591E90019821AACFF1B73AAA34 target=anchor uuid_ok=1 tag_name=0 anchor_name=0 nus=0 dfu=0 token=0 props=0x03
[AUTOPOS] CONNECT queue[4]: addr=E9:CB:F3:C4:51:43 (random) link=anchor-ctrl uuid=840C68591E90019821AACFF1B73AAA34 target=anchor
[AUTOPOS] SCAN hit: D9:C7:9C:16:71:C9 (random) rssi=-59 name=- bs=- uuid=A892AF05DD59CF0D0D3408AD74F364A1 target=anchor uuid_ok=1 tag_name=0 anchor_name=0 nus=0 dfu=0 token=0 props=0x03
[AUTOPOS] CONNECT queue[5]: addr=D9:C7:9C:16:71:C9 (random) link=anchor-ctrl uuid=A892AF05DD59CF0D0D3408AD74F364A1 target=anchor
[AUTOPOS] SCAN hit: DE:2E:4D:B9:CB:A9 (random) rssi=-49 name=- bs=- uuid=AB14CCA262A092E70EB26B0ACB0A394B target=anchor uuid_ok=1 tag_name=0 anchor_name=0 nus=0 dfu=0 token=0 props=0x03
[AUTOPOS] CONNECT queue[6]: addr=DE:2E:4D:B9:CB:A9 (random) link=anchor-ctrl uuid=AB14CCA262A092E70EB26B0ACB0A394B target=anchor
[AUTOPOS] CONNECT pending[0]: addr_valid=1 link=anchor-ctrl uuid=CEE5A7EFCB35F8A56B430047629F5309 scan_running=1 conn_count=0
[AUTOPOS] CONNECT pending[0]: bt_le_scan_stop rc=0 scan_running=1
[AUTOPOS] CONNECT pending[0] rc=0 conn=0x20002020
[AUTOPOS] Connected[0]: FD:64:2E:93:37:86 (random) name=- bs=-
[AUTOPOS] CONNECT state[0]: link=anchor-ctrl uuid=CEE5A7EFCB35F8A56B430047629F5309 ready=0 conn=0x20002020
SETUP[0] defer: waiting 858 ms before discovery start
SETUP[0] defer: waiting 808 ms before discovery start
SETUP[0] defer: waiting 758 ms before discovery start
SETUP[0] defer: waiting 707 ms before discovery start
SETUP[0] defer: waiting 657 ms before discovery start
SETUP[0] defer: waiting 607 ms before discovery start
SETUP[0] defer: waiting 556 ms before discovery start
SETUP[0] defer: waiting 506 ms before discovery start
SETUP[0] defer: waiting 456 ms before discovery start
SETUP[0] defer: waiting 406 ms before discovery start
SETUP[0] defer: waiting 355 ms before discovery start
SETUP[0] defer: waiting 305 ms before discovery start
SETUP[0] defer: waiting 255 ms before discovery start
SETUP[0] defer: waiting 204 ms before discovery start
SETUP[0] defer: waiting 154 ms before discovery start
SETUP[0] defer: waiting 104 ms before discovery start
SETUP[0] defer: waiting 53 ms before discovery start
SETUP[0] defer: waiting 3 ms before discovery start
SETUP[0] begin: link=anchor-ctrl uuid=CEE5A7EFCB35F8A56B430047629F5309 conn=0x20002020
SETUP[0] mtu_exchange rc=0
SETUP[0] phy_update rc=0
SETUP[0] conn_param_update rc=0
[AUTOPOS] DISC start[0]: link=anchor-ctrl uuid=CEE5A7EFCB35F8A56B430047629F5309 conn=0x20002020
[AUTOPOS] MTU exchange[0] done (498)
[AUTOPOS] Conn param updated[0]: int=6 lat=0 to=400
[AUTOPOS] PHY updated[0]: tx=0x2 rx=0x2
[AUTOPOS] DISC complete[0]: link=anchor-ctrl discovered_service=2800 uuid=CEE5A7EFCB35F8A56B430047629F5309
[AUTOPOS] DISC anchor service found[0]: uuid=CEE5A7EFCB35F8A56B430047629F5309
[AUTOPOS] Anchor ctrl state subscribe[0] rc=0
[AUTOPOS] Anchor ctrl result subscribe[0] rc=0
[AUTOPOS] ANCHOR_CTRL[0] link ready handle=0x0019 result=0x001b uuid=CEE5A7EFCB35F8A56B430047629F5309
[AUTOPOS] CONNECT pending[1]: addr_valid=1 link=anchor-ctrl uuid=B3087BC3D87CCCD316AEDC6B71D6677F scan_running=0 conn_count=1
[AUTOPOS] CONNECT pending[1] rc=0 conn=0x200020f0
[AUTOPOS] Connected[1]: EC:9F:55:9D:7E:A1 (random) name=- bs=-
[AUTOPOS] CONNECT state[1]: link=anchor-ctrl uuid=B3087BC3D87CCCD316AEDC6B71D6677F ready=0 conn=0x200020f0
SETUP[1] defer: waiting 851 ms before discovery start
SETUP[1] defer: waiting 801 ms before discovery start
SETUP[1] defer: waiting 751 ms before discovery start
SETUP[1] defer: waiting 700 ms before discovery start
SETUP[1] defer: waiting 650 ms before discovery start
SETUP[1] defer: waiting 600 ms before discovery start
SETUP[1] defer: waiting 549 ms before discovery start
SETUP[1] defer: waiting 499 ms before discovery start
SETUP[1] defer: waiting 449 ms before discovery start
SETUP[1] defer: waiting 398 ms before discovery start
SETUP[1] defer: waiting 348 ms before discovery start
SETUP[1] defer: waiting 298 ms before discovery start
SETUP[1] defer: waiting 247 ms before discovery start
SETUP[1] defer: waiting 197 ms before discovery start
SETUP[1] defer: waiting 147 ms before discovery start
SETUP[1] defer: waiting 96 ms before discovery start
SETUP[1] defer: waiting 46 ms before discovery start
SETUP[1] begin: link=anchor-ctrl uuid=B3087BC3D87CCCD316AEDC6B71D6677F conn=0x200020f0
SETUP[1] mtu_exchange rc=0
SETUP[1] phy_update rc=0
SETUP[1] conn_param_update rc=0
[AUTOPOS] DISC start[1]: link=anchor-ctrl uuid=B3087BC3D87CCCD316AEDC6B71D6677F conn=0x200020f0
[AUTOPOS] MTU exchange[1] done (498)
[AUTOPOS] Conn param updated[1]: int=6 lat=0 to=400
[AUTOPOS] PHY updated[1]: tx=0x2 rx=0x2
[AUTOPOS] DISC complete[1]: link=anchor-ctrl discovered_service=2800 uuid=B3087BC3D87CCCD316AEDC6B71D6677F
[AUTOPOS] DISC anchor service found[1]: uuid=B3087BC3D87CCCD316AEDC6B71D6677F
[AUTOPOS] Anchor ctrl state subscribe[1] rc=0
[AUTOPOS] Anchor ctrl result subscribe[1] rc=0
[AUTOPOS] ANCHOR_CTRL[1] link ready handle=0x0019 result=0x001b uuid=B3087BC3D87CCCD316AEDC6B71D6677F
[AUTOPOS] CONNECT pending[2]: addr_valid=1 link=anchor-ctrl uuid=AB14CCA262A092E70EB26B0ACB0A394B scan_running=0 conn_count=2
[AUTOPOS] CONNECT pending[2] rc=0 conn=0x200021c0
[AUTOPOS] Connected[2]: F1:B3:DF:83:B1:C9 (random) name=- bs=-
[AUTOPOS] CONNECT state[2]: link=anchor-ctrl uuid=AB14CCA262A092E70EB26B0ACB0A394B ready=0 conn=0x200021c0
SETUP[2] defer: waiting 859 ms before discovery start
SETUP[2] defer: waiting 808 ms before discovery start
SETUP[2] defer: waiting 758 ms before discovery start
SETUP[2] defer: waiting 708 ms before discovery start
SETUP[2] defer: waiting 657 ms before discovery start
SETUP[2] defer: waiting 607 ms before discovery start
SETUP[2] defer: waiting 557 ms before discovery start
SETUP[2] defer: waiting 507 ms before discovery start
SETUP[2] defer: waiting 456 ms before discovery start
SETUP[2] defer: waiting 406 ms before discovery start
SETUP[2] defer: waiting 356 ms before discovery start
SETUP[2] defer: waiting 305 ms before discovery start
SETUP[2] defer: waiting 255 ms before discovery start
SETUP[2] defer: waiting 205 ms before discovery start
SETUP[2] defer: waiting 154 ms before discovery start
SETUP[2] defer: waiting 104 ms before discovery start
SETUP[2] defer: waiting 54 ms before discovery start
SETUP[2] defer: waiting 3 ms before discovery start
SETUP[2] begin: link=anchor-ctrl uuid=AB14CCA262A092E70EB26B0ACB0A394B conn=0x200021c0
SETUP[2] mtu_exchange rc=0
SETUP[2] phy_update rc=0
SETUP[2] conn_param_update rc=0
[AUTOPOS] DISC start[2]: link=anchor-ctrl uuid=AB14CCA262A092E70EB26B0ACB0A394B conn=0x200021c0
[AUTOPOS] MTU exchange[2] done (498)
[AUTOPOS] Conn param updated[2]: int=6 lat=0 to=400
[AUTOPOS] PHY updated[2]: tx=0x2 rx=0x2
[AUTOPOS] DISC complete[2]: link=anchor-ctrl discovered_service=2800 uuid=AB14CCA262A092E70EB26B0ACB0A394B
[AUTOPOS] DISC anchor service found[2]: uuid=AB14CCA262A092E70EB26B0ACB0A394B
[AUTOPOS] Anchor ctrl state subscribe[2] rc=0
[AUTOPOS] Anchor ctrl result subscribe[2] rc=0
[AUTOPOS] ANCHOR_CTRL[2] link ready handle=0x0019 result=0x001b uuid=AB14CCA262A092E70EB26B0ACB0A394B
[AUTOPOS] CONNECT pending[3]: addr_valid=1 link=anchor-ctrl uuid=4DC6B8187E33803AE8601FB0D7992B96 scan_running=0 conn_count=3
[AUTOPOS] CONNECT pending[3] rc=0 conn=0x20002290
[AUTOPOS] Connected[3]: F2:B7:4E:8A:79:01 (random) name=- bs=-
[AUTOPOS] CONNECT state[3]: link=anchor-ctrl uuid=4DC6B8187E33803AE8601FB0D7992B96 ready=0 conn=0x20002290
SETUP[3] defer: waiting 887 ms before discovery start
SETUP[3] defer: waiting 836 ms before discovery start
SETUP[3] defer: waiting 786 ms before discovery start
SETUP[3] defer: waiting 736 ms before discovery start
SETUP[3] defer: waiting 685 ms before discovery start
SETUP[3] defer: waiting 635 ms before discovery start
SETUP[3] defer: waiting 585 ms before discovery start
[AUTOPOS] Conn param updated[0]: int=6 lat=0 to=400
SETUP[3] defer: waiting 534 ms before discovery start
SETUP[3] defer: waiting 484 ms before discovery start
SETUP[3] defer: waiting 434 ms before discovery start
SETUP[3] defer: waiting 383 ms before discovery start
SETUP[3] defer: waiting 333 ms before discovery start
SETUP[3] defer: waiting 283 ms before discovery start
SETUP[3] defer: waiting 232 ms before discovery start
SETUP[3] defer: waiting 182 ms before discovery start
SETUP[3] defer: waiting 132 ms before discovery start
SETUP[3] defer: waiting 81 ms before discovery start
SETUP[3] defer: waiting 31 ms before discovery start
SETUP[3] begin: link=anchor-ctrl uuid=4DC6B8187E33803AE8601FB0D7992B96 conn=0x20002290
SETUP[3] mtu_exchange rc=0
SETUP[3] phy_update rc=0
SETUP[3] conn_param_update rc=0
[AUTOPOS] DISC start[3]: link=anchor-ctrl uuid=4DC6B8187E33803AE8601FB0D7992B96 conn=0x20002290
[AUTOPOS] MTU exchange[3] done (498)
[AUTOPOS] Conn param updated[3]: int=6 lat=0 to=400
[AUTOPOS] PHY updated[3]: tx=0x2 rx=0x2
[AUTOPOS] Conn param updated[1]: int=6 lat=0 to=400
[AUTOPOS] DISC complete[3]: link=anchor-ctrl discovered_service=2800 uuid=4DC6B8187E33803AE8601FB0D7992B96
[AUTOPOS] DISC anchor service found[3]: uuid=4DC6B8187E33803AE8601FB0D7992B96
[AUTOPOS] Anchor ctrl state subscribe[3] rc=0
[AUTOPOS] Anchor ctrl result subscribe[3] rc=0
[AUTOPOS] ANCHOR_CTRL[3] link ready handle=0x0019 result=0x001b uuid=4DC6B8187E33803AE8601FB0D7992B96
[AUTOPOS] CONNECT pending[4]: addr_valid=1 link=anchor-ctrl uuid=840C68591E90019821AACFF1B73AAA34 scan_running=0 conn_count=4
[AUTOPOS] CONNECT pending[4] rc=0 conn=0x20002360
[AUTOPOS] Connected[4]: E9:CB:F3:C4:51:43 (random) name=- bs=-
[AUTOPOS] CONNECT state[4]: link=anchor-ctrl uuid=840C68591E90019821AACFF1B73AAA34 ready=0 conn=0x20002360
SETUP[4] defer: waiting 872 ms before discovery start
[AUTOPOS] Disconnected[4]: E9:CB:F3:C4:51:43 (random) reason=0x3e link=anchor-ctrl ready=0
[AUTOPOS] SCAN start req: bt_ready=1 scan_running=0 connecting_slot=-1 conn_count=4 target=anchor prefix=ANCHOR-
[AUTOPOS] Scanning for ANCHOR-*
[AUTOPOS] CONNECT pending[5]: addr_valid=1 link=anchor-ctrl uuid=A892AF05DD59CF0D0D3408AD74F364A1 scan_running=1 conn_count=4
[AUTOPOS] CONNECT pending[5]: bt_le_scan_stop rc=0 scan_running=1
[AUTOPOS] CONNECT pending[5] rc=0 conn=0x20002430
[AUTOPOS] Connected[5]: D9:C7:9C:16:71:C9 (random) name=- bs=-
[AUTOPOS] CONNECT state[5]: link=anchor-ctrl uuid=A892AF05DD59CF0D0D3408AD74F364A1 ready=0 conn=0x20002430
SETUP[5] defer: waiting 877 ms before discovery start
[AUTOPOS] Disconnected[5]: D9:C7:9C:16:71:C9 (random) reason=0x3e link=anchor-ctrl ready=0
[AUTOPOS] SCAN start req: bt_ready=1 scan_running=0 connecting_slot=-1 conn_count=4 target=anchor prefix=ANCHOR-
[AUTOPOS] Scanning for ANCHOR-*
[AUTOPOS] CONNECT pending[6]: addr_valid=1 link=anchor-ctrl uuid=AB14CCA262A092E70EB26B0ACB0A394B scan_running=1 conn_count=4
[AUTOPOS] CONNECT pending[6]: bt_le_scan_stop rc=0 scan_running=1
[AUTOPOS] CONNECT pending[6] rc=0 conn=0x20002360
[AUTOPOS] Connected[6]: DE:2E:4D:B9:CB:A9 (random) name=- bs=-
[AUTOPOS] CONNECT state[6]: link=anchor-ctrl uuid=AB14CCA262A092E70EB26B0ACB0A394B ready=0 conn=0x20002360
SETUP[6] defer: waiting 893 ms before discovery start
SETUP[6] defer: waiting 843 ms before discovery start
SETUP[6] defer: waiting 793 ms before discovery start
SETUP[6] defer: waiting 742 ms before discovery start
SETUP[6] defer: waiting 692 ms before discovery start
SETUP[6] defer: waiting 642 ms before discovery start
SETUP[6] defer: waiting 591 ms before discovery start
SETUP[6] defer: waiting 541 ms before discovery start
SETUP[6] defer: waiting 491 ms before discovery start
SETUP[6] defer: waiting 440 ms before discovery start
SETUP[6] defer: waiting 390 ms before discovery start
SETUP[6] defer: waiting 340 ms before discovery start
SETUP[6] defer: waiting 289 ms before discovery start
SETUP[6] defer: waiting 239 ms before discovery start
SETUP[6] defer: waiting 189 ms before discovery start
>>> status
[AUTOPOS] Control status: mode=AUTOPOS pending=0
SETUP[6] defer: waiting 138 ms before discovery start
SETUP[6] defer: waiting 88 ms before discovery start
SETUP[6] defer: waiting 38 ms before discovery start
SETUP[6] begin: link=anchor-ctrl uuid=AB14CCA262A092E70EB26B0ACB0A394B conn=0x20002360
SETUP[6] mtu_exchange rc=0
SETUP[6] phy_update rc=0
SETUP[6] conn_param_update rc=0
[AUTOPOS] DISC start[6]: link=anchor-ctrl uuid=AB14CCA262A092E70EB26B0ACB0A394B conn=0x20002360
[AUTOPOS] MTU exchange[6] done (498)
[AUTOPOS] Conn param updated[6]: int=6 lat=0 to=400
[AUTOPOS] Conn param updated[2]: int=6 lat=0 to=400
[AUTOPOS] PHY updated[6]: tx=0x2 rx=0x2
VERIFY: AUTOPOS anchor control plane active
>>> autopos map A 4DC6B8187E33803AE8601FB0D7992B96
[AUTOPOS] AUTOPOS map set: A=4DC6B8187E33803AE8601FB0D7992B96
[AUTOPOS] DISC complete[6]: link=anchor-ctrl discovered_service=2800 uuid=AB14CCA262A092E70EB26B0ACB0A394B
[AUTOPOS] DISC anchor service found[6]: uuid=AB14CCA262A092E70EB26B0ACB0A394B
[AUTOPOS] Anchor ctrl state subscribe[6] rc=0
[AUTOPOS] Anchor ctrl result subscribe[6] rc=0
[AUTOPOS] ANCHOR_CTRL[6] link ready handle=0x0019 result=0x001b uuid=AB14CCA262A092E70EB26B0ACB0A394B
[AUTOPOS] SCAN start req: bt_ready=1 scan_running=0 connecting_slot=-1 conn_count=5 target=anchor prefix=ANCHOR-
[AUTOPOS] Scanning for ANCHOR-*
[AUTOPOS] SCAN hit: E9:CB:F3:C4:51:43 (random) rssi=-72 name=- bs=- uuid=840C68591E90019821AACFF1B73AAA34 target=anchor uuid_ok=1 tag_name=0 anchor_name=0 nus=0 dfu=0 token=0 props=0x03
[AUTOPOS] CONNECT queue[4]: addr=E9:CB:F3:C4:51:43 (random) link=anchor-ctrl uuid=840C68591E90019821AACFF1B73AAA34 target=anchor
[AUTOPOS] CONNECT pending[4]: addr_valid=1 link=anchor-ctrl uuid=840C68591E90019821AACFF1B73AAA34 scan_running=1 conn_count=5
[AUTOPOS] CONNECT pending[4]: bt_le_scan_stop rc=0 scan_running=1
[AUTOPOS] CONNECT pending[4] rc=0 conn=0x20002430
[AUTOPOS] Connected[4]: E9:CB:F3:C4:51:43 (random) name=- bs=-
[AUTOPOS] CONNECT state[4]: link=anchor-ctrl uuid=840C68591E90019821AACFF1B73AAA34 ready=0 conn=0x20002430
SETUP[4] defer: waiting 894 ms before discovery start
[AUTOPOS] Disconnected[4]: E9:CB:F3:C4:51:43 (random) reason=0x3e link=anchor-ctrl ready=0
[AUTOPOS] SCAN start req: bt_ready=1 scan_running=0 connecting_slot=-1 conn_count=5 target=anchor prefix=ANCHOR-
[AUTOPOS] Scanning for ANCHOR-*
>>> autopos map B B9179575C776C98F1CB132DD6EDC6223
[AUTOPOS] AUTOPOS map set: B=B9179575C776C98F1CB132DD6EDC6223
[AUTOPOS] Conn param updated[3]: int=6 lat=0 to=400
[AUTOPOS] SCAN hit: D9:C7:9C:16:71:C9 (random) rssi=-59 name=- bs=- uuid=A892AF05DD59CF0D0D3408AD74F364A1 target=anchor uuid_ok=1 tag_name=0 anchor_name=0 nus=0 dfu=0 token=0 props=0x03
[AUTOPOS] CONNECT queue[4]: addr=D9:C7:9C:16:71:C9 (random) link=anchor-ctrl uuid=A892AF05DD59CF0D0D3408AD74F364A1 target=anchor
[AUTOPOS] SCAN hit: E3:77:2C:61:AA:19 (random) rssi=-81 name=- bs=- uuid=1EABFBEC28B8053FBB0D5C448112AE93 target=anchor uuid_ok=1 tag_name=0 anchor_name=0 nus=0 dfu=0 token=0 props=0x03
[AUTOPOS] CONNECT queue[5]: addr=E3:77:2C:61:AA:19 (random) link=anchor-ctrl uuid=1EABFBEC28B8053FBB0D5C448112AE93 target=anchor
>>> autopos map C CEE5A7EFCB35F8A56B430047629F5309
[AUTOPOS] AUTOPOS map set: C=CEE5A7EFCB35F8A56B430047629F5309
[AUTOPOS] CONNECT pending[4]: addr_valid=1 link=anchor-ctrl uuid=A892AF05DD59CF0D0D3408AD74F364A1 scan_running=1 conn_count=5
[AUTOPOS] CONNECT pending[4]: bt_le_scan_stop rc=0 scan_running=1
[AUTOPOS] CONNECT pending[4] rc=0 conn=0x20002430
[AUTOPOS] Connected[4]: D9:C7:9C:16:71:C9 (random) name=- bs=-
[AUTOPOS] CONNECT state[4]: link=anchor-ctrl uuid=A892AF05DD59CF0D0D3408AD74F364A1 ready=0 conn=0x20002430
SETUP[4] defer: waiting 870 ms before discovery start
SETUP[4] defer: waiting 820 ms before discovery start
SETUP[4] defer: waiting 770 ms before discovery start
SETUP[4] defer: waiting 720 ms before discovery start
SETUP[4] defer: waiting 669 ms before discovery start
SETUP[4] defer: waiting 619 ms before discovery start
SETUP[4] defer: waiting 569 ms before discovery start
SETUP[4] defer: waiting 518 ms before discovery start
SETUP[4] defer: waiting 468 ms before discovery start
SETUP[4] defer: waiting 418 ms before discovery start
SETUP[4] defer: waiting 367 ms before discovery start
SETUP[4] defer: waiting 317 ms before discovery start
SETUP[4] defer: waiting 267 ms before discovery start
>>> autopos map D AB14CCA262A092E70EB26B0ACB0A394B
[AUTOPOS] AUTOPOS map set: D=AB14CCA262A092E70EB26B0ACB0A394B
SETUP[4] defer: waiting 216 ms before discovery start
SETUP[4] defer: waiting 166 ms before discovery start
SETUP[4] defer: waiting 116 ms before discovery start
SETUP[4] defer: waiting 65 ms before discovery start
SETUP[4] defer: waiting 15 ms before discovery start
SETUP[4] begin: link=anchor-ctrl uuid=A892AF05DD59CF0D0D3408AD74F364A1 conn=0x20002430
SETUP[4] mtu_exchange rc=0
SETUP[4] phy_update rc=0
SETUP[4] conn_param_update rc=0
[AUTOPOS] DISC start[4]: link=anchor-ctrl uuid=A892AF05DD59CF0D0D3408AD74F364A1 conn=0x20002430
[AUTOPOS] MTU exchange[4] done (498)
[AUTOPOS] Conn param updated[4]: int=6 lat=0 to=400
[AUTOPOS] PHY updated[4]: tx=0x2 rx=0x2
[AUTOPOS] Conn param updated[6]: int=6 lat=0 to=400
>>> autopos map E A892AF05DD59CF0D0D3408AD74F364A1
[AUTOPOS] AUTOPOS map set: E=A892AF05DD59CF0D0D3408AD74F364A1
[AUTOPOS] DISC complete[4]: link=anchor-ctrl discovered_service=2800 uuid=A892AF05DD59CF0D0D3408AD74F364A1
[AUTOPOS] DISC anchor service found[4]: uuid=A892AF05DD59CF0D0D3408AD74F364A1
[AUTOPOS] Anchor ctrl state subscribe[4] rc=0
[AUTOPOS] Anchor ctrl result subscribe[4] rc=0
[AUTOPOS] ANCHOR_CTRL[4] link ready handle=0x0019 result=0x001b uuid=A892AF05DD59CF0D0D3408AD74F364A1
[AUTOPOS] CONNECT pending[5]: addr_valid=1 link=anchor-ctrl uuid=1EABFBEC28B8053FBB0D5C448112AE93 scan_running=0 conn_count=6
[AUTOPOS] CONNECT pending[5] rc=0 conn=0x20002500
>>> autopos map F 840C68591E90019821AACFF1B73AAA34
[AUTOPOS] AUTOPOS map set: F=840C68591E90019821AACFF1B73AAA34
[AUTOPOS] Connected[5]: E3:77:2C:61:AA:19 (random) name=- bs=-
[AUTOPOS] CONNECT state[5]: link=anchor-ctrl uuid=1EABFBEC28B8053FBB0D5C448112AE93 ready=0 conn=0x20002500
SETUP[5] defer: waiting 859 ms before discovery start
SETUP[5] defer: waiting 809 ms before discovery start
SETUP[5] defer: waiting 759 ms before discovery start
SETUP[5] defer: waiting 708 ms before discovery start
SETUP[5] defer: waiting 658 ms before discovery start
SETUP[5] defer: waiting 608 ms before discovery start
SETUP[5] defer: waiting 557 ms before discovery start
SETUP[5] defer: waiting 507 ms before discovery start
SETUP[5] defer: waiting 457 ms before discovery start
SETUP[5] defer: waiting 407 ms before discovery start
SETUP[5] defer: waiting 356 ms before discovery start
SETUP[5] defer: waiting 306 ms before discovery start
SETUP[5] defer: waiting 256 ms before discovery start
SETUP[5] defer: waiting 205 ms before discovery start
SETUP[5] defer: waiting 155 ms before discovery start
>>> autopos map G B3087BC3D87CCCD316AEDC6B71D6677F
[AUTOPOS] AUTOPOS map set: G=B3087BC3D87CCCD316AEDC6B71D6677F
SETUP[5] defer: waiting 105 ms before discovery start
SETUP[5] defer: waiting 54 ms before discovery start
SETUP[5] defer: waiting 4 ms before discovery start
SETUP[5] begin: link=anchor-ctrl uuid=1EABFBEC28B8053FBB0D5C448112AE93 conn=0x20002500
SETUP[5] mtu_exchange rc=0
SETUP[5] phy_update rc=0
SETUP[5] conn_param_update rc=0
[AUTOPOS] DISC start[5]: link=anchor-ctrl uuid=1EABFBEC28B8053FBB0D5C448112AE93 conn=0x20002500
[AUTOPOS] MTU exchange[5] done (498)
[AUTOPOS] Conn param updated[5]: int=6 lat=0 to=400
[AUTOPOS] PHY updated[5]: tx=0x2 rx=0x2
>>> autopos map H 1EABFBEC28B8053FBB0D5C448112AE93
[AUTOPOS] AUTOPOS map set: H=1EABFBEC28B8053FBB0D5C448112AE93
VERIFY: anchor ctrl ready gate 5/8
[AUTOPOS] DISC complete[5]: link=anchor-ctrl discovered_service=2800 uuid=1EABFBEC28B8053FBB0D5C448112AE93
[AUTOPOS] DISC anchor service found[5]: uuid=1EABFBEC28B8053FBB0D5C448112AE93
[AUTOPOS] Anchor ctrl state subscribe[5] rc=0
[AUTOPOS] Anchor ctrl result subscribe[5] rc=0
[AUTOPOS] ANCHOR_CTRL[5] link ready handle=0x0019 result=0x001b uuid=1EABFBEC28B8053FBB0D5C448112AE93
[AUTOPOS] SCAN start req: bt_ready=1 scan_running=0 connecting_slot=-1 conn_count=7 target=anchor prefix=ANCHOR-
[AUTOPOS] Scanning for ANCHOR-*
[AUTOPOS] Conn param updated[4]: int=6 lat=0 to=400
[AUTOPOS] SCAN hit: E9:CB:F3:C4:51:43 (random) rssi=-69 name=- bs=- uuid=840C68591E90019821AACFF1B73AAA34 target=anchor uuid_ok=1 tag_name=0 anchor_name=0 nus=0 dfu=0 token=0 props=0x03
[AUTOPOS] CONNECT queue[7]: addr=E9:CB:F3:C4:51:43 (random) link=anchor-ctrl uuid=840C68591E90019821AACFF1B73AAA34 target=anchor
VERIFY: anchor ctrl ready gate 6/8
[AUTOPOS] CONNECT pending[7]: addr_valid=1 link=anchor-ctrl uuid=840C68591E90019821AACFF1B73AAA34 scan_running=1 conn_count=7
[AUTOPOS] CONNECT pending[7]: bt_le_scan_stop rc=0 scan_running=1
[AUTOPOS] CONNECT pending[7] rc=0 conn=0x200025d0
[AUTOPOS] Connected[7]: E9:CB:F3:C4:51:43 (random) name=- bs=-
[AUTOPOS] CONNECT state[7]: link=anchor-ctrl uuid=840C68591E90019821AACFF1B73AAA34 ready=0 conn=0x200025d0
SETUP[7] defer: waiting 883 ms before discovery start
[AUTOPOS] Disconnected[7]: E9:CB:F3:C4:51:43 (random) reason=0x3e link=anchor-ctrl ready=0
[AUTOPOS] SCAN start req: bt_ready=1 scan_running=0 connecting_slot=-1 conn_count=7 target=anchor prefix=ANCHOR-
[AUTOPOS] Scanning for ANCHOR-*
[AUTOPOS] SCAN hit: E9:CB:F3:C4:51:43 (random) rssi=-71 name=- bs=- uuid=840C68591E90019821AACFF1B73AAA34 target=anchor uuid_ok=1 tag_name=0 anchor_name=0 nus=0 dfu=0 token=0 props=0x03
[AUTOPOS] CONNECT queue[7]: addr=E9:CB:F3:C4:51:43 (random) link=anchor-ctrl uuid=840C68591E90019821AACFF1B73AAA34 target=anchor
[AUTOPOS] SCAN hit: C0:1D:D1:D0:CE:B0 (random) rssi=-60 name=- bs=- uuid=B9179575C776C98F1CB132DD6EDC6223 target=anchor uuid_ok=1 tag_name=0 anchor_name=0 nus=0 dfu=0 token=0 props=0x03
[AUTOPOS] CONNECT queue[8]: addr=C0:1D:D1:D0:CE:B0 (random) link=anchor-ctrl uuid=B9179575C776C98F1CB132DD6EDC6223 target=anchor
[AUTOPOS] CONNECT pending[7]: addr_valid=1 link=anchor-ctrl uuid=840C68591E90019821AACFF1B73AAA34 scan_running=1 conn_count=7
[AUTOPOS] CONNECT pending[7]: bt_le_scan_stop rc=0 scan_running=1
[AUTOPOS] CONNECT pending[7] rc=0 conn=0x200025d0
[AUTOPOS] Connected[7]: E9:CB:F3:C4:51:43 (random) name=- bs=-
[AUTOPOS] CONNECT state[7]: link=anchor-ctrl uuid=840C68591E90019821AACFF1B73AAA34 ready=0 conn=0x200025d0
[AUTOPOS] Disconnected[7]: E9:CB:F3:C4:51:43 (random) reason=0x3e link=anchor-ctrl ready=0
[AUTOPOS] SCAN start req: bt_ready=1 scan_running=0 connecting_slot=-1 conn_count=7 target=anchor prefix=ANCHOR-
[AUTOPOS] Scanning for ANCHOR-*
[AUTOPOS] CONNECT pending[8]: addr_valid=1 link=anchor-ctrl uuid=B9179575C776C98F1CB132DD6EDC6223 scan_running=1 conn_count=7
[AUTOPOS] CONNECT pending[8]: addr_valid=1 link=anchor-ctrl uuid=B9179575C776C98F1CB132DD6EDC6223 scan_running=1 conn_count=7
[AUTOPOS] CONNECT pending[8]: bt_le_scan_stop rc=0 scan_running=1
[AUTOPOS] CONNECT pending[8] rc=0 conn=0x200026a0
[AUTOPOS] CONNECT pending[8]: bt_le_scan_stop rc=0 scan_running=0
[AUTOPOS] CONNECT pending[8] rc=-120 conn=0x200026a0
[AUTOPOS] Create conn failed[8]: -120
[AUTOPOS] SCAN start req: bt_ready=1 scan_running=0 connecting_slot=-1 conn_count=7 target=anchor prefix=ANCHOR-
[AUTOPOS] Failed to start scan: -1
[AUTOPOS] Connected to C0:1D:D1:D0:CE:B0 (random) but no slot was reserved
[AUTOPOS] Disconnected[-1]: C0:1D:D1:D0:CE:B0 (random) reason=0x16 link=none ready=0
[AUTOPOS] Disconnected untracked peer: conn_count unchanged=7
[AUTOPOS] SCAN start req: bt_ready=1 scan_running=0 connecting_slot=-1 conn_count=7 target=anchor prefix=ANCHOR-
[AUTOPOS] Scanning for ANCHOR-*
[AUTOPOS] SCAN hit: E9:CB:F3:C4:51:43 (random) rssi=-69 name=- bs=- uuid=840C68591E90019821AACFF1B73AAA34 target=anchor uuid_ok=1 tag_name=0 anchor_name=0 nus=0 dfu=0 token=0 props=0x03
[AUTOPOS] CONNECT queue[7]: addr=E9:CB:F3:C4:51:43 (random) link=anchor-ctrl uuid=840C68591E90019821AACFF1B73AAA34 target=anchor
[AUTOPOS] SCAN hit: C0:1D:D1:D0:CE:B0 (random) rssi=-61 name=- bs=- uuid=B9179575C776C98F1CB132DD6EDC6223 target=anchor uuid_ok=1 tag_name=0 anchor_name=0 nus=0 dfu=0 token=0 props=0x03
[AUTOPOS] CONNECT queue[8]: addr=C0:1D:D1:D0:CE:B0 (random) link=anchor-ctrl uuid=B9179575C776C98F1CB132DD6EDC6223 target=anchor
[AUTOPOS] CONNECT pending[7]: addr_valid=1 link=anchor-ctrl uuid=840C68591E90019821AACFF1B73AAA34 scan_running=1 conn_count=7
[AUTOPOS] CONNECT pending[7]: bt_le_scan_stop rc=0 scan_running=1
[AUTOPOS] CONNECT pending[7] rc=0 conn=0x200025d0
[AUTOPOS] Conn param updated[5]: int=6 lat=0 to=400
[AUTOPOS] Connected[7]: E9:CB:F3:C4:51:43 (random) name=- bs=-
[AUTOPOS] CONNECT state[7]: link=anchor-ctrl uuid=840C68591E90019821AACFF1B73AAA34 ready=0 conn=0x200025d0
SETUP[7] defer: waiting 852 ms before discovery start
SETUP[7] defer: waiting 802 ms before discovery start
SETUP[7] defer: waiting 751 ms before discovery start
SETUP[7] defer: waiting 701 ms before discovery start
SETUP[7] defer: waiting 651 ms before discovery start
SETUP[7] defer: waiting 600 ms before discovery start
SETUP[7] defer: waiting 550 ms before discovery start
SETUP[7] defer: waiting 500 ms before discovery start
SETUP[7] defer: waiting 449 ms before discovery start
SETUP[7] defer: waiting 399 ms before discovery start
SETUP[7] defer: waiting 349 ms before discovery start
SETUP[7] defer: waiting 298 ms before discovery start
SETUP[7] defer: waiting 248 ms before discovery start
SETUP[7] defer: waiting 198 ms before discovery start
SETUP[7] defer: waiting 147 ms before discovery start
SETUP[7] defer: waiting 97 ms before discovery start
SETUP[7] defer: waiting 47 ms before discovery start
SETUP[7] begin: link=anchor-ctrl uuid=840C68591E90019821AACFF1B73AAA34 conn=0x200025d0
SETUP[7] mtu_exchange rc=0
SETUP[7] phy_update rc=0
SETUP[7] conn_param_update rc=0
[AUTOPOS] DISC start[7]: link=anchor-ctrl uuid=840C68591E90019821AACFF1B73AAA34 conn=0x200025d0
[AUTOPOS] MTU exchange[7] done (498)
[AUTOPOS] Conn param updated[7]: int=6 lat=0 to=400
[AUTOPOS] PHY updated[7]: tx=0x2 rx=0x2
[AUTOPOS] DISC complete[7]: link=anchor-ctrl discovered_service=2800 uuid=840C68591E90019821AACFF1B73AAA34
[AUTOPOS] DISC anchor service found[7]: uuid=840C68591E90019821AACFF1B73AAA34
[AUTOPOS] Anchor ctrl state subscribe[7] rc=0
[AUTOPOS] Anchor ctrl result subscribe[7] rc=0
[AUTOPOS] ANCHOR_CTRL[7] link ready handle=0x0019 result=0x001b uuid=840C68591E90019821AACFF1B73AAA34
[AUTOPOS] CONNECT pending[8]: addr_valid=1 link=anchor-ctrl uuid=B9179575C776C98F1CB132DD6EDC6223 scan_running=0 conn_count=8
[AUTOPOS] CONNECT pending[8] rc=0 conn=0x200026a0
[AUTOPOS] Connected[8]: C0:1D:D1:D0:CE:B0 (random) name=- bs=-
[AUTOPOS] CONNECT state[8]: link=anchor-ctrl uuid=B9179575C776C98F1CB132DD6EDC6223 ready=0 conn=0x200026a0
SETUP[8] defer: waiting 885 ms before discovery start
[AUTOPOS] Disconnected[8]: C0:1D:D1:D0:CE:B0 (random) reason=0x3e link=anchor-ctrl ready=0
[AUTOPOS] SCAN start req: bt_ready=1 scan_running=0 connecting_slot=-1 conn_count=8 target=anchor prefix=ANCHOR-
[AUTOPOS] Scanning for ANCHOR-*
VERIFY: anchor ctrl ready gate 7/8
[AUTOPOS] SCAN hit: C0:1D:D1:D0:CE:B0 (random) rssi=-62 name=- bs=- uuid=B9179575C776C98F1CB132DD6EDC6223 target=anchor uuid_ok=1 tag_name=0 anchor_name=0 nus=0 dfu=0 token=0 props=0x03
[AUTOPOS] CONNECT queue[8]: addr=C0:1D:D1:D0:CE:B0 (random) link=anchor-ctrl uuid=B9179575C776C98F1CB132DD6EDC6223 target=anchor
[AUTOPOS] CONNECT pending[8]: addr_valid=1 link=anchor-ctrl uuid=B9179575C776C98F1CB132DD6EDC6223 scan_running=1 conn_count=8
[AUTOPOS] CONNECT pending[8]: bt_le_scan_stop rc=0 scan_running=1
[AUTOPOS] CONNECT pending[8] rc=0 conn=0x200026a0
[AUTOPOS] Connected[8]: C0:1D:D1:D0:CE:B0 (random) name=- bs=-
[AUTOPOS] CONNECT state[8]: link=anchor-ctrl uuid=B9179575C776C98F1CB132DD6EDC6223 ready=0 conn=0x200026a0
SETUP[8] defer: waiting 883 ms before discovery start
[AUTOPOS] Disconnected[8]: C0:1D:D1:D0:CE:B0 (random) reason=0x3e link=anchor-ctrl ready=0
[AUTOPOS] SCAN start req: bt_ready=1 scan_running=0 connecting_slot=-1 conn_count=8 target=anchor prefix=ANCHOR-
[AUTOPOS] Scanning for ANCHOR-*
[AUTOPOS] SCAN hit: C0:1D:D1:D0:CE:B0 (random) rssi=-60 name=- bs=- uuid=B9179575C776C98F1CB132DD6EDC6223 target=anchor uuid_ok=1 tag_name=0 anchor_name=0 nus=0 dfu=0 token=0 props=0x03
[AUTOPOS] CONNECT queue[8]: addr=C0:1D:D1:D0:CE:B0 (random) link=anchor-ctrl uuid=B9179575C776C98F1CB132DD6EDC6223 target=anchor
[AUTOPOS] Conn param updated[7]: int=6 lat=0 to=400
[AUTOPOS] CONNECT pending[8]: addr_valid=1 link=anchor-ctrl uuid=B9179575C776C98F1CB132DD6EDC6223 scan_running=1 conn_count=8
[AUTOPOS] CONNECT pending[8]: bt_le_scan_stop rc=0 scan_running=1
[AUTOPOS] CONNECT pending[8] rc=0 conn=0x200026a0
[AUTOPOS] Connected[8]: C0:1D:D1:D0:CE:B0 (random) name=- bs=-
[AUTOPOS] CONNECT state[8]: link=anchor-ctrl uuid=B9179575C776C98F1CB132DD6EDC6223 ready=0 conn=0x200026a0
SETUP[8] defer: waiting 851 ms before discovery start
SETUP[8] defer: waiting 801 ms before discovery start
SETUP[8] defer: waiting 750 ms before discovery start
SETUP[8] defer: waiting 700 ms before discovery start
SETUP[8] defer: waiting 650 ms before discovery start
SETUP[8] defer: waiting 599 ms before discovery start
SETUP[8] defer: waiting 549 ms before discovery start
SETUP[8] defer: waiting 499 ms before discovery start
SETUP[8] defer: waiting 448 ms before discovery start
SETUP[8] defer: waiting 398 ms before discovery start
SETUP[8] defer: waiting 348 ms before discovery start
SETUP[8] defer: waiting 297 ms before discovery start
SETUP[8] defer: waiting 247 ms before discovery start
SETUP[8] defer: waiting 197 ms before discovery start
SETUP[8] defer: waiting 146 ms before discovery start
SETUP[8] defer: waiting 96 ms before discovery start
SETUP[8] defer: waiting 46 ms before discovery start
SETUP[8] begin: link=anchor-ctrl uuid=B9179575C776C98F1CB132DD6EDC6223 conn=0x200026a0
SETUP[8] mtu_exchange rc=0
SETUP[8] phy_update rc=0
SETUP[8] conn_param_update rc=0
[AUTOPOS] DISC start[8]: link=anchor-ctrl uuid=B9179575C776C98F1CB132DD6EDC6223 conn=0x200026a0
[AUTOPOS] MTU exchange[8] done (498)
[AUTOPOS] Conn param updated[8]: int=6 lat=0 to=400
[AUTOPOS] PHY updated[8]: tx=0x2 rx=0x2
[AUTOPOS] DISC complete[8]: link=anchor-ctrl discovered_service=2800 uuid=B9179575C776C98F1CB132DD6EDC6223
[AUTOPOS] DISC anchor service found[8]: uuid=B9179575C776C98F1CB132DD6EDC6223
[AUTOPOS] Anchor ctrl state subscribe[8] rc=0
[AUTOPOS] Anchor ctrl result subscribe[8] rc=0
[AUTOPOS] ANCHOR_CTRL[8] link ready handle=0x0019 result=0x001b uuid=B9179575C776C98F1CB132DD6EDC6223
[AUTOPOS] SCAN start req: bt_ready=1 scan_running=0 connecting_slot=-1 conn_count=9 target=anchor prefix=ANCHOR-
[AUTOPOS] Scanning for ANCHOR-*
VERIFY: anchor ctrl ready gate 8/8
VERIFY: anchor ctrl ready gate reached; settling for 2.0s
[AUTOPOS] Conn param updated[8]: int=6 lat=0 to=400
VERIFY: responder runtime attempt=1/3
>>> anchor role all responder
[AUTOPOS] anchor role started target=all role=responder
[AUTOPOS] Master discovery mode: CONN & START
[AUTOPOS] Anchor ctrl sent[0]: RUNTIME RESPONDER uuid=CEE5A7EFCB35F8A56B430047629F5309
[AUTOPOS] Anchor ctrl sent[1]: RUNTIME RESPONDER uuid=B3087BC3D87CCCD316AEDC6B71D6677F
[AUTOPOS] Anchor ctrl sent[2]: RUNTIME RESPONDER uuid=AB14CCA262A092E70EB26B0ACB0A394B
[AUTOPOS] Anchor ctrl sent[3]: RUNTIME RESPONDER uuid=4DC6B8187E33803AE8601FB0D7992B96
[AUTOPOS] Anchor ctrl sent[4]: RUNTIME RESPONDER uuid=A892AF05DD59CF0D0D3408AD74F364A1
[AUTOPOS] Anchor ctrl sent[5]: RUNTIME RESPONDER uuid=1EABFBEC28B8053FBB0D5C448112AE93
[AUTOPOS] Anchor ctrl sent[6]: RUNTIME RESPONDER uuid=AB14CCA262A092E70EB26B0ACB0A394B
[AUTOPOS] Anchor ctrl sent[7]: RUNTIME RESPONDER uuid=840C68591E90019821AACFF1B73AAA34
[AUTOPOS] Anchor ctrl sent[8]: RUNTIME RESPONDER uuid=B9179575C776C98F1CB132DD6EDC6223
[AUTOPOS] anchor role all responder runtime sent=9 ready=9/8
[AUTOPOS] ANCHOR_CTRL[1] notify: OK RUNTIME_SWITCH_REQUESTED
[AUTOPOS] ANCHOR_CTRL[3] notify: OK RUNTIME_SWITCH_REQUESTED
[AUTOPOS] ANCHOR_CTRL[4] notify: OK RUNTIME_SWITCH_REQUESTED
[AUTOPOS] ANCHOR_CTRL[2] notify: OK RUNTIME_SWITCH_REQUESTED
[AUTOPOS] ANCHOR_CTRL[6] notify: OK RUNTIME_SWITCH_REQUESTED
[AUTOPOS] ANCHOR_CTRL[5] notify: OK RUNTIME_SWITCH_REQUESTED
[AUTOPOS] ANCHOR_CTRL[8] notify: OK RUNTIME_SWITCH_REQUESTED
[AUTOPOS] ANCHOR_CTRL[0] notify: OK RUNTIME_SWITCH_REQUESTED
[AUTOPOS] ANCHOR_CTRL[7] notify: OK RUNTIME_SWITCH_REQUESTED
[AUTOPOS] Anchor ctrl sent[0]: RUNTIME RESPONDER uuid=CEE5A7EFCB35F8A56B430047629F5309
[AUTOPOS] Anchor ctrl sent[1]: RUNTIME RESPONDER uuid=B3087BC3D87CCCD316AEDC6B71D6677F
[AUTOPOS] Anchor ctrl sent[2]: RUNTIME RESPONDER uuid=AB14CCA262A092E70EB26B0ACB0A394B
[AUTOPOS] Anchor ctrl sent[3]: RUNTIME RESPONDER uuid=4DC6B8187E33803AE8601FB0D7992B96
[AUTOPOS] Anchor ctrl sent[4]: RUNTIME RESPONDER uuid=A892AF05DD59CF0D0D3408AD74F364A1
[AUTOPOS] Anchor ctrl sent[5]: RUNTIME RESPONDER uuid=1EABFBEC28B8053FBB0D5C448112AE93
[AUTOPOS] Anchor ctrl sent[6]: RUNTIME RESPONDER uuid=AB14CCA262A092E70EB26B0ACB0A394B
[AUTOPOS] Anchor ctrl sent[7]: RUNTIME RESPONDER uuid=840C68591E90019821AACFF1B73AAA34
[AUTOPOS] Anchor ctrl sent[8]: RUNTIME RESPONDER uuid=B9179575C776C98F1CB132DD6EDC6223
[AUTOPOS] anchor role all responder runtime repeat sent=9 ready=9/8
[AUTOPOS] ANCHOR_CTRL[1] notify: OK RUNTIME_RESTART_REQUESTED
[AUTOPOS] ANCHOR_CTRL[4] notify: OK RUNTIME_RESTART_REQUESTED
[AUTOPOS] ANCHOR_CTRL[2] notify: OK RUNTIME_SWITCH_REQUESTED
[AUTOPOS] ANCHOR_CTRL[6] notify: OK RUNTIME_RESTART_REQUESTED
[AUTOPOS] ANCHOR_CTRL[3] notify: OK RUNTIME_RESTART_REQUESTED
[AUTOPOS] ANCHOR_CTRL[0] notify: OK RUNTIME_RESTART_REQUESTED
[AUTOPOS] ANCHOR_CTRL[8] notify: OK RUNTIME_RESTART_REQUESTED
[AUTOPOS] ANCHOR_CTRL[5] notify: OK RUNTIME_RESTART_REQUESTED
[AUTOPOS] ANCHOR_CTRL[7] notify: OK RUNTIME_RESTART_REQUESTED
[AUTOPOS] Anchor ctrl sent[0]: RUNTIME RESPONDER uuid=CEE5A7EFCB35F8A56B430047629F5309
[AUTOPOS] Anchor ctrl sent[1]: RUNTIME RESPONDER uuid=B3087BC3D87CCCD316AEDC6B71D6677F
[AUTOPOS] Anchor ctrl sent[2]: RUNTIME RESPONDER uuid=AB14CCA262A092E70EB26B0ACB0A394B
[AUTOPOS] Anchor ctrl sent[3]: RUNTIME RESPONDER uuid=4DC6B8187E33803AE8601FB0D7992B96
[AUTOPOS] Anchor ctrl sent[4]: RUNTIME RESPONDER uuid=A892AF05DD59CF0D0D3408AD74F364A1
[AUTOPOS] Anchor ctrl sent[5]: RUNTIME RESPONDER uuid=1EABFBEC28B8053FBB0D5C448112AE93
[AUTOPOS] Anchor ctrl sent[6]: RUNTIME RESPONDER uuid=AB14CCA262A092E70EB26B0ACB0A394B
[AUTOPOS] Anchor ctrl sent[7]: RUNTIME RESPONDER uuid=840C68591E90019821AACFF1B73AAA34
[AUTOPOS] Anchor ctrl sent[8]: RUNTIME RESPONDER uuid=B9179575C776C98F1CB132DD6EDC6223
[AUTOPOS] anchor role all responder runtime final sent=9 ready=9/8 total_sent=27
[AUTOPOS] anchor role rc=0 target=all role=responder
[AUTOPOS] ANCHOR_CTRL[1] notify: OK RUNTIME_RESTART_REQUESTED
[AUTOPOS] ANCHOR_CTRL[3] notify: OK RUNTIME_RESTART_REQUESTED
[AUTOPOS] ANCHOR_CTRL[4] notify: OK RUNTIME_RESTART_REQUESTED
[AUTOPOS] ANCHOR_CTRL[0] notify: OK RUNTIME_RESTART_REQUESTED
[AUTOPOS] ANCHOR_CTRL[6] notify: OK RUNTIME_RESTART_REQUESTED
[AUTOPOS] ANCHOR_CTRL[5] notify: OK RUNTIME_RESTART_REQUESTED
[AUTOPOS] ANCHOR_CTRL[7] notify: OK RUNTIME_RESTART_REQUESTED
[AUTOPOS] ANCHOR_CTRL[8] notify: OK RUNTIME_RESTART_REQUESTED
[AUTOPOS] Disconnected[2]: F1:B3:DF:83:B1:C9 (random) reason=0x08 link=anchor-ctrl ready=1
