[CAPTURE] session_dir=/home/zekaixiao/Desktop/28052026_Erlangen_Official/captures/erlangen_20260528_optitrack/static_ID04_BSF66F_120s_20260528_111732/tag_capture_20260528_111732
[CAPTURE] raw_log=/home/zekaixiao/Desktop/28052026_Erlangen_Official/captures/erlangen_20260528_optitrack/static_ID04_BSF66F_120s_20260528_111732/tag_capture_20260528_111732/raw.log
[CAPTURE] plan: targets=BSF66F tr=10Hz duration=120s
[CAPTURE] open serial: /dev/serial/by-id/usb-Master_Tag_BioSpur_BLE_Control_6918E0384172A49F-if00
[CAPTURE] drain boot/runtime output
[HOST_CMD] status
[HOST_CMD] device show
[CAPTURE] configure: reuse Master_Tag resident links
[HOST_CMD] device kind tag
[HOST_CMD] device show
[HOST_CMD] ota_target token -1
[HOST_CMD] ota_target name BSF66F
[HOST_CMD] ota_target prefix -
[HOST_CMD] ota_target uuid -
[CAPTURE] configure: targeted AOTA non-target tags=BS2DCE,BSDC91,BS9336,BS955A,BSCCF4
[HOST_CMD] ota_target token -1
[HOST_CMD] ota_target name BS2DCE
[HOST_CMD] ota_target prefix -
[HOST_CMD] ota_target uuid -
[HOST_CMD] cmd_all MODE AOTA
[HOST_CMD] ota_target token -1
[HOST_CMD] ota_target name BSDC91
[HOST_CMD] ota_target prefix -
[HOST_CMD] ota_target uuid -
[HOST_CMD] cmd_all MODE AOTA
[HOST_CMD] ota_target token -1
[HOST_CMD] ota_target name BS9336
[HOST_CMD] ota_target prefix -
[HOST_CMD] ota_target uuid -
[HOST_CMD] cmd_all MODE AOTA
[HOST_CMD] ota_target token -1
[HOST_CMD] ota_target name BS955A
[HOST_CMD] ota_target prefix -
[HOST_CMD] ota_target uuid -
[HOST_CMD] cmd_all MODE AOTA
[HOST_CMD] ota_target token -1
[HOST_CMD] ota_target name BSCCF4
[HOST_CMD] ota_target prefix -
[HOST_CMD] ota_target uuid -
[HOST_CMD] cmd_all MODE AOTA
[HOST_CMD] ota_target token -1
[HOST_CMD] ota_target name BSF66F
[HOST_CMD] ota_target prefix -
[HOST_CMD] ota_target uuid -
[CAPTURE] configure: silence resident Tag links for enrollment after non-target AOTA (BS2DCE,BSDC91,BS9336,BS955A,BSCCF4)
[HOST_CMD] tdma hold 1
[CAPTURE] configure: skip setup MODE AOTA; TDMA roster/hold controls admission
[CAPTURE] configure: reassert TDMA target roster
[HOST_CMD] tdma clear
[HOST_CMD] tdma freq motion 10
[HOST_CMD] tdma roster BSF66F motion
[HOST_CMD] ota_target token -1
[HOST_CMD] ota_target name BSF66F
[HOST_CMD] ota_target prefix -
[HOST_CMD] ota_target uuid -
[HOST_CMD] conn
[CAPTURE] configure: wait for target links
[CAPTURE] link setup passive initial: wait up to 30s
[CAPTURE] link setup passive: ready=BSF66F (1/1)
[CAPTURE] link setup passive: all 1/1 ready; settle 8.0s before TDMA release
[CAPTURE] link setup passive: ready=BSF66F (1/1)
[CAPTURE] configure: release TDMA hold and verify TDMA CFG
[HOST_CMD] tdma hold 0
[CAPTURE] configure: TDMA CFG apply/check attempt 1/3
[HOST_CMD] tdma freq motion 10
[HOST_CMD] tdma roster BSF66F motion
[HOST_CMD] tdma rebalance
[HOST_CMD] tdma show
[HOST_CMD] status
[HOST_CMD] device show
[CAPTURE] configure: TDMA CFG verified match=true
[CAPTURE] configure: TDMA ready
[CAPTURE] TDMA verified; start TR capture
[CAPTURE] [....................]   0.0% elapsed=0s eta=120s rows=8 row_rate=9814.1/s sw=1 ge7=100% ge8=100% BSF66F:rows=8,cfg=10Hz
[CAPTURE] [....................]   0.9% elapsed=1s eta=119s rows=88 row_rate=80.5/s sw=11 ge7=100% ge8=100% BSF66F:rows=88,cfg=10Hz
[CAPTURE] [....................]   1.7% elapsed=2s eta=118s rows=168 row_rate=80.2/s sw=21 ge7=100% ge8=100% BSF66F:rows=168,cfg=10Hz
[CAPTURE] [#...................]   2.7% elapsed=3s eta=117s rows=256 row_rate=79.4/s sw=32 ge7=100% ge8=100% BSF66F:rows=256,cfg=10Hz
[CAPTURE] [#...................]   3.6% elapsed=4s eta=116s rows=344 row_rate=79.6/s sw=43 ge7=100% ge8=100% BSF66F:rows=344,cfg=10Hz
[CAPTURE] [#...................]   4.4% elapsed=5s eta=115s rows=424 row_rate=79.6/s sw=53 ge7=100% ge8=100% BSF66F:rows=424,cfg=10Hz
[CAPTURE] [#...................]   5.3% elapsed=6s eta=114s rows=512 row_rate=79.9/s sw=64 ge7=100% ge8=100% BSF66F:rows=512,cfg=10Hz
[CAPTURE] [#...................]   6.2% elapsed=7s eta=113s rows=592 row_rate=79.9/s sw=74 ge7=100% ge8=100% BSF66F:rows=592,cfg=10Hz
[CAPTURE] [#...................]   7.0% elapsed=8s eta=112s rows=672 row_rate=79.9/s sw=84 ge7=100% ge8=100% BSF66F:rows=672,cfg=10Hz
[CAPTURE] [##..................]   7.9% elapsed=9s eta=111s rows=760 row_rate=80.1/s sw=95 ge7=100% ge8=100% BSF66F:rows=760,cfg=10Hz
[CAPTURE] [##..................]   8.8% elapsed=11s eta=109s rows=848 row_rate=80.1/s sw=106 ge7=100% ge8=100% BSF66F:rows=848,cfg=10Hz
[CAPTURE] [##..................]   9.7% elapsed=12s eta=108s rows=928 row_rate=80.0/s sw=116 ge7=100% ge8=100% BSF66F:rows=928,cfg=10Hz
[CAPTURE] [##..................]  10.5% elapsed=13s eta=107s rows=1008 row_rate=80.0/s sw=126 ge7=100% ge8=100% BSF66F:rows=1008,cfg=10Hz
[CAPTURE] [##..................]  11.4% elapsed=14s eta=106s rows=1096 row_rate=80.0/s sw=137 ge7=100% ge8=100% BSF66F:rows=1096,cfg=10Hz
[CAPTURE] [##..................]  12.3% elapsed=15s eta=105s rows=1184 row_rate=80.0/s sw=148 ge7=100% ge8=100% BSF66F:rows=1184,cfg=10Hz
[CAPTURE] [###.................]  13.2% elapsed=16s eta=104s rows=1264 row_rate=79.9/s sw=158 ge7=100% ge8=100% BSF66F:rows=1264,cfg=10Hz
[CAPTURE] [###.................]  14.1% elapsed=17s eta=103s rows=1352 row_rate=80.0/s sw=169 ge7=100% ge8=99% BSF66F:rows=1352,cfg=10Hz
[CAPTURE] [###.................]  15.0% elapsed=18s eta=102s rows=1440 row_rate=80.0/s sw=180 ge7=100% ge8=99% BSF66F:rows=1440,cfg=10Hz
[CAPTURE] [###.................]  15.9% elapsed=19s eta=101s rows=1528 row_rate=80.0/s sw=191 ge7=100% ge8=99% BSF66F:rows=1528,cfg=10Hz
[CAPTURE] [###.................]  16.8% elapsed=20s eta=100s rows=1616 row_rate=80.0/s sw=202 ge7=100% ge8=100% BSF66F:rows=1616,cfg=10Hz
[CAPTURE] [####................]  17.7% elapsed=21s eta=99s rows=1696 row_rate=79.9/s sw=212 ge7=100% ge8=100% BSF66F:rows=1696,cfg=10Hz
[CAPTURE] [####................]  18.6% elapsed=22s eta=98s rows=1784 row_rate=79.9/s sw=223 ge7=100% ge8=100% BSF66F:rows=1784,cfg=10Hz
[CAPTURE] [####................]  19.4% elapsed=23s eta=97s rows=1872 row_rate=80.3/s sw=234 ge7=100% ge8=100% BSF66F:rows=1872,cfg=10Hz
[CAPTURE] [####................]  20.3% elapsed=24s eta=96s rows=1952 row_rate=80.0/s sw=244 ge7=100% ge8=100% BSF66F:rows=1952,cfg=10Hz
[CAPTURE] [####................]  21.2% elapsed=25s eta=95s rows=2040 row_rate=80.0/s sw=255 ge7=100% ge8=100% BSF66F:rows=2040,cfg=10Hz
[CAPTURE] [####................]  22.2% elapsed=27s eta=93s rows=2128 row_rate=79.9/s sw=266 ge7=100% ge8=100% BSF66F:rows=2128,cfg=10Hz
[CAPTURE] [#####...............]  23.1% elapsed=28s eta=92s rows=2216 row_rate=80.0/s sw=277 ge7=100% ge8=100% BSF66F:rows=2216,cfg=10Hz
[CAPTURE] [#####...............]  23.9% elapsed=29s eta=91s rows=2296 row_rate=80.0/s sw=287 ge7=100% ge8=100% BSF66F:rows=2296,cfg=10Hz
[CAPTURE] [#####...............]  24.8% elapsed=30s eta=90s rows=2384 row_rate=80.0/s sw=298 ge7=100% ge8=100% BSF66F:rows=2384,cfg=10Hz
[CAPTURE] [#####...............]  25.7% elapsed=31s eta=89s rows=2464 row_rate=80.0/s sw=308 ge7=100% ge8=100% BSF66F:rows=2464,cfg=10Hz
[CAPTURE] [#####...............]  26.5% elapsed=32s eta=88s rows=2552 row_rate=80.2/s sw=319 ge7=100% ge8=100% BSF66F:rows=2552,cfg=10Hz
[CAPTURE] [#####...............]  27.4% elapsed=33s eta=87s rows=2632 row_rate=80.0/s sw=329 ge7=100% ge8=100% BSF66F:rows=2632,cfg=10Hz
[CAPTURE] [######..............]  28.3% elapsed=34s eta=86s rows=2720 row_rate=80.0/s sw=340 ge7=100% ge8=100% BSF66F:rows=2720,cfg=10Hz
[CAPTURE] [######..............]  29.2% elapsed=35s eta=85s rows=2800 row_rate=80.0/s sw=350 ge7=100% ge8=100% BSF66F:rows=2800,cfg=10Hz
[CAPTURE] [######..............]  30.1% elapsed=36s eta=84s rows=2888 row_rate=80.0/s sw=361 ge7=100% ge8=100% BSF66F:rows=2888,cfg=10Hz
[CAPTURE] [######..............]  30.9% elapsed=37s eta=83s rows=2968 row_rate=80.0/s sw=371 ge7=100% ge8=100% BSF66F:rows=2968,cfg=10Hz
[CAPTURE] [######..............]  31.8% elapsed=38s eta=82s rows=3056 row_rate=80.0/s sw=382 ge7=100% ge8=100% BSF66F:rows=3056,cfg=10Hz
[CAPTURE] [#######.............]  32.7% elapsed=39s eta=81s rows=3136 row_rate=80.0/s sw=392 ge7=100% ge8=100% BSF66F:rows=3136,cfg=10Hz
[CAPTURE] [#######.............]  33.6% elapsed=40s eta=80s rows=3224 row_rate=80.0/s sw=403 ge7=100% ge8=100% BSF66F:rows=3224,cfg=10Hz
[CAPTURE] [#######.............]  34.4% elapsed=41s eta=79s rows=3304 row_rate=79.9/s sw=413 ge7=100% ge8=100% BSF66F:rows=3304,cfg=10Hz
[CAPTURE] [#######.............]  35.3% elapsed=42s eta=78s rows=3392 row_rate=80.0/s sw=424 ge7=100% ge8=100% BSF66F:rows=3392,cfg=10Hz
[CAPTURE] [#######.............]  36.2% elapsed=43s eta=77s rows=3472 row_rate=80.0/s sw=434 ge7=100% ge8=100% BSF66F:rows=3472,cfg=10Hz
[CAPTURE] [#######.............]  37.0% elapsed=44s eta=76s rows=3552 row_rate=80.0/s sw=444 ge7=100% ge8=100% BSF66F:rows=3552,cfg=10Hz
[CAPTURE] [########............]  37.9% elapsed=45s eta=75s rows=3640 row_rate=80.0/s sw=455 ge7=100% ge8=100% BSF66F:rows=3640,cfg=10Hz
[CAPTURE] [########............]  38.8% elapsed=47s eta=73s rows=3728 row_rate=80.0/s sw=466 ge7=100% ge8=100% BSF66F:rows=3728,cfg=10Hz
[CAPTURE] [########............]  39.7% elapsed=48s eta=72s rows=3816 row_rate=80.0/s sw=477 ge7=100% ge8=100% BSF66F:rows=3816,cfg=10Hz
[CAPTURE] [########............]  40.6% elapsed=49s eta=71s rows=3896 row_rate=80.0/s sw=487 ge7=100% ge8=100% BSF66F:rows=3896,cfg=10Hz
[CAPTURE] [########............]  41.5% elapsed=50s eta=70s rows=3984 row_rate=80.0/s sw=498 ge7=100% ge8=100% BSF66F:rows=3984,cfg=10Hz
[CAPTURE] [########............]  42.4% elapsed=51s eta=69s rows=4072 row_rate=80.0/s sw=509 ge7=100% ge8=100% BSF66F:rows=4072,cfg=10Hz
[CAPTURE] [#########...........]  43.3% elapsed=52s eta=68s rows=4160 row_rate=80.0/s sw=520 ge7=100% ge8=100% BSF66F:rows=4160,cfg=10Hz
[CAPTURE] [#########...........]  44.2% elapsed=53s eta=67s rows=4248 row_rate=80.0/s sw=531 ge7=100% ge8=100% BSF66F:rows=4248,cfg=10Hz
[CAPTURE] [#########...........]  45.1% elapsed=54s eta=66s rows=4328 row_rate=80.0/s sw=541 ge7=100% ge8=100% BSF66F:rows=4328,cfg=10Hz
[CAPTURE] [#########...........]  45.9% elapsed=55s eta=65s rows=4408 row_rate=80.0/s sw=551 ge7=100% ge8=99% BSF66F:rows=4408,cfg=10Hz
[CAPTURE] [#########...........]  46.8% elapsed=56s eta=64s rows=4496 row_rate=80.0/s sw=562 ge7=100% ge8=99% BSF66F:rows=4496,cfg=10Hz
[CAPTURE] [##########..........]  47.7% elapsed=57s eta=63s rows=4576 row_rate=80.0/s sw=572 ge7=100% ge8=98% BSF66F:rows=4576,cfg=10Hz
[CAPTURE] [##########..........]  48.6% elapsed=58s eta=62s rows=4664 row_rate=80.0/s sw=583 ge7=100% ge8=98% BSF66F:rows=4664,cfg=10Hz
[CAPTURE] [##########..........]  49.5% elapsed=59s eta=61s rows=4752 row_rate=80.0/s sw=594 ge7=100% ge8=97% BSF66F:rows=4752,cfg=10Hz
[CAPTURE] [##########..........]  50.4% elapsed=60s eta=60s rows=4840 row_rate=80.0/s sw=605 ge7=100% ge8=97% BSF66F:rows=4840,cfg=10Hz
[CAPTURE] [##########..........]  51.3% elapsed=62s eta=58s rows=4928 row_rate=80.0/s sw=616 ge7=100% ge8=96% BSF66F:rows=4928,cfg=10Hz
[CAPTURE] [##########..........]  52.2% elapsed=63s eta=57s rows=5008 row_rate=80.0/s sw=626 ge7=100% ge8=96% BSF66F:rows=5008,cfg=10Hz
[CAPTURE] [###########.........]  53.1% elapsed=64s eta=56s rows=5096 row_rate=80.0/s sw=637 ge7=100% ge8=96% BSF66F:rows=5096,cfg=10Hz
[CAPTURE] [###########.........]  54.0% elapsed=65s eta=55s rows=5184 row_rate=80.0/s sw=648 ge7=100% ge8=96% BSF66F:rows=5184,cfg=10Hz
[CAPTURE] [###########.........]  54.8% elapsed=66s eta=54s rows=5272 row_rate=80.1/s sw=659 ge7=100% ge8=96% BSF66F:rows=5272,cfg=10Hz
[CAPTURE] [###########.........]  55.7% elapsed=67s eta=53s rows=5352 row_rate=80.0/s sw=669 ge7=100% ge8=96% BSF66F:rows=5352,cfg=10Hz
[CAPTURE] [###########.........]  56.6% elapsed=68s eta=52s rows=5432 row_rate=80.0/s sw=679 ge7=100% ge8=96% BSF66F:rows=5432,cfg=10Hz
[CAPTURE] [###########.........]  57.5% elapsed=69s eta=51s rows=5520 row_rate=80.0/s sw=690 ge7=100% ge8=96% BSF66F:rows=5520,cfg=10Hz
[CAPTURE] [############........]  58.3% elapsed=70s eta=50s rows=5600 row_rate=80.0/s sw=700 ge7=100% ge8=96% BSF66F:rows=5600,cfg=10Hz
[CAPTURE] [############........]  59.2% elapsed=71s eta=49s rows=5688 row_rate=80.0/s sw=711 ge7=100% ge8=96% BSF66F:rows=5688,cfg=10Hz
[CAPTURE] [############........]  60.1% elapsed=72s eta=48s rows=5768 row_rate=80.0/s sw=721 ge7=100% ge8=97% BSF66F:rows=5768,cfg=10Hz
[CAPTURE] [############........]  61.0% elapsed=73s eta=47s rows=5856 row_rate=80.0/s sw=732 ge7=100% ge8=97% BSF66F:rows=5856,cfg=10Hz
[CAPTURE] [############........]  61.9% elapsed=74s eta=46s rows=5944 row_rate=80.0/s sw=743 ge7=100% ge8=97% BSF66F:rows=5944,cfg=10Hz
[CAPTURE] [#############.......]  62.8% elapsed=75s eta=45s rows=6032 row_rate=80.0/s sw=754 ge7=100% ge8=97% BSF66F:rows=6032,cfg=10Hz
[CAPTURE] [#############.......]  63.7% elapsed=76s eta=44s rows=6120 row_rate=80.0/s sw=765 ge7=100% ge8=97% BSF66F:rows=6120,cfg=10Hz
[CAPTURE] [#############.......]  64.7% elapsed=78s eta=42s rows=6208 row_rate=80.0/s sw=776 ge7=100% ge8=97% BSF66F:rows=6208,cfg=10Hz
[CAPTURE] [#############.......]  65.6% elapsed=79s eta=41s rows=6296 row_rate=80.0/s sw=787 ge7=100% ge8=97% BSF66F:rows=6296,cfg=10Hz
[CAPTURE] [#############.......]  66.4% elapsed=80s eta=40s rows=6376 row_rate=80.0/s sw=797 ge7=100% ge8=97% BSF66F:rows=6376,cfg=10Hz
[CAPTURE] [#############.......]  67.3% elapsed=81s eta=39s rows=6464 row_rate=80.0/s sw=808 ge7=100% ge8=97% BSF66F:rows=6464,cfg=10Hz
[CAPTURE] [##############......]  68.2% elapsed=82s eta=38s rows=6552 row_rate=80.0/s sw=819 ge7=100% ge8=96% BSF66F:rows=6552,cfg=10Hz
[CAPTURE] [##############......]  69.2% elapsed=83s eta=37s rows=6640 row_rate=80.0/s sw=830 ge7=100% ge8=96% BSF66F:rows=6640,cfg=10Hz
[CAPTURE] [##############......]  70.1% elapsed=84s eta=36s rows=6728 row_rate=80.0/s sw=841 ge7=100% ge8=96% BSF66F:rows=6728,cfg=10Hz
[CAPTURE] [##############......]  70.9% elapsed=85s eta=35s rows=6808 row_rate=80.0/s sw=851 ge7=100% ge8=95% BSF66F:rows=6808,cfg=10Hz
[CAPTURE] [##############......]  71.8% elapsed=86s eta=34s rows=6896 row_rate=80.0/s sw=862 ge7=100% ge8=95% BSF66F:rows=6896,cfg=10Hz
[CAPTURE] [###############.....]  72.7% elapsed=87s eta=33s rows=6976 row_rate=80.0/s sw=872 ge7=100% ge8=95% BSF66F:rows=6976,cfg=10Hz
[CAPTURE] [###############.....]  73.6% elapsed=88s eta=32s rows=7064 row_rate=80.0/s sw=883 ge7=100% ge8=95% BSF66F:rows=7064,cfg=10Hz
[CAPTURE] [###############.....]  74.5% elapsed=89s eta=31s rows=7152 row_rate=80.0/s sw=894 ge7=100% ge8=94% BSF66F:rows=7152,cfg=10Hz
[CAPTURE] [###############.....]  75.3% elapsed=90s eta=30s rows=7232 row_rate=80.0/s sw=904 ge7=100% ge8=94% BSF66F:rows=7232,cfg=10Hz
[CAPTURE] [###############.....]  76.2% elapsed=91s eta=29s rows=7312 row_rate=80.0/s sw=914 ge7=100% ge8=94% BSF66F:rows=7312,cfg=10Hz
[CAPTURE] [###############.....]  77.1% elapsed=92s eta=28s rows=7400 row_rate=80.0/s sw=925 ge7=100% ge8=94% BSF66F:rows=7400,cfg=10Hz
[CAPTURE] [################....]  78.0% elapsed=94s eta=26s rows=7488 row_rate=80.0/s sw=936 ge7=100% ge8=94% BSF66F:rows=7488,cfg=10Hz
[CAPTURE] [################....]  78.8% elapsed=95s eta=25s rows=7568 row_rate=80.0/s sw=946 ge7=100% ge8=94% BSF66F:rows=7568,cfg=10Hz
[CAPTURE] [################....]  79.7% elapsed=96s eta=24s rows=7656 row_rate=80.0/s sw=957 ge7=100% ge8=94% BSF66F:rows=7656,cfg=10Hz
[CAPTURE] [################....]  80.7% elapsed=97s eta=23s rows=7744 row_rate=80.0/s sw=968 ge7=100% ge8=94% BSF66F:rows=7744,cfg=10Hz
[CAPTURE] [################....]  81.6% elapsed=98s eta=22s rows=7832 row_rate=80.0/s sw=979 ge7=100% ge8=94% BSF66F:rows=7832,cfg=10Hz
[CAPTURE] [################....]  82.5% elapsed=99s eta=21s rows=7920 row_rate=80.0/s sw=990 ge7=100% ge8=94% BSF66F:rows=7920,cfg=10Hz
[CAPTURE] [#################...]  83.4% elapsed=100s eta=20s rows=8008 row_rate=80.0/s sw=1001 ge7=100% ge8=94% BSF66F:rows=8008,cfg=10Hz
[CAPTURE] [#################...]  84.3% elapsed=101s eta=19s rows=8096 row_rate=80.0/s sw=1012 ge7=100% ge8=94% BSF66F:rows=8096,cfg=10Hz
[CAPTURE] [#################...]  85.2% elapsed=102s eta=18s rows=8176 row_rate=80.0/s sw=1022 ge7=100% ge8=94% BSF66F:rows=8176,cfg=10Hz
[CAPTURE] [#################...]  86.1% elapsed=103s eta=17s rows=8264 row_rate=80.0/s sw=1033 ge7=100% ge8=94% BSF66F:rows=8264,cfg=10Hz
[CAPTURE] [#################...]  86.9% elapsed=104s eta=16s rows=8344 row_rate=80.0/s sw=1043 ge7=100% ge8=95% BSF66F:rows=8344,cfg=10Hz
[CAPTURE] [##################..]  87.8% elapsed=105s eta=15s rows=8432 row_rate=80.0/s sw=1054 ge7=100% ge8=95% BSF66F:rows=8432,cfg=10Hz
[CAPTURE] [##################..]  88.8% elapsed=107s eta=13s rows=8520 row_rate=80.0/s sw=1065 ge7=100% ge8=94% BSF66F:rows=8520,cfg=10Hz
[CAPTURE] [##################..]  89.6% elapsed=108s eta=12s rows=8608 row_rate=80.0/s sw=1076 ge7=100% ge8=94% BSF66F:rows=8608,cfg=10Hz
[CAPTURE] [##################..]  90.5% elapsed=109s eta=11s rows=8688 row_rate=80.0/s sw=1086 ge7=100% ge8=94% BSF66F:rows=8688,cfg=10Hz
[CAPTURE] [##################..]  91.4% elapsed=110s eta=10s rows=8776 row_rate=80.0/s sw=1097 ge7=100% ge8=94% BSF66F:rows=8776,cfg=10Hz
[CAPTURE] [##################..]  92.3% elapsed=111s eta=9s rows=8864 row_rate=80.0/s sw=1108 ge7=100% ge8=94% BSF66F:rows=8864,cfg=10Hz
[CAPTURE] [###################.]  93.2% elapsed=112s eta=8s rows=8952 row_rate=80.0/s sw=1119 ge7=100% ge8=94% BSF66F:rows=8952,cfg=10Hz
[CAPTURE] [###################.]  94.2% elapsed=113s eta=7s rows=9040 row_rate=80.0/s sw=1130 ge7=100% ge8=94% BSF66F:rows=9040,cfg=10Hz
[CAPTURE] [###################.]  95.1% elapsed=114s eta=6s rows=9128 row_rate=80.0/s sw=1141 ge7=100% ge8=94% BSF66F:rows=9128,cfg=10Hz
[CAPTURE] [###################.]  96.0% elapsed=115s eta=5s rows=9216 row_rate=80.0/s sw=1152 ge7=100% ge8=94% BSF66F:rows=9216,cfg=10Hz
[CAPTURE] [###################.]  96.9% elapsed=116s eta=4s rows=9304 row_rate=80.0/s sw=1163 ge7=100% ge8=94% BSF66F:rows=9304,cfg=10Hz
[CAPTURE] [####################]  97.8% elapsed=117s eta=3s rows=9384 row_rate=80.0/s sw=1173 ge7=100% ge8=94% BSF66F:rows=9384,cfg=10Hz
[CAPTURE] [####################]  98.7% elapsed=118s eta=2s rows=9472 row_rate=80.0/s sw=1184 ge7=100% ge8=94% BSF66F:rows=9472,cfg=10Hz
[CAPTURE] [####################]  99.6% elapsed=119s eta=1s rows=9560 row_rate=80.0/s sw=1195 ge7=100% ge8=94% BSF66F:rows=9560,cfg=10Hz
[CAPTURE] cleanup: stopping all tag ranging with cmd_all MODE AOTA
[HOST_CMD] cmd_all MODE AOTA
[CAPTURE] cleanup: all tags quiet after MODE AOTA
{
  "success": true,
  "interrupted": false,
  "startup_failed": false,
  "startup_fail_targets": [],
  "controller_lost": false,
  "no_tr_timeout": false,
  "controller_recovery_attempts": 0,
  "controller_recovery_successes": 0,
  "tdma_config_failed": false,
  "tdma_config_check": {
    "match": true,
    "per_target": {
      "BSF66F": {
        "bs": "BSF66F",
        "match": true,
        "mismatches": [],
        "warnings": [],
        "expected": {
          "tag_id": 1,
          "slot": 0,
          "count": 10,
          "mask": 1,
          "mask_hex": "0x0001",
          "period_ms": 10,
          "active_ms": 9,
          "active_us": 0,
          "generation": 4,
          "pmode": 0
        },
        "actual": {
          "tag_id": 1,
          "slot": 0,
          "count": 10,
          "mask": 1,
          "mask_hex": "0x0001",
          "period_ms": 10,
          "active_ms": 9,
          "active_us": 0,
          "generation": 4,
          "live": 1
        },
        "actual_cfg_hz": 10.0,
        "scheduler": {
          "profile": "motion",
          "target_hz": 10,
          "mask": 1,
          "mask_hex": "0x0001",
          "slots": 1,
          "count": 10,
          "actual_x100": 1000,
          "actual_hz": 10.0
        },
        "expected_pmode": 0,
        "expected_freq_hz": 10
      }
    }
  },
  "anchor_preflight": {
    "skipped": true,
    "success": true
  },
  "cleanup": {
    "attempted": true,
    "success": true,
    "command": "cmd_all MODE AOTA",
    "error": "",
    "stop_notify_rows": 0,
    "stop_verify_s": 3.0
  },
  "port": "/dev/serial/by-id/usb-Master_Tag_BioSpur_BLE_Control_6918E0384172A49F-if00",
  "duration_s": 120.0,
  "elapsed_s": 170.89586305618286,
  "session_dir": "/home/zekaixiao/Desktop/28052026_Erlangen_Official/captures/erlangen_20260528_optitrack/static_ID04_BSF66F_120s_20260528_111732/tag_capture_20260528_111732",
  "targets": [
    "BSF66F"
  ],
  "expected_pmode": {
    "BSF66F": 0
  },
  "expected_freq_hz": {
    "BSF66F": 10
  },
  "skipped_before_target_pmode": 0,
  "freq_hz": {
    "tr": 10
  },
  "tr_all": 9608,
  "tr_valid_all": 9534,
  "sweep_validity_all": {
    "sweeps_total": 1201,
    "sweeps_with_any_valid": 1201,
    "sweeps_ge4": 1201,
    "sweeps_ge7": 1201,
    "sweeps_ge8": 1127,
    "ratio_ge4": 1.0,
    "ratio_ge7": 1.0,
    "ratio_ge8": 0.938385,
    "valid_count_distribution": {
      "0": 0,
      "1": 0,
      "2": 0,
      "3": 0,
      "4": 0,
      "5": 0,
      "6": 0,
      "7": 74,
      "8": 1127
    }
  },
  "connections": {},
  "per_tag": {
    "BSF66F": {
      "tr_rows": 9608,
      "tr_valid_rows": 9534,
      "sweep_validity": {
        "sweeps_total": 1201,
        "sweeps_with_any_valid": 1201,
        "sweeps_ge4": 1201,
        "sweeps_ge7": 1201,
        "sweeps_ge8": 1127,
        "ratio_ge4": 1.0,
        "ratio_ge7": 1.0,
        "ratio_ge8": 0.938385,
        "valid_count_distribution": {
          "0": 0,
          "1": 0,
          "2": 0,
          "3": 0,
          "4": 0,
          "5": 0,
          "6": 0,
          "7": 74,
          "8": 1127
        }
      },
      "latest_tr": {
        "conn_id": null,
        "host_elapsed_s": 119.981667,
        "host_epoch_s": 1779960019.038598,
        "peer_name": "BSF66F",
        "tag_id": "",
        "sweep": 7712,
        "plan": "f",
        "pmode": 0,
        "anchor_id": 7,
        "raw_mm": 3104,
        "range_mm": 3104,
        "quality_percent": 100,
        "valid": 1,
        "status": "O",
        "quality_flag_percent": 0,
        "first_to_last_us": 0,
        "frame_us": 0,
        "poll_count": 0,
        "tr_version": 2,
        "rx_mask": "",
        "air_us": "",
        "post_us": "",
        "cycle_us": "",
        "rx_seen": "",
        "imu_valid": 0,
        "imu_n": 0,
        "acc_norm_mean_mg": "",
        "acc_norm_std_mg": "",
        "acc_norm_min_mg": "",
        "acc_norm_max_mg": "",
        "imu_skip_count": 0
      },
      "anchors_seen": [
        0,
        1,
        2,
        3,
        4,
        5,
        6,
        7
      ],
      "tr_status_counts": {
        "O": 9534,
        "T": 74
      }
    }
  },
  "raw_log": "/home/zekaixiao/Desktop/28052026_Erlangen_Official/captures/erlangen_20260528_optitrack/static_ID04_BSF66F_120s_20260528_111732/tag_capture_20260528_111732/raw.log",
  "tr_all_csv": "/home/zekaixiao/Desktop/28052026_Erlangen_Official/captures/erlangen_20260528_optitrack/static_ID04_BSF66F_120s_20260528_111732/tag_capture_20260528_111732/tr_all.csv"
}
