
>>> ota_target uuid 840C68591E90019821AACFF1B73AAA34
[AUTOPOS] ota_target uuid rc=0 value=840c68591e90019821aacff1b73aaa34
OTA target filter: token=-1 name=- prefix=- uuid=840C68591E90019821AACFF1B73AAA34
[AUTOPOS] DISC complete[3]: link=anchor-ctrl discovered_service=2800 uuid=840C68591E90019821AACFF1B73AAA34
[AUTOPOS] DISC anchor service found[3]: uuid=840C68591E90019821AACFF1B73AAA34
[AUTOPOS] Anchor ctrl state subscribe[3] rc=0
[AUTOPOS] Anchor ctrl result subscribe[3] rc=0
[AUTOPOS] ANCHOR_CTRL[3] link ready handle=0x0019 result=0x001b uuid=840C68591E90019821AACFF1B73AAA34
[AUTOPOS] SCAN start req: bt_ready=1 scan_running=0 connecting_slot=-1 conn_count=6 target=anchor prefix=ANCHOR-
[AUTOPOS] Scanning for ANCHOR-*
[AUTOPOS] SCAN hit: D9:C7:9C:16:71:C9 (random) rssi=-48 name=- bs=- uuid=A892AF05DD59CF0D0D3408AD74F364A1 target=anchor uuid_ok=0 tag_name=0 anchor_name=0 nus=0 dfu=0 token=0 props=0x03
[AUTOPOS] CONNECT queue[5]: addr=D9:C7:9C:16:71:C9 (random) link=anchor-ctrl uuid=A892AF05DD59CF0D0D3408AD74F364A1 target=anchor
[AUTOPOS] SCAN hit: F9:5B:1A:A3:84:45 (random) rssi=-63 name=- bs=- uuid=B2B5FA625534A8C617135DCAFC9E036A target=anchor uuid_ok=0 tag_name=0 anchor_name=0 nus=0 dfu=0 token=0 props=0x03
[AUTOPOS] CONNECT queue[6]: addr=F9:5B:1A:A3:84:45 (random) link=anchor-ctrl uuid=B2B5FA625534A8C617135DCAFC9E036A target=anchor
[AUTOPOS] CONNECT pending[5]: addr_valid=1 link=anchor-ctrl uuid=A892AF05DD59CF0D0D3408AD74F364A1 scan_running=1 conn_count=6
[AUTOPOS] CONNECT pending[5]: bt_le_scan_stop rc=0 scan_running=1
[AUTOPOS] CONNECT pending[5] rc=0 conn=0x20004d78
[AUTOPOS] Connected[5]: D9:C7:9C:16:71:C9 (random) name=- bs=-
[AUTOPOS] CONNECT state[5]: link=anchor-ctrl uuid=A892AF05DD59CF0D0D3408AD74F364A1 ready=0 conn=0x20004d78
SETUP[5] defer: waiting 876 ms before discovery start
SETUP[5] defer: waiting 826 ms before discovery start
SETUP[5] defer: waiting 775 ms before discovery start
[AUTOPOS] Conn param updated[2]: int=6 lat=0 to=400
SETUP[5] defer: waiting 725 ms before discovery start
SETUP[5] defer: waiting 675 ms before discovery start
SETUP[5] defer: waiting 624 ms before discovery start
SETUP[5] defer: waiting 574 ms before discovery start
SETUP[5] defer: waiting 524 ms before discovery start
SETUP[5] defer: waiting 473 ms before discovery start
SETUP[5] defer: waiting 423 ms before discovery start
SETUP[5] defer: waiting 372 ms before discovery start

>>> conn
[AUTOPOS] Master discovery mode: CONN & START
[AUTOPOS] SCAN start req: bt_ready=1 scan_running=0 connecting_slot=-1 conn_count=7 target=anchor prefix=ANCHOR-
[AUTOPOS] Scanning for ANCHOR-*
SETUP[5] defer: waiting 322 ms before discovery start
SETUP[5] defer: waiting 272 ms before discovery start
SETUP[5] defer: waiting 221 ms before discovery start
SETUP[5] defer: waiting 171 ms before discovery start
SETUP[5] defer: waiting 121 ms before discovery start
SETUP[5] defer: waiting 70 ms before discovery start
SETUP[5] defer: waiting 20 ms before discovery start
SETUP[5] begin: link=anchor-ctrl uuid=A892AF05DD59CF0D0D3408AD74F364A1 conn=0x20004d78
SETUP[5] mtu_exchange rc=0
SETUP[5] phy_update rc=0
SETUP[5] conn_param_update rc=0
[AUTOPOS] DISC start[5]: link=anchor-ctrl uuid=A892AF05DD59CF0D0D3408AD74F364A1 conn=0x20004d78
[AUTOPOS] MTU exchange[5] done (498)
[AUTOPOS] Conn param updated[5]: int=6 lat=0 to=400
[AUTOPOS] PHY updated[5]: tx=0x2 rx=0x2

>>> cmd USON 30
[AUTOPOS] BLE cmd skip[0]: target mismatch kind=anchor target_name=- target_uuid=840c68591e90019821aacff1b73aaa34 peer_name=- peer_bs=- peer_uuid=CEE5A7EFCB35F8A56B430047629F5309 link=anchor-ctrl ready=1
[AUTOPOS] BLE cmd skip[1]: target mismatch kind=anchor target_name=- target_uuid=840c68591e90019821aacff1b73aaa34 peer_name=- peer_bs=- peer_uuid=B9179575C776C98F1CB132DD6EDC6223 link=anchor-ctrl ready=1
[AUTOPOS] BLE cmd skip[2]: target mismatch kind=anchor target_name=- target_uuid=840c68591e90019821aacff1b73aaa34 peer_name=- peer_bs=- peer_uuid=B1E487C2B1FD740D1442206A1857DFA1 link=anchor-ctrl ready=1
[AUTOPOS] Anchor ctrl sent[3]: USON 30 uuid=840C68591E90019821AACFF1B73AAA34
[AUTOPOS] BLE cmd skip[4]: target mismatch kind=anchor target_name=- target_uuid=840c68591e90019821aacff1b73aaa34 peer_name=- peer_bs=- peer_uuid=B3087BC3D87CCCD316AEDC6B71D6677F link=anchor-ctrl ready=1
[AUTOPOS] BLE cmd skip[7]: target mismatch kind=anchor target_name=- target_uuid=840c68591e90019821aacff1b73aaa34 peer_name=- [AUTOPOS] ANCHOR_CTRL[3] notify: OK USON duration_s=30
[AUTOPOS] Conn param updated[3]: int=6 lat=0 to=400
[AUTOPOS] DISC complete[5]: link=anchor-ctrl discovered_service=2800 uuid=A892AF05DD59CF0D0D3408AD74F364A1
[AUTOPOS] DISC anchor service found[5]: uuid=A892AF05DD59CF0D0D3408AD74F364A1
[AUTOPOS] Anchor ctrl state subscribe[5] rc=0
[AUTOPOS] Anchor ctrl result subscribe[5] rc=0
[AUTOPOS] ANCHOR_CTRL[5] link ready handle=0x0019 result=0x001b uuid=A892AF05DD59CF0D0D3408AD74F364A1
[AUTOPOS] CONNECT pending[6]: addr_valid=1 link=anchor-ctrl uuid=B2B5FA625534A8C617135DCAFC9E036A scan_running=1 conn_count=7
[AUTOPOS] CONNECT pending[6]: bt_le_scan_stop rc=0 scan_running=1
[AUTOPOS] CONNECT pending[6] rc=0 conn=0x20004e48
[AUTOPOS] Connected[6]: F9:5B:1A:A3:84:45 (random) name=- bs=-
[AUTOPOS] CONNECT state[6]: link=anchor-ctrl uuid=B2B5FA625534A8C617135DCAFC9E036A ready=0 conn=0x20004e48
SETUP[6] defer: waiting 875 ms before discovery start
[AUTOPOS] Disconnected[6]: F9:5B:1A:A3:84:45 (random) reason=0x3e link=anchor-ctrl ready=0
[AUTOPOS] SCAN start req: bt_ready=1 scan_running=0 connecting_slot=-1 conn_count=7 target=anchor prefix=ANCHOR-
[AUTOPOS] Scanning for ANCHOR-*
