[AUTOPOS] SCAN hit: F9:5B:1A:A3:84:45 (random) rssi=-59 name=- bs=- uuid=B2B5FA625534A8C617135DCAFC9E036A target=anchor uuid_ok=0 tag_name=0 anchor_name=0 nus=0 dfu=0 token=0 props=0x03
[AUTOPOS] CONNECT queue[6]: addr=F9:5B:1A:A3:84:45 (random) link=anchor-ctrl uuid=B2B5FA625534A8C617135DCAFC9E036A target=anchor
[AUTOPOS] CONNECT pending[6]: addr_valid=1 link=anchor-ctrl uuid=B2B5FA625534A8C617135DCAFC9E036A scan_running=1 conn_count=7
[AUTOPOS] CONNECT pending[6]: bt_le_scan_stop rc=0 scan_running=1

>>> ota_target uuid 840C68591E90019821AACFF1B73AAA34
[AUTOPOS] ota_target uuid rc=0 value=840c68591e90019821aacff1b73aaa34
OTA target filter: token=-1 name=- prefix=- uuid=840C68591E90019821AACFF1B73AAA34
[AUTOPOS] CONNECT pending[6] rc=0 conn=0x20004e48
[AUTOPOS] Connected[6]: F9:5B:1A:A3:84:45 (random) name=- bs=-
[AUTOPOS] CONNECT state[6]: link=anchor-ctrl uuid=B2B5FA625534A8C617135DCAFC9E036A ready=0 conn=0x20004e48
SETUP[6] defer: waiting 879 ms before discovery start
SETUP[6] defer: waiting 829 ms before discovery start
SETUP[6] defer: waiting 779 ms before discovery start
SETUP[6] defer: waiting 728 ms before discovery start
SETUP[6] defer: waiting 678 ms before discovery start
SETUP[6] defer: waiting 627 ms before discovery start
SETUP[6] defer: waiting 577 ms before discovery start
SETUP[6] defer: waiting 527 ms before discovery start
SETUP[6] defer: waiting 476 ms before discovery start
SETUP[6] defer: waiting 426 ms before discovery start
SETUP[6] defer: waiting 376 ms before discovery start
SETUP[6] defer: waiting 325 ms before discovery start
SETUP[6] defer: waiting 275 ms before discovery start
SETUP[6] defer: waiting 225 ms before discovery start
SETUP[6] defer: waiting 174 ms before discovery start
SETUP[6] defer: waiting 124 ms before discovery start
SETUP[6] defer: waiting 74 ms before discovery start

>>> conn
[AUTOPOS] Master discovery mode: CONN & START
[AUTOPOS] SCAN start req: bt_ready=1 scan_running=0 connecting_slot=-1 conn_count=8 target=anchor prefix=ANCHOR-
[AUTOPOS] Scanning for ANCHOR-*
SETUP[6] defer: waiting 23 ms before discovery start
[AUTOPOS] Conn param updated[5]: int=6 lat=0 to=400
SETUP[6] begin: link=anchor-ctrl uuid=B2B5FA625534A8C617135DCAFC9E036A conn=0x20004e48
SETUP[6] mtu_exchange rc=0
SETUP[6] phy_update rc=0
SETUP[6] conn_param_update rc=0
[AUTOPOS] DISC start[6]: link=anchor-ctrl uuid=B2B5FA625534A8C617135DCAFC9E036A conn=0x20004e48
[AUTOPOS] MTU exchange[6] done (498)
[AUTOPOS] Conn param updated[6]: int=6 lat=0 to=400
[AUTOPOS] PHY updated[6]: tx=0x2 rx=0x2

>>> cmd US?
[AUTOPOS] BLE cmd skip[0]: target mismatch kind=anchor target_name=- target_uuid=840c68591e90019821aacff1b73aaa34 peer_name=- peer_bs=- peer_uuid=CEE5A7EFCB35F8A56B430047629F5309 link=anchor-ctrl ready=1
[AUTOPOS] BLE cmd skip[1]: target mismatch kind=anchor target_name=- target_uuid=840c68591e90019821aacff1b73aaa34 peer_name=- peer_bs=- peer_uuid=B9179575C776C98F1CB132DD6EDC6223 link=anchor-ctrl ready=1
[AUTOPOS] BLE cmd skip[2]: target mismatch kind=anchor target_name=- target_uuid=840c68591e90019821aacff1b73aaa34 peer_name=- peer_bs=- peer_uuid=B1E487C2B1FD740D1442206A1857DFA1 link=anchor-ctrl ready=1
[AUTOPOS] Anchor ctrl sent[3]: US? uuid=840C68591E90019821AACFF1B73AAA34
[AUTOPOS] BLE cmd skip[4]: target mismatch kind=anchor target_name=- target_uuid=840c68591e90019821aacff1b73aaa34 peer_name=- peer_bs=- peer_uuid=B3087BC3D87CCCD316AEDC6B71D6677F link=anchor-ctrl ready=1
[AUTOPOS] BLE cmd skip[5]: target mismatch kind=anchor target_name=- target_uuid=840c68591e90019821aacff1b73aaa34 peer_name=- peer[AUTOPOS] ANCHOR_CTRL[3] notify: US;RUNNING;attempts=44;target=300;ok=44;timeout=0;latest_mm=790;median_mm=790;mean_mm=790;echo_us=46
[AUTOPOS] DISC complete[6]: link=anchor-ctrl discovered_service=2800 uuid=B2B5FA625534A8C617135DCAFC9E036A
[AUTOPOS] DISC anchor service found[6]: uuid=B2B5FA625534A8C617135DCAFC9E036A
[AUTOPOS] Anchor ctrl state subscribe[6] rc=0
[AUTOPOS] Anchor ctrl result subscribe[6] rc=0
[AUTOPOS] ANCHOR_CTRL[6] link ready handle=0x0019 result=0x001b uuid=B2B5FA625534A8C617135DCAFC9E036A
