PORT=/dev/serial/by-id/usb-BioSpur_BioSpur_BLE_Control_87EA2F4A526C5A02-if00
START=2026-05-22 16:40:26
SESSION: prepare anchors for sweep; required role=matrix
PRECHECK: forcing RECV clean-slate before AUTOPOS
>>> mode recv
[RECV] One-shot NUS command cleared (runtime)
[RECV] Master quiesce peer[0]: connected=0 ready=0 link=nus uuid=-
[RECV] Master quiesce pending peer[1]: pending=1 setup=0 inflight=0 uuid=-
[RECV] Peer clear wait: waited=0 conn_count=0 ready_count=0
[RECV] Master discovery mode: CONN & START
[RECV] SCAN start req: bt_ready=1 scan_running=0 connecting_slot=-1 conn_count=0 target=unknown prefix=BS
[RECV] Failed to start scan: -1
[RECV] RECV clean slate prepared
[RECV] Failed to connect[-1] to FC:9A:15:34:AB:20 (random), err 0x02
[RECV] SCAN start req: bt_ready=1 scan_running=0 connecting_slot=-1 conn_count=0 target=unknown prefix=BS
[RECV] Scanning for BS*
>>> device kind anchor
[RECV] One-shot NUS command cleared (runtime)
OTA NUS stage: disabled
[RECV] Mode switch preflight: disconnect requests=0
[RECV] device kind set: anchor (OTA target defaults reset, no BS prefix)
[RECV] Master discovery mode: CONN & START
[RECV] Peer clear wait: waited=0 conn_count=0 ready_count=0
[RECV] SCAN start req: bt_ready=1 scan_running=0 connecting_slot=-1 conn_count=0 target=anchor prefix=ANCHOR-
[RECV] Scanning for ANCHOR-*
[RECV] System target: kind=anchor caps=0x0b (config=1 ota=1 stream=0 status=1)
OTA target filter: token=-1 name=- prefix=- uuid=-
>>> mode recv
[RECV] One-shot NUS command cleared (runtime)
[RECV] Peer clear wait: waited=0 conn_count=0 ready_count=0
[RECV] Master discovery mode: CONN & START
[RECV] SCAN start req: bt_ready=1 scan_running=0 connecting_slot=-1 conn_count=0 target=anchor prefix=ANCHOR-
[RECV] Scanning for ANCHOR-*
[RECV] RECV clean slate prepared
>>> mode autopos
[AUTOPOS] Control mode staged: AUTOPOS
[AUTOPOS] Master discovery mode: CONN & START
[AUTOPOS] Peer clear wait: waited=0 conn_count=0 ready_count=0
[AUTOPOS] SCAN start req: bt_ready=1 scan_running=0 connecting_slot=-1 conn_count=0 target=anchor prefix=ANCHOR-
[AUTOPOS] Scanning for ANCHOR-*
[AUTOPOS] AUTOPOS: mode=AUTOPOS state=idle staged=- last_success=- sets=0 error=-
[AUTOPOS] SCAN hit: DE:49:E3:D0:E4:E8 (random) rssi=-58 name=- bs=- uuid=F3BB7A04104F9CB8561DDDACB9E53714 target=anchor uuid_ok=1 tag_name=0 anchor_name=0 nus=0 dfu=0 token=0 props=0x03
[AUTOPOS] CONNECT queue[0]: addr=DE:49:E3:D0:E4:E8 (random) link=anchor-ctrl uuid=F3BB7A04104F9CB8561DDDACB9E53714 target=anchor
[AUTOPOS] SCAN hit: D7:93:2A:57:6D:1E (random) rssi=-63 name=- bs=- uuid=B1E487C2B1FD740D1442206A1857DFA1 target=anchor uuid_ok=1 tag_name=0 anchor_name=0 nus=0 dfu=0 token=0 props=0x03
[AUTOPOS] CONNECT queue[1]: addr=D7:93:2A:57:6D:1E (random) link=anchor-ctrl uuid=B1E487C2B1FD740D1442206A1857DFA1 target=anchor
[AUTOPOS] SCAN hit: EC:9F:55:9D:7E:A1 (random) rssi=-68 name=- bs=- uuid=B3087BC3D87CCCD316AEDC6B71D6677F target=anchor uuid_ok=1 tag_name=0 anchor_name=0 nus=0 dfu=0 token=0 props=0x03
[AUTOPOS] CONNECT queue[2]: addr=EC:9F:55:9D:7E:A1 (random) link=anchor-ctrl uuid=B3087BC3D87CCCD316AEDC6B71D6677F target=anchor
[AUTOPOS] SCAN hit: E9:CB:F3:C4:51:43 (random) rssi=-50 name=- bs=- uuid=840C68591E90019821AACFF1B73AAA34 target=anchor uuid_ok=1 tag_name=0 anchor_name=0 nus=0 dfu=0 token=0 props=0x03
[AUTOPOS] CONNECT queue[3]: addr=E9:CB:F3:C4:51:43 (random) link=anchor-ctrl uuid=840C68591E90019821AACFF1B73AAA34 target=anchor
[AUTOPOS] SCAN hit: D9:C7:9C:16:71:C9 (random) rssi=-53 name=- bs=- uuid=A892AF05DD59CF0D0D3408AD74F364A1 target=anchor uuid_ok=1 tag_name=0 anchor_name=0 nus=0 dfu=0 token=0 props=0x03
[AUTOPOS] CONNECT queue[4]: addr=D9:C7:9C:16:71:C9 (random) link=anchor-ctrl uuid=A892AF05DD59CF0D0D3408AD74F364A1 target=anchor
[AUTOPOS] SCAN hit: C0:1D:D1:D0:CE:B0 (random) rssi=-59 name=- bs=- uuid=B9179575C776C98F1CB132DD6EDC6223 target=anchor uuid_ok=1 tag_name=0 anchor_name=0 nus=0 dfu=0 token=0 props=0x03
[AUTOPOS] CONNECT queue[5]: addr=C0:1D:D1:D0:CE:B0 (random) link=anchor-ctrl uuid=B9179575C776C98F1CB132DD6EDC6223 target=anchor
[AUTOPOS] SCAN hit: FD:64:2E:93:37:86 (random) rssi=-55 name=- bs=- uuid=CEE5A7EFCB35F8A56B430047629F5309 target=anchor uuid_ok=1 tag_name=0 anchor_name=0 nus=0 dfu=0 token=0 props=0x03
[AUTOPOS] CONNECT queue[6]: addr=FD:64:2E:93:37:86 (random) link=anchor-ctrl uuid=CEE5A7EFCB35F8A56B430047629F5309 target=anchor
[AUTOPOS] SCAN hit: F9:5B:1A:A3:84:45 (random) rssi=-59 name=- bs=- uuid=B2B5FA625534A8C617135DCAFC9E036A target=anchor uuid_ok=1 tag_name=0 anchor_name=0 nus=0 dfu=0 token=0 props=0x03
[AUTOPOS] CONNECT queue[7]: addr=F9:5B:1A:A3:84:45 (random) link=anchor-ctrl uuid=B2B5FA625534A8C617135DCAFC9E036A target=anchor
[AUTOPOS] CONNECT pending[0]: addr_valid=1 link=anchor-ctrl uuid=F3BB7A04104F9CB8561DDDACB9E53714 scan_running=1 conn_count=0
[AUTOPOS] CONNECT pending[0]: bt_le_scan_stop rc=0 scan_running=1
[AUTOPOS] CONNECT pending[0] rc=0 conn=0x20004898
[AUTOPOS] Connected[0]: DE:49:E3:D0:E4:E8 (random) name=- bs=-
[AUTOPOS] CONNECT state[0]: link=anchor-ctrl uuid=F3BB7A04104F9CB8561DDDACB9E53714 ready=0 conn=0x20004898
SETUP[0] defer: waiting 891 ms before discovery start
SETUP[0] defer: waiting 841 ms before discovery start
SETUP[0] defer: waiting 790 ms before discovery start
SETUP[0] defer: waiting 740 ms before discovery start
SETUP[0] defer: waiting 690 ms before discovery start
SETUP[0] defer: waiting 639 ms before discovery start
SETUP[0] defer: waiting 589 ms before discovery start
SETUP[0] defer: waiting 539 ms before discovery start
SETUP[0] defer: waiting 488 ms before discovery start
SETUP[0] defer: waiting 438 ms before discovery start
SETUP[0] defer: waiting 388 ms before discovery start
SETUP[0] defer: waiting 337 ms before discovery start
SETUP[0] defer: waiting 287 ms before discovery start
SETUP[0] defer: waiting 236 ms before discovery start
SETUP[0] defer: waiting 186 ms before discovery start
SETUP[0] defer: waiting 136 ms before discovery start
SETUP[0] defer: waiting 85 ms before discovery start
SETUP[0] defer: waiting 35 ms before discovery start
SETUP[0] begin: link=anchor-ctrl uuid=F3BB7A04104F9CB8561DDDACB9E53714 conn=0x20004898
SETUP[0] mtu_exchange rc=0
SETUP[0] phy_update rc=0
SETUP[0] conn_param_update rc=0
[AUTOPOS] DISC start[0]: link=anchor-ctrl uuid=F3BB7A04104F9CB8561DDDACB9E53714 conn=0x20004898
[AUTOPOS] MTU exchange[0] done (498)
[AUTOPOS] Conn param updated[0]: int=6 lat=0 to=400
[AUTOPOS] PHY updated[0]: tx=0x2 rx=0x2
[AUTOPOS] DISC complete[0]: link=anchor-ctrl discovered_service=2800 uuid=F3BB7A04104F9CB8561DDDACB9E53714
[AUTOPOS] DISC anchor service found[0]: uuid=F3BB7A04104F9CB8561DDDACB9E53714
[AUTOPOS] Anchor ctrl state subscribe[0] rc=0
[AUTOPOS] Anchor ctrl result subscribe[0] rc=0
[AUTOPOS] ANCHOR_CTRL[0] link ready handle=0x0019 result=0x001b uuid=F3BB7A04104F9CB8561DDDACB9E53714
[AUTOPOS] CONNECT pending[1]: addr_valid=1 link=anchor-ctrl uuid=B1E487C2B1FD740D1442206A1857DFA1 scan_running=0 conn_count=1
[AUTOPOS] CONNECT pending[1] rc=0 conn=0x20004968
[AUTOPOS] Connected[1]: D7:93:2A:57:6D:1E (random) name=- bs=-
[AUTOPOS] CONNECT state[1]: link=anchor-ctrl uuid=B1E487C2B1FD740D1442206A1857DFA1 ready=0 conn=0x20004968
SETUP[1] defer: waiting 857 ms before discovery start
SETUP[1] defer: waiting 807 ms before discovery start
SETUP[1] defer: waiting 757 ms before discovery start
SETUP[1] defer: waiting 706 ms before discovery start
SETUP[1] defer: waiting 656 ms before discovery start
SETUP[1] defer: waiting 606 ms before discovery start
SETUP[1] defer: waiting 555 ms before discovery start
SETUP[1] defer: waiting 505 ms before discovery start
SETUP[1] defer: waiting 455 ms before discovery start
SETUP[1] defer: waiting 404 ms before discovery start
SETUP[1] defer: waiting 354 ms before discovery start
SETUP[1] defer: waiting 304 ms before discovery start
SETUP[1] defer: waiting 253 ms before discovery start
SETUP[1] defer: waiting 203 ms before discovery start
SETUP[1] defer: waiting 152 ms before discovery start
SETUP[1] defer: waiting 102 ms before discovery start
SETUP[1] defer: waiting 52 ms before discovery start
SETUP[1] defer: waiting 1 ms before discovery start
SETUP[1] begin: link=anchor-ctrl uuid=B1E487C2B1FD740D1442206A1857DFA1 conn=0x20004968
SETUP[1] mtu_exchange rc=0
SETUP[1] phy_update rc=0
SETUP[1] conn_param_update rc=0
[AUTOPOS] DISC start[1]: link=anchor-ctrl uuid=B1E487C2B1FD740D1442206A1857DFA1 conn=0x20004968
[AUTOPOS] MTU exchange[1] done (498)
[AUTOPOS] Conn param updated[1]: int=6 lat=0 to=400
[AUTOPOS] PHY updated[1]: tx=0x2 rx=0x2
>>> autopos status
[AUTOPOS] AUTOPOS: mode=AUTOPOS state=idle staged=- last_success=- sets=0 error=-
>>> autopos map A F3BB7A04104F9CB8561DDDACB9E53714
[AUTOPOS] AUTOPOS map set: A=F3BB7A04104F9CB8561DDDACB9E53714
[AUTOPOS] DISC complete[1]: link=anchor-ctrl discovered_service=2800 uuid=B1E487C2B1FD740D1442206A1857DFA1
[AUTOPOS] DISC anchor service found[1]: uuid=B1E487C2B1FD740D1442206A1857DFA1
[AUTOPOS] Anchor ctrl state subscribe[1] rc=0
[AUTOPOS] Anchor ctrl result subscribe[1] rc=0
[AUTOPOS] ANCHOR_CTRL[1] link ready handle=0x0019 result=0x001b uuid=B1E487C2B1FD740D1442206A1857DFA1
[AUTOPOS] CONNECT pending[2]: addr_valid=1 link=anchor-ctrl uuid=B3087BC3D87CCCD316AEDC6B71D6677F scan_running=0 conn_count=2
[AUTOPOS] CONNECT pending[2] rc=0 conn=0x20004a38
[AUTOPOS] Connected[2]: EC:9F:55:9D:7E:A1 (random) name=- bs=-
[AUTOPOS] CONNECT state[2]: link=anchor-ctrl uuid=B3087BC3D87CCCD316AEDC6B71D6677F ready=0 conn=0x20004a38
SETUP[2] defer: waiting 864 ms before discovery start
SETUP[2] defer: waiting 814 ms before discovery start
SETUP[2] defer: waiting 764 ms before discovery start
SETUP[2] defer: waiting 713 ms before discovery start
SETUP[2] defer: waiting 663 ms before discovery start
SETUP[2] defer: waiting 613 ms before discovery start
SETUP[2] defer: waiting 562 ms before discovery start
SETUP[2] defer: waiting 512 ms before discovery start
SETUP[2] defer: waiting 462 ms before discovery start
SETUP[2] defer: waiting 411 ms before discovery start
SETUP[2] defer: waiting 361 ms before discovery start
SETUP[2] defer: waiting 311 ms before discovery start
>>> autopos map B B9179575C776C98F1CB132DD6EDC6223
[AUTOPOS] AUTOPOS map set: B=B9179575C776C98F1CB132DD6EDC6223
SETUP[2] defer: waiting 260 ms before discovery start
SETUP[2] defer: waiting 210 ms before discovery start
SETUP[2] defer: waiting 159 ms before discovery start
SETUP[2] defer: waiting 109 ms before discovery start
SETUP[2] defer: waiting 59 ms before discovery start
SETUP[2] defer: waiting 8 ms before discovery start
SETUP[2] begin: link=anchor-ctrl uuid=B3087BC3D87CCCD316AEDC6B71D6677F conn=0x20004a38
SETUP[2] mtu_exchange rc=0
SETUP[2] phy_update rc=0
SETUP[2] conn_param_update rc=0
[AUTOPOS] DISC start[2]: link=anchor-ctrl uuid=B3087BC3D87CCCD316AEDC6B71D6677F conn=0x20004a38
[AUTOPOS] MTU exchange[2] done (498)
[AUTOPOS] Conn param updated[2]: int=6 lat=0 to=400
[AUTOPOS] PHY updated[2]: tx=0x2 rx=0x2
>>> autopos map C CEE5A7EFCB35F8A56B430047629F5309
[AUTOPOS] AUTOPOS map set: C=CEE5A7EFCB35F8A56B430047629F5309
[AUTOPOS] DISC complete[2]: link=anchor-ctrl discovered_service=2800 uuid=B3087BC3D87CCCD316AEDC6B71D6677F
[AUTOPOS] DISC anchor service found[2]: uuid=B3087BC3D87CCCD316AEDC6B71D6677F
[AUTOPOS] Anchor ctrl state subscribe[2] rc=0
[AUTOPOS] Anchor ctrl result subscribe[2] rc=0
[AUTOPOS] ANCHOR_CTRL[2] link ready handle=0x0019 result=0x001b uuid=B3087BC3D87CCCD316AEDC6B71D6677F
[AUTOPOS] CONNECT pending[3]: addr_valid=1 link=anchor-ctrl uuid=840C68591E90019821AACFF1B73AAA34 scan_running=0 conn_count=3
[AUTOPOS] CONNECT pending[3] rc=0 conn=0x20004b08
[AUTOPOS] Connected[3]: E9:CB:F3:C4:51:43 (random) name=- bs=-
[AUTOPOS] CONNECT state[3]: link=anchor-ctrl uuid=840C68591E90019821AACFF1B73AAA34 ready=0 conn=0x20004b08
SETUP[3] defer: waiting 870 ms before discovery start
SETUP[3] defer: waiting 820 ms before discovery start
SETUP[3] defer: waiting 769 ms before discovery start
SETUP[3] defer: waiting 719 ms before discovery start
SETUP[3] defer: waiting 669 ms before discovery start
SETUP[3] defer: waiting 618 ms before discovery start
SETUP[3] defer: waiting 568 ms before discovery start
SETUP[3] defer: waiting 517 ms before discovery start
SETUP[3] defer: waiting 467 ms before discovery start
SETUP[3] defer: waiting 417 ms before discovery start
SETUP[3] defer: waiting 366 ms before discovery start
SETUP[3] defer: waiting 316 ms before discovery start
>>> autopos map D B2B5FA625534A8C617135DCAFC9E036A
[AUTOPOS] AUTOPOS map set: D=B2B5FA625534A8C617135DCAFC9E036A
SETUP[3] defer: waiting 266 ms before discovery start
SETUP[3] defer: waiting 215 ms before discovery start
[AUTOPOS] Conn param updated[0]: int=6 lat=0 to=400
SETUP[3] defer: waiting 165 ms before discovery start
SETUP[3] defer: waiting 115 ms before discovery start
SETUP[3] defer: waiting 64 ms before discovery start
SETUP[3] defer: waiting 14 ms before discovery start
SETUP[3] begin: link=anchor-ctrl uuid=840C68591E90019821AACFF1B73AAA34 conn=0x20004b08
SETUP[3] mtu_exchange rc=0
SETUP[3] phy_update rc=0
SETUP[3] conn_param_update rc=0
[AUTOPOS] DISC start[3]: link=anchor-ctrl uuid=840C68591E90019821AACFF1B73AAA34 conn=0x20004b08
[AUTOPOS] MTU exchange[3] done (498)
[AUTOPOS] Conn param updated[3]: int=6 lat=0 to=400
[AUTOPOS] PHY updated[3]: tx=0x2 rx=0x2
>>> autopos map E A892AF05DD59CF0D0D3408AD74F364A1
[AUTOPOS] AUTOPOS map set: E=A892AF05DD59CF0D0D3408AD74F364A1
[AUTOPOS] DISC complete[3]: link=anchor-ctrl discovered_service=2800 uuid=840C68591E90019821AACFF1B73AAA34
[AUTOPOS] DISC anchor service found[3]: uuid=840C68591E90019821AACFF1B73AAA34
[AUTOPOS] Anchor ctrl state subscribe[3] rc=0
[AUTOPOS] Anchor ctrl result subscribe[3] rc=0
[AUTOPOS] ANCHOR_CTRL[3] link ready handle=0x0019 result=0x001b uuid=840C68591E90019821AACFF1B73AAA34
[AUTOPOS] CONNECT pending[4]: addr_valid=1 link=anchor-ctrl uuid=A892AF05DD59CF0D0D3408AD74F364A1 scan_running=0 conn_count=4
[AUTOPOS] CONNECT pending[4] rc=0 conn=0x20004bd8
[AUTOPOS] Connected[4]: D9:C7:9C:16:71:C9 (random) name=- bs=-
[AUTOPOS] CONNECT state[4]: link=anchor-ctrl uuid=A892AF05DD59CF0D0D3408AD74F364A1 ready=0 conn=0x20004bd8
[AUTOPOS] Conn param updated[1]: int=6 lat=0 to=400
SETUP[4] defer: waiting 853 ms before discovery start
SETUP[4] defer: waiting 803 ms before discovery start
SETUP[4] defer: waiting 752 ms before discovery start
SETUP[4] defer: waiting 702 ms before discovery start
SETUP[4] defer: waiting 652 ms before discovery start
SETUP[4] defer: waiting 601 ms before discovery start
SETUP[4] defer: waiting 551 ms before discovery start
SETUP[4] defer: waiting 501 ms before discovery start
>>> autopos map F 840C68591E90019821AACFF1B73AAA34
[AUTOPOS] AUTOPOS map set: F=840C68591E90019821AACFF1B73AAA34
SETUP[4] defer: waiting 450 ms before discovery start
SETUP[4] defer: waiting 400 ms before discovery start
SETUP[4] defer: waiting 350 ms before discovery start
SETUP[4] defer: waiting 299 ms before discovery start
SETUP[4] defer: waiting 249 ms before discovery start
SETUP[4] defer: waiting 199 ms before discovery start
SETUP[4] defer: waiting 148 ms before discovery start
SETUP[4] defer: waiting 98 ms before discovery start
SETUP[4] defer: waiting 48 ms before discovery start
SETUP[4] begin: link=anchor-ctrl uuid=A892AF05DD59CF0D0D3408AD74F364A1 conn=0x20004bd8
SETUP[4] mtu_exchange rc=0
SETUP[4] phy_update rc=0
SETUP[4] conn_param_update rc=0
[AUTOPOS] DISC start[4]: link=anchor-ctrl uuid=A892AF05DD59CF0D0D3408AD74F364A1 conn=0x20004bd8
[AUTOPOS] MTU exchange[4] done (498)
[AUTOPOS] Conn param updated[4]: int=6 lat=0 to=400
[AUTOPOS] PHY updated[4]: tx=0x2 rx=0x2
>>> autopos map G B3087BC3D87CCCD316AEDC6B71D6677F
[AUTOPOS] AUTOPOS map set: G=B3087BC3D87CCCD316AEDC6B71D6677F
[AUTOPOS] Conn param updated[2]: int=6 lat=0 to=400
[AUTOPOS] DISC complete[4]: link=anchor-ctrl discovered_service=2800 uuid=A892AF05DD59CF0D0D3408AD74F364A1
[AUTOPOS] DISC anchor service found[4]: uuid=A892AF05DD59CF0D0D3408AD74F364A1
[AUTOPOS] Anchor ctrl state subscribe[4] rc=0
[AUTOPOS] Anchor ctrl result subscribe[4] rc=0
[AUTOPOS] ANCHOR_CTRL[4] link ready handle=0x0019 result=0x001b uuid=A892AF05DD59CF0D0D3408AD74F364A1
[AUTOPOS] CONNECT pending[5]: addr_valid=1 link=anchor-ctrl uuid=B9179575C776C98F1CB132DD6EDC6223 scan_running=0 conn_count=5
[AUTOPOS] CONNECT pending[5] rc=0 conn=0x20004ca8
[AUTOPOS] Connected[5]: C0:1D:D1:D0:CE:B0 (random) name=- bs=-
[AUTOPOS] CONNECT state[5]: link=anchor-ctrl uuid=B9179575C776C98F1CB132DD6EDC6223 ready=0 conn=0x20004ca8
SETUP[5] defer: waiting 863 ms before discovery start
>>> autopos map H B1E487C2B1FD740D1442206A1857DFA1
[AUTOPOS] AUTOPOS map set: H=B1E487C2B1FD740D1442206A1857DFA1
SETUP[5] defer: waiting 812 ms before discovery start
SETUP[5] defer: waiting 762 ms before discovery start
SETUP[5] defer: waiting 711 ms before discovery start
SETUP[5] defer: waiting 661 ms before discovery start
SETUP[5] defer: waiting 611 ms before discovery start
SETUP[5] defer: waiting 560 ms before discovery start
SETUP[5] defer: waiting 510 ms before discovery start
SETUP[5] defer: waiting 460 ms before discovery start
SETUP[5] defer: waiting 409 ms before discovery start
SETUP[5] defer: waiting 359 ms before discovery start
SETUP[5] defer: waiting 309 ms before discovery start
SETUP[5] defer: waiting 258 ms before discovery start
SETUP[5] defer: waiting 208 ms before discovery start
SETUP[5] defer: waiting 158 ms before discovery start
SETUP[5] defer: waiting 107 ms before discovery start
SETUP[5] defer: waiting 57 ms before discovery start
SESSION: wait all matrix via BLE scan role_counts=matrix=0 responder=0 master=0 other=0
SESSION: wait all matrix via BLE scan role_counts=matrix=0 responder=0 master=0 other=0
SESSION: wait all matrix via BLE scan role_counts=matrix=0 responder=0 master=0 other=0
SESSION: role verify via BLE scan failed for role=matrix matrix=0 responder=0 master=0 other=0
SESSION: switching all anchors to runtime matrix before sweep (idempotent guard)
>>> anchor role all matrix
SETUP[5] defer: waiting 7 ms before discovery start
SETUP[5] begin: link=anchor-ctrl uuid=B9179575C776C98F1CB132DD6EDC6223 conn=0x20004ca8
SETUP[5] mtu_exchange rc=0
SETUP[5] phy_update rc=0
SETUP[5] conn_param_update rc=0
[AUTOPOS] DISC start[5]: link=anchor-ctrl uuid=B9179575C776C98F1CB132DD6EDC6223 conn=0x20004ca8
[AUTOPOS] MTU exchange[5] done (498)
[AUTOPOS] Conn param updated[5]: int=6 lat=0 to=400
[AUTOPOS] Conn param updated[3]: int=6 lat=0 to=400
[AUTOPOS] PHY updated[5]: tx=0x2 rx=0x2
[AUTOPOS] DISC complete[5]: link=anchor-ctrl discovered_service=2800 uuid=B9179575C776C98F1CB132DD6EDC6223
[AUTOPOS] DISC anchor service found[5]: uuid=B9179575C776C98F1CB132DD6EDC6223
[AUTOPOS] Anchor ctrl state subscribe[5] rc=0
[AUTOPOS] Anchor ctrl result subscribe[5] rc=0
[AUTOPOS] ANCHOR_CTRL[5] link ready handle=0x0019 result=0x001b uuid=B9179575C776C98F1CB132DD6EDC6223
[AUTOPOS] CONNECT pending[6]: addr_valid=1 link=anchor-ctrl uuid=CEE5A7EFCB35F8A56B430047629F5309 scan_running=0 conn_count=6
[AUTOPOS] CONNECT pending[6] rc=0 conn=0x20004d78
[AUTOPOS] Connected[6]: FD:64:2E:93:37:86 (random) name=- bs=-
[AUTOPOS] CONNECT state[6]: link=anchor-ctrl uuid=CEE5A7EFCB35F8A56B430047629F5309 ready=0 conn=0x20004d78
SETUP[6] defer: waiting 886 ms before discovery start
SETUP[6] defer: waiting 836 ms before discovery start
SETUP[6] defer: waiting 786 ms before discovery start
SETUP[6] defer: waiting 735 ms before discovery start
SETUP[6] defer: waiting 685 ms before discovery start
SETUP[6] defer: waiting 635 ms before discovery start
SETUP[6] defer: waiting 584 ms before discovery start
SETUP[6] defer: waiting 534 ms before discovery start
SETUP[6] defer: waiting 484 ms before discovery start
SETUP[6] defer: waiting 433 ms before discovery start
[AUTOPOS] Conn param updated[4]: int=6 lat=0 to=400
SETUP[6] defer: waiting 383 ms before discovery start
SETUP[6] defer: waiting 333 ms before discovery start
SETUP[6] defer: waiting 282 ms before discovery start
SETUP[6] defer: waiting 232 ms before discovery start
SETUP[6] defer: waiting 182 ms before discovery start
SETUP[6] defer: waiting 131 ms before discovery start
SETUP[6] defer: waiting 81 ms before discovery start
SETUP[6] defer: waiting 30 ms before discovery start
SETUP[6] begin: link=anchor-ctrl uuid=CEE5A7EFCB35F8A56B430047629F5309 conn=0x20004d78
SETUP[6] mtu_exchange rc=0
SETUP[6] phy_update rc=0
SETUP[6] conn_param_update rc=0
[AUTOPOS] DISC start[6]: link=anchor-ctrl uuid=CEE5A7EFCB35F8A56B430047629F5309 conn=0x20004d78
[AUTOPOS] MTU exchange[6] done (498)
[AUTOPOS] Conn param updated[6]: int=6 lat=0 to=400
[AUTOPOS] PHY updated[6]: tx=0x2 rx=0x2
[AUTOPOS] anchor role started target=all role=matrix
[AUTOPOS] Master discovery mode: CONN & START
[AUTOPOS] anchor role all matrix wait ready: waited=0 ready=6/8
[AUTOPOS] READY count=6 target=anchor target_uuid=- conn_count=7 connecting_slot=-1 scan=0 auto=1
[AUTOPOS] READY peer[0]: link=anchor-ctrl connected=1 ready=1 pending=0 inflight=0 retries=0 start_failures=0 uuid=F3BB7A04104F9CB8561DDDACB9E53714 name=- state_h=0x0012 ctrl_h=0x0019 result_h=0x001b
[AUTOPOS] READY peer[1]: link=anchor-ctrl connected=1 ready=1 pending=0 inflight=0 retries=0 start_failures=0 uuid=B1E487C2B1FD740D1442206A1857DFA1 name=- state_h=0x0012 ctrl_h=0x0019 result_h=0x001b
[AUTOPOS] READY peer[2]: link=anchor-ctrl connected=1 ready=1 pending=0 inflight=0 retries=0 start_failures=0 uuid=B3087BC3D87CCCD316AEDC6B71D6677F name=- state_h=0x0012 ctrl_h=0x0019 result_h=0x001b
[AUTOPOS] READY peer[3]: link=anchor-ctrl connected=1 ready=1 pending=0 inflight=0 retries=0 start_failures=0 uuid=840C68591E90019821AACFF1B73AAA34 name=- state_h=0x0012 ctrl_h=0x0019 result_h=0x001b
[AUTOPOS] READY peer[4]: link=anchor-ctrl connected=1 ready=1 pending=0 inflight=0 retries=0 start_failures=0 uuid=A892AF05DD59CF0D0D3408AD74F364A1 name=- state_h=0x0012 ctrl_h=0x0019 result_h=0x001b
[AUTOPOS] READY peer[5]: link=anchor-ctrl connected=1 ready=1 pending=0 inflight=0 retries=0 start_failures=0 uuid=B9179575C776C98F1CB132DD6EDC6223 name=- state_h=0x0012 ctrl_h=0x0019 result_h=0x001b
[AUTOPOS] READY peer[6]: link=anchor-ctrl connected=1 ready=0 pending=0 inflight=1 retries=0 start_failures=0 uuid=CEE5A7EFCB35F8A56B430047629F5309 name=- state_h=0x0000 ctrl_h=0x0000 result_h=0x0000
[AUTOPOS] READY peer[7]: link=anchor-ctrl connected=0 ready=0 pending=1 inflight=0 retries=0 start_failures=0 uuid=B2B5FA625534A8C617135DCAFC9E036A name=- state_h=0x0000 ctrl_h=0x0000 result_h=0x0000
[AUTOPOS] DISC complete[6]: link=anchor-ctrl discovered_service=2800 uuid=CEE5A7EFCB35F8A56B430047629F5309
[AUTOPOS] DISC anchor service found[6]: uuid=CEE5A7EFCB35F8A56B430047629F5309
[AUTOPOS] Anchor ctrl state subscribe[6] rc=0
[AUTOPOS] Anchor ctrl result subscribe[6] rc=0
[AUTOPOS] ANCHOR_CTRL[6] link ready handle=0x0019 result=0x001b uuid=CEE5A7EFCB35F8A56B430047629F5309
[AUTOPOS] CONNECT pending[7]: addr_valid=1 link=anchor-ctrl uuid=B2B5FA625534A8C617135DCAFC9E036A scan_running=0 conn_count=7
[AUTOPOS] CONNECT pending[7] rc=0 conn=0x20004e48
[AUTOPOS] Conn param updated[5]: int=6 lat=0 to=400
[AUTOPOS] Connected[7]: F9:5B:1A:A3:84:45 (random) name=- bs=-
[AUTOPOS] CONNECT state[7]: link=anchor-ctrl uuid=B2B5FA625534A8C617135DCAFC9E036A ready=0 conn=0x20004e48
SETUP[7] defer: waiting 894 ms before discovery start
SETUP[7] defer: waiting 844 ms before discovery start
SETUP[7] defer: waiting 794 ms before discovery start
[AUTOPOS] anchor role all matrix wait ready: waited=750 ready=7/8
[AUTOPOS] READY count=7 target=anchor target_uuid=- conn_count=8 connecting_slot=-1 scan=0 auto=1
[AUTOPOS] READY peer[0]: link=anchor-ctrl connected=1 ready=1 pending=0 inflight=0 retries=0 start_failures=0 uuid=F3BB7A04104F9CB8561DDDACB9E53714 name=- state_h=0x0012 ctrl_h=0x0019 result_h=0x001b
[AUTOPOS] READY peer[1]: link=anchor-ctrl connected=1 ready=1 pending=0 inflight=0 retries=0 start_failures=0 uuid=B1E487C2B1FD740D1442206A1857DFA1 name=- state_h=0x0012 ctrl_h=0x0019 result_h=0x001b
[AUTOPOS] READY peer[2]: link=anchor-ctrl connected=1 ready=1 pending=0 inflight=0 retries=0 start_failures=0 uuid=B3087BC3D87CCCD316AEDC6B71D6677F name=- state_h=0x0012 ctrl_h=0x0019 result_h=0x001b
[AUTOPOS] READY peer[3]: link=anchor-ctrl connected=1 ready=1 pending=0 inflight=0 retries=0 start_failures=0 uuid=840C68591E90019821AACFF1B73AAA34 name=- state_h=0x0012 ctrl_h=0x0019 result_h=0x001b
[AUTOPOS] READY peer[4]: link=anchor-ctrl connected=1 ready=1 pending=0 inflight=0 retries=0 start_failures=0 uuid=A892AF05DD59CF0D0D3408AD74F364A1 name=- state_h=0x0012 ctrl_h=0x0019 result_h=0x001b
[AUTOPOS] READY peer[5]: link=anchor-ctrl connected=1 ready=1 pending=0 inflight=0 retries=0 start_failures=0 uuid=B9179575C776C98F1CB132DD6EDC6223 name=- state_h=0x0012 ctrl_h=0x0019 result_h=0x001b
[AUTOPOS] READY peer[6]: link=anchor-ctrl connected=1 ready=1 pending=0 inflight=0 retries=0 start_failures=0 uuid=CEE5A7EFCB35F8A56B430047629F5309 name=- state_h=0x0012 ctrl_h=0x0019 result_h=0x001b
[AUTOPOS] READY peer[7]: link=anchor-ctrl connected=1 ready=0 pending=0 inflight=0 retries=0 start_failures=0 uuid=B2B5FA625534A8C617135DCAFC9E036A name=- state_h=0x0000 ctrl_h=0x0000 result_h=0x0000
SETUP[7] defer: waiting 743 ms before discovery start
SETUP[7] defer: waiting 693 ms before discovery start
SETUP[7] defer: waiting 643 ms before discovery start
SETUP[7] defer: waiting 592 ms before discovery start
SETUP[7] defer: waiting 542 ms before discovery start
SETUP[7] defer: waiting 491 ms before discovery start
SETUP[7] defer: waiting 441 ms before discovery start
SETUP[7] defer: waiting 391 ms before discovery start
SETUP[7] defer: waiting 340 ms before discovery start
SETUP[7] defer: waiting 290 ms before discovery start
SETUP[7] defer: waiting 240 ms before discovery start
SETUP[7] defer: waiting 189 ms before discovery start
SETUP[7] defer: waiting 139 ms before discovery start
SETUP[7] defer: waiting 89 ms before discovery start
SETUP[7] defer: waiting 38 ms before discovery start
SETUP[7] begin: link=anchor-ctrl uuid=B2B5FA625534A8C617135DCAFC9E036A conn=0x20004e48
SETUP[7] mtu_exchange rc=0
SETUP[7] phy_update rc=0
SETUP[7] conn_param_update rc=0
[AUTOPOS] DISC start[7]: link=anchor-ctrl uuid=B2B5FA625534A8C617135DCAFC9E036A conn=0x20004e48
[AUTOPOS] MTU exchange[7] done (498)
[AUTOPOS] Conn param updated[7]: int=6 lat=0 to=400
[AUTOPOS] PHY updated[7]: tx=0x2 rx=0x2
[AUTOPOS] anchor role all matrix wait ready: waited=3000 ready=7/8
[AUTOPOS] READY count=7 target=anchor target_uuid=- conn_count=8 connecting_slot=-1 scan=0 auto=1
[AUTOPOS] READY peer[0]: link=anchor-ctrl connected=1 ready=1 pending=0 inflight=0 retries=0 start_failures=0 uuid=F3BB7A04104F9CB8561DDDACB9E53714 name=- state_h=0x0012 ctrl_h=0x0019 result_h=0x001b
[AUTOPOS] READY peer[1]: link=anchor-ctrl connected=1 ready=1 pending=0 inflight=0 retries=0 start_failures=0 uuid=B1E487C2B1FD740D1442206A1857DFA1 name=- state_h=0x0012 ctrl_h=0x0019 result_h=0x001b
[AUTOPOS] READY peer[2]: link=anchor-ctrl connected=1 ready=1 pending=0 inflight=0 retries=0 start_failures=0 uuid=B3087BC3D87CCCD316AEDC6B71D6677F name=- state_h=0x0012 ctrl_h=0x0019 result_h=0x001b
[AUTOPOS] READY peer[3]: link=anchor-ctrl connected=1 ready=1 pending=0 inflight=0 retries=0 start_failures=0 uuid=840C68591E90019821AACFF1B73AAA34 name=- state_h=0x0012 ctrl_h=0x0019 result_h=0x001b
[AUTOPOS] READY peer[4]: link=anchor-ctrl connected=1 ready=1 pending=0 inflight=0 retries=0 start_failures=0 uuid=A892AF05DD59CF0D0D3408AD74F364A1 name=- state_h=0x0012 ctrl_h=0x0019 result_h=0x001b
[AUTOPOS] READY peer[5]: link=anchor-ctrl connected=1 ready=1 pending=0 inflight=0 retries=0 start_failures=0 uuid=B9179575C776C98F1CB132DD6EDC6223 name=- state_h=0x0012 ctrl_h=0x0019 result_h=0x001b
[AUTOPOS] READY peer[6]: link=anchor-ctrl connected=1 ready=1 pending=0 inflight=0 retries=0 start_failures=0 uuid=CEE5A7EFCB35F8A56B430047629F5309 name=- state_h=0x0012 ctrl_h=0x0019 result_h=0x001b
[AUTOPOS] READY peer[7]: link=anchor-ctrl connected=1 ready=0 pending=0 inflight=1 retries=0 start_failures=0 uuid=B2B5FA625534A8C617135DCAFC9E036A name=- state_h=0x0000 ctrl_h=0x0000 result_h=0x0000
[AUTOPOS] Conn param updated[6]: int=6 lat=0 to=400
[AUTOPOS] DISC complete[7]: link=anchor-ctrl discovered_service=2800 uuid=B2B5FA625534A8C617135DCAFC9E036A
[AUTOPOS] DISC anchor service found[7]: uuid=B2B5FA625534A8C617135DCAFC9E036A
[AUTOPOS] Anchor ctrl state subscribe[7] rc=0
[AUTOPOS] Anchor ctrl result subscribe[7] rc=0
[AUTOPOS] ANCHOR_CTRL[7] link ready handle=0x0019 result=0x001b uuid=B2B5FA625534A8C617135DCAFC9E036A
[AUTOPOS] SCAN start req: bt_ready=1 scan_running=0 connecting_slot=-1 conn_count=8 target=anchor prefix=ANCHOR-
[AUTOPOS] Scanning for ANCHOR-*
[AUTOPOS] Anchor ctrl sent[0]: RUNTIME MATRIX FORCE uuid=F3BB7A04104F9CB8561DDDACB9E53714
[AUTOPOS] Anchor ctrl sent[1]: RUNTIME MATRIX FORCE uuid=B1E487C2B1FD740D1442206A1857DFA1
[AUTOPOS] Anchor ctrl sent[2]: RUNTIME MATRIX FORCE uuid=B3087BC3D87CCCD316AEDC6B71D6677F
[AUTOPOS] Anchor ctrl sent[3]: RUNTIME MATRIX FORCE uuid=840C68591E90019821AACFF1B73AAA34
[AUTOPOS] Anchor ctrl sent[4]: RUNTIME MATRIX FORCE uuid=A892AF05DD59CF0D0D3408AD74F364A1
[AUTOPOS] Anchor ctrl sent[5]: RUNTIME MATRIX FORCE uuid=B9179575C776C98F1CB132DD6EDC6223
[AUTOPOS] Anchor ctrl sent[6]: RUNTIME MATRIX FORCE uuid=CEE5A7EFCB35F8A56B430047629F5309
[AUTOPOS] Anchor ctrl sent[7]: RUNTIME MATRIX FORCE uuid=B2B5FA625534A8C617135DCAFC9E036A
[AUTOPOS] anchor role all matrix runtime sent=8 ready=8/8
[AUTOPOS] ANCHOR_CTRL[0] notify: OK RUNTIME_RESTART_REQUESTED
[AUTOPOS] ANCHOR_CTRL[1] notify: OK RUNTIME_RESTART_REQUESTED
[AUTOPOS] ANCHOR_CTRL[2] notify: OK RUNTIME_RESTART_REQUESTED
[AUTOPOS] ANCHOR_CTRL[3] notify: OK RUNTIME_RESTART_REQUESTED
[AUTOPOS] ANCHOR_CTRL[5] notify: OK RUNTIME_RESTART_REQUESTED
[AUTOPOS] ANCHOR_CTRL[4] notify: OK RUNTIME_RESTART_REQUESTED
[AUTOPOS] ANCHOR_CTRL[6] notify: OK RUNTIME_RESTART_REQUESTED
[AUTOPOS] ANCHOR_CTRL[7] notify: OK RUNTIME_RESTART_REQUESTED
[AUTOPOS] Anchor ctrl sent[0]: RUNTIME MATRIX FORCE uuid=F3BB7A04104F9CB8561DDDACB9E53714
[AUTOPOS] Anchor ctrl sent[1]: RUNTIME MATRIX FORCE uuid=B1E487C2B1FD740D1442206A1857DFA1
[AUTOPOS] Anchor ctrl sent[2]: RUNTIME MATRIX FORCE uuid=B3087BC3D87CCCD316AEDC6B71D6677F
[AUTOPOS] Anchor ctrl sent[3]: RUNTIME MATRIX FORCE uuid=840C68591E90019821AACFF1B73AAA34
[AUTOPOS] Anchor ctrl sent[4]: RUNTIME MATRIX FORCE uuid=A892AF05DD59CF0D0D3408AD74F364A1
[AUTOPOS] Anchor ctrl sent[5]: RUNTIME MATRIX FORCE uuid=B9179575C776C98F1CB132DD6EDC6223
[AUTOPOS] Anchor ctrl sent[6]: RUNTIME MATRIX FORCE uuid=CEE5A7EFCB35F8A56B430047629F5309
[AUTOPOS] Anchor ctrl sent[7]: RUNTIME MATRIX FORCE uuid=B2B5FA625534A8C617135DCAFC9E036A
[AUTOPOS] anchor role all matrix runtime repeat sent=8 ready=8/8
[AUTOPOS] ANCHOR_CTRL[0] notify: OK RUNTIME_RESTART_REQUESTED
[AUTOPOS] ANCHOR_CTRL[1] notify: OK RUNTIME_RESTART_REQUESTED
[AUTOPOS] ANCHOR_CTRL[3] notify: OK RUNTIME_RESTART_REQUESTED
[AUTOPOS] ANCHOR_CTRL[4] notify: OK RUNTIME_RESTART_REQUESTED
[AUTOPOS] ANCHOR_CTRL[2] notify: OK RUNTIME_RESTART_REQUESTED
[AUTOPOS] ANCHOR_CTRL[6] notify: OK RUNTIME_RESTART_REQUESTED
[AUTOPOS] ANCHOR_CTRL[7] notify: OK RUNTIME_RESTART_REQUESTED
[AUTOPOS] ANCHOR_CTRL[5] notify: OK RUNTIME_RESTART_REQUESTED
[AUTOPOS] Anchor ctrl sent[0]: RUNTIME MATRIX FORCE uuid=F3BB7A04104F9CB8561DDDACB9E53714
[AUTOPOS] Anchor ctrl sent[1]: RUNTIME MATRIX FORCE uuid=B1E487C2B1FD740D1442206A1857DFA1
[AUTOPOS] Anchor ctrl sent[2]: RUNTIME MATRIX FORCE uuid=B3087BC3D87CCCD316AEDC6B71D6677F
[AUTOPOS] Anchor ctrl sent[3]: RUNTIME MATRIX FORCE uuid=840C68591E90019821AACFF1B73AAA34
[AUTOPOS] Anchor ctrl sent[4]: RUNTIME MATRIX FORCE uuid=A892AF05DD59CF0D0D3408AD74F364A1
[AUTOPOS] Anchor ctrl sent[5]: RUNTIME MATRIX FORCE uuid=B9179575C776C98F1CB132DD6EDC6223
[AUTOPOS] Anchor ctrl sent[6]: RUNTIME MATRIX FORCE uuid=CEE5A7EFCB35F8A56B430047629F5309
[AUTOPOS] Anchor ctrl sent[7]: RUNTIME MATRIX FORCE uuid=B2B5FA625534A8C617135DCAFC9E036A
[AUTOPOS] anchor role all matrix runtime final sent=8 ready=8/8 total_sent=24
[AUTOPOS] anchor role rc=0 target=all role=matrix
[AUTOPOS] ANCHOR_CTRL[0] notify: OK RUNTIME_RESTART_REQUESTED
[AUTOPOS] ANCHOR_CTRL[1] notify: OK RUNTIME_RESTART_REQUESTED
[AUTOPOS] ANCHOR_CTRL[3] notify: OK RUNTIME_RESTART_REQUESTED
[AUTOPOS] ANCHOR_CTRL[5] notify: OK RUNTIME_RESTART_REQUESTED
[AUTOPOS] ANCHOR_CTRL[4] notify: OK RUNTIME_RESTART_REQUESTED
[AUTOPOS] ANCHOR_CTRL[2] notify: OK RUNTIME_RESTART_REQUESTED
[AUTOPOS] ANCHOR_CTRL[6] notify: OK RUNTIME_RESTART_REQUESTED
[AUTOPOS] ANCHOR_CTRL[7] notify: OK RUNTIME_RESTART_REQUESTED
[AUTOPOS] Conn param updated[7]: int=6 lat=0 to=400
SESSION: matrix runtime broadcast acknowledged by 8/8 ready anchors
