PORT=/dev/serial/by-id/usb-Master_Anchor_BioSpur_BLE_Control_87EA2F4A526C5A02-if00
START=2026-05-11 01:40:39
MASTER=A
PRECHECK: BSxxxx tag quarantine disabled; master/matrix anchors ignore tag polls during sweep
PRECHECK: context session_autopos_ready=1 autopos_initialized=1
PRECHECK: reusing session AUTOPOS state from matrix guard
PRECHECK: reusing existing AUTOPOS map
>>> autopos round A 10
[AUTOPOS] AUTOPOS round staged: master=A sets=10
>>> autopos status
[AUTOPOS] AUTOPOS: mode=AUTOPOS state=staged staged=A last_success=A sets=10 error=-
>>> autopos apply
[AUTOPOS] AUTOPOS apply started
[AUTOPOS] RECV_BG gate: SUPPRESS reason=autopos_detach
[AUTOPOS] RECV_BG gate: ALLOW reason=autopos_detach_done
[AUTOPOS] SCAN start req: bt_ready=1 scan_running=0 connecting_slot=-1 conn_count=0 target=anchor prefix=ANCHOR-
[AUTOPOS] Scanning for ANCHOR-*
[AUTOPOS] AUTOPOS apply mode: incremental
[AUTOPOS] AUTOPOS apply incremental: prev_master=A new_master=A
[AUTOPOS] Master discovery mode: CONN & START
[AUTOPOS] Master discovery mode: CONN & START
[AUTOPOS] SCAN start req: bt_ready=1 scan_running=0 connecting_slot=-1 conn_count=0 target=anchor prefix=ANCHOR-
[AUTOPOS] Scanning for ANCHOR-*
[AUTOPOS] AUTOPOS wait anchor ready: uuid=4DC6B8187E33803AE8601FB0D7992B96 timeout_ms=12000
[AUTOPOS] AUTOPOS wait anchor ready: waited=0 ready_count=0
[AUTOPOS] READY count=0 target=anchor target_uuid=4DC6B8187E33803AE8601FB0D7992B96 conn_count=0 connecting_slot=-1 scan=1 auto=1
[AUTOPOS] SCAN hit: F2:B7:4E:8A:79:01 (random) rssi=-74 name=- bs=- uuid=4DC6B8187E33803AE8601FB0D7992B96 target=anchor uuid_ok=1 tag_name=0 anchor_name=0 nus=0 dfu=0 token=0 props=0x03
[AUTOPOS] CONNECT queue[0]: addr=F2:B7:4E:8A:79:01 (random) link=anchor-ctrl uuid=4DC6B8187E33803AE8601FB0D7992B96 target=anchor
[AUTOPOS] CONNECT pending[0]: addr_valid=1 link=anchor-ctrl uuid=4DC6B8187E33803AE8601FB0D7992B96 scan_running=1 conn_count=0
[AUTOPOS] CONNECT pending[0]: bt_le_scan_stop rc=0 scan_running=1
[AUTOPOS] CONNECT pending[0] rc=0 conn=0x200048e8 interval=32-56 timeout=1000
[AUTOPOS] Connected[0]: F2:B7:4E:8A:79:01 (random) name=- bs=-
[AUTOPOS] CONNECT state[0]: link=anchor-ctrl uuid=4DC6B8187E33803AE8601FB0D7992B96 ready=0 conn=0x200048e8
SETUP[0] begin: link=anchor-ctrl uuid=4DC6B8187E33803AE8601FB0D7992B96 conn=0x200048e8
SETUP[0] anchor-ctrl result-stream mtu_exchange rc=0
SETUP[0] conn_param_update rc=0 interval=32-56 timeout=1000
Anchor ctrl result-stream subscribe[0] rc=0
ANCHOR_CTRL[0] static link ready state=0x0012 ctrl=0x0019 result=0x001b uuid=4DC6B8187E33803AE8601FB0D7992B96
[AUTOPOS] AUTOPOS wait anchor ready: waited=800 ready_count=1
[AUTOPOS] READY count=1 target=anchor target_uuid=4DC6B8187E33803AE8601FB0D7992B96 conn_count=1 connecting_slot=-1 scan=0 auto=1
[AUTOPOS] READY peer[0]: link=anchor-ctrl connected=1 ready=1 pending=0 inflight=0 retries=0 start_failures=0 uuid=4DC6B8187E33803AE8601FB0D7992B96 name=- state_h=0x0012 ctrl_h=0x0019 result_h=0x001b
[AUTOPOS] AUTOPOS wait anchor ready: uuid=4DC6B8187E33803AE8601FB0D7992B96 control link ready
[AUTOPOS] Master anchor result stream: on
[AUTOPOS] Anchor ctrl sent[0]: RM 10 uuid=4DC6B8187E33803AE8601FB0D7992B96
[AUTOPOS] MTU exchange[0] done (498)
[AUTOPOS] Conn param updated[0]: int=56 lat=0 to=1000
[AUTOPOS] AUTOPOS result: OK RUNTIME_SWITCH_REQUESTED SWEEP=10
[AUTOPOS] AUTOPOS anchor A role verified
[AUTOPOS] AUTOPOS apply success: master=A
[AUTOPOS] AUTOPOS finite sweep handoff: master=A sets=10; host waits for SWEEP_DONE
[AUTOPOS] AUTOPOS sweep listen attach: master=A uuid=4DC6B8187E33803AE8601FB0D7992B96
[AUTOPOS] Master anchor result stream: on
[AUTOPOS] Master discovery mode: CONN & START
[AUTOPOS] ANCHOR_CTRL[0] notify: DBG ROLE_ENTRY_PENDING anchor=A current=matrix pending=master sets=10
[AUTOPOS] ANCHOR_CTRL[0] notify: DBG ROLE_SWITCH anchor=A role=master sets=10
[AUTOPOS] ANCHOR_CTRL[0] notify: DBG ROLE_START anchor=A role=master sets=10
[AUTOPOS] ANCHOR_CTRL[0] notify: DBG MASTER_START anchor=A peers=7 sets=10
[AUTOPOS] ANCHOR_CTRL[0] notify: DBG MASTER_FIRST_PEER anchor=A peer=B
[AUTOPOS] ANCHOR_CTRL[0] notify: DBG MASTER_FIRST_RESULT anchor=A peer=B rx=1 status=0x00806ff2
[AUTOPOS] SW-A,B,3771,100,C,3000,100,D,5791,100,E,1682,100,F,4063,100,G,3455,100,H,5317,100
[AUTOPOS] SW-A,B,3790,100,C,2958,100,D,5769,100,E,1696,100,F,4075,100,G,3436,100,H,5331,100
[AUTOPOS] SW-A,B,3827,100,C,2930,100,D,5787,100,E,1714,100,F,4080,100,G,3487,100,H,5254,100
[AUTOPOS] SW-A,B,3822,100,C,2984,100,D,5787,100,E,1679,100,F,4030,100,G,3442,100,H,5308,100
[AUTOPOS] SW-A,B,3822,100,C,3018,100,D,5484,80,E,1698,100,F,4030,100,G,3465,100,H,5335,100
[AUTOPOS] SW-A,B,3796,83,C,2964,100,D,5785,83,E,1709,100,F,4080,83,G,3492,100,H,5371,100
[AUTOPOS] SW-A,B,3822,85,C,2988,100,D,5799,85,E,1709,100,F,4123,85,G,3477,100,H,5310,100
[AUTOPOS] SW-A,B,3822,85,C,2941,100,D,5783,87,E,1689,100,F,4076,87,G,3467,100,H,5279,100
[AUTOPOS] SW-A,B,3882,77,C,2935,100,D,5787,88,E,1711,100,F,4038,88,G,3502,100,H,5365,100
[AUTOPOS] SW-A,B,3811,80,C,2994,100,D,5425,90,E,1712,100,F,4102,90,G,3438,100,H,5346,100
[AUTOPOS] ANCHOR_CTRL[0] notify: SWEEP_DONE master=A sets=10 role=matrix
[AUTOPOS] ANCHOR_CTRL[0] notify: DBG ROLE_SWITCH anchor=A role=matrix sets=0
END=2026-05-11 01:40:48
