Traceback (most recent call last):
  File "/home/zekaixiao/Documents/nRF_dev/BioSpur_UWB_before_start/scripts/ble_anchor_control.py", line 175, in <module>
    raise SystemExit(main())
                     ^^^^^^
  File "/home/zekaixiao/Documents/nRF_dev/BioSpur_UWB_before_start/scripts/ble_anchor_control.py", line 163, in main
    result = asyncio.run(run(args))
             ^^^^^^^^^^^^^^^^^^^^^^
  File "/usr/lib/python3.12/asyncio/runners.py", line 194, in run
    return runner.run(main)
           ^^^^^^^^^^^^^^^^
  File "/usr/lib/python3.12/asyncio/runners.py", line 118, in run
    return self._loop.run_until_complete(task)
           ^^^^^^^^^^^^^^^^^^^^^^^^^^^^^^^^^^^
  File "/usr/lib/python3.12/asyncio/base_events.py", line 687, in run_until_complete
    return future.result()
           ^^^^^^^^^^^^^^^
  File "/home/zekaixiao/Documents/nRF_dev/BioSpur_UWB_before_start/scripts/ble_anchor_control.py", line 104, in run
    target = await resolve_target(args)
             ^^^^^^^^^^^^^^^^^^^^^^^^^^
  File "/home/zekaixiao/Documents/nRF_dev/BioSpur_UWB_before_start/scripts/ble_anchor_control.py", line 88, in resolve_target
    raise RuntimeError(f"device_uuid not found in scan: {want}")
RuntimeError: device_uuid not found in scan: 4DC6B8187E33803AE8601FB0D7992B96
