deca;0xb101;0xffff;0xe0;18149;7;1994;120;7300;17
UF;9568271;93326;0xdeca;0xb101;0xffff;0xe0;16660;7;1740;117listener debug sel=A valid=1 age=5938283 level=7 good=93625 accepted=23971 badhdr=0 nonanchor=69654 toolong=0 rxerr=98 rxen_fail=0 rxen_last=0 sys_status=0x00800002 sys_state=000505450b rx_finfo=0x0796c811 last_status=0x04800102 last_len=17 pan=0xdeca dst=0xffff src=0xb101 code=0xe0
listener debug sel=A valid=1 age=5939283 level=7 good=93625 accepted=23971 badhdr=0 nonanchor=69654 toolong=0 rxerr=98 rxen_fail=0 rxen_last=0 sys_status=0x00800002 sys_state=000505410b rx_finfo=0x0796c811 last_status=0x04800102 last_len=17 pan=0xdeca dst=0xffff src=0xb101 code=0xe0
listener debug sel=A valid=1 age=5940288 level=7 good=93625 accepted=23971 badhdr=0 nonanchor=69654 toolong=0 rxerr=98 rxen_fail=0 rxen_last=0 sys_status=0x00800002 sys_state=000505430b rx_finfo=0x0796c811 last_status=0x04800102 last_len=17 pan=0xdeca dst=0xffff src=0xb101 code=0xe0
listener debug sel=A valid=1 age=5941292 level=7 good=93625 accepted=23971 badhdr=0 nonanchor=69654 toolong=0 rxerr=98 rxen_fail=0 rxen_last=0 sys_status=0x00800002 sys_state=000505480b rx_finfo=0x0796c811 last_status=0x04800102 last_len=17 pan=0xdeca dst=0xffff src=0xb101 code=0xe0
listener debug sel=A valid=1 age=5942292 level=7 good=93625 accepted=23971 badhdr=0 nonanchor=69654 toolong=0 rxerr=98 rxen_fail=0 rxen_last=0 sys_status=0x00800002 sys_state=000505410b rx_finfo=0x0796c811 last_status=0x04800102 last_len=17 pan=0xdeca dst=0xffff src=0xb101 code=0xe0
listener debug sel=A valid=1 age=5943292 level=7 good=93625 accepted=23971 badhdr=0 nonanchor=69654 toolong=0 rxerr=98 rxen_fail=0 rxen_last=0 sys_status=0x00800002 sys_state=000505470b rx_finfo=0x0796c811 last_status=0x04800102 last_len=17 pan=0xdeca dst=0xffff src=0xb101 code=0xe0
listener debug sel=A valid=1 age=5944292 level=7 good=93625 accepted=23971 badhdr=0 nonanchor=69654 toolong=0 rxerr=98 rxen_fail=0 rxen_last=0 sys_status=0x00800002 sys_state=000505410b rx_finfo=0x0796c811 last_status=0x04800102 last_len=17 pan=0xdeca dst=0xffff src=0xb101 code=0xe0
listener debug sel=A valid=1 age=5945296 level=7 good=93625 accepted=23971 badhdr=0 nonanchor=69654 toolong=0 rxerr=98 rxen_fail=0 rxen_last=0 sys_status=0x00800002 sys_state=000505470b rx_finfo=0x0796c811 last_status=0x04800102 last_len=17 pan=0xdeca dst=0xffff src=0xb101 code=0xe0
listener debug sel=A valid=1 age=5946296 level=7 good=93625 accepted=23971 badhdr=0 nonanchor=69654 toolong=0 rxerr=98 rxen_fail=0 rxen_last=0 sys_status=0x00800002 sys_state=000505410b rx_finfo=0x0796c811 last_status=0x04800102 last_len=17 pan=0xdeca dst=0xffff src=0xb101 code=0xe0
listener debug sel=A valid=1 age=5947296 level=7 good=93625 accepted=23971 badhdr=0 nonanchor=69654 toolong=0 rxerr=98 rxen_fail=0 rxen_last=0 sys_status=0x00800002 sys_state=000505480b rx_finfo=0x0796c811 last_status=0x04800102 last_len=17 pan=0xdeca dst=0xffff src=0xb101 code=0xe0
listener debug sel=A valid=1 age=5948296 level=7 good=93625 accepted=23971 badhdr=0 nonanchor=69654 toolong=0 rxerr=98 rxen_fail=0 rxen_last=0 sys_status=0x00800002 sys_state=000505410b rx_finfo=0x0796c811 last_status=0x04800102 last_len=17 pan=0xdeca dst=0xffff src=0xb101 code=0xe0
listener debug sel=A valid=1 age=5949300 level=7 good=93625 accepted=23971 badhdr=0 nonanchor=69654 toolong=0 rxerr=98 rxen_fail=0 rxen_last=0 sys_status=0x00800002 sys_state=000505450b rx_finfo=0x0796c811 last_status=0x04800102 last_len=17 pan=0xdeca dst=0xffff src=0xb101 code=0xe0
listener debug sel=A valid=1 age=5950300 level=7 good=93625 accepted=23971 badhdr=0 nonanchor=69654 toolong=0 rxerr=98 rxen_fail=0 rxen_last=0 sys_status=0x00800002 sys_state=000505400b rx_finfo=0x0796c811 last_status=0x04800102 last_len=17 pan=0xdeca dst=0xffff src=0xb101 code=0xe0
listener debug sel=A valid=1 age=5951300 level=7 good=93625 accepted=23971 badhdr=0 nonanchor=69654 toolong=0 rxerr=98 rxen_fail=0 rxen_last=0 sys_status=0x00800002 sys_state=000505410b rx_finfo=0x0796c811 last_status=0x04800102 last_len=17 pan=0xdeca dst=0xffff src=0xb101 code=0xe0
listener debug sel=A valid=1 age=5952300 level=7 good=93625 accepted=23971 badhdr=0 nonanchor=69654 toolong=0 rxerr=98 rxen_fail=0 rxen_last=0 sys_status=0x00800002 sys_state=000505460b rx_finfo=0x0796c811 last_status=0x04800102 last_len=17 pan=0xdeca dst=0xffff src=0xb101 code=0xe0
listener debug sel=A valid=1 age=5953305 level=7 good=93625 accepted=23971 badhdr=0 nonanchor=69654 toolong=0 rxerr=98 rxen_fail=0 rxen_last=0 sys_status=0x00800002 sys_state=000505410b rx_finfo=0x0796c811 last_status=0x04800102 last_len=17 pan=0xdeca dst=0xffff src=0xb101 code=0xe0
listener debug sel=A valid=1 age=5954309 level=7 good=93625 accepted=23971 badhdr=0 nonanchor=69654 toolong=0 rxerr=98 rxen_fail=0 rxen_last=0 sys_status=0x00800002 sys_state=000505460b rx_finfo=0x0796c811 last_status=0x04800102 last_len=17 pan=0xdeca dst=0xffff src=0xb101 code=0xe0
listener debug sel=A valid=1 age=5955309 level=7 good=93625 accepted=23971 badhdr=0 nonanchor=69654 toolong=0 rxerr=98 rxen_fail=0 rxen_last=0 sys_status=0x00800002 sys_state=000505430b rx_finfo=0x0796c811 last_status=0x04800102 last_len=17 pan=0xdeca dst=0xffff src=0xb101 code=0xe0
listener debug sel=A valid=1 age=5956309 level=7 good=93625 accepted=23971 badhdr=0 nonanchor=69654 toolong=0 rxerr=98 rxen_fail=0 rxen_last=0 sys_status=0x00800002 sys_state=000505410b rx_finfo=0x0796c811 last_status=0x04800102 last_len=17 pan=0xdeca dst=0xffff src=0xb101 code=0xe0
listener debug sel=A valid=1 age=5957309 level=7 good=93625 accepted=23971 badhdr=0 nonanchor=69654 toolong=0 rxerr=98 rxen_fail=0 rxen_last=0 sys_status=0x00800002 sys_state=000505430b rx_finfo=0x0796c811 last_status=0x04800102 last_len=17 pan=0xdeca dst=0xffff src=0xb101 code=0xe0
listener debug sel=A valid=1 age=5958314 level=7 good=93625 accepted=23971 badhdr=0 nonanchor=69654 toolong=0 rxerr=98 rxen_fail=0 rxen_last=0 sys_status=0x00800002 sys_state=000505460b rx_finfo=0x0796c811 last_status=0x04800102 last_len=17 pan=0xdeca dst=0xffff src=0xb101 code=0xe0
listener debug sel=A valid=1 age=5959318 level=7 good=93625 accepted=23971 badhdr=0 nonanchor=69654 toolong=0 rxerr=98 rxen_fail=0 rxen_last=0 sys_status=0x00800002 sys_state=000505480b rx_finfo=0x0796c811 last_status=0x04800102 last_len=17 pan=0xdeca dst=0xffff src=0xb101 code=0xe0
listener debug sel=A valid=1 age=5960318 level=7 good=93625 accepted=23971 badhdr=0 nonanchor=69654 toolong=0 rxerr=98 rxen_fail=0 rxen_last=0 sys_status=0x00800002 sys_state=000505430b rx_finfo=0x0796c811 last_status=0x04800102 last_len=17 pan=0xdeca dst=0xffff src=0xb101 code=0xe0
listener debug sel=A valid=1 age=5961318 level=7 good=93625 accepted=23971 badhdr=0 nonanchor=69654 toolong=0 rxerr=98 rxen_fail=0 rxen_last=0 sys_status=0x00800002 sys_state=000505410b rx_finfo=0x0796c811 last_status=0x04800102 last_len=17 pan=0xdeca dst=0xffff src=0xb101 code=0xe0
listener debug sel=A valid=1 age=5962318 level=7 good=93625 accepted=23971 badhdr=0 nonanchor=69654 toolong=0 rxerr=98 rxen_fail=0 rxen_last=0 sys_status=0x00800002 sys_state=000505410b rx_finfo=0x0796c811 last_status=0x04800102 last_len=17 pan=0xdeca dst=0xffff src=0xb101 code=0xe0
listener debug sel=A valid=1 age=5963322 level=7 good=93625 accepted=23971 badhdr=0 nonanchor=69654 toolong=0 rxerr=98 rxen_fail=0 rxen_last=0 sys_status=0x00800002 sys_state=000505450b rx_finfo=0x0796c811 last_status=0x04800102 last_len=17 pan=0xdeca dst=0xffff src=0xb101 code=0xe0
listener debug sel=A valid=1 age=5964322 level=7 good=93625 accepted=23971 badhdr=0 nonanchor=69654 toolong=0 rxerr=98 rxen_fail=0 rxen_last=0 sys_status=0x00800002 sys_state=000505410b rx_finfo=0x0796c811 last_status=0x04800102 last_len=17 pan=0xdeca dst=0xffff src=0xb101 code=0xe0
listener debug sel=A valid=1 age=5965322 level=7 good=93625 accepted=23971 badhdr=0 nonanchor=69654 toolong=0 rxerr=98 rxen_fail=0 rxen_last=0 sys_status=0x00800002 sys_state=000505470b rx_finfo=0x0796c811 last_status=0x04800102 last_len=17 pan=0xdeca dst=0xffff src=0xb101 code=0xe0
listener debug sel=A valid=1 age=5966322 level=7 good=93625 accepted=23971 badhdr=0 nonanchor=69654 toolong=0 rxerr=98 rxen_fail=0 rxen_last=0 sys_status=0x00800002 sys_state=000505480b rx_finfo=0x0796c811 last_status=0x04800102 last_len=17 pan=0xdeca dst=0xffff src=0xb101 code=0xe0
listener debug sel=A valid=1 age=5967327 level=7 good=93625 accepted=23971 badhdr=0 nonanchor=69654 toolong=0 rxerr=98 rxen_fail=0 rxen_last=0 sys_status=0x00800002 sys_state=000505450b rx_finfo=0x0796c811 last_status=0x04800102 last_len=17 pan=0xdeca dst=0xffff src=0xb101 code=0xe0
listener debug sel=A valid=1 age=5968331 level=7 good=93625 accepted=23971 badhdr=0 nonanchor=69654 toolong=0 rxerr=98 rxen_fail=0 rxen_last=0 sys_status=0x00800002 sys_state=000505440b rx_finfo=0x0796c811 last_status=0x04800102 last_len=17 pan=0xdeca dst=0xffff src=0xb101 code=0xe0
listener debug sel=A valid=1 age=5969331 level=7 good=93625 accepted=23971 badhdr=0 nonanchor=69654 toolong=0 rxerr=98 rxen_fail=0 rxen_last=0 sys_status=0x00800002 sys_state=000505470b rx_finfo=0x0796c811 last_status=0x04800102 last_len=17 pan=0xdeca dst=0xffff src=0xb101 code=0xe0
listener debug sel=A valid=1 age=5970331 level=7 good=93625 accepted=23971 badhdr=0 nonanchor=69654 toolong=0 rxerr=98 rxen_fail=0 rxen_last=0 sys_status=0x00800002 sys_state=000505450b rx_finfo=0x0796c811 last_status=0x04800102 last_len=17 pan=0xdeca dst=0xffff src=0xb101 code=0xe0
listener debug sel=A valid=1 age=5971331 level=7 good=93625 accepted=23971 badhdr=0 nonanchor=69654 toolong=0 rxerr=98 rxen_fail=0 rxen_last=0 sys_status=0x00800002 sys_state=000505460b rx_finfo=0x0796c811 last_status=0x04800102 last_len=17 pan=0xdeca dst=0xffff src=0xb101 code=0xe0
listener debug sel=A valid=1 age=5972336 level=7 good=93625 accepted=23971 badhdr=0 nonanchor=69654 toolong=0 rxerr=98 rxen_fail=0 rxen_last=0 sys_status=0x00800002 sys_state=000505470b rx_finfo=0x0796c811 last_status=0x04800102 last_len=17 pan=0xdeca dst=0xffff src=0xb101 code=0xe0
listener debug sel=A valid=1 age=5973340 level=7 good=93625 accepted=23971 badhdr=0 nonanchor=69654 toolong=0 rxerr=98 rxen_fail=0 rxen_last=0 sys_status=0x00800002 sys_state=000505460b rx_finfo=0x0796c811 last_status=0x04800102 last_len=17 pan=0xdeca dst=0xffff src=0xb101 code=0xe0
listener debug sel=A valid=1 age=5974340 level=7 good=93625 accepted=23971 badhdr=0 nonanchor=69654 toolong=0 rxerr=98 rxen_fail=0 rxen_last=0 sys_status=0x00800002 sys_state=000505440b rx_finfo=0x0796c811 last_status=0x04800102 last_len=17 pan=0xdeca dst=0xffff src=0xb101 code=0xe0
listener debug sel=A valid=1 age=5975340 level=7 good=93625 accepted=23971 badhdr=0 nonanchor=69654 toolong=0 rxerr=98 rxen_fail=0 rxen_last=0 sys_status=0x00800002 sys_state=000505450b rx_finfo=0x0796c811 last_status=0x04800102 last_len=17 pan=0xdeca dst=0xffff src=0xb101 code=0xe0
listener debug sel=A valid=1 age=5976340 level=7 good=93625 accepted=23971 badhdr=0 nonanchor=69654 toolong=0 rxerr=98 rxen_fail=0 rxen_last=0 sys_status=0x00800002 sys_state=000505400b rx_finfo=0x0796c811 last_status=0x04800102 last_len=17 pan=0xdeca dst=0xffff src=0xb101 code=0xe0
listener debug sel=A valid=1 age=5977344 level=7 good=93625 accepted=23971 badhdr=0 nonanchor=69654 toolong=0 rxerr=98 rxen_fail=0 rxen_last=0 sys_status=0x00800002 sys_state=000505430b rx_finfo=0x0796c811 last_status=0x04800102 last_len=17 pan=0xdeca dst=0xffff src=0xb101 code=0xe0
listener debug sel=A valid=1 age=5978344 level=7 good=93625 accepted=23971 badhdr=0 nonanchor=69654 toolong=0 rxerr=98 rxen_fail=0 rxen_last=0 sys_status=0x00800002 sys_state=000505440b rx_finfo=0x0796c811 last_status=0x04800102 last_len=17 pan=0xdeca dst=0xffff src=0xb101 code=0xe0
listener debug sel=A valid=1 age=5979344 level=7 good=93625 accepted=23971 badhdr=0 nonanchor=69654 toolong=0 rxerr=98 rxen_fail=0 rxen_last=0 sys_status=0x00800002 sys_state=000505400b rx_finfo=0x0796c811 last_status=0x04800102 last_len=17 pan=0xdeca dst=0xffff src=0xb101 code=0xe0
listener debug sel=A valid=1 age=5980344 level=7 good=93625 accepted=23971 badhdr=0 nonanchor=69654 toolong=0 rxerr=98 rxen_fail=0 rxen_last=0 sys_status=0x00800002 sys_state=000505460b rx_finfo=0x0796c811 last_status=0x04800102 last_len=17 pan=0xdeca dst=0xffff src=0xb101 code=0xe0
listener debug sel=A valid=1 age=5981348 level=7 good=93625 accepted=23971 badhdr=0 nonanchor=69654 toolong=0 rxerr=98 rxen_fail=0 rxen_last=0 sys_status=0x00800002 sys_state=000505460b rx_finfo=0x0796c811 last_status=0x04800102 last_len=17 pan=0xdeca dst=0xffff src=0xb101 code=0xe0
listener debug sel=A valid=1 age=5982348 level=7 good=93625 accepted=23971 badhdr=0 nonanchor=69654 toolong=0 rxerr=98 rxen_fail=0 rxen_last=0 sys_status=0x00800002 sys_state=000505470b rx_finfo=0x0796c811 last_status=0x04800102 last_len=17 pan=0xdeca dst=0xffff src=0xb101 code=0xe0
listener debug sel=A valid=1 age=5983348 level=7 good=93625 accepted=23971 badhdr=0 nonanchor=69654 toolong=0 rxerr=98 rxen_fail=0 rxen_last=0 sys_status=0x00800002 sys_state=000505480b rx_finfo=0x0796c811 last_status=0x04800102 last_len=17 pan=0xdeca dst=0xffff src=0xb101 code=0xe0
listener debug sel=A valid=1 age=5984348 level=7 good=93625 accepted=23971 badhdr=0 nonanchor=69654 toolong=0 rxerr=98 rxen_fail=0 rxen_last=0 sys_status=0x00800002 sys_state=000505430b rx_finfo=0x0796c811 last_status=0x04800102 last_len=17 pan=0xdeca dst=0xffff src=0xb101 code=0xe0
listener debug sel=A valid=1 age=5985353 level=7 good=93625 accepted=23971 badhdr=0 nonanchor=69654 toolong=0 rxerr=98 rxen_fail=0 rxen_last=0 sys_status=0x00800002 sys_state=000505440b rx_finfo=0x0796c811 last_status=0x04800102 last_len=17 pan=0xdeca dst=0xffff src=0xb101 code=0xe0
listener debug sel=A valid=1 age=5986357 level=7 good=93625 accepted=23971 badhdr=0 nonanchor=69654 toolong=0 rxerr=98 rxen_fail=0 rxen_last=0 sys_status=0x00800002 sys_state=000505410b rx_finfo=0x0796c811 last_status=0x04800102 last_len=17 pan=0xdeca dst=0xffff src=0xb101 code=0xe0
listener debug sel=A valid=1 age=5987357 level=7 good=93625 accepted=23971 badhdr=0 nonanchor=69654 toolong=0 rxerr=98 rxen_fail=0 rxen_last=0 sys_status=0x00800002 sys_state=000505420b rx_finfo=0x0796c811 last_status=0x04800102 last_len=17 pan=0xdeca dst=0xffff src=0xb101 code=0xe0
listener debug sel=A valid=1 age=5988357 level=7 good=93625 accepted=23971 badhdr=0 nonanchor=69654 toolong=0 rxerr=98 rxen_fail=0 rxen_last=0 sys_status=0x00800002 sys_state=000505470b rx_finfo=0x0796c811 last_status=0x04800102 last_len=17 pan=0xdeca dst=0xffff src=0xb101 code=0xe0
listener debug sel=A valid=1 age=5989357 level=7 good=93625 accepted=23971 badhdr=0 nonanchor=69654 toolong=0 rxerr=98 rxen_fail=0 rxen_last=0 sys_status=0x00800002 sys_state=000505400b rx_finfo=0x0796c811 last_status=0x04800102 last_len=17 pan=0xdeca dst=0xffff src=0xb101 code=0xe0
listener debug sel=A valid=1 age=5990362 level=7 good=93625 accepted=23971 badhdr=0 nonanchor=69654 toolong=0 rxerr=98 rxen_fail=0 rxen_last=0 sys_status=0x00800002 sys_state=000505480b rx_finfo=0x0796c811 last_status=0x04800102 last_len=17 pan=0xdeca dst=0xffff src=0xb101 code=0xe0
listener debug sel=A valid=1 age=5991366 level=7 good=93625 accepted=23971 badhdr=0 nonanchor=69654 toolong=0 rxerr=98 rxen_fail=0 rxen_last=0 sys_status=0x00800002 sys_state=000505400b rx_finfo=0x0796c811 last_status=0x04800102 last_len=17 pan=0xdeca dst=0xffff src=0xb101 code=0xe0
listener debug sel=A valid=1 age=5992366 level=7 good=93625 accepted=23971 badhdr=0 nonanchor=69654 toolong=0 rxerr=98 rxen_fail=0 rxen_last=0 sys_status=0x00800002 sys_state=000505440b rx_finfo=0x0796c811 last_status=0x04800102 last_len=17 pan=0xdeca dst=0xffff src=0xb101 code=0xe0
listener debug sel=A valid=1 age=5993366 level=7 good=93625 accepted=23971 badhdr=0 nonanchor=69654 toolong=0 rxerr=98 rxen_fail=0 rxen_last=0 sys_status=0x00800002 sys_state=000505400b rx_finfo=0x0796c811 last_status=0x04800102 last_len=17 pan=0xdeca dst=0xffff src=0xb101 code=0xe0
listener debug sel=A valid=1 age=5994366 level=7 good=93625 accepted=23971 badhdr=0 nonanchor=69654 toolong=0 rxerr=98 rxen_fail=0 rxen_last=0 sys_status=0x00800002 sys_state=000505460b rx_finfo=0x0796c811 last_status=0x04800102 last_len=17 pan=0xdeca dst=0xffff src=0xb101 code=0xe0
listener debug sel=A valid=1 age=5995370 level=7 good=93625 accepted=23971 badhdr=0 nonanchor=69654 toolong=0 rxerr=98 rxen_fail=0 rxen_last=0 sys_status=0x00800002 sys_state=000505470b rx_finfo=0x0796c811 last_status=0x04800102 last_len=17 pan=0xdeca dst=0xffff src=0xb101 code=0xe0
listener debug sel=A valid=1 age=5996370 level=7 good=93625 accepted=23971 badhdr=0 nonanchor=69654 toolong=0 rxerr=98 rxen_fail=0 rxen_last=0 sys_status=0x00800002 sys_state=000505410b rx_finfo=0x0796c811 last_status=0x04800102 last_len=17 pan=0xdeca dst=0xffff src=0xb101 code=0xe0
listener debug sel=A valid=1 age=5997370 level=7 good=93625 accepted=23971 badhdr=0 nonanchor=69654 toolong=0 rxerr=98 rxen_fail=0 rxen_last=0 sys_status=0x00800002 sys_state=000505430b rx_finfo=0x0796c811 last_status=0x04800102 last_len=17 pan=0xdeca dst=0xffff src=0xb101 code=0xe0
listener debug sel=A valid=1 age=5998370 level=7 good=93625 accepted=23971 badhdr=0 nonanchor=69654 toolong=0 rxerr=98 rxen_fail=0 rxen_last=0 sys_status=0x00800002 sys_state=000505450b rx_finfo=0x0796c811 last_status=0x04800102 last_len=17 pan=0xdeca dst=0xffff src=0xb101 code=0xe0
listener debug sel=A valid=1 age=5999374 level=7 good=93625 accepted=23971 badhdr=0 nonanchor=69654 toolong=0 rxerr=98 rxen_fail=0 rxen_last=0 sys_status=0x00800002 sys_state=000505430b rx_finfo=0x0796c811 last_status=0x04800102 last_len=17 pan=0xdeca dst=0xffff src=0xb101 code=0xe0
listener debug sel=A valid=1 age=6000374 level=7 good=93625 accepted=23971 badhdr=0 nonanchor=69654 toolong=0 rxerr=98 rxen_fail=0 rxen_last=0 sys_status=0x00800002 sys_state=000505480b rx_finfo=0x0796c811 last_status=0x04800102 last_len=17 pan=0xdeca dst=0xffff src=0xb101 code=0xe0
listener debug sel=A valid=1 age=6001374 level=7 good=93625 accepted=23971 badhdr=0 nonanchor=69654 toolong=0 rxerr=98 rxen_fail=0 rxen_last=0 sys_status=0x00800002 sys_state=000505430b rx_finfo=0x0796c811 last_status=0x04800102 last_len=17 pan=0xdeca dst=0xffff src=0xb101 code=0xe0
listener debug sel=A valid=1 age=6002374 level=7 good=93625 accepted=23971 badhdr=0 nonanchor=69654 toolong=0 rxerr=98 rxen_fail=0 rxen_last=0 sys_status=0x00800002 sys_state=000505400b rx_finfo=0x0796c811 last_status=0x04800102 last_len=17 pan=0xdeca dst=0xffff src=0xb101 code=0xe0
listener debug sel=A valid=1 age=6003379 level=7 good=93625 accepted=23971 badhdr=0 nonanchor=69654 toolong=0 rxerr=98 rxen_fail=0 rxen_last=0 sys_status=0x00800002 sys_state=000505430b rx_finfo=0x0796c811 last_status=0x04800102 last_len=17 pan=0xdeca dst=0xffff src=0xb101 code=0xe0
listener debug sel=A valid=1 age=6004383 level=7 good=93625 accepted=23971 badhdr=0 nonanchor=69654 toolong=0 rxerr=98 rxen_fail=0 rxen_last=0 sys_status=0x00800002 sys_state=000505400b rx_finfo=0x0796c811 last_status=0x04800102 last_len=17 pan=0xdeca dst=0xffff src=0xb101 code=0xe0
listener debug sel=A valid=1 age=6005383 level=7 good=93625 accepted=23971 badhdr=0 nonanchor=69654 toolong=0 rxerr=98 rxen_fail=0 rxen_last=0 sys_status=0x00800002 sys_state=000505440b rx_finfo=0x0796c811 last_status=0x04800102 last_len=17 pan=0xdeca dst=0xffff src=0xb101 code=0xe0
listener debug sel=A valid=1 age=6006383 level=7 good=93625 accepted=23971 badhdr=0 nonanchor=69654 toolong=0 rxerr=98 rxen_fail=0 rxen_last=0 sys_status=0x00800002 sys_state=000505460b rx_finfo=0x0796c811 last_status=0x04800102 last_len=17 pan=0xdeca dst=0xffff src=0xb101 code=0xe0
listener debug sel=A valid=1 age=6007383 level=7 good=93625 accepted=23971 badhdr=0 nonanchor=69654 toolong=0 rxerr=98 rxen_fail=0 rxen_last=0 sys_status=0x00800002 sys_state=000505400b rx_finfo=0x0796c811 last_status=0x04800102 last_len=17 pan=0xdeca dst=0xffff src=0xb101 code=0xe0
UF;10240964;93626;0xdeca;0xb101;0xffff;0xe0;16725;7;1807;119;7256;17
UF;10241039;93627;0xdeca;0xb101;0xffff;0xe0;18139;7;1927;118;6898;17
UF;10241140;93628;0xdeca;0xb101;0xffff;0xe0;17594;7;1998;122;7391;17
UF;10241240;93629;0xdeca;0xb101;0xffff;0xe0;18167;7;1930;118;7117;17
UF;10241341;93630;0xdeca;0xb101;0xffff;0xe0;17091;7;1785;117;7080;17
UF;10241437;93631;0xdeca;0xb101;0xffff;0xe0;19659;7;2124;119;7406;17
UF;10241449;93632;0xdeca;0xa107;0xb101;0xe1;14780;7;1706;123;6348;20
UL;10241449;23972;H;7;0xa107;0xb101;0xe1;14780;7;1706;123;6348;20
UF;10241540;93633;0xdeca;0xb101;0xffff;0xe0;17922;7;2002;121;7446;17
UF;10241641;93634;0xdeca;0xb101;0xffff;0xe0;19724;7;2060;117;7121;17
UF;10241736;93635;0xdeca;0xb101;0xffff;0xe0;17649;7;1939;120;7398;17
UF;10241749;93636;0xdeca;0xa107;0xb101;0xe1;15077;7;1629;119;6802;20
UL;10241749;23973;H;7;0xa107;0xb101;0xe1;15077;7;1629;119;6802;20
UF;10241840;93637;0xdeca;0xb101;0xffff;0xe0;21035;7;2311;120;7251;17
listener debug sel=A valid=1 age=6008384 level=7 good=93637 accepted=23973 badhdr=0 nonanchor=69664 toolong=0 rxerr=98 rxen_fail=0 rxen_last=0 sys_status=0x00800002 sys_state=000505410b rx_finfo=0x0786c811 last_status=0x04800102 last_len=17 pan=0xdeca dst=0xffff src=0xb101 code=0xe0
UF;10241966;93638;0xdeca;0xb101;0xffff;0xe0;18007;7;1913;118;7380;17
UF;10242040;93639;0xdeca;0xb101;0xffff;0xe0;18343;7;2083;122;7467;17
UF;10242141;93640;0xdeca;0xb101;0xffff;0xe0;17530;7;1926;120;7408;17
UF;10242237;93641;0xdeca;0xb101;0xffff;0xe0;19158;7;2140;121;7080;17
UF;10242249;93642;0xdeca;0xa107;0xb101;0xe1;15161;7;1638;119;4024;20
UL;10242249;23974;H;7;0xa107;0xb101;0xe1;15161;7;1638;119;4024;20
UF;10242340;93643;0xdeca;0xb101;0xffff;0xe0;17024;7;1778;117;7243;17
UF;10242441;93644;0xdeca;0xb101;0xffff;0xe0;16624;7;1766;118;6753;17
UF;10242536;93645;0xdeca;0xb101;0xffff;0xe0;17179;7;1919;121;7445;17
UF;10242549;93646;0xdeca;0xa107;0xb101;0xe1;16024;7;1790;121;5467;20
UL;10242549;23975;H;7;0xa107;0xb101;0xe1;16024;7;1790;121;5467;20
UF;10242640;93647;0xdeca;0xb101;0xffff;0xe0;19043;7;2023;118;6895;17
UF;10242740;93648;0xdeca;0xb101;0xffff;0xe0;18276;7;2144;124;7856;17
UF;10242841;93649;0xdeca;0xb101;0xffff;0xe0;19501;7;2251;123;7611;17
uwb any-frame t=10242937 good=93650 len=17 fctrl=8841 pan=0xdeca dst=0xffff src=0xb101 code=0xe0 q=17794 level=7 cir=1955 rxpacc=120 fp=7342/6983/6292
UF;10242937;93650;0xdeca;0xb101;0xffff;0xe0;17794;7;1955;120;7342;17
listener debug sel=A valid=1 age=6009386 level=7 good=93650 accepted=23975 badhdr=0 nonanchor=69675 toolong=0 rxerr=98 rxen_fail=0 rxen_last=0 sys_status=0x00800002 sys_state=000505400b rx_finfo=0x0786c811 last_status=0x04800102 last_len=17 pan=0xdeca dst=0xffff src=0xb101 code=0xe0
UF;10243039;93651;0xdeca;0xb101;0xffff;0xe0;17697;7;1880;118;7355;17
UF;10243140;93652;0xdeca;0xb101;0xffff;0xe0;18890;7;2216;124;7670;17
UF;10243241;93653;0xdeca;0xb101;0xffff;0xe0;22690;8;2619;123;7497;17
UF;10243336;93654;0xdeca;0xb101;0xffff;0xe0;19415;7;2133;120;7249;17
UF;10243349;93655;0xdeca;0xa107;0xb101;0xe1;16503;7;1936;124;5739;20
UL;10243349;23976;H;7;0xa107;0xb101;0xe1;16503;7;1936;124;5739;20
UF;10243440;93656;0xdeca;0xb101;0xffff;0xe0;16963;7;1990;124;7134;17
UF;10243540;93657;0xdeca;0xb101;0xffff;0xe0;17471;7;1856;118;7138;17
UF;10243641;93658;0xdeca;0xb101;0xffff;0xe0;18923;7;2079;120;7547;17
UF;10243737;93659;0xdeca;0xb101;0xffff;0xe0;19193;7;2144;121;7739;17
UF;10243749;93660;0xdeca;0xa107;0xb101;0xe1;14941;7;1669;121;7121;20
UL;10243749;23977;H;7;0xa107;0xb101;0xe1;14941;7;1669;121;7121;20
UF;10243840;93661;0xdeca;0xb101;0xffff;0xe0;20888;7;2372;122;7219;17
UF;10243941;93662;0xdeca;0xb101;0xffff;0xe0;18904;7;2182;123;7456;17
listener debug sel=A valid=1 age=6010390 level=7 good=93662 accepted=23977 badhdr=0 nonanchor=69685 toolong=0 rxerr=98 rxen_fail=0 rxen_last=0 sys_status=0x00800002 sys_state=000505400b rx_finfo=0x07b6c811 last_status=0x04800102 last_len=17 pan=0xdeca dst=0xffff src=0xb101 code=0xe0
UF;10244040;93663;0xdeca;0xb101;0xffff;0xe0;19647;7;2052;117;7013;17
UF;10244141;93664;0xdeca;0xb101;0xffff;0xe0;18058;7;1984;120;7239;17
UF;10244237;93665;0xdeca;0xb101;0xffff;0xe0;17072;7;1783;117;7155;17
UF;10244249;93666;0xdeca;0xa107;0xb101;0xe1;15710;7;1843;124;7013;20
UL;10244249;23978;H;7;0xa107;0xb101;0xe1;15710;7;1843;124;7013;20
UF;10244340;93667;0xdeca;0xb101;0xffff;0xe0;19032;7;2126;121;7600;17
UF;10244441;93668;0xdeca;0xb101;0xffff;0xe0;18039;7;1949;119;7257;17
UF;10244536;93669;0xdeca;0xb101;0xffff;0xe0;21306;7;2380;121;7352;17
UF;10244549;93670;0xdeca;0xa107;0xb101;0xe1;15815;7;1796;122;5989;20
UL;10244549;23979;H;7;0xa107;0xb101;0xe1;15815;7;1796;122;5989;20
UF;10244640;93671;0xdeca;0xb101;0xffff;0xe0;19179;7;2178;122;7488;17
UF;10244741;93672;0xdeca;0xb101;0xffff;0xe0;17847;7;1896;118;7295;17
UF;10244836;93673;0xdeca;0xb101;0xffff;0xe0;18220;7;2069;122;7371;17
UF;10244849;93674;0xdeca;0xa107;0xb101;0xe1;15594;7;1859;125;6579;20
UL;10244849;23980;H;7;0xa107;0xb101;0xe1;15594;7;1859;125;6579;20
UF;10244940;93675;0xdeca;0xb101;0xffff;0xe0;17321;7;1903;120;7233;17
listener debug sel=A valid=1 age=6011401 level=7 good=93675 accepted=23980 badhdr=0 nonanchor=69695 toolong=0 rxerr=98 rxen_fail=0 rxen_last=0 sys_status=0x00800002 sys_state=000505430b rx_finfo=0x0786c811 last_status=0x04800102 last_len=17 pan=0xdeca dst=0xffff src=0xb101 code=0xe0
UF;10245039;93676;0xdeca;0xb101;0xffff;0xe0;18694;7;1986;118;7297;17
UF;10245140;93677;0xdeca;0xb101;0xffff;0xe0;19051;7;2199;123;7639;17
UF;10245241;93678;0xdeca;0xb101;0xffff;0xe0;19496;7;2142;120;7415;17
UF;10245336;93679;0xdeca;0xb101;0xffff;0xe0;17613;7;1903;119;7244;17
UF;10245349;93680;0xdeca;0xa107;0xb101;0xe1;16001;7;1847;123;5626;20
UL;10245349;23981;H;7;0xa107;0xb101;0xe1;16001;7;1847;123;5626;20
UF;10245440;93681;0xdeca;0xb101;0xffff;0xe0;18826;7;2103;121;7380;17
UF;10245540;93682;0xdeca;0xb101;0xffff;0xe0;19943;7;2302;123;7349;17
UF;10245641;93683;0xdeca;0xb101;0xffff;0xe0;19302;7;2301;125;7549;17
UF;10245737;93684;0xdeca;0xb101;0xffff;0xe0;17763;7;1887;118;7099;17
UF;10245749;93685;0xdeca;0xa107;0xb101;0xe1;14816;7;1655;121;6720;20
UL;10245749;23982;H;7;0xa107;0xb101;0xe1;14816;7;1655;121;6720;20
UF;10245840;93686;0xdeca;0xb101;0xffff;0xe0;19933;7;2190;120;7454;17
UF;10245941;93687;0xdeca;0xb101;0xffff;0xe0;16848;7;1882;121;7389;17
listener debug sel=A valid=1 age=6012402 level=7 good=93687 accepted=23982 badhdr=0 nonanchor=69705 toolong=0 rxerr=98 rxen_fail=0 rxen_last=0 sys_status=0x00800002 sys_state=000505450b rx_finfo=0x0796c811 last_status=0x04800102 last_len=17 pan=0xdeca dst=0xffff src=0xb101 code=0xe0
UF;10246040;93688;0xdeca;0xb101;0xffff;0xe0;19203;7;2040;118;6738;17
UF;10246141;93689;0xdeca;0xb101;0xffff;0xe0;18110;7;2023;121;7440;17
UF;10246237;93690;0xdeca;0xb101;0xffff;0xe0;17688;7;2075;124;7711;17
UF;10246249;93691;0xdeca;0xa107;0xb101;0xe1;15514;7;1820;124;5281;20
UL;10246249;23983;H;7;0xa107;0xb101;0xe1;15514;7;1820;124;5281;20
UF;10246340;93692;0xdeca;0xb101;0xffff;0xe0;19076;7;2061;119;7321;17
UF;10246441;93693;0xdeca;0xb101;0xffff;0xe0;18904;7;2182;123;7568;17
UF;10246536;93694;0xdeca;0xb101;0xffff;0xe0;19146;7;2210;123;7739;17
UF;10246549;93695;0xdeca;0xa107;0xb101;0xe1;16530;7;1786;119;6736;20
UL;10246549;23984;H;7;0xa107;0xb101;0xe1;16530;7;1786;119;6736;20
UF;10246640;93696;0xdeca;0xb101;0xffff;0xe0;19379;7;2024;117;6924;17
UF;10246740;93697;0xdeca;0xb101;0xffff;0xe0;20893;7;2451;124;7754;17
UF;10246841;93698;0xdeca;0xb101;0xffff;0xe0;21038;7;2389;122;7758;17
UF;10246937;93699;0xdeca;0xb101;0xffff;0xe0;17631;7;1937;120;7209;17
uwb any-frame t=10246949 good=93700 len=20 fctrl=8841 pan=0xdeca dst=0xb101 src=0xa107 code=0xe1 q=16320 level=7 cir=1823 rxpacc=121 fp=6675/7302/6273
UF;10246949;93700;0xdeca;0xa107;0xb101;0xe1;16320;7;1823;121;6675;20
UL;10246949;23985;H;7;0xa107;0xb101;0xe1;16320;7;1823;121;6675;20
listener debug sel=A valid=1 age=6013430 level=7 good=93700 accepted=23985 badhdr=0 nonanchor=69715 toolong=0 rxerr=98 rxen_fail=0 rxen_last=0 sys_status=0x00800002 sys_state=000505430b rx_finfo=0x0796c814 last_status=0x04800102 last_len=20 pan=0xdeca dst=0xb101 src=0xa107 code=0xe1
UF;10247037;93701;0xdeca;0xb101;0xffff;0xe0;18698;7;2229;125;7716;17
UF;10247049;93702;0xdeca;0xa107;0xb101;0xe1;16071;7;1855;123;6695;20
UL;10247049;23986;H;7;0xa107;0xb101;0xe1;16071;7;1855;123;6695;20
UF;10247140;93703;0xdeca;0xb101;0xffff;0xe0;20227;7;2297;122;7582;17
UF;10247241;93704;0xdeca;0xb101;0xffff;0xe0;17786;7;2053;123;7626;17
UF;10247337;93705;0xdeca;0xb101;0xffff;0xe0;19875;7;2257;122;7545;17
UF;10247349;93706;0xdeca;0xa107;0xb101;0xe1;15004;7;1594;118;6368;20
UL;10247349;23987;H;7;0xa107;0xb101;0xe1;15004;7;1594;118;6368;20
UF;10247440;93707;0xdeca;0xb101;0xffff;0xe0;16802;7;1846;120;7289;17
UF;10247541;93708;0xdeca;0xb101;0xffff;0xe0;19214;7;2254;124;7211;17
UF;10247636;93709;0xdeca;0xb101;0xffff;0xe0;19085;7;2203;123;7558;17
UF;10247649;93710;0xdeca;0xa107;0xb101;0xe1;15027;7;1651;120;6605;20
UL;10247649;23988;H;7;0xa107;0xb101;0xe1;15027;7;1651;120;6605;20
UF;10247740;93711;0xdeca;0xb101;0xffff;0xe0;17586;7;1900;119;7370;17
UF;10247840;93712;0xdeca;0xb101;0xffff;0xe0;19879;7;2332;124;7403;17
UF;10247941;93713;0xdeca;0xb101;0xffff;0xe0;18898;7;2146;122;7352;17
listener debug sel=A valid=1 age=6014434 level=7 good=93713 accepted=23988 badhdr=0 nonanchor=69725 toolong=0 rxerr=98 rxen_fail=0 rxen_last=0 sys_status=0x00800002 sys_state=000505430b rx_finfo=0x07a6c811 last_status=0x04800102 last_len=17 pan=0xdeca dst=0xffff src=0xb101 code=0xe0
UF;10248041;93714;0xdeca;0xb101;0xffff;0xe0;17800;7;1891;118;7384;17
UF;10248136;93715;0xdeca;0xb101;0xffff;0xe0;21360;7;2386;121;7328;17
UF;10248149;93716;0xdeca;0xa107;0xb101;0xe1;15390;7;1635;118;4476;20
UL;10248149;23989;H;7;0xa107;0xb101;0xe1;15390;7;1635;118;4476;20
UF;10248240;93717;0xdeca;0xb101;0xffff;0xe0;18728;7;1956;117;7267;17
UF;10248340;93718;0xdeca;0xb101;0xffff;0xe0;18853;7;1969;117;7209;17
UF;10248441;93719;0xdeca;0xb101;0xffff;0xe0;21799;7;2435;121;7630;17
UF;10248537;93720;0xdeca;0xb101;0xffff;0xe0;18538;7;2210;125;7582;17
UF;10248549;93721;0xdeca;0xa107;0xb101;0xe1;16582;7;1914;123;6851;20
UL;10248549;23990;H;7;0xa107;0xb101;0xe1;16582;7;1914;123;6851;20
UF;10248640;93722;0xdeca;0xb101;0xffff;0xe0;19171;7;2177;122;7330;17
UF;10248741;93723;0xdeca;0xb101;0xffff;0xe0;17148;7;1884;120;7246;17
UF;10248836;93724;0xdeca;0xb101;0xffff;0xe0;17779;7;1986;121;7412;17
UF;10248849;93725;0xdeca;0xa107;0xb101;0xe1;16334;7;1706;117;6458;20
UL;10248849;23991;H;7;0xa107;0xb101;0xe1;16334;7;1706;117;6458;20
UF;10248940;93726;0xdeca;0xb101;0xffff;0xe0;18141;7;1960;119;7191;17
listener debug sel=A valid=1 age=6015438 level=7 good=93726 accepted=23991 badhdr=0 nonanchor=69735 toolong=0 rxerr=98 rxen_fail=0 rxen_last=0 sys_status=0x00800002 sys_state=000505480b rx_finfo=0x0776c811 last_status=0x04800102 last_len=17 pan=0xdeca dst=0xffff src=0xb101 code=0xe0
UF;10249039;93727;0xdeca;0xb101;0xffff;0xe0;18747;7;1958;117;6886;17
UF;10249140;93728;0xdeca;0xb101;0xffff;0xe0;17436;7;1821;117;7301;17
UF;10249241;93729;0xdeca;0xb101;0xffff;0xe0;18146;7;2027;121;7231;17
UF;10249336;93730;0xdeca;0xb101;0xffff;0xe0;17691;7;2042;123;7458;17
UF;10249349;93731;0xdeca;0xa107;0xb101;0xe1;14982;7;1786;125;5638;20
UL;10249349;23992;H;7;0xa107;0xb101;0xe1;14982;7;1786;125;5638;20
UF;10249440;93732;0xdeca;0xb101;0xffff;0xe0;21763;7;2312;118;7217;17
UF;10249541;93733;0xdeca;0xb101;0xffff;0xe0;18996;7;2087;120;7441;17
UF;10249636;93734;0xdeca;0xb101;0xffff;0xe0;19114;7;2100;120;7315;17
UF;10249649;93735;0xdeca;0xa107;0xb101;0xe1;15625;7;1833;124;6675;20
UL;10249649;23993;H;7;0xa107;0xb101;0xe1;15625;7;1833;124;6675;20
UF;10249740;93736;0xdeca;0xb101;0xffff;0xe0;17703;7;1945;120;7333;17
UF;10249840;93737;0xdeca;0xb101;0xffff;0xe0;19015;7;2020;118;7087;17
UF;10249941;93738;0xdeca;0xb101;0xffff;0xe0;19086;7;2132;121;7450;17
listener debug sel=A valid=1 age=6016439 level=7 good=93738 accepted=23993 badhdr=0 nonanchor=69745 toolong=0 rxerr=98 rxen_fail=0 rxen_last=0 sys_status=0x00800002 sys_state=000505430b rx_finfo=0x0796c811 last_status=0x04800102 last_len=17 pan=0xdeca dst=0xffff src=0xb101 code=0xe0
UF;10250041;93739;0xdeca;0xb101;0xffff;0xe0;18783;7;2133;122;7332;17
UF;10250136;93740;0xdeca;0xb101;0xffff;0xe0;17021;7;1839;119;7365;17
UF;10250149;93741;0xdeca;0xa107;0xb101;0xe1;15701;7;1783;122;5498;20
UL;10250149;23994;H;7;0xa107;0xb101;0xe1;15701;7;1783;122;5498;20
UF;10250240;93742;0xdeca;0xb101;0xffff;0xe0;21788;7;2556;124;7597;17
UF;10250340;93743;0xdeca;0xb101;0xffff;0xe0;19059;7;2129;121;7176;17
UF;10250441;93744;0xdeca;0xb101;0xffff;0xe0;17904;7;1902;118;7221;17
UF;10250536;93745;0xdeca;0xb101;0xffff;0xe0;20003;7;2125;118;7132;17
UF;10250549;93746;0xdeca;0xa107;0xb101;0xe1;15480;7;1816;124;4940;20
UL;10250549;23995;H;7;0xa107;0xb101;0xe1;15480;7;1816;124;4940;20
UF;10250640;93747;0xdeca;0xb101;0xffff;0xe0;18073;7;1920;118;7324;17
UF;10250741;93748;0xdeca;0xb101;0xffff;0xe0;17136;7;1978;123;7299;17
UF;10250836;93749;0xdeca;0xb101;0xffff;0xe0;18163;7;1897;117;7232;17
uwb any-frame t=10250849 good=93750 len=20 fctrl=8841 pan=0xdeca dst=0xb101 src=0xa107 code=0xe1 q=15093 level=7 cir=1686 rxpacc=121 fp=3991/7242/7197
UF;10250849;93750;0xdeca;0xa107;0xb101;0xe1;15093;7;1686;121;3991;20
UL;10250849;23996;H;7;0xa107;0xb101;0xe1;15093;7;1686;121;3991;20
UF;10250937;93751;0xdeca;0xb101;0xffff;0xe0;21417;7;2353;120;7340;17
listener debug sel=A valid=1 age=6017440 level=7 good=93751 accepted=23996 badhdr=0 nonanchor=69755 toolong=0 rxerr=98 rxen_fail=0 rxen_last=0 sys_status=0x00800002 sys_state=000505440b rx_finfo=0x0786c811 last_status=0x04800102 last_len=17 pan=0xdeca dst=0xffff src=0xb101 code=0xe0
UF;10251037;93752;0xdeca;0xb101;0xffff;0xe0;18595;7;2043;120;7421;17
UF;10251138;93753;0xdeca;0xb101;0xffff;0xe0;19096;7;2098;120;7145;17
UF;10251238;93754;0xdeca;0xb101;0xffff;0xe0;17731;7;1948;120;7179;17
UF;10251339;93755;0xdeca;0xb101;0xffff;0xe0;17266;7;1897;120;7339;17
UF;10251446;93756;0xdeca;0xa104;0xb101;0xe1;17114;7;1849;119;4661;20
UL;10251446;23997;E;4;0xa104;0xb101;0xe1;17114;7;1849;119;4661;20
UF;10251537;93757;0xdeca;0xb101;0xffff;0xe0;19382;7;2201;122;7122;17
UF;10251549;93758;0xdeca;0xa107;0xb101;0xe1;15783;7;1763;121;4974;20
UL;10251549;23998;H;7;0xa107;0xb101;0xe1;15783;7;1763;121;4974;20
UF;10251640;93759;0xdeca;0xb101;0xffff;0xe0;16743;7;1809;119;6931;17
UF;10251741;93760;0xdeca;0xb101;0xffff;0xe0;21117;7;2320;120;7231;17
UF;10251836;93761;0xdeca;0xb101;0xffff;0xe0;17763;7;1887;118;7189;17
UF;10251849;93762;0xdeca;0xa107;0xb101;0xe1;16105;7;1740;119;6154;20
UL;10251849;23999;H;7;0xa107;0xb101;0xe1;16105;7;1740;119;6154;20
UF;10251940;93763;0xdeca;0xb101;0xffff;0xe0;18946;7;2047;119;7231;17
listener debug sel=A valid=1 age=6018443 level=7 good=93763 accepted=23999 badhdr=0 nonanchor=69764 toolong=0 rxerr=99 rxen_fail=0 rxen_last=0 sys_status=0x00800002 sys_state=000505460b rx_finfo=0x0776c811 last_status=0x00801302 last_len=17 pan=0xdeca dst=0xffff src=0xb101 code=0xe0
UF;10252039;93764;0xdeca;0xb101;0xffff;0xe0;19319;7;2158;121;7306;17
listener debug sel=A valid=1 age=6019445 level=7 good=93764 accepted=23999 badhdr=0 nonanchor=69765 toolong=0 rxerr=99 rxen_fail=0 rxen_last=0 sys_status=0x00800002 sys_state=000505450b rx_finfo=0x0796c811 last_status=0x00801302 last_len=17 pan=0xdeca dst=0xffff src=0xb101 code=0xe0
listener debug sel=A valid=1 age=6020445 level=7 good=93764 accepted=23999 badhdr=0 nonanchor=69765 toolong=0 rxerr=99 rxen_fail=0 rxen_last=0 sys_status=0x00800002 sys_state=000505440b rx_finfo=0x0796c811 last_status=0x00801302 last_len=17 pan=0xdeca dst=0xffff src=0xb101 code=0xe0
listener debug sel=A valid=1 age=6021446 level=7 good=93764 accepted=23999 badhdr=0 nonanchor=69765 toolong=0 rxerr=99 rxen_fail=0 rxen_last=0 sys_status=0x00800002 sys_state=000505430b rx_finfo=0x0796c811 last_status=0x00801302 last_len=17 pan=0xdeca dst=0xffff src=0xb101 code=0xe0
UF;10255157;93765;0xdeca;0xb101;0xffff;0xe0;18314;7;2114;123;7585;17
listener debug sel=A valid=1 age=6022448 level=7 good=93765 accepted=23999 badhdr=0 nonanchor=69766 toolong=0 rxerr=99 rxen_fail=0 rxen_last=0 sys_status=0x00800002 sys_state=000505460b rx_finfo=0x07b6c811 last_status=0x00801302 last_len=17 pan=0xdeca dst=0xffff src=0xb101 code=0xe0
listener debug sel=A valid=1 age=6023448 level=7 good=93765 accepted=23999 badhdr=0 nonanchor=69766 toolong=0 rxerr=99 rxen_fail=0 rxen_last=0 sys_status=0x00800002 sys_state=000505480b rx_finfo=0x07b6c811 last_status=0x00801302 last_len=17 pan=0xdeca dst=0xffff src=0xb101 code=0xe0
listener debug sel=A valid=1 age=6024449 level=7 good=93765 accepted=23999 badhdr=0 nonanchor=69766 toolong=0 rxerr=99 rxen_fail=0 rxen_last=0 sys_status=0x00800002 sys_state=000505470b rx_finfo=0x07b6c811 last_status=0x00801302 last_len=17 pan=0xdeca dst=0xffff src=0xb101 code=0xe0
listener debug sel=A valid=1 age=6025449 level=7 good=93765 accepted=23999 badhdr=0 nonanchor=69766 toolong=0 rxerr=99 rxen_fail=0 rxen_last=0 sys_status=0x00800002 sys_state=000505480b rx_finfo=0x07b6c811 last_status=0x00801302 last_len=17 pan=0xdeca dst=0xffff src=0xb101 code=0xe0
listener debug sel=A valid=1 age=6026449 level=7 good=93765 accepted=23999 badhdr=0 nonanchor=69766 toolong=0 rxerr=99 rxen_fail=0 rxen_last=0 sys_status=0x00800002 sys_state=000505470b rx_finfo=0x07b6c811 last_status=0x00801302 last_len=17 pan=0xdeca dst=0xffff src=0xb101 code=0xe0
listener debug sel=A valid=1 age=6027449 level=7 good=93765 accepted=23999 badhdr=0 nonanchor=69766 toolong=0 rxerr=99 rxen_fail=0 rxen_last=0 sys_status=0x00800002 sys_state=000505410b rx_finfo=0x07b6c811 last_status=0x00801302 last_len=17 pan=0xdeca dst=0xffff src=0xb101 code=0xe0
listener debug sel=A valid=1 age=6028450 level=7 good=93765 accepted=23999 badhdr=0 nonanchor=69766 toolong=0 rxerr=99 rxen_fail=0 rxen_last=0 sys_status=0x00800002 sys_state=000505470b rx_finfo=0x07b6c811 last_status=0x00801302 last_len=17 pan=0xdeca dst=0xffff src=0xb101 code=0xe0
listener debug sel=A valid=1 age=6029450 level=7 good=93765 accepted=23999 badhdr=0 nonanchor=69766 toolong=0 rxerr=99 rxen_fail=0 rxen_last=0 sys_status=0x00800002 sys_state=000505400b rx_finfo=0x07b6c811 last_status=0x00801302 last_len=17 pan=0xdeca dst=0xffff src=0xb101 code=0xe0
listener debug sel=A valid=1 age=6030450 level=7 good=93765 accepted=23999 badhdr=0 nonanchor=69766 toolong=0 rxerr=99 rxen_fail=0 rxen_last=0 sys_status=0x00800002 sys_state=000505480b rx_finfo=0x07b6c811 last_status=0x00801302 last_len=17 pan=0xdeca dst=0xffff src=0xb101 code=0xe0
listener debug sel=A valid=1 age=6031450 level=7 good=93765 accepted=23999 badhdr=0 nonanchor=69766 toolong=0 rxerr=99 rxen_fail=0 rxen_last=0 sys_status=0x00800002 sys_state=000505460b rx_finfo=0x07b6c811 last_status=0x00801302 last_len=17 pan=0xdeca dst=0xffff src=0xb101 code=0xe0
listener debug sel=A valid=1 age=6032451 level=7 good=93765 accepted=23999 badhdr=0 nonanchor=69766 toolong=0 rxerr=99 rxen_fail=0 rxen_last=0 sys_status=0x00800002 sys_state=000505450b rx_finfo=0x07b6c811 last_status=0x00801302 last_len=17 pan=0xdeca dst=0xffff src=0xb101 code=0xe0
listener debug sel=A valid=1 age=6033451 level=7 good=93765 accepted=23999 badhdr=0 nonanchor=69766 toolong=0 rxerr=99 rxen_fail=0 rxen_last=0 sys_status=0x00800002 sys_state=000505450b rx_finfo=0x07b6c811 last_status=0x00801302 last_len=17 pan=0xdeca dst=0xffff src=0xb101 code=0xe0
listener debug sel=A valid=1 age=6034451 level=7 good=93765 accepted=23999 badhdr=0 nonanchor=69766 toolong=0 rxerr=99 rxen_fail=0 rxen_last=0 sys_status=0x00800002 sys_state=000505430b rx_finfo=0x07b6c811 last_status=0x00801302 last_len=17 pan=0xdeca dst=0xffff src=0xb101 code=0xe0
listener debug sel=A valid=1 age=6035451 level=7 good=93765 accepted=23999 badhdr=0 nonanchor=69766 toolong=0 rxerr=99 rxen_fail=0 rxen_last=0 sys_status=0x00800002 sys_state=000505440b rx_finfo=0x07b6c811 last_status=0x00801302 last_len=17 pan=0xdeca dst=0xffff src=0xb101 code=0xe0
listener debug sel=A valid=1 age=6036452 level=7 good=93765 accepted=23999 badhdr=0 nonanchor=69766 toolong=0 rxerr=99 rxen_fail=0 rxen_last=0 sys_status=0x00800002 sys_state=000505410b rx_finfo=0x07b6c811 last_status=0x00801302 last_len=17 pan=0xdeca dst=0xffff src=0xb101 code=0xe0
listener debug sel=A valid=1 age=6037452 level=7 good=93765 accepted=23999 badhdr=0 nonanchor=69766 toolong=0 rxerr=99 rxen_fail=0 rxen_last=0 sys_status=0x00800002 sys_state=000505400b rx_finfo=0x07b6c811 last_status=0x00801302 last_len=17 pan=0xdeca dst=0xffff src=0xb101 code=0xe0
listener debug sel=A valid=1 age=6038452 level=7 good=93765 accepted=23999 badhdr=0 nonanchor=69766 toolong=0 rxerr=99 rxen_fail=0 rxen_last=0 sys_status=0x00800002 sys_state=000505440b rx_finfo=0x07b6c811 last_status=0x00801302 last_len=17 pan=0xdeca dst=0xffff src=0xb101 code=0xe0
listener debug sel=A valid=1 age=6039452 level=7 good=93765 accepted=23999 badhdr=0 nonanchor=69766 toolong=0 rxerr=99 rxen_fail=0 rxen_last=0 sys_status=0x00800002 sys_state=000505470b rx_finfo=0x07b6c811 last_status=0x00801302 last_len=17 pan=0xdeca dst=0xffff src=0xb101 code=0xe0
listener debug sel=A valid=1 age=6040452 level=7 good=93765 accepted=23999 badhdr=0 nonanchor=69766 toolong=0 rxerr=99 rxen_fail=0 rxen_last=0 sys_status=0x00800002 sys_state=000505430b rx_finfo=0x07b6c811 last_status=0x00801302 last_len=17 pan=0xdeca dst=0xffff src=0xb101 code=0xe0
listener debug sel=A valid=1 age=6041452 level=7 good=93765 accepted=23999 badhdr=0 nonanchor=69766 toolong=0 rxerr=99 rxen_fail=0 rxen_last=0 sys_status=0x00800002 sys_state=000505460b rx_finfo=0x07b6c811 last_status=0x00801302 last_len=17 pan=0xdeca dst=0xffff src=0xb101 code=0xe0
listener debug sel=A valid=1 age=6042456 level=7 good=93765 accepted=23999 badhdr=0 nonanchor=69766 toolong=0 rxerr=99 rxen_fail=0 rxen_last=0 sys_status=0x00800002 sys_state=000505430b rx_finfo=0x07b6c811 last_status=0x00801302 last_len=17 pan=0xdeca dst=0xffff src=0xb101 code=0xe0
UF;10276785;93766;0xdeca;0xb101;0xffff;0xe0;19193;7;2144;121;7384;17
UF;10276798;93767;0xdeca;0xa107;0xb101;0xe1;15736;7;1846;124;4510;20
UL;10276798;24000;H;7;0xa107;0xb101;0xe1;15736;7;1846;124;4510;20
UF;10276889;93768;0xdeca;0xb101;0xffff;0xe0;19465;7;2103;119;6918;17
UF;10276989;93769;0xdeca;0xb101;0xffff;0xe0;18883;7;2006;118;6951;17
listener debug sel=A valid=1 age=6043460 level=7 good=93769 accepted=24000 badhdr=0 nonanchor=69769 toolong=0 rxerr=99 rxen_fail=0 rxen_last=0 sys_status=0x00800002 sys_state=000505410b rx_finfo=0x0766c811 last_status=0x00801302 last_len=17 pan=0xdeca dst=0xffff src=0xb101 code=0xe0
UF;10277088;93770;0xdeca;0xb101;0xffff;0xe0;21498;7;2522;124;7494;17
UF;10277188;93771;0xdeca;0xb101;0xffff;0xe0;20211;7;2371;124;7840;17
UF;10277288;93772;0xdeca;0xb101;0xffff;0xe0;20572;7;2298;121;7453;17
UF;10277389;93773;0xdeca;0xb101;0xffff;0xe0;17600;7;1966;121;7532;17
UF;10277489;93774;0xdeca;0xb101;0xffff;0xe0;18583;7;2180;124;7626;17
UF;10277589;93775;0xdeca;0xb101;0xffff;0xe0;18594;7;2009;119;7289;17
UF;10277689;93776;0xdeca;0xb101;0xffff;0xe0;16953;7;1801;118;7158;17
UF;10277789;93777;0xdeca;0xb101;0xffff;0xe0;17462;7;1983;122;7487;17
UF;10277889;93778;0xdeca;0xb101;0xffff;0xe0;22282;8;2489;121;7456;17
UF;10277990;93779;0xdeca;0xb101;0xffff;0xe0;19864;7;2368;125;7847;17
listener debug sel=A valid=1 age=6044461 level=7 good=93779 accepted=24000 badhdr=0 nonanchor=69779 toolong=0 rxerr=99 rxen_fail=0 rxen_last=0 sys_status=0x00800002 sys_state=000505460b rx_finfo=0x07d6c811 last_status=0x00801302 last_len=17 pan=0xdeca dst=0xffff src=0xb101 code=0xe0
UF;10278089;93780;0xdeca;0xb101;0xffff;0xe0;19631;7;2121;119;7055;17
UF;10278189;93781;0xdeca;0xb101;0xffff;0xe0;19585;7;2116;119;7263;17
UF;10278289;93782;0xdeca;0xb101;0xffff;0xe0;20279;7;2379;124;7524;17
UF;10278389;93783;0xdeca;0xb101;0xffff;0xe0;16247;7;1726;118;7143;17
UF;10278490;93784;0xdeca;0xb101;0xffff;0xe0;19822;7;2288;123;7485;17
UF;10278590;93785;0xdeca;0xb101;0xffff;0xe0;19162;7;2248;124;7680;17
UF;10278690;93786;0xdeca;0xb101;0xffff;0xe0;19713;7;2202;121;7606;17
UF;10278790;93787;0xdeca;0xb101;0xffff;0xe0;17095;7;1847;119;7412;17
UF;10278885;93788;0xdeca;0xb101;0xffff;0xe0;19259;7;2187;122;7038;17
UF;10278898;93789;0xdeca;0xa107;0xb101;0xe1;15036;7;1652;120;5006;20
UL;10278898;24001;H;7;0xa107;0xb101;0xe1;15036;7;1652;120;5006;20
UF;10278988;93790;0xdeca;0xb101;0xffff;0xe0;18891;7;1973;117;6950;17
listener debug sel=A valid=1 age=6045465 level=7 good=93790 accepted=24001 badhdr=0 nonanchor=69789 toolong=0 rxerr=99 rxen_fail=0 rxen_last=0 sys_status=0x00800002 sys_state=000505450b rx_finfo=0x0756c811 last_status=0x00801302 last_len=17 pan=0xdeca dst=0xffff src=0xb101 code=0xe0
UF;10279087;93791;0xdeca;0xb101;0xffff;0xe0;19384;7;2274;124;7520;17
UF;10279188;93792;0xdeca;0xb101;0xffff;0xe0;19103;7;2205;123;7702;17
UF;10279288;93793;0xdeca;0xb101;0xffff;0xe0;20792;7;2400;123;7781;17
UF;10279388;93794;0xdeca;0xb101;0xffff;0xe0;18983;7;2263;125;7735;17
UF;10279488;93795;0xdeca;0xb101;0xffff;0xe0;17706;7;1881;118;7380;17
UF;10279588;93796;0xdeca;0xb101;0xffff;0xe0;18387;7;2088;122;7366;17
UF;10279688;93797;0xdeca;0xb101;0xffff;0xe0;21225;7;2450;123;7735;17
UF;10279789;93798;0xdeca;0xb101;0xffff;0xe0;19224;7;2077;119;7403;17
UF;10279889;93799;0xdeca;0xb101;0xffff;0xe0;17816;7;2090;124;7631;17
uwb any-frame t=10279989 good=93800 len=17 fctrl=8841 pan=0xdeca dst=0xffff src=0xb101 code=0xe0 q=19123 level=7 cir=2101 rxpacc=120 fp=6956/6798/6729
UF;10279989;93800;0xdeca;0xb101;0xffff;0xe0;19123;7;2101;120;6956;17
listener debug sel=A valid=1 age=6046469 level=7 good=93800 accepted=24001 badhdr=0 nonanchor=69799 toolong=0 rxerr=99 rxen_fail=0 rxen_last=0 sys_status=0x00800002 sys_state=000505430b rx_finfo=0x0786c811 last_status=0x00801302 last_len=17 pan=0xdeca dst=0xffff src=0xb101 code=0xe0
UF;10280086;93801;0xdeca;0xb101;0xffff;0xe0;18486;7;2031;120;7395;17
UF;10280186;93802;0xdeca;0xb101;0xffff;0xe0;17780;7;1857;117;6877;17
UF;10280286;93803;0xdeca;0xb101;0xffff;0xe0;17535;7;2024;123;7585;17
UF;10280387;93804;0xdeca;0xb101;0xffff;0xe0;19333;7;2268;124;7776;17
UF;10280487;93805;0xdeca;0xb101;0xffff;0xe0;19355;7;2162;121;7207;17
UF;10280587;93806;0xdeca;0xb101;0xffff;0xe0;18933;7;2150;122;7108;17
UF;10280687;93807;0xdeca;0xb101;0xffff;0xe0;22609;8;2484;120;7374;17
UF;10280787;93808;0xdeca;0xb101;0xffff;0xe0;17062;7;2034;125;7669;17
UF;10280887;93809;0xdeca;0xb101;0xffff;0xe0;16987;7;1929;122;7152;17
UF;10280988;93810;0xdeca;0xb101;0xffff;0xe0;17956;7;1940;119;7256;17
listener debug sel=A valid=1 age=6047470 level=7 good=93810 accepted=24001 badhdr=0 nonanchor=69809 toolong=0 rxerr=99 rxen_fail=0 rxen_last=0 sys_status=0x00800002 sys_state=000505430b rx_finfo=0x0776c811 last_status=0x00801302 last_len=17 pan=0xdeca dst=0xffff src=0xb101 code=0xe0
UF;10281087;93811;0xdeca;0xb101;0xffff;0xe0;18635;7;2151;123;7652;17
UF;10281187;93812;0xdeca;0xb101;0xffff;0xe0;18756;7;2165;123;7537;17
UF;10281287;93813;0xdeca;0xb101;0xffff;0xe0;19050;7;2271;125;7820;17
UF;10281387;93814;0xdeca;0xb101;0xffff;0xe0;17283;7;1995;123;7579;17
UF;10281488;93815;0xdeca;0xb101;0xffff;0xe0;18739;7;2128;122;7572;17
UF;10281588;93816;0xdeca;0xb101;0xffff;0xe0;18125;7;1893;117;7094;17
UF;10281688;93817;0xdeca;0xb101;0xffff;0xe0;16767;7;1967;124;7399;17
UF;10281788;93818;0xdeca;0xb101;0xffff;0xe0;19051;7;2199;123;7472;17
UF;10281888;93819;0xdeca;0xb101;0xffff;0xe0;19020;7;2055;119;7412;17
UF;10281988;93820;0xdeca;0xb101;0xffff;0xe0;20633;7;2343;122;7558;17
listener debug sel=A valid=1 age=6048470 level=7 good=93820 accepted=24001 badhdr=0 nonanchor=69819 toolong=0 rxerr=99 rxen_fail=0 rxen_last=0 sys_status=0x00800002 sys_state=000505410b rx_finfo=0x07a6c811 last_status=0x00801302 last_len=17 pan=0xdeca dst=0xffff src=0xb101 code=0xe0
UF;10282088;93821;0xdeca;0xb101;0xffff;0xe0;18077;7;1888;117;7017;17
UF;10282188;93822;0xdeca;0xb101;0xffff;0xe0;16893;7;1887;121;7174;17
UF;10282288;93823;0xdeca;0xb101;0xffff;0xe0;19952;7;2303;123;7594;17
UF;10282388;93824;0xdeca;0xb101;0xffff;0xe0;20654;7;2423;124;7724;17
UF;10282488;93825;0xdeca;0xb101;0xffff;0xe0;19289;7;2084;119;7461;17
UF;10282589;93826;0xdeca;0xb101;0xffff;0xe0;21654;7;2379;120;7193;17
UF;10282689;93827;0xdeca;0xb101;0xffff;0xe0;19875;7;2257;122;7208;17
UF;10282789;93828;0xdeca;0xb101;0xffff;0xe0;18988;7;2121;121;7394;17
UF;10282889;93829;0xdeca;0xb101;0xffff;0xe0;18660;7;2189;124;7212;17
UF;10282989;93830;0xdeca;0xb101;0xffff;0xe0;19524;7;2145;120;7271;17
listener debug sel=A valid=1 age=6049471 level=7 good=93830 accepted=24001 badhdr=0 nonanchor=69829 toolong=0 rxerr=99 rxen_fail=0 rxen_last=0 sys_status=0x00800002 sys_state=000505470b rx_finfo=0x0786c811 last_status=0x00801302 last_len=17 pan=0xdeca dst=0xffff src=0xb101 code=0xe0
UF;10283089;93831;0xdeca;0xb101;0xffff;0xe0;17598;7;1838;117;7105;17
UF;10283189;93832;0xdeca;0xb101;0xffff;0xe0;18262;7;2040;121;7138;17
UF;10283289;93833;0xdeca;0xb101;0xffff;0xe0;18441;7;2060;121;7390;17
UF;10283389;93834;0xdeca;0xb101;0xffff;0xe0;18817;7;2102;121;7392;17
UF;10283489;93835;0xdeca;0xb101;0xffff;0xe0;17110;7;1787;117;7154;17
UF;10283589;93836;0xdeca;0xb101;0xffff;0xe0;20321;7;2270;121;7455;17
UF;10283690;93837;0xdeca;0xb101;0xffff;0xe0;19872;7;2147;119;7384;17
UF;10283790;93838;0xdeca;0xb101;0xffff;0xe0;17687;7;1911;119;6822;17
UF;10283890;93839;0xdeca;0xb101;0xffff;0xe0;20801;7;2401;123;7659;17
UF;10283990;93840;0xdeca;0xb101;0xffff;0xe0;19069;7;2095;120;7491;17
listener debug sel=A valid=1 age=6050472 level=7 good=93840 accepted=24001 badhdr=0 nonanchor=69839 toolong=0 rxerr=99 rxen_fail=0 rxen_last=0 sys_status=0x00800002 sys_state=000505480b rx_finfo=0x0786c811 last_status=0x00801302 last_len=17 pan=0xdeca dst=0xffff src=0xb101 code=0xe0
UF;10284089;93841;0xdeca;0xb101;0xffff;0xe0;21181;7;2525;125;7901;17
UF;10284190;93842;0xdeca;0xb101;0xffff;0xe0;18514;7;2137;123;7648;17
UF;10284290;93843;0xdeca;0xb101;0xffff;0xe0;18058;7;1886;117;7016;17
UF;10284390;93844;0xdeca;0xb101;0xffff;0xe0;19623;7;2302;124;7710;17
UF;10284490;93845;0xdeca;0xb101;0xffff;0xe0;17586;7;1900;119;7433;17
UF;10284585;93846;0xdeca;0xb101;0xffff;0xe0;16702;7;1835;120;7211;17
UF;10284598;93847;0xdeca;0xa107;0xb101;0xe1;15948;7;1811;122;5072;20
UL;10284598;24002;H;7;0xa107;0xb101;0xe1;15948;7;1811;122;5072;20
UF;10284688;93848;0xdeca;0xb101;0xffff;0xe0;18178;7;1964;119;7044;17
UF;10284788;93849;0xdeca;0xb101;0xffff;0xe0;17161;7;1917;121;7299;17
uwb any-frame t=10284888 good=93850 len=17 fctrl=8841 pan=0xdeca dst=0xffff src=0xb101 code=0xe0 q=18961 level=7 cir=2118 rxpacc=121 fp=7135/7166/5409
UF;10284888;93850;0xdeca;0xb101;0xffff;0xe0;18961;7;2118;121;7135;17
UF;10284986;93851;0xdeca;0xb101;0xffff;0xe0;18949;7;2223;124;7475;17
listener debug sel=A valid=1 age=6051474 level=7 good=93851 accepted=24002 badhdr=0 nonanchor=69849 toolong=0 rxerr=99 rxen_fail=0 rxen_last=0 sys_status=0x00800002 sys_state=000505410b rx_finfo=0x07c6c811 last_status=0x00801302 last_len=17 pan=0xdeca dst=0xffff src=0xb101 code=0xe0
UF;10285086;93852;0xdeca;0xb101;0xffff;0xe0;18776;7;1961;117;7136;17
UF;10285098;93853;0xdeca;0xa107;0xb101;0xe1;9893;6;109;38;1275;20
UL;10285098;24003;H;7;0xa107;0xb101;0xe1;9893;6;109;38;1275;20
UF;10285188;93854;0xdeca;0xb101;0xffff;0xe0;19005;7;2088;120;7270;17
UF;10285289;93855;0xdeca;0xb101;0xffff;0xe0;18227;7;2036;121;7687;17
UF;10285389;93856;0xdeca;0xb101;0xffff;0xe0;21106;7;2476;124;7777;17
UF;10285489;93857;0xdeca;0xb101;0xffff;0xe0;23024;8;2701;124;7831;17
UF;10285589;93858;0xdeca;0xb101;0xffff;0xe0;18165;7;2131;124;7029;17
UF;10285689;93859;0xdeca;0xb101;0xffff;0xe0;19250;7;2222;123;7636;17
UF;10285789;93860;0xdeca;0xb101;0xffff;0xe0;17812;7;2056;123;7525;17
UF;10285889;93861;0xdeca;0xb101;0xffff;0xe0;21915;7;2448;121;7519;17
UF;10285990;93862;0xdeca;0xb101;0xffff;0xe0;17901;7;2100;124;7777;17
listener debug sel=A valid=1 age=6052477 level=7 good=93862 accepted=24003 badhdr=0 nonanchor=69859 toolong=0 rxerr=99 rxen_fail=0 rxen_last=0 sys_status=0x00800002 sys_state=000505460b rx_finfo=0x07c6c811 last_status=0x00801302 last_len=17 pan=0xdeca dst=0xffff src=0xb101 code=0xe0
UF;10286089;93863;0xdeca;0xb101;0xffff;0xe0;17381;7;2039;124;7338;17
UF;10286189;93864;0xdeca;0xb101;0xffff;0xe0;19290;7;2263;124;7658;17
UF;10286289;93865;0xdeca;0xb101;0xffff;0xe0;16969;7;1927;122;7473;17
UF;10286390;93866;0xdeca;0xb101;0xffff;0xe0;22067;8;2465;121;7249;17
UF;10286490;93867;0xdeca;0xb101;0xffff;0xe0;18632;7;2047;120;7301;17
UF;10286590;93868;0xdeca;0xb101;0xffff;0xe0;18419;7;1990;119;7238;17
UF;10286690;93869;0xdeca;0xb101;0xffff;0xe0;18823;7;2068;120;7155;17
UF;10286785;93870;0xdeca;0xb101;0xffff;0xe0;21108;7;2397;122;7545;17
UF;10286798;93871;0xdeca;0xa107;0xb101;0xe1;15089;7;1603;118;6544;20
UL;10286798;24004;H;7;0xa107;0xb101;0xe1;15089;7;1603;118;6544;20
UF;10286888;93872;0xdeca;0xb101;0xffff;0xe0;19657;7;2269;123;7659;17
UF;10286988;93873;0xdeca;0xb101;0xffff;0xe0;18757;7;2130;122;7545;17
listener debug sel=A valid=1 age=6053481 level=7 good=93873 accepted=24004 badhdr=0 nonanchor=69869 toolong=0 rxerr=99 rxen_fail=0 rxen_last=0 sys_status=0x00800002 sys_state=000505410b rx_finfo=0x07a6c811 last_status=0x00801302 last_len=17 pan=0xdeca dst=0xffff src=0xb101 code=0xe0
UF;10287088;93874;0xdeca;0xb101;0xffff;0xe0;16852;7;1977;124;7610;17
UF;10287188;93875;0xdeca;0xb101;0xffff;0xe0;17857;7;1897;118;7181;17
UF;10287288;93876;0xdeca;0xb101;0xffff;0xe0;19523;7;2039;117;7030;17
UF;10287388;93877;0xdeca;0xb101;0xffff;0xe0;18039;7;2015;121;7614;17
UF;10287489;93878;0xdeca;0xb101;0xffff;0xe0;17483;7;2018;123;7251;17
UF;10287589;93879;0xdeca;0xb101;0xffff;0xe0;17242;7;1926;121;7200;17
UF;10287689;93880;0xdeca;0xb101;0xffff;0xe0;19184;7;2287;125;7718;17
UF;10287789;93881;0xdeca;0xb101;0xffff;0xe0;17541;7;1832;117;7016;17
UF;10287889;93882;0xdeca;0xb101;0xffff;0xe0;19401;7;2276;124;7334;17
UF;10287989;93883;0xdeca;0xb101;0xffff;0xe0;19151;7;2104;120;7230;17
listener debug sel=A valid=1 age=6054482 level=7 good=93883 accepted=24004 badhdr=0 nonanchor=69879 toolong=0 rxerr=99 rxen_fail=0 rxen_last=0 sys_status=0x00800002 sys_state=000505480b rx_finfo=0x0786c811 last_status=0x00801302 last_len=17 pan=0xdeca dst=0xffff src=0xb101 code=0xe0
UF;10288089;93884;0xdeca;0xb101;0xffff;0xe0;21143;7;2401;122;7796;17
UF;10288189;93885;0xdeca;0xb101;0xffff;0xe0;17621;7;1872;118;7152;17
UF;10288289;93886;0xdeca;0xb101;0xffff;0xe0;17481;7;2084;125;7655;17
UF;10288389;93887;0xdeca;0xb101;0xffff;0xe0;16464;7;1749;118;6812;17
UF;10288489;93888;0xdeca;0xb101;0xffff;0xe0;18080;7;2121;124;7683;17
UF;10288590;93889;0xdeca;0xb101;0xffff;0xe0;17048;7;1936;122;7165;17
UF;10288690;93890;0xdeca;0xb101;0xffff;0xe0;21601;7;2453;122;7615;17
UF;10288790;93891;0xdeca;0xb101;0xffff;0xe0;21208;7;2369;121;7253;17
UF;10288890;93892;0xdeca;0xb101;0xffff;0xe0;17876;7;1899;118;7288;17
UF;10288985;93893;0xdeca;0xb101;0xffff;0xe0;18808;7;2101;121;7623;17
UF;10288998;93894;0xdeca;0xa107;0xb101;0xe1;15736;7;1787;122;4430;20
UL;10288998;24005;H;7;0xa107;0xb101;0xe1;15736;7;1787;122;4430;20
listener debug sel=A valid=1 age=6055486 level=7 good=93894 accepted=24005 badhdr=0 nonanchor=69889 toolong=0 rxerr=99 rxen_fail=0 rxen_last=0 sys_status=0x00800002 sys_state=000505410b rx_finfo=0x07a6c814 last_status=0x00801302 last_len=20 pan=0xdeca dst=0xb101 src=0xa107 code=0xe1
UF;10289087;93895;0xdeca;0xb101;0xffff;0xe0;17715;7;1914;119;7047;17
UF;10289187;93896;0xdeca;0xb101;0xffff;0xe0;19797;7;2175;120;7217;17
UF;10289288;93897;0xdeca;0xb101;0xffff;0xe0;17184;7;1888;120;7364;17
UF;10289388;93898;0xdeca;0xb101;0xffff;0xe0;18139;7;1927;118;7429;17
UF;10289488;93899;0xdeca;0xb101;0xffff;0xe0;19224;7;2077;119;6908;17
uwb any-frame t=10289588 good=93900 len=17 fctrl=8841 pan=0xdeca dst=0xffff src=0xb101 code=0xe0 q=18939 level=7 cir=2012 rxpacc=118 fp=7113/7208/6748
UF;10289588;93900;0xdeca;0xb101;0xffff;0xe0;18939;7;2012;118;7113;17
UF;10289686;93901;0xdeca;0xb101;0xffff;0xe0;17649;7;1939;120;7221;17
UF;10289786;93902;0xdeca;0xb101;0xffff;0xe0;20662;7;2158;117;7019;17
UF;10289887;93903;0xdeca;0xb101;0xffff;0xe0;18316;7;2080;122;7275;17
UF;10289987;93904;0xdeca;0xb101;0xffff;0xe0;17620;7;2067;124;7106;17
listener debug sel=A valid=1 age=6056489 level=7 good=93904 accepted=24005 badhdr=0 nonanchor=69899 toolong=0 rxerr=99 rxen_fail=0 rxen_last=0 sys_status=0x00800002 sys_state=000505470b rx_finfo=0x07c6c811 last_status=0x00801302 last_len=17 pan=0xdeca dst=0xffff src=0xb101 code=0xe0
UF;10290086;93905;0xdeca;0xb101;0xffff;0xe0;19382;7;2201;122;7444;17
UF;10290186;93906;0xdeca;0xb101;0xffff;0xe0;19269;7;2117;120;7171;17
UF;10290286;93907;0xdeca;0xb101;0xffff;0xe0;17221;7;1892;120;7100;17
UF;10290386;93908;0xdeca;0xb101;0xffff;0xe0;17207;7;1828;118;7176;17
UF;10290487;93909;0xdeca;0xb101;0xffff;0xe0;18431;7;2093;122;7364;17
UF;10290587;93910;0xdeca;0xb101;0xffff;0xe0;18375;7;2121;123;7441;17
UF;10290687;93911;0xdeca;0xb101;0xffff;0xe0;18372;7;1985;119;7275;17
UF;10290787;93912;0xdeca;0xb101;0xffff;0xe0;16545;7;1728;117;7132;17
UF;10290887;93913;0xdeca;0xb101;0xffff;0xe0;19043;7;2023;118;7303;17
UF;10290987;93914;0xdeca;0xb101;0xffff;0xe0;18487;7;1964;118;7199;17
listener debug sel=A valid=1 age=6057490 level=7 good=93914 accepted=24005 badhdr=0 nonanchor=69909 toolong=0 rxerr=99 rxen_fail=0 rxen_last=0 sys_status=0x00800002 sys_state=000505470b rx_finfo=0x0766c811 last_status=0x00801302 last_len=17 pan=0xdeca dst=0xffff src=0xb101 code=0xe0
UF;10291087;93915;0xdeca;0xb101;0xffff;0xe0;17148;7;1884;120;7287;17
UF;10291187;93916;0xdeca;0xb101;0xffff;0xe0;17077;7;1845;119;7094;17
UF;10291287;93917;0xdeca;0xb101;0xffff;0xe0;18525;7;1968;118;7132;17
UF;10291387;93918;0xdeca;0xb101;0xffff;0xe0;18450;7;2061;121;7366;17
UF;10291487;93919;0xdeca;0xb101;0xffff;0xe0;17709;7;2011;122;7549;17
UF;10291588;93920;0xdeca;0xb101;0xffff;0xe0;18409;7;1989;119;7237;17
UF;10291688;93921;0xdeca;0xb101;0xffff;0xe0;22846;8;2510;120;7551;17
UF;10291788;93922;0xdeca;0xb101;0xffff;0xe0;16501;7;1753;118;7030;17
UF;10291888;93923;0xdeca;0xb101;0xffff;0xe0;18751;7;1992;118;7070;17
UF;10291988;93924;0xdeca;0xb101;0xffff;0xe0;18737;7;2093;121;7389;17
listener debug sel=A valid=1 age=6058491 level=7 good=93924 accepted=24005 badhdr=0 nonanchor=69919 toolong=0 rxerr=99 rxen_fail=0 rxen_last=0 sys_status=0x00800002 sys_state=000505410b rx_finfo=0x0796c811 last_status=0x00801302 last_len=17 pan=0xdeca dst=0xffff src=0xb101 code=0xe0
UF;10292088;93925;0xdeca;0xb101;0xffff;0xe0;23115;8;2582;121;7727;17
UF;10292188;93926;0xdeca;0xb101;0xffff;0xe0;17321;7;1809;117;6900;17
UF;10292288;93927;0xdeca;0xb101;0xffff;0xe0;19282;7;2262;124;7757;17
UF;10292388;93928;0xdeca;0xb101;0xffff;0xe0;19848;7;2291;123;7456;17
UF;10292488;93929;0xdeca;0xb101;0xffff;0xe0;19074;7;2166;122;7428;17
UF;10292588;93930;0xdeca;0xb101;0xffff;0xe0;19211;7;2146;121;7276;17
UF;10292689;93931;0xdeca;0xb101;0xffff;0xe0;20075;7;2355;124;7387;17
UF;10292789;93932;0xdeca;0xb101;0xffff;0xe0;19513;7;2038;117;7498;17
UF;10292889;93933;0xdeca;0xb101;0xffff;0xe0;18393;7;1954;118;7182;17
UF;10292989;93934;0xdeca;0xb101;0xffff;0xe0;19233;7;2078;119;7355;17
listener debug sel=A valid=1 age=6059492 level=7 good=93934 accepted=24005 badhdr=0 nonanchor=69929 toolong=0 rxerr=99 rxen_fail=0 rxen_last=0 sys_status=0x00800002 sys_state=000505470b rx_finfo=0x0776c811 last_status=0x00801302 last_len=17 pan=0xdeca dst=0xffff src=0xb101 code=0xe0
UF;10293088;93935;0xdeca;0xb101;0xffff;0xe0;19114;7;2100;120;7372;17
UF;10293189;93936;0xdeca;0xb101;0xffff;0xe0;18798;7;2031;119;7021;17
UF;10293289;93937;0xdeca;0xb101;0xffff;0xe0;19510;7;2252;123;7591;17
UF;10293389;93938;0xdeca;0xb101;0xffff;0xe0;21426;7;2354;120;7450;17
UF;10293489;93939;0xdeca;0xb101;0xffff;0xe0;19379;7;2024;117;7221;17
UF;10293589;93940;0xdeca;0xb101;0xffff;0xe0;18511;7;2000;119;7261;17
UF;10293689;93941;0xdeca;0xb101;0xffff;0xe0;18862;7;2107;121;6943;17
UF;10293790;93942;0xdeca;0xb101;0xffff;0xe0;20346;7;2125;117;7221;17
UF;10293890;93943;0xdeca;0xb101;0xffff;0xe0;18468;7;2063;121;7472;17
UF;10293990;93944;0xdeca;0xb101;0xffff;0xe0;18817;7;2172;123;7538;17
listener debug sel=A valid=1 age=6060493 level=7 good=93944 accepted=24005 badhdr=0 nonanchor=69939 toolong=0 rxerr=99 rxen_fail=0 rxen_last=0 sys_status=0x00800002 sys_state=000505400b rx_finfo=0x07b6c811 last_status=0x00801302 last_len=17 pan=0xdeca dst=0xffff src=0xb101 code=0xe0
UF;10294089;93945;0xdeca;0xb101;0xffff;0xe0;21066;7;2276;119;7594;17
UF;10294189;93946;0xdeca;0xb101;0xffff;0xe0;18591;7;1975;118;6911;17
UF;10294290;93947;0xdeca;0xb101;0xffff;0xe0;19585;7;2116;119;7387;17
UF;10294390;93948;0xdeca;0xb101;0xffff;0xe0;17412;7;1945;121;7452;17
UF;10294490;93949;0xdeca;0xb101;0xffff;0xe0;19059;7;2129;121;7390;17
uwb any-frame t=10294590 good=93950 len=17 fctrl=8841 pan=0xdeca dst=0xffff src=0xb101 code=0xe0 q=18610 level=7 cir=1977 rxpacc=118 fp=7210/6991/5159
UF;10294590;93950;0xdeca;0xb101;0xffff;0xe0;18610;7;1977;118;7210;17
UF;10294688;93951;0xdeca;0xb101;0xffff;0xe0;17961;7;2107;124;7250;17
UF;10294788;93952;0xdeca;0xb101;0xffff;0xe0;17585;7;1932;120;7265;17
UF;10294888;93953;0xdeca;0xb101;0xffff;0xe0;18361;7;2051;121;7512;17
UF;10294988;93954;0xdeca;0xb101;0xffff;0xe0;20624;7;2342;122;7382;17
listener debug sel=A valid=1 age=6061496 level=7 good=93954 accepted=24005 badhdr=0 nonanchor=69949 toolong=0 rxerr=99 rxen_fail=0 rxen_last=0 sys_status=0x00800002 sys_state=000505460b rx_finfo=0x07a6c811 last_status=0x00801302 last_len=17 pan=0xdeca dst=0xffff src=0xb101 code=0xe0
UF;10295088;93955;0xdeca;0xb101;0xffff;0xe0;18540;7;2071;121;7435;17
UF;10295188;93956;0xdeca;0xb101;0xffff;0xe0;17993;7;1944;119;7093;17
UF;10295288;93957;0xdeca;0xb101;0xffff;0xe0;17242;7;1926;121;7432;17
UF;10295388;93958;0xdeca;0xb101;0xffff;0xe0;19197;7;2252;124;7345;17
UF;10295488;93959;0xdeca;0xb101;0xffff;0xe0;21897;7;2446;121;7286;17
UF;10295589;93960;0xdeca;0xb101;0xffff;0xe0;22035;8;2585;124;7593;17
UF;10295689;93961;0xdeca;0xb101;0xffff;0xe0;18158;7;1995;120;6985;17
UF;10295789;93962;0xdeca;0xb101;0xffff;0xe0;19250;7;2045;118;7241;17
UF;10295889;93963;0xdeca;0xb101;0xffff;0xe0;18807;7;2032;119;7351;17
UF;10295989;93964;0xdeca;0xb101;0xffff;0xe0;17083;7;2004;124;7535;17
listener debug sel=A valid=1 age=6062497 level=7 good=93964 accepted=24005 badhdr=0 nonanchor=69959 toolong=0 rxerr=99 rxen_fail=0 rxen_last=0 sys_status=0x00800002 sys_state=000505400b rx_finfo=0x07c6c811 last_status=0x00801302 last_len=17 pan=0xdeca dst=0xffff src=0xb101 code=0xe0
UF;10296089;93965;0xdeca;0xb101;0xffff;0xe0;22640;8;2571;122;7544;17
UF;10296189;93966;0xdeca;0xb101;0xffff;0xe0;19270;7;2082;119;7263;17
UF;10296289;93967;0xdeca;0xb101;0xffff;0xe0;18520;7;2001;119;7115;17
UF;10296389;93968;0xdeca;0xb101;0xffff;0xe0;18493;7;1998;119;7310;17
UF;10296489;93969;0xdeca;0xb101;0xffff;0xe0;17503;7;1923;120;7399;17
UF;10296589;93970;0xdeca;0xb101;0xffff;0xe0;18659;7;2016;119;7258;17
UF;10296690;93971;0xdeca;0xb101;0xffff;0xe0;17667;7;1941;120;7427;17
UF;10296790;93972;0xdeca;0xb101;0xffff;0xe0;17031;7;1934;122;7029;17
UF;10296890;93973;0xdeca;0xb101;0xffff;0xe0;17994;7;2077;123;7621;17
UF;10296990;93974;0xdeca;0xb101;0xffff;0xe0;18753;7;2200;124;7448;17
listener debug sel=A valid=1 age=6063498 level=7 good=93974 accepted=24005 badhdr=0 nonanchor=69969 toolong=0 rxerr=99 rxen_fail=0 rxen_last=0 sys_status=0x00800002 sys_state=000505400b rx_finfo=0x07c6c811 last_status=0x00801302 last_len=17 pan=0xdeca dst=0xffff src=0xb101 code=0xe0
UF;10297089;93975;0xdeca;0xb101;0xffff;0xe0;19178;7;2107;120;7396;17
UF;10297190;93976;0xdeca;0xb101;0xffff;0xe0;18669;7;2017;119;6749;17
UF;10297290;93977;0xdeca;0xb101;0xffff;0xe0;19437;7;2100;119;7304;17
UF;10297390;93978;0xdeca;0xb101;0xffff;0xe0;19042;7;2198;123;7499;17
UF;10297490;93979;0xdeca;0xb101;0xffff;0xe0;19020;7;2055;119;7359;17
UF;10297585;93980;0xdeca;0xb101;0xffff;0xe0;19215;7;2076;119;7231;17
UF;10297597;93981;0xdeca;0xa107;0xb101;0xe1;15425;7;1611;117;5244;20
UL;10297597;24006;H;7;0xa107;0xb101;0xe1;15425;7;1611;117;5244;20
UF;10297688;93982;0xdeca;0xb101;0xffff;0xe0;16631;7;1737;117;7066;17
UF;10297788;93983;0xdeca;0xb101;0xffff;0xe0;18395;7;2021;120;7538;17
UF;10297888;93984;0xdeca;0xb101;0xffff;0xe0;17321;7;1809;117;7081;17
UF;10297989;93985;0xdeca;0xb101;0xffff;0xe0;21029;7;2467;124;7858;17
listener debug sel=A valid=1 age=6064502 level=7 good=93985 accepted=24006 badhdr=0 nonanchor=69979 toolong=0 rxerr=99 rxen_fail=0 rxen_last=0 sys_status=0x00800002 sys_state=000505410b rx_finfo=0x07c6c811 last_status=0x00801302 last_len=17 pan=0xdeca dst=0xffff src=0xb101 code=0xe0
UF;10298088;93986;0xdeca;0xb101;0xffff;0xe0;19109;7;2030;118;7297;17
UF;10298188;93987;0xdeca;0xb101;0xffff;0xe0;17788;7;2020;122;7336;17
UF;10298288;93988;0xdeca;0xb101;0xffff;0xe0;18334;7;2082;122;7398;17
UF;10298388;93989;0xdeca;0xb101;0xffff;0xe0;17847;7;1896;118;7218;17
UF;10298489;93990;0xdeca;0xb101;0xffff;0xe0;17824;7;1991;121;7479;17
UF;10298589;93991;0xdeca;0xb101;0xffff;0xe0;17119;7;1944;122;7496;17
UF;10298689;93992;0xdeca;0xb101;0xffff;0xe0;17311;7;1839;118;7275;17
UF;10298789;93993;0xdeca;0xb101;0xffff;0xe0;16790;7;1938;123;7559;17
UF;10298889;93994;0xdeca;0xb101;0xffff;0xe0;20737;7;2203;118;7218;17
UF;10298989;93995;0xdeca;0xb101;0xffff;0xe0;19296;7;2120;120;7413;17
listener debug sel=A valid=1 age=6065502 level=7 good=93995 accepted=24006 badhdr=0 nonanchor=69989 toolong=0 rxerr=99 rxen_fail=0 rxen_last=0 sys_status=0x00800002 sys_state=000505450b rx_finfo=0x0786c811 last_status=0x00801302 last_len=17 pan=0xdeca dst=0xffff src=0xb101 code=0xe0
UF;10299089;93996;0xdeca;0xb101;0xffff;0xe0;19223;7;2112;120;7262;17
UF;10299189;93997;0xdeca;0xb101;0xffff;0xe0;17866;7;1898;118;7324;17
UF;10299289;93998;0xdeca;0xb101;0xffff;0xe0;19270;7;2082;119;7213;17
UF;10299389;93999;0xdeca;0xb101;0xffff;0xe0;18037;7;2082;123;7549;17
uwb any-frame t=10299489 good=94000 len=17 fctrl=8841 pan=0xdeca dst=0xffff src=0xb101 code=0xe0 q=18412 level=7 cir=2160 rxpacc=124 fp=7452/7593/7081
UF;10299489;94000;0xdeca;0xb101;0xffff;0xe0;18412;7;2160;124;7452;17
UF;10299587;94001;0xdeca;0xb101;0xffff;0xe0;20089;7;2244;121;7677;17
UF;10299687;94002;0xdeca;0xb101;0xffff;0xe0;20368;7;2313;122;7543;17
UF;10299788;94003;0xdeca;0xb101;0xffff;0xe0;21771;7;2554;124;7677;17
UF;10299888;94004;0xdeca;0xb101;0xffff;0xe0;18789;7;2030;119;7259;17
UF;10299988;94005;0xdeca;0xb101;0xffff;0xe0;20178;7;2254;121;7514;17
listener debug sel=A valid=1 age=6066506 level=7 good=94005 accepted=24006 badhdr=0 nonanchor=69999 toolong=0 rxerr=99 rxen_fail=0 rxen_last=0 sys_status=0x00800002 sys_state=000505430b rx_finfo=0x0796c811 last_status=0x00801302 last_len=17 pan=0xdeca dst=0xffff src=0xb101 code=0xe0
UF;10300087;94006;0xdeca;0xb101;0xffff;0xe0;19724;7;2167;120;7168;17
UF;10300187;94007;0xdeca;0xb101;0xffff;0xe0;16162;7;1717;118;7154;17
UF;10300288;94008;0xdeca;0xb101;0xffff;0xe0;19391;7;2060;118;7261;17
UF;10300388;94009;0xdeca;0xb101;0xffff;0xe0;17475;7;1888;119;7368;17
UF;10300488;94010;0xdeca;0xb101;0xffff;0xe0;21771;7;2513;123;7480;17
UF;10300588;94011;0xdeca;0xb101;0xffff;0xe0;18557;7;2177;124;7532;17
UF;10300688;94012;0xdeca;0xb101;0xffff;0xe0;18891;7;2041;119;7142;17
UF;10300788;94013;0xdeca;0xb101;0xffff;0xe0;20603;7;2226;119;7293;17
UF;10300889;94014;0xdeca;0xb101;0xffff;0xe0;18988;7;2121;121;7347;17
UF;10300989;94015;0xdeca;0xb101;0xffff;0xe0;18558;7;2073;121;7612;17
listener debug sel=A valid=1 age=6067507 level=7 good=94015 accepted=24006 badhdr=0 nonanchor=70009 toolong=0 rxerr=99 rxen_fail=0 rxen_last=0 sys_status=0x00800002 sys_state=000505460b rx_finfo=0x0796c811 last_status=0x00801302 last_len=17 pan=0xdeca dst=0xffff src=0xb101 code=0xe0
UF;10301088;94016;0xdeca;0xb101;0xffff;0xe0;19137;7;2033;118;7276;17
UF;10301188;94017;0xdeca;0xb101;0xffff;0xe0;18527;7;1935;117;7216;17
UF;10301288;94018;0xdeca;0xb101;0xffff;0xe0;16894;7;1950;123;7547;17
UF;10301389;94019;0xdeca;0xb101;0xffff;0xe0;20109;7;2359;124;7101;17
UF;10301489;94020;0xdeca;0xb101;0xffff;0xe0;18281;7;2076;122;7539;17
UF;10301589;94021;0xdeca;0xb101;0xffff;0xe0;16972;7;1959;123;7459;17
UF;10301689;94022;0xdeca;0xb101;0xffff;0xe0;19419;7;2063;118;7273;17
UF;10301789;94023;0xdeca;0xb101;0xffff;0xe0;17219;7;2020;124;7419;17
UF;10301889;94024;0xdeca;0xb101;0xffff;0xe0;19770;7;2172;120;6880;17
UF;10301990;94025;0xdeca;0xb101;0xffff;0xe0;17876;7;1964;120;7361;17
listener debug sel=A valid=1 age=6068508 level=7 good=94025 accepted=24006 badhdr=0 nonanchor=70019 toolong=0 rxerr=99 rxen_fail=0 rxen_last=0 sys_status=0x00800002 sys_state=000505440b rx_finfo=0x0786c811 last_status=0x00801302 last_len=17 pan=0xdeca dst=0xffff src=0xb101 code=0xe0
UF;10302089;94026;0xdeca;0xb101;0xffff;0xe0;18996;7;2087;120;7467;17
UF;10302189;94027;0xdeca;0xb101;0xffff;0xe0;19798;7;2139;119;7420;17
UF;10302289;94028;0xdeca;0xb101;0xffff;0xe0;18600;7;1976;118;6939;17
UF;10302389;94029;0xdeca;0xb101;0xffff;0xe0;20144;7;2140;118;7253;17
UF;10302490;94030;0xdeca;0xb101;0xffff;0xe0;19035;7;2233;124;7646;17
UF;10302590;94031;0xdeca;0xb101;0xffff;0xe0;23527;8;2760;124;7705;17
UF;10302690;94032;0xdeca;0xb101;0xffff;0xe0;19384;7;2274;124;7171;17
UF;10302790;94033;0xdeca;0xb101;0xffff;0xe0;19798;7;2139;119;7255;17
UF;10302885;94034;0xdeca;0xb101;0xffff;0xe0;20659;7;2346;122;7532;17
UF;10302898;94035;0xdeca;0xa107;0xb101;0xe1;16388;7;1741;118;6630;20
UL;10302898;24007;H;7;0xa107;0xb101;0xe1;16388;7;1741;118;6630;20
UF;10302988;94036;0xdeca;0xb101;0xffff;0xe0;17498;7;2086;125;7629;17
listener debug sel=A valid=1 age=6069511 level=7 good=94036 accepted=24007 badhdr=0 nonanchor=70029 toolong=0 rxerr=99 rxen_fail=0 rxen_last=0 sys_status=0x00800002 sys_state=000505440b rx_finfo=0x07d6c811 last_status=0x00801302 last_len=17 pan=0xdeca dst=0xffff src=0xb101 code=0xe0
UF;10303093;94037;0xdeca;0xb101;0xffff;0xe0;18585;7;2076;121;7199;17
UF;10303188;94038;0xdeca;0xb101;0xffff;0xe0;18431;7;1925;117;7183;17
UF;10303288;94039;0xdeca;0xb101;0xffff;0xe0;20264;7;2339;123;7784;17
UF;10303388;94040;0xdeca;0xb101;0xffff;0xe0;18020;7;2080;123;7631;17
UF;10303488;94041;0xdeca;0xb101;0xffff;0xe0;19060;7;2236;124;7679;17
UF;10303588;94042;0xdeca;0xb101;0xffff;0xe0;21378;7;2388;121;7547;17
UF;10303688;94043;0xdeca;0xb101;0xffff;0xe0;21636;7;2457;122;7612;17
UF;10303789;94044;0xdeca;0xb101;0xffff;0xe0;18092;7;1922;118;7297;17
UF;10303889;94045;0xdeca;0xb101;0xffff;0xe0;19333;7;2124;120;7393;17
UF;10303989;94046;0xdeca;0xb101;0xffff;0xe0;18887;7;2075;120;7222;17
listener debug sel=A valid=1 age=6070512 level=7 good=94046 accepted=24007 badhdr=0 nonanchor=70039 toolong=0 rxerr=99 rxen_fail=0 rxen_last=0 sys_status=0x00800002 sys_state=000505440b rx_finfo=0x0786c811 last_status=0x00801302 last_len=17 pan=0xdeca dst=0xffff src=0xb101 code=0xe0
UF;10304093;94047;0xdeca;0xb101;0xffff;0xe0;18074;7;2019;121;7241;17
UF;10304188;94048;0xdeca;0xb101;0xffff;0xe0;17551;7;2059;124;7651;17
UF;10304289;94049;0xdeca;0xb101;0xffff;0xe0;17579;7;1836;117;7317;17
uwb any-frame t=10304389 good=94050 len=17 fctrl=8841 pan=0xdeca dst=0xffff src=0xb101 code=0xe0 q=22389 level=8 cir=2419 rxpacc=119 fp=7175/7294/6870
UF;10304389;94050;0xdeca;0xb101;0xffff;0xe0;22389;8;2419;119;7175;17
UF;10304487;94051;0xdeca;0xb101;0xffff;0xe0;20426;7;2435;125;7390;17
UF;10304587;94052;0xdeca;0xb101;0xffff;0xe0;17645;7;2070;124;7507;17
UF;10304687;94053;0xdeca;0xb101;0xffff;0xe0;19629;7;2340;125;7777;17
UF;10304787;94054;0xdeca;0xb101;0xffff;0xe0;17154;7;1948;122;7271;17
UF;10304887;94055;0xdeca;0xb101;0xffff;0xe0;18429;7;2162;124;7565;17
UF;10304987;94056;0xdeca;0xb101;0xffff;0xe0;19673;7;2234;122;7702;17
listener debug sel=A valid=1 age=6071516 level=7 good=94056 accepted=24007 badhdr=0 nonanchor=70049 toolong=0 rxerr=99 rxen_fail=0 rxen_last=0 sys_status=0x00800002 sys_state=000505480b rx_finfo=0x07a6c811 last_status=0x00801302 last_len=17 pan=0xdeca dst=0xffff src=0xb101 code=0xe0
UF;10305097;94057;0xdeca;0xb101;0xffff;0xe0;18422;7;2024;120;7140;17
UF;10305187;94058;0xdeca;0xb101;0xffff;0xe0;18924;7;2220;124;7438;17
UF;10305287;94059;0xdeca;0xb101;0xffff;0xe0;19501;7;2251;123;7568;17
UF;10305387;94060;0xdeca;0xb101;0xffff;0xe0;17235;7;1831;118;7074;17
UF;10305487;94061;0xdeca;0xb101;0xffff;0xe0;18382;7;1986;119;7220;17
UF;10305588;94062;0xdeca;0xb101;0xffff;0xe0;17502;7;1891;119;7074;17
UF;10305688;94063;0xdeca;0xb101;0xffff;0xe0;17403;7;1944;121;7381;17
UF;10305788;94064;0xdeca;0xb101;0xffff;0xe0;23261;8;2685;123;7442;17
UF;10305888;94065;0xdeca;0xb101;0xffff;0xe0;17515;7;1989;122;7466;17
UF;10305988;94066;0xdeca;0xb101;0xffff;0xe0;18719;7;2091;121;7553;17
l