[CAPTURE] session_dir=/home/zekaixiao/Desktop/28052026_Erlangen_Official/captures/erlangen_20260528_optitrack/roto_R10_BS2DCE_BSDC91_120s_20260528_132554/tag_capture_20260528_132555
[CAPTURE] raw_log=/home/zekaixiao/Desktop/28052026_Erlangen_Official/captures/erlangen_20260528_optitrack/roto_R10_BS2DCE_BSDC91_120s_20260528_132554/tag_capture_20260528_132555/raw.log
[CAPTURE] plan: targets=BS2DCE,BSDC91 tr=10Hz duration=120s
[CAPTURE] open serial: /dev/serial/by-id/usb-Master_Tag_BioSpur_BLE_Control_6918E0384172A49F-if00
[CAPTURE] drain boot/runtime output
[HOST_CMD] status
[HOST_CMD] device show
[CAPTURE] configure: reuse Master_Tag resident links
[HOST_CMD] device kind tag
[HOST_CMD] device show
[HOST_CMD] ota_target token -1
[HOST_CMD] ota_target name -
[HOST_CMD] ota_target prefix BS
[HOST_CMD] ota_target uuid -
[CAPTURE] configure: targeted AOTA non-target tags=BSF66F,BS9336,BS955A,BSCCF4
[HOST_CMD] ota_target token -1
[HOST_CMD] ota_target name BSF66F
[HOST_CMD] ota_target prefix -
[HOST_CMD] ota_target uuid -
[HOST_CMD] cmd_all MODE AOTA
[HOST_CMD] ota_target token -1
[HOST_CMD] ota_target name BS9336
[HOST_CMD] ota_target prefix -
[HOST_CMD] ota_target uuid -
[HOST_CMD] cmd_all MODE AOTA
[HOST_CMD] ota_target token -1
[HOST_CMD] ota_target name BS955A
[HOST_CMD] ota_target prefix -
[HOST_CMD] ota_target uuid -
[HOST_CMD] cmd_all MODE AOTA
[HOST_CMD] ota_target token -1
[HOST_CMD] ota_target name BSCCF4
[HOST_CMD] ota_target prefix -
[HOST_CMD] ota_target uuid -
[HOST_CMD] cmd_all MODE AOTA
[HOST_CMD] ota_target token -1
[HOST_CMD] ota_target name -
[HOST_CMD] ota_target prefix BS
[HOST_CMD] ota_target uuid -
[CAPTURE] configure: silence resident Tag links for enrollment after non-target AOTA (BSF66F,BS9336,BS955A,BSCCF4)
[HOST_CMD] tdma hold 1
[CAPTURE] configure: skip setup MODE AOTA; TDMA roster/hold controls admission
[CAPTURE] configure: reassert TDMA target roster
[HOST_CMD] tdma freq motion 10
[HOST_CMD] tdma roster BS2DCE motion
[HOST_CMD] tdma roster BSDC91 motion
[HOST_CMD] ota_target token -1
[HOST_CMD] ota_target name -
[HOST_CMD] ota_target prefix BS
[HOST_CMD] ota_target uuid -
[HOST_CMD] conn
[CAPTURE] configure: wait for target links
[CAPTURE] link setup passive initial: wait up to 30s
[CAPTURE] link setup passive: ready=BS2DCE,BSDC91 (2/2)
[CAPTURE] link setup passive: all 2/2 ready; settle 8.0s before TDMA release
[CAPTURE] link setup passive: ready=BS2DCE,BSDC91 (2/2)
[CAPTURE] configure: release TDMA hold and verify TDMA CFG
[HOST_CMD] tdma hold 0
[CAPTURE] configure: TDMA CFG apply/check attempt 1/3
[HOST_CMD] tdma freq motion 10
[HOST_CMD] tdma roster BS2DCE motion
[HOST_CMD] tdma roster BSDC91 motion
[HOST_CMD] tdma rebalance
[HOST_CMD] tdma show
[HOST_CMD] status
[HOST_CMD] device show
[CAPTURE] configure: TDMA CFG verified match=true
[CAPTURE] configure: TDMA ready
[CAPTURE] TDMA verified; start TR capture
[CAPTURE] [....................]   0.0% elapsed=0s eta=120s rows=0 row_rate=0.0/s sw=0 ge7=0% ge8=0% BS2DCE:rows=0,cfg=10Hz BSDC91:rows=0,cfg=10Hz
[CAPTURE] [....................]   0.9% elapsed=1s eta=119s rows=168 row_rate=160.4/s sw=21 ge7=100% ge8=90% BS2DCE:rows=88,cfg=10Hz BSDC91:rows=80,cfg=10Hz
[CAPTURE] [....................]   1.7% elapsed=2s eta=118s rows=328 row_rate=160.1/s sw=41 ge7=100% ge8=93% BS2DCE:rows=168,cfg=10Hz BSDC91:rows=160,cfg=10Hz
[CAPTURE] [#...................]   2.5% elapsed=3s eta=117s rows=488 row_rate=159.6/s sw=61 ge7=100% ge8=95% BS2DCE:rows=248,cfg=10Hz BSDC91:rows=240,cfg=10Hz
[CAPTURE] [#...................]   3.4% elapsed=4s eta=116s rows=656 row_rate=159.7/s sw=82 ge7=100% ge8=89% BS2DCE:rows=328,cfg=10Hz BSDC91:rows=328,cfg=10Hz
[CAPTURE] [#...................]   4.3% elapsed=5s eta=115s rows=824 row_rate=160.2/s sw=103 ge7=100% ge8=90% BS2DCE:rows=416,cfg=10Hz BSDC91:rows=408,cfg=10Hz
[CAPTURE] [#...................]   5.2% elapsed=6s eta=114s rows=992 row_rate=160.4/s sw=124 ge7=100% ge8=90% BS2DCE:rows=496,cfg=10Hz BSDC91:rows=496,cfg=10Hz
[CAPTURE] [#...................]   6.0% elapsed=7s eta=113s rows=1152 row_rate=160.1/s sw=144 ge7=100% ge8=91% BS2DCE:rows=576,cfg=10Hz BSDC91:rows=576,cfg=10Hz
[CAPTURE] [#...................]   6.9% elapsed=8s eta=112s rows=1320 row_rate=160.0/s sw=165 ge7=100% ge8=90% BS2DCE:rows=664,cfg=10Hz BSDC91:rows=656,cfg=10Hz
[CAPTURE] [##..................]   7.7% elapsed=9s eta=111s rows=1488 row_rate=160.3/s sw=186 ge7=100% ge8=90% BS2DCE:rows=744,cfg=10Hz BSDC91:rows=744,cfg=10Hz
[CAPTURE] [##..................]   8.7% elapsed=10s eta=110s rows=1656 row_rate=159.3/s sw=207 ge7=100% ge8=90% BS2DCE:rows=832,cfg=10Hz BSDC91:rows=824,cfg=10Hz
[CAPTURE] [##..................]   9.5% elapsed=11s eta=109s rows=1816 row_rate=159.2/s sw=227 ge7=100% ge8=91% BS2DCE:rows=912,cfg=10Hz BSDC91:rows=904,cfg=10Hz
[CAPTURE] [##..................]  10.3% elapsed=12s eta=108s rows=1976 row_rate=159.1/s sw=247 ge7=100% ge8=91% BS2DCE:rows=992,cfg=10Hz BSDC91:rows=984,cfg=10Hz
[CAPTURE] [##..................]  11.2% elapsed=13s eta=107s rows=2144 row_rate=159.7/s sw=268 ge7=100% ge8=91% BS2DCE:rows=1072,cfg=10Hz BSDC91:rows=1072,cfg=10Hz
[CAPTURE] [##..................]  12.0% elapsed=14s eta=106s rows=2296 row_rate=159.1/s sw=287 ge7=100% ge8=91% BS2DCE:rows=1152,cfg=10Hz BSDC91:rows=1144,cfg=10Hz
[CAPTURE] [###.................]  12.9% elapsed=15s eta=105s rows=2464 row_rate=159.5/s sw=308 ge7=100% ge8=91% BS2DCE:rows=1232,cfg=10Hz BSDC91:rows=1232,cfg=10Hz
[CAPTURE] [###.................]  13.7% elapsed=16s eta=104s rows=2624 row_rate=159.4/s sw=328 ge7=100% ge8=91% BS2DCE:rows=1312,cfg=10Hz BSDC91:rows=1312,cfg=10Hz
[CAPTURE] [###.................]  14.6% elapsed=17s eta=103s rows=2792 row_rate=159.9/s sw=349 ge7=100% ge8=91% BS2DCE:rows=1400,cfg=10Hz BSDC91:rows=1392,cfg=10Hz
[CAPTURE] [###.................]  15.4% elapsed=19s eta=101s rows=2960 row_rate=159.9/s sw=370 ge7=100% ge8=91% BS2DCE:rows=1480,cfg=10Hz BSDC91:rows=1480,cfg=10Hz
[CAPTURE] [###.................]  16.3% elapsed=20s eta=100s rows=3128 row_rate=160.1/s sw=391 ge7=100% ge8=91% BS2DCE:rows=1568,cfg=10Hz BSDC91:rows=1560,cfg=10Hz
[CAPTURE] [###.................]  17.2% elapsed=21s eta=99s rows=3296 row_rate=160.1/s sw=412 ge7=100% ge8=91% BS2DCE:rows=1648,cfg=10Hz BSDC91:rows=1648,cfg=10Hz
[CAPTURE] [####................]  18.0% elapsed=22s eta=98s rows=3456 row_rate=160.0/s sw=432 ge7=100% ge8=91% BS2DCE:rows=1728,cfg=10Hz BSDC91:rows=1728,cfg=10Hz
[CAPTURE] [####................]  18.9% elapsed=23s eta=97s rows=3624 row_rate=160.0/s sw=453 ge7=100% ge8=91% BS2DCE:rows=1816,cfg=10Hz BSDC91:rows=1808,cfg=10Hz
[CAPTURE] [####................]  19.7% elapsed=24s eta=96s rows=3792 row_rate=160.1/s sw=474 ge7=100% ge8=92% BS2DCE:rows=1896,cfg=10Hz BSDC91:rows=1896,cfg=10Hz
[CAPTURE] [####................]  20.6% elapsed=25s eta=95s rows=3960 row_rate=160.1/s sw=495 ge7=100% ge8=92% BS2DCE:rows=1984,cfg=10Hz BSDC91:rows=1976,cfg=10Hz
[CAPTURE] [####................]  21.5% elapsed=26s eta=94s rows=4128 row_rate=160.0/s sw=516 ge7=100% ge8=92% BS2DCE:rows=2064,cfg=10Hz BSDC91:rows=2064,cfg=10Hz
[CAPTURE] [####................]  22.4% elapsed=27s eta=93s rows=4296 row_rate=160.0/s sw=537 ge7=100% ge8=92% BS2DCE:rows=2152,cfg=10Hz BSDC91:rows=2144,cfg=10Hz
[CAPTURE] [#####...............]  23.2% elapsed=28s eta=92s rows=4456 row_rate=159.9/s sw=557 ge7=100% ge8=92% BS2DCE:rows=2232,cfg=10Hz BSDC91:rows=2224,cfg=10Hz
[CAPTURE] [#####...............]  24.1% elapsed=29s eta=91s rows=4624 row_rate=160.0/s sw=578 ge7=100% ge8=93% BS2DCE:rows=2312,cfg=10Hz BSDC91:rows=2312,cfg=10Hz
[CAPTURE] [#####...............]  24.9% elapsed=30s eta=90s rows=4792 row_rate=160.2/s sw=599 ge7=100% ge8=93% BS2DCE:rows=2400,cfg=10Hz BSDC91:rows=2392,cfg=10Hz
[CAPTURE] [#####...............]  25.8% elapsed=31s eta=89s rows=4952 row_rate=160.2/s sw=619 ge7=100% ge8=93% BS2DCE:rows=2480,cfg=10Hz BSDC91:rows=2472,cfg=10Hz
[CAPTURE] [#####...............]  26.6% elapsed=32s eta=88s rows=5112 row_rate=160.1/s sw=639 ge7=100% ge8=93% BS2DCE:rows=2560,cfg=10Hz BSDC91:rows=2552,cfg=10Hz
[CAPTURE] [#####...............]  27.4% elapsed=33s eta=87s rows=5272 row_rate=160.1/s sw=659 ge7=100% ge8=93% BS2DCE:rows=2640,cfg=10Hz BSDC91:rows=2632,cfg=10Hz
[CAPTURE] [######..............]  28.3% elapsed=34s eta=86s rows=5440 row_rate=160.1/s sw=680 ge7=100% ge8=93% BS2DCE:rows=2720,cfg=10Hz BSDC91:rows=2720,cfg=10Hz
[CAPTURE] [######..............]  29.2% elapsed=35s eta=85s rows=5608 row_rate=160.0/s sw=701 ge7=100% ge8=93% BS2DCE:rows=2808,cfg=10Hz BSDC91:rows=2800,cfg=10Hz
[CAPTURE] [######..............]  30.1% elapsed=36s eta=84s rows=5776 row_rate=160.0/s sw=722 ge7=100% ge8=93% BS2DCE:rows=2888,cfg=10Hz BSDC91:rows=2888,cfg=10Hz
[CAPTURE] [######..............]  30.9% elapsed=37s eta=83s rows=5944 row_rate=160.1/s sw=743 ge7=100% ge8=93% BS2DCE:rows=2976,cfg=10Hz BSDC91:rows=2968,cfg=10Hz
[CAPTURE] [######..............]  31.8% elapsed=38s eta=82s rows=6112 row_rate=160.1/s sw=764 ge7=100% ge8=93% BS2DCE:rows=3056,cfg=10Hz BSDC91:rows=3056,cfg=10Hz
[CAPTURE] [#######.............]  32.7% elapsed=39s eta=81s rows=6280 row_rate=160.0/s sw=785 ge7=100% ge8=93% BS2DCE:rows=3144,cfg=10Hz BSDC91:rows=3136,cfg=10Hz
[CAPTURE] [#######.............]  33.5% elapsed=40s eta=80s rows=6440 row_rate=160.0/s sw=805 ge7=100% ge8=94% BS2DCE:rows=3224,cfg=10Hz BSDC91:rows=3216,cfg=10Hz
[CAPTURE] [#######.............]  34.4% elapsed=41s eta=79s rows=6608 row_rate=160.0/s sw=826 ge7=100% ge8=93% BS2DCE:rows=3304,cfg=10Hz BSDC91:rows=3304,cfg=10Hz
[CAPTURE] [#######.............]  35.3% elapsed=42s eta=78s rows=6776 row_rate=159.9/s sw=847 ge7=100% ge8=93% BS2DCE:rows=3392,cfg=10Hz BSDC91:rows=3384,cfg=10Hz
[CAPTURE] [#######.............]  36.2% elapsed=43s eta=77s rows=6936 row_rate=159.8/s sw=867 ge7=100% ge8=93% BS2DCE:rows=3472,cfg=10Hz BSDC91:rows=3464,cfg=10Hz
[CAPTURE] [#######.............]  37.0% elapsed=44s eta=76s rows=7096 row_rate=159.7/s sw=887 ge7=100% ge8=93% BS2DCE:rows=3552,cfg=10Hz BSDC91:rows=3544,cfg=10Hz
[CAPTURE] [########............]  37.9% elapsed=45s eta=75s rows=7264 row_rate=159.9/s sw=908 ge7=100% ge8=93% BS2DCE:rows=3632,cfg=10Hz BSDC91:rows=3632,cfg=10Hz
[CAPTURE] [########............]  38.7% elapsed=46s eta=74s rows=7424 row_rate=159.9/s sw=928 ge7=100% ge8=93% BS2DCE:rows=3712,cfg=10Hz BSDC91:rows=3712,cfg=10Hz
[CAPTURE] [########............]  39.5% elapsed=47s eta=73s rows=7592 row_rate=160.0/s sw=949 ge7=100% ge8=93% BS2DCE:rows=3800,cfg=10Hz BSDC91:rows=3792,cfg=10Hz
[CAPTURE] [########............]  40.4% elapsed=48s eta=72s rows=7760 row_rate=160.0/s sw=970 ge7=100% ge8=93% BS2DCE:rows=3880,cfg=10Hz BSDC91:rows=3880,cfg=10Hz
[CAPTURE] [########............]  41.3% elapsed=50s eta=70s rows=7920 row_rate=160.0/s sw=990 ge7=100% ge8=93% BS2DCE:rows=3960,cfg=10Hz BSDC91:rows=3960,cfg=10Hz
[CAPTURE] [########............]  42.1% elapsed=51s eta=69s rows=8088 row_rate=160.0/s sw=1011 ge7=100% ge8=93% BS2DCE:rows=4048,cfg=10Hz BSDC91:rows=4040,cfg=10Hz
[CAPTURE] [#########...........]  43.0% elapsed=52s eta=68s rows=8256 row_rate=159.9/s sw=1032 ge7=100% ge8=93% BS2DCE:rows=4128,cfg=10Hz BSDC91:rows=4128,cfg=10Hz
[CAPTURE] [#########...........]  43.9% elapsed=53s eta=67s rows=8424 row_rate=160.0/s sw=1053 ge7=100% ge8=93% BS2DCE:rows=4216,cfg=10Hz BSDC91:rows=4208,cfg=10Hz
[CAPTURE] [#########...........]  44.7% elapsed=54s eta=66s rows=8592 row_rate=160.1/s sw=1074 ge7=100% ge8=93% BS2DCE:rows=4296,cfg=10Hz BSDC91:rows=4296,cfg=10Hz
[CAPTURE] [#########...........]  45.6% elapsed=55s eta=65s rows=8752 row_rate=160.0/s sw=1094 ge7=100% ge8=93% BS2DCE:rows=4376,cfg=10Hz BSDC91:rows=4376,cfg=10Hz
[CAPTURE] [#########...........]  46.4% elapsed=56s eta=64s rows=8920 row_rate=160.0/s sw=1115 ge7=100% ge8=93% BS2DCE:rows=4464,cfg=10Hz BSDC91:rows=4456,cfg=10Hz
[CAPTURE] [#########...........]  47.3% elapsed=57s eta=63s rows=9088 row_rate=160.0/s sw=1136 ge7=100% ge8=93% BS2DCE:rows=4544,cfg=10Hz BSDC91:rows=4544,cfg=10Hz
[CAPTURE] [##########..........]  48.2% elapsed=58s eta=62s rows=9256 row_rate=160.0/s sw=1157 ge7=100% ge8=93% BS2DCE:rows=4632,cfg=10Hz BSDC91:rows=4624,cfg=10Hz
[CAPTURE] [##########..........]  49.1% elapsed=59s eta=61s rows=9416 row_rate=159.9/s sw=1177 ge7=100% ge8=94% BS2DCE:rows=4712,cfg=10Hz BSDC91:rows=4704,cfg=10Hz
[CAPTURE] [##########..........]  49.9% elapsed=60s eta=60s rows=9584 row_rate=160.0/s sw=1198 ge7=100% ge8=94% BS2DCE:rows=4792,cfg=10Hz BSDC91:rows=4792,cfg=10Hz
[CAPTURE] [##########..........]  50.8% elapsed=61s eta=59s rows=9752 row_rate=160.1/s sw=1219 ge7=100% ge8=94% BS2DCE:rows=4880,cfg=10Hz BSDC91:rows=4872,cfg=10Hz
[CAPTURE] [##########..........]  51.6% elapsed=62s eta=58s rows=9912 row_rate=160.0/s sw=1239 ge7=100% ge8=94% BS2DCE:rows=4960,cfg=10Hz BSDC91:rows=4952,cfg=10Hz
[CAPTURE] [##########..........]  52.5% elapsed=63s eta=57s rows=10080 row_rate=160.0/s sw=1260 ge7=100% ge8=94% BS2DCE:rows=5040,cfg=10Hz BSDC91:rows=5040,cfg=10Hz
[CAPTURE] [###########.........]  53.4% elapsed=64s eta=56s rows=10248 row_rate=160.0/s sw=1281 ge7=100% ge8=94% BS2DCE:rows=5128,cfg=10Hz BSDC91:rows=5120,cfg=10Hz
[CAPTURE] [###########.........]  54.2% elapsed=65s eta=55s rows=10416 row_rate=160.0/s sw=1302 ge7=100% ge8=94% BS2DCE:rows=5208,cfg=10Hz BSDC91:rows=5208,cfg=10Hz
[CAPTURE] [###########.........]  55.1% elapsed=66s eta=54s rows=10576 row_rate=160.0/s sw=1322 ge7=100% ge8=94% BS2DCE:rows=5288,cfg=10Hz BSDC91:rows=5288,cfg=10Hz
[CAPTURE] [###########.........]  55.9% elapsed=67s eta=53s rows=10736 row_rate=160.0/s sw=1342 ge7=100% ge8=94% BS2DCE:rows=5368,cfg=10Hz BSDC91:rows=5368,cfg=10Hz
[CAPTURE] [###########.........]  56.8% elapsed=68s eta=52s rows=10904 row_rate=160.0/s sw=1363 ge7=100% ge8=94% BS2DCE:rows=5456,cfg=10Hz BSDC91:rows=5448,cfg=10Hz
[CAPTURE] [############........]  57.7% elapsed=69s eta=51s rows=11072 row_rate=160.0/s sw=1384 ge7=100% ge8=94% BS2DCE:rows=5536,cfg=10Hz BSDC91:rows=5536,cfg=10Hz
[CAPTURE] [############........]  58.5% elapsed=70s eta=50s rows=11232 row_rate=160.0/s sw=1404 ge7=100% ge8=94% BS2DCE:rows=5616,cfg=10Hz BSDC91:rows=5616,cfg=10Hz
[CAPTURE] [############........]  59.4% elapsed=71s eta=49s rows=11400 row_rate=160.0/s sw=1425 ge7=100% ge8=94% BS2DCE:rows=5704,cfg=10Hz BSDC91:rows=5696,cfg=10Hz
[CAPTURE] [############........]  60.2% elapsed=72s eta=48s rows=11568 row_rate=160.0/s sw=1446 ge7=100% ge8=94% BS2DCE:rows=5784,cfg=10Hz BSDC91:rows=5784,cfg=10Hz
[CAPTURE] [############........]  61.2% elapsed=73s eta=47s rows=11736 row_rate=159.9/s sw=1467 ge7=100% ge8=94% BS2DCE:rows=5872,cfg=10Hz BSDC91:rows=5864,cfg=10Hz
[CAPTURE] [############........]  62.0% elapsed=74s eta=46s rows=11896 row_rate=159.9/s sw=1487 ge7=100% ge8=94% BS2DCE:rows=5952,cfg=10Hz BSDC91:rows=5944,cfg=10Hz
[CAPTURE] [#############.......]  62.8% elapsed=75s eta=45s rows=12064 row_rate=160.0/s sw=1508 ge7=100% ge8=94% BS2DCE:rows=6032,cfg=10Hz BSDC91:rows=6032,cfg=10Hz
[CAPTURE] [#############.......]  63.7% elapsed=76s eta=44s rows=12224 row_rate=159.9/s sw=1528 ge7=100% ge8=94% BS2DCE:rows=6112,cfg=10Hz BSDC91:rows=6112,cfg=10Hz
[CAPTURE] [#############.......]  64.6% elapsed=77s eta=43s rows=12400 row_rate=160.0/s sw=1550 ge7=100% ge8=94% BS2DCE:rows=6200,cfg=10Hz BSDC91:rows=6200,cfg=10Hz
[CAPTURE] [#############.......]  65.4% elapsed=78s eta=42s rows=12560 row_rate=160.0/s sw=1570 ge7=100% ge8=94% BS2DCE:rows=6280,cfg=10Hz BSDC91:rows=6280,cfg=10Hz
[CAPTURE] [#############.......]  66.3% elapsed=80s eta=40s rows=12728 row_rate=160.0/s sw=1591 ge7=100% ge8=94% BS2DCE:rows=6368,cfg=10Hz BSDC91:rows=6360,cfg=10Hz
[CAPTURE] [#############.......]  67.2% elapsed=81s eta=39s rows=12896 row_rate=160.0/s sw=1612 ge7=100% ge8=94% BS2DCE:rows=6448,cfg=10Hz BSDC91:rows=6448,cfg=10Hz
[CAPTURE] [##############......]  68.0% elapsed=82s eta=38s rows=13056 row_rate=160.0/s sw=1632 ge7=100% ge8=94% BS2DCE:rows=6528,cfg=10Hz BSDC91:rows=6528,cfg=10Hz
[CAPTURE] [##############......]  68.9% elapsed=83s eta=37s rows=13224 row_rate=160.0/s sw=1653 ge7=100% ge8=94% BS2DCE:rows=6616,cfg=10Hz BSDC91:rows=6608,cfg=10Hz
[CAPTURE] [##############......]  69.7% elapsed=84s eta=36s rows=13384 row_rate=160.0/s sw=1673 ge7=100% ge8=94% BS2DCE:rows=6696,cfg=10Hz BSDC91:rows=6688,cfg=10Hz
[CAPTURE] [##############......]  70.6% elapsed=85s eta=35s rows=13552 row_rate=160.0/s sw=1694 ge7=100% ge8=94% BS2DCE:rows=6776,cfg=10Hz BSDC91:rows=6776,cfg=10Hz
[CAPTURE] [##############......]  71.4% elapsed=86s eta=34s rows=13720 row_rate=160.0/s sw=1715 ge7=100% ge8=94% BS2DCE:rows=6864,cfg=10Hz BSDC91:rows=6856,cfg=10Hz
[CAPTURE] [##############......]  72.3% elapsed=87s eta=33s rows=13880 row_rate=160.0/s sw=1735 ge7=100% ge8=94% BS2DCE:rows=6944,cfg=10Hz BSDC91:rows=6936,cfg=10Hz
[CAPTURE] [###############.....]  73.2% elapsed=88s eta=32s rows=14048 row_rate=160.0/s sw=1756 ge7=100% ge8=94% BS2DCE:rows=7024,cfg=10Hz BSDC91:rows=7024,cfg=10Hz
[CAPTURE] [###############.....]  74.0% elapsed=89s eta=31s rows=14216 row_rate=160.0/s sw=1777 ge7=100% ge8=94% BS2DCE:rows=7112,cfg=10Hz BSDC91:rows=7104,cfg=10Hz
[CAPTURE] [###############.....]  74.9% elapsed=90s eta=30s rows=14384 row_rate=160.0/s sw=1798 ge7=100% ge8=94% BS2DCE:rows=7192,cfg=10Hz BSDC91:rows=7192,cfg=10Hz
[CAPTURE] [###############.....]  75.8% elapsed=91s eta=29s rows=14552 row_rate=160.1/s sw=1819 ge7=100% ge8=94% BS2DCE:rows=7280,cfg=10Hz BSDC91:rows=7272,cfg=10Hz
[CAPTURE] [###############.....]  76.6% elapsed=92s eta=28s rows=14712 row_rate=160.0/s sw=1839 ge7=100% ge8=94% BS2DCE:rows=7360,cfg=10Hz BSDC91:rows=7352,cfg=10Hz
[CAPTURE] [################....]  77.5% elapsed=93s eta=27s rows=14880 row_rate=160.0/s sw=1860 ge7=100% ge8=94% BS2DCE:rows=7440,cfg=10Hz BSDC91:rows=7440,cfg=10Hz
[CAPTURE] [################....]  78.4% elapsed=94s eta=26s rows=15056 row_rate=160.0/s sw=1882 ge7=100% ge8=94% BS2DCE:rows=7528,cfg=10Hz BSDC91:rows=7528,cfg=10Hz
[CAPTURE] [################....]  79.3% elapsed=95s eta=25s rows=15224 row_rate=160.0/s sw=1903 ge7=100% ge8=94% BS2DCE:rows=7616,cfg=10Hz BSDC91:rows=7608,cfg=10Hz
[CAPTURE] [################....]  80.2% elapsed=96s eta=24s rows=15392 row_rate=160.0/s sw=1924 ge7=100% ge8=94% BS2DCE:rows=7696,cfg=10Hz BSDC91:rows=7696,cfg=10Hz
[CAPTURE] [################....]  81.0% elapsed=97s eta=23s rows=15560 row_rate=160.0/s sw=1945 ge7=100% ge8=94% BS2DCE:rows=7784,cfg=10Hz BSDC91:rows=7776,cfg=10Hz
[CAPTURE] [################....]  81.9% elapsed=98s eta=22s rows=15728 row_rate=160.0/s sw=1966 ge7=100% ge8=94% BS2DCE:rows=7864,cfg=10Hz BSDC91:rows=7864,cfg=10Hz
[CAPTURE] [#################...]  82.8% elapsed=99s eta=21s rows=15896 row_rate=159.9/s sw=1987 ge7=100% ge8=94% BS2DCE:rows=7952,cfg=10Hz BSDC91:rows=7944,cfg=10Hz
[CAPTURE] [#################...]  83.7% elapsed=100s eta=20s rows=16056 row_rate=159.9/s sw=2007 ge7=100% ge8=94% BS2DCE:rows=8032,cfg=10Hz BSDC91:rows=8024,cfg=10Hz
[CAPTURE] [#################...]  84.5% elapsed=101s eta=19s rows=16224 row_rate=160.0/s sw=2028 ge7=100% ge8=94% BS2DCE:rows=8112,cfg=10Hz BSDC91:rows=8112,cfg=10Hz
[CAPTURE] [#################...]  85.4% elapsed=102s eta=18s rows=16392 row_rate=160.0/s sw=2049 ge7=100% ge8=95% BS2DCE:rows=8192,cfg=10Hz BSDC91:rows=8200,cfg=10Hz
[CAPTURE] [#################...]  86.2% elapsed=103s eta=17s rows=16552 row_rate=160.0/s sw=2069 ge7=100% ge8=95% BS2DCE:rows=8272,cfg=10Hz BSDC91:rows=8280,cfg=10Hz
[CAPTURE] [#################...]  87.1% elapsed=105s eta=15s rows=16728 row_rate=160.0/s sw=2091 ge7=100% ge8=95% BS2DCE:rows=8368,cfg=10Hz BSDC91:rows=8360,cfg=10Hz
[CAPTURE] [##################..]  88.0% elapsed=106s eta=14s rows=16896 row_rate=160.0/s sw=2112 ge7=100% ge8=94% BS2DCE:rows=8448,cfg=10Hz BSDC91:rows=8448,cfg=10Hz
[CAPTURE] [##################..]  88.9% elapsed=107s eta=13s rows=17064 row_rate=160.0/s sw=2133 ge7=100% ge8=94% BS2DCE:rows=8536,cfg=10Hz BSDC91:rows=8528,cfg=10Hz
[CAPTURE] [##################..]  89.7% elapsed=108s eta=12s rows=17232 row_rate=160.0/s sw=2154 ge7=100% ge8=94% BS2DCE:rows=8616,cfg=10Hz BSDC91:rows=8616,cfg=10Hz
[CAPTURE] [##################..]  90.6% elapsed=109s eta=11s rows=17400 row_rate=160.0/s sw=2175 ge7=100% ge8=94% BS2DCE:rows=8704,cfg=10Hz BSDC91:rows=8696,cfg=10Hz
[CAPTURE] [##################..]  91.5% elapsed=110s eta=10s rows=17568 row_rate=160.0/s sw=2196 ge7=100% ge8=94% BS2DCE:rows=8784,cfg=10Hz BSDC91:rows=8784,cfg=10Hz
[CAPTURE] [##################..]  92.4% elapsed=111s eta=9s rows=17736 row_rate=160.0/s sw=2217 ge7=100% ge8=94% BS2DCE:rows=8872,cfg=10Hz BSDC91:rows=8864,cfg=10Hz
[CAPTURE] [###################.]  93.3% elapsed=112s eta=8s rows=17904 row_rate=160.0/s sw=2238 ge7=100% ge8=94% BS2DCE:rows=8952,cfg=10Hz BSDC91:rows=8952,cfg=10Hz
[CAPTURE] [###################.]  94.1% elapsed=113s eta=7s rows=18072 row_rate=160.0/s sw=2259 ge7=100% ge8=94% BS2DCE:rows=9040,cfg=10Hz BSDC91:rows=9032,cfg=10Hz
[CAPTURE] [###################.]  95.0% elapsed=114s eta=6s rows=18240 row_rate=160.0/s sw=2280 ge7=100% ge8=94% BS2DCE:rows=9120,cfg=10Hz BSDC91:rows=9120,cfg=10Hz
[CAPTURE] [###################.]  95.9% elapsed=115s eta=5s rows=18408 row_rate=160.0/s sw=2301 ge7=100% ge8=94% BS2DCE:rows=9208,cfg=10Hz BSDC91:rows=9200,cfg=10Hz
[CAPTURE] [###################.]  96.7% elapsed=116s eta=4s rows=18576 row_rate=160.0/s sw=2322 ge7=100% ge8=94% BS2DCE:rows=9288,cfg=10Hz BSDC91:rows=9288,cfg=10Hz
[CAPTURE] [####################]  97.6% elapsed=117s eta=3s rows=18744 row_rate=160.0/s sw=2343 ge7=100% ge8=94% BS2DCE:rows=9376,cfg=10Hz BSDC91:rows=9368,cfg=10Hz
[CAPTURE] [####################]  98.5% elapsed=118s eta=2s rows=18912 row_rate=160.0/s sw=2364 ge7=100% ge8=94% BS2DCE:rows=9456,cfg=10Hz BSDC91:rows=9456,cfg=10Hz
[CAPTURE] [####################]  99.4% elapsed=119s eta=1s rows=19080 row_rate=160.0/s sw=2385 ge7=100% ge8=94% BS2DCE:rows=9544,cfg=10Hz BSDC91:rows=9536,cfg=10Hz
[CAPTURE] cleanup: stopping all tag ranging with cmd_all MODE AOTA
[HOST_CMD] cmd_all MODE AOTA
[CAPTURE] cleanup: all tags quiet after MODE AOTA
{
  "success": true,
  "interrupted": false,
  "startup_failed": false,
  "startup_fail_targets": [],
  "controller_lost": false,
  "no_tr_timeout": false,
  "controller_recovery_attempts": 0,
  "controller_recovery_successes": 0,
  "tdma_config_failed": false,
  "tdma_config_check": {
    "match": true,
    "per_target": {
      "BS2DCE": {
        "bs": "BS2DCE",
        "match": true,
        "mismatches": [],
        "warnings": [],
        "expected": {
          "tag_id": 1,
          "slot": 0,
          "count": 10,
          "mask": 1,
          "mask_hex": "0x0001",
          "period_ms": 10,
          "active_ms": 9,
          "active_us": 0,
          "generation": 6,
          "pmode": 0
        },
        "actual": {
          "tag_id": 1,
          "slot": 0,
          "count": 10,
          "mask": 1,
          "mask_hex": "0x0001",
          "period_ms": 10,
          "active_ms": 9,
          "active_us": 0,
          "generation": 6,
          "live": 1
        },
        "actual_cfg_hz": 10.0,
        "scheduler": {
          "profile": "motion",
          "target_hz": 10,
          "mask": 1,
          "mask_hex": "0x0001",
          "slots": 1,
          "count": 10,
          "actual_x100": 1000,
          "actual_hz": 10.0
        },
        "expected_pmode": 0,
        "expected_freq_hz": 10
      },
      "BSDC91": {
        "bs": "BSDC91",
        "match": true,
        "mismatches": [],
        "warnings": [],
        "expected": {
          "tag_id": 2,
          "slot": 5,
          "count": 10,
          "mask": 32,
          "mask_hex": "0x0020",
          "period_ms": 10,
          "active_ms": 9,
          "active_us": 0,
          "generation": 6,
          "pmode": 0
        },
        "actual": {
          "tag_id": 2,
          "slot": 5,
          "count": 10,
          "mask": 32,
          "mask_hex": "0x0020",
          "period_ms": 10,
          "active_ms": 9,
          "active_us": 0,
          "generation": 6,
          "live": 1
        },
        "actual_cfg_hz": 10.0,
        "scheduler": {
          "profile": "motion",
          "target_hz": 10,
          "mask": 32,
          "mask_hex": "0x0020",
          "slots": 1,
          "count": 10,
          "actual_x100": 1000,
          "actual_hz": 10.0
        },
        "expected_pmode": 0,
        "expected_freq_hz": 10
      }
    }
  },
  "anchor_preflight": {
    "skipped": true,
    "success": true
  },
  "cleanup": {
    "attempted": true,
    "success": true,
    "command": "cmd_all MODE AOTA",
    "error": "",
    "stop_notify_rows": 0,
    "stop_verify_s": 3.0
  },
  "port": "/dev/serial/by-id/usb-Master_Tag_BioSpur_BLE_Control_6918E0384172A49F-if00",
  "duration_s": 120.0,
  "elapsed_s": 167.83602952957153,
  "session_dir": "/home/zekaixiao/Desktop/28052026_Erlangen_Official/captures/erlangen_20260528_optitrack/roto_R10_BS2DCE_BSDC91_120s_20260528_132554/tag_capture_20260528_132555",
  "targets": [
    "BS2DCE",
    "BSDC91"
  ],
  "expected_pmode": {
    "BS2DCE": 0,
    "BSDC91": 0
  },
  "expected_freq_hz": {
    "BS2DCE": 10,
    "BSDC91": 10
  },
  "skipped_before_target_pmode": 0,
  "freq_hz": {
    "tr": 10
  },
  "tr_all": 19200,
  "tr_valid_all": 19058,
  "sweep_validity_all": {
    "sweeps_total": 2400,
    "sweeps_with_any_valid": 2400,
    "sweeps_ge4": 2400,
    "sweeps_ge7": 2397,
    "sweeps_ge8": 2261,
    "ratio_ge4": 1.0,
    "ratio_ge7": 0.99875,
    "ratio_ge8": 0.942083,
    "valid_count_distribution": {
      "0": 0,
      "1": 0,
      "2": 0,
      "3": 0,
      "4": 0,
      "5": 0,
      "6": 3,
      "7": 136,
      "8": 2261
    }
  },
  "connections": {},
  "per_tag": {
    "BS2DCE": {
      "tr_rows": 9600,
      "tr_valid_rows": 9542,
      "sweep_validity": {
        "sweeps_total": 1200,
        "sweeps_with_any_valid": 1200,
        "sweeps_ge4": 1200,
        "sweeps_ge7": 1200,
        "sweeps_ge8": 1142,
        "ratio_ge4": 1.0,
        "ratio_ge7": 1.0,
        "ratio_ge8": 0.951667,
        "valid_count_distribution": {
          "0": 0,
          "1": 0,
          "2": 0,
          "3": 0,
          "4": 0,
          "5": 0,
          "6": 0,
          "7": 58,
          "8": 1142
        }
      },
      "latest_tr": {
        "conn_id": null,
        "host_elapsed_s": 119.891363,
        "host_epoch_s": 1779967718.109766,
        "peer_name": "BS2DCE",
        "tag_id": "",
        "sweep": 13560,
        "plan": "f",
        "pmode": 0,
        "anchor_id": 7,
        "raw_mm": 2633,
        "range_mm": 2633,
        "quality_percent": 100,
        "valid": 1,
        "status": "O",
        "quality_flag_percent": 0,
        "first_to_last_us": 0,
        "frame_us": 0,
        "poll_count": 0,
        "tr_version": 2,
        "rx_mask": "",
        "air_us": "",
        "post_us": "",
        "cycle_us": "",
        "rx_seen": "",
        "imu_valid": 0,
        "imu_n": 0,
        "acc_norm_mean_mg": "",
        "acc_norm_std_mg": "",
        "acc_norm_min_mg": "",
        "acc_norm_max_mg": "",
        "imu_skip_count": 0
      },
      "anchors_seen": [
        0,
        1,
        2,
        3,
        4,
        5,
        6,
        7
      ],
      "tr_status_counts": {
        "O": 9542,
        "T": 58
      }
    },
    "BSDC91": {
      "tr_rows": 9600,
      "tr_valid_rows": 9516,
      "sweep_validity": {
        "sweeps_total": 1200,
        "sweeps_with_any_valid": 1200,
        "sweeps_ge4": 1200,
        "sweeps_ge7": 1197,
        "sweeps_ge8": 1119,
        "ratio_ge4": 1.0,
        "ratio_ge7": 0.9975,
        "ratio_ge8": 0.9325,
        "valid_count_distribution": {
          "0": 0,
          "1": 0,
          "2": 0,
          "3": 0,
          "4": 0,
          "5": 0,
          "6": 3,
          "7": 78,
          "8": 1119
        }
      },
      "latest_tr": {
        "conn_id": null,
        "host_elapsed_s": 119.936359,
        "host_epoch_s": 1779967718.154762,
        "peer_name": "BSDC91",
        "tag_id": "",
        "sweep": 13896,
        "plan": "f",
        "pmode": 0,
        "anchor_id": 7,
        "raw_mm": 1756,
        "range_mm": 1756,
        "quality_percent": 100,
        "valid": 1,
        "status": "O",
        "quality_flag_percent": 0,
        "first_to_last_us": 0,
        "frame_us": 0,
        "poll_count": 0,
        "tr_version": 2,
        "rx_mask": "",
        "air_us": "",
        "post_us": "",
        "cycle_us": "",
        "rx_seen": "",
        "imu_valid": 0,
        "imu_n": 0,
        "acc_norm_mean_mg": "",
        "acc_norm_std_mg": "",
        "acc_norm_min_mg": "",
        "acc_norm_max_mg": "",
        "imu_skip_count": 0
      },
      "anchors_seen": [
        0,
        1,
        2,
        3,
        4,
        5,
        6,
        7
      ],
      "tr_status_counts": {
        "O": 9516,
        "T": 84
      }
    }
  },
  "raw_log": "/home/zekaixiao/Desktop/28052026_Erlangen_Official/captures/erlangen_20260528_optitrack/roto_R10_BS2DCE_BSDC91_120s_20260528_132554/tag_capture_20260528_132555/raw.log",
  "tr_all_csv": "/home/zekaixiao/Desktop/28052026_Erlangen_Official/captures/erlangen_20260528_optitrack/roto_R10_BS2DCE_BSDC91_120s_20260528_132554/tag_capture_20260528_132555/tr_all.csv"
}
