PORT=/dev/serial/by-id/usb-BioSpur_BioSpur_BLE_Control_87EA2F4A526C5A02-if00
START=2026-05-11 02:06:33
MASTER=C
PRECHECK: BSxxxx tag quarantine disabled; master/matrix anchors ignore tag polls during sweep
PRECHECK: context session_autopos_ready=1 autopos_initialized=1
PRECHECK: reusing session AUTOPOS state from matrix guard
PRECHECK: reusing existing AUTOPOS map
>>> autopos round C 10
[AUTOPOS] AUTOPOS round staged: master=C sets=10
[AUTOPOS] Disconnected[0]: F2:B7:4E:8A:79:01 (random) reason=0x08 link=anchor-ctrl ready=1
[AUTOPOS] SCAN start req: bt_ready=1 scan_running=0 connecting_slot=-1 conn_count=1 target=anchor prefix=ANCHOR-
[AUTOPOS] Scanning for ANCHOR-*
>>> autopos status
[AUTOPOS] AUTOPOS: mode=AUTOPOS state=staged staged=C last_success=B sets=10 error=-
>>> autopos apply
[AUTOPOS] AUTOPOS apply started
[AUTOPOS] RECV_BG gate: SUPPRESS reason=autopos_detach
[AUTOPOS] AUTOPOS detach skip STOP: finite master auto-returns to matrix sets=10
[AUTOPOS] RECV_BG gate: ALLOW reason=autopos_detach_done
[AUTOPOS] SCAN start req: bt_ready=1 scan_running=0 connecting_slot=-1 conn_count=1 target=anchor prefix=ANCHOR-
[AUTOPOS] Scanning for ANCHOR-*
[AUTOPOS] AUTOPOS apply mode: incremental
[AUTOPOS] AUTOPOS apply incremental: prev_master=B new_master=C
[AUTOPOS] AUTOPOS incremental: skip B demote for finite sweep; master auto-returned to matrix
[AUTOPOS] Master discovery mode: CONN & START
[AUTOPOS] Master discovery mode: CONN & START
[AUTOPOS] SCAN start req: bt_ready=1 scan_running=0 connecting_slot=-1 conn_count=1 target=anchor prefix=ANCHOR-
[AUTOPOS] Scanning for ANCHOR-*
[AUTOPOS] AUTOPOS wait anchor ready: uuid=CEE5A7EFCB35F8A56B430047629F5309 timeout_ms=12000
[AUTOPOS] AUTOPOS wait anchor ready: waited=0 ready_count=0
[AUTOPOS] READY count=0 target=anchor target_uuid=CEE5A7EFCB35F8A56B430047629F5309 conn_count=1 connecting_slot=-1 scan=1 auto=1
[AUTOPOS] READY peer[1]: link=anchor-ctrl connected=1 ready=1 pending=0 inflight=0 retries=0 start_failures=0 uuid=B9179575C776C98F1CB132DD6EDC6223 name=- state_h=0x0012 ctrl_h=0x0019 result_h=0x001b
[AUTOPOS] SCAN hit: FD:64:2E:93:37:86 (random) rssi=-64 name=- bs=- uuid=CEE5A7EFCB35F8A56B430047629F5309 target=anchor uuid_ok=1 tag_name=0 anchor_name=0 nus=0 dfu=0 token=0 props=0x03
[AUTOPOS] CONNECT queue[0]: addr=FD:64:2E:93:37:86 (random) link=anchor-ctrl uuid=CEE5A7EFCB35F8A56B430047629F5309 target=anchor
[AUTOPOS] CONNECT pending[0]: addr_valid=1 link=anchor-ctrl uuid=CEE5A7EFCB35F8A56B430047629F5309 scan_running=1 conn_count=1
[AUTOPOS] CONNECT pending[0]: bt_le_scan_stop rc=0 scan_running=1
[AUTOPOS] CONNECT pending[0] rc=0 conn=0x200048d8 interval=32-56 timeout=1000
[AUTOPOS] Connected[0]: FD:64:2E:93:37:86 (random) name=- bs=-
[AUTOPOS] CONNECT state[0]: link=anchor-ctrl uuid=CEE5A7EFCB35F8A56B430047629F5309 ready=0 conn=0x200048d8
SETUP[0] begin: link=anchor-ctrl uuid=CEE5A7EFCB35F8A56B430047629F5309 conn=0x200048d8
SETUP[0] anchor-ctrl result-stream mtu_exchange rc=0
SETUP[0] conn_param_update rc=0 interval=32-56 timeout=1000
Anchor ctrl result-stream subscribe[0] rc=0
ANCHOR_CTRL[0] static link ready state=0x0012 ctrl=0x0019 result=0x001b uuid=CEE5A7EFCB35F8A56B430047629F5309
[AUTOPOS] AUTOPOS wait anchor ready: waited=800 ready_count=1
[AUTOPOS] READY count=1 target=anchor target_uuid=CEE5A7EFCB35F8A56B430047629F5309 conn_count=2 connecting_slot=-1 scan=0 auto=1
[AUTOPOS] READY peer[0]: link=anchor-ctrl connected=1 ready=1 pending=0 inflight=0 retries=0 start_failures=0 uuid=CEE5A7EFCB35F8A56B430047629F5309 name=- state_h=0x0012 ctrl_h=0x0019 result_h=0x001b
[AUTOPOS] READY peer[1]: link=anchor-ctrl connected=1 ready=1 pending=0 inflight=0 retries=0 start_failures=0 uuid=B9179575C776C98F1CB132DD6EDC6223 name=- state_h=0x0012 ctrl_h=0x0019 result_h=0x001b
[AUTOPOS] AUTOPOS wait anchor ready: uuid=CEE5A7EFCB35F8A56B430047629F5309 control link ready
[AUTOPOS] Master anchor result stream: on
[AUTOPOS] MTU exchange[0] done (498)
[AUTOPOS] Anchor ctrl sent[0]: RM 10 uuid=CEE5A7EFCB35F8A56B430047629F5309
[AUTOPOS] BLE cmd skip[1]: target mismatch kind=anchor target_name=- target_uuid=CEE5A7EFCB35F8A56B430047629F5309 peer_name=- peer_bs=- peer_uuid=B9179575C776C98F1CB132DD6EDC6223 link=anchor-ctrl ready=1
[AUTOPOS] ANCHOR_CTRL[0] notify: OK RUNTIME_SWITCH_REQUESTED SWEEP=10
[AUTOPOS] ANCHOR_CTRL[0] notify: DBG ROLE_SWITCH anchor=C role=master sets=10
[AUTOPOS] ANCHOR_CTRL[0] notify: DBG ROLE_START anchor=C role=master sets=10
[AUTOPOS] ANCHOR_CTRL[0] notify: DBG MASTER_START anchor=C peers=7 sets=10
[AUTOPOS] ANCHOR_CTRL[0] notify: DBG MASTER_FIRST_PEER anchor=C peer=A
[AUTOPOS] ANCHOR_CTRL[0] notify: DBG MASTER_FIRST_RESULT anchor=C peer=A rx=0 status=0x008200f2
[AUTOPOS] AUTOPOS result: DBG MASTER_FIRST_RESULT anchor=C peer=A rx=0 status=0x008200f2
[AUTOPOS] SW-C,A,0,0,B,0,0,D,4003,100,E,0,0,F,0,0,G,1650,100,H,4193,100
[AUTOPOS] Conn param updated[0]: int=56 lat=0 to=1000
[AUTOPOS] AUTOPOS state: STATE fw=alt-bcast-a40-pendingguard-g120 bs=BS5380 uuid=CEE5A7EFCB35F8A56B430047629F5309 label=C role=master cfg_valid=1 busy=1 pending_valid=1 schema=2 gen=0 reboot_required=0
[AUTOPOS] AUTOPOS runtime accept via role state: master=C
[AUTOPOS] AUTOPOS anchor C role verified
[AUTOPOS] AUTOPOS apply success: master=C
[AUTOPOS] AUTOPOS finite sweep handoff: master=C sets=10; host waits for SWEEP_DONE
[AUTOPOS] AUTOPOS sweep listen attach: master=C uuid=CEE5A7EFCB35F8A56B430047629F5309
[AUTOPOS] Master anchor result stream: on
[AUTOPOS] Master discovery mode: CONN & START
[AUTOPOS] SW-C,A,0,0,B,0,0,D,4017,100,E,0,0,F,0,0,G,1646,100,H,4234,100
[AUTOPOS] SW-C,A,0,0,B,0,0,D,3971,100,E,0,0,F,0,0,G,1708,100,H,4185,100
[AUTOPOS] SW-C,A,0,0,B,0,0,D,4017,100,E,0,0,F,0,0,G,1625,100,H,4203,100
[AUTOPOS] SW-C,A,0,0,B,0,0,D,3943,100,E,0,0,F,0,0,G,1631,100,H,4187,100
[AUTOPOS] SW-C,A,0,0,B,0,0,D,3969,100,E,0,0,F,0,0,G,1676,100,H,4159,100
[AUTOPOS] SW-C,A,0,0,B,0,0,D,3965,100,E,0,0,F,0,0,G,1689,100,H,4140,100
[AUTOPOS] SW-C,A,0,0,B,0,0,D,3983,100,E,0,0,F,0,0,G,1649,100,H,4157,100
[AUTOPOS] SW-C,A,0,0,B,0,0,D,4003,100,E,0,0,F,0,0,G,1613,100,H,4214,100
[AUTOPOS] SW-C,A,0,0,B,0,0,D,3957,100,E,0,0,F,0,0,G,1676,100,H,4239,100
[AUTOPOS] ANCHOR_CTRL[0] notify: SWEEP_DONE master=C sets=10 role=matrix
[AUTOPOS] ANCHOR_CTRL[0] notify: DBG ROLE_SWITCH anchor=C role=matrix sets=0
END=2026-05-11 02:06:39
