PORT=/dev/serial/by-id/usb-BioSpur_BioSpur_BLE_Control_87EA2F4A526C5A02-if00
START=2026-06-03 00:17:30
MASTER=E
PRECHECK: BSxxxx tag quarantine disabled; master/matrix anchors ignore tag polls during sweep
PRECHECK: context session_autopos_ready=1 autopos_initialized=1
PRECHECK: reusing session AUTOPOS state from matrix guard
PRECHECK: reusing existing AUTOPOS map
>>> autopos cir compact
[AUTOPOS] AUTOPOS cir mode set: COMPACT
>>> autopos round E 10
[AUTOPOS] AUTOPOS round staged: master=E sets=10
>>> autopos status
[AUTOPOS] AUTOPOS: mode=AUTOPOS state=staged staged=E last_success=D sets=10 cir=COMPACT error=-
>>> autopos apply
[AUTOPOS] AUTOPOS apply started
[AUTOPOS] RECV_BG gate: SUPPRESS reason=autopos_detach
[AUTOPOS] AUTOPOS detach skip STOP: finite master auto-returns to matrix sets=10
[AUTOPOS] RECV_BG gate: ALLOW reason=autopos_detach_done
[AUTOPOS] SCAN start req: bt_ready=1 scan_running=0 connecting_slot=-1 conn_count=8 target=anchor prefix=ANCHOR-
[AUTOPOS] Scanning for ANCHOR-*
[AUTOPOS] AUTOPOS apply mode: incremental
[AUTOPOS] AUTOPOS apply incremental: prev_master=D new_master=E
[AUTOPOS] Master discovery mode: CONN & START
[AUTOPOS] AUTOPOS wait anchor ready: uuid=B2B5FA625534A8C617135DCAFC9E036A reuse existing ready control link (discovery remains active)
[AUTOPOS] AUTOPOS state: STATE fw=anchor-cir-runtime-modes-202606 bs=BS20AC uuid=B2B5FA625534A8C617135DCAFC9E036A label=D role=matrix cfg_valid=1 busy=1 pending_valid=1 schema=2 gen=3 reboot_required=0
[AUTOPOS] AUTOPOS state: STATE fw=anchor-cir-runtime-modes-202606 bs=BS20AC uuid=B2B5FA625534A8C617135DCAFC9E036A label=D role=matrix cfg_valid=1 busy=1 pending_valid=1 schema=2 gen=3 reboot_required=0
[AUTOPOS] AUTOPOS anchor D already active role=matrix cfg_valid=1; keeping current config
[AUTOPOS] AUTOPOS anchor D role verified
[AUTOPOS] Master discovery mode: CONN & START
[AUTOPOS] AUTOPOS wait anchor ready: uuid=A892AF05DD59CF0D0D3408AD74F364A1 reuse existing ready control link (discovery remains active)
[AUTOPOS] AUTOPOS state: STATE fw=anchor-cir-runtime-modes-202606 bs=BS4B52 uuid=A892AF05DD59CF0D0D3408AD74F364A1 label=E role=matrix cfg_valid=1 busy=1 pending_valid=1 schema=2 gen=3 reboot_required=0
[AUTOPOS] AUTOPOS state: STATE fw=anchor-cir-runtime-modes-202606 bs=BS4B52 uuid=A892AF05DD59CF0D0D3408AD74F364A1 label=E role=matrix cfg_valid=1 busy=1 pending_valid=1 schema=2 gen=3 reboot_required=0
[AUTOPOS] BLE cmd skip[0]: target mismatch kind=anchor target_name=- target_uuid=A892AF05DD59CF0D0D3408AD74F364A1 peer_name=- peer_bs=- peer_uuid=B1E487C2B1FD740D1442206A1857DFA1 link=anchor-ctrl ready=1
[AUTOPOS] Anchor ctrl sent[1]: RUNTIME MASTER SWEEP 10 CIR=COMPACT uuid=A892AF05DD59CF0D0D3408AD74F364A1
[AUTOPOS] BLE cmd skip[2]: target mismatch kind=anchor target_name=- target_uuid=A892AF05DD59CF0D0D3408AD74F364A1 peer_name=- peer_bs=- peer_uuid=CEE5A7EFCB35F8A56B430047629F5309 link=anchor-ctrl ready=1
[AUTOPOS] BLE cmd skip[3]: target mismatch kind=anchor target_name=- target_uuid=A892AF05DD59CF0D0D3408AD74F364A1 peer_name=- peer_bs=- peer_uuid=B3087BC3D87CCCD316AEDC6B71D6677F link=anchor-ctrl ready=1
[AUTOPOS] BLE cmd skip[4]: target mismatch kind=anchor target_name=- target_uuid=A892AF05DD59CF0D0D3408AD74F364A1 peer_name=- peer_bs=- peer_uuid=840C68591E90019821AACFF1B73AAA34 link=anchor-ctrl ready=1
[AUTOPOS] BLE cmd skip[5]: target mismatch kind=anchor target_name=- target_uuid=A892AF05DD59CF0D0D3408AD74F364A1 peer_name=- peer_bs=- peer_uuid=F3BB7A04104F9CB8561DDDACB9E53714 link=anchor-ctrl ready=1
[AUTOPOS] BLE cmd skip[6]: target mismatch kind=anchor target_name=- target_uuid=A892AF05DD59CF0D0D3408AD74F364A1 peer_name=- peer_bs=- peer_uuid=B9179575C776C98F1CB132DD6EDC6223 link=anchor-ctrl ready=1
[AUTOPOS] BLE cmd skip[7]: target mismatch kind=anchor target_name=- target_uuid=A892AF05DD59CF0D0D3408AD74F364A1 peer_name=- peer_bs=- peer_uuid=B2B5FA625534A8C617135DCAFC9E036A link=anchor-ctrl ready=1
[AUTOPOS] ANCHOR_CTRL[5] notify: ACRX;1;28;0;A;4;0xa104;-1;1864804642;2815;47870;6957;6937;3756;1691;118;48;1077
[AUTOPOS] ANCHOR_CTRL[1] notify: OK RUNTIME_SWITCH_REQUESTED SWEEP=10
[AUTOPOS] AUTOPOS result: OK RUNTIME_SWITCH_REQUESTED SWEEP=10
[AUTOPOS] ANCHOR_CTRL[1] notify: ACRX;1;0;4;A;0;0xa100;1625;198147434;-3223;47974;7375;7251;6034;2167;122;44;1034
[AUTOPOS] ANCHOR_CTRL[1] notify: ACRX;1;0;4;A;1;0xa101;4653;1224954942;-3601;47674;6895;7425;4458;2102;122;48;1140
[AUTOPOS] ANCHOR_CTRL[6] notify: ACRX;1;19;1;A;4;0xa104;-1;2436783432;819;47924;6511;7333;4717;1988;119;52;1230
[AUTOPOS] ANCHOR_CTRL[2] notify: ACRX;1;11;2;A;4;0xa104;-1;4219994495;86;47987;6545;7251;4575;2075;119;68;1657
[AUTOPOS] AUTOPOS state: STATE fw=anchor-cir-runtime-modes-202606 bs=BS4B52 uuid=A892AF05DD59CF0D0D3408AD74F364A1 label=E role=master cfg_valid=1 busy=1 pending_valid=1 schema=2 gen=3 reboot_required=0
[AUTOPOS] A[AUTOPOS] ANCHOR_CTRL[1] notify: ACRX;1;0;4;A;2;0xa102;5015;2285431992;-3096;47804;7627;7377;3984;2247;122;44;1075
UTOPOS anchor E role verified
[AUTOPOS] AUTOPOS apply success: master=E
[AUTOPOS] AUTOPOS finite sweep handoff: master=E sets=10; ho[AUTOPOS] ANCHOR_CTRL[1] notify: ACRX;1;0;4;A;3;0xa103;3172;3372348440;-2523;47628;6233;7411;7582;2360;122;44;1078
st waits for SWEEP_DONE
[AUTOPOS] ANCHOR_CTRL[7] notify: ACRX;1;1;3;A;4;0xa104;-1;2525559079;2101;47883;5432;6841;6885;1984;120;48;1078
[AUTOPOS] ANCHOR_CTRL[0] notify: ACRX;1;37;7;A;4;0xa104;-1;2693217334;854;47666;4757;7127;4590;1929;121;56;1284
[AUTOPOS] ANCHOR_CTRL[1] notify: ACRX;1;0;4;A;6;0xa106;4959;694429844;1651;47752;7338;7247;6858;2153;122;40;954
[AUTOPOS] ANCHOR_CTRL[1] notify: ACRX;1;0;4;A;7;0xa107;2777;1710752396;-1564;47760;1138;6746;6186;1903;122;60;1301
[AUTOPOS] SW-E,A,1625,100,B,4653,100,C,5015,100,D,3172,100,F,0,0,G,4959,100,H,2777,100
[AUTOPOS] ANCHOR_CTRL[6] notify: ACRX;1;20;1;A;4;0xa104;-1;2323425402;660;47726;6926;7148;4951;2055;121;56;1265
[AUTOPOS] ANCHOR_CTRL[3] notify: ACRX;1;34;6;A;4;0xa104;-1;2920272993;-4946;47725;6101;7289;5060;2029;122;32;765
[AUTOPOS] ANCHOR_CTRL[5] notify: ACRX;1;29;0;A;4;0xa104;-1;1758331888;2423;48092;7482;7485;7277;2231;123;52;1221
[AUTOPOS] ANCHOR_CTRL[2] notify: ACRX;1;12;2;A;4;0xa104;-1;4143866963;13;47687;5675;6984;7305;2310;123;64;1615
[AUTOPOS] ANCHOR_CTRL[1] notify: ACRX;1;1;4;A;0;0xa100;1657;91659938;-3388;47774;7562;7582;7487;2342;122;60;1460
[AUTOPOS] ANCHOR_CTRL[1] notify: ACRX;1;1;4;A;1;0xa101;4622;1111592183;-3773;47859;6900;7448;4802;2113;122;48;1139
[AUTOPOS] ANCHOR_CTRL[1] notify: ACRX;1;1;4;A;2;0xa102;5104;2209302531;-3249;47623;4260;7468;6888;2135;122;40;977
[AUTOPOS] ANCHOR_CTRL[1] notify: ACRX;1;1;4;A;5;0xa105;4354;3824574675;-9825;48871;5561;4570;3377;1963;122;44;1016
[AUTOPOS] ANCHOR_CTRL[4] notify: ACRX;1;40;5;A;4;0xa104;-1;3350142235;6054;47855;5203;4678;3248;1788;118;48;1096
[AUTOPOS] ANCHOR_CTRL[0] notify: ACRX;1;38;7;A;4;0xa104;-1;2606806496;835;48076;550;6736;6744;1963;121;56;1221
[AUTOPOS] ANCHOR_CTRL[3] notify: ACRX;1;35;6;A;4;0xa104;-1;2787729718;-4993;47930;6939;7317;4228;2132;122;48;1129
[AUTOPOS] ANCHOR_CTRL[1] notify: ACRX;1;1;4;A;6;0xa106;4999;561907140;1375;48040;6558;6872;5062;1887;122;44;997
[AUTOPOS] ANCHOR_CTRL[1] notify: ACRX;1;1;4;A;7;0xa107;2842;1624336647;-1352;47875;383;5860;6745;1917;122;56;1224
[AUTOPOS] SW-E,A,1657,100,B,4622,100,C,5104,100,D,3172,100,F,4354,100,G,4999,100,H,2842,100
[AUTOPOS] ANCHOR_CTRL[6] notify: ACRX;1;21;1;A;4;0xa104;-1;2266309420;893;47904;6526;7132;6046;2174;124;52;1176
[AUTOPOS] ANCHOR_CTRL[5] notify: ACRX;1;30;0;A;4;0xa104;-1;1701035518;2603;47578;7739;7742;7346;2446;125;56;1308
[AUTOPOS] ANCHOR_CTRL[2] notify: ACRX;1;13;2;A;4;0xa104;-1;4065717889;675;47749;5169;7067;6815;1879;117;52;1212
[AUTOPOS] ANCHOR_CTRL[1] notify: ACRX;1;2;4;A;0;0xa100;1652;34349213;-3143;47769;7653;7648;7474;2327;122;64;1553
[AUTOPOS] ANCHOR_CTRL[1] notify: ACRX;1;2;4;A;1;0xa101;4573;1054470717;-3485;47681;4459;7135;7088;1999;122;44;1007
[AUTOPOS] ANCHOR_CTRL[1] notify: ACRX;1;2;4;A;2;0xa102;5044;2131150788;-3060;48072;3842;7634;7097;2143;122;44;1073
[AUTOPOS] ANCHOR_CTRL[1] notify: ACRX;1;2;4;A;5;0xa105;4247;3817900345;-9230;47957;6105;4230;3848;1933;122;48;1097
[AUTOPOS] ANCHOR_CTRL[7] notify: ACRX;1;2;3;A;4;0xa104;-1;2302910838;2165;47962;6901;7662;6936;2161;122;48;1180
[AUTOPOS] ANCHOR_CTRL[4] notify: ACRX;1;41;5;A;4;0xa104;-1;3343501474;6207;47742;4758;4436;2484;1878;118;48;1142
[AUTOPOS] ANCHOR_CTRL[0] notify: ACRX;1;39;7;A;4;0xa104;-1;2580881872;1151;48068;867;6587;6981;2097;124;56;1279
[AUTOPOS] ANCHOR_CTRL[3] notify: ACRX;1;36;6;A;4;0xa104;-1;2767584083;-4642;47959;6252;7167;6144;2011;119;36;857
[AUTOPOS] ANCHOR_CTRL[6] notify: ACRX;1;22;1;A;4;0xa104;-1;2227083313;1008;47653;6321;7128;5638;2077;122;48;1088
[AUTOPOS] ANCHOR_CTRL[5] notify: ACRX;1;31;0;A;4;0xa104;-1;1653609414;2800;48042;7490;7525;5670;2283;119;60;1468
[AUTOPOS] ANCHOR_CTRL[2] notify: ACRX;1;14;2;A;4;0xa104;-1;3969495025;385;48101;6762;7418;5760;2404;122;48;1136
[AUTOPOS] ANCHOR_CTRL[1] notify: ACRX;1;2;4;A;6;0xa106;4956;541782442;1854;48022;6857;7053;6196;2027;122;48;1082
[AUTOPOS] ANCHOR_CTRL[1] notify: ACRX;1;2;4;A;7;0xa107;2798;1598406401;-1425;47877;351;6342;6658;1925;122;52;1148
[AUTOPOS] SW-E,A,1652,100,B,4573,100,C,5044,100,D,3172,100,F,4247,100,G,4956,100,H,2798,100
[AUTOPOS] ANCHOR_CTRL[1] notify: ACRX;1;3;4;A;0;0xa100;1570;4281875637;-3080;47801;7551;7325;4231;2352;122;68;1581
[AUTOPOS] ANCHOR_CTRL[3] notify: ACRX;1;37;6;A;4;0xa104;-1;3074769572;-4643;47784;6561;7062;5199;2043;124;36;860
[AUTOPOS] ANCHOR_CTRL[1] notify: ACRX;1;3;4;A;1;0xa101;4538;1015238962;-3291;47926;6994;7276;4495;2012;122;44;1051
[AUTOPOS] ANCHOR_CTRL[1] notify: ACRX;1;3;4;A;2;0xa102;5081;2034924143;-2809;47715;6979;7163;5785;2426;120;36;853
[AUTOPOS] ANCHOR_CTRL[1] notify: ACRX;1;3;4;A;3;0xa103;3045;3048585122;-2435;48030;7126;7091;6420;2156;122;60;1409
[AUTOPOS] ANCHOR_CTRL[7] notify: ACRX;1;3;3;A;4;0xa104;-1;2201827691;2108;47967;6983;7174;6226;2242;120;52;1275
[AUTOPOS] ANCHOR_CTRL[4] notify: ACRX;1;42;5;A;4;0xa104;-1;3588627711;6523;47827;6889;4890;3992;1964;123;48;1141
[AUTOPOS] ANCHOR_CTRL[6] notify: ACRX;1;23;1;A;4;0xa104;-1;1631254115;717;47695;4841;7163;6730;2023;122;52;1178
[AUTOPOS] ANCHOR_CTRL[2] notify: ACRX;1;15;2;A;4;0xa104;-1;3424034091;154;47895;4922;7035;6042;1849;124;56;1265
[AUTOPOS] ANCHOR_CTRL[1] notify: ACRX;1;3;4;A;5;0xa105;4316;4062991088;-9442;47876;6827;5110;4467;1999;122;48;1105
[AUTOPOS] ANCHOR_CTRL[1] notify: ACRX;1;3;4;A;6;0xa106;4946;848989269;1857;47681;6868;7440;6466;2182;122;48;1135
[AUTOPOS] SW-E,A,1570,100,B,4538,100,C,5081,100,D,3045,50,F,4316,100,G,4946,100,H,2798,100
[AUTOPOS] ANCHOR_CTRL[1] notify: ACRX;1;4;4;A;1;0xa101;4605;419404048;-3568;47892;5180;7479;6556;2051;122;44;1046
[AUTOPOS] ANCHOR_CTRL[7] notify: ACRX;1;4;3;A;4;0xa104;-1;1672640163;2055;47767;6992;7166;7230;2349;123;44;1042
[AUTOPOS] ANCHOR_CTRL[4] notify: ACRX;1;43;5;A;4;0xa104;-1;3070126640;7708;47620;7112;4413;4437;1935;121;52;1179
[AUTOPOS] ANCHOR_CTRL[0] notify: ACRX;1;40;7;A;4;0xa104;-1;1995572100;789;47992;5682;6608;4022;1899;118;64;1387
[AUTOPOS] ANCHOR_CTRL[3] notify: ACRX;1;38;6;A;4;0xa104;-1;2499817007;-5025;47667;6632;7478;4755;2177;124;40;951
[AUTOPOS] ANCHOR_CTRL[1] notify: ACRX;1;4;4;A;2;0xa102;5087;1489460015;-3004;47907;7349;7454;6163;2624;122;52;1218
[AUTOPOS] ANCHOR_CTRL[1] notify: ACRX;1;4;4;A;3;0xa103;3073;2519387253;-2456;47729;7100;7459;4862;2337;122;56;1363
[AUTOPOS] ANCHOR_CTRL[1] notify: ACRX;1;4;4;A;5;0xa105;4300;3544457650;-9573;48062;5166;4706;2658;1992;122;52;1238
[AUTOPOS] ANCHOR_CTRL[5] notify: ACRX;1;32;0;A;4;0xa104;-1;741613660;2611;47680;7151;7382;7396;2044;120;48;1132
[AUTOPOS] ANCHOR_CTRL[2] notify: ACRX;1;16;2;A;4;0xa104;-1;2674544086;-128;48082;3277;7315;7217;1870;119;64;1516
[AUTOPOS] SW-E,A,1570,100,B,4605,100,C,5087,100,D,3073,60,F,4300,100,G,4946,100,H,2798,100
[AUTOPOS] ANCHOR_CTRL[1] notify: ACRX;1;5;4;A;0;0xa100;1621;3369852460;-3269;47656;7398;7264;5760;2173;122;48;1122
[AUTOPOS] ANCHOR_CTRL[1] notify: ACRX;1;5;4;A;2;0xa102;5034;739968109;-3009;47729;7286;6766;4351;2128;122;40;937
[AUTOPOS] ANCHOR_CTRL[1] notify: ACRX;1;5;4;A;3;0xa103;3122;1767014070;-2536;47778;7259;7642;6380;2416;122;44;1082
[AUTOPOS] ANCHOR_CTRL[7] notify: ACRX;1;5;3;A;4;0xa104;-1;920276083;1528;47719;7418;7486;5725;2123;120;48;1182
[AUTOPOS] ANCHOR_CTRL[4] notify: ACRX;1;44;5;A;4;0xa104;-1;2307225582;6675;48074;6626;4797;4203;1935;121;48;1089
[AUTOPOS] ANCHOR_CTRL[0] notify: ACRX;1;41;7;A;4;0xa104;-1;1194609928;621;47876;784;5282;5918;1572;119;72;1408
[AUTOPOS] ANCHOR_CTRL[3] notify: ACRX;1;39;6;A;4;0xa104;-1;1743469490;-5161;48070;6386;6754;6190;1817;118;32;766
[AUTOPOS] ANCHOR_CTRL[1] notify: ACRX;1;5;4;A;5;0xa105;4288;2781526001;-9534;47629;6772;4408;4354;1879;122;48;1053
[AUTOPOS] SW-E,A,1621,83,B,4605,100,C,5034,100,D,3122,66,F,4288,100,G,4946,100,H,2798,100
[AUTOPOS] ANCHOR_CTRL[1] notify: ACRX;1;6;4;A;0;0xa100;1655;2578485484;-3167;47840;7633;7663;7169;2329;122;56;1374
[AUTOPOS] ANCHOR_CTRL[6] notify: ACRX;1;24;1;A;4;0xa104;-1;519070386;774;47782;5990;7631;5873;2090;121;44;1088
[AUTOPOS] ANCHOR_CTRL[7] notify: ACRX;1;6;3;A;4;0xa104;-1;4149008546;1969;47766;7366;7472;7593;2494;125;48;1131
[AUTOPOS] ANCHOR_CTRL[4] notify: ACRX;1;45;5;A;4;0xa104;-1;1239460491;6281;47711;5485;4734;3800;1971;123;52;1176
[AUTOPOS] ANCHOR_CTRL[0] notify: ACRX;1;42;7;A;4;0xa104;-1;433919105;1126;47733;4917;7055;4398;1820;121;56;1285
[AUTOPOS] ANCHOR_CTRL[3] notify: ACRX;1;40;6;A;4;0xa104;-1;668723939;-4051;47855;6276;6726;4508;1902;118;36;855
[AUTOPOS] ANCHOR_CTRL[5] notify: ACRX;1;33;0;A;4;0xa104;-1;4245226927;2517;48027;7451;7439;7334;2170;123;48;1130
[AUTOPOS] ANCHOR_CTRL[5] notify: ACRX;1;34;0;A;4;0xa104;-1;3438099951;2676;48091;5110;5135;5070;1139;90;32;724
[AUTOPOS] ANCHOR_CTRL[2] notify: ACRX;1;17;2;A;4;0xa104;-1;1946013089;7;48021;2796;7132;7004;2025;119;60;1526
[AUTOPOS] ANCHOR_CTRL[1] notify: ACRX;1;6;4;A;3;0xa103;3100;700770437;-2379;47737;6995;7203;4199;2241;122;56;1307
[AUTOPOS] ANCHOR_CTRL[1] notify: ACRX;1;6;4;A;5;0xa105;4326;1713731947;-9380;47991;5378;4766;2998;1948;122;48;1151
[AUTOPOS] ANCHOR_CTRL[1] notify: ACRX;1;6;4;A;6;0xa106;4921;2737968650;1833;48118;7005;7096;4348;2076;122;48;1085
[AUTOPOS] ANCHOR_CTRL[6] notify: ACRX;1;25;1;A;4;0xa104;-1;4002960958;711;47666;7074;6580;4258;1875;120;48;1096
[AUTOPOS] ANCHOR_CTRL[2] notify: ACRX;1;18;2;A;4;0xa104;-1;1155304154;-4;47814;4065;7176;7698;1949;122;68;1667
[AUTOPOS] ANCHOR_CTRL[2] notify: ACRX;1;19;2;A;4;0xa104;-1;1791829720;438;47820;3572;7430;7522;2003;122;56;1308
[AUTOPOS] SW-E,A,1655,85,B,4605,100,C,5034,100,D,3100,71,F,4326,100,G,4921,71,H,2798,100
[AUTOPOS] ANCHOR_CTRL[1] notify: ACRX;1;7;4;A;0;0xa100;1620;1771345569;-3086;47773;7228;7264;7315;2140;122;60;1402
[AUTOPOS] ANCHOR_CTRL[1] notify: ACRX;1;7;4;A;2;0xa102;5043;4152215926;-2850;47978;7245;7158;5209;2369;122;40;944
[AUTOPOS] ANCHOR_CTRL[1] notify: ACRX;1;7;4;A;3;0xa103;3072;878488298;-2356;47846;7278;7575;5894;2291;122;40;951
[AUTOPOS] ANCHOR_CTRL[7] notify: ACRX;1;7;3;A;4;0xa104;-1;31770162;1962;47646;6820;7682;6930;2409;124;48;1137
[AUTOPOS] ANCHOR_CTRL[4] notify: ACRX;1;46;5;A;4;0xa104;-1;1402441638;6296;48010;6925;4504;4581;1902;119;52;1183
[AUTOPOS] ANCHOR_CTRL[0] notify: ACRX;1;43;7;A;4;0xa104;-1;265943735;945;47795;4944;6573;4183;1787;120;52;1146
[AUTOPOS] ANCHOR_CTRL[3] notify: ACRX;1;41;6;A;4;0xa104;-1;458690896;-4491;47964;6207;7246;5881;2035;119;36;857
[AUTOPOS] ANCHOR_CTRL[1] notify: ACRX;1;7;4;A;6;0xa106;4913;2527955355;1857;48015;7057;6809;6088;1988;122;44;998
[AUTOPOS] ANCHOR_CTRL[1] notify: ACRX;1;7;4;A;7;0xa107;2759;3578410002;-1239;47630;971;6914;6501;1960;122;64;1450
[AUTOPOS] SW-E,A,1620,87,B,4605,100,C,5043,77,D,3072,75,F,4326,100,G,4913,75,H,2759,50
[AUTOPOS] ANCHOR_CTRL[6] notify: ACRX;1;26;1;A;4;0xa104;-1;4211024725;650;47937;4214;6925;6689;1849;118;48;1097
[AUTOPOS] ANCHOR_CTRL[5] notify: ACRX;1;35;0;A;4;0xa104;-1;3625713455;2484;47899;7542;7546;7538;2326;121;64;1555
[AUTOPOS] ANCHOR_CTRL[2] notify: ACRX;1;20;2;A;4;0xa104;-1;1706289705;-41;47645;7462;7351;6847;2462;124;56;1357
[AUTOPOS] ANCHOR_CTRL[1] notify: ACRX;1;8;4;A;0;0xa100;1655;1958944618;-3215;47966;7499;7541;7293;2319;122;60;1410
[AUTOPOS] ANCHOR_CTRL[1] notify: ACRX;1;8;4;A;1;0xa101;4598;2999154718;-3497;47650;5707;7299;5747;1975;122;48;1135
[AUTOPOS] ANCHOR_CTRL[1] notify: ACRX;1;8;4;A;2;0xa102;5009;4066673172;-2910;47640;4152;7367;6953;2111;122;52;1214
[AUTOPOS] ANCHOR_CTRL[1] notify: ACRX;1;8;4;A;3;0xa103;3049;801024312;-2312;47916;7319;6978;4932;2310;122;40;949
[AUTOPOS] ANCHOR_CTRL[7] notify: ACRX;1;8;3;A;4;0xa104;-1;4249284572;1883;48088;6873;6660;6822;2099;118;44;1035
[AUTOPOS] ANCHOR_CTRL[0] notify: ACRX;1;44;7;A;4;0xa104;-1;249439145;770;48021;1505;6426;5790;1593;124;44;909
[AUTOPOS] ANCHOR_CTRL[3] notify: ACRX;1;42;6;A;4;0xa104;-1;426727930;-5069;47614;7016;6851;3792;2065;124;40;949
[AUTOPOS] ANCHOR_CTRL[1] notify: ACRX;1;8;4;A;6;0xa106;4960;2496013057;1768;47853;7114;7377;5093;2229;122;36;857
[AUTOPOS] ANCHOR_CTRL[1] notify: ACRX;1;8;4;A;7;0xa107;2782;3561899818;-1235;47910;4788;7212;5377;2028;122;56;1278
[AUTOPOS] SW-E,A,1655,88,B,4598,66,C,5009,80,D,3049,77,F,4326,100,G,4960,77,H,2782,55
[AUTOPOS] ANCHOR_CTRL[4] notify: ACRX;1;47;5;A;4;0xa104;-1;1340994970;6084;47982;5770;4653;3243;1854;120;52;1230
[AUTOPOS] ANCHOR_CTRL[5] notify: ACRX;1;36;0;A;4;0xa104;-1;3593741439;2527;47715;7606;7629;6543;2232;124;44;1032
[AUTOPOS] ANCHOR_CTRL[2] notify: ACRX;1;21;2;A;4;0xa104;-1;1670658776;-323;47828;3361;7086;6835;1830;117;64;1636
[AUTOPOS] ANCHOR_CTRL[1] notify: ACRX;1;9;4;A;0;0xa100;1619;1926958610;-3051;47638;7597;7579;7132;2184;122;40;982
[AUTOPOS] ANCHOR_CTRL[1] notify: ACRX;1;9;4;A;1;0xa101;4567;3001638635;-3425;47847;7165;7068;5252;2081;122;48;1089
[AUTOPOS] ANCHOR_CTRL[1] notify: ACRX;1;9;4;A;2;0xa102;5050;4031040371;-2984;47991;7208;7000;4123;2084;122;40;903
[AUTOPOS] ANCHOR_CTRL[7] notify: ACRX;1;9;3;A;4;0xa104;-1;4203812251;1854;48023;6786;7524;7218;2350;121;44;1033
[AUTOPOS] ANCHOR_CTRL[4] notify: ACRX;1;48;5;A;4;0xa104;-1;1295071718;5991;48058;4969;4627;2808;1825;118;56;1320
[AUTOPOS] ANCHOR_CTRL[6] notify: ACRX;1;27;1;A;4;0xa104;-1;4213512830;361;47730;7223;6439;4205;1873;117;52;1230
[AUTOPOS] ANCHOR_CTRL[3] notify: ACRX;1;43;6;A;4;0xa104;-1;419240819;-5357;48007;6534;6827;6401;1902;121;32;763
[AUTOPOS] ANCHOR_CTRL[1] notify: ACRX;1;9;4;A;3;0xa103;3093;755542417;-2201;48013;6594;7593;7003;2381;122;48;1171
[AUTOPOS] ANCHOR_CTRL[1] notify: ACRX;1;9;4;A;6;0xa106;4971;2488548222;1446;47978;7062;6998;5038;2128;122;40;907
[AUTOPOS] ANCHOR_CTRL[1] notify: ACRX;1;9;4;A;7;0xa107;2771;3564814677;-1167;47953;2024;6774;5588;1930;122;68;1467
[AUTOPOS] SW-E,A,1619,90,B,4567,70,C,5050,81,D,3093,80,F,4326,100,G,4971,80,H,2771,60
ROUND: target SW count reached; waiting for finite-master SWEEP_DONE
[AUTOPOS] ANCHOR_CTRL[0] notify: ACRX;1;45;7;A;4;0xa104;-1;252358012;569;47984;4734;6194;4099;1793;122;56;1119
[AUTOPOS] ANCHOR_CTRL[1] notify: SWEEP_DONE master=E sets=10 role=matrix
END=2026-06-03 00:17:36
