PORT=/dev/serial/by-id/usb-BioSpur_BioSpur_BLE_Control_87EA2F4A526C5A02-if00
START=2026-06-02 11:42:19
SESSION: prepare anchors for sweep; required role=matrix
PRECHECK: forcing RECV clean-slate before AUTOPOS
>>> mode recv
[AUTOPOS] UART requested: switching to RECV
[AUTOPOS] Mode switch preflight: disconnect requests=0
[RECV] Control mode staged: RECV
[RECV] OTA target staged: token=-1 name=- prefix=BS uuid=-
[RECV] Control mode now RECV, rebooting
--- SERIAL DISCONNECTED, REOPEN ---
--- SERIAL REOPENED ---
>>> RESEND mode recv
[RECV] One-shot NUS command cleared (runtime)
[RECV] Peer clear wait: waited=0 conn_count=0 ready_count=0
[RECV] Master discovery mode: CONN & START
[RECV] SCAN start req: bt_ready=1 scan_running=0 connecting_slot=-1 conn_count=0 target=unknown prefix=BS
[RECV] Scanning for BS*
[RECV] RECV clean slate prepared
>>> device kind anchor
[RECV] One-shot NUS command cleared (runtime)
OTA NUS stage: disabled
[RECV] Mode switch preflight: disconnect requests=0
[RECV] device kind set: anchor (OTA target defaults reset, no BS prefix)
[RECV] Master discovery mode: CONN & START
[RECV] Peer clear wait: waited=0 conn_count=0 ready_count=0
[RECV] SCAN start req: bt_ready=1 scan_running=0 connecting_slot=-1 conn_count=0 target=anchor prefix=ANCHOR-
[RECV] Scanning for ANCHOR-*
[RECV] System target: kind=anchor caps=0x0b (config=1 ota=1 stream=0 status=1)
OTA target filter: token=-1 name=- prefix=- uuid=-
>>> mode recv
[RECV] One-shot NUS command cleared (runtime)
[RECV] Peer clear wait: waited=0 conn_count=0 ready_count=0
[RECV] Master discovery mode: CONN & START
[RECV] SCAN start req: bt_ready=1 scan_running=0 connecting_slot=-1 conn_count=0 target=anchor prefix=ANCHOR-
[RECV] Scanning for ANCHOR-*
[RECV] RECV clean slate prepared
>>> mode autopos
[AUTOPOS] Control mode staged: AUTOPOS
[AUTOPOS] Master discovery mode: CONN & START
[AUTOPOS] Peer clear wait: waited=0 conn_count=0 ready_count=0
[AUTOPOS] SCAN start req: bt_ready=1 scan_running=0 connecting_slot=-1 conn_count=0 target=anchor prefix=ANCHOR-
[AUTOPOS] Scanning for ANCHOR-*
[AUTOPOS] AUTOPOS: mode=AUTOPOS state=idle staged=- last_success=- sets=0 error=-
[AUTOPOS] SCAN hit: D9:C7:9C:16:71:C9 (random) rssi=-55 name=- bs=- uuid=A892AF05DD59CF0D0D3408AD74F364A1 target=anchor uuid_ok=1 tag_name=0 anchor_name=0 nus=0 dfu=0 token=0 props=0x03
[AUTOPOS] CONNECT queue[0]: addr=D9:C7:9C:16:71:C9 (random) link=anchor-ctrl uuid=A892AF05DD59CF0D0D3408AD74F364A1 target=anchor
[AUTOPOS] SCAN hit: DE:49:E3:D0:E4:E8 (random) rssi=-62 name=- bs=- uuid=F3BB7A04104F9CB8561DDDACB9E53714 target=anchor uuid_ok=1 tag_name=0 anchor_name=0 nus=0 dfu=0 token=0 props=0x03
[AUTOPOS] CONNECT queue[1]: addr=DE:49:E3:D0:E4:E8 (random) link=anchor-ctrl uuid=F3BB7A04104F9CB8561DDDACB9E53714 target=anchor
[AUTOPOS] SCAN hit: D7:93:2A:57:6D:1E (random) rssi=-59 name=- bs=- uuid=B1E487C2B1FD740D1442206A1857DFA1 target=anchor uuid_ok=1 tag_name=0 anchor_name=0 nus=0 dfu=0 token=0 props=0x03
[AUTOPOS] CONNECT queue[2]: addr=D7:93:2A:57:6D:1E (random) link=anchor-ctrl uuid=B1E487C2B1FD740D1442206A1857DFA1 target=anchor
[AUTOPOS] SCAN hit: FD:64:2E:93:37:86 (random) rssi=-64 name=- bs=- uuid=CEE5A7EFCB35F8A56B430047629F5309 target=anchor uuid_ok=1 tag_name=0 anchor_name=0 nus=0 dfu=0 token=0 props=0x03
[AUTOPOS] CONNECT queue[3]: addr=FD:64:2E:93:37:86 (random) link=anchor-ctrl uuid=CEE5A7EFCB35F8A56B430047629F5309 target=anchor
[AUTOPOS] SCAN hit: EC:9F:55:9D:7E:A1 (random) rssi=-72 name=- bs=- uuid=B3087BC3D87CCCD316AEDC6B71D6677F target=anchor uuid_ok=1 tag_name=0 anchor_name=0 nus=0 dfu=0 token=0 props=0x03
[AUTOPOS] CONNECT queue[4]: addr=EC:9F:55:9D:7E:A1 (random) link=anchor-ctrl uuid=B3087BC3D87CCCD316AEDC6B71D6677F target=anchor
[AUTOPOS] SCAN hit: E9:CB:F3:C4:51:43 (random) rssi=-53 name=- bs=- uuid=840C68591E90019821AACFF1B73AAA34 target=anchor uuid_ok=1 tag_name=0 anchor_name=0 nus=0 dfu=0 token=0 props=0x03
[AUTOPOS] CONNECT queue[5]: addr=E9:CB:F3:C4:51:43 (random) link=anchor-ctrl uuid=840C68591E90019821AACFF1B73AAA34 target=anchor
[AUTOPOS] SCAN hit: C0:1D:D1:D0:CE:B0 (random) rssi=-64 name=- bs=- uuid=B9179575C776C98F1CB132DD6EDC6223 target=anchor uuid_ok=1 tag_name=0 anchor_name=0 nus=0 dfu=0 token=0 props=0x03
[AUTOPOS] CONNECT queue[6]: addr=C0:1D:D1:D0:CE:B0 (random) link=anchor-ctrl uuid=B9179575C776C98F1CB132DD6EDC6223 target=anchor
[AUTOPOS] CONNECT pending[0]: addr_valid=1 link=anchor-ctrl uuid=A892AF05DD59CF0D0D3408AD74F364A1 scan_running=1 conn_count=0
[AUTOPOS] CONNECT pending[0]: bt_le_scan_stop rc=0 scan_running=1
[AUTOPOS] CONNECT pending[0] rc=0 conn=0x20004898
[AUTOPOS] Connected[0]: D9:C7:9C:16:71:C9 (random) name=- bs=-
[AUTOPOS] CONNECT state[0]: link=anchor-ctrl uuid=A892AF05DD59CF0D0D3408AD74F364A1 ready=0 conn=0x20004898
SETUP[0] defer: waiting 872 ms before discovery start
SETUP[0] defer: waiting 822 ms before discovery start
SETUP[0] defer: waiting 772 ms before discovery start
SETUP[0] defer: waiting 721 ms before discovery start
SETUP[0] defer: waiting 671 ms before discovery start
SETUP[0] defer: waiting 621 ms before discovery start
SETUP[0] defer: waiting 570 ms before discovery start
SETUP[0] defer: waiting 520 ms before discovery start
SETUP[0] defer: waiting 470 ms before discovery start
SETUP[0] defer: waiting 419 ms before discovery start
SETUP[0] defer: waiting 369 ms before discovery start
SETUP[0] defer: waiting 319 ms before discovery start
SETUP[0] defer: waiting 268 ms before discovery start
SETUP[0] defer: waiting 218 ms before discovery start
SETUP[0] defer: waiting 168 ms before discovery start
SETUP[0] defer: waiting 117 ms before discovery start
SETUP[0] defer: waiting 67 ms before discovery start
SETUP[0] defer: waiting 17 ms before discovery start
SETUP[0] begin: link=anchor-ctrl uuid=A892AF05DD59CF0D0D3408AD74F364A1 conn=0x20004898
SETUP[0] mtu_exchange rc=0
SETUP[0] phy_update rc=0
SETUP[0] conn_param_update rc=0
[AUTOPOS] DISC start[0]: link=anchor-ctrl uuid=A892AF05DD59CF0D0D3408AD74F364A1 conn=0x20004898
[AUTOPOS] MTU exchange[0] done (498)
[AUTOPOS] Conn param updated[0]: int=6 lat=0 to=400
[AUTOPOS] PHY updated[0]: tx=0x2 rx=0x2
[AUTOPOS] DISC complete[0]: link=anchor-ctrl discovered_service=2800 uuid=A892AF05DD59CF0D0D3408AD74F364A1
[AUTOPOS] DISC anchor service found[0]: uuid=A892AF05DD59CF0D0D3408AD74F364A1
[AUTOPOS] Anchor ctrl state subscribe[0] rc=0
[AUTOPOS] Anchor ctrl result subscribe[0] rc=0
[AUTOPOS] ANCHOR_CTRL[0] link ready handle=0x0019 result=0x001b uuid=A892AF05DD59CF0D0D3408AD74F364A1
[AUTOPOS] CONNECT pending[1]: addr_valid=1 link=anchor-ctrl uuid=F3BB7A04104F9CB8561DDDACB9E53714 scan_running=0 conn_count=1
[AUTOPOS] CONNECT pending[1] rc=0 conn=0x20004968
[AUTOPOS] Connected[1]: DE:49:E3:D0:E4:E8 (random) name=- bs=-
[AUTOPOS] CONNECT state[1]: link=anchor-ctrl uuid=F3BB7A04104F9CB8561DDDACB9E53714 ready=0 conn=0x20004968
SETUP[1] defer: waiting 875 ms before discovery start
SETUP[1] defer: waiting 825 ms before discovery start
SETUP[1] defer: waiting 774 ms before discovery start
SETUP[1] defer: waiting 724 ms before discovery start
SETUP[1] defer: waiting 674 ms before discovery start
SETUP[1] defer: waiting 623 ms before discovery start
SETUP[1] defer: waiting 573 ms before discovery start
SETUP[1] defer: waiting 523 ms before discovery start
SETUP[1] defer: waiting 472 ms before discovery start
SETUP[1] defer: waiting 422 ms before discovery start
SETUP[1] defer: waiting 372 ms before discovery start
SETUP[1] defer: waiting 321 ms before discovery start
SETUP[1] defer: waiting 271 ms before discovery start
SETUP[1] defer: waiting 220 ms before discovery start
SETUP[1] defer: waiting 170 ms before discovery start
SETUP[1] defer: waiting 120 ms before discovery start
SETUP[1] defer: waiting 69 ms before discovery start
SETUP[1] defer: waiting 19 ms before discovery start
SETUP[1] begin: link=anchor-ctrl uuid=F3BB7A04104F9CB8561DDDACB9E53714 conn=0x20004968
SETUP[1] mtu_exchange rc=0
SETUP[1] phy_update rc=0
SETUP[1] conn_param_update rc=0
[AUTOPOS] DISC start[1]: link=anchor-ctrl uuid=F3BB7A04104F9CB8561DDDACB9E53714 conn=0x20004968
[AUTOPOS] MTU exchange[1] done (498)
[AUTOPOS] Conn param updated[1]: int=6 lat=0 to=400
[AUTOPOS] PHY updated[1]: tx=0x2 rx=0x2
>>> autopos status
[AUTOPOS] AUTOPOS: mode=AUTOPOS state=idle staged=- last_success=- sets=0 error=-
>>> autopos map A F3BB7A04104F9CB8561DDDACB9E53714
[AUTOPOS] AUTOPOS map set: A=F3BB7A04104F9CB8561DDDACB9E53714
[AUTOPOS] DISC complete[1]: link=anchor-ctrl discovered_service=2800 uuid=F3BB7A04104F9CB8561DDDACB9E53714
[AUTOPOS] DISC anchor service found[1]: uuid=F3BB7A04104F9CB8561DDDACB9E53714
[AUTOPOS] Anchor ctrl state subscribe[1] rc=0
[AUTOPOS] Anchor ctrl result subscribe[1] rc=0
[AUTOPOS] ANCHOR_CTRL[1] link ready handle=0x0019 result=0x001b uuid=F3BB7A04104F9CB8561DDDACB9E53714
[AUTOPOS] CONNECT pending[2]: addr_valid=1 link=anchor-ctrl uuid=B1E487C2B1FD740D1442206A1857DFA1 scan_running=0 conn_count=2
[AUTOPOS] CONNECT pending[2] rc=0 conn=0x20004a38
[AUTOPOS] Connected[2]: D7:93:2A:57:6D:1E (random) name=- bs=-
[AUTOPOS] CONNECT state[2]: link=anchor-ctrl uuid=B1E487C2B1FD740D1442206A1857DFA1 ready=0 conn=0x20004a38
SETUP[2] defer: waiting 898 ms before discovery start
SETUP[2] defer: waiting 848 ms before discovery start
SETUP[2] defer: waiting 797 ms before discovery start
SETUP[2] defer: waiting 747 ms before discovery start
SETUP[2] defer: waiting 697 ms before discovery start
SETUP[2] defer: waiting 646 ms before discovery start
SETUP[2] defer: waiting 596 ms before discovery start
SETUP[2] defer: waiting 546 ms before discovery start
SETUP[2] defer: waiting 495 ms before discovery start
SETUP[2] defer: waiting 445 ms before discovery start
SETUP[2] defer: waiting 395 ms before discovery start
SETUP[2] defer: waiting 344 ms before discovery start
>>> autopos map B B9179575C776C98F1CB132DD6EDC6223
[AUTOPOS] AUTOPOS map set: B=B9179575C776C98F1CB132DD6EDC6223
SETUP[2] defer: waiting 294 ms before discovery start
SETUP[2] defer: waiting 243 ms before discovery start
SETUP[2] defer: waiting 193 ms before discovery start
SETUP[2] defer: waiting 143 ms before discovery start
SETUP[2] defer: waiting 92 ms before discovery start
SETUP[2] defer: waiting 42 ms before discovery start
SETUP[2] begin: link=anchor-ctrl uuid=B1E487C2B1FD740D1442206A1857DFA1 conn=0x20004a38
SETUP[2] mtu_exchange rc=0
SETUP[2] phy_update rc=0
SETUP[2] conn_param_update rc=0
[AUTOPOS] DISC start[2]: link=anchor-ctrl uuid=B1E487C2B1FD740D1442206A1857DFA1 conn=0x20004a38
[AUTOPOS] MTU exchange[2] done (498)
[AUTOPOS] Conn param updated[2]: int=6 lat=0 to=400
[AUTOPOS] PHY updated[2]: tx=0x2 rx=0x2
>>> autopos map C CEE5A7EFCB35F8A56B430047629F5309
[AUTOPOS] AUTOPOS map set: C=CEE5A7EFCB35F8A56B430047629F5309
[AUTOPOS] DISC complete[2]: link=anchor-ctrl discovered_service=2800 uuid=B1E487C2B1FD740D1442206A1857DFA1
[AUTOPOS] DISC anchor service found[2]: uuid=B1E487C2B1FD740D1442206A1857DFA1
[AUTOPOS] Anchor ctrl state subscribe[2] rc=0
[AUTOPOS] Anchor ctrl result subscribe[2] rc=0
[AUTOPOS] ANCHOR_CTRL[2] link ready handle=0x0019 result=0x001b uuid=B1E487C2B1FD740D1442206A1857DFA1
[AUTOPOS] CONNECT pending[3]: addr_valid=1 link=anchor-ctrl uuid=CEE5A7EFCB35F8A56B430047629F5309 scan_running=0 conn_count=3
[AUTOPOS] CONNECT pending[3] rc=0 conn=0x20004b08
[AUTOPOS] Connected[3]: FD:64:2E:93:37:86 (random) name=- bs=-
[AUTOPOS] CONNECT state[3]: link=anchor-ctrl uuid=CEE5A7EFCB35F8A56B430047629F5309 ready=0 conn=0x20004b08
[AUTOPOS] Disconnected[3]: FD:64:2E:93:37:86 (random) reason=0x3e link=anchor-ctrl ready=0
[AUTOPOS] SCAN start req: bt_ready=1 scan_running=0 connecting_slot=-1 conn_count=3 target=anchor prefix=ANCHOR-
[AUTOPOS] CONNECT pending[4]: addr_valid=1 link=anchor-ctrl uuid=B3087BC3D87CCCD316AEDC6B71D6677F scan_running=0 conn_count=3
[AUTOPOS] CONNECT pending[4] rc=-11 conn=0
[AUTOPOS] Create conn failed[4]: -11
[AUTOPOS] SCAN start req: bt_ready=1 scan_running=0 connecting_slot=-1 conn_count=3 target=anchor prefix=ANCHOR-
[AUTOPOS] Scanning for ANCHOR-* (already active rc=-16)
[AUTOPOS] Scanning for ANCHOR-*
[AUTOPOS] CONNECT pending[5]: addr_valid=1 link=anchor-ctrl uuid=840C68591E90019821AACFF1B73AAA34 scan_running=1 conn_count=3
[AUTOPOS] CONNECT pending[5]: bt_le_scan_stop rc=0 scan_running=1
[AUTOPOS] CONNECT pending[5] rc=0 conn=0x20004bd8
[AUTOPOS] Connected[5]: E9:CB:F3:C4:51:43 (random) name=- bs=-
[AUTOPOS] CONNECT state[5]: link=anchor-ctrl uuid=840C68591E90019821AACFF1B73AAA34 ready=0 conn=0x20004bd8
SETUP[5] defer: waiting 852 ms before discovery start
SETUP[5] defer: waiting 801 ms before discovery start
SETUP[5] defer: waiting 751 ms before discovery start
SETUP[5] defer: waiting 701 ms before discovery start
SETUP[5] defer: waiting 650 ms before discovery start
SETUP[5] defer: waiting 600 ms before discovery start
SETUP[5] defer: waiting 550 ms before discovery start
>>> autopos map D B2B5FA625534A8C617135DCAFC9E036A
[AUTOPOS] AUTOPOS map set: D=B2B5FA625534A8C617135DCAFC9E036A
SETUP[5] defer: waiting 499 ms before discovery start
SETUP[5] defer: waiting 449 ms before discovery start
[AUTOPOS] Conn param updated[0]: int=6 lat=0 to=400
SETUP[5] defer: waiting 398 ms before discovery start
SETUP[5] defer: waiting 348 ms before discovery start
SETUP[5] defer: waiting 298 ms before discovery start
SETUP[5] defer: waiting 247 ms before discovery start
SETUP[5] defer: waiting 197 ms before discovery start
SETUP[5] defer: waiting 147 ms before discovery start
SETUP[5] defer: waiting 96 ms before discovery start
SETUP[5] defer: waiting 46 ms before discovery start
SETUP[5] begin: link=anchor-ctrl uuid=840C68591E90019821AACFF1B73AAA34 conn=0x20004bd8
SETUP[5] mtu_exchange rc=0
SETUP[5] phy_update rc=0
SETUP[5] conn_param_update rc=0
[AUTOPOS] DISC start[5]: link=anchor-ctrl uuid=840C68591E90019821AACFF1B73AAA34 conn=0x20004bd8
[AUTOPOS] MTU exchange[5] done (498)
[AUTOPOS] Conn param updated[5]: int=6 lat=0 to=400
[AUTOPOS] PHY updated[5]: tx=0x2 rx=0x2
>>> autopos map E A892AF05DD59CF0D0D3408AD74F364A1
[AUTOPOS] AUTOPOS map set: E=A892AF05DD59CF0D0D3408AD74F364A1
[AUTOPOS] Conn param updated[1]: int=6 lat=0 to=400
[AUTOPOS] DISC complete[5]: link=anchor-ctrl discovered_service=2800 uuid=840C68591E90019821AACFF1B73AAA34
[AUTOPOS] DISC anchor service found[5]: uuid=840C68591E90019821AACFF1B73AAA34
[AUTOPOS] Anchor ctrl state subscribe[5] rc=0
[AUTOPOS] Anchor ctrl result subscribe[5] rc=0
[AUTOPOS] ANCHOR_CTRL[5] link ready handle=0x0019 result=0x001b uuid=840C68591E90019821AACFF1B73AAA34
[AUTOPOS] CONNECT pending[6]: addr_valid=1 link=anchor-ctrl uuid=B9179575C776C98F1CB132DD6EDC6223 scan_running=0 conn_count=4
[AUTOPOS] CONNECT pending[6] rc=0 conn=0x20004b08
[AUTOPOS] Connected[6]: C0:1D:D1:D0:CE:B0 (random) name=- bs=-
[AUTOPOS] CONNECT state[6]: link=anchor-ctrl uuid=B9179575C776C98F1CB132DD6EDC6223 ready=0 conn=0x20004b08
[AUTOPOS] Disconnected[6]: C0:1D:D1:D0:CE:B0 (random) reason=0x3e link=anchor-ctrl ready=0
[AUTOPOS] SCAN start req: bt_ready=1 scan_running=0 connecting_slot=-1 conn_count=4 target=anchor prefix=ANCHOR-
[AUTOPOS] Scanning for ANCHOR-*
>>> autopos map F 840C68591E90019821AACFF1B73AAA34
[AUTOPOS] AUTOPOS map set: F=840C68591E90019821AACFF1B73AAA34
[AUTOPOS] SCAN hit: C0:1D:D1:D0:CE:B0 (random) rssi=-79 name=- bs=- uuid=B9179575C776C98F1CB132DD6EDC6223 target=anchor uuid_ok=1 tag_name=0 anchor_name=0 nus=0 dfu=0 token=0 props=0x03
[AUTOPOS] CONNECT queue[3]: addr=C0:1D:D1:D0:CE:B0 (random) link=anchor-ctrl uuid=B9179575C776C98F1CB132DD6EDC6223 target=anchor
[AUTOPOS] SCAN hit: FD:64:2E:93:37:86 (random) rssi=-62 name=- bs=- uuid=CEE5A7EFCB35F8A56B430047629F5309 target=anchor uuid_ok=1 tag_name=0 anchor_name=0 nus=0 dfu=0 token=0 props=0x03
[AUTOPOS] CONNECT queue[4]: addr=FD:64:2E:93:37:86 (random) link=anchor-ctrl uuid=CEE5A7EFCB35F8A56B430047629F5309 target=anchor
[AUTOPOS] CONNECT pending[3]: addr_valid=1 link=anchor-ctrl uuid=B9179575C776C98F1CB132DD6EDC6223 scan_running=1 conn_count=4
[AUTOPOS] CONNECT pending[3]: bt_le_scan_stop rc=0 scan_running=1
[AUTOPOS] CONNECT pending[3] rc=0 conn=0x20004b08
[AUTOPOS] Connected[3]: C0:1D:D1:D0:CE:B0 (random) name=- bs=-
[AUTOPOS] CONNECT state[3]: link=anchor-ctrl uuid=B9179575C776C98F1CB132DD6EDC6223 ready=0 conn=0x20004b08
SETUP[3] defer: waiting 896 ms before discovery start
SETUP[3] defer: waiting 846 ms before discovery start
SETUP[3] defer: waiting 795 ms before discovery start
SETUP[3] defer: waiting 745 ms before discovery start
SETUP[3] defer: waiting 695 ms before discovery start
>>> autopos map G B3087BC3D87CCCD316AEDC6B71D6677F
[AUTOPOS] AUTOPOS map set: G=B3087BC3D87CCCD316AEDC6B71D6677F
SETUP[3] defer: waiting 644 ms before discovery start
SETUP[3] defer: waiting 594 ms before discovery start
SETUP[3] defer: waiting 543 ms before discovery start
SETUP[3] defer: waiting 493 ms before discovery start
SETUP[3] defer: waiting 443 ms before discovery start
SETUP[3] defer: waiting 392 ms before discovery start
SETUP[3] defer: waiting 342 ms before discovery start
SETUP[3] defer: waiting 292 ms before discovery start
[AUTOPOS] Conn param updated[2]: int=6 lat=0 to=400
SETUP[3] defer: waiting 241 ms before discovery start
SETUP[3] defer: waiting 191 ms before discovery start
SETUP[3] defer: waiting 141 ms before discovery start
SETUP[3] defer: waiting 90 ms before discovery start
SETUP[3] defer: waiting 40 ms before discovery start
SETUP[3] begin: link=anchor-ctrl uuid=B9179575C776C98F1CB132DD6EDC6223 conn=0x20004b08
SETUP[3] mtu_exchange rc=0
SETUP[3] phy_update rc=0
SETUP[3] conn_param_update rc=0
[AUTOPOS] DISC start[3]: link=anchor-ctrl uuid=B9179575C776C98F1CB132DD6EDC6223 conn=0x20004b08
[AUTOPOS] MTU exchange[3] done (498)
[AUTOPOS] Conn param updated[3]: int=6 lat=0 to=400
>>> autopos map H B1E487C2B1FD740D1442206A1857DFA1
[AUTOPOS] AUTOPOS map set: H=B1E487C2B1FD740D1442206A1857DFA1
[AUTOPOS] PHY updated[3]: tx=0x2 rx=0x2
SESSION: wait all matrix via BLE scan role_counts=matrix=0 responder=0 master=0 other=0
SESSION: role verify via BLE scan failed for role=matrix matrix=0 responder=0 master=0 other=0
SESSION: switching all anchors to runtime matrix before sweep (idempotent guard)
>>> anchor role all matrix
[AUTOPOS] DISC complete[3]: link=anchor-ctrl discovered_service=2800 uuid=B9179575C776C98F1CB132DD6EDC6223
[AUTOPOS] DISC anchor service found[3]: uuid=B9179575C776C98F1CB132DD6EDC6223
[AUTOPOS] Anchor ctrl state subscribe[3] rc=0
[AUTOPOS] Anchor ctrl result subscribe[3] rc=0
[AUTOPOS] ANCHOR_CTRL[3] link ready handle=0x0019 result=0x001b uuid=B9179575C776C98F1CB132DD6EDC6223
[AUTOPOS] CONNECT pending[4]: addr_valid=1 link=anchor-ctrl uuid=CEE5A7EFCB35F8A56B430047629F5309 scan_running=0 conn_count=5
[AUTOPOS] CONNECT pending[4] rc=0 conn=0x20004ca8
[AUTOPOS] Connected[4]: FD:64:2E:93:37:86 (random) name=- bs=-
[AUTOPOS] CONNECT state[4]: link=anchor-ctrl uuid=CEE5A7EFCB35F8A56B430047629F5309 ready=0 conn=0x20004ca8
SETUP[4] defer: waiting 899 ms before discovery start
SETUP[4] defer: waiting 849 ms before discovery start
SETUP[4] defer: waiting 798 ms before discovery start
SETUP[4] defer: waiting 748 ms before discovery start
SETUP[4] defer: waiting 698 ms before discovery start
SETUP[4] defer: waiting 647 ms before discovery start
[AUTOPOS] Conn param updated[5]: int=6 lat=0 to=400
SETUP[4] defer: waiting 597 ms before discovery start
SETUP[4] defer: waiting 547 ms before discovery start
SETUP[4] defer: waiting 496 ms before discovery start
SETUP[4] defer: waiting 446 ms before discovery start
SETUP[4] defer: waiting 396 ms before discovery start
SETUP[4] defer: waiting 345 ms before discovery start
SETUP[4] defer: waiting 295 ms before discovery start
SETUP[4] defer: waiting 245 ms before discovery start
SETUP[4] defer: waiting 194 ms before discovery start
SETUP[4] defer: waiting 144 ms before discovery start
SETUP[4] defer: waiting 93 ms before discovery start
SETUP[4] defer: waiting 43 ms before discovery start
SETUP[4] begin: link=anchor-ctrl uuid=CEE5A7EFCB35F8A56B430047629F5309 conn=0x20004ca8
SETUP[4] mtu_exchange rc=0
SETUP[4] phy_update rc=0
SETUP[4] conn_param_update rc=0
[AUTOPOS] DISC start[4]: link=anchor-ctrl uuid=CEE5A7EFCB35F8A56B430047629F5309 conn=0x20004ca8
[AUTOPOS] MTU exchange[4] done (498)
[AUTOPOS] Conn param updated[4]: int=6 lat=0 to=400
[AUTOPOS] PHY updated[4]: tx=0x2 rx=0x2
[AUTOPOS] DISC complete[4]: link=anchor-ctrl discovered_service=2800 uuid=CEE5A7EFCB35F8A56B430047629F5309
[AUTOPOS] DISC anchor service found[4]: uuid=CEE5A7EFCB35F8A56B430047629F5309
[AUTOPOS] Anchor ctrl state subscribe[4] rc=0
[AUTOPOS] Anchor ctrl result subscribe[4] rc=0
[AUTOPOS] ANCHOR_CTRL[4] link ready handle=0x0019 result=0x001b uuid=CEE5A7EFCB35F8A56B430047629F5309
[AUTOPOS] SCAN start req: bt_ready=1 scan_running=0 connecting_slot=-1 conn_count=6 target=anchor prefix=ANCHOR-
[AUTOPOS] Scanning for ANCHOR-*
[AUTOPOS] SCAN hit: F9:5B:1A:A3:84:45 (random) rssi=-81 name=- bs=- uuid=B2B5FA625534A8C617135DCAFC9E036A target=anchor uuid_ok=1 tag_name=0 anchor_name=0 nus=0 dfu=0 token=0 props=0x03
[AUTOPOS] CONNECT queue[6]: addr=F9:5B:1A:A3:84:45 (random) link=anchor-ctrl uuid=B2B5FA625534A8C617135DCAFC9E036A target=anchor
[AUTOPOS] Conn param updated[3]: int=6 lat=0 to=400
[AUTOPOS] CONNECT pending[6]: addr_valid=1 link=anchor-ctrl uuid=B2B5FA625534A8C617135DCAFC9E036A scan_running=1 conn_count=6
[AUTOPOS] CONNECT pending[6]: bt_le_scan_stop rc=0 scan_running=1
[AUTOPOS] CONNECT pending[6] rc=0 conn=0x20004d78
[AUTOPOS] Connected[6]: F9:5B:1A:A3:84:45 (random) name=- bs=-
[AUTOPOS] CONNECT state[6]: link=anchor-ctrl uuid=B2B5FA625534A8C617135DCAFC9E036A ready=0 conn=0x20004d78
SETUP[6] defer: waiting 886 ms before discovery start
SETUP[6] defer: waiting 835 ms before discovery start
SETUP[6] defer: waiting 785 ms before discovery start
SETUP[6] defer: waiting 735 ms before discovery start
SETUP[6] defer: waiting 684 ms before discovery start
SETUP[6] defer: waiting 634 ms before discovery start
SETUP[6] defer: waiting 583 ms before discovery start
SETUP[6] defer: waiting 533 ms before discovery start
SETUP[6] defer: waiting 483 ms before discovery start
SETUP[6] defer: waiting 432 ms before discovery start
SETUP[6] defer: waiting 382 ms before discovery start
SETUP[6] defer: waiting 332 ms before discovery start
SETUP[6] defer: waiting 281 ms before discovery start
SETUP[6] defer: waiting 231 ms before discovery start
SETUP[6] defer: waiting 181 ms before discovery start
SETUP[6] defer: waiting 130 ms before discovery start
SETUP[6] defer: waiting 80 ms before discovery start
SETUP[6] defer: waiting 30 ms before discovery start
SETUP[6] begin: link=anchor-ctrl uuid=B2B5FA625534A8C617135DCAFC9E036A conn=0x20004d78
SETUP[6] mtu_exchange rc=0
SETUP[6] phy_update rc=0
SETUP[6] conn_param_update rc=0
[AUTOPOS] DISC start[6]: link=anchor-ctrl uuid=B2B5FA625534A8C617135DCAFC9E036A conn=0x20004d78
[AUTOPOS] MTU exchange[6] done (498)
[AUTOPOS] Conn param updated[6]: int=6 lat=0 to=400
[AUTOPOS] PHY updated[6]: tx=0x2 rx=0x2
[AUTOPOS] Conn param updated[4]: int=6 lat=0 to=400
[AUTOPOS] DISC complete[6]: link=anchor-ctrl discovered_service=4e48
[AUTOPOS] Connected[7]: EC:9F:55:9D:7E:A1 (random) name=- bs=-
[AUTOPOS] CONNECT state[7]: link=anchor-ctrl uuid=B3087BC3D87CCCD316AEDC6B71D6677F ready=0 conn=0x20004e48
SETUP[7] defer: waiting 861 ms before discovery start
SETUP[7] defer: waiting 811 ms before discovery start
SETUP[7] defer: waiting 761 ms before discovery start
SETUP[7] defer: waitiunning=0 connecting_slot=-1 conn_count=7 target=anchor prefix=ANCHOR-
[AUTOPOS] Scanning for ANCHOR-*
[AUTOPOS] SCAN hit: EC:9F:55:9D:7E:A1 (random) rssi=-81 name=- bs=- uuid=B3087BC3D87CCCD316AEDC6B71D6677F target=anchor uuid_ok=1 tag_name=0 anchor_name=0 nus=0 dfu=0 token=0 props=0x03
[AUTOPOS] CONNECT queue[7]: addr=EC:9F:55:9D:7E:A1 (random) link=anchor-ctrl uuid=B3087BC3D87CCCD316AEDC6B71D6677F target=anchor
[AUTOPOS] CONNECT pending[7]: addr_valid=1 link=anchor-ctrl uuid=B3087BC3D87CCCD316AEDC6B71D6677F scan_running=1 conn_count=7
[AUTOPOS] CONNECT pending[7]: bt_le_scan_stop rc=0 scan_running=1
[AUTOPOS] CONNECT pending[7] rc=0 conn=0x20004e48
[AUTOPOS] Connected[7]: EC:9F:55:9D:7E:A1 (random) name=- bs=-
[AUTOPOS] CONNECT state[7]: link=anchor-ctrl uuid=B3087BC3D87CCCD316AEDC6B71D6677F ready=0 conn=0x20004e48
SETUP[7] defer: waiting 861 ms before discovery start
SETUP[7] defer: waiting 811 ms before discovery start
SETUP[7] defer: waiting 761 ms before discovery start
SETUP[7] defer: waiti2AF05DD59CF0D0D3408AD74F364A1
[AUTOPOS] Anchor ctrl sent[1]: RUNTIME MATRIX FORCE uuid=F3BB7A04104F9CB8561DDDACB9E53714
[AUTOPOS] Anchor ctrl sent[2]: RUNTIME MATRIX FORCE uuid=B1E487C2B1FD740D1442206A1857DFA1
[AUTOPOS] Anchor ctrl sent[3]: RUNTIME MATRIX FORCE uuid=B9179575C776C98F1CB132DD6EDC6223
[AUTOPOS] Anchor ctrl sent[4]: RUNTIME MATRIX FORCE uuid=CEE5A7EFCB35F8A56B430047629F5309
[AUTOPOS] Anchor ctrl sent[5]: RUNTIME MATRIX FORCE uuid=840C68591E90019821AACFF1B73AAA34
[AUTOPOS] Anchor ctrl sent[6]: RUNTIME MATRIX FORCE uuid=B2B5FA625534A8C617135DCAFC9E036A
[AUTOPOS] Anchor ctrl sent[7]: RUNTIME MATRIX FORCE uuid=B3087BC3D87CCCD316AEDC6B71D6677F
[AUTOPOS] anchor role all matrix runtime sent=8 ready=8/8
[AUTOPOS] ANCHOR_CTRL[1] notify: OK RUNTIME_RESTART_REQUESTED
[AUTOPOS] ANCHOR_CTRL[2] notify: OK RUNTIME_RESTART_REQUESTED
[AUTOPOS] ANCHOR_CTRL[0] notify: OK RUNTIME_RESTART_REQUESTED
[AUTOPOS] ANCHOR_CTRL[5] notify: OK RUNTIME_RESTART_REQUESTED
[AUTOPOS] ANCHOR_CTRL[3] notify: OK RUNTIME_RESTART_REQUESTED
[AUTOPOS] ANCHOR_CTRL[6] notify: OK RUNTIME_RESTART_REQUESTED
[AUTOPOS] ANCHOR_CTRL[4] notify: OK RUNTIME_RESTART_REQUESTED
[AUTOPOS] ANCHOR_CTRL[7] notify: OK RUNTIME_RESTART_REQUESTED
[AUTOPOS] Anchor ctrl sent[0]: RUNTIME MATRIX FORCE uuid=A892AF05DD59CF0D0D3408AD74F364A1
[AUTOPOS] Anchor ctrl sent[1]: RUNTIME MATRIX FORCE uuid=F3BB7A04104F9CB8561DDDACB9E53714
[AUTOPOS] Anchor ctrl sent[2]: RUNTIME MATRIX FORCE uuid=B1E487C2B1FD740D1442206A1857DFA1
[AUTOPOS] Anchor ctrl sent[3]: RUNTIME MATRIX FORCE uuid=B9179575C776C98F1CB132DD6EDC6223
[AUTOPOS] Anchor ctrl sent[4]: RUNTIME MATRIX FORCE uuid=CEE5A7EFCB35F8A56B430047629F5309
[AUTOPOS] Anchor ctrl sent[5]: RUNTIME MATRIX FORCE uuid=840C68591E90019821AACFF1B73AAA34
[AUTOPOS] Anchor ctrl sent[6]: RUNTIME MATRIX FORCE uuid=B2B5FA625534A8C617135DCAFC9E036A
[AUTOPOS] Anchor ctrl sent[7]: RUNTIME MATRIX FORCE uuid=B3087BC3D87CCCD316AEDC6B71D6677F
[AUTOPOS] anchor role all matrix runtime repeat sent=8 ready=8/8
[AUTOPOS] ANCHOR_CTRL[1] notify: OK RUNTIME_RESTART_REQUESTED
[AUTOPOS] ANCHOR_CTRL[2] notify: OK RUNTIME_RESTART_REQUESTED
[AUTOPOS] ANCHOR_CTRL[4] notify: OK RUNTIME_RESTART_REQUESTED
[AUTOPOS] ANCHOR_CTRL[0] notify: OK RUNTIME_RESTART_REQUESTED
[AUTOPOS] ANCHOR_CTRL[5] notify: OK RUNTIME_RESTART_REQUESTED
[AUTOPOS] ANCHOR_CTRL[3] notify: OK RUNTIME_RESTART_REQUESTED
[AUTOPOS] ANCHOR_CTRL[6] notify: OK RUNTIME_RESTART_REQUESTED
[AUTOPOS] ANCHOR_CTRL[7] notify: OK RUNTIME_RESTART_REQUESTED
[AUTOPOS] Anchor ctrl sent[0]: RUNTIME MATRIX FORCE uuid=A892AF05DD59CF0D0D3408AD74F364A1
[AUTOPOS] Anchor ctrl sent[1]: RUNTIME MATRIX FORCE uuid=F3BB7A04104F9CB8561DDDACB9E53714
[AUTOPOS] Anchor ctrl sent[2]: RUNTIME MATRIX FORCE uuid=B1E487C2B1FD740D1442206A1857DFA1
[AUTOPOS] Anchor ctrl sent[3]: RUNTIME MATRIX FORCE uuid=B9179575C776C98F1CB132DD6EDC6223
[AUTOPOS] Anchor ctrl sent[4]: RUNTIME MATRIX FORCE uuid=CEE5A7EFCB35F8A56B430047629F5309
[AUTOPOS] Anchor ctrl sent[5]: RUNTIME MATRIX FORCE uuid=840C68591E90019821AACFF1B73AAA34
[AUTOPOS] Anchor ctrl sent[6]: RUNTIME MATRIX FORCE uuid=B2B5FA625534A8C617135DCAFC9E036A
[AUTOPOS] Anchor ctrl sent[7]: RUNTIME MATRIX FORCE uuid=B3087BC3D87CCCD316AEDC6B71D6677F
[AUTOPOS] anchor role all matrix runtime final sent=8 ready=8/8 total_sent=24
[AUTOPOS] anchor role rc=0 target=all role=matrix
[AUTOPOS] ANCHOR_CTRL[2] notify: OK RUNTIME_RESTART_REQUESTED
[AUTOPOS] ANCHOR_CTRL[0] notify: OK RUNTIME_RESTART_REQUESTED
[AUTOPOS] ANCHOR_CTRL[5] notify: OK RUNTIME_RESTART_REQUESTED
[AUTOPOS] ANCHOR_CTRL[1] notify: OK RUNTIME_RESTART_REQUESTED
[AUTOPOS] ANCHOR_CTRL[4] notify: OK RUNTIME_RESTART_REQUESTED
[AUTOPOS] ANCHOR_CTRL[3] notify: OK RUNTIME_RESTART_REQUESTED
[AUTOPOS] ANCHOR_CTRL[6] notify: OK RUNTIME_RESTART_REQUESTED
[AUTOPOS] ANCHOR_CTRL[7] notify: OK RUNTIME_RESTART_REQUESTED
SESSION: matrix runtime broadcast acknowledged by 8/8 ready anchors
