[CAPTURE] session_dir=/home/zekaixiao/Desktop/28052026_Erlangen_Official/captures/erlangen_20260528_optitrack/roto_R15_BS2DCE_BSDC91_120s_20260528_134410/tag_capture_20260528_134410
[CAPTURE] raw_log=/home/zekaixiao/Desktop/28052026_Erlangen_Official/captures/erlangen_20260528_optitrack/roto_R15_BS2DCE_BSDC91_120s_20260528_134410/tag_capture_20260528_134410/raw.log
[CAPTURE] plan: targets=BS2DCE,BSDC91 tr=10Hz duration=120s
[CAPTURE] open serial: /dev/serial/by-id/usb-Master_Tag_BioSpur_BLE_Control_6918E0384172A49F-if00
[CAPTURE] drain boot/runtime output
[HOST_CMD] status
[HOST_CMD] device show
[CAPTURE] configure: reuse Master_Tag resident links
[HOST_CMD] device kind tag
[HOST_CMD] device show
[HOST_CMD] ota_target token -1
[HOST_CMD] ota_target name -
[HOST_CMD] ota_target prefix BS
[HOST_CMD] ota_target uuid -
[CAPTURE] configure: targeted AOTA non-target tags=BSF66F,BS9336,BS955A,BSCCF4
[HOST_CMD] ota_target token -1
[HOST_CMD] ota_target name BSF66F
[HOST_CMD] ota_target prefix -
[HOST_CMD] ota_target uuid -
[HOST_CMD] cmd_all MODE AOTA
[HOST_CMD] ota_target token -1
[HOST_CMD] ota_target name BS9336
[HOST_CMD] ota_target prefix -
[HOST_CMD] ota_target uuid -
[HOST_CMD] cmd_all MODE AOTA
[HOST_CMD] ota_target token -1
[HOST_CMD] ota_target name BS955A
[HOST_CMD] ota_target prefix -
[HOST_CMD] ota_target uuid -
[HOST_CMD] cmd_all MODE AOTA
[HOST_CMD] ota_target token -1
[HOST_CMD] ota_target name BSCCF4
[HOST_CMD] ota_target prefix -
[HOST_CMD] ota_target uuid -
[HOST_CMD] cmd_all MODE AOTA
[HOST_CMD] ota_target token -1
[HOST_CMD] ota_target name -
[HOST_CMD] ota_target prefix BS
[HOST_CMD] ota_target uuid -
[CAPTURE] configure: silence resident Tag links for enrollment after non-target AOTA (BSF66F,BS9336,BS955A,BSCCF4)
[HOST_CMD] tdma hold 1
[CAPTURE] configure: skip setup MODE AOTA; TDMA roster/hold controls admission
[CAPTURE] configure: reassert TDMA target roster
[HOST_CMD] tdma freq motion 10
[HOST_CMD] tdma roster BS2DCE motion
[HOST_CMD] tdma roster BSDC91 motion
[HOST_CMD] ota_target token -1
[HOST_CMD] ota_target name -
[HOST_CMD] ota_target prefix BS
[HOST_CMD] ota_target uuid -
[HOST_CMD] conn
[CAPTURE] configure: wait for target links
[CAPTURE] link setup passive initial: wait up to 30s
[CAPTURE] link setup passive: ready=BS2DCE,BSDC91 (2/2)
[CAPTURE] link setup passive: all 2/2 ready; settle 8.0s before TDMA release
[CAPTURE] link setup passive: ready=BS2DCE,BSDC91 (2/2)
[CAPTURE] configure: release TDMA hold and verify TDMA CFG
[HOST_CMD] tdma hold 0
[CAPTURE] configure: TDMA CFG apply/check attempt 1/3
[HOST_CMD] tdma freq motion 10
[HOST_CMD] tdma roster BS2DCE motion
[HOST_CMD] tdma roster BSDC91 motion
[HOST_CMD] tdma rebalance
[HOST_CMD] tdma show
[HOST_CMD] status
[HOST_CMD] device show
[CAPTURE] configure: TDMA CFG verified match=true
[CAPTURE] configure: TDMA ready
[CAPTURE] TDMA verified; start TR capture
[CAPTURE] [....................]   0.0% elapsed=0s eta=120s rows=0 row_rate=0.0/s sw=0 ge7=0% ge8=0% BS2DCE:rows=0,cfg=10Hz BSDC91:rows=0,cfg=10Hz
[CAPTURE] [....................]   0.9% elapsed=1s eta=119s rows=168 row_rate=160.2/s sw=21 ge7=95% ge8=90% BS2DCE:rows=88,cfg=10Hz BSDC91:rows=80,cfg=10Hz
[CAPTURE] [....................]   1.7% elapsed=2s eta=118s rows=328 row_rate=160.0/s sw=41 ge7=98% ge8=95% BS2DCE:rows=168,cfg=10Hz BSDC91:rows=160,cfg=10Hz
[CAPTURE] [#...................]   2.5% elapsed=3s eta=117s rows=488 row_rate=159.6/s sw=61 ge7=98% ge8=93% BS2DCE:rows=248,cfg=10Hz BSDC91:rows=240,cfg=10Hz
[CAPTURE] [#...................]   3.4% elapsed=4s eta=116s rows=656 row_rate=159.7/s sw=82 ge7=99% ge8=94% BS2DCE:rows=328,cfg=10Hz BSDC91:rows=328,cfg=10Hz
[CAPTURE] [#...................]   4.3% elapsed=5s eta=115s rows=816 row_rate=159.7/s sw=102 ge7=99% ge8=95% BS2DCE:rows=408,cfg=10Hz BSDC91:rows=408,cfg=10Hz
[CAPTURE] [#...................]   5.1% elapsed=6s eta=114s rows=984 row_rate=160.8/s sw=123 ge7=99% ge8=94% BS2DCE:rows=496,cfg=10Hz BSDC91:rows=488,cfg=10Hz
[CAPTURE] [#...................]   5.9% elapsed=7s eta=113s rows=1144 row_rate=160.6/s sw=143 ge7=99% ge8=94% BS2DCE:rows=576,cfg=10Hz BSDC91:rows=568,cfg=10Hz
[CAPTURE] [#...................]   6.8% elapsed=8s eta=112s rows=1304 row_rate=160.1/s sw=163 ge7=99% ge8=95% BS2DCE:rows=656,cfg=10Hz BSDC91:rows=648,cfg=10Hz
[CAPTURE] [##..................]   7.6% elapsed=9s eta=111s rows=1472 row_rate=160.9/s sw=184 ge7=99% ge8=95% BS2DCE:rows=736,cfg=10Hz BSDC91:rows=736,cfg=10Hz
[CAPTURE] [##..................]   8.5% elapsed=10s eta=110s rows=1624 row_rate=159.9/s sw=203 ge7=99% ge8=94% BS2DCE:rows=816,cfg=10Hz BSDC91:rows=808,cfg=10Hz
[CAPTURE] [##..................]   9.3% elapsed=11s eta=109s rows=1792 row_rate=160.2/s sw=224 ge7=99% ge8=95% BS2DCE:rows=896,cfg=10Hz BSDC91:rows=896,cfg=10Hz
[CAPTURE] [##..................]  10.2% elapsed=12s eta=108s rows=1960 row_rate=159.9/s sw=245 ge7=99% ge8=94% BS2DCE:rows=984,cfg=10Hz BSDC91:rows=976,cfg=10Hz
[CAPTURE] [##..................]  11.1% elapsed=13s eta=107s rows=2128 row_rate=160.1/s sw=266 ge7=99% ge8=94% BS2DCE:rows=1064,cfg=10Hz BSDC91:rows=1064,cfg=10Hz
[CAPTURE] [##..................]  12.0% elapsed=14s eta=106s rows=2296 row_rate=159.6/s sw=287 ge7=99% ge8=95% BS2DCE:rows=1152,cfg=10Hz BSDC91:rows=1144,cfg=10Hz
[CAPTURE] [###.................]  12.8% elapsed=15s eta=105s rows=2456 row_rate=159.5/s sw=307 ge7=99% ge8=94% BS2DCE:rows=1232,cfg=10Hz BSDC91:rows=1224,cfg=10Hz
[CAPTURE] [###.................]  13.7% elapsed=16s eta=104s rows=2616 row_rate=159.4/s sw=327 ge7=99% ge8=94% BS2DCE:rows=1312,cfg=10Hz BSDC91:rows=1304,cfg=10Hz
[CAPTURE] [###.................]  14.5% elapsed=17s eta=103s rows=2776 row_rate=159.3/s sw=347 ge7=99% ge8=94% BS2DCE:rows=1392,cfg=10Hz BSDC91:rows=1384,cfg=10Hz
[CAPTURE] [###.................]  15.4% elapsed=18s eta=102s rows=2944 row_rate=159.6/s sw=368 ge7=99% ge8=93% BS2DCE:rows=1472,cfg=10Hz BSDC91:rows=1472,cfg=10Hz
[CAPTURE] [###.................]  16.2% elapsed=19s eta=101s rows=3112 row_rate=160.0/s sw=389 ge7=99% ge8=93% BS2DCE:rows=1552,cfg=10Hz BSDC91:rows=1560,cfg=10Hz
[CAPTURE] [###.................]  17.0% elapsed=20s eta=100s rows=3272 row_rate=159.9/s sw=409 ge7=99% ge8=92% BS2DCE:rows=1640,cfg=10Hz BSDC91:rows=1632,cfg=10Hz
[CAPTURE] [####................]  17.9% elapsed=21s eta=99s rows=3440 row_rate=160.1/s sw=430 ge7=99% ge8=92% BS2DCE:rows=1720,cfg=10Hz BSDC91:rows=1720,cfg=10Hz
[CAPTURE] [####................]  18.8% elapsed=23s eta=97s rows=3600 row_rate=160.0/s sw=450 ge7=99% ge8=92% BS2DCE:rows=1800,cfg=10Hz BSDC91:rows=1800,cfg=10Hz
[CAPTURE] [####................]  19.6% elapsed=24s eta=96s rows=3768 row_rate=160.1/s sw=471 ge7=99% ge8=92% BS2DCE:rows=1888,cfg=10Hz BSDC91:rows=1880,cfg=10Hz
[CAPTURE] [####................]  20.5% elapsed=25s eta=95s rows=3936 row_rate=159.8/s sw=492 ge7=99% ge8=92% BS2DCE:rows=1968,cfg=10Hz BSDC91:rows=1968,cfg=10Hz
[CAPTURE] [####................]  21.4% elapsed=26s eta=94s rows=4104 row_rate=159.9/s sw=513 ge7=99% ge8=92% BS2DCE:rows=2056,cfg=10Hz BSDC91:rows=2048,cfg=10Hz
[CAPTURE] [####................]  22.2% elapsed=27s eta=93s rows=4272 row_rate=160.2/s sw=534 ge7=99% ge8=92% BS2DCE:rows=2136,cfg=10Hz BSDC91:rows=2136,cfg=10Hz
[CAPTURE] [#####...............]  23.1% elapsed=28s eta=92s rows=4432 row_rate=160.0/s sw=554 ge7=99% ge8=92% BS2DCE:rows=2216,cfg=10Hz BSDC91:rows=2216,cfg=10Hz
[CAPTURE] [#####...............]  23.9% elapsed=29s eta=91s rows=4600 row_rate=160.1/s sw=575 ge7=99% ge8=93% BS2DCE:rows=2304,cfg=10Hz BSDC91:rows=2296,cfg=10Hz
[CAPTURE] [#####...............]  24.8% elapsed=30s eta=90s rows=4760 row_rate=160.0/s sw=595 ge7=99% ge8=92% BS2DCE:rows=2384,cfg=10Hz BSDC91:rows=2376,cfg=10Hz
[CAPTURE] [#####...............]  25.7% elapsed=31s eta=89s rows=4928 row_rate=160.1/s sw=616 ge7=99% ge8=92% BS2DCE:rows=2464,cfg=10Hz BSDC91:rows=2464,cfg=10Hz
[CAPTURE] [#####...............]  26.5% elapsed=32s eta=88s rows=5088 row_rate=159.9/s sw=636 ge7=99% ge8=92% BS2DCE:rows=2544,cfg=10Hz BSDC91:rows=2544,cfg=10Hz
[CAPTURE] [#####...............]  27.4% elapsed=33s eta=87s rows=5256 row_rate=160.0/s sw=657 ge7=99% ge8=92% BS2DCE:rows=2632,cfg=10Hz BSDC91:rows=2624,cfg=10Hz
[CAPTURE] [######..............]  28.2% elapsed=34s eta=86s rows=5424 row_rate=160.1/s sw=678 ge7=99% ge8=92% BS2DCE:rows=2712,cfg=10Hz BSDC91:rows=2712,cfg=10Hz
[CAPTURE] [######..............]  29.1% elapsed=35s eta=85s rows=5584 row_rate=160.0/s sw=698 ge7=99% ge8=92% BS2DCE:rows=2792,cfg=10Hz BSDC91:rows=2792,cfg=10Hz
[CAPTURE] [######..............]  29.9% elapsed=36s eta=84s rows=5752 row_rate=160.1/s sw=719 ge7=99% ge8=92% BS2DCE:rows=2880,cfg=10Hz BSDC91:rows=2872,cfg=10Hz
[CAPTURE] [######..............]  30.8% elapsed=37s eta=83s rows=5912 row_rate=160.0/s sw=739 ge7=99% ge8=92% BS2DCE:rows=2960,cfg=10Hz BSDC91:rows=2952,cfg=10Hz
[CAPTURE] [######..............]  31.7% elapsed=38s eta=82s rows=6080 row_rate=160.1/s sw=760 ge7=99% ge8=92% BS2DCE:rows=3040,cfg=10Hz BSDC91:rows=3040,cfg=10Hz
[CAPTURE] [#######.............]  32.5% elapsed=39s eta=81s rows=6240 row_rate=159.9/s sw=780 ge7=99% ge8=93% BS2DCE:rows=3120,cfg=10Hz BSDC91:rows=3120,cfg=10Hz
[CAPTURE] [#######.............]  33.4% elapsed=40s eta=80s rows=6408 row_rate=160.0/s sw=801 ge7=100% ge8=92% BS2DCE:rows=3208,cfg=10Hz BSDC91:rows=3200,cfg=10Hz
[CAPTURE] [#######.............]  34.3% elapsed=41s eta=79s rows=6576 row_rate=160.0/s sw=822 ge7=100% ge8=92% BS2DCE:rows=3288,cfg=10Hz BSDC91:rows=3288,cfg=10Hz
[CAPTURE] [#######.............]  35.1% elapsed=42s eta=78s rows=6744 row_rate=160.0/s sw=843 ge7=100% ge8=92% BS2DCE:rows=3376,cfg=10Hz BSDC91:rows=3368,cfg=10Hz
[CAPTURE] [#######.............]  36.0% elapsed=43s eta=77s rows=6912 row_rate=160.0/s sw=864 ge7=100% ge8=92% BS2DCE:rows=3456,cfg=10Hz BSDC91:rows=3456,cfg=10Hz
[CAPTURE] [#######.............]  36.9% elapsed=44s eta=76s rows=7080 row_rate=160.0/s sw=885 ge7=100% ge8=92% BS2DCE:rows=3544,cfg=10Hz BSDC91:rows=3536,cfg=10Hz
[CAPTURE] [########............]  37.7% elapsed=45s eta=75s rows=7248 row_rate=160.1/s sw=906 ge7=100% ge8=92% BS2DCE:rows=3624,cfg=10Hz BSDC91:rows=3624,cfg=10Hz
[CAPTURE] [########............]  38.6% elapsed=46s eta=74s rows=7408 row_rate=160.0/s sw=926 ge7=100% ge8=92% BS2DCE:rows=3704,cfg=10Hz BSDC91:rows=3704,cfg=10Hz
[CAPTURE] [########............]  39.4% elapsed=47s eta=73s rows=7568 row_rate=160.0/s sw=946 ge7=100% ge8=92% BS2DCE:rows=3784,cfg=10Hz BSDC91:rows=3784,cfg=10Hz
[CAPTURE] [########............]  40.3% elapsed=48s eta=72s rows=7736 row_rate=159.9/s sw=967 ge7=100% ge8=93% BS2DCE:rows=3872,cfg=10Hz BSDC91:rows=3864,cfg=10Hz
[CAPTURE] [########............]  41.2% elapsed=49s eta=71s rows=7896 row_rate=159.8/s sw=987 ge7=100% ge8=93% BS2DCE:rows=3952,cfg=10Hz BSDC91:rows=3944,cfg=10Hz
[CAPTURE] [########............]  42.0% elapsed=50s eta=70s rows=8056 row_rate=159.8/s sw=1007 ge7=100% ge8=93% BS2DCE:rows=4032,cfg=10Hz BSDC91:rows=4024,cfg=10Hz
[CAPTURE] [#########...........]  42.9% elapsed=51s eta=69s rows=8224 row_rate=159.9/s sw=1028 ge7=100% ge8=93% BS2DCE:rows=4112,cfg=10Hz BSDC91:rows=4112,cfg=10Hz
[CAPTURE] [#########...........]  43.7% elapsed=52s eta=68s rows=8384 row_rate=159.9/s sw=1048 ge7=100% ge8=93% BS2DCE:rows=4192,cfg=10Hz BSDC91:rows=4192,cfg=10Hz
[CAPTURE] [#########...........]  44.5% elapsed=53s eta=67s rows=8552 row_rate=160.0/s sw=1069 ge7=100% ge8=93% BS2DCE:rows=4280,cfg=10Hz BSDC91:rows=4272,cfg=10Hz
[CAPTURE] [#########...........]  45.4% elapsed=55s eta=65s rows=8720 row_rate=160.0/s sw=1090 ge7=100% ge8=92% BS2DCE:rows=4360,cfg=10Hz BSDC91:rows=4360,cfg=10Hz
[CAPTURE] [#########...........]  46.3% elapsed=56s eta=64s rows=8888 row_rate=160.0/s sw=1111 ge7=100% ge8=92% BS2DCE:rows=4448,cfg=10Hz BSDC91:rows=4440,cfg=10Hz
[CAPTURE] [#########...........]  47.2% elapsed=57s eta=63s rows=9056 row_rate=160.0/s sw=1132 ge7=100% ge8=92% BS2DCE:rows=4528,cfg=10Hz BSDC91:rows=4528,cfg=10Hz
[CAPTURE] [##########..........]  48.0% elapsed=58s eta=62s rows=9216 row_rate=160.0/s sw=1152 ge7=100% ge8=92% BS2DCE:rows=4608,cfg=10Hz BSDC91:rows=4608,cfg=10Hz
[CAPTURE] [##########..........]  48.9% elapsed=59s eta=61s rows=9384 row_rate=160.0/s sw=1173 ge7=100% ge8=92% BS2DCE:rows=4696,cfg=10Hz BSDC91:rows=4688,cfg=10Hz
[CAPTURE] [##########..........]  49.7% elapsed=60s eta=60s rows=9552 row_rate=160.1/s sw=1194 ge7=100% ge8=92% BS2DCE:rows=4776,cfg=10Hz BSDC91:rows=4776,cfg=10Hz
[CAPTURE] [##########..........]  50.6% elapsed=61s eta=59s rows=9712 row_rate=160.0/s sw=1214 ge7=100% ge8=92% BS2DCE:rows=4856,cfg=10Hz BSDC91:rows=4856,cfg=10Hz
[CAPTURE] [##########..........]  51.4% elapsed=62s eta=58s rows=9880 row_rate=160.0/s sw=1235 ge7=100% ge8=92% BS2DCE:rows=4944,cfg=10Hz BSDC91:rows=4936,cfg=10Hz
[CAPTURE] [##########..........]  52.3% elapsed=63s eta=57s rows=10048 row_rate=160.0/s sw=1256 ge7=100% ge8=92% BS2DCE:rows=5024,cfg=10Hz BSDC91:rows=5024,cfg=10Hz
[CAPTURE] [###########.........]  53.2% elapsed=64s eta=56s rows=10216 row_rate=160.0/s sw=1277 ge7=100% ge8=92% BS2DCE:rows=5112,cfg=10Hz BSDC91:rows=5104,cfg=10Hz
[CAPTURE] [###########.........]  54.1% elapsed=65s eta=55s rows=10384 row_rate=160.0/s sw=1298 ge7=100% ge8=92% BS2DCE:rows=5192,cfg=10Hz BSDC91:rows=5192,cfg=10Hz
[CAPTURE] [###########.........]  54.9% elapsed=66s eta=54s rows=10552 row_rate=160.0/s sw=1319 ge7=100% ge8=92% BS2DCE:rows=5280,cfg=10Hz BSDC91:rows=5272,cfg=10Hz
[CAPTURE] [###########.........]  55.8% elapsed=67s eta=53s rows=10720 row_rate=160.0/s sw=1340 ge7=100% ge8=93% BS2DCE:rows=5360,cfg=10Hz BSDC91:rows=5360,cfg=10Hz
[CAPTURE] [###########.........]  56.7% elapsed=68s eta=52s rows=10888 row_rate=160.0/s sw=1361 ge7=100% ge8=93% BS2DCE:rows=5448,cfg=10Hz BSDC91:rows=5440,cfg=10Hz
[CAPTURE] [############........]  57.5% elapsed=69s eta=51s rows=11048 row_rate=160.0/s sw=1381 ge7=100% ge8=93% BS2DCE:rows=5528,cfg=10Hz BSDC91:rows=5520,cfg=10Hz
[CAPTURE] [############........]  58.4% elapsed=70s eta=50s rows=11216 row_rate=160.0/s sw=1402 ge7=100% ge8=93% BS2DCE:rows=5608,cfg=10Hz BSDC91:rows=5608,cfg=10Hz
[CAPTURE] [############........]  59.3% elapsed=71s eta=49s rows=11384 row_rate=160.1/s sw=1423 ge7=100% ge8=93% BS2DCE:rows=5696,cfg=10Hz BSDC91:rows=5688,cfg=10Hz
[CAPTURE] [############........]  60.1% elapsed=72s eta=48s rows=11544 row_rate=160.0/s sw=1443 ge7=100% ge8=93% BS2DCE:rows=5776,cfg=10Hz BSDC91:rows=5768,cfg=10Hz
[CAPTURE] [############........]  61.0% elapsed=73s eta=47s rows=11712 row_rate=159.9/s sw=1464 ge7=100% ge8=93% BS2DCE:rows=5856,cfg=10Hz BSDC91:rows=5856,cfg=10Hz
[CAPTURE] [############........]  61.9% elapsed=74s eta=46s rows=11888 row_rate=160.0/s sw=1486 ge7=100% ge8=93% BS2DCE:rows=5944,cfg=10Hz BSDC91:rows=5944,cfg=10Hz
[CAPTURE] [#############.......]  62.8% elapsed=75s eta=45s rows=12056 row_rate=159.9/s sw=1507 ge7=100% ge8=93% BS2DCE:rows=6032,cfg=10Hz BSDC91:rows=6024,cfg=10Hz
[CAPTURE] [#############.......]  63.7% elapsed=76s eta=44s rows=12216 row_rate=159.9/s sw=1527 ge7=100% ge8=93% BS2DCE:rows=6112,cfg=10Hz BSDC91:rows=6104,cfg=10Hz
[CAPTURE] [#############.......]  64.5% elapsed=77s eta=43s rows=12384 row_rate=159.9/s sw=1548 ge7=100% ge8=93% BS2DCE:rows=6192,cfg=10Hz BSDC91:rows=6192,cfg=10Hz
[CAPTURE] [#############.......]  65.4% elapsed=78s eta=42s rows=12544 row_rate=159.9/s sw=1568 ge7=100% ge8=93% BS2DCE:rows=6272,cfg=10Hz BSDC91:rows=6272,cfg=10Hz
[CAPTURE] [#############.......]  66.2% elapsed=79s eta=41s rows=12712 row_rate=160.0/s sw=1589 ge7=100% ge8=93% BS2DCE:rows=6352,cfg=10Hz BSDC91:rows=6360,cfg=10Hz
[CAPTURE] [#############.......]  67.1% elapsed=80s eta=40s rows=12880 row_rate=160.0/s sw=1610 ge7=100% ge8=93% BS2DCE:rows=6440,cfg=10Hz BSDC91:rows=6440,cfg=10Hz
[CAPTURE] [##############......]  67.9% elapsed=82s eta=38s rows=13040 row_rate=160.0/s sw=1630 ge7=100% ge8=93% BS2DCE:rows=6520,cfg=10Hz BSDC91:rows=6520,cfg=10Hz
[CAPTURE] [##############......]  68.8% elapsed=83s eta=37s rows=13208 row_rate=160.0/s sw=1651 ge7=100% ge8=93% BS2DCE:rows=6608,cfg=10Hz BSDC91:rows=6600,cfg=10Hz
[CAPTURE] [##############......]  69.7% elapsed=84s eta=36s rows=13376 row_rate=160.0/s sw=1672 ge7=100% ge8=93% BS2DCE:rows=6688,cfg=10Hz BSDC91:rows=6688,cfg=10Hz
[CAPTURE] [##############......]  70.5% elapsed=85s eta=35s rows=13544 row_rate=160.0/s sw=1693 ge7=100% ge8=93% BS2DCE:rows=6776,cfg=10Hz BSDC91:rows=6768,cfg=10Hz
[CAPTURE] [##############......]  71.4% elapsed=86s eta=34s rows=13712 row_rate=160.0/s sw=1714 ge7=100% ge8=93% BS2DCE:rows=6856,cfg=10Hz BSDC91:rows=6856,cfg=10Hz
[CAPTURE] [##############......]  72.3% elapsed=87s eta=33s rows=13880 row_rate=160.0/s sw=1735 ge7=100% ge8=93% BS2DCE:rows=6944,cfg=10Hz BSDC91:rows=6936,cfg=10Hz
[CAPTURE] [###############.....]  73.2% elapsed=88s eta=32s rows=14048 row_rate=160.0/s sw=1756 ge7=100% ge8=93% BS2DCE:rows=7024,cfg=10Hz BSDC91:rows=7024,cfg=10Hz
[CAPTURE] [###############.....]  74.0% elapsed=89s eta=31s rows=14216 row_rate=160.0/s sw=1777 ge7=100% ge8=93% BS2DCE:rows=7112,cfg=10Hz BSDC91:rows=7104,cfg=10Hz
[CAPTURE] [###############.....]  74.9% elapsed=90s eta=30s rows=14384 row_rate=160.0/s sw=1798 ge7=100% ge8=93% BS2DCE:rows=7192,cfg=10Hz BSDC91:rows=7192,cfg=10Hz
[CAPTURE] [###############.....]  75.8% elapsed=91s eta=29s rows=14552 row_rate=160.0/s sw=1819 ge7=100% ge8=93% BS2DCE:rows=7280,cfg=10Hz BSDC91:rows=7272,cfg=10Hz
[CAPTURE] [###############.....]  76.7% elapsed=92s eta=28s rows=14720 row_rate=160.0/s sw=1840 ge7=100% ge8=93% BS2DCE:rows=7360,cfg=10Hz BSDC91:rows=7360,cfg=10Hz
[CAPTURE] [################....]  77.5% elapsed=93s eta=27s rows=14880 row_rate=160.0/s sw=1860 ge7=100% ge8=93% BS2DCE:rows=7440,cfg=10Hz BSDC91:rows=7440,cfg=10Hz
[CAPTURE] [################....]  78.4% elapsed=94s eta=26s rows=15056 row_rate=160.0/s sw=1882 ge7=100% ge8=93% BS2DCE:rows=7528,cfg=10Hz BSDC91:rows=7528,cfg=10Hz
[CAPTURE] [################....]  79.3% elapsed=95s eta=25s rows=15224 row_rate=160.0/s sw=1903 ge7=100% ge8=93% BS2DCE:rows=7616,cfg=10Hz BSDC91:rows=7608,cfg=10Hz
[CAPTURE] [################....]  80.2% elapsed=96s eta=24s rows=15400 row_rate=160.0/s sw=1925 ge7=100% ge8=93% BS2DCE:rows=7704,cfg=10Hz BSDC91:rows=7696,cfg=10Hz
[CAPTURE] [################....]  81.2% elapsed=97s eta=23s rows=15576 row_rate=159.9/s sw=1947 ge7=100% ge8=93% BS2DCE:rows=7792,cfg=10Hz BSDC91:rows=7784,cfg=10Hz
[CAPTURE] [################....]  82.0% elapsed=98s eta=22s rows=15736 row_rate=159.9/s sw=1967 ge7=100% ge8=93% BS2DCE:rows=7872,cfg=10Hz BSDC91:rows=7864,cfg=10Hz
[CAPTURE] [#################...]  82.9% elapsed=99s eta=21s rows=15912 row_rate=160.0/s sw=1989 ge7=100% ge8=93% BS2DCE:rows=7952,cfg=10Hz BSDC91:rows=7960,cfg=10Hz
[CAPTURE] [#################...]  83.7% elapsed=100s eta=20s rows=16072 row_rate=160.0/s sw=2009 ge7=100% ge8=93% BS2DCE:rows=8032,cfg=10Hz BSDC91:rows=8040,cfg=10Hz
[CAPTURE] [#################...]  84.6% elapsed=101s eta=19s rows=16240 row_rate=160.0/s sw=2030 ge7=100% ge8=93% BS2DCE:rows=8120,cfg=10Hz BSDC91:rows=8120,cfg=10Hz
[CAPTURE] [#################...]  85.4% elapsed=103s eta=17s rows=16408 row_rate=160.0/s sw=2051 ge7=100% ge8=93% BS2DCE:rows=8208,cfg=10Hz BSDC91:rows=8200,cfg=10Hz
[CAPTURE] [#################...]  86.3% elapsed=104s eta=16s rows=16576 row_rate=160.0/s sw=2072 ge7=100% ge8=93% BS2DCE:rows=8288,cfg=10Hz BSDC91:rows=8288,cfg=10Hz
[CAPTURE] [#################...]  87.2% elapsed=105s eta=15s rows=16744 row_rate=160.0/s sw=2093 ge7=100% ge8=93% BS2DCE:rows=8376,cfg=10Hz BSDC91:rows=8368,cfg=10Hz
[CAPTURE] [##################..]  88.1% elapsed=106s eta=14s rows=16904 row_rate=160.0/s sw=2113 ge7=100% ge8=93% BS2DCE:rows=8456,cfg=10Hz BSDC91:rows=8448,cfg=10Hz
[CAPTURE] [##################..]  88.9% elapsed=107s eta=13s rows=17072 row_rate=160.0/s sw=2134 ge7=100% ge8=93% BS2DCE:rows=8536,cfg=10Hz BSDC91:rows=8536,cfg=10Hz
[CAPTURE] [##################..]  89.8% elapsed=108s eta=12s rows=17240 row_rate=160.0/s sw=2155 ge7=100% ge8=93% BS2DCE:rows=8624,cfg=10Hz BSDC91:rows=8616,cfg=10Hz
[CAPTURE] [##################..]  90.7% elapsed=109s eta=11s rows=17416 row_rate=160.0/s sw=2177 ge7=100% ge8=93% BS2DCE:rows=8712,cfg=10Hz BSDC91:rows=8704,cfg=10Hz
[CAPTURE] [##################..]  91.6% elapsed=110s eta=10s rows=17584 row_rate=160.0/s sw=2198 ge7=100% ge8=93% BS2DCE:rows=8792,cfg=10Hz BSDC91:rows=8792,cfg=10Hz
[CAPTURE] [##################..]  92.4% elapsed=111s eta=9s rows=17752 row_rate=160.0/s sw=2219 ge7=100% ge8=93% BS2DCE:rows=8880,cfg=10Hz BSDC91:rows=8872,cfg=10Hz
[CAPTURE] [###################.]  93.3% elapsed=112s eta=8s rows=17920 row_rate=160.0/s sw=2240 ge7=100% ge8=93% BS2DCE:rows=8960,cfg=10Hz BSDC91:rows=8960,cfg=10Hz
[CAPTURE] [###################.]  94.2% elapsed=113s eta=7s rows=18088 row_rate=160.0/s sw=2261 ge7=100% ge8=93% BS2DCE:rows=9048,cfg=10Hz BSDC91:rows=9040,cfg=10Hz
[CAPTURE] [###################.]  95.1% elapsed=114s eta=6s rows=18256 row_rate=160.0/s sw=2282 ge7=100% ge8=93% BS2DCE:rows=9128,cfg=10Hz BSDC91:rows=9128,cfg=10Hz
[CAPTURE] [###################.]  95.9% elapsed=115s eta=5s rows=18424 row_rate=160.0/s sw=2303 ge7=100% ge8=93% BS2DCE:rows=9216,cfg=10Hz BSDC91:rows=9208,cfg=10Hz
[CAPTURE] [###################.]  96.8% elapsed=116s eta=4s rows=18592 row_rate=160.0/s sw=2324 ge7=100% ge8=93% BS2DCE:rows=9296,cfg=10Hz BSDC91:rows=9296,cfg=10Hz
[CAPTURE] [####################]  97.7% elapsed=117s eta=3s rows=18760 row_rate=160.0/s sw=2345 ge7=100% ge8=93% BS2DCE:rows=9384,cfg=10Hz BSDC91:rows=9376,cfg=10Hz
[CAPTURE] [####################]  98.6% elapsed=118s eta=2s rows=18936 row_rate=160.0/s sw=2367 ge7=100% ge8=93% BS2DCE:rows=9472,cfg=10Hz BSDC91:rows=9464,cfg=10Hz
[CAPTURE] [####################]  99.5% elapsed=119s eta=1s rows=19096 row_rate=159.9/s sw=2387 ge7=100% ge8=93% BS2DCE:rows=9552,cfg=10Hz BSDC91:rows=9544,cfg=10Hz
[CAPTURE] cleanup: stopping all tag ranging with cmd_all MODE AOTA
[HOST_CMD] cmd_all MODE AOTA
[CAPTURE] cleanup: all tags quiet after MODE AOTA
{
  "success": true,
  "interrupted": false,
  "startup_failed": false,
  "startup_fail_targets": [],
  "controller_lost": false,
  "no_tr_timeout": false,
  "controller_recovery_attempts": 0,
  "controller_recovery_successes": 0,
  "tdma_config_failed": false,
  "tdma_config_check": {
    "match": true,
    "per_target": {
      "BS2DCE": {
        "bs": "BS2DCE",
        "match": true,
        "mismatches": [],
        "warnings": [],
        "expected": {
          "tag_id": 1,
          "slot": 0,
          "count": 10,
          "mask": 1,
          "mask_hex": "0x0001",
          "period_ms": 10,
          "active_ms": 9,
          "active_us": 0,
          "generation": 6,
          "pmode": 0
        },
        "actual": {
          "tag_id": 1,
          "slot": 0,
          "count": 10,
          "mask": 1,
          "mask_hex": "0x0001",
          "period_ms": 10,
          "active_ms": 9,
          "active_us": 0,
          "generation": 6,
          "live": 1
        },
        "actual_cfg_hz": 10.0,
        "scheduler": {
          "profile": "motion",
          "target_hz": 10,
          "mask": 1,
          "mask_hex": "0x0001",
          "slots": 1,
          "count": 10,
          "actual_x100": 1000,
          "actual_hz": 10.0
        },
        "expected_pmode": 0,
        "expected_freq_hz": 10
      },
      "BSDC91": {
        "bs": "BSDC91",
        "match": true,
        "mismatches": [],
        "warnings": [],
        "expected": {
          "tag_id": 2,
          "slot": 5,
          "count": 10,
          "mask": 32,
          "mask_hex": "0x0020",
          "period_ms": 10,
          "active_ms": 9,
          "active_us": 0,
          "generation": 6,
          "pmode": 0
        },
        "actual": {
          "tag_id": 2,
          "slot": 5,
          "count": 10,
          "mask": 32,
          "mask_hex": "0x0020",
          "period_ms": 10,
          "active_ms": 9,
          "active_us": 0,
          "generation": 6,
          "live": 1
        },
        "actual_cfg_hz": 10.0,
        "scheduler": {
          "profile": "motion",
          "target_hz": 10,
          "mask": 32,
          "mask_hex": "0x0020",
          "slots": 1,
          "count": 10,
          "actual_x100": 1000,
          "actual_hz": 10.0
        },
        "expected_pmode": 0,
        "expected_freq_hz": 10
      }
    }
  },
  "anchor_preflight": {
    "skipped": true,
    "success": true
  },
  "cleanup": {
    "attempted": true,
    "success": true,
    "command": "cmd_all MODE AOTA",
    "error": "",
    "stop_notify_rows": 0,
    "stop_verify_s": 3.0
  },
  "port": "/dev/serial/by-id/usb-Master_Tag_BioSpur_BLE_Control_6918E0384172A49F-if00",
  "duration_s": 120.0,
  "elapsed_s": 167.5593228340149,
  "session_dir": "/home/zekaixiao/Desktop/28052026_Erlangen_Official/captures/erlangen_20260528_optitrack/roto_R15_BS2DCE_BSDC91_120s_20260528_134410/tag_capture_20260528_134410",
  "targets": [
    "BS2DCE",
    "BSDC91"
  ],
  "expected_pmode": {
    "BS2DCE": 0,
    "BSDC91": 0
  },
  "expected_freq_hz": {
    "BS2DCE": 10,
    "BSDC91": 10
  },
  "skipped_before_target_pmode": 0,
  "freq_hz": {
    "tr": 10
  },
  "tr_all": 19200,
  "tr_valid_all": 19035,
  "sweep_validity_all": {
    "sweeps_total": 2400,
    "sweeps_with_any_valid": 2400,
    "sweeps_ge4": 2400,
    "sweeps_ge7": 2394,
    "sweeps_ge8": 2241,
    "ratio_ge4": 1.0,
    "ratio_ge7": 0.9975,
    "ratio_ge8": 0.93375,
    "valid_count_distribution": {
      "0": 0,
      "1": 0,
      "2": 0,
      "3": 0,
      "4": 0,
      "5": 0,
      "6": 6,
      "7": 153,
      "8": 2241
    }
  },
  "connections": {},
  "per_tag": {
    "BS2DCE": {
      "tr_rows": 9600,
      "tr_valid_rows": 9537,
      "sweep_validity": {
        "sweeps_total": 1200,
        "sweeps_with_any_valid": 1200,
        "sweeps_ge4": 1200,
        "sweeps_ge7": 1197,
        "sweeps_ge8": 1140,
        "ratio_ge4": 1.0,
        "ratio_ge7": 0.9975,
        "ratio_ge8": 0.95,
        "valid_count_distribution": {
          "0": 0,
          "1": 0,
          "2": 0,
          "3": 0,
          "4": 0,
          "5": 0,
          "6": 3,
          "7": 57,
          "8": 1140
        }
      },
      "latest_tr": {
        "conn_id": null,
        "host_elapsed_s": 119.891708,
        "host_epoch_s": 1779968812.974773,
        "peer_name": "BS2DCE",
        "tag_id": "",
        "sweep": 19788,
        "plan": "f",
        "pmode": 0,
        "anchor_id": 7,
        "raw_mm": 1964,
        "range_mm": 1964,
        "quality_percent": 100,
        "valid": 1,
        "status": "O",
        "quality_flag_percent": 0,
        "first_to_last_us": 0,
        "frame_us": 0,
        "poll_count": 0,
        "tr_version": 2,
        "rx_mask": "",
        "air_us": "",
        "post_us": "",
        "cycle_us": "",
        "rx_seen": "",
        "imu_valid": 0,
        "imu_n": 0,
        "acc_norm_mean_mg": "",
        "acc_norm_std_mg": "",
        "acc_norm_min_mg": "",
        "acc_norm_max_mg": "",
        "imu_skip_count": 0
      },
      "anchors_seen": [
        0,
        1,
        2,
        3,
        4,
        5,
        6,
        7
      ],
      "tr_status_counts": {
        "O": 9537,
        "T": 63
      }
    },
    "BSDC91": {
      "tr_rows": 9600,
      "tr_valid_rows": 9498,
      "sweep_validity": {
        "sweeps_total": 1200,
        "sweeps_with_any_valid": 1200,
        "sweeps_ge4": 1200,
        "sweeps_ge7": 1197,
        "sweeps_ge8": 1101,
        "ratio_ge4": 1.0,
        "ratio_ge7": 0.9975,
        "ratio_ge8": 0.9175,
        "valid_count_distribution": {
          "0": 0,
          "1": 0,
          "2": 0,
          "3": 0,
          "4": 0,
          "5": 0,
          "6": 3,
          "7": 96,
          "8": 1101
        }
      },
      "latest_tr": {
        "conn_id": null,
        "host_elapsed_s": 119.936687,
        "host_epoch_s": 1779968813.019751,
        "peer_name": "BSDC91",
        "tag_id": "",
        "sweep": 20223,
        "plan": "f",
        "pmode": 0,
        "anchor_id": 7,
        "raw_mm": 2223,
        "range_mm": 2223,
        "quality_percent": 100,
        "valid": 1,
        "status": "O",
        "quality_flag_percent": 0,
        "first_to_last_us": 0,
        "frame_us": 0,
        "poll_count": 0,
        "tr_version": 2,
        "rx_mask": "",
        "air_us": "",
        "post_us": "",
        "cycle_us": "",
        "rx_seen": "",
        "imu_valid": 0,
        "imu_n": 0,
        "acc_norm_mean_mg": "",
        "acc_norm_std_mg": "",
        "acc_norm_min_mg": "",
        "acc_norm_max_mg": "",
        "imu_skip_count": 0
      },
      "anchors_seen": [
        0,
        1,
        2,
        3,
        4,
        5,
        6,
        7
      ],
      "tr_status_counts": {
        "O": 9498,
        "T": 102
      }
    }
  },
  "raw_log": "/home/zekaixiao/Desktop/28052026_Erlangen_Official/captures/erlangen_20260528_optitrack/roto_R15_BS2DCE_BSDC91_120s_20260528_134410/tag_capture_20260528_134410/raw.log",
  "tr_all_csv": "/home/zekaixiao/Desktop/28052026_Erlangen_Official/captures/erlangen_20260528_optitrack/roto_R15_BS2DCE_BSDC91_120s_20260528_134410/tag_capture_20260528_134410/tr_all.csv"
}
