[CAPTURE] session_dir=/home/zekaixiao/Desktop/28052026_Erlangen_Official/captures/erlangen_20260528_optitrack/roto_R17_BS2DCE_BSDC91_120s_20260528_135050/tag_capture_20260528_135050
[CAPTURE] raw_log=/home/zekaixiao/Desktop/28052026_Erlangen_Official/captures/erlangen_20260528_optitrack/roto_R17_BS2DCE_BSDC91_120s_20260528_135050/tag_capture_20260528_135050/raw.log
[CAPTURE] plan: targets=BS2DCE,BSDC91 tr=10Hz duration=120s
[CAPTURE] open serial: /dev/serial/by-id/usb-Master_Tag_BioSpur_BLE_Control_6918E0384172A49F-if00
[CAPTURE] drain boot/runtime output
[HOST_CMD] status
[HOST_CMD] device show
[CAPTURE] configure: reuse Master_Tag resident links
[HOST_CMD] device kind tag
[HOST_CMD] device show
[HOST_CMD] ota_target token -1
[HOST_CMD] ota_target name -
[HOST_CMD] ota_target prefix BS
[HOST_CMD] ota_target uuid -
[CAPTURE] configure: targeted AOTA non-target tags=BSF66F,BS9336,BS955A,BSCCF4
[HOST_CMD] ota_target token -1
[HOST_CMD] ota_target name BSF66F
[HOST_CMD] ota_target prefix -
[HOST_CMD] ota_target uuid -
[HOST_CMD] cmd_all MODE AOTA
[HOST_CMD] ota_target token -1
[HOST_CMD] ota_target name BS9336
[HOST_CMD] ota_target prefix -
[HOST_CMD] ota_target uuid -
[HOST_CMD] cmd_all MODE AOTA
[HOST_CMD] ota_target token -1
[HOST_CMD] ota_target name BS955A
[HOST_CMD] ota_target prefix -
[HOST_CMD] ota_target uuid -
[HOST_CMD] cmd_all MODE AOTA
[HOST_CMD] ota_target token -1
[HOST_CMD] ota_target name BSCCF4
[HOST_CMD] ota_target prefix -
[HOST_CMD] ota_target uuid -
[HOST_CMD] cmd_all MODE AOTA
[HOST_CMD] ota_target token -1
[HOST_CMD] ota_target name -
[HOST_CMD] ota_target prefix BS
[HOST_CMD] ota_target uuid -
[CAPTURE] configure: silence resident Tag links for enrollment after non-target AOTA (BSF66F,BS9336,BS955A,BSCCF4)
[HOST_CMD] tdma hold 1
[CAPTURE] configure: skip setup MODE AOTA; TDMA roster/hold controls admission
[CAPTURE] configure: reassert TDMA target roster
[HOST_CMD] tdma freq motion 10
[HOST_CMD] tdma roster BS2DCE motion
[HOST_CMD] tdma roster BSDC91 motion
[HOST_CMD] ota_target token -1
[HOST_CMD] ota_target name -
[HOST_CMD] ota_target prefix BS
[HOST_CMD] ota_target uuid -
[HOST_CMD] conn
[CAPTURE] configure: wait for target links
[CAPTURE] link setup passive initial: wait up to 30s
[CAPTURE] link setup passive: ready=BS2DCE,BSDC91 (2/2)
[CAPTURE] link setup passive: all 2/2 ready; settle 8.0s before TDMA release
[CAPTURE] link setup passive: ready=BS2DCE,BSDC91 (2/2)
[CAPTURE] configure: release TDMA hold and verify TDMA CFG
[HOST_CMD] tdma hold 0
[CAPTURE] configure: TDMA CFG apply/check attempt 1/3
[HOST_CMD] tdma freq motion 10
[HOST_CMD] tdma roster BS2DCE motion
[HOST_CMD] tdma roster BSDC91 motion
[HOST_CMD] tdma rebalance
[HOST_CMD] tdma show
[HOST_CMD] status
[HOST_CMD] device show
[CAPTURE] configure: TDMA CFG verified match=true
[CAPTURE] configure: TDMA ready
[CAPTURE] TDMA verified; start TR capture
[CAPTURE] [....................]   0.0% elapsed=0s eta=120s rows=0 row_rate=0.0/s sw=0 ge7=0% ge8=0% BS2DCE:rows=0,cfg=10Hz BSDC91:rows=0,cfg=10Hz
[CAPTURE] [....................]   0.9% elapsed=1s eta=119s rows=160 row_rate=153.8/s sw=20 ge7=100% ge8=95% BS2DCE:rows=80,cfg=10Hz BSDC91:rows=80,cfg=10Hz
[CAPTURE] [....................]   1.7% elapsed=2s eta=118s rows=328 row_rate=159.2/s sw=41 ge7=100% ge8=95% BS2DCE:rows=168,cfg=10Hz BSDC91:rows=160,cfg=10Hz
[CAPTURE] [#...................]   2.6% elapsed=3s eta=117s rows=488 row_rate=159.4/s sw=61 ge7=100% ge8=95% BS2DCE:rows=248,cfg=10Hz BSDC91:rows=240,cfg=10Hz
[CAPTURE] [#...................]   3.4% elapsed=4s eta=116s rows=656 row_rate=160.3/s sw=82 ge7=100% ge8=96% BS2DCE:rows=328,cfg=10Hz BSDC91:rows=328,cfg=10Hz
[CAPTURE] [#...................]   4.2% elapsed=5s eta=115s rows=824 row_rate=161.7/s sw=103 ge7=100% ge8=96% BS2DCE:rows=416,cfg=10Hz BSDC91:rows=408,cfg=10Hz
[CAPTURE] [#...................]   5.1% elapsed=6s eta=114s rows=976 row_rate=159.9/s sw=122 ge7=100% ge8=95% BS2DCE:rows=488,cfg=10Hz BSDC91:rows=488,cfg=10Hz
[CAPTURE] [#...................]   6.0% elapsed=7s eta=113s rows=1144 row_rate=159.9/s sw=143 ge7=100% ge8=94% BS2DCE:rows=576,cfg=10Hz BSDC91:rows=568,cfg=10Hz
[CAPTURE] [#...................]   6.9% elapsed=8s eta=112s rows=1312 row_rate=159.5/s sw=164 ge7=100% ge8=95% BS2DCE:rows=656,cfg=10Hz BSDC91:rows=656,cfg=10Hz
[CAPTURE] [##..................]   7.7% elapsed=9s eta=111s rows=1480 row_rate=159.8/s sw=185 ge7=100% ge8=96% BS2DCE:rows=744,cfg=10Hz BSDC91:rows=736,cfg=10Hz
[CAPTURE] [##..................]   8.6% elapsed=10s eta=110s rows=1648 row_rate=160.0/s sw=206 ge7=100% ge8=96% BS2DCE:rows=824,cfg=10Hz BSDC91:rows=824,cfg=10Hz
[CAPTURE] [##..................]   9.5% elapsed=11s eta=109s rows=1816 row_rate=159.4/s sw=227 ge7=100% ge8=96% BS2DCE:rows=912,cfg=10Hz BSDC91:rows=904,cfg=10Hz
[CAPTURE] [##..................]  10.3% elapsed=12s eta=108s rows=1976 row_rate=159.2/s sw=247 ge7=100% ge8=96% BS2DCE:rows=992,cfg=10Hz BSDC91:rows=984,cfg=10Hz
[CAPTURE] [##..................]  11.2% elapsed=13s eta=107s rows=2136 row_rate=159.2/s sw=267 ge7=100% ge8=96% BS2DCE:rows=1072,cfg=10Hz BSDC91:rows=1064,cfg=10Hz
[CAPTURE] [##..................]  12.0% elapsed=14s eta=106s rows=2296 row_rate=159.2/s sw=287 ge7=100% ge8=97% BS2DCE:rows=1152,cfg=10Hz BSDC91:rows=1144,cfg=10Hz
[CAPTURE] [###.................]  12.9% elapsed=15s eta=105s rows=2456 row_rate=159.1/s sw=307 ge7=100% ge8=97% BS2DCE:rows=1232,cfg=10Hz BSDC91:rows=1224,cfg=10Hz
[CAPTURE] [###.................]  13.7% elapsed=16s eta=104s rows=2624 row_rate=159.6/s sw=328 ge7=100% ge8=96% BS2DCE:rows=1312,cfg=10Hz BSDC91:rows=1312,cfg=10Hz
[CAPTURE] [###.................]  14.5% elapsed=17s eta=103s rows=2784 row_rate=159.6/s sw=348 ge7=100% ge8=96% BS2DCE:rows=1392,cfg=10Hz BSDC91:rows=1392,cfg=10Hz
[CAPTURE] [###.................]  15.4% elapsed=18s eta=102s rows=2944 row_rate=159.5/s sw=368 ge7=100% ge8=96% BS2DCE:rows=1472,cfg=10Hz BSDC91:rows=1472,cfg=10Hz
[CAPTURE] [###.................]  16.2% elapsed=19s eta=101s rows=3104 row_rate=159.5/s sw=388 ge7=100% ge8=96% BS2DCE:rows=1552,cfg=10Hz BSDC91:rows=1552,cfg=10Hz
[CAPTURE] [###.................]  17.1% elapsed=20s eta=100s rows=3272 row_rate=159.8/s sw=409 ge7=100% ge8=96% BS2DCE:rows=1632,cfg=10Hz BSDC91:rows=1640,cfg=10Hz
[CAPTURE] [####................]  17.9% elapsed=21s eta=99s rows=3440 row_rate=160.1/s sw=430 ge7=100% ge8=96% BS2DCE:rows=1720,cfg=10Hz BSDC91:rows=1720,cfg=10Hz
[CAPTURE] [####................]  18.8% elapsed=23s eta=97s rows=3608 row_rate=160.0/s sw=451 ge7=100% ge8=96% BS2DCE:rows=1808,cfg=10Hz BSDC91:rows=1800,cfg=10Hz
[CAPTURE] [####................]  19.6% elapsed=24s eta=96s rows=3768 row_rate=159.9/s sw=471 ge7=100% ge8=96% BS2DCE:rows=1888,cfg=10Hz BSDC91:rows=1880,cfg=10Hz
[CAPTURE] [####................]  20.5% elapsed=25s eta=95s rows=3936 row_rate=159.9/s sw=492 ge7=100% ge8=96% BS2DCE:rows=1968,cfg=10Hz BSDC91:rows=1968,cfg=10Hz
[CAPTURE] [####................]  21.4% elapsed=26s eta=94s rows=4104 row_rate=160.2/s sw=513 ge7=100% ge8=96% BS2DCE:rows=2056,cfg=10Hz BSDC91:rows=2048,cfg=10Hz
[CAPTURE] [####................]  22.2% elapsed=27s eta=93s rows=4264 row_rate=160.0/s sw=533 ge7=100% ge8=96% BS2DCE:rows=2136,cfg=10Hz BSDC91:rows=2128,cfg=10Hz
[CAPTURE] [#####...............]  23.0% elapsed=28s eta=92s rows=4424 row_rate=160.0/s sw=553 ge7=100% ge8=95% BS2DCE:rows=2216,cfg=10Hz BSDC91:rows=2208,cfg=10Hz
[CAPTURE] [#####...............]  23.9% elapsed=29s eta=91s rows=4592 row_rate=160.0/s sw=574 ge7=100% ge8=95% BS2DCE:rows=2296,cfg=10Hz BSDC91:rows=2296,cfg=10Hz
[CAPTURE] [#####...............]  24.8% elapsed=30s eta=90s rows=4760 row_rate=160.0/s sw=595 ge7=100% ge8=95% BS2DCE:rows=2384,cfg=10Hz BSDC91:rows=2376,cfg=10Hz
[CAPTURE] [#####...............]  25.6% elapsed=31s eta=89s rows=4920 row_rate=159.9/s sw=615 ge7=100% ge8=95% BS2DCE:rows=2464,cfg=10Hz BSDC91:rows=2456,cfg=10Hz
[CAPTURE] [#####...............]  26.5% elapsed=32s eta=88s rows=5088 row_rate=160.0/s sw=636 ge7=100% ge8=95% BS2DCE:rows=2544,cfg=10Hz BSDC91:rows=2544,cfg=10Hz
[CAPTURE] [#####...............]  27.4% elapsed=33s eta=87s rows=5256 row_rate=160.0/s sw=657 ge7=100% ge8=95% BS2DCE:rows=2632,cfg=10Hz BSDC91:rows=2624,cfg=10Hz
[CAPTURE] [######..............]  28.2% elapsed=34s eta=86s rows=5424 row_rate=160.0/s sw=678 ge7=100% ge8=95% BS2DCE:rows=2712,cfg=10Hz BSDC91:rows=2712,cfg=10Hz
[CAPTURE] [######..............]  29.1% elapsed=35s eta=85s rows=5584 row_rate=160.0/s sw=698 ge7=100% ge8=95% BS2DCE:rows=2792,cfg=10Hz BSDC91:rows=2792,cfg=10Hz
[CAPTURE] [######..............]  30.0% elapsed=36s eta=84s rows=5752 row_rate=160.0/s sw=719 ge7=100% ge8=94% BS2DCE:rows=2880,cfg=10Hz BSDC91:rows=2872,cfg=10Hz
[CAPTURE] [######..............]  30.9% elapsed=37s eta=83s rows=5920 row_rate=159.9/s sw=740 ge7=100% ge8=94% BS2DCE:rows=2960,cfg=10Hz BSDC91:rows=2960,cfg=10Hz
[CAPTURE] [######..............]  31.7% elapsed=38s eta=82s rows=6088 row_rate=160.0/s sw=761 ge7=100% ge8=95% BS2DCE:rows=3048,cfg=10Hz BSDC91:rows=3040,cfg=10Hz
[CAPTURE] [#######.............]  32.5% elapsed=39s eta=81s rows=6248 row_rate=160.0/s sw=781 ge7=100% ge8=95% BS2DCE:rows=3128,cfg=10Hz BSDC91:rows=3120,cfg=10Hz
[CAPTURE] [#######.............]  33.4% elapsed=40s eta=80s rows=6416 row_rate=160.0/s sw=802 ge7=100% ge8=95% BS2DCE:rows=3208,cfg=10Hz BSDC91:rows=3208,cfg=10Hz
[CAPTURE] [#######.............]  34.3% elapsed=41s eta=79s rows=6584 row_rate=160.0/s sw=823 ge7=100% ge8=95% BS2DCE:rows=3296,cfg=10Hz BSDC91:rows=3288,cfg=10Hz
[CAPTURE] [#######.............]  35.1% elapsed=42s eta=78s rows=6744 row_rate=160.0/s sw=843 ge7=100% ge8=95% BS2DCE:rows=3376,cfg=10Hz BSDC91:rows=3368,cfg=10Hz
[CAPTURE] [#######.............]  36.0% elapsed=43s eta=77s rows=6912 row_rate=160.0/s sw=864 ge7=100% ge8=95% BS2DCE:rows=3456,cfg=10Hz BSDC91:rows=3456,cfg=10Hz
[CAPTURE] [#######.............]  36.9% elapsed=44s eta=76s rows=7072 row_rate=159.9/s sw=884 ge7=100% ge8=95% BS2DCE:rows=3536,cfg=10Hz BSDC91:rows=3536,cfg=10Hz
[CAPTURE] [########............]  37.7% elapsed=45s eta=75s rows=7240 row_rate=160.0/s sw=905 ge7=100% ge8=95% BS2DCE:rows=3624,cfg=10Hz BSDC91:rows=3616,cfg=10Hz
[CAPTURE] [########............]  38.6% elapsed=46s eta=74s rows=7400 row_rate=160.0/s sw=925 ge7=100% ge8=95% BS2DCE:rows=3704,cfg=10Hz BSDC91:rows=3696,cfg=10Hz
[CAPTURE] [########............]  39.4% elapsed=47s eta=73s rows=7568 row_rate=160.0/s sw=946 ge7=100% ge8=95% BS2DCE:rows=3784,cfg=10Hz BSDC91:rows=3784,cfg=10Hz
[CAPTURE] [########............]  40.3% elapsed=48s eta=72s rows=7736 row_rate=159.8/s sw=967 ge7=100% ge8=95% BS2DCE:rows=3872,cfg=10Hz BSDC91:rows=3864,cfg=10Hz
[CAPTURE] [########............]  41.2% elapsed=49s eta=71s rows=7896 row_rate=159.8/s sw=987 ge7=100% ge8=95% BS2DCE:rows=3952,cfg=10Hz BSDC91:rows=3944,cfg=10Hz
[CAPTURE] [########............]  42.0% elapsed=50s eta=70s rows=8064 row_rate=159.9/s sw=1008 ge7=100% ge8=95% BS2DCE:rows=4032,cfg=10Hz BSDC91:rows=4032,cfg=10Hz
[CAPTURE] [#########...........]  42.9% elapsed=51s eta=69s rows=8224 row_rate=159.8/s sw=1028 ge7=100% ge8=95% BS2DCE:rows=4112,cfg=10Hz BSDC91:rows=4112,cfg=10Hz
[CAPTURE] [#########...........]  43.7% elapsed=52s eta=68s rows=8392 row_rate=159.9/s sw=1049 ge7=100% ge8=94% BS2DCE:rows=4200,cfg=10Hz BSDC91:rows=4192,cfg=10Hz
[CAPTURE] [#########...........]  44.6% elapsed=54s eta=66s rows=8568 row_rate=159.9/s sw=1071 ge7=100% ge8=94% BS2DCE:rows=4288,cfg=10Hz BSDC91:rows=4280,cfg=10Hz
[CAPTURE] [#########...........]  45.5% elapsed=55s eta=65s rows=8736 row_rate=160.0/s sw=1092 ge7=100% ge8=94% BS2DCE:rows=4368,cfg=10Hz BSDC91:rows=4368,cfg=10Hz
[CAPTURE] [#########...........]  46.3% elapsed=56s eta=64s rows=8896 row_rate=160.0/s sw=1112 ge7=100% ge8=94% BS2DCE:rows=4448,cfg=10Hz BSDC91:rows=4448,cfg=10Hz
[CAPTURE] [#########...........]  47.2% elapsed=57s eta=63s rows=9064 row_rate=160.1/s sw=1133 ge7=100% ge8=94% BS2DCE:rows=4536,cfg=10Hz BSDC91:rows=4528,cfg=10Hz
[CAPTURE] [##########..........]  48.0% elapsed=58s eta=62s rows=9224 row_rate=160.0/s sw=1153 ge7=100% ge8=94% BS2DCE:rows=4616,cfg=10Hz BSDC91:rows=4608,cfg=10Hz
[CAPTURE] [##########..........]  48.9% elapsed=59s eta=61s rows=9384 row_rate=160.0/s sw=1173 ge7=100% ge8=94% BS2DCE:rows=4696,cfg=10Hz BSDC91:rows=4688,cfg=10Hz
[CAPTURE] [##########..........]  49.8% elapsed=60s eta=60s rows=9552 row_rate=160.0/s sw=1194 ge7=100% ge8=94% BS2DCE:rows=4776,cfg=10Hz BSDC91:rows=4776,cfg=10Hz
[CAPTURE] [##########..........]  50.6% elapsed=61s eta=59s rows=9720 row_rate=159.9/s sw=1215 ge7=100% ge8=94% BS2DCE:rows=4864,cfg=10Hz BSDC91:rows=4856,cfg=10Hz
[CAPTURE] [##########..........]  51.5% elapsed=62s eta=58s rows=9888 row_rate=160.0/s sw=1236 ge7=100% ge8=94% BS2DCE:rows=4944,cfg=10Hz BSDC91:rows=4944,cfg=10Hz
[CAPTURE] [##########..........]  52.4% elapsed=63s eta=57s rows=10056 row_rate=160.0/s sw=1257 ge7=100% ge8=95% BS2DCE:rows=5032,cfg=10Hz BSDC91:rows=5024,cfg=10Hz
[CAPTURE] [###########.........]  53.2% elapsed=64s eta=56s rows=10224 row_rate=160.0/s sw=1278 ge7=100% ge8=95% BS2DCE:rows=5112,cfg=10Hz BSDC91:rows=5112,cfg=10Hz
[CAPTURE] [###########.........]  54.1% elapsed=65s eta=55s rows=10384 row_rate=160.0/s sw=1298 ge7=100% ge8=95% BS2DCE:rows=5192,cfg=10Hz BSDC91:rows=5192,cfg=10Hz
[CAPTURE] [###########.........]  55.0% elapsed=66s eta=54s rows=10552 row_rate=160.0/s sw=1319 ge7=100% ge8=95% BS2DCE:rows=5280,cfg=10Hz BSDC91:rows=5272,cfg=10Hz
[CAPTURE] [###########.........]  55.8% elapsed=67s eta=53s rows=10720 row_rate=160.0/s sw=1340 ge7=100% ge8=95% BS2DCE:rows=5360,cfg=10Hz BSDC91:rows=5360,cfg=10Hz
[CAPTURE] [###########.........]  56.7% elapsed=68s eta=52s rows=10888 row_rate=160.0/s sw=1361 ge7=100% ge8=94% BS2DCE:rows=5448,cfg=10Hz BSDC91:rows=5440,cfg=10Hz
[CAPTURE] [############........]  57.6% elapsed=69s eta=51s rows=11048 row_rate=160.0/s sw=1381 ge7=100% ge8=94% BS2DCE:rows=5528,cfg=10Hz BSDC91:rows=5520,cfg=10Hz
[CAPTURE] [############........]  58.4% elapsed=70s eta=50s rows=11216 row_rate=160.0/s sw=1402 ge7=100% ge8=95% BS2DCE:rows=5608,cfg=10Hz BSDC91:rows=5608,cfg=10Hz
[CAPTURE] [############........]  59.3% elapsed=71s eta=49s rows=11384 row_rate=160.0/s sw=1423 ge7=100% ge8=94% BS2DCE:rows=5696,cfg=10Hz BSDC91:rows=5688,cfg=10Hz
[CAPTURE] [############........]  60.2% elapsed=72s eta=48s rows=11552 row_rate=160.0/s sw=1444 ge7=100% ge8=94% BS2DCE:rows=5776,cfg=10Hz BSDC91:rows=5776,cfg=10Hz
[CAPTURE] [############........]  61.0% elapsed=73s eta=47s rows=11720 row_rate=160.0/s sw=1465 ge7=100% ge8=94% BS2DCE:rows=5864,cfg=10Hz BSDC91:rows=5856,cfg=10Hz
[CAPTURE] [############........]  61.9% elapsed=74s eta=46s rows=11880 row_rate=160.0/s sw=1485 ge7=100% ge8=94% BS2DCE:rows=5944,cfg=10Hz BSDC91:rows=5936,cfg=10Hz
[CAPTURE] [#############.......]  62.7% elapsed=75s eta=45s rows=12048 row_rate=160.0/s sw=1506 ge7=100% ge8=94% BS2DCE:rows=6024,cfg=10Hz BSDC91:rows=6024,cfg=10Hz
[CAPTURE] [#############.......]  63.6% elapsed=76s eta=44s rows=12208 row_rate=160.0/s sw=1526 ge7=100% ge8=94% BS2DCE:rows=6104,cfg=10Hz BSDC91:rows=6104,cfg=10Hz
[CAPTURE] [#############.......]  64.5% elapsed=77s eta=43s rows=12376 row_rate=159.9/s sw=1547 ge7=100% ge8=94% BS2DCE:rows=6192,cfg=10Hz BSDC91:rows=6184,cfg=10Hz
[CAPTURE] [#############.......]  65.4% elapsed=78s eta=42s rows=12536 row_rate=159.9/s sw=1567 ge7=100% ge8=94% BS2DCE:rows=6272,cfg=10Hz BSDC91:rows=6264,cfg=10Hz
[CAPTURE] [#############.......]  66.2% elapsed=79s eta=41s rows=12704 row_rate=159.9/s sw=1588 ge7=100% ge8=94% BS2DCE:rows=6352,cfg=10Hz BSDC91:rows=6352,cfg=10Hz
[CAPTURE] [#############.......]  67.1% elapsed=81s eta=39s rows=12880 row_rate=160.0/s sw=1610 ge7=100% ge8=94% BS2DCE:rows=6440,cfg=10Hz BSDC91:rows=6440,cfg=10Hz
[CAPTURE] [##############......]  68.0% elapsed=82s eta=38s rows=13048 row_rate=160.0/s sw=1631 ge7=100% ge8=94% BS2DCE:rows=6528,cfg=10Hz BSDC91:rows=6520,cfg=10Hz
[CAPTURE] [##############......]  68.8% elapsed=83s eta=37s rows=13216 row_rate=160.0/s sw=1652 ge7=100% ge8=94% BS2DCE:rows=6608,cfg=10Hz BSDC91:rows=6608,cfg=10Hz
[CAPTURE] [##############......]  69.7% elapsed=84s eta=36s rows=13384 row_rate=160.0/s sw=1673 ge7=100% ge8=94% BS2DCE:rows=6696,cfg=10Hz BSDC91:rows=6688,cfg=10Hz
[CAPTURE] [##############......]  70.6% elapsed=85s eta=35s rows=13552 row_rate=160.0/s sw=1694 ge7=100% ge8=94% BS2DCE:rows=6776,cfg=10Hz BSDC91:rows=6776,cfg=10Hz
[CAPTURE] [##############......]  71.5% elapsed=86s eta=34s rows=13720 row_rate=160.0/s sw=1715 ge7=100% ge8=94% BS2DCE:rows=6864,cfg=10Hz BSDC91:rows=6856,cfg=10Hz
[CAPTURE] [##############......]  72.3% elapsed=87s eta=33s rows=13888 row_rate=160.0/s sw=1736 ge7=100% ge8=94% BS2DCE:rows=6944,cfg=10Hz BSDC91:rows=6944,cfg=10Hz
[CAPTURE] [###############.....]  73.2% elapsed=88s eta=32s rows=14056 row_rate=160.0/s sw=1757 ge7=100% ge8=94% BS2DCE:rows=7032,cfg=10Hz BSDC91:rows=7024,cfg=10Hz
[CAPTURE] [###############.....]  74.1% elapsed=89s eta=31s rows=14216 row_rate=160.0/s sw=1777 ge7=100% ge8=94% BS2DCE:rows=7112,cfg=10Hz BSDC91:rows=7104,cfg=10Hz
[CAPTURE] [###############.....]  74.9% elapsed=90s eta=30s rows=14384 row_rate=160.0/s sw=1798 ge7=100% ge8=94% BS2DCE:rows=7192,cfg=10Hz BSDC91:rows=7192,cfg=10Hz
[CAPTURE] [###############.....]  75.8% elapsed=91s eta=29s rows=14552 row_rate=160.0/s sw=1819 ge7=100% ge8=94% BS2DCE:rows=7280,cfg=10Hz BSDC91:rows=7272,cfg=10Hz
[CAPTURE] [###############.....]  76.7% elapsed=92s eta=28s rows=14720 row_rate=160.0/s sw=1840 ge7=100% ge8=94% BS2DCE:rows=7360,cfg=10Hz BSDC91:rows=7360,cfg=10Hz
[CAPTURE] [################....]  77.5% elapsed=93s eta=27s rows=14888 row_rate=160.0/s sw=1861 ge7=100% ge8=94% BS2DCE:rows=7448,cfg=10Hz BSDC91:rows=7440,cfg=10Hz
[CAPTURE] [################....]  78.4% elapsed=94s eta=26s rows=15048 row_rate=160.0/s sw=1881 ge7=100% ge8=94% BS2DCE:rows=7528,cfg=10Hz BSDC91:rows=7520,cfg=10Hz
[CAPTURE] [################....]  79.2% elapsed=95s eta=25s rows=15216 row_rate=160.0/s sw=1902 ge7=100% ge8=94% BS2DCE:rows=7608,cfg=10Hz BSDC91:rows=7608,cfg=10Hz
[CAPTURE] [################....]  80.1% elapsed=96s eta=24s rows=15384 row_rate=160.0/s sw=1923 ge7=100% ge8=94% BS2DCE:rows=7696,cfg=10Hz BSDC91:rows=7688,cfg=10Hz
[CAPTURE] [################....]  81.0% elapsed=97s eta=23s rows=15552 row_rate=160.0/s sw=1944 ge7=100% ge8=94% BS2DCE:rows=7776,cfg=10Hz BSDC91:rows=7776,cfg=10Hz
[CAPTURE] [################....]  81.9% elapsed=98s eta=22s rows=15712 row_rate=160.0/s sw=1964 ge7=100% ge8=94% BS2DCE:rows=7856,cfg=10Hz BSDC91:rows=7856,cfg=10Hz
[CAPTURE] [#################...]  82.7% elapsed=99s eta=21s rows=15880 row_rate=160.0/s sw=1985 ge7=100% ge8=94% BS2DCE:rows=7944,cfg=10Hz BSDC91:rows=7936,cfg=10Hz
[CAPTURE] [#################...]  83.6% elapsed=100s eta=20s rows=16048 row_rate=160.0/s sw=2006 ge7=100% ge8=94% BS2DCE:rows=8024,cfg=10Hz BSDC91:rows=8024,cfg=10Hz
[CAPTURE] [#################...]  84.5% elapsed=101s eta=19s rows=16216 row_rate=159.9/s sw=2027 ge7=100% ge8=94% BS2DCE:rows=8112,cfg=10Hz BSDC91:rows=8104,cfg=10Hz
[CAPTURE] [#################...]  85.4% elapsed=102s eta=18s rows=16384 row_rate=160.0/s sw=2048 ge7=100% ge8=94% BS2DCE:rows=8192,cfg=10Hz BSDC91:rows=8192,cfg=10Hz
[CAPTURE] [#################...]  86.2% elapsed=103s eta=17s rows=16560 row_rate=160.0/s sw=2070 ge7=100% ge8=93% BS2DCE:rows=8280,cfg=10Hz BSDC91:rows=8280,cfg=10Hz
[CAPTURE] [#################...]  87.1% elapsed=105s eta=15s rows=16728 row_rate=160.0/s sw=2091 ge7=100% ge8=94% BS2DCE:rows=8368,cfg=10Hz BSDC91:rows=8360,cfg=10Hz
[CAPTURE] [##################..]  88.0% elapsed=106s eta=14s rows=16896 row_rate=160.0/s sw=2112 ge7=100% ge8=94% BS2DCE:rows=8448,cfg=10Hz BSDC91:rows=8448,cfg=10Hz
[CAPTURE] [##################..]  88.9% elapsed=107s eta=13s rows=17064 row_rate=160.0/s sw=2133 ge7=100% ge8=94% BS2DCE:rows=8536,cfg=10Hz BSDC91:rows=8528,cfg=10Hz
[CAPTURE] [##################..]  89.7% elapsed=108s eta=12s rows=17224 row_rate=160.0/s sw=2153 ge7=100% ge8=94% BS2DCE:rows=8616,cfg=10Hz BSDC91:rows=8608,cfg=10Hz
[CAPTURE] [##################..]  90.6% elapsed=109s eta=11s rows=17392 row_rate=160.0/s sw=2174 ge7=100% ge8=94% BS2DCE:rows=8696,cfg=10Hz BSDC91:rows=8696,cfg=10Hz
[CAPTURE] [##################..]  91.5% elapsed=110s eta=10s rows=17560 row_rate=160.0/s sw=2195 ge7=100% ge8=94% BS2DCE:rows=8784,cfg=10Hz BSDC91:rows=8776,cfg=10Hz
[CAPTURE] [##################..]  92.4% elapsed=111s eta=9s rows=17728 row_rate=160.0/s sw=2216 ge7=100% ge8=94% BS2DCE:rows=8864,cfg=10Hz BSDC91:rows=8864,cfg=10Hz
[CAPTURE] [###################.]  93.3% elapsed=112s eta=8s rows=17904 row_rate=160.0/s sw=2238 ge7=100% ge8=94% BS2DCE:rows=8952,cfg=10Hz BSDC91:rows=8952,cfg=10Hz
[CAPTURE] [###################.]  94.1% elapsed=113s eta=7s rows=18072 row_rate=160.0/s sw=2259 ge7=100% ge8=94% BS2DCE:rows=9040,cfg=10Hz BSDC91:rows=9032,cfg=10Hz
[CAPTURE] [###################.]  95.0% elapsed=114s eta=6s rows=18240 row_rate=160.0/s sw=2280 ge7=100% ge8=94% BS2DCE:rows=9120,cfg=10Hz BSDC91:rows=9120,cfg=10Hz
[CAPTURE] [###################.]  95.9% elapsed=115s eta=5s rows=18408 row_rate=160.0/s sw=2301 ge7=100% ge8=94% BS2DCE:rows=9208,cfg=10Hz BSDC91:rows=9200,cfg=10Hz
[CAPTURE] [###################.]  96.7% elapsed=116s eta=4s rows=18576 row_rate=160.0/s sw=2322 ge7=100% ge8=94% BS2DCE:rows=9288,cfg=10Hz BSDC91:rows=9288,cfg=10Hz
[CAPTURE] [####################]  97.6% elapsed=117s eta=3s rows=18744 row_rate=160.0/s sw=2343 ge7=100% ge8=94% BS2DCE:rows=9376,cfg=10Hz BSDC91:rows=9368,cfg=10Hz
[CAPTURE] [####################]  98.5% elapsed=118s eta=2s rows=18912 row_rate=160.0/s sw=2364 ge7=100% ge8=94% BS2DCE:rows=9456,cfg=10Hz BSDC91:rows=9456,cfg=10Hz
[CAPTURE] [####################]  99.4% elapsed=119s eta=1s rows=19080 row_rate=160.0/s sw=2385 ge7=100% ge8=94% BS2DCE:rows=9544,cfg=10Hz BSDC91:rows=9536,cfg=10Hz
[CAPTURE] cleanup: stopping all tag ranging with cmd_all MODE AOTA
[HOST_CMD] cmd_all MODE AOTA
[CAPTURE] cleanup: all tags quiet after MODE AOTA
{
  "success": true,
  "interrupted": false,
  "startup_failed": false,
  "startup_fail_targets": [],
  "controller_lost": false,
  "no_tr_timeout": false,
  "controller_recovery_attempts": 0,
  "controller_recovery_successes": 0,
  "tdma_config_failed": false,
  "tdma_config_check": {
    "match": true,
    "per_target": {
      "BS2DCE": {
        "bs": "BS2DCE",
        "match": true,
        "mismatches": [],
        "warnings": [],
        "expected": {
          "tag_id": 1,
          "slot": 0,
          "count": 10,
          "mask": 1,
          "mask_hex": "0x0001",
          "period_ms": 10,
          "active_ms": 9,
          "active_us": 0,
          "generation": 8,
          "pmode": 0
        },
        "actual": {
          "tag_id": 1,
          "slot": 0,
          "count": 10,
          "mask": 1,
          "mask_hex": "0x0001",
          "period_ms": 10,
          "active_ms": 9,
          "active_us": 0,
          "generation": 8,
          "live": 1
        },
        "actual_cfg_hz": 10.0,
        "scheduler": {
          "profile": "motion",
          "target_hz": 10,
          "mask": 1,
          "mask_hex": "0x0001",
          "slots": 1,
          "count": 10,
          "actual_x100": 1000,
          "actual_hz": 10.0
        },
        "expected_pmode": 0,
        "expected_freq_hz": 10
      },
      "BSDC91": {
        "bs": "BSDC91",
        "match": true,
        "mismatches": [],
        "warnings": [],
        "expected": {
          "tag_id": 2,
          "slot": 5,
          "count": 10,
          "mask": 32,
          "mask_hex": "0x0020",
          "period_ms": 10,
          "active_ms": 9,
          "active_us": 0,
          "generation": 8,
          "pmode": 0
        },
        "actual": {
          "tag_id": 2,
          "slot": 5,
          "count": 10,
          "mask": 32,
          "mask_hex": "0x0020",
          "period_ms": 10,
          "active_ms": 9,
          "active_us": 0,
          "generation": 8,
          "live": 1
        },
        "actual_cfg_hz": 10.0,
        "scheduler": {
          "profile": "motion",
          "target_hz": 10,
          "mask": 32,
          "mask_hex": "0x0020",
          "slots": 1,
          "count": 10,
          "actual_x100": 1000,
          "actual_hz": 10.0
        },
        "expected_pmode": 0,
        "expected_freq_hz": 10
      }
    }
  },
  "anchor_preflight": {
    "skipped": true,
    "success": true
  },
  "cleanup": {
    "attempted": true,
    "success": true,
    "command": "cmd_all MODE AOTA",
    "error": "",
    "stop_notify_rows": 0,
    "stop_verify_s": 3.0
  },
  "port": "/dev/serial/by-id/usb-Master_Tag_BioSpur_BLE_Control_6918E0384172A49F-if00",
  "duration_s": 120.0,
  "elapsed_s": 167.95071005821228,
  "session_dir": "/home/zekaixiao/Desktop/28052026_Erlangen_Official/captures/erlangen_20260528_optitrack/roto_R17_BS2DCE_BSDC91_120s_20260528_135050/tag_capture_20260528_135050",
  "targets": [
    "BS2DCE",
    "BSDC91"
  ],
  "expected_pmode": {
    "BS2DCE": 0,
    "BSDC91": 0
  },
  "expected_freq_hz": {
    "BS2DCE": 10,
    "BSDC91": 10
  },
  "skipped_before_target_pmode": 0,
  "freq_hz": {
    "tr": 10
  },
  "tr_all": 19208,
  "tr_valid_all": 19045,
  "sweep_validity_all": {
    "sweeps_total": 2401,
    "sweeps_with_any_valid": 2401,
    "sweeps_ge4": 2401,
    "sweeps_ge7": 2393,
    "sweeps_ge8": 2246,
    "ratio_ge4": 1.0,
    "ratio_ge7": 0.996668,
    "ratio_ge8": 0.935444,
    "valid_count_distribution": {
      "0": 0,
      "1": 0,
      "2": 0,
      "3": 0,
      "4": 0,
      "5": 0,
      "6": 8,
      "7": 147,
      "8": 2246
    }
  },
  "connections": {},
  "per_tag": {
    "BS2DCE": {
      "tr_rows": 9608,
      "tr_valid_rows": 9552,
      "sweep_validity": {
        "sweeps_total": 1201,
        "sweeps_with_any_valid": 1201,
        "sweeps_ge4": 1201,
        "sweeps_ge7": 1201,
        "sweeps_ge8": 1145,
        "ratio_ge4": 1.0,
        "ratio_ge7": 1.0,
        "ratio_ge8": 0.953372,
        "valid_count_distribution": {
          "0": 0,
          "1": 0,
          "2": 0,
          "3": 0,
          "4": 0,
          "5": 0,
          "6": 0,
          "7": 56,
          "8": 1145
        }
      },
      "latest_tr": {
        "conn_id": null,
        "host_elapsed_s": 119.998466,
        "host_epoch_s": 1779969213.923416,
        "peer_name": "BS2DCE",
        "tag_id": "",
        "sweep": 22344,
        "plan": "f",
        "pmode": 0,
        "anchor_id": 7,
        "raw_mm": 2205,
        "range_mm": 2205,
        "quality_percent": 100,
        "valid": 1,
        "status": "O",
        "quality_flag_percent": 0,
        "first_to_last_us": 0,
        "frame_us": 0,
        "poll_count": 0,
        "tr_version": 2,
        "rx_mask": "",
        "air_us": "",
        "post_us": "",
        "cycle_us": "",
        "rx_seen": "",
        "imu_valid": 0,
        "imu_n": 0,
        "acc_norm_mean_mg": "",
        "acc_norm_std_mg": "",
        "acc_norm_min_mg": "",
        "acc_norm_max_mg": "",
        "imu_skip_count": 0
      },
      "anchors_seen": [
        0,
        1,
        2,
        3,
        4,
        5,
        6,
        7
      ],
      "tr_status_counts": {
        "O": 9552,
        "T": 56
      }
    },
    "BSDC91": {
      "tr_rows": 9600,
      "tr_valid_rows": 9493,
      "sweep_validity": {
        "sweeps_total": 1200,
        "sweeps_with_any_valid": 1200,
        "sweeps_ge4": 1200,
        "sweeps_ge7": 1192,
        "sweeps_ge8": 1101,
        "ratio_ge4": 1.0,
        "ratio_ge7": 0.993333,
        "ratio_ge8": 0.9175,
        "valid_count_distribution": {
          "0": 0,
          "1": 0,
          "2": 0,
          "3": 0,
          "4": 0,
          "5": 0,
          "6": 8,
          "7": 91,
          "8": 1101
        }
      },
      "latest_tr": {
        "conn_id": null,
        "host_elapsed_s": 119.953611,
        "host_epoch_s": 1779969213.87856,
        "peer_name": "BSDC91",
        "tag_id": "",
        "sweep": 22826,
        "plan": "f",
        "pmode": 0,
        "anchor_id": 7,
        "raw_mm": 1801,
        "range_mm": 1801,
        "quality_percent": 100,
        "valid": 1,
        "status": "O",
        "quality_flag_percent": 0,
        "first_to_last_us": 0,
        "frame_us": 0,
        "poll_count": 0,
        "tr_version": 2,
        "rx_mask": "",
        "air_us": "",
        "post_us": "",
        "cycle_us": "",
        "rx_seen": "",
        "imu_valid": 0,
        "imu_n": 0,
        "acc_norm_mean_mg": "",
        "acc_norm_std_mg": "",
        "acc_norm_min_mg": "",
        "acc_norm_max_mg": "",
        "imu_skip_count": 0
      },
      "anchors_seen": [
        0,
        1,
        2,
        3,
        4,
        5,
        6,
        7
      ],
      "tr_status_counts": {
        "O": 9493,
        "T": 107
      }
    }
  },
  "raw_log": "/home/zekaixiao/Desktop/28052026_Erlangen_Official/captures/erlangen_20260528_optitrack/roto_R17_BS2DCE_BSDC91_120s_20260528_135050/tag_capture_20260528_135050/raw.log",
  "tr_all_csv": "/home/zekaixiao/Desktop/28052026_Erlangen_Official/captures/erlangen_20260528_optitrack/roto_R17_BS2DCE_BSDC91_120s_20260528_135050/tag_capture_20260528_135050/tr_all.csv"
}
