PORT=/dev/serial/by-id/usb-BioSpur_BioSpur_BLE_Control_87EA2F4A526C5A02-if00
START=2026-06-02 12:13:26
MASTER=G
PRECHECK: BSxxxx tag quarantine disabled; master/matrix anchors ignore tag polls during sweep
PRECHECK: context session_autopos_ready=1 autopos_initialized=1
PRECHECK: reusing session AUTOPOS state from matrix guard
PRECHECK: reusing existing AUTOPOS map
>>> autopos round G 1010
[AUTOPOS] AUTOPOS round staged: master=G sets=1010
>>> autopos status
[AUTOPOS] AUTOPOS: mode=AUTOPOS state=staged staged=G last_success=F sets=1010 error=-
>>> autopos apply
[AUTOPOS] AUTOPOS apply started
[AUTOPOS] RECV_BG gate: SUPPRESS reason=autopos_detach
[AUTOPOS] AUTOPOS detach skip STOP: finite master auto-returns to matrix sets=1010
[AUTOPOS] RECV_BG gate: ALLOW reason=autopos_detach_done
[AUTOPOS] SCAN start req: bt_ready=1 scan_running=0 connecting_slot=-1 conn_count=8 target=anchor prefix=ANCHOR-
[AUTOPOS] Scanning for ANCHOR-*
[AUTOPOS] AUTOPOS apply mode: incremental
[AUTOPOS] AUTOPOS apply incremental: prev_master=F new_master=G
[AUTOPOS] Master discovery mode: CONN & START
[AUTOPOS] AUTOPOS wait anchor ready: uuid=840C68591E90019821AACFF1B73AAA34 reuse existing ready control link (discovery remains active)
[AUTOPOS] AUTOPOS state: STATE fw=us-hc-exp4-tail900-start5 bs=BS928B uuid=840C68591E90019821AACFF1B73AAA34 label=F role=matrix cfg_valid=1 busy=1 pending_valid=1 schema=2 gen=3 reboot_required=0
[AUTOPOS] AUTOPOS state: STATE fw=us-hc-exp4-tail900-start5 bs=BS928B uuid=840C68591E90019821AACFF1B73AAA34 label=F role=matrix cfg_valid=1 busy=1 pending_valid=1 schema=2 gen=3 reboot_required=0
[AUTOPOS] AUTOPOS anchor F already active role=matrix cfg_valid=1; keeping current config
[AUTOPOS] AUTOPOS anchor F role verified
[AUTOPOS] Master discovery mode: CONN & START
[AUTOPOS] AUTOPOS wait anchor ready: uuid=B3087BC3D87CCCD316AEDC6B71D6677F reuse existing ready control link (discovery remains active)
[AUTOPOS] AUTOPOS state: STATE fw=us-hc-exp4-tail900-start5 bs=BSEC88 uuid=B3087BC3D87CCCD316AEDC6B71D6677F label=G role=matrix cfg_valid=1 busy=1 pending_valid=1 schema=2 gen=3 reboot_required=0
[AUTOPOS] AUTOPOS state: STATE fw=us-hc-exp4-tail900-start5 bs=BSEC88 uuid=B3087BC3D87CCCD316AEDC6B71D6677F label=G role=matrix cfg_valid=1 busy=1 pending_valid=1 schema=2 gen=3 reboot_required=0
[AUTOPOS] BLE cmd skip[0]: target mismatch kind=anchor target_name=- target_uuid=B3087BC3D87CCCD316AEDC6B71D6677F peer_name=- peer_bs=- peer_uuid=840C68591E90019821AACFF1B73AAA34 link=anchor-ctrl ready=1
[AUTOPOS] Anchor ctrl sent[1]: RUNTIME MASTER SWEEP 1010 uuid=B3087BC3D87CCCD316AEDC6B71D6677F
[AUTOPOS] BLE cmd skip[2]: target mismatch kind=anchor target_name=- target_uuid=B3087BC3D87CCCD316AEDC6B71D6677F peer_name=- peer_bs=- peer_uuid=B2B5FA625534A8C617135DCAFC9E036A link=anchor-ctrl ready=1
[AUTOPOS] BLE cmd skip[3]: target mismatch kind=anchor target_name=- target_uuid=B3087BC3D87CCCD316AEDC6B71D6677F peer_name=- peer_bs=- peer_uuid=CEE5A7EFCB35F8A56B430047629F5309 link=anchor-ctrl ready=1
[AUTOPOS] BLE cmd skip[4]: target mismatch kind=anchor target_name=- target_uuid=B3087BC3D87CCCD316AEDC6B71D6677F peer_name=- peer_bs=- peer_uuid=F3BB7A04104F9CB8561DDDACB9E53714 link=anchor-ctrl ready=1
[AUTOPOS] BLE cmd skip[5]: target mismatch kind=anchor target_name=- target_uuid=B3087BC3D87CCCD316AEDC6B71D6677F peer_name=- peer_bs=- peer_uuid=B1E487C2B1FD740D1442206A1857DFA1 link=anchor-ctrl ready=1
[AUTOPOS] BLE cmd skip[6]: target mismatch kind=anchor target_name=- target_uuid=B3087BC3D87CCCD316AEDC6B71D6677F peer_name=- peer_bs=- peer_uuid=B9179575C776C98F1CB132DD6EDC6223 link=anchor-ctrl ready=1
[AUTOPOS] BLE cmd skip[7]: target mismatch kind=anchor target_name=- target_uuid=B3087BC3D87CCCD316AEDC6B71D6677F peer_name=- peer_bs=- peer_uuid=A892AF05DD59CF0D0D3408AD74F364A1 link=anchor-ctrl ready=1
[AUTOPOS] ANCHOR_CTRL[1] notify: OK RUNTIME_SWITCH_REQUESTED SWEEP=1010
[AUTOPOS] AUTOPOS result: OK RUNTIME_SWITCH_REQUESTED SWEEP=1010
[AUTOPOS] SW-G warmup discard 1/10 minq=0
[AUTOPOS] AUTOPOS state: STATE fw=us-hc-exp4-tail900-start5 bs=BSEC88 uuid=B3087BC3D87CCCD316AEDC6B71D6677F label=G role=master cfg_valid=1 busy=1 pending_valid=1 schema=2 gen=3 reboot_required=0
[AUTOPOS] AUTOPOS anchor G role verified
[AUTOPOS] AUTOPOS apply success: master=G
[AUTOPOS] AUTOPOS finite sweep handoff: master=G sets=1010; host waits for SWEEP_DONE
[AUTOPOS] SW-G warmup discard 2/10 minq=100
[AUTOPOS] SW-G warmup discard 3/10 minq=66
[AUTOPOS] SW-G warmup discard 4/10 minq=75
[AUTOPOS] SW-G warmup discard 5/10 minq=66
[AUTOPOS] SW-G warmup discard 6/10 minq=71
[AUTOPOS] SW-G warmup discard 7/10 minq=75
[AUTOPOS] SW-G warmup discard 8/10 minq=62
[AUTOPOS] SW-G warmup discard 9/10 minq=55
[AUTOPOS] SW-G warmup discard 10/10 minq=60
[AUTOPOS] SW-G,A,5143,90,B,3654,80,C,1549,63,D,4008,90,E,4798,81,F,3328,75,H,3578,63
[AUTOPOS] SW-G,A,5064,91,B,3667,81,C,1543,66,D,3986,91,E,4790,83,F,3393,76,H,3612,66
[AUTOPOS] SW-G,A,5115,92,B,3650,83,C,1575,69,D,3936,92,E,4790,83,F,3387,78,H,3607,69
[AUTOPOS] SW-G,A,5115,92,B,3620,84,C,1531,71,D,4000,92,E,4790,83,F,3374,80,H,3607,69
[AUTOPOS] SW-G,A,5088,86,B,3660,85,C,1531,71,D,4020,93,E,4806,73,F,3384,81,H,3642,66
[AUTOPOS] SW-G,A,5094,87,B,3651,86,C,1545,68,D,4020,93,E,4813,75,F,3384,81,H,3648,68
[AUTOPOS] SW-G,A,5107,88,B,3679,87,C,1542,70,D,3974,88,E,4813,75,F,3390,77,H,3621,70
[AUTOPOS] SW-G,A,5107,88,B,3683,88,C,1542,70,D,3967,88,E,4813,75,F,3368,78,H,3621,70
[AUTOPOS] SW-G,A,5107,88,B,3654,88,C,1539,68,D,4002,89,E,4763,65,F,3371,80,H,3621,68
[AUTOPOS] SW-G,A,5071,80,B,3676,89,C,1546,70,D,3998,90,E,4774,66,F,3385,80,H,3587,70
[AUTOPOS] SW-G,A,5139,80,B,3693,90,C,1546,70,D,4009,90,E,4834,68,F,3387,81,H,3587,70
[AUTOPOS] SW-G,A,5086,81,B,3626,90,C,1546,70,D,3961,90,E,4788,69,F,3330,82,H,3587,70
[AUTOPOS] SW-G,A,5099,82,B,3707,90,C,1546,70,D,3944,91,E,4788,69,F,3359,83,H,3594,65
[AUTOPOS] SW-G,A,5056,83,B,3659,91,C,1546,62,D,3944,91,E,4789,68,F,3369,84,H,3607,66
[AUTOPOS] SW-G,A,5121,84,B,3643,91,C,1562,64,D,3984,88,E,4829,69,F,3365,84,H,3616,65
[AUTOPOS] SW-G,A,5043,84,B,3667,92,C,1537,65,D,3977,88,E,4800,70,F,3359,85,H,3577,66
[AUTOPOS] SW-G,A,5109,85,B,3663,92,C,1542,66,D,3950,88,E,4800,70,F,3389,85,H,3618,67
[AUTOPOS] SW-G,A,5115,85,B,3663,92,C,1600,67,D,3974,89,E,4773,68,F,3389,85,H,3634,68
[AUTOPOS] SW-G,A,5086,86,B,3663,92,C,1544,68,D,3974,89,E,4828,70,F,3371,80,H,3621,67
[AUTOPOS] SW-G,A,5076,86,B,3654,86,C,1541,70,D,4008,86,E,4798,70,F,3388,81,H,3648,68
[AUTOPOS] SW-G,A,5102,87,B,3661,86,C,1533,70,D,4047,87,E,4754,71,F,3366,82,H,3599,70
[AUTOPOS] SW-G,A,5145,87,B,3678,87,C,1542,71,D,4000,88,E,4754,71,F,3353,83,H,3646,72
[AUTOPOS] SW-G,A,5101,83,B,3638,87,C,1562,76,D,4000,88,E,4787,72,F,3363,84,H,3632,73
[AUTOPOS] SW-G,A,5104,84,B,3640,88,C,1562,76,D,3967,84,E,4818,73,F,3360,85,H,3589,75
[AUTOPOS] SW-G,A,5104,84,B,3705,88,C,1521,73,D,3974,85,E,4818,73,F,3374,85,H,3586,76
[AUTOPOS] SW-G,A,5104,84,B,3643,89,C,1520,75,D,4012,85,E,4818,73,F,3369,86,H,3570,77
[AUTOPOS] SW-G,A,5104,84,B,3625,90,C,1558,76,D,3978,86,E,4818,73,F,3370,83,H,3668,78
[AUTOPOS] SW-G,A,5083,73,B,3625,90,C,1534,77,D,3978,86,E,4789,65,F,3370,83,H,3615,79
[AUTOPOS] SW-G,A,5107,75,B,3615,86,C,1531,78,D,3977,83,E,4760,66,F,3365,80,H,3606,80
[AUTOPOS] SW-G,A,5086,76,B,3615,86,C,1509,79,D,3977,83,E,4833,68,F,3365,80,H,3608,80
[AUTOPOS] SW-G,A,5057,76,B,3659,83,C,1555,80,D,3977,83,E,4785,69,F,3371,78,H,3625,81
[AUTOPOS] SW-G,A,5085,77,B,3687,84,C,1522,80,D,3998,77,E,4815,70,F,3345,79,H,3579,82
[AUTOPOS] SW-G,A,5085,77,B,3680,84,C,1538,81,D,3994,78,E,4815,70,F,3377,80,H,3579,82
[AUTOPOS] SW-G,A,5096,75,B,3661,85,C,1538,81,D,3979,79,E,4809,68,F,3369,80,H,3632,80
[AUTOPOS] SW-G,A,5152,76,B,3690,85,C,1540,79,D,4021,80,E,4807,70,F,3313,81,H,3591,80
[AUTOPOS] SW-G,A,5152,76,B,3636,86,C,1538,80,D,3947,80,E,4807,70,F,3384,82,H,3652,81
[AUTOPOS] SW-G,A,5152,76,B,3637,86,C,1544,80,D,3989,81,E,4791,68,F,3332,83,H,3617,82
[AUTOPOS] SW-G,A,5128,76,B,3648,84,C,1544,80,D,4002,82,E,4803,70,F,3388,84,H,3669,83
[AUTOPOS] SW-G,A,5129,77,B,3656,88,C,1561,82,D,4006,83,E,4795,72,F,3388,84,H,3624,84
[AUTOPOS] SW-G,A,5128,78,B,3671,88,C,1518,83,D,3958,84,E,4808,73,F,3388,84,H,3596,85
[AUTOPOS] SW-G,A,5118,80,B,3671,88,C,1528,84,D,3993,85,E,4761,75,F,3388,84,H,3638,85
[AUTOPOS] SW-G,A,5041,80,B,3671,88,C,1523,85,D,3955,85,E,4792,76,F,3388,84,H,3653,86
[AUTOPOS] SW-G,A,5101,81,B,3671,88,C,1528,85,D,4009,86,E,4754,77,F,3350,70,H,3648,86
[AUTOPOS] SW-G,A,5101,82,B,3650,77,C,1528,85,D,3996,86,E,4754,77,F,3345,72,H,3648,86
[AUTOPOS] SW-G,A,5101,82,B,3638,78,C,1528,85,D,3978,87,E,4771,75,F,3389,73,H,3617,80
[AUTOPOS] SW-G,A,5073,80,B,3631,79,C,2041,79,D,3988,88,E,4831,76,F,3331,74,H,3636,81
[AUTOPOS] SW-G,A,5053,80,B,3627,80,C,1531,80,D,3978,88,E,4831,76,F,3352,75,H,3577,82
[AUTOPOS] SW-G,A,5069,81,B,3659,80,C,1538,80,D,3986,88,E,4830,74,F,3379,75,H,3654,82
[AUTOPOS] SW-G,A,5122,82,B,3688,81,C,1536,81,D,4012,89,E,4790,75,F,3358,76,H,3644,83
[AUTOPOS] SW-G,A,5122,82,B,3650,82,C,1578,82,D,4044,89,E,4774,75,F,3389,77,H,3644,83
[AUTOPOS] SW-G,A,5122,82,B,3648,82,C,1578,82,D,3992,90,E,4802,76,F,3354,78,H,3628,81
[AUTOPOS] SW-G,A,5122,82,B,3628,83,C,1517,80,D,3969,90,E,4802,76,F,3349,82,H,3602,82
[AUTOPOS] SW-G,A,5122,82,B,3666,83,C,1522,80,D,3950,90,E,4802,76,F,3361,83,H,3570,83
[AUTOPOS] SW-G,A,5088,72,B,3640,82,C,1522,80,D,4001,94,E,4802,76,F,3351,84,H,3659,80
[AUTOPOS] SW-G,A,5108,73,B,3635,83,C,1527,82,D,3982,94,E,4811,72,F,3422,85,H,3592,80
[AUTOPOS] SW-G,A,5108,73,B,3642,84,C,1580,83,D,3973,94,E,4786,70,F,3360,85,H,3584,81
[AUTOPOS] SW-G,A,5058,71,B,3670,85,C,1559,84,D,3956,95,E,4854,71,F,3363,86,H,3623,79
[AUTOPOS] SW-G,A,5039,72,B,3650,85,C,1613,85,D,3973,95,E,4808,72,F,3356,86,H,3588,80
[AUTOPOS] SW-G,A,5136,73,B,3641,86,C,1517,85,D,3998,95,E,4808,72,F,3328,87,H,3635,80
[AUTOPOS] SW-G,A,5136,73,B,3648,86,C,1588,86,D,3991,95,E,4808,72,F,3386,88,H,3627,81
[AUTOPOS] SW-G,A,5136,73,B,3681,87,C,1565,86,D,4020,95,E,4792,68,F,3344,88,H,3659,82
[AUTOPOS] SW-G,A,5132,69,B,3672,88,C,1552,87,D,3960,96,E,4796,69,F,3333,88,H,3532,82
[AUTOPOS] SW-G,A,5122,70,B,3637,88,C,1552,87,D,3974,96,E,4794,70,F,3391,89,H,3615,83
[AUTOPOS] SW-G,A,5074,71,B,3637,88,C,1576,84,D,3974,96,E,4812,71,F,3387,89,H,3641,83
[AUTOPOS] SW-G,A,5058,72,B,3626,85,C,1584,82,D,3974,96,E,4826,72,F,3351,90,H,3629,84
[AUTOPOS] SW-G,A,5102,73,B,3657,86,C,1584,82,D,3955,89,E,4826,72,F,3373,90,H,3629,84
[AUTOPOS] SW-G,A,5150,74,B,3620,86,C,1539,80,D,4002,90,E,4812,70,F,3347,90,H,3642,83
[AUTOPOS] SW-G,A,5150,74,B,3665,87,C,1503,80,D,3974,90,E,4812,70,F,3397,94,H,3642,83
[AUTOPOS] SW-G,A,5113,76,B,3619,87,C,1535,81,D,3963,90,E,4810,70,F,3393,94,H,3649,80
[AUTOPOS] SW-G,A,5044,77,B,3622,88,C,1511,82,D,4003,94,E,4813,72,F,3336,94,H,3644,80
[AUTOPOS] SW-G,A,5159,78,B,3662,84,C,1649,83,D,3963,94,E,4784,73,F,3398,95,H,3634,81
[AUTOPOS] SW-G,A,5095,80,B,3653,85,C,1583,84,D,3959,94,E,4766,75,F,3386,95,H,3606,82
[AUTOPOS] SW-G,A,5053,80,B,3634,85,C,1521,85,D,3972,95,E,4842,76,F,3382,95,H,3607,83
[AUTOPOS] SW-G,A,5053,80,B,3645,86,C,1505,85,D,4013,95,E,4842,76,F,3404,95,H,3607,83
[AUTOPOS] SW-G,A,5087,75,B,3630,86,C,1607,86,D,3975,95,E,4801,73,F,3371,95,H,3652,80
[AUTOPOS] SW-G,A,5094,76,B,3633,87,C,1573,86,D,3975,95,E,4792,72,F,3317,96,H,3650,81
[AUTOPOS] SW-G,A,5094,76,B,3661,88,C,1573,86,D,3990,91,E,4793,73,F,3360,96,H,3645,82
[AUTOPOS] SW-G,A,5046,74,B,3655,88,C,1567,84,D,4001,88,E,4823,74,F,3383,96,H,3646,82
[AUTOPOS] SW-G,A,5050,72,B,3639,88,C,1531,84,D,4010,88,E,4833,75,F,3366,96,H,3654,83
[AUTOPOS] SW-G,A,5130,73,B,3663,89,C,1517,85,D,3991,89,E,4833,75,F,3377,96,H,3629,83
[AUTOPOS] SW-G,A,5130,73,B,3650,89,C,1510,85,D,4000,89,E,4833,75,F,3385,96,H,3621,84
[AUTOPOS] SW-G,A,5130,73,B,3665,90,C,1552,86,D,3972,90,E,4833,75,F,3348,96,H,3601,88
[AUTOPOS] SW-G,A,5130,73,B,3637,90,C,1564,86,D,4034,90,E,4763,68,F,3383,96,H,3601,88
[AUTOPOS] SW-G,A,5025,66,B,3605,90,C,1564,86,D,4031,90,E,4793,70,F,3371,100,H,3657,84
[AUTOPOS] SW-G,A,5075,68,B,3658,94,C,1528,84,D,3987,94,E,4782,72,F,3326,100,H,3557,85
[AUTOPOS] SW-G,A,5076,70,B,3642,94,C,1590,88,D,4023,94,E,4805,73,F,3381,100,H,3643,85
[AUTOPOS] SW-G,A,5118,71,B,3642,94,C,1527,88,D,4000,94,E,4822,71,F,3358,95,H,3643,85
[AUTOPOS] SW-G,A,5077,72,B,3669,95,C,1527,89,D,3964,95,E,4789,72,F,3366,95,H,3571,82
[AUTOPOS] SW-G,A,5077,72,B,3633,95,C,1534,90,D,3999,95,E,4802,73,F,3374,95,H,3639,83
[AUTOPOS] SW-G,A,5077,70,B,3662,95,C,1534,90,D,4011,95,E,4802,73,F,3370,95,H,3550,80
[AUTOPOS] SW-G,A,5084,72,B,3699,95,C,1601,86,D,3975,95,E,4802,73,F,3359,96,H,3537,81
[AUTOPOS] SW-G,A,5084,72,B,3627,95,C,1540,86,D,3975,95,E,4828,69,F,3359,96,H,3657,82
[AUTOPOS] SW-G,A,5082,70,B,3652,96,C,1562,87,D,3977,92,E,4780,67,F,3336,92,H,3643,82
[AUTOPOS] SW-G,A,5083,71,B,3653,96,C,1562,87,D,4001,92,E,4789,68,F,3391,92,H,3643,82
[AUTOPOS] SW-G,A,5047,72,B,3653,96,C,1565,84,D,4005,92,E,4816,70,F,3340,93,H,3658,80
[AUTOPOS] SW-G,A,5105,73,B,3647,96,C,1562,85,D,4000,92,E,4816,70,F,3381,93,H,3617,81
[AUTOPOS] SW-G,A,5079,74,B,3647,96,C,1548,85,D,3945,93,E,4803,68,F,3381,93,H,3573,82
[AUTOPOS] SW-G,A,5124,75,B,3647,96,C,1570,86,D,4003,93,E,4790,70,F,3381,93,H,3615,83
[AUTOPOS] SW-G,A,5108,76,B,3647,96,C,1551,86,D,4003,93,E,4785,72,F,3369,88,H,3653,84
[AUTOPOS] SW-G,A,5059,77,B,3626,87,C,1551,86,D,3995,93,E,4785,72,F,3349,88,H,3653,84
[AUTOPOS] SW-G,A,5059,77,B,3650,88,C,1551,86,D,3991,94,E,4785,72,F,3346,89,H,3602,80
[AUTOPOS] SW-G,A,5136,75,B,3636,88,C,1534,82,D,3991,94,E,4845,66,F,3346,89,H,3606,81
[AUTOPOS] SW-G,A,5105,76,B,3662,85,C,1519,83,D,3956,89,E,4751,65,F,3391,81,H,3606,81
[AUTOPOS] SW-G,A,5124,77,B,3653,85,C,1573,84,D,3992,90,E,4856,66,F,3375,82,H,3563,79
[AUTOPOS] SW-G,A,5070,78,B,3606,86,C,1523,85,D,3962,90,E,4772,68,F,3319,83,H,3666,80
[AUTOPOS] SW-G,A,5047,79,B,3643,86,C,1536,85,D,3962,90,E,4766,69,F,3319,83,H,3622,80
[AUTOPOS] SW-G,A,5101,80,B,3643,86,C,1513,86,D,3962,90,E,4779,70,F,3400,80,H,3611,81
[AUTOPOS] SW-G,A,5078,80,B,3657,84,C,1513,86,D,3976,83,E,4779,70,F,3342,81,H,3576,82
[AUTOPOS] SW-G,A,5078,80,B,3647,84,C,1493,83,D,3965,84,E,4779,70,F,3363,82,H,3643,82
[AUTOPOS] SW-G,A,5078,80,B,3625,85,C,1523,84,D,4018,84,E,4779,70,F,3346,82,H,3643,82
[AUTOPOS] SW-G,A,5077,75,B,3653,85,C,1538,84,D,3952,85,E,4779,70,F,3364,83,H,3643,82
[AUTOPOS] SW-G,A,5077,75,B,3625,86,C,1538,84,D,3954,85,E,4779,70,F,3358,83,H,3643,82
[AUTOPOS] SW-G,A,5078,74,B,3667,86,C,1599,82,D,3975,86,E,4779,70,F,3402,84,H,3643,82
[AUTOPOS] SW-G,A,5078,74,B,3668,87,C,1557,82,D,3947,86,E,4779,70,F,3349,88,H,3581,72
[AUTOPOS] SW-G,A,5108,72,B,3635,87,C,1523,83,D,4048,87,E,4792,57,F,3365,88,H,3581,72
[AUTOPOS] SW-G,A,5108,72,B,3662,88,C,1523,83,D,3979,87,E,4792,57,F,3343,89,H,3581,72
[AUTOPOS] SW-G,A,5108,72,B,3625,88,C,1570,81,D,4004,88,E,4798,57,F,3394,90,H,3634,66
[AUTOPOS] SW-G,A,5076,66,B,3633,89,C,1558,82,D,3975,88,E,4798,57,F,3355,90,H,3634,66
[AUTOPOS] SW-G,A,5076,66,B,3651,90,C,1558,82,D,3978,89,E,4798,57,F,3390,90,H,3634,66
[AUTOPOS] SW-G,A,5076,66,B,3626,90,C,1476,78,D,3966,90,E,4791,54,F,3392,91,H,3634,66
[AUTOPOS] SW-G,A,5055,62,B,3630,90,C,1521,80,D,3991,90,E,4778,56,F,3356,91,H,3646,60
[AUTOPOS] SW-G,A,5055,62,B,3632,91,C,1521,80,D,3998,90,E,4778,56,F,3332,92,H,3646,60
[AUTOPOS] SW-G,A,5055,62,B,3648,91,C,1521,80,D,4024,91,E,4778,56,F,3344,92,H,3646,60
[AUTOPOS] SW-G,A,5041,59,B,3650,92,C,1560,73,D,4005,91,E,4799,53,F,3368,92,H,3629,57
[AUTOPOS] SW-G,A,5053,60,B,3633,92,C,1560,73,D,3961,92,E,4799,53,F,3348,92,H,3614,58
[AUTOPOS] SW-G,A,5053,60,B,3629,92,C,1514,72,D,3974,92,E,4797,53,F,3384,93,H,3636,60
[AUTOPOS] SW-G,A,5126,60,B,3626,92,C,1514,72,D,4003,92,E,4780,54,F,3367,93,H,3570,61
[AUTOPOS] SW-G,A,5111,61,B,3646,93,C,1560,70,D,3969,92,E,4838,56,F,3376,93,H,3617,62
[AUTOPOS] SW-G,A,5117,62,B,3616,93,C,1527,71,D,4020,93,E,4821,58,F,3349,93,H,3671,64
[AUTOPOS] SW-G,A,5137,64,B,3634,93,C,1583,72,D,4013,93,E,4804,61,F,3349,93,H,3580,66
[AUTOPOS] SW-G,A,5089,66,B,3655,93,C,1495,73,D,3982,93,E,4792,63,F,3379,84,H,3582,68
[AUTOPOS] SW-G,A,5089,66,B,3654,94,C,1553,74,D,3963,93,E,4820,65,F,3349,85,H,3630,70
[AUTOPOS] SW-G,A,5100,65,B,3625,94,C,1541,75,D,3971,94,E,4829,66,F,3371,85,H,3619,71
[AUTOPOS] SW-G,A,5111,66,B,3651,94,C,1517,76,D,3986,94,E,4812,68,F,3380,86,H,3557,72
[AUTOPOS] SW-G,A,5111,66,B,3635,95,C,1530,77,D,3986,94,E,4789,69,F,3380,86,H,3636,73
[AUTOPOS] SW-G,A,5113,65,B,3672,95,C,1598,78,D,3986,94,E,4785,70,F,3380,86,H,3551,75
[AUTOPOS] SW-G,A,5051,66,B,3641,95,C,1525,80,D,3988,85,E,4752,72,F,3336,80,H,3645,76
[AUTOPOS] SW-G,A,5080,68,B,3661,95,C,1508,80,D,3992,86,E,4752,72,F,3357,80,H,3610,76
[AUTOPOS] SW-G,A,5097,69,B,3620,95,C,1531,81,D,3983,86,E,4752,72,F,3356,81,H,3610,76
[AUTOPOS] SW-G,A,5097,69,B,3646,96,C,1518,82,D,4026,87,E,4752,72,F,3384,82,H,3610,76
[AUTOPOS] SW-G,A,5097,69,B,3646,96,C,1509,83,D,3977,88,E,4752,72,F,3393,82,H,3610,76
[AUTOPOS] SW-G,A,5097,69,B,3607,96,C,1509,83,D,3971,88,E,4752,72,F,3334,83,H,3534,70
[AUTOPOS] SW-G,A,5097,69,B,3614,96,C,1590,80,D,4028,88,E,4841,61,F,3355,83,H,3602,70
[AUTOPOS] SW-G,A,5115,61,B,3623,96,C,1496,81,D,3993,89,E,4862,62,F,3368,84,H,3639,71
[AUTOPOS] SW-G,A,5121,62,B,3623,96,C,1580,82,D,3993,89,E,4804,64,F,3368,84,H,3650,76
[AUTOPOS] SW-G,A,5099,64,B,3630,93,C,1561,82,D,3987,86,E,4835,66,F,3349,83,H,3624,77
[AUTOPOS] SW-G,A,5077,66,B,3641,93,C,1598,83,D,3964,87,E,4835,66,F,3389,84,H,3675,78
[AUTOPOS] SW-G,A,5105,68,B,3641,93,C,1512,83,D,3964,87,E,4780,65,F,3389,84,H,3602,80
[AUTOPOS] SW-G,A,5085,70,B,3641,93,C,1515,84,D,3962,88,E,4753,66,F,3382,80,H,3592,80
[AUTOPOS] SW-G,A,5122,71,B,3612,84,C,1581,88,D,3991,88,E,4861,68,F,3364,81,H,3592,80
[AUTOPOS] SW-G,A,5082,72,B,3622,85,C,1581,88,D,3993,89,E,4861,68,F,3362,82,H,3592,80
[AUTOPOS] SW-G,A,5082,72,B,3637,85,C,1525,84,D,3975,90,E,4776,66,F,3373,83,H,3627,75
[AUTOPOS] SW-G,A,5098,70,B,3636,86,C,1578,85,D,3987,90,E,4776,66,F,3374,84,H,3627,75
[AUTOPOS] SW-G,A,5098,70,B,3679,86,C,1578,85,D,3956,90,E,4783,65,F,3388,84,H,3626,73
[AUTOPOS] SW-G,A,5125,69,B,3627,87,C,1520,81,D,3956,90,E,4810,66,F,3388,84,H,3617,74
[AUTOPOS] SW-G,A,5094,70,B,3643,88,C,1576,82,D,4011,84,E,4810,66,F,3360,82,H,3617,74
[AUTOPOS] SW-G,A,5094,70,B,3644,88,C,1575,83,D,4021,84,E,4798,65,F,3387,82,H,3605,72
[AUTOPOS] SW-G,A,5094,70,B,3653,88,C,1620,84,D,4000,85,E,4798,65,F,3363,83,H,3605,72
[AUTOPOS] SW-G,A,5094,70,B,3625,89,C,1494,84,D,3983,85,E,4798,65,F,3371,83,H,3605,72
[AUTOPOS] SW-G,A,5094,70,B,3657,89,C,1535,85,D,3975,86,E,4830,64,F,3371,83,H,3576,68
[AUTOPOS] SW-G,A,5056,62,B,3643,87,C,1523,85,D,3971,86,E,4830,64,F,3375,82,H,3576,68
[AUTOPOS] SW-G,A,5121,64,B,3656,87,C,1523,85,D,4016,87,E,4830,64,F,3372,83,H,3669,66
[AUTOPOS] SW-G,A,5121,64,B,3672,88,C,1516,83,D,4027,87,E,4830,64,F,3382,84,H,3669,66
[AUTOPOS] SW-G,A,5074,63,B,3629,88,C,1510,83,D,3938,88,E,4830,64,F,3399,85,H,3669,66
[AUTOPOS] SW-G,A,5074,63,B,3628,89,C,1559,84,D,3984,88,E,4797,54,F,3349,85,H,3540,61
[AUTOPOS] SW-G,A,5056,61,B,3640,90,C,1540,88,D,3968,89,E,4797,54,F,3368,86,H,3647,63
[AUTOPOS] SW-G,A,5056,61,B,3625,90,C,1502,88,D,4013,90,E,4857,54,F,3368,86,H,3588,65
[AUTOPOS] SW-G,A,5139,60,B,3678,90,C,1520,89,D,3960,90,E,4807,56,F,3402,83,H,3612,66
[AUTOPOS] SW-G,A,5023,62,B,3635,91,C,1538,90,D,3960,90,E,4780,57,F,3402,83,H,3597,68
[AUTOPOS] SW-G,A,5067,64,B,3635,91,C,1522,90,D,3976,86,E,4830,59,F,3404,80,H,3604,69
[AUTOPOS] SW-G,A,5145,65,B,3643,88,C,1517,90,D,3964,87,E,4830,59,F,3406,81,H,3583,70
[AUTOPOS] SW-G,A,5078,66,B,3626,88,C,1616,91,D,3994,88,E,4830,59,F,3388,82,H,3583,70
[AUTOPOS] SW-G,A,5078,66,B,3618,88,C,1616,91,D,3967,88,E,4830,59,F,3383,82,H,3583,70
[AUTOPOS] SW-G,A,5078,66,B,3641,89,C,1519,88,D,4008,88,E,4786,53,F,3383,82,H,3557,66
[AUTOPOS] SW-G,A,5119,63,B,3647,89,C,1523,88,D,4008,88,E,4774,58,F,3383,82,H,3622,67
[AUTOPOS] SW-G,A,5102,64,B,3644,90,C,1521,88,D,4008,88,E,4826,61,F,3383,82,H,3631,68
[AUTOPOS] SW-G,A,5023,65,B,3626,90,C,1629,89,D,3973,83,E,4760,63,F,3356,76,H,3562,70
[AUTOPOS] SW-G,A,5113,70,B,3648,90,C,1540,89,D,3979,83,E,4853,65,F,3381,77,H,3629,68
[AUTOPOS] SW-G,A,5110,72,B,3635,94,C,1540,89,D,3989,84,E,4853,65,F,3369,78,H,3604,70
[AUTOPOS] SW-G,A,5110,72,B,3640,94,C,1510,87,D,3954,88,E,4853,65,F,3365,80,H,3604,70
[AUTOPOS] SW-G,A,5110,72,B,3620,94,C,1527,87,D,3979,88,E,4867,60,F,3371,80,H,3586,68
[AUTOPOS] SW-G,A,5056,66,B,3685,95,C,1528,88,D,4004,89,E,4834,62,F,3370,81,H,3638,69
[AUTOPOS] SW-G,A,5056,66,B,3657,95,C,1603,88,D,4015,90,E,4773,61,F,3330,82,H,3565,70
[AUTOPOS] SW-G,A,5110,65,B,3624,95,C,1603,88,D,3950,90,E,4773,61,F,3378,83,H,3565,70
[AUTOPOS] SW-G,A,5110,65,B,3660,95,C,1521,85,D,3953,90,E,4788,60,F,3373,84,H,3609,69
[AUTOPOS] SW-G,A,5110,65,B,3651,95,C,1570,85,D,3950,91,E,4788,60,F,3351,84,H,3609,69
[AUTOPOS] SW-G,A,5110,65,B,3635,96,C,1507,86,D,3949,91,E,4760,60,F,3321,85,H,3594,67
[AUTOPOS] SW-G,A,5097,57,B,3636,96,C,1551,86,D,3994,92,E,4816,61,F,3321,85,H,3621,68
[AUTOPOS] SW-G,A,5119,58,B,3623,96,C,1557,87,D,3990,92,E,4789,62,F,3361,80,H,3621,68
[AUTOPOS] SW-G,A,5119,58,B,3686,96,C,1557,87,D,3994,92,E,4789,62,F,3344,80,H,3621,68
[AUTOPOS] SW-G,A,5119,58,B,3631,96,C,1552,84,D,3963,92,E,4740,57,F,3344,80,H,3574,65
[AUTOPOS] SW-G,A,5078,56,B,3631,96,C,1558,85,D,3968,93,E,4757,60,F,3344,80,H,3602,70
[AUTOPOS] SW-G,A,5101,58,B,3616,93,C,1540,85,D,3968,93,E,4844,61,F,3344,80,H,3622,72
[AUTOPOS] SW-G,A,5099,61,B,3667,93,C,1492,86,D,4031,90,E,4773,63,F,3347,73,H,3627,73
[AUTOPOS] SW-G,A,5099,61,B,3633,94,C,1534,86,D,3973,90,E,4773,63,F,3370,75,H,3617,75
[AUTOPOS] SW-G,A,5099,61,B,3670,94,C,1590,87,D,3962,94,E,4773,63,F,3374,76,H,3617,75
[AUTOPOS] SW-G,A,5099,61,B,3651,94,C,1549,87,D,3992,94,E,4791,60,F,3380,77,H,3588,72
[AUTOPOS] SW-G,A,5107,54,B,3619,95,C,1543,88,D,3964,94,E,4791,60,F,3376,78,H,3588,72
[AUTOPOS] SW-G,A,5107,54,B,3639,95,C,1554,84,D,3964,94,E,4859,59,F,3376,78,H,3607,70
[AUTOPOS] SW-G,A,5085,54,B,3641,95,C,1523,85,D,3964,94,E,4768,60,F,3376,78,H,3650,72
[AUTOPOS] SW-G,A,5124,56,B,3636,95,C,1545,85,D,3990,86,E,4851,62,F,3388,73,H,3637,73
[AUTOPOS] SW-G,A,5101,57,B,3621,95,C,1508,86,D,3990,86,E,4844,63,F,3388,73,H,3566,74
[AUTOPOS] SW-G,A,5085,59,B,3673,96,C,1483,86,D,3990,86,E,4788,64,F,3371,71,H,3622,75
[AUTOPOS] SW-G,A,5061,60,B,3650,96,C,1497,87,D,3990,86,E,4807,65,F,3371,71,H,3631,75
[AUTOPOS] SW-G,A,5044,62,B,3672,96,C,1577,88,D,3990,86,E,4764,70,F,3351,67,H,3613,76
[AUTOPOS] SW-G,A,5044,62,B,3659,96,C,1531,88,D,4003,74,E,4764,70,F,3381,68,H,3613,76
[AUTOPOS] SW-G,A,5044,62,B,3647,96,C,1531,88,D,4026,75,E,4764,70,F,3379,70,H,3583,75
[AUTOPOS] SW-G,A,5044,62,B,3627,96,C,1589,85,D,4000,75,E,4764,70,F,3380,72,H,3583,75
[AUTOPOS] SW-G,A,5044,62,B,3684,96,C,1510,86,D,3960,76,E,4764,70,F,3345,73,H,3583,75
[AUTOPOS] SW-G,A,5044,62,B,3654,96,C,1510,86,D,3964,77,E,4824,59,F,3356,75,H,3649,68
[AUTOPOS] SW-G,A,5016,52,B,3666,100,C,1551,83,D,3964,77,E,4867,60,F,3370,76,H,3631,70
[AUTOPOS] SW-G,A,5093,55,B,3659,100,C,1547,84,D,3998,76,E,4830,62,F,3391,77,H,3680,71
[AUTOPOS] SW-G,A,5093,57,B,3659,100,C,1491,88,D,3998,76,E,4815,64,F,3391,77,H,3590,72
[AUTOPOS] SW-G,A,5040,59,B,3659,100,C,1515,84,D,3958,73,E,4877,65,F,3354,75,H,3634,73
[AUTOPOS] SW-G,A,5051,60,B,3666,90,C,1549,85,D,3926,75,E,4800,66,F,3384,76,H,3643,75
[AUTOPOS] SW-G,A,5051,60,B,3666,90,C,1508,85,D,3983,76,E,4842,67,F,3373,76,H,3660,76
[AUTOPOS] SW-G,A,5076,60,B,3605,91,C,1590,86,D,3986,77,E,4856,68,F,3370,77,H,3558,74
[AUTOPOS] SW-G,A,5062,61,B,3626,91,C,1590,86,D,3989,78,E,4856,68,F,3358,78,H,3620,75
[AUTOPOS] SW-G,A,5062,61,B,3625,88,C,1564,83,D,3971,79,E,4758,65,F,3358,78,H,3592,75
[AUTOPOS] SW-G,A,5081,60,B,3641,88,C,1629,84,D,3924,80,E,4852,70,F,3373,76,H,3570,76
[AUTOPOS] SW-G,A,5038,62,B,3667,89,C,1506,84,D,3924,80,E,4856,72,F,3373,76,H,3622,77
[AUTOPOS] SW-G,A,5078,63,B,3640,86,C,1503,85,D,4017,77,E,4856,72,F,3381,75,H,3621,78
[AUTOPOS] SW-G,A,5078,63,B,3664,87,C,1487,85,D,4016,78,E,4813,70,F,3341,76,H,3610,82
[AUTOPOS] SW-G,A,5063,62,B,3659,87,C,1487,86,D,3972,79,E,4862,71,F,3351,77,H,3624,83
[AUTOPOS] SW-G,A,5063,62,B,3666,88,C,1512,86,D,3949,80,E,4870,72,F,3354,78,H,3629,84
[AUTOPOS] SW-G,A,5093,61,B,3642,88,C,1512,87,D,4001,80,E,4870,72,F,3391,80,H,3629,84
[AUTOPOS] SW-G,A,5093,61,B,3641,89,C,1595,87,D,4013,81,E,4870,72,F,3374,80,H,3633,80
[AUTOPOS] SW-G,A,5085,60,B,3633,90,C,1518,88,D,3981,82,E,4851,68,F,3361,81,H,3579,81
[AUTOPOS] SW-G,A,5085,60,B,3612,90,C,1535,88,D,3976,83,E,4851,68,F,3375,82,H,3579,81
[AUTOPOS] SW-G,A,5085,60,B,3654,90,C,1521,89,D,3956,84,E,4926,66,F,3351,83,H,3619,79
[AUTOPOS] SW-G,A,5085,60,B,3685,91,C,1504,90,D,3974,85,E,4926,66,F,3347,84,H,3619,79
[AUTOPOS] SW-G,A,5085,60,B,3704,91,C,1502,90,D,3973,85,E,4926,66,F,3343,84,H,3619,79
[AUTOPOS] SW-G,A,5085,60,B,3648,92,C,1502,90,D,3926,86,E,4855,63,F,3377,85,H,3600,71
[AUTOPOS] SW-G,A,4995,50,B,3624,92,C,1502,90,D,3978,86,E,4793,62,F,3377,85,H,3600,72
[AUTOPOS] SW-G,A,5073,51,B,3617,92,C,1541,83,D,3978,86,E,4788,64,F,3377,85,H,3620,73
[AUTOPOS] SW-G,A,5052,53,B,3617,92,C,1549,84,D,3935,84,E,4839,66,F,3377,85,H,3602,74
[AUTOPOS] SW-G,A,5048,55,B,3670,89,C,1521,84,D,3956,81,E,4839,66,F,3346,77,H,3602,74
[AUTOPOS] SW-G,A,5048,55,B,3649,90,C,1521,84,D,3980,82,E,4839,66,F,3375,78,H,3602,74
[AUTOPOS] SW-G,A,5102,54,B,3631,90,C,1503,82,D,3978,82,E,4839,66,F,3349,82,H,3607,72
[AUTOPOS] SW-G,A,5055,56,B,3631,90,C,1549,82,D,3978,82,E,4791,59,F,3349,82,H,3579,73
[AUTOPOS] SW-G,A,5079,58,B,3631,90,C,1544,83,D,3984,80,E,4947,58,F,3349,82,H,3608,75
[AUTOPOS] SW-G,A,5035,61,B,3644,83,C,1564,83,D,3984,81,E,4826,60,F,3373,75,H,3619,76
[AUTOPOS] SW-G,A,5063,63,B,3669,80,C,1600,84,D,3942,82,E,4826,60,F,3375,76,H,3619,76
[AUTOPOS] SW-G,A,5063,63,B,3655,80,C,1582,88,D,3994,83,E,4826,60,F,3385,77,H,3576,73
[AUTOPOS] SW-G,A,5014,61,B,3684,81,C,1598,84,D,4023,84,E,4836,57,F,3360,78,H,3576,73
[AUTOPOS] SW-G,A,5014,61,B,3664,82,C,1504,85,D,3999,85,E,4836,57,F,3357,79,H,3625,72
[AUTOPOS] SW-G,A,5014,61,B,3640,83,C,1553,85,D,4003,85,E,4836,57,F,3351,80,H,3648,73
[AUTOPOS] SW-G,A,5014,61,B,3668,84,C,1570,86,D,3941,86,E,4836,57,F,3363,80,H,3648,73
[AUTOPOS] SW-G,A,5014,61,B,3634,84,C,1507,86,D,3977,86,E,4766,53,F,3370,81,H,3658,71
[AUTOPOS] SW-G,A,5022,53,B,3634,84,C,1512,87,D,3978,87,E,4798,58,F,3352,82,H,3658,71
[AUTOPOS] SW-G,A,5022,53,B,3654,82,C,1512,87,D,4001,88,E,4883,61,F,3373,82,H,3567,70
[AUTOPOS] SW-G,A,5022,53,B,3626,82,C,1494,84,D,3970,88,E,4883,61,F,3364,83,H,3567,70
[AUTOPOS] SW-G,A,5022,53,B,3631,83,C,1567,85,D,3949,88,E,4883,61,F,3374,83,H,3592,68
[AUTOPOS] SW-G,A,5054,50,B,3720,83,C,1548,85,D,4006,89,E,4823,57,F,3358,84,H,3592,68
[AUTOPOS] SW-G,A,5054,50,B,3638,84,C,1548,85,D,3972,89,E,4823,57,F,3347,88,H,3592,68
[AUTOPOS] SW-G,A,5054,50,B,3652,88,C,1531,83,D,3971,90,E,4823,57,F,3367,88,H,3621,63
[AUTOPOS] SW-G,A,5135,52,B,3651,88,C,1529,83,D,4030,90,E,4781,54,F,3367,88,H,3606,65
[AUTOPOS] SW-G,A,5113,55,B,3672,89,C,1489,84,D,3990,90,E,4833,56,F,3395,85,H,3603,66
[AUTOPOS] SW-G,A,5040,57,B,3651,90,C,1488,88,D,3980,94,E,4772,57,F,3395,85,H,3619,68
[AUTOPOS] SW-G,A,5057,60,B,3651,90,C,1503,88,D,3980,94,E,4786,59,F,3349,81,H,3584,69
[AUTOPOS] SW-G,A,5038,61,B,3625,86,C,1491,89,D,3980,94,E,4762,60,F,3364,82,H,3633,70
[AUTOPOS] SW-G,A,5012,63,B,3617,83,C,1512,90,D,4011,85,E,4762,60,F,3397,83,H,3610,72
[AUTOPOS] SW-G,A,5024,65,B,3634,84,C,1534,90,D,3976,85,E,4832,60,F,3372,84,H,3615,73
[AUTOPOS] SW-G,A,5026,66,B,3680,84,C,1586,90,D,3987,86,E,4832,60,F,3359,84,H,3615,73
[AUTOPOS] SW-G,A,5026,66,B,3679,85,C,1557,91,D,3981,86,E,4775,59,F,3370,85,H,3587,71
[AUTOPOS] SW-G,A,5058,65,B,3647,85,C,1569,91,D,3968,87,E,4775,59,F,3359,85,H,3587,71
[AUTOPOS] SW-G,A,5058,65,B,3643,86,C,1569,91,D,4031,88,E,4799,57,F,3359,85,H,3630,70
[AUTOPOS] SW-G,A,5050,64,B,3668,86,C,1610,88,D,3984,88,E,4774,60,F,3383,83,H,3625,70
[AUTOPOS] SW-G,A,5083,65,B,3670,87,C,1543,88,D,3991,88,E,4866,61,F,3383,83,H,3622,71
[AUTOPOS] SW-G,A,5072,66,B,3670,87,C,1585,89,D,3991,88,E,4778,63,F,3383,83,H,3589,76
[AUTOPOS] SW-G,A,5044,67,B,3670,87,C,1592,89,D,3970,86,E,4793,65,F,3383,83,H,3659,77
[AUTOPOS] SW-G,A,5094,68,B,3670,87,C,1511,90,D,4004,86,E,4829,66,F,3383,83,H,3609,78
[AUTOPOS] SW-G,A,5048,70,B,3670,87,C,1522,90,D,3998,87,E,4793,68,F,3388,73,H,3612,80
[AUTOPOS] SW-G,A,5083,72,B,3665,75,C,1522,90,D,3956,87,E,4813,69,F,3356,75,H,3612,80
[AUTOPOS] SW-G,A,5059,73,B,3623,76,C,1522,90,D,3946,88,E,4813,69,F,3392,76,H,3612,80
[AUTOPOS] SW-G,A,5075,75,B,3651,77,C,1516,83,D,3923,88,E,4878,67,F,3368,77,H,3586,73
[AUTOPOS] SW-G,A,5075,75,B,3647,78,C,1516,83,D,3975,89,E,4878,67,F,3373,78,H,3630,75
[AUTOPOS] SW-G,A,5065,69,B,3647,78,C,1521,80,D,3975,89,E,4770,66,F,3365,79,H,3603,76
[AUTOPOS] SW-G,A,5044,70,B,3635,76,C,1586,80,D,3996,85,E,4770,66,F,3368,80,H,3603,76
[AUTOPOS] SW-G,A,5044,70,B,3631,76,C,1538,81,D,3991,86,E,4770,66,F,3348,80,H,3603,76
[AUTOPOS] SW-G,A,5044,70,B,3621,77,C,1561,82,D,4004,86,E,4770,66,F,3380,81,H,3603,76
[AUTOPOS] SW-G,A,5044,70,B,3627,78,C,1503,83,D,3972,87,E,4805,61,F,3376,82,H,3603,76
[AUTOPOS] SW-G,A,5097,64,B,3657,79,C,1503,83,D,3977,88,E,4790,63,F,3347,82,H,3626,66
[AUTOPOS] SW-G,A,5038,65,B,3677,80,C,1584,77,D,3977,88,E,4782,65,F,3347,82,H,3637,67
[AUTOPOS] SW-G,A,5037,66,B,3669,80,C,1511,78,D,3940,85,E,4809,66,F,3371,80,H,3635,68
[AUTOPOS] SW-G,A,5094,67,B,3667,81,C,1477,79,D,4005,85,E,4772,68,F,3319,81,H,3620,70
[AUTOPOS] SW-G,A,5003,68,B,3674,82,C,1501,80,D,3977,86,E,4782,69,F,3372,82,H,3576,72
[AUTOPOS] SW-G,A,5086,70,B,3688,83,C,1504,80,D,3993,86,E,4882,70,F,3331,83,H,3565,73
[AUTOPOS] SW-G,A,5048,72,B,3687,84,C,1551,81,D,3985,87,E,4785,72,F,3349,84,H,3565,75
[AUTOPOS] SW-G,A,5048,72,B,3660,85,C,1506,82,D,3944,87,E,4784,73,F,3338,85,H,3604,76
[AUTOPOS] SW-G,A,5048,72,B,3678,85,C,1603,83,D,3979,88,E,4871,71,F,3338,85,H,3608,77
[AUTOPOS] SW-G,A,5083,66,B,3640,86,C,1513,84,D,3966,88,E,4811,72,F,3338,85,H,3620,78
[AUTOPOS] SW-G,A,5029,68,B,3646,86,C,1574,85,D,3966,88,E,4820,73,F,3357,78,H,3578,79
[AUTOPOS] SW-G,A,5031,69,B,3605,87,C,1552,85,D,4028,85,E,4802,74,F,3354,79,H,3584,80
[AUTOPOS] SW-G,A,5049,70,B,3644,88,C,1540,86,D,3955,81,E,4802,74,F,3374,80,H,3584,80
[AUTOPOS] SW-G,A,5105,72,B,3621,88,C,1540,86,D,3983,82,E,4777,76,F,3359,80,H,3584,80
[AUTOPOS] SW-G,A,5105,72,B,3623,88,C,1545,83,D,3981,83,E,4777,76,F,3362,81,H,3561,75
[AUTOPOS] SW-G,A,5019,70,B,3672,89,C,1545,83,D,3970,84,E,4782,73,F,3340,82,H,3628,75
[AUTOPOS] SW-G,A,5028,71,B,3664,89,C,1545,83,D,4002,84,E,4824,75,F,3384,82,H,3619,76
[AUTOPOS] SW-G,A,5075,72,B,3628,90,C,1545,83,D,3975,85,E,4799,76,F,3362,83,H,3620,77
[AUTOPOS] SW-G,A,5069,70,B,3628,90,C,1491,75,D,3975,85,E,4774,77,F,3386,83,H,3627,78
[AUTOPOS] SW-G,A,5039,71,B,3673,87,C,1515,75,D,3959,86,E,4774,77,F,3387,84,H,3626,82
[AUTOPOS] SW-G,A,5039,71,B,3612,88,C,1512,76,D,3987,86,E,4774,77,F,3330,88,H,3604,83
[AUTOPOS] SW-G,A,5039,71,B,3634,84,C,1502,77,D,3982,87,E,4824,72,F,3355,88,H,3604,83
[AUTOPOS] SW-G,A,5033,68,B,3710,85,C,1492,78,D,3959,87,E,4824,72,F,3353,89,H,3636,80
[AUTOPOS] SW-G,A,5053,70,B,3630,85,C,1495,82,D,4020,88,E,4862,70,F,3339,90,H,3605,80
[AUTOPOS] SW-G,A,5004,71,B,3638,86,C,1576,83,D,3987,88,E,4793,71,F,3368,90,H,3616,81
[AUTOPOS] SW-G,A,5006,72,B,3670,86,C,1546,84,D,4043,89,E,4864,72,F,3368,90,H,3595,82
[AUTOPOS] SW-G,A,5066,73,B,3670,86,C,1491,85,D,4018,90,E,4860,73,F,3368,90,H,3614,83
[AUTOPOS] SW-G,A,5100,75,B,3670,86,C,1499,85,D,3965,90,E,4876,74,F,3368,90,H,3636,84
[AUTOPOS] SW-G,A,5065,76,B,3670,86,C,1571,86,D,3980,90,E,4864,75,F,3376,80,H,3620,84
[AUTOPOS] SW-G,A,5037,76,B,3670,86,C,1512,86,D,3963,91,E,4822,76,F,3376,80,H,3579,85
[AUTOPOS] SW-G,A,5059,77,B,3622,72,C,1512,86,D,3958,91,E,4822,76,F,3352,77,H,3579,85
[AUTOPOS] SW-G,A,5071,78,B,3677,73,C,1512,86,D,3967,92,E,4844,73,F,3371,78,H,3579,85
[AUTOPOS] SW-G,A,5071,78,B,3667,74,C,1567,80,D,3981,92,E,4844,73,F,3349,79,H,3588,80
[AUTOPOS] SW-G,A,5081,76,B,3651,75,C,1567,80,D,3995,92,E,4846,71,F,3377,80,H,3609,80
[AUTOPOS] SW-G,A,5081,76,B,3669,76,C,1561,78,D,3977,92,E,4846,71,F,3365,80,H,3609,80
[AUTOPOS] SW-G,A,5065,75,B,3699,77,C,1517,79,D,3940,93,E,4775,69,F,3368,81,H,3578,82
[AUTOPOS] SW-G,A,5035,76,B,3695,78,C,1517,79,D,3953,93,E,4775,69,F,3346,82,H,3627,83
[AUTOPOS] SW-G,A,5035,76,B,3616,80,C,1517,77,D,3995,93,E,4775,69,F,3374,83,H,3611,84
[AUTOPOS] SW-G,A,5035,76,B,3704,80,C,1502,78,D,3954,93,E,4743,65,F,3366,84,H,3611,84
[AUTOPOS] SW-G,A,5022,70,B,3662,81,C,1502,78,D,3993,94,E,4838,66,F,3368,85,H,3611,84
[AUTOPOS] SW-G,A,5022,70,B,3665,82,C,1564,77,D,3960,94,E,4794,67,F,3352,85,H,3611,84
[AUTOPOS] SW-G,A,5047,68,B,3604,83,C,1564,77,D,3955,94,E,4794,67,F,3383,86,H,3602,73
[AUTOPOS] SW-G,A,5047,68,B,3674,84,C,1579,75,D,3955,95,E,4794,67,F,3365,86,H,3606,75
[AUTOPOS] SW-G,A,5008,66,B,3630,84,C,1533,76,D,3959,95,E,4794,67,F,3334,87,H,3591,76
[AUTOPOS] SW-G,A,5008,66,B,3658,85,C,1491,77,D,3959,95,E,4866,62,F,3334,87,H,3609,76
[AUTOPOS] SW-G,A,5047,65,B,3623,85,C,1493,78,D,3959,95,E,4868,64,F,3337,84,H,3592,77
[AUTOPOS] SW-G,A,5039,66,B,3714,86,C,1572,79,D,3975,87,E,4820,66,F,3337,84,H,3593,78
[AUTOPOS] SW-G,A,5108,67,B,3641,86,C,1535,80,D,3947,84,E,4820,66,F,3333,82,H,3593,78
[AUTOPOS] SW-G,A,5064,68,B,3701,87,C,1535,80,D,4014,85,E,4820,66,F,3371,82,H,3608,76
[AUTOPOS] SW-G,A,5064,68,B,3658,87,C,1570,77,D,3964,85,E,4815,61,F,3338,83,H,3611,77
[AUTOPOS] SW-G,A,5064,68,B,3633,88,C,1554,78,D,3965,86,E,4815,61,F,3359,81,H,3611,77
[AUTOPOS] SW-G,A,5058,65,B,3672,88,C,1554,78,D,3951,86,E,4815,61,F,3353,82,H,3611,77
[AUTOPOS] SW-G,A,5058,65,B,3652,89,C,1554,78,D,3940,87,E,4798,58,F,3357,83,H,3611,77
[AUTOPOS] SW-G,A,5058,65,B,3678,90,C,1528,74,D,4001,87,E,4891,60,F,3358,84,H,3633,68
[AUTOPOS] SW-G,A,5044,63,B,3633,90,C,1497,75,D,3990,88,E,4891,60,F,3354,85,H,3624,70
[AUTOPOS] SW-G,A,5062,61,B,3668,90,C,1525,76,D,3990,88,E,4809,59,F,3354,85,H,3625,71
[AUTOPOS] SW-G,A,5076,63,B,3668,90,C,1573,77,D,3990,88,E,4794,60,F,3365,81,H,3599,72
[AUTOPOS] SW-G,A,5065,65,B,3627,87,C,1556,78,D,3990,88,E,4864,62,F,3365,81,H,3631,73
[AUTOPOS] SW-G,A,5075,66,B,3694,88,C,1486,80,D,4013,76,E,4884,63,F,3340,79,H,3631,75
[AUTOPOS] SW-G,A,5024,68,B,3656,88,C,1532,77,D,4013,76,E,4797,64,F,3359,80,H,3618,76
[AUTOPOS] SW-G,A,5053,69,B,3609,88,C,1550,78,D,4013,76,E,4867,65,F,3388,80,H,3602,76
[AUTOPOS] SW-G,A,5082,70,B,3632,89,C,1562,79,D,4013,76,E,4800,70,F,3388,80,H,3532,77
[AUTOPOS] SW-G,A,5012,71,B,3632,89,C,1579,80,D,4013,76,E,4862,72,F,3365,78,H,3633,78
[AUTOPOS] SW-G,A,5060,72,B,3634,86,C,1520,80,D,4013,76,E,4853,73,F,3365,78,H,3614,79
[AUTOPOS] SW-G,A,5072,73,B,3634,86,C,1557,81,D,3938,62,E,4794,75,F,3331,76,H,3588,80
[AUTOPOS] SW-G,A,5060,74,B,3624,84,C,1535,82,D,4035,64,E,4794,75,F,3341,77,H,3618,80
[AUTOPOS] SW-G,A,5060,74,B,3653,88,C,1531,82,D,4035,64,E,4844,72,F,3341,77,H,3562,81
[AUTOPOS] SW-G,A,5045,76,B,3653,88,C,1484,83,D,3970,63,E,4848,73,F,3341,77,H,3598,82
[AUTOPOS] SW-G,A,5008,77,B,3614,84,C,1504,83,D,3970,63,E,4784,75,F,3341,77,H,3625,83
[AUTOPOS] SW-G,A,5076,78,B,3623,85,C,1579,84,D,3990,64,E,4784,75,F,3373,68,H,3610,80
[AUTOPOS] SW-G,A,5032,80,B,3670,85,C,1526,88,D,3980,66,E,4809,73,F,3386,70,H,3599,80
[AUTOPOS] SW-G,A,5081,80,B,3599,86,C,1533,88,D,3981,68,E,4776,74,F,3353,71,H,3626,81
[AUTOPOS] SW-G,A,5052,81,B,3631,86,C,1538,89,D,3981,68,E,4758,75,F,3353,71,H,3612,82
[AUTOPOS] SW-G,A,5079,82,B,3695,87,C,1594,90,D,3981,68,E,4787,75,F,3351,69,H,3621,83
[AUTOPOS] SW-G,A,5050,83,B,3679,88,C,1571,90,D,3990,60,E,4829,76,F,3341,70,H,3620,84
[AUTOPOS] SW-G,A,5015,84,B,3679,88,C,1533,90,D,3971,62,E,4777,77,F,3341,70,H,3626,84
[AUTOPOS] SW-G,A,5085,84,B,3679,88,C,1516,91,D,3971,62,E,4821,78,F,3341,70,H,3615,85
[AUTOPOS] SW-G,A,5045,85,B,3679,88,C,1531,91,D,3971,62,E,4759,82,F,3341,70,H,3601,85
[AUTOPOS] SW-G,A,5096,85,B,3679,88,C,1568,92,D,3968,59,E,4850,83,F,3341,70,H,3616,86
[AUTOPOS] SW-G,A,5051,86,B,3679,88,C,1594,92,D,3980,60,E,4806,84,F,3341,70,H,3604,86
[AUTOPOS] SW-G,A,5033,86,B,3634,74,C,1559,92,D,4014,62,E,4817,85,F,3387,60,H,3587,87
[AUTOPOS] SW-G,A,5069,87,B,3614,75,C,1505,92,D,4028,63,E,4793,85,F,3346,61,H,3572,87
[AUTOPOS] SW-G,A,5036,87,B,3625,76,C,1517,93,D,4028,63,E,4775,86,F,3346,61,H,3552,88
[AUTOPOS] SW-G,A,5055,88,B,3610,77,C,1568,93,D,3972,62,E,4864,86,F,3346,61,H,3594,88
[AUTOPOS] SW-G,A,5008,88,B,3626,75,C,1568,93,D,3999,64,E,4783,87,F,3326,61,H,3594,88
[AUTOPOS] SW-G,A,5073,89,B,3650,76,C,1553,90,D,3996,66,E,4789,88,F,3366,63,H,3574,85
[AUTOPOS] SW-G,A,5071,90,B,3693,77,C,1490,94,D,3982,68,E,4813,88,F,3345,65,H,3574,85
[AUTOPOS] SW-G,A,5034,90,B,3624,78,C,1481,94,D,3975,70,E,4792,88,F,3374,66,H,3614,86
[AUTOPOS] SW-G,A,5064,86,B,3624,78,C,1537,94,D,3933,71,E,4819,89,F,3374,66,H,3614,86
[AUTOPOS] SW-G,A,5042,87,B,3614,76,C,1535,95,D,3968,72,E,4789,89,F,3374,66,H,3610,87
[AUTOPOS] SW-G,A,5011,88,B,3614,76,C,1494,95,D,4009,73,E,4789,90,F,3374,66,H,3596,88
[AUTOPOS] SW-G,A,5014,88,B,3614,76,C,1493,95,D,4009,73,E,4816,90,F,3348,60,H,3607,88
[AUTOPOS] SW-G,A,5070,88,B,3614,76,C,1489,95,D,3953,72,E,4875,90,F,3348,60,H,3622,88
[AUTOPOS] SW-G,A,5075,89,B,3614,76,C,1551,95,D,3940,73,E,4786,94,F,3334,59,H,3601,89
[AUTOPOS] SW-G,A,5045,89,B,3608,66,C,1491,96,D,3940,73,E,4787,94,F,3334,59,H,3588,89
[AUTOPOS] SW-G,A,5028,90,B,3628,67,C,1576,96,D,3956,71,E,4873,94,F,3334,59,H,3609,90
[AUTOPOS] SW-G,A,5079,90,B,3628,67,C,1559,96,D,3969,72,E,4786,95,F,3334,59,H,3575,90
[AUTOPOS] SW-G,A,5081,90,B,3684,70,C,1489,96,D,4006,73,E,4867,95,F,3376,54,H,3593,90
[AUTOPOS] SW-G,A,5061,94,B,3653,72,C,1494,96,D,4006,73,E,4769,95,F,3363,56,H,3623,94
[AUTOPOS] SW-G,A,5062,94,B,3593,73,C,1540,96,D,3962,71,E,4838,95,F,3384,58,H,3612,94
[AUTOPOS] SW-G,A,5060,94,B,3608,75,C,1540,96,D,3931,76,E,4815,95,F,3322,61,H,3612,94
[AUTOPOS] SW-G,A,5060,94,B,3626,76,C,1485,93,D,3995,77,E,4815,95,F,3368,63,H,3590,90
[AUTOPOS] SW-G,A,5060,94,B,3644,77,C,1529,94,D,3984,78,E,4780,92,F,3373,65,H,3624,86
[AUTOPOS] SW-G,A,5040,86,B,3656,78,C,1511,94,D,3987,80,E,4780,92,F,3374,66,H,3624,86
[AUTOPOS] SW-G,A,5067,86,B,3662,79,C,1585,90,D,3987,80,E,4885,89,F,3349,68,H,3545,83
[AUTOPOS] SW-G,A,5008,87,B,3657,80,C,1488,90,D,3987,80,E,4783,89,F,3351,69,H,3604,84
[AUTOPOS] SW-G,A,5020,88,B,3657,80,C,1535,90,D,3949,73,E,4815,90,F,3358,70,H,3597,84
[AUTOPOS] SW-G,A,5071,88,B,3657,80,C,1494,91,D,3986,75,E,4764,90,F,3358,70,H,3599,85
[AUTOPOS] SW-G,A,5046,88,B,3657,80,C,1572,91,D,4020,76,E,4828,90,F,3358,70,H,3615,85
[AUTOPOS] SW-G,A,5017,89,B,3657,80,C,1541,92,D,3971,76,E,4779,94,F,3358,70,H,3609,86
[AUTOPOS] SW-G,A,5046,89,B,3591,70,C,1541,92,D,3967,77,E,4779,94,F,3351,64,H,3564,86
[AUTOPOS] SW-G,A,5046,89,B,3642,70,C,1513,88,D,3958,78,E,4779,94,F,3337,65,H,3564,86
[AUTOPOS] SW-G,A,5034,87,B,3668,71,C,1559,89,D,3943,79,E,4779,94,F,3338,66,H,3603,84
[AUTOPOS] SW-G,A,5034,87,B,3722,76,C,1553,89,D,3985,80,E,4856,80,F,3355,67,H,3617,88
[AUTOPOS] SW-G,A,5071,88,B,3608,77,C,1521,90,D,3967,80,E,4852,81,F,3354,68,H,3625,88
[AUTOPOS] SW-G,A,5071,88,B,3685,78,C,1570,90,D,3965,81,E,4852,81,F,3351,70,H,3617,89
[AUTOPOS] SW-G,A,5022,84,B,3589,80,C,1570,90,D,3958,77,E,4784,79,F,3365,72,H,3617,89
[AUTOPOS] SW-G,A,5059,85,B,3668,80,C,1570,90,D,3958,78,E,4784,79,F,3359,73,H,3616,85
[AUTOPOS] SW-G,A,5059,85,B,3693,81,C,1584,83,D,4003,80,E,4784,79,F,3360,75,H,3592,86
[AUTOPOS] SW-G,A,5042,81,B,3619,82,C,1584,83,D,3995,80,E,4790,74,F,3353,76,H,3602,86
[AUTOPOS] SW-G,A,5087,82,B,3639,83,C,1541,80,D,3958,81,E,4794,75,F,3369,77,H,3696,87
[AUTOPOS] SW-G,A,5057,83,B,3639,83,C,1523,80,D,4000,82,E,4770,75,F,3406,78,H,3641,88
[AUTOPOS] SW-G,A,4990,84,B,3592,80,C,1536,81,D,3961,83,E,4770,75,F,3360,79,H,3590,88
[AUTOPOS] SW-G,A,5092,84,B,3677,81,C,1483,82,D,3953,84,E,4770,75,F,3332,80,H,3605,88
[AUTOPOS] SW-G,A,5092,84,B,3660,82,C,1555,83,D,3956,84,E,4770,75,F,3353,80,H,3585,89
[AUTOPOS] SW-G,A,5045,79,B,3683,82,C,1568,84,D,3948,85,E,4827,70,F,3342,81,H,3632,89
[AUTOPOS] SW-G,A,5085,80,B,3683,82,C,1521,84,D,3962,85,E,4783,72,F,3342,81,H,3636,90
[AUTOPOS] SW-G,A,5075,80,B,3683,82,C,1502,85,D,3962,86,E,4820,73,F,3342,81,H,3612,90
[AUTOPOS] SW-G,A,5072,81,B,3683,82,C,1555,85,D,3982,86,E,4811,75,F,3402,76,H,3632,90
[AUTOPOS] SW-G,A,5065,82,B,3695,76,C,1533,86,D,3975,87,E,4826,76,F,3378,77,H,3632,90
[AUTOPOS] SW-G,A,5065,82,B,3660,77,C,1487,86,D,3986,87,E,4826,76,F,3374,78,H,3632,90
[AUTOPOS] SW-G,A,5065,82,B,3681,78,C,1533,87,D,3945,88,E,4775,73,F,3361,82,H,3632,90
[AUTOPOS] SW-G,A,5047,75,B,3639,80,C,1533,87,D,3985,88,E,4775,73,F,3377,83,H,3612,80
[AUTOPOS] SW-G,A,5047,75,B,3691,80,C,1548,88,D,3978,89,E,4845,72,F,3361,84,H,3612,80
[AUTOPOS] SW-G,A,5066,72,B,3645,81,C,1548,88,D,3974,90,E,4845,72,F,3337,85,H,3608,77
[AUTOPOS] SW-G,A,5066,72,B,3595,82,C,1486,84,D,3976,90,E,4845,70,F,3336,85,H,3608,77
[AUTOPOS] SW-G,A,5052,70,B,3621,83,C,1495,85,D,3951,90,E,4845,70,F,3351,86,H,3577,75
[AUTOPOS] SW-G,A,5052,70,B,3665,84,C,1509,85,D,3942,91,E,4845,70,F,3356,86,H,3602,76
[AUTOPOS] SW-G,A,5052,70,B,3629,84,C,1561,86,D,3991,91,E,4845,70,F,3350,87,H,3597,76
[AUTOPOS] SW-G,A,5052,70,B,3655,85,C,1515,86,D,3999,92,E,4845,70,F,3367,88,H,3698,77
[AUTOPOS] SW-G,A,5024,64,B,3621,85,C,1515,86,D,3982,92,E,4878,62,F,3325,88,H,3698,77
[AUTOPOS] SW-G,A,5024,64,B,3641,86,C,1525,84,D,3948,92,E,4878,62,F,3364,88,H,3626,75
[AUTOPOS] SW-G,A,5062,63,B,3657,86,C,1525,84,D,3982,92,E,4713,61,F,3337,89,H,3586,76
[AUTOPOS] SW-G,A,5062,63,B,3637,87,C,1496,81,D,3942,93,E,4713,61,F,3333,89,H,3586,76
[AUTOPOS] SW-G,A,5062,63,B,3651,87,C,1496,81,D,3976,93,E,4755,60,F,3356,90,H,3649,75
[AUTOPOS] SW-G,A,5062,63,B,3685,88,C,1512,79,D,3981,93,E,4785,61,F,3346,90,H,3649,75
[AUTOPOS] SW-G,A,5062,63,B,3685,88,C,1540,80,D,3992,93,E,4785,61,F,3326,90,H,3615,72
[AUTOPOS] SW-G,A,5062,63,B,3659,89,C,1539,80,D,3996,94,E,4785,61,F,3345,94,H,3621,73
[AUTOPOS] SW-G,A,5062,63,B,3678,90,C,1551,81,D,3992,94,E,4776,58,F,3345,94,H,3640,75
[AUTOPOS] SW-G,A,5011,52,B,3678,90,C,1562,82,D,3992,94,E,4827,60,F,3365,89,H,3618,76
[AUTOPOS] SW-G,A,5038,54,B,3669,86,C,1569,83,D,3969,90,E,4827,60,F,3347,90,H,3581,77
[AUTOPOS] SW-G,A,5048,56,B,3579,86,C,1550,84,D,3977,90,E,4827,60,F,3363,90,H,3605,78
[AUTOPOS] SW-G,A,5049,58,B,3652,87,C,1571,85,D,3975,90,E,4827,60,F,3351,90,H,3603,79
[AUTOPOS] SW-G,A,5039,57,B,3671,88,C,1513,85,D,3975,90,E,4761,55,F,3351,90,H,3634,80
[AUTOPOS] SW-G,A,5048,59,B,3671,88,C,1588,86,D,3977,87,E,4888,56,F,3337,87,H,3634,80
[AUTOPOS] SW-G,A,5049,60,B,3668,85,C,1494,86,D,4010,88,E,4796,58,F,3394,88,H,3603,77
[AUTOPOS] SW-G,A,5033,62,B,3659,85,C,1494,86,D,4007,88,E,4772,59,F,3332,88,H,3603,77
[AUTOPOS] SW-G,A,5033,62,B,3674,86,C,1491,84,D,3956,88,E,4772,59,F,3355,88,H,3601,75
[AUTOPOS] SW-G,A,5033,62,B,3672,86,C,1537,84,D,3973,89,E,4835,61,F,3347,89,H,3624,76
[AUTOPOS] SW-G,A,5033,62,B,3679,87,C,1590,85,D,4001,89,E,4835,61,F,3392,89,H,3624,76
[AUTOPOS] SW-G,A,5033,62,B,3686,87,C,1526,85,D,3957,90,E,4835,61,F,3378,90,H,3624,76
[AUTOPOS] SW-G,A,5060,55,B,3661,88,C,1573,86,D,3944,90,E,4742,57,F,3360,90,H,3624,76
[AUTOPOS] SW-G,A,5060,55,B,3596,88,C,1560,86,D,3990,90,E,4742,57,F,3371,90,H,3624,76
[AUTOPOS] SW-G,A,5060,55,B,3651,89,C,1547,87,D,3968,94,E,4742,57,F,3372,94,H,3596,68
[AUTOPOS] SW-G,A,4999,52,B,3629,90,C,1547,87,D,3961,94,E,4818,54,F,3363,94,H,3596,68
[AUTOPOS] SW-G,A,5082,54,B,3679,90,C,1623,88,D,4011,94,E,4818,54,F,3336,94,H,3599,66
[AUTOPOS] SW-G,A,5082,54,B,3692,90,C,1623,88,D,4004,95,E,4862,53,F,3376,95,H,3599,66
[AUTOPOS] SW-G,A,5082,54,B,3656,91,C,1604,84,D,3938,95,E,4862,53,F,3374,95,H,3609,65
[AUTOPOS] SW-G,A,5073,52,B,3599,91,C,1512,85,D,4030,95,E,4879,53,F,3375,95,H,3580,66
[AUTOPOS] SW-G,A,5096,53,B,3638,92,C,1568,85,D,3947,95,E,4862,55,F,3375,95,H,3599,68
[AUTOPOS] SW-G,A,5099,55,B,3638,92,C,1574,86,D,3999,95,E,4828,56,F,3375,95,H,3623,69
[AUTOPOS] SW-G,A,5017,57,B,3667,88,C,1531,86,D,3999,95,E,4834,58,F,3375,95,H,3602,70
[AUTOPOS] SW-G,A,5060,58,B,3667,88,C,1523,87,D,3999,95,E,4778,59,F,3375,95,H,3609,71
[AUTOPOS] SW-G,A,5053,60,B,3692,86,C,1546,88,D,3955,88,E,4777,64,F,3375,95,H,3612,72
[AUTOPOS] SW-G,A,5043,61,B,3692,86,C,1486,88,D,3997,89,E,4834,66,F,3375,95,H,3638,73
[AUTOPOS] SW-G,A,5004,62,B,3626,83,C,1562,88,D,3997,89,E,4749,68,F,3371,75,H,3629,74
[AUTOPOS] SW-G,A,5060,64,B,3626,83,C,1575,89,D,3997,89,E,4873,70,F,3380,76,H,3585,75
[AUTOPOS] SW-G,A,5092,66,B,3626,83,C,1509,89,D,3971,83,E,4900,71,F,3380,76,H,3566,76
[AUTOPOS] SW-G,A,5043,68,B,3626,83,C,1568,90,D,3964,84,E,4832,72,F,3380,76,H,3606,77
[AUTOPOS] SW-G,A,5053,70,B,3626,83,C,1546,90,D,3964,84,E,4771,73,F,3374,76,H,3641,78
[AUTOPOS] SW-G,A,5046,71,B,3626,83,C,1554,90,D,3962,83,E,4871,75,F,3367,77,H,3648,80
[AUTOPOS] SW-G,A,5118,72,B,3628,66,C,1562,94,D,3962,83,E,4790,76,F,3367,77,H,3573,80
[AUTOPOS] SW-G,A,5112,73,B,3628,66,C,1484,94,D,4013,80,E,4893,76,F,3367,77,H,3644,81
[AUTOPOS] SW-G,A,5048,75,B,3628,66,C,1500,94,D,4013,80,E,4831,77,F,3367,77,H,3578,82
[AUTOPOS] SW-G,A,5003,76,B,3628,66,C,1479,95,D,3991,77,E,4811,78,F,3367,77,H,3619,83
[AUTOPOS] SW-G,A,5175,76,B,3678,60,C,1549,95,D,3991,77,E,4805,79,F,3353,65,H,3608,84
[AUTOPOS] SW-G,A,5113,77,B,3678,60,C,1530,95,D,3958,75,E,4786,80,F,3353,65,H,3590,84
[AUTOPOS] SW-G,A,5022,78,B,3678,60,C,1521,95,D,3976,76,E,4774,80,F,3353,65,H,3622,85
[AUTOPOS] SW-G,A,5106,79,B,3678,60,C,1547,95,D,3976,76,E,4798,81,F,3353,65,H,3604,85
[AUTOPOS] SW-G,A,5010,80,B,3678,60,C,1569,96,D,3967,74,E,4800,82,F,3353,65,H,3622,86
[AUTOPOS] SW-G,A,5024,80,B,3639,53,C,1501,96,D,3998,75,E,4761,83,F,3377,55,H,3576,86
[AUTOPOS] SW-G,A,5024,80,B,3624,54,C,1495,96,D,4003,75,E,4761,83,F,3376,56,H,3596,87
[AUTOPOS] SW-G,A,5024,80,B,3644,56,C,1550,96,D,3930,76,E,4761,83,F,3355,58,H,3619,87
[AUTOPOS] SW-G,A,5024,80,B,3688,58,C,1585,96,D,3972,77,E,4761,83,F,3375,59,H,3590,88
[AUTOPOS] SW-G,A,5024,80,B,3613,61,C,1535,96,D,3980,78,E,4761,83,F,3371,64,H,3635,88
[AUTOPOS] SW-G,A,5024,80,B,3621,63,C,1492,96,D,3981,82,E,4847,69,F,3354,66,H,3635,88
[AUTOPOS] SW-G,A,5108,66,B,3670,65,C,1492,96,D,3974,83,E,4847,69,F,3325,68,H,3615,85
[AUTOPOS] SW-G,A,5108,66,B,3615,66,C,1569,94,D,3961,84,E,4852,68,F,3371,70,H,3577,85
[AUTOPOS] SW-G,A,5023,62,B,3596,68,C,1526,94,D,3961,84,E,4843,69,F,3363,71,H,3614,86
[AUTOPOS] SW-G,A,4966,64,B,3596,68,C,1544,90,D,3969,80,E,4785,70,F,3395,72,H,3612,86
[AUTOPOS] SW-G,A,5008,65,B,3635,66,C,1515,90,D,3966,81,E,4785,70,F,3366,73,H,3612,86
[AUTOPOS] SW-G,A,5008,65,B,3652,68,C,1530,90,D,3961,82,E,4779,68,F,3372,75,H,3600,84
[AUTOPOS] SW-G,A,5008,65,B,3589,69,C,1519,91,D,3959,83,E,4779,68,F,3353,76,H,3608,84
[AUTOPOS] SW-G,A,5008,65,B,3639,70,C,1519,91,D,3971,84,E,4808,67,F,3364,76,H,3608,84
[AUTOPOS] SW-G,A,5136,60,B,3668,71,C,1519,91,D,3966,84,E,4791,68,F,3371,77,H,3608,84
[AUTOPOS] SW-G,A,5087,61,B,3628,72,C,1591,84,D,3961,85,E,4870,70,F,3361,78,H,3585,79
[AUTOPOS] SW-G,A,5146,62,B,3607,73,C,1523,85,D,3961,85,E,4859,72,F,3396,79,H,3606,80
[AUTOPOS] SW-G,A,5107,64,B,3607,73,C,1595,85,D,4022,82,E,4788,73,F,3396,79,H,3673,80
[AUTOPOS] SW-G,A,5144,66,B,3607,73,C,1569,86,D,4022,82,E,4780,75,F,3377,77,H,3593,81
[AUTOPOS] SW-G,A,5081,68,B,3607,73,C,1546,86,D,4022,82,E,4838,76,F,3350,78,H,3638,82
[AUTOPOS] SW-G,A,5256,70,B,3607,73,C,1562,87,D,4022,78,E,4856,77,F,3327,77,H,3613,83
[AUTOPOS] SW-G,A,5256,70,B,3634,63,C,1562,87,D,4049,82,E,4837,78,F,3377,78,H,3591,84
[AUTOPOS] SW-G,A,5256,70,B,3627,65,C,1553,88,D,3982,83,E,4806,79,F,3373,80,H,3582,85
[AUTOPOS] SW-G,A,5137,65,B,3627,65,C,1559,88,D,4009,84,E,4786,80,F,3373,80,H,3594,85
[AUTOPOS] SW-G,A,5027,66,B,3627,65,C,1527,89,D,3986,85,E,4878,80,F,3385,77,H,3594,85
[AUTOPOS] SW-G,A,5068,68,B,3662,60,C,1571,90,D,3970,85,E,4878,80,F,3319,78,H,3602,82
[AUTOPOS] SW-G,A,5100,69,B,3669,62,C,1541,90,D,3996,86,E,4878,80,F,3342,79,H,3602,82
[AUTOPOS] SW-G,A,5100,69,B,3672,64,C,1541,90,D,4001,86,E,4878,80,F,3369,80,H,3597,80
[AUTOPOS] SW-G,A,5100,69,B,3640,65,C,1583,86,D,4026,87,E,4878,80,F,3351,80,H,3568,80
[AUTOPOS] SW-G,A,5100,69,B,3650,66,C,1583,86,D,3971,88,E,4878,80,F,3389,81,H,3618,81
[AUTOPOS] SW-G,A,5100,69,B,3631,67,C,1583,86,D,3964,88,E,4925,68,F,3320,82,H,3618,81
[AUTOPOS] SW-G,A,4933,61,B,3674,68,C,1533,80,D,3965,88,E,4925,68,F,3358,82,H,3618,81
[AUTOPOS] SW-G,A,4933,61,B,3661,70,C,1566,81,D,3978,89,E,4836,66,F,3385,83,H,3618,81
[AUTOPOS] SW-G,A,5217,64,B,3666,70,C,1566,81,D,3987,89,E,4795,68,F,3368,83,H,3618,81
[AUTOPOS] SW-G,A,5234,66,B,3607,71,C,1566,81,D,4033,90,E,4809,66,F,3368,83,H,3634,71
[AUTOPOS] SW-G,A,5304,68,B,3607,71,C,1548,76,D,4033,90,E,4829,68,F,3360,82,H,3616,76
[AUTOPOS] SW-G,A,5064,70,B,3636,72,C,1585,77,D,4033,90,E,4785,69,F,3364,83,H,3619,77
[AUTOPOS] SW-G,A,5245,71,B,3636,72,C,1546,78,D,4010,88,E,4756,70,F,3364,84,H,3619,77
[AUTOPOS] SW-G,A,6049,72,B,3636,72,C,1575,82,D,4010,88,E,4773,72,F,3364,84,H,3591,75
[AUTOPOS] SW-G,A,5029,73,B,3636,72,C,1480,83,D,4049,84,E,4776,73,F,3364,84,H,3591,76
[AUTOPOS] SW-G,A,5057,75,B,3636,72,C,1553,84,D,3940,85,E,4776,73,F,3368,77,H,3620,77
[AUTOPOS] SW-G,A,5057,75,B,3620,60,C,1561,85,D,3966,85,E,4776,73,F,3361,78,H,3604,78
[AUTOPOS] SW-G,A,4986,73,B,3594,62,C,1561,85,D,4010,86,E,4770,68,F,3373,79,H,3632,79
[AUTOPOS] SW-G,A,4986,73,B,3642,64,C,1582,81,D,4010,86,E,4778,70,F,3360,80,H,3611,80
[AUTOPOS] SW-G,A,4964,71,B,3680,65,C,1559,82,D,4010,86,E,4780,70,F,3360,80,H,3615,80
[AUTOPOS] SW-G,A,4842,72,B,3663,66,C,1597,83,D,4047,80,E,4736,71,F,3351,77,H,3615,80
[AUTOPOS] SW-G,A,4842,72,B,3617,67,C,1557,84,D,3978,80,E,4833,76,F,3368,78,H,3615,80
[AUTOPOS] SW-G,A,4905,70,B,3676,68,C,1557,84,D,3956,81,E,4767,77,F,3347,79,H,3615,80
[AUTOPOS] SW-G,A,4905,70,B,3666,70,C,1491,81,D,3985,82,E,4767,77,F,3350,80,H,3604,73
[AUTOPOS] SW-G,A,4905,70,B,3609,70,C,1561,82,D,3985,82,E,4767,77,F,3348,80,H,3639,74
[AUTOPOS] SW-G,A,5043,66,B,3659,71,C,1562,82,D,4040,83,E,4767,77,F,3370,81,H,3639,74
[AUTOPOS] SW-G,A,5023,68,B,3673,76,C,1562,82,D,3984,83,E,1188,68,F,3390,82,H,3639,74
[AUTOPOS] SW-G,A,5002,70,B,3610,77,C,1548,80,D,4032,84,E,1188,68,F,3358,83,H,3605,72
[AUTOPOS] SW-G,A,4908,71,B,3683,78,C,1548,80,D,4009,88,E,4785,66,F,3379,84,H,3589,73
[AUTOPOS] SW-G,A,4908,71,B,3637,80,C,1481,82,D,3956,88,E,4785,66,F,3345,85,H,3632,75
[AUTOPOS] SW-G,A,4908,71,B,3607,80,C,1563,83,D,3981,89,E,4777,62,F,3345,85,H,3606,76
[AUTOPOS] SW-G,A,4923,66,B,3607,80,C,1498,84,D,4002,90,E,4830,64,F,3345,85,H,3626,77
[AUTOPOS] SW-G,A,4943,68,B,3636,78,C,1541,85,D,4002,90,E,4878,65,F,3366,78,H,3638,78
[AUTOPOS] SW-G,A,4944,69,B,3636,78,C,1540,85,D,3993,86,E,4832,66,F,3366,78,H,3610,79
[AUTOPOS] SW-G,A,4853,70,B,3636,78,C,1537,86,D,3974,86,E,4795,67,F,3366,78,H,3592,80
[AUTOPOS] SW-G,A,4825,71,B,3636,78,C,1553,86,D,3974,86,E,4891,68,F,3366,78,H,3595,80
[AUTOPOS] SW-G,A,4812,72,B,3636,78,C,1550,87,D,3974,86,E,4890,70,F,3337,70,H,3641,81
[AUTOPOS] SW-G,A,5293,73,B,3636,78,C,1480,84,D,3987,80,E,4858,72,F,3337,70,H,3548,82
[AUTOPOS] SW-G,A,4998,74,B,3636,78,C,1523,85,D,3982,81,E,4858,72,F,3344,68,H,3634,82
[AUTOPOS] SW-G,A,4998,74,B,3664,63,C,1551,85,D,3959,82,E,4827,70,F,3337,70,H,3634,82
[AUTOPOS] SW-G,A,5120,76,B,3619,64,C,1504,86,D,3964,82,E,4827,70,F,3378,70,H,3620,80
[AUTOPOS] SW-G,A,5120,76,B,3687,65,C,1546,86,D,3949,83,E,4827,70,F,3347,71,H,3630,81
[AUTOPOS] SW-G,A,5120,76,B,3591,70,C,1531,87,D,3946,83,E,4827,70,F,3366,76,H,3684,82
[AUTOPOS] SW-G,A,4835,70,B,3623,72,C,1550,87,D,3978,84,E,4858,62,F,3362,77,H,3621,83
[AUTOPOS] SW-G,A,4843,71,B,3623,72,C,1539,83,D,3978,84,E,4754,64,F,3362,78,H,3582,84
[AUTOPOS] SW-G,A,4882,72,B,3623,72,C,1500,84,D,3978,83,E,4776,65,F,3362,78,H,3593,85
[AUTOPOS] SW-G,A,4833,73,B,3623,72,C,1517,85,D,3987,84,E,4792,66,F,3362,78,H,3586,85
[AUTOPOS] SW-G,A,4749,75,B,3623,72,C,1512,85,D,3987,84,E,4829,67,F,3362,78,H,3609,86
[AUTOPOS] SW-G,A,4851,76,B,3684,60,C,1499,86,D,3997,80,E,4848,68,F,3362,78,H,3584,86
[AUTOPOS] SW-G,A,5041,76,B,3684,60,C,1511,86,D,3995,81,E,4999,70,F,3361,66,H,3615,87
[AUTOPOS] SW-G,A,4988,77,B,3677,60,C,1530,87,D,3995,81,E,4915,70,F,3377,68,H,3614,88
[AUTOPOS] SW-G,A,4901,78,B,3677,60,C,1505,88,D,4024,79,E,4851,71,F,3370,69,H,3673,88
[AUTOPOS] SW-G,A,5472,79,B,3646,59,C,1485,88,D,3995,80,E,4897,76,F,3370,69,H,3616,88
[AUTOPOS] SW-G,A,5186,80,B,3640,60,C,1537,88,D,3995,80,E,4856,77,F,3373,67,H,3570,89
[AUTOPOS] SW-G,A,5226,80,B,3640,60,C,1528,89,D,3956,77,E,4756,78,F,3373,67,H,3623,89
[AUTOPOS] SW-G,A,5230,81,B,3642,60,C,1552,89,D,3988,78,E,4758,80,F,3375,66,H,3623,90
[AUTOPOS] SW-G,A,5194,82,B,3642,60,C,1557,90,D,3949,79,E,4758,80,F,3369,67,H,3589,90
[AUTOPOS] SW-G,A,5194,82,B,3673,59,C,1561,90,D,4004,80,E,4758,80,F,3363,68,H,3593,90
[AUTOPOS] SW-G,A,5194,82,B,3640,64,C,1561,90,D,4001,80,E,4758,80,F,3357,70,H,3624,94
[AUTOPOS] SW-G,A,5147,75,B,3667,66,C,1561,90,D,3990,81,E,4798,70,F,3363,72,H,3624,94
[AUTOPOS] SW-G,A,4992,76,B,3690,68,C,1553,88,D,3978,82,E,4829,72,F,3341,73,H,3624,94
[AUTOPOS] SW-G,A,4992,76,B,3633,70,C,1536,89,D,3999,83,E,4813,73,F,3380,75,H,3624,94
[AUTOPOS] SW-G,A,5101,73,B,3659,71,C,1536,89,D,3960,84,E,4887,74,F,3335,76,H,3624,94
[AUTOPOS] SW-G,A,5117,75,B,3591,72,C,1563,85,D,3992,85,E,4772,75,F,3372,77,H,3624,94
[AUTOPOS] SW-G,A,5117,75,B,3690,73,C,1576,86,D,3996,85,E,4826,73,F,3372,77,H,3615,73
[AUTOPOS] SW-G,A,5046,73,B,3690,73,C,1520,86,D,3990,86,E,4874,74,F,3375,75,H,3600,75
[AUTOPOS] SW-G,A,5058,74,B,3690,73,C,1551,87,D,4012,86,E,4871,75,F,3375,75,H,3684,76
[AUTOPOS] SW-G,A,5023,75,B,3690,73,C,1541,88,D,3939,87,E,4841,76,F,3375,75,H,3614,76
[AUTOPOS] SW-G,A,5111,75,B,3690,73,C,1552,88,D,3939,87,E,4866,77,F,3352,70,H,3594,77
[AUTOPOS] SW-G,A,5042,76,B,3690,73,C,1551,85,D,3939,87,E,4849,75,F,3352,70,H,3600,78
[AUTOPOS] SW-G,A,5042,76,B,3669,62,C,1551,85,D,3996,81,E,4870,76,F,3364,68,H,3600,78
[AUTOPOS] SW-G,A,5042,76,B,3635,63,C,1564,83,D,3992,82,E,4870,76,F,3367,70,H,3659,76
[AUTOPOS] SW-G,A,5042,76,B,3655,64,C,1525,83,D,4004,82,E,4831,73,F,3389,70,H,3659,76
[AUTOPOS] SW-G,A,5155,72,B,3676,65,C,1525,83,D,3984,83,E,4839,75,F,3363,71,H,3659,76
[AUTOPOS] SW-G,A,5226,73,B,3699,70,C,1525,83,D,3966,83,E,4837,76,F,3366,76,H,3659,76
[AUTOPOS] SW-G,A,5211,75,B,3679,72,C,1525,83,D,3966,84,E,4827,76,F,3369,77,H,3659,76
[AUTOPOS] SW-G,A,5159,76,B,3684,73,C,1570,73,D,4004,88,E,4817,77,F,3379,78,H,3659,76
[AUTOPOS] SW-G,A,5156,77,B,3687,75,C,1564,75,D,4006,88,E,4817,77,F,3326,80,H,3618,65
[AUTOPOS] SW-G,A,5156,77,B,3615,76,C,1553,76,D,3987,89,E,4817,77,F,3373,80,H,3595,66
[AUTOPOS] SW-G,A,5156,77,B,3626,77,C,1571,77,D,3948,90,E,4817,77,F,3374,81,H,3587,68
[AUTOPOS] SW-G,A,5156,77,B,3624,78,C,1566,78,D,3966,90,E,4817,77,F,3377,82,H,3603,69
[AUTOPOS] SW-G,A,5156,77,B,3642,79,C,1566,78,D,4011,90,E,4930,68,F,3356,83,H,3603,69
[AUTOPOS] SW-G,A,5156,77,B,3604,80,C,1573,76,D,4007,91,E,4930,68,F,3359,84,H,3627,68
[AUTOPOS] SW-G,A,5201,62,B,3604,80,C,1559,76,D,3990,91,E,4858,66,F,3359,84,H,3616,69
[AUTOPOS] SW-G,A,5213,63,B,3604,80,C,1494,77,D,3990,91,E,4826,68,F,3398,81,H,3606,70
[AUTOPOS] SW-G,A,5565,64,B,3604,80,C,1568,78,D,3998,88,E,4814,70,F,3370,82,H,3584,71
[AUTOPOS] SW-G,A,5812,65,B,3604,80,C,1512,79,D,4014,88,E,4773,71,F,3365,82,H,3669,72
[AUTOPOS] SW-G,A,5781,70,B,3604,80,C,1551,80,D,3999,89,E,4773,71,F,3366,83,H,3669,72
[AUTOPOS] SW-G,A,5771,72,B,3677,67,C,1603,80,D,3989,89,E,4773,71,F,3354,83,H,3622,70
[AUTOPOS] SW-G,A,5771,72,B,3653,68,C,1550,81,D,3975,90,E,4750,66,F,3360,84,H,3622,70
[AUTOPOS] SW-G,A,5771,72,B,3641,70,C,1560,82,D,3975,90,E,4777,68,F,3357,88,H,3622,70
[AUTOPOS] SW-G,A,4987,66,B,3658,72,C,1560,82,D,3978,90,E,4777,69,F,3364,88,H,3622,70
[AUTOPOS] SW-G,A,4987,66,B,3651,73,C,1526,78,D,3968,94,E,4783,70,F,3353,89,H,3622,70
[AUTOPOS] SW-G,A,4987,66,B,3669,75,C,1526,80,D,4031,94,E,4783,70,F,3339,90,H,3622,70
[AUTOPOS] SW-G,A,4987,66,B,3668,76,C,1540,80,D,3962,94,E,4783,70,F,3315,90,H,3665,57
[AUTOPOS] SW-G,A,5010,60,B,3634,77,C,1533,81,D,3991,95,E,4783,70,F,3349,90,H,3580,59
[AUTOPOS] SW-G,A,5010,60,B,3637,78,C,1533,81,D,4008,95,E,4812,64,F,3373,91,H,3580,59
[AUTOPOS] SW-G,A,5010,60,B,3697,79,C,1533,81,D,3955,95,E,4746,65,F,3382,91,H,3580,59
[AUTOPOS] SW-G,A,5010,60,B,3614,80,C,1557,76,D,4004,95,E,4821,70,F,3350,92,H,3580,59
[AUTOPOS] SW-G,A,5010,60,B,3618,80,C,1525,76,D,4006,95,E,4821,70,F,3339,92,H,3573,53
[AUTOPOS] SW-G,A,5010,60,B,3648,81,C,1560,77,D,3973,96,E,4778,68,F,3372,92,H,3573,53
[AUTOPOS] SW-G,A,5010,60,B,3601,82,C,1572,78,D,4015,96,E,4778,68,F,3367,92,H,3636,53
[AUTOPOS] SW-G,A,5116,50,B,3675,82,C,1572,78,D,4030,96,E,4841,66,F,3364,93,H,3617,55
[AUTOPOS] SW-G,A,5116,50,B,3598,83,C,1562,76,D,4011,96,E,4841,66,F,3369,93,H,3608,56
[AUTOPOS] SW-G,A,5116,50,B,3614,83,C,1562,76,D,3985,96,E,4838,65,F,3353,93,H,3556,56
[AUTOPOS] SW-G,A,5000,47,B,3625,84,C,1573,75,D,3985,96,E,4758,66,F,3335,93,H,3582,58
[AUTOPOS] SW-G,A,5064,50,B,3611,88,C,1552,76,D,3985,96,E,4813,68,F,3404,94,H,3581,61
[AUTOPOS] SW-G,A,5078,52,B,3611,88,C,1496,73,D,3985,96,E,4813,68,F,3382,94,H,3643,63
[AUTOPOS] SW-G,A,5141,54,B,3615,84,C,1496,73,D,3966,88,E,4819,66,F,3382,94,H,3629,65
[AUTOPOS] SW-G,A,5042,56,B,3615,84,C,1564,71,D,3990,88,E,4847,67,F,3382,94,H,3585,66
[AUTOPOS] SW-G,A,5028,58,B,3632,80,C,1527,72,D,3990,89,E,4823,68,F,3382,94,H,3596,68
[AUTOPOS] SW-G,A,5128,60,B,3629,81,C,1539,73,D,3990,89,E,4872,70,F,3382,94,H,3613,69
[AUTOPOS] SW-G,A,5064,61,B,3629,81,C,1538,75,D,4004,85,E,4698,70,F,3348,78,H,3612,70
[AUTOPOS] SW-G,A,5100,62,B,3613,79,C,1573,76,D,4004,85,E,4853,71,F,3351,79,H,3585,72
[AUTOPOS] SW-G,A,5052,64,B,3613,79,C,1578,76,D,3975,82,E,4820,76,F,3355,80,H,3608,73
[AUTOPOS] SW-G,A,5047,65,B,3613,79,C,1484,77,D,3977,83,E,4796,77,F,3355,80,H,3631,74
[AUTOPOS] SW-G,A,5072,66,B,3705,71,C,1484,77,D,4017,84,E,4796,77,F,3388,77,H,3631,74
[AUTOPOS] SW-G,A,5072,66,B,3636,72,C,1484,77,D,3980,84,E,4796,77,F,3349,78,H,3612,72
[AUTOPOS] SW-G,A,5059,65,B,3581,73,C,1484,77,D,3953,85,E,4742,71,F,3349,78,H,3621,73
[AUTOPOS] SW-G,A,5016,70,B,3581,73,C,1543,70,D,3926,85,E,4843,72,F,3380,76,H,3613,74
[AUTOPOS] SW-G,A,5081,72,B,3581,73,C,1494,71,D,3976,86,E,4843,73,F,3349,77,H,3602,75
[AUTOPOS] SW-G,A,5125,73,B,3674,70,C,1506,76,D,3976,86,E,4798,75,F,3360,78,H,3622,76
[AUTOPOS] SW-G,A,5104,75,B,3674,70,C,1569,77,D,3965,83,E,4826,76,F,3360,78,H,3655,77
[AUTOPOS] SW-G,A,5121,76,B,3674,70,C,1523,78,D,3973,84,E,4839,76,F,3360,78,H,3595,78
[AUTOPOS] SW-G,A,5064,77,B,3674,70,C,1550,80,D,3972,88,E,4839,76,F,3381,73,H,3642,80
[AUTOPOS] SW-G,A,5064,77,B,3634,61,C,1501,80,D,3968,88,E,4839,76,F,3398,75,H,3623,80
[AUTOPOS] SW-G,A,5064,77,B,3600,63,C,1501,81,D,3994,89,E,4839,76,F,3348,76,H,3595,81
[AUTOPOS] SW-G,A,5064,77,B,3596,65,C,1498,82,D,3954,90,E,4839,76,F,3333,77,H,3595,81
[AUTOPOS] SW-G,A,5064,77,B,3661,66,C,1508,83,D,3975,90,E,4775,67,F,3365,78,H,3604,79
[AUTOPOS] SW-G,A,5042,66,B,3647,68,C,1508,83,D,3998,90,E,4776,68,F,3377,79,H,3604,79
[AUTOPOS] SW-G,A,5088,67,B,3624,69,C,1508,83,D,3970,91,E,4778,70,F,3359,80,H,3604,79
[AUTOPOS] SW-G,A,5064,68,B,3637,70,C,1508,83,D,3979,91,E,4826,72,F,3404,80,H,3614,74
[AUTOPOS] SW-G,A,5060,70,B,3629,71,C,1518,75,D,3989,92,E,4826,72,F,3359,81,H,3614,74
[AUTOPOS] SW-G,A,5060,70,B,3671,72,C,1562,75,D,3973,92,E,4826,72,F,3347,82,H,3636,72
[AUTOPOS] SW-G,A,5060,70,B,3689,73,C,1528,76,D,3968,92,E,4826,72,F,3371,82,H,3636,72
[AUTOPOS] SW-G,A,5060,70,B,3630,74,C,1567,77,D,3974,92,E,4867,63,F,3365,83,H,3584,70
[AUTOPOS] SW-G,A,5060,70,B,3678,75,C,1538,78,D,3968,93,E,4867,63,F,3371,83,H,3624,71
[AUTOPOS] SW-G,A,5060,70,B,3612,76,C,1531,82,D,3963,93,E,4867,63,F,3349,84,H,3624,71
[AUTOPOS] SW-G,A,5060,70,B,3652,77,C,1548,83,D,3963,93,E,4847,60,F,3349,84,H,3569,72
[AUTOPOS] SW-G,A,5098,57,B,3602,78,C,1560,84,D,3985,90,E,4838,61,F,3349,84,H,3595,73
[AUTOPOS] SW-G,A,5057,59,B,3602,78,C,1563,85,D,3955,94,E,4862,62,F,3377,78,H,3620,75
[AUTOPOS] SW-G,A,5137,60,B,3602,78,C,1524,85,D,3976,94,E,4885,64,F,3341,80,H,3629,76
[AUTOPOS] SW-G,A,5049,62,B,3602,78,C,1534,86,D,3986,94,E,4864,65,F,3370,80,H,3621,77
[AUTOPOS] SW-G,A,5071,64,B,3602,78,C,1540,86,D,3969,95,E,4864,65,F,3375,81,H,3587,78
[AUTOPOS] SW-G,A,5071,64,B,3698,66,C,1546,87,D,3965,95,E,4864,65,F,3356,82,H,3587,78
[AUTOPOS] SW-G,A,5109,62,B,3672,68,C,1513,84,D,3965,95,E,4822,62,F,3375,83,H,3603,76
[AUTOPOS] SW-G,A,5143,64,B,3686,69,C,1503,85,D,3965,95,E,4862,61,F,3375,83,H,3582,76
[AUTOPOS] SW-G,A,5143,64,B,3671,70,C,1496,85,D,3941,87,E,4862,61,F,3389,80,H,3585,77
[AUTOPOS] SW-G,A,5143,64,B,3680,71,C,1541,86,D,3979,88,E,4862,61,F,3371,81,H,3606,78
[AUTOPOS] SW-G,A,5143,64,B,3684,72,C,1481,86,D,3991,88,E,4862,61,F,3360,82,H,3606,78
[AUTOPOS] SW-G,A,5143,64,B,3621,73,C,1493,87,D,3935,88,E,4862,61,F,3366,82,H,3599,76
[AUTOPOS] SW-G,A,5143,64,B,3694,74,C,1553,87,D,4021,89,E,4822,52,F,3350,83,H,3599,76
[AUTOPOS] SW-G,A,5125,55,B,3644,75,C,1553,87,D,4001,89,E,4777,54,F,3352,83,H,3599,76
[AUTOPOS] SW-G,A,5095,57,B,3613,76,C,1458,83,D,3976,90,E,4882,56,F,3376,84,H,3599,76
[AUTOPOS] SW-G,A,5095,57,B,3655,77,C,1587,84,D,3951,90,E,4828,57,F,3364,88,H,3645,72
[AUTOPOS] SW-G,A,5095,57,B,3660,78,C,1540,85,D,3950,90,E,4828,57,F,3356,88,H,3645,72
[AUTOPOS] SW-G,A,5095,57,B,3611,80,C,1554,85,D,3973,94,E,4828,57,F,3338,89,H,3608,70
[AUTOPOS] SW-G,A,5048,52,B,3603,80,C,1566,86,D,3993,94,E,4828,57,F,3378,90,H,3622,71
[AUTOPOS] SW-G,A,5048,52,B,3619,81,C,1564,86,D,4009,94,E,4684,53,F,3363,90,H,3659,72
[AUTOPOS] SW-G,A,5143,52,B,3689,82,C,1564,86,D,3997,95,E,4870,54,F,3400,90,H,3659,72
[AUTOPOS] SW-G,A,5119,53,B,3627,83,C,1564,86,D,3991,95,E,4840,56,F,3368,91,H,3659,72
[AUTOPOS] SW-G,A,5119,53,B,3617,84,C,1516,80,D,3995,95,E,4840,56,F,3369,91,H,3616,68
[AUTOPOS] SW-G,A,5119,53,B,3679,84,C,1546,81,D,4013,95,E,4840,56,F,3332,92,H,3616,68
[AUTOPOS] SW-G,A,5215,51,B,3628,85,C,1556,82,D,3961,95,E,4810,52,F,3377,92,H,3616,68
[AUTOPOS] SW-G,A,5215,51,B,3646,85,C,1565,82,D,3973,96,E,4810,52,F,3361,92,H,3600,64
[AUTOPOS] SW-G,A,5184,50,B,3646,85,C,1569,83,D,3961,96,E,4807,52,F,3361,92,H,3647,65
[AUTOPOS] SW-G,A,5216,52,B,3646,85,C,1530,83,D,4024,96,E,4775,54,F,3388,89,H,3649,66
[AUTOPOS] SW-G,A,5223,55,B,3630,80,C,1507,84,D,4060,96,E,4803,56,F,3327,90,H,3604,67
[AUTOPOS] SW-G,A,5115,57,B,3648,81,C,1549,88,D,4060,96,E,4821,58,F,3327,90,H,3599,68
[AUTOPOS] SW-G,A,5062,60,B,3678,82,C,1563,88,D,4060,96,E,4831,60,F,3359,87,H,3578,70
[AUTOPOS] SW-G,A,5069,61,B,3694,83,C,1524,89,D,3969,90,E,4831,61,F,3359,87,H,3601,72
[AUTOPOS] SW-G,A,5033,63,B,3622,84,C,1557,90,D,4002,90,E,4772,62,F,3359,87,H,3613,73
[AUTOPOS] SW-G,A,5020,65,B,3622,84,C,1572,90,D,3991,94,E,4821,64,F,3363,78,H,3613,75
[AUTOPOS] SW-G,A,5075,66,B,3652,80,C,1548,90,D,4003,94,E,4847,65,F,3349,80,H,3622,76
[AUTOPOS] SW-G,A,5093,68,B,3670,81,C,1565,91,D,4008,94,E,4847,65,F,3350,80,H,3606,77
[AUTOPOS] SW-G,A,5040,69,B,3698,82,C,1565,91,D,4020,95,E,4813,64,F,3401,81,H,3635,78
[AUTOPOS] SW-G,A,5089,70,B,3624,83,C,1484,88,D,4003,95,E,4863,65,F,3376,82,H,3635,78
[AUTOPOS] SW-G,A,5089,70,B,3643,84,C,1550,88,D,4015,95,E,4902,70,F,3363,83,H,3635,78
[AUTOPOS] SW-G,A,5089,70,B,3697,84,C,1487,88,D,4019,95,E,4858,72,F,3346,84,H,3577,73
[AUTOPOS] SW-G,A,5052,64,B,3697,84,C,1478,89,D,4019,95,E,4856,73,F,3346,84,H,3587,74
[AUTOPOS] SW-G,A,5094,65,B,3697,84,C,1531,89,D,4020,92,E,4868,75,F,3346,84,H,3633,75
[AUTOPOS] SW-G,A,5099,70,B,3664,79,C,1505,90,D,4012,92,E,4829,76,F,3346,84,H,3629,75
[AUTOPOS] SW-G,A,5160,72,B,3664,79,C,1564,90,D,4019,92,E,4855,77,F,3384,75,H,3598,76
[AUTOPOS] SW-G,A,5063,73,B,3632,77,C,1566,90,D,4019,92,E,4882,78,F,3347,76,H,3658,77
[AUTOPOS] SW-G,A,5115,75,B,3609,78,C,1509,94,D,4068,89,E,4860,79,F,3353,77,H,3639,78
[AUTOPOS] SW-G,A,5070,76,B,3657,82,C,1537,94,D,4068,89,E,4862,80,F,3353,77,H,3682,82
[AUTOPOS] SW-G,A,5095,77,B,3677,83,C,1554,94,D,4008,87,E,4923,80,F,3353,77,H,3644,83
[AUTOPOS] SW-G,A,5064,78,B,3677,83,C,1483,95,D,4004,87,E,4811,81,F,3348,72,H,3594,84
[AUTOPOS] SW-G,A,5115,79,B,3639,80,C,1489,95,D,4004,87,E,4842,82,F,3383,73,H,3637,85
[AUTOPOS] SW-G,A,5065,80,B,3645,80,C,1560,95,D,3994,83,E,4748,82,F,3331,75,H,3583,85
[AUTOPOS] SW-G,A,5075,80,B,3636,81,C,1569,95,D,3994,83,E,4873,83,F,3331,75,H,3646,86
[AUTOPOS] SW-G,A,5060,81,B,3636,81,C,1519,95,D,4012,80,E,4886,83,F,3331,75,H,3584,86
[AUTOPOS] SW-G,A,5099,82,B,3636,81,C,1564,96,D,4012,80,E,4838,84,F,3354,69,H,3619,87
[AUTOPOS] SW-G,A,5122,82,B,3622,76,C,1542,96,D,4012,80,E,4923,88,F,3389,70,H,3619,88
[AUTOPOS] SW-G,A,5120,83,B,3622,76,C,1563,96,D,4014,73,E,4846,88,F,3382,72,H,3612,88
[AUTOPOS] SW-G,A,5129,83,B,3690,74,C,1562,96,D,4041,72,E,4866,89,F,3346,73,H,3616,85
[AUTOPOS] SW-G,A,5140,84,B,3700,75,C,1547,96,D,4049,73,E,4801,90,F,3348,74,H,3651,86
[AUTOPOS] SW-G,A,5183,88,B,3646,75,C,1527,96,D,4049,73,E,4870,90,F,3331,75,H,3590,86
[AUTOPOS] SW-G,A,5146,88,B,3601,76,C,1559,96,D,4049,73,E,4813,90,F,3360,75,H,3592,87
[AUTOPOS] SW-G,A,5075,89,B,3601,76,C,1571,96,D,4027,68,E,4855,91,F,3375,76,H,3612,87
[AUTOPOS] SW-G,A,5104,90,B,3607,75,C,1511,100,D,4027,68,E,4839,91,F,3345,77,H,3630,88
[AUTOPOS] SW-G,A,5135,90,B,3690,76,C,1548,100,D,4015,67,E,4779,92,F,3355,78,H,3624,88
[AUTOPOS] SW-G,A,5132,90,B,3584,77,C,1543,100,D,4076,68,E,4832,92,F,3347,82,H,3610,89
[AUTOPOS] SW-G,A,5145,91,B,3650,78,C,1552,100,D,4014,70,E,4836,92,F,3347,82,H,3559,90
[AUTOPOS] SW-G,A,5133,91,B,3650,78,C,1547,100,D,4014,70,E,4856,92,F,3376,78,H,3645,90
[AUTOPOS] SW-G,A,5075,92,B,3650,78,C,1514,100,D,4000,68,E,4879,93,F,3375,80,H,3598,90
[AUTOPOS] SW-G,A,5102,92,B,3631,72,C,1538,100,D,4000,68,E,4851,93,F,3353,80,H,3659,91
[AUTOPOS] SW-G,A,5127,92,B,3620,73,C,1552,100,D,4022,66,E,4883,93,F,3386,81,H,3604,91
[AUTOPOS] SW-G,A,5110,92,B,3630,75,C,1552,100,D,4065,68,E,4883,93,F,3394,82,H,3622,92
[AUTOPOS] SW-G,A,5136,93,B,3636,76,C,1533,100,D,4065,68,E,4834,94,F,3351,83,H,3595,92
[AUTOPOS] SW-G,A,5061,93,B,3636,76,C,1578,100,D,4002,66,E,4863,94,F,3364,84,H,3635,92
[AUTOPOS] SW-G,A,5076,93,B,3636,76,C,1543,100,D,4017,68,E,4827,94,F,3348,84,H,3604,92
[AUTOPOS] SW-G,A,5130,93,B,3597,71,C,1551,100,D,4017,68,E,4879,95,F,3348,84,H,3582,93
[AUTOPOS] SW-G,A,5074,94,B,3608,72,C,1557,100,D,4017,68,E,4908,95,F,3348,84,H,3630,93
[AUTOPOS] SW-G,A,5204,94,B,3608,72,C,1555,100,D,3983,64,E,4815,95,F,3348,79,H,3601,93
[AUTOPOS] SW-G,A,5119,94,B,3608,72,C,1533,100,D,4014,65,E,4917,95,F,3354,80,H,3624,93
[AUTOPOS] SW-G,A,5125,95,B,3608,72,C,1496,100,D,4044,66,E,4863,95,F,3354,80,H,3587,94
[AUTOPOS] SW-G,A,5129,95,B,3643,70,C,1564,100,D,4044,66,E,4864,96,F,3394,78,H,3611,94
[AUTOPOS] SW-G,A,5105,95,B,3643,70,C,1549,100,D,4011,65,E,4773,96,F,3394,78,H,3619,94
[AUTOPOS] SW-G,A,5065,95,B,3643,70,C,1530,100,D,4018,70,E,4893,96,F,3377,77,H,3644,95
[AUTOPOS] SW-G,A,5087,95,B,3643,70,C,1563,100,D,3991,72,E,4815,96,F,3375,78,H,3672,95
[AUTOPOS] SW-G,A,5049,96,B,3646,61,C,1545,100,D,3991,72,E,4842,96,F,3365,80,H,3689,95
[AUTOPOS] SW-G,A,5100,96,B,3621,63,C,1555,100,D,4008,70,E,4867,96,F,3375,80,H,3626,95
[AUTOPOS] SW-G,A,5075,96,B,3675,65,C,1550,100,D,3981,71,E,4867,96,F,3361,81,H,3626,95
[AUTOPOS] SW-G,A,5075,96,B,3587,66,C,1541,100,D,3968,72,E,4867,96,F,3367,82,H,3626,95
[AUTOPOS] SW-G,A,5075,96,B,3645,68,C,1541,100,D,4003,73,E,4858,94,F,3359,83,H,3646,88
[AUTOPOS] SW-G,A,5103,90,B,3677,69,C,1541,100,D,4012,75,E,4862,94,F,3368,84,H,3627,88
[AUTOPOS] SW-G,A,5064,90,B,3626,70,C,1505,92,D,4001,76,E,4862,94,F,3364,84,H,3627,88
[AUTOPOS] SW-G,A,5064,90,B,3643,71,C,1558,93,D,4001,76,E,4862,94,F,3336,85,H,3581,86
[AUTOPOS] SW-G,A,5049,88,B,3645,72,C,1545,93,D,4002,77,E,4890,85,F,3355,85,H,3678,86
[AUTOPOS] SW-G,A,5049,88,B,3592,73,C,1547,93,D,4007,78,E,4890,85,F,3356,86,H,3615,87
[AUTOPOS] SW-G,A,5049,88,B,3614,74,C,1510,93,D,4007,78,E,4830,82,F,3362,86,H,3652,87
[AUTOPOS] SW-G,A,5113,80,B,3614,74,C,1518,94,D,4030,76,E,4875,83,F,3340,87,H,3626,88
[AUTOPOS] SW-G,A,5178,80,B,3670,76,C,1561,94,D,4054,77,E,4844,84,F,3340,87,H,3654,88
[AUTOPOS] SW-G,A,5096,81,B,3648,77,C,1578,94,D,4054,77,E,4802,84,F,3390,88,H,3634,89
[AUTOPOS] SW-G,A,5089,82,B,3624,78,C,1507,95,D,3956,76,E,4846,85,F,3379,88,H,3627,90
[AUTOPOS] SW-G,A,5050,83,B,3697,76,C,1562,95,D,3991,77,E,4822,85,F,3359,89,H,3601,90
[AUTOPOS] SW-G,A,5118,84,B,3634,77,C,1603,95,D,3964,78,E,4822,85,F,3348,90,H,3593,90
[AUTOPOS] SW-G,A,5139,84,B,3593,78,C,1562,95,D,4014,80,E,4822,85,F,3380,90,H,3642,91
[AUTOPOS] SW-G,A,5139,84,B,3688,79,C,1562,95,D,4038,80,E,4875,80,F,3387,90,H,3642,91
[AUTOPOS] SW-G,A,5139,84,B,3652,80,C,1553,92,D,4014,81,E,4850,81,F,3362,91,H,3637,88
[AUTOPOS] SW-G,A,5139,84,B,3659,80,C,1529,92,D,4032,82,E,4850,81,F,3361,91,H,3637,88
[AUTOPOS] SW-G,A,5139,84,B,3599,81,C,1522,92,D,4037,83,E,4850,81,F,3334,92,H,3637,88
[AUTOPOS] SW-G,A,5139,84,B,3596,82,C,1538,92,D,4016,84,E,4785,73,F,3338,92,H,3622,82
[AUTOPOS] SW-G,A,5129,71,B,3700,82,C,1538,92,D,4006,84,E,4857,75,F,3370,92,H,3622,82
[AUTOPOS] SW-G,A,5202,76,B,3594,83,C,1538,92,D,3994,85,E,4864,76,F,3347,92,H,3698,80
[AUTOPOS] SW-G,A,5086,77,B,3578,83,C,1545,87,D,3999,85,E,4896,77,F,3365,93,H,3650,80
[AUTOPOS] SW-G,A,5119,78,B,3603,84,C,1545,87,D,4002,86,E,4896,77,F,3364,93,H,3650,80
[AUTOPOS] SW-G,A,5119,78,B,3658,88,C,1545,87,D,4009,86,E,4772,75,F,3367,93,H,3650,80
[AUTOPOS] SW-G,A,5119,78,B,3690,88,C,1489,83,D,3982,87,E,4772,75,F,3357,93,H,3609,77
[AUTOPOS] SW-G,A,5171,72,B,3608,89,C,1564,84,D,4003,87,E,4772,75,F,3379,94,H,3614,78
[AUTOPOS] SW-G,A,5077,73,B,3637,90,C,1544,85,D,3971,88,E,4772,75,F,3350,94,H,3621,80
[AUTOPOS] SW-G,A,5077,73,B,3596,90,C,1538,85,D,3983,88,E,4772,75,F,3333,94,H,3589,80
[AUTOPOS] SW-G,A,5069,69,B,3596,90,C,1557,86,D,3983,88,E,4861,65,F,3333,94,H,3607,81
[AUTOPOS] SW-G,A,4930,70,B,3596,90,C,1531,86,D,3991,85,E,4769,66,F,3351,90,H,3652,82
[AUTOPOS] SW-G,A,4998,71,B,3640,83,C,1500,87,D,3991,85,E,4846,67,F,3359,90,H,3607,83
[AUTOPOS] SW-G,A,5028,72,B,3652,84,C,1526,88,D,3991,85,E,4795,68,F,3353,91,H,3639,84
[AUTOPOS] SW-G,A,5164,73,B,3652,84,C,1547,88,D,3991,78,E,4852,70,F,3353,91,H,3611,84
[AUTOPOS] SW-G,A,5161,74,B,3684,81,C,1521,88,D,4048,79,E,4951,72,F,3410,88,H,3636,85
[AUTOPOS] SW-G,A,5174,75,B,3617,82,C,1521,88,D,4006,80,E,4923,73,F,3377,88,H,3636,85
[AUTOPOS] SW-G,A,5174,75,B,3607,82,C,1559,86,D,3938,80,E,4923,73,F,3370,88,H,3636,85
[AUTOPOS] Disconnected[2]: F9:5B:1A:A3:84:45 (random) reason=0x08 link=anchor-ctrl ready=1
[AUTOPOS] Disconnected[4]: DE:49:E3:D0:E4:E8 (random) reason=0x08 link=anchor-ctrl ready=1
[AUTOPOS] Disconnected[1]: EC:9F:55:9D:7E:A1 (random) reason=0x08 link=anchor-ctrl ready=1
[AUTOPOS] Disconnected[6]: C0:1D:D1:D0:CE:B0 (random) reason=0x08 link=anchor-ctrl ready=1
[AUTOPOS] Disconnected[0]: E9:CB:F3:C4:51:43 (random) reason=0x08 link=anchor-ctrl ready=1
[AUTOPOS] Disconnected[5]: D7:93:2A:57:6D:1E (random) reason=0x08 link=anchor-ctrl ready=1
[AUTOPOS] Disconnected[7]: D9:C7:9C:16:71:C9 (random) reason=0x08 link=anchor-ctrl ready=1
[AUTOPOS] Disconnected[3]: FD:64:2E:93:37:86 (random) reason=0x08 link=anchor-ctrl ready=1
[AUTOPOS] SCAN hit: EC:9F:55:9D:7E:A1 (random) rssi=-80 name=- bs=- uuid=B3087BC3D87CCCD316AEDC6B71D6677F target=anchor uuid_ok=1 tag_name=0 anchor_name=0 nus=0 dfu=0 token=0 props=0x03
[AUTOPOS] CONNECT queue[0]: addr=EC:9F:55:9D:7E:A1 (random) link=anchor-ctrl uuid=B3087BC3D87CCCD316AEDC6B71D6677F target=anchor
[AUTOPOS] CONNECT pending[0]: addr_valid=1 link=anchor-ctrl uuid=B3087BC3D87CCCD316AEDC6B71D6677F scan_running=1 conn_count=0
[AUTOPOS] CONNECT pending[0]: bt_le_scan_stop rc=0 scan_running=1
[AUTOPOS] CONNECT pending[0] rc=0 conn=0x20004898
[AUTOPOS] Failed to connect[0] to EC:9F:55:9D:7E:A1 (random), err 0x02
[AUTOPOS] SCAN start req: bt_ready=1 scan_running=0 connecting_slot=-1 conn_count=0 target=anchor prefix=ANCHOR-
[AUTOPOS] Scanning for ANCHOR-*
[AUTOPOS] SCAN hit: EC:9F:55:9D:7E:A1 (random) rssi=-75 name=- bs=- uuid=B3087BC3D87CCCD316AEDC6B71D6677F target=anchor uuid_ok=1 tag_name=0 anchor_name=0 nus=0 dfu=0 token=0 props=0x03
[AUTOPOS] CONNECT queue[0]: addr=EC:9F:55:9D:7E:A1 (random) link=anchor-ctrl uuid=B3087BC3D87CCCD316AEDC6B71D6677F target=anchor
[AUTOPOS] CONNECT pending[0]: addr_valid=1 link=anchor-ctrl uuid=B3087BC3D87CCCD316AEDC6B71D6677F scan_running=1 conn_count=0
[AUTOPOS] CONNECT pending[0]: bt_le_scan_stop rc=0 scan_running=1
[AUTOPOS] CONNECT pending[0] rc=0 conn=0x20004898
[AUTOPOS] Connected[0]: EC:9F:55:9D:7E:A1 (random) name=- bs=-
[AUTOPOS] CONNECT state[0]: link=anchor-ctrl uuid=B3087BC3D87CCCD316AEDC6B71D6677F ready=0 conn=0x20004898
SETUP[0] defer: waiting 862 ms before discovery start
SETUP[0] defer: waiting 812 ms before discovery start
SETUP[0] defer: waiting 761 ms before discovery start
SETUP[0] defer: waiting 711 ms before discovery start
SETUP[0] defer: waiting 661 ms before discovery start
SETUP[0] defer: waiting 610 ms before discovery start
SETUP[0] defer: waiting 560 ms before discovery start
SETUP[0] defer: waiting 510 ms before discovery start
SETUP[0] defer: waiting 459 ms before discovery start
SETUP[0] defer: waiting 409 ms before discovery start
SETUP[0] defer: waiting 359 ms before discovery start
SETUP[0] defer: waiting 308 ms before discovery start
SETUP[0] defer: waiting 258 ms before discovery start
SETUP[0] defer: waiting 208 ms before discovery start
SETUP[0] defer: waiting 157 ms before discovery start
SETUP[0] defer: waiting 107 ms before discovery start
SETUP[0] defer: waiting 56 ms before discovery start
SETUP[0] defer: waiting 6 ms before discovery start
SETUP[0] begin: link=anchor-ctrl uuid=B3087BC3D87CCCD316AEDC6B71D6677F conn=0x20004898
SETUP[0] mtu_exchange rc=0
SETUP[0] phy_update rc=0
SETUP[0] conn_param_update rc=0
[AUTOPOS] DISC start[0]: link=anchor-ctrl uuid=B3087BC3D87CCCD316AEDC6B71D6677F conn=0x20004898
[AUTOPOS] MTU exchange[0] done (498)
[AUTOPOS] Conn param updated[0]: int=6 lat=0 to=400
[AUTOPOS] PHY updated[0]: tx=0x2 rx=0x2
[AUTOPOS] DISC complete[0]: link=anchor-ctrl discovered_service=2800 uuid=B3087BC3D87CCCD316AEDC6B71D6677F
[AUTOPOS] DISC anchor service found[0]: uuid=B3087BC3D87CCCD316AEDC6B71D6677F
[AUTOPOS] Anchor ctrl state subscribe[0] rc=0
[AUTOPOS] Anchor ctrl result subscribe[0] rc=0
[AUTOPOS] ANCHOR_CTRL[0] link ready handle=0x0019 result=0x001b uuid=B3087BC3D87CCCD316AEDC6B71D6677F
[AUTOPOS] SCAN start req: bt_ready=1 scan_running=0 connecting_slot=-1 conn_count=1 target=anchor prefix=ANCHOR-
[AUTOPOS] Scanning for ANCHOR-*
[AUTOPOS] Conn param updated[0]: int=6 lat=0 to=400
--- SERIAL DISCONNECTED, REOPEN ---
--- SERIAL REOPENED ---
--- SERIAL DISCONNECTED, REOPEN ---
FATAL: exception in round_capture
Traceback (most recent call last):
  File "/home/zekaixiao/Documents/nRF_dev/BioSpur_UWB_before_start/SS-TWR/alt-SS-TWR/broadcast/scripts/run_autopos_sweep_loop.py", line 3048, in round_capture
    data = ser.read(4096)
           ^^^^^^^^^^^^^^
  File "/usr/lib/python3/dist-packages/serial/serialposix.py", line 595, in read
    raise SerialException(
serial.serialutil.SerialException: device reports readiness to read but returned no data (device disconnected or multiple access on port?)

During handling of the above exception, another exception occurred:

Traceback (most recent call last):
  File "/home/zekaixiao/Documents/nRF_dev/BioSpur_UWB_before_start/SS-TWR/alt-SS-TWR/broadcast/scripts/run_autopos_sweep_loop.py", line 3055, in round_capture
    ser = reopen_port(port)
          ^^^^^^^^^^^^^^^^^
  File "/home/zekaixiao/Documents/nRF_dev/BioSpur_UWB_before_start/SS-TWR/alt-SS-TWR/broadcast/scripts/run_autopos_sweep_loop.py", line 569, in reopen_port
    return open_port(port, 20.0)
           ^^^^^^^^^^^^^^^^^^^^^
  File "/home/zekaixiao/Documents/nRF_dev/BioSpur_UWB_before_start/SS-TWR/alt-SS-TWR/broadcast/scripts/run_autopos_sweep_loop.py", line 519, in open_port
    raise last_exc
  File "/home/zekaixiao/Documents/nRF_dev/BioSpur_UWB_before_start/SS-TWR/alt-SS-TWR/broadcast/scripts/run_autopos_sweep_loop.py", line 511, in open_port
    ser = serial.Serial(port, 115200, timeout=0.2, write_timeout=5.0)
          ^^^^^^^^^^^^^^^^^^^^^^^^^^^^^^^^^^^^^^^^^^^^^^^^^^^^^^^^^^^
  File "/usr/lib/python3/dist-packages/serial/serialutil.py", line 244, in __init__
    self.open()
  File "/usr/lib/python3/dist-packages/serial/serialposix.py", line 325, in open
    raise SerialException(msg.errno, "could not open port {}: {}".format(self._port, msg))
serial.serialutil.SerialException: [Errno 2] could not open port /dev/serial/by-id/usb-BioSpur_BioSpur_BLE_Control_87EA2F4A526C5A02-if00: [Errno 2] No such file or directory: '/dev/serial/by-id/usb-BioSpur_BioSpur_BLE_Control_87EA2F4A526C5A02-if00'

END=2026-06-02 12:54:08
