listener debug sel=A valid=1 age=7782550 level=7 good=98179 accepted=24219 badhdr=0 nonanchor=73960 toolong=0 rxerr=101 rxen_fail=0 rxen_last=0 sys_status=0x00800002 sys_state=000505430b rx_finfo=0x07b6c811 last_status=0x04800102 last_len=17 pan=0xdeca dst=0xffff src=0xb101 code=0xe0
listener debug sel=A valid=1 age=7783550 level=7 good=98179 accepted=24219 badhdr=0 nonanchor=73960 toolong=0 rxerr=101 rxen_fail=0 rxen_last=0 sys_status=0x00800002 sys_state=000505470b rx_finfo=0x07b6c811 last_status=0x04800102 last_len=17 pan=0xdeca dst=0xffff src=0xb101 code=0xe0
listener debug sel=A valid=1 age=7784550 level=7 good=98179 accepted=24219 badhdr=0 nonanchor=73960 toolong=0 rxerr=101 rxen_fail=0 rxen_last=0 sys_status=0x00800002 sys_state=000505440b rx_finfo=0x07b6c811 last_status=0x04800102 last_len=17 pan=0xdeca dst=0xffff src=0xb101 code=0xe0
listener debug sel=A valid=1 age=7785550 level=7 good=98179 accepted=24219 badhdr=0 nonanchor=73960 toolong=0 rxerr=101 rxen_fail=0 rxen_last=0 sys_status=0x00800002 sys_state=000505470b rx_finfo=0x07b6c811 last_status=0x04800102 last_len=17 pan=0xdeca dst=0xffff src=0xb101 code=0xe0
listener debug sel=A valid=1 age=7786551 level=7 good=98179 accepted=24219 badhdr=0 nonanchor=73960 toolong=0 rxerr=101 rxen_fail=0 rxen_last=0 sys_status=0x00800002 sys_state=000505430b rx_finfo=0x07b6c811 last_status=0x04800102 last_len=17 pan=0xdeca dst=0xffff src=0xb101 code=0xe0
listener debug sel=A valid=1 age=7787556 level=7 good=98179 accepted=24219 badhdr=0 nonanchor=73960 toolong=0 rxerr=101 rxen_fail=0 rxen_last=0 sys_status=0x00800002 sys_state=000505440b rx_finfo=0x07b6c811 last_status=0x04800102 last_len=17 pan=0xdeca dst=0xffff src=0xb101 code=0xe0
listener debug sel=A valid=1 age=7788556 level=7 good=98179 accepted=24219 badhdr=0 nonanchor=73960 toolong=0 rxerr=101 rxen_fail=0 rxen_last=0 sys_status=0x00800002 sys_state=000505430b rx_finfo=0x07b6c811 last_status=0x04800102 last_len=17 pan=0xdeca dst=0xffff src=0xb101 code=0xe0
listener debug sel=A valid=1 age=7789556 level=7 good=98179 accepted=24219 badhdr=0 nonanchor=73960 toolong=0 rxerr=101 rxen_fail=0 rxen_last=0 sys_status=0x00800002 sys_state=000505470b rx_finfo=0x07b6c811 last_status=0x04800102 last_len=17 pan=0xdeca dst=0xffff src=0xb101 code=0xe0
listener debug sel=A valid=1 age=7790556 level=7 good=98179 accepted=24219 badhdr=0 nonanchor=73960 toolong=0 rxerr=101 rxen_fail=0 rxen_last=0 sys_status=0x00800002 sys_state=000505400b rx_finfo=0x07b6c811 last_status=0x04800102 last_len=17 pan=0xdeca dst=0xffff src=0xb101 code=0xe0
listener debug sel=A valid=1 age=7791556 level=7 good=98179 accepted=24219 badhdr=0 nonanchor=73960 toolong=0 rxerr=101 rxen_fail=0 rxen_last=0 sys_status=0x00800002 sys_state=000505480b rx_finfo=0x07b6c811 last_status=0x04800102 last_len=17 pan=0xdeca dst=0xffff src=0xb101 code=0xe0
listener debug sel=A valid=1 age=7792561 level=7 good=98179 accepted=24219 badhdr=0 nonanchor=73960 toolong=0 rxerr=101 rxen_fail=0 rxen_last=0 sys_status=0x00800002 sys_state=000505440b rx_finfo=0x07b6c811 last_status=0x04800102 last_len=17 pan=0xdeca dst=0xffff src=0xb101 code=0xe0
listener debug sel=A valid=1 age=7793566 level=7 good=98179 accepted=24219 badhdr=0 nonanchor=73960 toolong=0 rxerr=101 rxen_fail=0 rxen_last=0 sys_status=0x00800002 sys_state=000505440b rx_finfo=0x07b6c811 last_status=0x04800102 last_len=17 pan=0xdeca dst=0xffff src=0xb101 code=0xe0
listener debug sel=A valid=1 age=7794566 level=7 good=98179 accepted=24219 badhdr=0 nonanchor=73960 toolong=0 rxerr=101 rxen_fail=0 rxen_last=0 sys_status=0x00800002 sys_state=000505410b rx_finfo=0x07b6c811 last_status=0x04800102 last_len=17 pan=0xdeca dst=0xffff src=0xb101 code=0xe0
listener debug sel=A valid=1 age=7795571 level=7 good=98179 accepted=24219 badhdr=0 nonanchor=73960 toolong=0 rxerr=101 rxen_fail=0 rxen_last=0 sys_status=0x00800002 sys_state=000505400b rx_finfo=0x07b6c811 last_status=0x04800102 last_len=17 pan=0xdeca dst=0xffff src=0xb101 code=0xe0
listener debug sel=A valid=1 age=7796571 level=7 good=98179 accepted=24219 badhdr=0 nonanchor=73960 toolong=0 rxerr=101 rxen_fail=0 rxen_last=0 sys_status=0x00800002 sys_state=000505440b rx_finfo=0x07b6c811 last_status=0x04800102 last_len=17 pan=0xdeca dst=0xffff src=0xb101 code=0xe0
listener debug sel=A valid=1 age=7797571 level=7 good=98179 accepted=24219 badhdr=0 nonanchor=73960 toolong=0 rxerr=101 rxen_fail=0 rxen_last=0 sys_status=0x00800002 sys_state=000505410b rx_finfo=0x07b6c811 last_status=0x04800102 last_len=17 pan=0xdeca dst=0xffff src=0xb101 code=0xe0
listener debug sel=A valid=1 age=7798571 level=7 good=98179 accepted=24219 badhdr=0 nonanchor=73960 toolong=0 rxerr=101 rxen_fail=0 rxen_last=0 sys_status=0x00800002 sys_state=000505460b rx_finfo=0x07b6c811 last_status=0x04800102 last_len=17 pan=0xdeca dst=0xffff src=0xb101 code=0xe0
listener debug sel=A valid=1 age=7799571 level=7 good=98179 accepted=24219 badhdr=0 nonanchor=73960 toolong=0 rxerr=101 rxen_fail=0 rxen_last=0 sys_status=0x00800002 sys_state=000505450b rx_finfo=0x07b6c811 last_status=0x04800102 last_len=17 pan=0xdeca dst=0xffff src=0xb101 code=0xe0
listener debug sel=A valid=1 age=7800571 level=7 good=98179 accepted=24219 badhdr=0 nonanchor=73960 toolong=0 rxerr=101 rxen_fail=0 rxen_last=0 sys_status=0x00800002 sys_state=000505400b rx_finfo=0x07b6c811 last_status=0x04800102 last_len=17 pan=0xdeca dst=0xffff src=0xb101 code=0xe0
listener debug sel=A valid=1 age=7801576 level=7 good=98179 accepted=24219 badhdr=0 nonanchor=73960 toolong=0 rxerr=101 rxen_fail=0 rxen_last=0 sys_status=0x00800002 sys_state=000505450b rx_finfo=0x07b6c811 last_status=0x04800102 last_len=17 pan=0xdeca dst=0xffff src=0xb101 code=0xe0
listener debug sel=A valid=1 age=7802581 level=7 good=98179 accepted=24219 badhdr=0 nonanchor=73960 toolong=0 rxerr=101 rxen_fail=0 rxen_last=0 sys_status=0x00800002 sys_state=000505440b rx_finfo=0x07b6c811 last_status=0x04800102 last_len=17 pan=0xdeca dst=0xffff src=0xb101 code=0xe0
listener debug sel=A valid=1 age=7803581 level=7 good=98179 accepted=24219 badhdr=0 nonanchor=73960 toolong=0 rxerr=101 rxen_fail=0 rxen_last=0 sys_status=0x00800002 sys_state=000505430b rx_finfo=0x07b6c811 last_status=0x04800102 last_len=17 pan=0xdeca dst=0xffff src=0xb101 code=0xe0
listener debug sel=A valid=1 age=7804586 level=7 good=98179 accepted=24219 badhdr=0 nonanchor=73960 toolong=0 rxerr=101 rxen_fail=0 rxen_last=0 sys_status=0x00800002 sys_state=000505460b rx_finfo=0x07b6c811 last_status=0x04800102 last_len=17 pan=0xdeca dst=0xffff src=0xb101 code=0xe0
listener debug sel=A valid=1 age=7805591 level=7 good=98179 accepted=24219 badhdr=0 nonanchor=73960 toolong=0 rxerr=101 rxen_fail=0 rxen_last=0 sys_status=0x00800002 sys_state=000505410b rx_finfo=0x07b6c811 last_status=0x04800102 last_len=17 pan=0xdeca dst=0xffff src=0xb101 code=0xe0
listener debug sel=A valid=1 age=7806596 level=7 good=98179 accepted=24219 badhdr=0 nonanchor=73960 toolong=0 rxerr=101 rxen_fail=0 rxen_last=0 sys_status=0x00800002 sys_state=000505410b rx_finfo=0x07b6c811 last_status=0x04800102 last_len=17 pan=0xdeca dst=0xffff src=0xb101 code=0xe0
listener debug sel=A valid=1 age=7807601 level=7 good=98179 accepted=24219 badhdr=0 nonanchor=73960 toolong=0 rxerr=101 rxen_fail=0 rxen_last=0 sys_status=0x00800002 sys_state=000505460b rx_finfo=0x07b6c811 last_status=0x04800102 last_len=17 pan=0xdeca dst=0xffff src=0xb101 code=0xe0
listener debug sel=A valid=1 age=7808601 level=7 good=98179 accepted=24219 badhdr=0 nonanchor=73960 toolong=0 rxerr=101 rxen_fail=0 rxen_last=0 sys_status=0x00800002 sys_state=000505440b rx_finfo=0x07b6c811 last_status=0x04800102 last_len=17 pan=0xdeca dst=0xffff src=0xb101 code=0xe0
listener debug sel=A valid=1 age=7809606 level=7 good=98179 accepted=24219 badhdr=0 nonanchor=73960 toolong=0 rxerr=101 rxen_fail=0 rxen_last=0 sys_status=0x00800002 sys_state=000505410b rx_finfo=0x07b6c811 last_status=0x04800102 last_len=17 pan=0xdeca dst=0xffff src=0xb101 code=0xe0
listener debug sel=A valid=1 age=7810606 level=7 good=98179 accepted=24219 badhdr=0 nonanchor=73960 toolong=0 rxerr=101 rxen_fail=0 rxen_last=0 sys_status=0x00800002 sys_state=000505440b rx_finfo=0x07b6c811 last_status=0x04800102 last_len=17 pan=0xdeca dst=0xffff src=0xb101 code=0xe0
listener debug sel=A valid=1 age=7811606 level=7 good=98179 accepted=24219 badhdr=0 nonanchor=73960 toolong=0 rxerr=101 rxen_fail=0 rxen_last=0 sys_status=0x00800002 sys_state=000505480b rx_finfo=0x07b6c811 last_status=0x04800102 last_len=17 pan=0xdeca dst=0xffff src=0xb101 code=0xe0
listener debug sel=A valid=1 age=7812611 level=7 good=98179 accepted=24219 badhdr=0 nonanchor=73960 toolong=0 rxerr=101 rxen_fail=0 rxen_last=0 sys_status=0x00800002 sys_state=000505430b rx_finfo=0x07b6c811 last_status=0x04800102 last_len=17 pan=0xdeca dst=0xffff src=0xb101 code=0xe0
listener debug sel=A valid=1 age=7813616 level=7 good=98179 accepted=24219 badhdr=0 nonanchor=73960 toolong=0 rxerr=101 rxen_fail=0 rxen_last=0 sys_status=0x00800002 sys_state=000505440b rx_finfo=0x07b6c811 last_status=0x04800102 last_len=17 pan=0xdeca dst=0xffff src=0xb101 code=0xe0
listener debug sel=A valid=1 age=7814616 level=7 good=98179 accepted=24219 badhdr=0 nonanchor=73960 toolong=0 rxerr=101 rxen_fail=0 rxen_last=0 sys_status=0x00800002 sys_state=000505460b rx_finfo=0x07b6c811 last_status=0x04800102 last_len=17 pan=0xdeca dst=0xffff src=0xb101 code=0xe0
listener debug sel=A valid=1 age=7815616 level=7 good=98179 accepted=24219 badhdr=0 nonanchor=73960 toolong=0 rxerr=101 rxen_fail=0 rxen_last=0 sys_status=0x00800002 sys_state=000505470b rx_finfo=0x07b6c811 last_status=0x04800102 last_len=17 pan=0xdeca dst=0xffff src=0xb101 code=0xe0
listener debug sel=A valid=1 age=7816616 level=7 good=98179 accepted=24219 badhdr=0 nonanchor=73960 toolong=0 rxerr=101 rxen_fail=0 rxen_last=0 sys_status=0x00800002 sys_state=000505440b rx_finfo=0x07b6c811 last_status=0x04800102 last_len=17 pan=0xdeca dst=0xffff src=0xb101 code=0xe0
listener debug sel=A valid=1 age=7817621 level=7 good=98179 accepted=24219 badhdr=0 nonanchor=73960 toolong=0 rxerr=101 rxen_fail=0 rxen_last=0 sys_status=0x00800002 sys_state=000505440b rx_finfo=0x07b6c811 last_status=0x04800102 last_len=17 pan=0xdeca dst=0xffff src=0xb101 code=0xe0
listener debug sel=A valid=1 age=7818626 level=7 good=98179 accepted=24219 badhdr=0 nonanchor=73960 toolong=0 rxerr=101 rxen_fail=0 rxen_last=0 sys_status=0x00800002 sys_state=000505430b rx_finfo=0x07b6c811 last_status=0x04800102 last_len=17 pan=0xdeca dst=0xffff src=0xb101 code=0xe0
listener debug sel=A valid=1 age=7819631 level=7 good=98179 accepted=24219 badhdr=0 nonanchor=73960 toolong=0 rxerr=101 rxen_fail=0 rxen_last=0 sys_status=0x00800002 sys_state=000505400b rx_finfo=0x07b6c811 last_status=0x04800102 last_len=17 pan=0xdeca dst=0xffff src=0xb101 code=0xe0
listener debug sel=A valid=1 age=7820636 level=7 good=98179 accepted=24219 badhdr=0 nonanchor=73960 toolong=0 rxerr=101 rxen_fail=0 rxen_last=0 sys_status=0x00800002 sys_state=000505450b rx_finfo=0x07b6c811 last_status=0x04800102 last_len=17 pan=0xdeca dst=0xffff src=0xb101 code=0xe0
listener debug sel=A valid=1 age=7821641 level=7 good=98179 accepted=24219 badhdr=0 nonanchor=73960 toolong=0 rxerr=101 rxen_fail=0 rxen_last=0 sys_status=0x00800002 sys_state=000505460b rx_finfo=0x07b6c811 last_status=0x04800102 last_len=17 pan=0xdeca dst=0xffff src=0xb101 code=0xe0
listener debug sel=A valid=1 age=7822646 level=7 good=98179 accepted=24219 badhdr=0 nonanchor=73960 toolong=0 rxerr=101 rxen_fail=0 rxen_last=0 sys_status=0x00800002 sys_state=000505410b rx_finfo=0x07b6c811 last_status=0x04800102 last_len=17 pan=0xdeca dst=0xffff src=0xb101 code=0xe0
listener debug sel=A valid=1 age=7823651 level=7 good=98179 accepted=24219 badhdr=0 nonanchor=73960 toolong=0 rxerr=101 rxen_fail=0 rxen_last=0 sys_status=0x00800002 sys_state=000505410b rx_finfo=0x07b6c811 last_status=0x04800102 last_len=17 pan=0xdeca dst=0xffff src=0xb101 code=0xe0
listener debug sel=A valid=1 age=7824656 level=7 good=98179 accepted=24219 badhdr=0 nonanchor=73960 toolong=0 rxerr=101 rxen_fail=0 rxen_last=0 sys_status=0x00800002 sys_state=000505400b rx_finfo=0x07b6c811 last_status=0x04800102 last_len=17 pan=0xdeca dst=0xffff src=0xb101 code=0xe0
listener debug sel=A valid=1 age=7825656 level=7 good=98179 accepted=24219 badhdr=0 nonanchor=73960 toolong=0 rxerr=101 rxen_fail=0 rxen_last=0 sys_status=0x00800002 sys_state=000505480b rx_finfo=0x07b6c811 last_status=0x04800102 last_len=17 pan=0xdeca dst=0xffff src=0xb101 code=0xe0
listener debug sel=A valid=1 age=7826656 level=7 good=98179 accepted=24219 badhdr=0 nonanchor=73960 toolong=0 rxerr=101 rxen_fail=0 rxen_last=0 sys_status=0x00800002 sys_state=000505430b rx_finfo=0x07b6c811 last_status=0x04800102 last_len=17 pan=0xdeca dst=0xffff src=0xb101 code=0xe0
listener debug sel=A valid=1 age=7827656 level=7 good=98179 accepted=24219 badhdr=0 nonanchor=73960 toolong=0 rxerr=101 rxen_fail=0 rxen_last=0 sys_status=0x00800002 sys_state=000505480b rx_finfo=0x07b6c811 last_status=0x04800102 last_len=17 pan=0xdeca dst=0xffff src=0xb101 code=0xe0
listener debug sel=A valid=1 age=7828656 level=7 good=98179 accepted=24219 badhdr=0 nonanchor=73960 toolong=0 rxerr=101 rxen_fail=0 rxen_last=0 sys_status=0x00800002 sys_state=000505460b rx_finfo=0x07b6c811 last_status=0x04800102 last_len=17 pan=0xdeca dst=0xffff src=0xb101 code=0xe0
listener debug sel=A valid=1 age=7829656 level=7 good=98179 accepted=24219 badhdr=0 nonanchor=73960 toolong=0 rxerr=101 rxen_fail=0 rxen_last=0 sys_status=0x00800002 sys_state=000505430b rx_finfo=0x07b6c811 last_status=0x04800102 last_len=17 pan=0xdeca dst=0xffff src=0xb101 code=0xe0
listener debug sel=A valid=1 age=7830656 level=7 good=98179 accepted=24219 badhdr=0 nonanchor=73960 toolong=0 rxerr=101 rxen_fail=0 rxen_last=0 sys_status=0x00800002 sys_state=000505440b rx_finfo=0x07b6c811 last_status=0x04800102 last_len=17 pan=0xdeca dst=0xffff src=0xb101 code=0xe0
listener debug sel=A valid=1 age=7831656 level=7 good=98179 accepted=24219 badhdr=0 nonanchor=73960 toolong=0 rxerr=101 rxen_fail=0 rxen_last=0 sys_status=0x00800002 sys_state=000505480b rx_finfo=0x07b6c811 last_status=0x04800102 last_len=17 pan=0xdeca dst=0xffff src=0xb101 code=0xe0
listener debug sel=A valid=1 age=7832656 level=7 good=98179 accepted=24219 badhdr=0 nonanchor=73960 toolong=0 rxerr=101 rxen_fail=0 rxen_last=0 sys_status=0x00800002 sys_state=000505430b rx_finfo=0x07b6c811 last_status=0x04800102 last_len=17 pan=0xdeca dst=0xffff src=0xb101 code=0xe0
listener debug sel=A valid=1 age=7833656 level=7 good=98179 accepted=24219 badhdr=0 nonanchor=73960 toolong=0 rxerr=101 rxen_fail=0 rxen_last=0 sys_status=0x00800002 sys_state=000505430b rx_finfo=0x07b6c811 last_status=0x04800102 last_len=17 pan=0xdeca dst=0xffff src=0xb101 code=0xe0
listener debug sel=A valid=1 age=7834656 level=7 good=98179 accepted=24219 badhdr=0 nonanchor=73960 toolong=0 rxerr=101 rxen_fail=0 rxen_last=0 sys_status=0x00800002 sys_state=000505460b rx_finfo=0x07b6c811 last_status=0x04800102 last_len=17 pan=0xdeca dst=0xffff src=0xb101 code=0xe0
listener debug sel=A valid=1 age=7835656 level=7 good=98179 accepted=24219 badhdr=0 nonanchor=73960 toolong=0 rxerr=101 rxen_fail=0 rxen_last=0 sys_status=0x00800002 sys_state=000505450b rx_finfo=0x07b6c811 last_status=0x04800102 last_len=17 pan=0xdeca dst=0xffff src=0xb101 code=0xe0
listener debug sel=A valid=1 age=7836656 level=7 good=98179 accepted=24219 badhdr=0 nonanchor=73960 toolong=0 rxerr=101 rxen_fail=0 rxen_last=0 sys_status=0x00800002 sys_state=000505460b rx_finfo=0x07b6c811 last_status=0x04800102 last_len=17 pan=0xdeca dst=0xffff src=0xb101 code=0xe0
listener debug sel=A valid=1 age=7837656 level=7 good=98179 accepted=24219 badhdr=0 nonanchor=73960 toolong=0 rxerr=101 rxen_fail=0 rxen_last=0 sys_status=0x00800002 sys_state=000505440b rx_finfo=0x07b6c811 last_status=0x04800102 last_len=17 pan=0xdeca dst=0xffff src=0xb101 code=0xe0
listener debug sel=A valid=1 age=7838656 level=7 good=98179 accepted=24219 badhdr=0 nonanchor=73960 toolong=0 rxerr=101 rxen_fail=0 rxen_last=0 sys_status=0x00800002 sys_state=000505440b rx_finfo=0x07b6c811 last_status=0x04800102 last_len=17 pan=0xdeca dst=0xffff src=0xb101 code=0xe0
listener debug sel=A valid=1 age=7839656 level=7 good=98179 accepted=24219 badhdr=0 nonanchor=73960 toolong=0 rxerr=101 rxen_fail=0 rxen_last=0 sys_status=0x00800002 sys_state=000505470b rx_finfo=0x07b6c811 last_status=0x04800102 last_len=17 pan=0xdeca dst=0xffff src=0xb101 code=0xe0
listener debug sel=A valid=1 age=7840656 level=7 good=98179 accepted=24219 badhdr=0 nonanchor=73960 toolong=0 rxerr=101 rxen_fail=0 rxen_last=0 sys_status=0x00800002 sys_state=000505400b rx_finfo=0x07b6c811 last_status=0x04800102 last_len=17 pan=0xdeca dst=0xffff src=0xb101 code=0xe0
listener debug sel=A valid=1 age=7841657 level=7 good=98179 accepted=24219 badhdr=0 nonanchor=73960 toolong=0 rxerr=102 rxen_fail=0 rxen_last=0 sys_status=0x00800002 sys_state=000505460b rx_finfo=0x07b6c811 last_status=0x04800102 last_len=17 pan=0xdeca dst=0xffff src=0xb101 code=0xe0
listener debug sel=A valid=1 age=7842657 level=7 good=98179 accepted=24219 badhdr=0 nonanchor=73960 toolong=0 rxerr=102 rxen_fail=0 rxen_last=0 sys_status=0x00800002 sys_state=000505460b rx_finfo=0x07b6c811 last_status=0x04800102 last_len=17 pan=0xdeca dst=0xffff src=0xb101 code=0xe0
listener debug sel=A valid=1 age=7843657 level=7 good=98179 accepted=24219 badhdr=0 nonanchor=73960 toolong=0 rxerr=102 rxen_fail=0 rxen_last=0 sys_status=0x00800002 sys_state=000505450b rx_finfo=0x07b6c811 last_status=0x04800102 last_len=17 pan=0xdeca dst=0xffff src=0xb101 code=0xe0
listener debug sel=A valid=1 age=7844657 level=7 good=98179 accepted=24219 badhdr=0 nonanchor=73960 toolong=0 rxerr=102 rxen_fail=0 rxen_last=0 sys_status=0x00800002 sys_state=000505410b rx_finfo=0x07b6c811 last_status=0x04800102 last_len=17 pan=0xdeca dst=0xffff src=0xb101 code=0xe0
listener debug sel=A valid=1 age=7845658 level=7 good=98179 accepted=24219 badhdr=0 nonanchor=73960 toolong=0 rxerr=102 rxen_fail=0 rxen_last=0 sys_status=0x00800002 sys_state=000505460b rx_finfo=0x07b6c811 last_status=0x04800102 last_len=17 pan=0xdeca dst=0xffff src=0xb101 code=0xe0
listener debug sel=A valid=1 age=7846658 level=7 good=98179 accepted=24219 badhdr=0 nonanchor=73960 toolong=0 rxerr=102 rxen_fail=0 rxen_last=0 sys_status=0x00800002 sys_state=000505440b rx_finfo=0x07b6c811 last_status=0x04800102 last_len=17 pan=0xdeca dst=0xffff src=0xb101 code=0xe0
listener debug sel=A valid=1 age=7847663 level=7 good=98179 accepted=24219 badhdr=0 nonanchor=73960 toolong=0 rxerr=102 rxen_fail=0 rxen_last=0 sys_status=0x00800002 sys_state=000505440b rx_finfo=0x07b6c811 last_status=0x04800102 last_len=17 pan=0xdeca dst=0xffff src=0xb101 code=0xe0
listener debug sel=A valid=1 age=7848668 level=7 good=98179 accepted=24219 badhdr=0 nonanchor=73960 toolong=0 rxerr=102 rxen_fail=0 rxen_last=0 sys_status=0x00800002 sys_state=000505480b rx_finfo=0x07b6c811 last_status=0x04800102 last_len=17 pan=0xdeca dst=0xffff src=0xb101 code=0xe0
listener debug sel=A valid=1 age=7849668 level=7 good=98179 accepted=24219 badhdr=0 nonanchor=73960 toolong=0 rxerr=102 rxen_fail=0 rxen_last=0 sys_status=0x00800002 sys_state=000505440b rx_finfo=0x07b6c811 last_status=0x04800102 last_len=17 pan=0xdeca dst=0xffff src=0xb101 code=0xe0
listener debug sel=A valid=1 age=7850668 level=7 good=98179 accepted=24219 badhdr=0 nonanchor=73960 toolong=0 rxerr=102 rxen_fail=0 rxen_last=0 sys_status=0x00800002 sys_state=000505430b rx_finfo=0x07b6c811 last_status=0x04800102 last_len=17 pan=0xdeca dst=0xffff src=0xb101 code=0xe0
listener debug sel=A valid=1 age=7851673 level=7 good=98179 accepted=24219 badhdr=0 nonanchor=73960 toolong=0 rxerr=102 rxen_fail=0 rxen_last=0 sys_status=0x00800002 sys_state=000505470b rx_finfo=0x07b6c811 last_status=0x04800102 last_len=17 pan=0xdeca dst=0xffff src=0xb101 code=0xe0
listener debug sel=A valid=1 age=7852678 level=7 good=98179 accepted=24219 badhdr=0 nonanchor=73960 toolong=0 rxerr=102 rxen_fail=0 rxen_last=0 sys_status=0x00800002 sys_state=000505410b rx_finfo=0x07b6c811 last_status=0x04800102 last_len=17 pan=0xdeca dst=0xffff src=0xb101 code=0xe0
listener debug sel=A valid=1 age=7853678 level=7 good=98179 accepted=24219 badhdr=0 nonanchor=73960 toolong=0 rxerr=102 rxen_fail=0 rxen_last=0 sys_status=0x00800002 sys_state=000505440b rx_finfo=0x07b6c811 last_status=0x04800102 last_len=17 pan=0xdeca dst=0xffff src=0xb101 code=0xe0
listener debug sel=A valid=1 age=7854683 level=7 good=98179 accepted=24219 badhdr=0 nonanchor=73960 toolong=0 rxerr=102 rxen_fail=0 rxen_last=0 sys_status=0x00800002 sys_state=000505400b rx_finfo=0x07b6c811 last_status=0x04800102 last_len=17 pan=0xdeca dst=0xffff src=0xb101 code=0xe0
listener debug sel=A valid=1 age=7855683 level=7 good=98179 accepted=24219 badhdr=0 nonanchor=73960 toolong=0 rxerr=102 rxen_fail=0 rxen_last=0 sys_status=0x00800002 sys_state=000505460b rx_finfo=0x07b6c811 last_status=0x04800102 last_len=17 pan=0xdeca dst=0xffff src=0xb101 code=0xe0
listener debug sel=A valid=1 age=7856683 level=7 good=98179 accepted=24219 badhdr=0 nonanchor=73960 toolong=0 rxerr=102 rxen_fail=0 rxen_last=0 sys_status=0x00800002 sys_state=000505450b rx_finfo=0x07b6c811 last_status=0x04800102 last_len=17 pan=0xdeca dst=0xffff src=0xb101 code=0xe0
listener debug sel=A valid=1 age=7857683 level=7 good=98179 accepted=24219 badhdr=0 nonanchor=73960 toolong=0 rxerr=102 rxen_fail=0 rxen_last=0 sys_status=0x00800002 sys_state=000505410b rx_finfo=0x07b6c811 last_status=0x04800102 last_len=17 pan=0xdeca dst=0xffff src=0xb101 code=0xe0
listener debug sel=A valid=1 age=7858683 level=7 good=98179 accepted=24219 badhdr=0 nonanchor=73960 toolong=0 rxerr=102 rxen_fail=0 rxen_last=0 sys_status=0x00800002 sys_state=000505410b rx_finfo=0x07b6c811 last_status=0x04800102 last_len=17 pan=0xdeca dst=0xffff src=0xb101 code=0xe0
listener debug sel=A valid=1 age=7859683 level=7 good=98179 accepted=24219 badhdr=0 nonanchor=73960 toolong=0 rxerr=102 rxen_fail=0 rxen_last=0 sys_status=0x00800002 sys_state=000505400b rx_finfo=0x07b6c811 last_status=0x04800102 last_len=17 pan=0xdeca dst=0xffff src=0xb101 code=0xe0
listener debug sel=A valid=1 age=7860684 level=7 good=98179 accepted=24219 badhdr=0 nonanchor=73960 toolong=0 rxerr=102 rxen_fail=0 rxen_last=0 sys_status=0x00800002 sys_state=000505410b rx_finfo=0x07b6c811 last_status=0x04800102 last_len=17 pan=0xdeca dst=0xffff src=0xb101 code=0xe0
listener debug sel=A valid=1 age=7861684 level=7 good=98179 accepted=24219 badhdr=0 nonanchor=73960 toolong=0 rxerr=102 rxen_fail=0 rxen_last=0 sys_status=0x00800002 sys_state=000505410b rx_finfo=0x07b6c811 last_status=0x04800102 last_len=17 pan=0xdeca dst=0xffff src=0xb101 code=0xe0
listener debug sel=A valid=1 age=7862684 level=7 good=98179 accepted=24219 badhdr=0 nonanchor=73960 toolong=0 rxerr=102 rxen_fail=0 rxen_last=0 sys_status=0x00800002 sys_state=000505450b rx_finfo=0x07b6c811 last_status=0x04800102 last_len=17 pan=0xdeca dst=0xffff src=0xb101 code=0xe0
UF;12097050;98180;0xdeca;0xb101;0xffff;0xe0;19793;7;2211;121;3005;17
UF;12097150;98181;0xdeca;0xb101;0xffff;0xe0;19387;7;2130;120;6400;17
listener debug sel=A valid=1 age=7863684 level=7 good=98181 accepted=24219 badhdr=0 nonanchor=73962 toolong=0 rxerr=102 rxen_fail=0 rxen_last=0 sys_status=0x00800002 sys_state=000505400b rx_finfo=0x0786c811 last_status=0x04800102 last_len=17 pan=0xdeca dst=0xffff src=0xb101 code=0xe0
UF;12097265;98182;0xdeca;0xb101;0xffff;0xe0;19158;7;2140;121;6519;17
UF;12097350;98183;0xdeca;0xb101;0xffff;0xe0;19418;7;2278;124;6084;17
UF;12097450;98184;0xdeca;0xb101;0xffff;0xe0;20351;7;2311;122;4092;17
UF;12097550;98185;0xdeca;0xb101;0xffff;0xe0;18833;7;1967;117;5651;17
UF;12097651;98186;0xdeca;0xb101;0xffff;0xe0;19025;7;2196;123;5949;17
listener debug sel=A valid=1 age=7864685 level=7 good=98186 accepted=24219 badhdr=0 nonanchor=73967 toolong=0 rxerr=102 rxen_fail=0 rxen_last=0 sys_status=0x00800002 sys_state=000505480b rx_finfo=0x07b6c811 last_status=0x04800102 last_len=17 pan=0xdeca dst=0xffff src=0xb101 code=0xe0
listener debug sel=A valid=1 age=7865685 level=7 good=98186 accepted=24219 badhdr=0 nonanchor=73967 toolong=0 rxerr=102 rxen_fail=0 rxen_last=0 sys_status=0x00800002 sys_state=000505480b rx_finfo=0x07b6c811 last_status=0x04800102 last_len=17 pan=0xdeca dst=0xffff src=0xb101 code=0xe0
listener debug sel=A valid=1 age=7866685 level=7 good=98186 accepted=24219 badhdr=0 nonanchor=73967 toolong=0 rxerr=102 rxen_fail=0 rxen_last=0 sys_status=0x00800002 sys_state=000505450b rx_finfo=0x07b6c811 last_status=0x04800102 last_len=17 pan=0xdeca dst=0xffff src=0xb101 code=0xe0
listener debug sel=A valid=1 age=7867685 level=7 good=98186 accepted=24219 badhdr=0 nonanchor=73967 toolong=0 rxerr=102 rxen_fail=0 rxen_last=0 sys_status=0x00800002 sys_state=000505400b rx_finfo=0x07b6c811 last_status=0x04800102 last_len=17 pan=0xdeca dst=0xffff src=0xb101 code=0xe0
listener debug sel=A valid=1 age=7868685 level=7 good=98186 accepted=24219 badhdr=0 nonanchor=73967 toolong=0 rxerr=102 rxen_fail=0 rxen_last=0 sys_status=0x00800002 sys_state=000505440b rx_finfo=0x07b6c811 last_status=0x04800102 last_len=17 pan=0xdeca dst=0xffff src=0xb101 code=0xe0
listener debug sel=A valid=1 age=7869685 level=7 good=98186 accepted=24219 badhdr=0 nonanchor=73967 toolong=0 rxerr=102 rxen_fail=0 rxen_last=0 sys_status=0x00800002 sys_state=000505450b rx_finfo=0x07b6c811 last_status=0x04800102 last_len=17 pan=0xdeca dst=0xffff src=0xb101 code=0xe0
listener debug sel=A valid=1 age=7870685 level=7 good=98186 accepted=24219 badhdr=0 nonanchor=73967 toolong=0 rxerr=102 rxen_fail=0 rxen_last=0 sys_status=0x00800002 sys_state=000505480b rx_finfo=0x07b6c811 last_status=0x04800102 last_len=17 pan=0xdeca dst=0xffff src=0xb101 code=0xe0
listener debug sel=A valid=1 age=7871685 level=7 good=98186 accepted=24219 badhdr=0 nonanchor=73967 toolong=0 rxerr=102 rxen_fail=0 rxen_last=0 sys_status=0x00800002 sys_state=000505400b rx_finfo=0x07b6c811 last_status=0x04800102 last_len=17 pan=0xdeca dst=0xffff src=0xb101 code=0xe0
listener debug sel=A valid=1 age=7872685 level=7 good=98186 accepted=24219 badhdr=0 nonanchor=73967 toolong=0 rxerr=102 rxen_fail=0 rxen_last=0 sys_status=0x00800002 sys_state=000505410b rx_finfo=0x07b6c811 last_status=0x04800102 last_len=17 pan=0xdeca dst=0xffff src=0xb101 code=0xe0
listener debug sel=A valid=1 age=7873685 level=7 good=98186 accepted=24219 badhdr=0 nonanchor=73967 toolong=0 rxerr=102 rxen_fail=0 rxen_last=0 sys_status=0x00800002 sys_state=000505450b rx_finfo=0x07b6c811 last_status=0x04800102 last_len=17 pan=0xdeca dst=0xffff src=0xb101 code=0xe0
listener debug sel=A valid=1 age=7874686 level=7 good=98186 accepted=24219 badhdr=0 nonanchor=73967 toolong=0 rxerr=102 rxen_fail=0 rxen_last=0 sys_status=0x00800002 sys_state=000505410b rx_finfo=0x07b6c811 last_status=0x04800102 last_len=17 pan=0xdeca dst=0xffff src=0xb101 code=0xe0
listener debug sel=A valid=1 age=7875686 level=7 good=98186 accepted=24219 badhdr=0 nonanchor=73967 toolong=0 rxerr=102 rxen_fail=0 rxen_last=0 sys_status=0x00800002 sys_state=000505450b rx_finfo=0x07b6c811 last_status=0x04800102 last_len=17 pan=0xdeca dst=0xffff src=0xb101 code=0xe0
listener debug sel=A valid=1 age=7876686 level=7 good=98186 accepted=24219 badhdr=0 nonanchor=73967 toolong=0 rxerr=102 rxen_fail=0 rxen_last=0 sys_status=0x00800002 sys_state=000505410b rx_finfo=0x07b6c811 last_status=0x04800102 last_len=17 pan=0xdeca dst=0xffff src=0xb101 code=0xe0
listener debug sel=A valid=1 age=7877687 level=7 good=98186 accepted=24219 badhdr=0 nonanchor=73967 toolong=0 rxerr=102 rxen_fail=0 rxen_last=0 sys_status=0x00800002 sys_state=000505440b rx_finfo=0x07b6c811 last_status=0x04800102 last_len=17 pan=0xdeca dst=0xffff src=0xb101 code=0xe0
listener debug sel=A valid=1 age=7878687 level=7 good=98186 accepted=24219 badhdr=0 nonanchor=73967 toolong=0 rxerr=102 rxen_fail=0 rxen_last=0 sys_status=0x00800002 sys_state=000505460b rx_finfo=0x07b6c811 last_status=0x04800102 last_len=17 pan=0xdeca dst=0xffff src=0xb101 code=0xe0
listener debug sel=A valid=1 age=7879687 level=7 good=98186 accepted=24219 badhdr=0 nonanchor=73967 toolong=0 rxerr=102 rxen_fail=0 rxen_last=0 sys_status=0x00800002 sys_state=000505440b rx_finfo=0x07b6c811 last_status=0x04800102 last_len=17 pan=0xdeca dst=0xffff src=0xb101 code=0xe0
listener debug sel=A valid=1 age=7880687 level=7 good=98186 accepted=24219 badhdr=0 nonanchor=73967 toolong=0 rxerr=102 rxen_fail=0 rxen_last=0 sys_status=0x00800002 sys_state=000505410b rx_finfo=0x07b6c811 last_status=0x04800102 last_len=17 pan=0xdeca dst=0xffff src=0xb101 code=0xe0
listener debug sel=A valid=1 age=7881688 level=7 good=98186 accepted=24219 badhdr=0 nonanchor=73967 toolong=0 rxerr=102 rxen_fail=0 rxen_last=0 sys_status=0x00800002 sys_state=000505450b rx_finfo=0x07b6c811 last_status=0x04800102 last_len=17 pan=0xdeca dst=0xffff src=0xb101 code=0xe0
listener debug sel=A valid=1 age=7882688 level=7 good=98186 accepted=24219 badhdr=0 nonanchor=73967 toolong=0 rxerr=102 rxen_fail=0 rxen_last=0 sys_status=0x00800002 sys_state=000505410b rx_finfo=0x07b6c811 last_status=0x04800102 last_len=17 pan=0xdeca dst=0xffff src=0xb101 code=0xe0
listener debug sel=A valid=1 age=7883688 level=7 good=98186 accepted=24219 badhdr=0 nonanchor=73967 toolong=0 rxerr=102 rxen_fail=0 rxen_last=0 sys_status=0x00800002 sys_state=000505450b rx_finfo=0x07b6c811 last_status=0x04800102 last_len=17 pan=0xdeca dst=0xffff src=0xb101 code=0xe0
listener debug sel=A valid=1 age=7884688 level=7 good=98186 accepted=24219 badhdr=0 nonanchor=73967 toolong=0 rxerr=102 rxen_fail=0 rxen_last=0 sys_status=0x00800002 sys_state=000505450b rx_finfo=0x07b6c811 last_status=0x04800102 last_len=17 pan=0xdeca dst=0xffff src=0xb101 code=0xe0
listener debug sel=A valid=1 age=7885688 level=7 good=98186 accepted=24219 badhdr=0 nonanchor=73967 toolong=0 rxerr=102 rxen_fail=0 rxen_last=0 sys_status=0x00800002 sys_state=000505430b rx_finfo=0x07b6c811 last_status=0x04800102 last_len=17 pan=0xdeca dst=0xffff src=0xb101 code=0xe0
UF;12119687;98187;0xdeca;0xb101;0xffff;0xe0;21147;7;2441;123;3853;17
UF;12119787;98188;0xdeca;0xb101;0xffff;0xe0;21540;7;2446;122;5209;17
UF;12119887;98189;0xdeca;0xb101;0xffff;0xe0;20624;7;2191;118;3191;17
UF;12119988;98190;0xdeca;0xb101;0xffff;0xe0;19082;7;1993;117;4520;17
UF;12120088;98191;0xdeca;0xb101;0xffff;0xe0;19620;7;2228;122;2917;17
UF;12120188;98192;0xdeca;0xb101;0xffff;0xe0;19766;7;2208;121;5343;17
listener debug sel=A valid=1 age=7886691 level=7 good=98192 accepted=24219 badhdr=0 nonanchor=73973 toolong=0 rxerr=102 rxen_fail=0 rxen_last=0 sys_status=0x00800002 sys_state=000505400b rx_finfo=0x0796c811 last_status=0x04800102 last_len=17 pan=0xdeca dst=0xffff src=0xb101 code=0xe0
UF;12120287;98193;0xdeca;0xb101;0xffff;0xe0;19755;7;2355;125;2975;17
UF;12120388;98194;0xdeca;0xb101;0xffff;0xe0;20322;7;2384;124;5124;17
UF;12120488;98195;0xdeca;0xb101;0xffff;0xe0;19498;7;2178;121;3375;17
UF;12120588;98196;0xdeca;0xb101;0xffff;0xe0;21274;7;2260;118;4037;17
UF;12120688;98197;0xdeca;0xb101;0xffff;0xe0;19290;7;2263;124;6499;17
UF;12120788;98198;0xdeca;0xb101;0xffff;0xe0;20325;7;2233;120;3103;17
UF;12120889;98199;0xdeca;0xb101;0xffff;0xe0;19705;7;2129;119;4216;17
uwb any-frame t=12120989 good=98200 len=17 fctrl=8841 pan=0xdeca dst=0xffff src=0xb101 code=0xe0 q=21645 level=7 cir=2378 rxpacc=120 fp=3659/7279/7104
UF;12120989;98200;0xdeca;0xb101;0xffff;0xe0;21645;7;2378;120;3659;17
UF;12121087;98201;0xdeca;0xb101;0xffff;0xe0;19401;7;2276;124;6175;17
UF;12121187;98202;0xdeca;0xb101;0xffff;0xe0;19256;7;2151;121;3171;17
listener debug sel=A valid=1 age=7887695 level=7 good=98202 accepted=24219 badhdr=0 nonanchor=73983 toolong=0 rxerr=102 rxen_fail=0 rxen_last=0 sys_status=0x00800002 sys_state=000505450b rx_finfo=0x0796c811 last_status=0x04800102 last_len=17 pan=0xdeca dst=0xffff src=0xb101 code=0xe0
UF;12121286;98203;0xdeca;0xb101;0xffff;0xe0;21121;7;2282;119;3516;17
UF;12121299;98204;0xdeca;0xa107;0xb101;0xe1;13215;6;1176;108;5722;20
UL;12121299;24220;H;7;0xa107;0xb101;0xe1;13215;6;1176;108;5722;20
UF;12121389;98205;0xdeca;0xb101;0xffff;0xe0;19303;7;2016;117;2914;17
UF;12121490;98206;0xdeca;0xb101;0xffff;0xe0;19303;7;2016;117;3049;17
UF;12121590;98207;0xdeca;0xb101;0xffff;0xe0;17922;7;1969;120;2896;17
UF;12121690;98208;0xdeca;0xb101;0xffff;0xe0;18600;7;2147;123;2881;17
UF;12121790;98209;0xdeca;0xb101;0xffff;0xe0;19533;7;2146;120;6344;17
UF;12121890;98210;0xdeca;0xb101;0xffff;0xe0;19100;7;2169;122;6156;17
UF;12121991;98211;0xdeca;0xb101;0xffff;0xe0;19520;7;2109;119;5223;17
UF;12122086;98212;0xdeca;0xb101;0xffff;0xe0;19675;7;2271;123;5034;17
UF;12122098;98213;0xdeca;0xa107;0xb101;0xe1;16239;7;1814;121;6049;20
UL;12122098;24221;H;7;0xa107;0xb101;0xe1;16239;7;1814;121;6049;20
UF;12122189;98214;0xdeca;0xb101;0xffff;0xe0;19314;7;2122;120;3061;17
listener debug sel=A valid=1 age=7888697 level=7 good=98214 accepted=24221 badhdr=0 nonanchor=73993 toolong=0 rxerr=102 rxen_fail=0 rxen_last=0 sys_status=0x00800002 sys_state=000505410b rx_finfo=0x0786c811 last_status=0x04800102 last_len=17 pan=0xdeca dst=0xffff src=0xb101 code=0xe0
UF;12122288;98215;0xdeca;0xb101;0xffff;0xe0;20334;7;2234;120;4684;17
UF;12122388;98216;0xdeca;0xb101;0xffff;0xe0;18804;7;2206;124;2877;17
UF;12122488;98217;0xdeca;0xb101;0xffff;0xe0;20298;7;2305;122;3042;17
UF;12122589;98218;0xdeca;0xb101;0xffff;0xe0;19761;7;2244;122;3027;17
UF;12122689;98219;0xdeca;0xb101;0xffff;0xe0;20732;7;2393;123;4236;17
UF;12122789;98220;0xdeca;0xb101;0xffff;0xe0;19465;7;2033;117;2818;17
UF;12122889;98221;0xdeca;0xb101;0xffff;0xe0;19129;7;2208;123;6830;17
UF;12122989;98222;0xdeca;0xb101;0xffff;0xe0;19713;7;2202;121;3342;17
UF;12123090;98223;0xdeca;0xb101;0xffff;0xe0;19080;7;2027;118;5113;17
UF;12123190;98224;0xdeca;0xb101;0xffff;0xe0;19578;7;2151;120;3750;17
listener debug sel=A valid=1 age=7889698 level=7 good=98224 accepted=24221 badhdr=0 nonanchor=74003 toolong=0 rxerr=102 rxen_fail=0 rxen_last=0 sys_status=0x00800002 sys_state=000505450b rx_finfo=0x0786c811 last_status=0x04800102 last_len=17 pan=0xdeca dst=0xffff src=0xb101 code=0xe0
UF;12123289;98225;0xdeca;0xb101;0xffff;0xe0;21962;7;2535;123;4375;17
UF;12123389;98226;0xdeca;0xb101;0xffff;0xe0;19156;7;2035;118;5014;17
UF;12123490;98227;0xdeca;0xb101;0xffff;0xe0;21390;7;2429;122;3690;17
UF;12123590;98228;0xdeca;0xb101;0xffff;0xe0;19864;7;2368;125;5994;17
UF;12123690;98229;0xdeca;0xb101;0xffff;0xe0;21001;7;2269;119;4310;17
UF;12123790;98230;0xdeca;0xb101;0xffff;0xe0;19614;7;2301;124;5969;17
UF;12123890;98231;0xdeca;0xb101;0xffff;0xe0;19796;7;2103;118;4225;17
UF;12123986;98232;0xdeca;0xb101;0xffff;0xe0;19171;7;2177;122;5969;17
UF;12123998;98233;0xdeca;0xa107;0xb101;0xe1;15451;7;1726;121;4678;20
UL;12123998;24222;H;7;0xa107;0xb101;0xe1;15451;7;1726;121;4678;20
UF;12124089;98234;0xdeca;0xb101;0xffff;0xe0;20950;7;2379;122;4345;17
UF;12124189;98235;0xdeca;0xb101;0xffff;0xe0;18983;7;2051;119;6275;17
listener debug sel=A valid=1 age=7890702 level=7 good=98235 accepted=24222 badhdr=0 nonanchor=74013 toolong=0 rxerr=102 rxen_fail=0 rxen_last=0 sys_status=0x00800002 sys_state=000505440b rx_finfo=0x0776c811 last_status=0x04800102 last_len=17 pan=0xdeca dst=0xffff src=0xb101 code=0xe0
UF;12124288;98236;0xdeca;0xb101;0xffff;0xe0;19460;7;2138;120;5598;17
UF;12124388;98237;0xdeca;0xb101;0xffff;0xe0;18173;7;1898;117;5775;17
UF;12124489;98238;0xdeca;0xb101;0xffff;0xe0;19771;7;2357;125;3280;17
UF;12124589;98239;0xdeca;0xb101;0xffff;0xe0;19571;7;2259;123;5485;17
UF;12124689;98240;0xdeca;0xb101;0xffff;0xe0;20446;7;2360;123;3564;17
UF;12124789;98241;0xdeca;0xb101;0xffff;0xe0;20194;7;2369;124;4708;17
UF;12124889;98242;0xdeca;0xb101;0xffff;0xe0;19858;7;2074;117;5514;17
UF;12124990;98243;0xdeca;0xb101;0xffff;0xe0;19278;7;2118;120;5357;17
UF;12125090;98244;0xdeca;0xb101;0xffff;0xe0;19827;7;2326;124;5061;17
UF;12125190;98245;0xdeca;0xb101;0xffff;0xe0;19822;7;2288;123;5511;17
listener debug sel=A valid=1 age=7891703 level=7 good=98245 accepted=24222 badhdr=0 nonanchor=74023 toolong=0 rxerr=102 rxen_fail=0 rxen_last=0 sys_status=0x00800002 sys_state=000505440b rx_finfo=0x07b6c811 last_status=0x04800102 last_len=17 pan=0xdeca dst=0xffff src=0xb101 code=0xe0
UF;12125290;98246;0xdeca;0xb101;0xffff;0xe0;19714;7;2130;119;2897;17
UF;12125390;98247;0xdeca;0xb101;0xffff;0xe0;19529;7;2110;119;5418;17
UF;12125490;98248;0xdeca;0xb101;0xffff;0xe0;19168;7;2071;119;5286;17
UF;12125590;98249;0xdeca;0xb101;0xffff;0xe0;19163;7;2212;123;6353;17
uwb any-frame t=12125690 good=98250 len=17 fctrl=8841 pan=0xdeca dst=0xffff src=0xb101 code=0xe0 q=19344 level=7 cir=2055 rxpacc=118 fp=3125/6699/6621
UF;12125690;98250;0xdeca;0xb101;0xffff;0xe0;19344;7;2055;118;3125;17
UF;12125788;98251;0xdeca;0xb101;0xffff;0xe0;20108;7;2321;123;5090;17
UF;12125889;98252;0xdeca;0xb101;0xffff;0xe0;20850;7;2215;118;5031;17
UF;12125989;98253;0xdeca;0xb101;0xffff;0xe0;19113;7;2065;119;3319;17
UF;12126089;98254;0xdeca;0xb101;0xffff;0xe0;17831;7;1959;120;5851;17
UF;12126189;98255;0xdeca;0xb101;0xffff;0xe0;19960;7;2304;123;4568;17
listener debug sel=A valid=1 age=7892707 level=7 good=98255 accepted=24222 badhdr=0 nonanchor=74033 toolong=0 rxerr=102 rxen_fail=0 rxen_last=0 sys_status=0x00800002 sys_state=000505480b rx_finfo=0x07b6c811 last_status=0x04800102 last_len=17 pan=0xdeca dst=0xffff src=0xb101 code=0xe0
UF;12126289;98256;0xdeca;0xb101;0xffff;0xe0;20044;7;2239;121;5389;17
UF;12126389;98257;0xdeca;0xb101;0xffff;0xe0;18629;7;1979;118;6188;17
UF;12126489;98258;0xdeca;0xb101;0xffff;0xe0;19576;7;2115;119;4879;17
UF;12126589;98259;0xdeca;0xb101;0xffff;0xe0;20567;7;2374;123;3624;17
UF;12126689;98260;0xdeca;0xb101;0xffff;0xe0;19861;7;2330;124;6238;17
UF;12126790;98261;0xdeca;0xb101;0xffff;0xe0;18450;7;1960;118;2646;17
UF;12126890;98262;0xdeca;0xb101;0xffff;0xe0;19655;7;2088;118;3460;17
UF;12126990;98263;0xdeca;0xb101;0xffff;0xe0;19165;7;2036;118;4392;17
UF;12127090;98264;0xdeca;0xb101;0xffff;0xe0;20370;7;2238;120;3939;17
UF;12127190;98265;0xdeca;0xb101;0xffff;0xe0;19623;7;2192;121;4878;17
listener debug sel=A valid=1 age=7893709 level=7 good=98265 accepted=24222 badhdr=0 nonanchor=74043 toolong=0 rxerr=102 rxen_fail=0 rxen_last=0 sys_status=0x00800002 sys_state=000505470b rx_finfo=0x0796c811 last_status=0x04800102 last_len=17 pan=0xdeca dst=0xffff src=0xb101 code=0xe0
UF;12127290;98266;0xdeca;0xb101;0xffff;0xe0;20051;7;2277;122;2941;17
UF;12127390;98267;0xdeca;0xb101;0xffff;0xe0;21399;7;2351;120;4536;17
UF;12127490;98268;0xdeca;0xb101;0xffff;0xe0;18986;7;2017;118;5410;17
UF;12127591;98269;0xdeca;0xb101;0xffff;0xe0;19251;7;2115;120;3227;17
UF;12127686;98270;0xdeca;0xb101;0xffff;0xe0;18765;7;2166;123;3149;17
UF;12127698;98271;0xdeca;0xa107;0xb101;0xe1;16062;7;1824;122;5074;20
UL;12127698;24223;H;7;0xa107;0xb101;0xe1;16062;7;1824;122;5074;20
UF;12127789;98272;0xdeca;0xb101;0xffff;0xe0;20194;7;2369;124;3129;17
UF;12127889;98273;0xdeca;0xb101;0xffff;0xe0;18669;7;2120;122;6386;17
UF;12127989;98274;0xdeca;0xb101;0xffff;0xe0;20722;7;2431;124;3203;17
UF;12128089;98275;0xdeca;0xb101;0xffff;0xe0;17667;7;1941;120;6201;17
UF;12128189;98276;0xdeca;0xb101;0xffff;0xe0;20787;7;2171;117;3994;17
listener debug sel=A valid=1 age=7894713 level=7 good=98276 accepted=24223 badhdr=0 nonanchor=74053 toolong=0 rxerr=102 rxen_fail=0 rxen_last=0 sys_status=0x00800002 sys_state=000505460b rx_finfo=0x0756c811 last_status=0x04800102 last_len=17 pan=0xdeca dst=0xffff src=0xb101 code=0xe0
UF;12128294;98277;0xdeca;0xb101;0xffff;0xe0;19777;7;2101;118;3997;17
UF;12128389;98278;0xdeca;0xb101;0xffff;0xe0;19171;7;2177;122;5685;17
UF;12128489;98279;0xdeca;0xb101;0xffff;0xe0;20567;7;2148;117;3540;17
UF;12128589;98280;0xdeca;0xb101;0xffff;0xe0;19305;7;2121;120;5541;17
UF;12128690;98281;0xdeca;0xb101;0xffff;0xe0;20202;7;2370;124;3450;17
UF;12128790;98282;0xdeca;0xb101;0xffff;0xe0;18585;7;2076;121;2699;17
UF;12128890;98283;0xdeca;0xb101;0xffff;0xe0;20492;7;2404;124;4673;17
UF;12128990;98284;0xdeca;0xb101;0xffff;0xe0;20047;7;2314;123;3923;17
UF;12129090;98285;0xdeca;0xb101;0xffff;0xe0;19623;7;2302;124;3307;17
UF;12129186;98286;0xdeca;0xb101;0xffff;0xe0;18956;7;2188;123;2881;17
UF;12129198;98287;0xdeca;0xa107;0xb101;0xe1;14936;7;1724;123;4536;20
UL;12129198;24224;H;7;0xa107;0xb101;0xe1;14936;7;1724;123;4536;20
listener debug sel=A valid=1 age=7895717 level=7 good=98287 accepted=24224 badhdr=0 nonanchor=74063 toolong=0 rxerr=102 rxen_fail=0 rxen_last=0 sys_status=0x00800002 sys_state=000505400b rx_finfo=0x07b6c814 last_status=0x04800102 last_len=20 pan=0xdeca dst=0xb101 src=0xa107 code=0xe1
UF;12129298;98288;0xdeca;0xb101;0xffff;0xe0;18290;7;2077;122;5973;17
UF;12129388;98289;0xdeca;0xb101;0xffff;0xe0;20756;7;2205;118;4947;17
UF;12129488;98290;0xdeca;0xb101;0xffff;0xe0;18714;7;2056;120;5715;17
UF;12129588;98291;0xdeca;0xb101;0xffff;0xe0;19224;7;2219;123;3164;17
UF;12129689;98292;0xdeca;0xb101;0xffff;0xe0;19494;7;2036;117;4569;17
UF;12129789;98293;0xdeca;0xb101;0xffff;0xe0;18610;7;1977;118;3111;17
UF;12129889;98294;0xdeca;0xb101;0xffff;0xe0;19542;7;2076;118;5655;17
UF;12129989;98295;0xdeca;0xb101;0xffff;0xe0;18713;7;1988;118;6137;17
UF;12130089;98296;0xdeca;0xb101;0xffff;0xe0;18209;7;2034;121;3002;17
UF;12130190;98297;0xdeca;0xb101;0xffff;0xe0;18977;7;2155;122;5194;17
listener debug sel=A valid=1 age=7896718 level=7 good=98297 accepted=24224 badhdr=0 nonanchor=74073 toolong=0 rxerr=102 rxen_fail=0 rxen_last=0 sys_status=0x00800002 sys_state=000505470b rx_finfo=0x07a6c811 last_status=0x04800102 last_len=17 pan=0xdeca dst=0xffff src=0xb101 code=0xe0
UF;12130299;98298;0xdeca;0xb101;0xffff;0xe0;19165;7;2036;118;4774;17
UF;12130389;98299;0xdeca;0xb101;0xffff;0xe0;18392;7;2123;123;6343;17
uwb any-frame t=12130489 good=98300 len=17 fctrl=8841 pan=0xdeca dst=0xffff src=0xb101 code=0xe0 q=19500 level=7 cir=2362 rxpacc=126 fp=7206/7023/3873
UF;12130489;98300;0xdeca;0xb101;0xffff;0xe0;19500;7;2362;126;7206;17
UF;12130587;98301;0xdeca;0xb101;0xffff;0xe0;18676;7;1984;118;2979;17
UF;12130688;98302;0xdeca;0xb101;0xffff;0xe0;19642;7;2158;120;5498;17
UF;12130788;98303;0xdeca;0xb101;0xffff;0xe0;19615;7;2155;120;6153;17
UF;12130888;98304;0xdeca;0xb101;0xffff;0xe0;19523;7;2074;118;6145;17
UF;12130988;98305;0xdeca;0xb101;0xffff;0xe0;20241;7;2114;117;4717;17
UF;12131088;98306;0xdeca;0xb101;0xffff;0xe0;19298;7;2085;119;2769;17
UF;12131189;98307;0xdeca;0xb101;0xffff;0xe0;19864;7;2368;125;6689;17
listener debug sel=A valid=1 age=7897722 level=7 good=98307 accepted=24224 badhdr=0 nonanchor=74083 toolong=0 rxerr=102 rxen_fail=0 rxen_last=0 sys_status=0x00800002 sys_state=000505460b rx_finfo=0x07d6c811 last_status=0x04800102 last_len=17 pan=0xdeca dst=0xffff src=0xb101 code=0xe0
UF;12131304;98308;0xdeca;0xb101;0xffff;0xe0;21706;7;2267;117;3740;17
UF;12131388;98309;0xdeca;0xb101;0xffff;0xe0;19822;7;2251;122;2993;17
UF;12131489;98310;0xdeca;0xb101;0xffff;0xe0;19461;7;2283;124;3206;17
UF;12131589;98311;0xdeca;0xb101;0xffff;0xe0;19563;7;2295;124;3140;17
UF;12131689;98312;0xdeca;0xb101;0xffff;0xe0;18949;7;2223;124;6706;17
UF;12131789;98313;0xdeca;0xb101;0xffff;0xe0;18937;7;2046;119;3471;17
UF;12131889;98314;0xdeca;0xb101;0xffff;0xe0;19484;7;2249;123;6546;17
UF;12131989;98315;0xdeca;0xb101;0xffff;0xe0;19305;7;2121;120;6257;17
UF;12132090;98316;0xdeca;0xb101;0xffff;0xe0;19232;7;2184;122;3297;17
UF;12132190;98317;0xdeca;0xb101;0xffff;0xe0;19437;7;2030;117;3174;17
listener debug sel=A valid=1 age=7898723 level=7 good=98317 accepted=24224 badhdr=0 nonanchor=74093 toolong=0 rxerr=102 rxen_fail=0 rxen_last=0 sys_status=0x00800002 sys_state=000505450b rx_finfo=0x0756c811 last_status=0x04800102 last_len=17 pan=0xdeca dst=0xffff src=0xb101 code=0xe0
UF;12132305;98318;0xdeca;0xb101;0xffff;0xe0;18677;7;2052;120;6312;17
UF;12132389;98319;0xdeca;0xb101;0xffff;0xe0;19172;7;2213;123;3051;17
UF;12132490;98320;0xdeca;0xb101;0xffff;0xe0;18939;7;1978;117;3660;17
UF;12132590;98321;0xdeca;0xb101;0xffff;0xe0;19788;7;2359;125;5976;17
UF;12132690;98322;0xdeca;0xb101;0xffff;0xe0;21688;7;2304;118;3774;17
UF;12132790;98323;0xdeca;0xb101;0xffff;0xe0;21971;7;2495;122;3963;17
UF;12132890;98324;0xdeca;0xb101;0xffff;0xe0;19753;7;2063;117;3773;17
UF;12132990;98325;0xdeca;0xb101;0xffff;0xe0;20214;7;2258;121;5053;17
UF;12133091;98326;0xdeca;0xb101;0xffff;0xe0;20722;7;2431;124;3235;17
UF;12133186;98327;0xdeca;0xb101;0xffff;0xe0;19691;7;2310;124;3413;17
UF;12133198;98328;0xdeca;0xa107;0xb101;0xe1;16313;7;1883;123;6253;20
UL;12133198;24225;H;7;0xa107;0xb101;0xe1;16313;7;1883;123;6253;20
listener debug sel=A valid=1 age=7899727 level=7 good=98328 accepted=24225 badhdr=0 nonanchor=74103 toolong=0 rxerr=102 rxen_fail=0 rxen_last=0 sys_status=0x00800002 sys_state=000505400b rx_finfo=0x07b6c814 last_status=0x04800102 last_len=20 pan=0xdeca dst=0xb101 src=0xa107 code=0xe1
UF;12133309;98329;0xdeca;0xb101;0xffff;0xe0;18880;7;2144;122;3293;17
UF;12133388;98330;0xdeca;0xb101;0xffff;0xe0;19740;7;2205;121;4292;17
UF;12133488;98331;0xdeca;0xb101;0xffff;0xe0;19043;7;2234;124;6195;17
UF;12133588;98332;0xdeca;0xb101;0xffff;0xe0;19364;7;2199;122;6395;17
UF;12133689;98333;0xdeca;0xb101;0xffff;0xe0;19597;7;2262;123;3604;17
UF;12133789;98334;0xdeca;0xb101;0xffff;0xe0;19347;7;2197;122;3129;17
UF;12133889;98335;0xdeca;0xb101;0xffff;0xe0;18687;7;2157;123;6716;17
UF;12133989;98336;0xdeca;0xb101;0xffff;0xe0;19198;7;2216;123;3042;17
UF;12134089;98337;0xdeca;0xb101;0xffff;0xe0;18215;7;1968;119;2668;17
UF;12134190;98338;0xdeca;0xb101;0xffff;0xe0;18909;7;2043;119;3102;17
listener debug sel=A valid=1 age=7900729 level=7 good=98338 accepted=24225 badhdr=0 nonanchor=74113 toolong=0 rxerr=102 rxen_fail=0 rxen_last=0 sys_status=0x00800002 sys_state=000505410b rx_finfo=0x0776c811 last_status=0x04800102 last_len=17 pan=0xdeca dst=0xffff src=0xb101 code=0xe0
UF;12134310;98339;0xdeca;0xb101;0xffff;0xe0;18891;7;2041;119;3032;17
UF;12134389;98340;0xdeca;0xb101;0xffff;0xe0;21315;7;2381;121;4494;17
UF;12134490;98341;0xdeca;0xb101;0xffff;0xe0;20012;7;2310;123;4313;17
UF;12134590;98342;0xdeca;0xb101;0xffff;0xe0;18742;7;1991;118;3116;17
UF;12134690;98343;0xdeca;0xb101;0xffff;0xe0;18594;7;2077;121;2798;17
UF;12134790;98344;0xdeca;0xb101;0xffff;0xe0;18632;7;2013;119;3170;17
UF;12134890;98345;0xdeca;0xb101;0xffff;0xe0;20125;7;2138;118;4009;17
UF;12134991;98346;0xdeca;0xb101;0xffff;0xe0;20818;7;2403;123;3294;17
UF;12135086;98347;0xdeca;0xb101;0xffff;0xe0;19433;7;2135;120;5505;17
UF;12135098;98348;0xdeca;0xa107;0xb101;0xe1;15560;7;1653;118;6388;20
UL;12135098;24226;H;7;0xa107;0xb101;0xe1;15560;7;1653;118;6388;20
UF;12135189;98349;0xdeca;0xb101;0xffff;0xe0;19176;7;2142;121;3322;17
listener debug sel=A valid=1 age=7901733 level=7 good=98349 accepted=24226 badhdr=0 nonanchor=74123 toolong=0 rxerr=102 rxen_fail=0 rxen_last=0 sys_status=0x00800002 sys_state=000505480b rx_finfo=0x0796c811 last_status=0x04800102 last_len=17 pan=0xdeca dst=0xffff src=0xb101 code=0xe0
uwb any-frame t=12135314 good=98350 len=17 fctrl=8841 pan=0xdeca dst=0xffff src=0xb101 code=0xe0 q=19851 level=7 cir=2181 rxpacc=120 fp=5273/7070/5360
UF;12135314;98350;0xdeca;0xb101;0xffff;0xe0;19851;7;2181;120;5273;17
UF;12135386;98351;0xdeca;0xb101;0xffff;0xe0;18432;7;2059;121;6161;17
UF;12135399;98352;0xdeca;0xa107;0xb101;0xe1;15657;7;1778;122;5832;20
UL;12135399;24227;H;7;0xa107;0xb101;0xe1;15657;7;1778;122;5832;20
UF;12135489;98353;0xdeca;0xb101;0xffff;0xe0;18883;7;2006;118;4362;17
UF;12135589;98354;0xdeca;0xb101;0xffff;0xe0;19082;7;1993;117;2939;17
UF;12135690;98355;0xdeca;0xb101;0xffff;0xe0;18302;7;2147;124;3004;17
UF;12135790;98356;0xdeca;0xb101;0xffff;0xe0;18796;7;2065;120;3163;17
UF;12135890;98357;0xdeca;0xb101;0xffff;0xe0;21763;7;2512;123;3729;17
UF;12135990;98358;0xdeca;0xb101;0xffff;0xe0;18668;7;2190;124;6056;17
UF;12136085;98359;0xdeca;0xb101;0xffff;0xe0;18493;7;1998;119;5767;17
UF;12136098;98360;0xdeca;0xa107;0xb101;0xe1;16261;7;1877;123;6964;20
UL;12136098;24228;H;7;0xa107;0xb101;0xe1;16261;7;1877;123;6964;20
UF;12136188;98361;0xdeca;0xb101;0xffff;0xe0;18585;7;2076;121;6085;17
UF;12136289;98362;0xdeca;0xb101;0xffff;0xe0;19602;7;2226;122;6111;17
listener debug sel=A valid=1 age=7902738 level=7 good=98362 accepted=24228 badhdr=0 nonanchor=74134 toolong=0 rxerr=102 rxen_fail=0 rxen_last=0 sys_status=0x00800002 sys_state=000505460b rx_finfo=0x07a6c811 last_status=0x04800102 last_len=17 pan=0xdeca dst=0xffff src=0xb101 code=0xe0
UF;12136388;98363;0xdeca;0xb101;0xffff;0xe0;18928;7;2045;119;5764;17
UF;12136488;98364;0xdeca;0xb101;0xffff;0xe0;19779;7;2173;120;4070;17
UF;12136588;98365;0xdeca;0xb101;0xffff;0xe0;18045;7;1917;118;2762;17
UF;12136689;98366;0xdeca;0xb101;0xffff;0xe0;20015;7;2348;124;5160;17
UF;12136789;98367;0xdeca;0xb101;0xffff;0xe0;18983;7;2227;124;4768;17
UF;12136889;98368;0xdeca;0xb101;0xffff;0xe0;19248;7;2258;124;4608;17
UF;12136989;98369;0xdeca;0xb101;0xffff;0xe0;19391;7;2060;118;4689;17
UF;12137090;98370;0xdeca;0xb101;0xffff;0xe0;17988;7;1911;118;2970;17
UF;12137190;98371;0xdeca;0xb101;0xffff;0xe0;18530;7;2209;125;5119;17
UF;12137290;98372;0xdeca;0xb101;0xffff;0xe0;20186;7;2330;123;5310;17
listener debug sel=A valid=1 age=7903739 level=7 good=98372 accepted=24228 badhdr=0 nonanchor=74144 toolong=0 rxerr=102 rxen_fail=0 rxen_last=0 sys_status=0x00800002 sys_state=000505440b rx_finfo=0x07b6c811 last_status=0x04800102 last_len=17 pan=0xdeca dst=0xffff src=0xb101 code=0xe0
UF;12137389;98373;0xdeca;0xb101;0xffff;0xe0;19294;7;2191;122;6106;17
UF;12137490;98374;0xdeca;0xb101;0xffff;0xe0;21199;7;2329;120;3833;17
UF;12137590;98375;0xdeca;0xb101;0xffff;0xe0;18990;7;2192;123;2871;17
UF;12137690;98376;0xdeca;0xb101;0xffff;0xe0;18374;7;1952;118;2811;17
UF;12137790;98377;0xdeca;0xb101;0xffff;0xe0;21387;7;2389;121;3679;17
UF;12137890;98378;0xdeca;0xb101;0xffff;0xe0;20541;7;2371;123;5046;17
UF;12137990;98379;0xdeca;0xb101;0xffff;0xe0;18261;7;1940;118;2934;17
UF;12138086;98380;0xdeca;0xb101;0xffff;0xe0;19310;7;2157;121;6397;17
UF;12138098;98381;0xdeca;0xa107;0xb101;0xe1;15901;7;1747;120;5762;20
UL;12138098;24229;H;7;0xa107;0xb101;0xe1;15901;7;1747;120;5762;20
UF;12138189;98382;0xdeca;0xb101;0xffff;0xe0;19310;7;2157;121;3254;17
UF;12138289;98383;0xdeca;0xb101;0xffff;0xe0;19567;7;2222;122;6422;17
listener debug sel=A valid=1 age=7904750 level=7 good=98383 accepted=24229 badhdr=0 nonanchor=74154 toolong=0 rxerr=102 rxen_fail=0 rxen_last=0 sys_status=0x00800002 sys_state=000505450b rx_finfo=0x07a6c811 last_status=0x04800102 last_len=17 pan=0xdeca dst=0xffff src=0xb101 code=0xe0
UF;12138388;98384;0xdeca;0xb101;0xffff;0xe0;21057;7;2275;119;4573;17
UF;12138488;98385;0xdeca;0xb101;0xffff;0xe0;19761;7;2281;123;5259;17
UF;12138589;98386;0xdeca;0xb101;0xffff;0xe0;18501;7;2101;122;6498;17
UF;12138689;98387;0xdeca;0xb101;0xffff;0xe0;18556;7;1938;117;2651;17
UF;12138789;98388;0xdeca;0xb101;0xffff;0xe0;2014;3;244;126;6915;17
UF;12138889;98389;0xdeca;0xb101;0xffff;0xe0;19265;7;2260;124;4999;17
UF;12138989;98390;0xdeca;0xb101;0xffff;0xe0;19299;7;2264;124;6744;17
UF;12139089;98391;0xdeca;0xb101;0xffff;0xe0;18836;7;2139;122;3103;17
UF;12139189;98392;0xdeca;0xb101;0xffff;0xe0;19637;7;2341;125;3354;17
UF;12139290;98393;0xdeca;0xb101;0xffff;0xe0;18167;7;1930;118;2732;17
listener debug sel=A valid=1 age=7905751 level=7 good=98393 accepted=24229 badhdr=0 nonanchor=74164 toolong=0 rxerr=102 rxen_fail=0 rxen_last=0 sys_status=0x00800002 sys_state=000505480b rx_finfo=0x0766c811 last_status=0x04800102 last_len=17 pan=0xdeca dst=0xffff src=0xb101 code=0xe0
UF;12139389;98394;0xdeca;0xb101;0xffff;0xe0;18337;7;1948;118;2916;17
UF;12139489;98395;0xdeca;0xb101;0xffff;0xe0;20080;7;2243;121;4452;17
UF;12139589;98396;0xdeca;0xb101;0xffff;0xe0;19721;7;2095;118;3033;17
UF;12139690;98397;0xdeca;0xb101;0xffff;0xe0;21089;7;2474;124;5089;17
UF;12139790;98398;0xdeca;0xb101;0xffff;0xe0;18557;7;2177;124;5564;17
UF;12139890;98399;0xdeca;0xb101;0xffff;0xe0;19650;7;2195;121;5391;17
uwb any-frame t=12139990 good=98400 len=17 fctrl=8841 pan=0xdeca dst=0xffff src=0xb101 code=0xe0 q=19080 level=7 cir=2027 rxpacc=118 fp=3408/6413/6047
UF;12139990;98400;0xdeca;0xb101;0xffff;0xe0;19080;7;2027;118;3408;17
UF;12140088;98401;0xdeca;0xb101;0xffff;0xe0;18910;7;1975;117;3252;17
UF;12140188;98402;0xdeca;0xb101;0xffff;0xe0;18530;7;2002;119;3026;17
UF;12140288;98403;0xdeca;0xb101;0xffff;0xe0;18559;7;2039;120;3009;17
listener debug sel=A valid=1 age=7906755 level=7 good=98403 accepted=24229 badhdr=0 nonanchor=74174 toolong=0 rxerr=102 rxen_fail=0 rxen_last=0 sys_status=0x00800002 sys_state=000505430b rx_finfo=0x0786c811 last_status=0x04800102 last_len=17 pan=0xdeca dst=0xffff src=0xb101 code=0xe0
UF;12140388;98404;0xdeca;0xb101;0xffff;0xe0;19449;7;2245;123;3016;17
UF;12140488;98405;0xdeca;0xb101;0xffff;0xe0;19711;7;2094;118;3731;17
UF;12140588;98406;0xdeca;0xb101;0xffff;0xe0;19426;7;2170;121;2879;17
UF;12140688;98407;0xdeca;0xb101;0xffff;0xe0;18977;7;2016;118;5340;17
UF;12140789;98408;0xdeca;0xb101;0xffff;0xe0;18733;7;2024;119;5508;17
UF;12140889;98409;0xdeca;0xb101;0xffff;0xe0;19092;7;2276;125;6989;17
UF;12140989;98410;0xdeca;0xb101;0xffff;0xe0;19640;7;2304;124;5066;17
UF;12141089;98411;0xdeca;0xb101;0xffff;0xe0;19259;7;2223;123;6347;17
UF;12141189;98412;0xdeca;0xb101;0xffff;0xe0;18862;7;1970;117;3155;17
UF;12141289;98413;0xdeca;0xb101;0xffff;0xe0;20705;7;2429;124;3818;17
listener debug sel=A valid=1 age=7907756 level=7 good=98413 accepted=24229 badhdr=0 nonanchor=74184 toolong=0 rxerr=102 rxen_fail=0 rxen_last=0 sys_status=0x00800002 sys_state=000505450b rx_finfo=0x07c6c811 last_status=0x04800102 last_len=17 pan=0xdeca dst=0xffff src=0xb101 code=0xe0
UF;12141389;98414;0xdeca;0xb101;0xffff;0xe0;19753;7;2063;117;3500;17
UF;12141489;98415;0xdeca;0xb101;0xffff;0xe0;18695;7;2054;120;3028;17
UF;12141589;98416;0xdeca;0xb101;0xffff;0xe0;18332;7;2116;123;3115;17
UF;12141689;98417;0xdeca;0xb101;0xffff;0xe0;19558;7;2221;122;6385;17
UF;12141789;98418;0xdeca;0xb101;0xffff;0xe0;18513;7;2207;125;2992;17
UF;12141890;98419;0xdeca;0xb101;0xffff;0xe0;20117;7;2360;124;5623;17
UF;12141990;98420;0xdeca;0xb101;0xffff;0xe0;20461;7;2248;120;5082;17
UF;12142090;98421;0xdeca;0xb101;0xffff;0xe0;17847;7;1896;118;5187;17
UF;12142190;98422;0xdeca;0xb101;0xffff;0xe0;21511;7;2483;123;4527;17
UF;12142290;98423;0xdeca;0xb101;0xffff;0xe0;18924;7;2220;124;7054;17
listener debug sel=A valid=1 age=7908757 level=7 good=98423 accepted=24229 badhdr=0 nonanchor=74194 toolong=0 rxerr=102 rxen_fail=0 rxen_last=0 sys_status=0x00800002 sys_state=000505460b rx_finfo=0x07c6c811 last_status=0x04800102 last_len=17 pan=0xdeca dst=0xffff src=0xb101 code=0xe0
UF;12142390;98424;0xdeca;0xb101;0xffff;0xe0;22112;8;2470;121;4923;17
UF;12142490;98425;0xdeca;0xb101;0xffff;0xe0;20170;7;2216;120;4700;17
UF;12142590;98426;0xdeca;0xb101;0xffff;0xe0;19009;7;2230;124;3176;17
UF;12142690;98427;0xdeca;0xb101;0xffff;0xe0;18687;7;2157;123;4845;17
UF;12142790;98428;0xdeca;0xb101;0xffff;0xe0;19683;7;2091;118;4151;17
UF;12142886;98429;0xdeca;0xb101;0xffff;0xe0;21933;7;2573;124;4167;17
UF;12142898;98430;0xdeca;0xa107;0xb101;0xe1;14783;7;1544;117;6546;20
UL;12142898;24230;H;7;0xa107;0xb101;0xe1;14783;7;1544;117;6546;20
UF;12142989;98431;0xdeca;0xb101;0xffff;0xe0;18493;7;1998;119;2962;17
UF;12143089;98432;0xdeca;0xb101;0xffff;0xe0;2006;3;243;126;5612;17
UF;12143189;98433;0xdeca;0xb101;0xffff;0xe0;19890;7;2113;118;3293;17
UF;12143289;98434;0xdeca;0xb101;0xffff;0xe0;19057;7;2059;119;3435;17
listener debug sel=A valid=1 age=7909761 level=7 good=98434 accepted=24230 badhdr=0 nonanchor=74204 toolong=0 rxerr=102 rxen_fail=0 rxen_last=0 sys_status=0x00800002 sys_state=000505440b rx_finfo=0x0776c811 last_status=0x04800102 last_len=17 pan=0xdeca dst=0xffff src=0xb101 code=0xe0
UF;12143388;98435;0xdeca;0xb101;0xffff;0xe0;19415;7;2241;123;3400;17
UF;12143489;98436;0xdeca;0xb101;0xffff;0xe0;18422;7;2024;120;4208;17
UF;12143589;98437;0xdeca;0xb101;0xffff;0xe0;19140;7;2138;121;6005;17
UF;12143689;98438;0xdeca;0xb101;0xffff;0xe0;20434;7;2245;120;3747;17
UF;12143789;98439;0xdeca;0xb101;0xffff;0xe0;19545;7;2330;125;4295;17
UF;12143889;98440;0xdeca;0xb101;0xffff;0xe0;20351;7;2311;122;5546;17
UF;12143990;98441;0xdeca;0xb101;0xffff;0xe0;19648;7;2305;124;4036;17
UF;12144090;98442;0xdeca;0xb101;0xffff;0xe0;20220;7;2372;124;3173;17
UF;12144190;98443;0xdeca;0xb101;0xffff;0xe0;18233;7;2139;124;3133;17
UF;12144290;98444;0xdeca;0xb101;0xffff;0xe0;19863;7;2146;119;3430;17
listener debug sel=A valid=1 age=7910762 level=7 good=98444 accepted=24230 badhdr=0 nonanchor=74214 toolong=0 rxerr=102 rxen_fail=0 rxen_last=0 sys_status=0x00800002 sys_state=000505470b rx_finfo=0x0776c811 last_status=0x04800102 last_len=17 pan=0xdeca dst=0xffff src=0xb101 code=0xe0
UF;12144389;98445;0xdeca;0xb101;0xffff;0xe0;20280;7;2303;122;4430;17
UF;12144490;98446;0xdeca;0xb101;0xffff;0xe0;20518;7;2292;121;3326;17
UF;12144590;98447;0xdeca;0xb101;0xffff;0xe0;19715;7;2166;120;3154;17
UF;12144690;98448;0xdeca;0xb101;0xffff;0xe0;18501;7;2101;122;2947;17
UF;12144790;98449;0xdeca;0xb101;0xffff;0xe0;20791;7;2439;124;5532;17
uwb any-frame t=12144891 good=98450 len=17 fctrl=8841 pan=0xdeca dst=0xffff src=0xb101 code=0xe0 q=19724 level=7 cir=2131 rxpacc=119 fp=3888/7039/6172
UF;12144891;98450;0xdeca;0xb101;0xffff;0xe0;19724;7;2131;119;3888;17
UF;12144989;98451;0xdeca;0xb101;0xffff;0xe0;18382;7;1986;119;2985;17
UF;12145089;98452;0xdeca;0xb101;0xffff;0xe0;20216;7;2221;120;3157;17
UF;12145189;98453;0xdeca;0xb101;0xffff;0xe0;19597;7;2262;123;5416;17
UF;12145289;98454;0xdeca;0xb101;0xffff;0xe0;20373;7;2390;124;5499;17
listener debug sel=A valid=1 age=7911766 level=7 good=98454 accepted=24230 badhdr=0 nonanchor=74224 toolong=0 rxerr=102 rxen_fail=0 rxen_last=0 sys_status=0x00800002 sys_state=000505440b rx_finfo=0x07c6c811 last_status=0x04800102 last_len=17 pan=0xdeca dst=0xffff src=0xb101 code=0xe0
UF;12145389;98455;0xdeca;0xb101;0xffff;0xe0;20026;7;2237;121;4738;17
UF;12145489;98456;0xdeca;0xb101;0xffff;0xe0;20151;7;2251;121;4566;17
UF;12145589;98457;0xdeca;0xb101;0xffff;0xe0;5225;4;643;127;4882;17
UF;12145689;98458;0xdeca;0xb101;0xffff;0xe0;18669;7;2017;119;2925;17
UF;12145789;98459;0xdeca;0xb101;0xffff;0xe0;18987;7;1983;117;6069;17
UF;12145889;98460;0xdeca;0xb101;0xffff;0xe0;20100;7;2358;124;3281;17
UF;12145990;98461;0xdeca;0xb101;0xffff;0xe0;18905;7;2077;120;4132;17
UF;12146090;98462;0xdeca;0xb101;0xffff;0xe0;20261;7;2226;120;2987;17
UF;12146190;98463;0xdeca;0xb101;0xffff;0xe0;18889;7;2110;121;5894;17
UF;12146290;98464;0xdeca;0xb101;0xffff;0xe0;18352;7;2084;122;3059;17
listener debug sel=A valid=1 age=7912767 level=7 good=98464 accepted=24230 badhdr=0 nonanchor=74234 toolong=0 rxerr=102 rxen_fail=0 rxen_last=0 sys_status=0x00800002 sys_state=000505410b rx_finfo=0x07a6c811 last_status=0x04800102 last_len=17 pan=0xdeca dst=0xffff src=0xb101 code=0xe0
UF;12146390;98465;0xdeca;0xb101;0xffff;0xe0;20228;7;2373;124;4457;17
UF;12146490;98466;0xdeca;0xb101;0xffff;0xe0;18983;7;2227;124;3426;17
UF;12146590;98467;0xdeca;0xb101;0xffff;0xe0;18773;7;2097;121;3037;17
UF;12146690;98468;0xdeca;0xb101;0xffff;0xe0;18918;7;2044;119;6189;17
UF;12146790;98469;0xdeca;0xb101;0xffff;0xe0;20991;7;2230;118;3574;17
UF;12146885;98470;0xdeca;0xb101;0xffff;0xe0;18252;7;1939;118;5938;17
UF;12146898;98471;0xdeca;0xa107;0xb101;0xe1;15852;7;1684;118;6399;20
UL;12146898;24231;H;7;0xa107;0xb101;0xe1;15852;7;1684;118;6399;20
UF;12146989;98472;0xdeca;0xb101;0xffff;0xe0;19261;7;2081;119;4128;17
UF;12147089;98473;0xdeca;0xb101;0xffff;0xe0;19484;7;2249;123;5686;17
UF;12147189;98474;0xdeca;0xb101;0xffff;0xe0;19276;7;2189;122;3188;17
UF;12147289;98475;0xdeca;0xb101;0xffff;0xe0;18965;7;2049;119;2943;17
listener debug sel=A valid=1 age=7913771 level=7 good=98475 accepted=24231 badhdr=0 nonanchor=74244 toolong=0 rxerr=102 rxen_fail=0 rxen_last=0 sys_status=0x00800002 sys_state=000505440b rx_finfo=0x0776c811 last_status=0x04800102 last_len=17 pan=0xdeca dst=0xffff src=0xb101 code=0xe0
UF;12147389;98476;0xdeca;0xb101;0xffff;0xe0;18642;7;1947;117;2571;17
UF;12147489;98477;0xdeca;0xb101;0xffff;0xe0;18949;7;2223;124;5084;17
UF;12147589;98478;0xdeca;0xb101;0xffff;0xe0;18271;7;2041;121;2970;17
UF;12147689;98479;0xdeca;0xb101;0xffff;0xe0;20753;7;2280;120;4143;17
UF;12147789;98480;0xdeca;0xb101;0xffff;0xe0;19333;7;2124;120;4346;17
UF;12147889;98481;0xdeca;0xb101;0xffff;0xe0;18224;7;1936;118;5204;17
UF;12147990;98482;0xdeca;0xb101;0xffff;0xe0;19043;7;2234;124;3361;17
UF;12148090;98483;0xdeca;0xb101;0xffff;0xe0;19516;7;2180;121;6686;17
UF;12148190;98484;0xdeca;0xb101;0xffff;0xe0;18559;7;2039;120;5832;17
UF;12148290;98485;0xdeca;0xb101;0xffff;0xe0;18322;7;2013;120;3109;17
listener debug sel=A valid=1 age=7914772 level=7 good=98485 accepted=24231 badhdr=0 nonanchor=74254 toolong=0 rxerr=102 rxen_fail=0 rxen_last=0 sys_status=0x00800002 sys_state=000505430b rx_finfo=0x0786c811 last_status=0x04800102 last_len=17 pan=0xdeca dst=0xffff src=0xb101 code=0xe0
UF;12148389;98486;0xdeca;0xb101;0xffff;0xe0;19762;7;2064;117;3832;17
UF;12148490;98487;0xdeca;0xb101;0xffff;0xe0;19207;7;2217;123;3639;17
UF;12148590;98488;0xdeca;0xb101;0xffff;0xe0;18674;7;2086;121;2784;17
UF;12148690;98489;0xdeca;0xb101;0xffff;0xe0;19073;7;1992;117;6077;17
UF;12148790;98490;0xdeca;0xb101;0xffff;0xe0;21114;7;2243;118;4595;17
UF;12148890;98491;0xdeca;0xb101;0xffff;0xe0;18575;7;1940;117;2844;17
UF;12148991;98492;0xdeca;0xb101;0xffff;0xe0;19316;7;2087;119;2755;17
UF;12149086;98493;0xdeca;0xb101;0xffff;0xe0;19542;7;2076;118;5545;17
UF;12149098;98494;0xdeca;0xa107;0xb101;0xe1;14854;7;1578;118;5099;20
UL;12149098;24232;H;7;0xa107;0xb101;0xe1;14854;7;1578;118;5099;20
UF;12149189;98495;0xdeca;0xb101;0xffff;0xe0;19972;7;2268;122;5035;17
UF;12149289;98496;0xdeca;0xb101;0xffff;0xe0;21660;7;2301;118;3854;17
listener debug sel=A valid=1 age=7915776 level=7 good=98496 accepted=24232 badhdr=0 nonanchor=74264 toolong=0 rxerr=102 rxen_fail=0 rxen_last=0 sys_status=0x00800002 sys_state=000505410b rx_finfo=0x0766c811 last_status=0x04800102 last_len=17 pan=0xdeca dst=0xffff src=0xb101 code=0xe0
UF;12149388;98497;0xdeca;0xb101;0xffff;0xe0;19220;7;2147;121;3669;17
UF;12149489;98498;0xdeca;0xb101;0xffff;0xe0;21144;7;2323;120;4366;17
UF;12149589;98499;0xdeca;0xb101;0xffff;0xe0;19141;7;2068;119;6276;17
uwb any-frame t=12149689 good=98500 len=17 fctrl=8841 pan=0xdeca dst=0xffff src=0xb101 code=0xe0 q=20948 level=7 cir=2340 rxpacc=121 fp=3805/7110/6870
UF;12149689;98500;0xdeca;0xb101;0xffff;0xe0;20948;7;2340;121;3805;17
UF;12149787;98501;0xdeca;0xb101;0xffff;0xe0;19847;7;2217;121;5539;17
UF;12149887;98502;0xdeca;0xb101;0xffff;0xe0;20483;7;2326;122;4659;17
UF;12149987;98503;0xdeca;0xb101;0xffff;0xe0;19149;7;2139;121;5017;17
UF;12150087;98504;0xdeca;0xb101;0xffff;0xe0;20458;7;2400;124;5105;17
U