75;17
UF;6817875;87035;0xdeca;0xb101;0xffff;0xe0;17866;7;1898;118listener debug sel=A valid=1 age=2814025 level=7 good=87310 accepted=23759 badhdr=0 nonanchor=63551 toolong=0 rxerr=89 rxen_fail=0 rxen_last=0 sys_status=0x00800002 sys_state=000505470b rx_finfo=0x07d6c811 last_status=0x04800102 last_len=17 pan=0xdeca dst=0xffff src=0xb101 code=0xe0
listener debug sel=A valid=1 age=2815025 level=7 good=87310 accepted=23759 badhdr=0 nonanchor=63551 toolong=0 rxerr=89 rxen_fail=0 rxen_last=0 sys_status=0x00800002 sys_state=000505480b rx_finfo=0x07d6c811 last_status=0x04800102 last_len=17 pan=0xdeca dst=0xffff src=0xb101 code=0xe0
listener debug sel=A valid=1 age=2816025 level=7 good=87310 accepted=23759 badhdr=0 nonanchor=63551 toolong=0 rxerr=89 rxen_fail=0 rxen_last=0 sys_status=0x00800002 sys_state=000505460b rx_finfo=0x07d6c811 last_status=0x04800102 last_len=17 pan=0xdeca dst=0xffff src=0xb101 code=0xe0
listener debug sel=A valid=1 age=2817025 level=7 good=87310 accepted=23759 badhdr=0 nonanchor=63551 toolong=0 rxerr=89 rxen_fail=0 rxen_last=0 sys_status=0x00800002 sys_state=000505410b rx_finfo=0x07d6c811 last_status=0x04800102 last_len=17 pan=0xdeca dst=0xffff src=0xb101 code=0xe0
listener debug sel=A valid=1 age=2818025 level=7 good=87310 accepted=23759 badhdr=0 nonanchor=63551 toolong=0 rxerr=89 rxen_fail=0 rxen_last=0 sys_status=0x00800002 sys_state=000505480b rx_finfo=0x07d6c811 last_status=0x04800102 last_len=17 pan=0xdeca dst=0xffff src=0xb101 code=0xe0
listener debug sel=A valid=1 age=2819025 level=7 good=87310 accepted=23759 badhdr=0 nonanchor=63551 toolong=0 rxerr=89 rxen_fail=0 rxen_last=0 sys_status=0x00800002 sys_state=000505440b rx_finfo=0x07d6c811 last_status=0x04800102 last_len=17 pan=0xdeca dst=0xffff src=0xb101 code=0xe0
listener debug sel=A valid=1 age=2820025 level=7 good=87310 accepted=23759 badhdr=0 nonanchor=63551 toolong=0 rxerr=89 rxen_fail=0 rxen_last=0 sys_status=0x00800002 sys_state=000505450b rx_finfo=0x07d6c811 last_status=0x04800102 last_len=17 pan=0xdeca dst=0xffff src=0xb101 code=0xe0
listener debug sel=A valid=1 age=2821025 level=7 good=87310 accepted=23759 badhdr=0 nonanchor=63551 toolong=0 rxerr=89 rxen_fail=0 rxen_last=0 sys_status=0x00800002 sys_state=000505470b rx_finfo=0x07d6c811 last_status=0x04800102 last_len=17 pan=0xdeca dst=0xffff src=0xb101 code=0xe0
listener debug sel=A valid=1 age=2822025 level=7 good=87310 accepted=23759 badhdr=0 nonanchor=63551 toolong=0 rxerr=89 rxen_fail=0 rxen_last=0 sys_status=0x00800002 sys_state=000505460b rx_finfo=0x07d6c811 last_status=0x04800102 last_len=17 pan=0xdeca dst=0xffff src=0xb101 code=0xe0
listener debug sel=A valid=1 age=2823025 level=7 good=87310 accepted=23759 badhdr=0 nonanchor=63551 toolong=0 rxerr=89 rxen_fail=0 rxen_last=0 sys_status=0x00800002 sys_state=000505460b rx_finfo=0x07d6c811 last_status=0x04800102 last_len=17 pan=0xdeca dst=0xffff src=0xb101 code=0xe0
listener debug sel=A valid=1 age=2824025 level=7 good=87310 accepted=23759 badhdr=0 nonanchor=63551 toolong=0 rxerr=89 rxen_fail=0 rxen_last=0 sys_status=0x00800002 sys_state=000505460b rx_finfo=0x07d6c811 last_status=0x04800102 last_len=17 pan=0xdeca dst=0xffff src=0xb101 code=0xe0
listener debug sel=A valid=1 age=2825025 level=7 good=87310 accepted=23759 badhdr=0 nonanchor=63551 toolong=0 rxerr=89 rxen_fail=0 rxen_last=0 sys_status=0x00800002 sys_state=000505410b rx_finfo=0x07d6c811 last_status=0x04800102 last_len=17 pan=0xdeca dst=0xffff src=0xb101 code=0xe0
listener debug sel=A valid=1 age=2826025 level=7 good=87310 accepted=23759 badhdr=0 nonanchor=63551 toolong=0 rxerr=89 rxen_fail=0 rxen_last=0 sys_status=0x00800002 sys_state=000505400b rx_finfo=0x07d6c811 last_status=0x04800102 last_len=17 pan=0xdeca dst=0xffff src=0xb101 code=0xe0
listener debug sel=A valid=1 age=2827025 level=7 good=87310 accepted=23759 badhdr=0 nonanchor=63551 toolong=0 rxerr=89 rxen_fail=0 rxen_last=0 sys_status=0x00800002 sys_state=000505470b rx_finfo=0x07d6c811 last_status=0x04800102 last_len=17 pan=0xdeca dst=0xffff src=0xb101 code=0xe0
listener debug sel=A valid=1 age=2828025 level=7 good=87310 accepted=23759 badhdr=0 nonanchor=63551 toolong=0 rxerr=89 rxen_fail=0 rxen_last=0 sys_status=0x00800002 sys_state=000505430b rx_finfo=0x07d6c811 last_status=0x04800102 last_len=17 pan=0xdeca dst=0xffff src=0xb101 code=0xe0
listener debug sel=A valid=1 age=2829025 level=7 good=87310 accepted=23759 badhdr=0 nonanchor=63551 toolong=0 rxerr=89 rxen_fail=0 rxen_last=0 sys_status=0x00800002 sys_state=000505450b rx_finfo=0x07d6c811 last_status=0x04800102 last_len=17 pan=0xdeca dst=0xffff src=0xb101 code=0xe0
listener debug sel=A valid=1 age=2830025 level=7 good=87310 accepted=23759 badhdr=0 nonanchor=63551 toolong=0 rxerr=89 rxen_fail=0 rxen_last=0 sys_status=0x00800002 sys_state=000505460b rx_finfo=0x07d6c811 last_status=0x04800102 last_len=17 pan=0xdeca dst=0xffff src=0xb101 code=0xe0
listener debug sel=A valid=1 age=2831025 level=7 good=87310 accepted=23759 badhdr=0 nonanchor=63551 toolong=0 rxerr=89 rxen_fail=0 rxen_last=0 sys_status=0x00800002 sys_state=000505480b rx_finfo=0x07d6c811 last_status=0x04800102 last_len=17 pan=0xdeca dst=0xffff src=0xb101 code=0xe0
listener debug sel=A valid=1 age=2832026 level=7 good=87310 accepted=23759 badhdr=0 nonanchor=63551 toolong=0 rxerr=89 rxen_fail=0 rxen_last=0 sys_status=0x00800002 sys_state=000505430b rx_finfo=0x07d6c811 last_status=0x04800102 last_len=17 pan=0xdeca dst=0xffff src=0xb101 code=0xe0
listener debug sel=A valid=1 age=2833026 level=7 good=87310 accepted=23759 badhdr=0 nonanchor=63551 toolong=0 rxerr=89 rxen_fail=0 rxen_last=0 sys_status=0x00800002 sys_state=000505470b rx_finfo=0x07d6c811 last_status=0x04800102 last_len=17 pan=0xdeca dst=0xffff src=0xb101 code=0xe0
listener debug sel=A valid=1 age=2834026 level=7 good=87310 accepted=23759 badhdr=0 nonanchor=63551 toolong=0 rxerr=89 rxen_fail=0 rxen_last=0 sys_status=0x00800002 sys_state=000505480b rx_finfo=0x07d6c811 last_status=0x04800102 last_len=17 pan=0xdeca dst=0xffff src=0xb101 code=0xe0
listener debug sel=A valid=1 age=2835027 level=7 good=87310 accepted=23759 badhdr=0 nonanchor=63551 toolong=0 rxerr=89 rxen_fail=0 rxen_last=0 sys_status=0x00800002 sys_state=000505440b rx_finfo=0x07d6c811 last_status=0x04800102 last_len=17 pan=0xdeca dst=0xffff src=0xb101 code=0xe0
listener debug sel=A valid=1 age=2836028 level=7 good=87310 accepted=23759 badhdr=0 nonanchor=63551 toolong=0 rxerr=89 rxen_fail=0 rxen_last=0 sys_status=0x00800002 sys_state=000505460b rx_finfo=0x07d6c811 last_status=0x04800102 last_len=17 pan=0xdeca dst=0xffff src=0xb101 code=0xe0
listener debug sel=A valid=1 age=2837029 level=7 good=87310 accepted=23759 badhdr=0 nonanchor=63551 toolong=0 rxerr=89 rxen_fail=0 rxen_last=0 sys_status=0x00800002 sys_state=000505460b rx_finfo=0x07d6c811 last_status=0x04800102 last_len=17 pan=0xdeca dst=0xffff src=0xb101 code=0xe0
listener debug sel=A valid=1 age=2838029 level=7 good=87310 accepted=23759 badhdr=0 nonanchor=63551 toolong=0 rxerr=89 rxen_fail=0 rxen_last=0 sys_status=0x00800002 sys_state=000505450b rx_finfo=0x07d6c811 last_status=0x04800102 last_len=17 pan=0xdeca dst=0xffff src=0xb101 code=0xe0
listener debug sel=A valid=1 age=2839030 level=7 good=87310 accepted=23759 badhdr=0 nonanchor=63551 toolong=0 rxerr=89 rxen_fail=0 rxen_last=0 sys_status=0x00800002 sys_state=000505470b rx_finfo=0x07d6c811 last_status=0x04800102 last_len=17 pan=0xdeca dst=0xffff src=0xb101 code=0xe0
listener debug sel=A valid=1 age=2840030 level=7 good=87310 accepted=23759 badhdr=0 nonanchor=63551 toolong=0 rxerr=89 rxen_fail=0 rxen_last=0 sys_status=0x00800002 sys_state=000505470b rx_finfo=0x07d6c811 last_status=0x04800102 last_len=17 pan=0xdeca dst=0xffff src=0xb101 code=0xe0
listener debug sel=A valid=1 age=2841035 level=7 good=87310 accepted=23759 badhdr=0 nonanchor=63551 toolong=0 rxerr=89 rxen_fail=0 rxen_last=0 sys_status=0x00800002 sys_state=000505460b rx_finfo=0x07d6c811 last_status=0x04800102 last_len=17 pan=0xdeca dst=0xffff src=0xb101 code=0xe0
listener debug sel=A valid=1 age=2842035 level=7 good=87310 accepted=23759 badhdr=0 nonanchor=63551 toolong=0 rxerr=89 rxen_fail=0 rxen_last=0 sys_status=0x00800002 sys_state=000505430b rx_finfo=0x07d6c811 last_status=0x04800102 last_len=17 pan=0xdeca dst=0xffff src=0xb101 code=0xe0
listener debug sel=A valid=1 age=2843035 level=7 good=87310 accepted=23759 badhdr=0 nonanchor=63551 toolong=0 rxerr=89 rxen_fail=0 rxen_last=0 sys_status=0x00800002 sys_state=000505430b rx_finfo=0x07d6c811 last_status=0x04800102 last_len=17 pan=0xdeca dst=0xffff src=0xb101 code=0xe0
listener debug sel=A valid=1 age=2844035 level=7 good=87310 accepted=23759 badhdr=0 nonanchor=63551 toolong=0 rxerr=89 rxen_fail=0 rxen_last=0 sys_status=0x00800002 sys_state=000505440b rx_finfo=0x07d6c811 last_status=0x04800102 last_len=17 pan=0xdeca dst=0xffff src=0xb101 code=0xe0
listener debug sel=A valid=1 age=2845035 level=7 good=87310 accepted=23759 badhdr=0 nonanchor=63551 toolong=0 rxerr=89 rxen_fail=0 rxen_last=0 sys_status=0x00800002 sys_state=000505410b rx_finfo=0x07d6c811 last_status=0x04800102 last_len=17 pan=0xdeca dst=0xffff src=0xb101 code=0xe0
listener debug sel=A valid=1 age=2846035 level=7 good=87310 accepted=23759 badhdr=0 nonanchor=63551 toolong=0 rxerr=89 rxen_fail=0 rxen_last=0 sys_status=0x00800002 sys_state=000505470b rx_finfo=0x07d6c811 last_status=0x04800102 last_len=17 pan=0xdeca dst=0xffff src=0xb101 code=0xe0
listener debug sel=A valid=1 age=2847035 level=7 good=87310 accepted=23759 badhdr=0 nonanchor=63551 toolong=0 rxerr=89 rxen_fail=0 rxen_last=0 sys_status=0x00800002 sys_state=000505410b rx_finfo=0x07d6c811 last_status=0x04800102 last_len=17 pan=0xdeca dst=0xffff src=0xb101 code=0xe0
listener debug sel=A valid=1 age=2848035 level=7 good=87310 accepted=23759 badhdr=0 nonanchor=63551 toolong=0 rxerr=89 rxen_fail=0 rxen_last=0 sys_status=0x00800002 sys_state=000505460b rx_finfo=0x07d6c811 last_status=0x04800102 last_len=17 pan=0xdeca dst=0xffff src=0xb101 code=0xe0
listener debug sel=A valid=1 age=2849036 level=7 good=87310 accepted=23759 badhdr=0 nonanchor=63551 toolong=0 rxerr=89 rxen_fail=0 rxen_last=0 sys_status=0x00800002 sys_state=000505460b rx_finfo=0x07d6c811 last_status=0x04800102 last_len=17 pan=0xdeca dst=0xffff src=0xb101 code=0xe0
listener debug sel=A valid=1 age=2850036 level=7 good=87310 accepted=23759 badhdr=0 nonanchor=63551 toolong=0 rxerr=89 rxen_fail=0 rxen_last=0 sys_status=0x00800002 sys_state=000505450b rx_finfo=0x07d6c811 last_status=0x04800102 last_len=17 pan=0xdeca dst=0xffff src=0xb101 code=0xe0
listener debug sel=A valid=1 age=2851036 level=7 good=87310 accepted=23759 badhdr=0 nonanchor=63551 toolong=0 rxerr=89 rxen_fail=0 rxen_last=0 sys_status=0x00800002 sys_state=000505400b rx_finfo=0x07d6c811 last_status=0x04800102 last_len=17 pan=0xdeca dst=0xffff src=0xb101 code=0xe0
listener debug sel=A valid=1 age=2852036 level=7 good=87310 accepted=23759 badhdr=0 nonanchor=63551 toolong=0 rxerr=89 rxen_fail=0 rxen_last=0 sys_status=0x00800002 sys_state=000505450b rx_finfo=0x07d6c811 last_status=0x04800102 last_len=17 pan=0xdeca dst=0xffff src=0xb101 code=0xe0
listener debug sel=A valid=1 age=2853036 level=7 good=87310 accepted=23759 badhdr=0 nonanchor=63551 toolong=0 rxerr=89 rxen_fail=0 rxen_last=0 sys_status=0x00800002 sys_state=000505430b rx_finfo=0x07d6c811 last_status=0x04800102 last_len=17 pan=0xdeca dst=0xffff src=0xb101 code=0xe0
listener debug sel=A valid=1 age=2854036 level=7 good=87310 accepted=23759 badhdr=0 nonanchor=63551 toolong=0 rxerr=89 rxen_fail=0 rxen_last=0 sys_status=0x00800002 sys_state=000505470b rx_finfo=0x07d6c811 last_status=0x04800102 last_len=17 pan=0xdeca dst=0xffff src=0xb101 code=0xe0
listener debug sel=A valid=1 age=2855036 level=7 good=87310 accepted=23759 badhdr=0 nonanchor=63551 toolong=0 rxerr=89 rxen_fail=0 rxen_last=0 sys_status=0x00800002 sys_state=000505470b rx_finfo=0x07d6c811 last_status=0x04800102 last_len=17 pan=0xdeca dst=0xffff src=0xb101 code=0xe0
listener debug sel=A valid=1 age=2856036 level=7 good=87310 accepted=23759 badhdr=0 nonanchor=63551 toolong=0 rxerr=89 rxen_fail=0 rxen_last=0 sys_status=0x00800002 sys_state=000505470b rx_finfo=0x07d6c811 last_status=0x04800102 last_len=17 pan=0xdeca dst=0xffff src=0xb101 code=0xe0
listener debug sel=A valid=1 age=2857036 level=7 good=87310 accepted=23759 badhdr=0 nonanchor=63551 toolong=0 rxerr=89 rxen_fail=0 rxen_last=0 sys_status=0x00800002 sys_state=000505440b rx_finfo=0x07d6c811 last_status=0x04800102 last_len=17 pan=0xdeca dst=0xffff src=0xb101 code=0xe0
listener debug sel=A valid=1 age=2858036 level=7 good=87310 accepted=23759 badhdr=0 nonanchor=63551 toolong=0 rxerr=89 rxen_fail=0 rxen_last=0 sys_status=0x00800002 sys_state=000505480b rx_finfo=0x07d6c811 last_status=0x04800102 last_len=17 pan=0xdeca dst=0xffff src=0xb101 code=0xe0
listener debug sel=A valid=1 age=2859036 level=7 good=87310 accepted=23759 badhdr=0 nonanchor=63551 toolong=0 rxerr=89 rxen_fail=0 rxen_last=0 sys_status=0x00800002 sys_state=000505480b rx_finfo=0x07d6c811 last_status=0x04800102 last_len=17 pan=0xdeca dst=0xffff src=0xb101 code=0xe0
listener debug sel=A valid=1 age=2860036 level=7 good=87310 accepted=23759 badhdr=0 nonanchor=63551 toolong=0 rxerr=89 rxen_fail=0 rxen_last=0 sys_status=0x00800002 sys_state=000505430b rx_finfo=0x07d6c811 last_status=0x04800102 last_len=17 pan=0xdeca dst=0xffff src=0xb101 code=0xe0
listener debug sel=A valid=1 age=2861036 level=7 good=87310 accepted=23759 badhdr=0 nonanchor=63551 toolong=0 rxerr=89 rxen_fail=0 rxen_last=0 sys_status=0x00800002 sys_state=000505440b rx_finfo=0x07d6c811 last_status=0x04800102 last_len=17 pan=0xdeca dst=0xffff src=0xb101 code=0xe0
listener debug sel=A valid=1 age=2862036 level=7 good=87310 accepted=23759 badhdr=0 nonanchor=63551 toolong=0 rxerr=89 rxen_fail=0 rxen_last=0 sys_status=0x00800002 sys_state=000505430b rx_finfo=0x07d6c811 last_status=0x04800102 last_len=17 pan=0xdeca dst=0xffff src=0xb101 code=0xe0
listener debug sel=A valid=1 age=2863036 level=7 good=87310 accepted=23759 badhdr=0 nonanchor=63551 toolong=0 rxerr=89 rxen_fail=0 rxen_last=0 sys_status=0x00800002 sys_state=000505410b rx_finfo=0x07d6c811 last_status=0x04800102 last_len=17 pan=0xdeca dst=0xffff src=0xb101 code=0xe0
listener debug sel=A valid=1 age=2864036 level=7 good=87310 accepted=23759 badhdr=0 nonanchor=63551 toolong=0 rxerr=89 rxen_fail=0 rxen_last=0 sys_status=0x00800002 sys_state=000505450b rx_finfo=0x07d6c811 last_status=0x04800102 last_len=17 pan=0xdeca dst=0xffff src=0xb101 code=0xe0
listener debug sel=A valid=1 age=2865036 level=7 good=87310 accepted=23759 badhdr=0 nonanchor=63551 toolong=0 rxerr=89 rxen_fail=0 rxen_last=0 sys_status=0x00800002 sys_state=000505410b rx_finfo=0x07d6c811 last_status=0x04800102 last_len=17 pan=0xdeca dst=0xffff src=0xb101 code=0xe0
listener debug sel=A valid=1 age=2866036 level=7 good=87310 accepted=23759 badhdr=0 nonanchor=63551 toolong=0 rxerr=89 rxen_fail=0 rxen_last=0 sys_status=0x00800002 sys_state=000505450b rx_finfo=0x07d6c811 last_status=0x04800102 last_len=17 pan=0xdeca dst=0xffff src=0xb101 code=0xe0
listener debug sel=A valid=1 age=2867036 level=7 good=87310 accepted=23759 badhdr=0 nonanchor=63551 toolong=0 rxerr=89 rxen_fail=0 rxen_last=0 sys_status=0x00800002 sys_state=000505460b rx_finfo=0x07d6c811 last_status=0x04800102 last_len=17 pan=0xdeca dst=0xffff src=0xb101 code=0xe0
listener debug sel=A valid=1 age=2868036 level=7 good=87310 accepted=23759 badhdr=0 nonanchor=63551 toolong=0 rxerr=89 rxen_fail=0 rxen_last=0 sys_status=0x00800002 sys_state=000505400b rx_finfo=0x07d6c811 last_status=0x04800102 last_len=17 pan=0xdeca dst=0xffff src=0xb101 code=0xe0
listener debug sel=A valid=1 age=2869036 level=7 good=87310 accepted=23759 badhdr=0 nonanchor=63551 toolong=0 rxerr=89 rxen_fail=0 rxen_last=0 sys_status=0x00800002 sys_state=000505460b rx_finfo=0x07d6c811 last_status=0x04800102 last_len=17 pan=0xdeca dst=0xffff src=0xb101 code=0xe0
listener debug sel=A valid=1 age=2870036 level=7 good=87310 accepted=23759 badhdr=0 nonanchor=63551 toolong=0 rxerr=89 rxen_fail=0 rxen_last=0 sys_status=0x00800002 sys_state=000505450b rx_finfo=0x07d6c811 last_status=0x04800102 last_len=17 pan=0xdeca dst=0xffff src=0xb101 code=0xe0
listener debug sel=A valid=1 age=2871036 level=7 good=87310 accepted=23759 badhdr=0 nonanchor=63551 toolong=0 rxerr=89 rxen_fail=0 rxen_last=0 sys_status=0x00800002 sys_state=000505450b rx_finfo=0x07d6c811 last_status=0x04800102 last_len=17 pan=0xdeca dst=0xffff src=0xb101 code=0xe0
listener debug sel=A valid=1 age=2872037 level=7 good=87310 accepted=23759 badhdr=0 nonanchor=63551 toolong=0 rxerr=89 rxen_fail=0 rxen_last=0 sys_status=0x00800002 sys_state=000505400b rx_finfo=0x07d6c811 last_status=0x04800102 last_len=17 pan=0xdeca dst=0xffff src=0xb101 code=0xe0
listener debug sel=A valid=1 age=2873037 level=7 good=87310 accepted=23759 badhdr=0 nonanchor=63551 toolong=0 rxerr=89 rxen_fail=0 rxen_last=0 sys_status=0x00800002 sys_state=000505480b rx_finfo=0x07d6c811 last_status=0x04800102 last_len=17 pan=0xdeca dst=0xffff src=0xb101 code=0xe0
listener debug sel=A valid=1 age=2874037 level=7 good=87310 accepted=23759 badhdr=0 nonanchor=63551 toolong=0 rxerr=89 rxen_fail=0 rxen_last=0 sys_status=0x00800002 sys_state=000505460b rx_finfo=0x07d6c811 last_status=0x04800102 last_len=17 pan=0xdeca dst=0xffff src=0xb101 code=0xe0
listener debug sel=A valid=1 age=2875042 level=7 good=87310 accepted=23759 badhdr=0 nonanchor=63551 toolong=0 rxerr=89 rxen_fail=0 rxen_last=0 sys_status=0x00800002 sys_state=000505400b rx_finfo=0x07d6c811 last_status=0x04800102 last_len=17 pan=0xdeca dst=0xffff src=0xb101 code=0xe0
listener debug sel=A valid=1 age=2876046 level=7 good=87310 accepted=23759 badhdr=0 nonanchor=63551 toolong=0 rxerr=89 rxen_fail=0 rxen_last=0 sys_status=0x00800002 sys_state=000505440b rx_finfo=0x07d6c811 last_status=0x04800102 last_len=17 pan=0xdeca dst=0xffff src=0xb101 code=0xe0
listener debug sel=A valid=1 age=2877046 level=7 good=87310 accepted=23759 badhdr=0 nonanchor=63551 toolong=0 rxerr=89 rxen_fail=0 rxen_last=0 sys_status=0x00800002 sys_state=000505430b rx_finfo=0x07d6c811 last_status=0x04800102 last_len=17 pan=0xdeca dst=0xffff src=0xb101 code=0xe0
listener debug sel=A valid=1 age=2878046 level=7 good=87310 accepted=23759 badhdr=0 nonanchor=63551 toolong=0 rxerr=89 rxen_fail=0 rxen_last=0 sys_status=0x00800002 sys_state=000505400b rx_finfo=0x07d6c811 last_status=0x04800102 last_len=17 pan=0xdeca dst=0xffff src=0xb101 code=0xe0
listener debug sel=A valid=1 age=2879046 level=7 good=87310 accepted=23759 badhdr=0 nonanchor=63551 toolong=0 rxerr=89 rxen_fail=0 rxen_last=0 sys_status=0x00800002 sys_state=000505440b rx_finfo=0x07d6c811 last_status=0x04800102 last_len=17 pan=0xdeca dst=0xffff src=0xb101 code=0xe0
listener debug sel=A valid=1 age=2880046 level=7 good=87310 accepted=23759 badhdr=0 nonanchor=63551 toolong=0 rxerr=89 rxen_fail=0 rxen_last=0 sys_status=0x00800002 sys_state=000505410b rx_finfo=0x07d6c811 last_status=0x04800102 last_len=17 pan=0xdeca dst=0xffff src=0xb101 code=0xe0
listener debug sel=A valid=1 age=2881051 level=7 good=87310 accepted=23759 badhdr=0 nonanchor=63551 toolong=0 rxerr=89 rxen_fail=0 rxen_last=0 sys_status=0x00800002 sys_state=000505470b rx_finfo=0x07d6c811 last_status=0x04800102 last_len=17 pan=0xdeca dst=0xffff src=0xb101 code=0xe0
listener debug sel=A valid=1 age=2882055 level=7 good=87310 accepted=23759 badhdr=0 nonanchor=63551 toolong=0 rxerr=89 rxen_fail=0 rxen_last=0 sys_status=0x00800002 sys_state=000505440b rx_finfo=0x07d6c811 last_status=0x04800102 last_len=17 pan=0xdeca dst=0xffff src=0xb101 code=0xe0
listener debug sel=A valid=1 age=2883055 level=7 good=87310 accepted=23759 badhdr=0 nonanchor=63551 toolong=0 rxerr=89 rxen_fail=0 rxen_last=0 sys_status=0x00800002 sys_state=000505480b rx_finfo=0x07d6c811 last_status=0x04800102 last_len=17 pan=0xdeca dst=0xffff src=0xb101 code=0xe0
UF;7116997;87311;0xdeca;0xb101;0xffff;0xe0;19187;7;2073;119;7322;17
UF;7117097;87312;0xdeca;0xb101;0xffff;0xe0;19759;7;2318;124;7755;17
UF;7117197;87313;0xdeca;0xb101;0xffff;0xe0;22146;8;2598;124;7421;17
UF;7117298;87314;0xdeca;0xb101;0xffff;0xe0;19113;7;2065;119;7570;17
UF;7117398;87315;0xdeca;0xb101;0xffff;0xe0;19274;7;2013;117;7066;17
UF;7117498;87316;0xdeca;0xb101;0xffff;0xe0;20833;7;2444;124;7638;17
UF;7117598;87317;0xdeca;0xb101;0xffff;0xe0;18942;7;2151;122;7458;17
listener debug sel=A valid=1 age=2884059 level=7 good=87317 accepted=23759 badhdr=0 nonanchor=63558 toolong=0 rxerr=89 rxen_fail=0 rxen_last=0 sys_status=0x00800002 sys_state=000505460b rx_finfo=0x07a6c811 last_status=0x04800102 last_len=17 pan=0xdeca dst=0xffff src=0xb101 code=0xe0
UF;7117697;87318;0xdeca;0xb101;0xffff;0xe0;20324;7;2308;122;7229;17
UF;7117797;87319;0xdeca;0xb101;0xffff;0xe0;19852;7;2109;118;7153;17
UF;7117897;87320;0xdeca;0xb101;0xffff;0xe0;18859;7;2072;120;7656;17
UF;7117997;87321;0xdeca;0xb101;0xffff;0xe0;20214;7;2258;121;7501;17
UF;7118097;87322;0xdeca;0xb101;0xffff;0xe0;19820;7;2070;117;7046;17
UF;7118197;87323;0xdeca;0xb101;0xffff;0xe0;18361;7;2051;121;7484;17
UF;7118298;87324;0xdeca;0xb101;0xffff;0xe0;18249;7;2005;120;7406;17
UF;7118398;87325;0xdeca;0xb101;0xffff;0xe0;18144;7;1895;117;7322;17
UF;7118498;87326;0xdeca;0xb101;0xffff;0xe0;18483;7;1997;119;7445;17
UF;7118598;87327;0xdeca;0xb101;0xffff;0xe0;19546;7;2293;124;7778;17
listener debug sel=A valid=1 age=2885059 level=7 good=87327 accepted=23759 badhdr=0 nonanchor=63568 toolong=0 rxerr=89 rxen_fail=0 rxen_last=0 sys_status=0x00800002 sys_state=000505430b rx_finfo=0x07c6c811 last_status=0x04800102 last_len=17 pan=0xdeca dst=0xffff src=0xb101 code=0xe0
UF;7118697;87328;0xdeca;0xb101;0xffff;0xe0;19636;7;2086;118;6901;17
UF;7118797;87329;0xdeca;0xb101;0xffff;0xe0;21494;7;2401;121;7535;17
UF;7118897;87330;0xdeca;0xb101;0xffff;0xe0;19293;7;2015;117;7530;17
UF;7118997;87331;0xdeca;0xb101;0xffff;0xe0;18026;7;1915;118;6799;17
UF;7119097;87332;0xdeca;0xb101;0xffff;0xe0;19972;7;2343;124;7727;17
UF;7119197;87333;0xdeca;0xb101;0xffff;0xe0;19215;7;2076;119;6902;17
UF;7119297;87334;0xdeca;0xb101;0xffff;0xe0;18607;7;2113;122;7906;17
UF;7119398;87335;0xdeca;0xb101;0xffff;0xe0;18604;7;2044;120;7393;17
UF;7119498;87336;0xdeca;0xb101;0xffff;0xe0;21145;7;2362;121;7709;17
UF;7119598;87337;0xdeca;0xb101;0xffff;0xe0;21325;7;2304;119;7443;17
listener debug sel=A valid=1 age=2886059 level=7 good=87337 accepted=23759 badhdr=0 nonanchor=63578 toolong=0 rxerr=89 rxen_fail=0 rxen_last=0 sys_status=0x00800002 sys_state=000505430b rx_finfo=0x0776c811 last_status=0x04800102 last_len=17 pan=0xdeca dst=0xffff src=0xb101 code=0xe0
UF;7119697;87338;0xdeca;0xb101;0xffff;0xe0;20509;7;2291;121;7314;17
UF;7119797;87339;0xdeca;0xb101;0xffff;0xe0;18862;7;2142;122;7484;17
UF;7119897;87340;0xdeca;0xb101;0xffff;0xe0;19316;7;2087;119;7224;17
UF;7119997;87341;0xdeca;0xb101;0xffff;0xe0;21020;7;2271;119;7263;17
UF;7120097;87342;0xdeca;0xb101;0xffff;0xe0;17646;7;1843;117;7095;17
UF;7120197;87343;0xdeca;0xb101;0xffff;0xe0;18318;7;1946;118;6724;17
UF;7120297;87344;0xdeca;0xb101;0xffff;0xe0;18299;7;2078;122;7498;17
UF;7120397;87345;0xdeca;0xb101;0xffff;0xe0;17226;7;1830;118;6892;17
UF;7120498;87346;0xdeca;0xb101;0xffff;0xe0;17744;7;1885;118;6706;17
UF;7120598;87347;0xdeca;0xb101;0xffff;0xe0;21503;7;2402;121;7591;17
listener debug sel=A valid=1 age=2887059 level=7 good=87347 accepted=23759 badhdr=0 nonanchor=63588 toolong=0 rxerr=89 rxen_fail=0 rxen_last=0 sys_status=0x00800002 sys_state=000505400b rx_finfo=0x0796c811 last_status=0x04800102 last_len=17 pan=0xdeca dst=0xffff src=0xb101 code=0xe0
UF;7120697;87348;0xdeca;0xb101;0xffff;0xe0;20058;7;2353;124;7803;17
UF;7120797;87349;0xdeca;0xb101;0xffff;0xe0;18583;7;2180;124;7580;17
uwb any-frame t=7120897 good=87350 len=17 fctrl=8841 pan=0xdeca dst=0xffff src=0xb101 code=0xe0 q=20298 level=7 cir=2343 rxpacc=123 fp=7501/7050/6538
UF;7120897;87350;0xdeca;0xb101;0xffff;0xe0;20298;7;2343;123;7501;17
UF;7121000;87351;0xdeca;0xb101;0xffff;0xe0;18040;7;1982;120;6759;17
UF;7121100;87352;0xdeca;0xb101;0xffff;0xe0;20525;7;2255;120;7546;17
UF;7121200;87353;0xdeca;0xb101;0xffff;0xe0;21641;7;2498;123;7683;17
UF;7121300;87354;0xdeca;0xb101;0xffff;0xe0;19467;7;2247;123;7310;17
UF;7121400;87355;0xdeca;0xb101;0xffff;0xe0;18386;7;2020;120;6991;17
UF;7121500;87356;0xdeca;0xb101;0xffff;0xe0;21618;7;2536;124;7905;17
UF;7121600;87357;0xdeca;0xb101;0xffff;0xe0;18836;7;2139;122;7641;17
listener debug sel=A valid=1 age=2888062 level=7 good=87357 accepted=23759 badhdr=0 nonanchor=63598 toolong=0 rxerr=89 rxen_fail=0 rxen_last=0 sys_status=0x00800002 sys_state=000505480b rx_finfo=0x07a6c811 last_status=0x04800102 last_len=17 pan=0xdeca dst=0xffff src=0xb101 code=0xe0
UF;7121700;87358;0xdeca;0xb101;0xffff;0xe0;19563;7;2295;124;7285;17
UF;7121800;87359;0xdeca;0xb101;0xffff;0xe0;21612;7;2335;119;7626;17
UF;7121900;87360;0xdeca;0xb101;0xffff;0xe0;20547;7;2220;119;7429;17
UF;7122000;87361;0xdeca;0xb101;0xffff;0xe0;18650;7;2015;119;7343;17
UF;7122100;87362;0xdeca;0xb101;0xffff;0xe0;20427;7;2207;119;7264;17
UF;7122200;87363;0xdeca;0xb101;0xffff;0xe0;19236;7;2009;117;6660;17
UF;7122300;87364;0xdeca;0xb101;0xffff;0xe0;18818;7;2137;122;7139;17
UF;7122400;87365;0xdeca;0xb101;0xffff;0xe0;20333;7;2309;122;7349;17
UF;7122500;87366;0xdeca;0xb101;0xffff;0xe0;18990;7;2192;123;7520;17
UF;7122600;87367;0xdeca;0xb101;0xffff;0xe0;20279;7;2379;124;7668;17
listener debug sel=A valid=1 age=2889062 level=7 good=87367 accepted=23759 badhdr=0 nonanchor=63608 toolong=0 rxerr=89 rxen_fail=0 rxen_last=0 sys_status=0x00800002 sys_state=000505410b rx_finfo=0x07c6c811 last_status=0x04800102 last_len=17 pan=0xdeca dst=0xffff src=0xb101 code=0xe0
UF;7122699;87368;0xdeca;0xb101;0xffff;0xe0;20558;7;2184;118;7407;17
UF;7122800;87369;0xdeca;0xb101;0xffff;0xe0;19899;7;2114;118;7077;17
UF;7122900;87370;0xdeca;0xb101;0xffff;0xe0;18131;7;1992;120;7350;17
UF;7123000;87371;0xdeca;0xb101;0xffff;0xe0;18987;7;1983;117;7455;17
UF;7123100;87372;0xdeca;0xb101;0xffff;0xe0;18898;7;2111;121;7377;17
UF;7123200;87373;0xdeca;0xb101;0xffff;0xe0;19039;7;2057;119;7411;17
UF;7123300;87374;0xdeca;0xb101;0xffff;0xe0;18742;7;1991;118;7045;17
UF;7123400;87375;0xdeca;0xb101;0xffff;0xe0;18115;7;2091;123;7479;17
UF;7123500;87376;0xdeca;0xb101;0xffff;0xe0;18986;7;2017;118;7245;17
UF;7123600;87377;0xdeca;0xb101;0xffff;0xe0;19324;7;2267;124;7500;17
listener debug sel=A valid=1 age=2890062 level=7 good=87377 accepted=23759 badhdr=0 nonanchor=63618 toolong=0 rxerr=89 rxen_fail=0 rxen_last=0 sys_status=0x00800002 sys_state=000505480b rx_finfo=0x07c6c811 last_status=0x04800102 last_len=17 pan=0xdeca dst=0xffff src=0xb101 code=0xe0
UF;7123699;87378;0xdeca;0xb101;0xffff;0xe0;19887;7;2333;124;7640;17
UF;7123799;87379;0xdeca;0xb101;0xffff;0xe0;19328;7;2159;121;7493;17
UF;7123900;87380;0xdeca;0xb101;0xffff;0xe0;18221;7;1903;117;7045;17
UF;7124000;87381;0xdeca;0xb101;0xffff;0xe0;19734;7;2061;117;7183;17
UF;7124100;87382;0xdeca;0xb101;0xffff;0xe0;19660;7;2160;120;7047;17
UF;7124200;87383;0xdeca;0xb101;0xffff;0xe0;20710;7;2163;117;6907;17
UF;7124300;87384;0xdeca;0xb101;0xffff;0xe0;17985;7;1976;120;7312;17
UF;7124400;87385;0xdeca;0xb101;0xffff;0xe0;18595;7;2043;120;7734;17
UF;7124500;87386;0xdeca;0xb101;0xffff;0xe0;18943;7;2116;121;7374;17
UF;7124600;87387;0xdeca;0xb101;0xffff;0xe0;19622;7;2120;119;7190;17
listener debug sel=A valid=1 age=2891067 level=7 good=87387 accepted=23759 badhdr=0 nonanchor=63628 toolong=0 rxerr=89 rxen_fail=0 rxen_last=0 sys_status=0x00800002 sys_state=000505470b rx_finfo=0x0776c811 last_status=0x04800102 last_len=17 pan=0xdeca dst=0xffff src=0xb101 code=0xe0
UF;7124699;87388;0xdeca;0xb101;0xffff;0xe0;22000;8;2417;120;7459;17
UF;7124799;87389;0xdeca;0xb101;0xffff;0xe0;19963;7;2085;117;7184;17
UF;7124899;87390;0xdeca;0xb101;0xffff;0xe0;20169;7;2253;121;7610;17
UF;7124999;87391;0xdeca;0xb101;0xffff;0xe0;17910;7;1935;119;6946;17
UF;7125100;87392;0xdeca;0xb101;0xffff;0xe0;20411;7;2356;123;7721;17
UF;7125200;87393;0xdeca;0xb101;0xffff;0xe0;20024;7;2200;120;7492;17
UF;7125300;87394;0xdeca;0xb101;0xffff;0xe0;19838;7;2216;121;7554;17
UF;7125400;87395;0xdeca;0xb101;0xffff;0xe0;20234;7;2223;120;7331;17
UF;7125500;87396;0xdeca;0xb101;0xffff;0xe0;18719;7;2196;124;7405;17
UF;7125600;87397;0xdeca;0xb101;0xffff;0xe0;20680;7;2272;120;7496;17
listener debug sel=A valid=1 age=2892072 level=7 good=87397 accepted=23759 badhdr=0 nonanchor=63638 toolong=0 rxerr=89 rxen_fail=0 rxen_last=0 sys_status=0x00800002 sys_state=000505470b rx_finfo=0x0786c811 last_status=0x04800102 last_len=17 pan=0xdeca dst=0xffff src=0xb101 code=0xe0
UF;7125699;87398;0xdeca;0xb101;0xffff;0xe0;20671;7;2425;124;7729;17
UF;7125799;87399;0xdeca;0xb101;0xffff;0xe0;17824;7;1991;121;7185;17
uwb any-frame t=7125899 good=87400 len=17 fctrl=8841 pan=0xdeca dst=0xffff src=0xb101 code=0xe0 q=18805 level=7 cir=1964 rxpacc=117 fp=7156/7020/6678
UF;7125899;87400;0xdeca;0xb101;0xffff;0xe0;18805;7;1964;117;7156;17
UF;7125997;87401;0xdeca;0xb101;0xffff;0xe0;19283;7;2154;121;7493;17
UF;7126097;87402;0xdeca;0xb101;0xffff;0xe0;19000;7;2265;125;7751;17
UF;7126197;87403;0xdeca;0xb101;0xffff;0xe0;18647;7;2083;121;7528;17
UF;7126297;87404;0xdeca;0xb101;0xffff;0xe0;20983;7;2422;123;7933;17
UF;7126397;87405;0xdeca;0xb101;0xffff;0xe0;21695;7;2344;119;7442;17
UF;7126498;87406;0xdeca;0xb101;0xffff;0xe0;20879;7;2410;123;7455;17
UF;7126598;87407;0xdeca;0xb101;0xffff;0xe0;19067;7;2060;119;6798;17
listener debug sel=A valid=1 age=2893074 level=7 good=87407 accepted=23759 badhdr=0 nonanchor=63648 toolong=0 rxerr=89 rxen_fail=0 rxen_last=0 sys_status=0x00800002 sys_state=000505450b rx_finfo=0x0776c811 last_status=0x04800102 last_len=17 pan=0xdeca dst=0xffff src=0xb101 code=0xe0
UF;7126697;87408;0xdeca;0xb101;0xffff;0xe0;21255;7;2258;118;7058;17
UF;7126797;87409;0xdeca;0xb101;0xffff;0xe0;21405;7;2391;121;7920;17
UF;7126897;87410;0xdeca;0xb101;0xffff;0xe0;19700;7;2311;124;7757;17
UF;7126997;87411;0xdeca;0xb101;0xffff;0xe0;22555;8;2646;124;7778;17
UF;7127097;87412;0xdeca;0xb101;0xffff;0xe0;19086;7;2132;121;7314;17
UF;7127197;87413;0xdeca;0xb101;0xffff;0xe0;19858;7;2255;122;7584;17
UF;7127298;87414;0xdeca;0xb101;0xffff;0xe0;17867;7;2029;122;7084;17
UF;7127398;87415;0xdeca;0xb101;0xffff;0xe0;19667;7;2054;117;7157;17
UF;7127498;87416;0xdeca;0xb101;0xffff;0xe0;20498;7;2366;123;7502;17
UF;7127598;87417;0xdeca;0xb101;0xffff;0xe0;20085;7;2170;119;7149;17
listener debug sel=A valid=1 age=2894075 level=7 good=87417 accepted=23759 badhdr=0 nonanchor=63658 toolong=0 rxerr=89 rxen_fail=0 rxen_last=0 sys_status=0x00800002 sys_state=000505450b rx_finfo=0x0776c811 last_status=0x04800102 last_len=17 pan=0xdeca dst=0xffff src=0xb101 code=0xe0
UF;7127697;87418;0xdeca;0xb101;0xffff;0xe0;22063;8;2424;120;7620;17
UF;7127797;87419;0xdeca;0xb101;0xffff;0xe0;20605;7;2189;118;7502;17
UF;7127897;87420;0xdeca;0xb101;0xffff;0xe0;18713;7;2160;123;7430;17
listener debug sel=A valid=1 age=2895076 level=7 good=87420 accepted=23759 badhdr=0 nonanchor=63661 toolong=0 rxerr=89 rxen_fail=0 rxen_last=0 sys_status=0x00800002 sys_state=000505430b rx_finfo=0x07b6c811 last_status=0x04800102 last_len=17 pan=0xdeca dst=0xffff src=0xb101 code=0xe0
listener debug sel=A valid=1 age=2896076 level=7 good=87420 accepted=23759 badhdr=0 nonanchor=63661 toolong=0 rxerr=89 rxen_fail=0 rxen_last=0 sys_status=0x00800002 sys_state=000505440b rx_finfo=0x07b6c811 last_status=0x04800102 last_len=17 pan=0xdeca dst=0xffff src=0xb101 code=0xe0
listener debug sel=A valid=1 age=2897076 level=7 good=87420 accepted=23759 badhdr=0 nonanchor=63661 toolong=0 rxerr=89 rxen_fail=0 rxen_last=0 sys_status=0x00800002 sys_state=000505400b rx_finfo=0x07b6c811 last_status=0x04800102 last_len=17 pan=0xdeca dst=0xffff src=0xb101 code=0xe0
UF;7131008;87421;0xdeca;0xb101;0xffff;0xe0;20598;7;2263;120;7452;17
listener debug sel=A valid=1 age=2898078 level=7 good=87421 accepted=23759 badhdr=0 nonanchor=63662 toolong=0 rxerr=89 rxen_fail=0 rxen_last=0 sys_status=0x00800002 sys_state=000505470b rx_finfo=0x0786c811 last_status=0x04800102 last_len=17 pan=0xdeca dst=0xffff src=0xb101 code=0xe0
listener debug sel=A valid=1 age=2899078 level=7 good=87421 accepted=23759 badhdr=0 nonanchor=63662 toolong=0 rxerr=89 rxen_fail=0 rxen_last=0 sys_status=0x00800002 sys_state=000505460b rx_finfo=0x0786c811 last_status=0x04800102 last_len=17 pan=0xdeca dst=0xffff src=0xb101 code=0xe0
listener debug sel=A valid=1 age=2900083 level=7 good=87421 accepted=23759 badhdr=0 nonanchor=63662 toolong=0 rxerr=89 rxen_fail=0 rxen_last=0 sys_status=0x00800002 sys_state=000505440b rx_finfo=0x0786c811 last_status=0x04800102 last_len=17 pan=0xdeca dst=0xffff src=0xb101 code=0xe0
listener debug sel=A valid=1 age=2901088 level=7 good=87421 accepted=23759 badhdr=0 nonanchor=63662 toolong=0 rxerr=89 rxen_fail=0 rxen_last=0 sys_status=0x00800002 sys_state=000505400b rx_finfo=0x0786c811 last_status=0x04800102 last_len=17 pan=0xdeca dst=0xffff src=0xb101 code=0xe0
listener debug sel=A valid=1 age=2902093 level=7 good=87421 accepted=23759 badhdr=0 nonanchor=63662 toolong=0 rxerr=89 rxen_fail=0 rxen_last=0 sys_status=0x00800002 sys_state=000505470b rx_finfo=0x0786c811 last_status=0x04800102 last_len=17 pan=0xdeca dst=0xffff src=0xb101 code=0xe0
listener debug sel=A valid=1 age=2903098 level=7 good=87421 accepted=23759 badhdr=0 nonanchor=63662 toolong=0 rxerr=89 rxen_fail=0 rxen_last=0 sys_status=0x00800002 sys_state=000505410b rx_finfo=0x0786c811 last_status=0x04800102 last_len=17 pan=0xdeca dst=0xffff src=0xb101 code=0xe0
listener debug sel=A valid=1 age=2904098 level=7 good=87421 accepted=23759 badhdr=0 nonanchor=63662 toolong=0 rxerr=89 rxen_fail=0 rxen_last=0 sys_status=0x00800002 sys_state=000505440b rx_finfo=0x0786c811 last_status=0x04800102 last_len=17 pan=0xdeca dst=0xffff src=0xb101 code=0xe0
listener debug sel=A valid=1 age=2905098 level=7 good=87421 accepted=23759 badhdr=0 nonanchor=63662 toolong=0 rxerr=89 rxen_fail=0 rxen_last=0 sys_status=0x00800002 sys_state=000505450b rx_finfo=0x0786c811 last_status=0x04800102 last_len=17 pan=0xdeca dst=0xffff src=0xb101 code=0xe0
listener debug sel=A valid=1 age=2906103 level=7 good=87421 accepted=23759 badhdr=0 nonanchor=63662 toolong=0 rxerr=89 rxen_fail=0 rxen_last=0 sys_status=0x00800002 sys_state=000505410b rx_finfo=0x0786c811 last_status=0x04800102 last_len=17 pan=0xdeca dst=0xffff src=0xb101 code=0xe0
listener debug sel=A valid=1 age=2907107 level=7 good=87421 accepted=23759 badhdr=0 nonanchor=63662 toolong=0 rxerr=89 rxen_fail=0 rxen_last=0 sys_status=0x00800002 sys_state=000505470b rx_finfo=0x0786c811 last_status=0x04800102 last_len=17 pan=0xdeca dst=0xffff src=0xb101 code=0xe0
listener debug sel=A valid=1 age=2908107 level=7 good=87421 accepted=23759 badhdr=0 nonanchor=63662 toolong=0 rxerr=89 rxen_fail=0 rxen_last=0 sys_status=0x00800002 sys_state=000505460b rx_finfo=0x0786c811 last_status=0x04800102 last_len=17 pan=0xdeca dst=0xffff src=0xb101 code=0xe0
listener debug sel=A valid=1 age=2909107 level=7 good=87421 accepted=23759 badhdr=0 nonanchor=63662 toolong=0 rxerr=89 rxen_fail=0 rxen_last=0 sys_status=0x00800002 sys_state=000505460b rx_finfo=0x0786c811 last_status=0x04800102 last_len=17 pan=0xdeca dst=0xffff src=0xb101 code=0xe0
listener debug sel=A valid=1 age=2910107 level=7 good=87421 accepted=23759 badhdr=0 nonanchor=63662 toolong=0 rxerr=89 rxen_fail=0 rxen_last=0 sys_status=0x00800002 sys_state=000505450b rx_finfo=0x0786c811 last_status=0x04800102 last_len=17 pan=0xdeca dst=0xffff src=0xb101 code=0xe0
listener debug sel=A valid=1 age=2911107 level=7 good=87421 accepted=23759 badhdr=0 nonanchor=63662 toolong=0 rxerr=89 rxen_fail=0 rxen_last=0 sys_status=0x00800002 sys_state=000505430b rx_finfo=0x0786c811 last_status=0x04800102 last_len=17 pan=0xdeca dst=0xffff src=0xb101 code=0xe0
listener debug sel=A valid=1 age=2912107 level=7 good=87421 accepted=23759 badhdr=0 nonanchor=63662 toolong=0 rxerr=89 rxen_fail=0 rxen_last=0 sys_status=0x00800002 sys_state=000505440b rx_finfo=0x0786c811 last_status=0x04800102 last_len=17 pan=0xdeca dst=0xffff src=0xb101 code=0xe0
listener debug sel=A valid=1 age=2913107 level=7 good=87421 accepted=23759 badhdr=0 nonanchor=63662 toolong=0 rxerr=89 rxen_fail=0 rxen_last=0 sys_status=0x00800002 sys_state=000505440b rx_finfo=0x0786c811 last_status=0x04800102 last_len=17 pan=0xdeca dst=0xffff src=0xb101 code=0xe0
listener debug sel=A valid=1 age=2914107 level=7 good=87421 accepted=23759 badhdr=0 nonanchor=63662 toolong=0 rxerr=89 rxen_fail=0 rxen_last=0 sys_status=0x00800002 sys_state=000505440b rx_finfo=0x0786c811 last_status=0x04800102 last_len=17 pan=0xdeca dst=0xffff src=0xb101 code=0xe0
listener debug sel=A valid=1 age=2915111 level=7 good=87421 accepted=23759 badhdr=0 nonanchor=63662 toolong=0 rxerr=89 rxen_fail=0 rxen_last=0 sys_status=0x00800002 sys_state=000505440b rx_finfo=0x0786c811 last_status=0x04800102 last_len=17 pan=0xdeca dst=0xffff src=0xb101 code=0xe0
listener debug sel=A valid=1 age=2916111 level=7 good=87421 accepted=23759 badhdr=0 nonanchor=63662 toolong=0 rxerr=89 rxen_fail=0 rxen_last=0 sys_status=0x00800002 sys_state=000505480b rx_finfo=0x0786c811 last_status=0x04800102 last_len=17 pan=0xdeca dst=0xffff src=0xb101 code=0xe0
listener debug sel=A valid=1 age=2917111 level=7 good=87421 accepted=23759 badhdr=0 nonanchor=63662 toolong=0 rxerr=89 rxen_fail=0 rxen_last=0 sys_status=0x00800002 sys_state=000505480b rx_finfo=0x0786c811 last_status=0x04800102 last_len=17 pan=0xdeca dst=0xffff src=0xb101 code=0xe0
listener debug sel=A valid=1 age=2918111 level=7 good=87421 accepted=23759 badhdr=0 nonanchor=63662 toolong=0 rxerr=89 rxen_fail=0 rxen_last=0 sys_status=0x00800002 sys_state=000505410b rx_finfo=0x0786c811 last_status=0x04800102 last_len=17 pan=0xdeca dst=0xffff src=0xb101 code=0xe0
UF;7152476;87422;0xdeca;0xb101;0xffff;0xe0;19829;7;2215;121;7428;17
UF;7152576;87423;0xdeca;0xb101;0xffff;0xe0;19401;7;2276;124;7848;17
listener debug sel=A valid=1 age=2919115 level=7 good=87423 accepted=23759 badhdr=0 nonanchor=63664 toolong=0 rxerr=89 rxen_fail=0 rxen_last=0 sys_status=0x00800002 sys_state=000505480b rx_finfo=0x07c6c811 last_status=0x04800102 last_len=17 pan=0xdeca dst=0xffff src=0xb101 code=0xe0
UF;7152696;87424;0xdeca;0xb101;0xffff;0xe0;18612;7;2079;121;7210;17
UF;7152775;87425;0xdeca;0xb101;0xffff;0xe0;19205;7;2110;120;7371;17
UF;7152875;87426;0xdeca;0xb101;0xffff;0xe0;20191;7;2145;118;7523;17
UF;7152975;87427;0xdeca;0xb101;0xffff;0xe0;19382;7;2059;118;7585;17
UF;7153075;87428;0xdeca;0xb101;0xffff;0xe0;19324;7;2123;120;7247;17
UF;7153176;87429;0xdeca;0xb101;0xffff;0xe0;22129;8;2596;124;7747;17
UF;7153276;87430;0xdeca;0xb101;0xffff;0xe0;18123;7;2058;122;7203;17
UF;7153376;87431;0xdeca;0xb101;0xffff;0xe0;21121;7;2282;119;7586;17
UF;7153476;87432;0xdeca;0xb101;0xffff;0xe0;19918;7;2116;118;7253;17
UF;7153576;87433;0xdeca;0xb101;0xffff;0xe0;18938;7;2186;123;7623;17
listener debug sel=A valid=1 age=2920115 level=7 good=87433 accepted=23759 badhdr=0 nonanchor=63674 toolong=0 rxerr=89 rxen_fail=0 rxen_last=0 sys_status=0x00800002 sys_state=000505440b rx_finfo=0x07b6c811 last_status=0x04800102 last_len=17 pan=0xdeca dst=0xffff src=0xb101 code=0xe0
UF;7153696;87434;0xdeca;0xb101;0xffff;0xe0;21165;7;2443;123;7521;17
UF;7153775;87435;0xdeca;0xb101;0xffff;0xe0;21173;7;2444;123;7988;17
UF;7153875;87436;0xdeca;0xb101;0xffff;0xe0;19146;7;2210;123;7622;17
UF;7153975;87437;0xdeca;0xb101;0xffff;0xe0;21584;7;2411;121;7808;17
UF;7154075;87438;0xdeca;0xb101;0xffff;0xe0;20791;7;2439;124;7553;17
UF;7154175;87439;0xdeca;0xb101;0xffff;0xe0;21157;7;2482;124;7528;17
UF;7154276;87440;0xdeca;0xb101;0xffff;0xe0;17704;7;1849;117;6975;17
UF;7154376;87441;0xdeca;0xb101;0xffff;0xe0;19822;7;2251;122;7610;17
UF;7154476;87442;0xdeca;0xb101;0xffff;0xe0;21451;7;2476;123;7866;17
UF;7154576;87443;0xdeca;0xb101;0xffff;0xe0;20680;7;2387;123;7595;17
listener debug sel=A valid=1 age=2921120 level=7 good=87443 accepted=23759 badhdr=0 nonanchor=63684 toolong=0 rxerr=89 rxen_fail=0 rxen_last=0 sys_status=0x00800002 sys_state=000505480b rx_finfo=0x07b6c811 last_status=0x04800102 last_len=17 pan=0xdeca dst=0xffff src=0xb101 code=0xe0
UF;7154701;87444;0xdeca;0xb101;0xffff;0xe0;18484;7;2099;122;7230;17
UF;7154775;87445;0xdeca;0xb101;0xffff;0xe0;18572;7;1973;118;7276;17
UF;7154875;87446;0xdeca;0xb101;0xffff;0xe0;17573;7;1963;121;6797;17
UF;7154975;87447;0xdeca;0xb101;0xffff;0xe0;21387;7;2389;121;7342;17
UF;7155075;87448;0xdeca;0xb101;0xffff;0xe0;20739;7;2433;124;7602;17
UF;7155175;87449;0xdeca;0xb101;0xffff;0xe0;19453;7;2173;121;7068;17
uwb any-frame t=7155275 good=87450 len=17 fctrl=8841 pan=0xdeca dst=0xffff src=0xb101 code=0xe0 q=19015 level=7 cir=2020 rxpacc=118 fp=7509/7198/4924
UF;7155275;87450;0xdeca;0xb101;0xffff;0xe0;19015;7;2020;118;7509;17
UF;7155378;87451;0xdeca;0xb101;0xffff;0xe0;19928;7;2117;118;7261;17
UF;7155478;87452;0xdeca;0xb101;0xffff;0xe0;20939;7;2339;121;7597;17
UF;7155579;87453;0xdeca;0xb101;0xffff;0xe0;18206;7;1967;119;7160;17
listener debug sel=A valid=1 age=2922122 level=7 good=87453 accepted=23759 badhdr=0 nonanchor=63694 toolong=0 rxerr=89 rxen_fail=0 rxen_last=0 sys_status=0x00800b02 sys_state=0000010000 rx_finfo=0x07c6c811 last_status=0x04800102 last_len=17 pan=0xdeca dst=0xffff src=0xb101 code=0xe0
UF;7155704;87454;0xdeca;0xb101;0xffff;0xe0;19998;7;2346;124;7974;17
UF;7155778;87455;0xdeca;0xb101;0xffff;0xe0;19816;7;2141;119;7348;17
UF;7155878;87456;0xdeca;0xb101;0xffff;0xe0;20844;7;2406;123;7209;17
UF;7155978;87457;0xdeca;0xb101;0xffff;0xe0;19041;7;2092;120;7729;17
UF;7156078;87458;0xdeca;0xb101;0xffff;0xe0;17905;7;1870;117;7059;17
UF;7156178;87459;0xdeca;0xb101;0xffff;0xe0;19354;7;2234;123;7887;17
UF;7156278;87460;0xdeca;0xb101;0xffff;0xe0;20941;7;2378;122;7799;17
UF;7156378;87461;0xdeca;0xb101;0xffff;0xe0;19065;7;2165;122;7306;17
UF;7156478;87462;0xdeca;0xb101;0xffff;0xe0;19487;7;2141;120;7417;17
UF;7156578;87463;0xdeca;0xb101;0xffff;0xe0;19734;7;2241;122;7768;17
listener debug sel=A valid=1 age=2923122 level=7 good=87463 accepted=23759 badhdr=0 nonanchor=63704 toolong=0 rxerr=89 rxen_fail=0 rxen_last=0 sys_status=0x00800102 sys_state=0000010000 rx_finfo=0x07c6c811 last_status=0x04800102 last_len=17 pan=0xdeca dst=0xffff src=0xb101 code=0xe0
UF;7156703;87464;0xdeca;0xb101;0xffff;0xe0;18225;7;2138;124;7292;17
UF;7156778;87465;0xdeca;0xb101;0xffff;0xe0;21063;7;2471;124;7577;17
UF;7156878;87466;0xdeca;0xb101;0xffff;0xe0;17641;7;1906;119;7185;17
UF;7156978;87467;0xdeca;0xb101;0xffff;0xe0;18701;7;2089;121;7226;17
UF;7157078;87468;0xdeca;0xb101;0xffff;0xe0;18021;7;1947;119;6791;17
UF;7157178;87469;0xdeca;0xb101;0xffff;0xe0;19692;7;2092;118;7354;17
UF;7157278;87470;0xdeca;0xb101;0xffff;0xe0;18892;7;2007;118;7044;17
UF;7157378;87471;0xdeca;0xb101;0xffff;0xe0;20030;7;2092;117;7244;17
UF;7157478;87472;0xdeca;0xb101;0xffff;0xe0;20288;7;2192;119;7492;17
UF;7157578;87473;0xdeca;0xb101;0xffff;0xe0;20723;7;2239;119;7194;17
listener debug sel=A valid=1 age=2924122 level=7 good=87473 accepted=23759 badhdr=0 nonanchor=63714 toolong=0 rxerr=89 rxen_fail=0 rxen_last=0 sys_status=0x00800002 sys_state=000705c00b rx_finfo=0x0776c811 last_status=0x04800102 last_len=17 pan=0xdeca dst=0xffff src=0xb101 code=0xe0
UF;7157703;87474;0xdeca;0xb101;0xffff;0xe0;17617;7;1840;117;6945;17
UF;7157778;87475;0xdeca;0xb101;0xffff;0xe0;18728;7;2197;124;7481;17
UF;7157878;87476;0xdeca;0xb101;0xffff;0xe0;19998;7;2346;124;7573;17
UF;7157978;87477;0xdeca;0xb101;0xffff;0xe0;20083;7;2356;124;7541;17
UF;7158078;87478;0xdeca;0xb101;0xffff;0xe0;18898;7;2111;121;7481;17
UF;7158178;87479;0xdeca;0xb101;0xffff;0xe0;20289;7;2304;122;7561;17
UF;7158278;87480;0xdeca;0xb101;0xffff;0xe0;21252;7;2374;121;7512;17
UF;7158378;87481;0xdeca;0xb101;0xffff;0xe0;19109;7;2030;118;7349;17
UF;7158478;87482;0xdeca;0xb101;0xffff;0xe0;20373;7;2390;124;7888;17
UF;7158578;87483;0xdeca;0xb101;0xffff;0xe0;18617;7;2184;124;7485;17
listener debug sel=A valid=1 age=2925122 level=7 good=87483 accepted=23759 badhdr=0 nonanchor=63724 toolong=0 rxerr=89 rxen_fail=0 rxen_last=0 sys_status=0x00800002 sys_state=000705000b rx_finfo=0x07c6c811 last_status=0x04800102 last_len=17 pan=0xdeca dst=0xffff src=0xb101 code=0xe0
UF;7158703;87484;0xdeca;0xb101;0xffff;0xe0;18942;7;2151;122;7372;17
UF;7158778;87485;0xdeca;0xb101;0xffff;0xe0;18699;7;1953;117;7167;17
UF;7158878;87486;0xdeca;0xb101;0xffff;0xe0;17426;7;1820;117;7084;17
UF;7158978;87487;0xdeca;0xb101;0xffff;0xe0;19360;7;2022;117;7176;17
UF;7159078;87488;0xdeca;0xb101;0xffff;0xe0;18585;7;2076;121;7457;17
UF;7159178;87489;0xdeca;0xb101;0xffff;0xe0;19623;7;2192;121;7410;17
UF;7159278;87490;0xdeca;0xb101;0xffff;0xe0;22213;8;2564;123;7678;17
UF;7159378;87491;0xdeca;0xb101;0xffff;0xe0;18996;7;2122;121;7503;17
UF;7159478;87492;0xdeca;0xb101;0xffff;0xe0;19478;7;2285;124;7532;17
UF;7159578;87493;0xdeca;0xb101;0xffff;0xe0;19952;7;2303;123;7928;17
listener debug sel=A valid=1 age=2926122 level=7 good=87493 accepted=23759 badhdr=0 nonanchor=63734 toolong=0 rxerr=89 rxen_fail=0 rxen_last=0 sys_status=0x00800002 sys_state=000705c00b rx_finfo=0x07b6c811 last_status=0x04800102 last_len=17 pan=0xdeca dst=0xffff src=0xb101 code=0xe0
UF;7159703;87494;0xdeca;0xb101;0xffff;0xe0;20214;7;2258;121;7365;17
UF;7159778;87495;0xdeca;0xb101;0xffff;0xe0;18786;7;1962;117;7128;17
UF;7159878;87496;0xdeca;0xb101;0xffff;0xe0;18058;7;1886;117;7108;17
UF;7159978;87497;0xdeca;0xb101;0xffff;0xe0;19250;7;2186;122;7320;17
UF;7160078;87498;0xdeca;0xb101;0xffff;0xe0;20936;7;2262;119;7381;17
UF;7160178;87499;0xdeca;0xb101;0xffff;0xe0;19724;7;2131;119;7268;17
uwb any-frame t=7160278 good=87500 len=17 fctrl=8841 pan=0xdeca dst=0xffff src=0xb101 code=0xe0 q=20756 level=7 cir=2205 rxpacc=118 fp=7621/7367/6119
UF;7160278;87500;0xdeca;0xb101;0xffff;0xe0;20756;7;2205;118;7621;17
UF;7160376;87501;0xdeca;0xb101;0xffff;0xe0;20572;7;2298;121;7085;17
UF;7160476;87502;0xdeca;0xb101;0xffff;0xe0;18991;7;2264;125;8100;17
UF;7160576;87503;0xdeca;0xb101;0xffff;0xe0;20826;7;2365;122;7611;17
UF;7160676;87504;0xdeca;0xb101;0xffff;0xe0;18862;7;1970;117;7218;17
listener debug sel=A valid=1 age=2927125 level=7 good=87504 accepted=23759 badhdr=0 nonanchor=63745 toolong=0 rxerr=89 rxen_fail=0 rxen_last=0 sys_status=0x00800002 sys_state=000505430b rx_finfo=0x0756c811 last_status=0x04800102 last_len=17 pan=0xdeca dst=0xffff src=0xb101 code=0xe0
UF;7160775;87505;0xdeca;0xb101;0xffff;0xe0;19030;7;2056;119;7250;17
UF;7160875;87506;0xdeca;0xb101;0xffff;0xe0;18955;7;2048;119;7098;17
UF;7160975;87507;0xdeca;0xb101;0xffff;0xe0;21056;7;2352;121;7713;17
UF;7161075;87508;0xdeca;0xb101;0xffff;0xe0;20023;7;2349;124;7950;17
UF;7161175;87509;0xdeca;0xb101;0xffff;0xe0;19856;7;2218;121;7399;17
UF;7161275;87510;0xdeca;0xb101;0xffff;0xe0;19881;7;2112;118;7090;17
UF;7161376;87511;0xdeca;0xb101;0xffff;0xe0;18952;7;2117;121;7415;17
UF;7161476;87512;0xdeca;0xb101;0xffff;0xe0;18669;7;2120;122;7460;17
UF;7161576;87513;0xdeca;0xb101;0xffff;0xe0;19696;7;2128;119;7434;17
UF;7161676;87514;0xdeca;0xb101;0xffff;0xe0;18770;7;1994;118;7343;17
listener debug sel=A valid=1 age=2928125 level=7 good=87514 accepted=23759 badhdr=0 nonanchor=63755 toolong=0 rxerr=89 rxen_fail=0 rxen_last=0 sys_status=0x00800002 sys_state=000505450b rx_finfo=0x0766c811 last_status=0x04800102 last_len=17 pan=0xdeca dst=0xffff src=0xb101 code=0xe0
UF;7161775;87515;0xdeca;0xb101;0xffff;0xe0;19692;7;2273;123;7553;17
UF;7161875;87516;0xdeca;0xb101;0xffff;0xe0;18941;7;2222;124;7285;17
UF;7161975;87517;0xdeca;0xb101;0xffff;0xe0;20427;7;2170;118;7291;17
UF;7162075;87518;0xdeca;0xb101;0xffff;0xe0;18095;7;1988;120;7326;17
UF;7162175;87519;0xdeca;0xb101;0xffff;0xe0;19896;7;2334;124;7532;17
UF;7162275;87520;0xdeca;0xb101;0xffff;0xe0;19889;7;2371;125;7992;17
UF;7162376;87521;0xdeca;0xb101;0xffff;0xe0;18432;7;2025;120;7725;17
UF;7162476;87522;0xdeca;0xb101;0xffff;0xe0;19718;7;2276;123;7497;17
UF;7162576;87523;0xdeca;0xb101;0xffff;0xe0;19039;7;2162;122;7706;17
UF;7162676;87524;0xdeca;0xb101;0xffff;0xe0;22343;8;2579;123;7748;17
listener debug sel=A valid=1 age=2929125 level=7 good=87524 accepted=23759 badhdr=0 nonanchor=63765 toolong=0 rxerr=89 rxen_fail=0 rxen_last=0 sys_status=0x00800002 sys_state=000505440b rx_finfo=0x07b6c811 last_status=0x04800102 last_len=17 pan=0xdeca dst=0xffff src=0xb101 code=0xe0
UF;7162775;87525;0xdeca;0xb101;0xffff;0xe0;20816;7;2442;124;7709;17
UF;7162875;87526;0xdeca;0xb101;0xffff;0xe0;18591;7;1975;118;7387;17
UF;7162975;87527;0xdeca;0xb101;0xffff;0xe0;18522;7;2208;125;7447;17
UF;7163075;87528;0xdeca;0xb101;0xffff;0xe0;21087;7;2434;123;7608;17
UF;7163175;87529;0xdeca;0xb101;0xffff;0xe0;20279;7;2379;124;7374;17
UF;7163275;87530;0xdeca;0xb101;0xffff;0xe0;20962;7;2303;120;7439;17
UF;7163375;87531;0xdeca;0xb101;0xffff;0xe0;18513;7;2068;121;7297;17
UF;7163475;87532;0xdeca;0xb101;0xffff;0xe0;20719;7;2470;125;7891;17
UF;7163576;87533;0xdeca;0xb101;0xffff;0xe0;20617;7;2303;121;7340;17
UF;7163676;87534;0xdeca;0xb101;0xffff;0xe0;18677;7;2191;124;7029;17
listener debug sel=A valid=1 age=2930125 level=7 good=87534 accepted=23759 badhdr=0 nonanchor=63775 toolong=0 rxerr=89 rxen_fail=0 rxen_last=0 sys_status=0x00800002 sys_state=000505430b rx_finfo=0x07c6c811 last_status=0x04800102 last_len=17 pan=0xdeca dst=0xffff src=0xb101 code=0xe0
UF;7163775;87535;0xdeca;0xb101;0xffff;0xe0;19910;7;2224;121;7755;17
UF;7163875;87536;0xdeca;0xb101;0xffff;0xe0;20680;7;2272;120;7433;17
UF;7163975;87537;0xdeca;0xb101;0xffff;0xe0;18770;7;1994;118;7579;17
UF;7164075;87538;0xdeca;0xb101;0xffff;0xe0;18787;7;2204;124;7684;17
UF;7164175;87539;0xdeca;0xb101;0xffff;0xe0;19664;7;2089;118;7189;17
UF;7164275;87540;0xdeca;0xb101;0xffff;0xe0;19925;7;2081;117;7449;17
UF;7164375;87541;0xdeca;0xb101;0xffff;0xe0;20844;7;2367;122;7316;17
UF;7164475;87542;0xdeca;0xb101;0xffff;0xe0;18600;7;2182;124;7573;17
UF;7164576;87543;0xdeca;0xb101;0xffff;0xe0;19016;7;2195;123;7790;17
UF;7164676;87544;0xdeca;0xb101;0xffff;0xe0;19921;7;2337;124;7678;17
listener debug sel=A valid=1 age=2931125 level=7 good=87544 accepted=23759 badhdr=0 nonanchor=63785 toolong=0 rxerr=89 rxen_fail=0 rxen_last=0 sys_status=0x00800002 sys_state=000505480b rx_finfo=0x07c6c811 last_status=0x04800102 last_len=17 pan=0xdeca dst=0xffff src=0xb101 code=0xe0
UF;7164775;87545;0xdeca;0xb101;0xffff;0xe0;21610;7;2454;122;7602;17
UF;7164875;87546;0xdeca;0xb101;0xffff;0xe0;19171;7;2249;124;7143;17
UF;7164975;87547;0xdeca;0xb101;0xffff;0xe0;21030;7;2507;125;8196;17
UF;7165075;87548;0xdeca;0xb101;0xffff;0xe0;18915;7;2148;122;7510;17
UF;7165175;87549;0xdeca;0xb101;0xffff;0xe0;19749;7;2098;118;7330;17
uwb any-frame t=7165275 good=87550 len=17 fctrl=8841 pan=0xdeca dst=0xffff src=0xb101 code=0xe0 q=20524 level=7 cir=2369 rxpacc=123 fp=7859/7680/5485
UF;7165275;87550;0xdeca;0xb101;0xffff;0xe0;20524;7;2369;123;7859;17
UF;7165378;87551;0xdeca;0xb101;0xffff;0xe0;19760;7;2171;120;7325;17
UF;7165478;87552;0xdeca;0xb101;0xffff;0xe0;21927;7;2490;122;7913;17
UF;7165578;87553;0xdeca;0xb101;0xffff;0xe0;17854;7;1929;119;7305;17
UF;7165678;87554;0xdeca;0xb101;0xffff;0xe0;19919;7;2225;121;7086;17
listener debug sel=A valid=1 age=2932127 level=7 good=87554 accepted=23759 badhdr=0 nonanchor=63795 toolong=0 rxerr=89 rxen_fail=0 rxen_last=0 sys_status=0x00800002 sys_state=000505470b rx_finfo=0x0796c811 last_status=0x04800102 last_len=17 pan=0xdeca dst=0xffff src=0xb101 code=0xe0
UF;7165778;87555;0xdeca;0xb101;0xffff;0xe0;19363;7;2057;118;7332;17
UF;7165878;87556;0xdeca;0xb101;0xffff;0xe0;20652;7;2269;120;7534;17
UF;7165978;87557;0xdeca;0xb101;0xffff;0xe0;20035;7;2238;121;7646;17
UF;7166078;87558;0xdeca;0xb101;0xffff;0xe0;19293;7;2227;123;7352;17
UF;7166178;87559;0xdeca;0xb101;0xffff;0xe0;21011;7;2347;121;7591;17
UF;7166278;87560;0xdeca;0xb101;0xffff;0xe0;18307;7;2045;121;7321;17
UF;7166378;87561;0xdeca;0xb101;0xffff;0xe0;19062;7;2025;118;7206;17
UF;7166478;87562;0xdeca;0xb101;0xffff;0xe0;18437;7;1992;119;7302;17
UF;7166578;87563;0xdeca;0xb101;0xffff;0xe0;17791;7;1890;118;7098;17
UF;7166678;87564;0xdeca;0xb101;0xffff;0xe0;19009;7;2230;124;7620;17
listener debug sel=A valid=1 age=2933127 level=7 good=87564 accepted=23759 badhdr=0 nonanchor=63805 toolong=0 rxerr=89 rxen_fail=0 rxen_last=0 sys_status=0x00800002 sys_state=000505470b rx_finfo=0x07c6c811 last_status=0x04800102 last_len=17 pan=0xdeca dst=0xffff src=0xb101 code=0xe0
UF;7166778;87565;0xdeca;0xb101;0xffff;0xe0;17780;7;1921;119;7091;17
UF;7166878;87566;0xdeca;0xb101;0xffff;0xe0;21252;7;2374;121;7701;17
UF;7166978;87567;0xdeca;0xb101;0xffff;0xe0;17762;7;2017;122;7309;17
UF;7167078;87568;0xdeca;0xb101;0xffff;0xe0;18486;7;2031;120;7244;17
UF;7167178;87569;0xdeca;0xb101;0xffff;0xe0;18244;7;2038;121;7368;17
UF;7167278;87570;0xdeca;0xb101;0xffff;0xe0;20106;7;2136;118;6918;17
UF;7167378;87571;0xdeca;0xb101;0xffff;0xe0;19135;7;2173;122;7525;17
UF;7167478;87572;0xdeca;0xb101;0xffff;0xe0;17515;7;1989;122;7201;17
UF;7167578;87573;0xdeca;0xb101;0xffff;0xe0;20553;7;2334;122;7578;17
UF;7167678;87574;0xdeca;0xb101;0xffff;0xe0;21143;7;2401;122;7470;17
listener debug sel=A valid=1 age=2934127 level=7 good=87574 accepted=23759 badhdr=0 nonanchor=63815 toolong=0 rxerr=89 rxen_fail=0 rxen_last=0 sys_status=0x00800002 sys_state=000505480b rx_finfo=0x07a6c811 last_status=0x04800102 last_len=17 pan=0xdeca dst=0xffff src=0xb101 code=0xe0
UF;7167778;87575;0xdeca;0xb101;0xffff;0xe0;18466;7;2097;122;7374;17
UF;7167878;87576;0xdeca;0xb101;0xffff;0xe0;22095;8;2592;124;8126;17
UF;7167978;87577;0xdeca;0xb101;0xffff;0xe0;21399;7;2470;123;7916;17
UF;7168078;87578;0xdeca;0xb101;0xffff;0xe0;20862;7;2292;120;7525;17
UF;7168174;87579;0xdeca;0xb101;0xffff;0xe0;19335;7;2089;119;7187;17
UF;7168186;87580;0xdeca;0xa107;0xb101;0xe1;17099;7;1910;121;5476;20
UL;7168186;23760;H;7;0xa107;0xb101;0xe1;17099;7;1910;121;5476;20
UF;7168277;87581;0xdeca;0xb101;0xffff;0xe0;22074;8;2548;123;7820;17
UF;7168378;87582;0xdeca;0xb101;0xffff;0xe0;18650;7;2015;119;7090;17
UF;7168478;87583;0xdeca;0xb101;0xffff;0xe0;18326;7;1914;117;7197;17
UF;7168574;87584;0xdeca;0xb101;0xffff;0xe0;18705;7;2055;120;7580;17
UF;7168586;87585;0xdeca;0xa107;0xb101;0xe1;17419;7;1882;119;5381;20
UL;7168586;23761;H;7;0xa107;0xb101;0xe1;17419;7;1882;119;5381;20
UF;7168677;87586;0xdeca;0xb101;0xffff;0xe0;19242;7;2079;119;7292;17
listener debug sel=A valid=1 age=2935138 level=7 good=87586 accepted=23761 badhdr=0 nonanchor=63825 toolong=0 rxerr=89 rxen_fail=0 rxen_last=0 sys_status=0x00800002 sys_state=000505430b rx_finfo=0x0776c811 last_status=0x04800102 last_len=17 pan=0xdeca dst=0xffff src=0xb101 code=0xe0
UF;7168777;87587;0xdeca;0xb101;0xffff;0xe0;19919;7;2225;121;7491;17
UF;7168877;87588;0xdeca;0xb101;0xffff;0xe0;18479;7;1930;117;6902;17
UF;7168978;87589;0xdeca;0xb101;0xffff;0xe0;19711;7;2094;118;7314;17
UF;7169078;87590;0xdeca;0xb101;0xffff;0xe0;22063;8;2424;120;7476;17
UF;7169174;87591;0xdeca;0xb101;0xffff;0xe0;20705;7;2429;124;7598;17
UF;7169186;87592;0xdeca;0xa107;0xb101;0xe1;16929;7;1986;124;4149;20
UL;7169186;23762;H;7;0xa107;0xb101;0xe1;16929;7;1986;124;4149;20
UF;7169277;87593;0xdeca;0xb101;0xffff;0xe0;20714;7;2238;119;7034;17
UF;7169378;87594;0xdeca;0xb101;0xffff;0xe0;18714;7;2231;125;7556;17
UF;7169478;87595;0xdeca;0xb101;0xffff;0xe0;20749;7;2395;123;7616;17
UF;7169574;87596;0xdeca;0xb101;0xffff;0xe0;19165;7;2036;118;7229;17
UF;7169586;87597;0xdeca;0xa107;0xb101;0xe1;17130;7;1882;120;5777;20
UL;7169586;23763;H;7;0xa107;0xb101;0xe1;17130;7;1882;120;5777;20
UF;7169677;87598;0xdeca;0xb101;0xffff;0xe0;21205;7;2408;122;7370;17
listener debug sel=A valid=1 age=2936138 level=7 good=87598 accepted=23763 badhdr=0 nonanchor=63835 toolong=0 rxerr=89 rxen_fail=0 rxen_last=0 sys_status=0x00800002 sys_state=000505450b rx_finfo=0x07a6c811 last_status=0x04800102 last_len=17 pan=0xdeca dst=0xffff src=0xb101 code=0xe0
UF;7169777;87599;0xdeca;0xb101;0xffff;0xe0;19410;7;2277;124;7194;17
uwb any-frame t=7169877 good=87600 len=17 fctrl=8841 pan=0xdeca dst=0xffff src=0xb101 code=0xe0 q=21231 level=7 cir=2411 rxpacc=122 fp=7823/7805/6168
UF;7169877;87600;0xdeca;0xb101;0xffff;0xe0;21231;7;2411;122;7823;17
UF;7169975;87601;0xdeca;0xb101;0xffff;0xe0;19233;7;2078;119;7096;17
UF;7170076;87602;0xdeca;0xb101;0xffff;0xe0;18647;7;1981;118;6910;17
UF;7170177;87603;0xdeca;0xb101;0xffff;0xe0;18743;7;2025;119;7246;17
UF;7170277;87604;0xdeca;0xb101;0xffff;0xe0;17958;7;1973;120;7326;17
UF;7170378;87605;0xdeca;0xb101;0xffff;0xe0;18844;7;2036;119;6904;17
UF;7170478;87606;0xdeca;0xb101;0xffff;0xe0;18340;7;2015;120;7333;17
UF;7170574;87607;0xdeca;0xb101;0xffff;0xe0;20536;7;2332;122;7396;17
UF;7170586;87608;0xdeca;0xa107;0xb101;0xe1;16438;7;1806;120;6809;20
UL;7170586;23764;H;7;0xa107;0xb101;0xe1;16438;7;1806;120;6809;20
UF;7170677;87609;0xdeca;0xb101;0xffff;0xe0;20436;7;2208;119;7561;17
listener debug sel=A valid=1 age=2937138 level=7 good=87609 accepted=23764 badhdr=0 nonanchor=63845 toolong=0 rxerr=89 rxen_fail=0 rxen_last=0 sys_status=0x00800002 sys_state=000505480b rx_finfo=0x0776c811 last_status=0x04800102 last_len=17 pan=0xdeca dst=0xffff src=0xb101 code=0xe0
UF;7170777;87610;0xdeca;0xb101;0xffff;0xe0;20083;7;2356;124;7564;17
UF;7170877;87611;0xdeca;0xb101;0xffff;0xe0;20835;7;2176;117;7540;17
UF;7170978;87612;0xdeca;0xb101;0xffff;0xe0;20867;7;2448;124;7552;17
UF;7171078;87613;0xdeca;0xb101;0xffff;0xe0;19835;7;2143;119;7199;17
UF;7171174;87614;0xdeca;0xb101;0xffff;0xe0;19645;7;2087;118;7258;17
UF;7171186;87615;0xdeca;0xa107;0xb101;0xe1;17100;7;2006;124;4349;20
UL;7171186;23765;H;7;0xa107;0xb101;0xe1;17100;7;2006;124;4349;20
UF;7171277;87616;0xdeca;0xb101;0xffff;0xe0;19507;7;2179;121;7314;17
UF;7171378;87617;0xdeca;0xb101;0xffff;0xe0;19401;7;2276;124;7887;17
UF;7171478;87618;0xdeca;0xb101;0xffff;0xe0;18017;7;2046;122;7218;17
UF;7171574;87619;0xdeca;0xb101;0xffff;0xe0;19103;7;2241;124;7886;17
UF;7171586;87620;0xdeca;0xa107;0xb101;0xe1;16535;7;1847;121;6088;20
UL;7171586;23766;H;7;0xa107;0xb101;0xe1;16535;7;1847;121;6088;20
UF;7171677;87621;0xdeca;0xb101;0xffff;0xe0;20581;7;2299;121;7577;17
listener debug sel=A valid=1 age=2938138 level=7 good=87621 accepted=23766 badhdr=0 nonanchor=63855 toolong=0 rxerr=89 rxen_fail=0 rxen_last=0 sys_status=0x00800002 sys_state=000505480b rx_finfo=0x0796c811 last_status=0x04800102 last_len=17 pan=0xdeca dst=0xffff src=0xb101 code=0xe0
UF;7171777;87622;0xdeca;0xb101;0xffff;0xe0;22189;8;2603;124;7926;17
UF;7171877;87623;0xdeca;0xb101;0xffff;0xe0;18196;7;1933;118;7108;17
UF;7171978;87624;0xdeca;0xb101;0xffff;0xe0;21076;7;2239;118;7318;17
UF;7172078;87625;0xdeca;0xb101;0xffff;0xe0;18451;7;1927;117;6897;17
UF;7172174;87626;0xdeca;0xb101;0xffff;0xe0;19928;7;2263;122;7466;17
UF;7172186;87627;0xdeca;0xa107;0xb101;0xe1;15792;7;1764;121;6288;20
UL;7172186;23767;H;7;0xa107;0xb101;0xe1;15792;7;1764;121;6288;20
UF;7172277;87628;0xdeca;0xb101;0xffff;0xe0;19205;7;2110;120;7195;17
UF;7172378;87629;0xdeca;0xb101;0xffff;0xe0;18539;7;2003;119;7216;17
UF;7172478;87630;0xdeca;0xb101;0xffff;0xe0;20743;7;2279;120;7061;17
UF;7172574;87631;0xdeca;0xb101;0xffff;0xe0;20742;7;2317;121;7545;17
UF;7172586;87632;0xdeca;0xa107;0xb101;0xe1;16963;7;1958;123;3832;20
UL;7172586;23768;H;7;0xa107;0xb101;0xe1;16963;7;1958;123;3832;20
UF;7172677;87633;0xdeca;0xb101;0xffff;0xe0;17685;7;1847;117;6733;17
listener debug sel=A valid=1 age=2939138 level=7 good=87633 accepted=23768 badhdr=0 nonanchor=63865 toolong=0 rxerr=89 rxen_fail=0 rxen_last=0 sys_status=0x00800002 sys_state=000505480b rx_finfo=0x0756c811 last_status=0x04800102 last_len=17 pan=0xdeca dst=0xffff src=0xb101 code=0xe0
UF;7172777;87634;0xdeca;0xb101;0xffff;0xe0;21200;7;2487;124;7987;17
UF;7172877;87635;0xdeca;0xb101;0xffff;0xe0;19721;7;2095;118;7437;17
UF;7172978;87636;0xdeca;0xb101;0xffff;0xe0;19410;7;2277;124;7854;17
UF;7173078;87637;0xdeca;0xb101;0xffff;0xe0;18554;7;2107;122;7578;17
UF;7173174;87638;0xdeca;0xb101;0xffff;0xe0;18673;7;2226;125;7353;17
UF;7173186;87639;0xdeca;0xa107;0xb101;0xe1;16866;7;1884;121;4437;20
UL;7173186;23769;H;7;0xa107;0xb101;0xe1;16866;7;1884;121;4437;20
UF;7173277;87640;0xdeca;0xb101;0xffff;0xe0;17831;7;1959;120;7160;17
UF;7173378;87641;0xdeca;0xb101;0xffff;0xe0;18800;7;2100;121;7064;17
UF;7173478;87642;0xdeca;0xb101;0xffff;0xe0;20825;7;2443;124;7546;17
UF;7173574;87643;0xdeca;0xb101;0xffff;0xe0;18642;7;1947;117;7292;17
UF;7173586;87644;0xdeca;0xa107;0xb101;0xe1;17194;7;1889;120;4687;20
UL;7173586;23770;H;7;0xa107;0xb101;0xe1;17194;7;1889;120;4687;20
UF;7173677;87645;0xdeca;0xb101;0xffff;0xe0;21007;7;2308;120;7365;17
listener debug sel=A valid=1 age=2940138 level=7 good=87645 accepted=23770 badhdr=0 nonanchor=63875 toolong=0 rxerr=89 rxen_fail=0 rxen_last=0 sys_status=0x00800002 sys_state=000505430b rx_finfo=0x0786c811 last_status=0x04800102 last_len=17 pan=0xdeca dst=0xffff src=0xb101 code=0xe0
UF;7173777;87646;0xdeca;0xb101;0xffff;0xe0;20174;7;2107;117;7225;17
UF;7173877;87647;0xdeca;0xb101;0xffff;0xe0;21381;7;2468;123;7491;17
UF;7173978;87648;0xdeca;0xb101;0xffff;0xe0;18995;7;2157;122;7428;17
UF;7174078;87649;0xdeca;0xb101;0xffff;0xe0;19884;7;2258;122;7523;17
uwb any-frame t=7174174 good=87650 len=17 fctrl=8841 pan=0xdeca dst=0xffff src=0xb101 code=0xe0 q=19628 level=7 cir=2050 rxpacc=117 fp=7303/6947/5076
UF;7174174;87650;0xdeca;0xb101;0xffff;0xe0;19628;7;2050;117;7303;17
UF;7174277;87651;0xdeca;0xb101;0xffff;0xe0;19469;7;2139;120;7311;17
UF;7174378;87652;0xdeca;0xb101;0xffff;0xe0;18845;7;2002;118;7381;17
UF;7174478;87653;0xdeca;0xb101;0xffff;0xe0;19926;7;2300;123;7611;17
UF;7174574;87654;0xdeca;0xb101;0xffff;0xe0;19059;7;2129;121;7207;17
UF;7174586;87655;0xdeca;0xa107;0xb101;0xe1;17172;7;1950;122;5215;20
UL;7174586;23771;H;7;0xa107;0xb101;0xe1;17172;7;1950;122;5215;20
UF;7174677;87656;0xdeca;0xb101;0xffff;0xe0;21485;7;2480;123;7654;17
listener debug sel=A valid=1 age=2941139 level=7 good=87656 accepted=23771 badhdr=0 nonanchor=63885 toolong=0 rxerr=89 rxen_fail=0 rxen_last=0 sys_status=0x00800002 sys_state=000505450b rx_finfo=0x07b6c811 last_status=0x04800102 last_len=17 pan=0xdeca dst=0xffff src=0xb101 code=0xe0
UF;7174777;87657;0xdeca;0xb101;0xffff;0xe0;20122;7;2285;122;7591;17
UF;7174877;87658;0xdeca;0xb101;0xffff;0xe0;19964;7;2342;124;7173;17
UF;7174978;87659;0xdeca;0xb101;0xffff;0xe0;18746;7;2094;121;7249;17
UF;7175079;87660;0xdeca;0xb101;0xffff;0xe0;20862;7;2292;120;7784;17
UF;7175174;87661;0xdeca;0xb101;0xffff;0xe0;17885;7;1965;120;6923;17
UF;7175186;87662;0xdeca;0xa107;0xb101;0xe1;15400;7;1692;120;3309;20
UL;7175186;23772;H;7;0xa107;0xb101;0xe1;15400;7;1692;120;3309;20
UF;7175277;87663;0xdeca;0xb101;0xffff;0xe0;19094;7;2063;119;7758;17
UF;7175378;87664;0xdeca;0xb101;0xffff;0xe0;19906;7;2187;120;7517;17
UF;7175478;87665;0xdeca;0xb101;0xffff;0xe0;18409;7;1989;119;7155;17
UF;7175574;87666;0xdeca;0xb101;0xffff;0xe0;18652;7;1948;117;6793;17
UF;7175586;87667;0xdeca;0xa107;0xb101;0xe1;16080;7;1917;125;6479;20
UL;7175586;23773;H;7;0xa107;0xb101;0xe1;16080;7;1917;125;6479;20
UF;7175677;87668;0xdeca;0xb101;0xffff;0xe0;20032;7;2350;124;7353;17
listener debug sel=A valid=1 age=2942144 level=7 good=87668 accepted=23773 badhdr=0 nonanchor=63895 toolong=0 rxerr=89 rxen_fail=0 rxen_last=0 sys_status=0x00800002 sys_state=000505480b rx_finfo=0x07c6c811 last_status=0x04800102 last_len=17 pan=0xdeca dst=0xffff src=0xb101 code=0xe0
UF;7175777;87669;0xdeca;0xb101;0xffff;0xe0;19418;7;2278;124;7427;17
UF;7175877;87670;0xdeca;0xb101;0xffff;0xe0;21718;7;2426;121;7575;17
UF;7175978;87671;0xdeca;0xb101;0xffff;0xe0;19532;7;2218;122;7449;17
UF;7176078;87672;0xdeca;0xb101;0xffff;0xe0;20367;7;2428;125;7462;17
UF;7176174;87673;0xdeca;0xb101;0xffff;0xe0;17685;7;1943;120;6976;17
UF;7176186;87674;0xdeca;0xa107;0xb101;0xe1;15720;7;1756;121;6457;20
UL;7176186;23774;H;7;0xa107;0xb101;0xe1;15720;7;1756;121;6457;20
UF;7176277;87675;0xdeca;0xb101;0xffff;0xe0;21029;7;2234;118;7302;17
UF;7176378;87676;0xdeca;0xb101;0xffff;0xe0;17772;7;1888;118;7047;17
UF;7176478;87677;0xdeca;0xb101;0xffff;0xe0;19485;7;2035;117;7141;17
UF;7176574;87678;0xdeca;0xb101;0xffff;0xe0;21143;7;2401;122;7303;17
UF;7176586;87679;0xdeca;0xa107;0xb101;0xe1;17654;7;1972;121;6804;20
UL;7176586;23775;H;7;0xa107;0xb101;0xe1;17654;7;1972;121;6804;20
UF;7176677;87680;0xdeca;0xb101;0xffff;0xe0;20461;7;2248;120;7196;17
listener debug sel=A valid=1 age=2943144 level=7 good=87680 accepted=23775 badhdr=0 nonanchor=63905 toolong=0 rxerr=89 rxen_fail=0 rxen_last=0 sys_status=0x00800002 sys_state=000505470b rx_finfo=0x0786c811 last_status=0x04800102 last_len=17 pan=0xdeca dst=0xffff src=0xb101 code=0xe0
UF;7176777;87681;0xdeca;0xb101;0xffff;0xe0;18020;7;1882;117;7209;17
UF;7176877;87682;0xdeca;0xb101;0xffff;0xe0;18660;7;2119;122;7341;17
UF;7176978;87683;0xdeca;0xb101;0xffff;0xe0;20097;7;2135;118;7080;17
UF;7177078;87684;0xdeca;0xb101;0xffff;0xe0;20285;7;2155;118;7376;17
UF;7177174;87685;0xdeca;0xb101;0xffff;0xe0;17706;7;1881;118;6881;17
UF;7177186;87686;0xdeca;0xa107;0xb101;0xe1;17685;7;1943;120;6575;20
UL;7177186;23776;H;7;0xa107;0xb101;0xe1;17685;7;1943;120;6575;20
UF;7177277;87687;0xdeca;0xb101;0xffff;0xe0;19444;7;2172;121;7452;17
UF;7177378;87688;0xdeca;0xb101;0xffff;0xe0;18859;7;2072;120;7211;17
UF;7177478;87689;0xdeca;0xb101;0xffff;0xe0;20281;7;2341;123;7581;17
UF;7177574;87690;0xdeca;0xb101;0xffff;0xe0;19131;7;2067;119;7203;17
UF;7177586;87691;0xdeca;0xa107;0xb101;0xe1;16861;7;1761;117;6659;20
UL;7177586;23777;H;7;0xa107;0xb101;0xe1;16861;7;1761;117;6659;20
UF;7177677;87692;0xdeca;0xb101;0xffff;0xe0;20370;7;2164;118;6968;17
listener debug sel=A valid=1 age=2944144 level=7 good=87692 accepted=23777 badhdr=0 nonanchor=63915 toolong=0 rxerr=89 rxen_fail=0 rxen_last=0 sys_status=0x00800002 sys_state=000505450b rx_finfo=0x0766c811 last_status=0x04800102 last_len=17 pan=0xdeca dst=0xffff src=0xb101 code=0xe0
UF;7177777;87693;0xdeca;0xb101;0xffff;0xe0;19539;7;2111;119;7077;17
UF;7177877;87694;0xdeca;0xb101;0xffff;0xe0;21777;7;2473;122;7401;17
UF;7177978;87695;0xdeca;0xb101;0xffff;0xe0;22672;8;2617;123;7827;17
UF;7178078;87696;0xdeca;0xb101;0xffff;0xe0;18440;7;1959;118;7353;17
UF;7178174;87697;0xdeca;0xb101;0xffff;0xe0;20075;7;2355;124;7597;17
UF;7178186;87698;0xdeca;0xa107;0xb101;0xe1;16748;7;1840;120;5473;20
UL;7178186;23778;H;7;0xa107;0xb101;0xe1;16748;7;1840;120;5473;20
UF;7178277;87699;0xdeca;0xb101;0xffff;0xe0;18557;7;2005;119;7132;17
uwb any-frame t=7178378 good=87700 len=17 fctrl=8841 pan=0xdeca dst=0xffff src=0xb101 code=0xe0 q=22438 level=8 cir=2590 rxpacc=123 fp=8065/7831/6951
UF;7178378;87700;0xdeca;0xb101;0xffff;0xe0;22438;8;2590;123;8065;17
UF;7178476;87701;0xdeca;0xb101;0xffff;0xe0;20685;7;2349;122;7727;17
UF;7178577;87702;0xdeca;0xb101;0xffff;0xe0;18054;7;1918;118;7389;17
UF;7178677;87703;0xdeca;0xb101;0xffff;0xe0;19495;7;2287;124;7213;17
listener debug sel=A valid=1 age=2945144 level=7 good=87703 accepted=23778 badhdr=0 nonanchor=63925 toolong=0 rxerr=89 rxen_fail=0 rxen_last=0 sys_status=0x00800002 sys_state=000505480b rx_finfo=0x07c6c811 last_status=0x04800102 last_len=17 pan=0xdeca dst=0xffff src=0xb101 code=0xe0
UF;7178777;87704;0xdeca;0xb101;0xffff;0xe0;18272;7;2075;122;7274;17
UF;7178877;87705;0xdeca;0xb101;0xffff;0xe0;17967;7;1974;120;7168;17
UF;7178978;87706;0xdeca;0xb101;0xffff;0xe0;21895;7;2326;118;7691;17
UF;7179079;87707;0xdeca;0xb101;0xffff;0xe0;20289;7;2119;117;7185;17
UF;7179174;87708;0xdeca;0xb101;0xffff;0xe0;19372;7;2093;119;6945;17
UF;7179186;87709;0xdeca;0xa107;0xb101;0xe1;16177;7;1837;122;7123;20
UL;7179186;23779;H;7;0xa107;0xb101;0xe1;16177;7;1837;122;7123;20
UF;7179277;87710;0xdeca;0xb101;0xffff;0xe0;21504;7;2442;122;7486;17
UF;7179378;87711;0xdeca;0xb101;0xffff;0xe0;19937;7;2264;122;7562;17
UF;7179478;87712;0xdeca;0xb101;0xffff;0xe0;19105;7;2099;120;7152;17
UF;7179574;87713;0xdeca;0xb101;0xffff;0xe0;18474;7;1996;119;7320;17
UF;7179586;87714;0xdeca;0xa107;0xb101;0xe1;17143;7;1915;121;5148;20
UL;7179586;23780;H;7;0xa107;0xb101;0xe1;17143;7;1915;121;5148;20
UF;7179677;87715;0xdeca;0xb101;0xffff;0xe0;22187;8;2645;125;7864;17
listener debug sel=A valid=1 age=2946144 level=7 good=87715 accepted=23780 badhdr=0 nonanchor=63935 toolong=0 rxerr=89 rxen_fail=0 rxen_last=0 sys_status=0x00800002 sys_state=000505400b rx_finfo=0x07d6c811 last_status=0x04800102 last_len=17 pan=0xdeca dst=0xffff src=0xb101 code=0xe0
UF;7179777;87716;0xdeca;0xb101;0xffff;0xe0;17019;7;1808;118;7013;17
UF;7179877;87717;0xdeca;0xb101;0xffff;0xe0;19298;7;2085;119;7453;17
UF;7179978;87718;0xdeca;0xb101;0xffff;0xe0;19770;7;2172;120;7211;17
UF;7180078;87719;0xdeca;0xb101;0xffff;0xe0;18493;7;2100;122;7335;17
UF;7180174;87720;0xdeca;0xb101;0xffff;0xe0;21447;7;2240;117;7355;17
UF;7180186;87721;0xdeca;0xa107;0xb101;0xe1;16902;7;1857;120;5952;20
UL;7180186;23781;H;7;0xa107;0xb101;0xe1;16902;7;1857;120;5952;20
UF;7180277;87722;0xdeca;0xb101;0xffff;0xe0;17531;7;1831;117;6486;17
UF;7180378;87723;0xdeca;0xb101;0xffff;0xe0;18592;7;2146;123;7387;17
UF;7180478;87724;0xdeca;0xb101;0xffff;0xe0;21055;7;2470;124;7106;17
UF;7180574;87725;0xdeca;0xb101;0xffff;0xe0;18450;7;1960;118;7145;17
UF;7180586;87726;0xdeca;0xa107;0xb101;0xe1;16223;7;1934;125;4000;20
UL;7180586;23782;H;7;0xa107;0xb101;0xe1;16223;7;1934;125;4000;20
UF;7180677;87727;0xdeca;0xb101;0xffff;0xe0;19337;7;2160;121;7398;17
listener debug sel=A valid=1 age=2947144 level=7 good=87727 accepted=23782 badhdr=0 nonanchor=63945 toolong=0 rxerr=89 rxen_fail=0 rxen_last=0 sys_status=0x00800002 sys_state=000505480b rx_finfo=0x0796c811 last_status=0x04800102 last_len=17 pan=0xdeca dst=0xffff src=0xb101 code=0xe0
UF;7180777;87728;0xdeca;0xb101;0xffff;0xe0;18043;7;2049;122;7387;17
UF;7180877;87729;0xdeca;0xb101;0xffff;0xe0;18647;7;1981;118;7124;17
UF;7180978;87730;0xdeca;0xb101;0xffff;0xe0;19864;7;2368;125;7410;17
UF;7181078;87731;0xdeca;0xb101;0xffff;0xe0;21788;7;2354;119;7453;17
UF;7181174;87732;0xdeca;0xb101;0xffff;0xe0;19657;7;2269;123;7019;17
UF;7181186;87733;0xdeca;0xa107;0xb101;0xe1;15798;7;1794;122;6172;20
UL;7181186;23783;H;7;0xa107;0xb101;0xe1;15798;7;1794;122;6172;20
UF;7181277;87734;0xdeca;0xb101;0xffff;0xe0;18477;7;2030;120;7272;17
UF;7181378;87735;0xdeca;0xb101;0xffff;0xe0;20043;7;2202;120;7514;17
UF;7181478;87736;0xdeca;0xb101;0xffff;0xe0;22421;8;2588;123;7941;17
UF;7181574;87737;0xdeca;0xb101;0xffff;0xe0;20779;7;2245;119;7365;17
UF;7181586;87738;0xdeca;0xa107;0xb101;0xe1;16265;7;1787;120;6541;20
UL;7181586;23784;H;7;0xa107;0xb101;0xe1;16265;7;1787;120;6541;20
UF;7181677;87739;0xdeca;0xb101;0xffff;0xe0;19105;7;2099;120;7485;17
listener debug sel=A valid=1 age=2948149 level=7 good=87739 accepted=23784 badhdr=0 nonanchor=63955 toolong=0 rxerr=89 rxen_fail=0 rxen_last=0 sys_status=0x00800002 sys_state=000505410b rx_finfo=0x0786c811 last_status=0x04800102 last_len=17 pan=0xdeca dst=0xffff src=0xb101 code=0xe0
UF;7181776;87740;0xdeca;0xb101;0xffff;0xe0;18748;7;2129;122;7319;17
UF;7181877;87741;0xdeca;0xb101;0xffff;0xe0;21815;7;2518;123;7847;17
UF;7181978;87742;0xdeca;0xb101;0xffff;0xe0;18155;7;2028;121;7369;17
UF;7182078;87743;0xdeca;0xb101;0xffff;0xe0;19284;7;2014;117;698