PORT=/dev/serial/by-id/usb-Master_Anchor_BioSpur_BLE_Control_87EA2F4A526C5A02-if00
START=2026-06-02 16:52:38
SESSION: prepare anchors for sweep; required role=matrix
PRECHECK: forcing RECV clean-slate before AUTOPOS
>>> mode recv
[AUTOPOS] mode recv redirected: anchor-only build stays in AUTOPOS anchor control
[AUTOPOS] Control mode staged: AUTOPOS
OTA NUS stage: disabled
[AUTOPOS] Master discovery mode: CONN & START
[AUTOPOS] Master disconnecting peer[0]: bs=BS0000
[AUTOPOS] Master disconnecting peer[1]: bs=BS0000
[AUTOPOS] Master disconnecting peer[2]: bs=BS0000
[AUTOPOS] Master disconnecting peer[3]: bs=BS0000
[AUTOPOS] Master disconnecting peer[4]: bs=BS0000
[AUTOPOS] Master disconnecting peer[5]: bs=BS0000
[AUTOPOS] Master disconnecting peer[6]: bs=BS0000
[AUTOPOS] Master disconnecting peer[7]: bs=BS0000
[AUTOPOS] Peer clear wait: waited=0 conn_count=8 ready_count=8
[AUTOPOS] Peer clear wait timeout: conn_count=8 ready_count=8
[AUTOPOS] SCAN start req: bt_ready=1 scan_running=0 connecting_slot=-1 conn_count=8 target=anchor prefix=ANCHOR-
[AUTOPOS] Scanning for ANCHOR-*
[AUTOPOS] AUTOPOS: mode=AUTOPOS state=idle staged=- last_success=- sets=0 error=-
[AUTOPOS] Disconnected[0]: C0:1D:D1:D0:CE:B0 (random) reason=0x16 link=anchor-ctrl ready=1
[AUTOPOS] Disconnected[6]: DE:49:E3:D0:E4:E8 (random) reason=0x16 link=anchor-ctrl ready=1
[AUTOPOS] Disconnected[4]: FD:64:2E:93:37:86 (random) reason=0x16 link=anchor-ctrl ready=1
[AUTOPOS] Disconnected[7]: D9:C7:9C:16:71:C9 (random) reason=0x16 link=anchor-ctrl ready=1
[AUTOPOS] Disconnected[1]: D7:93:2A:57:6D:1E (random) reason=0x16 link=anchor-ctrl ready=1
[AUTOPOS] Disconnected[2]: E9:CB:F3:C4:51:43 (random) reason=0x16 link=anchor-ctrl ready=1
[AUTOPOS] Disconnected[3]: F9:5B:1A:A3:84:45 (random) reason=0x16 link=anchor-ctrl ready=1
[AUTOPOS] Disconnected[5]: EC:9F:55:9D:7E:A1 (random) reason=0x16 link=anchor-ctrl ready=1
[AUTOPOS] SCAN hit: C0:1D:D1:D0:CE:B0 (random) rssi=-69 name=- bs=- uuid=B9179575C776C98F1CB132DD6EDC6223 target=anchor uuid_ok=1 tag_name=0 anchor_name=0 nus=0 dfu=0 token=0 props=0x03
[AUTOPOS] CONNECT queue[0]: addr=C0:1D:D1:D0:CE:B0 (random) link=anchor-ctrl uuid=B9179575C776C98F1CB132DD6EDC6223 target=anchor
[AUTOPOS] SCAN hit: FD:64:2E:93:37:86 (random) rssi=-59 name=- bs=- uuid=CEE5A7EFCB35F8A56B430047629F5309 target=anchor uuid_ok=1 tag_name=0 anchor_name=0 nus=0 dfu=0 token=0 props=0x03
[AUTOPOS] CONNECT queue[1]: addr=FD:64:2E:93:37:86 (random) link=anchor-ctrl uuid=CEE5A7EFCB35F8A56B430047629F5309 target=anchor
[AUTOPOS] SCAN hit: F9:5B:1A:A3:84:45 (random) rssi=-60 name=- bs=- uuid=B2B5FA625534A8C617135DCAFC9E036A target=anchor uuid_ok=1 tag_name=0 anchor_name=0 nus=0 dfu=0 token=0 props=0x03
[AUTOPOS] CONNECT queue[2]: addr=F9:5B:1A:A3:84:45 (random) link=anchor-ctrl uuid=B2B5FA625534A8C617135DCAFC9E036A target=anchor
[AUTOPOS] SCAN hit: EC:9F:55:9D:7E:A1 (random) rssi=-64 name=- bs=- uuid=B3087BC3D87CCCD316AEDC6B71D6677F target=anchor uuid_ok=1 tag_name=0 anchor_name=0 nus=0 dfu=0 token=0 props=0x03
[AUTOPOS] CONNECT queue[3]: addr=EC:9F:55:9D:7E:A1 (random) link=anchor-ctrl uuid=B3087BC3D87CCCD316AEDC6B71D6677F target=anchor
[AUTOPOS] SCAN hit: D9:C7:9C:16:71:C9 (random) rssi=-47 name=- bs=- uuid=A892AF05DD59CF0D0D3408AD74F364A1 target=anchor uuid_ok=1 tag_name=0 anchor_name=0 nus=0 dfu=0 token=0 props=0x03
[AUTOPOS] CONNECT queue[4]: addr=D9:C7:9C:16:71:C9 (random) link=anchor-ctrl uuid=A892AF05DD59CF0D0D3408AD74F364A1 target=anchor
[AUTOPOS] SCAN hit: E9:CB:F3:C4:51:43 (random) rssi=-60 name=- bs=- uuid=840C68591E90019821AACFF1B73AAA34 target=anchor uuid_ok=1 tag_name=0 anchor_name=0 nus=0 dfu=0 token=0 props=0x03
[AUTOPOS] CONNECT queue[5]: addr=E9:CB:F3:C4:51:43 (random) link=anchor-ctrl uuid=840C68591E90019821AACFF1B73AAA34 target=anchor
[AUTOPOS] SCAN hit: D7:93:2A:57:6D:1E (random) rssi=-74 name=- bs=- uuid=B1E487C2B1FD740D1442206A1857DFA1 target=anchor uuid_ok=1 tag_name=0 anchor_name=0 nus=0 dfu=0 token=0 props=0x03
[AUTOPOS] CONNECT queue[6]: addr=D7:93:2A:57:6D:1E (random) link=anchor-ctrl uuid=B1E487C2B1FD740D1442206A1857DFA1 target=anchor
[AUTOPOS] SCAN hit: DE:49:E3:D0:E4:E8 (random) rssi=-61 name=- bs=- uuid=F3BB7A04104F9CB8561DDDACB9E53714 target=anchor uuid_ok=1 tag_name=0 anchor_name=0 nus=0 dfu=0 token=0 props=0x03
[AUTOPOS] CONNECT queue[7]: addr=DE:49:E3:D0:E4:E8 (random) link=anchor-ctrl uuid=F3BB7A04104F9CB8561DDDACB9E53714 target=anchor
>>> device kind anchor
[AUTOPOS] One-shot NUS command cleared (runtime)
OTA NUS stage: disabled
[AUTOPOS] Mode switch preflight: disconnect requests=0
[AUTOPOS] CONNECT pending[0]: addr_valid=1 link=anchor-ctrl uuid=B9179575C776C98F1CB132DD6EDC6223 scan_running=1 conn_count=0
[AUTOPOS] device kind set: anchor (OTA target defaults reset, no BS prefix)
[AUTOPOS] System target: kind=anchor caps=0x0b (config=1 ota=1 stream=0 status=1)
OTA target filter: token=-1 name=- prefix=- uuid=-
[AUTOPOS] CONNECT pending[0]: bt_le_scan_stop rc=0 scan_running=1
[AUTOPOS] CONNECT pending[0] rc=0 conn=0x200048a8
[AUTOPOS] Connected[0]: C0:1D:D1:D0:CE:B0 (random) name=- bs=-
[AUTOPOS] CONNECT state[0]: link=anchor-ctrl uuid=B9179575C776C98F1CB132DD6EDC6223 ready=0 conn=0x200048a8
SETUP[0] defer: waiting 859 ms before discovery start
SETUP[0] defer: waiting 809 ms before discovery start
SETUP[0] defer: waiting 758 ms before discovery start
SETUP[0] defer: waiting 708 ms before discovery start
SETUP[0] defer: waiting 658 ms before discovery start
SETUP[0] defer: waiting 607 ms before discovery start
SETUP[0] defer: waiting 557 ms before discovery start
SETUP[0] defer: waiting 507 ms before discovery start
SETUP[0] defer: waiting 456 ms before discovery start
SETUP[0] defer: waiting 406 ms before discovery start
SETUP[0] defer: waiting 356 ms before discovery start
SETUP[0] defer: waiting 305 ms before discovery start
SETUP[0] defer: waiting 255 ms before discovery start
SETUP[0] defer: waiting 205 ms before discovery start
SETUP[0] defer: waiting 154 ms before discovery start
SETUP[0] defer: waiting 104 ms before discovery start
SETUP[0] defer: waiting 53 ms before discovery start
>>> mode recv
[AUTOPOS] mode recv redirected: anchor-only build stays in AUTOPOS anchor control
[AUTOPOS] Control mode staged: AUTOPOS
OTA NUS stage: disabled
[AUTOPOS] Master discovery mode: CONN & START
[AUTOPOS] Master disconnecting peer[0]: bs=BS0000
[AUTOPOS] Peer clear wait: waited=0 conn_count=1 ready_count=0
SETUP[0] defer: waiting 3 ms before discovery start
SETUP[0] begin: link=anchor-ctrl uuid=B9179575C776C98F1CB132DD6EDC6223 conn=0x200048a8
SETUP[0] mtu_exchange rc=-128
[AUTOPOS] Peer clear wait timeout: conn_count=1 ready_count=0
[AUTOPOS] SCAN start req: bt_ready=1 scan_running=0 connecting_slot=-1 conn_count=1 target=anchor prefix=ANCHOR-
SETUP[0] phy_update rc=-5
SETUP[0] conn_param_update rc=-5
[AUTOPOS] DISC start[0]: link=anchor-ctrl uuid=B9179575C776C98F1CB132DD6EDC6223 conn=0x200048a8
[AUTOPOS] Could not start anchor-ctrl discovery[0]: -128
[AUTOPOS] DISC start failed[0]: connected_for=3897ms ready=0 retries=0 start_failures=1
[AUTOPOS] Scanning for ANCHOR-*
[AUTOPOS] AUTOPOS: mode=AUTOPOS state=idle staged=- last_success=- sets=0 error=-
[AUTOPOS] Disconnected[0]: C0:1D:D1:D0:CE:B0 (random) reason=0x16 link=anchor-ctrl ready=0
[AUTOPOS] CONNECT pending[1]: addr_valid=1 link=anchor-ctrl uuid=CEE5A7EFCB35F8A56B430047629F5309 scan_running=1 conn_count=0
[AUTOPOS] CONNECT pending[1]: bt_le_scan_stop rc=0 scan_running=1
[AUTOPOS] CONNECT pending[1] rc=0 conn=0x20004978
[AUTOPOS] Connected[1]: FD:64:2E:93:37:86 (random) name=- bs=-
[AUTOPOS] CONNECT state[1]: link=anchor-ctrl uuid=CEE5A7EFCB35F8A56B430047629F5309 ready=0 conn=0x20004978
SETUP[1] defer: waiting 879 ms before discovery start
SETUP[1] defer: waiting 829 ms before discovery start
SETUP[1] defer: waiting 778 ms before discovery start
SETUP[1] defer: waiting 728 ms before discovery start
SETUP[1] defer: waiting 678 ms before discovery start
SETUP[1] defer: waiting 627 ms before discovery start
SETUP[1] defer: waiting 577 ms before discovery start
SETUP[1] defer: waiting 527 ms before discovery start
SETUP[1] defer: waiting 476 ms before discovery start
SETUP[1] defer: waiting 426 ms before discovery start
SETUP[1] defer: waiting 376 ms before discovery start
SETUP[1] defer: waiting 325 ms before discovery start
SETUP[1] defer: waiting 275 ms before discovery start
SETUP[1] defer: waiting 225 ms before discovery start
SETUP[1] defer: waiting 174 ms before discovery start
SETUP[1] defer: waiting 124 ms before discovery start
SETUP[1] defer: waiting 73 ms before discovery start
SETUP[1] defer: waiting 23 ms before discovery start
SETUP[1] begin: link=anchor-ctrl uuid=CEE5A7EFCB35F8A56B430047629F5309 conn=0x20004978
SETUP[1] mtu_exchange rc=0
SETUP[1] phy_update rc=0
SETUP[1] conn_param_update rc=0
[AUTOPOS] DISC start[1]: link=anchor-ctrl uuid=CEE5A7EFCB35F8A56B430047629F5309 conn=0x20004978
[AUTOPOS] MTU exchange[1] done (498)
[AUTOPOS] Conn param updated[1]: int=6 lat=0 to=400
[AUTOPOS] PHY updated[1]: tx=0x2 rx=0x2
[AUTOPOS] DISC complete[1]: link=anchor-ctrl discovered_service=2800 uuid=CEE5A7EFCB35F8A56B430047629F5309
[AUTOPOS] DISC anchor service found[1]: uuid=CEE5A7EFCB35F8A56B430047629F5309
[AUTOPOS] Anchor ctrl state subscribe[1] rc=0
[AUTOPOS] Anchor ctrl result subscribe[1] rc=0
[AUTOPOS] ANCHOR_CTRL[1] link ready handle=0x0019 result=0x001b uuid=CEE5A7EFCB35F8A56B430047629F5309
[AUTOPOS] CONNECT pending[2]: addr_valid=1 link=anchor-ctrl uuid=B2B5FA625534A8C617135DCAFC9E036A scan_running=0 conn_count=1
[AUTOPOS] CONNECT pending[2] rc=0 conn=0x200048a8
[AUTOPOS] Connected[2]: F9:5B:1A:A3:84:45 (random) name=- bs=-
[AUTOPOS] CONNECT state[2]: link=anchor-ctrl uuid=B2B5FA625534A8C617135DCAFC9E036A ready=0 conn=0x200048a8
SETUP[2] defer: waiting 891 ms before discovery start
[AUTOPOS] Disconnected[2]: F9:5B:1A:A3:84:45 (random) reason=0x3e link=anchor-ctrl ready=0
[AUTOPOS] SCAN start req: bt_ready=1 scan_running=0 connecting_slot=-1 conn_count=1 target=anchor prefix=ANCHOR-
[AUTOPOS] Scanning for ANCHOR-*
[AUTOPOS] CONNECT pending[3]: addr_valid=1 link=anchor-ctrl uuid=B3087BC3D87CCCD316AEDC6B71D6677F scan_running=1 conn_count=1
[AUTOPOS] CONNECT pending[3]: bt_le_scan_stop rc=0 scan_running=1
[AUTOPOS] CONNECT pending[3] rc=0 conn=0x20004a48
[AUTOPOS] Connected[3]: EC:9F:55:9D:7E:A1 (random) name=- bs=-
[AUTOPOS] CONNECT state[3]: link=anchor-ctrl uuid=B3087BC3D87CCCD316AEDC6B71D6677F ready=0 conn=0x20004a48
SETUP[3] defer: waiting 886 ms before discovery start
>>> mode autopos
[AUTOPOS] Control mode staged: AUTOPOS
[AUTOPOS] Master discovery mode: CONN & START
[AUTOPOS] Master disconnecting peer[1]: bs=BS0000
[AUTOPOS] Master disconnecting peer[3]: bs=BS0000
[AUTOPOS] Peer clear wait: waited=0 conn_count=2 ready_count=1
SETUP[3] defer: waiting 836 ms before discovery start
SETUP[3] defer: waiting 786 ms before discovery start
SETUP[3] defer: waiting 735 ms before discovery start
SETUP[3] defer: waiting 685 ms before discovery start
SETUP[3] defer: waiting 635 ms before discovery start
SETUP[3] defer: waiting 584 ms before discovery start
SETUP[3] defer: waiting 534 ms before discovery start
SETUP[3] defer: waiting 484 ms before discovery start
SETUP[3] defer: waiting 433 ms before discovery start
SETUP[3] defer: waiting 383 ms before discovery start
SETUP[3] defer: waiting 332 ms before discovery start
SETUP[3] defer: waiting 282 ms before discovery start
SETUP[3] defer: waiting 232 ms before discovery start
SETUP[3] defer: waiting 181 ms before discovery start
SETUP[3] defer: waiting 131 ms before discovery start
SETUP[3] defer: waiting 81 ms before discovery start
SETUP[3] defer: waiting 30 ms before discovery start
SETUP[3] begin: link=anchor-ctrl uuid=B3087BC3D87CCCD316AEDC6B71D6677F conn=0x20004a48
SETUP[3] mtu_exchange rc=-128
>>> autopos status
[AUTOPOS] Peer clear wait timeout: conn_count=2 ready_count=1
[AUTOPOS] SCAN start req: bt_ready=1 scan_running=0 connecting_slot=-1 conn_count=2 target=anchor prefix=ANCHOR-
SETUP[3] phy_update rc=-5
SETUP[3] conn_param_update rc=-5
[AUTOPOS] DISC start[3]: link=anchor-ctrl uuid=B3087BC3D87CCCD316AEDC6B71D6677F conn=0x20004a48
[AUTOPOS] Could not start anchor-ctrl discovery[3]: -128
[AUTOPOS] DISC start failed[3]: connected_for=3062ms ready=0 retries=0 start_failures=1
[AUTOPOS] Scanning for ANCHOR-*
[AUTOPOS] AUTOPOS: mode=AUTOPOS state=idle staged=- last_success=- sets=0 error=-
[AUTOPOS] AUTOPOS: mode=AUTOPOS state=idle staged=- last_success=- sets=0 error=-
[AUTOPOS] Disconnected[3]: EC:9F:55:9D:7E:A1 (random) reason=0x16 link=anchor-ctrl ready=0
[AUTOPOS] CONNECT pending[4]: addr_valid=1 link=anchor-ctrl uuid=A892AF05DD59CF0D0D3408AD74F364A1 scan_running=1 conn_count=1
[AUTOPOS] CONNECT pending[4]: bt_le_scan_stop rc=0 scan_running=1
[AUTOPOS] CONNECT pending[4] rc=0 conn=0x200048a8
[AUTOPOS] Disconnected[1]: FD:64:2E:93:37:86 (random) reason=0x16 link=anchor-ctrl ready=1
[AUTOPOS] Connected[4]: D9:C7:9C:16:71:C9 (random) name=- bs=-
[AUTOPOS] CONNECT state[4]: link=anchor-ctrl uuid=A892AF05DD59CF0D0D3408AD74F364A1 ready=0 conn=0x200048a8
SETUP[4] defer: waiting 852 ms before discovery start
SETUP[4] defer: waiting 802 ms before discovery start
>>> autopos map A F3BB7A04104F9CB8561DDDACB9E53714
[AUTOPOS] AUTOPOS map set: A=F3BB7A04104F9CB8561DDDACB9E53714
SETUP[4] defer: waiting 752 ms before discovery start
SETUP[4] defer: waiting 701 ms before discovery start
SETUP[4] defer: waiting 651 ms before discovery start
SETUP[4] defer: waiting 601 ms before discovery start
SETUP[4] defer: waiting 550 ms before discovery start
SETUP[4] defer: waiting 500 ms before discovery start
SETUP[4] defer: waiting 450 ms before discovery start
SETUP[4] defer: waiting 399 ms before discovery start
SETUP[4] defer: waiting 349 ms before discovery start
SETUP[4] defer: waiting 299 ms before discovery start
SETUP[4] defer: waiting 248 ms before discovery start
SETUP[4] defer: waiting 198 ms before discovery start
SETUP[4] defer: waiting 148 ms before discovery start
SETUP[4] defer: waiting 97 ms before discovery start
SETUP[4] defer: waiting 47 ms before discovery start
SETUP[4] begin: link=anchor-ctrl uuid=A892AF05DD59CF0D0D3408AD74F364A1 conn=0x200048a8
SETUP[4] mtu_exchange rc=0
SETUP[4] phy_update rc=0
SETUP[4] conn_param_update rc=0
[AUTOPOS] DISC start[4]: link=anchor-ctrl uuid=A892AF05DD59CF0D0D3408AD74F364A1 conn=0x200048a8
[AUTOPOS] MTU exchange[4] done (498)
>>> autopos map B B9179575C776C98F1CB132DD6EDC6223
[AUTOPOS] AUTOPOS map set: B=B9179575C776C98F1CB132DD6EDC6223
[AUTOPOS] Conn param updated[4]: int=6 lat=0 to=400
[AUTOPOS] PHY updated[4]: tx=0x2 rx=0x2
[AUTOPOS] DISC complete[4]: link=anchor-ctrl discovered_service=2800 uuid=A892AF05DD59CF0D0D3408AD74F364A1
[AUTOPOS] DISC anchor service found[4]: uuid=A892AF05DD59CF0D0D3408AD74F364A1
[AUTOPOS] Anchor ctrl state subscribe[4] rc=0
[AUTOPOS] Anchor ctrl result subscribe[4] rc=0
[AUTOPOS] ANCHOR_CTRL[4] link ready handle=0x0019 result=0x001b uuid=A892AF05DD59CF0D0D3408AD74F364A1
[AUTOPOS] CONNECT pending[5]: addr_valid=1 link=anchor-ctrl uuid=840C68591E90019821AACFF1B73AAA34 scan_running=0 conn_count=1
[AUTOPOS] CONNECT pending[5] rc=0 conn=0x20004978
[AUTOPOS] Connected[5]: E9:CB:F3:C4:51:43 (random) name=- bs=-
[AUTOPOS] CONNECT state[5]: link=anchor-ctrl uuid=840C68591E90019821AACFF1B73AAA34 ready=0 conn=0x20004978
SETUP[5] defer: waiting 875 ms before discovery start
SETUP[5] defer: waiting 825 ms before discovery start
SETUP[5] defer: waiting 775 ms before discovery start
SETUP[5] defer: waiting 724 ms before discovery start
SETUP[5] defer: waiting 674 ms before discovery start
SETUP[5] defer: waiting 624 ms before discovery start
SETUP[5] defer: waiting 573 ms before discovery start
SETUP[5] defer: waiting 523 ms before discovery start
SETUP[5] defer: waiting 473 ms before discovery start
SETUP[5] defer: waiting 422 ms before discovery start
SETUP[5] defer: waiting 372 ms before discovery start
>>> autopos map C CEE5A7EFCB35F8A56B430047629F5309
[AUTOPOS] AUTOPOS map set: C=CEE5A7EFCB35F8A56B430047629F5309
SETUP[5] defer: waiting 322 ms before discovery start
SETUP[5] defer: waiting 271 ms before discovery start
SETUP[5] defer: waiting 221 ms before discovery start
SETUP[5] defer: waiting 170 ms before discovery start
SETUP[5] defer: waiting 120 ms before discovery start
SETUP[5] defer: waiting 70 ms before discovery start
SETUP[5] defer: waiting 19 ms before discovery start
SETUP[5] begin: link=anchor-ctrl uuid=840C68591E90019821AACFF1B73AAA34 conn=0x20004978
SETUP[5] mtu_exchange rc=0
SETUP[5] phy_update rc=0
SETUP[5] conn_param_update rc=0
[AUTOPOS] DISC start[5]: link=anchor-ctrl uuid=840C68591E90019821AACFF1B73AAA34 conn=0x20004978
[AUTOPOS] MTU exchange[5] done (498)
[AUTOPOS] Conn param updated[5]: int=6 lat=0 to=400
[AUTOPOS] PHY updated[5]: tx=0x2 rx=0x2
>>> autopos map D B2B5FA625534A8C617135DCAFC9E036A
[AUTOPOS] DISC complete[5]: link=anchor-ctrl discovered_service=2800 uuid=840C68591E90019821AACFF1B73AAA34
[AUTOPOS] DISC anchor service found[5]: uuid=840C68591E90019821AACFF1B73AAA34
[AUTOPOS] Anchor ctrl state subscribe[5] rc=0
[AUTOPOS] Anchor ctrl result subscribe[5] rc=0
[AUTOPOS] ANCHOR_CTRL[5] link ready handle=0x0019 result=0x001b uuid=840C68591E90019821AACFF1B73AAA34
[AUTOPOS] CONNECT pending[6]: addr_valid=1 link=anchor-ctrl uuid=B1E487C2B1FD740D1442206A1857DFA1 scan_running=0 conn_count=2
[AUTOPOS] CONNECT pending[6] rc=0 conn=0x20004a48
[AUTOPOS] AUTOPOS map set: D=B2B5FA625534A8C617135DCAFC9E036A
[AUTOPOS] Connected[6]: D7:93:2A:57:6D:1E (random) name=- bs=-
[AUTOPOS] CONNECT state[6]: link=anchor-ctrl uuid=B1E487C2B1FD740D1442206A1857DFA1 ready=0 conn=0x20004a48
SETUP[6] defer: waiting 862 ms before discovery start
SETUP[6] defer: waiting 811 ms before discovery start
SETUP[6] defer: waiting 761 ms before discovery start
SETUP[6] defer: waiting 711 ms before discovery start
SETUP[6] defer: waiting 660 ms before discovery start
SETUP[6] defer: waiting 610 ms before discovery start
SETUP[6] defer: waiting 560 ms before discovery start
SETUP[6] defer: waiting 509 ms before discovery start
SETUP[6] defer: waiting 459 ms before discovery start
SETUP[6] defer: waiting 408 ms before discovery start
SETUP[6] defer: waiting 358 ms before discovery start
SETUP[6] defer: waiting 308 ms before discovery start
SETUP[6] defer: waiting 257 ms before discovery start
SETUP[6] defer: waiting 207 ms before discovery start
SETUP[6] defer: waiting 157 ms before discovery start
>>> autopos map E A892AF05DD59CF0D0D3408AD74F364A1
[AUTOPOS] AUTOPOS map set: E=A892AF05DD59CF0D0D3408AD74F364A1
SETUP[6] defer: waiting 106 ms before discovery start
SETUP[6] defer: waiting 56 ms before discovery start
SETUP[6] defer: waiting 6 ms before discovery start
SETUP[6] begin: link=anchor-ctrl uuid=B1E487C2B1FD740D1442206A1857DFA1 conn=0x20004a48
SETUP[6] mtu_exchange rc=0
SETUP[6] phy_update rc=0
SETUP[6] conn_param_update rc=0
[AUTOPOS] DISC start[6]: link=anchor-ctrl uuid=B1E487C2B1FD740D1442206A1857DFA1 conn=0x20004a48
[AUTOPOS] MTU exchange[6] done (498)
[AUTOPOS] Conn param updated[6]: int=6 lat=0 to=400
[AUTOPOS] PHY updated[6]: tx=0x2 rx=0x2
>>> autopos map F 840C68591E90019821AACFF1B73AAA34
[AUTOPOS] DISC complete[6]: link=anchor-ctrl discovered_service=2800 uuid=B1E487C2B1FD740D1442206A1857DFA1
[AUTOPOS] DISC anchor service found[6]: uuid=B1E487C2B1FD740D1442206A1857DFA1
[AUTOPOS] Anchor ctrl state subscribe[6] rc=0
[AUTOPOS] Anchor ctrl result subscribe[6] rc=0
[AUTOPOS] ANCHOR_CTRL[6] link ready handle=0x0019 result=0x001b uuid=B1E487C2B1FD740D1442206A1857DFA1
[AUTOPOS] CONNECT pending[7]: addr_valid=1 link=anchor-ctrl uuid=F3BB7A04104F9CB8561DDDACB9E53714 scan_running=0 conn_count=3
[AUTOPOS] CONNECT pending[7] rc=0 conn=0x20004b18
[AUTOPOS] AUTOPOS map set: F=840C68591E90019821AACFF1B73AAA34
[AUTOPOS] Connected[7]: DE:49:E3:D0:E4:E8 (random) name=- bs=-
[AUTOPOS] CONNECT state[7]: link=anchor-ctrl uuid=F3BB7A04104F9CB8561DDDACB9E53714 ready=0 conn=0x20004b18
SETUP[7] defer: waiting 871 ms before discovery start
SETUP[7] defer: waiting 821 ms before discovery start
SETUP[7] defer: waiting 770 ms before discovery start
SETUP[7] defer: waiting 720 ms before discovery start
SETUP[7] defer: waiting 670 ms before discovery start
SETUP[7] defer: waiting 619 ms before discovery start
SETUP[7] defer: waiting 569 ms before discovery start
SETUP[7] defer: waiting 519 ms before discovery start
SETUP[7] defer: waiting 468 ms before discovery start
SETUP[7] defer: waiting 418 ms before discovery start
SETUP[7] defer: waiting 368 ms before discovery start
SETUP[7] defer: waiting 317 ms before discovery start
SETUP[7] defer: waiting 267 ms before discovery start
[AUTOPOS] Conn param updated[4]: int=6 lat=0 to=400
>>> autopos map G B3087BC3D87CCCD316AEDC6B71D6677F
[AUTOPOS] AUTOPOS map set: G=B3087BC3D87CCCD316AEDC6B71D6677F
SETUP[7] defer: waiting 217 ms before discovery start
SETUP[7] defer: waiting 166 ms before discovery start
SETUP[7] defer: waiting 116 ms before discovery start
SETUP[7] defer: waiting 65 ms before discovery start
SETUP[7] defer: waiting 15 ms before discovery start
SETUP[7] begin: link=anchor-ctrl uuid=F3BB7A04104F9CB8561DDDACB9E53714 conn=0x20004b18
SETUP[7] mtu_exchange rc=0
SETUP[7] phy_update rc=0
SETUP[7] conn_param_update rc=0
[AUTOPOS] DISC start[7]: link=anchor-ctrl uuid=F3BB7A04104F9CB8561DDDACB9E53714 conn=0x20004b18
[AUTOPOS] MTU exchange[7] done (498)
[AUTOPOS] Conn param updated[7]: int=6 lat=0 to=400
[AUTOPOS] PHY updated[7]: tx=0x2 rx=0x2
>>> autopos map H B1E487C2B1FD740D1442206A1857DFA1
[AUTOPOS] AUTOPOS map set: H=B1E487C2B1FD740D1442206A1857DFA1
[AUTOPOS] Conn param updated[5]: int=6 lat=0 to=400
[AUTOPOS] DISC complete[7]: link=anchor-ctrl discovered_service=2800 uuid=F3BB7A04104F9CB8561DDDACB9E53714
[AUTOPOS] DISC anchor service found[7]: uuid=F3BB7A04104F9CB8561DDDACB9E53714
[AUTOPOS] Anchor ctrl state subscribe[7] rc=0
[AUTOPOS] Anchor ctrl result subscribe[7] rc=0
[AUTOPOS] ANCHOR_CTRL[7] link ready handle=0x0019 result=0x001b uuid=F3BB7A04104F9CB8561DDDACB9E53714
[AUTOPOS] SCAN start req: bt_ready=1 scan_running=0 connecting_slot=-1 conn_count=4 target=anchor prefix=ANCHOR-
[AUTOPOS] Scanning for ANCHOR-*
[AUTOPOS] SCAN hit: F9:5B:1A:A3:84:45 (random) rssi=-59 name=- bs=- uuid=B2B5FA625534A8C617135DCAFC9E036A target=anchor uuid_ok=1 tag_name=0 anchor_name=0 nus=0 dfu=0 token=0 props=0x03
[AUTOPOS] CONNECT queue[0]: addr=F9:5B:1A:A3:84:45 (random) link=anchor-ctrl uuid=B2B5FA625534A8C617135DCAFC9E036A target=anchor
[AUTOPOS] SCAN hit: C0:1D:D1:D0:CE:B0 (random) rssi=-68 name=- bs=- uuid=B9179575C776C98F1CB132DD6EDC6223 target=anchor uuid_ok=1 tag_name=0 anchor_name=0 nus=0 dfu=0 token=0 props=0x03
[AUTOPOS] CONNECT queue[1]: addr=C0:1D:D1:D0:CE:B0 (random) link=anchor-ctrl uuid=B9179575C776C98F1CB132DD6EDC6223 target=anchor
[AUTOPOS] SCAN hit: EC:9F:55:9D:7E:A1 (random) rssi=-63 name=- bs=- uuid=B3087BC3D87CCCD316AEDC6B71D6677F target=anchor uuid_ok=1 tag_name=0 anchor_name=0 nus=0 dfu=0 token=0 props=0x03
[AUTOPOS] CONNECT queue[2]: addr=EC:9F:55:9D:7E:A1 (random) link=anchor-ctrl uuid=B3087BC3D87CCCD316AEDC6B71D6677F target=anchor
SESSION: wait all matrix via BLE scan role_counts=matrix=0 responder=0 master=0 other=0
SESSION: role verify via BLE scan failed for role=matrix matrix=0 responder=0 master=0 other=0
SESSION: switching all anchors to runtime matrix before sweep (idempotent guard)
>>> anchor role all matrix
[AUTOPOS] CONNECT pending[0]: addr_valid=1 link=anchor-ctrl uuid=B2B5FA625534A8C617135DCAFC9E036A scan_running=1 conn_count=4
[AUTOPOS] CONNECT pending[0]: bt_le_scan_stop rc=0 scan_running=1
[AUTOPOS] CONNECT pending[0] rc=0 conn=0x20004be8
[AUTOPOS] Connected[0]: F9:5B:1A:A3:84:45 (random) name=- bs=-
[AUTOPOS] CONNECT state[0]: link=anchor-ctrl uuid=B2B5FA625534A8C617135DCAFC9E036A ready=0 conn=0x20004be8
SETUP[0] defer: waiting 869 ms before discovery start
SETUP[0] defer: waiting 819 ms before discovery start
SETUP[0] defer: waiting 768 ms before discovery start
SETUP[0] defer: waiting 718 ms before discovery start
SETUP[0] defer: waiting 668 ms before discovery start
SETUP[0] defer: waiting 617 ms before discovery start
SETUP[0] defer: waiting 567 ms before discovery start
SETUP[0] defer: waiting 517 ms before discovery start
SETUP[0] defer: waiting 466 ms before discovery start
SETUP[0] defer: waiting 416 ms before discovery start
SETUP[0] defer: waiting 366 ms before discovery start
SETUP[0] defer: waiting 315 ms before discovery start
SETUP[0] defer: waiting 265 ms before discovery start
SETUP[0] defer: waiting 214 ms before discovery start
SETUP[0] defer: waiting 164 ms before discovery start
SETUP[0] defer: waiting 114 ms before discovery start
SETUP[0] defer: waiting 63 ms before discovery start
[AUTOPOS] Conn param updated[6]: int=6 lat=0 to=400
SETUP[0] defer: waiting 13 ms before discovery start
SETUP[0] begin: link=anchor-ctrl uuid=B2B5FA625534A8C617135DCAFC9E036A conn=0x20004be8
SETUP[0] mtu_exchange rc=0
SETUP[0] phy_update rc=0
SETUP[0] conn_param_update rc=0
[AUTOPOS] DISC start[0]: link=anchor-ctrl uuid=B2B5FA625534A8C617135DCAFC9E036A conn=0x20004be8
[AUTOPOS] MTU exchange[0] done (498)
[AUTOPOS] Conn param updated[0]: int=6 lat=0 to=400
[AUTOPOS] PHY updated[0]: tx=0x2 rx=0x2
[AUTOPOS] DISC complete[0]: link=anchor-ctrl discovered_service=2800 uuid=B2B5FA625534A8C617135DCAFC9E036A
[AUTOPOS] DISC anchor service found[0]: uuid=B2B5FA625534A8C617135DCAFC9E036A
[AUTOPOS] Anchor ctrl state subscribe[0] rc=0
[AUTOPOS] Anchor ctrl result subscribe[0] rc=0
[AUTOPOS] ANCHOR_CTRL[0] link ready handle=0x0019 result=0x001b uuid=B2B5FA625534A8C617135DCAFC9E036A
[AUTOPOS] CONNECT pending[1]: addr_valid=1 link=anchor-ctrl uuid=B9179575C776C98F1CB132DD6EDC6223 scan_running=0 conn_count=5
[AUTOPOS] CONNECT pending[1] rc=0 conn=0x20004cb8
[AUTOPOS] Connected[1]: C0:1D:D1:D0:CE:B0 (random) name=- bs=-
[AUTOPOS] CONNECT state[1]: link=anchor-ctrl uuid=B9179575C776C98F1CB132DD6EDC6223 ready=0 conn=0x20004cb8
SETUP[1] defer: waiting 889 ms before discovery start
SETUP[1] defer: waiting 839 ms before discovery start
SETUP[1] defer: waiting 788 ms before discovery start
SETUP[1] defer: waiting 738 ms before discovery start
SETUP[1] defer: waiting 688 ms before discovery start
SETUP[1] defer: waiting 637 ms before discovery start
SETUP[1] defer: waiting 587 ms before discovery start
SETUP[1] defer: waiting 537 ms before discovery start
SETUP[1] defer: waiting 486 ms before discovery start
SETUP[1] defer: waiting 436 ms before discovery start
SETUP[1] defer: waiting 386 ms before discovery start
[AUTOPOS] Conn param updated[7]: int=6 lat=0 to=400
SETUP[1] defer: waiting 335 ms before discovery start
SETUP[1] defer: waiting 285 ms before discovery start
SETUP[1] defer: waiting 234 ms before discovery start
SETUP[1] defer: waiting 184 ms before discovery start
SETUP[1] defer: waiting 134 ms before discovery start
SETUP[1] defer: waiting 83 ms before discovery start
SETUP[1] defer: waiting 33 ms before discovery start
SETUP[1] begin: link=anchor-ctrl uuid=B9179575C776C98F1CB132DD6EDC6223 conn=0x20004cb8
SETUP[1] mtu_exchange rc=0
SETUP[1] phy_update rc=0
SETUP[1] conn_param_update rc=0
[AUTOPOS] DISC start[1]: link=anchor-ctrl uuid=B9179575C776C98F1CB132DD6EDC6223 conn=0x20004cb8
[AUTOPOS] MTU exchange[1] done (498)
[AUTOPOS] Conn param updated[1]: int=6 lat=0 to=400
[AUTOPOS] PHY updated[1]: tx=0x2 rx=0x2
[AUTOPOS] DISC complete[1]: link=anchor-ctrl discovered_service=2800 uuid=B9179575C776C98F1CB132DD6EDC6223
[AUTOPOS] DISC anchor service found[1]: uuid=B9179575C776C98F1CB132DD6EDC6223
[AUTOPOS] Anchor ctrl state subscribe[1] rc=0
[AUTOPOS] Anchor ctrl result subscribe[1] rc=0
[AUTOPOS] ANCHOR_CTRL[1] link ready handle=0x0019 result=0x001b uuid=B9179575C776C98F1CB132DD6EDC6223
[AUTOPOS] CONNECT pending[2]: addr_valid=1 link=anchor-ctrl uuid=B3087BC3D87CCCD316AEDC6B71D6677F scan_running=0 conn_count=6
[AUTOPOS] CONNECT pending[2] rc=0 conn=0x20004d88
[AUTOPOS] Connected[2]: EC:9F:55:9D:7E:A1 (random) name=- bs=-
[AUTOPOS] CONNECT state[2]: link=anchor-ctrl uuid=B3087BC3D87CCCD316AEDC6B71D6677F ready=0 conn=0x20004d88
SETUP[2] defer: waiting 867 ms before discovery start
SETUP[2] defer: waiting 817 ms before discovery start
SETUP[2] defer: waiting 767 ms before discovery start
SETUP[2] defer: waiting 716 ms before discovery start
SETUP[2] defer: waiting 666 ms before discovery start
SETUP[2] defer: waiting 616 ms before discovery start
SETUP[2] defer: waiting 565 ms before discovery start
SETUP[2] defer: waiting 515 ms before discovery start
SETUP[2] defer: waiting 465 ms before discovery start
SETUP[2] defer: waiting 414 ms before discovery start
SETUP[2] defer: waiting 364 ms before discovery start
SETUP[2] defer: waiting 314 ms before discovery start
SETUP[2] defer: waiting 263 ms before discovery start
[AUTOPOS] Conn param updated[0]: int=6 lat=0 to=400
SETUP[2] defer: waiting 213 ms before discovery start
SETUP[2] defer: waiting 163 ms before discovery start
SETUP[2] defer: waiting 112 ms before discovery start
SETUP[2] defer: waiting 62 ms before discovery start
SETUP[2] defer: waiting 12 ms before discovery start
SETUP[2] begin: link=anchor-ctrl uuid=B3087BC3D87CCCD316AEDC6B71D6677F conn=0x20004d88
SETUP[2] mtu_exchange rc=0
SETUP[2] phy_update rc=0
SETUP[2] conn_param_update rc=0
[AUTOPOS] DISC start[2]: link=anchor-ctrl uuid=B3087BC3D87CCCD316AEDC6B71D6677F conn=0x20004d88
[AUTOPOS] MTU exchange[2] done (498)
[AUTOPOS] Conn param updated[2]: int=6 lat=0 to=400
[AUTOPOS] PHY updated[2]: tx=0x2 rx=0x2
[AUTOPOS] DISC comp4A8C617135DCAFC9E036A
[AUTOPOS] Anchor ctrl sent[1]: RUNTIME MATRIX FORCE uuid=B9179575C776C98F1CB132DD6EDC6223
[AUTOPOS] Anchor ctrl sent[2]: RUNTIME MATRIX FORCE uuid=B3087BC3D87CCCD316AEDC6B71D6677F
[AUTOPOS] Anchor ctrl sent[3]: RUNTIME MATRIX FORCE uuid=CEE5A7EFCB35F8A56B430047629F5309
[AUTOPOS] Anchor ctrl sent[4]: RUNTIME MATRIX FORCE uuid=A892AF05DD59CF0D0D3408AD74F364A1
[AUTOPOS] Anchor ctrl sent[5]: RUNTIME MATRIX FORCE uuid=840C68591E90019821AACFF1B73AAA34
[AUTOPOS] Anchor ctrl sent[6]: RUNTIME MATRIX FORCE uuid=B1E487C2B1FD740D1442206A1857DFA1
[AUTOPOS] Anchor ctrl sent[7]: RUNTIME MATRIX FORCE uuid=F3BB7A04104F9CB8561DDDACB9E53714
[AUTOPOS] anchor role all matrix runtime sent=8 ready=8/8
[AUTOPOS] ANCHOR_CTRL[2] notify: OK RUNTIME_RESTART_REQUESTED
[AUTOPOS] ANCHOR_CTRL[0] notify: OK RUNTIME_RESTART_REQUESTED
[AUTOPOS] ANCHOR_CTRL[4] notify: OK RUNTIME_RESTART_REQUESTED
[AUTOPOS] ANCHOR_CTRL[5] notify: OK RUNTIME_RESTART_REQUESTED
[AUTOPOS] ANCHOR_CTRL[3] notify: OK RUNTIME_RESTART_REQUESTED
[AUTOPOS] ANCHOR_CTRL[1] notify: OK RUNTIME_RESTART_REQUESTED
[AUTOPOS] ANCHOR_CTRL[6] notify: OK RUNTIME_RESTART_REQUESTED
[AUTOPOS] ANCHOR_CTRL[7] notify: OK RUNTIME_RESTART_REQUESTED
[AUTOPOS] Anchor ctrl sent[0]: RUNTIME MATRIX FORCE uuid=B2B5FA625534A8C617135DCAFC9E036A
[AUTOPOS] Anchor ctrl sent[1]: RUNTIME MATRIX FORCE uuid=B9179575C776C98F1CB132DD6EDC6223
[AUTOPOS] Anchor ctrl sent[2]: RUNTIME MATRIX FORCE uuid=B3087BC3D87CCCD316AEDC6B71D6677F
[AUTOPOS] Anchor ctrl sent[3]: RUNTIME MATRIX FORCE uuid=CEE5A7EFCB35F8A56B430047629F5309
[AUTOPOS] Anchor ctrl sent[4]: RUNTIME MATRIX FORCE uuid=A892AF05DD59CF0D0D3408AD74F364A1
[AUTOPOS] Anchor ctrl sent[5]: RUNTIME MATRIX FORCE uuid=840C68591E90019821AACFF1B73AAA34
[AUTOPOS] Anchor ctrl sent[6]: RUNTIME MATRIX FORCE uuid=B1E487C2B1FD740D1442206A1857DFA1
[AUTOPOS] Anchor ctrl sent[7]: RUNTIME MATRIX FORCE uuid=F3BB7A04104F9CB8561DDDACB9E53714
[AUTOPOS] anchor role all matrix runtime repeat sent=8 ready=8/8
[AUTOPOS] ANCHOR_CTRL[0] notify: OK RUNTIME_RESTART_REQUESTED
[AUTOPOS] ANCHOR_CTRL[3] notify: OK RUNTIME_RESTART_REQUESTED
[AUTOPOS] ANCHOR_CTRL[1] notify: OK RUNTIME_RESTART_REQUESTED
[AUTOPOS] ANCHOR_CTRL[6] notify: OK RUNTIME_RESTART_REQUESTED
[AUTOPOS] ANCHOR_CTRL[4] notify: OK RUNTIME_RESTART_REQUESTED
[AUTOPOS] ANCHOR_CTRL[7] notify: OK RUNTIME_RESTART_REQUESTED
[AUTOPOS] ANCHOR_CTRL[5] notify: OK RUNTIME_RESTART_REQUESTED
[AUTOPOS] ANCHOR_CTRL[2] notify: OK RUNTIME_RESTART_REQUESTED
[AUTOPOS] Anchor ctrl sent[0]: RUNTIME MATRIX FORCE uuid=B2B5FA625534A8C617135DCAFC9E036A
[AUTOPOS] Anchor ctrl sent[1]: RUNTIME MATRIX FORCE uuid=B9179575C776C98F1CB132DD6EDC6223
[AUTOPOS] Anchor ctrl sent[2]: RUNTIME MATRIX FORCE uuid=B3087BC3D87CCCD316AEDC6B71D6677F
[AUTOPOS] Anchor ctrl sent[3]: RUNTIME MATRIX FORCE uuid=CEE5A7EFCB35F8A56B430047629F5309
[AUTOPOS] Anchor ctrl sent[4]: RUNTIME MATRIX FORCE uuid=A892AF05DD59CF0D0D3408AD74F364A1
[AUTOPOS] Anchor ctrl sent[5]: RUNTIME MATRIX FORCE uuid=840C68591E90019821AACFF1B73AAA34
[AUTOPOS] Anchor ctrl sent[6]: RUNTIME MATRIX FORCE uuid=B1E487C2B1FD740D1442206A1857DFA1
[AUTOPOS] Anchor ctrl sent[7]: RUNTIME MATRIX FORCE uuid=F3BB7A04104F9CB8561DDDACB9E53714
[AUTOPOS] anchor role all matrix runtime final sent=8 ready=8/8 total_sent=24
[AUTOPOS] anchor role rc=0 target=all role=matrix
[AUTOPOS] ANCHOR_CTRL[0] notify: OK RUNTIME_RESTART_REQUESTED
[AUTOPOS] ANCHOR_CTRL[3] notify: OK RUNTIME_RESTART_REQUESTED
[AUTOPOS] ANCHOR_CTRL[1] notify: OK RUNTIME_RESTART_REQUESTED
[AUTOPOS] ANCHOR_CTRL[2] notify: OK RUNTIME_RESTART_REQUESTED
[AUTOPOS] ANCHOR_CTRL[6] notify: OK RUNTIME_RESTART_REQUESTED
[AUTOPOS] ANCHOR_CTRL[4] notify: OK RUNTIME_RESTART_REQUESTED
[AUTOPOS] ANCHOR_CTRL[7] notify: OK RUNTIME_RESTART_REQUESTED
[AUTOPOS] ANCHOR_CTRL[5] notify: OK RUNTIME_RESTART_REQUESTED
SESSION: matrix runtime broadcast acknowledged by 8/8 ready anchors
