PORT=/dev/serial/by-id/usb-Master_Anchor_Master_Anchor_Control_87EA2F4A526C5A02-if00
START=2026-07-10 14:04:22
MASTER=G
PRECHECK: BSxxxx tag quarantine disabled; master/matrix anchors ignore tag polls during sweep
PRECHECK: context session_autopos_ready=1 autopos_initialized=1
PRECHECK: reusing session AUTOPOS state from matrix guard
PRECHECK: reusing existing AUTOPOS map
>>> autopos cir 0
[AUTOPOS] AUTOPOS cir mode set: 0
[AUTOPOS] MSTAT peer=0 name=BS???? conn=1 ready=1 pkts=0 bytes=0 last_len=0 print_drops=0
[AUTOPOS] MSTAT peer=1 name=BS???? conn=1 ready=1 pkts=0 bytes=0 last_len=0 print_drops=0
[AUTOPOS] MSTAT peer=2 name=BS???? conn=1 ready=1 pkts=0 bytes=0 last_len=0 print_drops=0
[AUTOPOS] MSTAT peer=3 name=BS???? conn=1 ready=1 pkts=0 bytes=0 last_len=0 print_drops=0
[AUTOPOS] MSTAT peer=4 name=BS???? conn=1 ready=1 pkts=0 bytes=0 last_len=0 print_drops=0
[AUTOPOS] MSTAT peer=5 name=BS???? conn=1 ready=1 pkts=0 bytes=0 last_len=0 print_drops=0
[AUTOPOS] MSTAT peer=6 name=BS???? conn=1 ready=1 pkts=0 bytes=0 last_len=0 print_drops=0
[AUTOPOS] MSTAT peer=7 name=BS???? conn=1 ready=1 pkts=0 bytes=0 last_len=0 print_drops=0
[AUTOPOS] MSTAT peer=8 name=BS???? conn=1 ready=1 pkts=0 bytes=0 last_len=0 print_drops=0
[AUTOPOS] MCLK cal=-1 skips=-1 up_ms=160833
>>> autopos round G 110
[AUTOPOS] AUTOPOS round staged: master=G sets=110
>>> autopos status
[AUTOPOS] AUTOPOS: mode=AUTOPOS state=staged staged=G last_success=F sets=110 cir=0 error=-
>>> autopos apply
[AUTOPOS] AUTOPOS apply started
[AUTOPOS] RECV_BG gate: SUPPRESS reason=autopos_detach
[AUTOPOS] AUTOPOS detach skip STOP: finite master auto-returns to matrix sets=110
[AUTOPOS] RECV_BG gate: ALLOW reason=autopos_detach_done
[AUTOPOS] SCAN start req: bt_ready=1 scan_running=0 connecting_slot=-1 conn_count=9 target=anchor prefix=ANCHOR-
[AUTOPOS] Scanning for ANCHOR-*
[AUTOPOS] AUTOPOS apply mode: incremental
[AUTOPOS] AUTOPOS apply incremental: prev_master=F new_master=G
[AUTOPOS] Master discovery mode: CONN & START
[AUTOPOS] AUTOPOS wait anchor ready: uuid=840C68591E90019821AACFF1B73AAA34 reuse existing ready control link (discovery remains active)
[AUTOPOS] AUTOPOS state: STATE fw=alt-bcast-fixeda19-g1200-r1000 bs=BS928B uuid=840C68591E90019821AACFF1B73AAA34 label=F role=matrix cfg_valid=1 busy=1 pending_valid=1 schema=2 gen=0 reboot_required=0
[AUTOPOS] AUTOPOS state: STATE fw=alt-bcast-fixeda19-g1200-r1000 bs=BS928B uuid=840C68591E90019821AACFF1B73AAA34 label=F role=matrix cfg_valid=1 busy=1 pending_valid=1 schema=2 gen=0 reboot_required=0
[AUTOPOS] AUTOPOS anchor F already active role=matrix cfg_valid=1; keeping current config
[AUTOPOS] AUTOPOS anchor F role verified
[AUTOPOS] Master discovery mode: CONN & START
[AUTOPOS] AUTOPOS wait anchor ready: uuid=B3087BC3D87CCCD316AEDC6B71D6677F reuse existing ready control link (discovery remains active)
[AUTOPOS] AUTOPOS state: STATE fw=alt-bcast-fixeda19-g1200-r1000 bs=BSEC88 uuid=B3087BC3D87CCCD316AEDC6B71D6677F label=G role=matrix cfg_valid=1 busy=1 pending_valid=1 schema=2 gen=3 reboot_required=0
[AUTOPOS] AUTOPOS state: STATE fw=alt-bcast-fixeda19-g1200-r1000 bs=BSEC88 uuid=B3087BC3D87CCCD316AEDC6B71D6677F label=G role=matrix cfg_valid=1 busy=1 pending_valid=1 schema=2 gen=3 reboot_required=0
[AUTOPOS] BLE cmd skip[0]: target mismatch kind=anchor target_name=- target_uuid=B3087BC3D87CCCD316AEDC6B71D6677F peer_name=- peer_bs=- peer_uuid=B2B5FA625534A8C617135DCAFC9E036A link=anchor-ctrl ready=1
[AUTOPOS] BLE cmd skip[1]: target mismatch kind=anchor target_name=- target_uuid=B3087BC3D87CCCD316AEDC6B71D6677F peer_name=- peer_bs=- peer_uuid=A892AF05DD59CF0D0D3408AD74F364A1 link=anchor-ctrl ready=1
[AUTOPOS] BLE cmd skip[2]: target mismatch kind=anchor target_name=- target_uuid=B3087BC3D87CCCD316AEDC6B71D6677F peer_name=- peer_bs=- peer_uuid=F3BB7A04104F9CB8561DDDACB9E53714 link=anchor-ctrl ready=1
[AUTOPOS] BLE cmd skip[3]: target mismatch kind=anchor target_name=- target_uuid=B3087BC3D87CCCD316AEDC6B71D6677F peer_name=- peer_bs=- peer_uuid=CEE5A7EFCB35F8A56B430047629F5309 link=anchor-ctrl ready=1
[AUTOPOS] BLE cmd skip[4]: target mismatch kind=anchor target_name=- target_uuid=B3087BC3D87CCCD316AEDC6B71D6677F peer_name=- peer_bs=- peer_uuid=840C68591E90019821AACFF1B73AAA34 link=anchor-ctrl ready=1
[AUTOPOS] BLE cmd skip[5]: target mismatch kind=anchor target_name=- target_uuid=B3087BC3D87CCCD316AEDC6B71D6677F peer_name=- peer_bs=- peer_uuid=B9179575C776C98F1CB132DD6EDC6223 link=anchor-ctrl ready=1
[AUTOPOS] BLE cmd skip[6]: target mismatch kind=anchor target_name=- target_uuid=B3087BC3D87CCCD316AEDC6B71D6677F peer_name=- peer_bs=- peer_uuid=B1E487C2B1FD740D1442206A1857DFA1 link=anchor-ctrl ready=1
[AUTOPOS] BLE cmd skip[7]: target mismatch kind=anchor target_name=- target_uuid=B3087BC3D87CCCD316AEDC6B71D6677F peer_name=- peer_bs=- peer_uuid=CF12E703AC1A118F6AB440AB05B0BA23 link=anchor-ctrl ready=1
[AUTOPOS] Anchor ctrl sent[8]: RUNTIME MASTER SWEEP 110 CIR=0 uuid=B3087BC3D87CCCD316AEDC6B71D6677F
[AUTOPOS] ANCHOR_CTRL[8] notify: OK RUNTIME_SWITCH_REQUESTED SWEEP=110
[AUTOPOS] AUTOPOS result: OK RUNTIME_SWITCH_REQUESTED SWEEP=110
[AUTOPOS] SW-G warmup discard 1/10 minq=100
[AUTOPOS] SW-G warmup discard 2/10 minq=100
[AUTOPOS] AUTOPOS state: STATE fw=alt-bcast-fixeda19-g1200-r1000 bs=BSEC88 uuid=B3087BC3D87CCCD316AEDC6B71D6677F label=G role=master cfg_valid=1 busy=1 pending_valid=1 schema=2 gen=3 reboot_required=0
[AUTOPOS] AUTOPOS anchor G role verified
[AUTOPOS] AUTOPOS apply success: master=G
[AUTOPOS] AUTOPOS finite sweep handoff: master=G sets=110; host waits for SWEEP_DONE
[AUTOPOS] SW-G warmup discard 3/10 minq=66
[AUTOPOS] SW-G warmup discard 4/10 minq=75
[AUTOPOS] SW-G warmup discard 5/10 minq=80
[AUTOPOS] SW-G warmup discard 6/10 minq=80
[AUTOPOS] SW-G warmup discard 7/10 minq=71
[AUTOPOS] SW-G warmup discard 8/10 minq=75
[AUTOPOS] SW-G warmup discard 9/10 minq=77
[AUTOPOS] SW-G warmup discard 10/10 minq=80
[AUTOPOS] SW-G,A,5439,100,B,3639,100,C,1785,100,D,4477,100,E,5263,100,F,3168,100,H,4069,81
[AUTOPOS] SW-G,A,5412,100,B,3595,100,C,1779,100,D,4442,100,E,5325,100,F,3211,100,H,4033,83
[AUTOPOS] SW-G,A,5358,100,B,3588,100,C,1785,100,D,4421,100,E,5374,100,F,3198,100,H,4065,84
[AUTOPOS] SW-G,A,5466,100,B,3608,100,C,1788,100,D,4417,100,E,5310,100,F,3190,100,H,4082,85
[AUTOPOS] MSTAT peer=0 name=BS???? conn=1 ready=1 pkts=0 bytes=0 last_len=0 print_drops=0
[AUTOPOS] MSTAT peer=1 name=BS???? conn=1 ready=1 pkts=0 bytes=0 last_len=0 print_drops=0
[AUTOPOS] MSTAT peer=2 name=BS???? conn=1 ready=1 pkts=0 bytes=0 last_len=0 print_drops=0
[AUTOPOS] MSTAT peer=3 name=BS???? conn=1 ready=1 pkts=0 bytes=0 last_len=0 print_drops=0
[AUTOPOS] MSTAT peer=4 name=BS???? conn=1 ready=1 pkts=0 bytes=0 last_len=0 print_drops=0
[AUTOPOS] MSTAT peer=5 name=BS???? conn=1 ready=1 pkts=0 bytes=0 last_len=0 print_drops=0
[AUTOPOS] MSTAT peer=6 name=BS???? conn=1 ready=1 pkts=0 bytes=0 last_len=0 print_drops=0
[AUTOPOS] MSTAT peer=7 name=BS???? conn=1 ready=1 pkts=0 bytes=0 last_len=0 print_drops=0
[AUTOPOS] MSTAT peer=8 name=BS???? conn=1 ready=1 pkts=0 bytes=0 last_len=0 print_drops=0
[AUTOPOS] MCLK cal=-1 skips=-1 up_ms=165837
[AUTOPOS] SW-G,A,5436,100,B,3618,100,C,1777,100,D,4501,100,E,5277,100,F,3223,100,H,4082,85
[AUTOPOS] SW-G,A,5495,100,B,3587,100,C,1790,100,D,4473,100,E,5287,100,F,3182,100,H,4068,81
[AUTOPOS] SW-G,A,5488,100,B,3590,100,C,1773,100,D,4514,100,E,5244,100,F,3178,100,H,4036,82
[AUTOPOS] SW-G,A,5448,100,B,3598,100,C,1760,100,D,4479,100,E,5282,100,F,3233,100,H,4086,83
[AUTOPOS] SW-G,A,5409,100,B,3573,100,C,1793,100,D,4483,100,E,5313,100,F,3233,100,H,4062,84
[AUTOPOS] SW-G,A,5426,100,B,3626,100,C,1818,100,D,4488,100,E,5361,100,F,3187,95,H,4076,85
[AUTOPOS] SW-G,A,5466,100,B,3626,100,C,1766,100,D,4485,100,E,5380,100,F,3191,95,H,4115,85
[AUTOPOS] SW-G,A,5607,100,B,3564,100,C,1746,100,D,4499,100,E,5368,100,F,3208,95,H,4103,86
[AUTOPOS] SW-G,A,5619,100,B,3597,100,C,1753,100,D,4470,100,E,5320,100,F,3198,95,H,4042,86
[AUTOPOS] SW-G,A,5819,100,B,3583,100,C,1808,100,D,4486,100,E,5221,100,F,3157,95,H,3993,87
[AUTOPOS] SW-G,A,6252,100,B,3583,100,C,1749,100,D,4465,100,E,5289,100,F,3206,96,H,4075,88
[AUTOPOS] SW-G,A,5499,100,B,3729,100,C,1759,100,D,4465,100,E,5249,100,F,3132,96,H,4085,88
[AUTOPOS] SW-G,A,6081,100,B,3584,100,C,1788,100,D,4495,96,E,5255,100,F,3224,96,H,4041,88
[AUTOPOS] SW-G,A,5823,100,B,3611,100,C,1777,100,D,4506,96,E,5267,100,F,3209,96,H,4051,89
[AUTOPOS] SW-G,A,5598,100,B,3592,100,C,1800,100,D,4508,96,E,5238,100,F,3196,96,H,4076,89
[AUTOPOS] SW-G,A,5439,100,B,3591,100,C,1819,100,D,4498,96,E,5336,100,F,3188,96,H,4008,90
[AUTOPOS] SW-G,A,5441,100,B,3581,100,C,1813,100,D,4510,96,E,5326,100,F,3214,96,H,3980,90
[AUTOPOS] SW-G,A,5505,100,B,3667,100,C,1820,100,D,4521,96,E,5308,100,F,3215,96,H,4000,90
[AUTOPOS] SW-G,A,5437,100,B,3598,100,C,1778,100,D,4557,100,E,5339,100,F,3210,100,H,4000,90
[AUTOPOS] SW-G,A,5371,100,B,3618,100,C,1805,100,D,4543,100,E,5350,100,F,3183,100,H,4000,90
[AUTOPOS] SW-G,A,5388,100,B,3565,100,C,1789,100,D,4484,100,E,5324,100,F,3230,100,H,4055,84
[AUTOPOS] SW-G,A,5404,100,B,3592,100,C,1794,100,D,4471,100,E,5295,100,F,3163,100,H,4032,85
[AUTOPOS] SW-G,A,5385,100,B,3589,100,C,1804,100,D,4478,100,E,5348,100,F,3216,100,H,4054,85
[AUTOPOS] SW-G,A,5446,100,B,3643,100,C,1763,100,D,4465,100,E,5283,100,F,3220,100,H,4025,86
[AUTOPOS] SW-G,A,5458,100,B,3619,100,C,1868,100,D,4494,100,E,5283,100,F,3261,100,H,4089,86
[AUTOPOS] SW-G,A,5431,100,B,3721,100,C,1789,100,D,4483,100,E,5284,95,F,3225,100,H,4053,87
[AUTOPOS] SW-G,A,5404,100,B,3778,100,C,1782,100,D,4453,100,E,5262,96,F,3236,100,H,4089,88
[AUTOPOS] SW-G,A,5430,100,B,3728,100,C,1771,100,D,4492,100,E,5349,96,F,3230,100,H,4074,88
[AUTOPOS] SW-G,A,5426,100,B,3703,100,C,1740,100,D,4527,100,E,5293,96,F,3188,100,H,4008,88
[AUTOPOS] SW-G,A,5426,100,B,3442,100,C,1846,100,D,4471,100,E,5333,96,F,3240,100,H,4045,89
[AUTOPOS] SW-G,A,5436,96,B,3714,100,C,1850,100,D,4486,100,E,5285,96,F,3149,100,H,4088,89
[AUTOPOS] SW-G,A,5377,96,B,3560,100,C,1800,100,D,4482,100,E,5375,96,F,3201,100,H,4008,90
[AUTOPOS] SW-G,A,5412,96,B,3584,100,C,1791,100,D,4482,100,E,5293,96,F,3209,100,H,4098,90
[AUTOPOS] SW-G,A,5440,96,B,3569,100,C,1802,100,D,4441,96,E,5324,96,F,3208,100,H,4060,90
[AUTOPOS] SW-G,A,5449,100,B,3589,100,C,1806,100,D,4506,100,E,5278,100,F,3201,100,H,4019,94
[AUTOPOS] SW-G,A,5389,100,B,3613,100,C,1791,100,D,4496,100,E,5332,100,F,3192,100,H,4008,94
[AUTOPOS] SW-G,A,5382,100,B,3560,100,C,1845,100,D,4520,100,E,5289,100,F,3200,100,H,4042,94
[AUTOPOS] SW-G,A,5443,100,B,3622,100,C,1803,100,D,4449,100,E,5317,100,F,3207,100,H,4078,95
[AUTOPOS] SW-G,A,5418,100,B,3581,100,C,1808,100,D,4483,100,E,5381,100,F,3157,100,H,4046,95
[AUTOPOS] SW-G,A,5428,100,B,3557,100,C,1766,100,D,4473,100,E,5322,100,F,3228,100,H,4024,95
[AUTOPOS] SW-G,A,5426,100,B,3569,100,C,1784,100,D,4497,100,E,5314,100,F,3204,100,H,4034,95
[AUTOPOS] SW-G,A,5430,100,B,3595,100,C,1804,100,D,4514,100,E,5278,100,F,3227,100,H,4074,95
[AUTOPOS] SW-G,A,5457,100,B,3628,100,C,1822,100,D,4485,100,E,5340,100,F,3213,100,H,4068,96
[AUTOPOS] SW-G,A,5427,100,B,3604,100,C,1789,100,D,4481,100,E,5297,100,F,3179,100,H,3998,96
[AUTOPOS] SW-G,A,5455,100,B,3576,100,C,1803,100,D,4454,100,E,5327,100,F,3206,100,H,4061,96
[AUTOPOS] SW-G,A,5392,100,B,3569,100,C,1779,100,D,4515,100,E,5327,100,F,3210,100,H,4087,96
[AUTOPOS] SW-G,A,5422,100,B,3590,100,C,1810,100,D,4464,100,E,5272,96,F,3212,100,H,4055,96
[AUTOPOS] SW-G,A,5429,100,B,3600,100,C,1817,100,D,4468,100,E,5305,96,F,3185,100,H,4088,96
[AUTOPOS] SW-G,A,5449,100,B,3648,100,C,1808,100,D,4479,100,E,5330,96,F,3207,100,H,4108,96
[AUTOPOS] SW-G,A,5416,100,B,3534,100,C,1787,100,D,4499,100,E,5278,96,F,3218,100,H,4030,96
[AUTOPOS] SW-G,A,5416,100,B,3664,100,C,1813,100,D,4498,100,E,5302,100,F,3182,100,H,4012,100
[AUTOPOS] SW-G,A,5440,94,B,3568,100,C,1813,100,D,4455,100,E,5289,100,F,3184,100,H,4014,100
[AUTOPOS] SW-G,A,5441,94,B,3565,100,C,1757,100,D,4470,100,E,5330,100,F,3237,100,H,3971,100
[AUTOPOS] SW-G,A,5437,95,B,3591,100,C,1805,100,D,4474,100,E,5286,100,F,3208,100,H,4057,100
[AUTOPOS] SW-G,A,5449,95,B,3609,100,C,1793,100,D,4502,100,E,5292,100,F,3241,100,H,4061,100
[AUTOPOS] SW-G,A,5456,95,B,3582,100,C,1761,100,D,4499,100,E,5272,100,F,3220,100,H,4017,100
[AUTOPOS] SW-G,A,5415,95,B,3622,100,C,1797,100,D,4481,100,E,5295,100,F,3171,100,H,4086,100
[AUTOPOS] SW-G,A,5392,95,B,3537,100,C,1776,100,D,4459,100,E,5276,100,F,3224,100,H,4097,100
[AUTOPOS] MSTAT peer=0 name=BS???? conn=1 ready=1 pkts=0 bytes=0 last_len=0 print_drops=0
[AUTOPOS] MSTAT peer=1 name=BS???? conn=1 ready=1 pkts=0 bytes=0 last_len=0 print_drops=0
[AUTOPOS] MSTAT peer=2 name=BS???? conn=1 ready=1 pkts=0 bytes=0 last_len=0 print_drops=0
[AUTOPOS] MSTAT peer=3 name=BS???? conn=1 ready=1 pkts=0 bytes=0 last_len=0 print_drops=0
[AUTOPOS] MSTAT peer=4 name=BS???? conn=1 ready=1 pkts=0 bytes=0 last_len=0 print_drops=0
[AUTOPOS] MSTAT peer=5 name=BS???? conn=1 ready=1 pkts=0 bytes=0 last_len=0 print_drops=0
[AUTOPOS] MSTAT peer=6 name=BS???? conn=1 ready=1 pkts=0 bytes=0 last_len=0 print_drops=0
[AUTOPOS] MSTAT peer=7 name=BS???? conn=1 ready=1 pkts=0 bytes=0 last_len=0 print_drops=0
[AUTOPOS] MSTAT peer=8 name=BS???? conn=1 ready=1 pkts=0 bytes=0 last_len=0 print_drops=0
[AUTOPOS] MCLK cal=-1 skips=-1 up_ms=170841
[AUTOPOS] SW-G,A,5441,96,B,3560,100,C,1784,100,D,4505,100,E,5306,100,F,3242,100,H,4019,100
[AUTOPOS] SW-G,A,5450,96,B,3635,100,C,1786,100,D,4433,100,E,5298,100,F,3189,100,H,4006,100
[AUTOPOS] SW-G,A,5418,96,B,3605,100,C,1775,100,D,4490,100,E,5323,100,F,3189,100,H,4056,100
[AUTOPOS] SW-G,A,5452,96,B,3572,100,C,1781,100,D,4464,100,E,5336,100,F,3204,96,H,4083,100
[AUTOPOS] SW-G,A,5400,96,B,3577,100,C,1821,100,D,4449,100,E,5297,100,F,3215,96,H,4047,100
[AUTOPOS] SW-G,A,5400,96,B,3650,100,C,1779,100,D,4485,100,E,5274,100,F,3209,96,H,4043,100
[AUTOPOS] SW-G,A,5435,96,B,3570,100,C,1777,100,D,4463,100,E,5321,100,F,3241,96,H,4024,100
[AUTOPOS] SW-G,A,5433,96,B,3647,100,C,1788,100,D,4472,100,E,5333,100,F,3221,96,H,4045,100
[AUTOPOS] SW-G,A,5438,100,B,3624,100,C,1820,100,D,4478,100,E,5333,100,F,3220,100,H,4015,100
[AUTOPOS] SW-G,A,5440,100,B,3611,100,C,1756,100,D,4476,100,E,5279,94,F,3216,100,H,3982,100
[AUTOPOS] SW-G,A,5434,100,B,3597,100,C,1818,100,D,4486,100,E,5296,94,F,3207,100,H,4008,100
[AUTOPOS] SW-G,A,5421,100,B,3635,100,C,1787,100,D,4480,100,E,5278,95,F,3174,100,H,4008,100
[AUTOPOS] SW-G,A,5412,100,B,3608,100,C,1798,100,D,4485,100,E,5328,95,F,3219,100,H,4036,95
[AUTOPOS] SW-G,A,5452,100,B,3607,100,C,1786,100,D,4488,100,E,5352,95,F,3205,100,H,4059,95
[AUTOPOS] SW-G,A,5438,100,B,3639,100,C,1844,100,D,4495,100,E,5314,95,F,3245,100,H,4053,95
[AUTOPOS] SW-G,A,5430,100,B,3657,100,C,1762,100,D,4438,100,E,5293,95,F,3217,100,H,4077,95
[AUTOPOS] SW-G,A,5441,100,B,3571,100,C,1816,100,D,4472,100,E,5300,96,F,3186,100,H,4002,96
[AUTOPOS] SW-G,A,5344,100,B,3586,100,C,1812,100,D,4482,100,E,5274,96,F,3227,100,H,4079,96
[AUTOPOS] SW-G,A,5442,100,B,3613,100,C,1801,100,D,4505,100,E,5289,96,F,3214,100,H,3993,96
[AUTOPOS] SW-G,A,5461,100,B,3614,100,C,1795,100,D,4481,100,E,5265,96,F,3177,100,H,4050,96
[AUTOPOS] SW-G,A,5461,100,B,3640,100,C,1750,100,D,4483,100,E,5310,96,F,3204,100,H,4028,96
[AUTOPOS] SW-G,A,5413,96,B,3640,100,C,1774,100,D,4480,100,E,5274,96,F,3179,100,H,4095,96
[AUTOPOS] SW-G,A,5427,96,B,3581,96,C,1790,100,D,4427,100,E,5314,96,F,3164,100,H,4066,96
[AUTOPOS] SW-G,A,5411,96,B,3615,96,C,1807,100,D,4454,100,E,5313,96,F,3164,100,H,4026,96
[AUTOPOS] SW-G,A,5390,100,B,3573,100,C,1792,100,D,4483,100,E,5262,100,F,3216,100,H,3973,100
[AUTOPOS] SW-G,A,5444,100,B,3626,100,C,1792,100,D,4497,100,E,5272,100,F,3225,100,H,4045,100
[AUTOPOS] SW-G,A,5407,100,B,3565,100,C,1785,100,D,4474,100,E,5329,100,F,3225,100,H,4085,100
[AUTOPOS] SW-G,A,5472,100,B,3591,100,C,1788,100,D,4458,100,E,5315,100,F,3206,100,H,4047,100
[AUTOPOS] SW-G,A,5448,100,B,3564,100,C,1802,100,D,4488,100,E,5294,100,F,3233,100,H,4063,100
[AUTOPOS] SW-G,A,5403,100,B,3608,100,C,1779,100,D,4464,100,E,5288,100,F,3208,100,H,4077,100
[AUTOPOS] SW-G,A,5444,100,B,3621,100,C,1785,100,D,4492,100,E,5265,100,F,3190,100,H,4000,100
[AUTOPOS] SW-G,A,5457,100,B,3679,100,C,1789,100,D,4470,100,E,5272,100,F,3205,100,H,4076,100
[AUTOPOS] SW-G,A,5441,100,B,3651,100,C,1760,100,D,4510,100,E,5325,100,F,3244,100,H,4015,100
[AUTOPOS] SW-G,A,5457,100,B,3596,100,C,1785,100,D,4488,100,E,5274,100,F,3198,100,H,4025,100
[AUTOPOS] SW-G,A,5446,100,B,3553,100,C,1789,100,D,4468,100,E,5320,100,F,3179,100,H,4035,100
[AUTOPOS] SW-G,A,5395,100,B,3564,100,C,1782,100,D,4462,100,E,5263,100,F,3172,100,H,3586,100
[AUTOPOS] SW-G,A,5426,100,B,3594,100,C,1782,100,D,4456,100,E,5299,100,F,3175,100,H,4023,100
[AUTOPOS] SW-G,A,5436,100,B,3612,100,C,1788,96,D,4482,100,E,5318,100,F,3261,100,H,4030,100
[AUTOPOS] ANCHOR_CTRL[8] notify: SWEEP_DONE master=G sets=110 role=matrix
END=2026-07-10 14:04:36
