[CAPTURE] session_dir=/home/zekaixiao/Desktop/28052026_Erlangen_Official/captures/erlangen_20260528_optitrack/wand3_W03_BS9336_BS955A_BSCCF4_120s_20260528_142309/tag_capture_20260528_142309
[CAPTURE] raw_log=/home/zekaixiao/Desktop/28052026_Erlangen_Official/captures/erlangen_20260528_optitrack/wand3_W03_BS9336_BS955A_BSCCF4_120s_20260528_142309/tag_capture_20260528_142309/raw.log
[CAPTURE] plan: targets=BS9336,BS955A,BSCCF4 tr=10Hz duration=120s
[CAPTURE] open serial: /dev/serial/by-id/usb-Master_Tag_BioSpur_BLE_Control_6918E0384172A49F-if00
[CAPTURE] drain boot/runtime output
[HOST_CMD] status
[HOST_CMD] device show
[CAPTURE] configure: reuse Master_Tag resident links
[HOST_CMD] device kind tag
[HOST_CMD] device show
[HOST_CMD] ota_target token -1
[HOST_CMD] ota_target name -
[HOST_CMD] ota_target prefix BS
[HOST_CMD] ota_target uuid -
[CAPTURE] configure: targeted AOTA non-target tags=BSF66F,BS2DCE,BSDC91
[HOST_CMD] ota_target token -1
[HOST_CMD] ota_target name BSF66F
[HOST_CMD] ota_target prefix -
[HOST_CMD] ota_target uuid -
[HOST_CMD] cmd_all MODE AOTA
[HOST_CMD] ota_target token -1
[HOST_CMD] ota_target name BS2DCE
[HOST_CMD] ota_target prefix -
[HOST_CMD] ota_target uuid -
[HOST_CMD] cmd_all MODE AOTA
[HOST_CMD] ota_target token -1
[HOST_CMD] ota_target name BSDC91
[HOST_CMD] ota_target prefix -
[HOST_CMD] ota_target uuid -
[HOST_CMD] cmd_all MODE AOTA
[HOST_CMD] ota_target token -1
[HOST_CMD] ota_target name -
[HOST_CMD] ota_target prefix BS
[HOST_CMD] ota_target uuid -
[CAPTURE] configure: silence resident Tag links for enrollment after non-target AOTA (BSF66F,BS2DCE,BSDC91)
[HOST_CMD] tdma hold 1
[CAPTURE] configure: skip setup MODE AOTA; TDMA roster/hold controls admission
[CAPTURE] configure: reassert TDMA target roster
[HOST_CMD] tdma freq motion 10
[HOST_CMD] tdma roster BS9336 motion
[HOST_CMD] tdma roster BS955A motion
[HOST_CMD] tdma roster BSCCF4 motion
[HOST_CMD] ota_target token -1
[HOST_CMD] ota_target name -
[HOST_CMD] ota_target prefix BS
[HOST_CMD] ota_target uuid -
[HOST_CMD] conn
[CAPTURE] configure: wait for target links
[CAPTURE] link setup passive initial: wait up to 30s
[CAPTURE] link setup passive: ready=BSCCF4 (1/3)
[CAPTURE] link setup passive: ready=BSCCF4 (1/3)
[CAPTURE] link setup passive: ready=BSCCF4 (1/3)
[CAPTURE] link setup passive: ready=BSCCF4 (1/3)
[CAPTURE] link setup passive: ready=BSCCF4 (1/3)
[CAPTURE] link setup passive: ready=BSCCF4 (1/3)
[CAPTURE] link setup recovery pass 1/5: ready=1/3
[CAPTURE] link setup passive recovery1: wait up to 30s
[CAPTURE] link setup passive: ready=BSCCF4 (1/3)
[CAPTURE] link setup passive: all 3/3 ready; settle 8.0s before TDMA release
[CAPTURE] link setup passive: ready=BS9336,BS955A,BSCCF4 (3/3)
[HOST_CMD] ota_target token -1
[HOST_CMD] ota_target name -
[HOST_CMD] ota_target prefix BS
[HOST_CMD] ota_target uuid -
[CAPTURE] configure: release TDMA hold and verify TDMA CFG
[HOST_CMD] tdma hold 0
[CAPTURE] configure: TDMA CFG apply/check attempt 1/3
[HOST_CMD] tdma freq motion 10
[HOST_CMD] tdma roster BS9336 motion
[HOST_CMD] tdma roster BS955A motion
[HOST_CMD] tdma roster BSCCF4 motion
[HOST_CMD] tdma rebalance
[HOST_CMD] tdma show
[HOST_CMD] status
[HOST_CMD] device show
[CAPTURE] configure: TDMA CFG mismatch; retry BS955A:missing_actual_cfg_ok,missing_tdma_weighted
[CAPTURE] configure: refresh links and reassert roster before retry
[HOST_CMD] tdma hold 1
[HOST_CMD] ota_target token -1
[HOST_CMD] ota_target name -
[HOST_CMD] ota_target prefix BS
[HOST_CMD] ota_target uuid -
[HOST_CMD] conn
[CAPTURE] link setup passive initial: wait up to 30s
[CAPTURE] link setup passive: ready=BS9336 (1/3)
[CAPTURE] link setup passive: ready=BS9336 (1/3)
[CAPTURE] link setup passive: ready=BS9336 (1/3)
[CAPTURE] link setup passive: ready=BS9336 (1/3)
[CAPTURE] link setup passive: ready=BS9336 (1/3)
[CAPTURE] link setup passive: ready=BS9336 (1/3)
[CAPTURE] link setup recovery pass 1/5: ready=1/3
[CAPTURE] link setup passive recovery1: wait up to 30s
[CAPTURE] link setup passive: ready=BS9336 (1/3)
[CAPTURE] link setup passive: ready=BS9336 (1/3)
[CAPTURE] link setup passive: ready=BS9336 (1/3)
[CAPTURE] link setup passive: ready=BS9336 (1/3)
