PORT=/dev/serial/by-id/usb-BioSpur_BioSpur_BLE_Control_87EA2F4A526C5A02-if00
START=2026-06-02 22:53:25
MASTER=B
PRECHECK: BSxxxx tag quarantine disabled; master/matrix anchors ignore tag polls during sweep
PRECHECK: context session_autopos_ready=1 autopos_initialized=1
PRECHECK: reusing session AUTOPOS state from matrix guard
PRECHECK: reusing existing AUTOPOS map
>>> autopos cir full
[AUTOPOS] AUTOPOS cir mode set: FULL
>>> autopos round B 10
[AUTOPOS] AUTOPOS round staged: master=B sets=10
>>> autopos status
[AUTOPOS] AUTOPOS: mode=AUTOPOS state=staged staged=B last_success=A sets=10 cir=FULL error=-
>>> autopos apply
[AUTOPOS] AUTOPOS apply started
[AUTOPOS] RECV_BG gate: SUPPRESS reason=autopos_detach
[AUTOPOS] AUTOPOS detach skip STOP: finite master auto-returns to matrix sets=10
[AUTOPOS] RECV_BG gate: ALLOW reason=autopos_detach_done
[AUTOPOS] SCAN start req: bt_ready=1 scan_running=0 connecting_slot=-1 conn_count=8 target=anchor prefix=ANCHOR-
[AUTOPOS] Scanning for ANCHOR-*
[AUTOPOS] AUTOPOS apply mode: incremental
[AUTOPOS] AUTOPOS apply incremental: prev_master=A new_master=B
[AUTOPOS] Master discovery mode: CONN & START
[AUTOPOS] AUTOPOS wait anchor ready: uuid=F3BB7A04104F9CB8561DDDACB9E53714 reuse existing ready control link (discovery remains active)
[AUTOPOS] AUTOPOS state: STATE fw=anchor-cir-runtime-modes-202606 bs=BS1FFC uuid=F3BB7A04104F9CB8561DDDACB9E53714 label=A role=matrix cfg_valid=1 busy=1 pending_valid=1 schema=2 gen=1 reboot_required=0
[AUTOPOS] AUTOPOS state: STATE fw=anchor-cir-runtime-modes-202606 bs=BS1FFC uuid=F3BB7A04104F9CB8561DDDACB9E53714 label=A role=matrix cfg_valid=1 busy=1 pending_valid=1 schema=2 gen=1 reboot_required=0
[AUTOPOS] AUTOPOS anchor A already active role=matrix cfg_valid=1; keeping current config
[AUTOPOS] AUTOPOS anchor A role verified
[AUTOPOS] Master discovery mode: CONN & START
[AUTOPOS] AUTOPOS wait anchor ready: uuid=B9179575C776C98F1CB132DD6EDC6223 reuse existing ready control link (discovery remains active)
[AUTOPOS] AUTOPOS state: STATE fw=anchor-cir-runtime-modes-202606 bs=BS592A uuid=B9179575C776C98F1CB132DD6EDC6223 label=B role=matrix cfg_valid=1 busy=1 pending_valid=1 schema=2 gen=3 reboot_required=0
[AUTOPOS] AUTOPOS state: STATE fw=anchor-cir-runtime-modes-202606 bs=BS592A uuid=B9179575C776C98F1CB132DD6EDC6223 label=B role=matrix cfg_valid=1 busy=1 pending_valid=1 schema=2 gen=3 reboot_required=0
[AUTOPOS] BLE cmd skip[0]: target mismatch kind=anchor target_name=- target_uuid=B9179575C776C98F1CB132DD6EDC6223 peer_name=- peer_bs=- peer_uuid=B1E487C2B1FD740D1442206A1857DFA1 link=anchor-ctrl ready=1
[AUTOPOS] BLE cmd skip[1]: target mismatch kind=anchor target_name=- target_uuid=B9179575C776C98F1CB132DD6EDC6223 peer_name=- peer_bs=- peer_uuid=A892AF05DD59CF0D0D3408AD74F364A1 link=anchor-ctrl ready=1
[AUTOPOS] BLE cmd skip[2]: target mismatch kind=anchor target_name=- target_uuid=B9179575C776C98F1CB132DD6EDC6223 peer_name=- peer_bs=- peer_uuid=CEE5A7EFCB35F8A56B430047629F5309 link=anchor-ctrl ready=1
[AUTOPOS] BLE cmd skip[3]: target mismatch kind=anchor target_name=- target_uuid=B9179575C776C98F1CB132DD6EDC6223 peer_name=- peer_bs=- peer_uuid=B3087BC3D87CCCD316AEDC6B71D6677F link=anchor-ctrl ready=1
[AUTOPOS] BLE cmd skip[4]: target mismatch kind=anchor target_name=- target_uuid=B9179575C776C98F1CB132DD6EDC6223 peer_name=- peer_bs=- peer_uuid=840C68591E90019821AACFF1B73AAA34 link=anchor-ctrl ready=1
[AUTOPOS] BLE cmd skip[5]: target mismatch kind=anchor target_name=- target_uuid=B9179575C776C98F1CB132DD6EDC6223 peer_name=- peer_bs=- peer_uuid=F3BB7A04104F9CB8561DDDACB9E53714 link=anchor-ctrl ready=1
[AUTOPOS] Anchor ctrl sent[6]: RUNTIME MASTER SWEEP 10 CIR=FULL uuid=B9179575C776C98F1CB132DD6EDC6223
[AUTOPOS] BLE cmd skip[7]: target mismatch kind=anchor target_name=- target_uuid=B9179575C776C98F1CB132DD6EDC6223 peer_name=- peer_bs=- peer_uuid=B2B5FA625534A8C617135DCAFC9E036A link=anchor-ctrl ready=1
[AUTOPOS] ANCHOR_CTRL[6] notify: OK RUNTIME_SWITCH_REQUESTED SWEEP=10
[AUTOPOS] AUTOPOS result: OK RUNTIME_SWITCH_REQUESTED SWEEP=10
[AUTOPOS] AUTOPOS state: STATE fw=anchor-cir-runtime-modes-202606 bs=BS592A uuid=B9179575C776C98F1CB132DD6EDC6223 label=B role=master cfg_valid=1 busy=1 pending_valid=1 schema=2 gen=3 reboot_required=0
[AUTOPOS] AUTOPOS anchor B role verified
[AUTOPOS] AUTOPOS apply success: master=B
[AUTOPOS] AUTOPOS finite sweep handoff: master=B sets=10; host waits for SWEEP_DONE
[AUTOPOS] SW-B,A,4749,100,C,0,0,D,5677,100,E,4567,100,F,1525,100,G,3678,100,H,5429,100
[AUTOPOS] SW-B,A,4678,100,C,3502,100,D,5677,100,E,4580,100,F,1593,100,G,3666,100,H,5477,100
[AUTOPOS] SW-B,A,4731,100,C,3408,100,D,5611,66,E,4550,100,F,1523,100,G,3666,100,H,5412,100
[AUTOPOS] SW-B,A,4731,100,C,3344,100,D,5611,66,E,4496,100,F,1523,100,G,3666,100,H,5398,100
[AUTOPOS] SW-B,A,4666,80,C,3311,100,D,5654,60,E,4499,100,F,1523,100,G,3630,60,H,5444,100
[AUTOPOS] SW-B,A,4735,83,C,3333,100,D,5652,66,E,4493,100,F,1479,83,G,3646,66,H,5457,100
[AUTOPOS] SW-B,A,4735,83,C,3487,100,D,5615,71,E,4493,100,F,1489,85,G,3660,71,H,5457,100
[AUTOPOS] SW-B,A,4716,75,C,3450,100,D,5615,71,E,4544,87,F,1489,85,G,3654,75,H,5457,100
[AUTOPOS] SW-B,A,4697,77,C,3468,100,D,5600,66,E,4451,88,F,1501,77,G,3633,77,H,5406,88
[AUTOPOS] SW-B,A,4741,80,C,3398,100,D,5613,70,E,4531,90,F,1476,80,G,3584,80,H,5395,90
[AUTOPOS] ANCHOR_CTRL[6] notify: SWEEP_DONE master=B sets=10 role=matrix
END=2026-06-02 22:54:27
