PORT=/dev/serial/by-id/usb-BioSpur_BioSpur_BLE_Control_6918E0384172A49F-if00
START=2026-04-26 12:29:12
VERIFY: prepare AUTOPOS control plane for all-responder runtime verification
VERIFY: prepare anchor target before AUTOPOS preflight
>>> status
[AUTOPOS] Control status: mode=AUTOPOS pending=0
>>> device show
[AUTOPOS] System target: kind=unknown caps=0x08 (config=0 ota=0 stream=0 status=1)
OTA target filter: token=-1 name=- prefix=BS uuid=-
>>> device kind anchor
OTA NUS stage: disabled
[AUTOPOS] One-shot NUS command cleared (runtime)
[AUTOPOS] Mode switch preflight: disconnect requests=0
[AUTOPOS] device kind set: anchor (OTA target defaults reset)
[AUTOPOS] System target: kind=anchor caps=0x0b (config=1 ota=1 stream=0 status=1)
OTA target filter: token=-1 name=- prefix=BS uuid=-
VERIFY: enter AUTOPOS attempt=1/3
>>> status
[AUTOPOS] Control status: mode=AUTOPOS pending=0
VERIFY: AUTOPOS anchor control plane already active
>>> autopos map A 4DC6B8187E33803AE8601FB0D7992B96
[AUTOPOS] AUTOPOS map set: A=4DC6B8187E33803AE8601FB0D7992B96
>>> autopos map B B9179575C776C98F1CB132DD6EDC6223
[AUTOPOS] AUTOPOS map set: B=B9179575C776C98F1CB132DD6EDC6223
>>> autopos map C CEE5A7EFCB35F8A56B430047629F5309
[AUTOPOS] AUTOPOS map set: C=CEE5A7EFCB35F8A56B430047629F5309
>>> autopos map D AB14CCA262A092E70EB26B0ACB0A394B
[AUTOPOS] AUTOPOS map set: D=AB14CCA262A092E70EB26B0ACB0A394B
>>> autopos map E A892AF05DD59CF0D0D3408AD74F364A1
[AUTOPOS] AUTOPOS map set: E=A892AF05DD59CF0D0D3408AD74F364A1
>>> autopos map F 840C68591E90019821AACFF1B73AAA34
[AUTOPOS] AUTOPOS map set: F=840C68591E90019821AACFF1B73AAA34
>>> autopos map G B3087BC3D87CCCD316AEDC6B71D6677F
[AUTOPOS] AUTOPOS map set: G=B3087BC3D87CCCD316AEDC6B71D6677F
>>> autopos map H 1EABFBEC28B8053FBB0D5C448112AE93
[AUTOPOS] AUTOPOS map set: H=1EABFBEC28B8053FBB0D5C448112AE93
VERIFY: start anchor discovery/control links
>>> conn
[AUTOPOS] Master discovery mode: CONN & START
[AUTOPOS] SCAN start req: bt_ready=1 scan_running=0 connecting_slot=-1 conn_count=0 target=anchor prefix=ANCHOR-
[AUTOPOS] Scanning for ANCHOR-*
[AUTOPOS] SCAN hit: FD:64:2E:93:37:86 (random) rssi=-67 name=- bs=- uuid=CEE5A7EFCB35F8A56B430047629F5309 target=anchor uuid_ok=1 tag_name=0 anchor_name=0 nus=0 dfu=0 token=0 props=0x03
[AUTOPOS] CONNECT queue[0]: addr=FD:64:2E:93:37:86 (random) link=anchor-ctrl uuid=CEE5A7EFCB35F8A56B430047629F5309 target=anchor
[AUTOPOS] SCAN hit: E9:CB:F3:C4:51:43 (random) rssi=-65 name=- bs=- uuid=840C68591E90019821AACFF1B73AAA34 target=anchor uuid_ok=1 tag_name=0 anchor_name=0 nus=0 dfu=0 token=0 props=0x03
[AUTOPOS] SCAN hit: F1:B3:DF:83:B1:C9 (random) rssi=-60 name=- bs=- uuid=AB14CCA262A092E70EB26B0ACB0A394B target=anchor uuid_ok=1 tag_name=0 anchor_name=0 nus=0 dfu=0 token=0 props=0x03
[AUTOPOS] SCAN hit: EC:9F:55:9D:7E:A1 (random) rssi=-66 name=- bs=- uuid=B3087BC3D87CCCD316AEDC6B71D6677F target=anchor uuid_ok=1 tag_name=0 anchor_name=0 nus=0 dfu=0 token=0 props=0x03
[AUTOPOS] SCAN hit: F2:B7:4E:8A:79:01 (random) rssi=-56 name=- bs=- uuid=4DC6B8187E33803AE8601FB0D7992B96 target=anchor uuid_ok=1 tag_name=0 anchor_name=0 nus=0 dfu=0 token=0 props=0x03
[AUTOPOS] SCAN hit: F1:B3:DF:83:B1:C9 (random) rssi=-61 name=- bs=- uuid=AB14CCA262A092E70EB26B0ACB0A394B target=anchor uuid_ok=1 tag_name=0 anchor_name=0 nus=0 dfu=0 token=0 props=0x03
[AUTOPOS] SCAN hit: EC:9F:55:9D:7E:A1 (random) rssi=-79 name=- bs=- uuid=B3087BC3D87CCCD316AEDC6B71D6677F target=anchor uuid_ok=1 tag_name=0 anchor_name=0 nus=0 dfu=0 token=0 props=0x03
[AUTOPOS] SCAN hit: F2:B7:4E:8A:79:01 (random) rssi=-55 name=- bs=- uuid=4DC6B8187E33803AE8601FB0D7992B96 target=anchor uuid_ok=1 tag_name=0 anchor_name=0 nus=0 dfu=0 token=0 props=0x03
[AUTOPOS] SCAN hit: C0:1D:D1:D0:CE:B0 (random) rssi=-66 name=- bs=- uuid=B9179575C776C98F1CB132DD6EDC6223 target=anchor uuid_ok=1 tag_name=0 anchor_name=0 nus=0 dfu=0 token=0 props=0x03
[AUTOPOS] SCAN hit: D9:C7:9C:16:71:C9 (random) rssi=-58 name=- bs=- uuid=A892AF05DD59CF0D0D3408AD74F364A1 target=anchor uuid_ok=1 tag_name=0 anchor_name=0 nus=0 dfu=0 token=0 props=0x03
[AUTOPOS] SCAN hit: C0:1D:D1:D0:CE:B0 (random) rssi=-60 name=- bs=- uuid=B9179575C776C98F1CB132DD6EDC6223 target=anchor uuid_ok=1 tag_name=0 anchor_name=0 nus=0 dfu=0 token=0 props=0x03
[AUTOPOS] SCAN hit: E3:77:2C:61:AA:19 (random) rssi=-72 name=- bs=- uuid=1EABFBEC28B8053FBB0D5C448112AE93 target=anchor uuid_ok=1 tag_name=0 anchor_name=0 nus=0 dfu=0 token=0 props=0x03
[AUTOPOS] SCAN hit: E9:CB:F3:C4:51:43 (random) rssi=-61 name=- bs=- uuid=840C68591E90019821AACFF1B73AAA34 target=anchor uuid_ok=1 tag_name=0 anchor_name=0 nus=0 dfu=0 token=0 props=0x03
[AUTOPOS] SCAN hit: D9:C7:9C:16:71:C9 (random) rssi=-57 name=- bs=- uuid=A892AF05DD59CF0D0D3408AD74F364A1 target=anchor uuid_ok=1 tag_name=0 anchor_name=0 nus=0 dfu=0 token=0 props=0x03
[AUTOPOS] SCAN hit: F1:B3:DF:83:B1:C9 (random) rssi=-65 name=- bs=- uuid=AB14CCA262A092E70EB26B0ACB0A394B target=anchor uuid_ok=1 tag_name=0 anchor_name=0 nus=0 dfu=0 token=0 props=0x03
[AUTOPOS] SCAN hit: EC:9F:55:9D:7E:A1 (random) rssi=-67 name=- bs=- uuid=B3087BC3D87CCCD316AEDC6B71D6677F target=anchor uuid_ok=1 tag_name=0 anchor_name=0 nus=0 dfu=0 token=0 props=0x03
[AUTOPOS] SCAN hit: F2:B7:4E:8A:79:01 (random) rssi=-56 name=- bs=- uuid=4DC6B8187E33803AE8601FB0D7992B96 target=anchor uuid_ok=1 tag_name=0 anchor_name=0 nus=0 dfu=0 token=0 props=0x03
[AUTOPOS] SCAN hit: F1:B3:DF:83:B1:C9 (random) rssi=-61 name=- bs=- uuid=AB14CCA262A092E70EB26B0ACB0A394B target=anchor uuid_ok=1 tag_name=0 anchor_name=0 nus=0 dfu=0 token=0 props=0x03
[AUTOPOS] SCAN hit: F2:B7:4E:8A:79:01 (random) rssi=-56 name=- bs=- uuid=4DC6B8187E33803AE8601FB0D7992B96 target=anchor uuid_ok=1 tag_name=0 anchor_name=0 nus=0 dfu=0 token=0 props=0x03
[AUTOPOS] SCAN hit: C0:1D:D1:D0:CE:B0 (random) rssi=-62 name=- bs=- uuid=B9179575C776C98F1CB132DD6EDC6223 target=anchor uuid_ok=1 tag_name=0 anchor_name=0 nus=0 dfu=0 token=0 props=0x03
[AUTOPOS] SCAN hit: E9:CB:F3:C4:51:43 (random) rssi=-60 name=- bs=- uuid=840C68591E90019821AACFF1B73AAA34 target=anchor uuid_ok=1 tag_name=0 anchor_name=0 nus=0 dfu=0 token=0 props=0x03
[AUTOPOS] SCAN hit: E9:CB:F3:C4:51:43 (random) rssi=-65 name=- bs=- uuid=840C68591E90019821AACFF1B73AAA34 target=anchor uuid_ok=1 tag_name=0 anchor_name=0 nus=0 dfu=0 token=0 props=0x03
[AUTOPOS] SCAN hit: E3:77:2C:61:AA:19 (random) rssi=-71 name=- bs=- uuid=1EABFBEC28B8053FBB0D5C448112AE93 target=anchor uuid_ok=1 tag_name=0 anchor_name=0 nus=0 dfu=0 token=0 props=0x03
[AUTOPOS] SCAN hit: F2:B7:4E:8A:79:01 (random) rssi=-56 name=- bs=- uuid=4DC6B8187E33803AE8601FB0D7992B96 target=anchor uuid_ok=1 tag_name=0 anchor_name=0 nus=0 dfu=0 token=0 props=0x03
[AUTOPOS] SCAN hit: EC:9F:55:9D:7E:A1 (random) rssi=-66 name=- bs=- uuid=B3087BC3D87CCCD316AEDC6B71D6677F target=anchor uuid_ok=1 tag_name=0 anchor_name=0 nus=0 dfu=0 token=0 props=0x03
[AUTOPOS] SCAN hit: F1:B3:DF:83:B1:C9 (random) rssi=-60 name=- bs=- uuid=AB14CCA262A092E70EB26B0ACB0A394B target=anchor uuid_ok=1 tag_name=0 anchor_name=0 nus=0 dfu=0 token=0 props=0x03
[AUTOPOS] SCAN hit: F2:B7:4E:8A:79:01 (random) rssi=-55 name=- bs=- uuid=4DC6B8187E33803AE8601FB0D7992B96 target=anchor uuid_ok=1 tag_name=0 anchor_name=0 nus=0 dfu=0 token=0 props=0x03
[AUTOPOS] SCAN hit: EC:9F:55:9D:7E:A1 (random) rssi=-80 name=- bs=- uuid=B3087BC3D87CCCD316AEDC6B71D6677F target=anchor uuid_ok=1 tag_name=0 anchor_name=0 nus=0 dfu=0 token=0 props=0x03
[AUTOPOS] SCAN hit: F1:B3:DF:83:B1:C9 (random) rssi=-65 name=- bs=- uuid=AB14CCA262A092E70EB26B0ACB0A394B target=anchor uuid_ok=1 tag_name=0 anchor_name=0 nus=0 dfu=0 token=0 props=0x03
[AUTOPOS] SCAN hit: D9:C7:9C:16:71:C9 (random) rssi=-58 name=- bs=- uuid=A892AF05DD59CF0D0D3408AD74F364A1 target=anchor uuid_ok=1 tag_name=0 anchor_name=0 nus=0 dfu=0 token=0 props=0x03
[AUTOPOS] SCAN hit: E9:CB:F3:C4:51:43 (random) rssi=-61 name=- bs=- uuid=840C68591E90019821AACFF1B73AAA34 target=anchor uuid_ok=1 tag_name=0 anchor_name=0 nus=0 dfu=0 token=0 props=0x03
[AUTOPOS] SCAN hit: C0:1D:D1:D0:CE:B0 (random) rssi=-59 name=- bs=- uuid=B9179575C776C98F1CB132DD6EDC6223 target=anchor uuid_ok=1 tag_name=0 anchor_name=0 nus=0 dfu=0 token=0 props=0x03
[AUTOPOS] SCAN hit: E3:77:2C:61:AA:19 (random) rssi=-71 name=- bs=- uuid=1EABFBEC28B8053FBB0D5C448112AE93 target=anchor uuid_ok=1 tag_name=0 anchor_name=0 nus=0 dfu=0 token=0 props=0x03
[AUTOPOS] SCAN hit: D9:C7:9C:16:71:C9 (random) rssi=-57 name=- bs=- uuid=A892AF05DD59CF0D0D3408AD74F364A1 target=anchor uuid_ok=1 tag_name=0 anchor_name=0 nus=0 dfu=0 token=0 props=0x03
[AUTOPOS] SCAN hit: E9:CB:F3:C4:51:43 (random) rssi=-60 name=- bs=- uuid=840C68591E90019821AACFF1B73AAA34 target=anchor uuid_ok=1 tag_name=0 anchor_name=0 nus=0 dfu=0 token=0 props=0x03
[AUTOPOS] SCAN hit: E3:77:2C:61:AA:19 (random) rssi=-71 name=- bs=- uuid=1EABFBEC28B8053FBB0D5C448112AE93 target=anchor uuid_ok=1 tag_name=0 anchor_name=0 nus=0 dfu=0 token=0 props=0x03
[AUTOPOS] SCAN hit: F2:B7:4E:8A:79:01 (random) rssi=-57 name=- bs=- uuid=4DC6B8187E33803AE8601FB0D7992B96 target=anchor uuid_ok=1 tag_name=0 anchor_name=0 nus=0 dfu=0 token=0 props=0x03
[AUTOPOS] SCAN hit: EC:9F:55:9D:7E:A1 (random) rssi=-67 name=- bs=- uuid=B3087BC3D87CCCD316AEDC6B71D6677F target=anchor uuid_ok=1 tag_name=0 anchor_name=0 nus=0 dfu=0 token=0 props=0x03
[AUTOPOS] SCAN hit: F1:B3:DF:83:B1:C9 (random) rssi=-61 name=- bs=- uuid=AB14CCA262A092E70EB26B0ACB0A394B target=anchor uuid_ok=1 tag_name=0 anchor_name=0 nus=0 dfu=0 token=0 props=0x03
[AUTOPOS] SCAN hit: EC:9F:55:9D:7E:A1 (random) rssi=-65 name=- bs=- uuid=B3087BC3D87CCCD316AEDC6B71D6677F target=anchor uuid_ok=1 tag_name=0 anchor_name=0 nus=0 dfu=0 token=0 props=0x03
[AUTOPOS] SCAN hit: F2:B7:4E:8A:79:01 (random) rssi=-56 name=- bs=- uuid=4DC6B8187E33803AE8601FB0D7992B96 target=anchor uuid_ok=1 tag_name=0 anchor_name=0 nus=0 dfu=0 token=0 props=0x03
[AUTOPOS] SCAN hit: F1:B3:DF:83:B1:C9 (random) rssi=-60 name=- bs=- uuid=AB14CCA262A092E70EB26B0ACB0A394B target=anchor uuid_ok=1 tag_name=0 anchor_name=0 nus=0 dfu=0 token=0 props=0x03
[AUTOPOS] SCAN hit: C0:1D:D1:D0:CE:B0 (random) rssi=-67 name=- bs=- uuid=B9179575C776C98F1CB132DD6EDC6223 target=anchor uuid_ok=1 tag_name=0 anchor_name=0 nus=0 dfu=0 token=0 props=0x03
[AUTOPOS] SCAN hit: E9:CB:F3:C4:51:43 (random) rssi=-65 name=- bs=- uuid=840C68591E90019821AACFF1B73AAA34 target=anchor uuid_ok=1 tag_name=0 anchor_name=0 nus=0 dfu=0 token=0 props=0x03
[AUTOPOS] SCAN hit: D9:C7:9C:16:71:C9 (random) rssi=-58 name=- bs=- uuid=A892AF05DD59CF0D0D3408AD74F364A1 target=anchor uuid_ok=1 tag_name=0 anchor_name=0 nus=0 dfu=0 token=0 props=0x03
[AUTOPOS] SCAN hit: E3:77:2C:61:AA:19 (random) rssi=-72 name=- bs=- uuid=1EABFBEC28B8053FBB0D5C448112AE93 target=anchor uuid_ok=1 tag_name=0 anchor_name=0 nus=0 dfu=0 token=0 props=0x03
[AUTOPOS] SCAN hit: E9:CB:F3:C4:51:43 (random) rssi=-61 name=- bs=- uuid=840C68591E90019821AACFF1B73AAA34 target=anchor uuid_ok=1 tag_name=0 anchor_name=0 nus=0 dfu=0 token=0 props=0x03
[AUTOPOS] SCAN hit: D9:C7:9C:16:71:C9 (random) rssi=-59 name=- bs=- uuid=A892AF05DD59CF0D0D3408AD74F364A1 target=anchor uuid_ok=1 tag_name=0 anchor_name=0 nus=0 dfu=0 token=0 props=0x03
[AUTOPOS] SCAN hit: EC:9F:55:9D:7E:A1 (random) rssi=-78 name=- bs=- uuid=B3087BC3D87CCCD316AEDC6B71D6677F target=anchor uuid_ok=1 tag_name=0 anchor_name=0 nus=0 dfu=0 token=0 props=0x03
[AUTOPOS] SCAN hit: F2:B7:4E:8A:79:01 (random) rssi=-55 name=- bs=- uuid=4DC6B8187E33803AE8601FB0D7992B96 target=anchor uuid_ok=1 tag_name=0 anchor_name=0 nus=0 dfu=0 token=0 props=0x03
[AUTOPOS] SCAN hit: F1:B3:DF:83:B1:C9 (random) rssi=-65 name=- bs=- uuid=AB14CCA262A092E70EB26B0ACB0A394B target=anchor uuid_ok=1 tag_name=0 anchor_name=0 nus=0 dfu=0 token=0 props=0x03
[AUTOPOS] SCAN hit: EC:9F:55:9D:7E:A1 (random) rssi=-67 name=- bs=- uuid=B3087BC3D87CCCD316AEDC6B71D6677F target=anchor uuid_ok=1 tag_name=0 anchor_name=0 nus=0 dfu=0 token=0 props=0x03
[AUTOPOS] SCAN hit: F2:B7:4E:8A:79:01 (random) rssi=-56 name=- bs=- uuid=4DC6B8187E33803AE8601FB0D7992B96 target=anchor uuid_ok=1 tag_name=0 anchor_name=0 nus=0 dfu=0 token=0 props=0x03
[AUTOPOS] SCAN hit: F1:B3:DF:83:B1:C9 (random) rssi=-63 name=- bs=- uuid=AB14CCA262A092E70EB26B0ACB0A394B target=anchor uuid_ok=1 tag_name=0 anchor_name=0 nus=0 dfu=0 token=0 props=0x03
[AUTOPOS] SCAN hit: C0:1D:D1:D0:CE:B0 (random) rssi=-61 name=- bs=- uuid=B9179575C776C98F1CB132DD6EDC6223 target=anchor uuid_ok=1 tag_name=0 anchor_name=0 nus=0 dfu=0 token=0 props=0x03
[AUTOPOS] SCAN hit: E3:77:2C:61:AA:19 (random) rssi=-74 name=- bs=- uuid=1EABFBEC28B8053FBB0D5C448112AE93 target=anchor uuid_ok=1 tag_name=0 anchor_name=0 nus=0 dfu=0 token=0 props=0x03
[AUTOPOS] SCAN hit: D9:C7:9C:16:71:C9 (random) rssi=-57 name=- bs=- uuid=A892AF05DD59CF0D0D3408AD74F364A1 target=anchor uuid_ok=1 tag_name=0 anchor_name=0 nus=0 dfu=0 token=0 props=0x03
[AUTOPOS] SCAN hit: E3:77:2C:61:AA:19 (random) rssi=-71 name=- bs=- uuid=1EABFBEC28B8053FBB0D5C448112AE93 target=anchor uuid_ok=1 tag_name=0 anchor_name=0 nus=0 dfu=0 token=0 props=0x03
[AUTOPOS] SCAN hit: E9:CB:F3:C4:51:43 (random) rssi=-65 name=- bs=- uuid=840C68591E90019821AACFF1B73AAA34 target=anchor uuid_ok=1 tag_name=0 anchor_name=0 nus=0 dfu=0 token=0 props=0x03
[AUTOPOS] SCAN hit: EC:9F:55:9D:7E:A1 (random) rssi=-66 name=- bs=- uuid=B3087BC3D87CCCD316AEDC6B71D6677F target=anchor uuid_ok=1 tag_name=0 anchor_name=0 nus=0 dfu=0 token=0 props=0x03
[AUTOPOS] SCAN hit: C0:1D:D1:D0:CE:B0 (random) rssi=-62 name=- bs=- uuid=B9179575C776C98F1CB132DD6EDC6223 target=anchor uuid_ok=1 tag_name=0 anchor_name=0 nus=0 dfu=0 token=0 props=0x03
[AUTOPOS] SCAN hit: E9:CB:F3:C4:51:43 (random) rssi=-61 name=- bs=- uuid=840C68591E90019821AACFF1B73AAA34 target=anchor uuid_ok=1 tag_name=0 anchor_name=0 nus=0 dfu=0 token=0 props=0x03
[AUTOPOS] SCAN hit: F1:B3:DF:83:B1:C9 (random) rssi=-60 name=- bs=- uuid=AB14CCA262A092E70EB26B0ACB0A394B target=anchor uuid_ok=1 tag_name=0 anchor_name=0 nus=0 dfu=0 token=0 props=0x03
[AUTOPOS] SCAN hit: EC:9F:55:9D:7E:A1 (random) rssi=-78 name=- bs=- uuid=B3087BC3D87CCCD316AEDC6B71D6677F target=anchor uuid_ok=1 tag_name=0 anchor_name=0 nus=0 dfu=0 token=0 props=0x03
[AUTOPOS] SCAN hit: F2:B7:4E:8A:79:01 (random) rssi=-55 name=- bs=- uuid=4DC6B8187E33803AE8601FB0D7992B96 target=anchor uuid_ok=1 tag_name=0 anchor_name=0 nus=0 dfu=0 token=0 props=0x03
[AUTOPOS] SCAN hit: C0:1D:D1:D0:CE:B0 (random) rssi=-66 name=- bs=- uuid=B9179575C776C98F1CB132DD6EDC6223 target=anchor uuid_ok=1 tag_name=0 anchor_name=0 nus=0 dfu=0 token=0 props=0x03
[AUTOPOS] SCAN hit: F1:B3:DF:83:B1:C9 (random) rssi=-65 name=- bs=- uuid=AB14CCA262A092E70EB26B0ACB0A394B target=anchor uuid_ok=1 tag_name=0 anchor_name=0 nus=0 dfu=0 token=0 props=0x03
[AUTOPOS] SCAN hit: D9:C7:9C:16:71:C9 (random) rssi=-58 name=- bs=- uuid=A892AF05DD59CF0D0D3408AD74F364A1 target=anchor uuid_ok=1 tag_name=0 anchor_name=0 nus=0 dfu=0 token=0 props=0x03
[AUTOPOS] SCAN hit: E3:77:2C:61:AA:19 (random) rssi=-72 name=- bs=- uuid=1EABFBEC28B8053FBB0D5C448112AE93 target=anchor uuid_ok=1 tag_name=0 anchor_name=0 nus=0 dfu=0 token=0 props=0x03
[AUTOPOS] SCAN hit: D9:C7:9C:16:71:C9 (random) rssi=-57 name=- bs=- uuid=A892AF05DD59CF0D0D3408AD74F364A1 target=anchor uuid_ok=1 tag_name=0 anchor_name=0 nus=0 dfu=0 token=0 props=0x03
[AUTOPOS] SCAN hit: EC:9F:55:9D:7E:A1 (random) rssi=-78 name=- bs=- uuid=B3087BC3D87CCCD316AEDC6B71D6677F target=anchor uuid_ok=1 tag_name=0 anchor_name=0 nus=0 dfu=0 token=0 props=0x03
[AUTOPOS] SCAN hit: E3:77:2C:61:AA:19 (random) rssi=-73 name=- bs=- uuid=1EABFBEC28B8053FBB0D5C448112AE93 target=anchor uuid_ok=1 tag_name=0 anchor_name=0 nus=0 dfu=0 token=0 props=0x03
[AUTOPOS] SCAN hit: E9:CB:F3:C4:51:43 (random) rssi=-60 name=- bs=- uuid=840C68591E90019821AACFF1B73AAA34 target=anchor uuid_ok=1 tag_name=0 anchor_name=0 nus=0 dfu=0 token=0 props=0x03
[AUTOPOS] SCAN hit: F1:B3:DF:83:B1:C9 (random) rssi=-66 name=- bs=- uuid=AB14CCA262A092E70EB26B0ACB0A394B target=anchor uuid_ok=1 tag_name=0 anchor_name=0 nus=0 dfu=0 token=0 props=0x03
[AUTOPOS] SCAN hit: EC:9F:55:9D:7E:A1 (random) rssi=-67 name=- bs=- uuid=B3087BC3D87CCCD316AEDC6B71D6677F target=anchor uuid_ok=1 tag_name=0 anchor_name=0 nus=0 dfu=0 token=0 props=0x03
[AUTOPOS] SCAN hit: F2:B7:4E:8A:79:01 (random) rssi=-56 name=- bs=- uuid=4DC6B8187E33803AE8601FB0D7992B96 target=anchor uuid_ok=1 tag_name=0 anchor_name=0 nus=0 dfu=0 token=0 props=0x03
[AUTOPOS] SCAN hit: F1:B3:DF:83:B1:C9 (random) rssi=-61 name=- bs=- uuid=AB14CCA262A092E70EB26B0ACB0A394B target=anchor uuid_ok=1 tag_name=0 anchor_name=0 nus=0 dfu=0 token=0 props=0x03
[AUTOPOS] SCAN hit: F2:B7:4E:8A:79:01 (random) rssi=-56 name=- bs=- uuid=4DC6B8187E33803AE8601FB0D7992B96 target=anchor uuid_ok=1 tag_name=0 anchor_name=0 nus=0 dfu=0 token=0 props=0x03
[AUTOPOS] SCAN hit: C0:1D:D1:D0:CE:B0 (random) rssi=-62 name=- bs=- uuid=B9179575C776C98F1CB132DD6EDC6223 target=anchor uuid_ok=1 tag_name=0 anchor_name=0 nus=0 dfu=0 token=0 props=0x03
[AUTOPOS] SCAN hit: D9:C7:9C:16:71:C9 (random) rssi=-57 name=- bs=- uuid=A892AF05DD59CF0D0D3408AD74F364A1 target=anchor uuid_ok=1 tag_name=0 anchor_name=0 nus=0 dfu=0 token=0 props=0x03
[AUTOPOS] SCAN hit: C0:1D:D1:D0:CE:B0 (random) rssi=-66 name=- bs=- uuid=B9179575C776C98F1CB132DD6EDC6223 target=anchor uuid_ok=1 tag_name=0 anchor_name=0 nus=0 dfu=0 token=0 props=0x03
[AUTOPOS] SCAN hit: E9:CB:F3:C4:51:43 (random) rssi=-65 name=- bs=- uuid=840C68591E90019821AACFF1B73AAA34 target=anchor uuid_ok=1 tag_name=0 anchor_name=0 nus=0 dfu=0 token=0 props=0x03
[AUTOPOS] SCAN hit: E3:77:2C:61:AA:19 (random) rssi=-71 name=- bs=- uuid=1EABFBEC28B8053FBB0D5C448112AE93 target=anchor uuid_ok=1 tag_name=0 anchor_name=0 nus=0 dfu=0 token=0 props=0x03
[AUTOPOS] SCAN hit: E3:77:2C:61:AA:19 (random) rssi=-72 name=- bs=- uuid=1EABFBEC28B8053FBB0D5C448112AE93 target=anchor uuid_ok=1 tag_name=0 anchor_name=0 nus=0 dfu=0 token=0 props=0x03
[AUTOPOS] SCAN hit: F1:B3:DF:83:B1:C9 (random) rssi=-60 name=- bs=- uuid=AB14CCA262A092E70EB26B0ACB0A394B target=anchor uuid_ok=1 tag_name=0 anchor_name=0 nus=0 dfu=0 token=0 props=0x03
[AUTOPOS] SCAN hit: EC:9F:55:9D:7E:A1 (random) rssi=-80 name=- bs=- uuid=B3087BC3D87CCCD316AEDC6B71D6677F target=anchor uuid_ok=1 tag_name=0 anchor_name=0 nus=0 dfu=0 token=0 props=0x03
[AUTOPOS] SCAN hit: F2:B7:4E:8A:79:01 (random) rssi=-55 name=- bs=- uuid=4DC6B8187E33803AE8601FB0D7992B96 target=anchor uuid_ok=1 tag_name=0 anchor_name=0 nus=0 dfu=0 token=0 props=0x03
[AUTOPOS] SCAN hit: D9:C7:9C:16:71:C9 (random) rssi=-58 name=- bs=- uuid=A892AF05DD59CF0D0D3408AD74F364A1 target=anchor uuid_ok=1 tag_name=0 anchor_name=0 nus=0 dfu=0 token=0 props=0x03
[AUTOPOS] SCAN hit: C0:1D:D1:D0:CE:B0 (random) rssi=-60 name=- bs=- uuid=B9179575C776C98F1CB132DD6EDC6223 target=anchor uuid_ok=1 tag_name=0 anchor_name=0 nus=0 dfu=0 token=0 props=0x03
[AUTOPOS] SCAN hit: E9:CB:F3:C4:51:43 (random) rssi=-61 name=- bs=- uuid=840C68591E90019821AACFF1B73AAA34 target=anchor uuid_ok=1 tag_name=0 anchor_name=0 nus=0 dfu=0 token=0 props=0x03
[AUTOPOS] SCAN hit: D9:C7:9C:16:71:C9 (random) rssi=-57 name=- bs=- uuid=A892AF05DD59CF0D0D3408AD74F364A1 target=anchor uuid_ok=1 tag_name=0 anchor_name=0 nus=0 dfu=0 token=0 props=0x03
[AUTOPOS] SCAN hit: E9:CB:F3:C4:51:43 (random) rssi=-60 name=- bs=- uuid=840C68591E90019821AACFF1B73AAA34 target=anchor uuid_ok=1 tag_name=0 anchor_name=0 nus=0 dfu=0 token=0 props=0x03
[AUTOPOS] SCAN hit: E3:77:2C:61:AA:19 (random) rssi=-72 name=- bs=- uuid=1EABFBEC28B8053FBB0D5C448112AE93 target=anchor uuid_ok=1 tag_name=0 anchor_name=0 nus=0 dfu=0 token=0 props=0x03
[AUTOPOS] SCAN hit: F1:B3:DF:83:B1:C9 (random) rssi=-65 name=- bs=- uuid=AB14CCA262A092E70EB26B0ACB0A394B target=anchor uuid_ok=1 tag_name=0 anchor_name=0 nus=0 dfu=0 token=0 props=0x03
[AUTOPOS] SCAN hit: EC:9F:55:9D:7E:A1 (random) rssi=-67 name=- bs=- uuid=B3087BC3D87CCCD316AEDC6B71D6677F target=anchor uuid_ok=1 tag_name=0 anchor_name=0 nus=0 dfu=0 token=0 props=0x03
[AUTOPOS] SCAN hit: F2:B7:4E:8A:79:01 (random) rssi=-56 name=- bs=- uuid=4DC6B8187E33803AE8601FB0D7992B96 target=anchor uuid_ok=1 tag_name=0 anchor_name=0 nus=0 dfu=0 token=0 props=0x03
[AUTOPOS] SCAN hit: F1:B3:DF:83:B1:C9 (random) rssi=-61 name=- bs=- uuid=AB14CCA262A092E70EB26B0ACB0A394B target=anchor uuid_ok=1 tag_name=0 anchor_name=0 nus=0 dfu=0 token=0 props=0x03
[AUTOPOS] SCAN hit: C0:1D:D1:D0:CE:B0 (random) rssi=-62 name=- bs=- uuid=B9179575C776C98F1CB132DD6EDC6223 target=anchor uuid_ok=1 tag_name=0 anchor_name=0 nus=0 dfu=0 token=0 props=0x03
[AUTOPOS] SCAN hit: E9:CB:F3:C4:51:43 (random) rssi=-60 name=- bs=- uuid=840C68591E90019821AACFF1B73AAA34 target=anchor uuid_ok=1 tag_name=0 anchor_name=0 nus=0 dfu=0 token=0 props=0x03
[AUTOPOS] SCAN hit: D9:C7:9C:16:71:C9 (random) rssi=-57 name=- bs=- uuid=A892AF05DD59CF0D0D3408AD74F364A1 target=anchor uuid_ok=1 tag_name=0 anchor_name=0 nus=0 dfu=0 token=0 props=0x03
[AUTOPOS] SCAN hit: C0:1D:D1:D0:CE:B0 (random) rssi=-67 name=- bs=- uuid=B9179575C776C98F1CB132DD6EDC6223 target=anchor uuid_ok=1 tag_name=0 anchor_name=0 nus=0 dfu=0 token=0 props=0x03
[AUTOPOS] SCAN hit: E9:CB:F3:C4:51:43 (random) rssi=-65 name=- bs=- uuid=840C68591E90019821AACFF1B73AAA34 target=anchor uuid_ok=1 tag_name=0 anchor_name=0 nus=0 dfu=0 token=0 props=0x03
[AUTOPOS] SCAN hit: E3:77:2C:61:AA:19 (random) rssi=-71 name=- bs=- uuid=1EABFBEC28B8053FBB0D5C448112AE93 target=anchor uuid_ok=1 tag_name=0 anchor_name=0 nus=0 dfu=0 token=0 props=0x03
[AUTOPOS] SCAN hit: D9:C7:9C:16:71:C9 (random) rssi=-58 name=- bs=- uuid=A892AF05DD59CF0D0D3408AD74F364A1 target=anchor uuid_ok=1 tag_name=0 anchor_name=0 nus=0 dfu=0 token=0 props=0x03
[AUTOPOS] SCAN hit: EC:9F:55:9D:7E:A1 (random) rssi=-66 name=- bs=- uuid=B3087BC3D87CCCD316AEDC6B71D6677F target=anchor uuid_ok=1 tag_name=0 anchor_name=0 nus=0 dfu=0 token=0 props=0x03
[AUTOPOS] SCAN hit: E3:77:2C:61:AA:19 (random) rssi=-72 name=- bs=- uuid=1EABFBEC28B8053FBB0D5C448112AE93 target=anchor uuid_ok=1 tag_name=0 anchor_name=0 nus=0 dfu=0 token=0 props=0x03
[AUTOPOS] SCAN hit: F1:B3:DF:83:B1:C9 (random) rssi=-60 name=- bs=- uuid=AB14CCA262A092E70EB26B0ACB0A394B target=anchor uuid_ok=1 tag_name=0 anchor_name=0 nus=0 dfu=0 token=0 props=0x03
[AUTOPOS] SCAN hit: D9:C7:9C:16:71:C9 (random) rssi=-57 name=- bs=- uuid=A892AF05DD59CF0D0D3408AD74F364A1 target=anchor uuid_ok=1 tag_name=0 anchor_name=0 nus=0 dfu=0 token=0 props=0x03
[AUTOPOS] SCAN hit: F2:B7:4E:8A:79:01 (random) rssi=-55 name=- bs=- uuid=4DC6B8187E33803AE8601FB0D7992B96 target=anchor uuid_ok=1 tag_name=0 anchor_name=0 nus=0 dfu=0 token=0 props=0x03
[AUTOPOS] SCAN hit: EC:9F:55:9D:7E:A1 (random) rssi=-78 name=- bs=- uuid=B3087BC3D87CCCD316AEDC6B71D6677F target=anchor uuid_ok=1 tag_name=0 anchor_name=0 nus=0 dfu=0 token=0 props=0x03
[AUTOPOS] SCAN hit: F1:B3:DF:83:B1:C9 (random) rssi=-65 name=- bs=- uuid=AB14CCA262A092E70EB26B0ACB0A394B target=anchor uuid_ok=1 tag_name=0 anchor_name=0 nus=0 dfu=0 token=0 props=0x03
[AUTOPOS] SCAN hit: F2:B7:4E:8A:79:01 (random) rssi=-56 name=- bs=- uuid=4DC6B8187E33803AE8601FB0D7992B96 target=anchor uuid_ok=1 tag_name=0 anchor_name=0 nus=0 dfu=0 token=0 props=0x03
[AUTOPOS] SCAN hit: E9:CB:F3:C4:51:43 (random) rssi=-61 name=- bs=- uuid=840C68591E90019821AACFF1B73AAA34 target=anchor uuid_ok=1 tag_name=0 anchor_name=0 nus=0 dfu=0 token=0 props=0x03
[AUTOPOS] SCAN hit: C0:1D:D1:D0:CE:B0 (random) rssi=-60 name=- bs=- uuid=B9179575C776C98F1CB132DD6EDC6223 target=anchor uuid_ok=1 tag_name=0 anchor_name=0 nus=0 dfu=0 token=0 props=0x03
[AUTOPOS] SCAN hit: E9:CB:F3:C4:51:43 (random) rssi=-61 name=- bs=- uuid=840C68591E90019821AACFF1B73AAA34 target=anchor uuid_ok=1 tag_name=0 anchor_name=0 nus=0 dfu=0 token=0 props=0x03
[AUTOPOS] SCAN hit: C0:1D:D1:D0:CE:B0 (random) rssi=-62 name=- bs=- uuid=B9179575C776C98F1CB132DD6EDC6223 target=anchor uuid_ok=1 tag_name=0 anchor_name=0 nus=0 dfu=0 token=0 props=0x03
[AUTOPOS] SCAN hit: E3:77:2C:61:AA:19 (random) rssi=-74 name=- bs=- uuid=1EABFBEC28B8053FBB0D5C448112AE93 target=anchor uuid_ok=1 tag_name=0 anchor_name=0 nus=0 dfu=0 token=0 props=0x03
[AUTOPOS] SCAN hit: F1:B3:DF:83:B1:C9 (random) rssi=-65 name=- bs=- uuid=AB14CCA262A092E70EB26B0ACB0A394B target=anchor uuid_ok=1 tag_name=0 anchor_name=0 nus=0 dfu=0 token=0 props=0x03
[AUTOPOS] SCAN hit: D9:C7:9C:16:71:C9 (random) rssi=-57 name=- bs=- uuid=A892AF05DD59CF0D0D3408AD74F364A1 target=anchor uuid_ok=1 tag_name=0 anchor_name=0 nus=0 dfu=0 token=0 props=0x03
[AUTOPOS] SCAN hit: F2:B7:4E:8A:79:01 (random) rssi=-56 name=- bs=- uuid=4DC6B8187E33803AE8601FB0D7992B96 target=anchor uuid_ok=1 tag_name=0 anchor_name=0 nus=0 dfu=0 token=0 props=0x03
[AUTOPOS] SCAN hit: E3:77:2C:61:AA:19 (random) rssi=-71 name=- bs=- uuid=1EABFBEC28B8053FBB0D5C448112AE93 target=anchor uuid_ok=1 tag_name=0 anchor_name=0 nus=0 dfu=0 token=0 props=0x03
[AUTOPOS] SCAN hit: F1:B3:DF:83:B1:C9 (random) rssi=-64 name=- bs=- uuid=AB14CCA262A092E70EB26B0ACB0A394B target=anchor uuid_ok=1 tag_name=0 anchor_name=0 nus=0 dfu=0 token=0 props=0x03
[AUTOPOS] SCAN hit: EC:9F:55:9D:7E:A1 (random) rssi=-65 name=- bs=- uuid=B3087BC3D87CCCD316AEDC6B71D6677F target=anchor uuid_ok=1 tag_name=0 anchor_name=0 nus=0 dfu=0 token=0 props=0x03
[AUTOPOS] SCAN hit: F2:B7:4E:8A:79:01 (random) rssi=-56 name=- bs=- uuid=4DC6B8187E33803AE8601FB0D7992B96 target=anchor uuid_ok=1 tag_name=0 anchor_name=0 nus=0 dfu=0 token=0 props=0x03
[AUTOPOS] SCAN hit: C0:1D:D1:D0:CE:B0 (random) rssi=-66 name=- bs=- uuid=B9179575C776C98F1CB132DD6EDC6223 target=anchor uuid_ok=1 tag_name=0 anchor_name=0 nus=0 dfu=0 token=0 props=0x03
[AUTOPOS] SCAN hit: C0:1D:D1:D0:CE:B0 (random) rssi=-59 name=- bs=- uuid=B9179575C776C98F1CB132DD6EDC6223 target=anchor uuid_ok=1 tag_name=0 anchor_name=0 nus=0 dfu=0 token=0 props=0x03
[AUTOPOS] SCAN hit: F1:B3:DF:83:B1:C9 (random) rssi=-60 name=- bs=- uuid=AB14CCA262A092E70EB26B0ACB0A394B target=anchor uuid_ok=1 tag_name=0 anchor_name=0 nus=0 dfu=0 token=0 props=0x03
[AUTOPOS] SCAN hit: E3:77:2C:61:AA:19 (random) rssi=-72 name=- bs=- uuid=1EABFBEC28B8053FBB0D5C448112AE93 target=anchor uuid_ok=1 tag_name=0 anchor_name=0 nus=0 dfu=0 token=0 props=0x03
[AUTOPOS] SCAN hit: EC:9F:55:9D:7E:A1 (random) rssi=-78 name=- bs=- uuid=B3087BC3D87CCCD316AEDC6B71D6677F target=anchor uuid_ok=1 tag_name=0 anchor_name=0 nus=0 dfu=0 token=0 props=0x03
[AUTOPOS] SCAN hit: F2:B7:4E:8A:79:01 (random) rssi=-55 name=- bs=- uuid=4DC6B8187E33803AE8601FB0D7992B96 target=anchor uuid_ok=1 tag_name=0 anchor_name=0 nus=0 dfu=0 token=0 props=0x03
[AUTOPOS] SCAN hit: D9:C7:9C:16:71:C9 (random) rssi=-61 name=- bs=- uuid=A892AF05DD59CF0D0D3408AD74F364A1 target=anchor uuid_ok=1 tag_name=0 anchor_name=0 nus=0 dfu=0 token=0 props=0x03
[AUTOPOS] SCAN hit: F1:B3:DF:83:B1:C9 (random) rssi=-66 name=- bs=- uuid=AB14CCA262A092E70EB26B0ACB0A394B target=anchor uuid_ok=1 tag_name=0 anchor_name=0 nus=0 dfu=0 token=0 props=0x03
[AUTOPOS] SCAN hit: E3:77:2C:61:AA:19 (random) rssi=-73 name=- bs=- uuid=1EABFBEC28B8053FBB0D5C448112AE93 target=anchor uuid_ok=1 tag_name=0 anchor_name=0 nus=0 dfu=0 token=0 props=0x03
[AUTOPOS] SCAN hit: EC:9F:55:9D:7E:A1 (random) rssi=-68 name=- bs=- uuid=B3087BC3D87CCCD316AEDC6B71D6677F target=anchor uuid_ok=1 tag_name=0 anchor_name=0 nus=0 dfu=0 token=0 props=0x03
[AUTOPOS] SCAN hit: D9:C7:9C:16:71:C9 (random) rssi=-57 name=- bs=- uuid=A892AF05DD59CF0D0D3408AD74F364A1 target=anchor uuid_ok=1 tag_name=0 anchor_name=0 nus=0 dfu=0 token=0 props=0x03
[AUTOPOS] SCAN hit: F2:B7:4E:8A:79:01 (random) rssi=-56 name=- bs=- uuid=4DC6B8187E33803AE8601FB0D7992B96 target=anchor uuid_ok=1 tag_name=0 anchor_name=0 nus=0 dfu=0 token=0 props=0x03
[AUTOPOS] SCAN hit: EC:9F:55:9D:7E:A1 (random) rssi=-67 name=- bs=- uuid=B3087BC3D87CCCD316AEDC6B71D6677F target=anchor uuid_ok=1 tag_name=0 anchor_name=0 nus=0 dfu=0 token=0 props=0x03
[AUTOPOS] SCAN hit: E9:CB:F3:C4:51:43 (random) rssi=-65 name=- bs=- uuid=840C68591E90019821AACFF1B73AAA34 target=anchor uuid_ok=1 tag_name=0 anchor_name=0 nus=0 dfu=0 token=0 props=0x03
[AUTOPOS] SCAN hit: F1:B3:DF:83:B1:C9 (random) rssi=-61 name=- bs=- uuid=AB14CCA262A092E70EB26B0ACB0A394B target=anchor uuid_ok=1 tag_name=0 anchor_name=0 nus=0 dfu=0 token=0 props=0x03
[AUTOPOS] SCAN hit: E3:77:2C:61:AA:19 (random) rssi=-71 name=- bs=- uuid=1EABFBEC28B8053FBB0D5C448112AE93 target=anchor uuid_ok=1 tag_name=0 anchor_name=0 nus=0 dfu=0 token=0 props=0x03
[AUTOPOS] SCAN hit: EC:9F:55:9D:7E:A1 (random) rssi=-66 name=- bs=- uuid=B3087BC3D87CCCD316AEDC6B71D6677F target=anchor uuid_ok=1 tag_name=0 anchor_name=0 nus=0 dfu=0 token=0 props=0x03
[AUTOPOS] SCAN hit: D9:C7:9C:16:71:C9 (random) rssi=-58 name=- bs=- uuid=A892AF05DD59CF0D0D3408AD74F364A1 target=anchor uuid_ok=1 tag_name=0 anchor_name=0 nus=0 dfu=0 token=0 props=0x03
[AUTOPOS] SCAN hit: F1:B3:DF:83:B1:C9 (random) rssi=-60 name=- bs=- uuid=AB14CCA262A092E70EB26B0ACB0A394B target=anchor uuid_ok=1 tag_name=0 anchor_name=0 nus=0 dfu=0 token=0 props=0x03
[AUTOPOS] SCAN hit: E3:77:2C:61:AA:19 (random) rssi=-72 name=- bs=- uuid=1EABFBEC28B8053FBB0D5C448112AE93 target=anchor uuid_ok=1 tag_name=0 anchor_name=0 nus=0 dfu=0 token=0 props=0x03
[AUTOPOS] SCAN hit: F2:B7:4E:8A:79:01 (random) rssi=-55 name=- bs=- uuid=4DC6B8187E33803AE8601FB0D7992B96 target=anchor uuid_ok=1 tag_name=0 anchor_name=0 nus=0 dfu=0 token=0 props=0x03
[AUTOPOS] SCAN hit: D9:C7:9C:16:71:C9 (random) rssi=-57 name=- bs=- uuid=A892AF05DD59CF0D0D3408AD74F364A1 target=anchor uuid_ok=1 tag_name=0 anchor_name=0 nus=0 dfu=0 token=0 props=0x03
VERIFY: anchor ctrl ready gate ready_log=0/8 conn_count=0/8
[AUTOPOS] SCAN hit: C0:1D:D1:D0:CE:B0 (random) rssi=-59 name=- bs=- uuid=B9179575C776C98F1CB132DD6EDC6223 target=anchor uuid_ok=1 tag_name=0 anchor_name=0 nus=0 dfu=0 token=0 props=0x03
[AUTOPOS] SCAN hit: E9:CB:F3:C4:51:43 (random) rssi=-61 name=- bs=- uuid=840C68591E90019821AACFF1B73AAA34 target=anchor uuid_ok=1 tag_name=0 anchor_name=0 nus=0 dfu=0 token=0 props=0x03
[AUTOPOS] SCAN hit: EC:9F:55:9D:7E:A1 (random) rssi=-78 name=- bs=- uuid=B3087BC3D87CCCD316AEDC6B71D6677F target=anchor uuid_ok=1 tag_name=0 anchor_name=0 nus=0 dfu=0 token=0 props=0x03
[AUTOPOS] SCAN hit: E9:CB:F3:C4:51:43 (random) rssi=-60 name=- bs=- uuid=840C68591E90019821AACFF1B73AAA34 target=anchor uuid_ok=1 tag_name=0 anchor_name=0 nus=0 dfu=0 token=0 props=0x03
[AUTOPOS] SCAN hit: F1:B3:DF:83:B1:C9 (random) rssi=-66 name=- bs=- uuid=AB14CCA262A092E70EB26B0ACB0A394B target=anchor uuid_ok=1 tag_name=0 anchor_name=0 nus=0 dfu=0 token=0 props=0x03
[AUTOPOS] SCAN hit: E3:77:2C:61:AA:19 (random) rssi=-71 name=- bs=- uuid=1EABFBEC28B8053FBB0D5C448112AE93 target=anchor uuid_ok=1 tag_name=0 anchor_name=0 nus=0 dfu=0 token=0 props=0x03
[AUTOPOS] SCAN hit: EC:9F:55:9D:7E:A1 (random) rssi=-67 name=- bs=- uuid=B3087BC3D87CCCD316AEDC6B71D6677F target=anchor uuid_ok=1 tag_name=0 anchor_name=0 nus=0 dfu=0 token=0 props=0x03
[AUTOPOS] SCAN hit: F2:B7:4E:8A:79:01 (random) rssi=-57 name=- bs=- uuid=4DC6B8187E33803AE8601FB0D7992B96 target=anchor uuid_ok=1 tag_name=0 anchor_name=0 nus=0 dfu=0 token=0 props=0x03
[AUTOPOS] SCAN hit: D9:C7:9C:16:71:C9 (random) rssi=-57 name=- bs=- uuid=A892AF05DD59CF0D0D3408AD74F364A1 target=anchor uuid_ok=1 tag_name=0 anchor_name=0 nus=0 dfu=0 token=0 props=0x03
[AUTOPOS] SCAN hit: F1:B3:DF:83:B1:C9 (random) rssi=-61 name=- bs=- uuid=AB14CCA262A092E70EB26B0ACB0A394B target=anchor uuid_ok=1 tag_name=0 anchor_name=0 nus=0 dfu=0 token=0 props=0x03
[AUTOPOS] SCAN hit: E3:77:2C:61:AA:19 (random) rssi=-71 name=- bs=- uuid=1EABFBEC28B8053FBB0D5C448112AE93 target=anchor uuid_ok=1 tag_name=0 anchor_name=0 nus=0 dfu=0 token=0 props=0x03
[AUTOPOS] SCAN hit: F2:B7:4E:8A:79:01 (random) rssi=-56 name=- bs=- uuid=4DC6B8187E33803AE8601FB0D7992B96 target=anchor uuid_ok=1 tag_name=0 anchor_name=0 nus=0 dfu=0 token=0 props=0x03
[AUTOPOS] SCAN hit: D9:C7:9C:16:71:C9 (random) rssi=-58 name=- bs=- uuid=A892AF05DD59CF0D0D3408AD74F364A1 target=anchor uuid_ok=1 tag_name=0 anchor_name=0 nus=0 dfu=0 token=0 props=0x03
[AUTOPOS] SCAN hit: C0:1D:D1:D0:CE:B0 (random) rssi=-62 name=- bs=- uuid=B9179575C776C98F1CB132DD6EDC6223 target=anchor uuid_ok=1 tag_name=0 anchor_name=0 nus=0 dfu=0 token=0 props=0x03
[AUTOPOS] SCAN hit: C0:1D:D1:D0:CE:B0 (random) rssi=-67 name=- bs=- uuid=B9179575C776C98F1CB132DD6EDC6223 target=anchor uuid_ok=1 tag_name=0 anchor_name=0 nus=0 dfu=0 token=0 props=0x03
[AUTOPOS] SCAN hit: F1:B3:DF:83:B1:C9 (random) rssi=-60 name=- bs=- uuid=AB14CCA262A092E70EB26B0ACB0A394B target=anchor uuid_ok=1 tag_name=0 anchor_name=0 nus=0 dfu=0 token=0 props=0x03
[AUTOPOS] SCAN hit: EC:9F:55:9D:7E:A1 (random) rssi=-66 name=- bs=- uuid=B3087BC3D87CCCD316AEDC6B71D6677F target=anchor uuid_ok=1 tag_name=0 anchor_name=0 nus=0 dfu=0 token=0 props=0x03
[AUTOPOS] SCAN hit: E3:77:2C:61:AA:19 (random) rssi=-72 name=- bs=- uuid=1EABFBEC28B8053FBB0D5C448112AE93 target=anchor uuid_ok=1 tag_name=0 anchor_name=0 nus=0 dfu=0 token=0 props=0x03
[AUTOPOS] SCAN hit: EC:9F:55:9D:7E:A1 (random) rssi=-78 name=- bs=- uuid=B3087BC3D87CCCD316AEDC6B71D6677F target=anchor uuid_ok=1 tag_name=0 anchor_name=0 nus=0 dfu=0 token=0 props=0x03
[AUTOPOS] SCAN hit: E3:77:2C:61:AA:19 (random) rssi=-73 name=- bs=- uuid=1EABFBEC28B8053FBB0D5C448112AE93 target=anchor uuid_ok=1 tag_name=0 anchor_name=0 nus=0 dfu=0 token=0 props=0x03
[AUTOPOS] SCAN hit: F2:B7:4E:8A:79:01 (random) rssi=-56 name=- bs=- uuid=4DC6B8187E33803AE8601FB0D7992B96 target=anchor uuid_ok=1 tag_name=0 anchor_name=0 nus=0 dfu=0 token=0 props=0x03
[AUTOPOS] SCAN hit: EC:9F:55:9D:7E:A1 (random) rssi=-76 name=- bs=- uuid=B3087BC3D87CCCD316AEDC6B71D6677F target=anchor uuid_ok=1 tag_name=0 anchor_name=0 nus=0 dfu=0 token=0 props=0x03
[AUTOPOS] SCAN hit: E9:CB:F3:C4:51:43 (random) rssi=-60 name=- bs=- uuid=840C68591E90019821AACFF1B73AAA34 target=anchor uuid_ok=1 tag_name=0 anchor_name=0 nus=0 dfu=0 token=0 props=0x03
[AUTOPOS] SCAN hit: F1:B3:DF:83:B1:C9 (random) rssi=-65 name=- bs=- uuid=AB14CCA262A092E70EB26B0ACB0A394B target=anchor uuid_ok=1 tag_name=0 anchor_name=0 nus=0 dfu=0 token=0 props=0x03
[AUTOPOS] SCAN hit: EC:9F:55:9D:7E:A1 (random) rssi=-68 name=- bs=- uuid=B3087BC3D87CCCD316AEDC6B71D6677F target=anchor uuid_ok=1 tag_name=0 anchor_name=0 nus=0 dfu=0 token=0 props=0x03
[AUTOPOS] SCAN hit: D9:C7:9C:16:71:C9 (random) rssi=-58 name=- bs=- uuid=A892AF05DD59CF0D0D3408AD74F364A1 target=anchor uuid_ok=1 tag_name=0 anchor_name=0 nus=0 dfu=0 token=0 props=0x03
[AUTOPOS] SCAN hit: F1:B3:DF:83:B1:C9 (random) rssi=-60 name=- bs=- uuid=AB14CCA262A092E70EB26B0ACB0A394B target=anchor uuid_ok=1 tag_name=0 anchor_name=0 nus=0 dfu=0 token=0 props=0x03
[AUTOPOS] SCAN hit: E3:77:2C:61:AA:19 (random) rssi=-71 name=- bs=- uuid=1EABFBEC28B8053FBB0D5C448112AE93 target=anchor uuid_ok=1 tag_name=0 anchor_name=0 nus=0 dfu=0 token=0 props=0x03
[AUTOPOS] SCAN hit: D9:C7:9C:16:71:C9 (random) rssi=-58 name=- bs=- uuid=A892AF05DD59CF0D0D3408AD74F364A1 target=anchor uuid_ok=1 tag_name=0 anchor_name=0 nus=0 dfu=0 token=0 props=0x03
[AUTOPOS] SCAN hit: F2:B7:4E:8A:79:01 (random) rssi=-56 name=- bs=- uuid=4DC6B8187E33803AE8601FB0D7992B96 target=anchor uuid_ok=1 tag_name=0 anchor_name=0 nus=0 dfu=0 token=0 props=0x03
[AUTOPOS] SCAN hit: C0:1D:D1:D0:CE:B0 (random) rssi=-66 name=- bs=- uuid=B9179575C776C98F1CB132DD6EDC6223 target=anchor uuid_ok=1 tag_name=0 anchor_name=0 nus=0 dfu=0 token=0 props=0x03
[AUTOPOS] SCAN hit: EC:9F:55:9D:7E:A1 (random) rssi=-66 name=- bs=- uuid=B3087BC3D87CCCD316AEDC6B71D6677F target=anchor uuid_ok=1 tag_name=0 anchor_name=0 nus=0 dfu=0 token=0 props=0x03
[AUTOPOS] SCAN hit: C0:1D:D1:D0:CE:B0 (random) rssi=-60 name=- bs=- uuid=B9179575C776C98F1CB132DD6EDC6223 target=anchor uuid_ok=1 tag_name=0 anchor_name=0 nus=0 dfu=0 token=0 props=0x03
[AUTOPOS] SCAN hit: F1:B3:DF:83:B1:C9 (random) rssi=-60 name=- bs=- uuid=AB14CCA262A092E70EB26B0ACB0A394B target=anchor uuid_ok=1 tag_name=0 anchor_name=0 nus=0 dfu=0 token=0 props=0x03
[AUTOPOS] SCAN hit: E9:CB:F3:C4:51:43 (random) rssi=-61 name=- bs=- uuid=840C68591E90019821AACFF1B73AAA34 target=anchor uuid_ok=1 tag_name=0 anchor_name=0 nus=0 dfu=0 token=0 props=0x03
[AUTOPOS] SCAN hit: E3:77:2C:61:AA:19 (random) rssi=-72 name=- bs=- uuid=1EABFBEC28B8053FBB0D5C448112AE93 target=anchor uuid_ok=1 tag_name=0 anchor_name=0 nus=0 dfu=0 token=0 props=0x03
[AUTOPOS] SCAN hit: D9:C7:9C:16:71:C9 (random) rssi=-57 name=- bs=- uuid=A892AF05DD59CF0D0D3408AD74F364A1 target=anchor uuid_ok=1 tag_name=0 anchor_name=0 nus=0 dfu=0 token=0 props=0x03
[AUTOPOS] SCAN hit: E3:77:2C:61:AA:19 (random) rssi=-73 name=- bs=- uuid=1EABFBEC28B8053FBB0D5C448112AE93 target=anchor uuid_ok=1 tag_name=0 anchor_name=0 nus=0 dfu=0 token=0 props=0x03
[AUTOPOS] SCAN hit: F2:B7:4E:8A:79:01 (random) rssi=-56 name=- bs=- uuid=4DC6B8187E33803AE8601FB0D7992B96 target=anchor uuid_ok=1 tag_name=0 anchor_name=0 nus=0 dfu=0 token=0 props=0x03
[AUTOPOS] SCAN hit: E3:77:2C:61:AA:19 (random) rssi=-70 name=- bs=- uuid=1EABFBEC28B8053FBB0D5C448112AE93 target=anchor uuid_ok=1 tag_name=0 anchor_name=0 nus=0 dfu=0 token=0 props=0x03
[AUTOPOS] SCAN hit: EC:9F:55:9D:7E:A1 (random) rssi=-77 name=- bs=- uuid=B3087BC3D87CCCD316AEDC6B71D6677F target=anchor uuid_ok=1 tag_name=0 anchor_name=0 nus=0 dfu=0 token=0 props=0x03
[AUTOPOS] SCAN hit: F1:B3:DF:83:B1:C9 (random) rssi=-66 name=- bs=- uuid=AB14CCA262A092E70EB26B0ACB0A394B target=anchor uuid_ok=1 tag_name=0 anchor_name=0 nus=0 dfu=0 token=0 props=0x03
[AUTOPOS] SCAN hit: E9:CB:F3:C4:51:43 (random) rssi=-60 name=- bs=- uuid=840C68591E90019821AACFF1B73AAA34 target=anchor uuid_ok=1 tag_name=0 anchor_name=0 nus=0 dfu=0 token=0 props=0x03
[AUTOPOS] SCAN hit: EC:9F:55:9D:7E:A1 (random) rssi=-68 name=- bs=- uuid=B3087BC3D87CCCD316AEDC6B71D6677F target=anchor uuid_ok=1 tag_name=0 anchor_name=0 nus=0 dfu=0 token=0 props=0x03
[AUTOPOS] SCAN hit: C0:1D:D1:D0:CE:B0 (random) rssi=-66 name=- bs=- uuid=B9179575C776C98F1CB132DD6EDC6223 target=anchor uuid_ok=1 tag_name=0 anchor_name=0 nus=0 dfu=0 token=0 props=0x03
[AUTOPOS] SCAN hit: F1:B3:DF:83:B1:C9 (random) rssi=-61 name=- bs=- uuid=AB14CCA262A092E70EB26B0ACB0A394B target=anchor uuid_ok=1 tag_name=0 anchor_name=0 nus=0 dfu=0 token=0 props=0x03
[AUTOPOS] SCAN hit: E9:CB:F3:C4:51:43 (random) rssi=-65 name=- bs=- uuid=840C68591E90019821AACFF1B73AAA34 target=anchor uuid_ok=1 tag_name=0 anchor_name=0 nus=0 dfu=0 token=0 props=0x03
[AUTOPOS] SCAN hit: D9:C7:9C:16:71:C9 (random) rssi=-58 name=- bs=- uuid=A892AF05DD59CF0D0D3408AD74F364A1 target=anchor uuid_ok=1 tag_name=0 anchor_name=0 nus=0 dfu=0 token=0 props=0x03
[AUTOPOS] SCAN hit: E3:77:2C:61:AA:19 (random) rssi=-71 name=- bs=- uuid=1EABFBEC28B8053FBB0D5C448112AE93 target=anchor uuid_ok=1 tag_name=0 anchor_name=0 nus=0 dfu=0 token=0 props=0x03
[AUTOPOS] SCAN hit: F2:B7:4E:8A:79:01 (random) rssi=-55 name=- bs=- uuid=4DC6B8187E33803AE8601FB0D7992B96 target=anchor uuid_ok=1 tag_name=0 anchor_name=0 nus=0 dfu=0 token=0 props=0x03
[AUTOPOS] SCAN hit: D9:C7:9C:16:71:C9 (random) rssi=-57 name=- bs=- uuid=A892AF05DD59CF0D0D3408AD74F364A1 target=anchor uuid_ok=1 tag_name=0 anchor_name=0 nus=0 dfu=0 token=0 props=0x03
[AUTOPOS] SCAN hit: E3:77:2C:61:AA:19 (random) rssi=-73 name=- bs=- uuid=1EABFBEC28B8053FBB0D5C448112AE93 target=anchor uuid_ok=1 tag_name=0 anchor_name=0 nus=0 dfu=0 token=0 props=0x03
[AUTOPOS] SCAN hit: EC:9F:55:9D:7E:A1 (random) rssi=-66 name=- bs=- uuid=B3087BC3D87CCCD316AEDC6B71D6677F target=anchor uuid_ok=1 tag_name=0 anchor_name=0 nus=0 dfu=0 token=0 props=0x03
[AUTOPOS] SCAN hit: E9:CB:F3:C4:51:43 (random) rssi=-61 name=- bs=- uuid=840C68591E90019821AACFF1B73AAA34 target=anchor uuid_ok=1 tag_name=0 anchor_name=0 nus=0 dfu=0 token=0 props=0x03
[AUTOPOS] SCAN hit: EC:9F:55:9D:7E:A1 (random) rssi=-80 name=- bs=- uuid=B3087BC3D87CCCD316AEDC6B71D6677F target=anchor uuid_ok=1 tag_name=0 anchor_name=0 nus=0 dfu=0 token=0 props=0x03
[AUTOPOS] SCAN hit: F1:B3:DF:83:B1:C9 (random) rssi=-66 name=- bs=- uuid=AB14CCA262A092E70EB26B0ACB0A394B target=anchor uuid_ok=1 tag_name=0 anchor_name=0 nus=0 dfu=0 token=0 props=0x03
[AUTOPOS] SCAN hit: E9:CB:F3:C4:51:43 (random) rssi=-60 name=- bs=- uuid=840C68591E90019821AACFF1B73AAA34 target=anchor uuid_ok=1 tag_name=0 anchor_name=0 nus=0 dfu=0 token=0 props=0x03
[AUTOPOS] SCAN hit: F2:B7:4E:8A:79:01 (random) rssi=-57 name=- bs=- uuid=4DC6B8187E33803AE8601FB0D7992B96 target=anchor uuid_ok=1 tag_name=0 anchor_name=0 nus=0 dfu=0 token=0 props=0x03
[AUTOPOS] SCAN hit: E3:77:2C:61:AA:19 (random) rssi=-71 name=- bs=- uuid=1EABFBEC28B8053FBB0D5C448112AE93 target=anchor uuid_ok=1 tag_name=0 anchor_name=0 nus=0 dfu=0 token=0 props=0x03
[AUTOPOS] SCAN hit: F2:B7:4E:8A:79:01 (random) rssi=-56 name=- bs=- uuid=4DC6B8187E33803AE8601FB0D7992B96 target=anchor uuid_ok=1 tag_name=0 anchor_name=0 nus=0 dfu=0 token=0 props=0x03
[AUTOPOS] SCAN hit: D9:C7:9C:16:71:C9 (random) rssi=-58 name=- bs=- uuid=A892AF05DD59CF0D0D3408AD74F364A1 target=anchor uuid_ok=1 tag_name=0 anchor_name=0 nus=0 dfu=0 token=0 props=0x03
[AUTOPOS] SCAN hit: F1:B3:DF:83:B1:C9 (random) rssi=-66 name=- bs=- uuid=AB14CCA262A092E70EB26B0ACB0A394B target=anchor uuid_ok=1 tag_name=0 anchor_name=0 nus=0 dfu=0 token=0 props=0x03
[AUTOPOS] SCAN hit: E3:77:2C:61:AA:19 (random) rssi=-74 name=- bs=- uuid=1EABFBEC28B8053FBB0D5C448112AE93 target=anchor uuid_ok=1 tag_name=0 anchor_name=0 nus=0 dfu=0 token=0 props=0x03
[AUTOPOS] SCAN hit: EC:9F:55:9D:7E:A1 (random) rssi=-67 name=- bs=- uuid=B3087BC3D87CCCD316AEDC6B71D6677F target=anchor uuid_ok=1 tag_name=0 anchor_name=0 nus=0 dfu=0 token=0 props=0x03
[AUTOPOS] SCAN hit: F1:B3:DF:83:B1:C9 (random) rssi=-61 name=- bs=- uuid=AB14CCA262A092E70EB26B0ACB0A394B target=anchor uuid_ok=1 tag_name=0 anchor_name=0 nus=0 dfu=0 token=0 props=0x03
[AUTOPOS] SCAN hit: E9:CB:F3:C4:51:43 (random) rssi=-64 name=- bs=- uuid=840C68591E90019821AACFF1B73AAA34 target=anchor uuid_ok=1 tag_name=0 anchor_name=0 nus=0 dfu=0 token=0 props=0x03
[AUTOPOS] SCAN hit: C0:1D:D1:D0:CE:B0 (random) rssi=-67 name=- bs=- uuid=B9179575C776C98F1CB132DD6EDC6223 target=anchor uuid_ok=1 tag_name=0 anchor_name=0 nus=0 dfu=0 token=0 props=0x03
[AUTOPOS] SCAN hit: E9:CB:F3:C4:51:43 (random) rssi=-61 name=- bs=- uuid=840C68591E90019821AACFF1B73AAA34 target=anchor uuid_ok=1 tag_name=0 anchor_name=0 nus=0 dfu=0 token=0 props=0x03
[AUTOPOS] SCAN hit: C0:1D:D1:D0:CE:B0 (random) rssi=-60 name=- bs=- uuid=B9179575C776C98F1CB132DD6EDC6223 target=anchor uuid_ok=1 tag_name=0 anchor_name=0 nus=0 dfu=0 token=0 props=0x03
[AUTOPOS] SCAN hit: F2:B7:4E:8A:79:01 (random) rssi=-55 name=- bs=- uuid=4DC6B8187E33803AE8601FB0D7992B96 target=anchor uuid_ok=1 tag_name=0 anchor_name=0 nus=0 dfu=0 token=0 props=0x03
[AUTOPOS] SCAN hit: D9:C7:9C:16:71:C9 (random) rssi=-57 name=- bs=- uuid=A892AF05DD59CF0D0D3408AD74F364A1 target=anchor uuid_ok=1 tag_name=0 anchor_name=0 nus=0 dfu=0 token=0 props=0x03
[AUTOPOS] SCAN hit: F2:B7:4E:8A:79:01 (random) rssi=-56 name=- bs=- uuid=4DC6B8187E33803AE8601FB0D7992B96 target=anchor uuid_ok=1 tag_name=0 anchor_name=0 nus=0 dfu=0 token=0 props=0x03
[AUTOPOS] SCAN hit: F1:B3:DF:83:B1:C9 (random) rssi=-60 name=- bs=- uuid=AB14CCA262A092E70EB26B0ACB0A394B target=anchor uuid_ok=1 tag_name=0 anchor_name=0 nus=0 dfu=0 token=0 props=0x03
[AUTOPOS] SCAN hit: E3:77:2C:61:AA:19 (random) rssi=-70 name=- bs=- uuid=1EABFBEC28B8053FBB0D5C448112AE93 target=anchor uuid_ok=1 tag_name=0 anchor_name=0 nus=0 dfu=0 token=0 props=0x03
[AUTOPOS] SCAN hit: EC:9F:55:9D:7E:A1 (random) rssi=-77 name=- bs=- uuid=B3087BC3D87CCCD316AEDC6B71D6677F target=anchor uuid_ok=1 tag_name=0 anchor_name=0 nus=0 dfu=0 token=0 props=0x03
[AUTOPOS] SCAN hit: E9:CB:F3:C4:51:43 (random) rssi=-60 name=- bs=- uuid=840C68591E90019821AACFF1B73AAA34 target=anchor uuid_ok=1 tag_name=0 anchor_name=0 nus=0 dfu=0 token=0 props=0x03
[AUTOPOS] SCAN hit: C0:1D:D1:D0:CE:B0 (random) rssi=-62 name=- bs=- uuid=B9179575C776C98F1CB132DD6EDC6223 target=anchor uuid_ok=1 tag_name=0 anchor_name=0 nus=0 dfu=0 token=0 props=0x03
[AUTOPOS] SCAN hit: EC:9F:55:9D:7E:A1 (random) rssi=-68 name=- bs=- uuid=B3087BC3D87CCCD316AEDC6B71D6677F target=anchor uuid_ok=1 tag_name=0 anchor_name=0 nus=0 dfu=0 token=0 props=0x03
[AUTOPOS] SCAN hit: C0:1D:D1:D0:CE:B0 (random) rssi=-67 name=- bs=- uuid=B9179575C776C98F1CB132DD6EDC6223 target=anchor uuid_ok=1 tag_name=0 anchor_name=0 nus=0 dfu=0 token=0 props=0x03
[AUTOPOS] SCAN hit: D9:C7:9C:16:71:C9 (random) rssi=-58 name=- bs=- uuid=A892AF05DD59CF0D0D3408AD74F364A1 target=anchor uuid_ok=1 tag_name=0 anchor_name=0 nus=0 dfu=0 token=0 props=0x03
[AUTOPOS] SCAN hit: F2:B7:4E:8A:79:01 (random) rssi=-56 name=- bs=- uuid=4DC6B8187E33803AE8601FB0D7992B96 target=anchor uuid_ok=1 tag_name=0 anchor_name=0 nus=0 dfu=0 token=0 props=0x03
[AUTOPOS] SCAN hit: E3:77:2C:61:AA:19 (random) rssi=-73 name=- bs=- uuid=1EABFBEC28B8053FBB0D5C448112AE93 target=anchor uuid_ok=1 tag_name=0 anchor_name=0 nus=0 dfu=0 token=0 props=0x03
[AUTOPOS] SCAN hit: F2:B7:4E:8A:79:01 (random) rssi=-55 name=- bs=- uuid=4DC6B8187E33803AE8601FB0D7992B96 target=anchor uuid_ok=1 tag_name=0 anchor_name=0 nus=0 dfu=0 token=0 props=0x03
[AUTOPOS] SCAN hit: F1:B3:DF:83:B1:C9 (random) rssi=-60 name=- bs=- uuid=AB14CCA262A092E70EB26B0ACB0A394B target=anchor uuid_ok=1 tag_name=0 anchor_name=0 nus=0 dfu=0 token=0 props=0x03
[AUTOPOS] SCAN hit: C0:1D:D1:D0:CE:B0 (random) rssi=-67 name=- bs=- uuid=B9179575C776C98F1CB132DD6EDC6223 target=anchor uuid_ok=1 tag_name=0 anchor_name=0 nus=0 dfu=0 token=0 props=0x03
[AUTOPOS] SCAN hit: EC:9F:55:9D:7E:A1 (random) rssi=-66 name=- bs=- uuid=B3087BC3D87CCCD316AEDC6B71D6677F target=anchor uuid_ok=1 tag_name=0 anchor_name=0 nus=0 dfu=0 token=0 props=0x03
[AUTOPOS] SCAN hit: F1:B3:DF:83:B1:C9 (random) rssi=-60 name=- bs=- uuid=AB14CCA262A092E70EB26B0ACB0A394B target=anchor uuid_ok=1 tag_name=0 anchor_name=0 nus=0 dfu=0 token=0 props=0x03
[AUTOPOS] SCAN hit: E9:CB:F3:C4:51:43 (random) rssi=-61 name=- bs=- uuid=840C68591E90019821AACFF1B73AAA34 target=anchor uuid_ok=1 tag_name=0 anchor_name=0 nus=0 dfu=0 token=0 props=0x03
[AUTOPOS] SCAN hit: C0:1D:D1:D0:CE:B0 (random) rssi=-60 name=- bs=- uuid=B9179575C776C98F1CB132DD6EDC6223 target=anchor uuid_ok=1 tag_name=0 anchor_name=0 nus=0 dfu=0 token=0 props=0x03
[AUTOPOS] SCAN hit: EC:9F:55:9D:7E:A1 (random) rssi=-78 name=- bs=- uuid=B3087BC3D87CCCD316AEDC6B71D6677F target=anchor uuid_ok=1 tag_name=0 anchor_name=0 nus=0 dfu=0 token=0 props=0x03
[AUTOPOS] SCAN hit: C0:1D:D1:D0:CE:B0 (random) rssi=-62 name=- bs=- uuid=B9179575C776C98F1CB132DD6EDC6223 target=anchor uuid_ok=1 tag_name=0 anchor_name=0 nus=0 dfu=0 token=0 props=0x03
[AUTOPOS] SCAN hit: E3:77:2C:61:AA:19 (random) rssi=-73 name=- bs=- uuid=1EABFBEC28B8053FBB0D5C448112AE93 target=anchor uuid_ok=1 tag_name=0 anchor_name=0 nus=0 dfu=0 token=0 props=0x03
[AUTOPOS] SCAN hit: F2:B7:4E:8A:79:01 (random) rssi=-57 name=- bs=- uuid=4DC6B8187E33803AE8601FB0D7992B96 target=anchor uuid_ok=1 tag_name=0 anchor_name=0 nus=0 dfu=0 token=0 props=0x03
[AUTOPOS] SCAN hit: D9:C7:9C:16:71:C9 (random) rssi=-57 name=- bs=- uuid=A892AF05DD59CF0D0D3408AD74F364A1 target=anchor uuid_ok=1 tag_name=0 anchor_name=0 nus=0 dfu=0 token=0 props=0x03
[AUTOPOS] SCAN hit: EC:9F:55:9D:7E:A1 (random) rssi=-77 name=- bs=- uuid=B3087BC3D87CCCD316AEDC6B71D6677F target=anchor uuid_ok=1 tag_name=0 anchor_name=0 nus=0 dfu=0 token=0 props=0x03
[AUTOPOS] SCAN hit: D9:C7:9C:16:71:C9 (random) rssi=-58 name=- bs=- uuid=A892AF05DD59CF0D0D3408AD74F364A1 target=anchor uuid_ok=1 tag_name=0 anchor_name=0 nus=0 dfu=0 token=0 props=0x03
[AUTOPOS] SCAN hit: F2:B7:4E:8A:79:01 (random) rssi=-56 name=- bs=- uuid=4DC6B8187E33803AE8601FB0D7992B96 target=anchor uuid_ok=1 tag_name=0 anchor_name=0 nus=0 dfu=0 token=0 props=0x03
[AUTOPOS] SCAN hit: F1:B3:DF:83:B1:C9 (random) rssi=-65 name=- bs=- uuid=AB14CCA262A092E70EB26B0ACB0A394B target=anchor uuid_ok=1 tag_name=0 anchor_name=0 nus=0 dfu=0 token=0 props=0x03
[AUTOPOS] SCAN hit: C0:1D:D1:D0:CE:B0 (random) rssi=-62 name=- bs=- uuid=B9179575C776C98F1CB132DD6EDC6223 target=anchor uuid_ok=1 tag_name=0 anchor_name=0 nus=0 dfu=0 token=0 props=0x03
[AUTOPOS] SCAN hit: EC:9F:55:9D:7E:A1 (random) rssi=-68 name=- bs=- uuid=B3087BC3D87CCCD316AEDC6B71D6677F target=anchor uuid_ok=1 tag_name=0 anchor_name=0 nus=0 dfu=0 token=0 props=0x03
[AUTOPOS] SCAN hit: E9:CB:F3:C4:51:43 (random) rssi=-66 name=- bs=- uuid=840C68591E90019821AACFF1B73AAA34 target=anchor uuid_ok=1 tag_name=0 anchor_name=0 nus=0 dfu=0 token=0 props=0x03
[AUTOPOS] SCAN hit: F1:B3:DF:83:B1:C9 (random) rssi=-61 name=- bs=- uuid=AB14CCA262A092E70EB26B0ACB0A394B target=anchor uuid_ok=1 tag_name=0 anchor_name=0 nus=0 dfu=0 token=0 props=0x03
[AUTOPOS] SCAN hit: E3:77:2C:61:AA:19 (random) rssi=-71 name=- bs=- uuid=1EABFBEC28B8053FBB0D5C448112AE93 target=anchor uuid_ok=1 tag_name=0 anchor_name=0 nus=0 dfu=0 token=0 props=0x03
[AUTOPOS] SCAN hit: D9:C7:9C:16:71:C9 (random) rssi=-57 name=- bs=- uuid=A892AF05DD59CF0D0D3408AD74F364A1 target=anchor uuid_ok=1 tag_name=0 anchor_name=0 nus=0 dfu=0 token=0 props=0x03
[AUTOPOS] SCAN hit: F1:B3:DF:83:B1:C9 (random) rssi=-64 name=- bs=- uuid=AB14CCA262A092E70EB26B0ACB0A394B target=anchor uuid_ok=1 tag_name=0 anchor_name=0 nus=0 dfu=0 token=0 props=0x03
[AUTOPOS] SCAN hit: E3:77:2C:61:AA:19 (random) rssi=-73 name=- bs=- uuid=1EABFBEC28B8053FBB0D5C448112AE93 target=anchor uuid_ok=1 tag_name=0 anchor_name=0 nus=0 dfu=0 token=0 props=0x03
[AUTOPOS] SCAN hit: D9:C7:9C:16:71:C9 (random) rssi=-57 name=- bs=- uuid=A892AF05DD59CF0D0D3408AD74F364A1 target=anchor uuid_ok=1 tag_name=0 anchor_name=0 nus=0 dfu=0 token=0 props=0x03
[AUTOPOS] SCAN hit: F2:B7:4E:8A:79:01 (random) rssi=-56 name=- bs=- uuid=4DC6B8187E33803AE8601FB0D7992B96 target=anchor uuid_ok=1 tag_name=0 anchor_name=0 nus=0 dfu=0 token=0 props=0x03
[AUTOPOS] SCAN hit: E9:CB:F3:C4:51:43 (random) rssi=-61 name=- bs=- uuid=840C68591E90019821AACFF1B73AAA34 target=anchor uuid_ok=1 tag_name=0 anchor_name=0 nus=0 dfu=0 token=0 props=0x03
[AUTOPOS] SCAN hit: C0:1D:D1:D0:CE:B0 (random) rssi=-60 name=- bs=- uuid=B9179575C776C98F1CB132DD6EDC6223 target=anchor uuid_ok=1 tag_name=0 anchor_name=0 nus=0 dfu=0 token=0 props=0x03
[AUTOPOS] SCAN hit: E3:77:2C:61:AA:19 (random) rssi=-70 name=- bs=- uuid=1EABFBEC28B8053FBB0D5C448112AE93 target=anchor uuid_ok=1 tag_name=0 anchor_name=0 nus=0 dfu=0 token=0 props=0x03
[AUTOPOS] SCAN hit: EC:9F:55:9D:7E:A1 (random) rssi=-80 name=- bs=- uuid=B3087BC3D87CCCD316AEDC6B71D6677F target=anchor uuid_ok=1 tag_name=0 anchor_name=0 nus=0 dfu=0 token=0 props=0x03
[AUTOPOS] SCAN hit: C0:1D:D1:D0:CE:B0 (random) rssi=-62 name=- bs=- uuid=B9179575C776C98F1CB132DD6EDC6223 target=anchor uuid_ok=1 tag_name=0 anchor_name=0 nus=0 dfu=0 token=0 props=0x03
[AUTOPOS] SCAN hit: D9:C7:9C:16:71:C9 (random) rssi=-58 name=- bs=- uuid=A892AF05DD59CF0D0D3408AD74F364A1 target=anchor uuid_ok=1 tag_name=0 anchor_name=0 nus=0 dfu=0 token=0 props=0x03
[AUTOPOS] SCAN hit: F2:B7:4E:8A:79:01 (random) rssi=-56 name=- bs=- uuid=4DC6B8187E33803AE8601FB0D7992B96 target=anchor uuid_ok=1 tag_name=0 anchor_name=0 nus=0 dfu=0 token=0 props=0x03
[AUTOPOS] SCAN hit: E3:77:2C:61:AA:19 (random) rssi=-72 name=- bs=- uuid=1EABFBEC28B8053FBB0D5C448112AE93 target=anchor uuid_ok=1 tag_name=0 anchor_name=0 nus=0 dfu=0 token=0 props=0x03
[AUTOPOS] SCAN hit: EC:9F:55:9D:7E:A1 (random) rssi=-67 name=- bs=- uuid=B3087BC3D87CCCD316AEDC6B71D6677F target=anchor uuid_ok=1 tag_name=0 anchor_name=0 nus=0 dfu=0 token=0 props=0x03
[AUTOPOS] SCAN hit: F2:B7:4E:8A:79:01 (random) rssi=-55 name=- bs=- uuid=4DC6B8187E33803AE8601FB0D7992B96 target=anchor uuid_ok=1 tag_name=0 anchor_name=0 nus=0 dfu=0 token=0 props=0x03
[AUTOPOS] SCAN hit: E9:CB:F3:C4:51:43 (random) rssi=-64 name=- bs=- uuid=840C68591E90019821AACFF1B73AAA34 target=anchor uuid_ok=1 tag_name=0 anchor_name=0 nus=0 dfu=0 token=0 props=0x03
[AUTOPOS] SCAN hit: C0:1D:D1:D0:CE:B0 (random) rssi=-68 name=- bs=- uuid=B9179575C776C98F1CB132DD6EDC6223 target=anchor uuid_ok=1 tag_name=0 anchor_name=0 nus=0 dfu=0 token=0 props=0x03
[AUTOPOS] SCAN hit: EC:9F:55:9D:7E:A1 (random) rssi=-65 name=- bs=- uuid=B3087BC3D87CCCD316AEDC6B71D6677F target=anchor uuid_ok=1 tag_name=0 anchor_name=0 nus=0 dfu=0 token=0 props=0x03
[AUTOPOS] SCAN hit: D9:C7:9C:16:71:C9 (random) rssi=-61 name=- bs=- uuid=A892AF05DD59CF0D0D3408AD74F364A1 target=anchor uuid_ok=1 tag_name=0 anchor_name=0 nus=0 dfu=0 token=0 props=0x03
[AUTOPOS] SCAN hit: F2:B7:4E:8A:79:01 (random) rssi=-57 name=- bs=- uuid=4DC6B8187E33803AE8601FB0D7992B96 target=anchor uuid_ok=1 tag_name=0 anchor_name=0 nus=0 dfu=0 token=0 props=0x03
[AUTOPOS] SCAN hit: F1:B3:DF:83:B1:C9 (random) rssi=-60 name=- bs=- uuid=AB14CCA262A092E70EB26B0ACB0A394B target=anchor uuid_ok=1 tag_name=0 anchor_name=0 nus=0 dfu=0 token=0 props=0x03
[AUTOPOS] SCAN hit: E3:77:2C:61:AA:19 (random) rssi=-71 name=- bs=- uuid=1EABFBEC28B8053FBB0D5C448112AE93 target=anchor uuid_ok=1 tag_name=0 anchor_name=0 nus=0 dfu=0 token=0 props=0x03
[AUTOPOS] SCAN hit: EC:9F:55:9D:7E:A1 (random) rssi=-78 name=- bs=- uuid=B3087BC3D87CCCD316AEDC6B71D6677F target=anchor uuid_ok=1 tag_name=0 anchor_name=0 nus=0 dfu=0 token=0 props=0x03
[AUTOPOS] SCAN hit: F1:B3:DF:83:B1:C9 (random) rssi=-65 name=- bs=- uuid=AB14CCA262A092E70EB26B0ACB0A394B target=anchor uuid_ok=1 tag_name=0 anchor_name=0 nus=0 dfu=0 token=0 props=0x03
[AUTOPOS] SCAN hit: E9:CB:F3:C4:51:43 (random) rssi=-60 name=- bs=- uuid=840C68591E90019821AACFF1B73AAA34 target=anchor uuid_ok=1 tag_name=0 anchor_name=0 nus=0 dfu=0 token=0 props=0x03
[AUTOPOS] SCAN hit: C0:1D:D1:D0:CE:B0 (random) rssi=-62 name=- bs=- uuid=B9179575C776C98F1CB132DD6EDC6223 target=anchor uuid_ok=1 tag_name=0 anchor_name=0 nus=0 dfu=0 token=0 props=0x03
[AUTOPOS] SCAN hit: E3:77:2C:61:AA:19 (random) rssi=-75 name=- bs=- uuid=1EABFBEC28B8053FBB0D5C448112AE93 target=anchor uuid_ok=1 tag_name=0 anchor_name=0 nus=0 dfu=0 token=0 props=0x03
[AUTOPOS] SCAN hit: EC:9F:55:9D:7E:A1 (random) rssi=-67 name=- bs=- uuid=B3087BC3D87CCCD316AEDC6B71D6677F target=anchor uuid_ok=1 tag_name=0 anchor_name=0 nus=0 dfu=0 token=0 props=0x03
[AUTOPOS] SCAN hit: D9:C7:9C:16:71:C9 (random) rssi=-57 name=- bs=- uuid=A892AF05DD59CF0D0D3408AD74F364A1 target=anchor uuid_ok=1 tag_name=0 anchor_name=0 nus=0 dfu=0 token=0 props=0x03
[AUTOPOS] SCAN hit: C0:1D:D1:D0:CE:B0 (random) rssi=-67 name=- bs=- uuid=B9179575C776C98F1CB132DD6EDC6223 target=anchor uuid_ok=1 tag_name=0 anchor_name=0 nus=0 dfu=0 token=0 props=0x03
[AUTOPOS] SCAN hit: D9:C7:9C:16:71:C9 (random) rssi=-58 name=- bs=- uuid=A892AF05DD59CF0D0D3408AD74F364A1 target=anchor uuid_ok=1 tag_name=0 anchor_name=0 nus=0 dfu=0 token=0 props=0x03
[AUTOPOS] SCAN hit: F2:B7:4E:8A:79:01 (random) rssi=-56 name=- bs=- uuid=4DC6B8187E33803AE8601FB0D7992B96 target=anchor uuid_ok=1 tag_name=0 anchor_name=0 nus=0 dfu=0 token=0 props=0x03
[AUTOPOS] SCAN hit: D9:C7:9C:16:71:C9 (random) rssi=-58 name=- bs=- uuid=A892AF05DD59CF0D0D3408AD74F364A1 target=anchor uuid_ok=1 tag_name=0 anchor_name=0 nus=0 dfu=0 token=0 props=0x03
[AUTOPOS] SCAN hit: E9:CB:F3:C4:51:43 (random) rssi=-65 name=- bs=- uuid=840C68591E90019821AACFF1B73AAA34 target=anchor uuid_ok=1 tag_name=0 anchor_name=0 nus=0 dfu=0 token=0 props=0x03
[AUTOPOS] SCAN hit: F2:B7:4E:8A:79:01 (random) rssi=-55 name=- bs=- uuid=4DC6B8187E33803AE8601FB0D7992B96 target=anchor uuid_ok=1 tag_name=0 anchor_name=0 nus=0 dfu=0 token=0 props=0x03
[AUTOPOS] SCAN hit: F1:B3:DF:83:B1:C9 (random) rssi=-60 name=- bs=- uuid=AB14CCA262A092E70EB26B0ACB0A394B target=anchor uuid_ok=1 tag_name=0 anchor_name=0 nus=0 dfu=0 token=0 props=0x03
[AUTOPOS] SCAN hit: EC:9F:55:9D:7E:A1 (random) rssi=-66 name=- bs=- uuid=B3087BC3D87CCCD316AEDC6B71D6677F target=anchor uuid_ok=1 tag_name=0 anchor_name=0 nus=0 dfu=0 token=0 props=0x03
[AUTOPOS] SCAN hit: E3:77:2C:61:AA:19 (random) rssi=-73 name=- bs=- uuid=1EABFBEC28B8053FBB0D5C448112AE93 target=anchor uuid_ok=1 tag_name=0 anchor_name=0 nus=0 dfu=0 token=0 props=0x03
[AUTOPOS] SCAN hit: F1:B3:DF:83:B1:C9 (random) rssi=-60 name=- bs=- uuid=AB14CCA262A092E70EB26B0ACB0A394B target=anchor uuid_ok=1 tag_name=0 anchor_name=0 nus=0 dfu=0 token=0 props=0x03
[AUTOPOS] SCAN hit: C0:1D:D1:D0:CE:B0 (random) rssi=-60 name=- bs=- uuid=B9179575C776C98F1CB132DD6EDC6223 target=anchor uuid_ok=1 tag_name=0 anchor_name=0 nus=0 dfu=0 token=0 props=0x03
[AUTOPOS] SCAN hit: EC:9F:55:9D:7E:A1 (random) rssi=-78 name=- bs=- uuid=B3087BC3D87CCCD316AEDC6B71D6677F target=anchor uuid_ok=1 tag_name=0 anchor_name=0 nus=0 dfu=0 token=0 props=0x03
[AUTOPOS] SCAN hit: E3:77:2C:61:AA:19 (random) rssi=-71 name=- bs=- uuid=1EABFBEC28B8053FBB0D5C448112AE93 target=anchor uuid_ok=1 tag_name=0 anchor_name=0 nus=0 dfu=0 token=0 props=0x03
[AUTOPOS] SCAN hit: C0:1D:D1:D0:CE:B0 (random) rssi=-62 name=- bs=- uuid=B9179575C776C98F1CB132DD6EDC6223 target=anchor uuid_ok=1 tag_name=0 anchor_name=0 nus=0 dfu=0 token=0 props=0x03
[AUTOPOS] SCAN hit: D9:C7:9C:16:71:C9 (random) rssi=-57 name=- bs=- uuid=A892AF05DD59CF0D0D3408AD74F364A1 target=anchor uuid_ok=1 tag_name=0 anchor_name=0 nus=0 dfu=0 token=0 props=0x03
[AUTOPOS] SCAN hit: E9:CB:F3:C4:51:43 (random) rssi=-61 name=- bs=- uuid=840C68591E90019821AACFF1B73AAA34 target=anchor uuid_ok=1 tag_name=0 anchor_name=0 nus=0 dfu=0 token=0 props=0x03
[AUTOPOS] SCAN hit: F2:B7:4E:8A:79:01 (random) rssi=-56 name=- bs=- uuid=4DC6B8187E33803AE8601FB0D7992B96 target=anchor uuid_ok=1 tag_name=0 anchor_name=0 nus=0 dfu=0 token=0 props=0x03
[AUTOPOS] SCAN hit: E9:CB:F3:C4:51:43 (random) rssi=-60 name=- bs=- uuid=840C68591E90019821AACFF1B73AAA34 target=anchor uuid_ok=1 tag_name=0 anchor_name=0 nus=0 dfu=0 token=0 props=0x03
[AUTOPOS] SCAN hit: F2:B7:4E:8A:79:01 (random) rssi=-56 name=- bs=- uuid=4DC6B8187E33803AE8601FB0D7992B96 target=anchor uuid_ok=1 tag_name=0 anchor_name=0 nus=0 dfu=0 token=0 props=0x03
[AUTOPOS] SCAN hit: F1:B3:DF:83:B1:C9 (random) rssi=-65 name=- bs=- uuid=AB14CCA262A092E70EB26B0ACB0A394B target=anchor uuid_ok=1 tag_name=0 anchor_name=0 nus=0 dfu=0 token=0 props=0x03
[AUTOPOS] SCAN hit: EC:9F:55:9D:7E:A1 (random) rssi=-67 name=- bs=- uuid=B3087BC3D87CCCD316AEDC6B71D6677F target=anchor uuid_ok=1 tag_name=0 anchor_name=0 nus=0 dfu=0 token=0 props=0x03
[AUTOPOS] SCAN hit: F1:B3:DF:83:B1:C9 (random) rssi=-61 name=- bs=- uuid=AB14CCA262A092E70EB26B0ACB0A394B target=anchor uuid_ok=1 tag_name=0 anchor_name=0 nus=0 dfu=0 token=0 props=0x03
[AUTOPOS] SCAN hit: C0:1D:D1:D0:CE:B0 (random) rssi=-67 name=- bs=- uuid=B9179575C776C98F1CB132DD6EDC6223 target=anchor uuid_ok=1 tag_name=0 anchor_name=0 nus=0 dfu=0 token=0 props=0x03
[AUTOPOS] SCAN hit: EC:9F:55:9D:7E:A1 (random) rssi=-66 name=- bs=- uuid=B3087BC3D87CCCD316AEDC6B71D6677F target=anchor uuid_ok=1 tag_name=0 anchor_name=0 nus=0 dfu=0 token=0 props=0x03
[AUTOPOS] SCAN hit: D9:C7:9C:16:71:C9 (random) rssi=-58 name=- bs=- uuid=A892AF05DD59CF0D0D3408AD74F364A1 target=anchor uuid_ok=1 tag_name=0 anchor_name=0 nus=0 dfu=0 token=0 props=0x03
[AUTOPOS] SCAN hit: C0:1D:D1:D0:CE:B0 (random) rssi=-60 name=- bs=- uuid=B9179575C776C98F1CB132DD6EDC6223 target=anchor uuid_ok=1 tag_name=0 anchor_name=0 nus=0 dfu=0 token=0 props=0x03
[AUTOPOS] SCAN hit: E3:77:2C:61:AA:19 (random) rssi=-71 name=- bs=- uuid=1EABFBEC28B8053FBB0D5C448112AE93 target=anchor uuid_ok=1 tag_name=0 anchor_name=0 nus=0 dfu=0 token=0 props=0x03
[AUTOPOS] SCAN hit: E9:CB:F3:C4:51:43 (random) rssi=-65 name=- bs=- uuid=840C68591E90019821AACFF1B73AAA34 target=anchor uuid_ok=1 tag_name=0 anchor_name=0 nus=0 dfu=0 token=0 props=0x03
[AUTOPOS] SCAN hit: F2:B7:4E:8A:79:01 (random) rssi=-55 name=- bs=- uuid=4DC6B8187E33803AE8601FB0D7992B96 target=anchor uuid_ok=1 tag_name=0 anchor_name=0 nus=0 dfu=0 token=0 props=0x03
[AUTOPOS] SCAN hit: E9:CB:F3:C4:51:43 (random) rssi=-61 name=- bs=- uuid=840C68591E90019821AACFF1B73AAA34 target=anchor uuid_ok=1 tag_name=0 anchor_name=0 nus=0 dfu=0 token=0 props=0x03
[AUTOPOS] SCAN hit: F2:B7:4E:8A:79:01 (random) rssi=-56 name=- bs=- uuid=4DC6B8187E33803AE8601FB0D7992B96 target=anchor uuid_ok=1 tag_name=0 anchor_name=0 nus=0 dfu=0 token=0 props=0x03
[AUTOPOS] SCAN hit: F1:B3:DF:83:B1:C9 (random) rssi=-60 name=- bs=- uuid=AB14CCA262A092E70EB26B0ACB0A394B target=anchor uuid_ok=1 tag_name=0 anchor_name=0 nus=0 dfu=0 token=0 props=0x03
[AUTOPOS] SCAN hit: C0:1D:D1:D0:CE:B0 (random) rssi=-62 name=- bs=- uuid=B9179575C776C98F1CB132DD6EDC6223 target=anchor uuid_ok=1 tag_name=0 anchor_name=0 nus=0 dfu=0 token=0 props=0x03
[AUTOPOS] SCAN hit: EC:9F:55:9D:7E:A1 (random) rssi=-67 name=- bs=- uuid=B3087BC3D87CCCD316AEDC6B71D6677F target=anchor uuid_ok=1 tag_name=0 anchor_name=0 nus=0 dfu=0 token=0 props=0x03
[AUTOPOS] SCAN hit: C0:1D:D1:D0:CE:B0 (random) rssi=-67 name=- bs=- uuid=B9179575C776C98F1CB132DD6EDC6223 target=anchor uuid_ok=1 tag_name=0 anchor_name=0 nus=0 dfu=0 token=0 props=0x03
[AUTOPOS] SCAN hit: E3:77:2C:61:AA:19 (random) rssi=-72 name=- bs=- uuid=1EABFBEC28B8053FBB0D5C448112AE93 target=anchor uuid_ok=1 tag_name=0 anchor_name=0 nus=0 dfu=0 token=0 props=0x03
[AUTOPOS] SCAN hit: D9:C7:9C:16:71:C9 (random) rssi=-58 name=- bs=- uuid=A892AF05DD59CF0D0D3408AD74F364A1 target=anchor uuid_ok=1 tag_name=0 anchor_name=0 nus=0 dfu=0 token=0 props=0x03
[AUTOPOS] SCAN hit: E9:CB:F3:C4:51:43 (random) rssi=-60 name=- bs=- uuid=840C68591E90019821AACFF1B73AAA34 target=anchor uuid_ok=1 tag_name=0 anchor_name=0 nus=0 dfu=0 token=0 props=0x03
[AUTOPOS] SCAN hit: F2:B7:4E:8A:79:01 (random) rssi=-56 name=- bs=- uuid=4DC6B8187E33803AE8601FB0D7992B96 target=anchor uuid_ok=1 tag_name=0 anchor_name=0 nus=0 dfu=0 token=0 props=0x03
[AUTOPOS] SCAN hit: F1:B3:DF:83:B1:C9 (random) rssi=-66 name=- bs=- uuid=AB14CCA262A092E70EB26B0ACB0A394B target=anchor uuid_ok=1 tag_name=0 anchor_name=0 nus=0 dfu=0 token=0 props=0x03
[AUTOPOS] SCAN hit: E9:CB:F3:C4:51:43 (random) rssi=-64 name=- bs=- uuid=840C68591E90019821AACFF1B73AAA34 target=anchor uuid_ok=1 tag_name=0 anchor_name=0 nus=0 dfu=0 token=0 props=0x03
[AUTOPOS] SCAN hit: F1:B3:DF:83:B1:C9 (random) rssi=-61 name=- bs=- uuid=AB14CCA262A092E70EB26B0ACB0A394B target=anchor uuid_ok=1 tag_name=0 anchor_name=0 nus=0 dfu=0 token=0 props=0x03
[AUTOPOS] SCAN hit: C0:1D:D1:D0:CE:B0 (random) rssi=-60 name=- bs=- uuid=B9179575C776C98F1CB132DD6EDC6223 target=anchor uuid_ok=1 tag_name=0 anchor_name=0 nus=0 dfu=0 token=0 props=0x03
[AUTOPOS] SCAN hit: D9:C7:9C:16:71:C9 (random) rssi=-57 name=- bs=- uuid=A892AF05DD59CF0D0D3408AD74F364A1 target=anchor uuid_ok=1 tag_name=0 anchor_name=0 nus=0 dfu=0 token=0 props=0x03
[AUTOPOS] SCAN hit: E3:77:2C:61:AA:19 (random) rssi=-72 name=- bs=- uuid=1EABFBEC28B8053FBB0D5C448112AE93 target=anchor uuid_ok=1 tag_name=0 anchor_name=0 nus=0 dfu=0 token=0 props=0x03
[AUTOPOS] SCAN hit: EC:9F:55:9D:7E:A1 (random) rssi=-78 name=- bs=- uuid=B3087BC3D87CCCD316AEDC6B71D6677F target=anchor uuid_ok=1 tag_name=0 anchor_name=0 nus=0 dfu=0 token=0 props=0x03
[AUTOPOS] SCAN hit: E9:CB:F3:C4:51:43 (random) rssi=-64 name=- bs=- uuid=840C68591E90019821AACFF1B73AAA34 target=anchor uuid_ok=1 tag_name=0 anchor_name=0 nus=0 dfu=0 token=0 props=0x03
[AUTOPOS] SCAN hit: C0:1D:D1:D0:CE:B0 (random) rssi=-61 name=- bs=- uuid=B9179575C776C98F1CB132DD6EDC6223 target=anchor uuid_ok=1 tag_name=0 anchor_name=0 nus=0 dfu=0 token=0 props=0x03
[AUTOPOS] SCAN hit: D9:C7:9C:16:71:C9 (random) rssi=-57 name=- bs=- uuid=A892AF05DD59CF0D0D3408AD74F364A1 target=anchor uuid_ok=1 tag_name=0 anchor_name=0 nus=0 dfu=0 token=0 props=0x03
[AUTOPOS] SCAN hit: E3:77:2C:61:AA:19 (random) rssi=-75 name=- bs=- uuid=1EABFBEC28B8053FBB0D5C448112AE93 target=anchor uuid_ok=1 tag_name=0 anchor_name=0 nus=0 dfu=0 token=0 props=0x03
[AUTOPOS] SCAN hit: F2:B7:4E:8A:79:01 (random) rssi=-56 name=- bs=- uuid=4DC6B8187E33803AE8601FB0D7992B96 target=anchor uuid_ok=1 tag_name=0 anchor_name=0 nus=0 dfu=0 token=0 props=0x03
[AUTOPOS] SCAN hit: F1:B3:DF:83:B1:C9 (random) rssi=-60 name=- bs=- uuid=AB14CCA262A092E70EB26B0ACB0A394B target=anchor uuid_ok=1 tag_name=0 anchor_name=0 nus=0 dfu=0 token=0 props=0x03
[AUTOPOS] SCAN hit: F2:B7:4E:8A:79:01 (random) rssi=-56 name=- bs=- uuid=4DC6B8187E33803AE8601FB0D7992B96 target=anchor uuid_ok=1 tag_name=0 anchor_name=0 nus=0 dfu=0 token=0 props=0x03
[AUTOPOS] SCAN hit: F1:B3:DF:83:B1:C9 (random) rssi=-65 name=- bs=- uuid=AB14CCA262A092E70EB26B0ACB0A394B target=anchor uuid_ok=1 tag_name=0 anchor_name=0 nus=0 dfu=0 token=0 props=0x03
[AUTOPOS] SCAN hit: D9:C7:9C:16:71:C9 (random) rssi=-57 name=- bs=- uuid=A892AF05DD59CF0D0D3408AD74F364A1 target=anchor uuid_ok=1 tag_name=0 anchor_name=0 nus=0 dfu=0 token=0 props=0x03
[AUTOPOS] SCAN hit: C0:1D:D1:D0:CE:B0 (random) rssi=-67 name=- bs=- uuid=B9179575C776C98F1CB132DD6EDC6223 target=anchor uuid_ok=1 tag_name=0 anchor_name=0 nus=0 dfu=0 token=0 props=0x03
[AUTOPOS] SCAN hit: D9:C7:9C:16:71:C9 (random) rssi=-58 name=- bs=- uuid=A892AF05DD59CF0D0D3408AD74F364A1 target=anchor uuid_ok=1 tag_name=0 anchor_name=0 nus=0 dfu=0 token=0 props=0x03
[AUTOPOS] SCAN hit: E3:77:2C:61:AA:19 (random) rssi=-74 name=- bs=- uuid=1EABFBEC28B8053FBB0D5C448112AE93 target=anchor uuid_ok=1 tag_name=0 anchor_name=0 nus=0 dfu=0 token=0 props=0x03
[AUTOPOS] SCAN hit: E9:CB:F3:C4:51:43 (random) rssi=-60 name=- bs=- uuid=840C68591E90019821AACFF1B73AAA34 target=anchor uuid_ok=1 tag_name=0 anchor_name=0 nus=0 dfu=0 token=0 props=0x03
[AUTOPOS] SCAN hit: E9:CB:F3:C4:51:43 (random) rssi=-65 name=- bs=- uuid=840C68591E90019821AACFF1B73AAA34 target=anchor uuid_ok=1 tag_name=0 anchor_name=0 nus=0 dfu=0 token=0 props=0x03
[AUTOPOS] SCAN hit: EC:9F:55:9D:7E:A1 (random) rssi=-76 name=- bs=- uuid=B3087BC3D87CCCD316AEDC6B71D6677F target=anchor uuid_ok=1 tag_name=0 anchor_name=0 nus=0 dfu=0 token=0 props=0x03
[AUTOPOS] SCAN hit: F2:B7:4E:8A:79:01 (random) rssi=-55 name=- bs=- uuid=4DC6B8187E33803AE8601FB0D7992B96 target=anchor uuid_ok=1 tag_name=0 anchor_name=0 nus=0 dfu=0 token=0 props=0x03
[AUTOPOS] SCAN hit: F1:B3:DF:83:B1:C9 (random) rssi=-60 name=- bs=- uuid=AB14CCA262A092E70EB26B0ACB0A394B target=anchor uuid_ok=1 tag_name=0 anchor_name=0 nus=0 dfu=0 token=0 props=0x03
[AUTOPOS] SCAN hit: F2:B7:4E:8A:79:01 (random) rssi=-56 name=- bs=- uuid=4DC6B8187E33803AE8601FB0D7992B96 target=anchor uuid_ok=1 tag_name=0 anchor_name=0 nus=0 dfu=0 token=0 props=0x03
[AUTOPOS] SCAN hit: F1:B3:DF:83:B1:C9 (random) rssi=-60 name=- bs=- uuid=AB14CCA262A092E70EB26B0ACB0A394B target=anchor uuid_ok=1 tag_name=0 anchor_name=0 nus=0 dfu=0 token=0 props=0x03
[AUTOPOS] SCAN hit: D9:C7:9C:16:71:C9 (random) rssi=-57 name=- bs=- uuid=A892AF05DD59CF0D0D3408AD74F364A1 target=anchor uuid_ok=1 tag_name=0 anchor_name=0 nus=0 dfu=0 token=0 props=0x03
[AUTOPOS] SCAN hit: C0:1D:D1:D0:CE:B0 (random) rssi=-62 name=- bs=- uuid=B9179575C776C98F1CB132DD6EDC6223 target=anchor uuid_ok=1 tag_name=0 anchor_name=0 nus=0 dfu=0 token=0 props=0x03
[AUTOPOS] SCAN hit: D9:C7:9C:16:71:C9 (random) rssi=-57 name=- bs=- uuid=A892AF05DD59CF0D0D3408AD74F364A1 target=anchor uuid_ok=1 tag_name=0 anchor_name=0 nus=0 dfu=0 token=0 props=0x03
[AUTOPOS] SCAN hit: E9:CB:F3:C4:51:43 (random) rssi=-61 name=- bs=- uuid=840C68591E90019821AACFF1B73AAA34 target=anchor uuid_ok=1 tag_name=0 anchor_name=0 nus=0 dfu=0 token=0 props=0x03
[AUTOPOS] SCAN hit: E3:77:2C:61:AA:19 (random) rssi=-73 name=- bs=- uuid=1EABFBEC28B8053FBB0D5C448112AE93 target=anchor uuid_ok=1 tag_name=0 anchor_name=0 nus=0 dfu=0 token=0 props=0x03
[AUTOPOS] SCAN hit: C0:1D:D1:D0:CE:B0 (random) rssi=-66 name=- bs=- uuid=B9179575C776C98F1CB132DD6EDC6223 target=anchor uuid_ok=1 tag_name=0 anchor_name=0 nus=0 dfu=0 token=0 props=0x03
[AUTOPOS] SCAN hit: E3:77:2C:61:AA:19 (random) rssi=-72 name=- bs=- uuid=1EABFBEC28B8053FBB0D5C448112AE93 target=anchor uuid_ok=1 tag_name=0 anchor_name=0 nus=0 dfu=0 token=0 props=0x03
[AUTOPOS] SCAN hit: EC:9F:55:9D:7E:A1 (random) rssi=-66 name=- bs=- uuid=B3087BC3D87CCCD316AEDC6B71D6677F target=anchor uuid_ok=1 tag_name=0 anchor_name=0 nus=0 dfu=0 token=0 props=0x03
[AUTOPOS] SCAN hit: F1:B3:DF:83:B1:C9 (random) rssi=-65 name=- bs=- uuid=AB14CCA262A092E70EB26B0ACB0A394B target=anchor uuid_ok=1 tag_name=0 anchor_name=0 nus=0 dfu=0 token=0 props=0x03
[AUTOPOS] SCAN hit: EC:9F:55:9D:7E:A1 (random) rssi=-80 name=- bs=- uuid=B3087BC3D87CCCD316AEDC6B71D6677F target=anchor uuid_ok=1 tag_name=0 anchor_name=0 nus=0 dfu=0 token=0 props=0x03
[AUTOPOS] SCAN hit: F2:B7:4E:8A:79:01 (random) rssi=-55 name=- bs=- uuid=4DC6B8187E33803AE8601FB0D7992B96 target=anchor uuid_ok=1 tag_name=0 anchor_name=0 nus=0 dfu=0 token=0 props=0x03
[AUTOPOS] SCAN hit: D9:C7:9C:16:71:C9 (random) rssi=-58 name=- bs=- uuid=A892AF05DD59CF0D0D3408AD74F364A1 target=anchor uuid_ok=1 tag_name=0 anchor_name=0 nus=0 dfu=0 token=0 props=0x03
[AUTOPOS] SCAN hit: C0:1D:D1:D0:CE:B0 (random) rssi=-60 name=- bs=- uuid=B9179575C776C98F1CB132DD6EDC6223 target=anchor uuid_ok=1 tag_name=0 anchor_name=0 nus=0 dfu=0 token=0 props=0x03
[AUTOPOS] SCAN hit: D9:C7:9C:16:71:C9 (random) rssi=-57 name=- bs=- uuid=A892AF05DD59CF0D0D3408AD74F364A1 target=anchor uuid_ok=1 tag_name=0 anchor_name=0 nus=0 dfu=0 token=0 props=0x03
[AUTOPOS] SCAN hit: E9:CB:F3:C4:51:43 (random) rssi=-65 name=- bs=- uuid=840C68591E90019821AACFF1B73AAA34 target=anchor uuid_ok=1 tag_name=0 anchor_name=0 nus=0 dfu=0 token=0 props=0x03
[AUTOPOS] SCAN hit: E3:77:2C:61:AA:19 (random) rssi=-70 name=- bs=- uuid=1EABFBEC28B8053FBB0D5C448112AE93 target=anchor uuid_ok=1 tag_name=0 anchor_name=0 nus=0 dfu=0 token=0 props=0x03
[AUTOPOS] SCAN hit: EC:9F:55:9D:7E:A1 (random) rssi=-79 name=- bs=- uuid=B3087BC3D87CCCD316AEDC6B71D6677F target=anchor uuid_ok=1 tag_name=0 anchor_name=0 nus=0 dfu=0 token=0 props=0x03
[AUTOPOS] SCAN hit: E9:CB:F3:C4:51:43 (random) rssi=-60 name=- bs=- uuid=840C68591E90019821AACFF1B73AAA34 target=anchor uuid_ok=1 tag_name=0 anchor_name=0 nus=0 dfu=0 token=0 props=0x03
[AUTOPOS] SCAN hit: EC:9F:55:9D:7E:A1 (random) rssi=-67 name=- bs=- uuid=B3087BC3D87CCCD316AEDC6B71D6677F target=anchor uuid_ok=1 tag_name=0 anchor_name=0 nus=0 dfu=0 token=0 props=0x03
[AUTOPOS] SCAN hit: F1:B3:DF:83:B1:C9 (random) rssi=-60 name=- bs=- uuid=AB14CCA262A092E70EB26B0ACB0A394B target=anchor uuid_ok=1 tag_name=0 anchor_name=0 nus=0 dfu=0 token=0 props=0x03
[AUTOPOS] SCAN hit: F2:B7:4E:8A:79:01 (random) rssi=-56 name=- bs=- uuid=4DC6B8187E33803AE8601FB0D7992B96 target=anchor uuid_ok=1 tag_name=0 anchor_name=0 nus=0 dfu=0 token=0 props=0x03
[AUTOPOS] SCAN hit: F1:B3:DF:83:B1:C9 (random) rssi=-65 name=- bs=- uuid=AB14CCA262A092E70EB26B0ACB0A394B target=anchor uuid_ok=1 tag_name=0 anchor_name=0 nus=0 dfu=0 token=0 props=0x03
[AUTOPOS] SCAN hit: F2:B7:4E:8A:79:01 (random) rssi=-56 name=- bs=- uuid=4DC6B8187E33803AE8601FB0D7992B96 target=anchor uuid_ok=1 tag_name=0 anchor_name=0 nus=0 dfu=0 token=0 props=0x03
[AUTOPOS] SCAN hit: D9:C7:9C:16:71:C9 (random) rssi=-57 name=- bs=- uuid=A892AF05DD59CF0D0D3408AD74F364A1 target=anchor uuid_ok=1 tag_name=0 anchor_name=0 nus=0 dfu=0 token=0 props=0x03
[AUTOPOS] SCAN hit: C0:1D:D1:D0:CE:B0 (random) rssi=-66 name=- bs=- uuid=B9179575C776C98F1CB132DD6EDC6223 target=anchor uuid_ok=1 tag_name=0 anchor_name=0 nus=0 dfu=0 token=0 props=0x03
[AUTOPOS] SCAN hit: D9:C7:9C:16:71:C9 (random) rssi=-58 name=- bs=- uuid=A892AF05DD59CF0D0D3408AD74F364A1 target=anchor uuid_ok=1 tag_name=0 anchor_name=0 nus=0 dfu=0 token=0 props=0x03
[AUTOPOS] SCAN hit: E9:CB:F3:C4:51:43 (random) rssi=-60 name=- bs=- uuid=840C68591E90019821AACFF1B73AAA34 target=anchor uuid_ok=1 tag_name=0 anchor_name=0 nus=0 dfu=0 token=0 props=0x03
[AUTOPOS] SCAN hit: E3:77:2C:61:AA:19 (random) rssi=-72 name=- bs=- uuid=1EABFBEC28B8053FBB0D5C448112AE93 target=anchor uuid_ok=1 tag_name=0 anchor_name=0 nus=0 dfu=0 token=0 props=0x03
[AUTOPOS] SCAN hit: F1:B3:DF:83:B1:C9 (random) rssi=-65 name=- bs=- uuid=AB14CCA262A092E70EB26B0ACB0A394B target=anchor uuid_ok=1 tag_name=0 anchor_name=0 nus=0 dfu=0 token=0 props=0x03
[AUTOPOS] SCAN hit: F2:B7:4E:8A:79:01 (random) rssi=-56 name=- bs=- uuid=4DC6B8187E33803AE8601FB0D7992B96 target=anchor uuid_ok=1 tag_name=0 anchor_name=0 nus=0 dfu=0 token=0 props=0x03
[AUTOPOS] SCAN hit: C0:1D:D1:D0:CE:B0 (random) rssi=-59 name=- bs=- uuid=B9179575C776C98F1CB132DD6EDC6223 target=anchor uuid_ok=1 tag_name=0 anchor_name=0 nus=0 dfu=0 token=0 props=0x03
[AUTOPOS] SCAN hit: E3:77:2C:61:AA:19 (random) rssi=-71 name=- bs=- uuid=1EABFBEC28B8053FBB0D5C448112AE93 target=anchor uuid_ok=1 tag_name=0 anchor_name=0 nus=0 dfu=0 token=0 props=0x03
[AUTOPOS] SCAN hit: F2:B7:4E:8A:79:01 (random) rssi=-55 name=- bs=- uuid=4DC6B8187E33803AE8601FB0D7992B96 target=anchor uuid_ok=1 tag_name=0 anchor_name=0 nus=0 dfu=0 token=0 props=0x03
[AUTOPOS] SCAN hit: D9:C7:9C:16:71:C9 (random) rssi=-58 name=- bs=- uuid=A892AF05DD59CF0D0D3408AD74F364A1 target=anchor uuid_ok=1 tag_name=0 anchor_name=0 nus=0 dfu=0 token=0 props=0x03
[AUTOPOS] SCAN hit: D9:C7:9C:16:71:C9 (random) rssi=-63 name=- bs=- uuid=A892AF05DD59CF0D0D3408AD74F364A1 target=anchor uuid_ok=1 tag_name=0 anchor_name=0 nus=0 dfu=0 token=0 props=0x03
[AUTOPOS] SCAN hit: C0:1D:D1:D0:CE:B0 (random) rssi=-62 name=- bs=- uuid=B9179575C776C98F1CB132DD6EDC6223 target=anchor uuid_ok=1 tag_name=0 anchor_name=0 nus=0 dfu=0 token=0 props=0x03
[AUTOPOS] SCAN hit: F1:B3:DF:83:B1:C9 (random) rssi=-60 name=- bs=- uuid=AB14CCA262A092E70EB26B0ACB0A394B target=anchor uuid_ok=1 tag_name=0 anchor_name=0 nus=0 dfu=0 token=0 props=0x03
[AUTOPOS] SCAN hit: C0:1D:D1:D0:CE:B0 (random) rssi=-67 name=- bs=- uuid=B9179575C776C98F1CB132DD6EDC6223 target=anchor uuid_ok=1 tag_name=0 anchor_name=0 nus=0 dfu=0 token=0 props=0x03
[AUTOPOS] SCAN hit: F1:B3:DF:83:B1:C9 (random) rssi=-65 name=- bs=- uuid=AB14CCA262A092E70EB26B0ACB0A394B target=anchor uuid_ok=1 tag_name=0 anchor_name=0 nus=0 dfu=0 token=0 props=0x03
[AUTOPOS] SCAN hit: EC:9F:55:9D:7E:A1 (random) rssi=-65 name=- bs=- uuid=B3087BC3D87CCCD316AEDC6B71D6677F target=anchor uuid_ok=1 tag_name=0 anchor_name=0 nus=0 dfu=0 token=0 props=0x03
[AUTOPOS] SCAN hit: F2:B7:4E:8A:79:01 (random) rssi=-56 name=- bs=- uuid=4DC6B8187E33803AE8601FB0D7992B96 target=anchor uuid_ok=1 tag_name=0 anchor_name=0 nus=0 dfu=0 token=0 props=0x03
[AUTOPOS] SCAN hit: D9:C7:9C:16:71:C9 (random) rssi=-57 name=- bs=- uuid=A892AF05DD59CF0D0D3408AD74F364A1 target=anchor uuid_ok=1 tag_name=0 anchor_name=0 nus=0 dfu=0 token=0 props=0x03
[AUTOPOS] SCAN hit: D9:C7:9C:16:71:C9 (random) rssi=-58 name=- bs=- uuid=A892AF05DD59CF0D0D3408AD74F364A1 target=anchor uuid_ok=1 tag_name=0 anchor_name=0 nus=0 dfu=0 token=0 props=0x03
[AUTOPOS] SCAN hit: E3:77:2C:61:AA:19 (random) rssi=-75 name=- bs=- uuid=1EABFBEC28B8053FBB0D5C448112AE93 target=anchor uuid_ok=1 tag_name=0 anchor_name=0 nus=0 dfu=0 token=0 props=0x03
[AUTOPOS] SCAN hit: C0:1D:D1:D0:CE:B0 (random) rssi=-60 name=- bs=- uuid=B9179575C776C98F1CB132DD6EDC6223 target=anchor uuid_ok=1 tag_name=0 anchor_name=0 nus=0 dfu=0 token=0 props=0x03
[AUTOPOS] SCAN hit: E3:77:2C:61:AA:19 (random) rssi=-70 name=- bs=- uuid=1EABFBEC28B8053FBB0D5C448112AE93 target=anchor uuid_ok=1 tag_name=0 anchor_name=0 nus=0 dfu=0 token=0 props=0x03
[AUTOPOS] SCAN hit: F1:B3:DF:83:B1:C9 (random) rssi=-61 name=- bs=- uuid=AB14CCA262A092E70EB26B0ACB0A394B target=anchor uuid_ok=1 tag_name=0 anchor_name=0 nus=0 dfu=0 token=0 props=0x03
[AUTOPOS] SCAN hit: F2:B7:4E:8A:79:01 (random) rssi=-55 name=- bs=- uuid=4DC6B8187E33803AE8601FB0D7992B96 target=anchor uuid_ok=1 tag_name=0 anchor_name=0 nus=0 dfu=0 token=0 props=0x03
[AUTOPOS] SCAN hit: E9:CB:F3:C4:51:43 (random) rssi=-62 name=- bs=- uuid=840C68591E90019821AACFF1B73AAA34 target=anchor uuid_ok=1 tag_name=0 anchor_name=0 nus=0 dfu=0 token=0 props=0x03
[AUTOPOS] SCAN hit: E3:77:2C:61:AA:19 (random) rssi=-73 name=- bs=- uuid=1EABFBEC28B8053FBB0D5C448112AE93 target=anchor uuid_ok=1 tag_name=0 anchor_name=0 nus=0 dfu=0 token=0 props=0x03
[AUTOPOS] SCAN hit: EC:9F:55:9D:7E:A1 (random) rssi=-68 name=- bs=- uuid=B3087BC3D87CCCD316AEDC6B71D6677F target=anchor uuid_ok=1 tag_name=0 anchor_name=0 nus=0 dfu=0 token=0 props=0x03
[AUTOPOS] SCAN hit: D9:C7:9C:16:71:C9 (random) rssi=-57 name=- bs=- uuid=A892AF05DD59CF0D0D3408AD74F364A1 target=anchor uuid_ok=1 tag_name=0 anchor_name=0 nus=0 dfu=0 token=0 props=0x03
[AUTOPOS] SCAN hit: C0:1D:D1:D0:CE:B0 (random) rssi=-62 name=- bs=- uuid=B9179575C776C98F1CB132DD6EDC6223 target=anchor uuid_ok=1 tag_name=0 anchor_name=0 nus=0 dfu=0 token=0 props=0x03
[AUTOPOS] SCAN hit: E9:CB:F3:C4:51:43 (random) rssi=-61 name=- bs=- uuid=840C68591E90019821AACFF1B73AAA34 target=anchor uuid_ok=1 tag_name=0 anchor_name=0 nus=0 dfu=0 token=0 props=0x03
[AUTOPOS] SCAN hit: C0:1D:D1:D0:CE:B0 (random) rssi=-66 name=- bs=- uuid=B9179575C776C98F1CB132DD6EDC6223 target=anchor uuid_ok=1 tag_name=0 anchor_name=0 nus=0 dfu=0 token=0 props=0x03
[AUTOPOS] SCAN hit: E9:CB:F3:C4:51:43 (random) rssi=-60 name=- bs=- uuid=840C68591E90019821AACFF1B73AAA34 target=anchor uuid_ok=1 tag_name=0 anchor_name=0 nus=0 dfu=0 token=0 props=0x03
[AUTOPOS] SCAN hit: E3:77:2C:61:AA:19 (random) rssi=-73 name=- bs=- uuid=1EABFBEC28B8053FBB0D5C448112AE93 target=anchor uuid_ok=1 tag_name=0 anchor_name=0 nus=0 dfu=0 token=0 props=0x03
[AUTOPOS] SCAN hit: F1:B3:DF:83:B1:C9 (random) rssi=-65 name=- bs=- uuid=AB14CCA262A092E70EB26B0ACB0A394B target=anchor uuid_ok=1 tag_name=0 anchor_name=0 nus=0 dfu=0 token=0 props=0x03
[AUTOPOS] SCAN hit: F2:B7:4E:8A:79:01 (random) rssi=-56 name=- bs=- uuid=4DC6B8187E33803AE8601FB0D7992B96 target=anchor uuid_ok=1 tag_name=0 anchor_name=0 nus=0 dfu=0 token=0 props=0x03
[AUTOPOS] SCAN hit: EC:9F:55:9D:7E:A1 (random) rssi=-66 name=- bs=- uuid=B3087BC3D87CCCD316AEDC6B71D6677F target=anchor uuid_ok=1 tag_name=0 anchor_name=0 nus=0 dfu=0 token=0 props=0x03
[AUTOPOS] SCAN hit: C0:1D:D1:D0:CE:B0 (random) rssi=-60 name=- bs=- uuid=B9179575C776C98F1CB132DD6EDC6223 target=anchor uuid_ok=1 tag_name=0 anchor_name=0 nus=0 dfu=0 token=0 props=0x03
[AUTOPOS] SCAN hit: E3:77:2C:61:AA:19 (random) rssi=-71 name=- bs=- uuid=1EABFBEC28B8053FBB0D5C448112AE93 target=anchor uuid_ok=1 tag_name=0 anchor_name=0 nus=0 dfu=0 token=0 props=0x03
[AUTOPOS] SCAN hit: F2:B7:4E:8A:79:01 (random) rssi=-55 name=- bs=- uuid=4DC6B8187E33803AE8601FB0D7992B96 target=anchor uuid_ok=1 tag_name=0 anchor_name=0 nus=0 dfu=0 token=0 props=0x03
[AUTOPOS] SCAN hit: EC:9F:55:9D:7E:A1 (random) rssi=-78 name=- bs=- uuid=B3087BC3D87CCCD316AEDC6B71D6677F target=anchor uuid_ok=1 tag_name=0 anchor_name=0 nus=0 dfu=0 token=0 props=0x03
[AUTOPOS] SCAN hit: C0:1D:D1:D0:CE:B0 (random) rssi=-60 name=- bs=- uuid=B9179575C776C98F1CB132DD6EDC6223 target=anchor uuid_ok=1 tag_name=0 anchor_name=0 nus=0 dfu=0 token=0 props=0x03
[AUTOPOS] SCAN hit: D9:C7:9C:16:71:C9 (random) rssi=-60 name=- bs=- uuid=A892AF05DD59CF0D0D3408AD74F364A1 target=anchor uuid_ok=1 tag_name=0 anchor_name=0 nus=0 dfu=0 token=0 props=0x03
[AUTOPOS] SCAN hit: E9:CB:F3:C4:51:43 (random) rssi=-61 name=- bs=- uuid=840C68591E90019821AACFF1B73AAA34 target=anchor uuid_ok=1 tag_name=0 anchor_name=0 nus=0 dfu=0 token=0 props=0x03
[AUTOPOS] SCAN hit: F1:B3:DF:83:B1:C9 (random) rssi=-61 name=- bs=- uuid=AB14CCA262A092E70EB26B0ACB0A394B target=anchor uuid_ok=1 tag_name=0 anchor_name=0 nus=0 dfu=0 token=0 props=0x03
[AUTOPOS] SCAN hit: E3:77:2C:61:AA:19 (random) rssi=-72 name=- bs=- uuid=1EABFBEC28B8053FBB0D5C448112AE93 target=anchor uuid_ok=1 tag_name=0 anchor_name=0 nus=0 dfu=0 token=0 props=0x03
[AUTOPOS] SCAN hit: F2:B7:4E:8A:79:01 (random) rssi=-56 name=- bs=- uuid=4DC6B8187E33803AE8601FB0D7992B96 target=anchor uuid_ok=1 tag_name=0 anchor_name=0 nus=0 dfu=0 token=0 props=0x03
[AUTOPOS] SCAN hit: EC:9F:55:9D:7E:A1 (random) rssi=-68 name=- bs=- uuid=B3087BC3D87CCCD316AEDC6B71D6677F target=anchor uuid_ok=1 tag_name=0 anchor_name=0 nus=0 dfu=0 token=0 props=0x03
[AUTOPOS] SCAN hit: E3:77:2C:61:AA:19 (random) rssi=-72 name=- bs=- uuid=1EABFBEC28B8053FBB0D5C448112AE93 target=anchor uuid_ok=1 tag_name=0 anchor_name=0 nus=0 dfu=0 token=0 props=0x03
[AUTOPOS] SCAN hit: F2:B7:4E:8A:79:01 (random) rssi=-56 name=- bs=- uuid=4DC6B8187E33803AE8601FB0D7992B96 target=anchor uuid_ok=1 tag_name=0 anchor_name=0 nus=0 dfu=0 token=0 props=0x03
[AUTOPOS] SCAN hit: C0:1D:D1:D0:CE:B0 (random) rssi=-62 name=- bs=- uuid=B9179575C776C98F1CB132DD6EDC6223 target=anchor uuid_ok=1 tag_name=0 anchor_name=0 nus=0 dfu=0 token=0 props=0x03
[AUTOPOS] SCAN hit: D9:C7:9C:16:71:C9 (random) rssi=-57 name=- bs=- uuid=A892AF05DD59CF0D0D3408AD74F364A1 target=anchor uuid_ok=1 tag_name=0 anchor_name=0 nus=0 dfu=0 token=0 props=0x03
[AUTOPOS] SCAN hit: C0:1D:D1:D0:CE:B0 (random) rssi=-67 name=- bs=- uuid=B9179575C776C98F1CB132DD6EDC6223 target=anchor uuid_ok=1 tag_name=0 anchor_name=0 nus=0 dfu=0 token=0 props=0x03
[AUTOPOS] SCAN hit: EC:9F:55:9D:7E:A1 (random) rssi=-65 name=- bs=- uuid=B3087BC3D87CCCD316AEDC6B71D6677F target=anchor uuid_ok=1 tag_name=0 anchor_name=0 nus=0 dfu=0 token=0 props=0x03
[AUTOPOS] SCAN hit: E9:CB:F3:C4:51:43 (random) rssi=-64 name=- bs=- uuid=840C68591E90019821AACFF1B73AAA34 target=anchor uuid_ok=1 tag_name=0 anchor_name=0 nus=0 dfu=0 token=0 props=0x03
[AUTOPOS] SCAN hit: F1:B3:DF:83:B1:C9 (random) rssi=-60 name=- bs=- uuid=AB14CCA262A092E70EB26B0ACB0A394B target=anchor uuid_ok=1 tag_name=0 anchor_name=0 nus=0 dfu=0 token=0 props=0x03
[AUTOPOS] SCAN hit: F2:B7:4E:8A:79:01 (random) rssi=-56 name=- bs=- uuid=4DC6B8187E33803AE8601FB0D7992B96 target=anchor uuid_ok=1 tag_name=0 anchor_name=0 nus=0 dfu=0 token=0 props=0x03
[AUTOPOS] SCAN hit: E3:77:2C:61:AA:19 (random) rssi=-71 name=- bs=- uuid=1EABFBEC28B8053FBB0D5C448112AE93 target=anchor uuid_ok=1 tag_name=0 anchor_name=0 nus=0 dfu=0 token=0 props=0x03
[AUTOPOS] SCAN hit: E3:77:2C:61:AA:19 (random) rssi=-72 name=- bs=- uuid=1EABFBEC28B8053FBB0D5C448112AE93 target=anchor uuid_ok=1 tag_name=0 anchor_name=0 nus=0 dfu=0 token=0 props=0x03
[AUTOPOS] SCAN hit: C0:1D:D1:D0:CE:B0 (random) rssi=-60 name=- bs=- uuid=B9179575C776C98F1CB132DD6EDC6223 target=anchor uuid_ok=1 tag_name=0 anchor_name=0 nus=0 dfu=0 token=0 props=0x03
[AUTOPOS] SCAN hit: D9:C7:9C:16:71:C9 (random) rssi=-58 name=- bs=- uuid=A892AF05DD59CF0D0D3408AD74F364A1 target=anchor uuid_ok=1 tag_name=0 anchor_name=0 nus=0 dfu=0 token=0 props=0x03
[AUTOPOS] SCAN hit: E9:CB:F3:C4:51:43 (random) rssi=-61 name=- bs=- uuid=840C68591E90019821AACFF1B73AAA34 target=anchor uuid_ok=1 tag_name=0 anchor_name=0 nus=0 dfu=0 token=0 props=0x03
[AUTOPOS] SCAN hit: EC:9F:55:9D:7E:A1 (random) rssi=-67 name=- bs=- uuid=B3087BC3D87CCCD316AEDC6B71D6677F target=anchor uuid_ok=1 tag_name=0 anchor_name=0 nus=0 dfu=0 token=0 props=0x03
[AUTOPOS] SCAN hit: E9:CB:F3:C4:51:43 (random) rssi=-60 name=- bs=- uuid=840C68591E90019821AACFF1B73AAA34 target=anchor uuid_ok=1 tag_name=0 anchor_name=0 nus=0 dfu=0 token=0 props=0x03
[AUTOPOS] SCAN hit: EC:9F:55:9D:7E:A1 (random) rssi=-66 name=- bs=- uuid=B3087BC3D87CCCD316AEDC6B71D6677F target=anchor uuid_ok=1 tag_name=0 anchor_name=0 nus=0 dfu=0 token=0 props=0x03
[AUTOPOS] SCAN hit: F2:B7:4E:8A:79:01 (random) rssi=-56 name=- bs=- uuid=4DC6B8187E33803AE8601FB0D7992B96 target=anchor uuid_ok=1 tag_name=0 anchor_name=0 nus=0 dfu=0 token=0 props=0x03
[AUTOPOS] SCAN hit: D9:C7:9C:16:71:C9 (random) rssi=-57 name=- bs=- uuid=A892AF05DD59CF0D0D3408AD74F364A1 target=anchor uuid_ok=1 tag_name=0 anchor_name=0 nus=0 dfu=0 token=0 props=0x03
[AUTOPOS] SCAN hit: F2:B7:4E:8A:79:01 (random) rssi=-55 name=- bs=- uuid=4DC6B8187E33803AE8601FB0D7992B96 target=anchor uuid_ok=1 tag_name=0 anchor_name=0 nus=0 dfu=0 token=0 props=0x03
[AUTOPOS] SCAN hit: E9:CB:F3:C4:51:43 (random) rssi=-60 name=- bs=- uuid=840C68591E90019821AACFF1B73AAA34 target=anchor uuid_ok=1 tag_name=0 anchor_name=0 nus=0 dfu=0 token=0 props=0x03
[AUTOPOS] SCAN hit: C0:1D:D1:D0:CE:B0 (random) rssi=-60 name=- bs=- uuid=B9179575C776C98F1CB132DD6EDC6223 target=anchor uuid_ok=1 tag_name=0 anchor_name=0 nus=0 dfu=0 token=0 props=0x03
[AUTOPOS] SCAN hit: E9:CB:F3:C4:51:43 (random) rssi=-65 name=- bs=- uuid=840C68591E90019821AACFF1B73AAA34 target=anchor uuid_ok=1 tag_name=0 anchor_name=0 nus=0 dfu=0 token=0 props=0x03
[AUTOPOS] SCAN hit: EC:9F:55:9D:7E:A1 (random) rssi=-76 name=- bs=- uuid=B3087BC3D87CCCD316AEDC6B71D6677F target=anchor uuid_ok=1 tag_name=0 anchor_name=0 nus=0 dfu=0 token=0 props=0x03
[AUTOPOS] SCAN hit: D9:C7:9C:16:71:C9 (random) rssi=-58 name=- bs=- uuid=A892AF05DD59CF0D0D3408AD74F364A1 target=anchor uuid_ok=1 tag_name=0 anchor_name=0 nus=0 dfu=0 token=0 props=0x03
[AUTOPOS] SCAN hit: EC:9F:55:9D:7E:A1 (random) rssi=-66 name=- bs=- uuid=B3087BC3D87CCCD316AEDC6B71D6677F target=anchor uuid_ok=1 tag_name=0 anchor_name=0 nus=0 dfu=0 token=0 props=0x03
[AUTOPOS] SCAN hit: F1:B3:DF:83:B1:C9 (random) rssi=-60 name=- bs=- uuid=AB14CCA262A092E70EB26B0ACB0A394B target=anchor uuid_ok=1 tag_name=0 anchor_name=0 nus=0 dfu=0 token=0 props=0x03
[AUTOPOS] SCAN hit: E3:77:2C:61:AA:19 (random) rssi=-74 name=- bs=- uuid=1EABFBEC28B8053FBB0D5C448112AE93 target=anchor uuid_ok=1 tag_name=0 anchor_name=0 nus=0 dfu=0 token=0 props=0x03
[AUTOPOS] SCAN hit: F2:B7:4E:8A:79:01 (random) rssi=-56 name=- bs=- uuid=4DC6B8187E33803AE8601FB0D7992B96 target=anchor uuid_ok=1 tag_name=0 anchor_name=0 nus=0 dfu=0 token=0 props=0x03
[AUTOPOS] SCAN hit: D9:C7:9C:16:71:C9 (random) rssi=-56 name=- bs=- uuid=A892AF05DD59CF0D0D3408AD74F364A1 target=anchor uuid_ok=1 tag_name=0 anchor_name=0 nus=0 dfu=0 token=0 props=0x03
