[CIRRAW] target=AUTOPOS_SWEEP10 duration_s=600
[CIRRAW] save_dir=/home/zekaixiao/Documents/nRF_dev/BioSpur_UWB_before_start/autopos_pipeline/CIR_home_livingroom_01062026/captures/erlangen_20260528_optitrack/CIRRAW_AUTOPOS_SWEEP10_20260602_225118
[CIRRAW] request port A=/dev/serial/by-id/usb-SEGGER_J-Link_000760184781-if00
[CIRRAW] request port B=/dev/serial/by-id/usb-SEGGER_J-Link_000760185876-if00
[CIRRAW] request port C=/dev/serial/by-id/usb-SEGGER_J-Link_000760185878-if00
[CIRRAW] request port D=/dev/serial/by-id/usb-SEGGER_J-Link_000760184974-if00
[CIRRAW] request port E=/dev/serial/by-id/usb-SEGGER_J-Link_000760185904-if00
[CIRRAW] request port F=/dev/serial/by-id/usb-SEGGER_J-Link_000760186124-if00
[CIRRAW] request port G=/dev/serial/by-id/usb-SEGGER_J-Link_000760185889-if00
[CIRRAW] request port H=/dev/serial/by-id/usb-SEGGER_J-Link_000760184500-if00
[CIRRAW] control >>> anchor role all matrix cir full
[CIRRAW_CTRL] efore discovery start
[CIRRAW_CTRL] SETUP[6] defer: waiting 463 ms before discovery start
[CIRRAW_CTRL] SETUP[6] defer: waiting 412 ms before discovery start[AUTOPOS] anchor role started target=all role=matrix cir=FULL
[CIRRAW_CTRL] lAUTO0019 result=0x001b uuid=F3BB7A04104F9CB8561DDDACB9E53714
[CIRRAW_CTRL] [AUTOPOS] CONNECT pending[6]: addr_valid=1 link=anchor-ctrl uuid=B9179575C776C98F1CB132DD6EDC6223 scan_running=0 conn_count=6
[CIRRAW_CTRL] [AUTOPOS] CONNECT pending[6] rc=0 conn=0x20004d98
[CIRRAW_CTRL] [AUTOPOS] Connected[6]: C0:1D:D1:D0:CE:B0 (random) name=- bs=-
[CIRRAW_CTRL] [AUTOPOS] CONNECT state[6]: link=anchor-ctrl uuid=B9179575C776C98F1CB132DD6EDC6223 ready=0 conn=0x20004d98
[CIRRAW_CTRL] SETUP[6] defer: waiting 865 ms before discovery start
[CIRRAW_CTRL] SETUP[6] defer: waiting 815 ms before discovery start
[CIRRAW_CTRL] SETUP[6] defer: waiting 765 ms before discovery start
[CIRRAW_CTRL] SETUP[6] defer: waiting 714 ms before discovery start
[CIRRAW_CTRL] SETUP[6] defer: waiting 664 ms before discovery start
[CIRRAW_CTRL] SETUP[6] defer: waiting 614 ms before discovery start
[CIRRAW_CTRL] SETUP[6] defer: waiting 563 ms before discovery start
[CIRRAW_CTRL] SETUP[6] defer: waiting 513 ms before discovery start
[CIRRAW_CTRL] SETUP[6] defer: waiting 463 ms before discovery start
[CIRRAW_CTRL] SETUP[6] defer: waiting 412 ms before discovery start[AUTOPOS] anchor role started target=all role=matrix cir=FULL
[CIRRAW_CTRL] [AUTOPOS] Master discovery mode: CONN & START
[CIRRAW_CTRL] [AUTOPOS] Anchor ctrl sent[0]: RUNTIME MATRIX FORCE CIR=FULL uuid=B1E487C2B1FD740D1442206A1857DFA1
[CIRRAW_CTRL] [AUTOPOS] Anchor ctrl sent[1]: RUNTIME MATRIX FORCE CIR=FULL uuid=A892AF05DD59CF0D0D3408AD74F364A1
[CIRRAW_CTRL] [AUTOPOS] Anchor ctrl sent[2]: RUNTIME MATRIX FORCE CIR=FULL uuid=CEE5A7EFCB35F8A56B430047629F5309
[CIRRAW_CTRL] [AUTOPOS] Anchor ctrl sent[3]: RUNTIME MATRIX FORCE CIR=FULL uuid=B3087BC3D87CCCD316AEDC6B71D6677F
[CIRRAW_CTRL] [AUTOPOS] Anchor ctrl sent[4]: RUNTIME MATRIX FORCE CIR=FULL uuid=840C68591E90019821AACFF1B73AAA34
[CIRRAW_CTRL] [AUTOPOS] Anchor ctrl sent[5]: RUNTIME MATRIX FORCE CIR=FULL uuid=F3BB7A04104F9CB8561DDDACB9E53714
[CIRRAW_CTRL] [AUTOPOS] Anchor ctrl sent[6]: RUNTIME MATRIX FORCE CIR=FULL uuid=B9179575C776C98F1CB132DD6EDC6223
[CIRRAW_CTRL] [AUTOPOS] Anchor ctrl sent[7]: RUNTIME MATRIX FORCE CIR=FULL uuid=B2B5FA625534A8C617135DCAFC9E036A
[CIRRAW_CTRL] [AUTOPOS] anchor role all matrix runtime sent=8 ready=8/8
[CIRRAW_CTRL] [AUTOPOS] ANCHOR_CTRL[0] notify: OK RUNTIME_RESTART_REQUESTED
[CIRRAW_CTRL] [AUTOPOS] ANCHOR_CTRL[2] notify: OK RUNTIME_RESTART_REQUESTED
[CIRRAW_CTRL] [AUTOPOS] ANCHOR_CTRL[3] notify: OK RUNTIME_RESTART_REQUESTED
[CIRRAW_CTRL] [AUTOPOS] ANCHOR_CTRL[1] notify: OK RUNTIME_RESTART_REQUESTED
[CIRRAW_CTRL] [AUTOPOS] ANCHOR_CTRL[4] notify: OK RUNTIME_RESTART_REQUESTED
[CIRRAW_CTRL] [AUTOPOS] ANCHOR_CTRL[6] notify: OK RUNTIME_RESTART_REQUESTED
[CIRRAW_CTRL] [AUTOPOS] ANCHOR_CTRL[7] notify: OK RUNTIME_RESTART_REQUESTED
[CIRRAW_CTRL] [AUTOPOS] ANCHOR_CTRL[5] notify: OK RUNTIME_RESTART_REQUESTED
[CIRRAW_CTRL] [AUTOPOS] Anchor ctrl sent[0]: RUNTIME MATRIX FORCE CIR=FULL uuid=B1E487C2B1FD740D1442206A1857DFA1
[CIRRAW_CTRL] [AUTOPOS] Anchor ctrl sent[1]: RUNTIME MATRIX FORCE CIR=FULL uuid=A892AF05DD59CF0D0D3408AD74F364A1
[CIRRAW_CTRL] [AUTOPOS] Anchor ctrl sent[2]: RUNTIME MATRIX FORCE CIR=FULL uuid=CEE5A7EFCB35F8A56B430047629F5309
[CIRRAW_CTRL] [AUTOPOS] Anchor ctrl sent[3]: RUNTIME MATRIX FORCE CIR=FULL uuid=B3087BC3D87CCCD316AEDC6B71D6677F
[CIRRAW_CTRL] [AUTOPOS] Anchor ctrl sent[4]: RUNTIME MATRIX FORCE CIR=FULL uuid=840C68591E90019821AACFF1B73AAA34
[CIRRAW_CTRL] [AUTOPOS] Anchor ctrl sent[5]: RUNTIME MATRIX FORCE CIR=FULL uuid=F3BB7A04104F9CB8561DDDACB9E53714
[CIRRAW_CTRL] [AUTOPOS] Anchor ctrl sent[6]: RUNTIME MATRIX FORCE CIR=FULL uuid=B9179575C776C98F1CB132DD6EDC6223
[CIRRAW_CTRL] [AUTOPOS] Anchor ctrl sent[7]: RUNTIME MATRIX FORCE CIR=FULL uuid=B2B5FA625534A8C617135DCAFC9E036A
[CIRRAW_CTRL] [AUTOPOS] anchor role all matrix runtime repeat sent=8 ready=8/8
[CIRRAW_CTRL] [AUTOPOS] ANCHOR_CTRL[0] notify: OK RUNTIME_RESTART_REQUESTED
[CIRRAW_CTRL] [AUTOPOS] ANCHOR_CTRL[2] notify: OK RUNTIME_RESTART_REQUESTED
[CIRRAW_CTRL] [AUTOPOS] ANCHOR_CTRL[3] notify: OK RUNTIME_RESTART_REQUESTED
[CIRRAW_CTRL] [AUTOPOS] ANCHOR_CTRL[1] notify: OK RUNTIME_RESTART_REQUESTED
[CIRRAW_CTRL] [AUTOPOS] ANCHOR_CTRL[4] notify: OK RUNTIME_RESTART_REQUESTED
[CIRRAW_CTRL] [AUTOPOS] ANCHOR_CTRL[5] notify: OK RUNTIME_RESTART_REQUESTED
[CIRRAW_CTRL] [AUTOPOS] ANCHOR_CTRL[7] notify: OK RUNTIME_RESTART_REQUESTED
[CIRRAW_CTRL] [AUTOPOS] ANCHOR_CTRL[6] notify: OK RUNTIME_RESTART_REQUESTED
[CIRRAW_CTRL] [AUTOPOS] Anchor ctrl sent[0]: RUNTIME MATRIX FORCE CIR=FULL uuid=B1E487C2B1FD740D1442206A1857DFA1
[CIRRAW_CTRL] [AUTOPOS] Anchor ctrl sent[1]: RUNTIME MATRIX FORCE CIR=FULL uuid=A892AF05DD59CF0D0D3408AD74F364A1
[CIRRAW_CTRL] [AUTOPOS] Anchor ctrl sent[2]: RUNTIME MATRIX FORCE CIR=FULL uuid=CEE5A7EFCB35F8A56B430047629F5309
[CIRRAW_CTRL] [AUTOPOS] Anchor ctrl sent[3]: RUNTIME MATRIX FORCE CIR=FULL uuid=B3087BC3D87CCCD316AEDC6B71D6677F
[CIRRAW_CTRL] [AUTOPOS] Anchor ctrl sent[4]: RUNTIME MATRIX FORCE CIR=FULL uuid=840C68591E90019821AACFF1B73AAA34
[CIRRAW_CTRL] [AUTOPOS] Anchor ctrl sent[5]: RUNTIME MATRIX FORCE CIR=FULL uuid=F3BB7A04104F9CB8561DDDACB9E53714
[CIRRAW_CTRL] [AUTOPOS] Anchor ctrl sent[6]: RUNTIME MATRIX FORCE CIR=FULL uuid=B9179575C776C98F1CB132DD6EDC6223
[CIRRAW_CTRL] [AUTOPOS] Anchor ctrl sent[7]: RUNTIME MATRIX FORCE CIR=FULL uuid=B2B5FA625534A8C617135DCAFC9E036A
[CIRRAW_CTRL] [AUTOPOS] anchor role all matrix runtime final sent=8 ready=8/8 total_sent=24
[CIRRAW_CTRL] [AUTOPOS] anchor role rc=0 target=all role=matrix cir=FULL
[CIRRAW] capture start
[CIRRAW] port start A=/dev/serial/by-id/usb-SEGGER_J-Link_000760184781-if00
[CIRRAW] port start B=/dev/serial/by-id/usb-SEGGER_J-Link_000760185876-if00
[CIRRAW] port start D=/dev/serial/by-id/usb-SEGGER_J-Link_000760184974-if00
[CIRRAW] port start C=/dev/serial/by-id/usb-SEGGER_J-Link_000760185878-if00
[CIRRAW] port start G=/dev/serial/by-id/usb-SEGGER_J-Link_000760185889-if00
[CIRRAW] port start H=/dev/serial/by-id/usb-SEGGER_J-Link_000760184500-if00
[CIRRAW] port start E=/dev/serial/by-id/usb-SEGGER_J-Link_000760185904-if00
[CIRRAW] port start F=/dev/serial/by-id/usb-SEGGER_J-Link_000760186124-if00
[CIRRAW] control >>> anchor role all matrix cir 0
[CIRRAW] capture done frames=0
[CIRRAW] saved_meta=/home/zekaixiao/Documents/nRF_dev/BioSpur_UWB_before_start/autopos_pipeline/CIR_home_livingroom_01062026/captures/erlangen_20260528_optitrack/CIRRAW_AUTOPOS_SWEEP10_20260602_225118/cir_full_meta.csv
[CIRRAW] saved_raw=/home/zekaixiao/Documents/nRF_dev/BioSpur_UWB_before_start/autopos_pipeline/CIR_home_livingroom_01062026/captures/erlangen_20260528_optitrack/CIRRAW_AUTOPOS_SWEEP10_20260602_225118/cir_full_raw_serial.log
