PORT=/dev/serial/by-id/usb-BioSpur_BioSpur_BLE_Control_87EA2F4A526C5A02-if00
START=2026-05-22 16:41:08
MASTER=A
PRECHECK: BSxxxx tag quarantine disabled; master/matrix anchors ignore tag polls during sweep
PRECHECK: context session_autopos_ready=1 autopos_initialized=1
PRECHECK: reusing session AUTOPOS state from matrix guard
PRECHECK: reusing existing AUTOPOS map
>>> autopos round A 1010
[AUTOPOS] AUTOPOS round staged: master=A sets=1010
>>> autopos status
[AUTOPOS] AUTOPOS: mode=AUTOPOS state=staged staged=A last_success=- sets=1010 error=-
>>> autopos apply
[AUTOPOS] AUTOPOS apply started
[AUTOPOS] RECV_BG gate: SUPPRESS reason=autopos_detach
[AUTOPOS] AUTOPOS detach skip STOP: finite master auto-returns to matrix sets=1010
[AUTOPOS] RECV_BG gate: ALLOW reason=autopos_detach_done
[AUTOPOS] SCAN start req: bt_ready=1 scan_running=0 connecting_slot=-1 conn_count=8 target=anchor prefix=ANCHOR-
[AUTOPOS] Scanning for ANCHOR-*
[AUTOPOS] AUTOPOS apply mode: bootstrap-target-only
[AUTOPOS] Master discovery mode: CONN & START
[AUTOPOS] AUTOPOS wait anchor ready: uuid=F3BB7A04104F9CB8561DDDACB9E53714 reuse existing ready control link (discovery remains active)
[AUTOPOS] AUTOPOS state: STATE fw=us-hc-exp4-tail900-start5 bs=BS1FFC uuid=F3BB7A04104F9CB8561DDDACB9E53714 label=A role=matrix cfg_valid=1 busy=1 pending_valid=1 schema=2 gen=1 reboot_required=0
[AUTOPOS] AUTOPOS state: STATE fw=us-hc-exp4-tail900-start5 bs=BS1FFC uuid=F3BB7A04104F9CB8561DDDACB9E53714 label=A role=matrix cfg_valid=1 busy=1 pending_valid=1 schema=2 gen=1 reboot_required=0
[AUTOPOS] Anchor ctrl sent[0]: RUNTIME MASTER SWEEP 1010 uuid=F3BB7A04104F9CB8561DDDACB9E53714
[AUTOPOS] BLE cmd skip[1]: target mismatch kind=anchor target_name=- target_uuid=F3BB7A04104F9CB8561DDDACB9E53714 peer_name=- peer_bs=- peer_uuid=B1E487C2B1FD740D1442206A1857DFA1 link=anchor-ctrl ready=1
[AUTOPOS] BLE cmd skip[2]: target mismatch kind=anchor target_name=- target_uuid=F3BB7A04104F9CB8561DDDACB9E53714 peer_name=- peer_bs=- peer_uuid=B3087BC3D87CCCD316AEDC6B71D6677F link=anchor-ctrl ready=1
[AUTOPOS] BLE cmd skip[3]: target mismatch kind=anchor target_name=- target_uuid=F3BB7A04104F9CB8561DDDACB9E53714 peer_name=- peer_bs=- peer_uuid=840C68591E90019821AACFF1B73AAA34 link=anchor-ctrl ready=1
[AUTOPOS] BLE cmd skip[4]: target mismatch kind=anchor target_name=- target_uuid=F3BB7A04104F9CB8561DDDACB9E53714 peer_name=- peer_bs=- peer_uuid=A892AF05DD59CF0D0D3408AD74F364A1 link=anchor-ctrl ready=1
[AUTOPOS] BLE cmd skip[5]: target mismatch kind=anchor target_name=- target_uuid=F3BB7A04104F9CB8561DDDACB9E53714 peer_name=- peer_bs=- peer_uuid=B9179575C776C98F1CB132DD6EDC6223 link=anchor-ctrl ready=1
[AUTOPOS] BLE cmd skip[6]: target mismatch kind=anchor target_name=- target_uuid=F3BB7A04104F9CB8561DDDACB9E53714 peer_name=- peer_bs=- peer_uuid=CEE5A7EFCB35F8A56B430047629F5309 link=anchor-ctrl ready=1
[AUTOPOS] BLE cmd skip[7]: target mismatch kind=anchor target_name=- target_uuid=F3BB7A04104F9CB8561DDDACB9E53714 peer_name=- peer_bs=- peer_uuid=B2B5FA625534A8C617135DCAFC9E036A link=anchor-ctrl ready=1
[AUTOPOS] ANCHOR_CTRL[0] notify: OK RUNTIME_SWITCH_REQUESTED SWEEP=1010
[AUTOPOS] AUTOPOS result: OK RUNTIME_SWITCH_REQUESTED SWEEP=1010
[AUTOPOS] AUTOPOS state: STATE fw=us-hc-exp4-tail900-start5 bs=BS1FFC uuid=F3BB7A04104F9CB8561DDDACB9E53714 label=A role=master cfg_valid=1 busy=1 pending_valid=1 schema=2 gen=1 reboot_required=0
[AUTOPOS] AUTOPOS bootstrap target-only promote verified: master=A
[AUTOPOS] SW-A warmup discard 1/10 minq=100
s: master=A
[AUTOPOS] AUTOPOS finite sweep handoff: master=A sets=1010; host waits for SWEEP_DONE
[AUTOPOS] SW-A warmup discard 2/10 minq=100
[AUTOPOS] SW-A warmup discard 3/10 minq=100
[AUTOPOS] SW-A warmup discard 4/10 minq=100
[AUTOPOS] SW-A warmup discard 5/10 minq=80
[AUTOPOS] SW-A warmup discard 6/10 minq=83
[AUTOPOS] SW-A warmup discard 7/10 minq=85
[AUTOPOS] SW-A warmup discard 8/10 minq=87
[AUTOPOS] SW-A warmup discard 9/10 minq=88
[AUTOPOS] SW-A warmup discard 10/10 minq=90
[AUTOPOS] SW-A,B,1784,90,C,3021,100,D,2566,100,E,1749,100,F,2514,100,G,3278,100,H,2757,90
[AUTOPOS] SW-A,B,1805,91,C,2999,100,D,2531,100,E,1734,100,F,3236,100,G,3271,100,H,2784,91
[AUTOPOS] SW-A,B,1783,92,C,3013,100,D,2558,100,E,1667,100,F,3176,100,G,3231,100,H,2808,92
[AUTOPOS] SW-A,B,1751,92,C,3042,100,D,2549,100,E,1657,100,F,3234,100,G,3225,100,H,2838,92
[AUTOPOS] SW-A,B,1786,93,C,3014,100,D,2549,100,E,1709,100,F,3254,100,G,3232,100,H,2786,93
[AUTOPOS] SW-A,B,1778,93,C,3046,100,D,2560,93,E,1658,100,F,3251,100,G,3249,100,H,2825,93
[AUTOPOS] SW-A,B,1765,94,C,3035,100,D,2521,94,E,1716,100,F,3277,100,G,3240,100,H,2806,94
[AUTOPOS] SW-A,B,1778,94,C,2943,100,D,2566,94,E,1750,100,F,3278,100,G,3212,100,H,2801,94
[AUTOPOS] SW-A,B,1812,94,C,3055,100,D,2544,94,E,1669,100,F,2845,100,G,3196,100,H,2787,94
[AUTOPOS] SW-A,B,1772,95,C,2991,100,D,2559,95,E,1682,100,F,3268,100,G,3212,100,H,2818,95
[AUTOPOS] SW-A,B,1785,95,C,2997,100,D,2577,95,E,1751,100,F,3264,100,G,3260,100,H,2764,95
[AUTOPOS] SW-A,B,1791,95,C,3027,100,D,2585,95,E,1751,100,F,3243,100,G,3238,100,H,2844,95
[AUTOPOS] SW-A,B,1791,95,C,3024,100,D,2564,95,E,1751,100,F,2851,100,G,3263,100,H,2772,95
[AUTOPOS] SW-A,B,1757,91,C,3082,100,D,2603,95,E,1715,91,F,2900,100,G,3197,100,H,2772,95
[AUTOPOS] SW-A,B,1751,92,C,2984,100,D,2585,96,E,1715,91,F,3226,100,G,3257,100,H,2777,88
[AUTOPOS] SW-A,B,1762,92,C,3011,100,D,2599,96,E,1675,88,F,3232,100,G,3263,100,H,2780,88
[AUTOPOS] SW-A,B,1775,92,C,3015,100,D,2566,96,E,1660,88,F,3273,100,G,3269,100,H,2826,89
[AUTOPOS] SW-A,B,1735,92,C,2978,100,D,2539,96,E,1645,89,F,3252,100,G,3274,100,H,2808,89
[AUTOPOS] SW-A,B,1773,93,C,3075,100,D,2532,96,E,1762,89,F,3261,100,G,3248,100,H,2859,90
[AUTOPOS] SW-A,B,1779,93,C,3029,100,D,2591,96,E,1660,90,F,3290,100,G,3266,100,H,2757,90
[AUTOPOS] SW-A,B,1783,93,C,3058,100,D,2563,96,E,1768,90,F,3273,100,G,3233,100,H,2786,90
[AUTOPOS] SW-A,B,1771,93,C,3040,100,D,2562,96,E,1768,90,F,2395,100,G,3222,100,H,2786,90
[AUTOPOS] SW-A,B,1754,94,C,3033,100,D,2587,100,E,1618,88,F,2810,100,G,3226,100,H,2794,88
[AUTOPOS] SW-A,B,1750,94,C,3051,100,D,2556,100,E,1644,88,F,3280,100,G,3264,100,H,2787,89
[AUTOPOS] SW-A,B,1799,94,C,3051,100,D,2561,100,E,1720,89,F,3296,100,G,3262,100,H,2797,90
[AUTOPOS] SW-A,B,1788,95,C,3001,95,D,2549,100,E,1734,90,F,3257,100,G,3266,100,H,2809,90
[AUTOPOS] SW-A,B,1788,95,C,3042,95,D,2592,100,E,1734,90,F,2426,100,G,3265,100,H,2812,90
[AUTOPOS] SW-A,B,1786,90,C,3019,95,D,2563,100,E,1664,86,F,3240,100,G,3222,100,H,2809,91
[AUTOPOS] SW-A,B,1793,91,C,3031,95,D,2564,100,E,1735,86,F,2432,100,G,3235,100,H,2847,91
[AUTOPOS] SW-A,B,1763,91,C,3031,95,D,2565,100,E,1661,87,F,2821,100,G,3260,100,H,2772,92
[AUTOPOS] SW-A,B,1772,92,C,3040,96,D,2540,100,E,1636,88,F,2827,100,G,3258,100,H,2797,92
[AUTOPOS] SW-A,B,1772,92,C,3049,96,D,2575,100,E,1667,88,F,3293,100,G,3238,100,H,2768,92
[AUTOPOS] SW-A,B,1775,92,C,3056,96,D,2551,100,E,1715,88,F,3266,100,G,3243,100,H,2820,92
[AUTOPOS] SW-A,B,1784,92,C,2995,96,D,2554,100,E,1694,89,F,2413,100,G,3206,100,H,2775,93
[AUTOPOS] SW-A,B,1747,93,C,3024,96,D,2557,100,E,1728,89,F,2427,100,G,3206,100,H,2812,93
[AUTOPOS] SW-A,B,1779,93,C,3002,96,D,2555,100,E,1712,90,F,3249,100,G,3228,100,H,2803,93
[AUTOPOS] SW-A,B,1771,93,C,3051,96,D,2563,100,E,1635,90,F,3255,100,G,3219,100,H,2785,93
[AUTOPOS] SW-A,B,1779,93,C,3051,96,D,2584,100,E,1743,90,F,2418,100,G,3233,100,H,2789,94
[AUTOPOS] SW-A,B,1784,94,C,3013,94,D,2569,100,E,1689,94,F,2386,100,G,3261,100,H,2786,94
[AUTOPOS] SW-A,B,1751,94,C,3020,94,D,2561,100,E,1767,94,F,2848,100,G,3267,100,H,2806,94
[AUTOPOS] SW-A,B,1812,94,C,2968,94,D,2548,100,E,1649,94,F,3271,100,G,3265,100,H,2791,95
[AUTOPOS] SW-A,B,1852,95,C,3047,95,D,2536,100,E,1647,95,F,3259,100,G,3268,100,H,2832,95
[AUTOPOS] SW-A,B,1775,95,C,3014,95,D,2562,100,E,1738,95,F,2825,100,G,3251,100,H,2777,95
[AUTOPOS] SW-A,B,1795,95,C,3009,95,D,2562,100,E,1664,95,F,2804,100,G,3211,100,H,2788,95
[AUTOPOS] SW-A,B,1829,95,C,3051,95,D,2562,100,E,1736,95,F,3271,100,G,3243,100,H,2811,95
[AUTOPOS] SW-A,B,1756,95,C,3027,95,D,2566,95,E,1732,95,F,2839,100,G,3219,100,H,2823,96
[AUTOPOS] SW-A,B,1754,96,C,2987,96,D,2562,96,E,1685,96,F,3249,100,G,3263,100,H,2784,96
[AUTOPOS] SW-A,B,1806,96,C,3034,96,D,2563,96,E,1685,96,F,3232,100,G,3252,100,H,2744,96
[AUTOPOS] SW-A,B,1790,96,C,3064,96,D,2589,96,E,1756,92,F,3280,100,G,3251,100,H,2819,96
[AUTOPOS] SW-A,B,1785,96,C,3012,96,D,2566,96,E,1667,92,F,3269,100,G,3274,100,H,2815,96
[AUTOPOS] SW-A,B,1787,96,C,3012,96,D,2568,96,E,1738,93,F,2830,100,G,3255,100,H,2831,96
[AUTOPOS] SW-A,B,1791,96,C,3066,93,D,2587,96,E,1651,93,F,2822,100,G,3260,100,H,2787,96
[AUTOPOS] SW-A,B,1797,93,C,3090,93,D,2587,96,E,1675,93,F,2863,100,G,3196,100,H,2762,96
[AUTOPOS] SW-A,B,1818,94,C,3007,93,D,2588,93,E,1658,93,F,2846,100,G,3219,100,H,2838,100
[AUTOPOS] SW-A,B,1752,94,C,3025,94,D,2538,94,E,1665,94,F,3267,100,G,3228,100,H,2806,100
[AUTOPOS] SW-A,B,1720,94,C,3052,94,D,2597,94,E,1696,94,F,2781,100,G,3221,100,H,2822,100
[AUTOPOS] SW-A,B,1751,95,C,3010,94,D,2585,94,E,1716,94,F,2446,100,G,3234,100,H,2783,100
[AUTOPOS] SW-A,B,1755,95,C,3000,95,D,2583,95,E,1627,95,F,2482,100,G,3217,100,H,2818,100
[AUTOPOS] SW-A,B,1778,95,C,3010,95,D,2583,95,E,1634,95,F,2830,100,G,3219,100,H,2789,100
[AUTOPOS] SW-A,B,1778,95,C,3066,95,D,2562,95,E,1715,91,F,2814,100,G,3238,100,H,2827,100
[AUTOPOS] SW-A,B,1800,91,C,2959,95,D,2537,95,E,1719,91,F,2836,100,G,3197,100,H,2770,100
[AUTOPOS] SW-A,B,1822,92,C,3074,95,D,2570,95,E,1666,92,F,3267,100,G,3250,100,H,2809,100
[AUTOPOS] SW-A,B,1781,92,C,3021,96,D,2571,96,E,1702,92,F,2832,100,G,3234,100,H,2780,100
[AUTOPOS] SW-A,B,1786,92,C,3061,96,D,2577,96,E,1717,92,F,2818,100,G,3247,100,H,2824,100
[AUTOPOS] SW-A,B,1747,92,C,3029,96,D,2554,96,E,1670,92,F,2824,100,G,3248,100,H,2821,100
[AUTOPOS] SW-A,B,1802,93,C,3070,96,D,2580,96,E,1681,93,F,2845,100,G,3284,100,H,2861,100
[AUTOPOS] SW-A,B,1802,93,C,3024,96,D,2562,96,E,1681,93,F,2839,100,G,3226,100,H,2758,100
[AUTOPOS] SW-A,B,1783,90,C,2965,96,D,2597,96,E,1662,90,F,2791,100,G,3283,100,H,2850,100
[AUTOPOS] SW-A,B,1797,90,C,3064,96,D,2599,96,E,1662,90,F,3273,100,G,3212,100,H,2815,100
[AUTOPOS] SW-A,B,1773,94,C,2996,96,D,2581,96,E,1657,88,F,3244,100,G,3243,100,H,2842,100
[AUTOPOS] SW-A,B,1793,94,C,2987,100,D,2602,100,E,1679,88,F,3212,100,G,3247,100,H,2783,100
[AUTOPOS] SW-A,B,1776,94,C,3020,100,D,2597,100,E,1729,89,F,2842,100,G,3268,100,H,2810,100
[AUTOPOS] SW-A,B,1793,95,C,2996,100,D,2554,100,E,1754,90,F,3234,100,G,3243,100,H,2806,100
[AUTOPOS] SW-A,B,1780,95,C,3018,100,D,2582,100,E,1682,90,F,2829,100,G,3251,100,H,2830,100
[AUTOPOS] SW-A,B,1790,95,C,3093,100,D,2592,100,E,1723,90,F,2783,100,G,3251,100,H,2836,100
[AUTOPOS] SW-A,B,1770,95,C,3003,100,D,2562,100,E,1626,91,F,2852,100,G,3262,95,H,2837,100
[AUTOPOS] SW-A,B,1758,95,C,3052,100,D,2585,100,E,1720,91,F,2841,100,G,3240,95,H,2846,100
[AUTOPOS] SW-A,B,1784,96,C,3035,100,D,2575,100,E,1716,92,F,2827,100,G,3251,95,H,2783,100
[AUTOPOS] SW-A,B,1784,96,C,3084,100,D,2595,100,E,1701,92,F,2826,100,G,3205,96,H,2825,100
[AUTOPOS] SW-A,B,1787,92,C,3029,100,D,2559,100,E,1701,92,F,2821,100,G,3210,96,H,2834,100
[AUTOPOS] SW-A,B,1787,92,C,3048,100,D,2579,100,E,1721,89,F,2457,100,G,3193,96,H,2807,100
[AUTOPOS] SW-A,B,1727,89,C,3004,100,D,2581,100,E,1714,89,F,2452,100,G,3234,96,H,2761,100
[AUTOPOS] SW-A,B,1802,90,C,3036,100,D,2594,100,E,1738,90,F,2810,100,G,3219,96,H,2779,100
[AUTOPOS] SW-A,B,1798,90,C,2974,100,D,2602,100,E,1712,90,F,3223,100,G,3180,96,H,2773,100
[AUTOPOS] SW-A,B,1779,90,C,2951,100,D,2569,100,E,1652,90,F,3141,100,G,3214,96,H,2800,100
[AUTOPOS] SW-A,B,1764,94,C,2987,100,D,2560,100,E,1677,94,F,2447,100,G,3217,96,H,2824,100
[AUTOPOS] SW-A,B,1767,94,C,3006,100,D,2577,100,E,1637,94,F,2397,100,G,3249,100,H,2800,100
[AUTOPOS] SW-A,B,1747,94,C,3058,100,D,2535,100,E,1645,94,F,2395,100,G,3242,100,H,2803,100
[AUTOPOS] SW-A,B,1788,95,C,3020,100,D,2576,100,E,1732,95,F,3259,100,G,3234,100,H,2781,100
[AUTOPOS] SW-A,B,1810,95,C,3011,100,D,2579,100,E,1742,95,F,2495,100,G,3213,100,H,2806,100
[AUTOPOS] SW-A,B,1763,95,C,3069,100,D,2533,100,E,1633,95,F,2840,100,G,3231,100,H,2833,100
[AUTOPOS] SW-A,B,1734,95,C,2998,100,D,2584,100,E,1700,95,F,3277,100,G,3245,100,H,2833,100
[AUTOPOS] SW-A,B,1811,95,C,3049,100,D,2558,100,E,1719,95,F,3276,100,G,3261,100,H,2810,100
[AUTOPOS] SW-A,B,1788,96,C,3043,100,D,2567,100,E,1708,96,F,3245,100,G,3218,100,H,2800,100
[AUTOPOS] SW-A,B,1727,96,C,2961,100,D,2588,100,E,1699,96,F,3240,100,G,3249,100,H,2810,100
[AUTOPOS] SW-A,B,1803,96,C,2999,100,D,2595,100,E,1686,96,F,2926,100,G,3276,100,H,2779,100
[AUTOPOS] SW-A,B,1816,96,C,3024,100,D,2552,100,E,1739,96,F,2420,100,G,3245,100,H,2835,100
[AUTOPOS] SW-A,B,1819,96,C,3056,100,D,2580,100,E,1693,96,F,2835,100,G,3254,100,H,2759,100
[AUTOPOS] SW-A,B,1819,96,C,3075,100,D,2611,100,E,1673,96,F,2406,100,G,3209,100,H,2808,100
[AUTOPOS] SW-A,B,1786,93,C,3068,100,D,2590,100,E,1652,96,F,2424,100,G,3256,100,H,2786,100
[AUTOPOS] SW-A,B,1790,93,C,2976,100,D,2595,100,E,1705,96,F,2441,100,G,3239,100,H,2780,100
[AUTOPOS] SW-A,B,1741,94,C,3003,100,D,2561,100,E,1662,100,F,3268,100,G,3217,100,H,2784,100
[AUTOPOS] SW-A,B,1763,94,C,3056,100,D,2515,100,E,1673,100,F,2866,100,G,3169,100,H,2812,100
[AUTOPOS] SW-A,B,1755,94,C,3076,100,D,2592,100,E,1701,100,F,2888,100,G,3226,100,H,2803,100
[AUTOPOS] SW-A,B,1771,95,C,3070,100,D,2591,100,E,1687,100,F,2856,100,G,3244,100,H,2791,100
[AUTOPOS] SW-A,B,1762,95,C,3070,100,D,2596,100,E,1746,100,F,2420,100,G,3205,100,H,2819,100
[AUTOPOS] SW-A,B,1775,95,C,3055,95,D,2569,100,E,1734,100,F,2456,100,G,3213,100,H,2757,100
[AUTOPOS] SW-A,B,1824,95,C,3000,95,D,2582,100,E,1664,100,F,2455,100,G,3267,100,H,2804,100
[AUTOPOS] SW-A,B,1821,95,C,2973,95,D,2592,100,E,1668,100,F,3261,100,G,3267,100,H,2796,100
[AUTOPOS] SW-A,B,1784,96,C,3008,95,D,2581,100,E,1676,100,F,2846,100,G,3240,95,H,2798,100
[AUTOPOS] SW-A,B,1758,96,C,3055,96,D,2572,100,E,1747,100,F,2834,100,G,3246,96,H,2818,100
[AUTOPOS] SW-A,B,1802,96,C,3022,96,D,2533,100,E,1671,100,F,2847,100,G,3255,96,H,2836,100
[AUTOPOS] SW-A,B,1754,96,C,3037,96,D,2559,100,E,1643,100,F,3250,100,G,3245,96,H,2816,100
[AUTOPOS] SW-A,B,1768,96,C,3084,96,D,2526,100,E,1722,100,F,3240,100,G,3261,96,H,2827,100
[AUTOPOS] SW-A,B,1729,96,C,3051,96,D,2608,100,E,1709,100,F,2867,100,G,3266,96,H,2771,100
[AUTOPOS] SW-A,B,1773,96,C,3037,96,D,2536,100,E,1757,100,F,3229,100,G,3259,96,H,2771,100
[AUTOPOS] SW-A,B,1740,96,C,3040,96,D,2518,100,E,1757,100,F,3285,100,G,3209,96,H,2771,100
[AUTOPOS] SW-A,B,1807,100,C,3035,96,D,2544,100,E,1644,100,F,2822,100,G,3241,96,H,2808,94
[AUTOPOS] SW-A,B,1806,100,C,3069,100,D,2601,100,E,1769,100,F,2912,100,G,3224,100,H,2870,94
[AUTOPOS] SW-A,B,1798,100,C,3027,100,D,2507,100,E,1732,100,F,2485,100,G,3228,100,H,2765,94
[AUTOPOS] SW-A,B,1792,100,C,3027,100,D,2565,100,E,1749,100,F,3234,100,G,3239,100,H,2749,95
[AUTOPOS] SW-A,B,1791,100,C,2998,95,D,2581,100,E,1639,100,F,3223,100,G,3237,100,H,2844,95
[AUTOPOS] SW-A,B,1751,100,C,2995,95,D,2531,100,E,1743,100,F,3233,100,G,3231,100,H,2820,95
[AUTOPOS] SW-A,B,1758,100,C,3005,95,D,2523,100,E,1671,100,F,2878,100,G,3254,100,H,2805,95
[AUTOPOS] SW-A,B,1786,100,C,3001,95,D,2635,100,E,1679,100,F,3200,100,G,3249,100,H,2854,95
[AUTOPOS] SW-A,B,1792,100,C,3079,95,D,2601,100,E,1741,100,F,2822,100,G,3240,100,H,2781,96
[AUTOPOS] SW-A,B,1747,100,C,2981,96,D,2538,100,E,1710,100,F,2920,100,G,3254,100,H,2847,96
[AUTOPOS] SW-A,B,1778,100,C,2990,96,D,2538,100,E,1619,100,F,3240,100,G,3204,100,H,2818,96
[AUTOPOS] SW-A,B,1791,100,C,3008,96,D,2522,96,E,1691,100,F,2834,100,G,3222,100,H,2797,96
[AUTOPOS] SW-A,B,1758,100,C,2982,96,D,2586,96,E,1676,100,F,3226,100,G,3171,100,H,2811,96
[AUTOPOS] SW-A,B,1753,100,C,3036,96,D,2594,96,E,1655,100,F,2452,100,G,3213,100,H,2790,96
[AUTOPOS] SW-A,B,1781,100,C,3047,96,D,2573,96,E,1785,100,F,2414,100,G,3221,100,H,2810,96
[AUTOPOS] SW-A,B,1782,100,C,3057,96,D,2582,96,E,1621,100,F,2423,100,G,3246,100,H,2799,96
[AUTOPOS] SW-A,B,1791,100,C,3012,96,D,2552,96,E,1734,100,F,2373,100,G,3222,100,H,2778,100
[AUTOPOS] SW-A,B,1778,100,C,2966,100,D,2552,96,E,1628,100,F,2430,100,G,3210,100,H,2753,100
[AUTOPOS] SW-A,B,1791,100,C,3017,100,D,2587,94,E,1778,100,F,2418,100,G,3217,100,H,2811,100
[AUTOPOS] SW-A,B,1790,100,C,3031,100,D,2606,94,E,1648,100,F,2418,100,G,3254,100,H,2776,100
[AUTOPOS] SW-A,B,1817,100,C,3050,100,D,2551,95,E,1760,100,F,2403,95,G,3237,100,H,2830,100
[AUTOPOS] SW-A,B,1783,100,C,3000,100,D,2620,95,E,1765,100,F,2493,95,G,3235,100,H,2803,100
[AUTOPOS] SW-A,B,1770,100,C,3003,100,D,2571,95,E,1616,100,F,2510,95,G,3193,100,H,2858,100
[AUTOPOS] SW-A,B,1754,100,C,2962,100,D,2595,95,E,1627,100,F,2528,95,G,3256,100,H,2854,100
[AUTOPOS] SW-A,B,1741,100,C,3033,100,D,2528,95,E,1594,100,F,2434,95,G,3225,100,H,2806,100
[AUTOPOS] SW-A,B,1768,100,C,3010,100,D,2496,96,E,1775,100,F,2398,96,G,3234,100,H,2812,100
[AUTOPOS] SW-A,B,1789,100,C,3074,100,D,2484,96,E,1954,100,F,2398,96,G,3249,100,H,2803,100
[AUTOPOS] SW-A,B,1776,100,C,2935,100,D,2524,96,E,1759,100,F,2492,92,G,3249,100,H,2778,100
[AUTOPOS] SW-A,B,1752,100,C,2937,100,D,2579,96,E,1831,100,F,2531,92,G,3213,96,H,2771,100
[AUTOPOS] SW-A,B,1712,100,C,2985,100,D,2570,96,E,1839,100,F,2475,93,G,3241,96,H,2787,100
[AUTOPOS] SW-A,B,1728,100,C,2976,100,D,2598,96,E,1829,100,F,2501,93,G,3204,96,H,2760,100
[AUTOPOS] SW-A,B,1745,100,C,2999,100,D,2583,96,E,1873,100,F,2480,93,G,3178,96,H,2777,100
[AUTOPOS] SW-A,B,1757,100,C,3000,100,D,2652,96,E,1821,100,F,2472,93,G,3220,96,H,2765,100
[AUTOPOS] SW-A,B,1748,100,C,3019,100,D,2567,100,E,1770,100,F,2461,94,G,3214,100,H,2813,100
[AUTOPOS] SW-A,B,1740,100,C,3034,100,D,2593,100,E,1811,100,F,2461,94,G,3204,100,H,2788,100
[AUTOPOS] SW-A,B,1724,100,C,3073,100,D,2596,100,E,1790,100,F,2465,89,G,3234,100,H,2868,100
[AUTOPOS] SW-A,B,1747,100,C,3012,100,D,2573,100,E,1799,100,F,2351,90,G,3210,100,H,2759,100
[AUTOPOS] SW-A,B,1798,100,C,3016,100,D,2576,100,E,1825,100,F,2644,90,G,3232,100,H,2816,100
[AUTOPOS] SW-A,B,1750,100,C,3032,100,D,2624,100,E,1853,100,F,2477,90,G,3238,100,H,2789,100
[AUTOPOS] SW-A,B,1764,100,C,3012,100,D,2573,100,E,1827,100,F,2393,91,G,3217,100,H,2835,100
[AUTOPOS] SW-A,B,1775,100,C,3013,100,D,2604,100,E,1757,100,F,2289,91,G,3259,100,H,2785,100
[AUTOPOS] SW-A,B,1773,100,C,3029,100,D,2632,100,E,1970,100,F,2407,92,G,3257,100,H,2853,100
[AUTOPOS] SW-A,B,1763,100,C,2982,100,D,2632,100,E,1675,100,F,2403,92,G,3257,100,H,2830,100
[AUTOPOS] SW-A,B,1752,100,C,2975,100,D,2568,96,E,1675,100,F,2422,92,G,3184,96,H,2830,100
[AUTOPOS] SW-A,B,1720,100,C,2973,100,D,2593,96,E,1728,96,F,2473,92,G,3269,96,H,2851,96
[AUTOPOS] SW-A,B,1769,100,C,2957,100,D,2515,96,E,1775,96,F,2450,93,G,3263,96,H,2800,96
[AUTOPOS] SW-A,B,1782,100,C,2972,100,D,2524,96,E,1762,96,F,2434,93,G,3241,96,H,2796,96
[AUTOPOS] SW-A,B,1776,100,C,2966,100,D,2509,96,E,1822,96,F,2386,93,G,3287,96,H,2837,96
[AUTOPOS] SW-A,B,1793,100,C,2976,100,D,2487,96,E,1885,100,F,2436,93,G,3266,96,H,2772,100
[AUTOPOS] SW-A,B,1767,100,C,3010,100,D,2494,100,E,1957,100,F,2395,94,G,3247,100,H,2772,100
[AUTOPOS] SW-A,B,1785,100,C,2994,100,D,2473,100,E,1957,100,F,2425,94,G,3260,100,H,2772,100
[AUTOPOS] SW-A,B,1775,100,C,2964,100,D,2510,100,E,1835,95,F,2422,94,G,3243,100,H,2744,90
[AUTOPOS] SW-A,B,1743,100,C,2986,100,D,2486,100,E,1807,95,F,2427,95,G,3235,100,H,2846,90
[AUTOPOS] SW-A,B,1742,100,C,3000,100,D,2491,100,E,2031,95,F,2410,95,G,3248,100,H,2797,90
[AUTOPOS] SW-A,B,1736,100,C,2990,100,D,2520,100,E,1898,95,F,2369,95,G,3214,100,H,2808,91
[AUTOPOS] SW-A,B,1757,100,C,2994,100,D,2500,100,E,1942,95,F,2411,95,G,3229,100,H,2805,91
[AUTOPOS] SW-A,B,1771,100,C,2966,100,D,2478,100,E,1964,96,F,2411,95,G,3239,100,H,2801,92
[AUTOPOS] SW-A,B,1747,100,C,3026,100,D,2548,100,E,1934,96,F,2398,92,G,3235,100,H,2785,92
[AUTOPOS] SW-A,B,1782,100,C,3004,100,D,2551,100,E,2056,96,F,2425,92,G,3242,100,H,2790,92
[AUTOPOS] SW-A,B,1710,100,C,3018,100,D,2532,100,E,2175,96,F,2429,92,G,3230,100,H,2800,92
[AUTOPOS] SW-A,B,1772,100,C,2979,100,D,2548,100,E,2053,96,F,2349,92,G,3225,100,H,2825,93
[AUTOPOS] SW-A,B,1697,100,C,2975,100,D,2482,100,E,1989,96,F,2424,93,G,3251,100,H,2785,93
[AUTOPOS] SW-A,B,1772,100,C,3038,100,D,2482,100,E,1707,96,F,2452,93,G,3228,100,H,2762,93
[AUTOPOS] SW-A,B,1719,100,C,2966,100,D,2488,96,E,1704,96,F,2508,93,G,3228,100,H,2827,93
[AUTOPOS] SW-A,B,1730,100,C,3020,100,D,2488,96,E,1725,100,F,3122,93,G,3250,96,H,2778,94
[AUTOPOS] SW-A,B,1741,100,C,3026,100,D,2529,94,E,2073,100,F,2827,94,G,3234,100,H,2789,94
[AUTOPOS] SW-A,B,1774,100,C,3069,100,D,2565,94,E,1742,100,F,2375,94,G,3273,100,H,2792,94
[AUTOPOS] SW-A,B,1738,100,C,2945,100,D,2496,94,E,1744,100,F,2381,94,G,3230,100,H,2748,95
[AUTOPOS] SW-A,B,1717,100,C,3002,100,D,2527,95,E,1768,100,F,2374,95,G,3250,100,H,2790,95
[AUTOPOS] SW-A,B,1772,100,C,3039,100,D,2527,95,E,1701,100,F,2336,95,G,3244,100,H,2805,95
[AUTOPOS] SW-A,B,1784,100,C,2960,100,D,2536,90,E,1717,100,F,2367,95,G,3246,95,H,2816,95
[AUTOPOS] SW-A,B,1755,100,C,2927,100,D,2488,91,E,1760,100,F,2373,95,G,3290,95,H,2764,95
[AUTOPOS] SW-A,B,1766,100,C,2948,100,D,2515,91,E,1950,100,F,2353,95,G,3241,96,H,2823,96
[AUTOPOS] SW-A,B,1748,100,C,3024,100,D,2478,92,E,1704,100,F,2348,96,G,3264,96,H,2851,96
[AUTOPOS] SW-A,B,1800,100,C,3048,100,D,2514,92,E,2006,100,F,2401,96,G,3276,96,H,2829,96
[AUTOPOS] SW-A,B,1756,100,C,3048,100,D,2531,92,E,1949,100,F,2412,96,G,3232,96,H,2790,96
[AUTOPOS] SW-A,B,1790,100,C,2956,96,D,2503,92,E,1742,100,F,2339,96,G,3256,96,H,2752,96
[AUTOPOS] SW-A,B,1760,100,C,2954,96,D,2519,93,E,1729,100,F,2361,96,G,3196,96,H,2794,96
[AUTOPOS] SW-A,B,1783,100,C,2996,96,D,2558,93,E,1960,100,F,2410,96,G,3196,96,H,2804,96
[AUTOPOS] SW-A,B,1778,100,C,2963,96,D,2480,93,E,2177,100,F,2365,96,G,3245,93,H,2776,96
[AUTOPOS] SW-A,B,1772,100,C,3020,96,D,2472,93,E,1723,100,F,2351,96,G,3249,94,H,2802,100
[AUTOPOS] SW-A,B,1742,100,C,2999,100,D,2553,94,E,1716,100,F,2376,100,G,3232,94,H,2827,100
[AUTOPOS] SW-A,B,1729,100,C,3057,100,D,2516,94,E,1671,100,F,2389,100,G,3209,94,H,2753,100
[AUTOPOS] SW-A,B,1759,100,C,3030,100,D,2523,94,E,1722,100,F,2357,100,G,3227,95,H,2810,100
[AUTOPOS] SW-A,B,1757,100,C,3085,100,D,2528,95,E,1709,100,F,2387,100,G,3259,95,H,2844,100
[AUTOPOS] SW-A,B,1770,100,C,3074,100,D,2520,95,E,1950,100,F,2416,100,G,3251,95,H,2826,100
[AUTOPOS] SW-A,B,1726,100,C,3031,100,D,2481,95,E,1735,100,F,2351,100,G,3237,95,H,2816,100
[AUTOPOS] SW-A,B,1746,100,C,2980,100,D,2496,95,E,1729,100,F,2396,100,G,3268,95,H,2770,100
[AUTOPOS] SW-A,B,1744,100,C,3067,100,D,2515,95,E,1690,100,F,2391,100,G,3261,96,H,2830,100
[AUTOPOS] SW-A,B,1763,100,C,2997,100,D,2515,96,E,1695,100,F,2356,100,G,3216,96,H,2784,100
[AUTOPOS] SW-A,B,1732,100,C,2996,100,D,2520,96,E,2015,100,F,2350,100,G,3259,96,H,2805,100
[AUTOPOS] SW-A,B,1789,100,C,3009,100,D,2551,96,E,2145,100,F,2350,100,G,3278,96,H,2829,100
[AUTOPOS] SW-A,B,1724,100,C,3009,100,D,2553,96,E,1705,100,F,2360,93,G,3222,96,H,2829,100
[AUTOPOS] SW-A,B,1792,100,C,3000,96,D,2539,96,E,1765,100,F,2355,93,G,3251,96,H,2829,100
[AUTOPOS] SW-A,B,1778,100,C,3040,96,D,2483,96,E,1765,100,F,2412,93,G,3273,96,H,2797,96
[AUTOPOS] SW-A,B,1771,100,C,2969,96,D,2529,96,E,1729,96,F,2370,93,G,3255,96,H,2775,96
[AUTOPOS] SW-A,B,1718,100,C,2993,96,D,2532,96,E,2050,100,F,2349,94,G,3263,100,H,2778,100
[AUTOPOS] SW-A,B,1794,100,C,3012,100,D,2528,100,E,2129,100,F,2381,94,G,3277,100,H,2788,100
[AUTOPOS] SW-A,B,1724,100,C,2917,100,D,2511,100,E,2097,100,F,2352,94,G,3215,100,H,2797,100
[AUTOPOS] SW-A,B,1778,100,C,3009,100,D,2532,100,E,2097,100,F,2394,95,G,3230,100,H,2828,100
[AUTOPOS] SW-A,B,1754,100,C,2931,100,D,2582,100,E,2016,95,F,2368,95,G,3234,100,H,2828,100
[AUTOPOS] SW-A,B,1746,100,C,3015,100,D,2487,100,E,2016,95,F,2341,95,G,3246,100,H,2828,100
[AUTOPOS] SW-A,B,1781,100,C,3044,100,D,2530,100,E,1979,91,F,2342,95,G,3233,100,H,2792,91
[AUTOPOS] SW-A,B,1743,100,C,2977,100,D,2517,100,E,1719,91,F,2349,95,G,3227,100,H,2793,91
[AUTOPOS] SW-A,B,1718,100,C,2994,100,D,2474,100,E,1701,92,F,2367,96,G,3240,100,H,2809,92
[AUTOPOS] SW-A,B,1738,100,C,2964,100,D,2541,100,E,2129,92,F,2367,96,G,3205,100,H,2763,92
[AUTOPOS] SW-A,B,1739,100,C,3058,100,D,2528,100,E,1695,92,F,2367,96,G,3224,100,H,2819,92
[AUTOPOS] SW-A,B,1748,100,C,3058,100,D,2506,100,E,1679,92,F,2367,96,G,3221,100,H,2769,92
[AUTOPOS] SW-A,B,1714,100,C,3039,96,D,2483,100,E,2014,93,F,2355,89,G,3276,100,H,2778,93
[AUTOPOS] SW-A,B,1730,100,C,3048,96,D,2537,100,E,2129,93,F,2842,90,G,3249,100,H,2796,93
[AUTOPOS] SW-A,B,1751,100,C,3072,96,D,2541,100,E,2044,93,F,2389,90,G,3257,100,H,2796,93
[AUTOPOS] SW-A,B,1733,100,C,2981,96,D,2552,100,E,1978,93,F,2390,90,G,3256,100,H,2788,90
[AUTOPOS] SW-A,B,1713,100,C,3090,96,D,2552,100,E,1656,94,F,2444,94,G,3250,100,H,2801,94
[AUTOPOS] SW-A,B,1724,100,C,3031,100,D,2509,100,E,1741,94,F,2423,94,G,3244,100,H,2788,94
[AUTOPOS] SW-A,B,1767,100,C,3009,100,D,2449,100,E,1680,94,F,2424,94,G,3270,100,H,2781,94
[AUTOPOS] SW-A,B,1781,100,C,3031,100,D,2481,100,E,1787,95,F,2421,95,G,3224,100,H,2814,95
[AUTOPOS] SW-A,B,1781,100,C,3044,100,D,2521,100,E,1771,95,F,2416,95,G,3238,100,H,2793,95
[AUTOPOS] SW-A,B,1747,100,C,3051,100,D,2520,100,E,1785,95,F,2428,95,G,3249,100,H,2792,95
[AUTOPOS] SW-A,B,1773,100,C,3089,100,D,2452,100,E,1740,95,F,2376,95,G,3272,100,H,2810,95
[AUTOPOS] SW-A,B,1768,100,C,3019,100,D,2452,100,E,1828,95,F,2377,95,G,3232,100,H,2772,95
[AUTOPOS] SW-A,B,1759,100,C,3075,100,D,2532,95,E,1862,96,F,2353,96,G,3238,100,H,2806,96
[AUTOPOS] SW-A,B,1746,100,C,3041,100,D,2568,96,E,1879,96,F,2376,96,G,3254,96,H,2803,96
[AUTOPOS] SW-A,B,1768,100,C,2925,100,D,2535,96,E,1854,96,F,2388,96,G,3240,96,H,2798,96
[AUTOPOS] SW-A,B,1731,100,C,2943,100,D,2487,96,E,1854,96,F,2358,96,G,3234,96,H,2819,96
[AUTOPOS] SW-A,B,1733,100,C,2960,100,D,2525,96,E,1821,93,F,2384,96,G,3204,96,H,2791,96
[AUTOPOS] SW-A,B,1790,100,C,2994,100,D,2551,96,E,1823,93,F,2357,96,G,3246,96,H,2819,96
[AUTOPOS] SW-A,B,1756,100,C,2999,100,D,2461,96,E,1928,93,F,2406,96,G,3211,96,H,2829,96
[AUTOPOS] SW-A,B,1805,100,C,3035,100,D,2459,96,E,1751,93,F,2350,96,G,3230,100,H,2823,96
[AUTOPOS] SW-A,B,1762,100,C,3013,100,D,2523,96,E,1751,93,F,2392,100,G,3236,100,H,2794,100
[AUTOPOS] SW-A,B,1770,100,C,2978,100,D,2544,100,E,1775,88,F,2383,100,G,3219,100,H,2794,100
[AUTOPOS] SW-A,B,1746,100,C,3051,100,D,2489,100,E,1915,89,F,2398,100,G,3218,100,H,2763,94
[AUTOPOS] SW-A,B,1696,100,C,3002,100,D,2491,100,E,1947,90,F,2383,100,G,3277,100,H,2807,95
[AUTOPOS] SW-A,B,1761,100,C,3075,100,D,2537,100,E,1809,90,F,2382,100,G,3198,100,H,2837,95
[AUTOPOS] SW-A,B,1749,100,C,3000,100,D,2533,100,E,1872,90,F,2386,100,G,3247,100,H,2810,95
[AUTOPOS] SW-A,B,1793,100,C,2958,100,D,2504,100,E,1900,91,F,2394,100,G,3259,100,H,2781,95
[AUTOPOS] SW-A,B,1745,100,C,3039,100,D,2541,100,E,1900,91,F,2363,100,G,3248,100,H,2805,95
[AUTOPOS] SW-A,B,1789,100,C,2987,100,D,2540,100,E,1833,88,F,2348,100,G,3262,100,H,2777,96
[AUTOPOS] SW-A,B,1740,100,C,3003,100,D,2476,100,E,1833,88,F,2393,100,G,3234,100,H,2777,96
[AUTOPOS] SW-A,B,1731,100,C,2981,100,D,2473,100,E,1706,85,F,2387,100,G,3238,100,H,2737,92
[AUTOPOS] SW-A,B,1767,100,C,2972,100,D,2581,100,E,1788,85,F,2398,100,G,3252,100,H,2824,92
[AUTOPOS] SW-A,B,1767,100,C,3033,100,D,2563,100,E,1817,86,F,2367,100,G,3211,100,H,2777,93
[AUTOPOS] SW-A,B,1739,100,C,3033,100,D,2530,100,E,1777,86,F,2365,100,G,3232,100,H,2816,93
[AUTOPOS] SW-A,B,1775,100,C,3018,96,D,2483,100,E,1744,87,F,2357,100,G,3204,100,H,2785,93
[AUTOPOS] SW-A,B,1741,100,C,3010,96,D,2500,100,E,1711,87,F,2357,100,G,3250,100,H,2760,93
[AUTOPOS] SW-A,B,1780,100,C,2996,96,D,2468,100,E,1803,88,F,2346,100,G,3239,100,H,2767,94
[AUTOPOS] SW-A,B,1719,100,C,3034,100,D,2610,100,E,1834,88,F,2403,100,G,3226,100,H,2762,94
[AUTOPOS] SW-A,B,1718,100,C,3014,100,D,2544,100,E,1868,89,F,2376,100,G,3221,100,H,2773,94
[AUTOPOS] SW-A,B,1716,100,C,3000,100,D,2513,100,E,1746,90,F,2359,100,G,3228,100,H,2806,95
[AUTOPOS] SW-A,B,1716,100,C,3005,100,D,2440,100,E,1830,90,F,2393,100,G,3231,100,H,2818,95
[AUTOPOS] SW-A,B,1739,95,C,3002,100,D,2501,100,E,1798,90,F,2378,100,G,3226,100,H,2808,95
[AUTOPOS] SW-A,B,1739,95,C,2990,100,D,2520,100,E,1798,90,F,2336,100,G,3229,100,H,2822,95
[AUTOPOS] SW-A,B,1765,91,C,2999,100,D,2527,100,E,1785,87,F,2355,100,G,3209,100,H,2800,95
[AUTOPOS] SW-A,B,1762,92,C,3032,100,D,2582,100,E,1784,88,F,2343,100,G,3217,100,H,2753,96
[AUTOPOS] SW-A,B,1768,92,C,3070,100,D,2550,100,E,1760,88,F,2326,100,G,3203,100,H,2769,96
[AUTOPOS] SW-A,B,1710,92,C,2999,100,D,2552,100,E,1774,88,F,2425,100,G,3230,100,H,2848,96
[AUTOPOS] SW-A,B,1765,92,C,2999,100,D,2542,100,E,1789,89,F,2537,100,G,3205,100,H,2729,96
[AUTOPOS] SW-A,B,1785,93,C,2968,96,D,2515,100,E,1940,89,F,2462,100,G,3242,100,H,2804,96
[AUTOPOS] SW-A,B,1761,93,C,3045,96,D,2496,100,E,1940,89,F,2405,100,G,3239,100,H,2798,96
[AUTOPOS] SW-A,B,1731,93,C,3104,96,D,2497,100,E,1671,87,F,2422,100,G,3268,100,H,2798,96
[AUTOPOS] SW-A,B,1793,93,C,2996,96,D,2528,100,E,1671,87,F,2397,100,G,3240,100,H,2787,93
[AUTOPOS] SW-A,B,1763,94,C,3035,96,D,2532,100,E,1988,88,F,2366,100,G,3270,100,H,2776,94
[AUTOPOS] SW-A,B,1746,94,C,2930,100,D,2512,100,E,2007,88,F,2434,100,G,3251,100,H,2887,94
[AUTOPOS] SW-A,B,1748,94,C,3038,100,D,2572,100,E,1590,89,F,2465,100,G,3235,100,H,2839,94
[AUTOPOS] SW-A,B,1768,95,C,3038,100,D,2561,100,E,1558,90,F,2437,100,G,3279,100,H,2760,95
[AUTOPOS] SW-A,B,1780,95,C,3042,95,D,2544,100,E,1640,90,F,2437,100,G,3215,100,H,2794,95
[AUTOPOS] SW-A,B,1812,95,C,3042,95,D,2562,100,E,1609,90,F,2437,100,G,3248,100,H,2775,95
[AUTOPOS] SW-A,B,1755,95,C,2974,90,D,2556,100,E,1724,91,F,2435,91,G,3205,100,H,2780,95
[AUTOPOS] SW-A,B,1796,95,C,2988,91,D,2535,100,E,1663,91,F,2435,91,G,3207,100,H,2812,95
[AUTOPOS] SW-A,B,1771,96,C,3014,91,D,2575,100,E,1708,92,F,2476,88,G,3228,100,H,2853,96
[AUTOPOS] SW-A,B,1771,96,C,3028,92,D,2587,100,E,1674,92,F,2468,88,G,3215,100,H,2830,96
[AUTOPOS] SW-A,B,1783,92,C,3019,92,D,2578,100,E,1739,92,F,2464,88,G,3230,100,H,2749,96
[AUTOPOS] SW-A,B,1739,92,C,3023,92,D,2543,100,E,1662,92,F,2477,89,G,3238,100,H,2816,96
[AUTOPOS] SW-A,B,1760,93,C,2986,92,D,2543,100,E,1680,93,F,2420,89,G,3238,100,H,2826,96
[AUTOPOS] SW-A,B,1814,93,C,2974,93,D,2543,100,E,1667,93,F,2423,90,G,3238,100,H,2764,96
[AUTOPOS] SW-A,B,1767,93,C,2972,93,D,2562,93,E,1655,93,F,2436,90,G,3210,93,H,2854,96
[AUTOPOS] SW-A,B,1776,93,C,2955,93,D,2543,93,E,1673,93,F,2430,90,G,3218,94,H,2843,96
[AUTOPOS] SW-A,B,1751,94,C,3044,93,D,2585,93,E,1644,94,F,2438,94,G,3254,94,H,2857,100
[AUTOPOS] SW-A,B,1755,94,C,3013,94,D,2544,94,E,1543,94,F,2459,94,G,3217,94,H,2771,100
[AUTOPOS] SW-A,B,1791,94,C,3016,94,D,2539,89,E,1590,94,F,2453,94,G,3253,95,H,2822,100
[AUTOPOS] SW-A,B,1785,95,C,3015,94,D,2569,90,E,2341,95,F,2420,95,G,3240,95,H,2846,100
[AUTOPOS] SW-A,B,1703,95,C,3041,95,D,2554,90,E,1946,95,F,2418,95,G,3247,95,H,2784,100
[AUTOPOS] SW-A,B,1731,95,C,2961,95,D,2557,90,E,1946,95,F,2390,95,G,3261,95,H,2860,100
[AUTOPOS] SW-A,B,1780,95,C,3068,95,D,2544,91,E,2142,91,F,2450,95,G,3236,95,H,2762,100
[AUTOPOS] SW-A,B,1747,95,C,2968,95,D,2593,91,E,2041,91,F,2438,95,G,3260,96,H,2779,100
[AUTOPOS] SW-A,B,1764,96,C,2929,95,D,2590,92,E,1748,92,F,2415,96,G,3284,96,H,2841,100
[AUTOPOS] SW-A,B,1733,96,C,3040,96,D,2547,92,E,1788,92,F,2436,96,G,3299,96,H,2801,100
[AUTOPOS] SW-A,B,1768,96,C,3027,96,D,2559,92,E,1791,92,F,2446,96,G,3287,96,H,2796,100
[AUTOPOS] SW-A,B,1776,96,C,3033,96,D,2523,92,E,1778,92,F,2450,96,G,3275,96,H,2811,100
[AUTOPOS] SW-A,B,1729,96,C,3011,96,D,2488,93,E,1714,93,F,2434,96,G,3273,96,H,2804,100
[AUTOPOS] SW-A,B,1768,96,C,3066,96,D,2483,93,E,1619,93,F,2423,96,G,3273,96,H,2858,100
[AUTOPOS] SW-A,B,1749,96,C,3060,96,D,2552,93,E,1728,93,F,2429,96,G,3247,93,H,2806,100
[AUTOPOS] SW-A,B,1741,96,C,3060,96,D,2537,93,E,1825,93,F,2420,96,G,3282,94,H,2800,100
[AUTOPOS] SW-A,B,1778,100,C,3059,93,D,2509,94,E,1892,94,F,2374,100,G,3282,94,H,2788,100
[AUTOPOS] SW-A,B,1760,100,C,3006,94,D,2482,94,E,1830,94,F,2390,100,G,3288,94,H,2801,100
[AUTOPOS] SW-A,B,1757,100,C,3083,94,D,2515,94,E,1811,94,F,2505,100,G,3277,95,H,2821,100
[AUTOPOS] SW-A,B,1755,100,C,3046,94,D,2525,95,E,1811,94,F,3194,100,G,3246,95,H,2821,100
[AUTOPOS] SW-A,B,1730,100,C,3024,95,D,2531,95,E,1795,90,F,2816,100,G,3258,95,H,2823,95
[AUTOPOS] SW-A,B,1772,100,C,3022,95,D,2529,95,E,1845,90,F,2835,100,G,3255,95,H,2787,95
[AUTOPOS] SW-A,B,1748,100,C,3046,95,D,2538,95,E,1836,91,F,2291,100,G,3231,95,H,2797,95
[AUTOPOS] SW-A,B,1754,100,C,3046,95,D,2526,95,E,1727,91,F,2301,100,G,3287,96,H,2826,95
[AUTOPOS] SW-A,B,1795,100,C,2986,91,D,2513,96,E,1674,92,F,2355,100,G,3203,96,H,2789,96
[AUTOPOS] SW-A,B,1763,100,C,2982,92,D,2534,96,E,1732,92,F,2355,100,G,3253,96,H,2785,96
[AUTOPOS] SW-A,B,1781,100,C,3057,92,D,2505,96,E,1742,92,F,2387,96,G,3209,96,H,2794,96
[AUTOPOS] SW-A,B,1725,100,C,3063,92,D,2541,96,E,1742,92,F,2372,96,G,3263,96,H,2774,96
[AUTOPOS] SW-A,B,1733,100,C,2964,92,D,2476,96,E,1773,93,F,2408,96,G,3242,96,H,2774,96
[AUTOPOS] SW-A,B,1724,100,C,3061,93,D,2497,96,E,1779,93,F,2382,96,G,3237,96,H,2802,93
[AUTOPOS] SW-A,B,1765,100,C,2996,93,D,2497,96,E,1744,93,F,2374,96,G,3242,96,H,2747,93
[AUTOPOS] SW-A,B,1761,100,C,3039,93,D,2510,93,E,1766,93,F,2386,96,G,3305,100,H,2765,93
[AUTOPOS] SW-A,B,1760,100,C,3043,93,D,2529,94,E,1730,94,F,2417,100,G,3281,100,H,2767,94
[AUTOPOS] SW-A,B,1725,100,C,3055,94,D,2516,94,E,1678,94,F,2388,100,G,3251,100,H,2831,94
[AUTOPOS] SW-A,B,1794,100,C,2988,94,D,2564,94,E,1761,94,F,2425,100,G,3219,100,H,2845,94
[AUTOPOS] SW-A,B,1711,100,C,3063,94,D,2530,95,E,1708,95,F,2448,100,G,3261,100,H,2845,94
[AUTOPOS] SW-A,B,1756,100,C,3059,95,D,2504,95,E,1813,95,F,2387,100,G,3297,100,H,2782,90
[AUTOPOS] SW-A,B,1711,100,C,3021,95,D,2504,95,E,1757,95,F,2354,100,G,3267,100,H,2806,90
[AUTOPOS] SW-A,B,1732,100,C,3023,95,D,2509,91,E,1778,95,F,2443,100,G,3301,100,H,2802,91
[AUTOPOS] SW-A,B,1757,100,C,2987,95,D,2528,91,E,1741,95,F,2412,100,G,3246,100,H,2783,91
[AUTOPOS] SW-A,B,1738,100,C,3025,95,D,2504,92,E,1802,96,F,2785,100,G,3254,100,H,2804,92
[AUTOPOS] SW-A,B,1787,100,C,3063,96,D,2481,92,E,1720,96,F,2308,100,G,3278,100,H,2798,92
[AUTOPOS] SW-A,B,1764,100,C,3038,96,D,2465,92,E,1757,96,F,2475,100,G,3224,100,H,2851,92
[AUTOPOS] SW-A,B,1753,100,C,3016,96,D,2493,92,E,1922,96,F,2488,100,G,3257,100,H,2750,92
[AUTOPOS] SW-A,B,1727,100,C,3025,96,D,2493,92,E,1787,96,F,2420,100,G,3202,100,H,2787,93
[AUTOPOS] SW-A,B,1745,100,C,2995,96,D,2492,90,E,1829,96,F,3152,100,G,3237,100,H,2768,93
[AUTOPOS] SW-A,B,1772,100,C,3004,96,D,2495,90,E,1787,96,F,3145,100,G,3228,100,H,2810,93
[AUTOPOS] SW-A,B,1788,100,C,3022,96,D,2526,90,E,1780,96,F,2896,100,G,3271,100,H,2806,93
>>> autopos status @t=30
[AUTOPOS] AUTOPOS: mode=AUTOPOS state=ready staged=A last_success=A sets=1010 error=-
[AUTOPOS] SW-A,B,1766,100,C,3010,96,D,2508,94,E,1727,100,F,2665,100,G,3223,100,H,2810,94
[AUTOPOS] SW-A,B,1769,100,C,3013,100,D,2518,94,E,1726,100,F,2606,100,G,3217,100,H,2797,94
[AUTOPOS] SW-A,B,1806,100,C,3029,100,D,2510,94,E,1708,100,F,2542,100,G,3219,100,H,2815,94
[AUTOPOS] SW-A,B,1770,100,C,2995,100,D,2529,95,E,1757,100,F,2801,100,G,3233,100,H,2802,95
[AUTOPOS] SW-A,B,1756,100,C,3015,100,D,2516,95,E,1727,100,F,2849,100,G,3243,100,H,2796,95
[AUTOPOS] SW-A,B,1769,100,C,3004,100,D,2518,95,E,1729,100,F,2729,100,G,3228,100,H,2846,95
[AUTOPOS] SW-A,B,1785,100,C,3033,100,D,2567,95,E,1736,100,F,2649,100,G,3243,100,H,2824,95
[AUTOPOS] SW-A,B,1791,100,C,2989,100,D,2519,95,E,1684,100,F,2765,100,G,3223,100,H,2780,95
[AUTOPOS] SW-A,B,1748,100,C,3079,100,D,2561,96,E,1671,100,F,2776,100,G,3229,100,H,2793,96
[AUTOPOS] SW-A,B,1771,100,C,3016,100,D,2512,96,E,1665,100,F,2843,100,G,3261,100,H,2814,96
[AUTOPOS] SW-A,B,1743,100,C,3063,100,D,2579,96,E,1687,100,F,2615,100,G,3271,100,H,2794,96
[AUTOPOS] SW-A,B,1771,100,C,3079,100,D,2555,96,E,1705,100,F,2505,100,G,3179,100,H,2813,96
[AUTOPOS] SW-A,B,1771,100,C,3053,100,D,2531,96,E,1705,100,F,2874,100,G,3206,100,H,2776,96
[AUTOPOS] SW-A,B,1773,96,C,3018,100,D,2506,96,E,1683,96,F,2422,100,G,3240,100,H,2791,96
[AUTOPOS] SW-A,B,1807,96,C,3036,100,D,2546,96,E,1689,96,F,2474,100,G,3250,100,H,2846,96
[AUTOPOS] SW-A,B,1803,96,C,2969,100,D,2521,96,E,1780,96,F,3266,100,G,3225,100,H,2815,96
[AUTOPOS] SW-A,B,1780,100,C,3033,100,D,2526,100,E,1705,100,F,3220,100,G,3189,100,H,2786,100
[AUTOPOS] SW-A,B,1734,100,C,2999,100,D,2514,100,E,1691,100,F,3205,100,G,3250,100,H,2799,100
[AUTOPOS] SW-A,B,1757,100,C,3064,100,D,2552,100,E,1690,100,F,3157,100,G,3256,100,H,2803,100
[AUTOPOS] SW-A,B,1767,100,C,2988,100,D,2538,100,E,1624,100,F,3309,100,G,3279,100,H,2794,100
[AUTOPOS] SW-A,B,1751,100,C,3070,100,D,2568,100,E,1693,100,F,2603,100,G,3266,100,H,2847,100
[AUTOPOS] SW-A,B,1769,100,C,2994,100,D,2534,100,E,1686,100,F,2536,100,G,3244,100,H,2815,100
[AUTOPOS] SW-A,B,1778,100,C,2997,100,D,2537,100,E,1709,100,F,2536,100,G,3215,100,H,2812,100
[AUTOPOS] SW-A,B,1810,100,C,2961,100,D,2590,100,E,1789,100,F,2426,95,G,3261,100,H,2786,100
[AUTOPOS] SW-A,B,1769,100,C,2998,100,D,2558,100,E,1687,100,F,2459,96,G,3237,100,H,2849,100
[AUTOPOS] SW-A,B,1769,100,C,3042,100,D,2551,100,E,1688,100,F,2489,96,G,3243,100,H,2829,100
[AUTOPOS] SW-A,B,1756,96,C,2963,100,D,2606,100,E,1710,100,F,2475,96,G,3297,100,H,2826,100
[AUTOPOS] SW-A,B,1736,96,C,2943,100,D,2543,100,E,1710,100,F,2439,96,G,3217,100,H,2781,100
[AUTOPOS] SW-A,B,1735,96,C,2943,100,D,2517,100,E,1647,96,F,2439,96,G,3248,100,H,2805,100
[AUTOPOS] SW-A,B,1732,96,C,3032,96,D,2540,100,E,1627,96,F,2407,93,G,3268,100,H,2744,100
[AUTOPOS] SW-A,B,1749,96,C,3003,96,D,2493,100,E,1961,96,F,2407,93,G,3249,100,H,2790,100
[AUTOPOS] SW-A,B,1758,96,C,3069,96,D,2504,100,E,1773,96,F,2371,90,G,3267,100,H,2779,100
[AUTOPOS] SW-A,B,1771,100,C,3047,96,D,2507,100,E,1865,100,F,2407,94,G,3293,100,H,2785,100
[AUTOPOS] SW-A,B,1735,100,C,3035,100,D,2499,100,E,1890,100,F,2390,94,G,3230,100,H,2758,100
[AUTOPOS] SW-A,B,1748,100,C,3022,100,D,2499,100,E,1794,100,F,2407,94,G,3239,100,H,2753,100
[AUTOPOS] SW-A,B,1786,100,C,3039,100,D,2506,95,E,1730,100,F,2397,95,G,3294,100,H,2804,100
[AUTOPOS] SW-A,B,1747,100,C,3013,100,D,2506,95,E,1704,100,F,2417,95,G,3279,95,H,2809,100
[AUTOPOS] SW-A,B,1711,100,C,3019,100,D,2486,90,E,1811,100,F,2404,95,G,3271,95,H,2818,100
[AUTOPOS] SW-A,B,1765,100,C,3013,100,D,2487,91,E,1761,100,F,2416,95,G,3246,96,H,2783,100
[AUTOPOS] SW-A,B,1761,100,C,3039,100,D,2532,91,E,1778,100,F,2426,95,G,3249,96,H,2741,100
[AUTOPOS] SW-A,B,1790,100,C,3032,100,D,2496,92,E,1981,100,F,2417,96,G,3213,96,H,2776,100
[AUTOPOS] SW-A,B,1726,100,C,3028,100,D,2501,92,E,2085,100,F,2413,96,G,3231,96,H,2767,100
[AUTOPOS] SW-A,B,1736,100,C,3028,100,D,2488,92,E,2055,100,F,2425,96,G,3277,96,H,2749,100
[AUTOPOS] SW-A,B,1763,100,C,3050,100,D,2544,92,E,2186,100,F,2417,96,G,3223,96,H,2780,100
[AUTOPOS] SW-A,B,1709,100,C,3024,100,D,2514,93,E,1826,100,F,2425,96,G,3208,96,H,2755,100
[AUTOPOS] SW-A,B,1746,100,C,3014,100,D,2523,93,E,1767,100,F,2381,96,G,3232,96,H,2770,100
[AUTOPOS] SW-A,B,1746,100,C,3027,100,D,2470,93,E,1814,100,F,2404,96,G,3280,100,H,2746,100
[AUTOPOS] SW-A,B,1735,100,C,3048,100,D,2488,93,E,1656,100,F,2384,96,G,3213,100,H,2778,100
[AUTOPOS] SW-A,B,1757,100,C,3017,100,D,2488,93,E,1712,100,F,2392,100,G,3209,100,H,2764,100
[AUTOPOS] SW-A,B,1761,100,C,3042,100,D,2519,88,E,1657,100,F,2410,100,G,3265,100,H,2827,100
[AUTOPOS] SW-A,B,1760,100,C,3064,100,D,2496,89,E,1667,100,F,2408,100,G,3207,100,H,2792,100
[AUTOPOS] SW-A,B,1766,100,C,2990,100,D,2497,90,E,1700,100,F,2365,100,G,3227,100,H,2786,100
[AUTOPOS] SW-A,B,1775,100,C,3069,100,D,2501,90,E,1626,100,F,2365,100,G,3197,100,H,2770,100
[AUTOPOS] SW-A,B,1701,100,C,3022,100,D,2462,90,E,2140,100,F,2410,95,G,3211,100,H,2772,100
[AUTOPOS] SW-A,B,1705,100,C,3011,100,D,2474,91,E,2097,100,F,2385,95,G,3228,100,H,2760,100
[AUTOPOS] SW-A,B,1795,100,C,3064,100,D,2521,91,E,1783,100,F,2422,95,G,3219,100,H,2764,100
[AUTOPOS] SW-A,B,1750,100,C,2989,100,D,2521,91,E,1743,100,F,2449,96,G,3267,100,H,2792,100
[AUTOPOS] SW-A,B,1750,100,C,3023,100,D,2501,88,E,1731,100,F,2401,96,G,3296,100,H,2761,100
[AUTOPOS] SW-A,B,1780,96,C,2975,100,D,2491,88,E,1815,100,F,2498,96,G,3245,100,H,2791,100
[AUTOPOS] SW-A,B,1740,96,C,3001,100,D,2517,89,E,1680,100,F,2439,96,G,3259,100,H,2791,100
[AUTOPOS] SW-A,B,1770,96,C,2927,100,D,2525,89,E,1601,100,F,2442,96,G,3257,100,H,2793,96
[AUTOPOS] SW-A,B,1794,96,C,3004,100,D,2539,90,E,1633,100,F,2411,96,G,3241,100,H,2822,96
[AUTOPOS] SW-A,B,1767,96,C,3028,100,D,2538,90,E,1730,100,F,2397,96,G,3211,100,H,2769,96
[AUTOPOS] SW-A,B,1788,96,C,3012,100,D,2536,90,E,1656,100,F,2445,96,G,3249,100,H,2772,96
[AUTOPOS] SW-A,B,1753,100,C,3008,100,D,2522,94,E,1667,100,F,2440,100,G,3227,100,H,2794,100
[AUTOPOS] SW-A,B,1782,100,C,3008,100,D,2506,94,E,1679,100,F,2440,100,G,3231,100,H,2781,100
[AUTOPOS] SW-A,B,1707,100,C,2995,94,D,2509,94,E,1746,100,F,2410,94,G,3250,100,H,2780,100
[AUTOPOS] SW-A,B,1759,100,C,2979,94,D,2547,95,E,2127,100,F,2387,95,G,3235,100,H,2810,100
[AUTOPOS] SW-A,B,1733,100,C,3014,95,D,2497,95,E,1905,100,F,2394,95,G,3298,100,H,2821,100
[AUTOPOS] SW-A,B,1727,100,C,3051,95,D,2515,95,E,1872,100,F,2426,95,G,3264,100,H,2775,100
[AUTOPOS] SW-A,B,1703,100,C,3038,95,D,2548,95,E,1731,100,F,2377,95,G,3166,100,H,2785,100
[AUTOPOS] SW-A,B,1737,100,C,2976,95,D,2574,95,E,1795,100,F,3285,95,G,3225,100,H,2796,100
[AUTOPOS] SW-A,B,1765,100,C,3035,95,D,2556,96,E,1959,100,F,2508,96,G,3195,100,H,2794,100
[AUTOPOS] SW-A,B,1696,100,C,2985,96,D,2553,96,E,1844,100,F,2477,96,G,3231,100,H,2772,100
[AUTOPOS] SW-A,B,1688,100,C,3005,96,D,2550,96,E,1737,100,F,2493,96,G,3222,100,H,2785,100
[AUTOPOS] SW-A,B,1717,100,C,3014,96,D,2538,96,E,1778,100,F,2412,96,G,3216,100,H,2769,100
[AUTOPOS] SW-A,B,1714,100,C,3012,96,D,2527,96,E,1658,100,F,2440,96,G,3186,100,H,2811,100
[AUTOPOS] SW-A,B,1712,100,C,3046,96,D,2527,96,E,2038,100,F,2368,96,G,3231,100,H,2772,100
[AUTOPOS] SW-A,B,1704,100,C,3007,96,D,2499,93,E,1780,100,F,2465,96,G,3271,100,H,2728,100
[AUTOPOS] SW-A,B,1697,100,C,3048,96,D,2559,93,E,1788,100,F,2465,96,G,3258,100,H,2762,100
[AUTOPOS] SW-A,B,1749,100,C,3015,96,D,2536,94,E,1846,100,F,2389,94,G,3252,100,H,2753,100
[AUTOPOS] SW-A,B,1726,100,C,2992,100,D,2551,94,E,1920,100,F,2423,89,G,3245,100,H,2753,100
[AUTOPOS] SW-A,B,1750,100,C,2993,100,D,2580,94,E,1858,100,F,2460,90,G,3277,100,H,2792,94
[AUTOPOS] SW-A,B,1727,100,C,2993,100,D,2611,95,E,1875,100,F,2337,90,G,3234,100,H,2792,94
[AUTOPOS] SW-A,B,1711,100,C,2988,100,D,2581,95,E,1873,100,F,2443,90,G,3248,100,H,2810,90
[AUTOPOS] SW-A,B,1745,100,C,2976,100,D,2581,95,E,1808,100,F,2447,91,G,3238,100,H,2745,90
[AUTOPOS] SW-A,B,1758,100,C,2990,100,D,2522,91,E,1892,100,F,2429,91,G,3230,100,H,2741,91
[AUTOPOS] SW-A,B,1747,100,C,2973,100,D,2509,91,E,1857,100,F,2455,92,G,3203,100,H,2767,91
[AUTOPOS] SW-A,B,1790,100,C,3025,100,D,2509,91,E,1792,100,F,2428,92,G,3203,100,H,2738,92
[AUTOPOS] SW-A,B,1753,100,C,3031,100,D,2487,88,E,1815,100,F,2417,92,G,3253,96,H,2777,92
[AUTOPOS] SW-A,B,1771,100,C,2995,100,D,2595,88,E,1811,100,F,2393,92,G,3215,96,H,2732,92
[AUTOPOS] SW-A,B,1740,100,C,3037,100,D,2603,89,E,1817,100,F,2387,93,G,3214,96,H,2850,92
[AUTOPOS] SW-A,B,1740,100,C,3011,100,D,2490,89,E,1795,100,F,2405,93,G,3206,96,H,2769,93
[AUTOPOS] SW-A,B,1713,96,C,2987,100,D,2540,90,E,1823,100,F,2385,93,G,3245,96,H,2793,93
[AUTOPOS] SW-A,B,1752,96,C,2998,100,D,2530,90,E,1828,100,F,2359,93,G,3265,100,H,2807,93
[AUTOPOS] SW-A,B,1726,96,C,3016,100,D,2597,90,E,1833,100,F,2405,94,G,3198,100,H,2747,93
[AUTOPOS] SW-A,B,1732,100,C,2989,100,D,2591,94,E,1833,100,F,2391,94,G,3256,100,H,2774,94
[AUTOPOS] SW-A,B,1691,100,C,2993,100,D,2598,94,E,1809,100,F,2399,94,G,3191,100,H,2757,94
[AUTOPOS] SW-A,B,1695,100,C,3014,100,D,2554,94,E,1832,100,F,2401,95,G,3207,100,H,2796,94
[AUTOPOS] SW-A,B,1739,100,C,3014,100,D,2539,95,E,1811,100,F,2395,95,G,3216,100,H,2761,95
[AUTOPOS] SW-A,B,1751,100,C,3000,95,D,2605,95,E,1799,100,F,2360,95,G,3210,100,H,2790,95
[AUTOPOS] SW-A,B,1734,100,C,3031,95,D,2587,95,E,1799,100,F,2442,95,G,3226,100,H,2763,95
[AUTOPOS] SW-A,B,1764,100,C,3038,95,D,2536,95,E,1836,95,F,2393,95,G,3237,100,H,2767,95
[AUTOPOS] SW-A,B,1698,100,C,3020,95,D,2522,95,E,1800,95,F,2436,96,G,3231,100,H,2746,95
[AUTOPOS] SW-A,B,1722,100,C,3001,95,D,2522,96,E,1746,96,F,2433,96,G,3222,100,H,2787,96
[AUTOPOS] SW-A,B,1680,100,C,2973,96,D,2583,96,E,1777,96,F,2422,96,G,3222,100,H,2803,96
[AUTOPOS] SW-A,B,1771,100,C,3021,96,D,2610,96,E,1855,96,F,2395,96,G,3233,100,H,2782,96
[AUTOPOS] SW-A,B,1721,100,C,3021,96,D,2543,96,E,1755,96,F,2434,96,G,3229,100,H,2769,96
[AUTOPOS] SW-A,B,1716,100,C,3020,92,D,2570,96,E,1781,96,F,2385,96,G,3250,100,H,2816,96
[AUTOPOS] SW-A,B,1744,100,C,3024,93,D,2591,96,E,1794,96,F,2385,96,G,3250,100,H,2814,96
[AUTOPOS] SW-A,B,1696,100,C,3033,93,D,2505,93,E,1843,96,F,2385,96,G,3250,100,H,2789,96
[AUTOPOS] SW-A,B,1719,100,C,2986,93,D,2505,93,E,1813,96,F,2358,94,G,3250,100,H,2767,96
[AUTOPOS] SW-A,B,1718,100,C,3033,93,D,2523,88,E,1802,100,F,2430,94,G,3282,89,H,2784,100
[AUTOPOS] SW-A,B,1791,100,C,2991,94,D,2542,89,E,1844,100,F,2441,94,G,3216,90,H,2772,100
[AUTOPOS] SW-A,B,1754,100,C,3041,94,D,2576,90,E,1911,100,F,2420,95,G,3246,90,H,2720,100
[AUTOPOS] SW-A,B,1705,100,C,3041,94,D,2508,90,E,1826,100,F,2406,95,G,3240,90,H,2808,100
[AUTOPOS] SW-A,B,1730,100,C,3010,90,D,2514,90,E,1835,100,F,2384,95,G,3217,91,H,2745,100
[AUTOPOS] SW-A,B,1749,100,C,3040,90,D,2590,91,E,1868,100,F,2384,95,G,3196,91,H,2761,100
[AUTOPOS] SW-A,B,1731,100,C,3040,90,D,2608,91,E,1863,100,F,2384,95,G,3180,92,H,2800,100
[AUTOPOS] SW-A,B,1722,100,C,3006,86,D,2591,92,E,1857,100,F,2444,88,G,3229,92,H,2780,100
[AUTOPOS] SW-A,B,1694,100,C,2997,87,D,2543,92,E,1791,100,F,2440,88,G,3219,92,H,2753,100
[AUTOPOS] SW-A,B,1664,100,C,2986,88,D,2497,92,E,1781,100,F,2436,88,G,3189,92,H,2772,100
[AUTOPOS] SW-A,B,1664,100,C,2977,88,D,2526,92,E,1848,100,F,2502,89,G,3179,93,H,2744,100
[AUTOPOS] SW-A,B,1685,96,C,3002,88,D,2484,93,E,1825,100,F,2457,89,G,3208,93,H,2792,100
[AUTOPOS] SW-A,B,1700,96,C,2968,89,D,2484,93,E,1825,100,F,2450,90,G,3206,93,H,2796,100
[AUTOPOS] SW-A,B,1721,96,C,3010,89,D,2553,90,E,1811,96,F,2422,90,G,3207,93,H,2749,100
[AUTOPOS] SW-A,B,1699,96,C,2956,90,D,2520,90,E,1823,96,F,2409,90,G,3207,93,H,2779,100
[AUTOPOS] SW-A,B,1702,96,C,3053,90,D,2488,94,E,1713,96,F,2401,94,G,3242,88,H,2747,100
[AUTOPOS] SW-A,B,1725,100,C,2980,90,D,2524,94,E,1804,100,F,2462,94,G,3242,88,H,2751,100
[AUTOPOS] SW-A,B,1670,100,C,3042,94,D,2546,94,E,1768,100,F,2468,94,G,3290,85,H,2779,100
[AUTOPOS] SW-A,B,1724,100,C,3042,94,D,2513,95,E,1772,100,F,2493,95,G,3232,85,H,2777,100
[AUTOPOS] SW-A,B,1717,100,C,2970,89,D,2557,95,E,1831,100,F,2492,95,G,3251,86,H,2789,100
[AUTOPOS] SW-A,B,1754,100,C,2978,90,D,2533,95,E,1831,100,F,2492,95,G,3230,86,H,2799,100
[AUTOPOS] SW-A,B,1754,100,C,2978,90,D,2499,95,E,1764,95,F,2465,91,G,3225,87,H,2761,100
[AUTOPOS] SW-A,B,1727,100,C,3039,90,D,2547,95,E,1764,95,F,2419,91,G,3234,88,H,2761,100
[AUTOPOS] SW-A,B,1740,100,C,3022,91,D,2559,96,E,1767,91,F,2407,92,G,3243,88,H,2736,95
[AUTOPOS] SW-A,B,1745,100,C,3023,91,D,2608,96,E,1792,92,F,2381,92,G,3202,88,H,2727,96
[AUTOPOS] SW-A,B,1777,100,C,3006,92,D,2580,96,E,1720,92,F,2343,92,G,3253,89,H,2790,96
[AUTOPOS] SW-A,B,1803,100,C,3007,92,D,2606,96,E,1763,92,F,2280,92,G,3232,89,H,2789,96
[AUTOPOS] SW-A,B,1793,100,C,2953,92,D,2599,96,E,1727,92,F,2302,93,G,3239,90,H,2769,96
[AUTOPOS] SW-A,B,1747,100,C,3027,92,D,2547,96,E,1780,93,F,2310,93,G,3229,90,H,2735,96
[AUTOPOS] SW-A,B,1749,100,C,3021,93,D,2555,96,E,1760,93,F,2292,93,G,3227,90,H,2791,96
[AUTOPOS] SW-A,B,1734,100,C,3037,93,D,2535,96,E,1748,93,F,2279,93,G,3251,94,H,2789,96
[AUTOPOS] SW-A,B,1771,100,C,3030,93,D,2610,100,E,1776,93,F,2239,94,G,3234,94,H,2788,96
[AUTOPOS] SW-A,B,1783,100,C,3030,93,D,2586,100,E,1740,94,F,2245,94,G,3172,94,H,2748,100
[AUTOPOS] SW-A,B,1764,100,C,2971,94,D,2564,100,E,1832,94,F,2331,94,G,3224,95,H,2782,100
[AUTOPOS] SW-A,B,1784,100,C,3046,94,D,2503,100,E,1774,94,F,2381,95,G,3236,95,H,2764,100
[AUTOPOS] SW-A,B,1793,100,C,2951,94,D,2545,100,E,1782,95,F,2412,95,G,3241,95,H,2796,100
[AUTOPOS] SW-A,B,1741,100,C,3039,95,D,2584,100,E,1782,95,F,2464,95,G,3207,95,H,2796,100
[AUTOPOS] SW-A,B,1722,100,C,3043,95,D,2529,100,E,1811,90,F,2432,95,G,3219,95,H,2777,95
[AUTOPOS] SW-A,B,1664,100,C,3044,95,D,2533,100,E,1855,91,F,2398,95,G,3230,96,H,2795,95
[AUTOPOS] SW-A,B,1673,100,C,2990,95,D,2535,100,E,1846,91,F,2413,96,G,3227,96,H,2721,95
[AUTOPOS] SW-A,B,1718,100,C,3032,95,D,2500,100,E,1769,92,F,2391,96,G,3228,96,H,2833,96
[AUTOPOS] SW-A,B,1755,100,C,3013,96,D,2529,100,E,1800,92,F,2386,96,G,3256,96,H,2783,96
[AUTOPOS] SW-A,B,1692,100,C,2995,96,D,2513,100,E,1732,92,F,2413,96,G,3249,96,H,2792,96
[AUTOPOS] SW-A,B,1692,100,C,3006,96,D,2570,100,E,1798,92,F,2383,96,G,3201,96,H,2792,96
[AUTOPOS] SW-A,B,1683,100,C,2990,96,D,2535,100,E,1765,93,F,2403,96,G,3200,96,H,2818,93
[AUTOPOS] SW-A,B,1786,100,C,2998,96,D,2502,100,E,1718,93,F,2339,96,G,3260,96,H,2818,93
[AUTOPOS] SW-A,B,1677,100,C,2975,96,D,2511,100,E,1761,93,F,2368,96,G,3274,100,H,2764,90
[AUTOPOS] SW-A,B,1729,100,C,2972,96,D,2511,100,E,1817,93,F,2370,100,G,3197,100,H,2788,90
[AUTOPOS] SW-A,B,1700,100,C,2975,96,D,2499,94,E,1882,94,F,2381,100,G,3201,100,H,2792,94
[AUTOPOS] SW-A,B,1742,100,C,2987,100,D,2499,94,E,1831,94,F,2444,100,G,3204,100,H,2792,94
[AUTOPOS] SW-A,B,1702,100,C,2952,100,D,2507,95,E,1780,94,F,2353,100,G,3208,100,H,2821,89
[AUTOPOS] SW-A,B,1724,100,C,2981,100,D,2533,95,E,1966,95,F,2353,100,G,3226,100,H,2778,90
[AUTOPOS] SW-A,B,1742,100,C,3036,100,D,2546,95,E,1693,95,F,2452,95,G,3192,100,H,2782,90
[AUTOPOS] SW-A,B,1742,100,C,3022,100,D,2626,95,E,1835,95,F,2451,95,G,3206,100,H,2820,90
[AUTOPOS] SW-A,B,1738,95,C,3054,100,D,2590,95,E,1729,95,F,2438,95,G,3240,100,H,2804,91
[AUTOPOS] SW-A,B,1698,95,C,3021,100,D,2590,95,E,1836,95,F,2378,96,G,3188,100,H,2751,91
[AUTOPOS] SW-A,B,1732,96,C,3010,100,D,2502,92,E,1752,96,F,2417,96,G,3204,100,H,2818,92
[AUTOPOS] SW-A,B,1809,96,C,2938,100,D,2502,92,E,1752,96,F,2384,96,G,3272,100,H,2742,92
[AUTOPOS] SW-A,B,1771,96,C,3002,100,D,2514,89,E,1771,96,F,2400,96,G,3164,100,H,2770,92
[AUTOPOS] SW-A,B,1786,96,C,3023,100,D,2555,89,E,1746,96,F,2486,96,G,3212,100,H,2797,92
[AUTOPOS] SW-A,B,1779,96,C,3032,100,D,2605,90,E,1777,96,F,2375,96,G,3195,100,H,2770,93
[AUTOPOS] SW-A,B,1645,96,C,3035,100,D,2546,90,E,1864,96,F,2422,96,G,3270,100,H,2763,93
[AUTOPOS] SW-A,B,1704,96,C,3072,100,D,2516,90,E,1804,96,F,2732,96,G,3246,100,H,2760,93
[AUTOPOS] SW-A,B,1721,96,C,3028,100,D,2517,94,E,1931,96,F,3061,100,G,3250,100,H,2764,93
[AUTOPOS] SW-A,B,1762,100,C,2996,100,D,2467,94,E,2273,100,F,2312,100,G,3250,100,H,2788,94
[AUTOPOS] SW-A,B,1708,100,C,3023,100,D,2545,94,E,1578,100,F,2353,100,G,3222,95,H,2822,94
[AUTOPOS] SW-A,B,1779,100,C,2954,100,D,2429,95,E,1857,100,F,2282,100,G,3225,95,H,2802,94
[AUTOPOS] SW-A,B,1728,100,C,2983,100,D,2710,95,E,1834,100,F,2282,100,G,3262,95,H,2802,94
[AUTOPOS] SW-A,B,1685,100,C,2970,100,D,2609,95,E,1778,100,F,2297,100,G,3207,95,H,2806,90
[AUTOPOS] SW-A,B,1692,100,C,2986,100,D,2588,95,E,1664,100,F,2358,100,G,3186,95,H,2766,90
[AUTOPOS] SW-A,B,1769,100,C,2961,100,D,2593,95,E,1811,100,F,2399,100,G,3234,96,H,2796,91
[AUTOPOS] SW-A,B,1740,100,C,2989,100,D,2365,96,E,1724,100,F,2399,100,G,3234,96,H,2785,91
[AUTOPOS] SW-A,B,1691,100,C,2988,100,D,2586,96,E,1823,100,F,2245,96,G,3224,92,H,2812,92
[AUTOPOS] SW-A,B,1865,100,C,2990,100,D,2565,96,E,1793,100,F,2139,96,G,3235,92,H,2794,92
[AUTOPOS] SW-A,B,1686,100,C,2994,100,D,2417,96,E,1754,100,F,2240,96,G,3235,92,H,2822,92
[AUTOPOS] SW-A,B,1719,100,C,3014,100,D,2592,96,E,1918,100,F,2183,96,G,3210,90,H,2743,92
[AUTOPOS] SW-A,B,1689,100,C,2926,100,D,2597,96,E,1757,100,F,2148,96,G,3207,90,H,2748,93
[AUTOPOS] SW-A,B,1668,100,C,3106,100,D,2585,96,E,1864,100,F,2168,96,G,3243,90,H,2741,93
[AUTOPOS] SW-A,B,1731,100,C,3076,100,D,2561,96,E,1864,100,F,2168,96,G,3221,94,H,2805,93
[AUTOPOS] SW-A,B,1682,100,C,3076,100,D,2596,100,E,1875,96,F,2168,96,G,3221,94,H,2734,93
[AUTOPOS] SW-A,B,1742,100,C,2975,96,D,2526,94,E,1802,100,F,2168,96,G,3243,89,H,2761,94
[AUTOPOS] SW-A,B,1709,100,C,3034,100,D,2598,95,E,1541,100,F,2266,84,G,3207,90,H,2723,94
[AUTOPOS] SW-A,B,1826,100,C,3036,100,D,2492,95,E,1955,100,F,2227,85,G,3180,90,H,2807,94
[AUTOPOS] SW-A,B,1733,100,C,3028,100,D,2472,95,E,1819,100,F,2233,85,G,3236,90,H,2818,95
[AUTOPOS] SW-A,B,1790,95,C,2991,100,D,2583,95,E,1635,100,F,2120,86,G,3411,91,H,2712,95
[AUTOPOS] SW-A,B,2175,95,C,2928,100,D,2588,95,E,1797,100,F,2008,86,G,3432,91,H,2775,95
[AUTOPOS] SW-A,B,1683,95,C,3038,100,D,2467,96,E,1801,100,F,2115,87,G,3289,92,H,2712,95
[AUTOPOS] SW-A,B,2199,96,C,2951,100,D,2481,96,E,1863,100,F,2235,88,G,3252,92,H,2722,95
[AUTOPOS] SW-A,B,1733,96,C,3163,100,D,2378,96,E,1859,100,F,2499,88,G,3255,92,H,2760,96
[AUTOPOS] SW-A,B,1718,96,C,3107,100,D,2420,96,E,1859,100,F,2607,88,G,3410,92,H,2760,96
[AUTOPOS] SW-A,B,1808,96,C,3042,100,D,2448,96,E,1666,96,F,2206,89,G,3350,93,H,2864,92
[AUTOPOS] SW-A,B,2861,96,C,3064,100,D,2471,96,E,1767,96,F,2248,89,G,3450,93,H,2864,92
[AUTOPOS] SW-A,B,1785,96,C,3122,100,D,2819,96,E,1596,96,F,2244,90,G,3421,93,H,2883,89
[AUTOPOS] SW-A,B,1744,96,C,3169,100,D,2819,96,E,1807,96,F,2176,90,G,3370,93,H,3558,90
[AUTOPOS] SW-A,B,1884,96,C,3181,100,D,2607,94,E,1794,96,F,2197,90,G,3234,94,H,2765,90
[AUTOPOS] SW-A,B,1813,100,C,3121,100,D,2511,94,E,1663,96,F,2197,90,G,3234,94,H,2789,90
[AUTOPOS] SW-A,B,1761,100,C,3167,100,D,2511,94,E,1816,100,F,2239,88,G,3234,94,H,2789,90
[AUTOPOS] SW-A,B,1722,100,C,3167,100,D,2642,90,E,1816,100,F,2242,89,G,3193,85,H,2789,90
[AUTOPOS] SW-A,B,1764,100,C,3159,100,D,2570,90,E,2318,94,F,2217,90,G,3201,85,H,2916,84
[AUTOPOS] SW-A,B,1741,100,C,3186,100,D,2502,90,E,1839,95,F,2171,90,G,3168,86,H,2889,85
[AUTOPOS] SW-A,B,1749,100,C,3118,100,D,2498,91,E,1720,95,F,2242,90,G,3214,86,H,2899,85
[AUTOPOS] SW-A,B,1768,100,C,3118,100,D,2446,91,E,1813,95,F,2252,91,G,3214,87,H,2842,86
[AUTOPOS] SW-A,B,1750,100,C,3047,95,D,2449,92,E,1841,95,F,2214,91,G,3221,88,H,2788,86
[AUTOPOS] SW-A,B,1783,100,C,3022,95,D,2507,92,E,1802,95,F,2160,92,G,3205,88,H,2807,87
[AUTOPOS] SW-A,B,1794,100,C,3015,95,D,2467,92,E,1770,96,F,2213,92,G,3221,88,H,2833,88
[AUTOPOS] SW-A,B,1771,100,C,3018,96,D,2575,92,E,1691,96,F,2202,92,G,3238,89,H,2862,88
[AUTOPOS] SW-A,B,1784,100,C,3021,96,D,2591,93,E,1725,96,F,2248,92,G,3272,89,H,2900,88
[AUTOPOS] SW-A,B,1710,100,C,3068,96,D,2768,93,E,1838,96,F,2202,93,G,3248,90,H,2865,89
[AUTOPOS] SW-A,B,1779,100,C,3052,96,D,2768,93,E,1875,96,F,2203,93,G,3255,90,H,2894,89
[AUTOPOS] SW-A,B,1783,100,C,3004,96,D,2588,90,E,1793,96,F,2155,93,G,3195,90,H,2856,90
[AUTOPOS] SW-A,B,1773,100,C,3083,96,D,2621,94,E,1618,96,F,2174,93,G,3239,94,H,2791,90
[AUTOPOS] SW-A,B,1752,100,C,2989,96,D,2626,94,E,2010,96,F,2210,94,G,3261,94,H,2880,90
[AUTOPOS] SW-A,B,1765,100,C,3043,96,D,2604,94,E,1818,100,F,2151,94,G,3229,94,H,2863,94
[AUTOPOS] SW-A,B,1780,100,C,3057,100,D,2570,95,E,1867,100,F,2245,94,G,3234,95,H,2782,94
[AUTOPOS] SW-A,B,1740,100,C,3077,100,D,2704,95,E,1803,100,F,2221,95,G,3233,95,H,2852,94
[AUTOPOS] SW-A,B,1810,100,C,3037,100,D,2704,95,E,1676,100,F,2161,95,G,3204,95,H,2913,95
[AUTOPOS] SW-A,B,1753,100,C,2961,100,D,2887,91,E,1611,100,F,2221,95,G,3203,95,H,2803,95
[AUTOPOS] SW-A,B,1804,100,C,3020,100,D,2815,91,E,1602,100,F,2168,95,G,3216,95,H,2946,95
[AUTOPOS] SW-A,B,1793,100,C,3004,100,D,2760,92,E,2398,100,F,2205,95,G,3193,96,H,2910,95
[AUTOPOS] SW-A,B,1808,100,C,2989,100,D,2567,92,E,1637,100,F,2158,96,G,3188,96,H,2851,95
[AUTOPOS] SW-A,B,1702,100,C,3021,100,D,2814,92,E,1778,100,F,2187,96,G,3225,96,H,2852,96
[AUTOPOS] SW-A,B,1750,100,C,3015,100,D,2761,92,E,1875,100,F,2150,96,G,3285,96,H,2817,96
[AUTOPOS] SW-A,B,1673,100,C,3017,100,D,2761,92,E,1799,100,F,2168,96,G,3289,96,H,2832,96
[AUTOPOS] SW-A,B,1679,100,C,3110,100,D,2711,90,E,1713,100,F,2206,96,G,3265,96,H,2767,96
[AUTOPOS] SW-A,B,1776,100,C,3110,100,D,2606,90,E,1815,100,F,2174,96,G,3312,96,H,2747,96
[AUTOPOS] SW-A,B,1727,100,C,3140,100,D,2509,90,E,1721,100,F,2201,96,G,3291,96,H,2758,96
[AUTOPOS] SW-A,B,1721,100,C,3119,100,D,2504,94,E,1746,100,F,2201,96,G,3373,100,H,2725,96
[AUTOPOS] SW-A,B,1756,100,C,3218,100,D,2484,94,E,1774,100,F,2173,94,G,3398,100,H,2696,96
[AUTOPOS] SW-A,B,1789,100,C,3227,100,D,2495,94,E,1804,100,F,2196,94,G,3367,100,H,2726,100
[AUTOPOS] SW-A,B,1781,100,C,3155,100,D,2485,95,E,1733,100,F,2221,94,G,3318,100,H,2720,100
[AUTOPOS] SW-A,B,1778,100,C,3199,100,D,2485,95,E,1803,100,F,2221,95,G,3339,100,H,2693,100
[AUTOPOS] SW-A,B,1695,100,C,3201,100,D,2524,90,E,1773,100,F,2233,95,G,3405,100,H,2747,100
[AUTOPOS] SW-A,B,1737,100,C,3187,100,D,2543,91,E,1664,100,F,2212,95,G,3415,100,H,2717,100
[AUTOPOS] SW-A,B,1746,100,C,3164,100,D,2515,91,E,1627,100,F,2222,95,G,3537,100,H,2739,100
[AUTOPOS] SW-A,B,1694,100,C,3181,100,D,2487,92,E,1861,100,F,2215,95,G,3532,100,H,2719,100
[AUTOPOS] SW-A,B,1727,100,C,3193,100,D,2536,92,E,1801,100,F,2193,96,G,3514,100,H,2698,100
[AUTOPOS] SW-A,B,1736,100,C,3136,100,D,2495,92,E,1837,100,F,2194,96,G,3417,100,H,2735,100
[AUTOPOS] SW-A,B,1676,100,C,3239,100,D,2480,92,E,2351,100,F,2359,96,G,3262,100,H,2752,100
[AUTOPOS] SW-A,B,1676,100,C,3218,100,D,2479,93,E,2351,100,F,2228,96,G,3420,100,H,2723,100
[AUTOPOS] SW-A,B,1672,96,C,3178,100,D,2472,93,E,2180,96,F,2149,96,G,3337,100,H,2717,100
[AUTOPOS] SW-A,B,1689,96,C,3165,100,D,2490,93,E,1770,96,F,2109,96,G,3408,100,H,2755,100
[AUTOPOS] SW-A,B,1771,96,C,3082,100,D,2495,93,E,1848,96,F,2066,96,G,3170,100,H,2732,100
[AUTOPOS] SW-A,B,1668,96,C,3020,100,D,2524,94,E,1750,96,F,2205,96,G,3293,100,H,2706,100
[AUTOPOS] SW-A,B,1665,100,C,3020,100,D,2522,94,E,2693,96,F,2271,100,G,3253,100,H,2795,100
[AUTOPOS] SW-A,B,1742,100,C,3021,96,D,2503,94,E,1817,100,F,2578,100,G,3151,100,H,2781,100
[AUTOPOS] SW-A,B,1792,100,C,3055,100,D,2466,95,E,1817,100,F,2281,100,G,3180,100,H,2839,100
[AUTOPOS] SW-A,B,1685,100,C,3057,100,D,2413,95,E,2301,94,F,2295,100,G,3206,100,H,2805,100
[AUTOPOS] SW-A,B,2298,100,C,3004,100,D,2616,95,E,2301,94,F,2163,100,G,3190,100,H,2805,100
[AUTOPOS] SW-A,B,1715,100,C,3027,100,D,2598,95,E,2175,90,F,2180,100,G,3137,100,H,2752,95
[AUTOPOS] SW-A,B,1848,100,C,2989,100,D,2643,95,E,1879,90,F,2160,100,G,3189,100,H,2801,95
[AUTOPOS] SW-A,B,1726,100,C,3058,100,D,2557,96,E,1760,91,F,2167,100,G,3227,100,H,2715,95
[AUTOPOS] SW-A,B,1672,100,C,2994,100,D,2557,96,E,2263,91,F,2231,100,G,3199,100,H,2728,95
[AUTOPOS] SW-A,B,1700,100,C,2974,100,D,2434,92,E,2310,92,F,2305,100,G,3173,100,H,2743,96
[AUTOPOS] SW-A,B,1739,100,C,3004,100,D,2569,92,E,2204,92,F,2373,100,G,3212,100,H,2797,96
[AUTOPOS] SW-A,B,1723,100,C,2998,100,D,2507,93,E,1759,92,F,2368,100,G,3229,100,H,2754,96
[AUTOPOS] SW-A,B,1734,100,C,2977,100,D,2567,93,E,2299,92,F,2540,100,G,3230,100,H,2728,96
[AUTOPOS] SW-A,B,1662,100,C,2954,100,D,2463,93,E,2144,93,F,2637,100,G,3211,100,H,2762,96
[AUTOPOS] SW-A,B,1752,100,C,2974,100,D,2411,93,E,2146,93,F,2660,100,G,3210,100,H,2723,96
[AUTOPOS] SW-A,B,1697,100,C,2976,100,D,2411,93,E,2022,93,F,2475,100,G,3217,100,H,2803,96
[AUTOPOS] SW-A,B,1737,100,C,2930,100,D,2518,88,E,1657,93,F,2495,100,G,3195,100,H,2793,96
[AUTOPOS] SW-A,B,1708,100,C,2989,100,D,2512,89,E,2187,94,F,2345,100,G,3182,100,H,2731,100
[AUTOPOS] SW-A,B,1710,100,C,2963,100,D,2528,90,E,1741,94,F,2375,100,G,3226,100,H,2748,100
[AUTOPOS] SW-A,B,1733,100,C,2946,100,D,2431,90,E,1788,94,F,2248,95,G,3199,100,H,2727,100
[AUTOPOS] SW-A,B,1760,100,C,2991,100,D,2531,90,E,2265,95,F,2217,95,G,3245,100,H,2742,100
[AUTOPOS] SW-A,B,1704,100,C,2954,100,D,2474,91,E,2389,95,F,2213,95,G,3193,100,H,2747,100
[AUTOPOS] SW-A,B,1760,100,C,2950,100,D,2497,91,E,1716,95,F,2225,95,G,3214,100,H,2694,100
[AUTOPOS] SW-A,B,1739,100,C,2945,100,D,2497,91,E,2033,95,F,2180,96,G,3187,100,H,2748,100
[AUTOPOS] SW-A,B,1733,100,C,2960,100,D,2441,88,E,1958,95,F,2198,96,G,3153,100,H,2765,100
[AUTOPOS] SW-A,B,1778,100,C,2945,100,D,2550,88,E,1674,96,F,2198,96,G,3238,100,H,2739,100
[AUTOPOS] SW-A,B,1719,100,C,2970,100,D,2517,89,E,1979,96,F,2221,92,G,3167,100,H,2758,100
[AUTOPOS] SW-A,B,1734,100,C,3024,100,D,2440,89,E,1711,96,F,2221,92,G,3145,100,H,2770,100
[AUTOPOS] SW-A,B,1726,100,C,2973,100,D,2532,90,E,1649,96,F,2185,90,G,3191,100,H,2719,100
[AUTOPOS] SW-A,B,1773,100,C,2993,100,D,2553,90,E,1675,96,F,2279,90,G,3150,100,H,2764,100
[AUTOPOS] SW-A,B,1698,100,C,3046,100,D,2543,90,E,1674,96,F,2289,90,G,3212,100,H,2776,100
[AUTOPOS] SW-A,B,1697,100,C,3005,100,D,2531,94,E,1645,96,F,2244,94,G,3216,100,H,2772,100
[AUTOPOS] SW-A,B,1722,100,C,2985,100,D,2569,94,E,1642,96,F,2205,94,G,3216,100,H,2788,100
[AUTOPOS] SW-A,B,1688,100,C,2971,100,D,2569,94,E,1672,100,F,2176,94,G,3216,100,H,2788,100
[AUTOPOS] SW-A,B,1676,100,C,3005,100,D,2577,90,E,1672,100,F,2242,95,G,3217,90,H,2788,100
[AUTOPOS] SW-A,B,1740,100,C,2989,100,D,2570,90,E,1693,94,F,2186,95,G,3217,90,H,2749,89
[AUTOPOS] SW-A,B,1747,100,C,2991,100,D,2537,90,E,1678,95,F,2216,95,G,3220,90,H,2734,90
[AUTOPOS] SW-A,B,1754,100,C,2991,100,D,2551,91,E,1709,95,F,2202,95,G,3188,91,H,2773,90
[AUTOPOS] SW-A,B,1734,100,C,2972,100,D,2534,91,E,1688,95,F,2178,95,G,3237,91,H,2768,90
[AUTOPOS] SW-A,B,1730,100,C,2991,100,D,2504,92,E,1688,95,F,2232,96,G,3226,92,H,2734,91
[AUTOPOS] SW-A,B,1669,100,C,2991,100,D,2539,92,E,1996,91,F,2232,96,G,3225,92,H,2786,91
[AUTOPOS] SW-A,B,1656,100,C,2963,95,D,2583,92,E,1718,92,F,2213,92,G,3206,92,H,2757,92
[AUTOPOS] SW-A,B,1719,100,C,2949,96,D,2544,92,E,1645,92,F,2254,92,G,3188,92,H,2757,92
[AUTOPOS] SW-A,B,1729,100,C,3004,96,D,2544,93,E,1677,92,F,2248,93,G,3180,93,H,2757,92
[AUTOPOS] SW-A,B,1757,100,C,2973,96,D,2513,93,E,1690,92,F,2227,93,G,3218,93,H,2776,89
[AUTOPOS] SW-A,B,1697,100,C,3005,96,D,2513,93,E,2115,93,F,2193,93,G,3199,93,H,2779,89
[AUTOPOS] SW-A,B,1685,100,C,2952,96,D,2580,90,E,1694,93,F,2236,93,G,3181,93,H,2738,90
[AUTOPOS] SW-A,B,1743,100,C,3001,96,D,2542,94,E,1687,93,F,2236,93,G,3176,94,H,2756,90
[AUTOPOS] SW-A,B,1686,100,C,3004,96,D,2521,94,E,1713,93,F,2216,88,G,3193,94,H,2795,90
[AUTOPOS] SW-A,B,1763,100,C,2960,96,D,2553,94,E,1692,94,F,2249,89,G,3204,94,H,2779,94
[AUTOPOS] SW-A,B,1704,100,C,2925,100,D,2548,95,E,1688,94,F,2220,90,G,3177,95,H,2779,94
[AUTOPOS] SW-A,B,1735,100,C,2959,100,D,2543,95,E,1718,94,F,2286,90,G,3157,95,H,2758,89
[AUTOPOS] SW-A,B,1720,100,C,2992,100,D,2543,95,E,1733,95,F,2287,90,G,3155,95,H,2740,90
[AUTOPOS] SW-A,B,1661,100,C,2989,100,D,2558,95,E,2095,95,F,2281,91,G,3185,95,H,2742,90
[AUTOPOS] SW-A,B,1723,100,C,2970,100,D,2538,95,E,1748,95,F,2275,91,G,3146,95,H,2747,90
[AUTOPOS] SW-A,B,1704,100,C,3015,100,D,2550,96,E,1772,95,F,2281,92,G,3209,96,H,2756,91
[AUTOPOS] SW-A,B,1672,100,C,2946,100,D,2572,96,E,1778,95,F,2265,92,G,3175,96,H,2746,91
[AUTOPOS] SW-A,B,1719,100,C,2957,100,D,2543,96,E,1729,96,F,2315,92,G,3206,96,H,2746,91
[AUTOPOS] SW-A,B,1680,100,C,3002,100,D,2551,96,E,1697,96,F,2291,92,G,3200,96,H,2731,88
[AUTOPOS] SW-A,B,1689,100,C,2979,100,D,2551,96,E,1663,96,F,2262,93,G,3167,96,H,2736,88
[AUTOPOS] SW-A,B,1688,100,C,3024,100,D,2586,93,E,1670,96,F,2305,93,G,3173,96,H,2758,89
[AUTOPOS] SW-A,B,1723,100,C,2958,100,D,2574,93,E,1716,96,F,2305,93,G,3173,96,H,2724,89
[AUTOPOS] SW-A,B,1702,100,C,3005,100,D,2574,93,E,1705,96,F,2351,90,G,3173,96,H,2724,89
[AUTOPOS] SW-A,B,1708,100,C,2977,100,D,2558,94,E,1705,96,F,2335,94,G,3224,94,H,2724,89
[AUTOPOS] SW-A,B,1674,100,C,3008,100,D,2555,94,E,1705,93,F,2295,94,G,3190,94,H,2754,84
[AUTOPOS] SW-A,B,1723,100,C,2967,100,D,2550,94,E,1780,94,F,2284,94,G,3181,94,H,2754,84
[AUTOPOS] SW-A,B,1681,100,C,2981,100,D,2559,95,E,1728,94,F,2245,95,G,3186,95,H,2745,83
[AUTOPOS] SW-A,B,1712,100,C,2968,100,D,2559,95,E,1737,94,F,2229,95,G,3161,95,H,2766,84
[AUTOPOS] SW-A,B,1713,100,C,3016,100,D,2521,90,E,1687,95,F,2293,95,G,3205,95,H,2777,85
[AUTOPOS] SW-A,B,1723,100,C,2907,100,D,2522,91,E,1784,95,F,2293,95,G,3199,95,H,2789,85
[AUTOPOS] SW-A,B,1722,100,C,2986,100,D,2534,91,E,2008,95,F,2209,91,G,3178,95,H,2788,86
[AUTOPOS] SW-A,B,1732,100,C,2957,100,D,2542,92,E,1752,95,F,2161,92,G,3162,96,H,2741,86
[AUTOPOS] SW-A,B,1703,100,C,2988,100,D,2549,92,E,2392,95,F,2223,92,G,3213,96,H,2700,87
[AUTOPOS] SW-A,B,1719,100,C,3004,100,D,2545,92,E,1725,96,F,2185,92,G,3179,96,H,2759,88
[AUTOPOS] SW-A,B,1671,100,C,2984,100,D,2531,92,E,2090,96,F,2220,92,G,3145,96,H,2791,88
[AUTOPOS] SW-A,B,1745,100,C,2932,100,D,2493,93,E,1709,96,F,2235,93,G,3129,96,H,2801,88
[AUTOPOS] SW-A,B,1666,100,C,2994,100,D,2483,93,E,1691,96,F,2252,90,G,3180,96,H,2758,89
[AUTOPOS] SW-A,B,1729,100,C,2958,100,D,2548,93,E,1773,96,F,2216,90,G,3160,96,H,2758,89
[AUTOPOS] SW-A,B,1690,100,C,2969,100,D,2522,93,E,1773,96,F,2262,94,G,3140,96,H,2818,86
[AUTOPOS] SW-A,B,1684,100,C,2990,100,D,2558,94,E,1689,93,F,2271,94,G,3169,100,H,2733,87
[AUTOPOS] SW-A,B,1649,100,C,2990,100,D,2569,94,E,1660,93,F,2235,94,G,3194,100,H,2749,87
[AUTOPOS] SW-A,B,1653,100,C,2949,100,D,2567,94,E,1694,94,F,2239,95,G,3147,100,H,2767,88
[AUTOPOS] SW-A,B,1655,100,C,2939,94,D,2569,95,E,1737,94,F,2230,95,G,3230,100,H,2750,88
[AUTOPOS] SW-A,B,1719,100,C,3023,94,D,2567,95,E,1737,94,F,2203,95,G,3184,100,H,2766,89
[AUTOPOS] SW-A,B,1719,100,C,2931,95,D,2565,95,E,1746,85,F,2214,95,G,3208,100,H,2758,90
[AUTOPOS] SW-A,B,1712,95,C,3012,95,D,2574,95,E,1700,86,F,2261,95,G,3173,100,H,2759,90
[AUTOPOS] SW-A,B,1702,95,C,3010,95,D,2572,95,E,1645,86,F,2229,96,G,3205,100,H,2732,90
[AUTOPOS] SW-A,B,1674,95,C,3029,95,D,2591,96,E,1670,87,F,2221,96,G,3188,100,H,2734,91
[AUTOPOS] SW-A,B,1638,96,C,2942,95,D,2570,96,E,1660,88,F,2205,96,G,3230,100,H,2727,91
[AUTOPOS] SW-A,B,1691,96,C,2939,96,D,2574,96,E,1647,88,F,2245,96,G,3205,100,H,2723,92
[AUTOPOS] SW-A,B,1705,96,C,3048,96,D,2557,96,E,1723,88,F,2242,96,G,3228,100,H,2702,92
[AUTOPOS] SW-A,B,1665,96,C,2982,96,D,2557,96,E,1740,89,F,2247,96,G,3224,100,H,2779,92
[AUTOPOS] SW-A,B,1723,96,C,2964,96,D,2556,93,E,1679,89,F,2264,96,G,3175,100,H,2778,92
[AUTOPOS] SW-A,B,1678,96,C,3018,96,D,2558,93,E,1778,90,F,2286,96,G,3185,100,H,2770,93
>>> autopos status @t=60
[AUTOPOS] AUTOPOS: mode=AUTOPOS state=ready staged=A last_success=A sets=1010 error=-
[AUTOPOS] SW-A,B,1701,96,C,2951,96,D,2538,93,E,1734,90,F,2321,100,G,3193,100,H,2752,93
[AUTOPOS] SW-A,B,1693,96,C,2962,96,D,2552,94,E,1751,90,F,2248,100,G,3152,100,H,2780,93
[AUTOPOS] SW-A,B,1679,100,C,2970,96,D,2543,94,E,1729,94,F,2245,100,G,3208,100,H,2761,93
[AUTOPOS] SW-A,B,1645,100,C,2976,100,D,2547,94,E,1741,94,F,2220,100,G,3160,100,H,2724,94
[AUTOPOS] SW-A,B,1693,100,C,2981,100,D,2540,95,E,1808,94,F,2221,100,G,3196,100,H,2761,94
[AUTOPOS] SW-A,B,1658,100,C,2999,100,D,2543,95,E,1770,95,F,2228,100,G,3238,100,H,2718,94
[AUTOPOS] SW-A,B,1706,100,C,2952,100,D,2511,95,E,1718,95,F,2248,100,G,3250,100,H,2718,94
[AUTOPOS] SW-A,B,1651,100,C,3018,100,D,2516,95,E,1718,95,F,2222,100,G,3186,100,H,2718,94
[AUTOPOS] SW-A,B,1702,100,C,2933,100,D,2547,95,E,1820,91,F,2178,100,G,3270,100,H,2762,86
[AUTOPOS] SW-A,B,1670,100,C,3012,100,D,2522,96,E,1766,91,F,2196,100,G,3143,100,H,2762,86
[AUTOPOS] SW-A,B,1694,100,C,2966,100,D,2557,96,E,1745,92,F,2229,100,G,3225,100,H,2753,83
[AUTOPOS] SW-A,B,1733,100,C,3022,100,D,2557,96,E,1806,92,F,2157,100,G,3167,100,H,2752,84
[AUTOPOS] SW-A,B,1685,100,C,2982,100,D,2530,92,E,1764,92,F,2229,100,G,3164,100,H,2745,84
[AUTOPOS] SW-A,B,1683,100,C,2980,100,D,2545,93,E,1829,92,F,2209,100,G,3136,100,H,2739,85
[AUTOPOS] SW-A,B,1675,100,C,3008,100,D,2511,93,E,1822,93,F,2202,100,G,3156,100,H,2733,85
[AUTOPOS] SW-A,B,1717,100,C,2994,100,D,2532,93,E,1808,93,F,2219,100,G,3191,100,H,2772,86
[AUTOPOS] SW-A,B,1708,100,C,2963,100,D,2547,93,E,1817,93,F,2224,100,G,3179,100,H,2781,86
[AUTOPOS] SW-A,B,1708,100,C,2974,100,D,2503,94,E,1807,93,F,2183,100,G,3159,100,H,2750,87
[AUTOPOS] SW-A,B,1715,100,C,2985,100,D,2569,94,E,1745,94,F,2186,100,G,3172,100,H,2761,87
[AUTOPOS] SW-A,B,1726,100,C,2992,100,D,2569,94,E,1745,94,F,2172,100,G,3220,100,H,2741,88
[AUTOPOS] SW-A,B,1726,100,C,2964,100,D,2537,90,E,1756,89,F,2233,100,G,3226,100,H,2741,88
[AUTOPOS] SW-A,B,1660,95,C,2958,100,D,2526,90,E,1800,90,F,2183,100,G,3190,100,H,2741,88
[AUTOPOS] SW-A,B,1694,95,C,2997,100,D,2534,90,E,1800,90,F,2174,100,G,3181,100,H,2741,88
[AUTOPOS] SW-A,B,1685,95,C,2974,100,D,2521,91,E,1793,86,F,2151,100,G,3189,100,H,2693,80
[AUTOPOS] SW-A,B,1715,95,C,3009,100,D,2507,91,E,1806,86,F,2180,100,G,3197,100,H,2745,81
[AUTOPOS] SW-A,B,1647,95,C,2988,100,D,2498,92,E,1797,87,F,2190,100,G,3204,100,H,2734,82
[AUTOPOS] SW-A,B,1720,96,C,3002,100,D,2535,92,E,1802,88,F,2182,100,G,3238,100,H,2746,83
[AUTOPOS] SW-A,B,1709,96,C,2966,100,D,2541,92,E,1788,88,F,2158,100,G,3216,100,H,2790,84
[AUTOPOS] SW-A,B,1684,96,C,3005,100,D,2521,92,E,1755,88,F,2158,100,G,3211,100,H,2743,84
[AUTOPOS] SW-A,B,1675,96,C,3033,100,D,2508,93,E,1726,89,F,2120,96,G,3233,100,H,2697,85
[AUTOPOS] SW-A,B,1715,96,C,2958,100,D,2497,93,E,1737,89,F,2216,96,G,3164,100,H,2766,85
[AUTOPOS] SW-A,B,1726,96,C,2945,100,D,2534,93,E,2021,90,F,2195,96,G,3193,100,H,2756,86
[AUTOPOS] SW-A,B,1713,96,C,2973,100,D,2525,93,E,1779,90,F,2196,100,G,3147,100,H,2755,86
[AUTOPOS] SW-A,B,1724,96,C,2973,100,D,2517,94,E,1823,90,F,2144,100,G,3172,100,H,2735,87
[AUTOPOS] SW-A,B,1723,100,C,3042,100,D,2517,94,E,1755,94,F,2157,100,G,3212,100,H,2777,87
[AUTOPOS] SW-A,B,1646,100,C,3019,100,D,2537,89,E,1806,94,F,2229,100,G,3240,100,H,2763,88
[AUTOPOS] SW-A,B,1670,100,C,2977,100,D,2595,90,E,1786,94,F,2161,100,G,3236,100,H,2763,88
[AUTOPOS] SW-A,B,1690,100,C,3000,100,D,2538,90,E,1786,94,F,2175,100,G,3207,100,H,2763,88
[AUTOPOS] SW-A,B,1719,100,C,2989,100,D,2549,90,E,1853,90,F,2190,100,G,3127,100,H,2745,80
[AUTOPOS] SW-A,B,1678,100,C,3021,100,D,2534,91,E,1805,90,F,2179,100,G,3186,100,H,2724,80
[AUTOPOS] SW-A,B,1727,100,C,2955,100,D,2502,91,E,1827,91,F,2219,100,G,3177,100,H,2718,81
[AUTOPOS] SW-A,B,1681,100,C,3010,100,D,2502,91,E,1729,91,F,2165,100,G,3209,100,H,2746,82
[AUTOPOS] SW-A,B,1620,100,C,2975,100,D,2546,88,E,1707,92,F,2177,100,G,3205,100,H,2745,83
[AUTOPOS] SW-A,B,1652,100,C,2981,100,D,2520,88,E,1914,92,F,2194,100,G,3161,100,H,2744,84
[AUTOPOS] SW-A,B,1693,100,C,2988,100,D,2548,89,E,2441,92,F,2173,100,G,3161,100,H,2744,84
[AUTOPOS] SW-A,B,1672,100,C,2999,100,D,2528,89,E,1762,92,F,2166,100,G,3150,96,H,2768,81
[AUTOPOS] SW-A,B,1650,100,C,3025,100,D,2518,90,E,1819,93,F,2160,100,G,3164,96,H,2753,82
[AUTOPOS] SW-A,B,1701,100,C,2938,100,D,2524,90,E,1780,93,F,2147,100,G,3164,96,H,2785,82
[AUTOPOS] SW-A,B,1686,100,C,2995,100,D,2517,90,E,1991,93,F,2157,100,G,3209,96,H,2746,83
[AUTOPOS] SW-A,B,1723,100,C,2995,100,D,2497,94,E,2358,93,F,2220,100,G,3173,100,H,2797,83
[AUTOPOS] SW-A,B,1708,100,C,2967,96,D,2514,94,E,2356,94,F,2240,100,G,3166,100,H,2777,84
[AUTOPOS] SW-A,B,1658,100,C,2983,100,D,2546,94,E,2348,94,F,2170,100,G,3173,100,H,2717,88
[AUTOPOS] SW-A,B,1661,100,C,2999,100,D,2525,95,E,2320,94,F,2175,100,G,3167,100,H,2765,88
[AUTOPOS] SW-A,B,1741,100,C,2967,100,D,2523,95,E,1970,95,F,2143,100,G,3218,100,H,2752,89
[AUTOPOS] SW-A,B,1663,100,C,2949,100,D,2509,95,E,2350,95,F,2178,100,G,3206,100,H,2748,90
[AUTOPOS] SW-A,B,1709,100,C,3003,100,D,2529,95,E,2322,95,F,2178,100,G,3185,100,H,2746,90
[AUTOPOS] SW-A,B,1723,100,C,2997,100,D,2529,95,E,1977,95,F,2166,100,G,3239,100,H,2740,90
[AUTOPOS] SW-A,B,1698,100,C,2964,100,D,2502,92,E,2396,95,F,2156,100,G,3256,100,H,2775,91
[AUTOPOS] SW-A,B,1664,100,C,2974,100,D,2534,92,E,2387,96,F,2156,100,G,3254,100,H,2719,91
[AUTOPOS] SW-A,B,1659,100,C,2992,100,D,2497,92,E,2355,96,F,2141,96,G,3191,100,H,2715,92
[AUTOPOS] SW-A,B,1673,100,C,2957,100,D,2509,92,E,2370,96,F,2142,96,G,3231,100,H,2747,92
[AUTOPOS] SW-A,B,1663,100,C,3043,100,D,2514,93,E,2378,96,F,2128,96,G,3254,100,H,2729,92
[AUTOPOS] SW-A,B,1663,100,C,3021,100,D,2560,93,E,1613,96,F,2135,96,G,3194,100,H,2731,92
[AUTOPOS] SW-A,B,1712,96,C,2985,100,D,2509,93,E,2379,96,F,2109,96,G,3214,100,H,2731,93
[AUTOPOS] SW-A,B,1722,96,C,2978,100,D,2509,93,E,1947,96,F,2123,100,G,3228,100,H,2737,93
[AUTOPOS] SW-A,B,1689,96,C,3010,100,D,2501,94,E,2373,96,F,2108,100,G,3201,100,H,2742,93
[AUTOPOS] SW-A,B,1699,100,C,2987,100,D,2518,94,E,2337,100,F,2118,100,G,3182,100,H,2732,93
[AUTOPOS] SW-A,B,1675,100,C,3009,100,D,2492,94,E,2319,100,F,2167,100,G,3258,100,H,2742,94
[AUTOPOS] SW-A,B,1752,100,C,2991,100,D,2536,95,E,1797,100,F,2204,100,G,3258,100,H,2760,94
[AUTOPOS] SW-A,B,1719,100,C,3022,100,D,2514,95,E,1806,100,F,2242,100,G,3232,95,H,2748,94
[AUTOPOS] SW-A,B,1751,100,C,3022,100,D,2504,95,E,1708,100,F,2222,100,G,3146,95,H,2777,95
[AUTOPOS] SW-A,B,1731,100,C,2991,95,D,2502,95,E,1686,100,F,2255,100,G,3147,95,H,2717,95
[AUTOPOS] SW-A,B,1672,100,C,2922,95,D,2491,95,E,1686,100,F,2263,100,G,3173,95,H,2805,95
[AUTOPOS] SW-A,B,1743,100,C,2999,95,D,2498,96,E,1663,95,F,2337,100,G,3265,96,H,2761,95
[AUTOPOS] SW-A,B,1715,100,C,2977,95,D,2457,96,E,1696,96,F,2299,100,G,3225,96,H,2791,95
[AUTOPOS] SW-A,B,1733,100,C,2940,96,D,2488,96,E,1797,96,F,2338,100,G,3166,96,H,2779,96
[AUTOPOS] SW-A,B,1707,100,C,3004,96,D,2500,96,E,1769,96,F,2319,100,G,3114,96,H,2779,96
[AUTOPOS] SW-A,B,1748,100,C,2977,96,D,2473,96,E,1689,96,F,2346,100,G,3199,96,H,2783,92
[AUTOPOS] SW-A,B,1673,100,C,2980,96,D,2473,96,E,1645,96,F,2347,100,G,3144,96,H,2783,92
[AUTOPOS] SW-A,B,1747,100,C,2963,96,D,2479,93,E,2031,96,F,2377,100,G,3208,96,H,2799,93
[AUTOPOS] SW-A,B,1701,100,C,2940,96,D,2450,93,E,1651,96,F,2389,100,G,3150,96,H,2786,93
[AUTOPOS] SW-A,B,1739,100,C,2975,96,D,2468,94,E,1616,96,F,2387,100,G,3145,100,H,2734,93
[AUTOPOS] SW-A,B,1744,100,C,2971,96,D,2479,94,E,1593,100,F,2335,100,G,3240,100,H,2774,93
[AUTOPOS] SW-A,B,1737,100,C,3001,100,D,2486,94,E,1664,100,F,2320,100,G,3188,100,H,2770,94
[AUTOPOS] SW-A,B,1711,100,C,3024,100,D,2464,95,E,2079,100,F,2412,100,G,3185,100,H,2711,94
[AUTOPOS] SW-A,B,1734,100,C,3004,100,D,2464,95,E,1659,100,F,2426,100,G,3217,100,H,2783,94
[AUTOPOS] SW-A,B,1746,100,C,2936,100,D,2509,90,E,1656,100,F,2455,100,G,3175,100,H,2759,95
[AUTOPOS] SW-A,B,1725,100,C,2974,100,D,2494,91,E,1639,100,F,2415,100,G,3173,100,H,2778,95
[AUTOPOS] SW-A,B,1748,100,C,2980,100,D,2491,91,E,1570,100,F,2423,100,G,3188,100,H,2759,95
[AUTOPOS] SW-A,B,1741,100,C,3019,100,D,2478,92,E,1950,100,F,2423,100,G,3204,100,H,2792,95
[AUTOPOS] SW-A,B,1733,100,C,3012,100,D,2504,92,E,1944,100,F,2465,96,G,3204,100,H,2786,95
[AUTOPOS] SW-A,B,1748,100,C,2981,100,D,2504,92,E,1598,100,F,2452,96,G,3209,100,H,2788,96
[AUTOPOS] SW-A,B,1764,100,C,2976,100,D,2508,92,E,1665,100,F,2450,96,G,3182,100,H,2778,96
[AUTOPOS] SW-A,B,1774,100,C,2946,100,D,2508,92,E,1648,100,F,2527,96,G,3167,100,H,2801,96
[AUTOPOS] SW-A,B,1778,100,C,2968,100,D,2494,90,E,1965,100,F,2471,96,G,3168,100,H,2802,96
[AUTOPOS] SW-A,B,1713,100,C,2996,100,D,2494,90,E,2303,100,F,2447,96,G,3168,100,H,2836,96
[AUTOPOS] SW-A,B,1732,100,C,3002,100,D,2504,87,E,2352,100,F,2436,100,G,3160,96,H,2802,96
[AUTOPOS] SW-A,B,1710,100,C,2994,100,D,2498,88,E,2270,100,F,2440,100,G,3160,96,H,2779,96
[AUTOPOS] SW-A,B,1759,100,C,2971,100,D,2494,88,E,1986,100,F,2479,100,G,3160,94,H,2798,96
[AUTOPOS] SW-A,B,1741,100,C,2971,100,D,2516,89,E,1959,100,F,2396,100,G,3224,94,H,2820,100
[AUTOPOS] SW-A,B,1727,100,C,2909,94,D,2495,90,E,2373,100,F,2439,100,G,3143,95,H,2788,100
[AUTOPOS] SW-A,B,1728,100,C,2944,94,D,2543,90,E,1958,100,F,2456,100,G,3237,95,H,2748,100
[AUTOPOS] SW-A,B,1744,100,C,2930,95,D,2520,90,E,2327,100,F,2469,100,G,3185,95,H,2785,100
[AUTOPOS] SW-A,B,1729,100,C,2967,95,D,2498,91,E,2327,100,F,2442,100,G,3206,95,H,2771,95
[AUTOPOS] SW-A,B,1681,100,C,2961,95,D,2491,91,E,2375,95,F,2455,100,G,3213,95,H,2805,95
[AUTOPOS] SW-A,B,1724,100,C,2975,95,D,2496,92,E,2376,95,F,2446,100,G,3213,96,H,2804,95
[AUTOPOS] SW-A,B,1779,100,C,2979,95,D,2493,92,E,2387,96,F,2461,100,G,3215,96,H,2808,96
[AUTOPOS] SW-A,B,1787,100,C,2985,96,D,2505,92,E,1671,96,F,2446,100,G,3199,96,H,2780,96
[AUTOPOS] SW-A,B,1744,100,C,2990,96,D,2501,92,E,2316,96,F,2454,100,G,3161,96,H,2791,96
[AUTOPOS] SW-A,B,1729,100,C,2976,96,D,2525,93,E,2316,96,F,2443,100,G,3201,96,H,2759,96
[AUTOPOS] SW-A,B,1741,100,C,2991,96,D,2521,93,E,2290,93,F,2435,100,G,3192,96,H,2792,96
[AUTOPOS] SW-A,B,1765,100,C,2989,96,D,2480,93,E,2290,93,F,2451,100,G,3153,96,H,2792,96
[AUTOPOS] SW-A,B,1723,100,C,2984,96,D,2482,93,E,2001,90,F,2459,100,G,3175,96,H,2790,93
[AUTOPOS] SW-A,B,1707,100,C,2988,96,D,2483,94,E,2024,90,F,2471,100,G,3160,100,H,2779,93
[AUTOPOS] SW-A,B,1759,100,C,3001,96,D,2500,94,E,1922,94,F,2442,100,G,3164,100,H,2780,94
[AUTOPOS] SW-A,B,1759,100,C,2971,100,D,2500,94,E,2012,94,F,2439,100,G,3208,100,H,2782,94
[AUTOPOS] SW-A,B,1731,100,C,2956,100,D,2498,90,E,1978,94,F,2421,100,G,3188,100,H,2783,94
[AUTOPOS] SW-A,B,1792,100,C,2957,100,D,2480,90,E,1666,95,F,2445,100,G,3201,100,H,2771,95
[AUTOPOS] SW-A,B,1731,100,C,3019,100,D,2487,90,E,2006,95,F,2430,100,G,3169,100,H,2730,95
[AUTOPOS] SW-A,B,1704,100,C,2928,100,D,2521,91,E,2373,95,F,2430,100,G,3202,100,H,2786,95
[AUTOPOS] SW-A,B,1745,100,C,2974,100,D,2543,91,E,1916,95,F,2456,96,G,3145,100,H,2812,95
[AUTOPOS] SW-A,B,1716,100,C,2970,100,D,2489,92,E,2000,95,F,2446,96,G,3229,100,H,2769,95
[AUTOPOS] SW-A,B,1736,100,C,3021,100,D,2498,92,E,2011,96,F,2472,96,G,3150,100,H,2756,96
[AUTOPOS] SW-A,B,1766,100,C,2981,100,D,2518,92,E,2256,96,F,2428,96,G,3193,100,H,2804,96
[AUTOPOS] SW-A,B,1718,100,C,2968,100,D,2504,92,E,2360,96,F,2459,96,G,3184,100,H,2792,96
[AUTOPOS] SW-A,B,1765,100,C,2988,100,D,2504,92,E,2261,96,F,2467,96,G,3184,100,H,2782,96
[AUTOPOS] SW-A,B,1714,100,C,2986,100,D,2487,90,E,2242,96,F,2467,96,G,3122,96,H,2742,96
[AUTOPOS] SW-A,B,1758,100,C,2982,100,D,2488,90,E,2265,96,F,2495,96,G,3122,96,H,2789,96
[AUTOPOS] SW-A,B,1757,100,C,2962,100,D,2504,90,E,2298,96,F,2441,100,G,3188,93,H,2788,96
[AUTOPOS] SW-A,B,1777,100,C,2962,100,D,2499,94,E,2328,96,F,2455,100,G,3215,94,H,2788,96
[AUTOPOS] SW-A,B,1726,100,C,3010,96,D,2473,94,E,2365,100,F,2442,100,G,3272,94,H,2791,100
[AUTOPOS] SW-A,B,1702,100,C,2984,100,D,2540,94,E,1638,100,F,2460,100,G,3133,94,H,2772,100
[AUTOPOS] SW-A,B,1708,100,C,2941,100,D,2509,95,E,1671,100,F,2525,100,G,3150,95,H,2779,100
[AUTOPOS] SW-A,B,1759,100,C,3011,100,D,2503,95,E,1671,100,F,2477,100,G,3128,95,H,2779,100
[AUTOPOS] SW-A,B,1748,100,C,2995,100,D,2465,95,E,1699,95,F,2441,100,G,3186,95,H,2795,95
[AUTOPOS] SW-A,B,1718,100,C,2988,100,D,2490,95,E,1674,95,F,2464,100,G,3182,95,H,2785,95
[AUTOPOS] SW-A,B,1703,100,C,2968,100,D,2480,95,E,1631,95,F,2484,100,G,3173,95,H,2797,95
[AUTOPOS] SW-A,B,1728,100,C,2945,100,D,2480,95,E,1623,95,F,2471,100,G,3186,96,H,2771,95
[AUTOPOS] SW-A,B,1737,100,C,2953,100,D,2487,92,E,2429,96,F,2502,100,G,3171,96,H,2861,96
[AUTOPOS] SW-A,B,1759,100,C,2942,100,D,2505,92,E,1637,96,F,2502,100,G,3275,96,H,2774,96
[AUTOPOS] SW-A,B,1752,100,C,2972,100,D,2482,92,E,1687,96,F,2507,96,G,3230,96,H,2815,96
[AUTOPOS] SW-A,B,1794,100,C,2963,100,D,2503,93,E,1650,96,F,2502,96,G,3178,96,H,2781,96
[AUTOPOS] SW-A,B,1740,100,C,2981,100,D,2494,93,E,2360,96,F,2501,96,G,3222,96,H,2788,96
[AUTOPOS] SW-A,B,1766,100,C,2934,100,D,2509,93,E,2310,96,F,2525,96,G,3132,96,H,2808,96
[AUTOPOS] SW-A,B,1766,100,C,2965,100,D,2484,93,E,1942,96,F,2533,100,G,3218,96,H,2808,96
[AUTOPOS] SW-A,B,1713,100,C,2956,100,D,2484,93,E,1942,96,F,2491,100,G,3134,100,H,2797,96
[AUTOPOS] SW-A,B,1713,100,C,2996,100,D,2525,88,E,2233,94,F,2467,100,G,3171,100,H,2801,100
[AUTOPOS] SW-A,B,1781,94,C,2944,100,D,2500,89,E,2101,94,F,2470,100,G,3139,100,H,2782,100
[AUTOPOS] SW-A,B,1739,94,C,2955,100,D,2499,90,E,2101,94,F,2439,100,G,3243,100,H,2782,100
[AUTOPOS] SW-A,B,1745,95,C,2941,100,D,2489,90,E,2303,90,F,2423,100,G,3276,100,H,2811,95
[AUTOPOS] SW-A,B,1742,95,C,3018,100,D,2493,90,E,2352,90,F,2438,100,G,3227,100,H,2811,95
[AUTOPOS] SW-A,B,1762,95,C,2966,100,D,2513,91,E,2309,90,F,2439,100,G,3197,100,H,2799,90
[AUTOPOS] SW-A,B,1749,95,C,2983,100,D,2513,91,E,2384,91,F,2431,100,G,3204,100,H,2789,91
[AUTOPOS] SW-A,B,1770,95,C,2950,100,D,2524,88,E,1955,91,F,2466,100,G,3151,100,H,2792,91
[AUTOPOS] SW-A,B,1750,96,C,2963,100,D,2478,88,E,2362,92,F,2455,100,G,3143,100,H,2798,92
[AUTOPOS] SW-A,B,1784,96,C,2925,100,D,2478,88,E,2364,92,F,2439,100,G,3143,100,H,2733,92
[AUTOPOS] SW-A,B,1749,96,C,2946,100,D,2482,85,E,1982,92,F,2435,100,G,3264,96,H,2780,92
[AUTOPOS] SW-A,B,1785,96,C,2995,100,D,2496,86,E,2429,92,F,2471,100,G,3246,96,H,2788,92
[AUTOPOS] SW-A,B,1756,96,C,2990,100,D,2503,86,E,1645,93,F,2464,100,G,3206,96,H,2786,93
[AUTOPOS] SW-A,B,1756,96,C,2990,100,D,2513,87,E,1651,93,F,2468,100,G,3160,96,H,2812,93
[AUTOPOS] SW-A,B,1740,93,C,2977,96,D,2503,87,E,1658,93,F,2442,100,G,3161,96,H,2774,93
[AUTOPOS] SW-A,B,1763,93,C,2952,96,D,2484,88,E,1571,93,F,2417,100,G,3169,100,H,2788,93
[AUTOPOS] SW-A,B,1700,94,C,2968,96,D,2511,88,E,1606,94,F,2420,100,G,3260,100,H,2904,94
[AUTOPOS] SW-A,B,1749,94,C,2996,100,D,2486,89,E,1945,94,F,2454,100,G,3223,100,H,2771,94
[AUTOPOS] SW-A,B,1742,94,C,2990,100,D,2509,90,E,1639,94,F,2407,100,G,3223,100,H,2767,94
[AUTOPOS] SW-A,B,1710,95,C,2959,100,D,2490,90,E,1647,95,F,2454,100,G,3199,95,H,2792,95
[AUTOPOS] SW-A,B,1733,95,C,2959,100,D,2498,90,E,1965,95,F,2404,100,G,3198,95,H,2809,95
[AUTOPOS] SW-A,B,1755,95,C,2998,95,D,2475,91,E,1664,95,F,2434,100,G,3145,95,H,2789,95
[AUTOPOS] SW-A,B,1741,95,C,2973,95,D,2500,91,E,1664,95,F,2444,100,G,3217,95,H,2818,95
[AUTOPOS] SW-A,B,1722,95,C,2972,95,D,2504,92,E,1645,91,F,2428,100,G,3148,96,H,2815,95
[AUTOPOS] SW-A,B,1764,96,C,2948,95,D,2505,92,E,1607,92,F,2395,100,G,3139,96,H,2833,96
[AUTOPOS] SW-A,B,1731,96,C,2984,96,D,2503,92,E,1701,92,F,2437,100,G,3198,96,H,2814,96
[AUTOPOS] SW-A,B,1717,96,C,2952,96,D,2490,92,E,1616,92,F,2410,100,G,3190,96,H,2796,96
[AUTOPOS] SW-A,B,1743,96,C,2963,96,D,2495,93,E,2403,92,F,2461,100,G,3187,96,H,2831,96
[AUTOPOS] SW-A,B,1724,96,C,2971,96,D,2488,93,E,2411,93,F,2449,100,G,3219,96,H,2794,96
[AUTOPOS] SW-A,B,1735,96,C,2946,96,D,2491,93,E,2383,93,F,2461,100,G,3175,96,H,2827,96
[AUTOPOS] SW-A,B,1752,96,C,2977,96,D,2508,93,E,1954,93,F,2449,100,G,3169,96,H,2811,96
[AUTOPOS] SW-A,B,1799,96,C,2984,96,D,2506,94,E,1620,93,F,2424,100,G,3170,100,H,2805,96
[AUTOPOS] SW-A,B,1757,100,C,2983,96,D,2499,94,E,1596,94,F,2429,100,G,3154,100,H,2797,100
[AUTOPOS] SW-A,B,1770,100,C,2959,100,D,2511,94,E,2392,94,F,2435,100,G,3136,100,H,2821,100
[AUTOPOS] SW-A,B,1775,100,C,2997,100,D,2526,95,E,2395,94,F,2439,100,G,3124,100,H,2797,100
[AUTOPOS] SW-A,B,1715,100,C,2944,100,D,2490,95,E,2401,95,F,2426,100,G,3216,100,H,2812,100
[AUTOPOS] SW-A,B,1723,100,C,2920,100,D,2493,95,E,2427,95,F,2440,100,G,3229,100,H,2792,100
[AUTOPOS] SW-A,B,1716,100,C,2920,100,D,2514,95,E,1593,95,F,2440,100,G,3155,100,H,2812,100
[AUTOPOS] SW-A,B,1781,100,C,2994,95,D,2514,95,E,2438,95,F,2431,96,G,3160,100,H,2771,100
[AUTOPOS] SW-A,B,1749,100,C,2969,95,D,2534,96,E,2070,95,F,2432,96,G,3150,100,H,2793,100
[AUTOPOS] SW-A,B,1708,100,C,2941,95,D,2519,96,E,1587,96,F,2412,96,G,3249,100,H,2800,100
[AUTOPOS] SW-A,B,1708,100,C,2944,96,D,2522,96,E,1647,96,F,2426,96,G,3138,100,H,2800,100
[AUTOPOS] SW-A,B,1707,96,C,2978,96,D,2516,96,E,1628,96,F,2394,96,G,3191,100,H,2876,100
[AUTOPOS] SW-A,B,1760,96,C,2974,96,D,2522,96,E,2047,96,F,2418,96,G,3163,100,H,2821,100
[AUTOPOS] SW-A,B,1762,96,C,2953,96,D,2511,96,E,1654,96,F,2428,96,G,3163,100,H,2784,100
[AUTOPOS] SW-A,B,1779,96,C,2949,96,D,2507,96,E,1540,96,F,2386,96,G,3197,96,H,2807,100
[AUTOPOS] SW-A,B,1788,96,C,2970,96,D,2512,96,E,1619,96,F,2379,100,G,3251,96,H,2814,100
[AUTOPOS] SW-A,B,1746,96,C,2915,96,D,2539,100,E,1622,96,F,2367,100,G,3213,100,H,2824,100
[AUTOPOS] SW-A,B,1786,100,C,2974,96,D,2573,100,E,1634,100,F,2416,100,G,3258,100,H,2787,100
[AUTOPOS] SW-A,B,1757,100,C,3027,100,D,2539,100,E,1664,100,F,2407,100,G,3217,100,H,2766,100
[AUTOPOS] SW-A,B,1724,100,C,2953,100,D,2502,100,E,1656,100,F,2321,100,G,3177,100,H,2795,100
[AUTOPOS] SW-A,B,1724,100,C,2952,100,D,2509,100,E,1664,100,F,2346,100,G,3169,100,H,2805,100
[AUTOPOS] SW-A,B,1710,95,C,2975,100,D,2463,100,E,1730,100,F,2302,100,G,3140,100,H,2805,100
[AUTOPOS] SW-A,B,1689,95,C,2949,100,D,2469,100,E,1730,100,F,2300,100,G,3272,100,H,2786,95
[AUTOPOS] SW-A,B,1775,95,C,2943,100,D,2455,100,E,1580,95,F,2241,100,G,3196,100,H,2768,95
[AUTOPOS] SW-A,B,1691,95,C,2979,100,D,2463,100,E,1646,95,F,2255,100,G,3220,100,H,2785,95
[AUTOPOS] SW-A,B,1735,96,C,2984,100,D,2467,100,E,1659,96,F,2300,100,G,3229,100,H,2735,96
[AUTOPOS] SW-A,B,1674,96,C,2924,100,D,2467,100,E,2036,96,F,2250,100,G,3158,100,H,2755,96
[AUTOPOS] SW-A,B,1711,96,C,2957,100,D,2465,96,E,1606,96,F,2269,100,G,3213,100,H,2769,96
[AUTOPOS] SW-A,B,1750,96,C,3015,100,D,2468,96,E,1623,96,F,2283,100,G,3175,100,H,2718,96
[AUTOPOS] SW-A,B,1714,96,C,2955,100,D,2490,96,E,1586,96,F,2260,100,G,3188,100,H,2767,96
[AUTOPOS] SW-A,B,1758,96,C,2940,100,D,2476,96,E,1563,96,F,2260,100,G,3234,100,H,2733,96
[AUTOPOS] SW-A,B,1719,96,C,2993,100,D,2485,96,E,1667,96,F,2296,100,G,3179,100,H,2753,96
[AUTOPOS] SW-A,B,1705,96,C,2981,100,D,2475,100,E,1663,96,F,2248,100,G,3147,100,H,2795,96
[AUTOPOS] SW-A,B,1720,100,C,2952,100,D,2469,100,E,1711,100,F,2308,100,G,3149,100,H,2743,100
[AUTOPOS] SW-A,B,1730,100,C,2974,100,D,2495,100,E,1748,100,F,2303,100,G,3142,100,H,2764,100
[AUTOPOS] SW-A,B,1759,100,C,2950,100,D,2464,100,E,1681,100,F,2311,100,G,3156,100,H,2755,100
[AUTOPOS] SW-A,B,1741,100,C,2930,100,D,2464,100,E,1623,100,F,2323,100,G,3225,100,H,2787,100
[AUTOPOS] SW-A,B,1731,100,C,2933,100,D,2473,95,E,2055,100,F,2291,100,G,3204,100,H,2754,100
[AUTOPOS] SW-A,B,1784,100,C,2992,100,D,2459,95,E,1666,100,F,2340,100,G,3211,100,H,2778,100
[AUTOPOS] SW-A,B,1731,100,C,2946,100,D,2475,95,E,1993,100,F,2357,100,G,3185,100,H,2779,100
[AUTOPOS] SW-A,B,1730,100,C,2946,100,D,2478,96,E,2389,100,F,2330,100,G,3171,100,H,2787,100
[AUTOPOS] SW-A,B,1786,100,C,2949,100,D,2454,96,E,1988,100,F,2332,100,G,3186,100,H,2809,100
[AUTOPOS] SW-A,B,1786,100,C,2978,100,D,2440,96,E,2394,100,F,2382,100,G,3203,100,H,2797,100
[AUTOPOS] SW-A,B,1764,96,C,2974,100,D,2467,96,E,2399,100,F,2363,100,G,3177,100,H,2797,100
[AUTOPOS] SW-A,B,1732,96,C,2964,100,D,2461,96,E,2399,100,F,2368,100,G,3199,100,H,2812,96
[AUTOPOS] SW-A,B,1695,96,C,3008,100,D,2479,96,E,2377,96,F,2392,100,G,3199,100,H,2772,96
[AUTOPOS] SW-A,B,1739,96,C,2985,100,D,2479,96,E,2008,96,F,2358,100,G,3195,100,H,2832,96
[AUTOPOS] SW-A,B,1746,96,C,2972,100,D,2469,96,E,2390,96,F,2381,100,G,3162,100,H,2805,96
[AUTOPOS] SW-A,B,1693,96,C,2972,100,D,2475,100,E,2389,96,F,2411,100,G,3178,100,H,2800,96
[AUTOPOS] SW-A,B,1718,100,C,2967,96,D,2485,100,E,1616,100,F,2414,100,G,3201,100,H,2755,100
[AUTOPOS] SW-A,B,1739,100,C,2923,100,D,2507,100,E,1612,100,F,2414,100,G,3159,100,H,2818,100
[AUTOPOS] SW-A,B,1736,100,C,2987,100,D,2493,100,E,1985,100,F,2407,95,G,3170,100,H,2796,100
[AUTOPOS] SW-A,B,1702,100,C,2963,100,D,2492,100,E,1555,100,F,2407,95,G,3154,100,H,2766,100
[AUTOPOS] SW-A,B,1748,100,C,2985,100,D,2470,100,E,1960,100,F,2398,91,G,3157,100,H,2786,100
[AUTOPOS] SW-A,B,1758,100,C,2950,100,D,2502,100,E,1588,100,F,2374,91,G,3188,100,H,2788,100
[AUTOPOS] SW-A,B,1800,100,C,2986,100,D,2499,100,E,1616,100,F,2403,92,G,3220,100,H,2775,100
[AUTOPOS] SW-A,B,1768,100,C,2947,100,D,2499,100,E,1618,100,F,2415,92,G,3198,100,H,2775,100
[AUTOPOS] SW-A,B,1768,100,C,2962,100,D,2489,96,E,1618,100,F,2405,92,G,3178,100,H,2789,100
[AUTOPOS] SW-A,B,1763,96,C,2962,100,D,2473,96,E,1627,96,F,2405,92,G,3191,100,H,2774,100
[AUTOPOS] SW-A,B,1743,96,C,2965,96,D,2465,96,E,1995,96,F,2416,89,G,3215,100,H,2788,100
[AUTOPOS] SW-A,B,1725,96,C,3001,96,D,2471,96,E,2087,96,F,2383,90,G,3191,100,H,2790,100
[AUTOPOS] SW-A,B,1739,96,C,3004,96,D,2480,96,E,2094,96,F,2355,90,G,3177,100,H,2794,100
[AUTOPOS] SW-A,B,1761,96,C,2951,96,D,2464,96,E,2035,96,F,2356,90,G,3182,100,H,2798,100
[AUTOPOS] SW-A,B,1758,96,C,3002,96,D,2467,96,E,1974,96,F,2355,94,G,3204,100,H,2773,100
[AUTOPOS] SW-A,B,1696,96,C,2951,96,D,2507,100,E,1621,96,F,2351,94,G,3160,100,H,2789,100
[AUTOPOS] SW-A,B,1746,100,C,2948,96,D,2465,100,E,1607,100,F,2335,94,G,3152,100,H,2782,100
[AUTOPOS] SW-A,B,1705,100,C,2974,100,D,2471,100,E,2487,100,F,2394,95,G,3159,100,H,2749,100
[AUTOPOS] SW-A,B,1750,100,C,2945,100,D,2490,100,E,2432,100,F,2394,95,G,3179,100,H,2812,100
[AUTOPOS] SW-A,B,1760,100,C,2941,100,D,2504,100,E,1623,100,F,2408,90,G,3217,100,H,2798,100
[AUTOPOS] SW-A,B,1751,100,C,2943,100,D,2508,100,E,1760,100,F,2377,91,G,3203,100,H,2792,100
[AUTOPOS] SW-A,B,1768,100,C,2965,100,D,2520,100,E,1665,100,F,2384,91,G,3210,100,H,2797,100
[AUTOPOS] SW-A,B,1712,100,C,2961,100,D,2505,100,E,1665,100,F,2449,92,G,3210,100,H,2776,100
[AUTOPOS] SW-A,B,1712,100,C,2980,100,D,2511,100,E,1665,100,F,2449,92,G,3154,100,H,2822,100
[AUTOPOS] SW-A,B,1776,96,C,2980,100,D,2471,100,E,1692,92,F,2444,88,G,3123,100,H,2845,100
[AUTOPOS] SW-A,B,1708,96,C,2966,100,D,2508,100,E,1799,92,F,2477,89,G,3181,100,H,2800,100
[AUTOPOS] SW-A,B,1677,96,C,2981,100,D,2489,100,E,1785,92,F,2417,89,G,3126,100,H,2770,100
[AUTOPOS] SW-A,B,1753,96,C,2925,100,D,2471,100,E,1761,92,F,2390,90,G,3135,100,H,2770,100
[AUTOPOS] SW-A,B,1732,96,C,2973,100,D,2488,100,E,1663,93,F,2412,90,G,3199,100,H,2771,96
[AUTOPOS] SW-A,B,1741,96,C,2997,100,D,2488,100,E,1779,93,F,2418,90,G,3141,100,H,2781,96
[AUTOPOS] SW-A,B,1708,96,C,2951,100,D,2500,96,E,1764,93,F,2410,94,G,3229,100,H,2820,96
[AUTOPOS] SW-A,B,1671,96,C,2975,100,D,2500,100,E,1633,93,F,2410,94,G,3231,100,H,2809,96
[AUTOPOS] SW-A,B,1729,100,C,2976,100,D,2493,100,E,2442,94,F,2452,89,G,3147,100,H,2781,100
[AUTOPOS] SW-A,B,1715,100,C,3003,100,D,2526,100,E,2020,94,F,2452,89,G,3129,100,H,2774,100
[AUTOPOS] SW-A,B,1737,100,C,2966,100,D,2562,100,E,2094,94,F,2459,85,G,3128,100,H,2816,100
[AUTOPOS] SW-A,B,1737,100,C,2974,100,D,2560,100,E,1591,95,F,2444,86,G,3222,100,H,2800,100
[AUTOPOS] SW-A,B,1688,95,C,2976,100,D,2519,100,E,2053,95,F,2440,86,G,3107,100,H,2809,100
[AUTOPOS] SW-A,B,1689,95,C,2984,100,D,2571,100,E,2097,95,F,2452,87,G,3231,100,H,2817,100
[AUTOPOS] SW-A,B,1755,95,C,2994,100,D,2594,100,E,2439,95,F,2447,88,G,3152,100,H,2793,100
[AUTOPOS] SW-A,B,1710,95,C,2956,100,D,2607,100,E,1573,95,F,2416,88,G,3128,100,H,2794,100
[AUTOPOS] SW-A,B,1713,96,C,2953,100,D,2564,100,E,2421,96,F,2440,88,G,3189,100,H,2806,100
[AUTOPOS] SW-A,B,1731,96,C,2969,100,D,2529,100,E,1574,96,F,2410,89,G,3206,100,H,2837,100
[AUTOPOS] SW-A,B,1762,96,C,2957,100,D,2516,100,E,2039,96,F,2402,89,G,3260,100,H,2778,100
[AUTOPOS] SW-A,B,1704,96,C,2980,100,D,2519,100,E,2445,96,F,2412,90,G,3237,100,H,2769,100
[AUTOPOS] SW-A,B,1726,96,C,2957,100,D,2519,100,E,2079,96,F,2401,90,G,3212,100,H,2813,100
[AUTOPOS] SW-A,B,1783,96,C,2961,100,D,2554,100,E,1733,96,F,2429,90,G,3244,100,H,2779,100
[AUTOPOS] SW-A,B,1753,96,C,2971,100,D,2554,100,E,1713,96,F,2413,94,G,3180,100,H,2824,100
[AUTOPOS] SW-A,B,1698,96,C,2976,100,D,2557,100,E,1647,96,F,2444,94,G,3235,100,H,2784,100
[AUTOPOS] SW-A,B,1743,100,C,2990,100,D,2562,100,E,1697,100,F,2418,94,G,3133,100,H,2832,100
[AUTOPOS] SW-A,B,1719,100,C,2961,100,D,2511,100,E,1635,100,F,2459,95,G,3150,100,H,2798,100
[AUTOPOS] SW-A,B,1732,100,C,2987,100,D,2535,100,E,2070,100,F,2487,95,G,3181,100,H,2776,100
[AUTOPOS] SW-A,B,1716,100,C,2971,100,D,2496,100,E,1618,100,F,2476,95,G,3190,100,H,2786,100
[AUTOPOS] SW-A,B,1716,100,C,2986,100,D,2560,100,E,1618,100,F,2476,95,G,3146,100,H,2802,100
[AUTOPOS] SW-A,B,1749,95,C,2986,100,D,2523,100,E,1612,95,F,2476,95,G,3146,100,H,2834,100
[AUTOPOS] SW-A,B,1771,95,C,2969,95,D,2523,100,E,1603,95,F,2472,88,G,3146,100,H,2834,100
[AUTOPOS] SW-A,B,1726,95,C,2977,95,D,2525,96,E,1603,95,F,2429,88,G,3247,92,H,2834,100
[AUTOPOS] SW-A,B,1726,96,C,2968,95,D,2605,96,E,1677,92,F,2406,88,G,3183,92,H,2834,92
[AUTOPOS] SW-A,B,1737,96,C,2998,96,D,2603,96,E,2066,92,F,2461,89,G,3162,92,H,2796,92
[AUTOPOS] SW-A,B,1743,96,C,2960,96,D,2543,96,E,2420,92,F,2438,89,G,3191,92,H,2780,92
[AUTOPOS] SW-A,B,1724,96,C,2989,96,D,2527,96,E,1650,92,F,2358,90,G,3208,93,H,2752,92
[AUTOPOS] SW-A,B,1749,96,C,3013,96,D,2562,96,E,2110,93,F,2358,90,G,3123,93,H,2850,93
[AUTOPOS] SW-A,B,1729,96,C,2967,96,D,2507,96,E,1625,93,F,2366,87,G,3197,93,H,2836,93
[AUTOPOS] SW-A,B,1737,96,C,2992,96,D,2579,96,E,2079,93,F,2784,88,G,3247,93,H,2824,93
[AUTOPOS] SW-A,B,1759,96,C,3016,96,D,2540,100,E,2419,93,F,2337,88,G,3124,94,H,2768,93
[AUTOPOS] SW-A,B,1738,100,C,2957,96,D,2534,100,E,2094,94,F,2389,89,G,3249,94,H,2768,93
[AUTOPOS] SW-A,B,1705,100,C,2977,100,D,2531,100,E,1663,94,F,2434,90,G,3250,94,H,2816,88
[AUTOPOS] SW-A,B,1721,100,C,2993,100,D,2526,100,E,2405,94,F,2468,90,G,3176,95,H,2813,89
[AUTOPOS] SW-A,B,1746,100,C,2977,100,D,2508,100,E,2002,95,F,2468,90,G,3217,95,H,2777,90
[AUTOPOS] SW-A,B,1754,100,C,2985,100,D,2578,100,E,1624,95,F,2442,91,G,3159,95,H,2840,90
[AUTOPOS] SW-A,B,1746,100,C,2978,100,D,2529,100,E,1635,95,F,2449,91,G,3208,95,H,2792,90
[AUTOPOS] SW-A,B,1764,100,C,2981,100,D,2538,100,E,1621,95,F,2471,92,G,3220,95,H,2812,91
[AUTOPOS] SW-A,B,1741,100,C,2974,100,D,2512,100,E,1609,95,F,2436,92,G,3248,96,H,2812,91
[AUTOPOS] SW-A,B,1732,100,C,2978,100,D,2541,100,E,1631,96,F,2479,92,G,3236,96,H,2868,88
[AUTOPOS] SW-A,B,1737,100,C,2980,100,D,2541,100,E,1671,96,F,2434,92,G,3223,96,H,2838,88
[AUTOPOS] SW-A,B,1753,100,C,2985,100,D,2536,96,E,2074,96,F,2456,93,G,3152,96,H,2807,88
[AUTOPOS] SW-A,B,1754,100,C,2989,100,D,2496,96,E,1638,96,F,2474,93,G,3154,96,H,2778,89
[AUTOPOS] SW-A,B,1711,100,C,2966,100,D,2540,96,E,1678,96,F,2445,93,G,3224,96,H,2822,89
[AUTOPOS] SW-A,B,1769,100,C,2973,100,D,2549,96,E,1759,96,F,2430,93,G,3201,96,H,2774,90
[AUTOPOS] SW-A,B,1761,100,C,2970,100,D,2517,96,E,1797,96,F,2424,94,G,3254,96,H,2780,90
[AUTOPOS] SW-A,B,1743,100,C,2942,100,D,2533,100,E,1666,96,F,2405,94,G,3254,100,H,2787,90
[AUTOPOS] SW-A,B,1718,100,C,2952,100,D,2533,100,E,1762,100,F,2427,94,G,3244,100,H,2874,94
[AUTOPOS] SW-A,B,1736,100,C,2976,100,D,2531,94,E,2063,100,F,2401,95,G,3189,100,H,2864,94
[AUTOPOS] SW-A,B,1683,100,C,2971,100,D,2527,95,E,1601,100,F,2359,95,G,3194,100,H,2749,94
[AUTOPOS] SW-A,B,1729,100,C,2986,100,D,2558,95,E,1656,100,F,2845,95,G,3134,100,H,2810,95
[AUTOPOS] ANCHOR_CTRL[0] notify: SWEEP_DONE master=A sets=1010 role=matrix
END=2026-05-22 16:42:39
