[run] FULL-COMPARE-1000 mode=1000
[solve] FULL-COMPARE-1000 v1-old
[solve] FULL-COMPARE-1000 v2
[solve] FULL-COMPARE-1000 v3-lite
[solve] FULL-COMPARE-1000 v3-full
[solve] FULL-COMPARE-1000 v4-io
[solve] FULL-COMPARE-1000 v4-io-roto
[solve] FULL-COMPARE-1000 v4-io-wand
[solve] FULL-COMPARE-1000 v5
/home/zekaixiao/Documents/nRF_dev/BioSpur_UWB_before_start/autopos_pipeline/outdoor_20260513/run_clean_full_compare.py:892: MatplotlibDeprecationWarning: The 'labels' parameter of boxplot() has been renamed 'tick_labels' since Matplotlib 3.9; support for the old name will be dropped in 3.11.
  plt.boxplot(data, labels=labels, showmeans=True)
/home/zekaixiao/Documents/nRF_dev/BioSpur_UWB_before_start/autopos_pipeline/outdoor_20260513/run_clean_full_compare.py:902: MatplotlibDeprecationWarning: The 'labels' parameter of boxplot() has been renamed 'tick_labels' since Matplotlib 3.9; support for the old name will be dropped in 3.11.
  plt.boxplot(data, labels=labels, showmeans=True)
[run] FULL-COMPARE-500 mode=500
[solve] FULL-COMPARE-500 v1-old
[solve] FULL-COMPARE-500 v2
[solve] FULL-COMPARE-500 v3-lite
[solve] FULL-COMPARE-500 v3-full
[solve] FULL-COMPARE-500 v4-io
[solve] FULL-COMPARE-500 v4-io-roto
[solve] FULL-COMPARE-500 v4-io-wand
[solve] FULL-COMPARE-500 v5
/home/zekaixiao/Documents/nRF_dev/BioSpur_UWB_before_start/autopos_pipeline/outdoor_20260513/run_clean_full_compare.py:892: MatplotlibDeprecationWarning: The 'labels' parameter of boxplot() has been renamed 'tick_labels' since Matplotlib 3.9; support for the old name will be dropped in 3.11.
  plt.boxplot(data, labels=labels, showmeans=True)
/home/zekaixiao/Documents/nRF_dev/BioSpur_UWB_before_start/autopos_pipeline/outdoor_20260513/run_clean_full_compare.py:902: MatplotlibDeprecationWarning: The 'labels' parameter of boxplot() has been renamed 'tick_labels' since Matplotlib 3.9; support for the old name will be dropped in 3.11.
  plt.boxplot(data, labels=labels, showmeans=True)
[run] FULL-COMPARE-500+500
[solve split] v1-old
[solve split] v2
[solve split] v3-lite
[solve split] v3-full
[solve split] v4-io
[solve split] v4-io-roto
[solve split] v4-io-wand
[solve split] v5
/home/zekaixiao/Documents/nRF_dev/BioSpur_UWB_before_start/autopos_pipeline/outdoor_20260513/run_clean_full_compare.py:892: MatplotlibDeprecationWarning: The 'labels' parameter of boxplot() has been renamed 'tick_labels' since Matplotlib 3.9; support for the old name will be dropped in 3.11.
  plt.boxplot(data, labels=labels, showmeans=True)
/home/zekaixiao/Documents/nRF_dev/BioSpur_UWB_before_start/autopos_pipeline/outdoor_20260513/run_clean_full_compare.py:902: MatplotlibDeprecationWarning: The 'labels' parameter of boxplot() has been renamed 'tick_labels' since Matplotlib 3.9; support for the old name will be dropped in 3.11.
  plt.boxplot(data, labels=labels, showmeans=True)
