PORT=/dev/serial/by-id/usb-BioSpur_BioSpur_BLE_Control_87EA2F4A526C5A02-if00
START=2026-04-26 00:03:40
VERIFY: prepare AUTOPOS control plane for all-responder runtime verification
VERIFY: force anchor target before AUTOPOS preflight
>>> device kind anchor
nding;0;4;0;0;0;0
[RECV] BSF66F notify: CS;1;17085;cal_static;4;0;A,B,C,D;timeout,timeout,timeout,timeout;0,0,0,0
[RECV] BS2DCE notify: CM;1;53131;3;timeout;0;2752;4;1;116
[RECV] BSDC91 notify: CM;1;56752;1;timeout;0;2250;3;2;93|CM;1;56752;3;timeout;0;3624;3;2;93|CM;1;56752;6;timeout;0;2879;3;2;93
[RECV] BS2DCE notify: CM;1;53131;1;timeout;0;3014;4;1;116|CM;1;53131;4;timeout;0;2756;4;1;116|CM;1;53131;6;timeout;0;2903;4;1;116
[RECV] BS2DCE notify: CR;1;53132;cal_roto;5;D;timeout;rx_timeout;0;2752;0;0;4;4
[RECV] BS2DCE notify: CR;1;53132;cal_roto;5;B;timeout;rx_timeout;0;3014;0;0;4;4
[RECV] BS2DCE notify: CR;1;53132;cal_roto;5;E;timeout;rx_timeout;0;2756;0;0;4;4
[RECV] BS2DCE notify: CR;1;53132;cal_roto;5;G;timeout;rx_timeout;0;2903;0;0;4;4
[RECV] BS2DCE notify: CF;1;53132;cal_roto;5;pending;4;4;0;0;0;0
[RECV] BS2DCE notify: CS;1;53132;cal_roto;5;4;D,B,E,G;timeout,timeout,timeout,timeout;4,4,4,4
[RECV] BSDC91 notify: CR;1;56753;cal_roto;5;B;timeout;rx_timeout;0;2250;0;0;3;3
[RECV] BSDC91 notify: CR;1;56753;cal_roto;5;[RECV] BS2DCE notify: CR;1;53133;cal_roto;5;D;timeout;rx_timeout;0;2752;0;0;4;4
[RECV] BS2DCE notify: CR;1;53133;cal_roto;5;B;timeout;rx_timeout;0;3014;0;0;4;4
[RECV] BS2DCE notify: CR;1;53133;cal_roto;5;E;timeout;rx_timeout;0;2756;0;0;4;4
[RECV] BS2DCE notify: CR;1;53133;cal_roto;5;G;timeout;rx_timeout;0;2903;0;0;4;4
[RECV] BS2DCE notify: CF;1;53133;cal_roto;5;pending;4;4;0;0;0;0
[RECV] BS2DCE notify: CS;1;53133;cal_roto;5;4;D,B,E,G;timeout,timeout,timeout,timeout;4,4,4,4
[RECV] BSDC91 notify: CR;1;56754;cal_roto;5;B;timeout;rx_timeout;0;2250;0;0;3;3
[RECV] BSDC91 notify: CR;1;56754;cal_roto;5;D;timeout;rx_timeout;0;3624;0;0;3;3
[RECV] BSDC91 notify: CR;1;56754;cal_roto;5;E;timeout;rx_timeout;0;2989;0;0;3;3
[RECV] BSDC91 notify: CR;1;56754;cal_roto;5;G;timeout;rx_timeout;0;2879;0;0;3;3
[RECV] BSDC91 notify: CF;1;56754;cal_roto;5;pending;3;4;0;0;0;0
[RECV] BSDC91 notify: CS;1;56754;cal_roto;5;3;B,D,E,G;timeout,timeout,timeout,timeout;3,3,3,3
[RECV] BSF66F notify: CM;1;17086;0;timeout;0;0;0;0;62|CM;1;17086;1;timeout;0;0;0;0;62|CM;1;17086;2;timeout;0;0;0;0;62
[RECV] BSF66F notify: CR;1;17087;cal_static;4;A;timeout;rx_timeout;0;0;0;0;0;0
[RECV] BSF66F notify: CR;1;17087;cal_static;4;B;timeout;rx_timeout;0;0;0;0;0;0
[RECV] BSF66F notify: CR;1;17087;cal_static;4;C;timeout;rx_timeout;0;0;0;0;0;0
[RECV] BS2DCE notify: CM;1;53133;1;timeout;0;3014;4;1;118|CM;1;53133;3;timeout;0;2752;4;1;118
[RECV] BSDC91 notify: CM;1;56754;1;timeout;0;2250;5;2;95
[RECV] BSF66F notify: CR;1;17087;cal_static;4;D;timeout;rx_timeout;0;0;0;0;0;0
[RECV] BSF66F notify: CF;1;17087;cal_static;4;pending;0;4;0;0;0;0
OTA NUS stage: disabled
[RECV] One-shot NUS command cleared (runtime)
[RECV] Mode switch preflight: disconnect requests=3
[RECV] device kind set: anchor (OTA target defaults reset)
[RECV] Master discovery mode: CONN & START
[RECV] Peer clear wait: waited=0 conn_count=3 ready_count=0
[RECV] Peer clear wait timeout: conn_count=3 ready_count=0
[RECV] SCAN start req: bt_ready=1 scan_running=0 connecting_slot=-1 conn_count=3 target=anchor prefix=ANCHOR-
[RECV] Scanning for ANCHOR-*
[RECV] System target: kind=anchor caps=0x0b (config=1 ota=1 stream=0 status=1)
OTA target filter: token=-1 name=- prefix=BS uuid=-
[RECV] Disconnected[1]: FF:5E:D2:80:EA:D2 (random) reason=0x16 link=nus ready=1
[RECV] CFG send failed[2]: tag=1 slot=0 err=-128
[RECV] TDMA weighted[0]: bs=BSDC91 profile=roto target=10Hz mask=0x0129 slots=4/10 actual_x100=1000 epoch_delay=3000
[RECV] CFG send failed[0]: tag=2 slot=2 err=-128
[RECV] TDMA weighted[1]: bs=BSF66F profile=static target=5Hz mask=0x0084 slots=2/10 actual_x100=500 epoch_delay=3000
[RECV] Disconnected[2]: D5:53:48:EF:8F:59 (random) reason=0x16 link=nus ready=1
[RECV] CFG send failed[0]: tag=1 slot=0 err=-128
[RECV] TDMA weighted[0]: bs=BSF66F profile=static target=5Hz mask=0x0021 slots=2/10 actual_x100=500 epoch_delay=3000
[RECV] Disconnected[0]: FC:9A:15:34:AB:20 (random) reason=0x16 link=nus ready=1
>>> mode recv
[RECV] One-shot NUS command cleared (runtime)
[RECV] Peer clear wait: waited=0 conn_count=0 ready_count=0
[RECV] Master discovery mode: CONN & START
[RECV] SCAN start req: bt_ready=1 scan_running=0 connecting_slot=-1 conn_count=0 target=anchor prefix=ANCHOR-
[RECV] Scanning for ANCHOR-*
[RECV] RECV clean slate prepared
>>> device kind anchor
OTA NUS stage: disabled
[RECV] One-shot NUS command cleared (runtime)
[RECV] Mode switch preflight: disconnect requests=0
[RECV] device kind set: anchor (OTA target defaults reset)
[RECV] Master discovery mode: CONN & START
[RECV] Peer clear wait: waited=0 conn_count=0 ready_count=0
[RECV] SCAN start req: bt_ready=1 scan_running=0 connecting_slot=-1 conn_count=0 target=anchor prefix=ANCHOR-
[RECV] Scanning for ANCHOR-*
[RECV] System target: kind=anchor caps=0x0b (config=1 ota=1 stream=0 status=1)
OTA target filter: token=-1 name=- prefix=BS uuid=-
--- SERIAL DISCONNECTED, REOPEN ---
--- SERIAL REOPENED ---
VERIFY: enter AUTOPOS attempt=1/3
>>> mode autopos
[AUTOPOS] Control mode staged: AUTOPOS
[AUTOPOS] Master discovery mode: CONN & START
[AUTOPOS] Peer clear wait: waited=0 conn_count=0 ready_count=0
[AUTOPOS] SCAN start req: bt_ready=1 scan_running=0 connecting_slot=-1 conn_count=0 target=anchor prefix=ANCHOR-
[AUTOPOS] Scanning for ANCHOR-*
[AUTOPOS] AUTOPOS: mode=AUTOPOS state=idle staged=- last_success=- sets=0 error=-
[AUTOPOS] SCAN hit: F1:B3:DF:83:B1:C9 (random) rssi=-64 name=- bs=- uuid=AB14CCA262A092E70EB26B0ACB0A394B target=anchor uuid_ok=1 tag_name=0 anchor_name=0 nus=0 dfu=0 token=0 props=0x03
[AUTOPOS] CONNECT queue[0]: addr=F1:B3:DF:83:B1:C9 (random) link=anchor-ctrl uuid=AB14CCA262A092E70EB26B0ACB0A394B target=anchor
[AUTOPOS] SCAN hit: EC:9F:55:9D:7E:A1 (random) rssi=-65 name=- bs=- uuid=B3087BC3D87CCCD316AEDC6B71D6677F target=anchor uuid_ok=1 tag_name=0 anchor_name=0 nus=0 dfu=0 token=0 props=0x03
[AUTOPOS] CONNECT queue[1]: addr=EC:9F:55:9D:7E:A1 (random) link=anchor-ctrl uuid=B3087BC3D87CCCD316AEDC6B71D6677F target=anchor
[AUTOPOS] SCAN hit: E9:CB:F3:C4:51:43 (random) rssi=-62 name=- bs=- uuid=840C68591E90019821AACFF1B73AAA34 target=anchor uuid_ok=1 tag_name=0 anchor_name=0 nus=0 dfu=0 token=0 props=0x03
[AUTOPOS] CONNECT queue[2]: addr=E9:CB:F3:C4:51:43 (random) link=anchor-ctrl uuid=840C68591E90019821AACFF1B73AAA34 target=anchor
[AUTOPOS] SCAN hit: E3:77:2C:61:AA:19 (random) rssi=-68 name=- bs=- uuid=1EABFBEC28B8053FBB0D5C448112AE93 target=anchor uuid_ok=1 tag_name=0 anchor_name=0 nus=0 dfu=0 token=0 props=0x03
[AUTOPOS] CONNECT queue[3]: addr=E3:77:2C:61:AA:19 (random) link=anchor-ctrl uuid=1EABFBEC28B8053FBB0D5C448112AE93 target=anchor
[AUTOPOS] SCAN hit: F2:B7:4E:8A:79:01 (random) rssi=-55 name=- bs=- uuid=4DC6B8187E33803AE8601FB0D7992B96 target=anchor uuid_ok=1 tag_name=0 anchor_name=0 nus=0 dfu=0 token=0 props=0x03
[AUTOPOS] CONNECT queue[4]: addr=F2:B7:4E:8A:79:01 (random) link=anchor-ctrl uuid=4DC6B8187E33803AE8601FB0D7992B96 target=anchor
[AUTOPOS] SCAN hit: FD:64:2E:93:37:86 (random) rssi=-69 name=- bs=- uuid=CEE5A7EFCB35F8A56B430047629F5309 target=anchor uuid_ok=1 tag_name=0 anchor_name=0 nus=0 dfu=0 token=0 props=0x03
[AUTOPOS] CONNECT queue[5]: addr=FD:64:2E:93:37:86 (random) link=anchor-ctrl uuid=CEE5A7EFCB35F8A56B430047629F5309 target=anchor
[AUTOPOS] SCAN hit: D9:C7:9C:16:71:C9 (random) rssi=-60 name=- bs=- uuid=A892AF05DD59CF0D0D3408AD74F364A1 target=anchor uuid_ok=1 tag_name=0 anchor_name=0 nus=0 dfu=0 token=0 props=0x03
[AUTOPOS] CONNECT queue[6]: addr=D9:C7:9C:16:71:C9 (random) link=anchor-ctrl uuid=A892AF05DD59CF0D0D3408AD74F364A1 target=anchor
[AUTOPOS] SCAN hit: C0:1D:D1:D0:CE:B0 (random) rssi=-78 name=- bs=- uuid=B9179575C776C98F1CB132DD6EDC6223 target=anchor uuid_ok=1 tag_name=0 anchor_name=0 nus=0 dfu=0 token=0 props=0x03
[AUTOPOS] CONNECT queue[7]: addr=C0:1D:D1:D0:CE:B0 (random) link=anchor-ctrl uuid=B9179575C776C98F1CB132DD6EDC6223 target=anchor
[AUTOPOS] CONNECT pending[0]: addr_valid=1 link=anchor-ctrl uuid=AB14CCA262A092E70EB26B0ACB0A394B scan_running=1 conn_count=0
[AUTOPOS] CONNECT pending[0]: bt_le_scan_stop rc=0 scan_running=1
[AUTOPOS] CONNECT pending[0] rc=0 conn=0x20002020
[AUTOPOS] Connected[0]: F1:B3:DF:83:B1:C9 (random) name=- bs=-
[AUTOPOS] CONNECT state[0]: link=anchor-ctrl uuid=AB14CCA262A092E70EB26B0ACB0A394B ready=0 conn=0x20002020
SETUP[0] defer: waiting 851 ms before discovery start
SETUP[0] defer: waiting 801 ms before discovery start
SETUP[0] defer: waiting 750 ms before discovery start
SETUP[0] defer: waiting 700 ms before discovery start
SETUP[0] defer: waiting 650 ms before discovery start
SETUP[0] defer: waiting 599 ms before discovery start
SETUP[0] defer: waiting 549 ms before discovery start
SETUP[0] defer: waiting 499 ms before discovery start
SETUP[0] defer: waiting 448 ms before discovery start
SETUP[0] defer: waiting 398 ms before discovery start
SETUP[0] defer: waiting 348 ms before discovery start
SETUP[0] defer: waiting 297 ms before discovery start
SETUP[0] defer: waiting 247 ms before discovery start
SETUP[0] defer: waiting 197 ms before discovery start
SETUP[0] defer: waiting 147 ms before discovery start
SETUP[0] defer: waiting 96 ms before discovery start
SETUP[0] defer: waiting 46 ms before discovery start
SETUP[0] begin: link=anchor-ctrl uuid=AB14CCA262A092E70EB26B0ACB0A394B conn=0x20002020
SETUP[0] mtu_exchange rc=0
SETUP[0] phy_update rc=0
SETUP[0] conn_param_update rc=0
[AUTOPOS] DISC start[0]: link=anchor-ctrl uuid=AB14CCA262A092E70EB26B0ACB0A394B conn=0x20002020
[AUTOPOS] MTU exchange[0] done (498)
[AUTOPOS] Conn param updated[0]: int=6 lat=0 to=400
[AUTOPOS] PHY updated[0]: tx=0x2 rx=0x2
[AUTOPOS] DISC complete[0]: link=anchor-ctrl discovered_service=2800 uuid=AB14CCA262A092E70EB26B0ACB0A394B
[AUTOPOS] DISC anchor service found[0]: uuid=AB14CCA262A092E70EB26B0ACB0A394B
[AUTOPOS] Anchor ctrl state subscribe[0] rc=0
[AUTOPOS] Anchor ctrl result subscribe[0] rc=0
[AUTOPOS] ANCHOR_CTRL[0] link ready handle=0x0019 result=0x001b uuid=AB14CCA262A092E70EB26B0ACB0A394B
[AUTOPOS] CONNECT pending[1]: addr_valid=1 link=anchor-ctrl uuid=B3087BC3D87CCCD316AEDC6B71D6677F scan_running=0 conn_count=1
[AUTOPOS] CONNECT pending[1] rc=0 conn=0x200020f0
[AUTOPOS] Connected[1]: EC:9F:55:9D:7E:A1 (random) name=- bs=-
[AUTOPOS] CONNECT state[1]: link=anchor-ctrl uuid=B3087BC3D87CCCD316AEDC6B71D6677F ready=0 conn=0x200020f0
SETUP[1] defer: waiting 898 ms before discovery start
SETUP[1] defer: waiting 848 ms before discovery start
SETUP[1] defer: waiting 798 ms before discovery start
SETUP[1] defer: waiting 747 ms before discovery start
SETUP[1] defer: waiting 697 ms before discovery start
SETUP[1] defer: waiting 647 ms before discovery start
SETUP[1] defer: waiting 596 ms before discovery start
SETUP[1] defer: waiting 546 ms before discovery start
SETUP[1] defer: waiting 496 ms before discovery start
SETUP[1] defer: waiting 446 ms before discovery start
SETUP[1] defer: waiting 395 ms before discovery start
SETUP[1] defer: waiting 345 ms before discovery start
SETUP[1] defer: waiting 295 ms before discovery start
SETUP[1] defer: waiting 244 ms before discovery start
SETUP[1] defer: waiting 194 ms before discovery start
SETUP[1] defer: waiting 144 ms before discovery start
SETUP[1] defer: waiting 93 ms before discovery start
SETUP[1] defer: waiting 43 ms before discovery start
SETUP[1] begin: link=anchor-ctrl uuid=B3087BC3D87CCCD316AEDC6B71D6677F conn=0x200020f0
SETUP[1] mtu_exchange rc=0
SETUP[1] phy_update rc=0
SETUP[1] conn_param_update rc=0
[AUTOPOS] DISC start[1]: link=anchor-ctrl uuid=B3087BC3D87CCCD316AEDC6B71D6677F conn=0x200020f0
[AUTOPOS] MTU exchange[1] done (498)
[AUTOPOS] Conn param updated[1]: int=6 lat=0 to=400
[AUTOPOS] PHY updated[1]: tx=0x2 rx=0x2
[AUTOPOS] DISC complete[1]: link=anchor-ctrl discovered_service=2800 uuid=B3087BC3D87CCCD316AEDC6B71D6677F
[AUTOPOS] DISC anchor service found[1]: uuid=B3087BC3D87CCCD316AEDC6B71D6677F
[AUTOPOS] Anchor ctrl state subscribe[1] rc=0
[AUTOPOS] Anchor ctrl result subscribe[1] rc=0
[AUTOPOS] ANCHOR_CTRL[1] link ready handle=0x0019 result=0x001b uuid=B3087BC3D87CCCD316AEDC6B71D6677F
[AUTOPOS] CONNECT pending[2]: addr_valid=1 link=anchor-ctrl uuid=840C68591E90019821AACFF1B73AAA34 scan_running=0 conn_count=2
[AUTOPOS] CONNECT pending[2] rc=0 conn=0x200021c0
[AUTOPOS] Connected[2]: E9:CB:F3:C4:51:43 (random) name=- bs=-
[AUTOPOS] CONNECT state[2]: link=anchor-ctrl uuid=840C68591E90019821AACFF1B73AAA34 ready=0 conn=0x200021c0
SETUP[2] defer: waiting 899 ms before discovery start
SETUP[2] defer: waiting 849 ms before discovery start
SETUP[2] defer: waiting 798 ms before discovery start
SETUP[2] defer: waiting 748 ms before discovery start
SETUP[2] defer: waiting 698 ms before discovery start
SETUP[2] defer: waiting 647 ms before discovery start
SETUP[2] defer: waiting 597 ms before discovery start
SETUP[2] defer: waiting 547 ms before discovery start
SETUP[2] defer: waiting 496 ms before discovery start
SETUP[2] defer: waiting 446 ms before discovery start
SETUP[2] defer: waiting 396 ms before discovery start
SETUP[2] defer: waiting 345 ms before discovery start
SETUP[2] defer: waiting 295 ms before discovery start
SETUP[2] defer: waiting 245 ms before discovery start
SETUP[2] defer: waiting 194 ms before discovery start
SETUP[2] defer: waiting 144 ms before discovery start
SETUP[2] defer: waiting 94 ms before discovery start
SETUP[2] defer: waiting 43 ms before discovery start
SETUP[2] begin: link=anchor-ctrl uuid=840C68591E90019821AACFF1B73AAA34 conn=0x200021c0
SETUP[2] mtu_exchange rc=0
SETUP[2] phy_update rc=0
SETUP[2] conn_param_update rc=0
[AUTOPOS] DISC start[2]: link=anchor-ctrl uuid=840C68591E90019821AACFF1B73AAA34 conn=0x200021c0
[AUTOPOS] MTU exchange[2] done (498)
[AUTOPOS] Conn param updated[2]: int=6 lat=0 to=400
[AUTOPOS] PHY updated[2]: tx=0x2 rx=0x2
[AUTOPOS] DISC complete[2]: link=anchor-ctrl discovered_service=2800 uuid=840C68591E90019821AACFF1B73AAA34
[AUTOPOS] DISC anchor service found[2]: uuid=840C68591E90019821AACFF1B73AAA34
[AUTOPOS] Anchor ctrl state subscribe[2] rc=0
[AUTOPOS] Anchor ctrl result subscribe[2] rc=0
[AUTOPOS] ANCHOR_CTRL[2] link ready handle=0x0019 result=0x001b uuid=840C68591E90019821AACFF1B73AAA34
[AUTOPOS] CONNECT pending[3]: addr_valid=1 link=anchor-ctrl uuid=1EABFBEC28B8053FBB0D5C448112AE93 scan_running=0 conn_count=3
[AUTOPOS] CONNECT pending[3] rc=0 conn=0x20002290
[AUTOPOS] Connected[3]: E3:77:2C:61:AA:19 (random) name=- bs=-
[AUTOPOS] CONNECT state[3]: link=anchor-ctrl uuid=1EABFBEC28B8053FBB0D5C448112AE93 ready=0 conn=0x20002290
SETUP[3] defer: waiting 886 ms before discovery start
SETUP[3] defer: waiting 836 ms before discovery start
SETUP[3] defer: waiting 786 ms before discovery start
SETUP[3] defer: waiting 735 ms before discovery start
SETUP[3] defer: waiting 685 ms before discovery start
SETUP[3] defer: waiting 635 ms before discovery start
SETUP[3] defer: waiting 584 ms before discovery start
SETUP[3] defer: waiting 534 ms before discovery start
SETUP[3] defer: waiting 484 ms before discovery start
SETUP[3] defer: waiting 433 ms before discovery start
SETUP[3] defer: waiting 383 ms before discovery start
SETUP[3] defer: waiting 333 ms before discovery start
SETUP[3] defer: waiting 282 ms before discovery start
SETUP[3] defer: waiting 232 ms before discovery start
[AUTOPOS] Conn param updated[0]: int=6 lat=0 to=400
SETUP[3] defer: waiting 182 ms before discovery start
SETUP[3] defer: waiting 131 ms before discovery start
SETUP[3] defer: waiting 81 ms before discovery start
SETUP[3] defer: waiting 31 ms before discovery start
SETUP[3] begin: link=anchor-ctrl uuid=1EABFBEC28B8053FBB0D5C448112AE93 conn=0x20002290
SETUP[3] mtu_exchange rc=0
SETUP[3] phy_update rc=0
SETUP[3] conn_param_update rc=0
[AUTOPOS] DISC start[3]: link=anchor-ctrl uuid=1EABFBEC28B8053FBB0D5C448112AE93 conn=0x20002290
[AUTOPOS] MTU exchange[3] done (498)
[AUTOPOS] Conn param updated[3]: int=6 lat=0 to=400
[AUTOPOS] PHY updated[3]: tx=0x2 rx=0x2
--- SERIAL DISCONNECTED, REOPEN ---
--- SERIAL REOPENED ---
>>> RESEND mode autopos
[AUTOPOS] Control mode staged: AUTOPOS
[AUTOPOS] Master discovery mode: CONN & START
[AUTOPOS] Master disconnecting peer[0]: bs=BS0000
[AUTOPOS] Master disconnecting peer[1]: bs=BS0000
[AUTOPOS] Master disconnecting peer[2]: bs=BS0000
[AUTOPOS] Master disconnecting peer[3]: bs=BS0000
[AUTOPOS] Peer clear wait: waited=0 conn_count=4 ready_count=3
[AUTOPOS] Peer clear wait timeout: conn_count=4 ready_count=3
[AUTOPOS] SCAN start req: bt_ready=1 scan_running=0 connecting_slot=-1 conn_count=4 target=anchor prefix=ANCHOR-
[AUTOPOS] Scanning for ANCHOR-*
[AUTOPOS] AUTOPOS: mode=AUTOPOS state=idle staged=- last_success=- sets=0 error=-
[AUTOPOS] Disconnected[3]: E3:77:2C:61:AA:19 (random) reason=0x08 link=anchor-ctrl ready=0
[AUTOPOS] CONNECT pending[4]: addr_valid=1 link=anchor-ctrl uuid=4DC6B8187E33803AE8601FB0D7992B96 scan_running=1 conn_count=3
[AUTOPOS] GATT discovery error[-1]: -12
[AUTOPOS] CONNECT pending[4]: bt_le_scan_stop rc=0 scan_running=1
[AUTOPOS] CONNECT pending[4] rc=0 conn=0x20002360
[AUTOPOS] Disconnected[2]: E9:CB:F3:C4:51:43 (random) reason=0x08 link=anchor-ctrl ready=1
[AUTOPOS] Disconnected[1]: EC:9F:55:9D:7E:A1 (random) reason=0x08 link=anchor-ctrl ready=1
[AUTOPOS] Disconnected[0]: F1:B3:DF:83:B1:C9 (random) reason=0x08 link=anchor-ctrl ready=1
[AUTOPOS] Connected[4]: F2:B7:4E:8A:79:01 (random) name=- bs=-
[AUTOPOS] CONNECT state[4]: link=anchor-ctrl uuid=4DC6B8187E33803AE8601FB0D7992B96 ready=0 conn=0x20002360
[AUTOPOS] Disconnected[4]: F2:B7:4E:8A:79:01 (random) reason=0x3e link=anchor-ctrl ready=0
[AUTOPOS] SCAN start req: bt_ready=1 scan_running=0 connecting_slot=-1 conn_count=0 target=anchor prefix=ANCHOR-
[AUTOPOS] Scanning for ANCHOR-*
[AUTOPOS] CONNECT pending[5]: addr_valid=1 link=anchor-ctrl uuid=CEE5A7EFCB35F8A56B430047629F5309 scan_running=1 conn_count=0
[AUTOPOS] CONNECT pending[5]: addr_valid=1 link=anchor-ctrl uuid=CEE5A7EFCB35F8A56B430047629F5309 scan_running=1 conn_count=0
[AUTOPOS] CONNECT pending[5]: bt_le_scan_stop rc=0 scan_running=1
[AUTOPOS] CONNECT pending[5] rc=0 conn=0x20002020
[AUTOPOS] CONNECT pending[5]: bt_le_scan_stop rc=0 scan_running=0
[AUTOPOS] CONNECT pending[5] rc=-120 conn=0x20002020
[AUTOPOS] Create conn failed[5]: -120
[AUTOPOS] SCAN start req: bt_ready=1 scan_running=0 connecting_slot=-1 conn_count=0 target=anchor prefix=ANCHOR-
[AUTOPOS] Failed to start scan: -1
[AUTOPOS] Connected to FD:64:2E:93:37:86 (random) but no slot was reserved
[AUTOPOS] Disconnected[-1]: FD:64:2E:93:37:86 (random) reason=0x16 link=none ready=0
[AUTOPOS] Disconnected untracked peer: conn_count unchanged=0
[AUTOPOS] SCAN start req: bt_ready=1 scan_running=0 connecting_slot=-1 conn_count=0 target=anchor prefix=ANCHOR-
[AUTOPOS] Scanning for ANCHOR-*
[AUTOPOS] CONNECT pending[6]: addr_valid=1 link=anchor-ctrl uuid=A892AF05DD59CF0D0D3408AD74F364A1 scan_running=1 conn_count=0
[AUTOPOS] CONNECT pending[6]: bt_le_scan_stop rc=0 scan_running=1
[AUTOPOS] CONNECT pending[6] rc=0 conn=0x200020f0
[AUTOPOS] Connected[6]: D9:C7:9C:16:71:C9 (random) name=- bs=-
[AUTOPOS] CONNECT state[6]: link=anchor-ctrl uuid=A892AF05DD59CF0D0D3408AD74F364A1 ready=0 conn=0x200020f0
SETUP[6] defer: waiting 890 ms before discovery start
SETUP[6] defer: waiting 840 ms before discovery start
SETUP[6] defer: waiting 790 ms before discovery start
SETUP[6] defer: waiting 739 ms before discovery start
SETUP[6] defer: waiting 689 ms before discovery start
SETUP[6] defer: waiting 639 ms before discovery start
SETUP[6] defer: waiting 588 ms before discovery start
SETUP[6] defer: waiting 538 ms before discovery start
SETUP[6] defer: waiting 488 ms before discovery start
SETUP[6] defer: waiting 438 ms before discovery start
SETUP[6] defer: waiting 387 ms before discovery start
SETUP[6] defer: waiting 337 ms before discovery start
SETUP[6] defer: waiting 287 ms before discovery start
SETUP[6] defer: waiting 236 ms before discovery start
SETUP[6] defer: waiting 186 ms before discovery start
SETUP[6] defer: waiting 136 ms before discovery start
SETUP[6] defer: waiting 85 ms before discovery start
SETUP[6] defer: waiting 35 ms before discovery start
SETUP[6] begin: link=anchor-ctrl uuid=A892AF05DD59CF0D0D3408AD74F364A1 conn=0x200020f0
SETUP[6] mtu_exchange rc=0
SETUP[6] phy_update rc=0
SETUP[6] conn_param_update rc=0
[AUTOPOS] DISC start[6]: link=anchor-ctrl uuid=A892AF05DD59CF0D0D3408AD74F364A1 conn=0x200020f0
[AUTOPOS] MTU exchange[6] done (498)
[AUTOPOS] Conn param updated[6]: int=6 lat=0 to=400
[AUTOPOS] PHY updated[6]: tx=0x2 rx=0x2
[AUTOPOS] DISC complete[6]: link=anchor-ctrl discovered_service=2800 uuid=A892AF05DD59CF0D0D3408AD74F364A1
[AUTOPOS] DISC anchor service found[6]: uuid=A892AF05DD59CF0D0D3408AD74F364A1
[AUTOPOS] Anchor ctrl state subscribe[6] rc=0
[AUTOPOS] Anchor ctrl result subscribe[6] rc=0
[AUTOPOS] ANCHOR_CTRL[6] link ready handle=0x0019 result=0x001b uuid=A892AF05DD59CF0D0D3408AD74F364A1
[AUTOPOS] CONNECT pending[7]: addr_valid=1 link=anchor-ctrl uuid=B9179575C776C98F1CB132DD6EDC6223 scan_running=0 conn_count=1
[AUTOPOS] CONNECT pending[7] rc=0 conn=0x20002020
[AUTOPOS] Connected[7]: C0:1D:D1:D0:CE:B0 (random) name=- bs=-
[AUTOPOS] CONNECT state[7]: link=anchor-ctrl uuid=B9179575C776C98F1CB132DD6EDC6223 ready=0 conn=0x20002020
SETUP[7] defer: waiting 899 ms before discovery start
SETUP[7] defer: waiting 849 ms before discovery start
SETUP[7] defer: waiting 798 ms before discovery start
SETUP[7] defer: waiting 748 ms before discovery start
SETUP[7] defer: waiting 698 ms before discovery start
SETUP[7] defer: waiting 648 ms before discovery start
SETUP[7] defer: waiting 597 ms before discovery start
SETUP[7] defer: waiting 547 ms before discovery start
SETUP[7] defer: waiting 497 ms before discovery start
SETUP[7] defer: waiting 446 ms before discovery start
SETUP[7] defer: waiting 396 ms before discovery start
SETUP[7] defer: waiting 346 ms before discovery start
SETUP[7] defer: waiting 295 ms before discovery start
SETUP[7] defer: waiting 245 ms before discovery start
SETUP[7] defer: waiting 195 ms before discovery start
SETUP[7] defer: waiting 144 ms before discovery start
SETUP[7] defer: waiting 94 ms before discovery start
SETUP[7] defer: waiting 44 ms before discovery start
SETUP[7] begin: link=anchor-ctrl uuid=B9179575C776C98F1CB132DD6EDC6223 conn=0x20002020
SETUP[7] mtu_exchange rc=0
SETUP[7] phy_update rc=0
SETUP[7] conn_param_update rc=0
[AUTOPOS] DISC start[7]: link=anchor-ctrl uuid=B9179575C776C98F1CB132DD6EDC6223 conn=0x20002020
[AUTOPOS] MTU exchange[7] done (498)
[AUTOPOS] Conn param updated[7]: int=6 lat=0 to=400
[AUTOPOS] PHY updated[7]: tx=0x2 rx=0x2
[AUTOPOS] DISC complete[7]: link=anchor-ctrl discovered_service=2800 uuid=B9179575C776C98F1CB132DD6EDC6223
[AUTOPOS] DISC anchor service found[7]: uuid=B9179575C776C98F1CB132DD6EDC6223
[AUTOPOS] Anchor ctrl state subscribe[7] rc=0
[AUTOPOS] Anchor ctrl result subscribe[7] rc=0
[AUTOPOS] ANCHOR_CTRL[7] link ready handle=0x0019 result=0x001b uuid=B9179575C776C98F1CB132DD6EDC6223
[AUTOPOS] SCAN start req: bt_ready=1 scan_running=0 connecting_slot=-1 conn_count=2 target=anchor prefix=ANCHOR-
[AUTOPOS] Scanning for ANCHOR-*
[AUTOPOS] SCAN hit: E9:CB:F3:C4:51:43 (random) rssi=-64 name=- bs=- uuid=840C68591E90019821AACFF1B73AAA34 target=anchor uuid_ok=1 tag_name=0 anchor_name=0 nus=0 dfu=0 token=0 props=0x03
[AUTOPOS] CONNECT queue[0]: addr=E9:CB:F3:C4:51:43 (random) link=anchor-ctrl uuid=840C68591E90019821AACFF1B73AAA34 target=anchor
[AUTOPOS] SCAN hit: EC:9F:55:9D:7E:A1 (random) rssi=-63 name=- bs=- uuid=B3087BC3D87CCCD316AEDC6B71D6677F target=anchor uuid_ok=1 tag_name=0 anchor_name=0 nus=0 dfu=0 token=0 props=0x03
[AUTOPOS] CONNECT queue[1]: addr=EC:9F:55:9D:7E:A1 (random) link=anchor-ctrl uuid=B3087BC3D87CCCD316AEDC6B71D6677F target=anchor
[AUTOPOS] SCAN hit: E3:77:2C:61:AA:19 (random) rssi=-68 name=- bs=- uuid=1EABFBEC28B8053FBB0D5C448112AE93 target=anchor uuid_ok=1 tag_name=0 anchor_name=0 nus=0 dfu=0 token=0 props=0x03
[AUTOPOS] CONNECT queue[2]: addr=E3:77:2C:61:AA:19 (random) link=anchor-ctrl uuid=1EABFBEC28B8053FBB0D5C448112AE93 target=anchor
[AUTOPOS] CONNECT pending[0]: addr_valid=1 link=anchor-ctrl uuid=840C68591E90019821AACFF1B73AAA34 scan_running=1 conn_count=2
[AUTOPOS] CONNECT pending[0]: bt_le_scan_stop rc=0 scan_running=1
[AUTOPOS] CONNECT pending[0] rc=0 conn=0x200021c0
[AUTOPOS] Connected[0]: E9:CB:F3:C4:51:43 (random) name=- bs=-
[AUTOPOS] CONNECT state[0]: link=anchor-ctrl uuid=840C68591E90019821AACFF1B73AAA34 ready=0 conn=0x200021c0
SETUP[0] defer: waiting 878 ms before discovery start
SETUP[0] defer: waiting 828 ms before discovery start
SETUP[0] defer: waiting 778 ms before discovery start
SETUP[0] defer: waiting 727 ms before discovery start
SETUP[0] defer: waiting 677 ms before discovery start
SETUP[0] defer: waiting 627 ms before discovery start
SETUP[0] defer: waiting 576 ms before discovery start
SETUP[0] defer: waiting 526 ms before discovery start
SETUP[0] defer: waiting 476 ms before discovery start
SETUP[0] defer: waiting 425 ms before discovery start
SETUP[0] defer: waiting 375 ms before discovery start
SETUP[0] defer: waiting 325 ms before discovery start
SETUP[0] defer: waiting 274 ms before discovery start
SETUP[0] defer: waiting 224 ms before discovery start
SETUP[0] defer: waiting 174 ms before discovery start
SETUP[0] defer: waiting 123 ms before discovery start
SETUP[0] defer: waiting 73 ms before discovery start
SETUP[0] defer: waiting 23 ms before discovery start
SETUP[0] begin: link=anchor-ctrl uuid=840C68591E90019821AACFF1B73AAA34 conn=0x200021c0
SETUP[0] mtu_exchange rc=0
SETUP[0] phy_update rc=0
SETUP[0] conn_param_update rc=0
[AUTOPOS] DISC start[0]: link=anchor-ctrl uuid=840C68591E90019821AACFF1B73AAA34 conn=0x200021c0
[AUTOPOS] MTU exchange[0] done (498)
[AUTOPOS] Conn param updated[0]: int=6 lat=0 to=400
[AUTOPOS] PHY updated[0]: tx=0x2 rx=0x2
[AUTOPOS] DISC complete[0]: link=anchor-ctrl discovered_service=2800 uuid=840C68591E90019821AACFF1B73AAA34
[AUTOPOS] DISC anchor service found[0]: uuid=840C68591E90019821AACFF1B73AAA34
[AUTOPOS] Anchor ctrl state subscribe[0] rc=0
[AUTOPOS] Anchor ctrl result subscribe[0] rc=0
[AUTOPOS] ANCHOR_CTRL[0] link ready handle=0x0019 result=0x001b uuid=840C68591E90019821AACFF1B73AAA34
[AUTOPOS] CONNECT pending[1]: addr_valid=1 link=anchor-ctrl uuid=B3087BC3D87CCCD316AEDC6B71D6677F scan_running=0 conn_count=3
[AUTOPOS] CONNECT pending[1] rc=0 conn=0x20002290
[AUTOPOS] Connected[1]: EC:9F:55:9D:7E:A1 (random) name=- bs=-
[AUTOPOS] CONNECT state[1]: link=anchor-ctrl uuid=B3087BC3D87CCCD316AEDC6B71D6677F ready=0 conn=0x20002290
SETUP[1] defer: waiting 865 ms before discovery start
SETUP[1] defer: waiting 814 ms before discovery start
SETUP[1] defer: waiting 764 ms before discovery start
SETUP[1] defer: waiting 714 ms before discovery start
SETUP[1] defer: waiting 663 ms before discovery start
SETUP[1] defer: waiting 613 ms before discovery start
SETUP[1] defer: waiting 563 ms before discovery start
SETUP[1] defer: waiting 512 ms before discovery start
SETUP[1] defer: waiting 462 ms before discovery start
[AUTOPOS] Conn param updated[6]: int=6 lat=0 to=400
SETUP[1] defer: waiting 412 ms before discovery start
SETUP[1] defer: waiting 361 ms before discovery start
SETUP[1] defer: waiting 311 ms before discovery start
SETUP[1] defer: waiting 261 ms before discovery start
SETUP[1] defer: waiting 210 ms before discovery start
SETUP[1] defer: waiting 160 ms before discovery start
SETUP[1] defer: waiting 110 ms before discovery start
SETUP[1] defer: waiting 59 ms before discovery start
SETUP[1] defer: waiting 9 ms before discovery start
SETUP[1] begin: link=anchor-ctrl uuid=B3087BC3D87CCCD316AEDC6B71D6677F conn=0x20002290
SETUP[1] mtu_exchange rc=0
SETUP[1] phy_update rc=0
SETUP[1] conn_param_update rc=0
[AUTOPOS] DISC start[1]: link=anchor-ctrl uuid=B3087BC3D87CCCD316AEDC6B71D6677F conn=0x20002290
[AUTOPOS] MTU exchange[1] done (498)
[AUTOPOS] Conn param updated[1]: int=6 lat=0 to=400
[AUTOPOS] PHY updated[1]: tx=0x2 rx=0x2
[AUTOPOS] Conn param updated[7]: int=6 lat=0 to=400
[AUTOPOS] DISC complete[1]: link=anchor-ctrl discovered_service=2800 uuid=B3087BC3D87CCCD316AEDC6B71D6677F
[AUTOPOS] DISC anchor service found[1]: uuid=B3087BC3D87CCCD316AEDC6B71D6677F
[AUTOPOS] Anchor ctrl state subscribe[1] rc=0
[AUTOPOS] Anchor ctrl result subscribe[1] rc=0
[AUTOPOS] ANCHOR_CTRL[1] link ready handle=0x0019 result=0x001b uuid=B3087BC3D87CCCD316AEDC6B71D6677F
[AUTOPOS] CONNECT pending[2]: addr_valid=1 link=anchor-ctrl uuid=1EABFBEC28B8053FBB0D5C448112AE93 scan_running=0 conn_count=4
[AUTOPOS] CONNECT pending[2] rc=0 conn=0x20002360
[AUTOPOS] Connected[2]: E3:77:2C:61:AA:19 (random) name=- bs=-
[AUTOPOS] CONNECT state[2]: link=anchor-ctrl uuid=1EABFBEC28B8053FBB0D5C448112AE93 ready=0 conn=0x20002360
SETUP[2] defer: waiting 878 ms before discovery start
[AUTOPOS] Disconnected[2]: E3:77:2C:61:AA:19 (random) reason=0x3e link=anchor-ctrl ready=0
[AUTOPOS] SCAN start req: bt_ready=1 scan_running=0 connecting_slot=-1 conn_count=4 target=anchor prefix=ANCHOR-
[AUTOPOS] Scanning for ANCHOR-*
[AUTOPOS] SCAN hit: FD:64:2E:93:37:86 (random) rssi=-68 name=- bs=- uuid=CEE5A7EFCB35F8A56B430047629F5309 target=anchor uuid_ok=1 tag_name=0 anchor_name=0 nus=0 dfu=0 token=0 props=0x03
[AUTOPOS] CONNECT queue[2]: addr=FD:64:2E:93:37:86 (random) link=anchor-ctrl uuid=CEE5A7EFCB35F8A56B430047629F5309 target=anchor
[AUTOPOS] SCAN hit: E3:77:2C:61:AA:19 (random) rssi=-82 name=- bs=- uuid=1EABFBEC28B8053FBB0D5C448112AE93 target=anchor uuid_ok=1 tag_name=0 anchor_name=0 nus=0 dfu=0 token=0 props=0x03
[AUTOPOS] CONNECT queue[3]: addr=E3:77:2C:61:AA:19 (random) link=anchor-ctrl uuid=1EABFBEC28B8053FBB0D5C448112AE93 target=anchor
[AUTOPOS] SCAN hit: F1:B3:DF:83:B1:C9 (random) rssi=-63 name=- bs=- uuid=AB14CCA262A092E70EB26B0ACB0A394B target=anchor uuid_ok=1 tag_name=0 anchor_name=0 nus=0 dfu=0 token=0 props=0x03
[AUTOPOS] CONNECT queue[4]: addr=F1:B3:DF:83:B1:C9 (random) link=anchor-ctrl uuid=AB14CCA262A092E70EB26B0ACB0A394B target=anchor
[AUTOPOS] CONNECT pending[2]: addr_valid=1 link=anchor-ctrl uuid=CEE5A7EFCB35F8A56B430047629F5309 scan_running=1 conn_count=4
[AUTOPOS] CONNECT pending[2]: bt_le_scan_stop rc=0 scan_running=1
[AUTOPOS] CONNECT pending[2] rc=0 conn=0x20002360
[AUTOPOS] Connected[2]: FD:64:2E:93:37:86 (random) name=- bs=-
[AUTOPOS] CONNECT state[2]: link=anchor-ctrl uuid=CEE5A7EFCB35F8A56B430047629F5309 ready=0 conn=0x20002360
SETUP[2] defer: waiting 858 ms before discovery start
SETUP[2] defer: waiting 808 ms before discovery start
SETUP[2] defer: waiting 757 ms before discovery start
SETUP[2] defer: waiting 707 ms before discovery start
SETUP[2] defer: waiting 657 ms before discovery start
SETUP[2] defer: waiting 606 ms before discovery start
SETUP[2] defer: waiting 556 ms before discovery start
SETUP[2] defer: waiting 506 ms before discovery start
SETUP[2] defer: waiting 455 ms before discovery start
SETUP[2] defer: waiting 405 ms before discovery start
SETUP[2] defer: waiting 355 ms before discovery start
SETUP[2] defer: waiting 305 ms before discovery start
SETUP[2] defer: waiting 254 ms before discovery start
SETUP[2] defer: waiting 204 ms before discovery start
>>> status
[AUTOPOS] Control status: mode=AUTOPOS pending=0
SETUP[2] defer: waiting 154 ms before discovery start
SETUP[2] defer: waiting 103 ms before discovery start
SETUP[2] defer: waiting 53 ms before discovery start
[AUTOPOS] Conn param updated[0]: int=6 lat=0 to=400
SETUP[2] defer: waiting 3 ms before discovery start
SETUP[2] begin: link=anchor-ctrl uuid=CEE5A7EFCB35F8A56B430047629F5309 conn=0x20002360
SETUP[2] mtu_exchange rc=0
SETUP[2] phy_update rc=0
SETUP[2] conn_param_update rc=0
[AUTOPOS] DISC start[2]: link=anchor-ctrl uuid=CEE5A7EFCB35F8A56B430047629F5309 conn=0x20002360
[AUTOPOS] MTU exchange[2] done (498)
[AUTOPOS] Conn param updated[2]: int=6 lat=0 to=400
[AUTOPOS] PHY updated[2]: tx=0x2 rx=0x2
VERIFY: AUTOPOS anchor control plane active
>>> autopos map A 4DC6B8187E33803AE8601FB0D7992B96
[AUTOPOS] AUTOPOS map set: A=4DC6B8187E33803AE8601FB0D7992B96
[AUTOPOS] DISC complete[2]: link=anchor-ctrl discovered_service=2800 uuid=CEE5A7EFCB35F8A56B430047629F5309
[AUTOPOS] DISC anchor service found[2]: uuid=CEE5A7EFCB35F8A56B430047629F5309
[AUTOPOS] Anchor ctrl state subscribe[2] rc=0
[AUTOPOS] Anchor ctrl result subscribe[2] rc=0
[AUTOPOS] ANCHOR_CTRL[2] link ready handle=0x0019 result=0x001b uuid=CEE5A7EFCB35F8A56B430047629F5309
[AUTOPOS] CONNECT pending[3]: addr_valid=1 link=anchor-ctrl uuid=1EABFBEC28B8053FBB0D5C448112AE93 scan_running=0 conn_count=5
[AUTOPOS] CONNECT pending[3] rc=0 conn=0x20002430
[AUTOPOS] Connected[3]: E3:77:2C:61:AA:19 (random) name=- bs=-
[AUTOPOS] CONNECT state[3]: link=anchor-ctrl uuid=1EABFBEC28B8053FBB0D5C448112AE93 ready=0 conn=0x20002430
SETUP[3] defer: waiting 881 ms before discovery start
SETUP[3] defer: waiting 831 ms before discovery start
SETUP[3] defer: waiting 781 ms before discovery start
SETUP[3] defer: waiting 730 ms before discovery start
SETUP[3] defer: waiting 680 ms before discovery start
SETUP[3] defer: waiting 630 ms before discovery start
[AUTOPOS] Conn param updated[1]: int=6 lat=0 to=400
SETUP[3] defer: waiting 579 ms before discovery start
SETUP[3] defer: waiting 529 ms before discovery start
SETUP[3] defer: waiting 479 ms before discovery start
>>> autopos map B B9179575C776C98F1CB132DD6EDC6223
[AUTOPOS] AUTOPOS map set: B=B9179575C776C98F1CB132DD6EDC6223
SETUP[3] defer: waiting 429 ms before discovery start
SETUP[3] defer: waiting 378 ms before discovery start
SETUP[3] defer: waiting 328 ms before discovery start
SETUP[3] defer: waiting 278 ms before discovery start
SETUP[3] defer: waiting 227 ms before discovery start
SETUP[3] defer: waiting 177 ms before discovery start
SETUP[3] defer: waiting 127 ms before discovery start
SETUP[3] defer: waiting 76 ms before discovery start
SETUP[3] defer: waiting 26 ms before discovery start
SETUP[3] begin: link=anchor-ctrl uuid=1EABFBEC28B8053FBB0D5C448112AE93 conn=0x20002430
SETUP[3] mtu_exchange rc=0
SETUP[3] phy_update rc=0
SETUP[3] conn_param_update rc=0
[AUTOPOS] DISC start[3]: link=anchor-ctrl uuid=1EABFBEC28B8053FBB0D5C448112AE93 conn=0x20002430
[AUTOPOS] Conn param updated[3]: int=6 lat=0 to=400
[AUTOPOS] MTU exchange[3] done (498)
[AUTOPOS] PHY updated[3]: tx=0x2 rx=0x2
>>> autopos map C CEE5A7EFCB35F8A56B430047629F5309
[AUTOPOS] AUTOPOS map set: C=CEE5A7EFCB35F8A56B430047629F5309
>>> autopos map D AB14CCA262A092E70EB26B0ACB0A394B
[AUTOPOS] AUTOPOS map set: D=AB14CCA262A092E70EB26B0ACB0A394B
[AUTOPOS] Conn param updated[2]: int=6 lat=0 to=400
>>> autopos map E A892AF05DD59CF0D0D3408AD74F364A1
[AUTOPOS] AUTOPOS map set: E=A892AF05DD59CF0D0D3408AD74F364A1
[AUTOPOS] DISC complete[3]: link=anchor-ctrl discovered_service=2800 uuid=1EABFBEC28B8053FBB0D5C448112AE93
[AUTOPOS] DISC anchor service found[3]: uuid=1EABFBEC28B8053FBB0D5C448112AE93
[AUTOPOS] Anchor ctrl state subscribe[3] rc=0
[AUTOPOS] Anchor ctrl result subscribe[3] rc=0
[AUTOPOS] ANCHOR_CTRL[3] link ready handle=0x0019 result=0x001b uuid=1EABFBEC28B8053FBB0D5C448112AE93
[AUTOPOS] CONNECT pending[4]: addr_valid=1 link=anchor-ctrl uuid=AB14CCA262A092E70EB26B0ACB0A394B scan_running=0 conn_count=6
[AUTOPOS] CONNECT pending[4] rc=0 conn=0x20002500
[AUTOPOS] Connected[4]: F1:B3:DF:83:B1:C9 (random) name=- bs=-
[AUTOPOS] CONNECT state[4]: link=anchor-ctrl uuid=AB14CCA262A092E70EB26B0ACB0A394B ready=0 conn=0x20002500
SETUP[4] defer: waiting 876 ms before discovery start
SETUP[4] defer: waiting 826 ms before discovery start
SETUP[4] defer: waiting 775 ms before discovery start
SETUP[4] defer: waiting 725 ms before discovery start
SETUP[4] defer: waiting 675 ms before discovery start
SETUP[4] defer: waiting 625 ms before discovery start
SETUP[4] defer: waiting 574 ms before discovery start
SETUP[4] defer: waiting 524 ms before discovery start
SETUP[4] defer: waiting 474 ms before discovery start
SETUP[4] defer: waiting 423 ms before discovery start
SETUP[4] defer: waiting 373 ms before discovery start
SETUP[4] defer: waiting 323 ms before discovery start
>>> autopos map F 840C68591E90019821AACFF1B73AAA34
[AUTOPOS] AUTOPOS map set: F=840C68591E90019821AACFF1B73AAA34
SETUP[4] defer: waiting 272 ms before discovery start
SETUP[4] defer: waiting 222 ms before discovery start
SETUP[4] defer: waiting 172 ms before discovery start
SETUP[4] defer: waiting 121 ms before discovery start
SETUP[4] defer: waiting 71 ms before discovery start
SETUP[4] defer: waiting 21 ms before discovery start
SETUP[4] begin: link=anchor-ctrl uuid=AB14CCA262A092E70EB26B0ACB0A394B conn=0x20002500
SETUP[4] mtu_exchange rc=0
SETUP[4] phy_update rc=0
SETUP[4] conn_param_update rc=0
[AUTOPOS] DISC start[4]: link=anchor-ctrl uuid=AB14CCA262A092E70EB26B0ACB0A394B conn=0x20002500
[AUTOPOS] MTU exchange[4] done (498)
[AUTOPOS] Conn param updated[4]: int=6 lat=0 to=400
[AUTOPOS] PHY updated[4]: tx=0x2 rx=0x2
>>> autopos map G B3087BC3D87CCCD316AEDC6B71D6677F
[AUTOPOS] AUTOPOS map set: G=B3087BC3D87CCCD316AEDC6B71D6677F
[AUTOPOS] Conn param updated[3]: int=6 lat=0 to=400
>>> autopos map H 1EABFBEC28B8053FBB0D5C448112AE93
[AUTOPOS] AUTOPOS map set: H=1EABFBEC28B8053FBB0D5C448112AE93
[AUTOPOS] DISC complete[4]: link=anchor-ctrl discovered_service=2800 uuid=AB14CCA262A092E70EB26B0ACB0A394B
[AUTOPOS] DISC anchor service found[4]: uuid=AB14CCA262A092E70EB26B0ACB0A394B
[AUTOPOS] Anchor ctrl state subscribe[4] rc=0
[AUTOPOS] Anchor ctrl result subscribe[4] rc=0
[AUTOPOS] ANCHOR_CTRL[4] link ready handle=0x0019 result=0x001b uuid=AB14CCA262A092E70EB26B0ACB0A394B
[AUTOPOS] SCAN start req: bt_ready=1 scan_running=0 connecting_slot=-1 conn_count=7 target=anchor prefix=ANCHOR-
[AUTOPOS] Scanning for ANCHOR-*
VERIFY: anchor ctrl ready gate 7/8
--- SERIAL DISCONNECTED, REOPEN ---
--- SERIAL REOPENED ---
[AUTOPOS] CONNECT pending[5]: addr_valid=1 link=anchor-ctrl uuid=4DC6B8187E33803AE8601FB0D7992B96 scan_running=1 conn_count=7
[AUTOPOS] CONNECT pending[5]: bt_le_scan_stop rc=0 scan_running=1
[AUTOPOS] CONNECT pending[5] rc=0 conn=0x200025d0
[AUTOPOS] Connected[5]: F2:B7:4E:8A:79:01 (random) name=- bs=-
[AUTOPOS] CONNECT state[5]: link=anchor-ctrl uuid=4DC6B8187E33803AE8601FB0D7992B96 ready=0 conn=0x200025d0
SETUP[5] defer: waiting 877 ms before discovery start
SETUP[5] defer: waiting 827 ms before discovery start
SETUP[5] defer: waiting 776 ms before discovery start
SETUP[5] defer: waiting 726 ms before discovery start
SETUP[5] defer: waiting 676 ms before discovery start
SETUP[5] defer: waiting 625 ms before discovery start
SETUP[5] defer: waiting 575 ms before discovery start
SETUP[5] defer: waiting 525 ms before discovery start
SETUP[5] defer: waiting 474 ms before discovery start
SETUP[5] defer: waiting 424 ms before discovery start
SETUP[5] defer: waiting 374 ms before discovery start
SETUP[5] defer: waiting 323 ms before discovery start
SETUP[5] defer: waiting 273 ms before discovery start
SETUP[5] defer: waiting 223 ms before discovery start
SETUP[5] defer: waiting 172 ms before discovery start
SETUP[5] defer: waiting 122 ms before discovery start
SETUP[5] defer: waiting 72 ms before discovery start
SETUP[5] defer: waiting 21 ms before discovery start
SETUP[5] begin: link=anchor-ctrl uuid=4DC6B8187E33803AE8601FB0D7992B96 conn=0x200025d0
SETUP[5] mtu_exchange rc=0
SETUP[5] phy_update rc=0
SETUP[5] conn_param_update rc=0
[AUTOPOS] DISC start[5]: link=anchor-ctrl uuid=4DC6B8187E33803AE8601FB0D7992B96 conn=0x200025d0
[AUTOPOS] MTU exchange[5] done (498)
[AUTOPOS] Conn param updated[5]: int=6 lat=0 to=400
[AUTOPOS] PHY updated[5]: tx=0x2 rx=0x2
[AUTOPOS] Disconnected[1]: EC:9F:55:9D:7E:A1 (random) reason=0x08 link=anchor-ctrl ready=1
[AUTOPOS] SCAN start req: bt_ready=1 scan_running=0 connecting_slot=-1 conn_count=7 target=anchor prefix=ANCHOR-
[AUTOPOS] Scanning for ANCHOR-*
[AUTOPOS] Disconnected[3]: E3:77:2C:61:AA:19 (random) reason=0x08 link=anchor-ctrl ready=1
[AUTOPOS] Disconnected[6]: D9:C7:9C:16:71:C9 (random) reason=0x08 link=anchor-ctrl ready=1
[AUTOPOS] Disconnected[7]: C0:1D:D1:D0:CE:B0 (random) reason=0x08 link=anchor-ctrl ready=1
[AUTOPOS] Disconnected[4]: F1:B3:DF:83:B1:C9 (random) reason=0x08 link=anchor-ctrl ready=1
[AUTOPOS] Disconnected[2]: FD:64:2E:93:37:86 (random) reason=0x08 link=anchor-ctrl ready=1
[AUTOPOS] Disconnected[0]: E9:CB:F3:C4:51:43 (random) reason=0x08 link=anchor-ctrl ready=1
[AUTOPOS] SCAN hit: FD:64:2E:93:37:86 (random) rssi=-63 name=- bs=- uuid=CEE5A7EFCB35F8A56B430047629F5309 target=anchor uuid_ok=1 tag_name=0 anchor_name=0 nus=0 dfu=0 token=0 props=0x03
[AUTOPOS] CONNECT queue[0]: addr=FD:64:2E:93:37:86 (random) link=anchor-ctrl uuid=CEE5A7EFCB35F8A56B430047629F5309 target=anchor
[AUTOPOS] DISC complete[5]: link=anchor-ctrl discovered_service=2800 uuid=4DC6B8187E33803AE8601FB0D7992B96
[AUTOPOS] DISC anchor service found[5]: uuid=4DC6B8187E33803AE8601FB0D7992B96
[AUTOPOS] Anchor ctrl state subscribe[5] rc=0
[AUTOPOS] Anchor ctrl result subscribe[5] rc=0
[AUTOPOS] ANCHOR_CTRL[5] link ready handle=0x0019 result=0x001b uuid=4DC6B8187E33803AE8601FB0D7992B96
[AUTOPOS] SCAN hit: F1:B3:DF:83:B1:C9 (random) rssi=-64 name=- bs=- uuid=AB14CCA262A092E70EB26B0ACB0A394B target=anchor uuid_ok=1 tag_name=0 anchor_name=0 nus=0 dfu=0 token=0 props=0x03
[AUTOPOS] CONNECT queue[1]: addr=F1:B3:DF:83:B1:C9 (random) link=anchor-ctrl uuid=AB14CCA262A092E70EB26B0ACB0A394B target=anchor
[AUTOPOS] CONNECT pending[0]: addr_valid=1 link=anchor-ctrl uuid=CEE5A7EFCB35F8A56B430047629F5309 scan_running=1 conn_count=1
[AUTOPOS] CONNECT pending[0]: bt_le_scan_stop rc=0 scan_running=1
VERIFY: anchor ctrl ready gate 8/8
VERIFY: anchor ctrl ready gate reached; settling for 2.0s
[AUTOPOS] CONNECT pending[0] rc=0 conn=0x20002020
[AUTOPOS] Connected[0]: FD:64:2E:93:37:86 (random) name=- bs=-
[AUTOPOS] CONNECT state[0]: link=anchor-ctrl uuid=CEE5A7EFCB35F8A56B430047629F5309 ready=0 conn=0x20002020
SETUP[0] defer: waiting 875 ms before discovery start
SETUP[0] defer: waiting 825 ms before discovery start
SETUP[0] defer: waiting 774 ms before discovery start
SETUP[0] defer: waiting 724 ms before discovery start
SETUP[0] defer: waiting 674 ms before discovery start
SETUP[0] defer: waiting 623 ms before discovery start
SETUP[0] defer: waiting 573 ms before discovery start
SETUP[0] defer: waiting 523 ms before discovery start
SETUP[0] defer: waiting 472 ms before discovery start
SETUP[0] defer: waiting 422 ms before discovery start
SETUP[0] defer: waiting 372 ms before discovery start
SETUP[0] defer: waiting 321 ms before discovery start
SETUP[0] defer: waiting 271 ms before discovery start
SETUP[0] defer: waiting 221 ms before discovery start
SETUP[0] defer: waiting 170 ms before discovery start
SETUP[0] defer: waiting 120 ms before discovery start
SETUP[0] defer: waiting 70 ms before discovery start
SETUP[0] defer: waiting 19 ms before discovery start
SETUP[0] begin: link=anchor-ctrl uuid=CEE5A7EFCB35F8A56B430047629F5309 conn=0x20002020
SETUP[0] mtu_exchange rc=0
SETUP[0] phy_update rc=0
SETUP[0] conn_param_update rc=0
[AUTOPOS] DISC start[0]: link=anchor-ctrl uuid=CEE5A7EFCB35F8A56B430047629F5309 conn=0x20002020
[AUTOPOS] MTU exchange[0] done (498)
[AUTOPOS] Conn param updated[0]: int=6 lat=0 to=400
[AUTOPOS] PHY updated[0]: tx=0x2 rx=0x2
[AUTOPOS] DISC complete[0]: link=anchor-ctrl discovered_service=2800 uuid=CEE5A7EFCB35F8A56B430047629F5309
[AUTOPOS] DISC anchor service found[0]: uuid=CEE5A7EFCB35F8A56B430047629F5309
[AUTOPOS] Anchor ctrl state subscribe[0] rc=0
[AUTOPOS] Anchor ctrl result subscribe[0] rc=0
[AUTOPOS] ANCHOR_CTRL[0] link ready handle=0x0019 result=0x001b uuid=CEE5A7EFCB35F8A56B430047629F5309
[AUTOPOS] CONNECT pending[1]: addr_valid=1 link=anchor-ctrl uuid=AB14CCA262A092E70EB26B0ACB0A394B scan_running=0 conn_count=2
[AUTOPOS] CONNECT pending[1] rc=0 conn=0x200020f0
[AUTOPOS] Connected[1]: F1:B3:DF:83:B1:C9 (random) name=- bs=-
[AUTOPOS] CONNECT state[1]: link=anchor-ctrl uuid=AB14CCA262A092E70EB26B0ACB0A394B ready=0 conn=0x200020f0
SETUP[1] defer: waiting 861 ms before discovery start
SETUP[1] defer: waiting 810 ms before discovery start
SETUP[1] defer: waiting 760 ms before discovery start
SETUP[1] defer: waiting 710 ms before discovery start
SETUP[1] defer: waiting 659 ms before discovery start
SETUP[1] defer: waiting 609 ms before discovery start
SETUP[1] defer: waiting 559 ms before discovery start
SETUP[1] defer: waiting 508 ms before discovery start
SETUP[1] defer: waiting 458 ms before discovery start
SETUP[1] defer: waiting 408 ms before discovery start
SETUP[1] defer: waiting 357 ms before discovery start
SETUP[1] defer: waiting 307 ms before discovery start
SETUP[1] defer: waiting 257 ms before discovery start
SETUP[1] defer: waiting 206 ms before discovery start
SETUP[1] defer: waiting 156 ms before discovery start
VERIFY: responder runtime attempt=1/3
>>> anchor role all responder
[AUTOPOS] anchor role started target=all role=responder
[AUTOPOS] Master discovery mode: CONN & START
[AUTOPOS] Anchor ctrl sent[0]: RUNTIME RESPONDER uuid=CEE5A7EFCB35F8A56B430047629F5309
[AUTOPOS] Anchor ctrl sent[5]: RUNTIME RESPONDER uuid=4DC6B8187E33803AE8601FB0D7992B96
[AUTOPOS] anchor role all responder runtime sent=2 ready=2/8
SETUP[1] defer: waiting 106 ms before discovery start
[AUTOPOS] ANCHOR_CTRL[0] notify: OK RUNTIME_SWITCH_REQUESTED
[AUTOPOS] ANCHOR_CTRL[5] notify: OK RUNTIME_SWITCH_REQUESTED
SETUP[1] defer: waiting 55 ms before discovery start
SETUP[1] defer: waiting 5 ms before discovery start
SETUP[1] begin: link=anchor-ctrl uuid=AB14CCA262A092E70EB26B0ACB0A394B conn=0x200020f0
SETUP[1] mtu_exchange rc=0
SETUP[1] phy_update rc=0
SETUP[1] conn_param_update rc=0
[AUTOPOS] DISC start[1]: link=anchor-ctrl uuid=AB14CCA262A092E70EB26B0ACB0A394B conn=0x200020f0
[AUTOPOS] MTU exchange[1] done (498)
[AUTOPOS] Conn param updated[1]: int=6 lat=0 to=400
[AUTOPOS] Conn param updated[5]: int=6 lat=0 to=400
[AUTOPOS] PHY updated[1]: tx=0x2 rx=0x2
[AUTOPOS] Anchor ctrl sent[0]: RUNTIME RESPONDER uuid=CEE5A7EFCB35F8A56B430047629F5309
[AUTOPOS] Anchor ctrl sent[5]: RUNTIME RESPONDER uuid=4DC6B8187E33803AE8601FB0D7992B96
[AUTOPOS] anchor role all responder runtime repeat sent=2 ready=2/8
[AUTOPOS] ANCHOR_CTRL[0] notify: OK RUNTIME_RESTART_REQUESTED
[AUTOPOS] ANCHOR_CTRL[5] notify: OK RUNTIME_RESTART_REQUESTED
[AUTOPOS] DISC complete[1]: link=anchor-ctrl discovered_service=2800 uuid=AB14CCA262A092E70EB26B0ACB0A394B
[AUTOPOS] DISC anchor service found[1]: uuid=AB14CCA262A092E70EB26B0ACB0A394B
[AUTOPOS] Anchor ctrl state subscribe[1] rc=0
[AUTOPOS] Anchor ctrl result subscribe[1] rc=0
[AUTOPOS] ANCHOR_CTRL[1] link ready handle=0x0019 result=0x001b uuid=AB14CCA262A092E70EB26B0ACB0A394B
[AUTOPOS] SCAN start req: bt_ready=1 scan_running=0 connecting_slot=-1 conn_count=3 target=anchor prefix=ANCHOR-
[AUTOPOS] Scanning for ANCHOR-*
[AUTOPOS] SCAN hit: C0:1D:D1:D0:CE:B0 (random) rssi=-64 name=- bs=- uuid=B9179575C776C98F1CB132DD6EDC6223 target=anchor uuid_ok=1 tag_name=0 anchor_name=0 nus=0 dfu=0 token=0 props=0x03
[AUTOPOS] CONNECT queue[2]: addr=C0:1D:D1:D0:CE:B0 (random) link=anchor-ctrl uuid=B9179575C776C98F1CB132DD6EDC6223 target=anchor
[AUTOPOS] SCAN hit: D9:C7:9C:16:71:C9 (random) rssi=-63 name=- bs=- uuid=A892AF05DD59CF0D0D3408AD74F364A1 target=anchor uuid_ok=1 tag_name=0 anchor_name=0 nus=0 dfu=0 token=0 props=0x03
[AUTOPOS] CONNECT queue[3]: addr=D9:C7:9C:16:71:C9 (random) link=anchor-ctrl uuid=A892AF05DD59CF0D0D3408AD74F364A1 target=anchor
[AUTOPOS] CONNECT pending[2]: addr_valid=1 link=anchor-ctrl uuid=B9179575C776C98F1CB132DD6EDC6223 scan_running=1 conn_count=3
[AUTOPOS] CONNECT pending[2]: bt_le_scan_stop rc=0 scan_running=1
[AUTOPOS] CONNECT pending[2] rc=0 conn=0x200021c0
[AUTOPOS] Anchor ctrl sent[0]: RUNTIME RESPONDER uuid=CEE5A7EFCB35F8A56B430047629F5309
[AUTOPOS] Anchor ctrl sent[1]: RUNTIME RESPONDER uuid=AB14CCA262A092E70EB26B0ACB0A394B
[AUTOPOS] Anchor ctrl sent[5]: RUNTIME RESPONDER uuid=4DC6B8187E33803AE8601FB0D7992B96
[AUTOPOS] anchor role all responder runtime final sent=3 ready=3/8 total_sent=7
[AUTOPOS] anchor role rc=0 target=all role=responder
[AUTOPOS] ANCHOR_CTRL[1] notify: OK RUNTIME_SWITCH_REQUESTED
[AUTOPOS] ANCHOR_CTRL[0] notify: OK RUNTIME_RESTART_REQUESTED
[AUTOPOS] ANCHOR_CTRL[5] notify: OK RUNTIME_RESTART_REQUESTED
[AUTOPOS] Connected[2]: C0:1D:D1:D0:CE:B0 (random) name=- bs=-
[AUTOPOS] CONNECT state[2]: link=anchor-ctrl uuid=B9179575C776C98F1CB132DD6EDC6223 ready=0 conn=0x200021c0
SETUP[2] defer: waiting 892 ms before discovery start
SETUP[2] defer: waiting 841 ms before discovery start
SETUP[2] defer: waiting 791 ms before discovery start
SETUP[2] defer: waiting 741 ms before discovery start
SETUP[2] defer: waiting 690 ms before discovery start
SETUP[2] defer: waiting 640 ms before discovery start
SETUP[2] defer: waiting 590 ms before discovery start
SETUP[2] defer: waiting 539 ms before discovery start
SETUP[2] defer: waiting 489 ms before discovery start
SETUP[2] defer: waiting 439 ms before discovery start
SETUP[2] defer: waiting 389 ms before discovery start
SETUP[2] defer: waiting 338 ms before discovery start
SETUP[2] defer: waiting 288 ms before discovery start
SETUP[2] defer: waiting 238 ms before discovery start
SETUP[2] defer: waiting 187 ms before discovery start
SETUP[2] defer: waiting 137 ms before discovery start
SETUP[2] defer: waiting 87 ms before discovery start
SETUP[2] defer: waiting 36 ms before discovery start
SETUP[2] begin: link=anchor-ctrl uuid=B9179575C776C98F1CB132DD6EDC6223 conn=0x200021c0
SETUP[2] mtu_exchange rc=0
SETUP[2] phy_update rc=0
SETUP[2] conn_param_update rc=0
[AUTOPOS] DISC start[2]: link=anchor-ctrl uuid=B9179575C776C98F1CB132DD6EDC6223 conn=0x200021c0
[AUTOPOS] MTU exchange[2] done (498)
[AUTOPOS] Conn param updated[2]: int=6 lat=0 to=400
[AUTOPOS] PHY updated[2]: tx=0x2 rx=0x2
[AUTOPOS] Conn param updated[0]: int=6 lat=0 to=400
[AUTOPOS] DISC complete[2]: link=anchor-ctrl discovered_service=2800 uuid=B9179575C776C98F1CB132DD6EDC6223
[AUTOPOS] DISC anchor service found[2]: uuid=B9179575C776C98F1CB132DD6EDC6223
[AUTOPOS] Anchor ctrl state subscribe[2] rc=0
[AUTOPOS] Anchor ctrl result subscribe[2] rc=0
[AUTOPOS] ANCHOR_CTRL[2] link ready handle=0x0019 result=0x001b uuid=B9179575C776C98F1CB132DD6EDC6223
[AUTOPOS] CONNECT pending[3]: addr_valid=1 link=anchor-ctrl uuid=A892AF05DD59CF0D0D3408AD74F364A1 scan_running=0 conn_count=4
[AUTOPOS] CONNECT pending[3] rc=0 conn=0x20002290
[AUTOPOS] Connected[3]: D9:C7:9C:16:71:C9 (random) name=- bs=-
[AUTOPOS] CONNECT state[3]: link=anchor-ctrl uuid=A892AF05DD59CF0D0D3408AD74F364A1 ready=0 conn=0x20002290
SETUP[3] defer: waiting 857 ms before discovery start
SETUP[3] defer: waiting 807 ms before discovery start
SETUP[3] defer: waiting 756 ms before discovery start
SETUP[3] defer: waiting 706 ms before discovery start
SETUP[3] defer: waiting 656 ms before discovery start
SETUP[3] defer: waiting 605 ms before discovery start
SETUP[3] defer: waiting 555 ms before discovery start
SETUP[3] defer: waiting 505 ms before discovery start
SETUP[3] defer: waiting 454 ms before discovery start
SETUP[3] defer: waiting 404 ms before discovery start
[AUTOPOS] Conn param updated[1]: int=6 lat=0 to=400
SETUP[3] defer: waiting 354 ms before discovery start
SETUP[3] defer: waiting 303 ms before discovery start
SETUP[3] defer: waiting 253 ms before discovery start
SETUP[3] defer: waiting 203 ms before discovery start
SETUP[3] defer: waiting 152 ms before discovery start
SETUP[3] defer: waiting 102 ms before discovery start
SETUP[3] defer: waiting 52 ms before discovery start
SETUP[3] defer: waiting 1 ms before discovery start
SETUP[3] begin: link=anchor-ctrl uuid=A892AF05DD59CF0D0D3408AD74F364A1 conn=0x20002290
SETUP[3] mtu_exchange rc=0
SETUP[3] phy_update rc=0
SETUP[3] conn_param_update rc=0
[AUTOPOS] DISC start[3]: link=anchor-ctrl uuid=A892AF05DD59CF0D0D3408AD74F364A1 conn=0x20002290
[AUTOPOS] MTU exchange[3] done (498)
[AUTOPOS] Conn param updated[3]: int=6 lat=0 to=400
[AUTOPOS] PHY updated[3]: tx=0x2 rx=0x2
[AUTOPOS] DISC complete[3]: link=anchor-ctrl discovered_service=2800 uuid=A892AF05DD59CF0D0D3408AD74F364A1
[AUTOPOS] DISC anchor service found[3]: uuid=A892AF05DD59CF0D0D3408AD74F364A1
[AUTOPOS] Anchor ctrl state subscribe[3] rc=0
[AUTOPOS] Anchor ctrl result subscribe[3] rc=0
[AUTOPOS] ANCHOR_CTRL[3] link ready handle=0x0019 result=0x001b uuid=A892AF05DD59CF0D0D3408AD74F364A1
[AUTOPOS] SCAN start req: bt_ready=1 scan_running=0 connecting_slot=-1 conn_count=5 target=anchor prefix=ANCHOR-
[AUTOPOS] Scanning for ANCHOR-*
[AUTOPOS] SCAN hit: E3:77:2C:61:AA:19 (random) rssi=-70 name=- bs=- uuid=1EABFBEC28B8053FBB0D5C448112AE93 target=anchor uuid_ok=1 tag_name=0 anchor_name=0 nus=0 dfu=0 token=0 props=0x03
[AUTOPOS] CONNECT queue[4]: addr=E3:77:2C:61:AA:19 (random) link=anchor-ctrl uuid=1EABFBEC28B8053FBB0D5C448112AE93 target=anchor
[AUTOPOS] SCAN hit: E9:CB:F3:C4:51:43 (random) rssi=-61 name=- bs=- uuid=840C68591E90019821AACFF1B73AAA34 target=anchor uuid_ok=1 tag_name=0 anchor_name=0 nus=0 dfu=0 token=0 props=0x03
[AUTOPOS] CONNECT queue[6]: addr=E9:CB:F3:C4:51:43 (random) link=anchor-ctrl uuid=840C68591E90019821AACFF1B73AAA34 target=anchor
[AUTOPOS] CONNECT pending[4]: addr_valid=1 link=anchor-ctrl uuid=1EABFBEC28B8053FBB0D5C448112AE93 scan_running=1 conn_count=5
[AUTOPOS] CONNECT pending[4]: bt_le_scan_stop rc=0 scan_running=1
[AUTOPOS] CONNECT pending[4] rc=0 conn=0x20002360
[AUTOPOS] Connected[4]: E3:77:2C:61:AA:19 (random) name=- bs=-
[AUTOPOS] CONNECT state[4]: link=anchor-ctrl uuid=1EABFBEC28B8053FBB0D5C448112AE93 ready=0 conn=0x20002360
SETUP[4] defer: waiting 858 ms before discovery start
[AUTOPOS] Conn param updated[2]: int=6 lat=0 to=400
SETUP[4] defer: waiting 808 ms before discovery start
SETUP[4] defer: waiting 758 ms before discovery start
SETUP[4] defer: waiting 707 ms before discovery start
SETUP[4] defer: waiting 657 ms before discovery start
SETUP[4] defer: waiting 607 ms before discovery start
SETUP[4] defer: waiting 557 ms before discovery start
SETUP[4] defer: waiting 506 ms before discovery start
SETUP[4] defer: waiting 456 ms before discovery start
SETUP[4] defer: waiting 406 ms before discovery start
SETUP[4] defer: waiting 355 ms before discovery start
SETUP[4] defer: waiting 305 ms before discovery start
SETUP[4] defer: waiting 255 ms before discovery start
SETUP[4] defer: waiting 204 ms before discovery start
SETUP[4] defer: waiting 154 ms before discovery start
SETUP[4] defer: waiting 104 ms before discovery start
SETUP[4] defer: waiting 53 ms before discovery start
SETUP[4] defer: waiting 3 ms before discovery start
SETUP[4] begin: link=anchor-ctrl uuid=1EABFBEC28B8053FBB0D5C448112AE93 conn=0x20002360
SETUP[4] mtu_exchange rc=0
SETUP[4] phy_update rc=0
SETUP[4] conn_param_update rc=0
[AUTOPOS] DISC start[4]: link=anchor-ctrl uuid=1EABFBEC28B8053FBB0D5C448112AE93 conn=0x20002360
[AUTOPOS] MTU exchange[4] done (498)
[AUTOPOS] Conn param updated[4]: int=6 lat=0 to=400
[AUTOPOS] PHY updated[4]: tx=0x2 rx=0x2
[AUTOPOS] Conn param updated[3]: int=6 lat=0 to=400
[AUTOPOS] DISC complete[4]: link=anchor-ctrl discovered_service=2800 uuid=1EABFBEC28B8053FBB0D5C448112AE93
[AUTOPOS] DISC anchor service found[4]: uuid=1EABFBEC28B8053FBB0D5C448112AE93
[AUTOPOS] Anchor ctrl state subscribe[4] rc=0
[AUTOPOS] Anchor ctrl result subscribe[4] rc=0
[AUTOPOS] ANCHOR_CTRL[4] link ready handle=0x0019 result=0x001b uuid=1EABFBEC28B8053FBB0D5C448112AE93
[AUTOPOS] CONNECT pending[6]: addr_valid=1 link=anchor-ctrl uuid=840C68591E90019821AACFF1B73AAA34 scan_running=0 conn_count=6
[AUTOPOS] CONNECT pending[6] rc=0 conn=0x20002430
[AUTOPOS] Connected[6]: E9:CB:F3:C4:51:43 (random) name=- bs=-
[AUTOPOS] CONNECT state[6]: link=anchor-ctrl uuid=840C68591E90019821AACFF1B73AAA34 ready=0 conn=0x20002430
SETUP[6] defer: waiting 853 ms before discovery start
SETUP[6] defer: waiting 803 ms before discovery start
SETUP[6] defer: waiting 752 ms before discovery start
SETUP[6] defer: waiting 702 ms before discovery start
SETUP[6] defer: waiting 652 ms before discovery start
SETUP[6] defer: waiting 601 ms before discovery start
SETUP[6] defer: waiting 551 ms before discovery start
SETUP[6] defer: waiting 501 ms before discovery start
SETUP[6] defer: waiting 450 ms before discovery start
SETUP[6] defer: waiting 400 ms before discovery start
SETUP[6] defer: waiting 350 ms before discovery start
SETUP[6] defer: waiting 299 ms before discovery start
SETUP[6] defer: waiting 249 ms before discovery start
SETUP[6] defer: waiting 199 ms before discovery start
SETUP[6] defer: waiting 148 ms before discovery start
SETUP[6] defer: waiting 98 ms before discovery start
SETUP[6] defer: waiting 48 ms before discovery start
SETUP[6] begin: link=anchor-ctrl uuid=840C68591E90019821AACFF1B73AAA34 conn=0x20002430
SETUP[6] mtu_exchange rc=0
SETUP[6] phy_update rc=0
SETUP[6] conn_param_update rc=0
[AUTOPOS] DISC start[6]: link=anchor-ctrl uuid=840C68591E90019821AACFF1B73AAA34 conn=0x20002430
[AUTOPOS] MTU exchange[6] done (498)
[AUTOPOS] Conn param updated[6]: int=6 lat=0 to=400
[AUTOPOS] PHY updated[6]: tx=0x2 rx=0x2
[AUTOPOS] DISC complete[6]: link=anchor-ctrl discovered_service=2800 uuid=840C68591E90019821AACFF1B73AAA34
[AUTOPOS] DISC anchor service found[6]: uuid=840C68591E90019821AACFF1B73AAA34
[AUTOPOS] Anchor ctrl state subscribe[6] rc=0
[AUTOPOS] Anchor ctrl result subscribe[6] rc=0
[AUTOPOS] ANCHOR_CTRL[6] link ready handle=0x0019 result=0x001b uuid=840C68591E90019821AACFF1B73AAA34
[AUTOPOS] SCAN start req: bt_ready=1 scan_running=0 connecting_slot=-1 conn_count=7 target=anchor prefix=ANCHOR-
[AUTOPOS] Scanning for ANCHOR-*
[AUTOPOS] Conn param updated[4]: int=6 lat=0 to=400
[AUTOPOS] SCAN hit: EC:9F:55:9D:7E:A1 (random) rssi=-64 name=- bs=- uuid=B3087BC3D87CCCD316AEDC6B71D6677F target=anchor uuid_ok=1 tag_name=0 anchor_name=0 nus=0 dfu=0 token=0 props=0x03
[AUTOPOS] CONNECT queue[7]: addr=EC:9F:55:9D:7E:A1 (random) link=anchor-ctrl uuid=B3087BC3D87CCCD316AEDC6B71D6677F target=anchor
[AUTOPOS] CONNECT pending[7]: addr_valid=1 link=anchor-ctrl uuid=B3087BC3D87CCCD316AEDC6B71D6677F scan_running=1 conn_count=7
[AUTOPOS] CONNECT pending[7]: bt_le_scan_stop rc=0 scan_running=1
[AUTOPOS] CONNECT pending[7] rc=0 conn=0x20002500
[AUTOPOS] Connected[7]: EC:9F:55:9D:7E:A1 (random) name=- bs=-
[AUTOPOS] CONNECT state[7]: link=anchor-ctrl uuid=B3087BC3D87CCCD316AEDC6B71D6677F ready=0 conn=0x20002500
SETUP[7] defer: waiting 861 ms before discovery start
SETUP[7] defer: waiting 811 ms before discovery start
SETUP[7] defer: waiting 760 ms before discovery start
[AUTOPOS] Conn param updated[6]: int=6 lat=0 to=400
SETUP[7] defer: waiting 710 ms before discovery start
SETUP[7] defer: waiting 660 ms before discovery start
SETUP[7] defer: waiting 609 ms before discovery start
SETUP[7] defer: waiting 559 ms before discovery start
SETUP[7] defer: waiting 509 ms before discovery start
SETUP[7] defer: waiting 458 ms before discovery start
SETUP[7] defer: waiting 408 ms before discovery start
SETUP[7] defer: waiting 358 ms before discovery start
SETUP[7] defer: waiting 307 ms before discovery start
SETUP[7] defer: waiting 257 ms before discovery start
SETUP[7] defer: waiting 207 ms before discovery start
SETUP[7] defer: waiting 156 ms before discovery start
SETUP[7] defer: waiting 106 ms before discovery start
SETUP[7] defer: waiting 56 ms before discovery start
SETUP[7] defer: waiting 5 ms before discovery start
SETUP[7] begin: link=anchor-ctrl uuid=B3087BC3D87CCCD316AEDC6B71D6677F conn=0x20002500
SETUP[7] mtu_exchange rc=0
SETUP[7] phy_update rc=0
SETUP[7] conn_param_update rc=0
[AUTOPOS] DISC start[7]: link=anchor-ctrl uuid=B3087BC3D87CCCD316AEDC6B71D6677F conn=0x20002500
[AUTOPOS] MTU exchange[7] done (498)
[AUTOPOS] Conn param updated[7]: int=6 lat=0 to=400
[AUTOPOS] PHY updated[7]: tx=0x2 rx=0x2
[AUTOPOS] DISC complete[7]: link=anchor-ctrl discovered_service=2800 uuid=B3087BC3D87CCCD316AEDC6B71D6677F
[AUTOPOS] DISC anchor service found[7]: uuid=B3087BC3D87CCCD316AEDC6B71D6677F
[AUTOPOS] Anchor ctrl state subscribe[7] rc=0
[AUTOPOS] Anchor ctrl result subscribe[7] rc=0
[AUTOPOS] ANCHOR_CTRL[7] link ready handle=0x0019 result=0x001b uuid=B3087BC3D87CCCD316AEDC6B71D6677F
[AUTOPOS] SCAN start req: bt_ready=1 scan_running=0 connecting_slot=-1 conn_count=8 target=anchor prefix=ANCHOR-
[AUTOPOS] Scanning for ANCHOR-*
