PORT=/dev/serial/by-id/usb-BioSpur_BioSpur_BLE_Control_87EA2F4A526C5A02-if00
START=2026-04-26 00:16:24
VERIFY: prepare AUTOPOS control plane for all-responder runtime verification
VERIFY: prepare anchor target before AUTOPOS preflight
>>> status
[AUTOPOS] Control status: mode=AUTOPOS pending=0
>>> device show
[AUTOPOS] System target: kind=anchor caps=0x0b (config=1 ota=1 stream=0 status=1)
OTA target filter: token=-1 name=- prefix=BS uuid=-
VERIFY: enter AUTOPOS attempt=1/3
>>> status
[AUTOPOS] Control status: mode=AUTOPOS pending=0
VERIFY: AUTOPOS anchor control plane already active
>>> autopos map A 4DC6B8187E33803AE8601FB0D7992B96
[AUTOPOS] AUTOPOS map set: A=4DC6B8187E33803AE8601FB0D7992B96
>>> autopos map B B9179575C776C98F1CB132DD6EDC6223
[AUTOPOS] AUTOPOS map set: B=B9179575C776C98F1CB132DD6EDC6223
>>> autopos map C CEE5A7EFCB35F8A56B430047629F5309
[AUTOPOS] AUTOPOS map set: C=CEE5A7EFCB35F8A56B430047629F5309
>>> autopos map D AB14CCA262A092E70EB26B0ACB0A394B
[AUTOPOS] AUTOPOS map set: D=AB14CCA262A092E70EB26B0ACB0A394B
>>> autopos map E A892AF05DD59CF0D0D3408AD74F364A1
[AUTOPOS] AUTOPOS map set: E=A892AF05DD59CF0D0D3408AD74F364A1
>>> autopos map F 840C68591E90019821AACFF1B73AAA34
[AUTOPOS] AUTOPOS map set: F=840C68591E90019821AACFF1B73AAA34
>>> autopos map G B3087BC3D87CCCD316AEDC6B71D6677F
[AUTOPOS] AUTOPOS map set: G=B3087BC3D87CCCD316AEDC6B71D6677F
>>> autopos map H 1EABFBEC28B8053FBB0D5C448112AE93
[AUTOPOS] AUTOPOS map set: H=1EABFBEC28B8053FBB0D5C448112AE93
VERIFY: start anchor discovery/control links
>>> conn
[AUTOPOS] Master discovery mode: CONN & START
[AUTOPOS] SCAN start req: bt_ready=1 scan_running=0 connecting_slot=-1 conn_count=8 target=anchor prefix=ANCHOR-
[AUTOPOS] Scanning for ANCHOR-*
VERIFY: anchor ctrl ready gate ready_log=0/8 conn_count=8/8
VERIFY: anchor ctrl ready/conn gate reached; settling for 2.0s
VERIFY: responder runtime attempt=1/3
>>> anchor role all responder
[AUTOPOS] anchor role started target=all role=responder
[AUTOPOS] Master discovery mode: CONN & START
[AUTOPOS] Anchor ctrl sent[0]: RUNTIME RESPONDER uuid=840C68591E90019821AACFF1B73AAA34
[AUTOPOS] Anchor ctrl sent[1]: RUNTIME RESPONDER uuid=AB14CCA262A092E70EB26B0ACB0A394B
[AUTOPOS] Anchor ctrl sent[2]: RUNTIME RESPONDER uuid=1EABFBEC28B8053FBB0D5C448112AE93
[AUTOPOS] Anchor ctrl sent[3]: RUNTIME RESPONDER uuid=CEE5A7EFCB35F8A56B430047629F5309
[AUTOPOS] Anchor ctrl sent[4]: RUNTIME RESPONDER uuid=A892AF05DD59CF0D0D3408AD74F364A1
[AUTOPOS] Anchor ctrl sent[5]: RUNTIME RESPONDER uuid=B3087BC3D87CCCD316AEDC6B71D6677F
[AUTOPOS] Anchor ctrl sent[6]: RUNTIME RESPONDER uuid=4DC6B8187E33803AE8601FB0D7992B96
[AUTOPOS] Anchor ctrl sent[7]: RUNTIME RESPONDER uuid=B9179575C776C98F1CB132DD6EDC6223
[AUTOPOS] anchor role all responder runtime sent=8 ready=8/8
[AUTOPOS] ANCHOR_CTRL[4] notify: OK RUNTIME_SWITCH_REQUESTED
[AUTOPOS] ANCHOR_CTRL[1] notify: OK RUNTIME_SWITCH_REQUESTED
[AUTOPOS] ANCHOR_CTRL[5] notify: OK RUNTIME_SWITCH_REQUESTED
[AUTOPOS] ANCHOR_CTRL[6] notify: OK RUNTIME_SWITCH_REQUESTED
[AUTOPOS] ANCHOR_CTRL[2] notify: OK RUNTIME_SWITCH_REQUESTED
[AUTOPOS] ANCHOR_CTRL[3] notify: OK RUNTIME_SWITCH_REQUESTED
[AUTOPOS] ANCHOR_CTRL[0] notify: OK RUNTIME_SWITCH_REQUESTED
[AUTOPOS] ANCHOR_CTRL[7] notify: OK RUNTIME_SWITCH_REQUESTED
[AUTOPOS] Anchor ctrl sent[0]: RUNTIME RESPONDER uuid=840C68591E90019821AACFF1B73AAA34
[AUTOPOS] Anchor ctrl sent[1]: RUNTIME RESPONDER uuid=AB14CCA262A092E70EB26B0ACB0A394B
[AUTOPOS] Anchor ctrl sent[2]: RUNTIME RESPONDER uuid=1EABFBEC28B8053FBB0D5C448112AE93
[AUTOPOS] Anchor ctrl sent[3]: RUNTIME RESPONDER uuid=CEE5A7EFCB35F8A56B430047629F5309
[AUTOPOS] Anchor ctrl sent[4]: RUNTIME RESPONDER uuid=A892AF05DD59CF0D0D3408AD74F364A1
[AUTOPOS] Anchor ctrl sent[5]: RUNTIME RESPONDER uuid=B3087BC3D87CCCD316AEDC6B71D6677F
[AUTOPOS] Anchor ctrl sent[6]: RUNTIME RESPONDER uuid=4DC6B8187E33803AE8601FB0D7992B96
[AUTOPOS] Anchor ctrl sent[7]: RUNTIME RESPONDER uuid=B9179575C776C98F1CB132DD6EDC6223
[AUTOPOS] anchor role all responder runtime repeat sent=8 ready=8/8
[AUTOPOS] ANCHOR_CTRL[1] notify: OK RUNTIME_RESTART_REQUESTED
[AUTOPOS] ANCHOR_CTRL[2] notify: OK RUNTIME_RESTART_REQUESTED
[AUTOPOS] ANCHOR_CTRL[3] notify: OK RUNTIME_RESTART_REQUESTED
[AUTOPOS] ANCHOR_CTRL[5] notify: OK RUNTIME_RESTART_REQUESTED
[AUTOPOS] ANCHOR_CTRL[6] notify: OK RUNTIME_RESTART_REQUESTED
[AUTOPOS] ANCHOR_CTRL[4] notify: OK RUNTIME_RESTART_REQUESTED
[AUTOPOS] ANCHOR_CTRL[0] notify: OK RUNTIME_RESTART_REQUESTED
[AUTOPOS] ANCHOR_CTRL[7] notify: OK RUNTIME_RESTART_REQUESTED
[AUTOPOS] Anchor ctrl sent[0]: RUNTIME RESPONDER uuid=840C68591E90019821AACFF1B73AAA34
[AUTOPOS] Anchor ctrl sent[1]: RUNTIME RESPONDER uuid=AB14CCA262A092E70EB26B0ACB0A394B
[AUTOPOS] Anchor ctrl sent[2]: RUNTIME RESPONDER uuid=1EABFBEC28B8053FBB0D5C448112AE93
[AUTOPOS] Anchor ctrl sent[3]: RUNTIME RESPONDER uuid=CEE5A7EFCB35F8A56B430047629F5309
[AUTOPOS] Anchor ctrl sent[4]: RUNTIME RESPONDER uuid=A892AF05DD59CF0D0D3408AD74F364A1
[AUTOPOS] Anchor ctrl sent[5]: RUNTIME RESPONDER uuid=B3087BC3D87CCCD316AEDC6B71D6677F
[AUTOPOS] Anchor ctrl sent[6]: RUNTIME RESPONDER uuid=4DC6B8187E33803AE8601FB0D7992B96
[AUTOPOS] Anchor ctrl sent[7]: RUNTIME RESPONDER uuid=B9179575C776C98F1CB132DD6EDC6223
[AUTOPOS] anchor role all responder runtime final sent=8 ready=8/8 total_sent=24
[AUTOPOS] anchor role rc=0 target=all role=responder
[AUTOPOS] ANCHOR_CTRL[1] notify: OK RUNTIME_RESTART_REQUESTED
[AUTOPOS] ANCHOR_CTRL[3] notify: OK RUNTIME_RESTART_REQUESTED
[AUTOPOS] ANCHOR_CTRL[0] notify: OK RUNTIME_RESTART_REQUESTED
[AUTOPOS] ANCHOR_CTRL[4] notify: OK RUNTIME_RESTART_REQUESTED
[AUTOPOS] ANCHOR_CTRL[2] notify: OK RUNTIME_RESTART_REQUESTED
[AUTOPOS] ANCHOR_CTRL[7] notify: OK RUNTIME_RESTART_REQUESTED
[AUTOPOS] ANCHOR_CTRL[5] notify: OK RUNTIME_RESTART_REQUESTED
[AUTOPOS] ANCHOR_CTRL[6] notify: OK RUNTIME_RESTART_REQUESTED
--- SERIAL DISCONNECTED, REOPEN ---
--- SERIAL REOPENED ---
[AUTOPOS] Disconnected[2]: E3:77:2C:61:AA:19 (random) reason=0x08 link=anchor-ctrl ready=1
[AUTOPOS] Disconnected[3]: FD:64:2E:93:37:86 (random) reason=0x08 link=anchor-ctrl ready=1
[AUTOPOS] Disconnected[0]: E9:CB:F3:C4:51:43 (random) reason=0x08 link=anchor-ctrl ready=1
[AUTOPOS] Disconnected[7]: C0:1D:D1:D0:CE:B0 (random) reason=0x08 link=anchor-ctrl ready=1
[AUTOPOS] Disconnected[1]: F1:B3:DF:83:B1:C9 (random) reason=0x08 link=anchor-ctrl ready=1
[AUTOPOS] Disconnected[5]: EC:9F:55:9D:7E:A1 (random) reason=0x08 link=anchor-ctrl ready=1
[AUTOPOS] Disconnected[6]: F2:B7:4E:8A:79:01 (random) reason=0x08 link=anchor-ctrl ready=1
[AUTOPOS] Disconnected[4]: D9:C7:9C:16:71:C9 (random) reason=0x08 link=anchor-ctrl ready=1
[AUTOPOS] SCAN hit: F2:B7:4E:8A:79:01 (random) rssi=-56 name=- bs=- uuid=4DC6B8187E33803AE8601FB0D7992B96 target=anchor uuid_ok=1 tag_name=0 anchor_name=0 nus=0 dfu=0 token=0 props=0x03
[AUTOPOS] CONNECT queue[0]: addr=F2:B7:4E:8A:79:01 (random) link=anchor-ctrl uuid=4DC6B8187E33803AE8601FB0D7992B96 target=anchor
[AUTOPOS] SCAN hit: D9:C7:9C:16:71:C9 (random) rssi=-66 name=- bs=- uuid=A892AF05DD59CF0D0D3408AD74F364A1 target=anchor uuid_ok=1 tag_name=0 anchor_name=0 nus=0 dfu=0 token=0 props=0x03
[AUTOPOS] CONNECT queue[1]: addr=D9:C7:9C:16:71:C9 (random) link=anchor-ctrl uuid=A892AF05DD59CF0D0D3408AD74F364A1 target=anchor
[AUTOPOS] SCAN hit: C0:1D:D1:D0:CE:B0 (random) rssi=-64 name=- bs=- uuid=B9179575C776C98F1CB132DD6EDC6223 target=anchor uuid_ok=1 tag_name=0 anchor_name=0 nus=0 dfu=0 token=0 props=0x03
[AUTOPOS] CONNECT queue[2]: addr=C0:1D:D1:D0:CE:B0 (random) link=anchor-ctrl uuid=B9179575C776C98F1CB132DD6EDC6223 target=anchor
[AUTOPOS] SCAN hit: FD:64:2E:93:37:86 (random) rssi=-69 name=- bs=- uuid=CEE5A7EFCB35F8A56B430047629F5309 target=anchor uuid_ok=1 tag_name=0 anchor_name=0 nus=0 dfu=0 token=0 props=0x03
[AUTOPOS] CONNECT queue[3]: addr=FD:64:2E:93:37:86 (random) link=anchor-ctrl uuid=CEE5A7EFCB35F8A56B430047629F5309 target=anchor
[AUTOPOS] SCAN hit: EC:9F:55:9D:7E:A1 (random) rssi=-68 name=- bs=- uuid=B3087BC3D87CCCD316AEDC6B71D6677F target=anchor uuid_ok=1 tag_name=0 anchor_name=0 nus=0 dfu=0 token=0 props=0x03
[AUTOPOS] CONNECT queue[4]: addr=EC:9F:55:9D:7E:A1 (random) link=anchor-ctrl uuid=B3087BC3D87CCCD316AEDC6B71D6677F target=anchor
[AUTOPOS] SCAN hit: E3:77:2C:61:AA:19 (random) rssi=-69 name=- bs=- uuid=1EABFBEC28B8053FBB0D5C448112AE93 target=anchor uuid_ok=1 tag_name=0 anchor_name=0 nus=0 dfu=0 token=0 props=0x03
[AUTOPOS] CONNECT queue[5]: addr=E3:77:2C:61:AA:19 (random) link=anchor-ctrl uuid=1EABFBEC28B8053FBB0D5C448112AE93 target=anchor
[AUTOPOS] SCAN hit: E9:CB:F3:C4:51:43 (random) rssi=-62 name=- bs=- uuid=840C68591E90019821AACFF1B73AAA34 target=anchor uuid_ok=1 tag_name=0 anchor_name=0 nus=0 dfu=0 token=0 props=0x03
[AUTOPOS] CONNECT queue[6]: addr=E9:CB:F3:C4:51:43 (random) link=anchor-ctrl uuid=840C68591E90019821AACFF1B73AAA34 target=anchor
[AUTOPOS] CONNECT pending[0]: addr_valid=1 link=anchor-ctrl uuid=4DC6B8187E33803AE8601FB0D7992B96 scan_running=1 conn_count=0
[AUTOPOS] CONNECT pending[0]: bt_le_scan_stop rc=0 scan_running=1
[AUTOPOS] CONNECT pending[0] rc=0 conn=0x20002020
[AUTOPOS] Connected[0]: F2:B7:4E:8A:79:01 (random) name=- bs=-
[AUTOPOS] CONNECT state[0]: link=anchor-ctrl uuid=4DC6B8187E33803AE8601FB0D7992B96 ready=0 conn=0x20002020
[AUTOPOS] Disconnected[0]: F2:B7:4E:8A:79:01 (random) reason=0x3e link=anchor-ctrl ready=0
[AUTOPOS] SCAN start req: bt_ready=1 scan_running=0 connecting_slot=-1 conn_count=0 target=anchor prefix=ANCHOR-
[AUTOPOS] Scanning for ANCHOR-*
[AUTOPOS] CONNECT pending[1]: addr_valid=1 link=anchor-ctrl uuid=A892AF05DD59CF0D0D3408AD74F364A1 scan_running=1 conn_count=0
[AUTOPOS] CONNECT pending[1]: bt_le_scan_stop rc=0 scan_running=1
[AUTOPOS] CONNECT pending[1] rc=0 conn=0x20002020
[AUTOPOS] Connected[1]: D9:C7:9C:16:71:C9 (random) name=- bs=-
[AUTOPOS] CONNECT state[1]: link=anchor-ctrl uuid=A892AF05DD59CF0D0D3408AD74F364A1 ready=0 conn=0x20002020
SETUP[1] defer: waiting 865 ms before discovery start
SETUP[1] defer: waiting 815 ms before discovery start
SETUP[1] defer: waiting 765 ms before discovery start
SETUP[1] defer: waiting 714 ms before discovery start
SETUP[1] defer: waiting 664 ms before discovery start
SETUP[1] defer: waiting 614 ms before discovery start
SETUP[1] defer: waiting 564 ms before discovery start
SETUP[1] defer: waiting 513 ms before discovery start
SETUP[1] defer: waiting 463 ms before discovery start
SETUP[1] defer: waiting 413 ms before discovery start
SETUP[1] defer: waiting 362 ms before discovery start
SETUP[1] defer: waiting 312 ms before discovery start
SETUP[1] defer: waiting 262 ms before discovery start
SETUP[1] defer: waiting 211 ms before discovery start
SETUP[1] defer: waiting 161 ms before discovery start
SETUP[1] defer: waiting 111 ms before discovery start
SETUP[1] defer: waiting 60 ms before discovery start
SETUP[1] defer: waiting 10 ms before discovery start
SETUP[1] begin: link=anchor-ctrl uuid=A892AF05DD59CF0D0D3408AD74F364A1 conn=0x20002020
SETUP[1] mtu_exchange rc=0
SETUP[1] phy_update rc=0
SETUP[1] conn_param_update rc=0
[AUTOPOS] DISC start[1]: link=anchor-ctrl uuid=A892AF05DD59CF0D0D3408AD74F364A1 conn=0x20002020
[AUTOPOS] MTU exchange[1] done (498)
[AUTOPOS] Conn param updated[1]: int=6 lat=0 to=400
[AUTOPOS] PHY updated[1]: tx=0x2 rx=0x2
[AUTOPOS] DISC complete[1]: link=anchor-ctrl discovered_service=2800 uuid=A892AF05DD59CF0D0D3408AD74F364A1
[AUTOPOS] DISC anchor service found[1]: uuid=A892AF05DD59CF0D0D3408AD74F364A1
[AUTOPOS] Anchor ctrl state subscribe[1] rc=0
[AUTOPOS] Anchor ctrl result subscribe[1] rc=0
[AUTOPOS] ANCHOR_CTRL[1] link ready handle=0x0019 result=0x001b uuid=A892AF05DD59CF0D0D3408AD74F364A1
[AUTOPOS] CONNECT pending[2]: addr_valid=1 link=anchor-ctrl uuid=B9179575C776C98F1CB132DD6EDC6223 scan_running=0 conn_count=1
[AUTOPOS] CONNECT pending[2] rc=0 conn=0x200020f0
[AUTOPOS] Connected[2]: C0:1D:D1:D0:CE:B0 (random) name=- bs=-
[AUTOPOS] CONNECT state[2]: link=anchor-ctrl uuid=B9179575C776C98F1CB132DD6EDC6223 ready=0 conn=0x200020f0
SETUP[2] defer: waiting 887 ms before discovery start
SETUP[2] defer: waiting 837 ms before discovery start
SETUP[2] defer: waiting 786 ms before discovery start
SETUP[2] defer: waiting 736 ms before discovery start
SETUP[2] defer: waiting 686 ms before discovery start
SETUP[2] defer: waiting 635 ms before discovery start
SETUP[2] defer: waiting 585 ms before discovery start
SETUP[2] defer: waiting 535 ms before discovery start
SETUP[2] defer: waiting 485 ms before discovery start
SETUP[2] defer: waiting 434 ms before discovery start
SETUP[2] defer: waiting 384 ms before discovery start
SETUP[2] defer: waiting 334 ms before discovery start
SETUP[2] defer: waiting 283 ms before discovery start
SETUP[2] defer: waiting 233 ms before discovery start
SETUP[2] defer: waiting 183 ms before discovery start
SETUP[2] defer: waiting 132 ms before discovery start
SETUP[2] defer: waiting 82 ms before discovery start
SETUP[2] defer: waiting 32 ms before discovery start
SETUP[2] begin: link=anchor-ctrl uuid=B9179575C776C98F1CB132DD6EDC6223 conn=0x200020f0
SETUP[2] mtu_exchange rc=0
SETUP[2] phy_update rc=0
SETUP[2] conn_param_update rc=0
[AUTOPOS] DISC start[2]: link=anchor-ctrl uuid=B9179575C776C98F1CB132DD6EDC6223 conn=0x200020f0
[AUTOPOS] MTU exchange[2] done (498)
[AUTOPOS] Conn param updated[2]: int=6 lat=0 to=400
[AUTOPOS] PHY updated[2]: tx=0x2 rx=0x2
[AUTOPOS] DISC complete[2]: link=anchor-ctrl discovered_service=2800 uuid=B9179575C776C98F1CB132DD6EDC6223
[AUTOPOS] DISC anchor service found[2]: uuid=B9179575C776C98F1CB132DD6EDC6223
[AUTOPOS] Anchor ctrl state subscribe[2] rc=0
[AUTOPOS] Anchor ctrl result subscribe[2] rc=0
[AUTOPOS] ANCHOR_CTRL[2] link ready handle=0x0019 result=0x001b uuid=B9179575C776C98F1CB132DD6EDC6223
[AUTOPOS] CONNECT pending[3]: addr_valid=1 link=anchor-ctrl uuid=CEE5A7EFCB35F8A56B430047629F5309 scan_running=0 conn_count=2
[AUTOPOS] CONNECT pending[3] rc=0 conn=0x200021c0
[AUTOPOS] Connected[3]: FD:64:2E:93:37:86 (random) name=- bs=-
[AUTOPOS] CONNECT state[3]: link=anchor-ctrl uuid=CEE5A7EFCB35F8A56B430047629F5309 ready=0 conn=0x200021c0
SETUP[3] defer: waiting 885 ms before discovery start
SETUP[3] defer: waiting 834 ms before discovery start
SETUP[3] defer: waiting 784 ms before discovery start
SETUP[3] defer: waiting 734 ms before discovery start
SETUP[3] defer: waiting 683 ms before discovery start
SETUP[3] defer: waiting 633 ms before discovery start
SETUP[3] defer: waiting 583 ms before discovery start
SETUP[3] defer: waiting 532 ms before discovery start
SETUP[3] defer: waiting 482 ms before discovery start
SETUP[3] defer: waiting 432 ms before discovery start
SETUP[3] defer: waiting 381 ms before discovery start
SETUP[3] defer: waiting 331 ms before discovery start
SETUP[3] defer: waiting 281 ms before discovery start
SETUP[3] defer: waiting 230 ms before discovery start
SETUP[3] defer: waiting 180 ms before discovery start
SETUP[3] defer: waiting 130 ms before discovery start
SETUP[3] defer: waiting 79 ms before discovery start
SETUP[3] defer: waiting 29 ms before discovery start
SETUP[3] begin: link=anchor-ctrl uuid=CEE5A7EFCB35F8A56B430047629F5309 conn=0x200021c0
SETUP[3] mtu_exchange rc=0
SETUP[3] phy_update rc=0
SETUP[3] conn_param_update rc=0
[AUTOPOS] DISC start[3]: link=anchor-ctrl uuid=CEE5A7EFCB35F8A56B430047629F5309 conn=0x200021c0
[AUTOPOS] MTU exchange[3] done (498)
[AUTOPOS] Conn param updated[3]: int=6 lat=0 to=400
[AUTOPOS] PHY updated[3]: tx=0x2 rx=0x2
[AUTOPOS] DISC complete[3]: link=anchor-ctrl discovered_service=2800 uuid=CEE5A7EFCB35F8A56B430047629F5309
[AUTOPOS] DISC anchor service found[3]: uuid=CEE5A7EFCB35F8A56B430047629F5309
[AUTOPOS] Anchor ctrl state subscribe[3] rc=0
[AUTOPOS] Anchor ctrl result subscribe[3] rc=0
[AUTOPOS] ANCHOR_CTRL[3] link ready handle=0x0019 result=0x001b uuid=CEE5A7EFCB35F8A56B430047629F5309
[AUTOPOS] CONNECT pending[4]: addr_valid=1 link=anchor-ctrl uuid=B3087BC3D87CCCD316AEDC6B71D6677F scan_running=0 conn_count=3
[AUTOPOS] CONNECT pending[4] rc=0 conn=0x20002290
[AUTOPOS] Connected[4]: EC:9F:55:9D:7E:A1 (random) name=- bs=-
[AUTOPOS] CONNECT state[4]: link=anchor-ctrl uuid=B3087BC3D87CCCD316AEDC6B71D6677F ready=0 conn=0x20002290
SETUP[4] defer: waiting 898 ms before discovery start
SETUP[4] defer: waiting 847 ms before discovery start
SETUP[4] defer: waiting 797 ms before discovery start
SETUP[4] defer: waiting 747 ms before discovery start
SETUP[4] defer: waiting 696 ms before discovery start
SETUP[4] defer: waiting 646 ms before discovery start
SETUP[4] defer: waiting 596 ms before discovery start
SETUP[4] defer: waiting 545 ms before discovery start
SETUP[4] defer: waiting 495 ms before discovery start
[AUTOPOS] Conn param updated[1]: int=6 lat=0 to=400
SETUP[4] defer: waiting 445 ms before discovery start
SETUP[4] defer: waiting 394 ms before discovery start
SETUP[4] defer: waiting 344 ms before discovery start
SETUP[4] defer: waiting 294 ms before discovery start
SETUP[4] defer: waiting 244 ms before discovery start
SETUP[4] defer: waiting 193 ms before discovery start
SETUP[4] defer: waiting 143 ms before discovery start
SETUP[4] defer: waiting 93 ms before discovery start
SETUP[4] defer: waiting 42 ms before discovery start
SETUP[4] begin: link=anchor-ctrl uuid=B3087BC3D87CCCD316AEDC6B71D6677F conn=0x20002290
SETUP[4] mtu_exchange rc=0
SETUP[4] phy_update rc=0
SETUP[4] conn_param_update rc=0
[AUTOPOS] DISC start[4]: link=anchor-ctrl uuid=B3087BC3D87CCCD316AEDC6B71D6677F conn=0x20002290
[AUTOPOS] MTU exchange[4] done (498)
[AUTOPOS] Conn param updated[4]: int=6 lat=0 to=400
[AUTOPOS] PHY updated[4]: tx=0x2 rx=0x2
[AUTOPOS] Conn param updated[2]: int=6 lat=0 to=400
[AUTOPOS] DISC complete[4]: link=anchor-ctrl discovered_service=2800 uuid=B3087BC3D87CCCD316AEDC6B71D6677F
[AUTOPOS] DISC anchor service found[4]: uuid=B3087BC3D87CCCD316AEDC6B71D6677F
[AUTOPOS] Anchor ctrl state subscribe[4] rc=0
[AUTOPOS] Anchor ctrl result subscribe[4] rc=0
[AUTOPOS] ANCHOR_CTRL[4] link ready handle=0x0019 result=0x001b uuid=B3087BC3D87CCCD316AEDC6B71D6677F
[AUTOPOS] CONNECT pending[5]: addr_valid=1 link=anchor-ctrl uuid=1EABFBEC28B8053FBB0D5C448112AE93 scan_running=0 conn_count=4
[AUTOPOS] CONNECT pending[5] rc=0 conn=0x20002360
[AUTOPOS] Connected[5]: E3:77:2C:61:AA:19 (random) name=- bs=-
[AUTOPOS] CONNECT state[5]: link=anchor-ctrl uuid=1EABFBEC28B8053FBB0D5C448112AE93 ready=0 conn=0x20002360
SETUP[5] defer: waiting 877 ms before discovery start
SETUP[5] defer: waiting 827 ms before discovery start
SETUP[5] defer: waiting 777 ms before discovery start
SETUP[5] defer: waiting 726 ms before discovery start
SETUP[5] defer: waiting 676 ms before discovery start
SETUP[5] defer: waiting 626 ms before discovery start
SETUP[5] defer: waiting 575 ms before discovery start
SETUP[5] defer: waiting 525 ms before discovery start
SETUP[5] defer: waiting 475 ms before discovery start
SETUP[5] defer: waiting 424 ms before discovery start
SETUP[5] defer: waiting 374 ms before discovery start
SETUP[5] defer: waiting 324 ms before discovery start
SETUP[5] defer: waiting 273 ms before discovery start
SETUP[5] defer: waiting 223 ms before discovery start
SETUP[5] defer: waiting 173 ms before discovery start
SETUP[5] defer: waiting 122 ms before discovery start
SETUP[5] defer: waiting 72 ms before discovery start
SETUP[5] defer: waiting 22 ms before discovery start
SETUP[5] begin: link=anchor-ctrl uuid=1EABFBEC28B8053FBB0D5C448112AE93 conn=0x20002360
SETUP[5] mtu_exchange rc=0
SETUP[5] phy_update rc=0
SETUP[5] conn_param_update rc=0
[AUTOPOS] DISC start[5]: link=anchor-ctrl uuid=1EABFBEC28B8053FBB0D5C448112AE93 conn=0x20002360
[AUTOPOS] MTU exchange[5] done (498)
[AUTOPOS] Conn param updated[5]: int=6 lat=0 to=400
[AUTOPOS] PHY updated[5]: tx=0x2 rx=0x2
[AUTOPOS] Conn param updated[3]: int=6 lat=0 to=400
[AUTOPOS] DISC complete[5]: link=anchor-ctrl discovered_service=2800 uuid=1EABFBEC28B8053FBB0D5C448112AE93
[AUTOPOS] DISC anchor service found[5]: uuid=1EABFBEC28B8053FBB0D5C448112AE93
[AUTOPOS] Anchor ctrl state subscribe[5] rc=0
[AUTOPOS] Anchor ctrl result subscribe[5] rc=0
[AUTOPOS] ANCHOR_CTRL[5] link ready handle=0x0019 result=0x001b uuid=1EABFBEC28B8053FBB0D5C448112AE93
[AUTOPOS] CONNECT pending[6]: addr_valid=1 link=anchor-ctrl uuid=840C68591E90019821AACFF1B73AAA34 scan_running=0 conn_count=5
[AUTOPOS] CONNECT pending[6] rc=0 conn=0x20002430
[AUTOPOS] Connected[6]: E9:CB:F3:C4:51:43 (random) name=- bs=-
[AUTOPOS] CONNECT state[6]: link=anchor-ctrl uuid=840C68591E90019821AACFF1B73AAA34 ready=0 conn=0x20002430
SETUP[6] defer: waiting 877 ms before discovery start
SETUP[6] defer: waiting 826 ms before discovery start
SETUP[6] defer: waiting 776 ms before discovery start
SETUP[6] defer: waiting 726 ms before discovery start
SETUP[6] defer: waiting 675 ms before discovery start
SETUP[6] defer: waiting 625 ms before discovery start
SETUP[6] defer: waiting 575 ms before discovery start
SETUP[6] defer: waiting 524 ms before discovery start
SETUP[6] defer: waiting 474 ms before discovery start
SETUP[6] defer: waiting 424 ms before discovery start
SETUP[6] defer: waiting 373 ms before discovery start
SETUP[6] defer: waiting 323 ms before discovery start
--- SERIAL DISCONNECTED, REOPEN ---
--- SERIAL REOPENED ---
[AUTOPOS] Disconnected[3]: FD:64:2E:93:37:86 (random) reason=0x08 link=anchor-ctrl ready=1
[AUTOPOS] SCAN start req: bt_ready=1 scan_running=0 connecting_slot=-1 conn_count=5 target=anchor prefix=ANCHOR-
[AUTOPOS] Scanning for ANCHOR-*
[AUTOPOS] Disconnected[4]: EC:9F:55:9D:7E:A1 (random) reason=0x08 link=anchor-ctrl ready=1
[AUTOPOS] MTU exchange[6] failed (0)
[AUTOPOS] Anchor ctrl service not found[6]
[AUTOPOS] Disconnected[6]: E9:CB:F3:C4:51:43 (random) reason=0x08 link=anchor-ctrl ready=0
[AUTOPOS] Disconnected[1]: D9:C7:9C:16:71:C9 (random) reason=0x08 link=anchor-ctrl ready=1
[AUTOPOS] Disconnected[5]: E3:77:2C:61:AA:19 (random) reason=0x08 link=anchor-ctrl ready=1
[AUTOPOS] Disconnected[2]: C0:1D:D1:D0:CE:B0 (random) reason=0x08 link=anchor-ctrl ready=1
[AUTOPOS] SCAN hit: C0:1D:D1:D0:CE:B0 (random) rssi=-66 name=- bs=- uuid=B9179575C776C98F1CB132DD6EDC6223 target=anchor uuid_ok=1 tag_name=0 anchor_name=0 nus=0 dfu=0 token=0 props=0x03
[AUTOPOS] CONNECT queue[0]: addr=C0:1D:D1:D0:CE:B0 (random) link=anchor-ctrl uuid=B9179575C776C98F1CB132DD6EDC6223 target=anchor
[AUTOPOS] SCAN hit: D9:C7:9C:16:71:C9 (random) rssi=-64 name=- bs=- uuid=A892AF05DD59CF0D0D3408AD74F364A1 target=anchor uuid_ok=1 tag_name=0 anchor_name=0 nus=0 dfu=0 token=0 props=0x03
[AUTOPOS] CONNECT queue[1]: addr=D9:C7:9C:16:71:C9 (random) link=anchor-ctrl uuid=A892AF05DD59CF0D0D3408AD74F364A1 target=anchor
[AUTOPOS] SCAN hit: FD:64:2E:93:37:86 (random) rssi=-73 name=- bs=- uuid=CEE5A7EFCB35F8A56B430047629F5309 target=anchor uuid_ok=1 tag_name=0 anchor_name=0 nus=0 dfu=0 token=0 props=0x03
[AUTOPOS] CONNECT queue[2]: addr=FD:64:2E:93:37:86 (random) link=anchor-ctrl uuid=CEE5A7EFCB35F8A56B430047629F5309 target=anchor
[AUTOPOS] SCAN hit: EC:9F:55:9D:7E:A1 (random) rssi=-65 name=- bs=- uuid=B3087BC3D87CCCD316AEDC6B71D6677F target=anchor uuid_ok=1 tag_name=0 anchor_name=0 nus=0 dfu=0 token=0 props=0x03
[AUTOPOS] CONNECT queue[3]: addr=EC:9F:55:9D:7E:A1 (random) link=anchor-ctrl uuid=B3087BC3D87CCCD316AEDC6B71D6677F target=anchor
[AUTOPOS] SCAN hit: E3:77:2C:61:AA:19 (random) rssi=-70 name=- bs=- uuid=1EABFBEC28B8053FBB0D5C448112AE93 target=anchor uuid_ok=1 tag_name=0 anchor_name=0 nus=0 dfu=0 token=0 props=0x03
[AUTOPOS] CONNECT queue[4]: addr=E3:77:2C:61:AA:19 (random) link=anchor-ctrl uuid=1EABFBEC28B8053FBB0D5C448112AE93 target=anchor
[AUTOPOS] SCAN hit: E9:CB:F3:C4:51:43 (random) rssi=-60 name=- bs=- uuid=840C68591E90019821AACFF1B73AAA34 target=anchor uuid_ok=1 tag_name=0 anchor_name=0 nus=0 dfu=0 token=0 props=0x03
[AUTOPOS] CONNECT queue[5]: addr=E9:CB:F3:C4:51:43 (random) link=anchor-ctrl uuid=840C68591E90019821AACFF1B73AAA34 target=anchor
[AUTOPOS] SCAN hit: F2:B7:4E:8A:79:01 (random) rssi=-59 name=- bs=- uuid=4DC6B8187E33803AE8601FB0D7992B96 target=anchor uuid_ok=1 tag_name=0 anchor_name=0 nus=0 dfu=0 token=0 props=0x03
[AUTOPOS] CONNECT queue[6]: addr=F2:B7:4E:8A:79:01 (random) link=anchor-ctrl uuid=4DC6B8187E33803AE8601FB0D7992B96 target=anchor
[AUTOPOS] SCAN hit: F1:B3:DF:83:B1:C9 (random) rssi=-65 name=- bs=- uuid=AB14CCA262A092E70EB26B0ACB0A394B target=anchor uuid_ok=1 tag_name=0 anchor_name=0 nus=0 dfu=0 token=0 props=0x03
[AUTOPOS] CONNECT queue[7]: addr=F1:B3:DF:83:B1:C9 (random) link=anchor-ctrl uuid=AB14CCA262A092E70EB26B0ACB0A394B target=anchor
[AUTOPOS] CONNECT pending[0]: addr_valid=1 link=anchor-ctrl uuid=B9179575C776C98F1CB132DD6EDC6223 scan_running=1 conn_count=0
[AUTOPOS] CONNECT pending[0]: bt_le_scan_stop rc=0 scan_running=1
[AUTOPOS] CONNECT pending[0] rc=0 conn=0x20002020
[AUTOPOS] Connected[0]: C0:1D:D1:D0:CE:B0 (random) name=- bs=-
[AUTOPOS] CONNECT state[0]: link=anchor-ctrl uuid=B9179575C776C98F1CB132DD6EDC6223 ready=0 conn=0x20002020
SETUP[0] defer: waiting 887 ms before discovery start
SETUP[0] defer: waiting 836 ms before discovery start
SETUP[0] defer: waiting 786 ms before discovery start
SETUP[0] defer: waiting 736 ms before discovery start
SETUP[0] defer: waiting 685 ms before discovery start
SETUP[0] defer: waiting 635 ms before discovery start
SETUP[0] defer: waiting 585 ms before discovery start
SETUP[0] defer: waiting 534 ms before discovery start
SETUP[0] defer: waiting 484 ms before discovery start
SETUP[0] defer: waiting 434 ms before discovery start
SETUP[0] defer: waiting 383 ms before discovery start
SETUP[0] defer: waiting 333 ms before discovery start
SETUP[0] defer: waiting 283 ms before discovery start
SETUP[0] defer: waiting 232 ms before discovery start
SETUP[0] defer: waiting 182 ms before discovery start
SETUP[0] defer: waiting 132 ms before discovery start
SETUP[0] defer: waiting 81 ms before discovery start
SETUP[0] defer: waiting 31 ms before discovery start
SETUP[0] begin: link=anchor-ctrl uuid=B9179575C776C98F1CB132DD6EDC6223 conn=0x20002020
SETUP[0] mtu_exchange rc=0
SETUP[0] phy_update rc=0
SETUP[0] conn_param_update rc=0
[AUTOPOS] DISC start[0]: link=anchor-ctrl uuid=B9179575C776C98F1CB132DD6EDC6223 conn=0x20002020
[AUTOPOS] MTU exchange[0] done (498)
[AUTOPOS] Conn param updated[0]: int=6 lat=0 to=400
[AUTOPOS] PHY updated[0]: tx=0x2 rx=0x2
[AUTOPOS] DISC complete[0]: link=anchor-ctrl discovered_service=2800 uuid=B9179575C776C98F1CB132DD6EDC6223
[AUTOPOS] DISC anchor service found[0]: uuid=B9179575C776C98F1CB132DD6EDC6223
[AUTOPOS] Anchor ctrl state subscribe[0] rc=0
[AUTOPOS] Anchor ctrl result subscribe[0] rc=0
[AUTOPOS] ANCHOR_CTRL[0] link ready handle=0x0019 result=0x001b uuid=B9179575C776C98F1CB132DD6EDC6223
[AUTOPOS] CONNECT pending[1]: addr_valid=1 link=anchor-ctrl uuid=A892AF05DD59CF0D0D3408AD74F364A1 scan_running=0 conn_count=1
[AUTOPOS] CONNECT pending[1] rc=0 conn=0x200020f0
[AUTOPOS] Connected[1]: D9:C7:9C:16:71:C9 (random) name=- bs=-
[AUTOPOS] CONNECT state[1]: link=anchor-ctrl uuid=A892AF05DD59CF0D0D3408AD74F364A1 ready=0 conn=0x200020f0
SETUP[1] defer: waiting 858 ms before discovery start
SETUP[1] defer: waiting 807 ms before discovery start
SETUP[1] defer: waiting 757 ms before discovery start
SETUP[1] defer: waiting 707 ms before discovery start
SETUP[1] defer: waiting 656 ms before discovery start
SETUP[1] defer: waiting 606 ms before discovery start
SETUP[1] defer: waiting 556 ms before discovery start
SETUP[1] defer: waiting 505 ms before discovery start
SETUP[1] defer: waiting 455 ms before discovery start
SETUP[1] defer: waiting 405 ms before discovery start
SETUP[1] defer: waiting 354 ms before discovery start
SETUP[1] defer: waiting 304 ms before discovery start
SETUP[1] defer: waiting 254 ms before discovery start
SETUP[1] defer: waiting 203 ms before discovery start
SETUP[1] defer: waiting 153 ms before discovery start
SETUP[1] defer: waiting 103 ms before discovery start
SETUP[1] defer: waiting 52 ms before discovery start
SETUP[1] defer: waiting 2 ms before discovery start
