PORT=/dev/serial/by-id/usb-BioSpur_BioSpur_BLE_Control_87EA2F4A526C5A02-if00
START=2026-05-11 02:17:09
MASTER=E
PRECHECK: BSxxxx tag quarantine disabled; master/matrix anchors ignore tag polls during sweep
PRECHECK: context session_autopos_ready=1 autopos_initialized=1
PRECHECK: reusing session AUTOPOS state from matrix guard
PRECHECK: reusing existing AUTOPOS map
>>> autopos round E 500
[AUTOPOS] AUTOPOS round staged: master=E sets=500
>>> autopos status
[AUTOPOS] AUTOPOS: mode=AUTOPOS state=staged staged=E last_success=D sets=500 error=-
>>> autopos apply
[AUTOPOS] AUTOPOS apply started
[AUTOPOS] RECV_BG gate: SUPPRESS reason=autopos_detach
[AUTOPOS] AUTOPOS detach skip STOP: finite master auto-returns to matrix sets=500
[AUTOPOS] RECV_BG gate: ALLOW reason=autopos_detach_done
[AUTOPOS] SCAN start req: bt_ready=1 scan_running=0 connecting_slot=-1 conn_count=2 target=anchor prefix=ANCHOR-
[AUTOPOS] Scanning for ANCHOR-*
[AUTOPOS] AUTOPOS apply mode: incremental
[AUTOPOS] AUTOPOS apply incremental: prev_master=D new_master=E
[AUTOPOS] AUTOPOS incremental: skip D demote for finite sweep; master auto-returned to matrix
[AUTOPOS] Master discovery mode: CONN & START
[AUTOPOS] Master discovery mode: CONN & START
[AUTOPOS] SCAN start req: bt_ready=1 scan_running=0 connecting_slot=-1 conn_count=2 target=anchor prefix=ANCHOR-
[AUTOPOS] Scanning for ANCHOR-*
[AUTOPOS] AUTOPOS wait anchor ready: uuid=A892AF05DD59CF0D0D3408AD74F364A1 timeout_ms=12000
[AUTOPOS] AUTOPOS wait anchor ready: waited=0 ready_count=0
[AUTOPOS] READY count=0 target=anchor target_uuid=A892AF05DD59CF0D0D3408AD74F364A1 conn_count=2 connecting_slot=-1 scan=1 auto=1
[AUTOPOS] READY peer[0]: link=anchor-ctrl connected=1 ready=1 pending=0 inflight=0 retries=0 start_failures=0 uuid=B2B5FA625534A8C617135DCAFC9E036A name=- state_h=0x0012 ctrl_h=0x0019 result_h=0x001b
[AUTOPOS] READY peer[1]: link=anchor-ctrl connected=1 ready=1 pending=0 inflight=0 retries=0 start_failures=0 uuid=CEE5A7EFCB35F8A56B430047629F5309 name=- state_h=0x0012 ctrl_h=0x0019 result_h=0x001b
[AUTOPOS] SCAN hit: D9:C7:9C:16:71:C9 (random) rssi=-69 name=- bs=- uuid=A892AF05DD59CF0D0D3408AD74F364A1 target=anchor uuid_ok=1 tag_name=0 anchor_name=0 nus=0 dfu=0 token=0 props=0x03
[AUTOPOS] CONNECT queue[2]: addr=D9:C7:9C:16:71:C9 (random) link=anchor-ctrl uuid=A892AF05DD59CF0D0D3408AD74F364A1 target=anchor
[AUTOPOS] CONNECT pending[2]: addr_valid=1 link=anchor-ctrl uuid=A892AF05DD59CF0D0D3408AD74F364A1 scan_running=1 conn_count=2
[AUTOPOS] CONNECT pending[2]: bt_le_scan_stop rc=0 scan_running=1
[AUTOPOS] CONNECT pending[2] rc=0 conn=0x20004a78 interval=32-56 timeout=1000
[AUTOPOS] Connected[2]: D9:C7:9C:16:71:C9 (random) name=- bs=-
[AUTOPOS] CONNECT state[2]: link=anchor-ctrl uuid=A892AF05DD59CF0D0D3408AD74F364A1 ready=0 conn=0x20004a78
SETUP[2] begin: link=anchor-ctrl uuid=A892AF05DD59CF0D0D3408AD74F364A1 conn=0x20004a78
SETUP[2] anchor-ctrl result-stream mtu_exchange rc=0
SETUP[2] conn_param_update rc=0 interval=32-56 timeout=1000
Anchor ctrl result-stream subscribe[2] rc=0
ANCHOR_CTRL[2] static link ready state=0x0012 ctrl=0x0019 result=0x001b uuid=A892AF05DD59CF0D0D3408AD74F364A1
[AUTOPOS] AUTOPOS wait anchor ready: waited=600 ready_count=1
[AUTOPOS] READY count=1 target=anchor target_uuid=A892AF05DD59CF0D0D3408AD74F364A1 conn_count=3 connecting_slot=-1 scan=0 auto=1
[AUTOPOS] READY peer[0]: link=anchor-ctrl connected=1 ready=1 pending=0 inflight=0 retries=0 start_failures=0 uuid=B2B5FA625534A8C617135DCAFC9E036A name=- state_h=0x0012 ctrl_h=0x0019 result_h=0x001b
[AUTOPOS] READY peer[1]: link=anchor-ctrl connected=1 ready=1 pending=0 inflight=0 retries=0 start_failures=0 uuid=CEE5A7EFCB35F8A56B430047629F5309 name=- state_h=0x0012 ctrl_h=0x0019 result_h=0x001b
[AUTOPOS] READY peer[2]: link=anchor-ctrl connected=1 ready=1 pending=0 inflight=0 retries=0 start_failures=0 uuid=A892AF05DD59CF0D0D3408AD74F364A1 name=- state_h=0x0012 ctrl_h=0x0019 result_h=0x001b
[AUTOPOS] AUTOPOS wait anchor ready: uuid=A892AF05DD59CF0D0D3408AD74F364A1 control link ready
[AUTOPOS] Master anchor result stream: on
[AUTOPOS] MTU exchange[2] done (498)
[AUTOPOS] BLE cmd skip[0]: target mismatch kind=anchor target_name=- target_uuid=A892AF05DD59CF0D0D3408AD74F364A1 peer_name=- peer_bs=- peer_uuid=B2B5FA625534A8C617135DCAFC9E036A link=anchor-ctrl ready=1
[AUTOPOS] BLE cmd skip[1]: target mismatch kind=anchor target_name=- target_uuid=A892AF05DD59CF0D0D3408AD74F364A1 peer_name=- peer_bs=- peer_uuid=CEE5A7EFCB35F8A56B430047629F5309 link=anchor-ctrl ready=1
[AUTOPOS] Anchor ctrl sent[2]: RM 500 uuid=A892AF05DD59CF0D0D3408AD74F364A1
[AUTOPOS] ANCHOR_CTRL[2] notify: OK RUNTIME_SWITCH_REQUESTED SWEEP=500
[AUTOPOS] AUTOPOS result: OK RUNTIME_SWITCH_REQUESTED SWEEP=500
[AUTOPOS] AUTOPOS anchor E role verified
[AUTOPOS] AUTOPOS apply success: master=E
[AUTOPOS] AUTOPOS finite sweep handoff: master=E sets=500; host waits for SWEEP_DONE
[AUTOPOS] AUTOPOS sweep listen attach: master=E uuid=A892AF05DD59CF0D0D3408AD74F364A1
[AUTOPOS] Master anchor result stream: on
[AUTOPOS] Master discovery mode: CONN & START
[AUTOPOS] Conn param updated[2]: int=56 lat=0 to=1000
[AUTOPOS] ANCHOR_CTRL[2] notify: DBG ROLE_ENTRY_PENDING anchor=E current=matrix pending=master sets=500
[AUTOPOS] ANCHOR_CTRL[2] notify: DBG ROLE_SWITCH anchor=E role=master sets=500
[AUTOPOS] ANCHOR_CTRL[2] notify: DBG ROLE_START anchor=E role=master sets=500
[AUTOPOS] ANCHOR_CTRL[2] notify: DBG MASTER_START anchor=E peers=7 sets=500
[AUTOPOS] ANCHOR_CTRL[2] notify: DBG MASTER_FIRST_PEER anchor=E peer=A
[AUTOPOS] ANCHOR_CTRL[2] notify: DBG MASTER_FIRST_RESULT anchor=E peer=A rx=0 status=0x008200f2
[AUTOPOS] SW-E,A,0,0,B,4269,100,C,3252,100,D,5284,100,F,3786,100,G,2985,100,H,5134,100
[AUTOPOS] SW-E,A,1634,100,B,4280,100,C,3239,100,D,5292,100,F,3801,100,G,3027,100,H,5103,100
[AUTOPOS] SW-E,A,1606,100,B,4298,100,C,3249,100,D,5319,100,F,3842,100,G,2949,100,H,5084,100
[AUTOPOS] SW-E,A,1552,100,B,4280,100,C,3218,100,D,5247,100,F,3806,100,G,2945,100,H,5139,100
[AUTOPOS] SW-E,A,1647,100,B,4290,100,C,3281,100,D,5288,100,F,3777,100,G,2982,100,H,5020,100
[AUTOPOS] SW-E,A,1521,100,B,4263,100,C,3222,100,D,5243,100,F,3779,100,G,2945,100,H,5146,100
[AUTOPOS] SW-E,A,1647,100,B,4344,100,C,3233,100,D,5255,100,F,3812,100,G,3053,100,H,5124,100
[AUTOPOS] SW-E,A,1544,100,B,4314,100,C,3241,100,D,5253,100,F,3797,100,G,2970,100,H,5110,100
[AUTOPOS] SW-E,A,1586,100,B,4308,100,C,3232,100,D,5293,100,F,3801,100,G,3013,100,H,5113,100
[AUTOPOS] SW-E,A,1552,100,B,4311,100,C,3216,100,D,5252,100,F,3800,100,G,2930,100,H,5081,100
[AUTOPOS] SW-E,A,1571,100,B,4274,100,C,3237,100,D,5318,100,F,3838,100,G,3030,100,H,5139,100
[AUTOPOS] SW-E,A,1636,100,B,4412,100,C,3236,100,D,5275,100,F,3850,100,G,2958,100,H,5093,100
[AUTOPOS] SW-E,A,1609,100,B,4311,100,C,3235,100,D,5252,100,F,3799,100,G,2935,100,H,5128,100
[AUTOPOS] SW-E,A,1586,100,B,4253,100,C,3241,100,D,5274,100,F,3819,100,G,2994,100,H,5128,100
[AUTOPOS] SW-E,A,1586,100,B,4268,100,C,3267,100,D,5218,100,F,3791,100,G,3001,100,H,5150,100
[AUTOPOS] SW-E,A,1646,93,B,4367,100,C,3186,100,D,5244,100,F,3812,100,G,2921,100,H,5131,100
[AUTOPOS] SW-E,A,1571,93,B,4317,100,C,3337,100,D,5265,100,F,3827,100,G,2947,100,H,5127,100
[AUTOPOS] SW-E,A,1619,94,B,4302,100,C,3220,100,D,5251,100,F,3814,100,G,3046,100,H,5086,100
[AUTOPOS] SW-E,A,1621,94,B,4276,100,C,3282,100,D,5248,100,F,3815,100,G,2914,100,H,5118,100
[AUTOPOS] SW-E,A,1581,94,B,4331,100,C,3245,100,D,5286,100,F,3804,100,G,3002,100,H,5135,100
[AUTOPOS] SW-E,A,1577,95,B,4258,100,C,3230,100,D,5325,100,F,3809,100,G,2964,100,H,5123,100
[AUTOPOS] SW-E,A,1585,95,B,4273,100,C,3188,100,D,5236,100,F,3815,100,G,2902,100,H,5094,100
[AUTOPOS] SW-E,A,1629,95,B,4284,100,C,3221,100,D,5304,100,F,3805,100,G,2926,100,H,5095,100
[AUTOPOS] SW-E,A,1623,95,B,4287,100,C,3215,100,D,5252,100,F,3804,100,G,2984,100,H,5034,100
[AUTOPOS] SW-E,A,1578,95,B,4264,100,C,3273,100,D,5233,100,F,3831,100,G,2891,100,H,5111,100
[AUTOPOS] SW-E,A,1638,96,B,4369,100,C,3276,100,D,5236,100,F,3800,100,G,2970,100,H,5138,100
[AUTOPOS] SW-E,A,1575,96,B,4318,100,C,3263,100,D,5307,100,F,3792,100,G,2969,100,H,5136,100
[AUTOPOS] SW-E,A,1617,92,B,4290,100,C,3239,100,D,5220,100,F,3837,100,G,2950,100,H,5114,100
[AUTOPOS] SW-E,A,1637,93,B,4239,100,C,3177,100,D,5227,100,F,3807,100,G,2917,100,H,5054,100
[AUTOPOS] SW-E,A,1619,93,B,4246,100,C,3174,100,D,5227,100,F,3806,100,G,2919,100,H,5131,100
[AUTOPOS] SW-E,A,1604,93,B,4303,100,C,3225,100,D,5317,96,F,3812,100,G,2947,100,H,5109,100
[AUTOPOS] SW-E,A,1601,93,B,4351,100,C,3256,100,D,5302,96,F,3797,100,G,2918,100,H,5110,100
[AUTOPOS] SW-E,A,1676,94,B,4305,100,C,3236,100,D,5245,100,F,3871,100,G,2979,100,H,5104,100
[AUTOPOS] SW-E,A,1634,94,B,4255,100,C,3230,100,D,5269,100,F,3784,100,G,2994,100,H,5123,100
[AUTOPOS] SW-E,A,1605,94,B,4256,100,C,3299,100,D,5262,100,F,3826,100,G,2945,100,H,5039,100
[AUTOPOS] SW-E,A,1640,95,B,4291,100,C,3214,100,D,5292,100,F,3834,100,G,3028,100,H,5097,100
[AUTOPOS] SW-E,A,1600,95,B,4325,100,C,3216,100,D,5260,100,F,3789,100,G,2965,100,H,5103,100
[AUTOPOS] SW-E,A,1643,95,B,4345,100,C,3223,100,D,5234,100,F,3807,100,G,2970,100,H,5122,100
[AUTOPOS] SW-E,A,1608,95,B,4250,100,C,3232,100,D,5238,100,F,3813,100,G,3001,100,H,5140,100
[AUTOPOS] SW-E,A,1673,95,B,4273,100,C,3221,100,D,5244,100,F,3780,100,G,2954,100,H,5118,100
[AUTOPOS] SW-E,A,1673,95,B,4305,100,C,3263,100,D,5292,100,F,3794,100,G,2920,100,H,5094,100
[AUTOPOS] SW-E,A,1610,92,B,4308,100,C,3217,100,D,5284,100,F,3796,100,G,3011,100,H,5138,100
[AUTOPOS] SW-E,A,1584,92,B,4316,100,C,3246,100,D,5302,100,F,3789,100,G,3069,100,H,5079,100
[AUTOPOS] SW-E,A,1621,92,B,4274,100,C,3216,100,D,5229,100,F,3887,100,G,2988,100,H,5126,100
[AUTOPOS] SW-E,A,1601,93,B,4304,100,C,3251,100,D,5233,100,F,3788,100,G,2910,100,H,5156,100
[AUTOPOS] SW-E,A,1601,93,B,4301,100,C,3219,100,D,5215,100,F,3814,100,G,2940,100,H,5039,100
[AUTOPOS] SW-E,A,1636,93,B,4282,100,C,3203,100,D,5258,100,F,3838,100,G,3003,100,H,5147,100
[AUTOPOS] SW-E,A,1628,93,B,4298,100,C,3217,100,D,5282,100,F,3831,100,G,2937,100,H,5164,100
[AUTOPOS] SW-E,A,1614,94,B,4303,100,C,3227,100,D,5237,100,F,3802,100,G,2943,100,H,5125,100
[AUTOPOS] SW-E,A,1591,94,B,4267,100,C,3312,100,D,5227,100,F,3789,100,G,2928,100,H,5092,100
[AUTOPOS] SW-E,A,1556,94,B,4307,100,C,3239,100,D,5249,100,F,3807,100,G,2986,100,H,5116,100
[AUTOPOS] Conn param updated[2]: int=56 lat=0 to=1000
[AUTOPOS] SW-E,A,1614,95,B,4245,100,C,3263,100,D,5296,100,F,3842,100,G,2961,100,H,5126,100
[AUTOPOS] SW-E,A,1588,95,B,4323,100,C,3255,100,D,5204,100,F,3790,100,G,2945,100,H,5012,100
[AUTOPOS] SW-E,A,1651,95,B,4285,100,C,3227,100,D,5305,100,F,3782,100,G,2951,100,H,5111,100
[AUTOPOS] SW-E,A,1596,95,B,4322,100,C,3221,100,D,5273,100,F,3886,100,G,2921,100,H,5135,100
[AUTOPOS] SW-E,A,1600,95,B,4289,100,C,3236,100,D,5247,100,F,3811,100,G,2996,100,H,5117,100
[AUTOPOS] SW-E,A,1625,96,B,4297,100,C,3191,100,D,5294,100,F,3810,100,G,2893,100,H,5132,100
[AUTOPOS] SW-E,A,1681,96,B,4341,100,C,3197,100,D,5236,100,F,3780,100,G,2996,100,H,5069,100
[AUTOPOS] SW-E,A,1570,96,B,4294,100,C,3204,100,D,5301,100,F,3821,100,G,2912,100,H,5085,100
[AUTOPOS] SW-E,A,1579,96,B,4314,100,C,3266,100,D,5238,100,F,3852,100,G,2984,100,H,5099,100
[AUTOPOS] SW-E,A,1573,96,B,4258,100,C,3235,100,D,5243,100,F,3857,100,G,2988,100,H,5162,100
[AUTOPOS] SW-E,A,1614,96,B,4294,100,C,3228,100,D,5302,100,F,3868,100,G,2998,100,H,5140,100
[AUTOPOS] SW-E,A,1596,96,B,4295,100,C,3264,100,D,5314,100,F,3825,100,G,2985,100,H,5105,100
[AUTOPOS] SW-E,A,1687,96,B,4348,100,C,3218,100,D,5345,100,F,3785,100,G,2932,100,H,5112,100
[AUTOPOS] SW-E,A,1640,100,B,4255,100,C,3225,100,D,5207,100,F,3833,100,G,2933,100,H,5043,100
[AUTOPOS] SW-E,A,1610,100,B,4282,100,C,3212,100,D,5272,100,F,3817,100,G,2907,100,H,5098,100
[AUTOPOS] SW-E,A,1617,100,B,4263,100,C,3316,100,D,5212,100,F,3803,100,G,2923,100,H,5094,100
[AUTOPOS] SW-E,A,1613,100,B,4338,100,C,3213,100,D,5275,100,F,43939,100,G,2970,100,H,5128,100
[AUTOPOS] SW-E,A,1579,100,B,4292,100,C,3243,100,D,5305,100,F,3846,100,G,2939,100,H,5101,100
[AUTOPOS] SW-E,A,1659,100,B,4262,100,C,3293,100,D,5268,100,F,3836,100,G,2929,100,H,5108,100
[AUTOPOS] SW-E,A,1676,100,B,4268,100,C,3264,100,D,5255,100,F,3791,100,G,2964,100,H,5105,100
[AUTOPOS] SW-E,A,1574,100,B,4264,100,C,3225,100,D,5229,100,F,3818,100,G,2931,100,H,5072,100
[AUTOPOS] SW-E,A,1622,100,B,4305,100,C,3177,100,D,5296,100,F,3839,100,G,2901,100,H,5109,100
[AUTOPOS] SW-E,A,1666,100,B,4234,100,C,3286,100,D,5223,100,F,3836,100,G,2947,100,H,5115,100
[AUTOPOS] SW-E,A,1630,100,B,4278,100,C,3244,100,D,5303,100,F,3818,100,G,3013,100,H,5117,100
[AUTOPOS] SW-E,A,1587,100,B,4307,100,C,3266,100,D,5253,100,F,3828,100,G,2982,100,H,5111,100
[AUTOPOS] SW-E,A,1577,100,B,4310,100,C,3248,100,D,5280,100,F,3841,100,G,2970,100,H,5108,100
[AUTOPOS] SW-E,A,1638,100,B,4264,100,C,3261,100,D,5345,100,F,3833,100,G,3015,100,H,5104,100
[AUTOPOS] SW-E,A,1619,100,B,4312,100,C,3228,100,D,5324,100,F,3824,100,G,2916,100,H,5116,100
[AUTOPOS] SW-E,A,1579,100,B,4258,100,C,3191,100,D,5286,100,F,3821,100,G,2894,100,H,5124,100
[AUTOPOS] SW-E,A,1646,100,B,4282,100,C,3221,100,D,5284,100,F,3828,100,G,2986,100,H,5103,100
[AUTOPOS] SW-E,A,1560,100,B,4261,100,C,3256,100,D,5250,100,F,3796,100,G,2965,100,H,5132,100
[AUTOPOS] SW-E,A,1652,100,B,4323,100,C,3247,100,D,5270,100,F,3821,100,G,2991,100,H,5123,100
[AUTOPOS] SW-E,A,1586,100,B,4279,100,C,3198,100,D,5265,100,F,3805,100,G,3005,100,H,5135,100
[AUTOPOS] SW-E,A,1578,100,B,4288,100,C,3204,100,D,5264,100,F,3839,100,G,3014,100,H,5102,100
[AUTOPOS] SW-E,A,1598,100,B,4263,100,C,3297,100,D,5266,100,F,3803,100,G,2946,100,H,5069,100
[AUTOPOS] SW-E,A,1654,100,B,4275,100,C,3244,100,D,5309,100,F,3812,100,G,2912,100,H,5124,100
[AUTOPOS] SW-E,A,1637,100,B,4312,100,C,3224,100,D,5233,100,F,3862,100,G,2915,100,H,5099,100
[AUTOPOS] SW-E,A,1574,100,B,4294,100,C,3196,100,D,5240,100,F,3806,100,G,2930,100,H,5125,100
[AUTOPOS] SW-E,A,1578,100,B,4317,100,C,3233,100,D,5246,100,F,3792,100,G,3004,100,H,5127,100
[AUTOPOS] SW-E,A,1603,100,B,4287,100,C,3202,100,D,5279,100,F,3832,100,G,2903,100,H,5044,100
[AUTOPOS] SW-E,A,1644,100,B,4260,100,C,3278,100,D,5242,100,F,3823,100,G,2958,100,H,5130,100
[AUTOPOS] SW-E,A,1604,100,B,4306,100,C,3242,100,D,5263,100,F,3855,100,G,2858,100,H,5114,100
[AUTOPOS] SW-E,A,1579,100,B,4336,100,C,3163,100,D,5221,100,F,3789,100,G,3016,100,H,5149,100
[AUTOPOS] SW-E,A,1629,100,B,4278,100,C,3229,100,D,5245,100,F,3828,100,G,2929,100,H,5085,100
[AUTOPOS] SW-E,A,1576,100,B,4318,100,C,3223,100,D,5305,100,F,3814,100,G,2950,100,H,5114,100
[AUTOPOS] SW-E,A,1601,100,B,4279,100,C,3230,100,D,5277,100,F,3818,100,G,2950,100,H,5110,100
[AUTOPOS] SW-E,A,1594,100,B,4365,100,C,3221,100,D,5281,100,F,3809,100,G,2880,100,H,5071,100
[AUTOPOS] SW-E,A,1619,100,B,4288,100,C,3278,100,D,5211,100,F,3801,100,G,3028,100,H,5135,100
[AUTOPOS] SW-E,A,1567,100,B,4290,100,C,3219,100,D,5245,100,F,3817,100,G,2926,100,H,5112,100
[AUTOPOS] SW-E,A,1657,100,B,4269,100,C,3251,100,D,5303,100,F,3852,100,G,2991,100,H,5128,100
[AUTOPOS] SW-E,A,1613,100,B,4255,100,C,3266,100,D,5290,100,F,3845,100,G,3045,100,H,5121,100
[AUTOPOS] SW-E,A,1625,100,B,4276,100,C,3196,100,D,5299,100,F,3800,100,G,3009,100,H,5061,100
[AUTOPOS] SW-E,A,1486,100,B,4270,100,C,3235,100,D,5304,100,F,3828,100,G,2943,100,H,5124,100
[AUTOPOS] SW-E,A,1614,100,B,4284,100,C,3300,100,D,5347,100,F,3801,100,G,2965,100,H,5081,100
[AUTOPOS] SW-E,A,1617,100,B,4322,100,C,3210,100,D,5282,100,F,3864,100,G,2956,100,H,5106,100
[AUTOPOS] SW-E,A,1657,100,B,4307,100,C,3159,100,D,5223,100,F,3852,100,G,2962,100,H,5087,100
[AUTOPOS] SW-E,A,1617,100,B,4259,100,C,3208,100,D,5302,100,F,3828,100,G,2969,100,H,5101,100
[AUTOPOS] SW-E,A,1671,100,B,4284,100,C,3254,100,D,5316,100,F,3811,100,G,3007,100,H,5108,100
[AUTOPOS] SW-E,A,1691,100,B,4352,100,C,3202,100,D,5311,100,F,3839,100,G,2908,100,H,5058,100
[AUTOPOS] SW-E,A,1633,100,B,4277,100,C,3228,100,D,5262,100,F,3800,100,G,2978,100,H,5082,100
[AUTOPOS] SW-E,A,1618,100,B,4320,100,C,3288,100,D,5306,100,F,3864,100,G,2960,100,H,5037,100
[AUTOPOS] SW-E,A,1619,100,B,4276,100,C,3273,100,D,5264,100,F,3823,100,G,2909,100,H,5109,100
[AUTOPOS] SW-E,A,1580,100,B,4341,100,C,3195,100,D,5221,100,F,3833,100,G,2998,100,H,5119,100
[AUTOPOS] SW-E,A,1580,100,B,4325,100,C,3264,100,D,5303,100,F,3840,100,G,2938,100,H,5100,100
[AUTOPOS] SW-E,A,1622,95,B,4352,100,C,3213,100,D,5276,100,F,3829,100,G,2905,100,H,5126,100
[AUTOPOS] SW-E,A,1647,95,B,4309,100,C,3307,100,D,5214,100,F,3822,100,G,2941,100,H,5090,100
[AUTOPOS] SW-E,A,1572,95,B,4313,100,C,3233,100,D,5272,100,F,3827,100,G,2939,100,H,5094,100
[AUTOPOS] SW-E,A,1642,95,B,4274,100,C,3175,100,D,5245,100,F,3864,100,G,2937,100,H,5068,100
[AUTOPOS] SW-E,A,1604,95,B,4353,100,C,3270,100,D,5218,100,F,3830,100,G,3016,100,H,5156,100
[AUTOPOS] SW-E,A,1680,96,B,4285,100,C,3198,100,D,5242,100,F,3799,100,G,2932,100,H,5108,100
[AUTOPOS] SW-E,A,1685,96,B,4278,100,C,3245,100,D,5260,100,F,3824,100,G,2951,100,H,5153,100
[AUTOPOS] SW-E,A,1597,96,B,4256,100,C,3180,100,D,5256,100,F,3802,100,G,2910,100,H,5114,100
[AUTOPOS] SW-E,A,1551,96,B,4281,100,C,3256,100,D,5284,100,F,3848,100,G,2981,100,H,5047,100
[AUTOPOS] SW-E,A,1590,96,B,4330,100,C,3233,100,D,5252,100,F,3797,100,G,2935,100,H,5160,100
[AUTOPOS] SW-E,A,1613,96,B,4283,100,C,3226,100,D,5302,100,F,3820,100,G,2870,100,H,5147,100
[AUTOPOS] SW-E,A,1591,96,B,4263,100,C,3288,100,D,5275,100,F,3853,100,G,2953,100,H,5132,100
[AUTOPOS] SW-E,A,1571,96,B,4255,100,C,3275,100,D,5258,100,F,3840,100,G,2957,100,H,5102,100
[AUTOPOS] SW-E,A,1558,100,B,4268,100,C,3274,100,D,5264,100,F,3839,100,G,2935,100,H,5102,100
[AUTOPOS] SW-E,A,1571,100,B,4260,100,C,3274,100,D,5255,100,F,3801,100,G,2962,100,H,5112,100
[AUTOPOS] SW-E,A,1690,100,B,4322,100,C,3203,94,D,5243,100,F,3816,100,G,2971,100,H,5089,100
[AUTOPOS] SW-E,A,1630,100,B,4256,100,C,3226,95,D,5290,100,F,3799,100,G,2927,100,H,5142,100
[AUTOPOS] SW-E,A,1578,100,B,4291,100,C,3266,95,D,5266,100,F,3802,100,G,3004,100,H,5106,100
[AUTOPOS] SW-E,A,1550,100,B,4327,100,C,3272,95,D,5259,100,F,3850,100,G,2959,100,H,5107,100
[AUTOPOS] SW-E,A,1638,100,B,4313,100,C,3224,95,D,5259,100,F,3821,100,G,2978,100,H,5120,100
[AUTOPOS] SW-E,A,1699,100,B,4348,100,C,3198,95,D,5304,100,F,3831,100,G,2991,100,H,5086,100
[AUTOPOS] SW-E,A,1661,100,B,4260,100,C,3225,96,D,5228,100,F,3851,100,G,3023,100,H,5117,100
[AUTOPOS] SW-E,A,1647,100,B,4326,100,C,3240,96,D,5302,100,F,3850,100,G,2948,100,H,5079,100
[AUTOPOS] SW-E,A,1581,100,B,4302,100,C,3234,96,D,5215,100,F,3850,100,G,2945,100,H,5119,100
[AUTOPOS] SW-E,A,1674,100,B,4274,100,C,3223,96,D,5248,100,F,3785,96,G,2963,100,H,5104,100
[AUTOPOS] SW-E,A,1574,100,B,4272,100,C,3280,96,D,5245,100,F,3781,96,G,2948,100,H,5106,100
[AUTOPOS] SW-E,A,1574,100,B,4312,100,C,3222,96,D,5237,100,F,3835,96,G,2924,100,H,5101,100
[AUTOPOS] SW-E,A,1621,96,B,4331,100,C,3262,96,D,5311,100,F,3839,96,G,2980,100,H,5092,100
[AUTOPOS] SW-E,A,1613,96,B,4370,100,C,3262,96,D,5280,100,F,3810,96,G,2953,100,H,5072,100
[AUTOPOS] SW-E,A,1662,100,B,4252,100,C,3216,100,D,5280,100,F,3808,100,G,2911,100,H,5080,100
[AUTOPOS] SW-E,A,1590,100,B,4323,100,C,3310,100,D,5275,94,F,3826,100,G,2968,100,H,5106,100
[AUTOPOS] SW-E,A,1637,100,B,4272,100,C,3233,100,D,5241,94,F,3846,100,G,2894,100,H,5121,100
[AUTOPOS] SW-E,A,1613,100,B,4258,100,C,3245,100,D,5291,95,F,3796,100,G,2935,100,H,5101,100
[AUTOPOS] SW-E,A,1633,100,B,4328,100,C,3225,100,D,5271,95,F,3840,100,G,2923,100,H,5138,100
[AUTOPOS] SW-E,A,1518,100,B,4234,100,C,3192,100,D,5248,95,F,3842,100,G,2912,100,H,5075,100
[AUTOPOS] SW-E,A,1588,100,B,4291,100,C,3216,100,D,5289,95,F,3812,100,G,2959,100,H,5131,100
[AUTOPOS] SW-E,A,1581,100,B,4265,100,C,3204,100,D,5296,95,F,3873,100,G,2960,100,H,5128,100
[AUTOPOS] SW-E,A,1601,100,B,4258,100,C,3224,100,D,5230,96,F,3833,100,G,2968,100,H,5086,100
[AUTOPOS] SW-E,A,1588,100,B,4299,100,C,3235,100,D,5247,96,F,3831,100,G,2951,100,H,5113,100
[AUTOPOS] SW-E,A,1648,100,B,4278,100,C,3173,100,D,5252,96,F,3832,100,G,3000,100,H,5152,100
[AUTOPOS] SW-E,A,1585,100,B,4290,100,C,3225,100,D,5250,96,F,3844,100,G,3006,100,H,5124,100
[AUTOPOS] SW-E,A,1583,100,B,4298,100,C,3266,100,D,5246,96,F,3838,100,G,2914,100,H,5089,100
[AUTOPOS] SW-E,A,1637,100,B,4282,100,C,3232,100,D,5267,96,F,3822,100,G,3048,100,H,5143,100
[AUTOPOS] SW-E,A,1664,100,B,4268,100,C,3202,100,D,5245,96,F,3805,100,G,2946,100,H,5136,100
[AUTOPOS] SW-E,A,1609,100,B,4307,100,C,3256,100,D,5248,96,F,3816,100,G,2959,100,H,5113,100
[AUTOPOS] SW-E,A,1693,100,B,4262,100,C,3212,100,D,5290,100,F,3812,100,G,2922,100,H,5118,100
[AUTOPOS] SW-E,A,1663,100,B,4330,100,C,3223,100,D,5296,100,F,3815,100,G,2977,100,H,5153,100
[AUTOPOS] SW-E,A,1663,100,B,4253,100,C,3281,100,D,5228,100,F,3860,100,G,3019,100,H,5108,100
[AUTOPOS] SW-E,A,1694,95,B,4254,100,C,3223,100,D,5245,100,F,3792,100,G,2914,100,H,5054,100
[AUTOPOS] SW-E,A,1667,95,B,4301,100,C,3188,100,D,5290,100,F,3844,100,G,2990,100,H,5137,100
[AUTOPOS] SW-E,A,1622,95,B,4218,100,C,3269,100,D,5250,100,F,3832,100,G,2903,100,H,5075,100
[AUTOPOS] SW-E,A,1642,95,B,4279,100,C,3270,100,D,5295,100,F,3832,100,G,3021,100,H,5103,100
[AUTOPOS] SW-E,A,1572,95,B,4301,100,C,3250,100,D,5273,100,F,3814,100,G,3026,100,H,5122,100
[AUTOPOS] SW-E,A,1576,96,B,4347,100,C,3273,100,D,5242,100,F,3790,100,G,2950,100,H,5047,100
[AUTOPOS] SW-E,A,1576,96,B,4357,100,C,3288,100,D,5306,100,F,3817,100,G,2937,100,H,5128,100
[AUTOPOS] SW-E,A,1576,96,B,4251,100,C,3238,100,D,5263,100,F,3799,100,G,2918,100,H,5098,100
[AUTOPOS] SW-E,A,1583,92,B,4366,100,C,3233,100,D,5277,100,F,3816,100,G,2947,100,H,5106,100
[AUTOPOS] SW-E,A,1639,93,B,4268,100,C,3200,100,D,5237,100,F,3788,100,G,3001,100,H,5122,100
[AUTOPOS] SW-E,A,1606,93,B,4274,100,C,3312,100,D,5293,100,F,3828,100,G,2945,100,H,5125,100
[AUTOPOS] SW-E,A,1600,93,B,4302,100,C,3258,100,D,5271,100,F,3814,100,G,2947,100,H,5119,100
[AUTOPOS] SW-E,A,1637,93,B,4274,100,C,3201,100,D,5302,100,F,3843,100,G,2989,100,H,5058,100
[AUTOPOS] SW-E,A,1652,94,B,4276,100,C,3203,100,D,5232,100,F,3820,100,G,2925,100,H,5129,100
[AUTOPOS] SW-E,A,1647,94,B,4288,100,C,3269,100,D,5230,100,F,3839,100,G,2908,100,H,5136,100
[AUTOPOS] SW-E,A,1597,94,B,4283,100,C,3195,100,D,5288,100,F,3821,100,G,2957,100,H,5128,100
[AUTOPOS] SW-E,A,1587,95,B,4307,100,C,3277,100,D,5265,100,F,3832,100,G,2978,100,H,5114,100
[AUTOPOS] SW-E,A,1576,95,B,4278,100,C,3237,100,D,5286,100,F,3811,100,G,2960,100,H,5107,100
[AUTOPOS] SW-E,A,1677,95,B,4287,100,C,3179,100,D,5266,100,F,3801,100,G,3034,100,H,5091,100
[AUTOPOS] SW-E,A,1599,95,B,4289,100,C,3263,100,D,5319,100,F,3833,100,G,2900,100,H,5102,100
[AUTOPOS] SW-E,A,1625,95,B,4257,100,C,3224,100,D,5227,100,F,3830,100,G,3055,100,H,5083,100
[AUTOPOS] SW-E,A,1655,96,B,4279,100,C,3291,100,D,5256,100,F,3792,100,G,2887,100,H,5114,100
[AUTOPOS] SW-E,A,1634,96,B,4237,100,C,3207,100,D,5267,100,F,3812,100,G,2983,100,H,5096,100
[AUTOPOS] SW-E,A,1613,96,B,4315,100,C,3219,100,D,5217,100,F,3825,100,G,3015,100,H,5117,100
[AUTOPOS] SW-E,A,1613,96,B,4301,100,C,3216,100,D,5288,100,F,3807,100,G,2967,100,H,5127,100
[AUTOPOS] SW-E,A,1535,93,B,4302,100,C,3214,100,D,5290,100,F,3816,100,G,3007,100,H,5114,100
[AUTOPOS] SW-E,A,1643,93,B,4291,100,C,3203,100,D,5306,100,F,3847,100,G,2975,100,H,5033,100
[AUTOPOS] SW-E,A,1665,93,B,4273,100,C,3229,100,D,5270,100,F,3853,100,G,2944,100,H,5102,100
[AUTOPOS] SW-E,A,1646,93,B,4254,100,C,3200,100,D,5245,100,F,3822,100,G,2944,100,H,5150,100
[AUTOPOS] SW-E,A,1565,94,B,4304,100,C,3243,100,D,5289,100,F,3879,100,G,2966,100,H,5083,100
[AUTOPOS] SW-E,A,1623,94,B,4286,100,C,3260,100,D,5258,100,F,3791,100,G,2939,100,H,5132,100
[AUTOPOS] SW-E,A,1615,94,B,4283,100,C,3214,100,D,5249,100,F,3827,100,G,2987,100,H,5110,100
[AUTOPOS] SW-E,A,1606,95,B,4291,100,C,3216,100,D,5297,100,F,3838,100,G,2951,100,H,5123,100
[AUTOPOS] SW-E,A,1630,95,B,4237,100,C,3224,100,D,5246,100,F,3830,100,G,2987,100,H,5116,100
[AUTOPOS] SW-E,A,1668,95,B,4309,100,C,3283,100,D,5309,100,F,3831,100,G,2909,100,H,5159,100
[AUTOPOS] SW-E,A,1669,95,B,4291,100,C,3234,100,D,5243,100,F,3833,100,G,2954,100,H,5082,100
[AUTOPOS] SW-E,A,1621,95,B,4266,100,C,3220,100,D,5272,100,F,3810,100,G,2900,100,H,5130,100
[AUTOPOS] SW-E,A,1636,96,B,4272,100,C,3273,100,D,5216,100,F,3792,100,G,2962,100,H,5091,100
[AUTOPOS] SW-E,A,1636,96,B,4269,100,C,3233,100,D,5321,100,F,3817,100,G,3024,100,H,5125,100
[AUTOPOS] SW-E,A,1610,92,B,4262,100,C,3239,100,D,5245,100,F,3838,100,G,2922,100,H,5099,100
[AUTOPOS] SW-E,A,1608,92,B,4270,100,C,3231,100,D,5228,100,F,3841,100,G,2922,100,H,5091,100
[AUTOPOS] SW-E,A,1646,93,B,4278,100,C,3214,100,D,5256,100,F,3848,100,G,3019,100,H,5136,100
[AUTOPOS] SW-E,A,1550,93,B,4334,100,C,3223,100,D,5258,100,F,3838,100,G,2909,100,H,5098,100
[AUTOPOS] SW-E,A,1657,93,B,4252,100,C,3232,100,D,5282,100,F,3823,100,G,2990,100,H,5138,100
[AUTOPOS] SW-E,A,1585,93,B,4281,100,C,3218,100,D,5314,100,F,3808,100,G,2948,100,H,5073,100
[AUTOPOS] SW-E,A,1640,94,B,4286,100,C,3224,100,D,5250,100,F,3837,100,G,2950,100,H,5124,100
[AUTOPOS] SW-E,A,1606,94,B,4292,100,C,3248,100,D,5240,100,F,3821,100,G,2925,100,H,5009,100
[AUTOPOS] SW-E,A,1674,94,B,4249,100,C,3192,100,D,5272,100,F,3818,100,G,2955,100,H,5117,100
[AUTOPOS] SW-E,A,1656,95,B,4299,100,C,3187,100,D,5310,100,F,3796,100,G,2974,100,H,5118,100
[AUTOPOS] SW-E,A,1656,95,B,4246,100,C,3277,100,D,5305,100,F,3837,100,G,2975,100,H,5147,100
[AUTOPOS] SW-E,A,1608,90,B,4303,100,C,3262,100,D,5277,100,F,3883,100,G,2931,100,H,5121,100
[AUTOPOS] SW-E,A,1630,91,B,4262,100,C,3265,100,D,5266,100,F,3812,100,G,2968,100,H,5075,100
[AUTOPOS] SW-E,A,1602,91,B,4267,100,C,3302,100,D,5260,100,F,3824,100,G,3021,100,H,5094,100
[AUTOPOS] SW-E,A,1624,92,B,4276,100,C,3240,100,D,5278,100,F,3846,100,G,2913,100,H,5121,100
[AUTOPOS] SW-E,A,1570,92,B,4259,100,C,3233,100,D,5251,100,F,3830,100,G,2941,100,H,5094,100
[AUTOPOS] SW-E,A,1612,92,B,4369,100,C,3207,100,D,5277,100,F,3834,100,G,2988,100,H,5097,100
[AUTOPOS] SW-E,A,1630,92,B,4274,100,C,3191,100,D,5251,100,F,3809,100,G,3005,100,H,5097,100
[AUTOPOS] SW-E,A,1593,93,B,4287,100,C,3216,100,D,5271,100,F,3829,100,G,2952,100,H,5143,100
[AUTOPOS] SW-E,A,1632,93,B,4256,100,C,3201,100,D,5236,100,F,3805,100,G,2952,100,H,5063,100
[AUTOPOS] SW-E,A,1606,93,B,4288,100,C,3240,100,D,5274,100,F,3836,100,G,2956,100,H,5120,100
[AUTOPOS] SW-E,A,1627,93,B,4315,100,C,3219,100,D,5321,100,F,3834,100,G,2954,100,H,5127,100
[AUTOPOS] SW-E,A,1601,94,B,4346,100,C,3205,100,D,5239,100,F,3800,100,G,2951,100,H,5123,100
[AUTOPOS] SW-E,A,1651,94,B,4240,100,C,3236,100,D,5264,100,F,3852,100,G,2958,100,H,5122,100
[AUTOPOS] SW-E,A,1613,94,B,4288,100,C,3212,100,D,5312,100,F,3786,100,G,2954,100,H,5124,100
[AUTOPOS] SW-E,A,1602,95,B,4241,100,C,3251,100,D,5313,100,F,3814,100,G,2944,100,H,5098,100
[AUTOPOS] SW-E,A,1657,95,B,4278,100,C,3261,100,D,5296,100,F,3828,100,G,3014,100,H,5058,100
[AUTOPOS] SW-E,A,1585,95,B,4267,100,C,3200,100,D,5228,100,F,3871,100,G,2958,100,H,5169,100
[AUTOPOS] SW-E,A,1649,95,B,4324,100,C,3275,100,D,5270,100,F,3815,100,G,2895,100,H,5190,100
[AUTOPOS] SW-E,A,1667,95,B,4278,100,C,3250,100,D,5246,100,F,3849,100,G,3046,100,H,5125,100
[AUTOPOS] SW-E,A,1632,96,B,4233,100,C,3178,100,D,5257,100,F,3812,100,G,2993,100,H,5136,100
[AUTOPOS] SW-E,A,1630,96,B,4259,100,C,3267,100,D,5279,100,F,3820,100,G,2997,100,H,5121,100
[AUTOPOS] SW-E,A,1620,96,B,4313,100,C,3246,100,D,5237,100,F,3857,100,G,2924,100,H,5113,100
[AUTOPOS] SW-E,A,1630,96,B,4325,100,C,3202,100,D,5235,100,F,3849,100,G,3003,100,H,5143,100
[AUTOPOS] SW-E,A,1648,96,B,4289,100,C,3237,100,D,5282,100,F,3824,100,G,2966,100,H,5128,100
[AUTOPOS] SW-E,A,1603,96,B,4303,100,C,3172,100,D,5275,100,F,3840,100,G,3007,100,H,5106,100
[AUTOPOS] SW-E,A,1631,96,B,4276,100,C,3284,100,D,5250,100,F,3839,100,G,3015,100,H,5110,100
[AUTOPOS] SW-E,A,1649,96,B,4309,100,C,3205,100,D,5254,100,F,3853,100,G,2960,100,H,5091,100
[AUTOPOS] SW-E,A,1618,100,B,4294,100,C,3293,100,D,5244,100,F,3847,100,G,2947,100,H,5107,100
[AUTOPOS] SW-E,A,1659,100,B,4281,100,C,3182,100,D,5248,100,F,3855,100,G,2936,100,H,5104,100
[AUTOPOS] SW-E,A,1608,100,B,4289,100,C,3241,100,D,5272,100,F,3818,100,G,2973,100,H,5085,100
[AUTOPOS] SW-E,A,1645,100,B,4281,100,C,3198,100,D,5287,100,F,3803,100,G,2997,100,H,5157,100
[AUTOPOS] SW-E,A,1653,100,B,4314,100,C,3211,100,D,5280,100,F,3802,100,G,3000,100,H,5046,100
[AUTOPOS] SW-E,A,1678,100,B,4322,100,C,3289,100,D,5288,100,F,3832,100,G,2935,100,H,5100,100
[AUTOPOS] SW-E,A,1521,100,B,4269,100,C,3185,100,D,5296,100,F,3802,100,G,3029,100,H,5118,100
[AUTOPOS] SW-E,A,1630,100,B,4209,100,C,3234,100,D,5301,100,F,3824,100,G,2919,100,H,5130,100
[AUTOPOS] SW-E,A,1662,100,B,4270,100,C,3204,100,D,5262,100,F,3855,100,G,2973,100,H,5129,100
[AUTOPOS] SW-E,A,1669,100,B,4263,100,C,3153,100,D,5265,100,F,3804,100,G,2983,100,H,5057,100
[AUTOPOS] SW-E,A,1598,100,B,4319,100,C,3266,100,D,5297,100,F,3859,100,G,2928,100,H,5103,96
[AUTOPOS] SW-E,A,1620,100,B,4236,100,C,3235,100,D,5267,100,F,3808,100,G,2913,100,H,5058,96
[AUTOPOS] SW-E,A,1658,100,B,4278,100,C,3218,100,D,5233,100,F,3793,100,G,2944,100,H,5122,96
[AUTOPOS] SW-E,A,1656,100,B,4322,100,C,3190,100,D,5272,100,F,3831,100,G,2990,100,H,5131,96
[AUTOPOS] SW-E,A,1593,100,B,4311,100,C,3219,100,D,5283,100,F,3843,100,G,2981,100,H,5100,96
[AUTOPOS] SW-E,A,1615,100,B,4307,100,C,3264,100,D,5323,100,F,3840,100,G,2925,100,H,5120,100
[AUTOPOS] SW-E,A,1645,100,B,4260,100,C,3224,100,D,5315,100,F,3820,100,G,2976,100,H,5056,100
[AUTOPOS] SW-E,A,1603,100,B,4316,100,C,3225,100,D,5278,100,F,3830,100,G,3013,100,H,5120,100
[AUTOPOS] SW-E,A,1594,100,B,4265,100,C,3190,100,D,5222,100,F,3888,100,G,2972,100,H,5030,100
[AUTOPOS] SW-E,A,1645,100,B,4306,100,C,3198,100,D,5254,100,F,3836,100,G,2969,100,H,5103,100
[AUTOPOS] SW-E,A,1602,100,B,4257,100,C,3199,100,D,5310,100,F,3821,100,G,2956,100,H,5113,100
[AUTOPOS] SW-E,A,1679,100,B,4319,100,C,3193,100,D,5292,100,F,3810,100,G,3013,100,H,5144,100
[AUTOPOS] SW-E,A,1641,100,B,4277,100,C,3198,100,D,5313,100,F,3900,100,G,3021,100,H,5156,100
[AUTOPOS] SW-E,A,1630,100,B,4282,100,C,3230,100,D,5239,100,F,3810,100,G,2942,100,H,5073,100
[AUTOPOS] SW-E,A,1646,100,B,4235,100,C,3244,100,D,5260,100,F,3798,100,G,2925,100,H,5136,100
[AUTOPOS] SW-E,A,1636,100,B,4279,100,C,3237,100,D,5264,100,F,3841,100,G,2917,100,H,5138,100
[AUTOPOS] SW-E,A,1604,100,B,4325,100,C,3239,100,D,5284,100,F,3830,100,G,3015,100,H,5117,100
[AUTOPOS] SW-E,A,1607,100,B,4306,100,C,3249,100,D,5296,100,F,3836,100,G,2987,100,H,5130,100
[AUTOPOS] SW-E,A,1632,100,B,4258,100,C,3262,100,D,5315,100,F,3811,100,G,2965,100,H,5105,100
[AUTOPOS] SW-E,A,1632,100,B,4359,100,C,3206,100,D,5304,100,F,3811,100,G,2949,100,H,5095,100
[AUTOPOS] SW-E,A,1617,100,B,4260,100,C,3249,100,D,5254,100,F,3784,96,G,2949,100,H,5074,100
[AUTOPOS] SW-E,A,1666,100,B,4280,100,C,3234,100,D,5264,100,F,3812,96,G,2950,96,H,5141,100
[AUTOPOS] SW-E,A,1650,100,B,4257,100,C,3195,100,D,5243,100,F,3827,100,G,2982,100,H,5104,100
[AUTOPOS] SW-E,A,1628,100,B,4276,100,C,3206,100,D,5273,100,F,3812,100,G,2952,100,H,5116,100
[AUTOPOS] SW-E,A,1632,100,B,4323,100,C,3218,100,D,5274,100,F,3838,100,G,3025,100,H,5112,100
[AUTOPOS] SW-E,A,1625,100,B,4265,100,C,3218,100,D,5240,100,F,3849,100,G,2890,100,H,5013,100
[AUTOPOS] SW-E,A,1613,100,B,4261,100,C,3232,95,D,5227,100,F,3858,100,G,2944,100,H,5135,100
[AUTOPOS] SW-E,A,1633,100,B,4329,100,C,3277,95,D,5237,100,F,3835,100,G,2927,100,H,5101,100
[AUTOPOS] SW-E,A,1545,100,B,4307,100,C,3226,95,D,5270,100,F,3821,100,G,2980,100,H,5147,100
[AUTOPOS] SW-E,A,1617,100,B,4260,100,C,3227,95,D,5297,100,F,3816,100,G,2949,100,H,5099,100
[AUTOPOS] SW-E,A,1614,100,B,4326,100,C,3219,96,D,5229,100,F,3799,100,G,2994,100,H,5085,100
[AUTOPOS] SW-E,A,1622,100,B,4340,100,C,3221,96,D,5257,100,F,3819,100,G,2971,100,H,5119,100
[AUTOPOS] SW-E,A,1645,100,B,4281,100,C,3244,96,D,5252,100,F,3830,100,G,3003,100,H,5115,100
[AUTOPOS] SW-E,A,1615,100,B,4293,100,C,3271,96,D,5259,100,F,3819,100,G,3006,100,H,5102,100
[AUTOPOS] SW-E,A,1646,100,B,4302,100,C,3263,96,D,5285,100,F,3835,100,G,2961,100,H,5120,100
[AUTOPOS] SW-E,A,1606,100,B,4308,100,C,3188,96,D,5284,100,F,3830,100,G,2938,100,H,5113,100
[AUTOPOS] SW-E,A,1628,100,B,4322,100,C,3210,96,D,5294,100,F,3858,100,G,2931,100,H,5133,100
[AUTOPOS] SW-E,A,1628,100,B,4215,100,C,3210,96,D,5287,100,F,3827,100,G,2989,100,H,5078,100
[AUTOPOS] SW-E,A,1640,100,B,4340,100,C,3294,100,D,5214,100,F,3814,100,G,2977,100,H,5131,100
[AUTOPOS] SW-E,A,1612,100,B,4325,100,C,3253,100,D,5276,100,F,3818,100,G,3021,100,H,5093,100
[AUTOPOS] SW-E,A,1625,100,B,4254,100,C,3244,100,D,5279,100,F,3809,100,G,2987,100,H,5105,100
[AUTOPOS] SW-E,A,1648,100,B,4333,100,C,3222,100,D,5288,100,F,3862,100,G,3019,100,H,5073,100
[AUTOPOS] SW-E,A,1625,100,B,4295,100,C,3242,100,D,5267,100,F,3830,100,G,2992,100,H,5143,100
[AUTOPOS] SW-E,A,1639,100,B,4272,100,C,3162,100,D,5246,100,F,3825,100,G,2981,100,H,5114,100
[AUTOPOS] SW-E,A,1654,100,B,4257,100,C,3202,100,D,5232,100,F,3793,100,G,2925,100,H,5083,100
[AUTOPOS] SW-E,A,1639,100,B,4330,100,C,3281,100,D,5278,100,F,3810,100,G,2980,100,H,5105,100
[AUTOPOS] SW-E,A,1626,100,B,4312,100,C,3231,100,D,5261,100,F,3820,100,G,3067,100,H,5109,100
[AUTOPOS] SW-E,A,1614,100,B,4310,100,C,3271,100,D,5268,100,F,3831,100,G,2947,100,H,5109,100
[AUTOPOS] SW-E,A,1665,100,B,4322,100,C,3222,100,D,5250,100,F,3820,100,G,3017,100,H,5136,96
[AUTOPOS] SW-E,A,1634,100,B,4316,100,C,3209,100,D,5291,100,F,3830,100,G,2949,100,H,5120,96
[AUTOPOS] SW-E,A,1634,100,B,4198,100,C,3335,100,D,5230,100,F,3831,100,G,2943,100,H,5119,96
[AUTOPOS] SW-E,A,1599,96,B,4348,100,C,3200,100,D,5237,100,F,3821,100,G,3018,100,H,5117,96
[AUTOPOS] SW-E,A,1616,96,B,4299,100,C,3212,100,D,5277,100,F,3850,100,G,2922,100,H,5103,96
[AUTOPOS] SW-E,A,1658,96,B,4298,100,C,3210,100,D,5347,100,F,3822,100,G,2921,100,H,5153,100
[AUTOPOS] SW-E,A,1608,100,B,4338,100,C,3246,100,D,5293,100,F,3871,100,G,3026,100,H,5110,100
[AUTOPOS] SW-E,A,1677,100,B,4283,100,C,3254,100,D,5259,100,F,3829,100,G,2971,100,H,5087,100
[AUTOPOS] SW-E,A,1653,100,B,4342,100,C,3253,100,D,5257,100,F,3857,100,G,3003,100,H,5094,100
[AUTOPOS] SW-E,A,1643,100,B,4305,100,C,3239,100,D,5279,100,F,3805,100,G,2919,100,H,5143,100
[AUTOPOS] SW-E,A,1704,100,B,4316,100,C,3282,100,D,5207,100,F,3840,100,G,2951,100,H,5094,100
[AUTOPOS] SW-E,A,1610,100,B,4312,100,C,3276,100,D,5278,100,F,3875,100,G,2920,100,H,5151,100
[AUTOPOS] SW-E,A,1586,100,B,4308,100,C,3201,100,D,5290,100,F,3782,100,G,2977,100,H,5151,100
[AUTOPOS] SW-E,A,1623,100,B,4312,100,C,3185,100,D,5289,100,F,3798,100,G,2966,100,H,5081,96
[AUTOPOS] SW-E,A,1641,100,B,4257,100,C,3143,100,D,5291,100,F,3843,100,G,2957,100,H,5082,96
[AUTOPOS] SW-E,A,1624,100,B,4302,100,C,3217,100,D,5262,100,F,3817,100,G,2950,100,H,5107,96
[AUTOPOS] SW-E,A,1616,100,B,4279,100,C,3273,100,D,5270,100,F,3823,100,G,3004,100,H,5152,96
[AUTOPOS] SW-E,A,1562,100,B,4275,100,C,3237,100,D,5275,100,F,3841,100,G,2941,100,H,5111,96
[AUTOPOS] SW-E,A,1626,100,B,4282,100,C,3319,100,D,5203,100,F,3878,100,G,2988,100,H,5109,96
[AUTOPOS] SW-E,A,1634,100,B,4343,100,C,3198,100,D,5257,100,F,3814,100,G,2956,100,H,5142,96
[AUTOPOS] SW-E,A,1600,100,B,4295,100,C,3216,100,D,5315,100,F,3815,100,G,2934,100,H,5122,96
[AUTOPOS] SW-E,A,1642,100,B,4284,100,C,3268,100,D,5289,100,F,3839,100,G,2956,100,H,5102,100
[AUTOPOS] SW-E,A,1646,100,B,4260,100,C,3249,100,D,5308,100,F,3811,100,G,2942,100,H,5110,100
[AUTOPOS] SW-E,A,1604,100,B,4274,100,C,3249,100,D,5277,100,F,3859,100,G,2972,100,H,5118,100
[AUTOPOS] SW-E,A,1612,100,B,4258,100,C,3210,94,D,5277,100,F,3822,100,G,2966,100,H,5110,100
[AUTOPOS] SW-E,A,1627,100,B,4292,100,C,3250,95,D,5234,95,F,3810,100,G,2954,100,H,5113,100
[AUTOPOS] SW-E,A,1628,100,B,4321,100,C,3182,95,D,5253,95,F,3834,100,G,2897,100,H,5115,100
[AUTOPOS] SW-E,A,1618,100,B,4310,100,C,3240,95,D,5218,95,F,3820,100,G,2921,100,H,5137,100
[AUTOPOS] SW-E,A,1642,100,B,4262,100,C,3286,95,D,5289,95,F,3814,100,G,2941,100,H,5142,100
[AUTOPOS] SW-E,A,1595,100,B,4336,100,C,3191,95,D,5294,95,F,3840,100,G,2948,100,H,5136,100
[AUTOPOS] SW-E,A,1626,100,B,4266,100,C,3191,95,D,5255,96,F,3831,100,G,2930,100,H,5084,100
[AUTOPOS] SW-E,A,1618,100,B,4279,100,C,3258,92,D,5229,96,F,3832,100,G,2956,100,H,5116,100
[AUTOPOS] SW-E,A,1643,100,B,4312,100,C,3316,92,D,5212,96,F,3855,100,G,2945,100,H,5095,100
[AUTOPOS] SW-E,A,1597,100,B,4266,100,C,3209,92,D,5287,96,F,3832,100,G,2956,100,H,5152,100
[AUTOPOS] SW-E,A,1626,100,B,4242,100,C,3190,93,D,5259,96,F,3842,100,G,2910,100,H,5126,100
[AUTOPOS] SW-E,A,1603,100,B,4232,100,C,3240,93,D,5235,96,F,3814,100,G,3012,100,H,5094,100
[AUTOPOS] SW-E,A,1603,100,B,4232,100,C,3199,93,D,5281,96,F,3828,100,G,2937,100,H,5107,100
[AUTOPOS] SW-E,A,1624,100,B,4279,96,C,3280,93,D,5274,96,F,3827,100,G,2965,100,H,5088,100
[AUTOPOS] SW-E,A,1588,100,B,4273,100,C,3215,94,D,5313,100,F,3866,100,G,2961,100,H,5099,100
[AUTOPOS] SW-E,A,1599,100,B,4287,100,C,3240,94,D,5263,100,F,3800,100,G,3024,100,H,5108,100
[AUTOPOS] SW-E,A,1650,100,B,4242,100,C,3242,94,D,5255,100,F,3825,100,G,2935,100,H,5117,100
[AUTOPOS] SW-E,A,1694,100,B,4269,100,C,3237,95,D,5260,100,F,3859,100,G,2975,100,H,5101,100
[AUTOPOS] SW-E,A,1694,100,B,4237,100,C,3246,95,D,5277,100,F,3849,100,G,2935,100,H,5103,100
[AUTOPOS] SW-E,A,1636,95,B,4346,100,C,3200,95,D,5272,100,F,3817,100,G,3020,100,H,5110,100
[AUTOPOS] SW-E,A,1578,95,B,4258,100,C,3220,95,D,5266,100,F,3811,100,G,2922,100,H,5125,100
[AUTOPOS] SW-E,A,1630,95,B,4328,100,C,3241,95,D,5236,100,F,3811,100,G,2953,100,H,5110,100
[AUTOPOS] SW-E,A,1638,96,B,4313,100,C,3193,96,D,5248,100,F,3839,100,G,2979,100,H,5083,100
[AUTOPOS] SW-E,A,1608,96,B,4278,100,C,3263,96,D,5280,100,F,3820,100,G,2980,100,H,5048,100
[AUTOPOS] SW-E,A,1620,96,B,4262,100,C,3248,96,D,5248,100,F,3844,100,G,2917,100,H,5143,100
[AUTOPOS] SW-E,A,1597,96,B,4262,100,C,3254,96,D,5313,100,F,3824,100,G,2946,100,H,5093,100
[AUTOPOS] SW-E,A,1585,96,B,4299,96,C,3156,96,D,5243,100,F,3830,100,G,2918,100,H,5091,100
[AUTOPOS] SW-E,A,1583,96,B,4268,96,C,3260,96,D,5264,100,F,3825,100,G,2948,100,H,5143,100
[AUTOPOS] SW-E,A,1576,96,B,4314,96,C,3214,96,D,5269,100,F,3816,100,G,2918,100,H,5104,100
[AUTOPOS] SW-E,A,1625,96,B,4269,96,C,3202,96,D,5274,100,F,3823,100,G,2947,100,H,5128,100
[AUTOPOS] SW-E,A,1652,100,B,4280,100,C,3240,100,D,5291,100,F,3798,100,G,2998,100,H,5103,100
[AUTOPOS] SW-E,A,1664,100,B,4300,100,C,3244,100,D,5217,100,F,3844,100,G,2996,100,H,5088,100
[AUTOPOS] SW-E,A,1622,100,B,4274,100,C,3286,100,D,5315,100,F,3827,100,G,2965,100,H,5132,100
[AUTOPOS] SW-E,A,1585,100,B,4299,100,C,3250,100,D,5251,100,F,3877,100,G,2908,100,H,5113,100
[AUTOPOS] SW-E,A,1638,100,B,4311,100,C,3282,100,D,5270,100,F,3871,100,G,3029,100,H,5093,100
[AUTOPOS] SW-E,A,1661,100,B,4311,100,C,3187,100,D,5323,100,F,3857,100,G,2929,100,H,5101,100
[AUTOPOS] SW-E,A,1626,100,B,4343,100,C,3196,100,D,5279,100,F,3828,100,G,2949,100,H,5075,100
[AUTOPOS] SW-E,A,1643,100,B,4292,100,C,3253,100,D,5253,100,F,3814,100,G,2926,100,H,5054,100
[AUTOPOS] SW-E,A,1619,100,B,4298,100,C,3215,100,D,5263,100,F,3805,100,G,2959,100,H,5109,100
[AUTOPOS] SW-E,A,1626,100,B,4295,100,C,3236,100,D,5231,100,F,3792,100,G,2944,100,H,5167,100
[AUTOPOS] SW-E,A,1626,100,B,4303,100,C,3232,100,D,5265,100,F,3826,100,G,3026,100,H,5085,100
[AUTOPOS] SW-E,A,1606,100,B,4296,100,C,3244,100,D,5253,100,F,3809,100,G,2910,100,H,5119,100
[AUTOPOS] SW-E,A,1652,100,B,4311,100,C,3208,100,D,5252,100,F,3836,100,G,3015,100,H,5018,100
[AUTOPOS] SW-E,A,1601,100,B,4321,100,C,3304,100,D,5250,100,F,3824,100,G,2963,100,H,5092,100
[AUTOPOS] SW-E,A,1547,100,B,4284,100,C,3267,100,D,5245,100,F,3806,100,G,2923,100,H,5158,100
[AUTOPOS] SW-E,A,1615,100,B,4303,100,C,3281,100,D,5253,100,F,3818,100,G,2911,100,H,5118,100
[AUTOPOS] SW-E,A,1649,100,B,4275,100,C,3269,100,D,5282,100,F,3834,100,G,2974,100,H,5126,100
[AUTOPOS] SW-E,A,1622,100,B,4328,100,C,3155,100,D,5284,100,F,3828,100,G,2976,100,H,5126,100
[AUTOPOS] SW-E,A,1614,100,B,4278,100,C,3209,100,D,5288,100,F,3819,100,G,2962,100,H,5094,95
[AUTOPOS] SW-E,A,1595,100,B,4245,100,C,3287,100,D,5258,100,F,3812,100,G,2977,100,H,5045,95
[AUTOPOS] SW-E,A,1606,100,B,4292,100,C,3190,100,D,5275,100,F,3802,100,G,2946,100,H,5107,95
[AUTOPOS] SW-E,A,1642,100,B,4309,100,C,3159,100,D,5268,100,F,3842,100,G,2919,100,H,5133,95
[AUTOPOS] SW-E,A,1626,100,B,4261,100,C,3239,100,D,5311,100,F,3861,100,G,2942,100,H,5112,95
[AUTOPOS] SW-E,A,1616,100,B,4301,100,C,3246,100,D,5262,100,F,3815,100,G,2942,100,H,5080,96
[AUTOPOS] SW-E,A,1626,100,B,4255,100,C,3179,100,D,5229,100,F,3798,100,G,2922,96,H,5080,96
[AUTOPOS] SW-E,A,1673,100,B,4331,100,C,3177,100,D,5308,100,F,3841,100,G,2982,96,H,5120,92
[AUTOPOS] SW-E,A,1591,100,B,4289,100,C,3169,100,D,5310,100,F,3814,100,G,2929,96,H,5134,92
[AUTOPOS] SW-E,A,1612,100,B,4241,100,C,3262,100,D,5326,100,F,3854,100,G,2934,96,H,5088,93
[AUTOPOS] SW-E,A,1614,100,B,4282,100,C,3283,100,D,5260,100,F,3879,100,G,2972,96,H,5106,93
[AUTOPOS] SW-E,A,1637,100,B,4339,100,C,3200,100,D,5260,100,F,3819,100,G,2946,96,H,5110,93
[AUTOPOS] SW-E,A,1644,100,B,4295,100,C,3247,100,D,5256,96,F,3829,100,G,2970,96,H,5104,93
[AUTOPOS] SW-E,A,1603,100,B,4280,100,C,3192,100,D,5270,96,F,3832,100,G,2994,96,H,5045,94
[AUTOPOS] SW-E,A,1631,100,B,4328,100,C,3243,100,D,5263,100,F,3868,100,G,2967,100,H,5126,94
[AUTOPOS] SW-E,A,1655,100,B,4321,100,C,3208,100,D,5231,100,F,3857,100,G,2938,100,H,5128,94
[AUTOPOS] SW-E,A,1631,100,B,4358,100,C,3255,100,D,5226,100,F,3836,100,G,2914,100,H,5149,95
[AUTOPOS] SW-E,A,1603,100,B,4323,100,C,3239,100,D,5258,100,F,3823,100,G,2912,100,H,5137,95
[AUTOPOS] SW-E,A,1660,100,B,4321,100,C,3240,100,D,5258,100,F,3850,100,G,2960,100,H,5073,95
[AUTOPOS] SW-E,A,1644,100,B,4290,100,C,3189,100,D,5295,100,F,3810,100,G,2997,100,H,5132,95
[AUTOPOS] SW-E,A,1615,100,B,4324,100,C,3225,100,D,5259,100,F,3818,100,G,2952,100,H,5050,95
[AUTOPOS] SW-E,A,1635,100,B,4326,100,C,3216,100,D,5287,100,F,3826,100,G,2939,100,H,5151,96
[AUTOPOS] SW-E,A,1635,100,B,4312,100,C,3216,100,D,5286,100,F,3825,100,G,3037,100,H,5062,96
[AUTOPOS] SW-E,A,1608,96,B,4312,100,C,3212,100,D,5281,100,F,3815,100,G,2936,100,H,5098,96
[AUTOPOS] SW-E,A,1588,96,B,4307,96,C,3266,100,D,5285,100,F,3823,100,G,2988,100,H,5136,96
[AUTOPOS] SW-E,A,1592,96,B,4293,96,C,3265,100,D,5222,100,F,3812,100,G,2967,100,H,5143,96
[AUTOPOS] SW-E,A,1630,96,B,4354,96,C,3261,100,D,5221,100,F,3884,100,G,2914,100,H,5098,96
[AUTOPOS] SW-E,A,1623,96,B,4321,96,C,3269,100,D,5278,100,F,3838,100,G,2992,100,H,5148,96
[AUTOPOS] SW-E,A,1653,96,B,4291,96,C,3209,100,D,5261,100,F,3824,100,G,2927,100,H,5121,96
[AUTOPOS] SW-E,A,1527,96,B,4346,96,C,3270,100,D,5280,100,F,3823,100,G,2978,100,H,5098,100
[AUTOPOS] SW-E,A,1619,100,B,4331,100,C,3222,100,D,5246,100,F,3798,100,G,2953,100,H,5138,100
[AUTOPOS] SW-E,A,1630,100,B,4353,100,C,3261,100,D,5273,100,F,3833,100,G,2927,100,H,5102,100
[AUTOPOS] SW-E,A,1607,100,B,4333,100,C,3269,100,D,5287,100,F,3820,100,G,2936,100,H,5054,100
[AUTOPOS] SW-E,A,1589,100,B,4323,100,C,3176,100,D,5292,100,F,3829,100,G,2925,100,H,5100,100
[AUTOPOS] SW-E,A,1611,100,B,4260,100,C,3217,100,D,5227,100,F,3788,100,G,2980,100,H,5144,100
[AUTOPOS] SW-E,A,1666,100,B,4303,100,C,3267,100,D,5287,100,F,3831,100,G,2981,100,H,5063,100
[AUTOPOS] SW-E,A,1589,100,B,4365,100,C,3240,100,D,5291,100,F,3826,100,G,2931,100,H,5134,100
[AUTOPOS] SW-E,A,1616,100,B,4362,100,C,3154,100,D,5263,100,F,3841,100,G,2936,100,H,5119,100
[AUTOPOS] SW-E,A,1621,100,B,4270,100,C,3222,100,D,5247,100,F,3827,100,G,2970,100,H,5094,100
[AUTOPOS] SW-E,A,1628,100,B,4317,100,C,3241,100,D,5258,100,F,3829,100,G,3018,100,H,5139,100
[AUTOPOS] SW-E,A,1677,100,B,4261,100,C,3239,100,D,5271,100,F,3837,100,G,3028,100,H,5095,100
[AUTOPOS] SW-E,A,1594,100,B,4312,100,C,3255,100,D,5281,100,F,3823,100,G,3001,100,H,5105,100
[AUTOPOS] SW-E,A,1648,100,B,4259,100,C,3272,100,D,5214,100,F,3851,100,G,2945,100,H,5069,100
[AUTOPOS] SW-E,A,1593,100,B,4372,100,C,3159,100,D,5341,100,F,3847,100,G,2924,100,H,5117,100
[AUTOPOS] SW-E,A,1611,100,B,4298,100,C,3184,100,D,5263,100,F,3813,100,G,3014,100,H,5144,100
[AUTOPOS] SW-E,A,1615,100,B,4302,100,C,3244,100,D,5259,100,F,3827,100,G,2908,100,H,5144,100
[AUTOPOS] SW-E,A,1645,100,B,4295,100,C,3248,100,D,5263,100,F,3814,100,G,2910,100,H,5125,94
[AUTOPOS] SW-E,A,1694,100,B,4385,100,C,3232,100,D,5243,100,F,3847,100,G,2980,100,H,5076,94
[AUTOPOS] SW-E,A,1611,100,B,4342,100,C,3209,100,D,5248,100,F,3795,100,G,2960,100,H,5143,95
[AUTOPOS] SW-E,A,1622,100,B,4326,100,C,3262,100,D,5254,100,F,3816,100,G,2963,100,H,5130,95
[AUTOPOS] SW-E,A,1607,100,B,4365,100,C,3199,100,D,5277,100,F,3840,100,G,2967,100,H,5103,95
[AUTOPOS] SW-E,A,1601,100,B,4279,100,C,3269,100,D,5258,100,F,3819,100,G,2901,100,H,5128,95
[AUTOPOS] SW-E,A,1635,100,B,4326,100,C,3253,100,D,5265,100,F,3837,100,G,2915,100,H,5107,95
[AUTOPOS] SW-E,A,1563,100,B,4289,100,C,3222,100,D,5223,100,F,3847,100,G,2953,100,H,5126,96
[AUTOPOS] SW-E,A,1611,100,B,4269,100,C,3242,100,D,5228,100,F,3832,100,G,2965,100,H,5090,96
[AUTOPOS] SW-E,A,1666,100,B,4313,100,C,3261,100,D,5235,100,F,3874,100,G,2930,100,H,5109,96
[AUTOPOS] SW-E,A,1606,100,B,4308,100,C,3296,100,D,5240,100,F,3834,100,G,2962,100,H,5099,96
[AUTOPOS] SW-E,A,1609,100,B,4272,100,C,3264,100,D,5248,100,F,3843,100,G,2953,100,H,5130,96
[AUTOPOS] SW-E,A,1602,100,B,4298,100,C,3260,100,D,5247,100,F,3822,100,G,2933,100,H,5104,96
[AUTOPOS] SW-E,A,1601,100,B,4299,100,C,3299,100,D,5241,100,F,3826,100,G,3000,100,H,5115,96
[AUTOPOS] SW-E,A,1573,100,B,4364,100,C,3205,100,D,5275,100,F,3836,100,G,2920,100,H,5103,96
[AUTOPOS] SW-E,A,1661,100,B,4316,100,C,3283,100,D,5256,100,F,3823,100,G,2923,100,H,5075,100
[AUTOPOS] SW-E,A,1630,100,B,4390,100,C,3214,100,D,5253,100,F,3865,100,G,2975,100,H,5103,100
[AUTOPOS] SW-E,A,1633,100,B,4335,100,C,3272,100,D,5282,100,F,3818,100,G,2950,100,H,5106,100
[AUTOPOS] SW-E,A,1592,100,B,4275,100,C,3286,100,D,5255,100,F,3845,100,G,2933,100,H,5109,100
[AUTOPOS] SW-E,A,1559,100,B,4379,100,C,3202,100,D,5257,100,F,3831,100,G,2934,100,H,5100,100
[AUTOPOS] SW-E,A,1559,100,B,4303,100,C,3283,100,D,5282,100,F,3825,100,G,2898,100,H,5068,100
[AUTOPOS] SW-E,A,1686,95,B,4286,100,C,3269,100,D,5291,100,F,3829,100,G,2922,100,H,5113,100
[AUTOPOS] SW-E,A,1602,95,B,4343,100,C,3230,100,D,5273,100,F,3859,100,G,2993,100,H,5100,100
[AUTOPOS] SW-E,A,1598,95,B,4303,100,C,3229,100,D,5260,100,F,3847,100,G,2948,100,H,5106,100
[AUTOPOS] SW-E,A,1614,96,B,4312,100,C,3248,100,D,5277,100,F,3847,100,G,2974,100,H,5101,100
[AUTOPOS] SW-E,A,1584,96,B,4347,100,C,3184,100,D,5268,100,F,3836,96,G,2974,100,H,5141,100
[AUTOPOS] SW-E,A,1542,96,B,4305,100,C,3252,100,D,5251,100,F,3819,96,G,2950,96,H,5088,100
[AUTOPOS] SW-E,A,1713,96,B,4269,100,C,3260,100,D,5253,100,F,3836,96,G,2957,96,H,5049,100
[AUTOPOS] SW-E,A,1599,96,B,4322,100,C,3279,100,D,5267,100,F,3844,96,G,2985,96,H,5138,100
[AUTOPOS] SW-E,A,1608,96,B,4301,100,C,3228,100,D,5328,100,F,3842,96,G,2941,96,H,5166,100
[AUTOPOS] SW-E,A,1607,96,B,4294,100,C,3217,100,D,5266,100,F,3831,96,G,2935,96,H,5114,100
[AUTOPOS] SW-E,A,1600,96,B,4309,100,C,3187,100,D,5285,100,F,3800,96,G,2943,96,H,5123,100
[AUTOPOS] SW-E,A,1619,100,B,4306,100,C,3281,100,D,5276,100,F,3799,100,G,2927,100,H,5142,100
[AUTOPOS] SW-E,A,1598,100,B,4321,100,C,3234,100,D,5201,100,F,3823,100,G,3035,100,H,5111,100
[AUTOPOS] SW-E,A,1642,100,B,4305,100,C,3228,100,D,5281,100,F,3819,100,G,3014,100,H,5068,100
[AUTOPOS] SW-E,A,1683,100,B,4292,100,C,3288,100,D,5241,100,F,3836,100,G,2911,100,H,5136,100
[AUTOPOS] SW-E,A,1584,100,B,4320,100,C,3252,100,D,5272,100,F,3834,100,G,2962,100,H,5083,100
[AUTOPOS] SW-E,A,1587,100,B,4337,100,C,3213,100,D,5245,100,F,3821,100,G,2914,100,H,5139,100
[AUTOPOS] SW-E,A,1576,100,B,4302,100,C,3238,100,D,5263,100,F,3838,100,G,2961,100,H,5097,100
[AUTOPOS] SW-E,A,1564,100,B,4340,100,C,3211,100,D,5276,100,F,3803,100,G,2944,100,H,5125,100
[AUTOPOS] SW-E,A,1671,100,B,4314,100,C,3226,100,D,5245,100,F,3895,100,G,2958,100,H,5131,100
[AUTOPOS] SW-E,A,1586,100,B,4313,100,C,3182,100,D,5259,100,F,3821,100,G,2983,100,H,5176,100
[AUTOPOS] SW-E,A,1571,100,B,4302,100,C,3220,100,D,5279,100,F,3826,100,G,3008,100,H,5123,100
[AUTOPOS] SW-E,A,1631,100,B,4313,100,C,3237,100,D,5255,100,F,3807,100,G,2917,100,H,5039,100
[AUTOPOS] SW-E,A,1582,100,B,4302,100,C,3189,100,D,5269,100,F,3826,100,G,2949,100,H,5102,100
[AUTOPOS] SW-E,A,1643,100,B,4307,100,C,3214,100,D,5317,100,F,3838,100,G,2974,100,H,5126,100
[AUTOPOS] SW-E,A,1599,100,B,4332,100,C,3239,100,D,5304,100,F,3837,100,G,2903,100,H,5122,100
[AUTOPOS] SW-E,A,1659,100,B,4369,100,C,3260,100,D,5237,100,F,3849,100,G,2950,100,H,5133,100
[AUTOPOS] SW-E,A,1597,100,B,4310,100,C,3276,100,D,5247,100,F,3838,100,G,2957,100,H,5115,100
[AUTOPOS] SW-E,A,1598,100,B,4219,100,C,3240,100,D,5278,100,F,3839,100,G,2926,100,H,5115,100
[AUTOPOS] SW-E,A,1660,100,B,4286,100,C,3291,100,D,5247,100,F,3844,100,G,2973,100,H,5024,100
[AUTOPOS] SW-E,A,1657,100,B,4345,100,C,3241,100,D,5239,100,F,3806,100,G,2965,100,H,5090,100
[AUTOPOS] SW-E,A,1611,100,B,4317,100,C,3191,100,D,5288,100,F,3833,100,G,2901,100,H,5126,100
[AUTOPOS] SW-E,A,1575,100,B,4344,100,C,3265,100,D,5253,100,F,3865,100,G,2924,100,H,5117,100
[AUTOPOS] SW-E,A,1676,100,B,4291,100,C,3263,100,D,5248,100,F,3853,100,G,2944,100,H,5121,100
[AUTOPOS] SW-E,A,1662,100,B,4298,100,C,3175,100,D,5278,100,F,3823,100,G,2964,100,H,5000,100
[AUTOPOS] SW-E,A,1665,100,B,4337,100,C,3251,100,D,5272,100,F,3854,100,G,2938,100,H,5107,100
[AUTOPOS] SW-E,A,1596,100,B,4297,100,C,3224,100,D,5258,100,F,3835,100,G,2987,100,H,5084,100
[AUTOPOS] SW-E,A,1617,100,B,4261,100,C,3219,100,D,5265,100,F,3804,100,G,2928,100,H,5147,100
[AUTOPOS] SW-E,A,1610,100,B,4370,100,C,3215,100,D,5252,100,F,3828,100,G,2958,100,H,5152,100
[AUTOPOS] SW-E,A,1607,100,B,4319,100,C,3246,100,D,5223,100,F,3835,100,G,2969,100,H,5137,100
[AUTOPOS] SW-E,A,1640,100,B,4299,100,C,3277,100,D,5271,100,F,3831,100,G,2864,100,H,5113,100
[AUTOPOS] SW-E,A,1638,100,B,4306,100,C,3207,100,D,5261,100,F,3815,100,G,3000,100,H,5061,100
[AUTOPOS] SW-E,A,1678,100,B,4343,100,C,3219,100,D,5264,100,F,3821,100,G,2955,100,H,5116,100
[AUTOPOS] SW-E,A,1599,100,B,4359,100,C,3212,100,D,5250,100,F,3823,100,G,2925,100,H,5066,100
[AUTOPOS] SW-E,A,1580,100,B,4247,100,C,3244,100,D,5296,100,F,3907,100,G,2939,100,H,5084,95
[AUTOPOS] SW-E,A,1647,100,B,4362,100,C,3240,100,D,5228,100,F,3826,100,G,2939,100,H,5088,95
[AUTOPOS] SW-E,A,1643,100,B,4345,100,C,3280,100,D,5219,100,F,3824,100,G,2935,100,H,5091,95
[AUTOPOS] SW-E,A,1576,100,B,4330,100,C,3227,100,D,5270,100,F,3844,100,G,2975,100,H,5127,95
[AUTOPOS] SW-E,A,1643,100,B,4242,100,C,3221,100,D,5226,100,F,3825,100,G,2901,100,H,5085,95
[AUTOPOS] SW-E,A,1661,100,B,4270,100,C,3239,100,D,5264,100,F,3850,100,G,2957,100,H,5081,96
[AUTOPOS] SW-E,A,1578,100,B,4377,100,C,3210,100,D,5257,100,F,3850,100,G,2967,100,H,5156,96
[AUTOPOS] SW-E,A,1604,100,B,4267,100,C,3191,100,D,5238,100,F,3813,96,G,2998,100,H,5141,96
[AUTOPOS] SW-E,A,1589,100,B,4315,100,C,3288,100,D,5280,100,F,3823,96,G,2944,100,H,5102,96
[AUTOPOS] SW-E,A,1604,100,B,4316,100,C,3204,100,D,5283,100,F,3835,96,G,2975,100,H,5111,96
[AUTOPOS] SW-E,A,1666,100,B,4300,100,C,3250,100,D,5241,100,F,3829,96,G,2945,100,H,5095,96
[AUTOPOS] SW-E,A,1643,100,B,4320,100,C,3292,100,D,5268,100,F,3826,96,G,2933,100,H,5098,96
[AUTOPOS] SW-E,A,1596,100,B,4268,100,C,3234,100,D,5268,100,F,3827,96,G,2903,100,H,5107,96
[AUTOPOS] SW-E,A,1593,100,B,4337,100,C,3255,100,D,5272,96,F,3852,96,G,2982,100,H,5103,100
[AUTOPOS] SW-E,A,1619,100,B,4280,100,C,3227,100,D,5275,96,F,3820,96,G,2966,100,H,5142,100
[AUTOPOS] SW-E,A,1673,100,B,4302,100,C,3239,100,D,5280,100,F,3815,100,G,3014,100,H,5048,100
[AUTOPOS] SW-E,A,1687,100,B,4301,100,C,3238,100,D,5303,100,F,3815,100,G,2943,100,H,5125,100
[AUTOPOS] SW-E,A,1609,95,B,4314,100,C,3198,100,D,5220,100,F,3852,100,G,2997,100,H,5075,100
[AUTOPOS] SW-E,A,1655,95,B,4377,100,C,3248,100,D,5222,100,F,3838,100,G,2967,100,H,5116,100
[AUTOPOS] ANCHOR_CTRL[2] notify: SWEEP_DONE master=E sets=500 role=matrix
[AUTOPOS] ANCHOR_CTRL[2] notify: DBG ROLE_SWITCH anchor=E role=matrix sets=0
END=2026-05-11 02:17:56
