[l16-l20-queue] started 2026-06-05T19:01:28+02:00
[l16-l20-queue] waiting for L2 TRUEFULL S01-S04 to complete
[l16-l20-queue] workers_per_sensor=6
[l16-l20-queue] status complete=0 active=4 failed=0 at 2026-06-05T19:01:28+02:00
[l16-l20-queue] status complete=0 active=4 failed=0 at 2026-06-05T19:02:28+02:00
[l16-l20-queue] status complete=0 active=4 failed=0 at 2026-06-05T19:03:29+02:00
[l16-l20-queue] status complete=0 active=4 failed=0 at 2026-06-05T19:04:29+02:00
[l16-l20-queue] status complete=0 active=4 failed=0 at 2026-06-05T19:05:29+02:00
[l16-l20-queue] status complete=0 active=4 failed=0 at 2026-06-05T19:06:29+02:00
[l16-l20-queue] status complete=0 active=4 failed=0 at 2026-06-05T19:07:29+02:00
[l16-l20-queue] status complete=0 active=4 failed=0 at 2026-06-05T19:08:30+02:00
[l16-l20-queue] status complete=0 active=4 failed=0 at 2026-06-05T19:09:30+02:00
[l16-l20-queue] status complete=0 active=4 failed=0 at 2026-06-05T19:10:30+02:00
[l16-l20-queue] status complete=0 active=4 failed=0 at 2026-06-05T19:11:31+02:00
[l16-l20-queue] status complete=0 active=4 failed=0 at 2026-06-05T19:12:31+02:00
[l16-l20-queue] status complete=0 active=4 failed=0 at 2026-06-05T19:13:31+02:00
[l16-l20-queue] status complete=0 active=4 failed=0 at 2026-06-05T19:14:31+02:00
[l16-l20-queue] status complete=0 active=4 failed=0 at 2026-06-05T19:15:32+02:00
[l16-l20-queue] status complete=0 active=4 failed=0 at 2026-06-05T19:16:32+02:00
[l16-l20-queue] status complete=0 active=4 failed=0 at 2026-06-05T19:17:32+02:00
[l16-l20-queue] status complete=0 active=4 failed=0 at 2026-06-05T19:18:32+02:00
[l16-l20-queue] status complete=0 active=4 failed=0 at 2026-06-05T19:19:33+02:00
[l16-l20-queue] status complete=0 active=4 failed=0 at 2026-06-05T19:20:33+02:00
[l16-l20-queue] status complete=0 active=4 failed=0 at 2026-06-05T19:21:33+02:00
[l16-l20-queue] status complete=0 active=4 failed=0 at 2026-06-05T19:22:33+02:00
[l16-l20-queue] status complete=0 active=4 failed=0 at 2026-06-05T19:23:34+02:00
[l16-l20-queue] status complete=0 active=4 failed=0 at 2026-06-05T19:24:34+02:00
[l16-l20-queue] status complete=0 active=4 failed=0 at 2026-06-05T19:25:34+02:00
[l16-l20-queue] status complete=0 active=4 failed=0 at 2026-06-05T19:26:34+02:00
[l16-l20-queue] status complete=0 active=4 failed=0 at 2026-06-05T19:27:35+02:00
[l16-l20-queue] status complete=0 active=4 failed=0 at 2026-06-05T19:28:35+02:00
[l16-l20-queue] status complete=0 active=4 failed=0 at 2026-06-05T19:29:35+02:00
[l16-l20-queue] status complete=0 active=4 failed=0 at 2026-06-05T19:30:35+02:00
[l16-l20-queue] status complete=0 active=4 failed=0 at 2026-06-05T19:31:36+02:00
[l16-l20-queue] status complete=0 active=4 failed=0 at 2026-06-05T19:32:36+02:00
[l16-l20-queue] status complete=0 active=4 failed=0 at 2026-06-05T19:33:36+02:00
[l16-l20-queue] status complete=0 active=4 failed=0 at 2026-06-05T19:34:36+02:00
[l16-l20-queue] status complete=0 active=4 failed=0 at 2026-06-05T19:35:37+02:00
[l16-l20-queue] status complete=0 active=4 failed=0 at 2026-06-05T19:36:37+02:00
[l16-l20-queue] status complete=0 active=4 failed=0 at 2026-06-05T19:37:37+02:00
[l16-l20-queue] status complete=0 active=4 failed=0 at 2026-06-05T19:38:37+02:00
[l16-l20-queue] status complete=0 active=4 failed=0 at 2026-06-05T19:39:38+02:00
[l16-l20-queue] status complete=0 active=4 failed=0 at 2026-06-05T19:40:38+02:00
[l16-l20-queue] status complete=0 active=4 failed=0 at 2026-06-05T19:41:38+02:00
[l16-l20-queue] status complete=0 active=4 failed=0 at 2026-06-05T19:42:38+02:00
[l16-l20-queue] status complete=0 active=4 failed=0 at 2026-06-05T19:43:39+02:00
[l16-l20-queue] status complete=0 active=4 failed=0 at 2026-06-05T19:44:39+02:00
[l16-l20-queue] status complete=0 active=4 failed=0 at 2026-06-05T19:45:39+02:00
[l16-l20-queue] status complete=0 active=4 failed=0 at 2026-06-05T19:46:39+02:00
[l16-l20-queue] status complete=0 active=4 failed=0 at 2026-06-05T19:47:40+02:00
[l16-l20-queue] status complete=0 active=4 failed=0 at 2026-06-05T19:48:40+02:00
[l16-l20-queue] status complete=0 active=4 failed=0 at 2026-06-05T19:49:40+02:00
[l16-l20-queue] status complete=0 active=4 failed=0 at 2026-06-05T19:50:40+02:00
[l16-l20-queue] status complete=0 active=4 failed=0 at 2026-06-05T19:51:41+02:00
[l16-l20-queue] status complete=0 active=4 failed=0 at 2026-06-05T19:52:41+02:00
[l16-l20-queue] status complete=0 active=4 failed=0 at 2026-06-05T19:53:41+02:00
[l16-l20-queue] status complete=0 active=4 failed=0 at 2026-06-05T19:54:41+02:00
[l16-l20-queue] status complete=0 active=4 failed=0 at 2026-06-05T19:55:42+02:00
[l16-l20-queue] status complete=0 active=4 failed=0 at 2026-06-05T19:56:42+02:00
[l16-l20-queue] status complete=0 active=4 failed=0 at 2026-06-05T19:57:42+02:00
[l16-l20-queue] status complete=0 active=4 failed=0 at 2026-06-05T19:58:42+02:00
[l16-l20-queue] status complete=0 active=4 failed=0 at 2026-06-05T19:59:43+02:00
[l16-l20-queue] status complete=0 active=4 failed=0 at 2026-06-05T20:00:43+02:00
[l16-l20-queue] status complete=4 active=0 failed=0 at 2026-06-05T20:01:43+02:00
[l16-l20-queue] L2 TRUEFULL complete; launching replacement sensor runs
[l16-l20-queue] launching L16 run_id=phase4_L16_TRUEFULL_REPLACE_L2_S00_2x1080ti_20260605T180143Z log=/home/zekaixiao/Documents/nRF_dev/BioSpur_UWB_before_start/autopos_pipeline/28052026_Erlangen_Official/Analysis/IMU-Fusion-Simulation/runs/phase4_algorithm_factory/launch_logs/phase4_L16_TRUEFULL_REPLACE_L2_S00_2x1080ti_20260605T180143Z.log
[l16-l20-queue] launching L20 run_id=phase4_L20_TRUEFULL_REPLACE_L2_S00_2x1080ti_20260605T180145Z log=/home/zekaixiao/Documents/nRF_dev/BioSpur_UWB_before_start/autopos_pipeline/28052026_Erlangen_Official/Analysis/IMU-Fusion-Simulation/runs/phase4_algorithm_factory/launch_logs/phase4_L20_TRUEFULL_REPLACE_L2_S00_2x1080ti_20260605T180145Z.log
[l16-l20-queue] finished 2026-06-05T20:41:21+02:00 status=0
