PORT=/dev/serial/by-id/usb-BioSpur_BioSpur_BLE_Control_87EA2F4A526C5A02-if00
START=2026-06-03 00:17:08
MASTER=B
PRECHECK: BSxxxx tag quarantine disabled; master/matrix anchors ignore tag polls during sweep
PRECHECK: context session_autopos_ready=1 autopos_initialized=1
PRECHECK: reusing session AUTOPOS state from matrix guard
PRECHECK: reusing existing AUTOPOS map
>>> autopos cir compact
[AUTOPOS] AUTOPOS cir mode set: COMPACT
>>> autopos round B 10
[AUTOPOS] AUTOPOS round staged: master=B sets=10
>>> autopos status
[AUTOPOS] AUTOPOS: mode=AUTOPOS state=staged staged=B last_success=A sets=10 cir=COMPACT error=-
>>> autopos apply
[AUTOPOS] AUTOPOS apply started
[AUTOPOS] RECV_BG gate: SUPPRESS reason=autopos_detach
[AUTOPOS] AUTOPOS detach skip STOP: finite master auto-returns to matrix sets=10
[AUTOPOS] RECV_BG gate: ALLOW reason=autopos_detach_done
[AUTOPOS] SCAN start req: bt_ready=1 scan_running=0 connecting_slot=-1 conn_count=8 target=anchor prefix=ANCHOR-
[AUTOPOS] Scanning for ANCHOR-*
[AUTOPOS] AUTOPOS apply mode: incremental
[AUTOPOS] AUTOPOS apply incremental: prev_master=A new_master=B
[AUTOPOS] Master discovery mode: CONN & START
[AUTOPOS] AUTOPOS wait anchor ready: uuid=F3BB7A04104F9CB8561DDDACB9E53714 reuse existing ready control link (discovery remains active)
[AUTOPOS] AUTOPOS state: STATE fw=anchor-cir-runtime-modes-202606 bs=BS1FFC uuid=F3BB7A04104F9CB8561DDDACB9E53714 label=A role=matrix cfg_valid=1 busy=1 pending_valid=1 schema=2 gen=1 reboot_required=0
[AUTOPOS] AUTOPOS state: STATE fw=anchor-cir-runtime-modes-202606 bs=BS1FFC uuid=F3BB7A04104F9CB8561DDDACB9E53714 label=A role=matrix cfg_valid=1 busy=1 pending_valid=1 schema=2 gen=1 reboot_required=0
[AUTOPOS] AUTOPOS anchor A already active role=matrix cfg_valid=1; keeping current config
[AUTOPOS] AUTOPOS anchor A role verified
[AUTOPOS] Master discovery mode: CONN & START
[AUTOPOS] AUTOPOS wait anchor ready: uuid=B9179575C776C98F1CB132DD6EDC6223 reuse existing ready control link (discovery remains active)
[AUTOPOS] AUTOPOS state: STATE fw=anchor-cir-runtime-modes-202606 bs=BS592A uuid=B9179575C776C98F1CB132DD6EDC6223 label=B role=matrix cfg_valid=1 busy=1 pending_valid=1 schema=2 gen=3 reboot_required=0
[AUTOPOS] AUTOPOS state: STATE fw=anchor-cir-runtime-modes-202606 bs=BS592A uuid=B9179575C776C98F1CB132DD6EDC6223 label=B role=matrix cfg_valid=1 busy=1 pending_valid=1 schema=2 gen=3 reboot_required=0
[AUTOPOS] BLE cmd skip[0]: target mismatch kind=anchor target_name=- target_uuid=B9179575C776C98F1CB132DD6EDC6223 peer_name=- peer_bs=- peer_uuid=B1E487C2B1FD740D1442206A1857DFA1 link=anchor-ctrl ready=1
[AUTOPOS] BLE cmd skip[1]: target mismatch kind=anchor target_name=- target_uuid=B9179575C776C98F1CB132DD6EDC6223 peer_name=- peer_bs=- peer_uuid=A892AF05DD59CF0D0D3408AD74F364A1 link=anchor-ctrl ready=1
[AUTOPOS] BLE cmd skip[2]: target mismatch kind=anchor target_name=- target_uuid=B9179575C776C98F1CB132DD6EDC6223 peer_name=- peer_bs=- peer_uuid=CEE5A7EFCB35F8A56B430047629F5309 link=anchor-ctrl ready=1
[AUTOPOS] BLE cmd skip[3]: target mismatch kind=anchor target_name=- target_uuid=B9179575C776C98F1CB132DD6EDC6223 peer_name=- peer_bs=- peer_uuid=B3087BC3D87CCCD316AEDC6B71D6677F link=anchor-ctrl ready=1
[AUTOPOS] BLE cmd skip[4]: target mismatch kind=anchor target_name=- target_uuid=B9179575C776C98F1CB132DD6EDC6223 peer_name=- peer_bs=- peer_uuid=840C68591E90019821AACFF1B73AAA34 link=anchor-ctrl ready=1
[AUTOPOS] BLE cmd skip[5]: target mismatch kind=anchor target_name=- target_uuid=B9179575C776C98F1CB132DD6EDC6223 peer_name=- peer_bs=- peer_uuid=F3BB7A04104F9CB8561DDDACB9E53714 link=anchor-ctrl ready=1
[AUTOPOS] Anchor ctrl sent[6]: RUNTIME MASTER SWEEP 10 CIR=COMPACT uuid=B9179575C776C98F1CB132DD6EDC6223
[AUTOPOS] BLE cmd skip[7]: target mismatch kind=anchor target_name=- target_uuid=B9179575C776C98F1CB132DD6EDC6223 peer_name=- peer_bs=- peer_uuid=B2B5FA625534A8C617135DCAFC9E036A link=anchor-ctrl ready=1
[AUTOPOS] ANCHOR_CTRL[6] notify: OK RUNTIME_SWITCH_REQUESTED SWEEP=10
[AUTOPOS] AUTOPOS result: OK RUNTIME_SWITCH_REQUESTED SWEEP=10
[AUTOPOS] ANCHOR_CTRL[6] notify: ACRX;1;0;1;A;0;0xa100;4662;2872321219;-2135;47807;7417;6114;3437;2338;122;36;848
[AUTOPOS] ANCHOR_CTRL[5] notify: ACRX;1;1;0;A;1;0xa101;-1;3248150281;-1133;47885;5388;6751;6107;1903;120;44;1004
[AUTOPOS] ANCHOR_CTRL[2] notify: ACRX;1;11;2;A;1;0xa101;-1;256604896;-598;47820;6609;6235;4573;2007;118;52;1173
[AUTOPOS] ANCHOR_CTRL[6] notify: ACRX;1;0;1;A;2;0xa102;3395;3907099466;579;47918;6499;5541;3779;2160;122;52;1219
[AUTOPOS] ANCHOR_CTRL[6] notify: ACRX;1;0;1;A;3;0xa103;5657;670573960;-1299;47996;6862;6412;3905;2295;122;48;1128
[AUTOPOS] ANCHOR_CTRL[6] notify: ACRX;1;0;1;A;4;0xa104;4508;1711556085;946;48113;7317;7094;4665;2052;122;40;951
[AUTOPOS] ANCHOR_CTRL[1] notify: ACRX;1;10;4;A;1;0xa101;-1;344357408;-3268;47644;5964;7016;6042;1977;118;44;1045
[AUTOPOS] ANCHOR_CTRL[7] notify: ACRX;1;10;3;A;1;0xa101;-1;2828392466;-1571;47622;7034;6446;6004;2070;118;40;942
[AUTOPOS] ANCHOR_CTRL[4] notify: ACRX;1;11;5;A;1;0xa101;-1;967670564;5928;47872;4037;6880;6914;1812;119;44;1003
[AUTOPOS] ANCHOR_CTRL[0] notify: ACRX;1;11;7;A;1;0xa101;-1;4174428948;-2954;47888;2887;6223;6245;1767;119;32;668
[AUTOPOS] ANCHOR_CTRL[3] notify: ACRX;1;8;6;A;1;0xa101;-1;42805254;-5522;47634;3988;6880;6410;2109;120;44;1037
[AUTOPOS] AUTOPOS state: STATE fw=anchor-cir-runtime-modes-202606 bs=BS592A uuid=B9179575C776C98F1CB132DD6EDC6223 label=B role=master cfg_valid=1 busy=1 pending_valid=1 schema=2 gen=3 reboot_required=0
[AUTOPO[AUTOPOS] ANCHOR_CTRL[6] notify: ACRX;1;0;1;A;6;0xa106;3691;3398124915;5214;47959;6045;7441;6966;2238;122;44;1039
S] AUTOPOS anchor B role verified
[AUTOPOS] AUTOPOS apply success: master=B
[AUTOPOS] AUTOPOS finite sweep handoff: master=B [AUTOPOS] ANCHOR_CTRL[6] notify: ACRX;1;0;1;A;7;0xa107;5498;186420831;-659;47691;3046;6124;6765;1951;122;36;783
sets=10; host waits for SWEEP_DONE
[AUTOPOS] SW-B,A,4662,100,C,3395,100,D,5657,100,E,4508,100,F,0,0,G,3691,100,H,5498,100
[AUTOPOS] ANCHOR_CTRL[6] notify: ACRX;1;1;1;A;0;0xa100;4791;2826657164;-2329;48008;4542;7062;7081;2314;122;40;939
[AUTOPOS] ANCHOR_CTRL[6] notify: ACRX;1;1;1;A;2;0xa102;3412;3859324900;617;48080;6626;6498;4818;2033;122;52;1119
[AUTOPOS] ANCHOR_CTRL[1] notify: ACRX;1;11;4;A;1;0xa101;-1;336650633;-3353;48013;4952;7387;7008;2026;121;48;1144
[AUTOPOS] ANCHOR_CTRL[7] notify: ACRX;1;11;3;A;1;0xa101;-1;2824505442;-2059;47710;7097;6717;5164;2222;121;40;949
[AUTOPOS] ANCHOR_CTRL[4] notify: ACRX;1;12;5;A;1;0xa101;-1;964830540;5730;47912;7285;7728;5764;2180;124;48;1191
[AUTOPOS] ANCHOR_CTRL[0] notify: ACRX;1;12;7;A;1;0xa101;-1;4187094306;-3271;47910;4430;6539;4838;1638;118;36;782
[AUTOPOS] ANCHOR_CTRL[5] notify: ACRX;1;2;0;A;1;0xa101;-1;3202484334;-1642;47722;7208;7592;5444;2599;123;48;1129
[AUTOPOS] ANCHOR_CTRL[3] notify: ACRX;1;9;6;A;1;0xa101;-1;44254616;-5539;48028;5776;7805;7008;2405;125;44;1079
[AUTOPOS] ANCHOR_CTRL[2] notify: ACRX;1;12;2;A;1;0xa101;-1;208827471;-726;47683;7379;7262;5335;2278;121;48;1133
[AUTOPOS] ANCHOR_CTRL[6] notify: ACRX;1;1;1;A;3;0xa103;5662;666692403;-1457;47919;6584;6698;4624;2226;122;52;1215
[AUTOPOS] ANCHOR_CTRL[6] notify: ACRX;1;1;1;A;4;0xa104;4592;1703865510;727;47762;4531;7311;7128;2046;122;52;1226
[AUTOPOS] ANCHOR_CTRL[6] notify: ACRX;1;1;1;A;6;0xa106;3740;3399600114;5123;48086;5645;7432;6958;2232;122;48;1127
[AUTOPOS] ANCHOR_CTRL[6] notify: ACRX;1;1;1;A;7;0xa107;5465;199097424;-369;47684;3410;6139;6885;2071;122;44;999
[AUTOPOS] ANCHOR_CTRL[5] notify: ACRX;1;3;0;A;1;0xa101;-1;3177963541;-1387;48145;7217;7357;6483;2536;122;36;854
[AUTOPOS] ANCHOR_CTRL[2] notify: ACRX;1;13;2;A;1;0xa101;-1;259374397;-455;47929;7159;5318;3384;2083;118;56;1313
[AUTOPOS] SW-B,A,4791,100,C,3412,100,D,5662,100,E,4592,100,F,0,0,G,3740,100,H,5465,100
[AUTOPOS] ANCHOR_CTRL[6] notify: ACRX;1;2;1;A;0;0xa100;4730;2802138583;-2065;48091;6470;7402;6113;2215;122;32;756
[AUTOPOS] ANCHOR_CTRL[6] notify: ACRX;1;2;1;A;2;0xa102;3376;3909874409;668;47813;6971;5720;4679;1923;122;48;1083
[AUTOPOS] ANCHOR_CTRL[1] notify: ACRX;1;12;4;A;1;0xa101;-1;297970726;-2878;47658;7083;7095;5140;2081;123;52;1177
[AUTOPOS] ANCHOR_CTRL[7] notify: ACRX;1;12;3;A;1;0xa101;-1;2797199232;-1730;47988;6756;6013;3932;2092;122;36;853
[AUTOPOS] ANCHOR_CTRL[4] notify: ACRX;1;13;5;A;1;0xa101;-1;915332477;5918;47961;6564;7274;6768;1949;119;44;1046
[AUTOPOS] ANCHOR_CTRL[0] notify: ACRX;1;13;7;A;1;0xa101;-1;4137865286;-2868;47690;2667;6173;6634;1746;121;44;948
[AUTOPOS] ANCHOR_CTRL[3] notify: ACRX;1;10;6;A;1;0xa101;-1;4293658512;-5463;48028;4234;7233;6355;1996;117;44;1034
[AUTOPOS] ANCHOR_CTRL[6] notify: ACRX;1;2;1;A;3;0xa103;5671;639391271;-1136;47651;7228;6667;5283;2316;122;48;1178
[AUTOPOS] ANCHOR_CTRL[6] notify: ACRX;1;2;1;A;4;0xa104;4491;1665202164;1218;48096;6607;7229;6046;2058;122;52;1227
[AUTOPOS] ANCHOR_CTRL[6] notify: ACRX;1;2;1;A;6;0xa106;3674;3354062824;5347;48084;4589;7261;7278;2187;122;48;1130
[AUTOPOS] ANCHOR_CTRL[6] notify: ACRX;1;2;1;A;7;0xa107;5427;149878558;-314;47898;5268;7057;6000;2200;122;52;1173
[AUTOPOS] ANCHOR_CTRL[5] notify: ACRX;1;4;0;A;1;0xa101;-1;3128328594;-1056;48014;6714;7096;5784;2313;117;32;768
[AUTOPOS] ANCHOR_CTRL[2] notify: ACRX;1;14;2;A;1;0xa101;-1;187126303;-611;47643;7064;5570;4129;2171;118;60;1402
[AUTOPOS] SW-B,A,4730,100,C,3376,100,D,5671,100,E,4491,100,F,0,0,G,3674,100,H,5427,100
[AUTOPOS] ANCHOR_CTRL[6] notify: ACRX;1;3;1;A;0;0xa100;4696;2752503886;-2011;47698;6706;7333;5748;2300;122;36;851
[AUTOPOS] ANCHOR_CTRL[6] notify: ACRX;1;3;1;A;2;0xa102;3315;3837629420;652;48088;7431;5876;4308;2226;122;56;1311
[AUTOPOS] ANCHOR_CTRL[7] notify: ACRX;1;13;3;A;1;0xa101;-1;2717667837;-1390;48105;6693;6226;4564;2043;117;40;900
[AUTOPOS] ANCHOR_CTRL[4] notify: ACRX;1;14;5;A;1;0xa101;-1;400433481;5871;47901;6572;7342;6207;1932;121;48;1137
[AUTOPOS] ANCHOR_CTRL[0] notify: ACRX;1;14;7;A;1;0xa101;-1;3968141542;-2166;47842;4416;7007;5497;1945;124;52;1160
[AUTOPOS] ANCHOR_CTRL[3] notify: ACRX;1;11;6;A;1;0xa101;-1;4172981832;-5424;47700;4224;7031;6709;2122;120;52;1221
[AUTOPOS] ANCHOR_CTRL[6] notify: ACRX;1;3;1;A;3;0xa103;5685;559863732;-1053;48032;7270;6530;5345;2372;122;48;1179
[AUTOPOS] ANCHOR_CTRL[6] notify: ACRX;1;3;1;A;5;0xa105;1540;2169914528;-6031;47788;7494;7305;5237;1977;122;44;1052
[AUTOPOS] ANCHOR_CTRL[6] notify: ACRX;1;3;1;A;6;0xa106;3698;3233412403;5192;47895;6173;7481;7150;2292;122;44;1036
[AUTOPOS] ANCHOR_CTRL[6] notify: ACRX;1;3;1;A;7;0xa107;5454;4275131528;-355;47740;5854;7078;4099;2228;122;56;1257
[AUTOPOS] ANCHOR_CTRL[5] notify: ACRX;1;5;0;A;1;0xa101;-1;3116931509;-1137;48041;7427;7401;5602;2651;121;44;1037
[AUTOPOS] ANCHOR_CTRL[2] notify: ACRX;1;15;2;A;1;0xa101;-1;153401011;-472;47791;6733;4260;2899;1765;122;64;1445
[AUTOPOS] SW-B,A,4696,100,C,3315,100,D,5685,100,E,4491,100,F,1540,100,G,3698,100,H,5454,100
[AUTOPOS] ANCHOR_CTRL[6] notify: ACRX;1;4;1;A;0;0xa100;4756;2741107768;-2288;47668;7129;7185;4693;2330;122;40;903
[AUTOPOS] ANCHOR_CTRL[6] notify: ACRX;1;4;1;A;2;0xa102;3324;3803906912;738;47940;6662;6563;4825;2035;122;48;1039
[AUTOPOS] ANCHOR_CTRL[1] notify: ACRX;1;13;4;A;1;0xa101;-1;207157461;-4108;47833;5262;7162;5922;1890;120;44;1036
[AUTOPOS] ANCHOR_CTRL[7] notify: ACRX;1;14;3;A;1;0xa101;-1;2701626298;-1015;48046;7017;5662;3920;2180;121;44;993
[AUTOPOS] ANCHOR_CTRL[4] notify: ACRX;1;15;5;A;1;0xa101;-1;468291273;5903;47789;6969;7096;4990;1987;121;44;1009
[AUTOPOS] ANCHOR_CTRL[3] notify: ACRX;1;12;6;A;1;0xa101;-1;4259334748;-5466;47712;6147;7322;6289;2167;119;40;941
[AUTOPOS] ANCHOR_CTRL[6] notify: ACRX;1;4;1;A;3;0xa103;5628;543826896;-1373;48068;7497;6735;6539;2275;122;48;1127
[AUTOPOS] ANCHOR_CTRL[6] notify: ACRX;1;4;1;A;5;0xa105;1550;2237742371;-6058;47911;7502;7459;5810;2026;122;52;1232
[AUTOPOS] ANCHOR_CTRL[6] notify: ACRX;1;4;1;A;6;0xa106;3675;3319791895;5225;47859;7014;7475;4804;2151;122;48;1133
[AUTOPOS] ANCHOR_CTRL[6] notify: ACRX;1;4;1;A;7;0xa107;5511;66479441;-733;47941;3007;6591;7222;2150;122;40;952
[AUTOPOS] ANCHOR_CTRL[0] notify: ACRX;1;15;7;A;1;0xa101;-1;4054446628;-3162;47648;4193;6737;5419;1827;125;48;983
[AUTOPOS] ANCHOR_CTRL[5] notify: ACRX;1;6;0;A;1;0xa101;-1;3195433244;-1729;47896;7222;7049;6238;2425;121;36;853
[AUTOPOS] ANCHOR_CTRL[2] notify: ACRX;1;16;2;A;1;0xa101;-1;209873599;-613;47803;6027;4305;2408;2186;120;48;1181
[AUTOPOS] SW-B,A,4756,100,C,3324,100,D,5628,100,E,4491,100,F,1550,100,G,3675,100,H,5511,100
[AUTOPOS] ANCHOR_CTRL[6] notify: ACRX;1;5;1;A;0;0xa100;4768;2819611870;-2111;47842;4437;6116;4731;1296;122;40;792
[AUTOPOS] ANCHOR_CTRL[6] notify: ACRX;1;5;1;A;2;0xa102;3310;3860382546;826;47926;7110;5248;3483;2092;122;48;1081
[AUTOPOS] ANCHOR_CTRL[1] notify: ACRX;1;14;4;A;1;0xa101;-1;262415420;-2801;47672;7004;7548;4605;2155;123;52;1225
[AUTOPOS] ANCHOR_CTRL[7] notify: ACRX;1;15;3;A;1;0xa101;-1;2754000447;-2129;47659;7138;6583;4751;2249;124;44;1033
[AUTOPOS] ANCHOR_CTRL[3] notify: ACRX;1;13;6;A;1;0xa101;-1;4241096994;-5436;47910;6698;6718;5232;1990;117;44;989
[AUTOPOS] ANCHOR_CTRL[6] notify: ACRX;1;5;1;A;3;0xa103;5669;596207459;-1234;47967;6890;6582;5209;2241;122;44;1038
[AUTOPOS] ANCHOR_CTRL[6] notify: ACRX;1;5;1;A;4;0xa104;4603;1629694466;957;48110;6529;7450;5179;2123;122;52;1227
[AUTOPOS] ANCHOR_CTRL[6] notify: ACRX;1;5;1;A;6;0xa106;3634;3301580350;5193;47650;6932;6952;5605;2148;122;48;1130
[AUTOPOS] ANCHOR_CTRL[0] notify: ACRX;1;16;7;A;1;0xa101;-1;4034085193;-3217;47949;2754;6264;6512;1770;120;32;700
[AUTOPOS] ANCHOR_CTRL[2] notify: ACRX;1;17;2;A;1;0xa101;-1;172076314;-530;47870;5985;4186;2368;2011;121;52;1169
[AUTOPOS] ANCHOR_CTRL[6] notify: ACRX;1;5;1;A;7;0xa107;5462;46129188;-449;47640;4592;7233;6250;2250;122;52;1221
[AUTOPOS] SW-B,A,4768,100,C,3310,100,D,5669,100,E,4603,66,F,1550,100,G,3634,100,H,5462,100
[AUTOPOS] ANCHOR_CTRL[6] notify: ACRX;1;6;1;A;0;0xa100;4750;2791855572;-2214;48080;5804;7329;6831;2305;122;40;940
[AUTOPOS] ANCHOR_CTRL[6] notify: ACRX;1;6;1;A;2;0xa102;3361;3822588164;634;47848;7418;5714;3996;2153;122;48;1130
[AUTOPOS] ANCHOR_CTRL[7] notify: ACRX;1;16;3;A;1;0xa101;-1;2705659294;-1558;48018;6838;6829;5886;2194;122;40;946
[AUTOPOS] ANCHOR_CTRL[4] notify: ACRX;1;16;5;A;1;0xa101;-1;439306742;5976;48082;5272;7345;7082;1812;118;44;1092
[AUTOPOS] ANCHOR_CTRL[5] notify: ACRX;1;7;0;A;1;0xa101;-1;3167674394;-1203;47646;5679;7267;5806;1984;123;44;1004
[AUTOPOS] ANCHOR_CTRL[3] notify: ACRX;1;14;6;A;1;0xa101;-1;4179535065;-5440;47837;5807;7056;6299;2252;122;44;1034
[AUTOPOS] ANCHOR_CTRL[0] notify: ACRX;1;17;7;A;1;0xa101;-1;3962767553;-2672;47805;5684;6837;3899;1924;123;40;862
[AUTOPOS] ANCHOR_CTRL[5] notify: ACRX;1;8;0;A;1;0xa101;-1;3038914552;-1144;48100;7144;7154;5674;2545;120;44;1039
[AUTOPOS] ANCHOR_CTRL[2] notify: ACRX;1;18;2;A;1;0xa101;-1;38092793;-471;48101;7325;6013;4193;2162;123;52;1221
[AUTOPOS] ANCHOR_CTRL[6] notify: ACRX;1;6;1;A;3;0xa103;5648;547871232;-1126;47612;6991;6169;3756;2323;122;48;1123
[AUTOPOS] ANCHOR_CTRL[6] notify: ACRX;1;6;1;A;5;0xa105;1600;2208698378;-6085;47638;6706;7438;6540;1914;122;44;1053
[AUTOPOS] ANCHOR_CTRL[6] notify: ACRX;1;6;1;A;6;0xa106;3685;3240044705;5292;47749;2250;6700;7204;2147;122;48;1123
[AUTOPOS] ANCHOR_CTRL[1] notify: ACRX;1;15;4;A;1;0xa101;-1;3927306074;-3812;47974;6873;7305;5449;2089;124;40;913
[AUTOPOS] ANCHOR_CTRL[3] notify: ACRX;1;15;6;A;1;0xa101;-1;4040525783;-5418;48091;5258;7375;6269;2238;122;48;1131
[AUTOPOS] ANCHOR_CTRL[6] notify: ACRX;1;6;1;A;7;0xa107;5413;4269789342;-294;47778;5141;6850;5498;2081;122;48;1087
[AUTOPOS] SW-B,A,4750,100,C,3361,100,D,5648,100,E,4603,66,F,1600,75,G,3685,100,H,5413,100
[AUTOPOS] ANCHOR_CTRL[6] notify: ACRX;1;7;1;A;0;0xa100;4754;2663096315;-2135;48119;7054;7347;4581;2324;122;44;1035
[AUTOPOS] ANCHOR_CTRL[6] notify: ACRX;1;7;1;A;2;0xa102;3339;3688607260;642;48152;7159;5230;4366;2103;122;56;1257
[AUTOPOS] ANCHOR_CTRL[4] notify: ACRX;1;17;5;A;1;0xa101;-1;302421167;5900;47763;6319;7344;7285;2044;122;48;1141
[AUTOPOS] ANCHOR_CTRL[5] notify: ACRX;1;9;0;A;1;0xa101;-1;2563619452;-1309;47736;7391;6562;4038;2532;121;44;1034
[AUTOPOS] ANCHOR_CTRL[2] notify: ACRX;1;19;2;A;1;0xa101;-1;3867314012;-487;47944;6676;7323;5956;2108;121;52;1224
[AUTOPOS] ANCHOR_CTRL[7] notify: ACRX;1;17;3;A;1;0xa101;-1;2110996721;-1690;47845;7126;6484;5041;2189;119;44;1083
[AUTOPOS] ANCHOR_CTRL[3] notify: ACRX;1;16;6;A;1;0xa101;-1;3633450507;-5415;47639;4485;7751;7015;2320;124;44;1088
[AUTOPOS] ANCHOR_CTRL[6] notify: ACRX;1;7;1;A;4;0xa104;4489;999648442;1099;47790;6452;7320;5022;2073;122;52;1238
[AUTOPOS] ANCHOR_CTRL[6] notify: ACRX;1;7;1;A;5;0xa105;1569;2071783748;-6080;47952;6896;7361;6740;1871;122;48;1141
[AUTOPOS] ANCHOR_CTRL[6] notify: ACRX;1;7;1;A;6;0xa106;3724;3101061040;5214;48020;4947;7166;6455;2174;122;44;1036
[AUTOPOS] ANCHOR_CTRL[1] notify: ACRX;1;16;4;A;1;0xa101;-1;3563566325;-3849;47857;7216;7242;4763;2081;122;52;1228
[AUTOPOS] ANCHOR_CTRL[4] notify: ACRX;1;18;5;A;1;0xa101;-1;4183139738;5960;47990;7107;7361;4636;1919;118;48;1187
[AUTOPOS] ANCHOR_CTRL[5] notify: ACRX;1;10;0;A;1;0xa101;-1;2125157676;-1494;47912;6009;5715;4338;1534;105;40;906
[AUTOPOS] ANCHOR_CTRL[2] notify: ACRX;1;20;2;A;1;0xa101;-1;3440189553;-531;47725;7171;7214;5065;2310;120;64;1501
[AUTOPOS] SW-B,A,4754,100,C,3339,100,D,5648,100,E,4489,62,F,1569,80,G,3724,100,H,5413,100
[AUTOPOS] ANCHOR_CTRL[6] notify: ACRX;1;8;1;A;0;0xa100;4703;2187802978;-2117;47974;6564;7409;5600;2214;122;36;851
[AUTOPOS] ANCHOR_CTRL[6] notify: ACRX;1;8;1;A;2;0xa102;3463;3222864108;605;47832;7108;6064;4556;2175;122;48;1080
[AUTOPOS] ANCHOR_CTRL[6] notify: ACRX;1;8;1;A;4;0xa104;4539;635923761;1028;47909;6179;7241;5619;2057;122;52;1226
[AUTOPOS] ANCHOR_CTRL[7] notify: ACRX;1;18;3;A;1;0xa101;-1;1695043768;-1946;47788;6701;6366;4546;2202;119;48;1121
[AUTOPOS] ANCHOR_CTRL[6] notify: ACRX;1;8;1;A;5;0xa105;1573;1657506395;-6074;47719;7280;7179;5519;1925;122;48;1139
[AUTOPOS] ANCHOR_CTRL[6] notify: ACRX;1;8;1;A;6;0xa106;3691;2694011249;5273;47957;5493;7325;7152;2198;122;36;850
[AUTOPOS] SW-B,A,4703,100,C,3463,100,D,5648,100,E,4539,66,F,1573,83,G,3691,100,H,5413,100
[AUTOPOS] ANCHOR_CTRL[1] notify: ACRX;1;17;4;A;1;0xa101;-1;3147966415;-4032;48083;4560;7133;6357;1854;119;44;1039
[AUTOPOS] ANCHOR_CTRL[4] notify: ACRX;1;19;5;A;1;0xa101;-1;3840497974;5893;47890;5846;7647;7389;2024;122;48;1186
[AUTOPOS] ANCHOR_CTRL[0] notify: ACRX;1;18;7;A;1;0xa101;-1;3084338400;-2800;47836;4318;6714;5433;1830;123;36;787
[AUTOPOS] ANCHOR_CTRL[3] notify: ACRX;1;17;6;A;1;0xa101;-1;3290378061;-5448;47961;5482;7740;6950;2368;124;48;1174
[AUTOPOS] ANCHOR_CTRL[6] notify: ACRX;1;9;1;A;0;0xa100;4734;1749343421;-2168;47793;7266;7132;4732;2384;122;44;1034
[AUTOPOS] ANCHOR_CTRL[6] notify: ACRX;1;9;1;A;2;0xa102;3412;2795742662;707;48058;6696;4725;2861;2051;122;48;1040
[AUTOPOS] ANCHOR_CTRL[6] notify: ACRX;1;9;1;A;4;0xa104;4591;220339808;736;47700;4731;7283;6871;2057;122;52;1228
[AUTOPOS] ANCHOR_CTRL[6] notify: ACRX;1;9;1;A;5;0xa105;1575;1314836162;-6030;47822;6796;7302;6552;1889;122;48;1137
[AUTOPOS] ANCHOR_CTRL[6] notify: ACRX;1;9;1;A;6;0xa106;3732;2350963768;5091;47644;6288;7480;6061;2230;122;44;1037
[AUTOPOS] ANCHOR_CTRL[6] notify: ACRX;1;9;1;A;7;0xa107;5482;3391390361;-375;47757;3276;6641;7162;2062;122;52;1169
[AUTOPOS] SW-B,A,4734,100,C,3412,100,D,5648,100,E,4591,70,F,1575,85,G,3732,100,H,5482,80
[AUTOPOS] ANCHOR_CTRL[6] notify: SWEEP_DONE master=B sets=10 role=matrix
END=2026-06-03 00:17:15
