PORT=/dev/serial/by-id/usb-BioSpur_BioSpur_BLE_Control_87EA2F4A526C5A02-if00
START=2026-05-11 02:03:52
MASTER=A
PRECHECK: BSxxxx tag quarantine disabled; master/matrix anchors ignore tag polls during sweep
PRECHECK: context session_autopos_ready=1 autopos_initialized=1
PRECHECK: reusing session AUTOPOS state from matrix guard
PRECHECK: reusing existing AUTOPOS map
>>> autopos round A 10
[AUTOPOS] AUTOPOS round staged: master=A sets=10
>>> autopos status
[AUTOPOS] AUTOPOS: mode=AUTOPOS state=staged staged=A last_success=- sets=10 error=-
>>> autopos apply
[AUTOPOS] AUTOPOS apply started
[AUTOPOS] RECV_BG gate: SUPPRESS reason=autopos_detach
[AUTOPOS] RECV_BG gate: ALLOW reason=autopos_detach_done
[AUTOPOS] SCAN start req: bt_ready=1 scan_running=0 connecting_slot=-1 conn_count=0 target=anchor prefix=ANCHOR-
[AUTOPOS] Scanning for ANCHOR-*
[AUTOPOS] AUTOPOS apply mode: bootstrap-target-only
[AUTOPOS] Master discovery mode: CONN & START
[AUTOPOS] Master discovery mode: CONN & START
[AUTOPOS] SCAN start req: bt_ready=1 scan_running=0 connecting_slot=-1 conn_count=0 target=anchor prefix=ANCHOR-
[AUTOPOS] Scanning for ANCHOR-*
[AUTOPOS] AUTOPOS wait anchor ready: uuid=4DC6B8187E33803AE8601FB0D7992B96 timeout_ms=12000
[AUTOPOS] AUTOPOS wait anchor ready: waited=0 ready_count=0
[AUTOPOS] READY count=0 target=anchor target_uuid=4DC6B8187E33803AE8601FB0D7992B96 conn_count=0 connecting_slot=-1 scan=1 auto=1
[AUTOPOS] SCAN hit: F2:B7:4E:8A:79:01 (random) rssi=-68 name=- bs=- uuid=4DC6B8187E33803AE8601FB0D7992B96 target=anchor uuid_ok=1 tag_name=0 anchor_name=0 nus=0 dfu=0 token=0 props=0x03
[AUTOPOS] CONNECT queue[0]: addr=F2:B7:4E:8A:79:01 (random) link=anchor-ctrl uuid=4DC6B8187E33803AE8601FB0D7992B96 target=anchor
[AUTOPOS] CONNECT pending[0]: addr_valid=1 link=anchor-ctrl uuid=4DC6B8187E33803AE8601FB0D7992B96 scan_running=1 conn_count=0
[AUTOPOS] CONNECT pending[0]: bt_le_scan_stop rc=0 scan_running=1
[AUTOPOS] CONNECT pending[0] rc=0 conn=0x200048d8 interval=32-56 timeout=1000
[AUTOPOS] Connected[0]: F2:B7:4E:8A:79:01 (random) name=- bs=-
[AUTOPOS] CONNECT state[0]: link=anchor-ctrl uuid=4DC6B8187E33803AE8601FB0D7992B96 ready=0 conn=0x200048d8
SETUP[0] begin: link=anchor-ctrl uuid=4DC6B8187E33803AE8601FB0D7992B96 conn=0x200048d8
SETUP[0] anchor-ctrl: skip mtu/phy negotiation
SETUP[0] conn_param_update rc=0 interval=32-56 timeout=1000
ANCHOR_CTRL[0] static link ready state=0x0012 ctrl=0x0019 result=0x001b uuid=4DC6B8187E33803AE8601FB0D7992B96
[AUTOPOS] AUTOPOS wait anchor ready: waited=600 ready_count=1
[AUTOPOS] READY count=1 target=anchor target_uuid=4DC6B8187E33803AE8601FB0D7992B96 conn_count=1 connecting_slot=-1 scan=0 auto=1
[AUTOPOS] READY peer[0]: link=anchor-ctrl connected=1 ready=1 pending=0 inflight=0 retries=0 start_failures=0 uuid=4DC6B8187E33803AE8601FB0D7992B96 name=- state_h=0x0012 ctrl_h=0x0019 result_h=0x001b
[AUTOPOS] AUTOPOS wait anchor ready: uuid=4DC6B8187E33803AE8601FB0D7992B96 control link ready
[AUTOPOS] Master anchor result stream: on
[AUTOPOS] Anchor ctrl sent[0]: RM 10 uuid=4DC6B8187E33803AE8601FB0D7992B96
[AUTOPOS] Disconnected[0]: F2:B7:4E:8A:79:01 (random) reason=0x3e link=anchor-ctrl ready=1
[AUTOPOS] SCAN start req: bt_ready=1 scan_running=0 connecting_slot=-1 conn_count=0 target=anchor prefix=ANCHOR-
[AUTOPOS] Scanning for ANCHOR-*
[AUTOPOS] SCAN hit: F2:B7:4E:8A:79:01 (random) rssi=-68 name=- bs=- uuid=4DC6B8187E33803AE8601FB0D7992B96 target=anchor uuid_ok=1 tag_name=0 anchor_name=0 nus=0 dfu=0 token=0 props=0x03
[AUTOPOS] CONNECT queue[0]: addr=F2:B7:4E:8A:79:01 (random) link=anchor-ctrl uuid=4DC6B8187E33803AE8601FB0D7992B96 target=anchor
[AUTOPOS] CONNECT pending[0]: addr_valid=1 link=anchor-ctrl uuid=4DC6B8187E33803AE8601FB0D7992B96 scan_running=1 conn_count=0
[AUTOPOS] CONNECT pending[0]: bt_le_scan_stop rc=0 scan_running=1
[AUTOPOS] CONNECT pending[0] rc=0 conn=0x200048d8 interval=32-56 timeout=1000
[AUTOPOS] Connected[0]: F2:B7:4E:8A:79:01 (random) name=- bs=-
[AUTOPOS] CONNECT state[0]: link=anchor-ctrl uuid=4DC6B8187E33803AE8601FB0D7992B96 ready=0 conn=0x200048d8
SETUP[0] begin: link=anchor-ctrl uuid=4DC6B8187E33803AE8601FB0D7992B96 conn=0x200048d8
SETUP[0] anchor-ctrl result-stream mtu_exchange rc=0
SETUP[0] conn_param_update rc=0 interval=32-56 timeout=1000
Anchor ctrl result-stream subscribe[0] rc=0
ANCHOR_CTRL[0] static link ready state=0x0012 ctrl=0x0019 result=0x001b uuid=4DC6B8187E33803AE8601FB0D7992B96
[AUTOPOS] MTU exchange[0] done (498)
[AUTOPOS] Conn param updated[0]: int=56 lat=0 to=1000
[AUTOPOS] AUTOPOS result: OK READY
[AUTOPOS] AUTOPOS state: STATE fw=alt-bcast-a40-pendingguard-g120 bs=BS6B72 uuid=4DC6B8187E33803AE8601FB0D7992B96 label=A role=matrix cfg_valid=1 busy=0 pending_valid=1 schema=2 gen=0 reboot_required=0
[AUTOPOS] AUTOPOS result: OK READY
[AUTOPOS] AUTOPOS state: STATE fw=alt-bcast-a40-pendingguard-g120 bs=BS6B72 uuid=4DC6B8187E33803AE8601FB0D7992B96 label=A role=matrix cfg_valid=1 busy=1 pending_valid=1 schema=2 gen=0 reboot_required=0
[AUTOPOS] Disconnected[0]: F2:B7:4E:8A:79:01 (random) reason=0x08 link=anchor-ctrl ready=1
[AUTOPOS] SCAN start req: bt_ready=1 scan_running=0 connecting_slot=-1 conn_count=0 target=anchor prefix=ANCHOR-
[AUTOPOS] Scanning for ANCHOR-*
[AUTOPOS] SCAN hit: F2:B7:4E:8A:79:01 (random) rssi=-94 name=- bs=- uuid=4DC6B8187E33803AE8601FB0D7992B96 target=anchor uuid_ok=1 tag_name=0 anchor_name=0 nus=0 dfu=0 token=0 props=0x03
[AUTOPOS] CONNECT queue[0]: addr=F2:B7:4E:8A:79:01 (random) link=anchor-ctrl uuid=4DC6B8187E33803AE8601FB0D7992B96 target=anchor
[AUTOPOS] CONNECT pending[0]: addr_valid=1 link=anchor-ctrl uuid=4DC6B8187E33803AE8601FB0D7992B96 scan_running=1 conn_count=0
[AUTOPOS] CONNECT pending[0]: bt_le_scan_stop rc=0 scan_running=1
[AUTOPOS] CONNECT pending[0] rc=0 conn=0x200048d8 interval=32-56 timeout=1000
[AUTOPOS] Connected[0]: F2:B7:4E:8A:79:01 (random) name=- bs=-
[AUTOPOS] CONNECT state[0]: link=anchor-ctrl uuid=4DC6B8187E33803AE8601FB0D7992B96 ready=0 conn=0x200048d8
SETUP[0] begin: link=anchor-ctrl uuid=4DC6B8187E33803AE8601FB0D7992B96 conn=0x200048d8
SETUP[0] anchor-ctrl result-stream mtu_exchange rc=0
SETUP[0] conn_param_update rc=0 interval=32-56 timeout=1000
Anchor ctrl result-stream subscribe[0] rc=0
ANCHOR_CTRL[0] static link ready state=0x0012 ctrl=0x0019 result=0x001b uuid=4DC6B8187E33803AE8601FB0D7992B96
[AUTOPOS] MTU exchange[0] done (498)
[AUTOPOS] Conn param updated[0]: int=56 lat=0 to=1000
[AUTOPOS] AUTOPOS anchor A runtime sweep cmd failed rc=-116; forcing control-link reconnect retry
[AUTOPOS] Master disconnect target peer[0]: connected=1 ready=1 link=anchor-ctrl uuid=4DC6B8187E33803AE8601FB0D7992B96
[AUTOPOS] Disconnected[0]: F2:B7:4E:8A:79:01 (random) reason=0x16 link=anchor-ctrl ready=0
[AUTOPOS] RECV_BG suppressed: quiesce disconnect restart blocked remaining=0
[AUTOPOS] Master discovery mode: CONN & START
[AUTOPOS] Master discovery mode: CONN & START
[AUTOPOS] SCAN start req: bt_ready=1 scan_running=0 connecting_slot=-1 conn_count=0 target=anchor prefix=ANCHOR-
[AUTOPOS] Scanning for ANCHOR-*
[AUTOPOS] AUTOPOS wait anchor ready: uuid=4DC6B8187E33803AE8601FB0D7992B96 timeout_ms=15000
[AUTOPOS] AUTOPOS wait anchor ready: waited=0 ready_count=0
[AUTOPOS] READY count=0 target=anchor target_uuid=4DC6B8187E33803AE8601FB0D7992B96 conn_count=0 connecting_slot=-1 scan=1 auto=1
[AUTOPOS] SCAN hit: F2:B7:4E:8A:79:01 (random) rssi=-94 name=- bs=- uuid=4DC6B8187E33803AE8601FB0D7992B96 target=anchor uuid_ok=1 tag_name=0 anchor_name=0 nus=0 dfu=0 token=0 props=0x03
[AUTOPOS] CONNECT queue[0]: addr=F2:B7:4E:8A:79:01 (random) link=anchor-ctrl uuid=4DC6B8187E33803AE8601FB0D7992B96 target=anchor
[AUTOPOS] CONNECT pending[0]: addr_valid=1 link=anchor-ctrl uuid=4DC6B8187E33803AE8601FB0D7992B96 scan_running=1 conn_count=0
[AUTOPOS] CONNECT pending[0]: bt_le_scan_stop rc=0 scan_running=1
[AUTOPOS] CONNECT pending[0] rc=0 conn=0x200048d8 interval=32-56 timeout=1000
[AUTOPOS] Connected[0]: F2:B7:4E:8A:79:01 (random) name=- bs=-
[AUTOPOS] CONNECT state[0]: link=anchor-ctrl uuid=4DC6B8187E33803AE8601FB0D7992B96 ready=0 conn=0x200048d8
SETUP[0] begin: link=anchor-ctrl uuid=4DC6B8187E33803AE8601FB0D7992B96 conn=0x200048d8
SETUP[0] anchor-ctrl result-stream mtu_exchange rc=0
SETUP[0] conn_param_update rc=0 interval=32-56 timeout=1000
Anchor ctrl result-stream subscribe[0] rc=0
ANCHOR_CTRL[0] static link ready state=0x0012 ctrl=0x0019 result=0x001b uuid=4DC6B8187E33803AE8601FB0D7992B96
[AUTOPOS] AUTOPOS wait anchor ready: waited=800 ready_count=1
[AUTOPOS] READY count=1 target=anchor target_uuid=4DC6B8187E33803AE8601FB0D7992B96 conn_count=1 connecting_slot=-1 scan=0 auto=1
[AUTOPOS] READY peer[0]: link=anchor-ctrl connected=1 ready=1 pending=0 inflight=0 retries=0 start_failures=0 uuid=4DC6B8187E33803AE8601FB0D7992B96 name=- state_h=0x0012 ctrl_h=0x0019 result_h=0x001b
[AUTOPOS] AUTOPOS wait anchor ready: uuid=4DC6B8187E33803AE8601FB0D7992B96 control link ready
[AUTOPOS] Master discovery mode: CONN & START
[AUTOPOS] AUTOPOS wait anchor ready: uuid=4DC6B8187E33803AE8601FB0D7992B96 reuse existing ready control link
[AUTOPOS] Master anchor result stream: on
[AUTOPOS] MTU exchange[0] done (498)
[AUTOPOS] Anchor ctrl sent[0]: RM 10 uuid=4DC6B8187E33803AE8601FB0D7992B96
[AUTOPOS] ANCHOR_CTRL[0] notify: OK RUNTIME_SWITCH_REQUESTED SWEEP=10
[AUTOPOS] ANCHOR_CTRL[0] notify: DBG ROLE_SWITCH anchor=A role=master sets=10
[AUTOPOS] ANCHOR_CTRL[0] notify: DBG ROLE_START anchor=A role=master sets=10
[AUTOPOS] ANCHOR_CTRL[0] notify: DBG MASTER_START anchor=A peers=7 sets=10
[AUTOPOS] ANCHOR_CTRL[0] notify: DBG MASTER_FIRST_PEER anchor=A peer=B
[AUTOPOS] ANCHOR_CTRL[0] notify: DBG MASTER_FIRST_RESULT anchor=A peer=B rx=1 status=0x00806ff2
[AUTOPOS] AUTOPOS result: DBG MASTER_FIRST_RESULT anchor=A peer=B rx=1 status=0x00806ff2
[AUTOPOS] Conn param updated[0]: int=56 lat=0 to=1000
[AUTOPOS] SW-A,B,3789,100,C,2940,100,D,5765,100,E,1668,100,F,4095,100,G,3439,100,H,5329,100
[AUTOPOS] AUTOPOS state: STATE fw=alt-bcast-a40-pendingguard-g120 bs=BS6B72 uuid=4DC6B8187E33803AE8601FB0D7992B96 label=A role=master cfg_valid=1 busy=1 pending_valid=1 schema=2 gen=0 reboot_required=0
[AUTOPOS] AUTOPOS runtime accept via role state: master=A
[AUTOPOS] AUTOPOS bootstrap target-only promote verified: master=A
[AUTOPOS] AUTOPOS[AUTOPOS] SW-A,B,3765,100,C,2927,100,D,5536,100,E,1701,100,F,4051,100,G,3479,100,H,5331,100
 apply success: master=A
[AUTOPOS] AUTOPOS finite sweep handoff: master=A sets=10; host waits for SWEEP_DONE
[AUTOPOS] AUTOPOS sweep listen attach: master=A uuid=4DC6B8187E33803AE8601FB0D7992B96
[AUTOPOS] Master anchor result stream: on
[AUTOPOS] Master discovery mode: CONN & START
[AUTOPOS] SW-A,B,3800,100,C,2925,100,D,5756,100,E,1658,100,F,4115,100,G,3463,100,H,5306,100
[AUTOPOS] SW-A,B,3813,100,C,2954,100,D,5654,100,E,1594,100,F,4115,100,G,3344,100,H,5169,100
[AUTOPOS] SW-A,B,3813,100,C,2813,100,D,5658,100,E,1652,100,F,4115,100,G,3306,100,H,5168,100
[AUTOPOS] SW-A,B,3813,100,C,2836,100,D,5669,100,E,1665,100,F,4115,100,G,3311,100,H,5182,100
[AUTOPOS] SW-A,B,3813,100,C,2841,100,D,5653,100,E,1648,100,F,4115,100,G,3354,100,H,5172,100
[AUTOPOS] SW-A,B,3813,100,C,2862,100,D,5686,100,E,1666,100,F,4115,100,G,3334,100,H,5219,100
[AUTOPOS] SW-A,B,3813,100,C,2796,100,D,5643,100,E,1654,100,F,4115,100,G,3343,100,H,5227,100
[AUTOPOS] SW-A,B,3813,100,C,2863,100,D,5636,100,E,1630,100,F,4115,100,G,3338,100,H,5199,100
[AUTOPOS] ANCHOR_CTRL[0] notify: SWEEP_DONE master=A sets=10 role=matrix
[AUTOPOS] ANCHOR_CTRL[0] notify: DBG ROLE_SWITCH anchor=A role=matrix sets=0
END=2026-05-11 02:04:16
