PORT=/dev/serial/by-id/usb-BioSpur_BioSpur_BLE_Control_87EA2F4A526C5A02-if00
START=2026-06-02 22:52:24
MASTER=A
PRECHECK: BSxxxx tag quarantine disabled; master/matrix anchors ignore tag polls during sweep
PRECHECK: context session_autopos_ready=1 autopos_initialized=1
PRECHECK: reusing session AUTOPOS state from matrix guard
PRECHECK: reusing existing AUTOPOS map
>>> autopos cir full
[AUTOPOS] AUTOPOS cir mode set: FULL
>>> autopos round A 10
[AUTOPOS] AUTOPOS round staged: master=A sets=10
>>> autopos status
[AUTOPOS] AUTOPOS: mode=AUTOPOS state=staged staged=A last_success=- sets=10 cir=FULL error=-
>>> autopos apply
[AUTOPOS] AUTOPOS apply started
[AUTOPOS] RECV_BG gate: SUPPRESS reason=autopos_detach
[AUTOPOS] AUTOPOS detach skip STOP: finite master auto-returns to matrix sets=10
[AUTOPOS] RECV_BG gate: ALLOW reason=autopos_detach_done
[AUTOPOS] SCAN start req: bt_ready=1 scan_running=0 connecting_slot=-1 conn_count=8 target=anchor prefix=ANCHOR-
[AUTOPOS] Scanning for ANCHOR-*
[AUTOPOS] AUTOPOS apply mode: bootstrap-target-only
[AUTOPOS] Master discovery mode: CONN & START
[AUTOPOS] AUTOPOS wait anchor ready: uuid=F3BB7A04104F9CB8561DDDACB9E53714 reuse existing ready control link (discovery remains active)
[AUTOPOS] AUTOPOS state: STATE fw=anchor-cir-runtime-modes-202606 bs=BS1FFC uuid=F3BB7A04104F9CB8561DDDACB9E53714 label=A role=matrix cfg_valid=1 busy=1 pending_valid=1 schema=2 gen=1 reboot_required=0
[AUTOPOS] AUTOPOS state: STATE fw=anchor-cir-runtime-modes-202606 bs=BS1FFC uuid=F3BB7A04104F9CB8561DDDACB9E53714 label=A role=matrix cfg_valid=1 busy=1 pending_valid=1 schema=2 gen=1 reboot_required=0
[AUTOPOS] BLE cmd skip[0]: target mismatch kind=anchor target_name=- target_uuid=F3BB7A04104F9CB8561DDDACB9E53714 peer_name=- peer_bs=- peer_uuid=B1E487C2B1FD740D1442206A1857DFA1 link=anchor-ctrl ready=1
[AUTOPOS] BLE cmd skip[1]: target mismatch kind=anchor target_name=- target_uuid=F3BB7A04104F9CB8561DDDACB9E53714 peer_name=- peer_bs=- peer_uuid=A892AF05DD59CF0D0D3408AD74F364A1 link=anchor-ctrl ready=1
[AUTOPOS] BLE cmd skip[2]: target mismatch kind=anchor target_name=- target_uuid=F3BB7A04104F9CB8561DDDACB9E53714 peer_name=- peer_bs=- peer_uuid=CEE5A7EFCB35F8A56B430047629F5309 link=anchor-ctrl ready=1
[AUTOPOS] BLE cmd skip[3]: target mismatch kind=anchor target_name=- target_uuid=F3BB7A04104F9CB8561DDDACB9E53714 peer_name=- peer_bs=- peer_uuid=B3087BC3D87CCCD316AEDC6B71D6677F link=anchor-ctrl ready=1
[AUTOPOS] BLE cmd skip[4]: target mismatch kind=anchor target_name=- target_uuid=F3BB7A04104F9CB8561DDDACB9E53714 peer_name=- peer_bs=- peer_uuid=840C68591E90019821AACFF1B73AAA34 link=anchor-ctrl ready=1
[AUTOPOS] Anchor ctrl sent[5]: RUNTIME MASTER SWEEP 10 CIR=FULL uuid=F3BB7A04104F9CB8561DDDACB9E53714
[AUTOPOS] BLE cmd skip[6]: target mismatch kind=anchor target_name=- target_uuid=F3BB7A04104F9CB8561DDDACB9E53714 peer_name=- peer_bs=- peer_uuid=B9179575C776C98F1CB132DD6EDC6223 link=anchor-ctrl ready=1
[AUTOPOS] BLE cmd skip[7]: target mismatch kind=anchor target_name=- target_uuid=F3BB7A04104F9CB8561DDDACB9E53714 peer_name=- peer_bs=- peer_uuid=B2B5FA625534A8C617135DCAFC9E036A link=anchor-ctrl ready=1
[AUTOPOS] ANCHOR_CTRL[5] notify: OK RUNTIME_SWITCH_REQUESTED SWEEP=10
[AUTOPOS] AUTOPOS result: OK RUNTIME_SWITCH_REQUESTED SWEEP=10
[AUTOPOS] AUTOPOS state: STATE fw=anchor-cir-runtime-modes-202606 bs=BS1FFC uuid=F3BB7A04104F9CB8561DDDACB9E53714 label=A role=master cfg_valid=1 busy=1 pending_valid=1 schema=2 gen=1 reboot_required=0
[AUTOPOS] AUTOPOS bootstrap target-only promote verified: master=A
[AUTOPOS] AUTOPOS apply success: master=A
[AUTOPOS] AUTOPOS finite sweep handoff: master=A sets=10; host waits for SWEEP_DONE
[AUTOPOS] SW-A,B,0,0,C,5153,100,D,2822,100,E,0,0,F,4491,100,G,5298,100,H,3147,100
[AUTOPOS] SW-A,B,4804,100,C,5193,100,D,2818,100,E,1589,100,F,4623,100,G,5253,100,H,3147,100
[AUTOPOS] SW-A,B,4631,100,C,5186,100,D,2818,100,E,1627,100,F,4611,100,G,5266,100,H,3147,100
[AUTOPOS] SW-A,B,4622,100,C,5215,100,D,2818,100,E,1561,100,F,4571,100,G,5306,100,H,3166,50
[AUTOPOS] SW-A,B,4815,100,C,5164,100,D,2780,60,E,1659,100,F,4609,100,G,5247,100,H,3166,50
[AUTOPOS] SW-A,B,4767,100,C,5188,100,D,2780,60,E,1610,100,F,4609,100,G,5250,100,H,3183,50
[AUTOPOS] SW-A,B,4736,100,C,5178,100,D,2780,60,E,1688,100,F,4567,85,G,5288,100,H,3198,57
[AUTOPOS] SW-A,B,4815,100,C,5148,100,D,2780,60,E,1629,100,F,4586,87,G,5308,100,H,3125,62
[AUTOPOS] SW-A,B,4791,100,C,5122,100,D,2706,40,E,1629,100,F,4609,88,G,5279,100,H,3164,66
[AUTOPOS] SW-A,B,4781,100,C,5130,100,D,2780,45,E,1629,100,F,4608,90,G,5297,100,H,3124,70
[AUTOPOS] ANCHOR_CTRL[5] notify: SWEEP_DONE master=A sets=10 role=matrix
END=2026-06-02 22:53:24
