PORT=/dev/serial/by-id/usb-BioSpur_BioSpur_BLE_Control_87EA2F4A526C5A02-if00
START=2026-05-11 10:05:40
MASTER=G
PRECHECK: BSxxxx tag quarantine disabled; master/matrix anchors ignore tag polls during sweep
PRECHECK: context session_autopos_ready=1 autopos_initialized=1
PRECHECK: reusing session AUTOPOS state from matrix guard
PRECHECK: reusing existing AUTOPOS map
>>> autopos round G 500
[AUTOPOS] AUTOPOS round staged: master=G sets=500
>>> autopos status
[AUTOPOS] AUTOPOS: mode=AUTOPOS state=staged staged=G last_success=F sets=500 error=-
>>> autopos apply
[AUTOPOS] AUTOPOS apply started
[AUTOPOS] RECV_BG gate: SUPPRESS reason=autopos_detach
[AUTOPOS] AUTOPOS detach skip STOP: finite master auto-returns to matrix sets=500
[AUTOPOS] RECV_BG gate: ALLOW reason=autopos_detach_done
[AUTOPOS] SCAN start req: bt_ready=1 scan_running=0 connecting_slot=-1 conn_count=3 target=anchor prefix=ANCHOR-
[AUTOPOS] Scanning for ANCHOR-*
[AUTOPOS] AUTOPOS apply mode: incremental
[AUTOPOS] AUTOPOS apply incremental: prev_master=F new_master=G
[AUTOPOS] AUTOPOS incremental: skip F demote for finite sweep; master auto-returned to matrix
[AUTOPOS] Master discovery mode: CONN & START
[AUTOPOS] Master discovery mode: CONN & START
[AUTOPOS] SCAN start req: bt_ready=1 scan_running=0 connecting_slot=-1 conn_count=3 target=anchor prefix=ANCHOR-
[AUTOPOS] Scanning for ANCHOR-*
[AUTOPOS] AUTOPOS wait anchor ready: uuid=B3087BC3D87CCCD316AEDC6B71D6677F timeout_ms=12000
[AUTOPOS] AUTOPOS wait anchor ready: waited=0 ready_count=0
[AUTOPOS] READY count=0 target=anchor target_uuid=B3087BC3D87CCCD316AEDC6B71D6677F conn_count=3 connecting_slot=-1 scan=1 auto=1
[AUTOPOS] READY peer[0]: link=anchor-ctrl connected=1 ready=1 pending=0 inflight=0 retries=0 start_failures=0 uuid=CEE5A7EFCB35F8A56B430047629F5309 name=- state_h=0x0012 ctrl_h=0x0019 result_h=0x001b
[AUTOPOS] READY peer[1]: link=anchor-ctrl connected=1 ready=1 pending=0 inflight=0 retries=0 start_failures=0 uuid=B2B5FA625534A8C617135DCAFC9E036A name=- state_h=0x0012 ctrl_h=0x0019 result_h=0x001b
[AUTOPOS] READY peer[3]: link=anchor-ctrl connected=1 ready=1 pending=0 inflight=0 retries=0 start_failures=0 uuid=840C68591E90019821AACFF1B73AAA34 name=- state_h=0x0012 ctrl_h=0x0019 result_h=0x001b
[AUTOPOS] SCAN hit: EC:9F:55:9D:7E:A1 (random) rssi=-64 name=- bs=- uuid=B3087BC3D87CCCD316AEDC6B71D6677F target=anchor uuid_ok=1 tag_name=0 anchor_name=0 nus=0 dfu=0 token=0 props=0x03
[AUTOPOS] CONNECT queue[2]: addr=EC:9F:55:9D:7E:A1 (random) link=anchor-ctrl uuid=B3087BC3D87CCCD316AEDC6B71D6677F target=anchor
[AUTOPOS] CONNECT pending[2]: addr_valid=1 link=anchor-ctrl uuid=B3087BC3D87CCCD316AEDC6B71D6677F scan_running=1 conn_count=3
[AUTOPOS] CONNECT pending[2]: bt_le_scan_stop rc=0 scan_running=1
[AUTOPOS] CONNECT pending[2] rc=0 conn=0x20004a78 interval=32-56 timeout=1000
[AUTOPOS] Connected[2]: EC:9F:55:9D:7E:A1 (random) name=- bs=-
[AUTOPOS] CONNECT state[2]: link=anchor-ctrl uuid=B3087BC3D87CCCD316AEDC6B71D6677F ready=0 conn=0x20004a78
SETUP[2] begin: link=anchor-ctrl uuid=B3087BC3D87CCCD316AEDC6B71D6677F conn=0x20004a78
SETUP[2] anchor-ctrl result-stream mtu_exchange rc=0
SETUP[2] conn_param_update rc=0 interval=32-56 timeout=1000
Anchor ctrl result-stream subscribe[2] rc=0
ANCHOR_CTRL[2] static link ready state=0x0012 ctrl=0x0019 result=0x001b uuid=B3087BC3D87CCCD316AEDC6B71D6677F
[AUTOPOS] AUTOPOS wait anchor ready: waited=600 ready_count=1
[AUTOPOS] READY count=1 target=anchor target_uuid=B3087BC3D87CCCD316AEDC6B71D6677F conn_count=4 connecting_slot=-1 scan=0 auto=1
[AUTOPOS] READY peer[0]: link=anchor-ctrl connected=1 ready=1 pending=0 inflight=0 retries=0 start_failures=0 uuid=CEE5A7EFCB35F8A56B430047629F5309 name=- state_h=0x0012 ctrl_h=0x0019 result_h=0x001b
[AUTOPOS] READY peer[1]: link=anchor-ctrl connected=1 ready=1 pending=0 inflight=0 retries=0 start_failures=0 uuid=B2B5FA625534A8C617135DCAFC9E036A name=- state_h=0x0012 ctrl_h=0x0019 result_h=0x001b
[AUTOPOS] READY peer[2]: link=anchor-ctrl connected=1 ready=1 pending=0 inflight=0 retries=0 start_failures=0 uuid=B3087BC3D87CCCD316AEDC6B71D6677F name=- state_h=0x0012 ctrl_h=0x0019 result_h=0x001b
[AUTOPOS] READY peer[3]: link=anchor-ctrl connected=1 ready=1 pending=0 inflight=0 retries=0 start_failures=0 uuid=840C68591E90019821AACFF1B73AAA34 name=- state_h=0x0012 ctrl_h=0x0019 result_h=0x001b
[AUTOPOS] AUTOPOS wait anchor ready: uuid=B3087BC3D87CCCD316AEDC6B71D6677F control link ready
[AUTOPOS] Master anchor result stream: on
[AUTOPOS] MTU exchange[2] done (498)
[AUTOPOS] BLE cmd skip[0]: target mismatch kind=anchor target_name=- target_uuid=B3087BC3D87CCCD316AEDC6B71D6677F peer_name=- peer_bs=- peer_uuid=CEE5A7EFCB35F8A56B430047629F5309 link=anchor-ctrl ready=1
[AUTOPOS] BLE cmd skip[1]: target mismatch kind=anchor target_name=- target_uuid=B3087BC3D87CCCD316AEDC6B71D6677F peer_name=- peer_bs=- peer_uuid=B2B5FA625534A8C617135DCAFC9E036A link=anchor-ctrl ready=1
[AUTOPOS] Anchor ctrl sent[2]: RM 500 uuid=B3087BC3D87CCCD316AEDC6B71D6677F
[AUTOPOS] BLE cmd skip[3]: target mismatch kind=anchor target_name=- target_uuid=B3087BC3D87CCCD316AEDC6B71D6677F peer_name=- peer_bs=- peer_uuid=840C68591E90019821AACFF1B73AAA34 link=anchor-ctrl ready=1
[AUTOPOS] ANCHOR_CTRL[2] notify: OK RUNTIME_SWITCH_REQUESTED SWEEP=500
[AUTOPOS] ANCHOR_CTRL[2] notify: DBG ROLE_SWITCH anchor=G role=master sets=500
[AUTOPOS] ANCHOR_CTRL[2] notify: DBG ROLE_START anchor=G role=master sets=500
[AUTOPOS] ANCHOR_CTRL[2] notify: DBG MASTER_START anchor=G peers=7 sets=500
[AUTOPOS] ANCHOR_CTRL[2] notify: DBG MASTER_FIRST_PEER anchor=G peer=A
[AUTOPOS] Conn param updated[2]: int=56 lat=0 to=1000
[AUTOPOS] ANCHOR_CTRL[2] notify: DBG MASTER_FIRST_RESULT anchor=G peer=A rx=0 status=0x008200f2
[AUTOPOS] AUTOPOS result: DBG MASTER_FIRST_RESULT anchor=G peer=A rx=0 status=0x008200f2
[AUTOPOS] SW-G,A,0,0,B,0,0,C,1639,100,D,4277,100,E,0,0,F,0,0,H,3849,100
[AUTOPOS] SW-G,A,0,0,B,0,0,C,1641,100,D,4369,100,E,0,0,F,0,0,H,3900,100
[AUTOPOS] SW-G,A,0,0,B,0,0,C,1675,100,D,4279,100,E,0,0,F,0,0,H,3893,100
[AUTOPOS] AUTOPOS state: STATE fw=alt-bcast-a40-pendingguard-g120 bs=BSEC88 uuid=B3087BC3D87CCCD316AEDC6B71D6677F label=G role=master cfg_valid=1 busy=1 pending_valid=1 schema=2 gen=0 reboot_required=0
[AUTOPOS] AUTOPOS runtime accept via role state: master=G
[AUTOPOS] AUTOPOS anchor G role verified
[AUTOPOS] AUTOPOS apply success: master=G
[AUTOPOS] AUTOPOS finite sweep handoff: master=G sets=500; host waits for SWEEP_DONE
[AUTOPOS] AUTOPOS sweep listen attach: master=G uuid=B3087BC3D87CCCD316AEDC6B71D6677F
[AUTOPOS] Master anchor result stream: on
[AUTOPOS] Master discovery mode: CONN & START
[AUTOPOS] SW-G,A,0,0,B,0,0,C,1607,100,D,4450,100,E,0,0,F,0,0,H,3883,100
[AUTOPOS] SW-G,A,0,0,B,0,0,C,1693,100,D,4386,100,E,0,0,F,0,0,H,3888,100
[AUTOPOS] SW-G,A,0,0,B,0,0,C,1657,100,D,4393,100,E,0,0,F,0,0,H,3919,100
[AUTOPOS] SW-G,A,0,0,B,0,0,C,1671,100,D,4365,100,E,0,0,F,0,0,H,3875,100
[AUTOPOS] SW-G,A,0,0,B,0,0,C,1658,100,D,4379,100,E,0,0,F,0,0,H,3924,100
[AUTOPOS] SW-G,A,0,0,B,0,0,C,1654,100,D,4285,100,E,0,0,F,0,0,H,3933,100
[AUTOPOS] SW-G,A,0,0,B,0,0,C,1663,100,D,4230,100,E,0,0,F,0,0,H,3890,100
[AUTOPOS] SW-G,A,0,0,B,0,0,C,1649,100,D,4371,100,E,0,0,F,0,0,H,3847,100
[AUTOPOS] SW-G,A,0,0,B,0,0,C,1649,100,D,4388,100,E,0,0,F,0,0,H,3836,100
[AUTOPOS] SW-G,A,0,0,B,0,0,C,1644,92,D,4386,100,E,0,0,F,0,0,H,3926,100
[AUTOPOS] SW-G,A,0,0,B,0,0,C,1679,92,D,4356,100,E,0,0,F,0,0,H,3939,100
[AUTOPOS] SW-G,A,0,0,B,0,0,C,1611,93,D,4305,100,E,0,0,F,0,0,H,3897,100
[AUTOPOS] SW-G,A,0,0,B,0,0,C,1641,93,D,4252,100,E,0,0,F,0,0,H,3922,100
[AUTOPOS] SW-G,A,0,0,B,0,0,C,1643,94,D,4321,100,E,0,0,F,0,0,H,3925,100
[AUTOPOS] SW-G,A,0,0,B,0,0,C,1632,94,D,4350,100,E,0,0,F,0,0,H,3887,100
[AUTOPOS] SW-G,A,0,0,B,4857,100,C,1661,94,D,4328,100,E,3240,100,F,4783,100,H,3932,100
[AUTOPOS] SW-G,A,3642,100,B,4900,100,C,1648,95,D,4337,100,E,3206,100,F,4743,100,H,3940,100
[AUTOPOS] SW-G,A,3619,100,B,4911,100,C,1691,95,D,4354,100,E,3181,100,F,4667,100,H,3892,100
[AUTOPOS] SW-G,A,3583,100,B,4911,100,C,1681,95,D,4361,100,E,3181,100,F,4667,100,H,3923,100
[AUTOPOS] SW-G,A,3583,100,B,4911,100,C,1660,95,D,4270,100,E,3181,100,F,4667,100,H,3900,100
[AUTOPOS] SW-G,A,3583,100,B,4911,100,C,1597,95,D,4311,100,E,3181,100,F,4667,100,H,3904,100
[AUTOPOS] SW-G,A,3583,100,B,4911,100,C,1633,96,D,4295,100,E,3181,100,F,4667,100,H,3920,100
[AUTOPOS] SW-G,A,3583,100,B,4911,100,C,1680,96,D,4325,100,E,3181,100,F,4667,100,H,3914,100
[AUTOPOS] SW-G,A,3583,100,B,4911,100,C,1668,96,D,4349,100,E,3181,100,F,4667,100,H,3907,100
[AUTOPOS] SW-G,A,3583,100,B,4911,100,C,1663,96,D,4294,100,E,3181,100,F,4667,100,H,3857,100
[AUTOPOS] SW-G,A,3583,100,B,4911,100,C,1652,96,D,4303,100,E,3181,100,F,4667,100,H,3943,100
[AUTOPOS] SW-G,A,3583,100,B,4911,100,C,1622,96,D,4351,100,E,3181,100,F,4667,100,H,3932,100
[AUTOPOS] SW-G,A,3583,100,B,4911,100,C,1596,96,D,4318,100,E,3181,100,F,4667,100,H,3897,100
[AUTOPOS] SW-G,A,3583,100,B,4911,100,C,1643,96,D,4326,100,E,3181,100,F,4667,100,H,3929,100
[AUTOPOS] SW-G,A,3583,100,B,4911,100,C,1636,100,D,4298,100,E,3181,100,F,4667,100,H,3874,100
[AUTOPOS] SW-G,A,3583,100,B,4911,100,C,1669,100,D,4340,100,E,3181,100,F,4667,100,H,3905,100
[AUTOPOS] SW-G,A,3583,100,B,4911,100,C,1629,100,D,4297,100,E,3181,100,F,4667,100,H,3923,100
[AUTOPOS] SW-G,A,3583,100,B,4911,100,C,1682,100,D,4306,100,E,3181,100,F,4667,100,H,3898,100
[AUTOPOS] SW-G,A,3583,100,B,4911,100,C,1666,100,D,4388,100,E,3181,100,F,4667,100,H,3911,100
[AUTOPOS] SW-G,A,3583,100,B,4911,100,C,1691,100,D,4360,100,E,3181,100,F,4667,100,H,3916,100
[AUTOPOS] SW-G,A,3583,100,B,4911,100,C,1650,100,D,4332,100,E,3181,100,F,4667,100,H,3884,100
[AUTOPOS] SW-G,A,3583,100,B,4911,100,C,1625,100,D,4364,100,E,3181,100,F,4667,100,H,3860,100
[AUTOPOS] SW-G,A,3583,100,B,4911,100,C,1647,100,D,4353,100,E,3181,100,F,4667,100,H,3865,100
[AUTOPOS] SW-G,A,3583,100,B,4911,100,C,1617,100,D,4341,100,E,3181,100,F,4667,100,H,3925,100
[AUTOPOS] SW-G,A,3583,100,B,4911,100,C,1641,100,D,4285,100,E,3181,100,F,4667,100,H,3932,100
[AUTOPOS] SW-G,A,3583,100,B,4911,100,C,1613,100,D,4369,100,E,3181,100,F,4667,100,H,3916,100
[AUTOPOS] SW-G,A,3583,100,B,4911,100,C,1684,100,D,4339,100,E,3181,100,F,4667,100,H,3907,100
[AUTOPOS] SW-G,A,3583,100,B,4911,100,C,1643,100,D,4315,100,E,3181,100,F,4667,100,H,3842,100
[AUTOPOS] SW-G,A,3583,100,B,4911,100,C,1657,100,D,4235,100,E,3181,100,F,4667,100,H,3916,100
[AUTOPOS] SW-G,A,3583,100,B,4911,100,C,1621,100,D,4331,100,E,3181,100,F,4667,100,H,3981,100
[AUTOPOS] SW-G,A,3583,100,B,4911,100,C,1666,100,D,4301,100,E,3181,100,F,4667,100,H,3895,100
[AUTOPOS] SW-G,A,3583,100,B,4911,100,C,1721,100,D,4281,100,E,3181,100,F,4667,100,H,3959,100
[AUTOPOS] SW-G,A,3583,100,B,4911,100,C,1650,100,D,4359,100,E,3181,100,F,4667,100,H,3900,100
[AUTOPOS] SW-G,A,3583,100,B,4911,100,C,1629,100,D,4323,100,E,3181,100,F,4667,100,H,3912,100
[AUTOPOS] SW-G,A,3583,100,B,4911,100,C,1631,100,D,4294,100,E,3181,100,F,4667,100,H,3912,100
[AUTOPOS] SW-G,A,3583,100,B,4911,100,C,1700,100,D,4298,100,E,3181,100,F,4667,100,H,3911,100
[AUTOPOS] SW-G,A,3583,100,B,4911,100,C,1658,100,D,4263,100,E,3181,100,F,4667,100,H,3952,100
[AUTOPOS] SW-G,A,3583,100,B,4911,100,C,1705,100,D,4331,100,E,3181,100,F,4667,100,H,3936,100
[AUTOPOS] SW-G,A,3583,100,B,4911,100,C,1692,100,D,4326,100,E,3181,100,F,4667,100,H,3945,100
[AUTOPOS] SW-G,A,3583,100,B,4911,100,C,1612,100,D,4246,100,E,3181,100,F,4667,100,H,3946,100
[AUTOPOS] SW-G,A,3583,100,B,4911,100,C,1645,100,D,4261,100,E,3181,100,F,4667,100,H,3905,100
[AUTOPOS] SW-G,A,3583,100,B,4911,100,C,1625,100,D,4285,100,E,3181,100,F,4667,100,H,3905,100
[AUTOPOS] Conn param updated[2]: int=56 lat=0 to=1000
[AUTOPOS] SW-G,A,3583,100,B,4911,100,C,1659,100,D,4285,100,E,3181,100,F,4667,100,H,3922,100
[AUTOPOS] SW-G,A,3583,100,B,4911,100,C,1643,100,D,4339,96,E,3181,100,F,4667,100,H,3887,100
[AUTOPOS] SW-G,A,3583,100,B,4911,100,C,1624,100,D,4326,96,E,3181,100,F,4667,100,H,3950,100
[AUTOPOS] SW-G,A,3583,100,B,4911,100,C,1674,100,D,4278,96,E,3181,100,F,4667,100,H,3862,100
[AUTOPOS] Disconnected[3]: E9:CB:F3:C4:51:43 (random) reason=0x08 link=anchor-ctrl ready=1
[AUTOPOS] SCAN start req: bt_ready=1 scan_running=0 connecting_slot=-1 conn_count=3 target=anchor prefix=ANCHOR-
[AUTOPOS] Scanning for ANCHOR-*
[AUTOPOS] SW-G,A,3583,100,B,4911,100,C,1607,100,D,4296,100,E,3181,100,F,4667,100,H,3913,100
[AUTOPOS] SW-G,A,3583,100,B,4911,100,C,1625,100,D,4261,100,E,3181,100,F,4667,100,H,3902,100
[AUTOPOS] SW-G,A,3583,100,B,4911,100,C,1639,100,D,4295,100,E,3181,100,F,4667,100,H,3891,100
[AUTOPOS] SW-G,A,3583,100,B,4911,100,C,1646,100,D,4345,100,E,3181,100,F,4667,100,H,3936,100
[AUTOPOS] SW-G,A,3583,100,B,4911,100,C,1628,100,D,4341,100,E,3181,100,F,4667,100,H,3904,100
[AUTOPOS] SW-G,A,3583,100,B,4911,100,C,1636,100,D,4367,100,E,3181,100,F,4667,100,H,3925,100
[AUTOPOS] SW-G,A,3583,100,B,4911,100,C,1626,100,D,4342,100,E,3181,100,F,4667,100,H,3897,100
[AUTOPOS] SW-G,A,3583,100,B,4911,100,C,1649,100,D,4324,100,E,3181,100,F,4667,100,H,3902,100
[AUTOPOS] SW-G,A,3583,100,B,4911,100,C,1629,100,D,4273,100,E,3181,100,F,4667,100,H,3882,100
[AUTOPOS] SW-G,A,3583,100,B,4911,100,C,1683,100,D,4336,100,E,3181,100,F,4667,100,H,3893,100
[AUTOPOS] SW-G,A,3583,100,B,4911,100,C,1637,100,D,4265,100,E,3181,100,F,4667,100,H,3915,100
[AUTOPOS] SW-G,A,3583,100,B,4911,100,C,1695,100,D,4271,100,E,3181,100,F,4667,100,H,3886,100
[AUTOPOS] SW-G,A,3583,100,B,4911,100,C,1645,100,D,4308,100,E,3181,100,F,4667,100,H,3945,100
[AUTOPOS] SW-G,A,3583,100,B,4911,100,C,1668,100,D,4330,100,E,3181,100,F,4667,100,H,3872,100
[AUTOPOS] SW-G,A,3583,100,B,4911,100,C,1647,100,D,4338,100,E,3181,100,F,4667,100,H,3899,100
[AUTOPOS] SW-G,A,3583,100,B,4911,100,C,1648,100,D,4304,100,E,3181,100,F,4667,100,H,3929,100
[AUTOPOS] SW-G,A,3583,100,B,4911,100,C,1686,100,D,4335,100,E,3181,100,F,4667,100,H,3917,100
[AUTOPOS] SW-G,A,3583,100,B,4911,100,C,1652,100,D,4343,100,E,3181,100,F,4667,100,H,3932,100
[AUTOPOS] SW-G,A,3583,100,B,4911,100,C,1620,100,D,4326,100,E,3181,100,F,4667,100,H,3947,100
[AUTOPOS] SW-G,A,3583,100,B,4911,100,C,1642,100,D,4308,100,E,3181,100,F,4667,100,H,3897,100
[AUTOPOS] SW-G,A,3583,100,B,4911,100,C,1656,100,D,4322,100,E,3181,100,F,4667,100,H,3937,100
[AUTOPOS] SW-G,A,3583,100,B,4911,100,C,1666,100,D,4311,100,E,3181,100,F,4667,100,H,3930,100
[AUTOPOS] SW-G,A,3583,100,B,4911,100,C,1687,100,D,4338,100,E,3181,100,F,4667,100,H,3904,100
[AUTOPOS] SW-G,A,3583,100,B,4911,100,C,1649,100,D,4293,100,E,3181,100,F,4667,100,H,3914,100
[AUTOPOS] SW-G,A,3583,100,B,4911,100,C,1619,100,D,4251,100,E,3181,100,F,4667,100,H,3915,100
[AUTOPOS] SW-G,A,3583,100,B,4911,100,C,1660,100,D,4261,100,E,2987,8,F,4714,8,H,3892,100
[AUTOPOS] SW-G,A,3500,8,B,4938,8,C,1654,100,D,4340,100,E,3159,12,F,4619,12,H,3906,100
[AUTOPOS] SW-G,A,3500,8,B,4921,11,C,1694,100,D,4286,100,E,3187,15,F,4767,15,H,3964,100
[AUTOPOS] SW-G,A,3718,11,B,4924,14,C,1659,100,D,4308,100,E,3179,18,F,4696,18,H,3931,100
[AUTOPOS] SW-G,A,3608,14,B,4934,17,C,1673,100,D,4326,100,E,3199,21,F,4688,21,H,3889,100
[AUTOPOS] SW-G,A,3608,14,B,4936,20,C,1624,100,D,4332,100,E,3105,24,F,4717,24,H,3935,100
[AUTOPOS] SW-G,A,3608,14,B,4951,23,C,1657,100,D,4316,100,E,3160,26,F,4677,26,H,3964,100
[AUTOPOS] SW-G,A,3508,16,B,4939,25,C,1625,100,D,4310,100,E,3210,29,F,4689,29,H,3948,100
[AUTOPOS] SW-G,A,3508,16,B,4938,28,C,1644,100,D,4321,100,E,3162,31,F,4744,31,H,3904,100
[AUTOPOS] SW-G,A,3508,16,B,4938,28,C,1704,100,D,4294,100,E,3128,35,F,4744,31,H,3950,100
[AUTOPOS] SW-G,A,3508,16,B,4938,28,C,1614,100,D,4280,100,E,3125,38,F,4744,31,H,3878,100
[AUTOPOS] SW-G,A,3508,16,B,4938,28,C,1674,100,D,4291,100,E,3141,42,F,4744,31,H,3865,100
[AUTOPOS] SW-G,A,3508,16,B,4938,28,C,1629,100,D,4308,100,E,3151,45,F,4744,31,H,4001,100
[AUTOPOS] SW-G,A,3508,16,B,4938,28,C,1657,100,D,4350,100,E,3124,47,F,4744,31,H,3938,100
[AUTOPOS] SW-G,A,3508,16,B,4938,28,C,1647,100,D,4357,100,E,3111,50,F,4744,31,H,3936,100
[AUTOPOS] SW-G,A,3508,16,B,4938,28,C,1669,100,D,4349,100,E,3131,52,F,4744,31,H,3910,100
[AUTOPOS] SW-G,A,3508,16,B,4938,28,C,1647,100,D,4330,100,E,3087,54,F,4744,31,H,3924,100
[AUTOPOS] SW-G,A,3508,16,B,4938,28,C,1624,100,D,4318,100,E,3111,56,F,4744,31,H,3933,100
[AUTOPOS] SW-G,A,3508,16,B,4938,28,C,1604,100,D,4309,100,E,3116,57,F,4744,31,H,3955,100
[AUTOPOS] SW-G,A,3508,16,B,4938,28,C,1665,100,D,4296,100,E,3118,59,F,4744,31,H,3895,100
[AUTOPOS] SW-G,A,3508,16,B,4938,28,C,1640,100,D,4320,100,E,3115,60,F,4744,31,H,3904,100
[AUTOPOS] SW-G,A,3508,16,B,4938,28,C,1682,100,D,4377,100,E,3136,62,F,4744,31,H,3920,100
[AUTOPOS] SW-G,A,3508,16,B,4938,28,C,1677,100,D,4286,100,E,3113,63,F,4744,31,H,3854,100
[AUTOPOS] SW-G,A,3508,16,B,4938,28,C,1675,100,D,4296,100,E,3110,64,F,4744,31,H,3873,100
[AUTOPOS] SW-G,A,3508,16,B,4938,28,C,1639,100,D,4331,100,E,3098,65,F,4744,31,H,3909,100
[AUTOPOS] SW-G,A,3508,16,B,4938,28,C,1622,100,D,4345,100,E,3123,70,F,4744,31,H,3917,100
[AUTOPOS] SW-G,A,3508,16,B,4938,28,C,1648,100,D,4298,100,E,3136,72,F,4744,31,H,3956,100
[AUTOPOS] SW-G,A,3508,16,B,4938,28,C,1632,100,D,4321,100,E,3125,73,F,4744,31,H,3951,100
[AUTOPOS] SW-G,A,3508,16,B,4938,28,C,1646,100,D,4321,100,E,3130,75,F,4744,31,H,3916,100
[AUTOPOS] SW-G,A,3508,16,B,4938,28,C,1634,100,D,4308,100,E,3133,76,F,4744,31,H,3906,100
[AUTOPOS] SW-G,A,3508,16,B,4938,28,C,1632,100,D,4278,100,E,3090,77,F,4744,31,H,3910,100
[AUTOPOS] SW-G,A,3508,16,B,4938,28,C,1637,100,D,4297,100,E,3116,78,F,4744,31,H,3951,100
[AUTOPOS] SW-G,A,3508,16,B,4938,28,C,1666,100,D,4332,100,E,3116,79,F,4744,31,H,3922,100
[AUTOPOS] SW-G,A,3508,16,B,4938,28,C,1695,100,D,4319,100,E,3112,80,F,4744,31,H,3935,100
[AUTOPOS] SW-G,A,3508,16,B,4938,28,C,1613,100,D,4308,100,E,3123,80,F,4744,31,H,3913,100
[AUTOPOS] SW-G,A,3508,16,B,4938,28,C,1648,100,D,4306,100,E,3086,81,F,4744,31,H,3914,100
[AUTOPOS] SW-G,A,3508,16,B,4938,28,C,1670,100,D,4349,100,E,3101,82,F,4744,31,H,3861,100
[AUTOPOS] SW-G,A,3508,16,B,4938,28,C,1660,100,D,4293,100,E,3117,82,F,4744,31,H,3936,100
[AUTOPOS] SW-G,A,3508,16,B,4938,28,C,1673,100,D,4356,100,E,3083,83,F,4744,31,H,3944,100
[AUTOPOS] SW-G,A,3508,16,B,4938,28,C,1683,100,D,4303,100,E,3138,83,F,4744,31,H,3973,100
[AUTOPOS] SW-G,A,3508,16,B,4938,28,C,1658,100,D,4338,100,E,3112,84,F,4744,31,H,3913,100
[AUTOPOS] SW-G,A,3508,16,B,4938,28,C,1673,100,D,4321,100,E,3144,88,F,4744,31,H,3956,100
[AUTOPOS] SW-G,A,3508,16,B,4938,28,C,1661,100,D,4322,100,E,3117,88,F,4744,31,H,3924,100
[AUTOPOS] SW-G,A,3508,16,B,4938,28,C,1608,100,D,4294,100,E,3160,89,F,4744,31,H,3939,100
[AUTOPOS] SW-G,A,3508,16,B,4938,28,C,1677,100,D,4345,100,E,3059,90,F,4744,31,H,3948,100
[AUTOPOS] SW-G,A,3508,16,B,4938,28,C,1666,100,D,4293,100,E,3104,90,F,4744,31,H,3924,100
[AUTOPOS] SW-G,A,3508,16,B,4938,28,C,1601,100,D,4344,100,E,3106,90,F,4744,31,H,3868,100
[AUTOPOS] SW-G,A,3508,16,B,4938,28,C,1661,100,D,4310,100,E,3116,91,F,4744,31,H,3915,100
[AUTOPOS] SW-G,A,3508,16,B,4938,28,C,1604,100,D,4288,100,E,3105,91,F,4744,31,H,3890,100
[AUTOPOS] SW-G,A,3508,16,B,4938,28,C,1666,100,D,4283,100,E,3145,92,F,4744,31,H,3890,100
[AUTOPOS] SW-G,A,3508,16,B,4938,28,C,1677,100,D,4356,100,E,3129,92,F,4744,31,H,3996,100
[AUTOPOS] SW-G,A,3508,16,B,4938,28,C,1660,100,D,4313,100,E,3167,92,F,4744,31,H,3955,100
[AUTOPOS] SW-G,A,3508,16,B,4938,28,C,1623,100,D,4308,100,E,3112,92,F,4744,31,H,3960,100
[AUTOPOS] SW-G,A,3508,16,B,4938,28,C,1657,100,D,4305,100,E,3101,93,F,4744,31,H,3929,100
[AUTOPOS] SW-G,A,3508,16,B,4938,28,C,1648,100,D,4320,100,E,3077,93,F,4744,31,H,3911,100
[AUTOPOS] SW-G,A,3508,16,B,4938,28,C,1617,100,D,4280,100,E,3089,93,F,4744,31,H,3911,100
[AUTOPOS] SW-G,A,3508,16,B,4938,28,C,1632,100,D,4333,100,E,3055,93,F,4744,31,H,3919,100
[AUTOPOS] SW-G,A,3508,16,B,4938,28,C,1616,100,D,4355,100,E,3059,94,F,4744,31,H,3919,100
[AUTOPOS] SW-G,A,3508,16,B,4938,28,C,1682,100,D,4332,100,E,3160,94,F,4744,31,H,3881,95
[AUTOPOS] SW-G,A,3508,16,B,4938,28,C,1681,100,D,4310,100,E,3124,94,F,4744,31,H,3892,95
[AUTOPOS] SW-G,A,3508,16,B,4938,28,C,1624,100,D,4324,100,E,3073,95,F,4744,31,H,3860,95
[AUTOPOS] SW-G,A,3508,16,B,4938,28,C,1609,100,D,4303,100,E,3061,95,F,4744,31,H,3933,95
[AUTOPOS] SW-G,A,3508,16,B,4938,28,C,1651,100,D,4367,100,E,3124,95,F,4744,31,H,3926,95
[AUTOPOS] SW-G,A,3508,16,B,4938,28,C,1659,100,D,4312,100,E,3105,95,F,4744,31,H,3937,96
[AUTOPOS] SW-G,A,3508,16,B,4938,28,C,1590,100,D,4251,100,E,3118,95,F,4744,31,H,3946,96
[AUTOPOS] SW-G,A,3508,16,B,4938,28,C,1632,100,D,4313,100,E,3115,96,F,4744,31,H,3904,96
[AUTOPOS] SW-G,A,3508,16,B,4938,28,C,1604,100,D,4267,100,E,3138,96,F,4744,31,H,3882,96
[AUTOPOS] SW-G,A,3508,16,B,4938,28,C,1673,100,D,4288,100,E,3140,96,F,4744,31,H,3889,96
[AUTOPOS] SW-G,A,3508,16,B,4938,28,C,1645,100,D,4376,100,E,3103,96,F,4744,31,H,3908,96
[AUTOPOS] SW-G,A,3508,16,B,4938,28,C,1643,100,D,4297,100,E,3098,96,F,4744,31,H,3921,96
[AUTOPOS] SW-G,A,3508,16,B,4938,28,C,1637,100,D,4272,100,E,3109,96,F,4744,31,H,3902,96
[AUTOPOS] SW-G,A,3508,16,B,4938,28,C,1665,100,D,4271,100,E,3129,96,F,4744,31,H,3904,100
[AUTOPOS] SW-G,A,3508,16,B,4938,28,C,1628,100,D,4316,100,E,3161,96,F,4744,31,H,3925,100
[AUTOPOS] SW-G,A,3508,16,B,4938,28,C,1661,100,D,4304,100,E,3136,100,F,4744,31,H,3893,100
[AUTOPOS] SW-G,A,3508,16,B,4938,28,C,1690,100,D,4338,100,E,3090,100,F,4744,31,H,3888,100
[AUTOPOS] SW-G,A,3508,16,B,4938,28,C,1668,100,D,4323,100,E,3089,100,F,4744,31,H,3931,100
[AUTOPOS] SW-G,A,3508,16,B,4938,28,C,1699,100,D,4339,100,E,3160,100,F,4744,31,H,3880,100
[AUTOPOS] SW-G,A,3508,16,B,4938,28,C,1655,100,D,4273,100,E,3132,100,F,4744,31,H,3909,100
[AUTOPOS] SW-G,A,3512,9,B,4939,9,C,1656,100,D,4330,100,E,3251,100,F,4688,9,H,3951,100
[AUTOPOS] SW-G,A,3512,9,B,4937,13,C,1668,100,D,4320,100,E,3117,100,F,4717,13,H,3953,100
[AUTOPOS] SW-G,A,3507,13,B,4937,16,C,1638,100,D,4311,100,E,3141,100,F,4680,16,H,3944,100
[AUTOPOS] SW-G,A,3647,16,B,4976,20,C,1671,100,D,4308,100,E,3181,100,F,4709,20,H,3949,100
[AUTOPOS] SW-G,A,3530,20,B,4917,23,C,1651,100,D,4322,100,E,3148,100,F,4677,23,H,3925,100
[AUTOPOS] SW-G,A,3545,23,B,4926,25,C,1696,100,D,4328,100,E,3200,100,F,4744,25,H,3929,100
[AUTOPOS] SW-G,A,3552,25,B,4943,28,C,1686,100,D,4335,100,E,3105,100,F,4664,28,H,3946,100
[AUTOPOS] SW-G,A,3546,28,B,4899,31,C,1672,100,D,4302,100,E,3141,100,F,4738,31,H,3945,100
[AUTOPOS] SW-G,A,3632,31,B,4953,33,C,1651,100,D,4286,100,E,3150,100,F,4705,33,H,3922,100
[AUTOPOS] SW-G,A,3695,33,B,4969,35,C,1681,100,D,4332,100,E,3167,100,F,4682,35,H,3951,100
[AUTOPOS] SW-G,A,3547,35,B,4987,37,C,1656,100,D,4290,100,E,3172,100,F,4734,37,H,3915,100
[AUTOPOS] SW-G,A,3594,37,B,4888,41,C,1672,100,D,4337,100,E,3168,100,F,4690,41,H,3902,100
[AUTOPOS] SW-G,A,3575,41,B,4918,44,C,1676,100,D,4287,100,E,3177,100,F,4711,44,H,3925,100
[AUTOPOS] SW-G,A,3570,44,B,4879,47,C,1691,100,D,4319,100,E,3205,100,F,4710,47,H,3925,100
[AUTOPOS] SW-G,A,3723,47,B,4933,50,C,1647,100,D,4315,100,E,3148,100,F,4706,50,H,3957,100
[AUTOPOS] SW-G,A,3721,50,B,4954,52,C,1644,100,D,4385,100,E,3190,100,F,4756,52,H,3912,100
[AUTOPOS] SW-G,A,3636,52,B,4934,54,C,1679,100,D,4318,100,E,3193,100,F,4722,54,H,3974,100
[AUTOPOS] SW-G,A,3588,54,B,4992,56,C,1680,100,D,4311,100,E,3243,100,F,4706,56,H,3928,100
[AUTOPOS] SW-G,A,3504,56,B,4929,58,C,1630,100,D,4323,100,E,3148,100,F,4644,58,H,3939,100
[AUTOPOS] SW-G,A,3504,56,B,4904,60,C,1700,100,D,4311,100,E,3154,100,F,4703,60,H,3916,100
[AUTOPOS] SW-G,A,3690,56,B,4965,61,C,1701,100,D,4375,100,E,3209,100,F,4716,61,H,3909,100
[AUTOPOS] SW-G,A,3732,57,B,4946,62,C,1665,100,D,4293,100,E,3188,100,F,4766,62,H,3922,100
[AUTOPOS] SW-G,A,3582,59,B,4978,64,C,1682,100,D,4294,100,E,3172,100,F,4718,64,H,3931,100
[AUTOPOS] SW-G,A,3608,60,B,5014,65,C,1670,100,D,4266,100,E,3216,100,F,4733,65,H,3882,100
[AUTOPOS] SW-G,A,3586,62,B,4979,66,C,1653,100,D,4240,100,E,3218,100,F,4669,66,H,3954,100
[AUTOPOS] SW-G,A,3586,62,B,4915,67,C,1628,100,D,4296,100,E,3177,100,F,4675,67,H,3925,100
[AUTOPOS] SW-G,A,3691,61,B,4962,68,C,1666,100,D,4306,100,E,3174,100,F,4738,68,H,3957,100
[AUTOPOS] SW-G,A,3729,62,B,4983,70,C,1680,100,D,4330,100,E,3248,100,F,4732,70,H,3975,100
[AUTOPOS] SW-G,A,3602,64,B,4930,72,C,1655,100,D,4290,100,E,3192,100,F,4731,72,H,3966,100
[AUTOPOS] SW-G,A,3519,66,B,4924,73,C,1662,100,D,4338,100,E,3199,100,F,4704,73,H,3898,100
[AUTOPOS] SW-G,A,3549,68,B,4924,73,C,1635,100,D,4309,100,E,3199,100,F,4704,73,H,3898,100
[AUTOPOS] SW-G,A,3549,68,B,4924,73,C,1594,100,D,4286,100,E,3199,100,F,4704,73,H,3940,95
[AUTOPOS] SW-G,A,3549,68,B,4924,73,C,1652,100,D,4304,100,E,3199,100,F,4704,73,H,3941,95
[AUTOPOS] SW-G,A,3549,68,B,4924,73,C,1650,100,D,4311,100,E,3199,100,F,4704,73,H,3935,96
[AUTOPOS] SW-G,A,3549,68,B,4924,73,C,1694,100,D,4319,100,E,3199,100,F,4704,73,H,3943,96
[AUTOPOS] SW-G,A,3549,68,B,4924,73,C,1687,100,D,4345,100,E,3199,100,F,4704,73,H,3965,96
[AUTOPOS] SW-G,A,3549,68,B,4924,73,C,1631,100,D,4300,100,E,3199,100,F,4704,73,H,3908,96
[AUTOPOS] SW-G,A,3549,68,B,4924,73,C,1656,100,D,4315,100,E,3199,100,F,4704,73,H,3866,96
[AUTOPOS] SW-G,A,3549,68,B,4924,73,C,1648,100,D,4311,100,E,3199,100,F,4704,73,H,3926,96
[AUTOPOS] SW-G,A,3549,68,B,4924,73,C,1666,100,D,4300,100,E,3199,100,F,4704,73,H,3851,96
[AUTOPOS] SW-G,A,3549,68,B,4924,73,C,1626,100,D,4253,100,E,3199,100,F,4704,73,H,3934,96
[AUTOPOS] SW-G,A,3549,68,B,4924,73,C,1631,100,D,4280,100,E,3199,100,F,4704,73,H,3923,100
[AUTOPOS] SW-G,A,3549,68,B,4924,73,C,1678,100,D,4322,100,E,3199,100,F,4704,73,H,3881,100
[AUTOPOS] SW-G,A,3549,68,B,4924,73,C,1684,100,D,4279,100,E,3199,100,F,4704,73,H,3904,100
[AUTOPOS] SW-G,A,3549,68,B,4924,73,C,1633,100,D,4303,100,E,3199,100,F,4704,73,H,3929,100
[AUTOPOS] SW-G,A,3549,68,B,4924,73,C,1644,100,D,4299,100,E,3199,100,F,4704,73,H,3903,100
[AUTOPOS] SW-G,A,3549,68,B,4924,73,C,1637,100,D,4246,100,E,3199,100,F,4704,73,H,3926,100
[AUTOPOS] SW-G,A,3549,68,B,4924,73,C,1639,100,D,4288,100,E,3199,100,F,4704,73,H,3892,100
[AUTOPOS] SW-G,A,3549,68,B,4924,73,C,1658,100,D,4341,100,E,3199,100,F,4704,73,H,3919,100
[AUTOPOS] SW-G,A,3549,68,B,4924,73,C,1649,100,D,4332,100,E,3199,100,F,4704,73,H,3854,100
[AUTOPOS] SW-G,A,3549,68,B,4924,73,C,1615,100,D,4298,100,E,3199,100,F,4704,73,H,3931,100
[AUTOPOS] SW-G,A,3549,68,B,4924,73,C,1632,100,D,4303,100,E,3199,100,F,4704,73,H,3904,100
[AUTOPOS] SW-G,A,3549,68,B,4924,73,C,1621,100,D,4286,100,E,3199,100,F,4704,73,H,3873,100
[AUTOPOS] SW-G,A,3549,68,B,4924,73,C,1663,100,D,4308,100,E,3199,100,F,4704,73,H,3935,100
[AUTOPOS] SW-G,A,3549,68,B,4924,73,C,1652,100,D,4307,100,E,3199,100,F,4704,73,H,3981,100
[AUTOPOS] SW-G,A,3549,68,B,4924,73,C,1667,100,D,4346,100,E,3199,100,F,4704,73,H,3915,100
[AUTOPOS] SW-G,A,3549,68,B,4924,73,C,1630,100,D,4317,100,E,3199,100,F,4704,73,H,3913,100
[AUTOPOS] SW-G,A,3549,68,B,4924,73,C,1607,100,D,4294,100,E,3199,100,F,4704,73,H,3903,100
[AUTOPOS] SW-G,A,3549,68,B,4924,73,C,1627,100,D,4307,100,E,3199,100,F,4704,73,H,3936,100
[AUTOPOS] SW-G,A,3549,68,B,4924,73,C,1660,100,D,4292,100,E,3199,100,F,4704,73,H,3899,100
[AUTOPOS] SW-G,A,3549,68,B,4924,73,C,1635,100,D,4336,100,E,3199,100,F,4704,73,H,3906,100
[AUTOPOS] SW-G,A,3549,68,B,4924,73,C,1626,100,D,4321,100,E,3199,100,F,4704,73,H,3856,100
[AUTOPOS] SW-G,A,3549,68,B,4924,73,C,1637,100,D,4316,100,E,3199,100,F,4704,73,H,3920,100
[AUTOPOS] SW-G,A,3549,68,B,4924,73,C,1625,100,D,4296,100,E,3199,100,F,4704,73,H,3950,100
[AUTOPOS] SW-G,A,3549,68,B,4924,73,C,1620,100,D,4276,100,E,3199,100,F,4704,73,H,3855,100
[AUTOPOS] SW-G,A,3549,68,B,4924,73,C,1666,100,D,4326,100,E,3199,100,F,4704,73,H,3857,100
[AUTOPOS] SW-G,A,3549,68,B,4924,73,C,1624,100,D,4345,100,E,3199,100,F,4704,73,H,3932,100
[AUTOPOS] SW-G,A,3549,68,B,4924,73,C,1677,100,D,4313,100,E,3199,100,F,4704,73,H,3885,100
[AUTOPOS] SW-G,A,3549,68,B,4924,73,C,1654,100,D,4289,100,E,3199,100,F,4704,73,H,3925,100
[AUTOPOS] SW-G,A,3549,68,B,4924,73,C,1613,100,D,4272,100,E,3199,100,F,4704,73,H,3903,100
[AUTOPOS] SW-G,A,3549,68,B,4924,73,C,1683,100,D,4304,100,E,3199,100,F,4704,73,H,3880,100
[AUTOPOS] SW-G,A,3549,68,B,4924,73,C,1629,100,D,4341,100,E,3199,100,F,4704,73,H,3907,100
[AUTOPOS] SW-G,A,3549,68,B,4924,73,C,1672,100,D,4343,100,E,3199,100,F,4704,73,H,3913,100
[AUTOPOS] SW-G,A,3549,68,B,4924,73,C,1641,100,D,4282,100,E,3199,100,F,4704,73,H,3929,100
[AUTOPOS] SW-G,A,3549,68,B,4924,73,C,1674,100,D,4242,100,E,3199,100,F,4704,73,H,3863,100
[AUTOPOS] SW-G,A,3549,68,B,4924,73,C,1618,100,D,4361,100,E,3199,100,F,4704,73,H,3932,100
[AUTOPOS] SW-G,A,3549,68,B,4924,73,C,1670,100,D,4361,100,E,3199,100,F,4704,73,H,3917,100
[AUTOPOS] SW-G,A,3549,68,B,4924,73,C,1646,100,D,4309,95,E,3199,100,F,4704,73,H,3902,100
[AUTOPOS] SW-G,A,3549,68,B,4924,73,C,1674,100,D,4323,95,E,3199,100,F,4704,73,H,3915,100
[AUTOPOS] SW-G,A,3549,68,B,4924,73,C,1627,100,D,4289,95,E,3199,100,F,4704,73,H,3919,100
[AUTOPOS] SW-G,A,3549,68,B,4924,73,C,1622,100,D,4254,95,E,3199,100,F,4704,73,H,3948,100
[AUTOPOS] SW-G,A,3549,68,B,4924,73,C,1689,100,D,4309,96,E,3199,100,F,4704,73,H,3925,100
[AUTOPOS] SW-G,A,3549,68,B,4924,73,C,1592,100,D,4343,96,E,3199,100,F,4704,73,H,3895,100
[AUTOPOS] SW-G,A,3549,68,B,4924,73,C,1676,100,D,4294,96,E,3199,100,F,4704,73,H,3921,100
[AUTOPOS] SW-G,A,3549,68,B,4924,73,C,1633,100,D,4324,96,E,3199,100,F,4704,73,H,3899,100
[AUTOPOS] SW-G,A,3549,68,B,4924,73,C,1633,100,D,4295,96,E,3199,100,F,4704,73,H,3928,100
[AUTOPOS] SW-G,A,3549,68,B,4924,73,C,1603,100,D,4331,96,E,3199,100,F,4704,73,H,3912,100
[AUTOPOS] SW-G,A,3549,68,B,4924,73,C,1673,100,D,4288,96,E,3199,100,F,4704,73,H,3900,100
[AUTOPOS] SW-G,A,3549,68,B,4924,73,C,1657,100,D,4327,96,E,3199,100,F,4704,73,H,3908,100
[AUTOPOS] SW-G,A,3549,68,B,4924,73,C,1663,100,D,4284,100,E,3199,100,F,4704,73,H,3890,100
[AUTOPOS] SW-G,A,3549,68,B,4924,73,C,1652,100,D,4327,100,E,3199,100,F,4704,73,H,3847,100
[AUTOPOS] SW-G,A,3549,68,B,4924,73,C,1644,100,D,4319,100,E,3199,100,F,4704,73,H,3922,100
[AUTOPOS] SW-G,A,3549,68,B,4924,73,C,1621,100,D,4317,100,E,3199,100,F,4704,73,H,3922,100
[AUTOPOS] SW-G,A,3549,68,B,4924,73,C,1701,100,D,4336,100,E,3199,100,F,4704,73,H,3926,100
[AUTOPOS] SW-G,A,3549,68,B,4924,73,C,1678,100,D,4262,100,E,3199,100,F,4704,73,H,3894,100
[AUTOPOS] SW-G,A,3549,68,B,4924,73,C,1678,100,D,4292,100,E,3199,100,F,4704,73,H,3919,100
[AUTOPOS] SW-G,A,3549,68,B,4924,73,C,1679,100,D,4276,100,E,3199,100,F,4704,73,H,3865,100
[AUTOPOS] SW-G,A,3549,68,B,4924,73,C,1657,100,D,4276,100,E,3199,100,F,4704,73,H,3878,100
[AUTOPOS] SW-G,A,3478,8,B,4920,8,C,1647,100,D,4297,100,E,3156,12,F,4702,8,H,3937,100
[AUTOPOS] SW-G,A,3478,8,B,4971,12,C,1683,100,D,4295,100,E,3148,16,F,4721,12,H,3906,100
[AUTOPOS] SW-G,A,3478,8,B,4901,15,C,1663,100,D,4323,100,E,2984,19,F,4728,15,H,3904,100
[AUTOPOS] SW-G,A,3614,11,B,4869,18,C,1629,100,D,4297,100,E,3153,22,F,4733,18,H,3940,100
[AUTOPOS] SW-G,A,3510,14,B,4925,21,C,1656,100,D,4299,100,E,3158,25,F,4718,21,H,3980,100
[AUTOPOS] SW-G,A,3654,17,B,4868,24,C,1633,100,D,4355,100,E,3160,27,F,4755,24,H,3922,100
[AUTOPOS] SW-G,A,3474,20,B,4852,26,C,1646,100,D,4302,100,E,3138,30,F,4703,26,H,3939,100
[AUTOPOS] SW-G,A,3511,23,B,4887,29,C,1650,100,D,4347,100,E,3143,32,F,4685,29,H,3943,100
[AUTOPOS] SW-G,A,3571,25,B,4864,31,C,1625,100,D,4371,100,E,3143,32,F,4685,29,H,3927,100
[AUTOPOS] SW-G,A,3571,25,B,4864,31,C,1632,100,D,4261,100,E,3112,35,F,4685,29,H,3901,100
[AUTOPOS] SW-G,A,3571,25,B,4864,31,C,1699,100,D,4290,100,E,3111,38,F,4685,29,H,3877,100
[AUTOPOS] SW-G,A,3571,25,B,4864,31,C,1625,100,D,4266,100,E,3112,42,F,4685,29,H,3867,100
[AUTOPOS] SW-G,A,3571,25,B,4864,31,C,1616,100,D,4335,100,E,3111,45,F,4685,29,H,3875,100
[AUTOPOS] SW-G,A,3571,25,B,4864,31,C,1659,100,D,4350,100,E,3083,47,F,4685,29,H,3919,100
[AUTOPOS] SW-G,A,3571,25,B,4864,31,C,1635,100,D,4276,100,E,3100,50,F,4685,29,H,3885,100
[AUTOPOS] SW-G,A,3571,25,B,4864,31,C,1626,100,D,4361,100,E,3101,52,F,4685,29,H,3931,100
[AUTOPOS] SW-G,A,3571,25,B,4864,31,C,1657,100,D,4329,100,E,3140,54,F,4685,29,H,3926,100
[AUTOPOS] SW-G,A,3571,25,B,4864,31,C,1641,100,D,4315,100,E,3104,56,F,4685,29,H,3917,100
[AUTOPOS] SW-G,A,3571,25,B,4864,31,C,1649,100,D,4287,100,E,3105,57,F,4685,29,H,3903,100
[AUTOPOS] SW-G,A,3571,25,B,4864,31,C,1626,100,D,4318,100,E,3104,59,F,4685,29,H,3895,100
[AUTOPOS] SW-G,A,3571,25,B,4864,31,C,1673,100,D,4267,100,E,3149,60,F,4685,29,H,3897,100
[AUTOPOS] SW-G,A,3571,25,B,4864,31,C,1659,100,D,4295,100,E,3160,62,F,4685,29,H,3940,100
[AUTOPOS] SW-G,A,3571,25,B,4864,31,C,1663,100,D,4372,100,E,3122,63,F,4685,29,H,3886,100
[AUTOPOS] SW-G,A,3571,25,B,4864,31,C,1641,100,D,4296,100,E,3115,64,F,4685,29,H,3873,100
[AUTOPOS] SW-G,A,3571,25,B,4864,31,C,1626,100,D,4342,100,E,3101,65,F,4685,29,H,3944,100
[AUTOPOS] SW-G,A,3571,25,B,4864,31,C,1651,100,D,4286,100,E,3059,70,F,4685,29,H,3943,100
[AUTOPOS] SW-G,A,3571,25,B,4864,31,C,1656,100,D,4301,100,E,3075,72,F,4685,29,H,3895,100
[AUTOPOS] SW-G,A,3571,25,B,4864,31,C,1625,100,D,4293,100,E,3120,73,F,4685,29,H,3904,100
[AUTOPOS] SW-G,A,3571,25,B,4864,31,C,1647,100,D,4286,100,E,3086,75,F,4685,29,H,3911,100
[AUTOPOS] SW-G,A,3571,25,B,4864,31,C,1654,100,D,4313,100,E,3118,76,F,4685,29,H,3959,100
[AUTOPOS] SW-G,A,3571,25,B,4864,31,C,1664,100,D,4305,100,E,3131,77,F,4685,29,H,3902,100
[AUTOPOS] SW-G,A,3571,25,B,4864,31,C,1634,100,D,4350,100,E,3090,78,F,4685,29,H,3943,100
[AUTOPOS] SW-G,A,3571,25,B,4864,31,C,1599,100,D,4306,100,E,3077,79,F,4685,29,H,3913,100
[AUTOPOS] SW-G,A,3571,25,B,4864,31,C,1643,100,D,4354,100,E,3151,80,F,4685,29,H,3891,100
[AUTOPOS] SW-G,A,3571,25,B,4864,31,C,1589,100,D,4234,100,E,3161,80,F,4685,29,H,3924,100
[AUTOPOS] SW-G,A,3571,25,B,4864,31,C,1651,100,D,4275,100,E,3145,81,F,4685,29,H,3934,100
[AUTOPOS] SW-G,A,3571,25,B,4864,31,C,1643,100,D,4333,100,E,3106,82,F,4685,29,H,3919,100
[AUTOPOS] SW-G,A,3571,25,B,4864,31,C,1615,100,D,4363,100,E,3092,82,F,4685,29,H,3924,100
[AUTOPOS] SW-G,A,3571,25,B,4864,31,C,1682,100,D,4266,100,E,3078,83,F,4685,29,H,3896,100
[AUTOPOS] SW-G,A,3571,25,B,4864,31,C,1585,100,D,4345,100,E,3147,83,F,4685,29,H,3896,100
[AUTOPOS] SW-G,A,3571,25,B,4864,31,C,1656,100,D,4353,100,E,3097,84,F,4685,29,H,3923,94
[AUTOPOS] SW-G,A,3571,25,B,4864,31,C,1640,100,D,4269,100,E,3180,88,F,4685,29,H,3921,94
[AUTOPOS] SW-G,A,3571,25,B,4864,31,C,1649,100,D,4319,100,E,3092,88,F,4685,29,H,3909,95
[AUTOPOS] SW-G,A,3571,25,B,4864,31,C,1677,100,D,4319,100,E,3053,89,F,4685,29,H,3940,95
[AUTOPOS] SW-G,A,3571,25,B,4864,31,C,1675,100,D,4301,100,E,3100,90,F,4685,29,H,3906,95
[AUTOPOS] SW-G,A,3571,25,B,4864,31,C,1672,100,D,4287,100,E,3166,90,F,4685,29,H,3923,95
[AUTOPOS] SW-G,A,3571,25,B,4864,31,C,1696,100,D,4292,100,E,3093,90,F,4685,29,H,3893,95
[AUTOPOS] SW-G,A,3571,25,B,4864,31,C,1647,100,D,4317,100,E,3149,91,F,4685,29,H,3899,96
[AUTOPOS] SW-G,A,3571,25,B,4864,31,C,1653,100,D,4319,100,E,3099,91,F,4685,29,H,3925,96
[AUTOPOS] SW-G,A,3571,25,B,4864,31,C,1597,100,D,4333,100,E,3090,92,F,4685,29,H,3939,96
[AUTOPOS] SW-G,A,3571,25,B,4864,31,C,1681,100,D,4333,100,E,3074,92,F,4685,29,H,3886,96
[AUTOPOS] SW-G,A,3571,25,B,4864,31,C,1681,100,D,4299,100,E,3066,92,F,4685,29,H,3898,96
[AUTOPOS] SW-G,A,3571,25,B,4864,31,C,1622,96,D,4261,100,E,3112,92,F,4685,29,H,3854,96
[AUTOPOS] SW-G,A,3571,25,B,4864,31,C,1659,96,D,4305,100,E,3167,93,F,4685,29,H,3844,96
[AUTOPOS] SW-G,A,3571,25,B,4864,31,C,1687,96,D,4305,100,E,3166,93,F,4685,29,H,3890,96
[AUTOPOS] SW-G,A,3571,25,B,4864,31,C,1675,100,D,4341,100,E,3143,93,F,4685,29,H,3941,100
[AUTOPOS] SW-G,A,3571,25,B,4864,31,C,1670,100,D,4286,100,E,3182,93,F,4685,29,H,3902,100
[AUTOPOS] SW-G,A,3571,25,B,4864,31,C,1665,100,D,4365,100,E,3089,94,F,4685,29,H,3904,100
[AUTOPOS] SW-G,A,3571,25,B,4864,31,C,1665,100,D,4280,100,E,3136,94,F,4685,29,H,3902,100
[AUTOPOS] SW-G,A,3571,25,B,4864,31,C,1690,95,D,4311,100,E,3178,94,F,4685,29,H,3942,100
[AUTOPOS] SW-G,A,3571,25,B,4864,31,C,1661,95,D,4317,100,E,3124,95,F,4685,29,H,3919,100
[AUTOPOS] SW-G,A,3571,25,B,4864,31,C,1718,95,D,4314,100,E,3142,95,F,4685,29,H,3941,100
[AUTOPOS] SW-G,A,3571,25,B,4864,31,C,1666,95,D,4250,100,E,3096,95,F,4685,29,H,3941,100
[AUTOPOS] SW-G,A,3571,25,B,4864,31,C,1660,96,D,4287,100,E,3102,95,F,4685,29,H,3871,100
[AUTOPOS] SW-G,A,3571,25,B,4864,31,C,1616,96,D,4351,100,E,3174,95,F,4685,29,H,3900,100
[AUTOPOS] SW-G,A,3571,25,B,4864,31,C,1662,96,D,4260,100,E,3088,96,F,4685,29,H,3887,100
[AUTOPOS] SW-G,A,3571,25,B,4864,31,C,1641,96,D,4340,100,E,3140,96,F,4685,29,H,3968,100
[AUTOPOS] SW-G,A,3571,25,B,4864,31,C,1625,96,D,4319,100,E,3103,96,F,4685,29,H,3938,100
[AUTOPOS] SW-G,A,3571,25,B,4864,31,C,1646,96,D,4348,100,E,3088,96,F,4685,29,H,3913,100
[AUTOPOS] SW-G,A,3571,25,B,4864,31,C,1657,96,D,4291,100,E,3096,96,F,4685,29,H,3908,100
[AUTOPOS] SW-G,A,3571,25,B,4864,31,C,1609,96,D,4271,100,E,3157,96,F,4685,29,H,3896,100
[AUTOPOS] SW-G,A,3571,25,B,4864,31,C,1632,100,D,4306,100,E,3079,96,F,4685,29,H,3842,100
[AUTOPOS] SW-G,A,3571,25,B,4864,31,C,1678,100,D,4298,100,E,3078,96,F,4685,29,H,3883,100
[AUTOPOS] SW-G,A,3571,25,B,4864,31,C,1656,100,D,4298,100,E,3129,100,F,4685,29,H,3947,100
[AUTOPOS] SW-G,A,3571,25,B,4864,31,C,1638,100,D,4269,95,E,3047,100,F,4685,29,H,3908,100
[AUTOPOS] SW-G,A,3571,25,B,4864,31,C,1633,100,D,4341,95,E,3087,100,F,4685,29,H,3960,100
[AUTOPOS] SW-G,A,3571,25,B,4864,31,C,1648,100,D,4365,95,E,3083,100,F,4685,29,H,3923,100
[AUTOPOS] SW-G,A,3685,10,B,4894,9,C,1669,100,D,4323,95,E,3180,100,F,4695,9,H,3895,100
[AUTOPOS] SW-G,A,3623,14,B,4928,13,C,1632,100,D,4278,95,E,3214,100,F,4674,13,H,3934,100
[AUTOPOS] SW-G,A,3623,14,B,4928,13,C,1650,100,D,4308,96,E,3116,100,F,4666,17,H,3921,100
[AUTOPOS] SW-G,A,3500,17,B,4866,16,C,1645,100,D,4314,96,E,3189,100,F,4744,20,H,3948,100
[AUTOPOS] SW-G,A,3553,20,B,4934,20,C,1570,100,D,4320,96,E,3187,100,F,4664,24,H,3897,100
[AUTOPOS] SW-G,A,3556,24,B,4872,23,C,1672,100,D,4278,96,E,3156,100,F,4672,26,H,3912,100
[AUTOPOS] SW-G,A,3520,26,B,4932,25,C,1688,100,D,4295,96,E,3131,100,F,4706,29,H,3900,100
[AUTOPOS] SW-G,A,3694,29,B,4895,28,C,1699,100,D,4301,96,E,3102,100,F,4680,32,H,3905,100
[AUTOPOS] SW-G,A,3694,29,B,4932,31,C,1650,100,D,4308,96,E,3190,100,F,4675,34,H,3939,100
[AUTOPOS] SW-G,A,3545,31,B,4921,33,C,1639,100,D,4315,96,E,3148,100,F,4674,36,H,3900,100
[AUTOPOS] SW-G,A,3572,33,B,4919,35,C,1668,100,D,4341,100,E,3209,100,F,4680,38,H,3906,100
[AUTOPOS] SW-G,A,3626,35,B,4895,37,C,1631,100,D,4278,100,E,3181,100,F,4664,40,H,3944,100
[AUTOPOS] SW-G,A,3619,37,B,4904,41,C,1637,100,D,4323,100,E,3095,100,F,4681,47,H,3928,100
[AUTOPOS] SW-G,A,3619,37,B,4904,41,C,1660,100,D,4270,100,E,3111,100,F,4681,47,H,3974,100
[AUTOPOS] SW-G,A,3619,37,B,4904,41,C,1678,100,D,4315,100,E,3142,100,F,4681,47,H,3905,100
[AUTOPOS] SW-G,A,3619,37,B,4904,41,C,1691,100,D,4271,100,E,3091,100,F,4681,47,H,3937,100
[AUTOPOS] SW-G,A,3619,37,B,4904,41,C,1660,100,D,4260,100,E,3081,100,F,4681,47,H,3927,100
[AUTOPOS] SW-G,A,3619,37,B,4904,41,C,1635,100,D,4292,100,E,3148,100,F,4681,47,H,3914,100
[AUTOPOS] SW-G,A,3619,37,B,4904,41,C,1633,100,D,4302,100,E,3088,100,F,4681,47,H,3925,100
[AUTOPOS] SW-G,A,3619,37,B,4904,41,C,1630,100,D,4355,100,E,3159,100,F,4681,47,H,3931,100
[AUTOPOS] SW-G,A,3619,37,B,4904,41,C,1678,100,D,4343,100,E,3098,100,F,4681,47,H,3915,100
[AUTOPOS] SW-G,A,3619,37,B,4904,41,C,1623,100,D,4307,100,E,3074,100,F,4681,47,H,3915,100
[AUTOPOS] SW-G,A,3619,37,B,4904,41,C,1669,100,D,4306,100,E,3106,100,F,4681,47,H,3932,100
[AUTOPOS] SW-G,A,3619,37,B,4904,41,C,1635,100,D,4294,100,E,3130,100,F,4681,47,H,3868,100
[AUTOPOS] SW-G,A,3619,37,B,4904,41,C,1648,100,D,4349,100,E,3169,100,F,4681,47,H,3896,100
[AUTOPOS] SW-G,A,3619,37,B,4904,41,C,1613,100,D,4300,100,E,3067,100,F,4681,47,H,3938,100
[AUTOPOS] SW-G,A,3619,37,B,4904,41,C,1647,100,D,4298,100,E,3101,100,F,4681,47,H,3955,100
[AUTOPOS] SW-G,A,3619,37,B,4904,41,C,1621,100,D,4269,100,E,3074,100,F,4681,47,H,3896,100
[AUTOPOS] SW-G,A,3619,37,B,4904,41,C,1639,100,D,4324,100,E,3057,100,F,4681,47,H,3873,100
[AUTOPOS] SW-G,A,3619,37,B,4904,41,C,1630,100,D,4352,100,E,3116,100,F,4681,47,H,3927,100
[AUTOPOS] SW-G,A,3619,37,B,4904,41,C,1580,100,D,4296,100,E,3074,100,F,4681,47,H,3893,100
[AUTOPOS] SW-G,A,3619,37,B,4904,41,C,1650,100,D,4354,100,E,3062,100,F,4681,47,H,3929,100
[AUTOPOS] SW-G,A,3619,37,B,4904,41,C,1657,100,D,4359,100,E,3129,100,F,4681,47,H,3933,100
[AUTOPOS] SW-G,A,3619,37,B,4904,41,C,1642,100,D,4270,100,E,3160,100,F,4681,47,H,3921,100
[AUTOPOS] SW-G,A,3619,37,B,4904,41,C,1665,100,D,4266,100,E,3072,100,F,4681,47,H,3904,100
[AUTOPOS] SW-G,A,3619,37,B,4904,41,C,1624,100,D,4315,100,E,3150,100,F,4681,47,H,3910,100
[AUTOPOS] SW-G,A,3619,37,B,4904,41,C,1619,100,D,4304,100,E,3109,100,F,4681,47,H,3916,100
[AUTOPOS] SW-G,A,3619,37,B,4904,41,C,1685,100,D,4382,100,E,3139,100,F,4681,47,H,3909,100
[AUTOPOS] SW-G,A,3619,37,B,4904,41,C,1645,100,D,4291,100,E,3056,100,F,4681,47,H,3929,100
[AUTOPOS] SW-G,A,3619,37,B,4904,41,C,1642,100,D,4279,100,E,3093,100,F,4681,47,H,3925,100
[AUTOPOS] SW-G,A,3619,37,B,4904,41,C,1660,100,D,4249,100,E,3108,100,F,4681,47,H,3894,100
[AUTOPOS] SW-G,A,3619,37,B,4904,41,C,1660,100,D,4271,100,E,3122,100,F,4681,47,H,3919,100
[AUTOPOS] SW-G,A,3619,37,B,4904,41,C,1660,100,D,4271,100,E,3080,100,F,4681,47,H,3931,100
[AUTOPOS] SW-G,A,3619,37,B,4904,41,C,1617,100,D,4333,100,E,3072,100,F,4681,47,H,3926,100
[AUTOPOS] SW-G,A,3619,37,B,4904,41,C,1664,100,D,4320,100,E,3094,100,F,4681,47,H,3894,100
[AUTOPOS] SW-G,A,3619,37,B,4904,41,C,1653,100,D,4237,100,E,3135,100,F,4681,47,H,3938,100
[AUTOPOS] SW-G,A,3619,37,B,4904,41,C,1626,100,D,4264,100,E,3099,100,F,4681,47,H,3904,100
[AUTOPOS] SW-G,A,3619,37,B,4904,41,C,1671,100,D,4295,100,E,3093,100,F,4681,47,H,3924,100
[AUTOPOS] SW-G,A,3619,37,B,4904,41,C,1641,100,D,4250,100,E,3129,100,F,4681,47,H,3876,100
[AUTOPOS] SW-G,A,3619,37,B,4904,41,C,1656,100,D,4269,100,E,3075,100,F,4681,47,H,3916,100
[AUTOPOS] SW-G,A,3619,37,B,4904,41,C,1660,100,D,4324,100,E,3085,100,F,4681,47,H,3947,100
[AUTOPOS] SW-G,A,3619,37,B,4904,41,C,1668,100,D,4308,100,E,3075,100,F,4681,47,H,3911,100
[AUTOPOS] SW-G,A,3619,37,B,4904,41,C,1668,100,D,4335,100,E,3056,100,F,4681,47,H,3888,100
[AUTOPOS] SW-G,A,3619,37,B,4904,41,C,1648,96,D,4335,100,E,3084,100,F,4681,47,H,3907,100
[AUTOPOS] SW-G,A,3619,37,B,4904,41,C,1598,96,D,4240,96,E,3161,100,F,4681,47,H,3884,100
[AUTOPOS] SW-G,A,3619,37,B,4904,41,C,1660,96,D,4344,96,E,3086,100,F,4681,47,H,3884,100
[AUTOPOS] SW-G,A,3619,37,B,4904,41,C,1611,96,D,4328,96,E,3066,100,F,4681,47,H,3918,96
[AUTOPOS] SW-G,A,3619,37,B,4904,41,C,1617,96,D,4327,96,E,3162,100,F,4681,47,H,3890,96
[AUTOPOS] SW-G,A,3619,37,B,4904,41,C,1609,100,D,4306,100,E,3100,100,F,4681,47,H,3864,100
[AUTOPOS] SW-G,A,3619,37,B,4904,41,C,1633,100,D,4317,100,E,3137,100,F,4681,47,H,3941,100
[AUTOPOS] SW-G,A,3619,37,B,4904,41,C,1617,100,D,4291,100,E,3079,100,F,4681,47,H,3874,100
[AUTOPOS] SW-G,A,3619,37,B,4904,41,C,1661,100,D,4275,100,E,3117,100,F,4681,47,H,3889,100
[AUTOPOS] SW-G,A,3619,37,B,4904,41,C,1633,100,D,4370,100,E,3069,100,F,4681,47,H,3900,100
[AUTOPOS] SW-G,A,3619,37,B,4904,41,C,1628,100,D,4263,100,E,3168,100,F,4681,47,H,3918,100
[AUTOPOS] SW-G,A,3619,37,B,4904,41,C,1643,100,D,4371,100,E,3107,100,F,4681,47,H,3896,100
[AUTOPOS] SW-G,A,3619,37,B,4904,41,C,1599,100,D,4289,100,E,3089,100,F,4681,47,H,3944,100
[AUTOPOS] SW-G,A,3619,37,B,4904,41,C,1651,100,D,4348,100,E,3146,100,F,4681,47,H,3909,100
[AUTOPOS] SW-G,A,3619,37,B,4904,41,C,1625,100,D,4358,100,E,3121,100,F,4681,47,H,3952,100
[AUTOPOS] SW-G,A,3619,37,B,4904,41,C,1654,100,D,4334,100,E,3140,100,F,4681,47,H,3862,100
[AUTOPOS] SW-G,A,3619,37,B,4904,41,C,1626,100,D,4296,100,E,3132,100,F,4681,47,H,3906,100
[AUTOPOS] SW-G,A,3619,37,B,4904,41,C,1624,100,D,4280,100,E,3098,100,F,4681,47,H,3915,100
[AUTOPOS] SW-G,A,3619,37,B,4904,41,C,1688,100,D,4319,100,E,3084,100,F,4681,47,H,3915,100
[AUTOPOS] SW-G,A,3619,37,B,4904,41,C,1651,100,D,4303,100,E,3118,100,F,4681,47,H,3907,100
[AUTOPOS] SW-G,A,3619,37,B,4904,41,C,1677,100,D,4376,100,E,3094,100,F,4681,47,H,3940,100
[AUTOPOS] SW-G,A,3619,37,B,4904,41,C,1632,100,D,4340,100,E,3096,100,F,4681,47,H,3931,100
[AUTOPOS] SW-G,A,3619,37,B,4904,41,C,1672,100,D,4314,100,E,3144,100,F,4681,47,H,3915,100
[AUTOPOS] SW-G,A,3619,37,B,4904,41,C,1682,100,D,4354,100,E,3072,100,F,4681,47,H,3864,100
[AUTOPOS] SW-G,A,3619,37,B,4904,41,C,1621,100,D,4272,100,E,3083,100,F,4681,47,H,3885,100
[AUTOPOS] SW-G,A,3619,37,B,4904,41,C,1651,100,D,4250,100,E,3099,100,F,4681,47,H,3917,100
[AUTOPOS] SW-G,A,3619,37,B,4904,41,C,1654,100,D,4281,100,E,3051,100,F,4681,47,H,3950,100
[AUTOPOS] SW-G,A,3619,37,B,4904,41,C,1635,100,D,4301,100,E,3100,100,F,4681,47,H,3947,100
[AUTOPOS] SW-G,A,3619,37,B,4904,41,C,1613,100,D,4346,100,E,3164,100,F,4609,9,H,3947,100
[AUTOPOS] SW-G,A,3506,9,B,4885,8,C,1617,100,D,4328,100,E,3176,100,F,4658,13,H,3923,100
[AUTOPOS] SW-G,A,3540,13,B,4861,12,C,1663,100,D,4342,100,E,3214,100,F,4674,16,H,3889,100
[AUTOPOS] SW-G,A,3540,13,B,4905,16,C,1591,100,D,4302,100,E,3121,100,F,4673,20,H,3900,100
[AUTOPOS] SW-G,A,3659,16,B,4917,19,C,1643,100,D,4269,100,E,3155,100,F,4712,23,H,3908,100
[AUTOPOS] SW-G,A,3642,19,B,4922,22,C,1669,100,D,4278,100,E,3207,100,F,4707,25,H,3920,100
[AUTOPOS] SW-G,A,3574,22,B,4959,25,C,1668,100,D,4275,100,E,3189,100,F,4634,28,H,3943,100
[AUTOPOS] SW-G,A,3574,22,B,4946,27,C,1664,100,D,4294,100,E,3142,100,F,4691,31,H,3839,100
[AUTOPOS] SW-G,A,3574,22,B,4931,30,C,1640,100,D,4287,100,E,3167,100,F,4691,31,H,3902,100
[AUTOPOS] SW-G,A,3487,23,B,4947,32,C,1632,100,D,4308,100,E,3148,100,F,4650,32,H,3926,100
[AUTOPOS] SW-G,A,3487,23,B,4947,32,C,1649,100,D,4315,100,E,3114,100,F,4650,32,H,3863,100
[AUTOPOS] SW-G,A,3487,23,B,4947,32,C,1657,100,D,4388,100,E,3136,100,F,4650,32,H,3870,100
[AUTOPOS] SW-G,A,3487,23,B,4947,32,C,1688,100,D,4260,100,E,3067,100,F,4650,32,H,3899,100
[AUTOPOS] SW-G,A,3487,23,B,4947,32,C,1602,100,D,4281,100,E,3112,100,F,4650,32,H,3841,100
[AUTOPOS] SW-G,A,3487,23,B,4947,32,C,1616,100,D,4356,100,E,3118,100,F,4650,32,H,3835,100
[AUTOPOS] SW-G,A,3487,23,B,4947,32,C,1628,100,D,4252,100,E,3126,100,F,4650,32,H,3929,100
[AUTOPOS] SW-G,A,3487,23,B,4947,32,C,1658,100,D,4314,100,E,3117,100,F,4650,32,H,3898,100
[AUTOPOS] SW-G,A,3487,23,B,4947,32,C,1664,100,D,4309,100,E,3082,100,F,4650,32,H,3831,100
[AUTOPOS] SW-G,A,3487,23,B,4947,32,C,1665,100,D,4308,100,E,3113,100,F,4650,32,H,3873,100
[AUTOPOS] SW-G,A,3487,23,B,4947,32,C,1677,100,D,4355,100,E,3114,100,F,4650,32,H,3870,100
[AUTOPOS] SW-G,A,3487,23,B,4947,32,C,1629,100,D,4319,100,E,3101,100,F,4650,32,H,3918,100
[AUTOPOS] SW-G,A,3487,23,B,4947,32,C,1622,100,D,4253,100,E,3102,100,F,4650,32,H,3867,100
[AUTOPOS] SW-G,A,3487,23,B,4947,32,C,1642,100,D,4277,100,E,3102,100,F,4650,32,H,3926,100
[AUTOPOS] SW-G,A,3487,23,B,4947,32,C,1644,100,D,4299,100,E,3092,96,F,4650,32,H,3937,100
[AUTOPOS] SW-G,A,3487,23,B,4947,32,C,1620,100,D,4320,100,E,3074,96,F,4650,32,H,3923,100
[AUTOPOS] SW-G,A,3487,23,B,4947,32,C,1707,100,D,4318,100,E,3134,96,F,4650,32,H,3908,100
[AUTOPOS] SW-G,A,3487,23,B,4947,32,C,1630,100,D,4305,100,E,3126,96,F,4650,32,H,3890,100
[AUTOPOS] SW-G,A,3487,23,B,4947,32,C,1626,100,D,4279,100,E,3140,100,F,4650,32,H,3889,100
[AUTOPOS] SW-G,A,3487,23,B,4947,32,C,1681,100,D,4347,100,E,3091,100,F,4650,32,H,3901,100
[AUTOPOS] SW-G,A,3487,23,B,4947,32,C,1682,100,D,4325,100,E,3130,100,F,4650,32,H,3946,100
[AUTOPOS] SW-G,A,3487,23,B,4947,32,C,1654,100,D,4291,100,E,3130,100,F,4650,32,H,3886,100
[AUTOPOS] SW-G,A,3487,23,B,4947,32,C,1612,100,D,4336,100,E,3107,95,F,4650,32,H,3886,100
[AUTOPOS] SW-G,A,3487,23,B,4947,32,C,1690,100,D,4271,100,E,3140,95,F,4650,32,H,3856,95
[AUTOPOS] SW-G,A,3487,23,B,4947,32,C,1639,100,D,4316,100,E,3106,95,F,4650,32,H,3953,96
[AUTOPOS] SW-G,A,3487,23,B,4947,32,C,1619,100,D,4287,100,E,3114,95,F,4650,32,H,3962,96
[AUTOPOS] SW-G,A,3487,23,B,4947,32,C,1590,100,D,4271,100,E,3126,96,F,4650,32,H,3876,96
[AUTOPOS] SW-G,A,3487,23,B,4947,32,C,1629,100,D,4302,100,E,3126,96,F,4650,32,H,3896,96
[AUTOPOS] SW-G,A,3487,23,B,4947,32,C,1647,100,D,4308,100,E,3091,96,F,4650,32,H,3903,96
[AUTOPOS] SW-G,A,3487,23,B,4947,32,C,1667,100,D,4295,100,E,3110,96,F,4650,32,H,3910,96
[AUTOPOS] SW-G,A,3487,23,B,4947,32,C,1660,100,D,4337,100,E,3116,96,F,4650,32,H,3910,96
[AUTOPOS] SW-G,A,3487,23,B,4947,32,C,1639,100,D,4263,100,E,3165,96,F,4650,32,H,3935,93
[AUTOPOS] SW-G,A,3487,23,B,4947,32,C,1656,100,D,4333,100,E,3147,96,F,4650,32,H,3872,94
[AUTOPOS] SW-G,A,3487,23,B,4947,32,C,1625,100,D,4262,100,E,3144,96,F,4650,32,H,3888,94
[AUTOPOS] SW-G,A,3487,23,B,4947,32,C,1642,100,D,4293,100,E,3104,100,F,4650,32,H,3881,94
[AUTOPOS] SW-G,A,3487,23,B,4947,32,C,1649,100,D,4302,100,E,3120,100,F,4650,32,H,3899,95
[AUTOPOS] SW-G,A,3487,23,B,4947,32,C,1643,100,D,4264,100,E,3120,100,F,4650,32,H,3915,95
[AUTOPOS] SW-G,A,3487,23,B,4947,32,C,1618,100,D,4275,100,E,3086,95,F,4650,32,H,3900,95
[AUTOPOS] SW-G,A,3487,23,B,4947,32,C,1597,100,D,4245,100,E,3136,95,F,4650,32,H,3911,95
[AUTOPOS] SW-G,A,3487,23,B,4947,32,C,1646,100,D,4283,100,E,3132,95,F,4650,32,H,3906,95
[AUTOPOS] SW-G,A,3487,23,B,4947,32,C,1624,100,D,4318,100,E,3069,95,F,4650,32,H,3916,96
[AUTOPOS] SW-G,A,3487,23,B,4947,32,C,1594,100,D,4308,100,E,3136,95,F,4650,32,H,3895,96
[AUTOPOS] SW-G,A,3487,23,B,4947,32,C,1640,100,D,4295,100,E,3111,96,F,4650,32,H,3885,96
[AUTOPOS] SW-G,A,3487,23,B,4947,32,C,1674,100,D,4348,100,E,3112,96,F,4650,32,H,3883,96
[AUTOPOS] SW-G,A,3487,23,B,4947,32,C,1653,100,D,4265,100,E,3077,96,F,4650,32,H,3959,96
[AUTOPOS] SW-G,A,3487,23,B,4947,32,C,1691,100,D,4279,100,E,3152,96,F,4650,32,H,3901,96
[AUTOPOS] SW-G,A,3487,23,B,4947,32,C,1658,100,D,4340,100,E,3104,96,F,4650,32,H,3886,96
[AUTOPOS] SW-G,A,3487,23,B,4947,32,C,1588,100,D,4327,100,E,3084,96,F,4650,32,H,3918,96
[AUTOPOS] SW-G,A,3487,23,B,4947,32,C,1637,100,D,4319,100,E,3166,96,F,4650,32,H,3912,100
[AUTOPOS] SW-G,A,3487,23,B,4947,32,C,1670,100,D,4300,100,E,3074,96,F,4650,32,H,3904,100
[AUTOPOS] SW-G,A,3487,23,B,4947,32,C,1649,100,D,4334,100,E,3120,100,F,4650,32,H,3874,100
[AUTOPOS] SW-G,A,3487,23,B,4947,32,C,1641,100,D,4336,100,E,3092,100,F,4650,32,H,3903,100
[AUTOPOS] SW-G,A,3487,23,B,4947,32,C,1607,100,D,4310,100,E,3108,100,F,4650,32,H,3865,100
[AUTOPOS] SW-G,A,3487,23,B,4947,32,C,1650,100,D,4311,100,E,3087,100,F,4650,32,H,3897,100
[AUTOPOS] SW-G,A,3487,23,B,4947,32,C,1629,100,D,4349,100,E,3072,100,F,4650,32,H,3919,100
[AUTOPOS] SW-G,A,3487,23,B,4947,32,C,1641,100,D,4287,100,E,3123,100,F,4650,32,H,3918,100
[AUTOPOS] SW-G,A,3487,23,B,4947,32,C,1571,100,D,4289,100,E,3116,100,F,4650,32,H,3872,100
[AUTOPOS] SW-G,A,3487,23,B,4947,32,C,1669,100,D,4343,100,E,3136,100,F,4650,32,H,3913,100
[AUTOPOS] SW-G,A,3487,23,B,4947,32,C,1586,100,D,4363,100,E,3122,100,F,4650,32,H,3912,100
[AUTOPOS] SW-G,A,3487,23,B,4947,32,C,1647,100,D,4288,100,E,3153,100,F,4650,32,H,3923,100
[AUTOPOS] SW-G,A,3487,23,B,4947,32,C,1646,100,D,4280,100,E,3080,100,F,4650,32,H,3899,100
[AUTOPOS] SW-G,A,3487,23,B,4947,32,C,1647,100,D,4328,100,E,3114,100,F,4650,32,H,3894,100
[AUTOPOS] SW-G,A,3487,23,B,4947,32,C,1629,100,D,4311,100,E,3073,100,F,4650,32,H,3872,100
[AUTOPOS] SW-G,A,3487,23,B,4947,32,C,1654,100,D,4286,100,E,3137,100,F,4650,32,H,3865,100
[AUTOPOS] SW-G,A,3487,23,B,4947,32,C,1654,100,D,4279,100,E,3078,100,F,4650,32,H,3893,100
[AUTOPOS] SW-G,A,3487,23,B,4947,32,C,1647,94,D,4236,100,E,3113,100,F,4650,32,H,3893,100
[AUTOPOS] SW-G,A,3487,23,B,4947,32,C,1671,94,D,4334,100,E,3114,100,F,4650,32,H,3881,100
[AUTOPOS] SW-G,A,3487,23,B,4947,32,C,1657,95,D,4319,100,E,3089,100,F,4650,32,H,3917,100
[AUTOPOS] ANCHOR_CTRL[2] notify: SWEEP_DONE master=G sets=500 role=matrix
[AUTOPOS] ANCHOR_CTRL[2] notify: DBG ROLE_SWITCH anchor=G role=matrix sets=0
END=2026-05-11 10:06:27
