PORT=/dev/serial/by-id/usb-BioSpur_BioSpur_BLE_Control_87EA2F4A526C5A02-if00
START=2026-05-11 00:20:47
SESSION: prepare anchors for sweep; required role=matrix
PRECHECK: resident Master_Anchor mode; no RECV clean-slate/reconnect
>>> status
[AUTOPOS] Control status: mode=AUTOPOS pending=0
>>> device show
[AUTOPOS] System target: kind=anchor caps=0x0b (config=1 ota=1 stream=0 status=1)
OTA target filter: token=-1 name=- prefix=BS uuid=-
>>> ota_target token -1
[AUTOPOS] ota_target token rc=0 value=-1
OTA target filter: token=-1 name=- prefix=BS uuid=-
>>> ota_target name -
[AUTOPOS] ota_target name rc=0 value=-
OTA target filter: token=-1 name=- prefix=BS uuid=-
>>> ota_target prefix ANCHOR-
[AUTOPOS] ota_target prefix rc=0 value=anchor-
OTA target filter: token=-1 name=- prefix=anchor- uuid=-
>>> ota_target uuid -
[AUTOPOS] ota_target uuid rc=0 value=-
OTA target filter: token=-1 name=- prefix=anchor- uuid=-
>>> autopos map A 4DC6B8187E33803AE8601FB0D7992B96
[AUTOPOS] AUTOPOS map set: A=4DC6B8187E33803AE8601FB0D7992B96
>>> autopos map B B9179575C776C98F1CB132DD6EDC6223
[AUTOPOS] AUTOPOS map set: B=B9179575C776C98F1CB132DD6EDC6223
>>> autopos map C CEE5A7EFCB35F8A56B430047629F5309
[AUTOPOS] AUTOPOS map set: C=CEE5A7EFCB35F8A56B430047629F5309
>>> autopos map D B2B5FA625534A8C617135DCAFC9E036A
[AUTOPOS] AUTOPOS map set: D=B2B5FA625534A8C617135DCAFC9E036A
>>> autopos map E A892AF05DD59CF0D0D3408AD74F364A1
[AUTOPOS] AUTOPOS map set: E=A892AF05DD59CF0D0D3408AD74F364A1
>>> autopos map F 840C68591E90019821AACFF1B73AAA34
[AUTOPOS] AUTOPOS map set: F=840C68591E90019821AACFF1B73AAA34
>>> autopos map G B3087BC3D87CCCD316AEDC6B71D6677F
[AUTOPOS] AUTOPOS map set: G=B3087BC3D87CCCD316AEDC6B71D6677F
[AUTOPOS] DISC complete[4]: link=anchor-ctrl discovered_service=2800 uuid=B9179575C776C98F1CB132DD6EDC6223
[AUTOPOS] DISC anchor service found[4]: uuid=B9179575C776C98F1CB132DD6EDC6223
[AUTOPOS] Anchor ctrl result characteristic missing[4]
[AUTOPOS] Disconnected[4]: C0:1D:D1:D0:CE:B0 (random) reason=0x08 link=anchor-ctrl ready=0
[AUTOPOS] SCAN start req: bt_ready=1 scan_running=0 connecting_slot=-1 conn_count=2 target=anchor prefix=ANCHOR-
[AUTOPOS] Scanning for ANCHOR-*
[AUTOPOS] CONNECT pending[5]: addr_valid=1 link=anchor-ctrl uuid=CF12E703AC1A118F6AB440AB05B0BA23 scan_running=1 conn_count=2
[AUTOPOS] CONNECT pending[5]: bt_le_scan_stop rc=0 scan_running=1
[AUTOPOS] CONNECT pending[5] rc=0 conn=0x20004b58 interval=32-56 timeout=1000
[AUTOPOS] Connected[5]: C5:CD:5D:56:B5:CD (random) name=- bs=-
[AUTOPOS] CONNECT state[5]: link=anchor-ctrl uuid=CF12E703AC1A118F6AB440AB05B0BA23 ready=0 conn=0x20004b58
SETUP[5] defer: waiting 851 ms before discovery start
>>> autopos map H CF12E703AC1A118F6AB440AB05B0BA23
[AUTOPOS] AUTOPOS map set: H=CF12E703AC1A118F6AB440AB05B0BA23
SETUP[5] defer: waiting 801 ms before discovery start
SETUP[5] defer: waiting 750 ms before discovery start
SETUP[5] defer: waiting 700 ms before discovery start
SETUP[5] defer: waiting 650 ms before discovery start
SETUP[5] defer: waiting 599 ms before discovery start
SETUP[5] defer: waiting 549 ms before discovery start
SETUP[5] defer: waiting 499 ms before discovery start
SETUP[5] defer: waiting 448 ms before discovery start
SETUP[5] defer: waiting 398 ms before discovery start
SETUP[5] defer: waiting 348 ms before discovery start
SETUP[5] defer: waiting 297 ms before discovery start
SETUP[5] defer: waiting 247 ms before discovery start
SETUP[5] defer: waiting 196 ms before discovery start
SETUP[5] defer: waiting 146 ms before discovery start
SETUP[5] defer: waiting 96 ms before discovery start
SETUP[5] defer: waiting 45 ms before discovery start
SESSION: using B120 Master_Anchor runtime ack only; external BLE scan role verify disabled
SESSION: runtime role broadcast attempt 1/7: anchor role all matrix
>>> anchor role all matrix
[AUTOPOS] anchor role started target=all role=matrix
[AUTOPOS] Master quiesce peer[2]: connected=1 ready=1 link=anchor-ctrl uuid=B3087BC3D87CCCD316AEDC6B71D6677F
[AUTOPOS] Master quiesce peer[3]: connected=1 ready=1 link=anchor-ctrl uuid=B2B5FA625534A8C617135DCAFC9E036A
[AUTOPOS] Master quiesce peer[5]: connected=1 ready=0 link=anchor-ctrl uuid=CF12E703AC1A118F6AB440AB05B0BA23
[AUTOPOS] Master quiesce pending peer[6]: pending=1 setup=0 inflight=0 uuid=CEE5A7EFCB35F8A56B430047629F5309
[AUTOPOS] AUTOPOS wait anchor cleared: waited=0 conn_count=3 ready_count=0
[AUTOPOS] READY count=0 target=anchor target_uuid=- conn_count=3 connecting_slot=-1 scan=0 auto=0
[AUTOPOS] READY peer[2]: link=anchor-ctrl connected=1 ready=0 pending=0 inflight=0 retries=0 start_failures=0 uuid=B3087BC3D87CCCD316AEDC6B71D6677F name=- state_h=0x0012 ctrl_h=0x0019 result_h=0x001b
[AUTOPOS] READY peer[3]: link=anchor-ctrl connected=1 ready=0 pending=0 inflight=0 retries=0 start_failures=0 uuid=B2B5FA625534A8C617135DCAFC9E036A name=- state_h=0x0012 ctrl_h=0x0019 result_h=0x001b
[AUTOPOS] READY peer[5]: link=anchor-ctrl connected=1 ready=0 pending=0 inflight=0 retries=0 start_failures=0 uuid=CF12E703AC1A118F6AB440AB05B0BA23 name=- state_h=0x0000 ctrl_h=0x0000 result_h=0x0000
[AUTOPOS] Disconnected[2]: EC:9F:55:9D:7E:A1 (random) reason=0x16 link=anchor-ctrl ready=0
[AUTOPOS] RECV_BG suppressed: quiesce disconnect restart blocked remaining=2
[AUTOPOS] Disconnected[3]: F9:5B:1A:A3:84:45 (random) reason=0x16 link=anchor-ctrl ready=0
[AUTOPOS] RECV_BG suppressed: quiesce disconnect restart blocked remaining=1
[AUTOPOS] AUTOPOS wait anchor cleared: waited=100 conn_count=1 ready_count=0
[AUTOPOS] READY count=0 target=anchor target_uuid=- conn_count=1 connecting_slot=-1 scan=0 auto=0
[AUTOPOS] READY peer[5]: link=anchor-ctrl connected=1 ready=0 pending=0 inflight=0 retries=0 start_failures=0 uuid=CF12E703AC1A118F6AB440AB05B0BA23 name=- state_h=0x0000 ctrl_h=0x0000 result_h=0x0000
[AUTOPOS] Disconnected[5]: C5:CD:5D:56:B5:CD (random) reason=0x16 link=anchor-ctrl ready=0
[AUTOPOS] RECV_BG suppressed: quiesce disconnect restart blocked remaining=0
[AUTOPOS] AUTOPOS wait anchor cleared: waited=200 conn_count=0 ready_count=0
[AUTOPOS] READY count=0 target=anchor target_uuid=- conn_count=0 connecting_slot=-1 scan=0 auto=0
[AUTOPOS] Master discovery mode: CONN & START
[AUTOPOS] Master discovery mode: CONN & START
[AUTOPOS] SCAN start req: bt_ready=1 scan_running=0 connecting_slot=-1 conn_count=0 target=anchor prefix=ANCHOR-
[AUTOPOS] Scanning for ANCHOR-*
[AUTOPOS] AUTOPOS wait anchor ready: uuid=4DC6B8187E33803AE8601FB0D7992B96 timeout_ms=12000
[AUTOPOS] AUTOPOS wait anchor ready: waited=0 ready_count=0
[AUTOPOS] READY count=0 target=anchor target_uuid=4DC6B8187E33803AE8601FB0D7992B96 conn_count=0 connecting_slot=-1 scan=1 auto=1
[AUTOPOS] SCAN hit: F2:B7:4E:8A:79:01 (random) rssi=-74 name=- bs=- uuid=4DC6B8187E33803AE8601FB0D7992B96 target=anchor uuid_ok=1 tag_name=0 anchor_name=0 nus=0 dfu=0 token=0 props=0x03
[AUTOPOS] CONNECT queue[0]: addr=F2:B7:4E:8A:79:01 (random) link=anchor-ctrl uuid=4DC6B8187E33803AE8601FB0D7992B96 target=anchor
[AUTOPOS] CONNECT pending[0]: addr_valid=1 link=anchor-ctrl uuid=4DC6B8187E33803AE8601FB0D7992B96 scan_running=1 conn_count=0
[AUTOPOS] CONNECT pending[0]: bt_le_scan_stop rc=0 scan_running=1
[AUTOPOS] CONNECT pending[0] rc=0 conn=0x200048e8 interval=32-56 timeout=1000
[AUTOPOS] Connected[0]: F2:B7:4E:8A:79:01 (random) name=- bs=-
[AUTOPOS] CONNECT state[0]: link=anchor-ctrl uuid=4DC6B8187E33803AE8601FB0D7992B96 ready=0 conn=0x200048e8
SETUP[0] defer: waiting 888 ms before discovery start
SETUP[0] defer: waiting 838 ms before discovery start
SETUP[0] defer: waiting 787 ms before discovery start
SETUP[0] defer: waiting 737 ms before discovery start
SETUP[0] defer: waiting 709 ms before discovery start
SETUP[0] defer: waiting 687 ms before discovery start
SETUP[0] defer: waiting 636 ms before discovery start
SETUP[0] defer: waiting 586 ms before discovery start
SETUP[0] defer: waiting 536 ms before discovery start
SETUP[0] defer: waiting 508 ms before discovery start
SETUP[0] defer: waiting 485 ms before discovery start
SETUP[0] defer: waiting 435 ms before discovery start
SETUP[0] defer: waiting 384 ms before discovery start
SETUP[0] defer: waiting 334 ms before discovery start
SETUP[0] defer: waiting 308 ms before discovery start
[AUTOPOS] AUTOPOS wait anchor ready: waited=1000 ready_count=0
[AUTOPOS] READY count=0 target=anchor target_uuid=4DC6B8187E33803AE8601FB0D7992B96 conn_count=1 connecting_slot=-1 scan=0 auto=1
[AUTOPOS] READY peer[0]: link=anchor-ctrl connected=1 ready=0 pending=0 inflight=0 retries=0 start_failures=0 uuid=4DC6B8187E33803AE8601FB0D7992B96 name=- state_h=0x0000 ctrl_h=0x0000 result_h=0x0000
SETUP[0] defer: waiting 284 ms before discovery start
SETUP[0] defer: waiting 233 ms before discovery start
SETUP[0] defer: waiting 183 ms before discovery start
SETUP[0] defer: waiting 133 ms before discovery start
SETUP[0] defer: waiting 106 ms before discovery start
SETUP[0] defer: waiting 82 ms before discovery start
SETUP[0] defer: waiting 32 ms before discovery start
SETUP[0] begin: link=anchor-ctrl uuid=4DC6B8187E33803AE8601FB0D7992B96 conn=0x200048e8
SETUP[0] anchor-ctrl: skip mtu/phy negotiation
SETUP[0] conn_param_update rc=0 interval=32-56 timeout=1000
[AUTOPOS] DISC start[0]: link=anchor-ctrl uuid=4DC6B8187E33803AE8601FB0D7992B96 conn=0x200048e8
[AUTOPOS] Conn param updated[0]: int=56 lat=0 to=1000
[AUTOPOS] AUTOPOS wait anchor ready: waited=2000 ready_count=0
[AUTOPOS] READY count=0 target=anchor target_uuid=4DC6B8187E33803AE8601FB0D7992B96 conn_count=1 connecting_slot=-1 scan=0 auto=1
[AUTOPOS] READY peer[0]: link=anchor-ctrl connected=1 ready=0 pending=0 inflight=1 retries=0 start_failures=0 uuid=4DC6B8187E33803AE8601FB0D7992B96 name=- state_h=0x0000 ctrl_h=0x0000 result_h=0x0000
[AUTOPOS] AUTOPOS wait anchor ready: waited=3000 ready_count=0
[AUTOPOS] READY count=0 target=anchor target_uuid=4DC6B8187E33803AE8601FB0D7992B96 conn_count=1 connecting_slot=-1 scan=0 auto=1
[AUTOPOS] READY peer[0]: link=anchor-ctrl connected=1 ready=0 pending=0 inflight=1 retries=0 start_failures=0 uuid=4DC6B8187E33803AE8601FB0D7992B96 name=- state_h=0x0000 ctrl_h=0x0000 result_h=0x0000
[AUTOPOS] AUTOPOS wait anchor ready: waited=4000 ready_count=0
[AUTOPOS] READY count=0 target=anchor target_uuid=4DC6B8187E33803AE8601FB0D7992B96 conn_count=1 connecting_slot=-1 scan=0 auto=1
[AUTOPOS] READY peer[0]: link=anchor-ctrl connected=1 ready=0 pending=0 inflight=1 retries=0 start_failures=0 uuid=4DC6B8187E33803AE8601FB0D7992B96 name=- state_h=0x0000 ctrl_h=0x0000 result_h=0x0000
[AUTOPOS] AUTOPOS wait anchor ready: waited=5000 ready_count=0
[AUTOPOS] READY count=0 target=anchor target_uuid=4DC6B8187E33803AE8601FB0D7992B96 conn_count=1 connecting_slot=-1 scan=0 auto=1
[AUTOPOS] READY peer[0]: link=anchor-ctrl connected=1 ready=0 pending=0 inflight=1 retries=0 start_failures=0 uuid=4DC6B8187E33803AE8601FB0D7992B96 name=- state_h=0x0000 ctrl_h=0x0000 result_h=0x0000
[AUTOPOS] AUTOPOS wait anchor ready: waited=6000 ready_count=0
[AUTOPOS] READY count=0 target=anchor target_uuid=4DC6B8187E33803AE8601FB0D7992B96 conn_count=1 connecting_slot=-1 scan=0 auto=1
[AUTOPOS] READY peer[0]: link=anchor-ctrl connected=1 ready=0 pending=0 inflight=1 retries=0 start_failures=0 uuid=4DC6B8187E33803AE8601FB0D7992B96 name=- state_h=0x0000 ctrl_h=0x0000 result_h=0x0000
[AUTOPOS] AUTOPOS wait anchor ready: waited=7000 ready_count=0
[AUTOPOS] READY count=0 target=anchor target_uuid=4DC6B8187E33803AE8601FB0D7992B96 conn_count=1 connecting_slot=-1 scan=0 auto=1
[AUTOPOS] READY peer[0]: link=anchor-ctrl connected=1 ready=0 pending=0 inflight=1 retries=0 start_failures=0 uuid=4DC6B8187E33803AE8601FB0D7992B96 name=- state_h=0x0000 ctrl_h=0x0000 result_h=0x0000
[AUTOPOS] AUTOPOS wait anchor ready: waited=8000 ready_count=0
[AUTOPOS] READY count=0 target=anchor target_uuid=4DC6B8187E33803AE8601FB0D7992B96 conn_count=1 connecting_slot=-1 scan=0 auto=1
[AUTOPOS] READY peer[0]: link=anchor-ctrl connected=1 ready=0 pending=0 inflight=1 retries=0 start_failures=0 uuid=4DC6B8187E33803AE8601FB0D7992B96 name=- state_h=0x0000 ctrl_h=0x0000 result_h=0x0000
[AUTOPOS] AUTOPOS wait anchor ready: waited=9000 ready_count=0
[AUTOPOS] READY count=0 target=anchor target_uuid=4DC6B8187E33803AE8601FB0D7992B96 conn_count=1 connecting_slot=-1 scan=0 auto=1
[AUTOPOS] READY peer[0]: link=anchor-ctrl connected=1 ready=0 pending=0 inflight=1 retries=0 start_failures=0 uuid=4DC6B8187E33803AE8601FB0D7992B96 name=- state_h=0x0000 ctrl_h=0x0000 result_h=0x0000
[AUTOPOS] AUTOPOS wait anchor ready: waited=10000 ready_count=0
[AUTOPOS] READY count=0 target=anchor target_uuid=4DC6B8187E33803AE8601FB0D7992B96 conn_count=1 connecting_slot=-1 scan=0 auto=1
[AUTOPOS] READY peer[0]: link=anchor-ctrl connected=1 ready=0 pending=0 inflight=1 retries=0 start_failures=0 uuid=4DC6B8187E33803AE8601FB0D7992B96 name=- state_h=0x0000 ctrl_h=0x0000 result_h=0x0000
[AUTOPOS] AUTOPOS wait anchor ready: waited=11000 ready_count=0
[AUTOPOS] READY count=0 target=anchor target_uuid=4DC6B8187E33803AE8601FB0D7992B96 conn_count=1 connecting_slot=-1 scan=0 auto=1
[AUTOPOS] READY peer[0]: link=anchor-ctrl connected=1 ready=0 pending=0 inflight=1 retries=0 start_failures=0 uuid=4DC6B8187E33803AE8601FB0D7992B96 name=- state_h=0x0000 ctrl_h=0x0000 result_h=0x0000
[AUTOPOS] AUTOPOS wait anchor ready timeout: uuid=4DC6B8187E33803AE8601FB0D7992B96 waited=12000
[AUTOPOS] READY count=0 target=anchor target_uuid=4DC6B8187E33803AE8601FB0D7992B96 conn_count=1 connecting_slot=-1 scan=0 auto=1
[AUTOPOS] READY peer[0]: link=anchor-ctrl connected=1 ready=0 pending=0 inflight=1 retries=0 start_failures=0 uuid=4DC6B8187E33803AE8601FB0D7992B96 name=- state_h=0x0000 ctrl_h=0x0000 result_h=0x0000
[AUTOPOS] anchor runtime role connect failed: target=A uuid=4DC6B8187E33803AE8601FB0D7992B96 rc=-116
[AUTOPOS] anchor role all matrix target=A attempt=1 rc=[AUTOPOS] Disconnected[0]: F2:B7:4E:8A:79:01 (random) reason=0x08 link=anchor-ctrl ready=0
[AUTOPOS] SCAN start req: bt_ready=1 scan_running=0 connecting_slot=-1 conn_count=0 target=anchor prefix=ANCHOR-
-116; retry after clean disconnect
[AUTOPOS] AUTOPOS wait anchor cleared: waited=0 conn_count=0 ready_count=0
[AUT[AUTOPOS] Scanning for ANCHOR-*
OPOS] READY count=0 target=anchor target_uuid=4DC6B8187E33803AE8601FB0D7992B96 conn_count=0 connecting_slot=-1 scan=0 auto=0
[AUTOPOS] GATT discovery error[-1]: -12
[AUTOPOS] SCAN hit: F2:B7:4E:8A:79:01 (random) rssi=-88 name=- bs=- uuid=4DC6B8187E33803AE8601FB0D7992B96 target=anchor uuid_ok=1 tag_name=0 anchor_name=0 nus=0 dfu=0 token=0 props=0x03
[AUTOPOS] Master discovery mode: CONN & START
[AUTOPOS] CONNECT pending[0]: addr_valid=1 link=anchor-ctrl uuid=4DC6B8187E33803AE8601FB0D7992B96 scan_running=1 conn_count=0
[AUTOPOS] CONNECT pending[0]: bt_le_scan_stop rc=0 scan_running=1
[AUTOPOS] CONNECT pending[0] rc=0 conn=0x200048e8 interval=32-56 timeout=1000
[AUTOPOS] AUTOPOS wait anchor ready: uuid=4DC6B8187E33803AE8601FB0D7992B96 target peer already present; waiting for setup/discovery
[AUTOPOS] AUTOPOS wait anchor ready(reuse): waited=0 ready_count=0 target_peers=1
[AUTOPOS] READY count=0 target=anchor target_uuid=4DC6B8187E33803AE8601FB0D7992B96 conn_count=0 connecting_slot=0 scan=0 auto=1
[AUTOPOS] READY peer[0]: link=anchor-ctrl connected=0 ready=0 pending=1 inflight=0 retries=0 start_failures=0 uuid=4DC6B8187E33803AE8601FB0D7992B96 name=- state_h=0x0000 ctrl_h=0x0000 result_h=0x0000
[AUTOPOS] Connected[0]: F2:B7:4E:8A:79:01 (random) name=- bs=-
[AUTOPOS] CONNECT state[0]: link=anchor-ctrl uuid=4DC6B8187E33803AE8601FB0D7992B96 ready=0 conn=0x200048e8
SETUP[0] defer: waiting 898 ms before discovery start
SETUP[0] defer: waiting 848 ms before discovery start
SETUP[0] defer: waiting 805 ms before discovery start
SETUP[0] defer: waiting 798 ms before discovery start
SETUP[0] defer: waiting 747 ms before discovery start
SETUP[0] defer: waiting 697 ms before discovery start
SETUP[0] defer: waiting 647 ms before discovery start
SETUP[0] defer: waiting 605 ms before discovery start
SETUP[0] defer: waiting 596 ms before discovery start
SETUP[0] defer: waiting 546 ms before discovery start
SETUP[0] defer: waiting 496 ms before discovery start
SETUP[0] defer: waiting 445 ms before discovery start
SETUP[0] defer: waiting 404 ms before discovery start
SETUP[0] defer: waiting 395 ms before discovery start
SETUP[0] defer: waiting 345 ms before discovery start
SETUP[0] defer: waiting 294 ms before discovery start
SETUP[0] defer: waiting 244 ms before discovery start
SETUP[0] defer: waiting 204 ms before discovery start
SETUP[0] defer: waiting 194 ms before discovery start
SETUP[0] defer: waiting 143 ms before discovery start
SETUP[0] defer: waiting 93 ms before discovery start
SETUP[0] defer: waiting 43 ms before discovery start
SETUP[0] defer: waiting 4 ms before discovery start
[AUTOPOS] AUTOPOS wait anchor ready(reuse): waited=1000 ready_count=0 target_peers=1
[AUTOPOS] READY count=0 target=anchor target_uuid=4DC6B8187E33803AE8601FB0D7992B96 conn_count=1 connecting_slot=-1 scan=0 auto=1
[AUTOPOS] READY peer[0]: link=anchor-ctrl connected=1 ready=0 pending=0 inflight=0 retries=0 start_failures=0 uuid=4DC6B8187E33803AE8601FB0D7992B96 name=- state_h=0x0000 ctrl_h=0x0000 result_h=0x0000
SETUP[0] begin: link=anchor-ctrl uuid=4DC6B8187E33803AE8601FB0D7992B96 conn=0x200048e8
SETUP[0] anchor-ctrl: skip mtu/phy negotiation
SETUP[0] conn_param_update rc=0 interval=32-56 timeout=1000
[AUTOPOS] DISC start[0]: link=anchor-ctrl uuid=4DC6B8187E33803AE8601FB0D7992B96 conn=0x200048e8
[AUTOPOS] Conn param updated[0]: int=56 lat=0 to=1000
[AUTOPOS] AUTOPOS wait anchor ready(reuse): waited=2000 ready_count=0 target_peers=1
[AUTOPOS] READY count=0 target=anchor target_uuid=4DC6B8187E33803AE8601FB0D7992B96 conn_count=1 connecting_slot=-1 scan=0 auto=1
[AUTOPOS] READY peer[0]: link=anchor-ctrl connected=1 ready=0 pending=0 inflight=1 retries=0 start_failures=0 uuid=4DC6B8187E33803AE8601FB0D7992B96 name=- state_h=0x0000 ctrl_h=0x0000 result_h=0x0000
[AUTOPOS] Master discovery mode: CONN & START
[AUTOPOS] SCAN start req: bt_ready=1 scan_running=0 connecting_slot=-1 conn_count=1 target=anchor prefix=ANCHOR-
[AUTOPOS] Scanning for ANCHOR-*
[AUTOPOS] AUTOPOS wait anchor ready: uuid=4DC6B8187E33803AE8601FB0D7992B96 timeout_ms=12000
[AUTOPOS] AUTOPOS wait anchor ready: waited=3000 ready_count=0
[AUTOPOS] READY count=0 target=anchor target_uuid=4DC6B8187E33803AE8601FB0D7992B96 conn_count=1 connecting_slot=-1 scan=1 auto=1
[AUTOPOS] READY peer[0]: link=anchor-ctrl connected=1 ready=0 pending=0 inflight=1 retries=0 start_failures=0 uuid=4DC6B8187E33803AE8601FB0D7992B96 name=- state_h=0x0000 ctrl_h=0x0000 result_h=0x0000
[AUTOPOS] AUTOPOS wait anchor ready: waited=4000 ready_count=0
[AUTOPOS] READY count=0 target=anchor target_uuid=4DC6B8187E33803AE8601FB0D7992B96 conn_count=1 connecting_slot=-1 scan=1 auto=1
[AUTOPOS] READY peer[0]: link=anchor-ctrl connected=1 ready=0 pending=0 inflight=1 retries=0 start_failures=0 uuid=4DC6B8187E33803AE8601FB0D7992B96 name=- state_h=0x0000 ctrl_h=0x0000 result_h=0x0000
[AUTOPOS] AUTOPOS wait anchor ready: waited=5000 ready_count=0
[AUTOPOS] READY count=0 target=anchor target_uuid=4DC6B8187E33803AE8601FB0D7992B96 conn_count=1 connecting_slot=-1 scan=1 auto=1
[AUTOPOS] READY peer[0]: link=anchor-ctrl connected=1 ready=0 pending=0 inflight=1 retries=0 start_failures=0 uuid=4DC6B8187E33803AE8601FB0D7992B96 name=- state_h=0x0000 ctrl_h=0x0000 result_h=0x0000
[AUTOPOS] AUTOPOS wait anchor ready: waited=6000 ready_count=0
[AUTOPOS] READY count=0 target=anchor target_uuid=4DC6B8187E33803AE8601FB0D7992B96 conn_count=1 connecting_slot=-1 scan=1 auto=1
[AUTOPOS] READY peer[0]: link=anchor-ctrl connected=1 ready=0 pending=0 inflight=1 retries=0 start_failures=0 uuid=4DC6B8187E33803AE8601FB0D7992B96 name=- state_h=0x0000 ctrl_h=0x0000 result_h=0x0000
[AUTOPOS] AUTOPOS wait anchor ready: waited=7000 ready_count=0
[AUTOPOS] READY count=0 target=anchor target_uuid=4DC6B8187E33803AE8601FB0D7992B96 conn_count=1 connecting_slot=-1 scan=1 auto=1
[AUTOPOS] READY peer[0]: link=anchor-ctrl connected=1 ready=0 pending=0 inflight=1 retries=0 start_failures=0 uuid=4DC6B8187E33803AE8601FB0D7992B96 name=- state_h=0x0000 ctrl_h=0x0000 result_h=0x0000
SESSION: runtime role broadcast attempt 2/7: anchor role all matrix
>>> anchor role all matrix
[AUTOPOS] anchor role already running
[AUTOPOS] AUTOPOS wait anchor ready: waited=8000 ready_count=0
[AUTOPOS] READY count=0 target=anchor target_uuid=4DC6B8187E33803AE8601FB0D7992B96 conn_count=1 connecting_slot=-1 scan=1 auto=1
[AUTOPOS] READY peer[0]: link=anchor-ctrl connected=1 ready=0 pending=0 inflight=1 retries=0 start_failures=0 uuid=4DC6B8187E33803AE8601FB0D7992B96 name=- state_h=0x0000 ctrl_h=0x0000 result_h=0x0000
[AUTOPOS] AUTOPOS wait anchor ready: waited=9000 ready_count=0
[AUTOPOS] READY count=0 target=anchor target_uuid=4DC6B8187E33803AE8601FB0D7992B96 conn_count=1 connecting_slot=-1 scan=1 auto=1
[AUTOPOS] READY peer[0]: link=anchor-ctrl connected=1 ready=0 pending=0 inflight=1 retries=0 start_failures=0 uuid=4DC6B8187E33803AE8601FB0D7992B96 name=- state_h=0x0000 ctrl_h=0x0000 result_h=0x0000
[AUTOPOS] AUTOPOS wait anchor ready: waited=10000 ready_count=0
[AUTOPOS] READY count=0 target=anchor target_uuid=4DC6B8187E33803AE8601FB0D7992B96 conn_count=1 connecting_slot=-1 scan=1 auto=1
[AUTOPOS] READY peer[0]: link=anchor-ctrl connected=1 ready=0 pending=0 inflight=1 retries=0 start_failures=0 uuid=4DC6B8187E33803AE8601FB0D7992B96 name=- state_h=0x0000 ctrl_h=0x0000 result_h=0x0000
[AUTOPOS] AUTOPOS wait anchor ready: waited=11000 ready_count=0
[AUTOPOS] READY count=0 target=anchor target_uuid=4DC6B8187E33803AE8601FB0D7992B96 conn_count=1 connecting_slot=-1 scan=1 auto=1
[AUTOPOS] READY peer[0]: link=anchor-ctrl connected=1 ready=0 pending=0 inflight=1 retries=0 start_failures=0 uuid=4DC6B8187E33803AE8601FB0D7992B96 name=- state_h=0x0000 ctrl_h=0x0000 result_h=0x0000
[AUTOPOS] AUTOPOS wait anchor ready timeout: uuid=4DC6B8187E33803AE8601FB0D7992B96 waited=12000
[AUTOPOS] READY count=0 target=anchor target_uuid=4DC6B8187E33803AE8601FB0D7992B96 conn_count=1 connecting_slot=-1 scan=1 auto=1
[AUTOPOS] READY peer[0]: link=anchor-ctrl connected=1 ready=0 pending=0 inflight=1 retries=0 start_failures=0 uuid=4DC6B8187E33803AE8601FB0D7992B96 name=- state_h=0x0000 ctrl_h=0x0000 result_h=0x0000
[AUTOPOS] anchor runtime role connect failed: target=A uuid=4DC6B8187E33803AE8601FB0D7992B96 rc=-116
[AUTOPOS] anchor role all matrix target=A attempt=2 rc=-116; retry after clean disconnect
[AUTOPOS] Master quiesce peer[0]: connected=1 ready=0 link=anchor-ctrl uuid=4DC6B8187E33803AE8601FB0D7992B96
[AUTOPOS] AUTOPOS wait anchor cleared: waited=0 conn_count=1 ready_count=0
[AUTOPOS] READY count=0 target=anchor target_uuid=4DC6B8187E33803AE8601FB0D7992B96 conn_count=1 connecting_slot=-1 scan=0 auto=0
[AUTOPOS] READY peer[0]: link=anchor-ctrl connected=1 ready=0 pending=0 inflight=0 retries=0 start_failures=0 uuid=4DC6B8187E33803AE8601FB0D7992B96 name=- state_h=0x0000 ctrl_h=0x0000 result_h=0x0000
[AUTOPOS] DISC complete[0]: link=anchor-ctrl discovered_service=2800 uuid=4DC6B8187E33803AE8601FB0D7992B96
[AUTOPOS] DISC anchor service found[0]: uuid=4DC6B8187E33803AE8601FB0D7992B96
[AUTOPOS] Anchor ctrl write characteristic missing[0]
[AUTOPOS] Disconnected[0]: F2:B7:4E:8A:79:01 (random) reason=0x08 link=anchor-ctrl ready=0
[AUTOPOS] RECV_BG suppressed: quiesce disconnect restart blocked remaining=0
[AUTOPOS] AUTOPOS wait anchor cleared: waited=1000 conn_count=0 ready_count=0
[AUTOPOS] READY count=0 target=anchor target_uuid=4DC6B8187E33803AE8601FB0D7992B96 conn_count=0 connecting_slot=-1 scan=0 auto=0
[AUTOPOS] Master discovery mode: CONN & START
[AUTOPOS] Master discovery mode: CONN & START
[AUTOPOS] SCAN start req: bt_ready=1 scan_running=0 connecting_slot=-1 conn_count=0 target=anchor prefix=ANCHOR-
[AUTOPOS] Scanning for ANCHOR-*
[AUTOPOS] AUTOPOS wait anchor ready: uuid=4DC6B8187E33803AE8601FB0D7992B96 timeout_ms=12000
[AUTOPOS] AUTOPOS wait anchor ready: waited=0 ready_count=0
[AUTOPOS] READY count=0 target=anchor target_uuid=4DC6B8187E33803AE8601FB0D7992B96 conn_count=0 connecting_slot=-1 scan=1 auto=1
[AUTOPOS] SCAN hit: F2:B7:4E:8A:79:01 (random) rssi=-76 name=- bs=- uuid=4DC6B8187E33803AE8601FB0D7992B96 target=anchor uuid_ok=1 tag_name=0 anchor_name=0 nus=0 dfu=0 token=0 props=0x03
[AUTOPOS] CONNECT queue[0]: addr=F2:B7:4E:8A:79:01 (random) link=anchor-ctrl uuid=4DC6B8187E33803AE8601FB0D7992B96 target=anchor
[AUTOPOS] CONNECT pending[0]: addr_valid=1 link=anchor-ctrl uuid=4DC6B8187E33803AE8601FB0D7992B96 scan_running=1 conn_count=0
[AUTOPOS] CONNECT pending[0]: bt_le_scan_stop rc=0 scan_running=1
[AUTOPOS] CONNECT pending[0] rc=0 conn=0x200048e8 interval=32-56 timeout=1000
[AUTOPOS] Connected[0]: F2:B7:4E:8A:79:01 (random) name=- bs=-
[AUTOPOS] CONNECT state[0]: link=anchor-ctrl uuid=4DC6B8187E33803AE8601FB0D7992B96 ready=0 conn=0x200048e8
SETUP[0] defer: waiting 855 ms before discovery start
SETUP[0] defer: waiting 805 ms before discovery start
SETUP[0] defer: waiting 797 ms before discovery start
SETUP[0] defer: waiting 754 ms before discovery start
SETUP[0] defer: waiting 704 ms before discovery start
SETUP[0] defer: waiting 654 ms before discovery start
SETUP[0] defer: waiting 603 ms before discovery start
SETUP[0] defer: waiting 597 ms before discovery start
SETUP[0] defer: waiting 553 ms before discovery start
SETUP[0] defer: waiting 502 ms before discovery start
SETUP[0] defer: waiting 452 ms before discovery start
SETUP[0] defer: waiting 402 ms before discovery start
SETUP[0] defer: waiting 396 ms before discovery start
[AUTOPOS] AUTOPOS wait anchor ready: waited=1000 ready_count=0
[AUTOPOS] READY count=0 target=anchor target_uuid=4DC6B8187E33803AE8601FB0D7992B96 conn_count=1 connecting_slot=-1 scan=0 auto=1
[AUTOPOS] READY peer[0]: link=anchor-ctrl connected=1 ready=0 pending=0 inflight=0 retries=0 start_failures=0 uuid=4DC6B8187E33803AE8601FB0D7992B96 name=- state_h=0x0000 ctrl_h=0x0000 result_h=0x0000
SETUP[0] defer: waiting 351 ms before discovery start
SETUP[0] defer: waiting 301 ms before discovery start
SETUP[0] defer: waiting 251 ms before discovery start
SETUP[0] defer: waiting 200 ms before discovery start
SETUP[0] defer: waiting 194 ms before discovery start
SETUP[0] defer: waiting 150 ms before discovery start
SETUP[0] defer: waiting 100 ms before discovery start
SETUP[0] defer: waiting 49 ms before discovery start
SETUP[0] begin: link=anchor-ctrl uuid=4DC6B8187E33803AE8601FB0D7992B96 conn=0x200048e8
SETUP[0] anchor-ctrl: skip mtu/phy negotiation
SETUP[0] conn_param_update rc=0 interval=32-56 timeout=1000
[AUTOPOS] DISC start[0]: link=anchor-ctrl uuid=4DC6B8187E33803AE8601FB0D7992B96 conn=0x200048e8
[AUTOPOS] Conn param updated[0]: int=56 lat=0 to=1000
[AUTOPOS] AUTOPOS wait anchor ready: waited=2000 ready_count=0
[AUTOPOS] READY count=0 target=anchor target_uuid=4DC6B8187E33803AE8601FB0D7992B96 conn_count=1 connecting_slot=-1 scan=0 auto=1
[AUTOPOS] READY peer[0]: link=anchor-ctrl connected=1 ready=0 pending=0 inflight=1 retries=0 start_failures=0 uuid=4DC6B8187E33803AE8601FB0D7992B96 name=- state_h=0x0000 ctrl_h=0x0000 result_h=0x0000
[AUTOPOS] AUTOPOS wait anchor ready: waited=3000 ready_count=0
[AUTOPOS] READY count=0 target=anchor target_uuid=4DC6B8187E33803AE8601FB0D7992B96 conn_count=1 connecting_slot=-1 scan=0 auto=1
[AUTOPOS] READY peer[0]: link=anchor-ctrl connected=1 ready=0 pending=0 inflight=1 retries=0 start_failures=0 uuid=4DC6B8187E33803AE8601FB0D7992B96 name=- state_h=0x0000 ctrl_h=0x0000 result_h=0x0000
[AUTOPOS] AUTOPOS wait anchor ready: waited=4000 ready_count=0
[AUTOPOS] READY count=0 target=anchor target_uuid=4DC6B8187E33803AE8601FB0D7992B96 conn_count=1 connecting_slot=-1 scan=0 auto=1
[AUTOPOS] READY peer[0]: link=anchor-ctrl connected=1 ready=0 pending=0 inflight=1 retries=0 start_failures=0 uuid=4DC6B8187E33803AE8601FB0D7992B96 name=- state_h=0x0000 ctrl_h=0x0000 result_h=0x0000
[AUTOPOS] AUTOPOS wait anchor ready: waited=5000 ready_count=0
[AUTOPOS] READY count=0 target=anchor target_uuid=4DC6B8187E33803AE8601FB0D7992B96 conn_count=1 connecting_slot=-1 scan=0 auto=1
[AUTOPOS] READY peer[0]: link=anchor-ctrl connected=1 ready=0 pending=0 inflight=1 retries=0 start_failures=0 uuid=4DC6B8187E33803AE8601FB0D7992B96 name=- state_h=0x0000 ctrl_h=0x0000 result_h=0x0000
