PORT=/dev/serial/by-id/usb-BioSpur_BioSpur_BLE_Control_87EA2F4A526C5A02-if00
START=2026-05-11 10:00:41
MASTER=A
PRECHECK: BSxxxx tag quarantine disabled; master/matrix anchors ignore tag polls during sweep
PRECHECK: context session_autopos_ready=1 autopos_initialized=1
PRECHECK: reusing session AUTOPOS state from matrix guard
PRECHECK: reusing existing AUTOPOS map
>>> autopos round A 500
[AUTOPOS] AUTOPOS round staged: master=A sets=500
>>> autopos status
[AUTOPOS] AUTOPOS: mode=AUTOPOS state=staged staged=A last_success=H sets=500 error=-
>>> autopos apply
[AUTOPOS] AUTOPOS apply started
[AUTOPOS] RECV_BG gate: SUPPRESS reason=autopos_detach
[AUTOPOS] RECV_BG gate: ALLOW reason=autopos_detach_done
[AUTOPOS] SCAN start req: bt_ready=1 scan_running=0 connecting_slot=-1 conn_count=0 target=anchor prefix=ANCHOR-
[AUTOPOS] Scanning for ANCHOR-*
[AUTOPOS] AUTOPOS apply mode: incremental
[AUTOPOS] AUTOPOS apply incremental: prev_master=H new_master=A
[AUTOPOS] AUTOPOS incremental: skip H demote for finite sweep; master auto-returned to matrix
[AUTOPOS] Master discovery mode: CONN & START
[AUTOPOS] Master discovery mode: CONN & START
[AUTOPOS] SCAN start req: bt_ready=1 scan_running=0 connecting_slot=-1 conn_count=0 target=anchor prefix=ANCHOR-
[AUTOPOS] Scanning for ANCHOR-*
[AUTOPOS] AUTOPOS wait anchor ready: uuid=4DC6B8187E33803AE8601FB0D7992B96 timeout_ms=12000
[AUTOPOS] AUTOPOS wait anchor ready: waited=0 ready_count=0
[AUTOPOS] READY count=0 target=anchor target_uuid=4DC6B8187E33803AE8601FB0D7992B96 conn_count=0 connecting_slot=-1 scan=1 auto=1
[AUTOPOS] SCAN hit: F2:B7:4E:8A:79:01 (random) rssi=-66 name=- bs=- uuid=4DC6B8187E33803AE8601FB0D7992B96 target=anchor uuid_ok=1 tag_name=0 anchor_name=0 nus=0 dfu=0 token=0 props=0x03
[AUTOPOS] CONNECT queue[0]: addr=F2:B7:4E:8A:79:01 (random) link=anchor-ctrl uuid=4DC6B8187E33803AE8601FB0D7992B96 target=anchor
[AUTOPOS] CONNECT pending[0]: addr_valid=1 link=anchor-ctrl uuid=4DC6B8187E33803AE8601FB0D7992B96 scan_running=1 conn_count=0
[AUTOPOS] CONNECT pending[0]: bt_le_scan_stop rc=0 scan_running=1
[AUTOPOS] CONNECT pending[0] rc=0 conn=0x200048d8 interval=32-56 timeout=1000
[AUTOPOS] AUTOPOS wait anchor ready: waited=1000 ready_count=0
[AUTOPOS] READY count=0 target=anchor target_uuid=4DC6B8187E33803AE8601FB0D7992B96 conn_count=0 connecting_slot=0 scan=0 auto=1
[AUTOPOS] READY peer[0]: link=anchor-ctrl connected=0 ready=0 pending=1 inflight=0 retries=0 start_failures=0 uuid=4DC6B8187E33803AE8601FB0D7992B96 name=- state_h=0x0000 ctrl_h=0x0000 result_h=0x0000
[AUTOPOS] Connected[0]: F2:B7:4E:8A:79:01 (random) name=- bs=-
[AUTOPOS] CONNECT state[0]: link=anchor-ctrl uuid=4DC6B8187E33803AE8601FB0D7992B96 ready=0 conn=0x200048d8
SETUP[0] begin: link=anchor-ctrl uuid=4DC6B8187E33803AE8601FB0D7992B96 conn=0x200048d8
SETUP[0] anchor-ctrl result-stream mtu_exchange rc=0
SETUP[0] conn_param_update rc=0 interval=32-56 timeout=1000
Anchor ctrl result-stream subscribe[0] rc=0
ANCHOR_CTRL[0] static link ready state=0x0012 ctrl=0x0019 result=0x001b uuid=4DC6B8187E33803AE8601FB0D7992B96
[AUTOPOS] AUTOPOS wait anchor ready: waited=1200 ready_count=1
[AUTOPOS] READY count=1 target=anchor target_uuid=4DC6B8187E33803AE8601FB0D7992B96 conn_count=1 connecting_slot=-1 scan=0 auto=1
[AUTOPOS] READY peer[0]: link=anchor-ctrl connected=1 ready=1 pending=0 inflight=0 retries=0 start_failures=0 uuid=4DC6B8187E33803AE8601FB0D7992B96 name=- state_h=0x0012 ctrl_h=0x0019 result_h=0x001b
[AUTOPOS] AUTOPOS wait anchor ready: uuid=4DC6B8187E33803AE8601FB0D7992B96 control link ready
[AUTOPOS] Master anchor result stream: on
[AUTOPOS] MTU exchange[0] done (498)
[AUTOPOS] Anchor ctrl sent[0]: RM 500 uuid=4DC6B8187E33803AE8601FB0D7992B96
[AUTOPOS] ANCHOR_CTRL[0] notify: OK RUNTIME_SWITCH_REQUESTED SWEEP=500
[AUTOPOS] Conn param updated[0]: int=56 lat=0 to=1000
[AUTOPOS] AUTOPOS result: OK RUNTIME_SWITCH_REQUESTED SWEEP=500
[AUTOPOS] AUTOPOS anchor A role verified
[AUTOPOS] AUTOPOS apply success: master=A
[AUTOPOS] AUTOPOS finite sweep handoff: master=A sets=500; host waits for SWEEP_DONE
[AUTOPOS] AUTOPOS sweep listen attach: master=A uuid=4DC6B8187E33803AE8601FB0D7992B96
[AUTOPOS] Master anchor result stream: on
[AUTOPOS] Master discovery mode: CONN & START
[AUTOPOS] ANCHOR_CTRL[0] notify: DBG ROLE_ENTRY_PENDING anchor=A current=matrix pending=master sets=500
[AUTOPOS] ANCHOR_CTRL[0] notify: DBG ROLE_SWITCH anchor=A role=master sets=500
[AUTOPOS] ANCHOR_CTRL[0] notify: DBG ROLE_START anchor=A role=master sets=500
[AUTOPOS] ANCHOR_CTRL[0] notify: DBG MASTER_START anchor=A peers=7 sets=500
[AUTOPOS] ANCHOR_CTRL[0] notify: DBG MASTER_FIRST_PEER anchor=A peer=B
[AUTOPOS] ANCHOR_CTRL[0] notify: DBG MASTER_FIRST_RESULT anchor=A peer=B rx=0 status=0x008200f2
[AUTOPOS] SW-A,B,0,0,C,3359,100,D,5640,100,E,1742,100,F,4073,100,G,3883,100,H,5591,100
[AUTOPOS] SW-A,B,4377,100,C,3360,100,D,5682,100,E,1740,100,F,4076,100,G,3879,100,H,5657,100
[AUTOPOS] SW-A,B,4422,100,C,3402,100,D,5650,100,E,1765,100,F,4102,100,G,3894,100,H,5664,100
[AUTOPOS] SW-A,B,4452,100,C,3359,100,D,5726,100,E,1739,100,F,4110,100,G,3848,100,H,5607,100
[AUTOPOS] Conn param updated[0]: int=56 lat=0 to=1000
[AUTOPOS] SW-A,B,4385,100,C,3325,100,D,5664,100,E,1761,100,F,4110,100,G,3804,100,H,5663,100
[AUTOPOS] SW-A,B,4381,100,C,3334,100,D,5678,100,E,1803,100,F,4127,83,G,3848,100,H,5615,100
[AUTOPOS] SW-A,B,4410,100,C,3347,100,D,5706,100,E,1762,100,F,4101,85,G,3830,100,H,5603,100
[AUTOPOS] SW-A,B,4391,100,C,3371,100,D,5635,100,E,1795,100,F,4076,87,G,3833,100,H,5622,100
[AUTOPOS] SW-A,B,4425,100,C,3350,100,D,5723,100,E,1750,100,F,4101,88,G,3861,100,H,5613,100
[AUTOPOS] SW-A,B,4418,100,C,3362,100,D,5723,100,E,1732,100,F,4110,90,G,3872,100,H,5604,100
[AUTOPOS] SW-A,B,4427,100,C,3366,100,D,5641,90,E,1758,100,F,4157,90,G,3890,100,H,5568,100
[AUTOPOS] SW-A,B,4384,100,C,3377,100,D,5642,91,E,1797,100,F,4076,91,G,3835,100,H,5568,100
[AUTOPOS] SW-A,B,4399,100,C,3329,100,D,5687,92,E,1750,100,F,4108,92,G,3911,100,H,5611,92
[AUTOPOS] SW-A,B,4341,100,C,3345,100,D,5580,92,E,1742,100,F,4104,92,G,3912,100,H,5695,92
[AUTOPOS] SW-A,B,4405,100,C,3349,100,D,5644,93,E,1772,100,F,4138,93,G,3862,100,H,5655,93
[AUTOPOS] SW-A,B,4399,100,C,3390,100,D,5625,93,E,1766,100,F,4108,93,G,3864,100,H,5626,93
[AUTOPOS] SW-A,B,4411,100,C,3339,100,D,5661,94,E,1749,100,F,4139,94,G,3835,100,H,5613,94
[AUTOPOS] SW-A,B,4408,100,C,3307,100,D,5657,94,E,1765,100,F,4096,94,G,3852,100,H,5613,94
[AUTOPOS] SW-A,B,4363,100,C,3276,100,D,5706,94,E,1755,100,F,4161,94,G,3842,100,H,5611,89
[AUTOPOS] SW-A,B,4368,100,C,3368,100,D,5621,95,E,1739,100,F,4140,95,G,3884,100,H,5631,90
[AUTOPOS] SW-A,B,4402,100,C,3350,100,D,5689,95,E,1735,100,F,4120,95,G,3852,100,H,5614,90
[AUTOPOS] SW-A,B,4421,100,C,3411,100,D,5654,95,E,1789,100,F,4165,95,G,3889,100,H,5604,90
[AUTOPOS] SW-A,B,4389,100,C,3345,100,D,5675,95,E,1757,100,F,4147,95,G,3906,100,H,5675,91
[AUTOPOS] SW-A,B,4377,100,C,3347,100,D,5663,95,E,1792,100,F,4115,95,G,3854,100,H,5617,88
[AUTOPOS] SW-A,B,4377,100,C,3344,100,D,5717,96,E,1748,100,F,4175,96,G,3825,100,H,5588,88
[AUTOPOS] SW-A,B,4437,96,C,3369,100,D,5631,96,E,1784,100,F,4154,96,G,3894,100,H,5618,88
[AUTOPOS] SW-A,B,4350,96,C,3328,100,D,5637,96,E,1818,100,F,4169,96,G,3901,100,H,5617,89
[AUTOPOS] SW-A,B,4350,96,C,3348,100,D,5651,96,E,1765,100,F,4158,96,G,3859,100,H,5607,89
[AUTOPOS] SW-A,B,4391,92,C,3327,100,D,5666,96,E,1764,100,F,4127,96,G,3885,100,H,5614,90
[AUTOPOS] SW-A,B,4408,93,C,3363,100,D,5572,96,E,1771,100,F,4124,96,G,3909,100,H,5601,90
[AUTOPOS] SW-A,B,4430,93,C,3343,100,D,5631,96,E,1780,100,F,4111,96,G,3880,100,H,5582,90
[AUTOPOS] SW-A,B,4360,93,C,3365,100,D,5673,96,E,1776,100,F,4092,96,G,3899,100,H,5616,94
[AUTOPOS] SW-A,B,4375,93,C,3324,100,D,5625,100,E,1765,100,F,4075,100,G,3886,100,H,5571,94
[AUTOPOS] SW-A,B,4418,94,C,3324,100,D,5579,100,E,1764,100,F,4109,100,G,3886,100,H,5524,94
[AUTOPOS] SW-A,B,4421,94,C,3363,94,D,5650,100,E,1812,100,F,4090,100,G,3841,100,H,5605,95
[AUTOPOS] SW-A,B,4431,94,C,3360,95,D,5624,100,E,1781,100,F,4163,100,G,3932,100,H,5591,95
[AUTOPOS] SW-A,B,4383,95,C,3375,95,D,5668,100,E,1787,100,F,4126,100,G,3876,100,H,5635,95
[AUTOPOS] SW-A,B,4348,95,C,3390,95,D,5649,100,E,1775,100,F,4101,100,G,3927,100,H,5611,95
[AUTOPOS] SW-A,B,4376,95,C,3353,95,D,5612,100,E,1773,100,F,4093,100,G,3845,100,H,5622,95
[AUTOPOS] SW-A,B,4404,95,C,3399,95,D,5607,100,E,1758,100,F,4121,100,G,3905,100,H,5625,96
[AUTOPOS] SW-A,B,4372,95,C,3360,96,D,5681,100,E,1782,100,F,4154,100,G,3852,100,H,5615,96
[AUTOPOS] SW-A,B,4361,96,C,3304,96,D,5626,100,E,1800,100,F,4133,100,G,3852,100,H,5667,96
[AUTOPOS] SW-A,B,4412,96,C,3436,96,D,5652,100,E,1797,100,F,4107,100,G,3860,96,H,5648,96
[AUTOPOS] SW-A,B,4394,96,C,3379,96,D,5634,100,E,1781,100,F,4126,100,G,3855,96,H,5579,96
[AUTOPOS] SW-A,B,4360,96,C,3333,96,D,5658,100,E,1791,100,F,4114,100,G,3924,96,H,5622,96
[AUTOPOS] SW-A,B,4360,96,C,3346,96,D,5617,100,E,1788,100,F,4099,100,G,3869,96,H,5614,96
[AUTOPOS] SW-A,B,4371,93,C,3390,96,D,5627,100,E,1770,100,F,4074,100,G,3892,96,H,5626,96
[AUTOPOS] SW-A,B,4352,93,C,3371,96,D,5633,100,E,1773,100,F,4130,100,G,3892,96,H,5589,100
[AUTOPOS] SW-A,B,4395,93,C,3379,100,D,5600,100,E,1777,100,F,4097,100,G,3878,94,H,5627,100
[AUTOPOS] SW-A,B,4421,94,C,3378,100,D,5671,100,E,1795,100,F,4117,100,G,3890,94,H,5613,100
[AUTOPOS] SW-A,B,4372,94,C,3351,100,D,5615,100,E,1759,100,F,4169,100,G,3920,94,H,5578,100
[AUTOPOS] SW-A,B,4408,94,C,3408,100,D,5672,100,E,1745,100,F,4141,100,G,3860,95,H,5638,100
[AUTOPOS] SW-A,B,4386,95,C,3375,100,D,5603,100,E,1767,100,F,4114,100,G,3861,95,H,5546,100
[AUTOPOS] SW-A,B,4417,95,C,3414,100,D,5644,100,E,1823,100,F,4133,100,G,4019,95,H,5572,100
[AUTOPOS] SW-A,B,4427,95,C,3322,100,D,5685,100,E,1764,100,F,4137,100,G,3830,95,H,5592,100
[AUTOPOS] SW-A,B,4371,95,C,3362,100,D,5594,100,E,1788,100,F,4110,100,G,3884,95,H,5620,100
[AUTOPOS] SW-A,B,4344,95,C,3362,100,D,5609,100,E,1769,100,F,4143,100,G,3892,96,H,5641,100
[AUTOPOS] SW-A,B,4370,96,C,3452,100,D,5579,100,E,1766,100,F,4145,100,G,3919,96,H,5646,100
[AUTOPOS] SW-A,B,4396,96,C,3375,100,D,5630,100,E,1766,100,F,4151,100,G,3888,96,H,5634,100
[AUTOPOS] SW-A,B,4361,96,C,3397,100,D,5632,100,E,1761,96,F,4163,100,G,4028,96,H,5604,100
[AUTOPOS] SW-A,B,4435,96,C,3397,100,D,5630,100,E,1776,96,F,4173,100,G,3875,96,H,5622,100
[AUTOPOS] SW-A,B,4324,96,C,3345,100,D,5615,100,E,1833,96,F,4156,100,G,3867,96,H,5606,100
[AUTOPOS] SW-A,B,4407,96,C,3330,100,D,5669,100,E,1756,96,F,4141,100,G,3906,96,H,5623,100
[AUTOPOS] SW-A,B,4398,96,C,3330,100,D,5652,100,E,1756,96,F,4138,100,G,3893,96,H,5579,100
[AUTOPOS] SW-A,B,4373,96,C,3375,100,D,5620,100,E,1756,96,F,4120,100,G,3908,100,H,5559,100
[AUTOPOS] SW-A,B,4415,100,C,3342,100,D,5621,100,E,1742,94,F,4142,100,G,3908,100,H,5506,100
[AUTOPOS] SW-A,B,4449,100,C,3322,100,D,5632,100,E,1786,94,F,4116,100,G,3938,94,H,5605,100
[AUTOPOS] SW-A,B,4449,100,C,3337,100,D,5632,100,E,1753,95,F,4129,100,G,3901,95,H,5582,100
[AUTOPOS] SW-A,B,4492,95,C,3359,100,D,5634,100,E,1790,95,F,4133,100,G,3893,95,H,5643,100
[AUTOPOS] SW-A,B,4373,95,C,3356,100,D,5596,100,E,1777,95,F,4088,100,G,3889,95,H,5588,100
[AUTOPOS] SW-A,B,4368,95,C,3407,100,D,5635,100,E,1740,95,F,4063,100,G,3817,95,H,5546,100
[AUTOPOS] SW-A,B,4391,95,C,3364,100,D,5674,100,E,1793,95,F,4095,100,G,3944,95,H,5611,100
[AUTOPOS] SW-A,B,4469,95,C,3325,100,D,5584,100,E,1811,96,F,4133,100,G,3872,96,H,5642,100
[AUTOPOS] SW-A,B,4364,96,C,3381,100,D,5634,100,E,1781,96,F,4107,100,G,3918,96,H,5656,100
[AUTOPOS] SW-A,B,4401,96,C,3374,100,D,5662,100,E,1781,96,F,4113,100,G,3853,96,H,5630,100
[AUTOPOS] SW-A,B,4375,96,C,3421,100,D,5580,100,E,1761,96,F,4086,100,G,3842,96,H,5561,100
[AUTOPOS] SW-A,B,4413,96,C,3321,100,D,5628,100,E,1761,96,F,4141,100,G,3874,96,H,5554,100
[AUTOPOS] SW-A,B,4402,96,C,3356,100,D,5647,100,E,1757,93,F,4122,100,G,3894,96,H,5630,100
[AUTOPOS] SW-A,B,4384,96,C,3342,100,D,5645,100,E,1768,93,F,4148,100,G,3875,96,H,5645,100
[AUTOPOS] SW-A,B,4373,96,C,3364,100,D,5574,100,E,1778,93,F,4104,100,G,3896,96,H,5598,100
[AUTOPOS] SW-A,B,4387,96,C,3384,100,D,5644,100,E,1758,94,F,4164,100,G,3886,100,H,5654,100
[AUTOPOS] SW-A,B,4403,100,C,3426,100,D,5588,100,E,1785,94,F,4151,100,G,3849,100,H,5609,100
[AUTOPOS] SW-A,B,4364,100,C,3323,100,D,5611,100,E,1785,94,F,4103,100,G,3872,100,H,5620,100
[AUTOPOS] SW-A,B,4390,100,C,3379,100,D,5689,100,E,1781,90,F,4107,100,G,4080,100,H,5621,100
[AUTOPOS] SW-A,B,4399,100,C,3352,100,D,5676,100,E,1773,90,F,4080,100,G,3850,100,H,5644,100
[AUTOPOS] SW-A,B,4350,100,C,3353,100,D,5644,100,E,1748,90,F,4068,100,G,3951,100,H,5588,100
[AUTOPOS] SW-A,B,4318,100,C,3388,100,D,5644,100,E,1795,91,F,4103,100,G,3887,100,H,5593,100
[AUTOPOS] SW-A,B,4386,100,C,3384,100,D,5629,100,E,1788,91,F,4130,100,G,3851,100,H,5600,100
[AUTOPOS] SW-A,B,4381,100,C,3399,100,D,5675,100,E,1742,92,F,4107,100,G,3867,100,H,5640,100
[AUTOPOS] SW-A,B,4405,100,C,3307,100,D,5619,100,E,1766,92,F,4078,100,G,3991,100,H,5612,100
[AUTOPOS] SW-A,B,4394,100,C,3397,100,D,5699,100,E,1776,92,F,4065,100,G,3891,100,H,5632,100
[AUTOPOS] SW-A,B,4335,100,C,3369,100,D,5643,100,E,1761,92,F,4146,100,G,3834,100,H,5637,100
[AUTOPOS] SW-A,B,4379,100,C,3413,100,D,5651,100,E,1792,93,F,4130,100,G,3866,100,H,5636,100
[AUTOPOS] SW-A,B,4357,100,C,3350,100,D,5662,100,E,1755,93,F,4111,100,G,3875,100,H,5555,100
[AUTOPOS] SW-A,B,4360,100,C,3381,100,D,5651,100,E,1780,93,F,4111,100,G,3825,100,H,5556,100
[AUTOPOS] SW-A,B,4412,100,C,3341,100,D,5599,100,E,1788,93,F,4131,100,G,3963,100,H,5574,100
[AUTOPOS] SW-A,B,4453,100,C,3340,100,D,5610,100,E,1774,94,F,4141,100,G,3857,100,H,5557,100
[AUTOPOS] SW-A,B,4335,100,C,3350,100,D,5631,100,E,1745,94,F,4105,100,G,3855,100,H,5674,100
[AUTOPOS] SW-A,B,4388,100,C,3367,100,D,5624,100,E,1778,94,F,4091,100,G,3896,100,H,5598,100
[AUTOPOS] SW-A,B,4387,100,C,3349,100,D,5656,100,E,1737,95,F,4139,100,G,3865,100,H,5589,100
[AUTOPOS] SW-A,B,4359,100,C,3398,100,D,5627,100,E,1789,95,F,4116,100,G,3864,100,H,5608,100
[AUTOPOS] SW-A,B,4406,100,C,3414,100,D,5685,100,E,1747,95,F,4115,100,G,3903,100,H,5547,100
[AUTOPOS] SW-A,B,4374,100,C,3326,100,D,5643,100,E,1777,95,F,4109,100,G,3843,100,H,5671,100
[AUTOPOS] SW-A,B,4369,100,C,3363,100,D,5623,100,E,1738,95,F,4132,100,G,3902,100,H,5646,100
[AUTOPOS] SW-A,B,4355,100,C,3386,100,D,5651,100,E,1793,96,F,4087,100,G,3833,100,H,5620,100
[AUTOPOS] SW-A,B,4374,100,C,3315,100,D,5624,100,E,1754,96,F,4092,100,G,3877,100,H,5572,100
[AUTOPOS] SW-A,B,4375,100,C,3370,100,D,5613,100,E,1794,96,F,4049,100,G,3865,100,H,5665,100
[AUTOPOS] SW-A,B,4384,100,C,3331,100,D,5641,100,E,1767,96,F,4093,100,G,3859,100,H,5632,100
[AUTOPOS] SW-A,B,4347,100,C,3286,100,D,5647,100,E,1764,96,F,4111,100,G,3891,100,H,5672,100
[AUTOPOS] SW-A,B,4347,100,C,3392,100,D,5625,100,E,1764,96,F,4118,100,G,3864,100,H,5681,100
[AUTOPOS] SW-A,B,4372,96,C,3335,100,D,5680,100,E,1746,96,F,4101,100,G,3900,100,H,5592,100
[AUTOPOS] SW-A,B,4385,96,C,3374,100,D,5647,100,E,1767,96,F,4104,100,G,3876,100,H,5588,100
[AUTOPOS] SW-A,B,4415,96,C,3345,100,D,5627,100,E,1734,100,F,4089,100,G,3867,100,H,5575,100
[AUTOPOS] SW-A,B,4343,100,C,3315,100,D,5658,100,E,1763,100,F,4146,100,G,3887,100,H,5620,100
[AUTOPOS] SW-A,B,4370,100,C,3402,100,D,5637,100,E,1738,100,F,4123,100,G,3852,100,H,5588,100
[AUTOPOS] SW-A,B,4381,100,C,3363,100,D,5622,100,E,1775,100,F,4123,100,G,3844,100,H,5665,100
[AUTOPOS] SW-A,B,4381,100,C,3329,100,D,5669,100,E,1771,100,F,4120,100,G,3894,100,H,5655,100
[AUTOPOS] SW-A,B,4402,95,C,3226,100,D,5650,100,E,1723,100,F,4070,100,G,3839,100,H,5645,100
[AUTOPOS] SW-A,B,4336,95,C,3226,100,D,5595,100,E,1773,100,F,4116,100,G,3842,100,H,5674,100
[AUTOPOS] SW-A,B,4367,95,C,3376,95,D,5631,100,E,1786,100,F,4069,100,G,3878,100,H,5584,100
[AUTOPOS] SW-A,B,4376,95,C,3335,96,D,5690,100,E,1737,100,F,4100,100,G,3897,100,H,5550,100
[AUTOPOS] SW-A,B,4411,96,C,3372,96,D,5659,100,E,1747,100,F,4098,100,G,3930,100,H,5589,100
[AUTOPOS] SW-A,B,4350,96,C,3355,96,D,5683,100,E,1760,100,F,4092,100,G,3847,100,H,5573,100
[AUTOPOS] SW-A,B,4354,96,C,3299,96,D,5617,100,E,1777,100,F,4103,100,G,3860,100,H,5561,100
[AUTOPOS] SW-A,B,4387,96,C,3316,96,D,5634,100,E,1767,100,F,4097,100,G,3862,100,H,5617,100
[AUTOPOS] SW-A,B,4380,96,C,3354,96,D,5681,100,E,1763,100,F,4108,100,G,3841,100,H,5567,100
[AUTOPOS] SW-A,B,4391,96,C,3359,96,D,5649,100,E,1724,100,F,4065,100,G,3858,100,H,5651,100
[AUTOPOS] SW-A,B,4421,96,C,3344,96,D,5686,100,E,1762,100,F,4102,100,G,3896,100,H,5670,100
[AUTOPOS] SW-A,B,4354,96,C,3364,100,D,5617,100,E,1767,100,F,4131,100,G,3865,100,H,5649,100
[AUTOPOS] SW-A,B,4354,96,C,3338,100,D,5628,100,E,1781,100,F,4124,100,G,3879,100,H,5647,100
[AUTOPOS] SW-A,B,4377,94,C,3286,100,D,5688,100,E,1776,100,F,4106,100,G,3802,100,H,5617,100
[AUTOPOS] SW-A,B,4361,94,C,3344,100,D,5781,100,E,1739,100,F,4109,100,G,3878,100,H,5548,100
[AUTOPOS] SW-A,B,4400,95,C,3331,100,D,5634,100,E,1790,100,F,4127,100,G,3871,100,H,5598,100
[AUTOPOS] SW-A,B,4404,95,C,3355,100,D,5677,100,E,1770,100,F,4096,100,G,3915,100,H,5648,100
[AUTOPOS] SW-A,B,4359,95,C,3338,100,D,5645,100,E,1765,100,F,4106,100,G,3903,100,H,5644,100
[AUTOPOS] SW-A,B,4345,95,C,3328,100,D,5666,100,E,1799,100,F,4089,100,G,3854,100,H,5619,100
[AUTOPOS] SW-A,B,4367,95,C,3337,100,D,5639,100,E,1773,100,F,4095,100,G,3855,100,H,5618,100
[AUTOPOS] SW-A,B,4365,96,C,3357,100,D,5606,100,E,1783,100,F,4087,100,G,3894,100,H,5560,100
[AUTOPOS] SW-A,B,4382,96,C,3343,100,D,5658,100,E,1750,100,F,4138,100,G,3884,100,H,5635,100
[AUTOPOS] SW-A,B,4391,96,C,3338,100,D,5677,100,E,1768,100,F,4099,100,G,3809,100,H,5730,100
[AUTOPOS] SW-A,B,4373,96,C,3333,100,D,5618,100,E,1806,100,F,4111,100,G,3885,100,H,5617,100
[AUTOPOS] SW-A,B,4306,96,C,3294,100,D,5641,100,E,1744,100,F,4107,100,G,3915,100,H,5570,100
[AUTOPOS] SW-A,B,4317,96,C,3340,100,D,5641,100,E,1750,100,F,4094,100,G,3934,100,H,5617,100
[AUTOPOS] SW-A,B,4378,96,C,3340,100,D,5621,100,E,1778,100,F,4102,100,G,3879,100,H,5655,100
[AUTOPOS] SW-A,B,4424,96,C,3347,100,D,5715,100,E,1775,100,F,4127,100,G,3881,100,H,5646,100
[AUTOPOS] SW-A,B,4391,100,C,3323,100,D,5634,100,E,1772,100,F,4143,100,G,3888,100,H,5600,100
[AUTOPOS] SW-A,B,4352,100,C,3343,100,D,5665,100,E,1791,100,F,4096,100,G,3900,100,H,5640,100
[AUTOPOS] SW-A,B,4345,100,C,3311,100,D,5598,100,E,1774,100,F,4081,100,G,3879,100,H,5655,100
[AUTOPOS] SW-A,B,4343,100,C,3382,100,D,5671,100,E,1791,100,F,4117,100,G,3873,100,H,5572,100
[AUTOPOS] SW-A,B,4350,100,C,3454,100,D,5653,100,E,1764,100,F,4083,100,G,3888,100,H,5605,100
[AUTOPOS] SW-A,B,4397,100,C,3377,100,D,5613,100,E,1778,100,F,4072,100,G,3897,100,H,5630,100
[AUTOPOS] SW-A,B,4395,100,C,3383,100,D,5647,100,E,1793,100,F,4133,100,G,3886,100,H,5616,100
[AUTOPOS] SW-A,B,4373,100,C,3373,100,D,5620,100,E,1813,100,F,4108,100,G,3933,100,H,5684,100
[AUTOPOS] SW-A,B,4397,100,C,3378,100,D,5621,100,E,1776,100,F,4126,100,G,3825,100,H,5569,100
[AUTOPOS] SW-A,B,4376,100,C,3416,100,D,5629,100,E,1794,100,F,4115,100,G,3863,100,H,5544,100
[AUTOPOS] SW-A,B,4351,100,C,3289,100,D,5682,100,E,1752,100,F,4095,100,G,3867,100,H,5514,100
[AUTOPOS] SW-A,B,4377,100,C,3322,100,D,5660,100,E,1817,100,F,4098,100,G,3874,100,H,5561,100
[AUTOPOS] SW-A,B,4391,100,C,3418,100,D,5600,100,E,1784,100,F,4103,100,G,3873,100,H,5640,100
[AUTOPOS] SW-A,B,4373,100,C,3371,100,D,5719,100,E,1783,100,F,4120,100,G,3908,100,H,5643,100
[AUTOPOS] SW-A,B,4375,100,C,3341,100,D,5632,100,E,1737,100,F,4060,100,G,3852,100,H,5630,100
[AUTOPOS] SW-A,B,4346,100,C,3324,100,D,5681,100,E,1777,100,F,4092,100,G,3846,100,H,5653,100
[AUTOPOS] SW-A,B,4356,100,C,3301,100,D,5656,100,E,1793,100,F,4084,100,G,3855,100,H,5575,100
[AUTOPOS] SW-A,B,4423,100,C,3373,100,D,5681,100,E,1798,100,F,4116,100,G,3872,100,H,5579,100
[AUTOPOS] SW-A,B,4399,100,C,3372,100,D,5620,100,E,1784,100,F,4126,100,G,3897,100,H,5604,100
[AUTOPOS] SW-A,B,4348,100,C,3394,100,D,5650,100,E,1763,100,F,4103,100,G,3889,100,H,5633,100
[AUTOPOS] SW-A,B,4362,100,C,3357,100,D,5700,100,E,1766,100,F,4103,100,G,3818,100,H,5573,100
[AUTOPOS] SW-A,B,4368,100,C,3357,100,D,5618,100,E,1763,100,F,4072,100,G,3897,100,H,5657,100
[AUTOPOS] SW-A,B,4384,100,C,3411,100,D,5627,100,E,1740,100,F,4077,100,G,3875,100,H,5600,100
[AUTOPOS] SW-A,B,4359,100,C,3381,100,D,5609,100,E,1793,100,F,4111,100,G,3857,100,H,5652,100
[AUTOPOS] SW-A,B,4366,100,C,3396,100,D,5609,100,E,1757,100,F,4114,100,G,3839,100,H,5580,100
[AUTOPOS] SW-A,B,4376,100,C,3324,100,D,5607,96,E,1768,100,F,4111,100,G,3905,100,H,5627,100
[AUTOPOS] SW-A,B,4382,100,C,3319,100,D,5619,96,E,1734,100,F,4127,100,G,3871,100,H,5646,100
[AUTOPOS] SW-A,B,4354,100,C,3354,100,D,5594,96,E,1785,100,F,4077,100,G,3863,100,H,5607,100
[AUTOPOS] SW-A,B,4322,100,C,3337,100,D,5651,96,E,1778,100,F,4117,100,G,3893,100,H,5662,100
[AUTOPOS] SW-A,B,4349,100,C,3315,100,D,5678,96,E,1787,100,F,4091,100,G,3876,100,H,5630,100
[AUTOPOS] SW-A,B,4382,100,C,3361,100,D,5677,96,E,1782,100,F,4097,100,G,3887,100,H,5663,100
[AUTOPOS] SW-A,B,4365,100,C,3382,100,D,5656,100,E,1782,100,F,4120,100,G,3838,100,H,5648,100
[AUTOPOS] SW-A,B,4344,100,C,3342,100,D,5644,100,E,1786,94,F,4102,100,G,3894,100,H,5521,100
[AUTOPOS] SW-A,B,4361,100,C,3320,100,D,5610,100,E,1740,94,F,4112,100,G,3891,100,H,5639,100
[AUTOPOS] SW-A,B,4338,100,C,3360,100,D,5642,100,E,1717,95,F,4127,100,G,3871,100,H,5585,100
[AUTOPOS] SW-A,B,4378,100,C,3339,100,D,5646,100,E,1747,95,F,4107,100,G,3889,100,H,5702,100
[AUTOPOS] SW-A,B,4395,100,C,3345,100,D,5683,100,E,1782,95,F,4113,100,G,3870,100,H,5620,100
[AUTOPOS] SW-A,B,4362,100,C,3344,100,D,5649,100,E,1768,95,F,4107,100,G,3872,100,H,5689,100
[AUTOPOS] SW-A,B,4350,100,C,3359,100,D,5643,100,E,1772,95,F,4106,100,G,3907,100,H,5612,100
[AUTOPOS] SW-A,B,4350,100,C,3390,100,D,5652,100,E,1806,96,F,4050,100,G,3835,100,H,5630,100
[AUTOPOS] SW-A,B,4410,100,C,3450,100,D,5624,100,E,1761,96,F,4135,100,G,3902,100,H,5657,100
[AUTOPOS] SW-A,B,4419,100,C,3289,100,D,5637,100,E,1759,96,F,4135,100,G,3864,100,H,5634,100
[AUTOPOS] SW-A,B,4373,100,C,3341,100,D,5641,100,E,1781,96,F,4090,100,G,3900,100,H,5631,100
[AUTOPOS] SW-A,B,4406,100,C,3393,100,D,5685,100,E,1727,96,F,4111,100,G,3856,100,H,5615,100
[AUTOPOS] SW-A,B,4371,100,C,3356,100,D,5605,100,E,1779,96,F,4104,100,G,3816,100,H,5682,100
[AUTOPOS] SW-A,B,4403,100,C,3342,100,D,5630,100,E,1775,96,F,4134,100,G,3871,100,H,5614,100
[AUTOPOS] SW-A,B,4403,100,C,3359,100,D,5602,100,E,1770,96,F,4090,100,G,3858,100,H,5618,100
[AUTOPOS] SW-A,B,4403,100,C,3314,100,D,5672,100,E,1725,100,F,4049,100,G,3832,100,H,5632,100
[AUTOPOS] SW-A,B,4346,100,C,3339,100,D,5624,100,E,1764,100,F,4126,100,G,3819,100,H,5641,100
[AUTOPOS] SW-A,B,4367,100,C,3339,100,D,5611,100,E,1774,100,F,4134,100,G,3874,100,H,5624,100
[AUTOPOS] SW-A,B,4408,100,C,3367,95,D,5604,100,E,1746,100,F,4088,100,G,3866,100,H,5566,100
[AUTOPOS] SW-A,B,4408,100,C,3333,95,D,5599,100,E,1798,100,F,4133,100,G,3835,100,H,5650,100
[AUTOPOS] SW-A,B,4403,100,C,3351,95,D,5653,100,E,1783,100,F,4110,100,G,3892,100,H,5664,100
[AUTOPOS] SW-A,B,4334,100,C,3341,95,D,5657,100,E,1767,100,F,4071,100,G,3858,100,H,5551,100
[AUTOPOS] SW-A,B,4354,100,C,3387,95,D,5630,100,E,1750,100,F,4132,100,G,3881,100,H,5620,100
[AUTOPOS] SW-A,B,4415,100,C,3390,96,D,5662,100,E,1795,100,F,4108,100,G,3827,100,H,5610,100
[AUTOPOS] SW-A,B,4412,100,C,3313,96,D,5631,100,E,1795,100,F,4093,100,G,3867,100,H,5640,100
[AUTOPOS] SW-A,B,4331,100,C,3357,96,D,5644,100,E,1796,96,F,4147,100,G,3875,100,H,5513,100
[AUTOPOS] SW-A,B,4374,100,C,3371,96,D,5635,100,E,1781,96,F,4078,100,G,3877,100,H,5766,100
[AUTOPOS] SW-A,B,4419,100,C,3333,96,D,5607,100,E,1796,96,F,4094,100,G,3877,100,H,5602,100
[AUTOPOS] SW-A,B,4341,100,C,3328,96,D,5672,100,E,1773,96,F,4114,100,G,3842,100,H,5594,100
[AUTOPOS] SW-A,B,4394,100,C,3335,96,D,5681,100,E,1768,96,F,4120,100,G,3880,100,H,5603,100
[AUTOPOS] SW-A,B,4415,100,C,3324,96,D,5609,100,E,1812,96,F,4108,100,G,3878,100,H,5580,100
[AUTOPOS] SW-A,B,4360,100,C,3299,100,D,5674,100,E,1800,100,F,4134,100,G,3831,100,H,5544,100
[AUTOPOS] SW-A,B,4402,100,C,3313,100,D,5631,100,E,1787,100,F,4107,100,G,3881,100,H,5589,100
[AUTOPOS] SW-A,B,4416,100,C,3294,100,D,5609,100,E,1760,100,F,4102,100,G,3866,100,H,5687,100
[AUTOPOS] SW-A,B,4343,100,C,3342,100,D,5621,100,E,1811,100,F,4155,100,G,3920,100,H,5667,100
[AUTOPOS] SW-A,B,4343,100,C,3403,100,D,5617,100,E,1792,100,F,4145,100,G,3883,100,H,5679,100
[AUTOPOS] SW-A,B,4344,100,C,3498,100,D,5558,100,E,1806,100,F,4117,100,G,3876,100,H,5618,100
[AUTOPOS] SW-A,B,4342,100,C,3308,100,D,5593,100,E,1815,100,F,4098,100,G,3847,100,H,5587,100
[AUTOPOS] SW-A,B,4391,100,C,3319,100,D,5647,100,E,1770,100,F,4114,100,G,3889,100,H,5552,100
[AUTOPOS] SW-A,B,4388,100,C,3339,100,D,5618,100,E,1783,100,F,4200,100,G,3861,100,H,5654,100
[AUTOPOS] SW-A,B,4347,100,C,3377,100,D,5630,100,E,1785,100,F,4162,100,G,3907,100,H,5631,100
[AUTOPOS] SW-A,B,4316,100,C,3323,100,D,5658,100,E,1777,100,F,4114,100,G,3916,100,H,5590,100
[AUTOPOS] SW-A,B,4349,100,C,3331,100,D,5593,100,E,1808,100,F,4167,100,G,3889,100,H,5598,100
[AUTOPOS] SW-A,B,4384,100,C,3326,100,D,5624,100,E,1808,100,F,4135,100,G,3873,100,H,5593,100
[AUTOPOS] SW-A,B,4403,100,C,3407,100,D,5682,100,E,1810,96,F,4135,100,G,3857,100,H,5567,100
[AUTOPOS] SW-A,B,4379,100,C,3344,100,D,5652,100,E,1776,96,F,4086,96,G,3826,100,H,5656,100
[AUTOPOS] SW-A,B,4351,100,C,3425,100,D,5641,100,E,1798,96,F,4129,96,G,3885,100,H,5636,100
[AUTOPOS] SW-A,B,4300,100,C,3359,100,D,5661,100,E,1775,100,F,4093,100,G,3833,100,H,5617,100
[AUTOPOS] SW-A,B,4324,100,C,3347,100,D,5578,100,E,1795,100,F,4130,100,G,3852,100,H,5583,100
[AUTOPOS] SW-A,B,4356,100,C,3352,100,D,5648,100,E,1811,100,F,4147,100,G,3890,100,H,5611,100
[AUTOPOS] SW-A,B,4359,100,C,3354,100,D,5669,100,E,1799,100,F,4129,100,G,3855,100,H,5627,100
[AUTOPOS] SW-A,B,4392,100,C,3318,100,D,5600,100,E,1775,100,F,4100,100,G,3855,100,H,5578,100
[AUTOPOS] SW-A,B,4383,100,C,3350,100,D,5603,100,E,1781,100,F,4118,100,G,3880,95,H,5596,100
[AUTOPOS] SW-A,B,4356,100,C,3385,100,D,5676,100,E,1743,100,F,4179,100,G,3856,95,H,5622,100
[AUTOPOS] SW-A,B,4356,100,C,3378,100,D,5651,100,E,1795,100,F,4165,100,G,3849,95,H,5644,100
[AUTOPOS] SW-A,B,4394,100,C,3302,100,D,5611,100,E,1746,100,F,4072,100,G,3895,96,H,5571,100
[AUTOPOS] SW-A,B,4397,100,C,3352,100,D,5598,100,E,1765,100,F,4126,100,G,3887,96,H,5704,100
[AUTOPOS] SW-A,B,4442,100,C,3375,100,D,5601,100,E,1753,100,F,4110,100,G,3976,96,H,5667,100
[AUTOPOS] SW-A,B,4344,100,C,3356,100,D,5627,100,E,1780,100,F,4080,100,G,3889,96,H,5641,100
[AUTOPOS] SW-A,B,4384,100,C,3384,100,D,5592,100,E,1755,100,F,4055,100,G,3854,96,H,5615,100
[AUTOPOS] SW-A,B,4384,100,C,3344,100,D,5634,100,E,1774,100,F,4110,100,G,3882,96,H,5679,100
[AUTOPOS] SW-A,B,4446,96,C,3333,100,D,5631,100,E,1776,100,F,4129,100,G,3881,96,H,5680,100
[AUTOPOS] SW-A,B,4419,96,C,3318,100,D,5619,100,E,1788,100,F,4111,100,G,3866,96,H,5620,100
[AUTOPOS] SW-A,B,4355,96,C,3361,100,D,5618,100,E,1762,100,F,4098,100,G,3858,100,H,5629,100
[AUTOPOS] SW-A,B,4365,100,C,3381,100,D,5618,100,E,1774,100,F,4103,100,G,3846,100,H,5641,100
[AUTOPOS] SW-A,B,4393,100,C,3382,100,D,5642,100,E,1773,100,F,4106,100,G,3834,100,H,5644,100
[AUTOPOS] SW-A,B,4335,100,C,3330,100,D,5667,100,E,1760,100,F,4089,100,G,3920,100,H,5586,100
[AUTOPOS] SW-A,B,4366,100,C,3285,100,D,5652,100,E,1738,100,F,4098,100,G,3862,100,H,5606,100
[AUTOPOS] SW-A,B,4410,100,C,3367,100,D,5717,100,E,1774,100,F,4109,100,G,3927,100,H,5552,100
[AUTOPOS] SW-A,B,4362,100,C,3328,100,D,5635,100,E,1800,100,F,4128,100,G,3905,100,H,5615,100
[AUTOPOS] SW-A,B,4383,100,C,3400,100,D,5665,100,E,1790,100,F,4122,100,G,3905,100,H,5640,100
[AUTOPOS] SW-A,B,4356,100,C,3377,100,D,5639,100,E,1816,100,F,4124,100,G,3863,96,H,5647,100
[AUTOPOS] SW-A,B,4378,100,C,3365,100,D,5605,100,E,1783,100,F,4130,100,G,3884,96,H,5653,100
[AUTOPOS] SW-A,B,4383,100,C,3354,100,D,5636,100,E,1759,100,F,4083,100,G,3889,96,H,5574,100
[AUTOPOS] SW-A,B,4397,100,C,3320,100,D,5617,100,E,1778,100,F,4083,100,G,3855,96,H,5674,100
[AUTOPOS] SW-A,B,4385,100,C,3339,100,D,5622,100,E,1785,100,F,4094,100,G,3916,96,H,5611,100
[AUTOPOS] SW-A,B,4372,100,C,3375,100,D,5663,100,E,1761,100,F,4079,100,G,3899,96,H,5663,100
[AUTOPOS] SW-A,B,4407,100,C,3353,100,D,5636,100,E,1784,100,F,4058,100,G,3859,96,H,5623,100
[AUTOPOS] SW-A,B,4392,100,C,3357,100,D,5700,100,E,1820,100,F,4111,100,G,3845,96,H,5604,100
[AUTOPOS] SW-A,B,4392,100,C,3320,100,D,5610,100,E,1723,100,F,4122,100,G,3943,100,H,5613,100
[AUTOPOS] SW-A,B,4387,100,C,3372,100,D,5629,100,E,1796,100,F,4107,100,G,3863,100,H,5584,100
[AUTOPOS] SW-A,B,4405,100,C,3302,100,D,5621,100,E,1809,100,F,4096,100,G,3871,100,H,5665,100
[AUTOPOS] SW-A,B,4379,100,C,3348,100,D,5665,100,E,1785,100,F,4133,100,G,3909,100,H,5634,100
[AUTOPOS] SW-A,B,4368,100,C,3407,100,D,5601,100,E,1756,100,F,4083,100,G,3849,100,H,5598,100
[AUTOPOS] SW-A,B,4376,100,C,3298,100,D,5621,100,E,1785,100,F,4117,100,G,3829,100,H,5546,100
[AUTOPOS] SW-A,B,4339,100,C,3307,100,D,5616,100,E,1793,100,F,4088,100,G,3879,100,H,5614,100
[AUTOPOS] SW-A,B,4347,100,C,3368,100,D,5653,100,E,1780,100,F,4096,100,G,3883,100,H,5630,100
[AUTOPOS] SW-A,B,4369,100,C,3516,100,D,5665,100,E,1800,100,F,4076,100,G,3874,100,H,5584,100
[AUTOPOS] SW-A,B,4402,100,C,3356,100,D,5600,100,E,1769,100,F,4126,100,G,3829,100,H,5650,100
[AUTOPOS] SW-A,B,4385,100,C,3361,100,D,5590,100,E,1795,100,F,4110,100,G,3880,100,H,5638,100
[AUTOPOS] SW-A,B,4380,100,C,3339,100,D,5657,100,E,1773,100,F,4092,100,G,3874,100,H,5597,100
[AUTOPOS] SW-A,B,4352,100,C,3389,100,D,5590,100,E,1745,100,F,4115,100,G,3902,100,H,5629,100
[AUTOPOS] SW-A,B,4326,100,C,3389,100,D,5622,100,E,1809,100,F,4168,100,G,3852,100,H,5602,100
[AUTOPOS] SW-A,B,4391,100,C,3383,100,D,5666,100,E,1764,100,F,4059,100,G,3922,100,H,5635,100
[AUTOPOS] SW-A,B,4370,100,C,3325,100,D,5666,100,E,1780,100,F,4100,100,G,3857,100,H,5662,100
[AUTOPOS] SW-A,B,4353,100,C,3361,100,D,5569,100,E,1737,100,F,4114,100,G,3852,100,H,5635,100
[AUTOPOS] SW-A,B,4369,100,C,3344,100,D,5648,100,E,1749,100,F,4069,100,G,3896,100,H,5612,100
[AUTOPOS] SW-A,B,4434,100,C,3393,100,D,5638,100,E,1811,100,F,4083,100,G,3844,100,H,5582,100
[AUTOPOS] SW-A,B,4434,100,C,3344,100,D,5680,100,E,1799,100,F,4126,100,G,3863,100,H,5637,100
[AUTOPOS] SW-A,B,4393,95,C,3366,100,D,5680,100,E,1777,100,F,4142,100,G,3914,100,H,5580,100
[AUTOPOS] SW-A,B,4378,95,C,3366,100,D,5636,100,E,1800,100,F,4104,100,G,3888,100,H,5645,100
[AUTOPOS] SW-A,B,4363,95,C,3360,95,D,5643,100,E,1753,100,F,4133,100,G,3845,100,H,5655,100
[AUTOPOS] SW-A,B,4388,95,C,3317,95,D,5653,100,E,1789,100,F,4070,100,G,3823,100,H,5551,100
[AUTOPOS] SW-A,B,4378,95,C,3386,96,D,5695,100,E,1763,100,F,4099,100,G,3845,100,H,5608,100
[AUTOPOS] SW-A,B,4376,96,C,3421,96,D,5644,100,E,1812,100,F,4098,100,G,3911,100,H,5627,100
[AUTOPOS] SW-A,B,4338,96,C,3314,96,D,5590,100,E,1786,100,F,4093,100,G,3855,100,H,5584,100
[AUTOPOS] SW-A,B,4379,96,C,3383,96,D,5645,100,E,1750,100,F,4098,100,G,3837,100,H,5633,100
[AUTOPOS] SW-A,B,4374,96,C,3342,96,D,5656,100,E,1787,100,F,4082,100,G,3804,100,H,5629,100
[AUTOPOS] SW-A,B,4357,96,C,3318,96,D,5633,100,E,1772,100,F,4074,100,G,3868,100,H,5602,100
[AUTOPOS] SW-A,B,4365,96,C,3337,96,D,5591,100,E,1797,100,F,4123,100,G,3868,100,H,5654,100
[AUTOPOS] SW-A,B,4356,96,C,3337,96,D,5644,100,E,1807,100,F,4112,100,G,3852,100,H,5608,100
[AUTOPOS] SW-A,B,4370,96,C,3346,100,D,5612,100,E,1743,100,F,4118,100,G,3902,100,H,5617,100
[AUTOPOS] SW-A,B,4370,96,C,3316,100,D,5628,100,E,1790,100,F,4115,100,G,3802,100,H,5630,100
[AUTOPOS] SW-A,B,4341,94,C,3343,100,D,5643,100,E,1758,100,F,4120,100,G,3876,100,H,5696,100
[AUTOPOS] SW-A,B,4382,94,C,3366,100,D,5649,100,E,1750,100,F,4097,100,G,3886,100,H,5627,100
[AUTOPOS] SW-A,B,4348,95,C,3322,100,D,5658,100,E,1762,100,F,4112,100,G,3836,100,H,5670,100
[AUTOPOS] SW-A,B,4385,95,C,3372,100,D,5607,100,E,1762,100,F,4088,100,G,3911,100,H,5688,100
[AUTOPOS] SW-A,B,4382,95,C,3362,100,D,5628,100,E,1793,100,F,4120,100,G,3886,100,H,5601,100
[AUTOPOS] SW-A,B,4420,95,C,3362,100,D,5614,100,E,1768,100,F,4109,100,G,3885,100,H,5593,100
[AUTOPOS] SW-A,B,4425,95,C,3388,100,D,5710,100,E,1778,100,F,4089,100,G,3902,100,H,5585,100
[AUTOPOS] SW-A,B,4358,96,C,3337,100,D,5687,100,E,1769,100,F,4108,100,G,3902,100,H,5586,100
[AUTOPOS] SW-A,B,4368,96,C,3358,100,D,5645,100,E,1776,100,F,4106,100,G,3902,100,H,5543,100
[AUTOPOS] SW-A,B,4370,96,C,3253,100,D,5617,100,E,1741,100,F,4107,100,G,3867,92,H,5553,100
[AUTOPOS] SW-A,B,4374,96,C,3339,100,D,5628,100,E,1765,100,F,4137,100,G,3858,93,H,5634,100
[AUTOPOS] SW-A,B,4352,96,C,3421,100,D,5615,100,E,1779,100,F,4081,100,G,3844,93,H,5620,100
[AUTOPOS] SW-A,B,4386,96,C,3354,100,D,5662,100,E,1761,100,F,4098,100,G,3832,93,H,5645,100
[AUTOPOS] SW-A,B,4391,96,C,3325,100,D,5645,100,E,1784,100,F,4103,100,G,3861,93,H,5612,100
[AUTOPOS] SW-A,B,4378,96,C,3324,100,D,5630,100,E,1772,100,F,4104,100,G,3806,94,H,5625,100
[AUTOPOS] SW-A,B,4361,100,C,3325,100,D,5694,100,E,1795,100,F,4076,100,G,3911,94,H,5586,100
[AUTOPOS] SW-A,B,4326,100,C,3319,100,D,5660,100,E,1778,100,F,4124,100,G,3941,94,H,5638,100
[AUTOPOS] SW-A,B,4368,100,C,3409,100,D,5699,100,E,1804,100,F,4111,100,G,3863,95,H,5652,100
[AUTOPOS] SW-A,B,4368,100,C,3365,100,D,5622,100,E,1776,100,F,4099,100,G,3905,95,H,5579,100
[AUTOPOS] SW-A,B,4387,95,C,3360,100,D,5649,100,E,1780,100,F,4093,100,G,3839,95,H,5566,100
[AUTOPOS] SW-A,B,4355,95,C,3375,100,D,5623,100,E,1746,100,F,4109,100,G,3900,95,H,5646,100
[AUTOPOS] SW-A,B,4432,95,C,3343,100,D,5694,100,E,1779,100,F,4124,100,G,3855,95,H,5622,100
[AUTOPOS] SW-A,B,4382,95,C,3353,100,D,5630,100,E,1773,100,F,4090,100,G,3881,96,H,5645,100
[AUTOPOS] SW-A,B,4427,96,C,3368,100,D,5680,100,E,1801,100,F,4075,100,G,3851,96,H,5662,100
[AUTOPOS] SW-A,B,4360,96,C,3355,100,D,5679,100,E,1773,100,F,4124,100,G,3846,96,H,5630,100
[AUTOPOS] SW-A,B,4352,96,C,3339,100,D,5679,100,E,1761,100,F,4106,100,G,3901,96,H,5643,100
[AUTOPOS] SW-A,B,4355,96,C,3375,100,D,5627,96,E,1792,100,F,4131,100,G,3815,96,H,5684,100
[AUTOPOS] SW-A,B,4424,96,C,3314,100,D,5577,96,E,1792,100,F,4117,100,G,3815,96,H,5501,100
[AUTOPOS] SW-A,B,4396,96,C,3334,100,D,5666,96,E,1773,100,F,4132,100,G,3818,93,H,5606,100
[AUTOPOS] SW-A,B,4367,96,C,3356,100,D,5660,96,E,1736,100,F,4113,100,G,3862,93,H,5614,100
[AUTOPOS] SW-A,B,4355,96,C,3379,100,D,5642,100,E,1756,100,F,4117,100,G,3859,94,H,5625,100
[AUTOPOS] SW-A,B,4374,100,C,3346,100,D,5641,100,E,1746,100,F,4128,100,G,3877,94,H,5538,100
[AUTOPOS] SW-A,B,4433,100,C,3328,100,D,5604,100,E,1743,100,F,4092,100,G,3888,94,H,5643,100
[AUTOPOS] SW-A,B,4416,100,C,3432,100,D,5613,100,E,1755,100,F,4081,100,G,3882,95,H,5620,100
[AUTOPOS] SW-A,B,4403,100,C,3396,100,D,5638,100,E,1786,100,F,4085,100,G,3871,95,H,5646,100
[AUTOPOS] SW-A,B,4403,100,C,3351,100,D,5697,100,E,1751,100,F,4092,100,G,3889,95,H,5609,100
[AUTOPOS] SW-A,B,4368,95,C,3385,100,D,5618,100,E,1791,100,F,4107,100,G,3868,95,H,5622,100
[AUTOPOS] SW-A,B,4350,91,C,3295,100,D,5641,100,E,1745,100,F,4112,100,G,3907,95,H,5562,100
[AUTOPOS] SW-A,B,4416,92,C,3365,100,D,5689,100,E,1776,100,F,4112,100,G,3893,96,H,5644,100
[AUTOPOS] SW-A,B,4361,92,C,3312,100,D,5704,100,E,1772,100,F,4089,100,G,3863,96,H,5633,100
[AUTOPOS] SW-A,B,4360,92,C,3406,100,D,5619,100,E,1763,100,F,4063,100,G,3902,96,H,5616,100
[AUTOPOS] SW-A,B,4398,92,C,3404,100,D,5646,100,E,1820,100,F,4105,100,G,3886,96,H,5623,100
[AUTOPOS] SW-A,B,4357,93,C,3387,100,D,5651,100,E,1817,100,F,4102,100,G,3897,96,H,5632,100
[AUTOPOS] SW-A,B,4355,93,C,3369,100,D,5651,100,E,1762,100,F,4096,100,G,3920,96,H,5575,100
[AUTOPOS] SW-A,B,4373,93,C,3369,100,D,46052,100,E,1741,100,F,4120,100,G,3856,96,H,5566,100
[AUTOPOS] SW-A,B,4400,93,C,3428,96,D,5747,100,E,1772,100,F,4116,100,G,3863,96,H,5547,100
[AUTOPOS] SW-A,B,4403,94,C,3385,100,D,5635,100,E,1779,100,F,4096,100,G,3841,100,H,5595,100
[AUTOPOS] SW-A,B,4346,94,C,3361,100,D,5662,100,E,1800,100,F,4089,100,G,3915,100,H,5640,100
[AUTOPOS] SW-A,B,4381,94,C,3358,100,D,5635,100,E,1756,100,F,4068,100,G,3832,100,H,5612,100
[AUTOPOS] SW-A,B,4360,95,C,3399,100,D,5633,100,E,1750,100,F,4109,100,G,3888,100,H,5575,100
[AUTOPOS] SW-A,B,4383,95,C,3349,100,D,5641,100,E,1810,100,F,4106,100,G,3906,100,H,5530,100
[AUTOPOS] SW-A,B,4447,95,C,3353,100,D,5608,100,E,1786,100,F,4108,100,G,3872,100,H,5625,100
[AUTOPOS] SW-A,B,4416,95,C,3321,100,D,5582,100,E,1762,100,F,4152,100,G,3892,100,H,5651,100
[AUTOPOS] SW-A,B,4404,95,C,3321,100,D,5662,100,E,1792,100,F,4157,100,G,3943,100,H,5609,100
[AUTOPOS] SW-A,B,4372,96,C,3380,96,D,5609,100,E,1787,100,F,4148,100,G,3857,100,H,5568,100
[AUTOPOS] SW-A,B,4377,96,C,3354,96,D,5645,100,E,1799,100,F,4126,100,G,3918,100,H,5606,100
[AUTOPOS] SW-A,B,4350,96,C,3327,96,D,5601,100,E,1782,100,F,4126,100,G,3919,100,H,5576,100
[AUTOPOS] SW-A,B,4453,96,C,3453,96,D,5642,100,E,1794,100,F,4116,100,G,3820,100,H,5513,100
[AUTOPOS] SW-A,B,4430,96,C,3319,96,D,5598,100,E,1776,100,F,4069,100,G,3830,100,H,5618,100
[AUTOPOS] SW-A,B,4365,96,C,3322,96,D,5647,100,E,1767,100,F,4097,100,G,3935,100,H,5594,100
[AUTOPOS] SW-A,B,4389,96,C,3386,96,D,5633,100,E,1800,100,F,4123,100,G,3829,100,H,5552,100
[AUTOPOS] SW-A,B,4445,96,C,3366,96,D,5636,100,E,1763,100,F,4052,100,G,3856,100,H,5623,100
[AUTOPOS] SW-A,B,4372,100,C,3371,100,D,5617,100,E,1775,100,F,4138,100,G,3874,100,H,5622,100
[AUTOPOS] SW-A,B,4385,100,C,3367,100,D,5648,100,E,1789,100,F,4077,100,G,3848,100,H,5594,100
[AUTOPOS] SW-A,B,4357,100,C,3348,100,D,5638,100,E,1794,100,F,4133,100,G,3895,100,H,5585,100
[AUTOPOS] SW-A,B,4377,100,C,3371,100,D,5603,100,E,1789,100,F,4076,100,G,3925,100,H,5652,100
[AUTOPOS] SW-A,B,4422,100,C,3379,100,D,5663,100,E,1801,100,F,4120,100,G,3917,100,H,5557,100
[AUTOPOS] SW-A,B,4388,100,C,3369,100,D,5654,100,E,1802,100,F,4150,100,G,3897,100,H,5562,100
[AUTOPOS] SW-A,B,4385,100,C,3274,100,D,5679,100,E,1765,100,F,4082,100,G,3855,100,H,5561,100
[AUTOPOS] SW-A,B,4397,100,C,3400,100,D,5684,100,E,1811,100,F,4078,100,G,3918,100,H,5642,100
[AUTOPOS] SW-A,B,4361,100,C,3379,100,D,5625,100,E,1790,100,F,4094,100,G,3877,100,H,5617,100
[AUTOPOS] SW-A,B,4375,100,C,3378,100,D,5662,100,E,1772,100,F,4137,100,G,3861,100,H,5613,100
[AUTOPOS] SW-A,B,4375,100,C,3352,100,D,5673,100,E,1749,100,F,4098,100,G,3870,100,H,5611,100
[AUTOPOS] SW-A,B,4384,100,C,3357,100,D,5610,100,E,1761,100,F,4090,100,G,3885,100,H,5590,100
[AUTOPOS] SW-A,B,4378,100,C,3358,100,D,5594,100,E,1756,100,F,4083,100,G,3867,100,H,5691,100
[AUTOPOS] SW-A,B,4403,100,C,3289,100,D,5653,100,E,1784,100,F,4091,100,G,3900,100,H,5552,100
[AUTOPOS] SW-A,B,4446,100,C,3289,100,D,5615,100,E,1785,100,F,4125,100,G,3820,100,H,5609,100
[AUTOPOS] SW-A,B,4383,100,C,3398,96,D,5587,100,E,1748,100,F,4086,100,G,3889,100,H,5617,100
[AUTOPOS] SW-A,B,4421,100,C,3350,100,D,5621,100,E,1780,100,F,4098,100,G,3901,100,H,5639,100
[AUTOPOS] SW-A,B,4388,100,C,3356,100,D,5662,100,E,1797,100,F,4088,100,G,3852,100,H,5619,100
[AUTOPOS] SW-A,B,4378,100,C,3331,100,D,5650,100,E,1806,100,F,4109,100,G,3884,100,H,5625,100
[AUTOPOS] SW-A,B,4385,100,C,3363,100,D,5634,100,E,1759,100,F,4076,100,G,3857,100,H,5599,100
[AUTOPOS] SW-A,B,4418,100,C,3421,100,D,5637,100,E,1806,100,F,4128,100,G,3891,100,H,5603,100
[AUTOPOS] SW-A,B,4386,100,C,3364,100,D,5697,100,E,1772,100,F,4120,100,G,3836,100,H,5663,100
[AUTOPOS] SW-A,B,4370,100,C,3351,100,D,5640,100,E,1761,100,F,4090,100,G,3936,100,H,5623,100
[AUTOPOS] SW-A,B,4383,100,C,3371,100,D,5632,100,E,1820,100,F,4129,100,G,3873,100,H,5637,100
[AUTOPOS] SW-A,B,4428,100,C,3339,100,D,5672,100,E,1804,100,F,4119,100,G,3864,100,H,5668,100
[AUTOPOS] SW-A,B,4351,100,C,3305,100,D,5638,100,E,1773,100,F,4124,100,G,3879,100,H,5622,100
[AUTOPOS] SW-A,B,4366,100,C,3323,100,D,5685,100,E,1821,100,F,4099,100,G,3832,100,H,5584,100
[AUTOPOS] SW-A,B,4360,100,C,3395,100,D,5685,100,E,1743,100,F,4137,100,G,3824,100,H,5628,100
[AUTOPOS] SW-A,B,4386,100,C,3355,100,D,5686,96,E,1794,100,F,4141,100,G,3874,100,H,5629,100
[AUTOPOS] SW-A,B,4417,100,C,3397,100,D,5633,96,E,1746,100,F,4107,100,G,3874,100,H,5595,100
[AUTOPOS] SW-A,B,4380,100,C,3412,100,D,5654,96,E,1781,100,F,4150,100,G,3843,96,H,5641,100
[AUTOPOS] SW-A,B,4413,100,C,3350,100,D,5609,96,E,1815,100,F,4113,100,G,3867,96,H,5644,100
[AUTOPOS] SW-A,B,4323,100,C,3355,100,D,5651,100,E,1805,100,F,4106,100,G,3875,100,H,5611,100
[AUTOPOS] SW-A,B,4399,100,C,3401,100,D,5647,100,E,1807,100,F,4096,100,G,3849,100,H,5641,100
[AUTOPOS] SW-A,B,4414,100,C,3375,100,D,5619,100,E,1773,100,F,4123,100,G,3878,100,H,5648,100
[AUTOPOS] SW-A,B,4445,100,C,3343,100,D,5629,100,E,1792,100,F,4117,100,G,3902,100,H,5582,100
[AUTOPOS] SW-A,B,4368,100,C,3296,100,D,5660,100,E,1780,100,F,4101,100,G,3924,100,H,5690,100
[AUTOPOS] SW-A,B,4393,100,C,3356,100,D,5662,100,E,1761,100,F,4109,100,G,3895,100,H,5612,100
[AUTOPOS] SW-A,B,4393,100,C,3356,100,D,5687,100,E,1805,100,F,4086,100,G,3806,100,H,5608,100
[AUTOPOS] SW-A,B,4421,100,C,3340,100,D,5662,100,E,1770,100,F,4088,100,G,3892,100,H,5647,100
[AUTOPOS] SW-A,B,4391,100,C,3313,100,D,5596,100,E,1783,100,F,4094,100,G,3889,100,H,5644,100
[AUTOPOS] SW-A,B,4365,100,C,3369,100,D,5669,100,E,1791,100,F,4128,100,G,3885,100,H,5570,100
[AUTOPOS] SW-A,B,4384,100,C,3315,100,D,5661,100,E,1746,100,F,4105,100,G,3857,100,H,5722,100
[AUTOPOS] SW-A,B,4359,100,C,3384,100,D,5634,100,E,1780,100,F,4141,100,G,3834,100,H,5669,100
[AUTOPOS] SW-A,B,4384,100,C,3338,100,D,5591,100,E,1818,100,F,4103,100,G,3888,100,H,5635,100
[AUTOPOS] SW-A,B,4372,100,C,3359,100,D,5705,100,E,1784,100,F,4099,100,G,3867,100,H,5661,100
[AUTOPOS] SW-A,B,4360,100,C,3405,100,D,5600,100,E,1791,100,F,4101,100,G,3872,100,H,5677,100
[AUTOPOS] SW-A,B,4362,100,C,3371,100,D,5668,100,E,1796,100,F,4101,100,G,3886,100,H,5670,100
[AUTOPOS] SW-A,B,4412,100,C,3406,100,D,5642,100,E,1751,100,F,4096,100,G,3838,100,H,5571,100
[AUTOPOS] SW-A,B,4364,100,C,3359,100,D,5634,100,E,1807,100,F,4093,100,G,3892,100,H,5652,100
[AUTOPOS] SW-A,B,4342,100,C,3340,100,D,5692,100,E,1775,100,F,4170,100,G,3882,100,H,5609,100
[AUTOPOS] SW-A,B,4342,100,C,3313,100,D,5656,100,E,1759,100,F,4134,100,G,3876,100,H,5633,100
[AUTOPOS] SW-A,B,4384,100,C,3357,100,D,5644,100,E,1789,100,F,4137,100,G,3852,100,H,5626,100
[AUTOPOS] SW-A,B,4397,100,C,3371,100,D,5710,100,E,1772,100,F,4098,100,G,3855,100,H,5619,100
[AUTOPOS] SW-A,B,4399,100,C,3339,100,D,5634,100,E,1826,100,F,4123,100,G,3820,100,H,5652,100
[AUTOPOS] SW-A,B,4405,100,C,3329,100,D,5606,100,E,1766,100,F,4172,100,G,3900,100,H,5592,100
[AUTOPOS] SW-A,B,4380,100,C,3281,100,D,5641,100,E,1750,100,F,4081,100,G,3849,100,H,5627,100
[AUTOPOS] SW-A,B,4352,100,C,3369,100,D,5653,100,E,1791,100,F,4091,100,G,3899,100,H,5612,100
[AUTOPOS] SW-A,B,4393,100,C,3332,100,D,5606,100,E,1806,100,F,4088,100,G,3884,100,H,5623,100
[AUTOPOS] SW-A,B,4407,100,C,3373,100,D,5607,100,E,1764,100,F,4113,100,G,3855,100,H,5651,100
[AUTOPOS] SW-A,B,4397,100,C,3302,100,D,5673,100,E,1764,100,F,4111,100,G,3888,100,H,5624,100
[AUTOPOS] SW-A,B,4399,100,C,3380,100,D,5617,100,E,1797,96,F,4110,100,G,3891,100,H,5579,100
[AUTOPOS] SW-A,B,4386,100,C,3318,100,D,5638,100,E,1802,96,F,4108,100,G,3859,100,H,5648,100
[AUTOPOS] SW-A,B,4336,100,C,3384,100,D,5662,100,E,1797,96,F,4123,100,G,3872,100,H,5636,100
[AUTOPOS] SW-A,B,4386,100,C,3337,100,D,5608,100,E,1798,100,F,4107,100,G,3915,100,H,5625,100
[AUTOPOS] SW-A,B,4379,100,C,3514,100,D,5681,100,E,1767,100,F,4125,100,G,3902,100,H,5590,100
[AUTOPOS] SW-A,B,4387,100,C,3331,100,D,5867,100,E,1736,100,F,4128,100,G,3861,100,H,5651,100
[AUTOPOS] SW-A,B,4391,100,C,3443,100,D,5649,100,E,1795,100,F,4128,100,G,3870,100,H,5546,100
[AUTOPOS] SW-A,B,4368,100,C,3343,100,D,5627,100,E,1812,100,F,4135,95,G,3817,100,H,5612,100
[AUTOPOS] SW-A,B,4363,100,C,3291,100,D,5617,100,E,1763,100,F,4110,95,G,3914,100,H,5618,100
[AUTOPOS] SW-A,B,4367,100,C,3392,100,D,5683,100,E,1807,100,F,4077,95,G,3895,100,H,5664,100
[AUTOPOS] SW-A,B,4361,100,C,3364,100,D,5660,100,E,1774,100,F,4110,95,G,3849,100,H,5569,100
[AUTOPOS] SW-A,B,4395,100,C,3330,100,D,5633,100,E,1782,100,F,4075,96,G,3902,100,H,5624,100
[AUTOPOS] SW-A,B,4353,100,C,3393,100,D,5648,100,E,1769,100,F,4160,96,G,3901,100,H,5657,100
[AUTOPOS] SW-A,B,4403,100,C,3383,100,D,5608,100,E,1790,100,F,4108,96,G,3874,100,H,5686,100
[AUTOPOS] SW-A,B,4396,100,C,3321,100,D,5646,100,E,1797,100,F,4099,96,G,3867,100,H,5636,100
[AUTOPOS] SW-A,B,4326,100,C,3412,100,D,5620,100,E,1798,100,F,4087,96,G,3848,100,H,5605,100
[AUTOPOS] SW-A,B,4357,100,C,3332,100,D,5661,100,E,1738,100,F,4164,96,G,3857,100,H,5597,100
[AUTOPOS] SW-A,B,4411,100,C,3389,100,D,5615,100,E,1788,100,F,4129,96,G,3889,100,H,5654,100
[AUTOPOS] SW-A,B,4419,100,C,3349,100,D,5659,100,E,1775,100,F,4112,96,G,3907,100,H,5640,100
[AUTOPOS] SW-A,B,4400,100,C,3352,100,D,5639,100,E,1751,100,F,4104,100,G,3899,100,H,5636,100
[AUTOPOS] SW-A,B,4396,100,C,3361,100,D,5659,100,E,1774,100,F,4125,100,G,3865,100,H,5623,100
[AUTOPOS] SW-A,B,4348,100,C,3365,100,D,5639,100,E,1824,100,F,4111,100,G,3891,100,H,5594,100
[AUTOPOS] SW-A,B,4373,100,C,3408,100,D,5598,100,E,1828,100,F,4116,100,G,3893,100,H,5670,100
[AUTOPOS] SW-A,B,4424,100,C,3412,100,D,5566,100,E,1764,100,F,4106,100,G,3875,100,H,5552,100
[AUTOPOS] SW-A,B,4404,100,C,3285,100,D,5582,100,E,1727,100,F,4087,100,G,3859,100,H,5626,100
[AUTOPOS] SW-A,B,4365,100,C,3411,100,D,5617,100,E,1733,100,F,4100,100,G,3906,100,H,5587,100
[AUTOPOS] SW-A,B,4392,100,C,3358,100,D,5632,100,E,1800,100,F,4118,100,G,3927,100,H,5640,100
[AUTOPOS] SW-A,B,4406,100,C,3365,100,D,5610,100,E,1834,100,F,4164,100,G,3867,100,H,5667,100
[AUTOPOS] SW-A,B,4406,100,C,3348,100,D,5632,100,E,1762,100,F,4118,100,G,3865,100,H,5667,100
[AUTOPOS] SW-A,B,4385,96,C,3322,100,D,5634,100,E,1747,100,F,4105,100,G,3932,100,H,5607,100
[AUTOPOS] SW-A,B,4361,96,C,3358,100,D,5691,100,E,1764,100,F,4149,100,G,3864,100,H,5604,100
[AUTOPOS] SW-A,B,4370,96,C,3286,100,D,5606,100,E,1772,100,F,4132,100,G,3850,100,H,5678,100
[AUTOPOS] SW-A,B,4391,96,C,3345,100,D,5651,100,E,1858,100,F,4170,100,G,4100,100,H,5640,100
[AUTOPOS] SW-A,B,4384,96,C,3363,100,D,5580,100,E,1761,100,F,4141,100,G,3862,100,H,5568,100
[AUTOPOS] SW-A,B,4384,96,C,3339,100,D,5628,100,E,1769,100,F,4142,100,G,3873,100,H,5603,100
[AUTOPOS] SW-A,B,4385,94,C,3311,100,D,5625,100,E,1750,100,F,4100,100,G,3869,100,H,5541,100
[AUTOPOS] SW-A,B,4379,94,C,3387,100,D,5672,100,E,1793,100,F,4143,100,G,3868,100,H,5575,100
[AUTOPOS] SW-A,B,4402,94,C,3387,100,D,5598,100,E,1793,100,F,4110,100,G,3885,100,H,5679,100
[AUTOPOS] SW-A,B,4416,95,C,3355,100,D,5676,100,E,1757,95,F,4095,100,G,3886,100,H,5631,100
[AUTOPOS] SW-A,B,4423,95,C,3359,100,D,5649,100,E,1759,95,F,4117,100,G,3899,100,H,5732,100
[AUTOPOS] SW-A,B,4383,95,C,3296,100,D,5701,100,E,1784,95,F,4144,100,G,3865,100,H,5589,100
[AUTOPOS] SW-A,B,4365,95,C,3417,100,D,5660,100,E,1750,95,F,4164,100,G,3818,100,H,5613,100
[AUTOPOS] SW-A,B,4343,95,C,3397,100,D,5668,100,E,1783,95,F,4098,100,G,3899,100,H,5566,100
[AUTOPOS] SW-A,B,4389,96,C,3325,100,D,5605,100,E,1779,96,F,4129,100,G,3910,100,H,5630,100
[AUTOPOS] SW-A,B,4396,96,C,3362,100,D,5624,100,E,1757,96,F,4081,100,G,3871,100,H,5609,100
[AUTOPOS] SW-A,B,4387,96,C,3353,100,D,5663,100,E,1794,96,F,4101,100,G,3841,100,H,5599,100
[AUTOPOS] SW-A,B,4424,96,C,3407,100,D,5645,100,E,1812,96,F,4114,100,G,3868,100,H,5620,100
[AUTOPOS] SW-A,B,4441,96,C,3310,100,D,5629,100,E,1784,96,F,4111,100,G,3899,100,H,5697,100
[AUTOPOS] SW-A,B,4382,96,C,3334,100,D,5660,100,E,1751,96,F,4101,100,G,3842,100,H,5628,100
[AUTOPOS] SW-A,B,4367,96,C,3337,100,D,5648,100,E,1768,96,F,4134,100,G,3894,100,H,5579,100
[AUTOPOS] SW-A,B,4375,96,C,3359,100,D,5661,100,E,1761,96,F,4113,100,G,3856,100,H,5570,100
[AUTOPOS] SW-A,B,4388,100,C,3348,100,D,5619,100,E,1804,100,F,4083,100,G,3977,100,H,5587,100
[AUTOPOS] SW-A,B,4391,100,C,3316,100,D,5628,100,E,1761,100,F,4096,100,G,3840,100,H,5641,100
[AUTOPOS] SW-A,B,4385,100,C,3392,100,D,5596,100,E,1802,100,F,4117,100,G,3860,100,H,5558,100
[AUTOPOS] SW-A,B,4381,100,C,3328,100,D,5647,100,E,1761,100,F,4117,100,G,3856,100,H,5649,100
[AUTOPOS] SW-A,B,4396,100,C,3329,100,D,5585,100,E,1767,100,F,4113,100,G,3902,100,H,5680,100
[AUTOPOS] SW-A,B,4400,100,C,3327,100,D,5671,100,E,1784,100,F,4134,100,G,3884,100,H,5616,100
[AUTOPOS] SW-A,B,4389,100,C,3355,100,D,5686,100,E,1782,100,F,4135,100,G,3913,100,H,5691,100
[AUTOPOS] SW-A,B,4362,100,C,3324,100,D,5638,100,E,1800,100,F,4116,100,G,3864,100,H,5691,100
[AUTOPOS] SW-A,B,4338,100,C,3368,100,D,5582,100,E,1759,100,F,4140,100,G,3937,100,H,5620,96
[AUTOPOS] SW-A,B,4383,100,C,3376,100,D,5612,100,E,1809,100,F,4180,100,G,3925,100,H,5604,96
[AUTOPOS] SW-A,B,4376,100,C,3350,100,D,5611,100,E,1776,100,F,4120,100,G,3872,100,H,5526,96
[AUTOPOS] SW-A,B,4424,100,C,3340,100,D,5629,100,E,1780,100,F,4124,100,G,3884,100,H,5657,96
[AUTOPOS] SW-A,B,4398,100,C,3386,100,D,5643,100,E,1791,100,F,4152,100,G,3892,100,H,5667,96
[AUTOPOS] SW-A,B,4386,100,C,3387,100,D,5622,100,E,1788,100,F,4172,100,G,3873,100,H,5713,96
[AUTOPOS] SW-A,B,4385,100,C,3361,100,D,5618,100,E,1769,100,F,4119,100,G,3870,100,H,5656,96
[AUTOPOS] SW-A,B,4339,100,C,3263,100,D,5648,100,E,1773,100,F,4106,100,G,3865,100,H,5594,100
[AUTOPOS] SW-A,B,4378,100,C,3310,100,D,5657,100,E,1795,100,F,4121,100,G,3887,100,H,5579,100
[AUTOPOS] SW-A,B,4371,100,C,3544,100,D,5647,100,E,1771,100,F,4134,100,G,3864,100,H,5639,100
[AUTOPOS] SW-A,B,4343,100,C,3377,100,D,5647,100,E,1779,100,F,4134,100,G,3866,100,H,5613,100
[AUTOPOS] SW-A,B,4398,100,C,3385,100,D,5620,100,E,1811,100,F,4116,100,G,3901,100,H,5557,100
[AUTOPOS] SW-A,B,4408,100,C,3275,100,D,5677,100,E,1798,100,F,4122,100,G,3818,100,H,5584,100
[AUTOPOS] SW-A,B,4324,100,C,3344,100,D,5573,100,E,1796,100,F,4093,100,G,3824,100,H,5607,100
[AUTOPOS] SW-A,B,4357,100,C,3326,100,D,5662,100,E,1770,100,F,4092,100,G,3847,100,H,5663,100
[AUTOPOS] SW-A,B,4385,100,C,3439,100,D,5653,100,E,1787,100,F,4102,100,G,3892,100,H,5658,100
[AUTOPOS] SW-A,B,4387,100,C,3399,100,D,5692,100,E,1814,100,F,4112,100,G,3887,100,H,5602,100
[AUTOPOS] SW-A,B,4387,100,C,3345,100,D,5626,100,E,1803,100,F,4124,100,G,3871,100,H,5628,100
[AUTOPOS] SW-A,B,4411,100,C,3310,100,D,5643,100,E,1769,100,F,4084,100,G,3874,100,H,5600,100
[AUTOPOS] SW-A,B,4425,100,C,3365,100,D,5636,100,E,1777,100,F,4154,100,G,3896,100,H,5600,100
[AUTOPOS] SW-A,B,4425,100,C,3315,100,D,5658,100,E,1754,100,F,4092,100,G,3898,100,H,5618,100
[AUTOPOS] SW-A,B,4399,96,C,3356,100,D,5628,100,E,1775,100,F,4094,100,G,3838,100,H,5643,100
[AUTOPOS] SW-A,B,4402,96,C,3356,100,D,5617,100,E,1784,100,F,4113,100,G,3837,100,H,5647,100
[AUTOPOS] SW-A,B,4411,96,C,3364,96,D,5646,100,E,1753,100,F,4097,100,G,3861,100,H,5612,100
[AUTOPOS] SW-A,B,4399,100,C,3396,100,D,5619,100,E,1757,100,F,4126,100,G,3839,100,H,5633,100
[AUTOPOS] SW-A,B,4375,100,C,3338,100,D,5638,100,E,1778,100,F,4093,100,G,3855,100,H,5561,100
[AUTOPOS] SW-A,B,4385,100,C,3334,100,D,5636,100,E,1780,100,F,4108,100,G,3876,100,H,5626,100
[AUTOPOS] SW-A,B,4397,100,C,3329,100,D,5696,100,E,1767,100,F,4146,100,G,3821,100,H,5634,100
[AUTOPOS] ANCHOR_CTRL[0] notify: SWEEP_DONE master=A sets=500 role=matrix
[AUTOPOS] ANCHOR_CTRL[0] notify: DBG ROLE_SWITCH anchor=A role=matrix sets=0
END=2026-05-11 10:01:33
