PORT=/dev/serial/by-id/usb-BioSpur_BioSpur_BLE_Control_87EA2F4A526C5A02-if00
START=2026-05-11 02:08:25
MASTER=B
PRECHECK: BSxxxx tag quarantine disabled; master/matrix anchors ignore tag polls during sweep
PRECHECK: context session_autopos_ready=1 autopos_initialized=1
PRECHECK: reusing session AUTOPOS state from matrix guard
PRECHECK: reusing existing AUTOPOS map
>>> autopos round B 100
[AUTOPOS] AUTOPOS round staged: master=B sets=100
>>> autopos status
[AUTOPOS] AUTOPOS: mode=AUTOPOS state=staged staged=B last_success=A sets=100 error=-
>>> autopos apply
[AUTOPOS] AUTOPOS apply started
[AUTOPOS] RECV_BG gate: SUPPRESS reason=autopos_detach
[AUTOPOS] AUTOPOS detach skip STOP: finite master auto-returns to matrix sets=100
[AUTOPOS] RECV_BG gate: ALLOW reason=autopos_detach_done
[AUTOPOS] SCAN start req: bt_ready=1 scan_running=0 connecting_slot=-1 conn_count=1 target=anchor prefix=ANCHOR-
[AUTOPOS] Scanning for ANCHOR-*
[AUTOPOS] AUTOPOS apply mode: incremental
[AUTOPOS] AUTOPOS apply incremental: prev_master=A new_master=B
[AUTOPOS] AUTOPOS incremental: skip A demote for finite sweep; master auto-returned to matrix
[AUTOPOS] Master discovery mode: CONN & START
[AUTOPOS] Master discovery mode: CONN & START
[AUTOPOS] SCAN start req: bt_ready=1 scan_running=0 connecting_slot=-1 conn_count=1 target=anchor prefix=ANCHOR-
[AUTOPOS] Scanning for ANCHOR-*
[AUTOPOS] AUTOPOS wait anchor ready: uuid=B9179575C776C98F1CB132DD6EDC6223 timeout_ms=12000
[AUTOPOS] AUTOPOS wait anchor ready: waited=0 ready_count=0
[AUTOPOS] READY count=0 target=anchor target_uuid=B9179575C776C98F1CB132DD6EDC6223 conn_count=1 connecting_slot=-1 scan=1 auto=1
[AUTOPOS] READY peer[0]: link=anchor-ctrl connected=1 ready=1 pending=0 inflight=0 retries=0 start_failures=0 uuid=4DC6B8187E33803AE8601FB0D7992B96 name=- state_h=0x0012 ctrl_h=0x0019 result_h=0x001b
[AUTOPOS] SCAN hit: C0:1D:D1:D0:CE:B0 (random) rssi=-53 name=- bs=- uuid=B9179575C776C98F1CB132DD6EDC6223 target=anchor uuid_ok=1 tag_name=0 anchor_name=0 nus=0 dfu=0 token=0 props=0x03
[AUTOPOS] CONNECT queue[1]: addr=C0:1D:D1:D0:CE:B0 (random) link=anchor-ctrl uuid=B9179575C776C98F1CB132DD6EDC6223 target=anchor
[AUTOPOS] CONNECT pending[1]: addr_valid=1 link=anchor-ctrl uuid=B9179575C776C98F1CB132DD6EDC6223 scan_running=1 conn_count=1
[AUTOPOS] CONNECT pending[1]: bt_le_scan_stop rc=0 scan_running=1
[AUTOPOS] CONNECT pending[1] rc=0 conn=0x200049a8 interval=32-56 timeout=1000
[AUTOPOS] Connected[1]: C0:1D:D1:D0:CE:B0 (random) name=- bs=-
[AUTOPOS] CONNECT state[1]: link=anchor-ctrl uuid=B9179575C776C98F1CB132DD6EDC6223 ready=0 conn=0x200049a8
SETUP[1] begin: link=anchor-ctrl uuid=B9179575C776C98F1CB132DD6EDC6223 conn=0x200049a8
SETUP[1] anchor-ctrl result-stream mtu_exchange rc=0
SETUP[1] conn_param_update rc=0 interval=32-56 timeout=1000
Anchor ctrl result-stream subscribe[1] rc=0
ANCHOR_CTRL[1] static link ready state=0x0012 ctrl=0x0019 result=0x001b uuid=B9179575C776C98F1CB132DD6EDC6223
[AUTOPOS] AUTOPOS wait anchor ready: waited=800 ready_count=1
[AUTOPOS] READY count=1 target=anchor target_uuid=B9179575C776C98F1CB132DD6EDC6223 conn_count=2 connecting_slot=-1 scan=0 auto=1
[AUTOPOS] READY peer[0]: link=anchor-ctrl connected=1 ready=1 pending=0 inflight=0 retries=0 start_failures=0 uuid=4DC6B8187E33803AE8601FB0D7992B96 name=- state_h=0x0012 ctrl_h=0x0019 result_h=0x001b
[AUTOPOS] READY peer[1]: link=anchor-ctrl connected=1 ready=1 pending=0 inflight=0 retries=0 start_failures=0 uuid=B9179575C776C98F1CB132DD6EDC6223 name=- state_h=0x0012 ctrl_h=0x0019 result_h=0x001b
[AUTOPOS] AUTOPOS wait anchor ready: uuid=B9179575C776C98F1CB132DD6EDC6223 control link ready
[AUTOPOS] Master anchor result stream: on
[AUTOPOS] MTU exchange[1] failed (0)
[AUTOPOS] Disconnected[1]: C0:1D:D1:D0:CE:B0 (random) reason=0x3e link=anchor-ctrl ready=1
[AUTOPOS] SCAN start req: bt_ready=1 scan_running=0 connecting_slot=-1 conn_count=1 target=anchor prefix=ANCHOR-
[AUTOPOS] Scanning for ANCHOR-*
[AUTOPOS] BLE cmd skip[0]: target mismatch kind=anchor target_name=- target_uuid=B9179575C776C98F1CB132DD6EDC6223 peer_name=- peer_bs=- peer_uuid=4DC6B8187E33803AE8601FB0D7992B96 link=anchor-ctrl ready=1
[AUTOPOS] BLE cmd not sent: considered=1 target_kind=anchor target_name=- target_uuid=B9179575C776C98F1CB132DD6EDC6223 target_prefix=-
[AUTOPOS] AUTOPOS anchor B runtime sweep cmd failed rc=-128; forcing control-link reconnect retry
[AUTOPOS] Master discovery mode: CONN & START
[AUTOPOS] Master discovery mode: CONN & START
[AUTOPOS] SCAN start req: bt_ready=1 scan_running=0 connecting_slot=-1 conn_count=1 target=anchor prefix=ANCHOR-
[AUTOPOS] Scanning for ANCHOR-*
[AUTOPOS] AUTOPOS wait anchor ready: uuid=B9179575C776C98F1CB132DD6EDC6223 timeout_ms=15000
[AUTOPOS] AUTOPOS wait anchor ready: waited=0 ready_count=0
[AUTOPOS] READY count=0 target=anchor target_uuid=B9179575C776C98F1CB132DD6EDC6223 conn_count=1 connecting_slot=-1 scan=1 auto=1
[AUTOPOS] READY peer[0]: link=anchor-ctrl connected=1 ready=1 pending=0 inflight=0 retries=0 start_failures=0 uuid=4DC6B8187E33803AE8601FB0D7992B96 name=- state_h=0x0012 ctrl_h=0x0019 result_h=0x001b
[AUTOPOS] SCAN hit: C0:1D:D1:D0:CE:B0 (random) rssi=-59 name=- bs=- uuid=B9179575C776C98F1CB132DD6EDC6223 target=anchor uuid_ok=1 tag_name=0 anchor_name=0 nus=0 dfu=0 token=0 props=0x03
[AUTOPOS] CONNECT queue[1]: addr=C0:1D:D1:D0:CE:B0 (random) link=anchor-ctrl uuid=B9179575C776C98F1CB132DD6EDC6223 target=anchor
[AUTOPOS] CONNECT pending[1]: addr_valid=1 link=anchor-ctrl uuid=B9179575C776C98F1CB132DD6EDC6223 scan_running=1 conn_count=1
[AUTOPOS] CONNECT pending[1]: bt_le_scan_stop rc=0 scan_running=1
[AUTOPOS] CONNECT pending[1] rc=0 conn=0x200049a8 interval=32-56 timeout=1000
[AUTOPOS] Connected[1]: C0:1D:D1:D0:CE:B0 (random) name=- bs=-
[AUTOPOS] CONNECT state[1]: link=anchor-ctrl uuid=B9179575C776C98F1CB132DD6EDC6223 ready=0 conn=0x200049a8
SETUP[1] begin: link=anchor-ctrl uuid=B9179575C776C98F1CB132DD6EDC6223 conn=0x200049a8
SETUP[1] anchor-ctrl result-stream mtu_exchange rc=0
SETUP[1] conn_param_update rc=0 interval=32-56 timeout=1000
Anchor ctrl result-stream subscribe[1] rc=0
ANCHOR_CTRL[1] static link ready state=0x0012 ctrl=0x0019 result=0x001b uuid=B9179575C776C98F1CB132DD6EDC6223
[AUTOPOS] AUTOPOS wait anchor ready: waited=600 ready_count=1
[AUTOPOS] READY count=1 target=anchor target_uuid=B9179575C776C98F1CB132DD6EDC6223 conn_count=2 connecting_slot=-1 scan=0 auto=1
[AUTOPOS] READY peer[0]: link=anchor-ctrl connected=1 ready=1 pending=0 inflight=0 retries=0 start_failures=0 uuid=4DC6B8187E33803AE8601FB0D7992B96 name=- state_h=0x0012 ctrl_h=0x0019 result_h=0x001b
[AUTOPOS] READY peer[1]: link=anchor-ctrl connected=1 ready=1 pending=0 inflight=0 retries=0 start_failures=0 uuid=B9179575C776C98F1CB132DD6EDC6223 name=- state_h=0x0012 ctrl_h=0x0019 result_h=0x001b
[AUTOPOS] AUTOPOS wait anchor ready: uuid=B9179575C776C98F1CB132DD6EDC6223 control link ready
[AUTOPOS] Master discovery mode: CONN & START
[AUTOPOS] AUTOPOS wait anchor ready: uuid=B9179575C776C98F1CB132DD6EDC6223 reuse existing ready control link
[AUTOPOS] Master anchor result stream: on
[AUTOPOS] MTU exchange[1] done (498)
[AUTOPOS] BLE cmd skip[0]: target mismatch kind=anchor target_name=- target_uuid=B9179575C776C98F1CB132DD6EDC6223 peer_name=- peer_bs=- peer_uuid=4DC6B8187E33803AE8601FB0D7992B96 link=anchor-ctrl ready=1
[AUTOPOS] Anchor ctrl sent[1]: RM 100 uuid=B9179575C776C98F1CB132DD6EDC6223
[AUTOPOS] ANCHOR_CTRL[1] notify: OK RUNTIME_SWITCH_REQUESTED SWEEP=100
[AUTOPOS] ANCHOR_CTRL[1] notify: DBG ROLE_SWITCH anchor=B role=master sets=100
[AUTOPOS] ANCHOR_CTRL[1] notify: DBG ROLE_START anchor=B role=master sets=100
[AUTOPOS] ANCHOR_CTRL[1] notify: DBG MASTER_START anchor=B peers=7 sets=100
[AUTOPOS] ANCHOR_CTRL[1] notify: DBG MASTER_FIRST_PEER anchor=B peer=A
[AUTOPOS] ANCHOR_CTRL[1] notify: DBG MASTER_FIRST_RESULT anchor=B peer=A rx=1 status=0x00806ff2
[AUTOPOS] Conn param updated[1]: int=56 lat=0 to=1000
[AUTOPOS] AUTOPOS result: DBG MASTER_FIRST_RESULT anchor=B peer=A rx=1 status=0x00806ff2
[AUTOPOS] SW-B,A,3672,100,C,4641,100,D,2892,100,E,4154,100,F,0,0,G,5002,100,H,3171,100
[AUTOPOS] SW-B,A,3672,100,C,4587,100,D,2820,100,E,4180,100,F,0,0,G,5044,100,H,3140,100
[AUTOPOS] AUTOPOS state: STATE fw=alt-bcast-a40-pendingguard-g120 bs=BS592A uuid=B9179575C776C98F1CB132DD6EDC6223 label=B role=master cfg_valid=1 busy=1 pending_valid=1 schema=2 gen=0 reboot_required=0
[AUTOPOS] AUTOPOS runtime accept via role state: master=B
[AUTOPOS] AUTOPOS anchor B role verified
[AUTOPOS] AUTOPOS apply success: master=B[AUTOPOS] SW-B,A,3672,100,C,4638,100,D,2893,100,E,4201,100,F,0,0,G,4995,100,H,3079,100

[AUTOPOS] AUTOPOS finite sweep handoff: master=B sets=100; host waits for SWEEP_DONE
[AUTOPOS] AUTOPOS sweep listen attach: master=B uuid=B9179575C776C98F1CB132DD6EDC6223
[AUTOPOS] Master anchor result stream: on
[AUTOPOS] Master discovery mode: CONN & START
[AUTOPOS] SW-B,A,3672,100,C,4569,100,D,2788,100,E,4175,100,F,0,0,G,4972,100,H,3084,100
[AUTOPOS] SW-B,A,3672,100,C,4614,100,D,2763,100,E,4150,100,F,0,0,G,4940,100,H,3128,100
[AUTOPOS] SW-B,A,3672,100,C,4548,100,D,2875,100,E,4117,100,F,0,0,G,4983,100,H,3039,100
[AUTOPOS] SW-B,A,3672,100,C,4595,100,D,2862,100,E,4118,100,F,0,0,G,4951,100,H,3180,100
[AUTOPOS] SW-B,A,3672,100,C,4552,100,D,2882,100,E,4173,100,F,0,0,G,4957,100,H,3139,100
[AUTOPOS] SW-B,A,3672,100,C,4675,100,D,2830,100,E,4214,100,F,0,0,G,4957,100,H,3181,100
[AUTOPOS] SW-B,A,3672,100,C,4660,100,D,2888,100,E,4179,100,F,0,0,G,4982,90,H,3181,100
[AUTOPOS] SW-B,A,3672,100,C,4672,100,D,2840,100,E,4176,100,F,0,0,G,4946,90,H,3172,90
[AUTOPOS] SW-B,A,3672,100,C,4603,100,D,2853,100,E,4161,100,F,0,0,G,4947,91,H,3146,91
[AUTOPOS] SW-B,A,3672,100,C,4626,100,D,2866,100,E,4196,100,F,0,0,G,5035,92,H,3118,92
[AUTOPOS] SW-B,A,3672,100,C,4593,100,D,2822,100,E,4125,100,F,0,0,G,4913,92,H,3143,92
[AUTOPOS] SW-B,A,3672,100,C,4609,100,D,2837,100,E,4184,100,F,0,0,G,4985,93,H,3111,93
[AUTOPOS] SW-B,A,3672,100,C,4657,100,D,2857,100,E,4195,100,F,0,0,G,4997,93,H,3088,93
[AUTOPOS] SW-B,A,3672,100,C,4651,100,D,2862,100,E,4160,100,F,0,0,G,4963,94,H,3038,94
[AUTOPOS] SW-B,A,3672,100,C,4590,100,D,2856,100,E,4156,100,F,0,0,G,4955,94,H,3129,94
[AUTOPOS] SW-B,A,3672,100,C,4610,100,D,2835,100,E,4208,100,F,0,0,G,4945,94,H,3132,94
[AUTOPOS] SW-B,A,3672,100,C,4567,100,D,2793,100,E,4109,100,F,0,0,G,4954,95,H,3199,95
[AUTOPOS] SW-B,A,3672,100,C,4627,100,D,2897,100,E,4215,100,F,0,0,G,4946,95,H,3069,95
[AUTOPOS] SW-B,A,3672,100,C,4600,100,D,2879,100,E,4195,100,F,0,0,G,4984,95,H,3121,95
[AUTOPOS] SW-B,A,3672,100,C,4532,100,D,2818,100,E,4147,100,F,0,0,G,4944,95,H,3145,95
[AUTOPOS] SW-B,A,3672,100,C,4614,100,D,2866,100,E,4216,100,F,0,0,G,5026,95,H,3158,95
[AUTOPOS] SW-B,A,3672,100,C,4608,100,D,2862,100,E,4199,100,F,0,0,G,4925,96,H,3085,96
[AUTOPOS] SW-B,A,3672,100,C,4644,100,D,2885,100,E,4151,100,F,0,0,G,4975,96,H,3172,96
[AUTOPOS] SW-B,A,3672,100,C,4653,100,D,2780,100,E,4128,100,F,0,0,G,4978,96,H,3127,96
[AUTOPOS] SW-B,A,3672,100,C,4528,100,D,2832,100,E,4179,100,F,0,0,G,4970,96,H,3105,96
[AUTOPOS] SW-B,A,3672,100,C,4561,100,D,2891,100,E,4118,100,F,0,0,G,4965,96,H,3105,96
[AUTOPOS] SW-B,A,3672,100,C,4610,100,D,2866,100,E,4165,100,F,0,0,G,4940,96,H,3037,93
[AUTOPOS] SW-B,A,3672,100,C,4621,100,D,2878,100,E,4151,100,F,0,0,G,4982,96,H,3129,93
[AUTOPOS] SW-B,A,3672,100,C,4607,100,D,2824,100,E,4193,100,F,0,0,G,4951,96,H,3052,93
[AUTOPOS] SW-B,A,3672,100,C,4679,100,D,2926,100,E,4114,100,F,0,0,G,4966,100,H,3154,94
[AUTOPOS] SW-B,A,3672,100,C,4613,100,D,2844,100,E,4144,100,F,0,0,G,5001,100,H,3070,94
[AUTOPOS] SW-B,A,3672,100,C,4586,100,D,2878,100,E,4138,100,F,0,0,G,4986,100,H,3114,94
[AUTOPOS] SW-B,A,3672,100,C,4565,100,D,2865,100,E,4211,100,F,0,0,G,4923,100,H,3048,95
[AUTOPOS] SW-B,A,3672,100,C,4671,100,D,2901,100,E,4168,100,F,0,0,G,4988,100,H,3122,95
[AUTOPOS] SW-B,A,3672,100,C,4605,100,D,2838,100,E,4143,100,F,0,0,G,5033,100,H,3150,95
[AUTOPOS] SW-B,A,3672,100,C,4602,100,D,2846,100,E,4163,100,F,0,0,G,4980,100,H,3186,95
[AUTOPOS] SW-B,A,3672,100,C,4607,100,D,2813,100,E,4161,100,F,0,0,G,4932,100,H,3114,95
[AUTOPOS] SW-B,A,3672,100,C,4562,100,D,2806,100,E,4208,100,F,0,0,G,4995,100,H,3092,96
[AUTOPOS] SW-B,A,3672,100,C,4620,100,D,2865,100,E,4181,100,F,0,0,G,4971,100,H,3115,96
[AUTOPOS] SW-B,A,3672,100,C,4574,100,D,2822,100,E,4147,100,F,0,0,G,4923,100,H,3158,96
[AUTOPOS] SW-B,A,3672,100,C,4584,100,D,2863,100,E,4164,100,F,0,0,G,4974,100,H,3189,96
[AUTOPOS] Disconnected[0]: F2:B7:4E:8A:79:01 (random) reason=0x08 link=anchor-ctrl ready=1
[AUTOPOS] SCAN start req: bt_ready=1 scan_running=0 connecting_slot=-1 conn_count=1 target=anchor prefix=ANCHOR-
[AUTOPOS] Scanning for ANCHOR-*
[AUTOPOS] SW-B,A,3672,100,C,4618,100,D,2901,100,E,4144,100,F,0,0,G,4954,100,H,3120,96
[AUTOPOS] SW-B,A,3672,100,C,4628,100,D,2862,100,E,4172,100,F,0,0,G,4893,100,H,3132,96
[AUTOPOS] SW-B,A,3672,100,C,4614,100,D,2821,100,E,4156,100,F,0,0,G,4974,100,H,3098,96
[AUTOPOS] SW-B,A,3672,100,C,4561,100,D,2814,100,E,4146,100,F,0,0,G,4986,100,H,3137,96
[AUTOPOS] SW-B,A,3672,100,C,4620,100,D,2853,100,E,4131,100,F,0,0,G,4945,100,H,3150,100
[AUTOPOS] SW-B,A,3672,100,C,4525,100,D,2801,100,E,4236,100,F,0,0,G,4953,100,H,3137,100
[AUTOPOS] SW-B,A,3672,100,C,4631,100,D,2916,100,E,4135,100,F,0,0,G,4995,100,H,3137,100
[AUTOPOS] SW-B,A,3672,100,C,4508,100,D,2861,100,E,4177,100,F,0,0,G,4941,100,H,3137,100
[AUTOPOS] SW-B,A,3672,100,C,4510,100,D,2833,100,E,4157,100,F,0,0,G,4960,100,H,3111,100
[AUTOPOS] SW-B,A,3672,100,C,4541,100,D,2840,100,E,4163,100,F,0,0,G,5026,100,H,3156,100
[AUTOPOS] SW-B,A,3672,100,C,4659,100,D,2867,100,E,4168,100,F,0,0,G,4955,100,H,3152,100
[AUTOPOS] SW-B,A,3672,100,C,4624,100,D,2925,100,E,4261,100,F,0,0,G,4966,100,H,3109,100
[AUTOPOS] SW-B,A,3672,100,C,4575,100,D,2909,100,E,4241,100,F,0,0,G,4950,100,H,3118,100
[AUTOPOS] SW-B,A,3672,100,C,4506,100,D,2890,100,E,4243,100,F,0,0,G,4905,100,H,3062,100
[AUTOPOS] SW-B,A,3672,100,C,4573,100,D,2850,100,E,4158,100,F,0,0,G,4914,100,H,3093,100
[AUTOPOS] SW-B,A,3672,100,C,4585,100,D,2819,100,E,4159,100,F,0,0,G,4937,100,H,3047,100
[AUTOPOS] Conn param updated[1]: int=56 lat=0 to=1000
[AUTOPOS] SW-B,A,3672,100,C,4597,100,D,2850,100,E,4174,100,F,0,0,G,4939,100,H,3086,100
[AUTOPOS] SW-B,A,3672,100,C,4607,100,D,2864,100,E,4147,100,F,0,0,G,4945,100,H,3076,100
[AUTOPOS] SW-B,A,3672,100,C,4637,100,D,2872,100,E,4184,100,F,0,0,G,5016,100,H,3184,100
[AUTOPOS] SW-B,A,3672,100,C,4610,100,D,2865,100,E,4236,100,F,0,0,G,4946,100,H,3144,100
[AUTOPOS] SW-B,A,3672,100,C,4521,100,D,2843,100,E,4123,100,F,0,0,G,4987,100,H,3132,100
[AUTOPOS] SW-B,A,3672,100,C,4546,100,D,2843,100,E,4139,100,F,0,0,G,4940,100,H,3079,100
[AUTOPOS] SW-B,A,3672,100,C,4530,100,D,2856,94,E,4139,100,F,0,0,G,4987,100,H,3090,100
[AUTOPOS] SW-B,A,3672,100,C,4570,100,D,2840,95,E,4184,95,F,0,0,G,4981,100,H,3206,100
[AUTOPOS] SW-B,A,3672,100,C,4644,100,D,2893,95,E,4207,95,F,0,0,G,4978,100,H,3146,100
[AUTOPOS] SW-B,A,3672,100,C,4647,100,D,2886,95,E,4187,95,F,0,0,G,4937,100,H,3141,100
[AUTOPOS] SW-B,A,3672,100,C,4695,100,D,2945,95,E,4249,95,F,1814,100,G,5038,100,H,3255,100
[AUTOPOS] SW-B,A,3675,8,C,4749,100,D,2965,95,E,4282,95,F,1711,100,G,5122,100,H,3273,100
[AUTOPOS] SW-B,A,3653,12,C,4604,100,D,2881,96,E,4253,96,F,1699,100,G,5056,100,H,3234,100
[AUTOPOS] SW-B,A,3653,15,C,4671,100,D,2883,96,E,4268,96,F,1699,100,G,5102,100,H,3242,100
[AUTOPOS] SW-B,A,3651,18,C,4658,100,D,2881,96,E,4247,96,F,1857,80,G,5064,100,H,3254,100
[AUTOPOS] SW-B,A,3672,21,C,4672,100,D,2945,96,E,4249,96,F,1787,83,G,5137,100,H,3274,100
[AUTOPOS] SW-B,A,3679,24,C,4660,100,D,2945,96,E,4274,96,F,1749,85,G,5010,100,H,3210,100
[AUTOPOS] SW-B,A,3661,26,C,4670,100,D,2935,96,E,4196,96,F,1862,87,G,5052,100,H,3217,100
[AUTOPOS] SW-B,A,3660,29,C,4687,100,D,2945,96,E,4286,96,F,1856,88,G,5083,100,H,3227,100
[AUTOPOS] SW-B,A,3596,31,C,4696,100,D,2879,96,E,4200,96,F,1781,90,G,5143,100,H,3227,100
[AUTOPOS] SW-B,A,3622,35,C,4678,100,D,2944,100,E,4234,100,F,1829,90,G,5053,100,H,3252,100
[AUTOPOS] SW-B,A,3666,38,C,4683,100,D,2947,100,E,4232,100,F,1748,91,G,5086,100,H,3232,100
[AUTOPOS] SW-B,A,3660,42,C,4698,100,D,2995,100,E,4251,100,F,1782,92,G,5081,100,H,3193,100
[AUTOPOS] SW-B,A,3639,45,C,4658,100,D,2937,100,E,4254,100,F,1722,92,G,5032,100,H,3270,100
[AUTOPOS] SW-B,A,3602,47,C,4706,100,D,3046,100,E,4312,100,F,1779,93,G,5075,100,H,3220,100
[AUTOPOS] SW-B,A,3642,50,C,4686,100,D,3032,100,E,4249,100,F,1833,93,G,5043,100,H,3301,100
[AUTOPOS] SW-B,A,3643,52,C,4646,100,D,2910,100,E,4296,100,F,1755,94,G,5000,100,H,3287,100
[AUTOPOS] SW-B,A,3664,54,C,4594,100,D,2892,100,E,4245,100,F,1747,94,G,5073,100,H,3168,100
[AUTOPOS] SW-B,A,3607,56,C,4690,100,D,2923,100,E,4233,100,F,1763,94,G,5112,100,H,3273,100
[AUTOPOS] SW-B,A,3688,57,C,4697,100,D,2958,100,E,4233,100,F,1805,95,G,5110,100,H,3259,100
[AUTOPOS] SW-B,A,3654,59,C,4717,100,D,2910,100,E,4326,100,F,1715,95,G,5010,100,H,3208,100
[AUTOPOS] SW-B,A,3638,60,C,4679,100,D,2932,100,E,4237,100,F,1789,95,G,5104,100,H,3212,100
[AUTOPOS] SW-B,A,3604,62,C,4664,100,D,2935,100,E,4199,100,F,1769,95,G,5030,100,H,3240,100
[AUTOPOS] SW-B,A,3636,63,C,4673,100,D,2937,100,E,4251,100,F,1782,95,G,5035,100,H,3283,100
[AUTOPOS] SW-B,A,3663,64,C,4717,100,D,2911,100,E,4180,100,F,1874,96,G,5097,100,H,3218,100
[AUTOPOS] SW-B,A,3679,65,C,4697,100,D,2928,100,E,4207,100,F,1724,96,G,5122,100,H,3259,100
[AUTOPOS] SW-B,A,3628,70,C,4664,100,D,2936,100,E,4308,100,F,1801,96,G,5094,100,H,3216,100
[AUTOPOS] SW-B,A,3660,72,C,4724,100,D,2939,100,E,4269,100,F,1860,96,G,5093,100,H,3264,100
[AUTOPOS] SW-B,A,3655,73,C,4677,100,D,3018,100,E,4225,100,F,1740,96,G,5057,100,H,3288,100
[AUTOPOS] SW-B,A,3680,75,C,4655,100,D,2941,100,E,4289,100,F,1756,96,G,5003,100,H,3268,100
[AUTOPOS] ANCHOR_CTRL[1] notify: SWEEP_DONE master=B sets=100 role=matrix
[AUTOPOS] ANCHOR_CTRL[1] notify: DBG ROLE_SWITCH anchor=B role=matrix sets=0
END=2026-05-11 02:08:39
