[RECV] BSF66F notify: TD;1;8138;0;alt_burst;1;0;10;33;24;23;0;0;8;175
[RECV] BSF66F notify: TD;1;8164;0;alt_burst;1;0;10;33;24;24;0;0;8;175
[RECV] BSF66F notify: TD;1;8189;0;alt_burst;1;0;10;33;24;24;0;0;8;175
[RECV] BSF66F notify: TD;1;8214;0;alt_burst;1;0;10;33;24;24;0;0;8;175
[RECV] BSF66F notify: TD;1;8239;0;alt_burst;1;0;10;33;24;24;0;0;8;175
[RECV] BSF66F notify: TD;1;8264;0;alt_burst;1;0;10;33;24;23;0;0;8;175
[RECV] BSF66F notify: TD;1;8290;0;alt_burst;1;0;10;33;24;24;0;0;8;175
[RECV] BSF66F notify: TD;1;8315;0;alt_burst;1;0;10;33;24;24;0;0;8;175
[RECV] BSF66F notify: TD;1;8340;0;alt_burst;1;0;10;33;24;24;0;0;8;175
[RECV] BSF66F notify: TD;1;8365;0;alt_burst;1;0;10;33;24;24;0;0;8;175
[RECV] BSF66F notify: TD;1;8390;0;alt_burst;1;0;10;33;24;24;0;0;8;175
[RECV] BSF66F notify: TD;1;8415;0;alt_burst;1;0;10;33;24;23;0;0;8;175
[RECV] BSF66F notify: TD;1;8441;0;alt_burst;1;0;10;33;24;24;0;0;8;175
[RECV] BSF66F notify: TD;1;8466;0;alt_burst;1;0;10;33;24;24;0;0;8;175
[RECV] BSF66F notify: TD;1;849[HOST_CMD 132576.275] status
[RECV] Control status: mode=RECV pending=0
[RECV] BSF66F notify: TD;1;10518;0;alt_burst;1;0;10;33;24;24;0;0;8;175
[HOST_CMD 132577.163] device show
[RECV] System target: kind=tag caps=0x0f (config=1 ota=1 stream=1 status=1)
OTA target filter: token=-1 name=bsf66f prefix=bs uuid=-
[HOST_CMD 132577.966] ota_target token -1
[RECV] ota_target token rc=0 value=-1
OTA target filter: token=-1 name=bsf66f prefix=bs uuid=-
[HOST_CMD 132578.569] ota_target name BSF66F
[RECV] ota_target name rc=0 value=bsf66f
OTA target filter: token=-1 name=bsf66f prefix=bs uuid=-
[HOST_CMD 132579.171] ota_target prefix -
[RECV] ota_target prefix rc=0 value=-
OTA target filter: token=-1 name=bsf66f prefix=- uuid=-
[HOST_CMD 132579.774] ota_target uuid -
[RECV] ota_target uuid rc=0 value=-
OTA target filter: token=-1 name=bsf66f prefix=- uuid=-
[HOST_CMD 132580.377] ota_target token -1
[RECV] ota_target token rc=0 value=-1
OTA target filter: token=-1 name=bsf66f prefix=- uuid=-
[HOST_CMD 132580.979] ota_target name BSF66F
[RECV] ota_target name rc=0 value=bsf66f
OTA target filter: token=-1 name=bsf66f prefix=- uuid=-
[HOST_CMD 132581.582] ota_target prefix -
[RECV] ota_target prefix rc=0 value=-
OTA target filter: token=-1 name=bsf66f prefix=- uuid=-
[RECV] BSF66F notify: TD;1;10543;0;alt_burst;1;0;10;33;24;23;0;0;8;175
[HOST_CMD 132582.158] ota_target uuid -
[RECV] ota_target uuid rc=0 value=-
OTA target filter: token=-1 name=bsf66f prefix=- uuid=-
[HOST_CMD 132582.761] tdma hold 1
[RECV] TDMA rebalance hold=1 deferred=0
[RECV] tdma hold rc=0 hold=1
[HOST_CMD 132583.363] tdma clear
[RECV] TDMA profiles cleared
[RECV] TDMA rebalance deferred: hold=1
[RECV] tdma clear rc=0
[HOST_CMD 132584.566] tdma freq motion 1
[RECV] TDMA freq set: motion=1Hz
[RECV] TDMA rebalance deferred: hold=1
[RECV] tdma freq rc=0 profile=motion hz=1
[HOST_CMD 132585.169] tdma roster BSF66F motion
[RECV] TDMA roster set: BSF66F -> motion
[RECV] tdma roster rc=0 target=BSF66F profile=motion
[HOST_CMD 132585.771] ota_target token -1
[RECV] ota_target token rc=0 value=-1
OTA target filter: token=-1 name=bsf66f prefix=- uuid=-
[HOST_CMD 132586.374] ota_target name BSF66F
[RECV] ota_target name rc=0 value=bsf66f
OTA target filter: token=-1 name=bsf66f prefix=- uuid=-
[RECV] BSF66F notify: TD;1;10564;0;alt_burst;1;0;10;33;24;23;0;0;8;175
[HOST_CMD 132586.983] ota_target prefix -
[RECV] ota_target prefix rc=0 value=-
OTA target filter: token=-1 name=bsf66f prefix=- uuid=-
[HOST_CMD 132587.585] ota_target uuid -
[RECV] ota_target uuid rc=0 value=-
OTA target filter: token=-1 name=bsf66f prefix=- uuid=-
[HOST_CMD 132588.188] conn
[RECV] Master discovery mode: CONN & START
[RECV] SCAN start req: bt_ready=1 scan_running=0 connecting_slot=-1 conn_count=1 target=tag prefix=BS
[RECV] Scanning for BS*
[RECV] BSF66F notify: TD;1;10582;0;alt_burst;1;0;10;33;24;24;0;0;8;66
[RECV] BSF66F notify: TD;1;10603;0;alt_burst;1;0;10;33;24;24;0;0;8;175
[HOST_CMD 132597.984] tdma hold 0
[RECV] TDMA rebalance hold=0 deferred=1
[RECV] CFG assigned[0]: bs=BSF66F tag=1 slot=0/12 mask=0x0001 period=40 active=24 active_us=0 gen=3 pmode=0
[RECV] TDMA weighted[0]: bs=BSF66F profile=motion target=1Hz mask=0x0001 slots=1/12 actual_x100=208 epoch_delay=3000
[RECV] tdma hold rc=0 hold=0
[RECV] CFG confirmed[0]: tag=1 slot=0/12 mask=0x0001 period=40 active=24 gen=0 live=0
[RECV] BSF66F notify: CFG_OK TAG=1 SLOT=0/12 MASK=0x0001 PERIOD=40 ACTIVE=24 ACTIVE_US=0 GEN=3 LIVE=1 RUN=1 STATE=RUNNING
[HOST_CMD 132599.020] tdma freq motion 1
[RECV] TDMA freq set: motion=1Hz
[RECV] CFG assigned[0]: bs=BSF66F tag=1 slot=0/12 mask=0x0001 period=40 active=24 active_us=0 gen=4 pmode=0
[RECV] TDMA weighted[0]: bs=BSF66F profile=motion target=1Hz mask=0x0001 slots=1/12 actual_x100=208 epoch_delay=3000
[RECV] tdma freq rc=0 profile=motion hz=1
[RECV] CFG confirmed[0]: tag=1 slot=0/12 mask=0x0001 period=40 active=24 gen=0 live=0
[RECV] BSF66F notify: CFG_OK TAG=1 SLOT=0/12 MASK=0x0001 PERIOD=40 ACTIVE=24 ACTIVE_US=0 GEN=4 LIVE=1 RUN=1 STATE=RUNNING
[HOST_CMD 132599.647] tdma roster BSF66F motion
[RECV] TDMA roster set: BSF66F -> motion
[RECV] tdma roster rc=0 target=BSF66F profile=motion
[HOST_CMD 132600.250] tdma rebalance
[RECV] CFG assigned[0]: bs=BSF66F tag=1 slot=0/12 mask=0x0001 period=40 active=24 active_us=0 gen=5 pmode=0
[RECV] TDMA weighted[0]: bs=BSF66F profile=motion target=1Hz mask=0x0001 slots=1/12 actual_x100=208 epoch_delay=3000
[RECV] tdma rebalance rc=0
[RECV] CFG confirmed[0]: tag=1 slot=0/12 mask=0x0001 period=40 active=24 gen=0 live=0
[RECV] BSF66F notify: CFG_OK TAG=1 SLOT=0/12 MASK=0x0001 PERIOD=40 ACTIVE=24 ACTIVE_US=0 GEN=5 LIVE=1 RUN=1 STATE=RUNNING
[HOST_CMD 132601.278] tdma show
[RECV] TDMA weighted scheduler: period=40ms active=24ms active_us=0 max_slots=12 freq motion=1Hz static=5Hz roto=15Hz
[RECV] TDMA profile: BSF66F -> motion target=1Hz
[HOST_CMD 132602.281] status
[RECV] Control status: mode=RECV pending=0
[HOST_CMD 132603.083] device show
[RECV] System target: kind=tag caps=0x0f (config=1 ota=1 stream=1 status=1)
OTA target filter: token=-1 name=bsf66f prefix=- uuid=-
[RECV] BSF66F notify: TD;1;10611;0;alt_burst;1;0;12;1;24;24;0;0;8;480
[RECV] BSF66F notify: TD;1;10622;0;alt_burst;1;0;12;1;24;24;0;0;8;455
[RECV] BSF66F notify: TD;1;10633;0;alt_burst;1;0;12;1;24;24;0;0;8;455
[HOST_ERROR 132619.142] no TR rows within 15.0s after TDMA release; abort capture early
[HOST_CLEANUP 132619.142] stop all tag ranging via cmd_all MODE AOTA
[HOST_CMD 132619.142] cmd_all MODE AOTA
[RECV] BLE cmd_all sent[0]: MODE AOTA
[RECV] cmd_all rc=1 payload=MODE AOTA
[RECV] BSF66F notify: MODE_OK MODE=AOTA LIVE=1
[RECV] BSF66F notify: TD;1;10644;3;anchor_ota;0;0;1;0;25;0;0;0;8;455
