PORT=/dev/serial/by-id/usb-Master_Anchor_BioSpur_BLE_Control_87EA2F4A526C5A02-if00
START=2026-05-11 00:52:17
SESSION: prepare anchors for sweep; required role=matrix
PRECHECK: resident Master_Anchor mode; no RECV clean-slate/reconnect
>>> status
[AUTOPOS] Control status: mode=AUTOPOS pending=0
[AUTOPOS] ANCHOR candidate rejected: not in anchor allow-list FC:9A:15:34:AB:20 (random) name=- bs=F66F uuid=- anchor_id=0
[AUTOPOS] ANCHOR candidate rejected: not in anchor allow-list FC:9A:15:34:AB:20 (random) name=- bs=F66F uuid=- anchor_id=0
[AUTOPOS] ANCHOR candidate rejected: not in anchor allow-list FC:9A:15:34:AB:20 (random) name=- bs=F66F uuid=- anchor_id=0
>>> device show
[AUTOPOS] System target: kind=anchor caps=0x0b (config=1 ota=1 stream=0 status=1)
OTA target filter: token=-1 name=- prefix=BS uuid=-
[AUTOPOS] ANCHOR candidate rejected: not in anchor allow-list FC:9A:15:34:AB:20 (random) name=- bs=F66F uuid=- anchor_id=0
[AUTOPOS] ANCHOR candidate rejected: not in anchor allow-list FC:9A:15:34:AB:20 (random) name=- bs=F66F uuid=- anchor_id=0
[AUTOPOS] ANCHOR candidate rejected: not in anchor allow-list FC:9A:15:34:AB:20 (random) name=- bs=F66F uuid=- anchor_id=0
[AUTOPOS] ANCHOR candidate rejected: not in anchor allow-list FC:9A:15:34:AB:20 (random) name=- bs=F66F uuid=- anchor_id=0
[AUTOPOS] ANCHOR candidate rejected: not in anchor allow-list FC:9A:15:34:AB:20 (random) name=- bs=F66F uuid=- anchor_id=0
>>> ota_target token -1
[AUTOPOS] ota_target token rc=0 value=-1
OTA target filter: token=-1 name=- prefix=BS uuid=-
[AUTOPOS] ANCHOR candidate rejected: not in anchor allow-list FC:9A:15:34:AB:20 (random) name=- bs=F66F uuid=- anchor_id=0
[AUTOPOS] ANCHOR candidate rejected: not in anchor allow-list FC:9A:15:34:AB:20 (random) name=- bs=F66F uuid=- anchor_id=0
>>> ota_target name -
[AUTOPOS] ota_target name rc=0 value=-
OTA target filter: token=-1 name=- prefix=BS uuid=-
[AUTOPOS] ANCHOR candidate rejected: not in anchor allow-list FC:9A:15:34:AB:20 (random) name=- bs=F66F uuid=- anchor_id=0
>>> ota_target prefix ANCHOR-
[AUTOPOS] ota_target prefix rc=0 value=anchor-
OTA target filter: token=-1 name=- prefix=anchor- uuid=-
[AUTOPOS] ANCHOR candidate rejected: not in anchor allow-list FC:9A:15:34:AB:20 (random) name=- bs=F66F uuid=- anchor_id=0
[AUTOPOS] ANCHOR candidate rejected: not in anchor allow-list FC:9A:15:34:AB:20 (random) name=- bs=F66F uuid=- anchor_id=0
>>> ota_target uuid -
[AUTOPOS] ota_target uuid rc=0 value=-
OTA target filter: token=-1 name=- prefix=anchor- uuid=-
[AUTOPOS] ANCHOR candidate rejected: not in anchor allow-list FC:9A:15:34:AB:20 (random) name=- bs=F66F uuid=- anchor_id=0
>>> autopos map A 4DC6B8187E33803AE8601FB0D7992B96
[AUTOPOS] AUTOPOS map set: A=4DC6B8187E33803AE8601FB0D7992B96
[AUTOPOS] ANCHOR candidate rejected: not in anchor allow-list FC:9A:15:34:AB:20 (random) name=- bs=F66F uuid=- anchor_id=0
[AUTOPOS] ANCHOR candidate rejected: not in anchor allow-list FC:9A:15:34:AB:20 (random) name=- bs=F66F uuid=- anchor_id=0
>>> autopos map B B9179575C776C98F1CB132DD6EDC6223
[AUTOPOS] AUTOPOS map set: B=B9179575C776C98F1CB132DD6EDC6223
[AUTOPOS] ANCHOR candidate rejected: not in anchor allow-list FC:9A:15:34:AB:20 (random) name=- bs=F66F uuid=- anchor_id=0
[AUTOPOS] ANCHOR candidate rejected: not in anchor allow-list FC:9A:15:34:AB:20 (random) name=- bs=F66F uuid=- anchor_id=0
[AUTOPOS] ANCHOR candidate rejected: not in anchor allow-list FC:9A:15:34:AB:20 (random) name=- bs=F66F uuid=- anchor_id=0
>>> autopos map C CEE5A7EFCB35F8A56B430047629F5309
[AUTOPOS] AUTOPOS map set: C=CEE5A7EFCB35F8A56B430047629F5309
[AUTOPOS] ANCHOR candidate rejected: not in anchor allow-list FC:9A:15:34:AB:20 (random) name=- bs=F66F uuid=- anchor_id=0
[AUTOPOS] ANCHOR candidate rejected: not in anchor allow-list FC:9A:15:34:AB:20 (random) name=- bs=F66F uuid=- anchor_id=0
[AUTOPOS] ANCHOR candidate rejected: not in anchor allow-list FC:9A:15:34:AB:20 (random) name=- bs=F66F uuid=- anchor_id=0
[AUTOPOS] ANCHOR candidate rejected: not in anchor allow-list FC:9A:15:34:AB:20 (random) name=- bs=F66F uuid=- anchor_id=0
>>> autopos map D B2B5FA625534A8C617135DCAFC9E036A
[AUTOPOS] AUTOPOS map set: D=B2B5FA625534A8C617135DCAFC9E036A
[AUTOPOS] ANCHOR candidate rejected: not in anchor allow-list FC:9A:15:34:AB:20 (random) name=- bs=F66F uuid=- anchor_id=0
[AUTOPOS] ANCHOR candidate rejected: not in anchor allow-list FC:9A:15:34:AB:20 (random) name=- bs=F66F uuid=- anchor_id=0
[AUTOPOS] ANCHOR candidate rejected: not in anchor allow-list FC:9A:15:34:AB:20 (random) name=- bs=F66F uuid=- anchor_id=0
[AUTOPOS] ANCHOR candidate rejected: not in anchor allow-list FC:9A:15:34:AB:20 (random) name=- bs=F66F uuid=- anchor_id=0
>>> autopos map E A892AF05DD59CF0D0D3408AD74F364A1
[AUTOPOS] ANCHOR candidate rejected: not in anchor allow-list FC:9A:15:34:AB:20 (random) name=- bs=F66F uuid=- anchor_id=0
[AUTOPOS] AUTOPOS map set: E=A892AF05DD59CF0D0D3408AD74F364A1
[AUTOPOS] ANCHOR candidate rejected: not in anchor allow-list FC:9A:15:34:AB:20 (random) name=- bs=F66F uuid=- anchor_id=0
[AUTOPOS] ANCHOR candidate rejected: not in anchor allow-list FC:9A:15:34:AB:20 (random) name=- bs=F66F uuid=- anchor_id=0
[AUTOPOS] ANCHOR candidate rejected: not in anchor allow-list FC:9A:15:34:AB:20 (random) name=- bs=F66F uuid=- anchor_id=0
[AUTOPOS] ANCHOR candidate rejected: not in anchor allow-list FC:9A:15:34:AB:20 (random) name=- bs=F66F uuid=- anchor_id=0
[AUTOPOS] ANCHOR candidate rejected: not in anchor allow-list FC:9A:15:34:AB:20 (random) name=- bs=F66F uuid=- anchor_id=0
>>> autopos map F 840C68591E90019821AACFF1B73AAA34
[AUTOPOS] AUTOPOS map set: F=840C68591E90019821AACFF1B73AAA34
[AUTOPOS] ANCHOR candidate rejected: not in anchor allow-list FC:9A:15:34:AB:20 (random) name=- bs=F66F uuid=- anchor_id=0
[AUTOPOS] ANCHOR candidate rejected: not in anchor allow-list FC:9A:15:34:AB:20 (random) name=- bs=F66F uuid=- anchor_id=0
>>> autopos map G B3087BC3D87CCCD316AEDC6B71D6677F
[AUTOPOS] AUTOPOS map set: G=B3087BC3D87CCCD316AEDC6B71D6677F
[AUTOPOS] ANCHOR candidate rejected: not in anchor allow-list FC:9A:15:34:AB:20 (random) name=- bs=F66F uuid=- anchor_id=0
[AUTOPOS] ANCHOR candidate rejected: not in anchor allow-list FC:9A:15:34:AB:20 (random) name=- bs=F66F uuid=- anchor_id=0
[AUTOPOS] ANCHOR candidate rejected: not in anchor allow-list FC:9A:15:34:AB:20 (random) name=- bs=F66F uuid=- anchor_id=0
[AUTOPOS] ANCHOR candidate rejected: not in anchor allow-list FC:9A:15:34:AB:20 (random) name=- bs=F66F uuid=- anchor_id=0
[AUTOPOS] ANCHOR candidate rejected: not in anchor allow-list FC:9A:15:34:AB:20 (random) name=- bs=F66F uuid=- anchor_id=0
>>> autopos map H CF12E703AC1A118F6AB440AB05B0BA23
[AUTOPOS] AUTOPOS map set: H=CF12E703AC1A118F6AB440AB05B0BA23
[AUTOPOS] ANCHOR candidate rejected: not in anchor allow-list FC:9A:15:34:AB:20 (random) name=- bs=F66F uuid=- anchor_id=0
[AUTOPOS] ANCHOR candidate rejected: not in anchor allow-list FC:9A:15:34:AB:20 (random) name=- bs=F66F uuid=- anchor_id=0
[AUTOPOS] ANCHOR candidate rejected: not in anchor allow-list FC:9A:15:34:AB:20 (random) name=- bs=F66F uuid=- anchor_id=0
[AUTOPOS] ANCHOR candidate rejected: not in anchor allow-list FC:9A:15:34:AB:20 (random) name=- bs=F66F uuid=- anchor_id=0
SESSION: using B120 Master_Anchor runtime ack only; external BLE scan role verify disabled
SESSION: runtime role broadcast attempt 1/2: anchor role all matrix
>>> anchor role all matrix
[AUTOPOS] anchor role started target=all role=matrix
[AUTOPOS] Master quiesce pending peer[0]: pending=1 setup=0 inflight=0 uuid=B3087BC3D87CCCD316AEDC6B71D6677F
[AUTOPOS] Master quiesce pending peer[1]: pending=1 setup=0 inflight=0 uuid=B2B5FA625534A8C617135DCAFC9E036A
[AUTOPOS] Master quiesce pending peer[2]: pending=1 setup=0 inflight=0 uuid=840C68591E90019821AACFF1B73AAA34
[AUTOPOS] Master quiesce pending peer[3]: pending=1 setup=0 inflight=0 uuid=B9179575C776C98F1CB132DD6EDC6223
[AUTOPOS] Master quiesce pending peer[4]: pending=1 setup=0 inflight=0 uuid=CF12E703AC1A118F6AB440AB05B0BA23
[AUTOPOS] Master quiesce pending peer[5]: pending=1 setup=0 inflight=0 uuid=4DC6B8187E33803AE8601FB0D7992B96
[AUTOPOS] Master quiesce pending peer[6]: pending=1 setup=0 inflight=0 uuid=CEE5A7EFCB35F8A56B430047629F5309
[AUTOPOS] Master quiesce pending peer[7]: pending=1 setup=0 inflight=0 uuid=A892AF05DD59CF0D0D3408AD74F364A1
[AUTOPOS] AUTOPOS wait anchor cleared: waited=0 conn_count=0 ready_count=0
[AUTOPOS] READY count=0 target=anchor target_uuid=- conn_count=0 connecting_slot=-1 scan=0 auto=0
[AUTOPOS] Master discovery mode: CONN & START
[AUTOPOS] Master discovery mode: CONN & START
[AUTOPOS] SCAN start req: bt_ready=1 scan_running=0 connecting_slot=-1 conn_count=0 target=anchor prefix=ANCHOR-
[AUTOPOS] Scanning for ANCHOR-*
[AUTOPOS] AUTOPOS wait anchor ready: uuid=4DC6B8187E33803AE8601FB0D7992B96 timeout_ms=30000
[AUTOPOS] AUTOPOS wait anchor ready: waited=0 ready_count=0
[AUTOPOS] READY count=0 target=anchor target_uuid=4DC6B8187E33803AE8601FB0D7992B96 conn_count=0 connecting_slot=-1 scan=1 auto=1
[AUTOPOS] SCAN hit: F2:B7:4E:8A:79:01 (random) rssi=-68 name=- bs=- uuid=4DC6B8187E33803AE8601FB0D7992B96 target=anchor uuid_ok=1 tag_name=0 anchor_name=0 nus=0 dfu=0 token=0 props=0x03
[AUTOPOS] CONNECT queue[0]: addr=F2:B7:4E:8A:79:01 (random) link=anchor-ctrl uuid=4DC6B8187E33803AE8601FB0D7992B96 target=anchor
[AUTOPOS] CONNECT pending[0]: addr_valid=1 link=anchor-ctrl uuid=4DC6B8187E33803AE8601FB0D7992B96 scan_running=1 conn_count=0
[AUTOPOS] CONNECT pending[0]: bt_le_scan_stop rc=0 scan_running=1
[AUTOPOS] CONNECT pending[0] rc=0 conn=0x200048e8 interval=32-56 timeout=1000
[AUTOPOS] Connected[0]: F2:B7:4E:8A:79:01 (random) name=- bs=-
[AUTOPOS] CONNECT state[0]: link=anchor-ctrl uuid=4DC6B8187E33803AE8601FB0D7992B96 ready=0 conn=0x200048e8
SETUP[0] defer: waiting 856 ms before discovery start
SETUP[0] defer: waiting 805 ms before discovery start
SETUP[0] defer: waiting 769 ms before discovery start
SETUP[0] defer: waiting 755 ms before discovery start
SETUP[0] defer: waiting 705 ms before discovery start
SETUP[0] defer: waiting 654 ms before discovery start
SETUP[0] defer: waiting 604 ms before discovery start
SETUP[0] defer: waiting 568 ms before discovery start
[AUTOPOS] AUTOPOS wait anchor ready: waited=1000 ready_count=0
[AUTOPOS] READY count=0 target=anchor target_uuid=4DC6B8187E33803AE8601FB0D7992B96 conn_count=1 connecting_slot=-1 scan=0 auto=1
[AUTOPOS] READY peer[0]: link=anchor-ctrl connected=1 ready=0 pending=0 inflight=0 retries=0 start_failures=0 uuid=4DC6B8187E33803AE8601FB0D7992B96 name=- state_h=0x0000 ctrl_h=0x0000 result_h=0x0000
SETUP[0] defer: waiting 554 ms before discovery start
SETUP[0] defer: waiting 503 ms before discovery start
SETUP[0] defer: waiting 453 ms before discovery start
SETUP[0] defer: waiting 403 ms before discovery start
SETUP[0] defer: waiting 366 ms before discovery start
SETUP[0] defer: waiting 352 ms before discovery start
SETUP[0] defer: waiting 302 ms before discovery start
SETUP[0] defer: waiting 251 ms before discovery start
SETUP[0] defer: waiting 201 ms before discovery start
SETUP[0] defer: waiting 166 ms before discovery start
SETUP[0] defer: waiting 151 ms before discovery start
SETUP[0] defer: waiting 100 ms before discovery start
SETUP[0] defer: waiting 50 ms before discovery start
SETUP[0] begin: link=anchor-ctrl uuid=4DC6B8187E33803AE8601FB0D7992B96 conn=0x200048e8
SETUP[0] anchor-ctrl: skip mtu/phy negotiation
SETUP[0] conn_param_update rc=0 interval=32-56 timeout=1000
ANCHOR_CTRL[0] static link ready state=0x0012 ctrl=0x0019 result=0x001b uuid=4DC6B8187E33803AE8601FB0D7992B96
[AUTOPOS] AUTOPOS wait anchor ready: waited=1600 ready_count=1
[AUTOPOS] READY count=1 target=anchor target_uuid=4DC6B8187E33803AE8601FB0D7992B96 conn_count=1 connecting_slot=-1 scan=0 auto=1
[AUTOPOS] READY peer[0]: link=anchor-ctrl connected=1 ready=1 pending=0 inflight=0 retries=0 start_failures=0 uuid=4DC6B8187E33803AE8601FB0D7992B96 name=- state_h=0x0012 ctrl_h=0x0019 result_h=0x001b
[AUTOPOS] AUTOPOS wait anchor ready: uuid=4DC6B8187E33803AE8601FB0D7992B96 control link ready
[AUTOPOS] AUTOPOS state: STATE fw=alt-bcast-a21
[AUTOPOS] Anchor ctrl sent[0]: RUNTIME MATRIX FORCE uuid=4DC6B8187E33803AE8601FB0D7992B96
[AUTOPOS] Conn param updated[0]: int=56 lat=0 to=1000
[AUTOPOS] AUTOPOS result: OK RUNTIME_RESTART_REQ
[AUTOPOS] anchor runtime role rc=0 target=A uuid=4DC6B8187E33803AE8601FB0D7992B96 role=matrix ack=runtime
[AUTOPOS] Master quiesce peer[0]: connected=1 ready=1 link=anchor-ctrl uuid=4DC6B8187E33803AE8601FB0D7992B96
[AUTOPOS] AUTOPOS wait anchor cleared: waited=0 conn_count=1 ready_count=0
[AUTOPOS] READY count=0 target=anchor target_uuid=4DC6B8187E33803AE8601FB0D7992B96 conn_count=1 connecting_slot=-1 scan=0 auto=0
[AUTOPOS] READY peer[0]: link=anchor-ctrl connected=1 ready=0 pending=0 inflight=0 retries=0 start_failures=0 uuid=4DC6B8187E33803AE8601FB0D7992B96 name=- state_h=0x0012 ctrl_h=0x0019 result_h=0x001b
[AUTOPOS] Disconnected[0]: F2:B7:4E:8A:79:01 (random) reason=0x16 link=anchor-ctrl ready=0
[AUTOPOS] RECV_BG suppressed: quiesce disconnect restart blocked remaining=0
[AUTOPOS] AUTOPOS wait anchor cleared: waited=100 conn_count=0 ready_count=0
[AUTOPOS] READY count=0 target=anchor target_uuid=4DC6B8187E33803AE8601FB0D7992B96 conn_count=0 connecting_slot=-1 scan=0 auto=0
[AUTOPOS] Master discovery mode: CONN & START
[AUTOPOS] Master discovery mode: CONN & START
[AUTOPOS] SCAN start req: bt_ready=1 scan_running=0 connecting_slot=-1 conn_count=0 target=anchor prefix=ANCHOR-
[AUTOPOS] Scanning for ANCHOR-*
[AUTOPOS] AUTOPOS wait anchor ready: uuid=B9179575C776C98F1CB132DD6EDC6223 timeout_ms=30000
[AUTOPOS] AUTOPOS wait anchor ready: waited=0 ready_count=0
[AUTOPOS] READY count=0 target=anchor target_uuid=B9179575C776C98F1CB132DD6EDC6223 conn_count=0 connecting_slot=-1 scan=1 auto=1
[AUTOPOS] SCAN hit: C0:1D:D1:D0:CE:B0 (random) rssi=-59 name=- bs=- uuid=B9179575C776C98F1CB132DD6EDC6223 target=anchor uuid_ok=1 tag_name=0 anchor_name=0 nus=0 dfu=0 token=0 props=0x03
[AUTOPOS] CONNECT queue[0]: addr=C0:1D:D1:D0:CE:B0 (random) link=anchor-ctrl uuid=B9179575C776C98F1CB132DD6EDC6223 target=anchor
[AUTOPOS] CONNECT pending[0]: addr_valid=1 link=anchor-ctrl uuid=B9179575C776C98F1CB132DD6EDC6223 scan_running=1 conn_count=0
[AUTOPOS] CONNECT pending[0]: bt_le_scan_stop rc=0 scan_running=1
[AUTOPOS] CONNECT pending[0] rc=0 conn=0x200048e8 interval=32-56 timeout=1000
[AUTOPOS] Connected[0]: C0:1D:D1:D0:CE:B0 (random) name=- bs=-
[AUTOPOS] CONNECT state[0]: link=anchor-ctrl uuid=B9179575C776C98F1CB132DD6EDC6223 ready=0 conn=0x200048e8
SETUP[0] defer: waiting 892 ms before discovery start
SETUP[0] defer: waiting 842 ms before discovery start
SETUP[0] defer: waiting 840 ms before discovery start
SETUP[0] defer: waiting 792 ms before discovery start
SETUP[0] defer: waiting 741 ms before discovery start
SETUP[0] defer: waiting 691 ms before discovery start
SETUP[0] defer: waiting 641 ms before discovery start
SETUP[0] defer: waiting 639 ms before discovery start
[AUTOPOS] AUTOPOS wait anchor ready: waited=1000 ready_count=0
[AUTOPOS] READY count=0 target=anchor target_uuid=B9179575C776C98F1CB132DD6EDC6223 conn_count=1 connecting_slot=-1 scan=0 auto=1
[AUTOPOS] READY peer[0]: link=anchor-ctrl connected=1 ready=0 pending=0 inflight=0 retries=0 start_failures=0 uuid=B9179575C776C98F1CB132DD6EDC6223 name=- state_h=0x0000 ctrl_h=0x0000 result_h=0x0000
SETUP[0] defer: waiting 590 ms before discovery start
SETUP[0] defer: waiting 540 ms before discovery start
SETUP[0] defer: waiting 489 ms before discovery start
SETUP[0] defer: waiting 439 ms before discovery start
SETUP[0] defer: waiting 437 ms before discovery start
SETUP[0] defer: waiting 389 ms before discovery start
SETUP[0] defer: waiting 338 ms before discovery start
SETUP[0] defer: waiting 288 ms before discovery start
SETUP[0] defer: waiting 238 ms before discovery start
SETUP[0] defer: waiting 237 ms before discovery start
SETUP[0] defer: waiting 187 ms before discovery start
SETUP[0] defer: waiting 137 ms before discovery start
SETUP[0] defer: waiting 87 ms before discovery start
SETUP[0] defer: waiting 36 ms before discovery start
SETUP[0] defer: waiting 36 ms before discovery start
SETUP[0] begin: link=anchor-ctrl uuid=B9179575C776C98F1CB132DD6EDC6223 conn=0x200048e8
SETUP[0] anchor-ctrl: skip mtu/phy negotiation
SETUP[0] conn_param_update rc=0 interval=32-56 timeout=1000
ANCHOR_CTRL[0] static link ready state=0x0012 ctrl=0x0019 result=0x001b uuid=B9179575C776C98F1CB132DD6EDC6223
[AUTOPOS] AUTOPOS wait anchor ready: waited=1800 ready_count=1
[AUTOPOS] READY count=1 target=anchor target_uuid=B9179575C776C98F1CB132DD6EDC6223 conn_count=1 connecting_slot=-1 scan=0 auto=1
[AUTOPOS] READY peer[0]: link=anchor-ctrl connected=1 ready=1 pending=0 inflight=0 retries=0 start_failures=0 uuid=B9179575C776C98F1CB132DD6EDC6223 name=- state_h=0x0012 ctrl_h=0x0019 result_h=0x001b
[AUTOPOS] AUTOPOS wait anchor ready: uuid=B9179575C776C98F1CB132DD6EDC6223 control link ready
[AUTOPOS] AUTOPOS state: STATE fw=alt-bcast-a21
[AUTOPOS] Anchor ctrl sent[0]: RUNTIME MATRIX FORCE uuid=B9179575C776C98F1CB132DD6EDC6223
[AUTOPOS] AUTOPOS result: OK RUNTIME_RESTART_REQ
[AUTOPOS] Conn param updated[0]: int=56 lat=0 to=1000
[AUTOPOS] anchor runtime role rc=0 target=B uuid=B9179575C776C98F1CB132DD6EDC6223 role=matrix ack=runtime
[AUTOPOS] Master quiesce peer[0]: connected=1 ready=1 link=anchor-ctrl uuid=B9179575C776C98F1CB132DD6EDC6223
[AUTOPOS] AUTOPOS wait anchor cleared: waited=0 conn_count=1 ready_count=0
[AUTOPOS] READY count=0 target=anchor target_uuid=B9179575C776C98F1CB132DD6EDC6223 conn_count=1 connecting_slot=-1 scan=0 auto=0
[AUTOPOS] READY peer[0]: link=anchor-ctrl connected=1 ready=0 pending=0 inflight=0 retries=0 start_failures=0 uuid=B9179575C776C98F1CB132DD6EDC6223 name=- state_h=0x0012 ctrl_h=0x0019 result_h=0x001b
[AUTOPOS] AUTOPOS wait anchor cleared: waited=1000 conn_count=1 ready_count=0
[AUTOPOS] READY count=0 target=anchor target_uuid=B9179575C776C98F1CB132DD6EDC6223 conn_count=1 connecting_slot=-1 scan=0 auto=0
[AUTOPOS] READY peer[0]: link=anchor-ctrl connected=1 ready=0 pending=0 inflight=0 retries=0 start_failures=0 uuid=B9179575C776C98F1CB132DD6EDC6223 name=- state_h=0x0012 ctrl_h=0x0019 result_h=0x001b
[AUTOPOS] AUTOPOS wait anchor cleared: waited=2000 conn_count=1 ready_count=0
[AUTOPOS] READY count=0 target=anchor target_uuid=B9179575C776C98F1CB132DD6EDC6223 conn_count=1 connecting_slot=-1 scan=0 auto=0
[AUTOPOS] READY peer[0]: link=anchor-ctrl connected=1 ready=0 pending=0 inflight=0 retries=0 start_failures=0 uuid=B9179575C776C98F1CB132DD6EDC6223 name=- state_h=0x0012 ctrl_h=0x0019 result_h=0x001b
[AUTOPOS] AUTOPOS wait anchor cleared timeout: waited=3000 conn_count=1 ready_count=0
[AUTOPOS] READY count=0 target=anchor target_uuid=B9179575C776C98F1CB132DD6EDC6223 conn_count=1 connecting_slot=-1 scan=0 auto=0
[AUTOPOS] READY peer[0]: link=anchor-ctrl connected=1 ready=0 pending=0 inflight=0 retries=0 start_failures=0 uuid=B9179575C776C98F1CB132DD6EDC6223 name=- state_h=0x0012 ctrl_h=0x0019 result_h=0x001b
[AUTOPOS] Master discovery mode: CONN & START
[AUTOPOS] Master discovery mode: CONN & START
[AUTOPOS] SCAN start req: bt_ready=1 scan_running=0 connecting_slot=-1 conn_count=1 target=anchor prefix=ANCHOR-
[AUTOPOS] Scanning for ANCHOR-*
[AUTOPOS] AUTOPOS wait anchor ready: uuid=CEE5A7EFCB35F8A56B430047629F5309 timeout_ms=30000
[AUTOPOS] AUTOPOS wait anchor ready: waited=0 ready_count=0
[AUTOPOS] READY count=0 target=anchor target_uuid=CEE5A7EFCB35F8A56B430047629F5309 conn_count=1 connecting_slot=-1 scan=1 auto=1
[AUTOPOS] READY peer[0]: link=anchor-ctrl connected=1 ready=0 pending=0 inflight=0 retries=0 start_failures=0 uuid=B9179575C776C98F1CB132DD6EDC6223 name=- state_h=0x0012 ctrl_h=0x0019 result_h=0x001b
[AUTOPOS] SCAN hit: FD:64:2E:93:37:86 (random) rssi=-64 name=- bs=- uuid=CEE5A7EFCB35F8A56B430047629F5309 target=anchor uuid_ok=1 tag_name=0 anchor_name=0 nus=0 dfu=0 token=0 props=0x03
[AUTOPOS] CONNECT queue[1]: addr=FD:64:2E:93:37:86 (random) link=anchor-ctrl uuid=CEE5A7EFCB35F8A56B430047629F5309 target=anchor
[AUTOPOS] AUTOPOS wait anchor ready: waited=1000 ready_count=0
[AUTOPOS] READY count=0 target=anchor target_uuid=CEE5A7EFCB35F8A56B430047629F5309 conn_count=1 connecting_slot=-1 scan=1 auto=1
[AUTOPOS] READY peer[0]: link=anchor-ctrl connected=1 ready=0 pending=0 inflight=0 retries=0 start_failures=0 uuid=B9179575C776C98F1CB132DD6EDC6223 name=- state_h=0x0012 ctrl_h=0x0019 result_h=0x001b
[AUTOPOS] READY peer[1]: link=anchor-ctrl connected=0 ready=0 pending=1 inflight=0 retries=0 start_failures=0 uuid=CEE5A7EFCB35F8A56B430047629F5309 name=- state_h=0x0000 ctrl_h=0x0000 result_h=0x0000
[AUTOPOS] AUTOPOS wait anchor ready: waited=2000 ready_count=0
[AUTOPOS] READY count=0 target=anchor target_uuid=CEE5A7EFCB35F8A56B430047629F5309 conn_count=1 connecting_slot=-1 scan=1 auto=1
[AUTOPOS] READY peer[0]: link=anchor-ctrl connected=1 ready=0 pending=0 inflight=0 retries=0 start_failures=0 uuid=B9179575C776C98F1CB132DD6EDC6223 name=- state_h=0x0012 ctrl_h=0x0019 result_h=0x001b
[AUTOPOS] READY peer[1]: link=anchor-ctrl connected=0 ready=0 pending=1 inflight=0 retries=0 start_failures=0 uuid=CEE5A7EFCB35F8A56B430047629F5309 name=- state_h=0x0000 ctrl_h=0x0000 result_h=0x0000
[AUTOPOS] AUTOPOS wait anchor ready: waited=3000 ready_count=0
[AUTOPOS] READY count=0 target=anchor target_uuid=CEE5A7EFCB35F8A56B430047629F5309 conn_count=1 connecting_slot=-1 scan=1 auto=1
[AUTOPOS] READY peer[0]: link=anchor-ctrl connected=1 ready=0 pending=0 inflight=0 retries=0 start_failures=0 uuid=B9179575C776C98F1CB132DD6EDC6223 name=- state_h=0x0012 ctrl_h=0x0019 result_h=0x001b
[AUTOPOS] READY peer[1]: link=anchor-ctrl connected=0 ready=0 pending=1 inflight=0 retries=0 start_failures=0 uuid=CEE5A7EFCB35F8A56B430047629F5309 name=- state_h=0x0000 ctrl_h=0x0000 result_h=0x0000
[AUTOPOS] AUTOPOS wait anchor ready: waited=4000 ready_count=0
[AUTOPOS] READY count=0 target=anchor target_uuid=CEE5A7EFCB35F8A56B430047629F5309 conn_count=1 connecting_slot=-1 scan=1 auto=1
[AUTOPOS] READY peer[0]: link=anchor-ctrl connected=1 ready=0 pending=0 inflight=0 retries=0 start_failures=0 uuid=B9179575C776C98F1CB132DD6EDC6223 name=- state_h=0x0012 ctrl_h=0x0019 result_h=0x001b
[AUTOPOS] READY peer[1]: link=anchor-ctrl connected=0 ready=0 pending=1 inflight=0 retries=0 start_failures=0 uuid=CEE5A7EFCB35F8A56B430047629F5309 name=- state_h=0x0000 ctrl_h=0x0000 result_h=0x0000
[AUTOPOS] AUTOPOS wait anchor ready: waited=5000 ready_count=0
[AUTOPOS] READY count=0 target=anchor target_uuid=CEE5A7EFCB35F8A56B430047629F5309 conn_count=1 connecting_slot=-1 scan=1 auto=1
[AUTOPOS] READY peer[0]: link=anchor-ctrl connected=1 ready=0 pending=0 inflight=0 retries=0 start_failures=0 uuid=B9179575C776C98F1CB132DD6EDC6223 name=- state_h=0x0012 ctrl_h=0x0019 result_h=0x001b
[AUTOPOS] READY peer[1]: link=anchor-ctrl connected=0 ready=0 pending=1 inflight=0 retries=0 start_failures=0 uuid=CEE5A7EFCB35F8A56B430047629F5309 name=- state_h=0x0000 ctrl_h=0x0000 result_h=0x0000
[AUTOPOS] AUTOPOS wait anchor ready: waited=6000 ready_count=0
[AUTOPOS] READY count=0 target=anchor target_uuid=CEE5A7EFCB35F8A56B430047629F5309 conn_count=1 connecting_slot=-1 scan=1 auto=1
[AUTOPOS] READY peer[0]: link=anchor-ctrl connected=1 ready=0 pending=0 inflight=0 retries=0 start_failures=0 uuid=B9179575C776C98F1CB132DD6EDC6223 name=- state_h=0x0012 ctrl_h=0x0019 result_h=0x001b
[AUTOPOS] READY peer[1]: link=anchor-ctrl connected=0 ready=0 pending=1 inflight=0 retries=0 start_failures=0 uuid=CEE5A7EFCB35F8A56B430047629F5309 name=- state_h=0x0000 ctrl_h=0x0000 result_h=0x0000
[AUTOPOS] Disconnected[0]: C0:1D:D1:D0:CE:B0 (random) reason=0x08 link=anchor-ctrl ready=0
[AUTOPOS] RECV_BG suppressed: quiesce disconnect restart blocked remaining=0
[AUTOPOS] CONNECT pending[1]: addr_valid=1 link=anchor-ctrl uuid=CEE5A7EFCB35F8A56B430047629F5309 scan_running=1 conn_count=0
[AUTOPOS] CONNECT pending[1]: bt_le_scan_stop rc=0 scan_running=1
[AUTOPOS] CONNECT pending[1] rc=0 conn=0x200048e8 interval=32-56 timeout=1000
[AUTOPOS] Connected[1]: FD:64:2E:93:37:86 (random) name=- bs=-
[AUTOPOS] CONNECT state[1]: link=anchor-ctrl uuid=CEE5A7EFCB35F8A56B430047629F5309 ready=0 conn=0x200048e8
SETUP[1] defer: waiting 887 ms before discovery start
SETUP[1] defer: waiting 872 ms before discovery start
SETUP[1] defer: waiting 822 ms before discovery start
SETUP[1] defer: waiting 771 ms before discovery start
SETUP[1] defer: waiting 721 ms before discovery start
SETUP[1] defer: waiting 687 ms before discovery start
SETUP[1] defer: waiting 671 ms before discovery start
SETUP[1] defer: waiting 620 ms before discovery start
SETUP[1] defer: waiting 570 ms before discovery start
SETUP[1] defer: waiting 520 ms before discovery start
SETUP[1] defer: waiting 487 ms before discovery start
[AUTOPOS] AUTOPOS wait anchor ready: waited=7000 ready_count=0
[AUTOPOS] READY count=0 target=anchor target_uuid=CEE5A7EFCB35F8A56B430047629F5309 conn_count=1 connecting_slot=-1 scan=0 auto=1
[AUTOPOS] READY peer[1]: link=anchor-ctrl connected=1 ready=0 pending=0 inflight=0 retries=0 start_failures=0 uuid=CEE5A7EFCB35F8A56B430047629F5309 name=- state_h=0x0000 ctrl_h=0x0000 result_h=0x0000
SETUP[1] defer: waiting 469 ms before discovery start
SETUP[1] defer: waiting 419 ms before discovery start
SETUP[1] defer: waiting 368 ms before discovery start
SETUP[1] defer: waiting 318 ms before discovery start
SETUP[1] defer: waiting 285 ms before discovery start
SETUP[1] defer: waiting 268 ms before discovery start
SETUP[1] defer: waiting 217 ms before discovery start
SETUP[1] defer: waiting 167 ms before discovery start
SETUP[1] defer: waiting 117 ms before discovery start
SETUP[1] defer: waiting 84 ms before discovery start
SETUP[1] defer: waiting 66 ms before discovery start
SETUP[1] defer: waiting 16 ms before discovery start
SETUP[1] begin: link=anchor-ctrl uuid=CEE5A7EFCB35F8A56B430047629F5309 conn=0x200048e8
SETUP[1] anchor-ctrl: skip mtu/phy negotiation
SETUP[1] conn_param_update rc=0 interval=32-56 timeout=1000
ANCHOR_CTRL[1] static link ready state=0x0012 ctrl=0x0019 result=0x001b uuid=CEE5A7EFCB35F8A56B430047629F5309
[AUTOPOS] AUTOPOS wait anchor ready: waited=7600 ready_count=1
[AUTOPOS] READY count=1 target=anchor target_uuid=CEE5A7EFCB35F8A56B430047629F5309 conn_count=1 connecting_slot=-1 scan=0 auto=1
[AUTOPOS] READY peer[1]: link=anchor-ctrl connected=1 ready=1 pending=0 inflight=0 retries=0 start_failures=0 uuid=CEE5A7EFCB35F8A56B430047629F5309 name=- state_h=0x0012 ctrl_h=0x0019 result_h=0x001b
[AUTOPOS] AUTOPOS wait anchor ready: uuid=CEE5A7EFCB35F8A56B430047629F5309 control link ready
[AUTOPOS] AUTOPOS state: STATE fw=alt-bcast-a21
[AUTOPOS] Anchor ctrl sent[1]: RUNTIME MATRIX FORCE uuid=CEE5A7EFCB35F8A56B430047629F5309
[AUTOPOS] AUTOPOS result: OK RUNTIME_RESTART_REQ
[AUTOPOS] Conn param updated[1]: int=56 lat=0 to=1000
[AUTOPOS] anchor runtime role rc=0 target=C uuid=CEE5A7EFCB35F8A56B430047629F5309 role=matrix ack=runtime
[AUTOPOS] Master quiesce peer[1]: connected=1 ready=1 link=anchor-ctrl uuid=CEE5A7EFCB35F8A56B430047629F5309
[AUTOPOS] AUTOPOS wait anchor cleared: waited=0 conn_count=1 ready_count=0
[AUTOPOS] READY count=0 target=anchor target_uuid=CEE5A7EFCB35F8A56B430047629F5309 conn_count=1 connecting_slot=-1 scan=0 auto=0
[AUTOPOS] READY peer[1]: link=anchor-ctrl connected=1 ready=0 pending=0 inflight=0 retries=0 start_failures=0 uuid=CEE5A7EFCB35F8A56B430047629F5309 name=- state_h=0x0012 ctrl_h=0x0019 result_h=0x001b
[AUTOPOS] Disconnected[1]: FD:64:2E:93:37:86 (random) reason=0x16 link=anchor-ctrl ready=0
[AUTOPOS] RECV_BG suppressed: quiesce disconnect restart blocked remaining=0
[AUTOPOS] AUTOPOS wait anchor cleared: waited=100 conn_count=0 ready_count=0
[AUTOPOS] READY count=0 target=anchor target_uuid=CEE5A7EFCB35F8A56B430047629F5309 conn_count=0 connecting_slot=-1 scan=0 auto=0
[AUTOPOS] Master discovery mode: CONN & START
[AUTOPOS] Master discovery mode: CONN & START
[AUTOPOS] SCAN start req: bt_ready=1 scan_running=0 connecting_slot=-1 conn_count=0 target=anchor prefix=ANCHOR-
[AUTOPOS] Scanning for ANCHOR-*
[AUTOPOS] AUTOPOS wait anchor ready: uuid=B2B5FA625534A8C617135DCAFC9E036A timeout_ms=30000
[AUTOPOS] AUTOPOS wait anchor ready: waited=0 ready_count=0
[AUTOPOS] READY count=0 target=anchor target_uuid=B2B5FA625534A8C617135DCAFC9E036A conn_count=0 connecting_slot=-1 scan=1 auto=1
[AUTOPOS] SCAN hit: F9:5B:1A:A3:84:45 (random) rssi=-56 name=- bs=- uuid=B2B5FA625534A8C617135DCAFC9E036A target=anchor uuid_ok=1 tag_name=0 anchor_name=0 nus=0 dfu=0 token=0 props=0x03
[AUTOPOS] CONNECT queue[0]: addr=F9:5B:1A:A3:84:45 (random) link=anchor-ctrl uuid=B2B5FA625534A8C617135DCAFC9E036A target=anchor
[AUTOPOS] CONNECT pending[0]: addr_valid=1 link=anchor-ctrl uuid=B2B5FA625534A8C617135DCAFC9E036A scan_running=1 conn_count=0
[AUTOPOS] CONNECT pending[0]: bt_le_scan_stop rc=0 scan_running=1
[AUTOPOS] CONNECT pending[0] rc=0 conn=0x200048e8 interval=32-56 timeout=1000
[AUTOPOS] Connected[0]: F9:5B:1A:A3:84:45 (random) name=- bs=-
[AUTOPOS] CONNECT state[0]: link=anchor-ctrl uuid=B2B5FA625534A8C617135DCAFC9E036A ready=0 conn=0x200048e8
SETUP[0] defer: waiting 877 ms before discovery start
SETUP[0] defer: waiting 827 ms before discovery start
SETUP[0] defer: waiting 777 ms before discovery start
SETUP[0] defer: waiting 776 ms before discovery start
SETUP[0] defer: waiting 726 ms before discovery start
SETUP[0] defer: waiting 676 ms before discovery start
SETUP[0] defer: waiting 625 ms before discovery start
SETUP[0] defer: waiting 577 ms before discovery start
SETUP[0] defer: waiting 575 ms before discovery start
[AUTOPOS] Disconnected[0]: F9:5B:1A:A3:84:45 (random) reason=0x3e link=anchor-ctrl ready=0
[AUTOPOS] SCAN start req: bt_ready=1 scan_running=0 connecting_slot=-1 conn_count=0 target=anchor prefix=ANCHOR-
[AUTOPOS] Scanning for ANCHOR-*
[AUTOPOS] AUTOPOS wait anchor ready: waited=1000 ready_count=0
[AUTOPOS] READY count=0 target=anchor target_uuid=B2B5FA625534A8C617135DCAFC9E036A conn_count=0 connecting_slot=-1 scan=1 auto=1
[AUTOPOS] SCAN hit: F9:5B:1A:A3:84:45 (random) rssi=-56 name=- bs=- uuid=B2B5FA625534A8C617135DCAFC9E036A target=anchor uuid_ok=1 tag_name=0 anchor_name=0 nus=0 dfu=0 token=0 props=0x03
[AUTOPOS] CONNECT queue[0]: addr=F9:5B:1A:A3:84:45 (random) link=anchor-ctrl uuid=B2B5FA625534A8C617135DCAFC9E036A target=anchor
[AUTOPOS] CONNECT pending[0]: addr_valid=1 link=anchor-ctrl uuid=B2B5FA625534A8C617135DCAFC9E036A scan_running=1 conn_count=0
[AUTOPOS] CONNECT pending[0]: addr_valid=1 link=anchor-ctrl uuid=B2B5FA625534A8C617135DCAFC9E036A scan_running=1 conn_count=0
[AUTOPOS] CONNECT pending[0]: bt_le_scan_stop rc=0 scan_running=1
[AUTOPOS] CONNECT pending[0] rc=0 conn=0x200048e8 interval=32-56 timeout=1000
[AUTOPOS] Connected[0]: F9:5B:1A:A3:84:45 (random) name=- bs=-
[AUTOPOS] CONNECT state[0]: link=anchor-ctrl uuid=B2B5FA625534A8C617135DCAFC9E036A ready=0 conn=0x200048e8
[AUTOPOS] CONNECT pending[0]: bt_le_scan_stop rc=0 scan_running=0
[AUTOPOS] CONNECT pending[0] rc=-22 conn=0x200048e8 interval=32-56 timeout=1000
[AUTOPOS] Create conn failed[0]: -22
[AUTOPOS] SCAN start req: bt_ready=1 scan_running=0 connecting_slot=-1 conn_count=1 target=anchor prefix=ANCHOR-
[AUTOPOS] Scanning for ANCHOR-*
[AUTOPOS] AUTOPOS wait anchor ready: waited=2000 ready_count=0
[AUTOPOS] READY count=0 target=anchor target_uuid=B2B5FA625534A8C617135DCAFC9E036A conn_count=1 connecting_slot=-1 scan=1 auto=1
[AUTOPOS] AUTOPOS wait anchor ready: waited=3000 ready_count=0
[AUTOPOS] READY count=0 target=anchor target_uuid=B2B5FA625534A8C617135DCAFC9E036A conn_count=1 connecting_slot=-1 scan=1 auto=1
[AUTOPOS] AUTOPOS wait anchor ready: waited=4000 ready_count=0
[AUTOPOS] READY count=0 target=anchor target_uuid=B2B5FA625534A8C617135DCAFC9E036A conn_count=1 connecting_slot=-1 scan=1 auto=1
[AUTOPOS] AUTOPOS wait anchor ready: waited=5000 ready_count=0
[AUTOPOS] READY count=0 target=anchor target_uuid=B2B5FA625534A8C617135DCAFC9E036A conn_count=1 connecting_slot=-1 scan=1 auto=1
[AUTOPOS] AUTOPOS wait anchor ready: waited=6000 ready_count=0
[AUTOPOS] READY count=0 target=anchor target_uuid=B2B5FA625534A8C617135DCAFC9E036A conn_count=1 connecting_slot=-1 scan=1 auto=1
[AUTOPOS] Conn param updated[-1]: int=56 lat=0 to=1000
[AUTOPOS] AUTOPOS wait anchor ready: waited=7000 ready_count=0
[AUTOPOS] READY count=0 target=anchor target_uuid=B2B5FA625534A8C617135DCAFC9E036A conn_count=1 connecting_slot=-1 scan=1 auto=1
[AUTOPOS] AUTOPOS wait anchor ready: waited=8000 ready_count=0
[AUTOPOS] READY count=0 target=anchor target_uuid=B2B5FA625534A8C617135DCAFC9E036A conn_count=1 connecting_slot=-1 scan=1 auto=1
[AUTOPOS] AUTOPOS wait anchor ready: waited=9000 ready_count=0
[AUTOPOS] READY count=0 target=anchor target_uuid=B2B5FA625534A8C617135DCAFC9E036A conn_count=1 connecting_slot=-1 scan=1 auto=1
[AUTOPOS] AUTOPOS wait anchor ready: waited=10000 ready_count=0
[AUTOPOS] READY count=0 target=anchor target_uuid=B2B5FA625534A8C617135DCAFC9E036A conn_count=1 connecting_slot=-1 scan=1 auto=1
[AUTOPOS] AUTOPOS wait anchor ready: waited=11000 ready_count=0
[AUTOPOS] READY count=0 target=anchor target_uuid=B2B5FA625534A8C617135DCAFC9E036A conn_count=1 connecting_slot=-1 scan=1 auto=1
[AUTOPOS] AUTOPOS wait anchor ready: waited=12000 ready_count=0
[AUTOPOS] READY count=0 target=anchor target_uuid=B2B5FA625534A8C617135DCAFC9E036A conn_count=1 connecting_slot=-1 scan=1 auto=1
[AUTOPOS] AUTOPOS wait anchor ready: waited=13000 ready_count=0
[AUTOPOS] READY count=0 target=anchor target_uuid=B2B5FA625534A8C617135DCAFC9E036A conn_count=1 connecting_slot=-1 scan=1 auto=1
[AUTOPOS] AUTOPOS wait anchor ready: waited=14000 ready_count=0
[AUTOPOS] READY count=0 target=anchor target_uuid=B2B5FA625534A8C617135DCAFC9E036A conn_count=1 connecting_slot=-1 scan=1 auto=1
[AUTOPOS] AUTOPOS wait anchor ready: waited=15000 ready_count=0
[AUTOPOS] READY count=0 target=anchor target_uuid=B2B5FA625534A8C617135DCAFC9E036A conn_count=1 connecting_slot=-1 scan=1 auto=1
[AUTOPOS] AUTOPOS wait anchor ready: waited=16000 ready_count=0
[AUTOPOS] READY count=0 target=anchor target_uuid=B2B5FA625534A8C617135DCAFC9E036A conn_count=1 connecting_slot=-1 scan=1 auto=1
[AUTOPOS] AUTOPOS wait anchor ready: waited=17000 ready_count=0
[AUTOPOS] READY count=0 target=anchor target_uuid=B2B5FA625534A8C617135DCAFC9E036A conn_count=1 connecting_slot=-1 scan=1 auto=1
