PORT=/dev/serial/by-id/usb-BioSpur_BioSpur_BLE_Control_87EA2F4A526C5A02-if00
START=2026-06-02 22:54:28
MASTER=C
PRECHECK: BSxxxx tag quarantine disabled; master/matrix anchors ignore tag polls during sweep
PRECHECK: context session_autopos_ready=1 autopos_initialized=1
PRECHECK: reusing session AUTOPOS state from matrix guard
PRECHECK: reusing existing AUTOPOS map
>>> autopos cir full
[AUTOPOS] AUTOPOS cir mode set: FULL
>>> autopos round C 10
[AUTOPOS] AUTOPOS round staged: master=C sets=10
>>> autopos status
[AUTOPOS] AUTOPOS: mode=AUTOPOS state=staged staged=C last_success=B sets=10 cir=FULL error=-
>>> autopos apply
[AUTOPOS] AUTOPOS apply started
[AUTOPOS] RECV_BG gate: SUPPRESS reason=autopos_detach
[AUTOPOS] AUTOPOS detach skip STOP: finite master auto-returns to matrix sets=10
[AUTOPOS] RECV_BG gate: ALLOW reason=autopos_detach_done
[AUTOPOS] SCAN start req: bt_ready=1 scan_running=0 connecting_slot=-1 conn_count=8 target=anchor prefix=ANCHOR-
[AUTOPOS] Scanning for ANCHOR-*
[AUTOPOS] AUTOPOS apply mode: incremental
[AUTOPOS] AUTOPOS apply incremental: prev_master=B new_master=C
[AUTOPOS] Master discovery mode: CONN & START
[AUTOPOS] AUTOPOS wait anchor ready: uuid=B9179575C776C98F1CB132DD6EDC6223 reuse existing ready control link (discovery remains active)
[AUTOPOS] AUTOPOS state: STATE fw=anchor-cir-runtime-modes-202606 bs=BS592A uuid=B9179575C776C98F1CB132DD6EDC6223 label=B role=matrix cfg_valid=1 busy=1 pending_valid=1 schema=2 gen=3 reboot_required=0
[AUTOPOS] AUTOPOS state: STATE fw=anchor-cir-runtime-modes-202606 bs=BS592A uuid=B9179575C776C98F1CB132DD6EDC6223 label=B role=matrix cfg_valid=1 busy=1 pending_valid=1 schema=2 gen=3 reboot_required=0
[AUTOPOS] AUTOPOS anchor B already active role=matrix cfg_valid=1; keeping current config
[AUTOPOS] AUTOPOS anchor B role verified
[AUTOPOS] Master discovery mode: CONN & START
[AUTOPOS] AUTOPOS wait anchor ready: uuid=CEE5A7EFCB35F8A56B430047629F5309 reuse existing ready control link (discovery remains active)
[AUTOPOS] AUTOPOS state: STATE fw=anchor-cir-runtime-modes-202606 bs=BS5380 uuid=CEE5A7EFCB35F8A56B430047629F5309 label=C role=matrix cfg_valid=1 busy=1 pending_valid=1 schema=2 gen=3 reboot_required=0
[AUTOPOS] AUTOPOS state: STATE fw=anchor-cir-runtime-modes-202606 bs=BS5380 uuid=CEE5A7EFCB35F8A56B430047629F5309 label=C role=matrix cfg_valid=1 busy=1 pending_valid=1 schema=2 gen=3 reboot_required=0
[AUTOPOS] BLE cmd skip[0]: target mismatch kind=anchor target_name=- target_uuid=CEE5A7EFCB35F8A56B430047629F5309 peer_name=- peer_bs=- peer_uuid=B1E487C2B1FD740D1442206A1857DFA1 link=anchor-ctrl ready=1
[AUTOPOS] BLE cmd skip[1]: target mismatch kind=anchor target_name=- target_uuid=CEE5A7EFCB35F8A56B430047629F5309 peer_name=- peer_bs=- peer_uuid=A892AF05DD59CF0D0D3408AD74F364A1 link=anchor-ctrl ready=1
[AUTOPOS] Anchor ctrl sent[2]: RUNTIME MASTER SWEEP 10 CIR=FULL uuid=CEE5A7EFCB35F8A56B430047629F5309
[AUTOPOS] BLE cmd skip[3]: target mismatch kind=anchor target_name=- target_uuid=CEE5A7EFCB35F8A56B430047629F5309 peer_name=- peer_bs=- peer_uuid=B3087BC3D87CCCD316AEDC6B71D6677F link=anchor-ctrl ready=1
[AUTOPOS] BLE cmd skip[4]: target mismatch kind=anchor target_name=- target_uuid=CEE5A7EFCB35F8A56B430047629F5309 peer_name=- peer_bs=- peer_uuid=840C68591E90019821AACFF1B73AAA34 link=anchor-ctrl ready=1
[AUTOPOS] BLE cmd skip[5]: target mismatch kind=anchor target_name=- target_uuid=CEE5A7EFCB35F8A56B430047629F5309 peer_name=- peer_bs=- peer_uuid=F3BB7A04104F9CB8561DDDACB9E53714 link=anchor-ctrl ready=1
[AUTOPOS] BLE cmd skip[6]: target mismatch kind=anchor target_name=- target_uuid=CEE5A7EFCB35F8A56B430047629F5309 peer_name=- peer_bs=- peer_uuid=B9179575C776C98F1CB132DD6EDC6223 link=anchor-ctrl ready=1
[AUTOPOS] BLE cmd skip[7]: target mismatch kind=anchor target_name=- target_uuid=CEE5A7EFCB35F8A56B430047629F5309 peer_name=- peer_bs=- peer_uuid=B2B5FA625534A8C617135DCAFC9E036A link=anchor-ctrl ready=1
[AUTOPOS] ANCHOR_CTRL[2] notify: OK RUNTIME_SWITCH_REQUESTED SWEEP=10
[AUTOPOS] AUTOPOS result: OK RUNTIME_SWITCH_REQUESTED SWEEP=10
[AUTOPOS] AUTOPOS state: STATE fw=anchor-cir-runtime-modes-202606 bs=BS5380 uuid=CEE5A7EFCB35F8A56B430047629F5309 label=C role=master cfg_valid=1 busy=1 pending_valid=1 schema=2 gen=3 reboot_required=0
[AUTOPOS] AUTOPOS anchor C role verified
[AUTOPOS] AUTOPOS apply success: master=C
[AUTOPOS] AUTOPOS finite sweep handoff: master=C sets=10; host waits for SWEEP_DONE
[AUTOPOS] SW-C,A,5123,100,B,3538,100,D,3970,100,E,5004,100,F,3576,100,G,1592,100,H,4094,100
[AUTOPOS] SW-C,A,5123,100,B,3233,100,D,3970,100,E,5006,100,F,3554,100,G,1571,100,H,4093,100
[AUTOPOS] SW-C,A,5192,66,B,3520,100,D,3928,66,E,4968,100,F,3566,100,G,1571,100,H,3996,100
[AUTOPOS] SW-C,A,5198,75,B,3293,100,D,3928,66,E,5016,100,F,3540,100,G,1568,75,H,4049,100
[AUTOPOS] SW-C,A,5099,80,B,3317,100,D,3976,60,E,5027,100,F,3540,100,G,1550,80,H,4078,100
[AUTOPOS] SW-C,A,5098,83,B,3351,100,D,3962,66,E,4978,100,F,3539,83,G,1550,80,H,4089,100
[AUTOPOS] SW-C,A,5098,83,B,3317,100,D,3966,71,E,4956,100,F,3539,83,G,1583,71,H,4074,100
[AUTOPOS] SW-C,A,5098,83,B,3396,100,D,3970,75,E,4932,100,F,3574,75,G,1559,75,H,4055,100
[AUTOPOS] SW-C,A,5098,83,B,3415,100,D,3915,77,E,4984,100,F,3558,77,G,1565,77,H,4052,100
[AUTOPOS] SW-C,A,5104,60,B,3321,100,D,3871,80,E,4944,100,F,3575,80,G,1565,77,H,3972,100
ROUND: target SW count reached; waiting for finite-master SWEEP_DONE
[AUTOPOS] ANCHOR_CTRL[2] notify: SWEEP_DONE master=C sets=10 role=matrix
END=2026-06-02 22:55:31
