[CAPTURE] session_dir=/home/zekaixiao/Documents/nRF_dev/BioSpur_UWB_before_start/autopos_pipeline/CIR_home_livingroom_01062026/captures/erlangen_20260528_optitrack/tag_tdma_for_TAG_FULL_SMOKE2_20260617_005855_20260617_005856/tag_capture_20260617_005941
[CAPTURE] raw_log=/home/zekaixiao/Documents/nRF_dev/BioSpur_UWB_before_start/autopos_pipeline/CIR_home_livingroom_01062026/captures/erlangen_20260528_optitrack/tag_tdma_for_TAG_FULL_SMOKE2_20260617_005855_20260617_005856/tag_capture_20260617_005941/raw.log
[CAPTURE] plan: targets=BSF66F tr=1Hz duration=45s
[CAPTURE] open serial: /dev/serial/by-id/usb-Master_Tag_BioSpur_BLE_Control_6918E0384172A49F-if00
[CAPTURE] drain boot/runtime output
[HOST_CMD] status
[HOST_CMD] device show
[CAPTURE] configure: Master_Tag already RECV/tag; skip mode recv clean-slate
[HOST_CMD] ota_target token -1
[HOST_CMD] ota_target name BSF66F
[HOST_CMD] ota_target prefix -
[HOST_CMD] ota_target uuid -
[CAPTURE] configure: targeted non-target AOTA disabled
[HOST_CMD] ota_target token -1
[HOST_CMD] ota_target name BSF66F
[HOST_CMD] ota_target prefix -
[HOST_CMD] ota_target uuid -
[CAPTURE] configure: silence resident Tag links for enrollment
[HOST_CMD] tdma hold 1
[CAPTURE] configure: skip setup MODE AOTA; TDMA roster/hold controls admission
[CAPTURE] configure: reassert TDMA target roster
[HOST_CMD] tdma clear
[HOST_CMD] tdma freq motion 1
[HOST_CMD] tdma roster BSF66F motion
[HOST_CMD] ota_target token -1
[HOST_CMD] ota_target name BSF66F
[HOST_CMD] ota_target prefix -
[HOST_CMD] ota_target uuid -
[HOST_CMD] conn
[CAPTURE] configure: wait for target links
[CAPTURE] link setup passive initial: wait up to 25s
[CAPTURE] link setup passive: ready=BSF66F (1/1)
[CAPTURE] link setup passive: all 1/1 ready; settle 8.0s before TDMA release
[CAPTURE] link setup passive: ready=BSF66F (1/1)
[CAPTURE] configure: release TDMA hold and verify TDMA CFG
[HOST_CMD] tdma hold 0
[CAPTURE] configure: TDMA CFG apply/check attempt 1/3
[HOST_CMD] tdma freq motion 1
[HOST_CMD] tdma roster BSF66F motion
[HOST_CMD] tdma rebalance
[HOST_CMD] tdma show
[HOST_CMD] status
[HOST_CMD] device show
[CAPTURE] configure: TDMA CFG verified match=true
[CAPTURE] configure: TDMA ready
[CAPTURE] TDMA verified; start TR capture
[CAPTURE] [....................]   0.4% elapsed=0s eta=45s rows=0 row_rate=0.0/s sw=0 ge7=0% ge8=0% BSF66F:rows=0,cfg=1Hz
[CAPTURE] [#...................]   2.7% elapsed=1s eta=44s rows=0 row_rate=0.0/s sw=0 ge7=0% ge8=0% BSF66F:rows=0,cfg=1Hz
[CAPTURE] [#...................]   4.9% elapsed=2s eta=43s rows=0 row_rate=0.0/s sw=0 ge7=0% ge8=0% BSF66F:rows=0,cfg=1Hz
[CAPTURE] [#...................]   7.1% elapsed=3s eta=42s rows=0 row_rate=0.0/s sw=0 ge7=0% ge8=0% BSF66F:rows=0,cfg=1Hz
[CAPTURE] [##..................]   9.3% elapsed=4s eta=41s rows=0 row_rate=0.0/s sw=0 ge7=0% ge8=0% BSF66F:rows=0,cfg=1Hz
[CAPTURE] [##..................]  11.7% elapsed=5s eta=40s rows=0 row_rate=0.0/s sw=0 ge7=0% ge8=0% BSF66F:rows=0,cfg=1Hz
[CAPTURE] [###.................]  13.9% elapsed=6s eta=39s rows=0 row_rate=0.0/s sw=0 ge7=0% ge8=0% BSF66F:rows=0,cfg=1Hz
[CAPTURE] [###.................]  16.2% elapsed=7s eta=38s rows=0 row_rate=0.0/s sw=0 ge7=0% ge8=0% BSF66F:rows=0,cfg=1Hz
[CAPTURE] [####................]  18.4% elapsed=8s eta=37s rows=0 row_rate=0.0/s sw=0 ge7=0% ge8=0% BSF66F:rows=0,cfg=1Hz
[CAPTURE] [####................]  20.6% elapsed=9s eta=36s rows=0 row_rate=0.0/s sw=0 ge7=0% ge8=0% BSF66F:rows=0,cfg=1Hz
[CAPTURE] [#####...............]  22.8% elapsed=10s eta=35s rows=0 row_rate=0.0/s sw=0 ge7=0% ge8=0% BSF66F:rows=0,cfg=1Hz
[CAPTURE] [#####...............]  25.3% elapsed=11s eta=34s rows=0 row_rate=0.0/s sw=0 ge7=0% ge8=0% BSF66F:rows=0,cfg=1Hz
[CAPTURE] [#####...............]  27.5% elapsed=12s eta=33s rows=0 row_rate=0.0/s sw=0 ge7=0% ge8=0% BSF66F:rows=0,cfg=1Hz
[CAPTURE] [######..............]  29.7% elapsed=13s eta=32s rows=0 row_rate=0.0/s sw=0 ge7=0% ge8=0% BSF66F:rows=0,cfg=1Hz
[CAPTURE] [######..............]  31.9% elapsed=14s eta=31s rows=0 row_rate=0.0/s sw=0 ge7=0% ge8=0% BSF66F:rows=0,cfg=1Hz
[CAPTURE] abort: no TR rows within 15.0s after TDMA release
[CAPTURE] cleanup: stopping all tag ranging with cmd_all MODE AOTA
[HOST_CMD] cmd_all MODE AOTA
[CAPTURE] cleanup: all tags quiet after MODE AOTA
{
  "success": false,
  "interrupted": false,
  "startup_failed": false,
  "startup_fail_targets": [],
  "controller_lost": false,
  "no_tr_timeout": true,
  "controller_recovery_attempts": 0,
  "controller_recovery_successes": 0,
  "tdma_config_failed": false,
  "tdma_config_check": {
    "match": true,
    "per_target": {
      "BSF66F": {
        "bs": "BSF66F",
        "match": true,
        "mismatches": [],
        "warnings": [],
        "expected": {
          "tag_id": 1,
          "slot": 0,
          "count": 12,
          "mask": 1,
          "mask_hex": "0x0001",
          "period_ms": 40,
          "active_ms": 24,
          "active_us": 0,
          "generation": 5,
          "pmode": 0
        },
        "actual": {
          "tag_id": 1,
          "slot": 0,
          "count": 12,
          "mask": 1,
          "mask_hex": "0x0001",
          "period_ms": 40,
          "active_ms": 24,
          "active_us": 0,
          "generation": 5,
          "live": 1
        },
        "actual_cfg_hz": 2.0833333333333335,
        "scheduler": {
          "profile": "motion",
          "target_hz": 1,
          "mask": 1,
          "mask_hex": "0x0001",
          "slots": 1,
          "count": 12,
          "actual_x100": 208,
          "actual_hz": 2.08
        },
        "expected_pmode": 0,
        "expected_freq_hz": 1
      }
    },
    "duplicate_identities": []
  },
  "anchor_preflight": {
    "skipped": true,
    "success": true
  },
  "cleanup": {
    "attempted": true,
    "success": true,
    "command": "cmd_all MODE AOTA",
    "error": "",
    "stop_notify_rows": 0,
    "stop_verify_s": 3.0
  },
  "port": "/dev/serial/by-id/usb-Master_Tag_BioSpur_BLE_Control_6918E0384172A49F-if00",
  "duration_s": 45.0,
  "elapsed_s": 48.76767706871033,
  "session_dir": "/home/zekaixiao/Documents/nRF_dev/BioSpur_UWB_before_start/autopos_pipeline/CIR_home_livingroom_01062026/captures/erlangen_20260528_optitrack/tag_tdma_for_TAG_FULL_SMOKE2_20260617_005855_20260617_005856/tag_capture_20260617_005941",
  "targets": [
    "BSF66F"
  ],
  "expected_pmode": {
    "BSF66F": 0
  },
  "expected_freq_hz": {
    "BSF66F": 1
  },
  "skipped_before_target_pmode": 0,
  "freq_hz": {
    "tr": 1
  },
  "tr_all": 0,
  "tr_valid_all": 0,
  "sweep_validity_all": {
    "sweeps_total": 0,
    "sweeps_with_any_valid": 0,
    "sweeps_ge4": 0,
    "sweeps_ge7": 0,
    "sweeps_ge8": 0,
    "ratio_ge4": 0.0,
    "ratio_ge7": 0.0,
    "ratio_ge8": 0.0,
    "valid_count_distribution": {
      "0": 0,
      "1": 0,
      "2": 0,
      "3": 0,
      "4": 0,
      "5": 0,
      "6": 0,
      "7": 0,
      "8": 0
    }
  },
  "connections": {},
  "per_tag": {
    "BSF66F": {
      "tr_rows": 0,
      "tr_valid_rows": 0,
      "sweep_validity": {
        "sweeps_total": 0,
        "sweeps_with_any_valid": 0,
        "sweeps_ge4": 0,
        "sweeps_ge7": 0,
        "sweeps_ge8": 0,
        "ratio_ge4": 0.0,
        "ratio_ge7": 0.0,
        "ratio_ge8": 0.0,
        "valid_count_distribution": {
          "0": 0,
          "1": 0,
          "2": 0,
          "3": 0,
          "4": 0,
          "5": 0,
          "6": 0,
          "7": 0,
          "8": 0
        }
      },
      "latest_tr": null,
      "anchors_seen": [],
      "tr_status_counts": {}
    }
  },
  "raw_log": "/home/zekaixiao/Documents/nRF_dev/BioSpur_UWB_before_start/autopos_pipeline/CIR_home_livingroom_01062026/captures/erlangen_20260528_optitrack/tag_tdma_for_TAG_FULL_SMOKE2_20260617_005855_20260617_005856/tag_capture_20260617_005941/raw.log",
  "tr_all_csv": "/home/zekaixiao/Documents/nRF_dev/BioSpur_UWB_before_start/autopos_pipeline/CIR_home_livingroom_01062026/captures/erlangen_20260528_optitrack/tag_tdma_for_TAG_FULL_SMOKE2_20260617_005855_20260617_005856/tag_capture_20260617_005941/tr_all.csv"
}
