listener debug sel=A valid=1 age=8385748 level=7 good=99565 accepted=24268 badhdr=0 nonanchor=75297 toolong=0 rxerr=103 rxen_fail=0 rxen_last=0 sys_status=0x00800002 sys_state=000505410b rx_finfo=0x0786c811 last_status=0x04800102 last_len=17 pan=0xdeca dst=0xffff src=0xb101 code=0xe0
listener debug sel=A valid=1 age=8386749 level=7 good=99565 accepted=24268 badhdr=0 nonanchor=75297 toolong=0 rxerr=103 rxen_fail=0 rxen_last=0 sys_status=0x00800002 sys_state=000505400b rx_finfo=0x0786c811 last_status=0x04800102 last_len=17 pan=0xdeca dst=0xffff src=0xb101 code=0xe0
listener debug sel=A valid=1 age=8387749 level=7 good=99565 accepted=24268 badhdr=0 nonanchor=75297 toolong=0 rxerr=103 rxen_fail=0 rxen_last=0 sys_status=0x00800002 sys_state=000505410b rx_finfo=0x0786c811 last_status=0x04800102 last_len=17 pan=0xdeca dst=0xffff src=0xb101 code=0xe0
listener debug sel=A valid=1 age=8388749 level=7 good=99565 accepted=24268 badhdr=0 nonanchor=75297 toolong=0 rxerr=103 rxen_fail=0 rxen_last=0 sys_status=0x00800002 sys_state=000505470b rx_finfo=0x0786c811 last_status=0x04800102 last_len=17 pan=0xdeca dst=0xffff src=0xb101 code=0xe0
listener debug sel=A valid=1 age=8389750 level=7 good=99565 accepted=24268 badhdr=0 nonanchor=75297 toolong=0 rxerr=103 rxen_fail=0 rxen_last=0 sys_status=0x00800002 sys_state=000505440b rx_finfo=0x0786c811 last_status=0x04800102 last_len=17 pan=0xdeca dst=0xffff src=0xb101 code=0xe0
listener debug sel=A valid=1 age=8390751 level=7 good=99565 accepted=24268 badhdr=0 nonanchor=75297 toolong=0 rxerr=103 rxen_fail=0 rxen_last=0 sys_status=0x00800002 sys_state=000505450b rx_finfo=0x0786c811 last_status=0x04800102 last_len=17 pan=0xdeca dst=0xffff src=0xb101 code=0xe0
listener debug sel=A valid=1 age=8391751 level=7 good=99565 accepted=24268 badhdr=0 nonanchor=75297 toolong=0 rxerr=103 rxen_fail=0 rxen_last=0 sys_status=0x00800002 sys_state=000505440b rx_finfo=0x0786c811 last_status=0x04800102 last_len=17 pan=0xdeca dst=0xffff src=0xb101 code=0xe0
listener debug sel=A valid=1 age=8392752 level=7 good=99565 accepted=24268 badhdr=0 nonanchor=75297 toolong=0 rxerr=103 rxen_fail=0 rxen_last=0 sys_status=0x00800002 sys_state=000505470b rx_finfo=0x0786c811 last_status=0x04800102 last_len=17 pan=0xdeca dst=0xffff src=0xb101 code=0xe0
listener debug sel=A valid=1 age=8393753 level=7 good=99565 accepted=24268 badhdr=0 nonanchor=75297 toolong=0 rxerr=103 rxen_fail=0 rxen_last=0 sys_status=0x00800002 sys_state=000505450b rx_finfo=0x0786c811 last_status=0x04800102 last_len=17 pan=0xdeca dst=0xffff src=0xb101 code=0xe0
listener debug sel=A valid=1 age=8394754 level=7 good=99565 accepted=24268 badhdr=0 nonanchor=75297 toolong=0 rxerr=103 rxen_fail=0 rxen_last=0 sys_status=0x00800002 sys_state=000505480b rx_finfo=0x0786c811 last_status=0x04800102 last_len=17 pan=0xdeca dst=0xffff src=0xb101 code=0xe0
listener debug sel=A valid=1 age=8395754 level=7 good=99565 accepted=24268 badhdr=0 nonanchor=75297 toolong=0 rxerr=103 rxen_fail=0 rxen_last=0 sys_status=0x00800002 sys_state=000505440b rx_finfo=0x0786c811 last_status=0x04800102 last_len=17 pan=0xdeca dst=0xffff src=0xb101 code=0xe0
listener debug sel=A valid=1 age=8396755 level=7 good=99565 accepted=24268 badhdr=0 nonanchor=75297 toolong=0 rxerr=103 rxen_fail=0 rxen_last=0 sys_status=0x00800002 sys_state=000505460b rx_finfo=0x0786c811 last_status=0x04800102 last_len=17 pan=0xdeca dst=0xffff src=0xb101 code=0xe0
listener debug sel=A valid=1 age=8397755 level=7 good=99565 accepted=24268 badhdr=0 nonanchor=75297 toolong=0 rxerr=103 rxen_fail=0 rxen_last=0 sys_status=0x00800002 sys_state=000505400b rx_finfo=0x0786c811 last_status=0x04800102 last_len=17 pan=0xdeca dst=0xffff src=0xb101 code=0xe0
listener debug sel=A valid=1 age=8398755 level=7 good=99565 accepted=24268 badhdr=0 nonanchor=75297 toolong=0 rxerr=103 rxen_fail=0 rxen_last=0 sys_status=0x00800002 sys_state=000505440b rx_finfo=0x0786c811 last_status=0x04800102 last_len=17 pan=0xdeca dst=0xffff src=0xb101 code=0xe0
listener debug sel=A valid=1 age=8399756 level=7 good=99565 accepted=24268 badhdr=0 nonanchor=75297 toolong=0 rxerr=103 rxen_fail=0 rxen_last=0 sys_status=0x00800002 sys_state=000505470b rx_finfo=0x0786c811 last_status=0x04800102 last_len=17 pan=0xdeca dst=0xffff src=0xb101 code=0xe0
listener debug sel=A valid=1 age=8400757 level=7 good=99565 accepted=24268 badhdr=0 nonanchor=75297 toolong=0 rxerr=103 rxen_fail=0 rxen_last=0 sys_status=0x00800002 sys_state=000505480b rx_finfo=0x0786c811 last_status=0x04800102 last_len=17 pan=0xdeca dst=0xffff src=0xb101 code=0xe0
listener debug sel=A valid=1 age=8401758 level=7 good=99565 accepted=24268 badhdr=0 nonanchor=75297 toolong=0 rxerr=103 rxen_fail=0 rxen_last=0 sys_status=0x00800002 sys_state=000505440b rx_finfo=0x0786c811 last_status=0x04800102 last_len=17 pan=0xdeca dst=0xffff src=0xb101 code=0xe0
listener debug sel=A valid=1 age=8402758 level=7 good=99565 accepted=24268 badhdr=0 nonanchor=75297 toolong=0 rxerr=103 rxen_fail=0 rxen_last=0 sys_status=0x00800002 sys_state=000505400b rx_finfo=0x0786c811 last_status=0x04800102 last_len=17 pan=0xdeca dst=0xffff src=0xb101 code=0xe0
listener debug sel=A valid=1 age=8403759 level=7 good=99565 accepted=24268 badhdr=0 nonanchor=75297 toolong=0 rxerr=103 rxen_fail=0 rxen_last=0 sys_status=0x00800002 sys_state=000505410b rx_finfo=0x0786c811 last_status=0x04800102 last_len=17 pan=0xdeca dst=0xffff src=0xb101 code=0xe0
listener debug sel=A valid=1 age=8404759 level=7 good=99565 accepted=24268 badhdr=0 nonanchor=75297 toolong=0 rxerr=103 rxen_fail=0 rxen_last=0 sys_status=0x00800002 sys_state=000505410b rx_finfo=0x0786c811 last_status=0x04800102 last_len=17 pan=0xdeca dst=0xffff src=0xb101 code=0xe0
listener debug sel=A valid=1 age=8405760 level=7 good=99565 accepted=24268 badhdr=0 nonanchor=75297 toolong=0 rxerr=103 rxen_fail=0 rxen_last=0 sys_status=0x00800002 sys_state=000505460b rx_finfo=0x0786c811 last_status=0x04800102 last_len=17 pan=0xdeca dst=0xffff src=0xb101 code=0xe0
listener debug sel=A valid=1 age=8406761 level=7 good=99565 accepted=24268 badhdr=0 nonanchor=75297 toolong=0 rxerr=103 rxen_fail=0 rxen_last=0 sys_status=0x00800002 sys_state=000505400b rx_finfo=0x0786c811 last_status=0x04800102 last_len=17 pan=0xdeca dst=0xffff src=0xb101 code=0xe0
listener debug sel=A valid=1 age=8407762 level=7 good=99565 accepted=24268 badhdr=0 nonanchor=75297 toolong=0 rxerr=103 rxen_fail=0 rxen_last=0 sys_status=0x00800002 sys_state=000505440b rx_finfo=0x0786c811 last_status=0x04800102 last_len=17 pan=0xdeca dst=0xffff src=0xb101 code=0xe0
listener debug sel=A valid=1 age=8408762 level=7 good=99565 accepted=24268 badhdr=0 nonanchor=75297 toolong=0 rxerr=103 rxen_fail=0 rxen_last=0 sys_status=0x00800002 sys_state=000505440b rx_finfo=0x0786c811 last_status=0x04800102 last_len=17 pan=0xdeca dst=0xffff src=0xb101 code=0xe0
listener debug sel=A valid=1 age=8409763 level=7 good=99565 accepted=24268 badhdr=0 nonanchor=75297 toolong=0 rxerr=103 rxen_fail=0 rxen_last=0 sys_status=0x00800002 sys_state=000505470b rx_finfo=0x0786c811 last_status=0x04800102 last_len=17 pan=0xdeca dst=0xffff src=0xb101 code=0xe0
listener debug sel=A valid=1 age=8410764 level=7 good=99565 accepted=24268 badhdr=0 nonanchor=75297 toolong=0 rxerr=103 rxen_fail=0 rxen_last=0 sys_status=0x00800002 sys_state=000505440b rx_finfo=0x0786c811 last_status=0x04800102 last_len=17 pan=0xdeca dst=0xffff src=0xb101 code=0xe0
listener debug sel=A valid=1 age=8411764 level=7 good=99565 accepted=24268 badhdr=0 nonanchor=75297 toolong=0 rxerr=103 rxen_fail=0 rxen_last=0 sys_status=0x00800002 sys_state=000505470b rx_finfo=0x0786c811 last_status=0x04800102 last_len=17 pan=0xdeca dst=0xffff src=0xb101 code=0xe0
listener debug sel=A valid=1 age=8412765 level=7 good=99565 accepted=24268 badhdr=0 nonanchor=75297 toolong=0 rxerr=103 rxen_fail=0 rxen_last=0 sys_status=0x00800002 sys_state=000505440b rx_finfo=0x0786c811 last_status=0x04800102 last_len=17 pan=0xdeca dst=0xffff src=0xb101 code=0xe0
listener debug sel=A valid=1 age=8413766 level=7 good=99565 accepted=24268 badhdr=0 nonanchor=75297 toolong=0 rxerr=103 rxen_fail=0 rxen_last=0 sys_status=0x00800002 sys_state=000505460b rx_finfo=0x0786c811 last_status=0x04800102 last_len=17 pan=0xdeca dst=0xffff src=0xb101 code=0xe0
listener debug sel=A valid=1 age=8414767 level=7 good=99565 accepted=24268 badhdr=0 nonanchor=75297 toolong=0 rxerr=103 rxen_fail=0 rxen_last=0 sys_status=0x00800002 sys_state=000505440b rx_finfo=0x0786c811 last_status=0x04800102 last_len=17 pan=0xdeca dst=0xffff src=0xb101 code=0xe0
listener debug sel=A valid=1 age=8415767 level=7 good=99565 accepted=24268 badhdr=0 nonanchor=75297 toolong=0 rxerr=103 rxen_fail=0 rxen_last=0 sys_status=0x00800002 sys_state=000505400b rx_finfo=0x0786c811 last_status=0x04800102 last_len=17 pan=0xdeca dst=0xffff src=0xb101 code=0xe0
listener debug sel=A valid=1 age=8416768 level=7 good=99565 accepted=24268 badhdr=0 nonanchor=75297 toolong=0 rxerr=103 rxen_fail=0 rxen_last=0 sys_status=0x00800002 sys_state=000505480b rx_finfo=0x0786c811 last_status=0x04800102 last_len=17 pan=0xdeca dst=0xffff src=0xb101 code=0xe0
listener debug sel=A valid=1 age=8417769 level=7 good=99565 accepted=24268 badhdr=0 nonanchor=75297 toolong=0 rxerr=103 rxen_fail=0 rxen_last=0 sys_status=0x00800002 sys_state=000505480b rx_finfo=0x0786c811 last_status=0x04800102 last_len=17 pan=0xdeca dst=0xffff src=0xb101 code=0xe0
listener debug sel=A valid=1 age=8418769 level=7 good=99565 accepted=24268 badhdr=0 nonanchor=75297 toolong=0 rxerr=103 rxen_fail=0 rxen_last=0 sys_status=0x00800002 sys_state=000505440b rx_finfo=0x0786c811 last_status=0x04800102 last_len=17 pan=0xdeca dst=0xffff src=0xb101 code=0xe0
listener debug sel=A valid=1 age=8419770 level=7 good=99565 accepted=24268 badhdr=0 nonanchor=75297 toolong=0 rxerr=103 rxen_fail=0 rxen_last=0 sys_status=0x00800002 sys_state=000505410b rx_finfo=0x0786c811 last_status=0x04800102 last_len=17 pan=0xdeca dst=0xffff src=0xb101 code=0xe0
listener debug sel=A valid=1 age=8420771 level=7 good=99565 accepted=24268 badhdr=0 nonanchor=75297 toolong=0 rxerr=103 rxen_fail=0 rxen_last=0 sys_status=0x00800002 sys_state=000505480b rx_finfo=0x0786c811 last_status=0x04800102 last_len=17 pan=0xdeca dst=0xffff src=0xb101 code=0xe0
listener debug sel=A valid=1 age=8421772 level=7 good=99565 accepted=24268 badhdr=0 nonanchor=75297 toolong=0 rxerr=104 rxen_fail=0 rxen_last=0 sys_status=0x00800002 sys_state=000505420b rx_finfo=0x0786c811 last_status=0x04800102 last_len=17 pan=0xdeca dst=0xffff src=0xb101 code=0xe0
listener debug sel=A valid=1 age=8422772 level=7 good=99565 accepted=24268 badhdr=0 nonanchor=75297 toolong=0 rxerr=104 rxen_fail=0 rxen_last=0 sys_status=0x00800002 sys_state=000505440b rx_finfo=0x0786c811 last_status=0x04800102 last_len=17 pan=0xdeca dst=0xffff src=0xb101 code=0xe0
listener debug sel=A valid=1 age=8423772 level=7 good=99565 accepted=24268 badhdr=0 nonanchor=75297 toolong=0 rxerr=104 rxen_fail=0 rxen_last=0 sys_status=0x00800002 sys_state=000505400b rx_finfo=0x0786c811 last_status=0x04800102 last_len=17 pan=0xdeca dst=0xffff src=0xb101 code=0xe0
listener debug sel=A valid=1 age=8424772 level=7 good=99565 accepted=24268 badhdr=0 nonanchor=75297 toolong=0 rxerr=104 rxen_fail=0 rxen_last=0 sys_status=0x00800002 sys_state=000505450b rx_finfo=0x0786c811 last_status=0x04800102 last_len=17 pan=0xdeca dst=0xffff src=0xb101 code=0xe0
listener debug sel=A valid=1 age=8425773 level=7 good=99565 accepted=24268 badhdr=0 nonanchor=75297 toolong=0 rxerr=104 rxen_fail=0 rxen_last=0 sys_status=0x00800002 sys_state=000505480b rx_finfo=0x0786c811 last_status=0x04800102 last_len=17 pan=0xdeca dst=0xffff src=0xb101 code=0xe0
listener debug sel=A valid=1 age=8426774 level=7 good=99565 accepted=24268 badhdr=0 nonanchor=75297 toolong=0 rxerr=104 rxen_fail=0 rxen_last=0 sys_status=0x00800002 sys_state=000505460b rx_finfo=0x0786c811 last_status=0x04800102 last_len=17 pan=0xdeca dst=0xffff src=0xb101 code=0xe0
listener debug sel=A valid=1 age=8427774 level=7 good=99565 accepted=24268 badhdr=0 nonanchor=75297 toolong=0 rxerr=104 rxen_fail=0 rxen_last=0 sys_status=0x00800002 sys_state=000505480b rx_finfo=0x0786c811 last_status=0x04800102 last_len=17 pan=0xdeca dst=0xffff src=0xb101 code=0xe0
listener debug sel=A valid=1 age=8428775 level=7 good=99565 accepted=24268 badhdr=0 nonanchor=75297 toolong=0 rxerr=104 rxen_fail=0 rxen_last=0 sys_status=0x00800002 sys_state=000505470b rx_finfo=0x0786c811 last_status=0x04800102 last_len=17 pan=0xdeca dst=0xffff src=0xb101 code=0xe0
listener debug sel=A valid=1 age=8429776 level=7 good=99565 accepted=24268 badhdr=0 nonanchor=75297 toolong=0 rxerr=104 rxen_fail=0 rxen_last=0 sys_status=0x00800002 sys_state=000505400b rx_finfo=0x0786c811 last_status=0x04800102 last_len=17 pan=0xdeca dst=0xffff src=0xb101 code=0xe0
listener debug sel=A valid=1 age=8430777 level=7 good=99565 accepted=24268 badhdr=0 nonanchor=75297 toolong=0 rxerr=104 rxen_fail=0 rxen_last=0 sys_status=0x00800002 sys_state=000505410b rx_finfo=0x0786c811 last_status=0x04800102 last_len=17 pan=0xdeca dst=0xffff src=0xb101 code=0xe0
listener debug sel=A valid=1 age=8431777 level=7 good=99565 accepted=24268 badhdr=0 nonanchor=75297 toolong=0 rxerr=104 rxen_fail=0 rxen_last=0 sys_status=0x00800002 sys_state=000505480b rx_finfo=0x0786c811 last_status=0x04800102 last_len=17 pan=0xdeca dst=0xffff src=0xb101 code=0xe0
listener debug sel=A valid=1 age=8432778 level=7 good=99565 accepted=24268 badhdr=0 nonanchor=75297 toolong=0 rxerr=104 rxen_fail=0 rxen_last=0 sys_status=0x00800002 sys_state=000505460b rx_finfo=0x0786c811 last_status=0x04800102 last_len=17 pan=0xdeca dst=0xffff src=0xb101 code=0xe0
listener debug sel=A valid=1 age=8433778 level=7 good=99565 accepted=24268 badhdr=0 nonanchor=75297 toolong=0 rxerr=104 rxen_fail=0 rxen_last=0 sys_status=0x00800002 sys_state=000505480b rx_finfo=0x0786c811 last_status=0x04800102 last_len=17 pan=0xdeca dst=0xffff src=0xb101 code=0xe0
listener debug sel=A valid=1 age=8434779 level=7 good=99565 accepted=24268 badhdr=0 nonanchor=75297 toolong=0 rxerr=104 rxen_fail=0 rxen_last=0 sys_status=0x00800002 sys_state=000505440b rx_finfo=0x0786c811 last_status=0x04800102 last_len=17 pan=0xdeca dst=0xffff src=0xb101 code=0xe0
listener debug sel=A valid=1 age=8435780 level=7 good=99565 accepted=24268 badhdr=0 nonanchor=75297 toolong=0 rxerr=104 rxen_fail=0 rxen_last=0 sys_status=0x00800002 sys_state=000505470b rx_finfo=0x0786c811 last_status=0x04800102 last_len=17 pan=0xdeca dst=0xffff src=0xb101 code=0xe0
listener debug sel=A valid=1 age=8436781 level=7 good=99565 accepted=24268 badhdr=0 nonanchor=75297 toolong=0 rxerr=104 rxen_fail=0 rxen_last=0 sys_status=0x00800002 sys_state=000505470b rx_finfo=0x0786c811 last_status=0x04800102 last_len=17 pan=0xdeca dst=0xffff src=0xb101 code=0xe0
listener debug sel=A valid=1 age=8437781 level=7 good=99565 accepted=24268 badhdr=0 nonanchor=75297 toolong=0 rxerr=104 rxen_fail=0 rxen_last=0 sys_status=0x00800002 sys_state=000505430b rx_finfo=0x0786c811 last_status=0x04800102 last_len=17 pan=0xdeca dst=0xffff src=0xb101 code=0xe0
listener debug sel=A valid=1 age=8438782 level=7 good=99565 accepted=24268 badhdr=0 nonanchor=75297 toolong=0 rxerr=104 rxen_fail=0 rxen_last=0 sys_status=0x00800002 sys_state=000505430b rx_finfo=0x0786c811 last_status=0x04800102 last_len=17 pan=0xdeca dst=0xffff src=0xb101 code=0xe0
listener debug sel=A valid=1 age=8439782 level=7 good=99565 accepted=24268 badhdr=0 nonanchor=75297 toolong=0 rxerr=104 rxen_fail=0 rxen_last=0 sys_status=0x00800002 sys_state=000505400b rx_finfo=0x0786c811 last_status=0x04800102 last_len=17 pan=0xdeca dst=0xffff src=0xb101 code=0xe0
listener debug sel=A valid=1 age=8440783 level=7 good=99565 accepted=24268 badhdr=0 nonanchor=75297 toolong=0 rxerr=104 rxen_fail=0 rxen_last=0 sys_status=0x00800002 sys_state=000505410b rx_finfo=0x0786c811 last_status=0x04800102 last_len=17 pan=0xdeca dst=0xffff src=0xb101 code=0xe0
listener debug sel=A valid=1 age=8441784 level=7 good=99565 accepted=24268 badhdr=0 nonanchor=75297 toolong=0 rxerr=104 rxen_fail=0 rxen_last=0 sys_status=0x00800002 sys_state=000505480b rx_finfo=0x0786c811 last_status=0x04800102 last_len=17 pan=0xdeca dst=0xffff src=0xb101 code=0xe0
listener debug sel=A valid=1 age=8442785 level=7 good=99565 accepted=24268 badhdr=0 nonanchor=75297 toolong=0 rxerr=104 rxen_fail=0 rxen_last=0 sys_status=0x00800002 sys_state=000505450b rx_finfo=0x0786c811 last_status=0x04800102 last_len=17 pan=0xdeca dst=0xffff src=0xb101 code=0xe0
listener debug sel=A valid=1 age=8443786 level=7 good=99565 accepted=24268 badhdr=0 nonanchor=75297 toolong=0 rxerr=104 rxen_fail=0 rxen_last=0 sys_status=0x00800002 sys_state=000505430b rx_finfo=0x0786c811 last_status=0x04800102 last_len=17 pan=0xdeca dst=0xffff src=0xb101 code=0xe0
listener debug sel=A valid=1 age=8444787 level=7 good=99565 accepted=24268 badhdr=0 nonanchor=75297 toolong=0 rxerr=104 rxen_fail=0 rxen_last=0 sys_status=0x00800002 sys_state=000505430b rx_finfo=0x0786c811 last_status=0x04800102 last_len=17 pan=0xdeca dst=0xffff src=0xb101 code=0xe0
listener debug sel=A valid=1 age=8445788 level=7 good=99565 accepted=24268 badhdr=0 nonanchor=75297 toolong=0 rxerr=104 rxen_fail=0 rxen_last=0 sys_status=0x00800002 sys_state=000505410b rx_finfo=0x0786c811 last_status=0x04800102 last_len=17 pan=0xdeca dst=0xffff src=0xb101 code=0xe0
listener debug sel=A valid=1 age=8446789 level=7 good=99565 accepted=24268 badhdr=0 nonanchor=75297 toolong=0 rxerr=104 rxen_fail=0 rxen_last=0 sys_status=0x00800002 sys_state=000505450b rx_finfo=0x0786c811 last_status=0x04800102 last_len=17 pan=0xdeca dst=0xffff src=0xb101 code=0xe0
listener debug sel=A valid=1 age=8447789 level=7 good=99565 accepted=24268 badhdr=0 nonanchor=75297 toolong=0 rxerr=104 rxen_fail=0 rxen_last=0 sys_status=0x00800002 sys_state=000505460b rx_finfo=0x0786c811 last_status=0x04800102 last_len=17 pan=0xdeca dst=0xffff src=0xb101 code=0xe0
listener debug sel=A valid=1 age=8448790 level=7 good=99565 accepted=24268 badhdr=0 nonanchor=75297 toolong=0 rxerr=104 rxen_fail=0 rxen_last=0 sys_status=0x00800002 sys_state=000505450b rx_finfo=0x0786c811 last_status=0x04800102 last_len=17 pan=0xdeca dst=0xffff src=0xb101 code=0xe0
listener debug sel=A valid=1 age=8449791 level=7 good=99565 accepted=24268 badhdr=0 nonanchor=75297 toolong=0 rxerr=104 rxen_fail=0 rxen_last=0 sys_status=0x00800002 sys_state=000505470b rx_finfo=0x0786c811 last_status=0x04800102 last_len=17 pan=0xdeca dst=0xffff src=0xb101 code=0xe0
listener debug sel=A valid=1 age=8450791 level=7 good=99565 accepted=24268 badhdr=0 nonanchor=75297 toolong=0 rxerr=104 rxen_fail=0 rxen_last=0 sys_status=0x00800002 sys_state=000505440b rx_finfo=0x0786c811 last_status=0x04800102 last_len=17 pan=0xdeca dst=0xffff src=0xb101 code=0xe0
listener debug sel=A valid=1 age=8451792 level=7 good=99565 accepted=24268 badhdr=0 nonanchor=75297 toolong=0 rxerr=104 rxen_fail=0 rxen_last=0 sys_status=0x00800002 sys_state=000505480b rx_finfo=0x0786c811 last_status=0x04800102 last_len=17 pan=0xdeca dst=0xffff src=0xb101 code=0xe0
listener debug sel=A valid=1 age=8452793 level=7 good=99565 accepted=24268 badhdr=0 nonanchor=75297 toolong=0 rxerr=104 rxen_fail=0 rxen_last=0 sys_status=0x00800002 sys_state=000505450b rx_finfo=0x0786c811 last_status=0x04800102 last_len=17 pan=0xdeca dst=0xffff src=0xb101 code=0xe0
listener debug sel=A valid=1 age=8453794 level=7 good=99565 accepted=24268 badhdr=0 nonanchor=75297 toolong=0 rxerr=104 rxen_fail=0 rxen_last=0 sys_status=0x00800002 sys_state=000505410b rx_finfo=0x0786c811 last_status=0x04800102 last_len=17 pan=0xdeca dst=0xffff src=0xb101 code=0xe0
UF;12688201;99566;0xdeca;0xb101;0xffff;0xe0;19276;7;2189;122;7048;17
UF;12688301;99567;0xdeca;0xb101;0xffff;0xe0;19393;7;2275;124;7549;17
listener debug sel=A valid=1 age=8454794 level=7 good=99567 accepted=24268 badhdr=0 nonanchor=75299 toolong=0 rxerr=104 rxen_fail=0 rxen_last=0 sys_status=0x00800002 sys_state=000505470b rx_finfo=0x07c6c811 last_status=0x04800102 last_len=17 pan=0xdeca dst=0xffff src=0xb101 code=0xe0
UF;12688401;99568;0xdeca;0xb101;0xffff;0xe0;18259;7;2006;120;7307;17
UF;12688413;99569;0xdeca;0xa107;0xb101;0xe1;13252;6;1314;114;6605;20
UL;12688413;24269;H;7;0xa107;0xb101;0xe1;13252;6;1314;114;6605;20
UF;12688504;99570;0xdeca;0xb101;0xffff;0xe0;18451;7;1927;117;7077;17
UF;12688604;99571;0xdeca;0xb101;0xffff;0xe0;20192;7;2293;122;7481;17
UF;12688704;99572;0xdeca;0xb101;0xffff;0xe0;19452;7;2209;122;7165;17
UF;12688804;99573;0xdeca;0xb101;0xffff;0xe0;18608;7;2183;124;7328;17
UF;12688905;99574;0xdeca;0xb101;0xffff;0xe0;18514;7;2137;123;7091;17
UF;12689005;99575;0xdeca;0xb101;0xffff;0xe0;18308;7;1978;119;7143;17
UF;12689105;99576;0xdeca;0xb101;0xffff;0xe0;18280;7;1975;119;7349;17
UF;12689200;99577;0xdeca;0xb101;0xffff;0xe0;19337;7;2232;123;7530;17
UF;12689213;99578;0xdeca;0xa107;0xb101;0xe1;15610;7;1715;120;5117;20
UL;12689213;24270;H;7;0xa107;0xb101;0xe1;15610;7;1715;120;5117;20
UF;12689303;99579;0xdeca;0xb101;0xffff;0xe0;18335;7;1981;119;7414;17
listener debug sel=A valid=1 age=8455796 level=7 good=99579 accepted=24270 badhdr=0 nonanchor=75309 toolong=0 rxerr=104 rxen_fail=0 rxen_last=0 sys_status=0x00800002 sys_state=000505450b rx_finfo=0x0776c811 last_status=0x04800102 last_len=17 pan=0xdeca dst=0xffff src=0xb101 code=0xe0
UF;12689403;99580;0xdeca;0xb101;0xffff;0xe0;18920;7;2010;118;6550;17
UF;12689503;99581;0xdeca;0xb101;0xffff;0xe0;18644;7;2152;123;7549;17
UF;12689603;99582;0xdeca;0xb101;0xffff;0xe0;19222;7;2255;124;7254;17
UF;12689703;99583;0xdeca;0xb101;0xffff;0xe0;17691;7;2042;123;7382;17
UF;12689804;99584;0xdeca;0xb101;0xffff;0xe0;19695;7;2200;121;7068;17
UF;12689904;99585;0xdeca;0xb101;0xffff;0xe0;18786;7;1962;117;7183;17
UF;12690004;99586;0xdeca;0xb101;0xffff;0xe0;18193;7;2066;122;7182;17
UF;12690104;99587;0xdeca;0xb101;0xffff;0xe0;18930;7;2185;123;7521;17
UF;12690205;99588;0xdeca;0xb101;0xffff;0xe0;19471;7;2175;121;7039;17
UF;12690305;99589;0xdeca;0xb101;0xffff;0xe0;18308;7;1978;119;7132;17
listener debug sel=A valid=1 age=8456797 level=7 good=99589 accepted=24270 badhdr=0 nonanchor=75319 toolong=0 rxerr=104 rxen_fail=0 rxen_last=0 sys_status=0x00800002 sys_state=000505400b rx_finfo=0x0776c811 last_status=0x04800102 last_len=17 pan=0xdeca dst=0xffff src=0xb101 code=0xe0
UF;12690404;99590;0xdeca;0xb101;0xffff;0xe0;19239;7;2257;124;7208;17
UF;12690505;99591;0xdeca;0xb101;0xffff;0xe0;19044;7;1989;117;7199;17
UF;12690605;99592;0xdeca;0xb101;0xffff;0xe0;18674;7;2086;121;7435;17
UF;12690700;99593;0xdeca;0xb101;0xffff;0xe0;17916;7;2068;123;7191;17
UF;12690713;99594;0xdeca;0xa107;0xb101;0xe1;15542;7;1794;123;5372;20
UL;12690713;24271;H;7;0xa107;0xb101;0xe1;15542;7;1794;123;5372;20
UF;12690803;99595;0xdeca;0xb101;0xffff;0xe0;20106;7;2209;120;7566;17
UF;12690903;99596;0xdeca;0xb101;0xffff;0xe0;18665;7;2085;121;7536;17
UF;12691004;99597;0xdeca;0xb101;0xffff;0xe0;18477;7;2064;121;7402;17
UF;12691104;99598;0xdeca;0xb101;0xffff;0xe0;19423;7;2242;123;7214;17
UF;12691204;99599;0xdeca;0xb101;0xffff;0xe0;18651;7;2188;124;7532;17
uwb any-frame t=12691305 good=99600 len=17 fctrl=8841 pan=0xdeca dst=0xffff src=0xb101 code=0xe0 q=17962 level=7 cir=1876 rxpacc=117 fp=7058/6977/6514
UF;12691305;99600;0xdeca;0xb101;0xffff;0xe0;17962;7;1876;117;7058;17
listener debug sel=A valid=1 age=8457800 level=7 good=99600 accepted=24271 badhdr=0 nonanchor=75329 toolong=0 rxerr=104 rxen_fail=0 rxen_last=0 sys_status=0x00800002 sys_state=000505480b rx_finfo=0x0756c811 last_status=0x04800102 last_len=17 pan=0xdeca dst=0xffff src=0xb101 code=0xe0
UF;12691402;99601;0xdeca;0xb101;0xffff;0xe0;18259;7;1907;117;7122;17
UF;12691502;99602;0xdeca;0xb101;0xffff;0xe0;18723;7;2057;120;6856;17
UF;12691602;99603;0xdeca;0xb101;0xffff;0xe0;18977;7;2155;122;7592;17
UF;12691703;99604;0xdeca;0xb101;0xffff;0xe0;18786;7;1962;117;7113;17
UF;12691803;99605;0xdeca;0xb101;0xffff;0xe0;20620;7;2419;124;7678;17
UF;12691903;99606;0xdeca;0xb101;0xffff;0xe0;19024;7;2021;118;7359;17
UF;12692003;99607;0xdeca;0xb101;0xffff;0xe0;18666;7;1983;118;6906;17
UF;12692104;99608;0xdeca;0xb101;0xffff;0xe0;19290;7;2263;124;7306;17
UF;12692204;99609;0xdeca;0xb101;0xffff;0xe0;17735;7;2014;122;7077;17
UF;12692304;99610;0xdeca;0xb101;0xffff;0xe0;18933;7;2150;122;7669;17
listener debug sel=A valid=1 age=8458802 level=7 good=99610 accepted=24271 badhdr=0 nonanchor=75339 toolong=0 rxerr=104 rxen_fail=0 rxen_last=0 sys_status=0x00800002 sys_state=000505450b rx_finfo=0x07a6c811 last_status=0x04800102 last_len=17 pan=0xdeca dst=0xffff src=0xb101 code=0xe0
UF;12692404;99611;0xdeca;0xb101;0xffff;0xe0;19104;7;2064;119;7299;17
UF;12692504;99612;0xdeca;0xb101;0xffff;0xe0;19989;7;2345;124;7498;17
UF;12692604;99613;0xdeca;0xb101;0xffff;0xe0;19187;7;2073;119;6940;17
UF;12692704;99614;0xdeca;0xb101;0xffff;0xe0;19144;7;2174;122;7181;17
UF;12692805;99615;0xdeca;0xb101;0xffff;0xe0;19942;7;2191;120;7573;17
UF;12692905;99616;0xdeca;0xb101;0xffff;0xe0;19589;7;2298;124;6878;17
UF;12693000;99617;0xdeca;0xb101;0xffff;0xe0;19001;7;2229;124;7021;17
UF;12693013;99618;0xdeca;0xa107;0xb101;0xe1;15420;7;1809;124;5371;20
UL;12693013;24272;H;7;0xa107;0xb101;0xe1;15420;7;1809;124;5371;20
UF;12693103;99619;0xdeca;0xb101;0xffff;0xe0;18661;7;1949;117;6671;17
UF;12693203;99620;0xdeca;0xb101;0xffff;0xe0;18557;7;2005;119;6845;17
UF;12693304;99621;0xdeca;0xb101;0xffff;0xe0;18215;7;1968;119;6991;17
listener debug sel=A valid=1 age=8459806 level=7 good=99621 accepted=24272 badhdr=0 nonanchor=75349 toolong=0 rxerr=104 rxen_fail=0 rxen_last=0 sys_status=0x00800002 sys_state=000505450b rx_finfo=0x0776c811 last_status=0x04800102 last_len=17 pan=0xdeca dst=0xffff src=0xb101 code=0xe0
UF;12693403;99622;0xdeca;0xb101;0xffff;0xe0;17885;7;2031;122;7227;17
UF;12693503;99623;0xdeca;0xb101;0xffff;0xe0;18519;7;2103;122;7477;17
UF;12693604;99624;0xdeca;0xb101;0xffff;0xe0;19444;7;2208;122;6920;17
UF;12693704;99625;0xdeca;0xb101;0xffff;0xe0;18609;7;2148;123;7515;17
UF;12693804;99626;0xdeca;0xb101;0xffff;0xe0;18987;7;2086;120;7140;17
UF;12693900;99627;0xdeca;0xb101;0xffff;0xe0;19094;7;2204;123;7221;17
UF;12693913;99628;0xdeca;0xa107;0xb101;0xe1;16058;7;1735;119;5804;20
UL;12693913;24273;H;7;0xa107;0xb101;0xe1;16058;7;1735;119;5804;20
UF;12694003;99629;0xdeca;0xb101;0xffff;0xe0;18878;7;2179;123;7737;17
UF;12694103;99630;0xdeca;0xb101;0xffff;0xe0;19401;7;2276;124;7212;17
UF;12694204;99631;0xdeca;0xb101;0xffff;0xe0;18808;7;2101;121;7194;17
UF;12694304;99632;0xdeca;0xb101;0xffff;0xe0;18211;7;2068;122;7273;17
listener debug sel=A valid=1 age=8460807 level=7 good=99632 accepted=24273 badhdr=0 nonanchor=75359 toolong=0 rxerr=105 rxen_fail=0 rxen_last=0 sys_status=0x00800002 sys_state=000505470b rx_finfo=0x07a6c811 last_status=0x04800102 last_len=17 pan=0xdeca dst=0xffff src=0xb101 code=0xe0
UF;12694403;99633;0xdeca;0xb101;0xffff;0xe0;18528;7;2104;122;7551;17
UF;12694504;99634;0xdeca;0xb101;0xffff;0xe0;18441;7;2026;120;7145;17
UF;12694604;99635;0xdeca;0xb101;0xffff;0xe0;19662;7;2344;125;7551;17
UF;12694704;99636;0xdeca;0xb101;0xffff;0xe0;18969;7;2084;120;7257;17
UF;12694804;99637;0xdeca;0xb101;0xffff;0xe0;19382;7;2059;118;7205;17
UF;12694905;99638;0xdeca;0xb101;0xffff;0xe0;19742;7;2316;124;7439;17
UF;12695005;99639;0xdeca;0xb101;0xffff;0xe0;18487;7;1964;118;6912;17
UF;12695100;99640;0xdeca;0xb101;0xffff;0xe0;18505;7;2136;123;7182;17
UF;12695112;99641;0xdeca;0xa107;0xb101;0xe1;14667;7;1693;123;4687;20
UL;12695112;24274;H;7;0xa107;0xb101;0xe1;14667;7;1693;123;4687;20
UF;12695203;99642;0xdeca;0xb101;0xffff;0xe0;19640;7;2122;119;7296;17
UF;12695303;99643;0xdeca;0xb101;0xffff;0xe0;18733;7;2024;119;7112;17
listener debug sel=A valid=1 age=8461811 level=7 good=99643 accepted=24274 badhdr=0 nonanchor=75369 toolong=0 rxerr=105 rxen_fail=0 rxen_last=0 sys_status=0x00800002 sys_state=000505410b rx_finfo=0x0776c811 last_status=0x04800102 last_len=17 pan=0xdeca dst=0xffff src=0xb101 code=0xe0
UF;12695403;99644;0xdeca;0xb101;0xffff;0xe0;18757;7;2130;122;7320;17
UF;12695503;99645;0xdeca;0xb101;0xffff;0xe0;18814;7;1965;117;7017;17
UF;12695603;99646;0xdeca;0xb101;0xffff;0xe0;18395;7;2021;120;7122;17
UF;12695704;99647;0xdeca;0xb101;0xffff;0xe0;18594;7;2009;119;7285;17
UF;12695804;99648;0xdeca;0xb101;0xffff;0xe0;18841;7;2070;120;6990;17
UF;12695904;99649;0xdeca;0xb101;0xffff;0xe0;19593;7;2225;122;7715;17
uwb any-frame t=12696004 good=99650 len=17 fctrl=8841 pan=0xdeca dst=0xffff src=0xb101 code=0xe0 q=18871 level=7 cir=2108 rxpacc=121 fp=7163/7490/7043
UF;12696004;99650;0xdeca;0xb101;0xffff;0xe0;18871;7;2108;121;7163;17
UF;12696102;99651;0xdeca;0xb101;0xffff;0xe0;19140;7;2138;121;7322;17
UF;12696203;99652;0xdeca;0xb101;0xffff;0xe0;19770;7;2136;119;7162;17
UF;12696303;99653;0xdeca;0xb101;0xffff;0xe0;18704;7;2124;122;7387;17
listener debug sel=A valid=1 age=8462811 level=7 good=99653 accepted=24274 badhdr=0 nonanchor=75379 toolong=0 rxerr=105 rxen_fail=0 rxen_last=0 sys_status=0x00800002 sys_state=000505410b rx_finfo=0x07a6c811 last_status=0x04800102 last_len=17 pan=0xdeca dst=0xffff src=0xb101 code=0xe0
UF;12696402;99654;0xdeca;0xb101;0xffff;0xe0;18977;7;2016;118;6929;17
UF;12696502;99655;0xdeca;0xb101;0xffff;0xe0;18677;7;2191;124;7099;17
UF;12696603;99656;0xdeca;0xb101;0xffff;0xe0;18290;7;1943;118;6710;17
UF;12696703;99657;0xdeca;0xb101;0xffff;0xe0;17993;7;1944;119;7234;17
UF;12696803;99658;0xdeca;0xb101;0xffff;0xe0;19171;7;2177;122;7118;17
UF;12696903;99659;0xdeca;0xb101;0xffff;0xe0;19892;7;2222;121;7270;17
UF;12697004;99660;0xdeca;0xb101;0xffff;0xe0;18986;7;2156;122;7314;17
UF;12697104;99661;0xdeca;0xb101;0xffff;0xe0;20970;7;2460;124;7536;17
UF;12697204;99662;0xdeca;0xb101;0xffff;0xe0;17885;7;1900;118;7003;17
UF;12697304;99663;0xdeca;0xb101;0xffff;0xe0;18966;7;2225;124;7086;17
listener debug sel=A valid=1 age=8463812 level=7 good=99663 accepted=24274 badhdr=0 nonanchor=75389 toolong=0 rxerr=105 rxen_fail=0 rxen_last=0 sys_status=0x00800002 sys_state=000505440b rx_finfo=0x07c6c811 last_status=0x04800102 last_len=17 pan=0xdeca dst=0xffff src=0xb101 code=0xe0
UF;12697404;99664;0xdeca;0xb101;0xffff;0xe0;18314;7;2114;123;7244;17
UF;12697504;99665;0xdeca;0xb101;0xffff;0xe0;19861;7;2330;124;7579;17
UF;12697604;99666;0xdeca;0xb101;0xffff;0xe0;18787;7;2204;124;7506;17
UF;12697705;99667;0xdeca;0xb101;0xffff;0xe0;17877;7;1997;121;7469;17
UF;12697805;99668;0xdeca;0xb101;0xffff;0xe0;19688;7;2163;120;6789;17
UF;12697900;99669;0xdeca;0xb101;0xffff;0xe0;18563;7;2108;122;7537;17
UF;12697912;99670;0xdeca;0xa107;0xb101;0xe1;14016;7;1489;118;6547;20
UL;12697912;24275;H;7;0xa107;0xb101;0xe1;14016;7;1489;118;6547;20
UF;12698003;99671;0xdeca;0xb101;0xffff;0xe0;19095;7;2133;121;6937;17
UF;12698103;99672;0xdeca;0xb101;0xffff;0xe0;18288;7;2111;123;7668;17
UF;12698204;99673;0xdeca;0xb101;0xffff;0xe0;19007;7;2194;123;7377;17
UF;12698304;99674;0xdeca;0xb101;0xffff;0xe0;19094;7;2204;123;7336;17
listener debug sel=A valid=1 age=8464812 level=7 good=99674 accepted=24275 badhdr=0 nonanchor=75399 toolong=0 rxerr=105 rxen_fail=0 rxen_last=0 sys_status=0x00800002 sys_state=000505440b rx_finfo=0x07b6c811 last_status=0x04800102 last_len=17 pan=0xdeca dst=0xffff src=0xb101 code=0xe0
UF;12698403;99675;0xdeca;0xb101;0xffff;0xe0;18924;7;2149;122;7538;17
UF;12698504;99676;0xdeca;0xb101;0xffff;0xe0;18515;7;2172;124;7511;17
UF;12698604;99677;0xdeca;0xb101;0xffff;0xe0;18666;7;1983;118;6932;17
UF;12698704;99678;0xdeca;0xb101;0xffff;0xe0;17911;7;2034;122;7296;17
UF;12698804;99679;0xdeca;0xb101;0xffff;0xe0;20594;7;2455;125;7794;17
UF;12698905;99680;0xdeca;0xb101;0xffff;0xe0;19448;7;2066;118;7532;17
UF;12699005;99681;0xdeca;0xb101;0xffff;0xe0;18687;7;2019;119;6631;17
UF;12699105;99682;0xdeca;0xb101;0xffff;0xe0;19103;7;2205;123;7535;17
UF;12699200;99683;0xdeca;0xb101;0xffff;0xe0;18558;7;2073;121;6600;17
UF;12699213;99684;0xdeca;0xa107;0xb101;0xe1;15009;7;1649;120;6093;20
UL;12699213;24276;H;7;0xa107;0xb101;0xe1;15009;7;1649;120;6093;20
UF;12699303;99685;0xdeca;0xb101;0xffff;0xe0;19844;7;2144;119;7334;17
listener debug sel=A valid=1 age=8465816 level=7 good=99685 accepted=24276 badhdr=0 nonanchor=75409 toolong=0 rxerr=105 rxen_fail=0 rxen_last=0 sys_status=0x00800002 sys_state=000505450b rx_finfo=0x0776c811 last_status=0x04800102 last_len=17 pan=0xdeca dst=0xffff src=0xb101 code=0xe0
UF;12699403;99686;0xdeca;0xb101;0xffff;0xe0;18977;7;1982;117;7063;17
UF;12699503;99687;0xdeca;0xb101;0xffff;0xe0;18814;7;2067;120;7080;17
UF;12699603;99688;0xdeca;0xb101;0xffff;0xe0;18728;7;2092;121;7153;17
UF;12699703;99689;0xdeca;0xb101;0xffff;0xe0;18269;7;1908;117;6693;17
UF;12699804;99690;0xdeca;0xb101;0xffff;0xe0;18932;7;2080;120;7239;17
listener debug sel=A valid=1 age=8466817 level=7 good=99690 accepted=24276 badhdr=0 nonanchor=75414 toolong=0 rxerr=105 rxen_fail=0 rxen_last=0 sys_status=0x00800002 sys_state=000505450b rx_finfo=0x0786c811 last_status=0x04800102 last_len=17 pan=0xdeca dst=0xffff src=0xb101 code=0xe0
listener debug sel=A valid=1 age=8467818 level=7 good=99690 accepted=24276 badhdr=0 nonanchor=75414 toolong=0 rxerr=105 rxen_fail=0 rxen_last=0 sys_status=0x00800002 sys_state=000505400b rx_finfo=0x0786c811 last_status=0x04800102 last_len=17 pan=0xdeca dst=0xffff src=0xb101 code=0xe0
listener debug sel=A valid=1 age=8468819 level=7 good=99690 accepted=24276 badhdr=0 nonanchor=75414 toolong=0 rxerr=105 rxen_fail=0 rxen_last=0 sys_status=0x00800002 sys_state=000505480b rx_finfo=0x0786c811 last_status=0x04800102 last_len=17 pan=0xdeca dst=0xffff src=0xb101 code=0xe0
listener debug sel=A valid=1 age=8469820 level=7 good=99690 accepted=24276 badhdr=0 nonanchor=75414 toolong=0 rxerr=105 rxen_fail=0 rxen_last=0 sys_status=0x00800002 sys_state=000505440b rx_finfo=0x0786c811 last_status=0x04800102 last_len=17 pan=0xdeca dst=0xffff src=0xb101 code=0xe0
listener debug sel=A valid=1 age=8470821 level=7 good=99690 accepted=24276 badhdr=0 nonanchor=75414 toolong=0 rxerr=105 rxen_fail=0 rxen_last=0 sys_status=0x00800002 sys_state=000505440b rx_finfo=0x0786c811 last_status=0x04800102 last_len=17 pan=0xdeca dst=0xffff src=0xb101 code=0xe0
listener debug sel=A valid=1 age=8471821 level=7 good=99690 accepted=24276 badhdr=0 nonanchor=75414 toolong=0 rxerr=105 rxen_fail=0 rxen_last=0 sys_status=0x00800002 sys_state=000505400b rx_finfo=0x0786c811 last_status=0x04800102 last_len=17 pan=0xdeca dst=0xffff src=0xb101 code=0xe0
listener debug sel=A valid=1 age=8472822 level=7 good=99690 accepted=24276 badhdr=0 nonanchor=75414 toolong=0 rxerr=105 rxen_fail=0 rxen_last=0 sys_status=0x00800002 sys_state=000505430b rx_finfo=0x0786c811 last_status=0x04800102 last_len=17 pan=0xdeca dst=0xffff src=0xb101 code=0xe0
listener debug sel=A valid=1 age=8473823 level=7 good=99690 accepted=24276 badhdr=0 nonanchor=75414 toolong=0 rxerr=105 rxen_fail=0 rxen_last=0 sys_status=0x00800002 sys_state=000505450b rx_finfo=0x0786c811 last_status=0x04800102 last_len=17 pan=0xdeca dst=0xffff src=0xb101 code=0xe0
listener debug sel=A valid=1 age=8474824 level=7 good=99690 accepted=24276 badhdr=0 nonanchor=75414 toolong=0 rxerr=105 rxen_fail=0 rxen_last=0 sys_status=0x00800002 sys_state=000505450b rx_finfo=0x0786c811 last_status=0x04800102 last_len=17 pan=0xdeca dst=0xffff src=0xb101 code=0xe0
listener debug sel=A valid=1 age=8475824 level=7 good=99690 accepted=24276 badhdr=0 nonanchor=75414 toolong=0 rxerr=105 rxen_fail=0 rxen_last=0 sys_status=0x00800002 sys_state=000505440b rx_finfo=0x0786c811 last_status=0x04800102 last_len=17 pan=0xdeca dst=0xffff src=0xb101 code=0xe0
listener debug sel=A valid=1 age=8476825 level=7 good=99690 accepted=24276 badhdr=0 nonanchor=75414 toolong=0 rxerr=105 rxen_fail=0 rxen_last=0 sys_status=0x00800002 sys_state=000505450b rx_finfo=0x0786c811 last_status=0x04800102 last_len=17 pan=0xdeca dst=0xffff src=0xb101 code=0xe0
listener debug sel=A valid=1 age=8477826 level=7 good=99690 accepted=24276 badhdr=0 nonanchor=75414 toolong=0 rxerr=105 rxen_fail=0 rxen_last=0 sys_status=0x00800002 sys_state=000505410b rx_finfo=0x0786c811 last_status=0x04800102 last_len=17 pan=0xdeca dst=0xffff src=0xb101 code=0xe0
listener debug sel=A valid=1 age=8478827 level=7 good=99690 accepted=24276 badhdr=0 nonanchor=75414 toolong=0 rxerr=105 rxen_fail=0 rxen_last=0 sys_status=0x00800002 sys_state=000505460b rx_finfo=0x0786c811 last_status=0x04800102 last_len=17 pan=0xdeca dst=0xffff src=0xb101 code=0xe0
listener debug sel=A valid=1 age=8479828 level=7 good=99690 accepted=24276 badhdr=0 nonanchor=75414 toolong=0 rxerr=105 rxen_fail=0 rxen_last=0 sys_status=0x00800002 sys_state=000505410b rx_finfo=0x0786c811 last_status=0x04800102 last_len=17 pan=0xdeca dst=0xffff src=0xb101 code=0xe0
listener debug sel=A valid=1 age=8480829 level=7 good=99690 accepted=24276 badhdr=0 nonanchor=75414 toolong=0 rxerr=105 rxen_fail=0 rxen_last=0 sys_status=0x00800002 sys_state=000505480b rx_finfo=0x0786c811 last_status=0x04800102 last_len=17 pan=0xdeca dst=0xffff src=0xb101 code=0xe0
listener debug sel=A valid=1 age=8481829 level=7 good=99690 accepted=24276 badhdr=0 nonanchor=75414 toolong=0 rxerr=105 rxen_fail=0 rxen_last=0 sys_status=0x00800002 sys_state=000505400b rx_finfo=0x0786c811 last_status=0x04800102 last_len=17 pan=0xdeca dst=0xffff src=0xb101 code=0xe0
listener debug sel=A valid=1 age=8482830 level=7 good=99690 accepted=24276 badhdr=0 nonanchor=75414 toolong=0 rxerr=105 rxen_fail=0 rxen_last=0 sys_status=0x00800002 sys_state=000505410b rx_finfo=0x0786c811 last_status=0x04800102 last_len=17 pan=0xdeca dst=0xffff src=0xb101 code=0xe0
listener debug sel=A valid=1 age=8483831 level=7 good=99690 accepted=24276 badhdr=0 nonanchor=75414 toolong=0 rxerr=105 rxen_fail=0 rxen_last=0 sys_status=0x00800002 sys_state=000505450b rx_finfo=0x0786c811 last_status=0x04800102 last_len=17 pan=0xdeca dst=0xffff src=0xb101 code=0xe0
listener debug sel=A valid=1 age=8484831 level=7 good=99690 accepted=24276 badhdr=0 nonanchor=75414 toolong=0 rxerr=105 rxen_fail=0 rxen_last=0 sys_status=0x00800002 sys_state=000505430b rx_finfo=0x0786c811 last_status=0x04800102 last_len=17 pan=0xdeca dst=0xffff src=0xb101 code=0xe0
listener debug sel=A valid=1 age=8485832 level=7 good=99690 accepted=24276 badhdr=0 nonanchor=75414 toolong=0 rxerr=105 rxen_fail=0 rxen_last=0 sys_status=0x00800002 sys_state=000505410b rx_finfo=0x0786c811 last_status=0x04800102 last_len=17 pan=0xdeca dst=0xffff src=0xb101 code=0xe0
listener debug sel=A valid=1 age=8486833 level=7 good=99690 accepted=24276 badhdr=0 nonanchor=75414 toolong=0 rxerr=105 rxen_fail=0 rxen_last=0 sys_status=0x00800002 sys_state=000505400b rx_finfo=0x0786c811 last_status=0x04800102 last_len=17 pan=0xdeca dst=0xffff src=0xb101 code=0xe0
listener debug sel=A valid=1 age=8487833 level=7 good=99690 accepted=24276 badhdr=0 nonanchor=75414 toolong=0 rxerr=105 rxen_fail=0 rxen_last=0 sys_status=0x00800002 sys_state=000505470b rx_finfo=0x0786c811 last_status=0x04800102 last_len=17 pan=0xdeca dst=0xffff src=0xb101 code=0xe0
UF;12721786;99691;0xdeca;0xb101;0xffff;0xe0;19553;7;2331;125;7653;17
UF;12721886;99692;0xdeca;0xb101;0xffff;0xe0;20194;7;2369;124;7472;17
UF;12721987;99693;0xdeca;0xb101;0xffff;0xe0;18064;7;1919;118;6948;17
UF;12722087;99694;0xdeca;0xb101;0xffff;0xe0;19363;7;2235;123;7344;17
UF;12722187;99695;0xdeca;0xb101;0xffff;0xe0;18131;7;2127;124;7533;17
UF;12722288;99696;0xdeca;0xb101;0xffff;0xe0;18363;7;1984;119;7257;17
UF;12722388;99697;0xdeca;0xb101;0xffff;0xe0;18996;7;2018;118;7381;17
listener debug sel=A valid=1 age=8488837 level=7 good=99697 accepted=24276 badhdr=0 nonanchor=75421 toolong=0 rxerr=105 rxen_fail=0 rxen_last=0 sys_status=0x00800002 sys_state=000505480b rx_finfo=0x0766c811 last_status=0x04800102 last_len=17 pan=0xdeca dst=0xffff src=0xb101 code=0xe0
UF;12722487;99698;0xdeca;0xb101;0xffff;0xe0;18719;7;2091;121;7378;17
UF;12722588;99699;0xdeca;0xb101;0xffff;0xe0;18807;7;2242;125;7580;17
uwb any-frame t=12722688 good=99700 len=17 fctrl=8841 pan=0xdeca dst=0xffff src=0xb101 code=0xe0 q=19333 level=7 cir=2268 rxpacc=124 fp=7355/7285/6537
UF;12722688;99700;0xdeca;0xb101;0xffff;0xe0;19333;7;2268;124;7355;17
UF;12722786;99701;0xdeca;0xb101;0xffff;0xe0;19086;7;2132;121;7082;17
UF;12722886;99702;0xdeca;0xb101;0xffff;0xe0;18369;7;2086;122;7214;17
UF;12722987;99703;0xdeca;0xb101;0xffff;0xe0;18750;7;2060;120;6857;17
UF;12723087;99704;0xdeca;0xb101;0xffff;0xe0;18713;7;2160;123;7170;17
UF;12723187;99705;0xdeca;0xb101;0xffff;0xe0;18782;7;2239;125;7611;17
UF;12723287;99706;0xdeca;0xb101;0xffff;0xe0;18855;7;2003;118;6769;17
UF;12723388;99707;0xdeca;0xb101;0xffff;0xe0;18823;7;2068;120;7097;17
listener debug sel=A valid=1 age=8489837 level=7 good=99707 accepted=24276 badhdr=0 nonanchor=75431 toolong=0 rxerr=105 rxen_fail=0 rxen_last=0 sys_status=0x00800002 sys_state=000505470b rx_finfo=0x0786c811 last_status=0x04800102 last_len=17 pan=0xdeca dst=0xffff src=0xb101 code=0xe0
UF;12723487;99708;0xdeca;0xb101;0xffff;0xe0;18996;7;2122;121;7643;17
UF;12723587;99709;0xdeca;0xb101;0xffff;0xe0;18550;7;2038;120;7270;17
UF;12723688;99710;0xdeca;0xb101;0xffff;0xe0;18450;7;2061;121;7409;17
UF;12723788;99711;0xdeca;0xb101;0xffff;0xe0;17169;7;1855;119;6986;17
UF;12723888;99712;0xdeca;0xb101;0xffff;0xe0;17794;7;1955;120;7152;17
UF;12723983;99713;0xdeca;0xb101;0xffff;0xe0;17725;7;2046;123;7244;17
UF;12723996;99714;0xdeca;0xa107;0xb101;0xe1;15340;7;1742;122;6782;20
UL;12723996;24277;H;7;0xa107;0xb101;0xe1;15340;7;1742;122;6782;20
UF;12724086;99715;0xdeca;0xb101;0xffff;0xe0;18603;7;2078;121;7483;17
UF;12724187;99716;0xdeca;0xb101;0xffff;0xe0;18686;7;2053;120;7450;17
UF;12724287;99717;0xdeca;0xb101;0xffff;0xe0;17828;7;1894;118;6924;17
UF;12724387;99718;0xdeca;0xb101;0xffff;0xe0;19325;7;2053;118;6834;17
listener debug sel=A valid=1 age=8490848 level=7 good=99718 accepted=24277 badhdr=0 nonanchor=75441 toolong=0 rxerr=105 rxen_fail=0 rxen_last=0 sys_status=0x00800002 sys_state=000505450b rx_finfo=0x0766c811 last_status=0x04800102 last_len=17 pan=0xdeca dst=0xffff src=0xb101 code=0xe0
UF;12724487;99719;0xdeca;0xb101;0xffff;0xe0;19172;7;2213;123;7512;17
UF;12724587;99720;0xdeca;0xb101;0xffff;0xe0;18801;7;2135;122;7354;17
UF;12724687;99721;0xdeca;0xb101;0xffff;0xe0;17942;7;2071;123;7244;17
UF;12724787;99722;0xdeca;0xb101;0xffff;0xe0;18728;7;2197;124;7203;17
UF;12724888;99723;0xdeca;0xb101;0xffff;0xe0;18149;7;1928;118;7459;17
UF;12724988;99724;0xdeca;0xb101;0xffff;0xe0;17251;7;1959;122;7183;17
UF;12725083;99725;0xdeca;0xb101;0xffff;0xe0;19641;7;2194;121;7243;17
UF;12725095;99726;0xdeca;0xa107;0xb101;0xe1;15118;7;1579;117;5784;20
UL;12725095;24278;H;7;0xa107;0xb101;0xe1;15118;7;1579;117;5784;20
UF;12725186;99727;0xdeca;0xb101;0xffff;0xe0;18252;7;1972;119;7369;17
UF;12725286;99728;0xdeca;0xb101;0xffff;0xe0;18591;7;2181;124;7657;17
UF;12725387;99729;0xdeca;0xb101;0xffff;0xe0;19427;7;2279;124;7048;17
listener debug sel=A valid=1 age=8491848 level=7 good=99729 accepted=24278 badhdr=0 nonanchor=75451 toolong=0 rxerr=105 rxen_fail=0 rxen_last=0 sys_status=0x00800002 sys_state=000505460b rx_finfo=0x07c6c811 last_status=0x04800102 last_len=17 pan=0xdeca dst=0xffff src=0xb101 code=0xe0
UF;12725486;99730;0xdeca;0xb101;0xffff;0xe0;20078;7;2280;122;7239;17
UF;12725586;99731;0xdeca;0xb101;0xffff;0xe0;19367;7;2272;124;7608;17
UF;12725687;99732;0xdeca;0xb101;0xffff;0xe0;18808;7;2171;123;7330;17
UF;12725787;99733;0xdeca;0xb101;0xffff;0xe0;17659;7;1876;118;7167;17
UF;12725887;99734;0xdeca;0xb101;0xffff;0xe0;19973;7;2381;125;7639;17
UF;12725987;99735;0xdeca;0xb101;0xffff;0xe0;19005;7;2123;121;6777;17
UF;12726088;99736;0xdeca;0xb101;0xffff;0xe0;18484;7;2099;122;7314;17
UF;12726188;99737;0xdeca;0xb101;0xffff;0xe0;18271;7;1941;118;7102;17
UF;12726288;99738;0xdeca;0xb101;0xffff;0xe0;18659;7;2016;119;7309;17
UF;12726383;99739;0xdeca;0xb101;0xffff;0xe0;18412;7;1956;118;7175;17
UF;12726396;99740;0xdeca;0xa107;0xb101;0xe1;15942;7;1665;117;6146;20
UL;12726396;24279;H;7;0xa107;0xb101;0xe1;15942;7;1665;117;6146;20
listener debug sel=A valid=1 age=8492863 level=7 good=99740 accepted=24279 badhdr=0 nonanchor=75461 toolong=0 rxerr=105 rxen_fail=0 rxen_last=0 sys_status=0x00800002 sys_state=000505430b rx_finfo=0x0756c814 last_status=0x04800102 last_len=20 pan=0xdeca dst=0xb101 src=0xa107 code=0xe1
UF;12726486;99741;0xdeca;0xb101;0xffff;0xe0;17847;7;1864;117;7158;17
UF;12726586;99742;0xdeca;0xb101;0xffff;0xe0;19742;7;2169;120;7178;17
UF;12726686;99743;0xdeca;0xb101;0xffff;0xe0;17658;7;1940;120;7244;17
UF;12726786;99744;0xdeca;0xb101;0xffff;0xe0;18191;7;2032;121;7206;17
UF;12726887;99745;0xdeca;0xb101;0xffff;0xe0;18765;7;2166;123;7755;17
UF;12726987;99746;0xdeca;0xb101;0xffff;0xe0;19205;7;2253;124;7477;17
UF;12727087;99747;0xdeca;0xb101;0xffff;0xe0;17891;7;1933;119;7116;17
UF;12727187;99748;0xdeca;0xb101;0xffff;0xe0;18860;7;2177;123;6970;17
UF;12727288;99749;0xdeca;0xb101;0xffff;0xe0;18441;7;2060;121;7359;17
uwb any-frame t=12727388 good=99750 len=17 fctrl=8841 pan=0xdeca dst=0xffff src=0xb101 code=0xe0 q=19316 level=7 cir=2266 rxpacc=124 fp=7101/7683/7497
UF;12727388;99750;0xdeca;0xb101;0xffff;0xe0;19316;7;2266;124;7101;17
listener debug sel=A valid=1 age=8493863 level=7 good=99750 accepted=24279 badhdr=0 nonanchor=75471 toolong=0 rxerr=105 rxen_fail=0 rxen_last=0 sys_status=0x00800002 sys_state=000505470b rx_finfo=0x07c6c811 last_status=0x04800102 last_len=17 pan=0xdeca dst=0xffff src=0xb101 code=0xe0
UF;12727485;99751;0xdeca;0xb101;0xffff;0xe0;19426;7;2206;122;7250;17
UF;12727585;99752;0xdeca;0xb101;0xffff;0xe0;20205;7;2257;121;7419;17
UF;12727686;99753;0xdeca;0xb101;0xffff;0xe0;19100;7;2169;122;7293;17
UF;12727786;99754;0xdeca;0xb101;0xffff;0xe0;18472;7;2167;124;7330;17
UF;12727886;99755;0xdeca;0xb101;0xffff;0xe0;19427;7;2279;124;7274;17
UF;12727987;99756;0xdeca;0xb101;0xffff;0xe0;18449;7;2095;122;7522;17
UF;12728087;99757;0xdeca;0xb101;0xffff;0xe0;18692;7;2088;121;7048;17
UF;12728187;99758;0xdeca;0xb101;0xffff;0xe0;18255;7;2073;122;6907;17
UF;12728287;99759;0xdeca;0xb101;0xffff;0xe0;18572;7;2109;122;7430;17
UF;12728388;99760;0xdeca;0xb101;0xffff;0xe0;18432;7;2025;120;7291;17
listener debug sel=A valid=1 age=8494865 level=7 good=99760 accepted=24279 badhdr=0 nonanchor=75481 toolong=0 rxerr=105 rxen_fail=0 rxen_last=0 sys_status=0x00800002 sys_state=000505480b rx_finfo=0x0786c811 last_status=0x04800102 last_len=17 pan=0xdeca dst=0xffff src=0xb101 code=0xe0
UF;12728487;99761;0xdeca;0xb101;0xffff;0xe0;19274;7;2153;121;7627;17
UF;12728587;99762;0xdeca;0xb101;0xffff;0xe0;18058;7;1984;120;7309;17
UF;12728688;99763;0xdeca;0xb101;0xffff;0xe0;17976;7;2008;121;7343;17
UF;12728788;99764;0xdeca;0xb101;0xffff;0xe0;19351;7;2126;120;7205;17
UF;12728883;99765;0xdeca;0xb101;0xffff;0xe0;18557;7;2005;119;6962;17
UF;12728895;99766;0xdeca;0xa107;0xb101;0xe1;16341;7;1917;124;6579;20
UL;12728895;24280;H;7;0xa107;0xb101;0xe1;16341;7;1917;124;6579;20
UF;12728986;99767;0xdeca;0xb101;0xffff;0xe0;19198;7;2216;123;7819;17
UF;12729086;99768;0xdeca;0xb101;0xffff;0xe0;17905;7;1870;117;6983;17
UF;12729187;99769;0xdeca;0xb101;0xffff;0xe0;18501;7;2101;122;7190;17
UF;12729287;99770;0xdeca;0xb101;0xffff;0xe0;18259;7;2142;124;7607;17
UF;12729387;99771;0xdeca;0xb101;0xffff;0xe0;18706;7;2021;119;7211;17
listener debug sel=A valid=1 age=8495869 level=7 good=99771 accepted=24280 badhdr=0 nonanchor=75491 toolong=0 rxerr=105 rxen_fail=0 rxen_last=0 sys_status=0x00800002 sys_state=000505410b rx_finfo=0x0776c811 last_status=0x04800102 last_len=17 pan=0xdeca dst=0xffff src=0xb101 code=0xe0
UF;12729487;99772;0xdeca;0xb101;0xffff;0xe0;18629;7;2081;121;7307;17
UF;12729587;99773;0xdeca;0xb101;0xffff;0xe0;18715;7;2022;119;6867;17
UF;12729687;99774;0xdeca;0xb101;0xffff;0xe0;18431;7;1958;118;6830;17
UF;12729787;99775;0xdeca;0xb101;0xffff;0xe0;18255;7;2073;122;7460;17
UF;12729888;99776;0xdeca;0xb101;0xffff;0xe0;18873;7;2214;124;7575;17
UF;12729983;99777;0xdeca;0xb101;0xffff;0xe0;19470;7;2211;122;7162;17
UF;12729995;99778;0xdeca;0xa107;0xb101;0xe1;15595;7;1742;121;5420;20
UL;12729995;24281;H;7;0xa107;0xb101;0xe1;15595;7;1742;121;5420;20
UF;12730086;99779;0xdeca;0xb101;0xffff;0xe0;18854;7;2141;122;7472;17
UF;12730186;99780;0xdeca;0xb101;0xffff;0xe0;18383;7;1920;117;7145;17
UF;12730287;99781;0xdeca;0xb101;0xffff;0xe0;19642;7;2158;120;7391;17
UF;12730387;99782;0xdeca;0xb101;0xffff;0xe0;17847;7;1864;117;6901;17
listener debug sel=A valid=1 age=8496869 level=7 good=99782 accepted=24281 badhdr=0 nonanchor=75501 toolong=0 rxerr=105 rxen_fail=0 rxen_last=0 sys_status=0x00800002 sys_state=000505440b rx_finfo=0x0756c811 last_status=0x04800102 last_len=17 pan=0xdeca dst=0xffff src=0xb101 code=0xe0
UF;12730486;99783;0xdeca;0xb101;0xffff;0xe0;18604;7;2010;119;7136;17
UF;12730587;99784;0xdeca;0xb101;0xffff;0xe0;18412;7;1956;118;6664;17
UF;12730687;99785;0xdeca;0xb101;0xffff;0xe0;18472;7;2167;124;6928;17
UF;12730787;99786;0xdeca;0xb101;0xffff;0xe0;17663;7;1973;121;7216;17
UF;12730887;99787;0xdeca;0xb101;0xffff;0xe0;19131;7;2137;121;7007;17
UF;12730988;99788;0xdeca;0xb101;0xffff;0xe0;18678;7;2018;119;7051;17
UF;12731088;99789;0xdeca;0xb101;0xffff;0xe0;18900;7;2042;119;6952;17
UF;12731183;99790;0xdeca;0xb101;0xffff;0xe0;18625;7;2185;124;7535;17
UF;12731195;99791;0xdeca;0xa107;0xb101;0xe1;14431;7;1612;121;6841;20
UL;12731195;24282;H;7;0xa107;0xb101;0xe1;14431;7;1612;121;6841;20
UF;12731286;99792;0xdeca;0xb101;0xffff;0xe0;19297;7;2050;118;7343;17
UF;12731387;99793;0xdeca;0xb101;0xffff;0xe0;18537;7;1936;117;6881;17
listener debug sel=A valid=1 age=8497869 level=7 good=99793 accepted=24282 badhdr=0 nonanchor=75511 toolong=0 rxerr=105 rxen_fail=0 rxen_last=0 sys_status=0x00800002 sys_state=000505410b rx_finfo=0x0756c811 last_status=0x04800102 last_len=17 pan=0xdeca dst=0xffff src=0xb101 code=0xe0
UF;12731486;99794;0xdeca;0xb101;0xffff;0xe0;19840;7;2253;122;7518;17
UF;12731586;99795;0xdeca;0xb101;0xffff;0xe0;18532;7;2036;120;7223;17
UF;12731686;99796;0xdeca;0xb101;0xffff;0xe0;18924;7;2149;122;7537;17
UF;12731787;99797;0xdeca;0xb101;0xffff;0xe0;18695;7;2054;120;6903;17
UF;12731887;99798;0xdeca;0xb101;0xffff;0xe0;19512;7;2289;124;7323;17
UF;12731987;99799;0xdeca;0xb101;0xffff;0xe0;18566;7;2178;124;7401;17
uwb any-frame t=12732088 good=99800 len=17 fctrl=8841 pan=0xdeca dst=0xffff src=0xb101 code=0xe0 q=17522 level=7 cir=1830 rxpacc=117 fp=7126/6989/6856
UF;12732088;99800;0xdeca;0xb101;0xffff;0xe0;17522;7;1830;117;7126;17
UF;12732186;99801;0xdeca;0xb101;0xffff;0xe0;18122;7;1958;119;7295;17
UF;12732286;99802;0xdeca;0xb101;0xffff;0xe0;19708;7;2312;124;7486;17
UF;12732386;99803;0xdeca;0xb101;0xffff;0xe0;17570;7;1835;117;7011;17
listener debug sel=A valid=1 age=8498873 level=7 good=99803 accepted=24282 badhdr=0 nonanchor=75521 toolong=0 rxerr=105 rxen_fail=0 rxen_last=0 sys_status=0x00800002 sys_state=000505440b rx_finfo=0x0756c811 last_status=0x04800102 last_len=17 pan=0xdeca dst=0xffff src=0xb101 code=0xe0
UF;12732485;99804;0xdeca;0xb101;0xffff;0xe0;19345;7;2233;123;7492;17
UF;12732586;99805;0xdeca;0xb101;0xffff;0xe0;18340;7;2117;123;7392;17
UF;12732686;99806;0xdeca;0xb101;0xffff;0xe0;19248;7;2258;124;7223;17
UF;12732786;99807;0xdeca;0xb101;0xffff;0xe0;17407;7;1818;117;7064;17
UF;12732886;99808;0xdeca;0xb101;0xffff;0xe0;18498;7;1932;117;6630;17
UF;12732987;99809;0xdeca;0xb101;0xffff;0xe0;18801;7;2135;122;7238;17
UF;12733087;99810;0xdeca;0xb101;0xffff;0xe0;19087;7;2097;120;7428;17
UF;12733187;99811;0xdeca;0xb101;0xffff;0xe0;19405;7;2132;120;7370;17
UF;12733287;99812;0xdeca;0xb101;0xffff;0xe0;18739;7;2128;122;7103;17
UF;12733388;99813;0xdeca;0xb101;0xffff;0xe0;18245;7;2106;123;7395;17
listener debug sel=A valid=1 age=8499875 level=7 good=99813 accepted=24282 badhdr=0 nonanchor=75531 toolong=0 rxerr=105 rxen_fail=0 rxen_last=0 sys_status=0x00800002 sys_state=000505470b rx_finfo=0x07b6c811 last_status=0x04800102 last_len=17 pan=0xdeca dst=0xffff src=0xb101 code=0xe0
UF;12733487;99814;0xdeca;0xb101;0xffff;0xe0;19617;7;2084;118;7346;17
UF;12733587;99815;0xdeca;0xb101;0xffff;0xe0;18800;7;2170;123;6930;17
UF;12733687;99816;0xdeca;0xb101;0xffff;0xe0;19065;7;2165;122;7047;17
UF;12733788;99817;0xdeca;0xb101;0xffff;0xe0;17885;7;1900;118;6679;17
UF;12733888;99818;0xdeca;0xb101;0xffff;0xe0;18280;7;1975;119;7264;17
UF;12733988;99819;0xdeca;0xb101;0xffff;0xe0;19026;7;2232;124;7227;17
UF;12734083;99820;0xdeca;0xb101;0xffff;0xe0;19866;7;2256;122;7049;17
UF;12734096;99821;0xdeca;0xa107;0xb101;0xe1;14939;7;1587;118;6655;20
UL;12734096;24283;H;7;0xa107;0xb101;0xe1;14939;7;1587;118;6655;20
UF;12734186;99822;0xdeca;0xb101;0xffff;0xe0;19256;7;2259;124;7304;17
UF;12734287;99823;0xdeca;0xb101;0xffff;0xe0;18409;7;1989;119;7039;17
UF;12734387;99824;0xdeca;0xb101;0xffff;0xe0;18722;7;2126;122;7093;17
listener debug sel=A valid=1 age=8500879 level=7 good=99824 accepted=24283 badhdr=0 nonanchor=75541 toolong=0 rxerr=105 rxen_fail=0 rxen_last=0 sys_status=0x00800002 sys_state=000505400b rx_finfo=0x07a6c811 last_status=0x04800102 last_len=17 pan=0xdeca dst=0xffff src=0xb101 code=0xe0
UF;12734486;99825;0xdeca;0xb101;0xffff;0xe0;18889;7;2145;122;7418;17
UF;12734587;99826;0xdeca;0xb101;0xffff;0xe0;19418;7;2278;124;7267;17
UF;12734687;99827;0xdeca;0xb101;0xffff;0xe0;19400;7;2061;118;6959;17
UF;12734787;99828;0xdeca;0xb101;0xffff;0xe0;17877;7;1997;121;7296;17
UF;12734887;99829;0xdeca;0xb101;0xffff;0xe0;18013;7;1979;120;7396;17
UF;12734988;99830;0xdeca;0xb101;0xffff;0xe0;18942;7;2151;122;7441;17
UF;12735088;99831;0xdeca;0xb101;0xffff;0xe0;18346;7;1949;118;6756;17
UF;12735188;99832;0xdeca;0xb101;0xffff;0xe0;18873;7;2214;124;7661;17
UF;12735283;99833;0xdeca;0xb101;0xffff;0xe0;18483;7;1997;119;7140;17
UF;12735296;99834;0xdeca;0xa107;0xb101;0xe1;14891;7;1691;122;4893;20
UL;12735296;24284;H;7;0xa107;0xb101;0xe1;14891;7;1691;122;4893;20
UF;12735386;99835;0xdeca;0xb101;0xffff;0xe0;17650;7;1875;118;6915;17
listener debug sel=A valid=1 age=8501879 level=7 good=99835 accepted=24284 badhdr=0 nonanchor=75551 toolong=0 rxerr=105 rxen_fail=0 rxen_last=0 sys_status=0x00800002 sys_state=000505460b rx_finfo=0x0766c811 last_status=0x04800102 last_len=17 pan=0xdeca dst=0xffff src=0xb101 code=0xe0
UF;12735486;99836;0xdeca;0xb101;0xffff;0xe0;18715;7;2022;119;6950;17
UF;12735586;99837;0xdeca;0xb101;0xffff;0xe0;18431;7;1958;118;7238;17
UF;12735686;99838;0xdeca;0xb101;0xffff;0xe0;18353;7;2153;124;7629;17
UF;12735787;99839;0xdeca;0xb101;0xffff;0xe0;18840;7;2246;125;7486;17
UF;12735887;99840;0xdeca;0xb101;0xffff;0xe0;18496;7;2135;123;7463;17
UF;12735987;99841;0xdeca;0xb101;0xffff;0xe0;19444;7;2281;124;7566;17
UF;12736087;99842;0xdeca;0xb101;0xffff;0xe0;20092;7;2357;124;7393;17
UF;12736187;99843;0xdeca;0xb101;0xffff;0xe0;18377;7;2019;120;7125;17
UF;12736288;99844;0xdeca;0xb101;0xffff;0xe0;18642;7;2187;124;7233;17
UF;12736388;99845;0xdeca;0xb101;0xffff;0xe0;18577;7;2041;120;6920;17
listener debug sel=A valid=1 age=8502880 level=7 good=99845 accepted=24284 badhdr=0 nonanchor=75561 toolong=0 rxerr=105 rxen_fail=0 rxen_last=0 sys_status=0x00800002 sys_state=000505480b rx_finfo=0x0786c811 last_status=0x04800102 last_len=17 pan=0xdeca dst=0xffff src=0xb101 code=0xe0
UF;12736487;99846;0xdeca;0xb101;0xffff;0xe0;19615;7;2155;120;7242;17
UF;12736588;99847;0xdeca;0xb101;0xffff;0xe0;18268;7;2007;120;7275;17
UF;12736688;99848;0xdeca;0xb101;0xffff;0xe0;17303;7;1901;120;7270;17
UF;12736783;99849;0xdeca;0xb101;0xffff;0xe0;18400;7;1988;119;7018;17
uwb any-frame t=12736795 good=99850 len=20 fctrl=8841 pan=0xdeca dst=0xb101 src=0xa107 code=0xe1 q=15648 level=7 cir=1777 rxpacc=122 fp=6926/7491/5077
UF;12736795;99850;0xdeca;0xa107;0xb101;0xe1;15648;7;1777;122;6926;20
UL;12736795;24285;H;7;0xa107;0xb101;0xe1;15648;7;1777;122;6926;20
UF;12736884;99851;0xdeca;0xb101;0xffff;0xe0;20134;7;2362;124;7842;17
UF;12736896;99852;0xdeca;0xa107;0xb101;0xe1;12090;6;452;70;2653;20
UL;12736896;24286;H;7;0xa107;0xb101;0xe1;12090;6;452;70;2653;20
UF;12736987;99853;0xdeca;0xb101;0xffff;0xe0;17993;7;1944;119;7400;17
UF;12737087;99854;0xdeca;0xb101;0xffff;0xe0;19701;7;2274;123;7543;17
UF;12737187;99855;0xdeca;0xb101;0xffff;0xe0;19114;7;2100;120;7321;17
UF;12737287;99856;0xdeca;0xb101;0xffff;0xe0;18619;7;1978;118;6624;17
UF;12737387;99857;0xdeca;0xb101;0xffff;0xe0;18965;7;2049;119;7245;17
listener debug sel=A valid=1 age=8503880 level=7 good=99857 accepted=24286 badhdr=0 nonanchor=75571 toolong=0 rxerr=105 rxen_fail=0 rxen_last=0 sys_status=0x00800002 sys_state=000505410b rx_finfo=0x0776c811 last_status=0x04800102 last_len=17 pan=0xdeca dst=0xffff src=0xb101 code=0xe0
UF;12737487;99858;0xdeca;0xb101;0xffff;0xe0;18836;7;2001;118;7468;17
UF;12737587;99859;0xdeca;0xb101;0xffff;0xe0;18456;7;1994;119;6855;17
UF;12737687;99860;0xdeca;0xb101;0xffff;0xe0;18354;7;1983;119;7003;17
UF;12737788;99861;0xdeca;0xb101;0xffff;0xe0;18523;7;2173;124;7005;17
UF;12737888;99862;0xdeca;0xb101;0xffff;0xe0;19094;7;2204;123;7573;17
UF;12737983;99863;0xdeca;0xb101;0xffff;0xe0;19798;7;2139;119;6970;17
UF;12737995;99864;0xdeca;0xa107;0xb101;0xe1;15182;7;1668;120;6445;20
UL;12737995;24287;H;7;0xa107;0xb101;0xe1;15182;7;1668;120;6445;20
UF;12738086;99865;0xdeca;0xb101;0xffff;0xe0;18661;7;1949;117;6780;17
UF;12738186;99866;0xdeca;0xb101;0xffff;0xe0;17819;7;1893;118;6785;17
UF;12738286;99867;0xdeca;0xb101;0xffff;0xe0;18421;7;2161;124;7395;17
UF;12738387;99868;0xdeca;0xb101;0xffff;0xe0;19657;7;2306;124;7463;17
listener debug sel=A valid=1 age=8504884 level=7 good=99868 accepted=24287 badhdr=0 nonanchor=75581 toolong=0 rxerr=105 rxen_fail=0 rxen_last=0 sys_status=0x00800002 sys_state=000505460b rx_finfo=0x07c6c811 last_status=0x04800102 last_len=17 pan=0xdeca dst=0xffff src=0xb101 code=0xe0
UF;12738486;99869;0xdeca;0xb101;0xffff;0xe0;19560;7;2149;120;7484;17
UF;12738586;99870;0xdeca;0xb101;0xffff;0xe0;19285;7;2226;123;7253;17
UF;12738686;99871;0xdeca;0xb101;0xffff;0xe0;18817;7;2102;121;6945;17
UF;12738787;99872;0xdeca;0xb101;0xffff;0xe0;18623;7;2046;120;7283;17
UF;12738887;99873;0xdeca;0xb101;0xffff;0xe0;18359;7;2017;120;6818;17
UF;12738987;99874;0xdeca;0xb101;0xffff;0xe0;18210;7;2102;123;7403;17
UF;12739087;99875;0xdeca;0xb101;0xffff;0xe0;18804;7;2206;124;7084;17
UF;12739188;99876;0xdeca;0xb101;0xffff;0xe0;18642;7;2187;124;7279;17
UF;12739288;99877;0xdeca;0xb101;0xffff;0xe0;19035;7;2233;124;7250;17
UF;12739388;99878;0xdeca;0xb101;0xffff;0xe0;19437;7;2030;117;7030;17
listener debug sel=A valid=1 age=8505886 level=7 good=99878 accepted=24287 badhdr=0 nonanchor=75591 toolong=0 rxerr=105 rxen_fail=0 rxen_last=0 sys_status=0x00800002 sys_state=000505470b rx_finfo=0x0756c811 last_status=0x04800102 last_len=17 pan=0xdeca dst=0xffff src=0xb101 code=0xe0
UF;12739488;99879;0xdeca;0xb101;0xffff;0xe0;19062;7;2025;118;7056;17
UF;12739588;99880;0xdeca;0xb101;0xffff;0xe0;18157;7;2130;124;7178;17
UF;12739688;99881;0xdeca;0xb101;0xffff;0xe0;18746;7;2094;121;7562;17
UF;12739783;99882;0xdeca;0xb101;0xffff;0xe0;19429;7;2064;118;6931;17
UF;12739796;99883;0xdeca;0xa107;0xb101;0xe1;15346;7;1658;119;6540;20
UL;12739796;24288;H;7;0xa107;0xb101;0xe1;15346;7;1658;119;6540;20
UF;12739886;99884;0xdeca;0xb101;0xffff;0xe0;18352;7;2084;122;7370;17
UF;12739986;99885;0xdeca;0xb101;0xffff;0xe0;19485;7;2070;118;7267;17
UF;12740087;99886;0xdeca;0xb101;0xffff;0xe0;18859;7;2072;120;7423;17
UF;12740187;99887;0xdeca;0xb101;0xffff;0xe0;19489;7;2177;121;7460;17
UF;12740287;99888;0xdeca;0xb101;0xffff;0xe0;19085;7;2203;123;6829;17
UF;12740387;99889;0xdeca;0xb101;0xffff;0xe0;18098;7;2089;123;7373;17
listener debug sel=A valid=1 age=8506890 level=7 good=99889 accepted=24288 badhdr=0 nonanchor=75601 toolong=0 rxerr=105 rxen_fail=0 rxen_last=0 sys_status=0x00800002 sys_state=000505460b rx_finfo=0x07b6c811 last_status=0x04800102 last_len=17 pan=0xdeca dst=0xffff src=0xb101 code=0xe0
UF;12740487;99890;0xdeca;0xb101;0xffff;0xe0;19270;7;2082;119;7051;17
UF;12740587;99891;0xdeca;0xb101;0xffff;0xe0;19511;7;2108;119;6812;17
UF;12740687;99892;0xdeca;0xb101;0xffff;0xe0;18262;7;2040;121;7227;17
UF;12740787;99893;0xdeca;0xb101;0xffff;0xe0;19180;7;2250;124;7633;17
UF;12740888;99894;0xdeca;0xb101;0xffff;0xe0;18577;7;2041;120;7319;17
UF;12740988;99895;0xdeca;0xb101;0xffff;0xe0;18297;7;1911;117;7013;17
UF;12741083;99896;0xdeca;0xb101;0xffff;0xe0;19048;7;2058;119;7435;17
UF;12741095;99897;0xdeca;0xa107;0xb101;0xe1;15861;7;1685;118;5140;20
UL;12741095;24289;H;7;0xa107;0xb101;0xe1;15861;7;1685;118;5140;20
UF;12741186;99898;0xdeca;0xb101;0xffff;0xe0;18001;7;2146;125;7494;17
UF;12741286;99899;0xdeca;0xb101;0xffff;0xe0;19047;7;2163;122;7346;17
uwb any-frame t=12741386 good=99900 len=17 fctrl=8841 pan=0xdeca dst=0xffff src=0xb101 code=0xe0 q=19233 level=7 cir=2220 rxpacc=123 fp=7303/7595/5450
UF;12741386;99900;0xdeca;0xb101;0xffff;0xe0;19233;7;2220;123;7303;17
listener debug sel=A valid=1 age=8507892 level=7 good=99900 accepted=24289 badhdr=0 nonanchor=75611 toolong=0 rxerr=105 rxen_fail=0 rxen_last=0 sys_status=0x00800002 sys_state=000505410b rx_finfo=0x07b6c811 last_status=0x04800102 last_len=17 pan=0xdeca dst=0xffff src=0xb101 code=0xe0
UF;12741484;99901;0xdeca;0xb101;0xffff;0xe0;19479;7;2212;122;7607;17
UF;12741496;99902;0xdeca;0xa107;0xb101;0xe1;15073;7;1656;120;4452;20
UL;12741496;24290;H;7;0xa107;0xb101;0xe1;15073;7;1656;120;4452;20
UF;12741587;99903;0xdeca;0xb101;0xffff;0xe0;18823;7;2068;120;7024;17
UF;12741687;99904;0xdeca;0xb101;0xffff;0xe0;18594;7;2009;119;7253;17
UF;12741787;99905;0xdeca;0xb101;0xffff;0xe0;18933;7;2150;122;7703;17
UF;12741887;99906;0xdeca;0xb101;0xffff;0xe0;18810;7;2136;122;7151;17
UF;12741988;99907;0xdeca;0xb101;0xffff;0xe0;19815;7;2105;118;7062;17
UF;12742088;99908;0xdeca;0xb101;0xffff;0xe0;19188;7;2179;122;7405;17
UF;12742183;99909;0xdeca;0xb101;0xffff;0xe0;18415;7;2057;121;7379;17
UF;12742195;99910;0xdeca;0xa107;0xb101;0xe1;14151;7;1607;122;7099;20
UL;12742195;24291;H;7;0xa107;0xb101;0xe1;14151;7;1607;122;7099;20
UF;12742286;99911;0xdeca;0xb101;0xffff;0xe0;18710;7;2090;121;7270;17
UF;12742386;99912;0xdeca;0xb101;0xffff;0xe0;20166;7;2290;122;7782;17
listener debug sel=A valid=1 age=8508894 level=7 good=99912 accepted=24291 badhdr=0 nonanchor=75621 toolong=0 rxerr=105 rxen_fail=0 rxen_last=0 sys_status=0x00800002 sys_state=000505450b rx_finfo=0x07a6c811 last_status=0x04800102 last_len=17 pan=0xdeca dst=0xffff src=0xb101 code=0xe0
UF;12742486;99913;0xdeca;0xb101;0xffff;0xe0;18949;7;2223;124;7386;17
UF;12742586;99914;0xdeca;0xb101;0xffff;0xe0;19247;7;2150;121;7127;17
UF;12742686;99915;0xdeca;0xb101;0xffff;0xe0;19260;7;2116;120;7608;17
UF;12742786;99916;0xdeca;0xb101;0xffff;0xe0;18063;7;2085;123;7189;17
UF;12742887;99917;0xdeca;0xb101;0xffff;0xe0;19746;7;2354;125;7602;17
UF;12742987;99918;0xdeca;0xb101;0xffff;0xe0;19840;7;2253;122;7658;17
UF;12743087;99919;0xdeca;0xb101;0xffff;0xe0;18096;7;1890;117;7386;17
UF;12743187;99920;0xdeca;0xb101;0xffff;0xe0;18563;7;2108;122;7620;17
UF;12743287;99921;0xdeca;0xb101;0xffff;0xe0;18382;7;1986;119;6619;17
UF;12743388;99922;0xdeca;0xb101;0xffff;0xe0;19009;7;2230;124;7164;17
listener debug sel=A valid=1 age=8509896 level=7 good=99922 accepted=24291 badhdr=0 nonanchor=75631 toolong=0 rxerr=105 rxen_fail=0 rxen_last=0 sys_status=0x00800002 sys_state=000505460b rx_finfo=0x07c6c811 last_status=0x04800102 last_len=17 pan=0xdeca dst=0xffff src=0xb101 code=0xe0
UF;12743487;99923;0xdeca;0xb101;0xffff;0xe0;19068;7;2201;123;7320;17
UF;12743587;99924;0xdeca;0xb101;0xffff;0xe0;18854;7;2141;122;7174;17
UF;12743687;99925;0xdeca;0xb101;0xffff;0xe0;19207;7;2217;123;7276;17
UF;12743788;99926;0xdeca;0xb101;0xffff;0xe0;19382;7;2059;118;7165;17
UF;12743888;99927;0xdeca;0xb101;0xffff;0xe0;17621;7;1936;120;7154;17
UF;12743983;99928;0xdeca;0xb101;0xffff;0xe0;18557;7;2142;123;7603;17
UF;12743996;99929;0xdeca;0xa107;0xb101;0xe1;14800;7;1626;120;6054;20
UL;12743996;24292;H;7;0xa107;0xb101;0xe1;14800;7;1626;120;6054;20
UF;12744086;99930;0xdeca;0xb101;0xffff;0xe0;18369;7;2086;122;7203;17
UF;12744187;99931;0xdeca;0xb101;0xffff;0xe0;18623;7;2046;120;6907;17
UF;12744287;99932;0xdeca;0xb101;0xffff;0xe0;18881;7;2040;119;7012;17
UF;12744387;99933;0xdeca;0xb101;0xffff;0xe0;19137;7;2033;118;6953;17
listener debug sel=A valid=1 age=8510900 level=7 good=99933 accepted=24292 badhdr=0 nonanchor=75641 toolong=0 rxerr=105 rxen_fail=0 rxen_last=0 sys_status=0x00800002 sys_state=000505460b rx_finfo=0x0766c811 last_status=0x04800102 last_len=17 pan=0xdeca dst=0xffff src=0xb101 code=0xe0
UF;12744487;99934;0xdeca;0xb101;0xffff;0xe0;18470;7;2132;123;7002;17
UF;12744587;99935;0xdeca;0xb101;0xffff;0xe0;18676;7;1984;118;6811;17
UF;12744687;99936;0xdeca;0xb101;0xffff;0xe0;17206;7;1859;119;7154;17
UF;12744787;99937;0xdeca;0xb101;0xffff;0xe0;19059;7;2200;123;7179;17
UF;12744887;99938;0xdeca;0xb101;0xffff;0xe0;19240;7;2044;118;6908;17
UF;12744988;99939;0xdeca;0xb101;0xffff;0xe0;18360;7;2085;122;7219;17
UF;12745088;99940;0xdeca;0xb101;0xffff;0xe0;19651;7;2159;120;7504;17
UF;12745188;99941;0xdeca;0xb101;0xffff;0xe0;18748;7;2164;123;7647;17
UF;12745283;99942;0xdeca;0xb101;0xffff;0xe0;18776;7;1961;117;7279;17
UF;12745296;99943;0xdeca;0xa107;0xb101;0xe1;15425;7;1611;117;6558;20
UL;12745296;24293;H;7;0xa107;0xb101;0xe1;15425;7;1611;117;6558;20
UF;12745386;99944;0xdeca;0xb101;0xffff;0xe0;19154;7;2247;124;7672;17
listener debug sel=A valid=1 age=8511904 level=7 good=99944 accepted=24293 badhdr=0 nonanchor=75651 toolong=0 rxerr=105 rxen_fail=0 rxen_last=0 sys_status=0x00800002 sys_state=000505410b rx_finfo=0x07c6c811 last_status=0x04800102 last_len=17 pan=0xdeca dst=0xffff src=0xb101 code=0xe0
UF;12745486;99945;0xdeca;0xb101;0xffff;0xe0;19212;7;2041;118;7059;17
UF;12745586;99946;0xdeca;0xb101;0xffff;0xe0;19379;7;2024;117;7129;17
UF;12745686;99947;0xdeca;0xb101;0xffff;0xe0;18659;7;2050;120;7370;17
UF;12745786;99948;0xdeca;0xb101;0xffff;0xe0;18119;7;2160;125;7165;17
UF;12745886;99949;0xdeca;0xb101;0xffff;0xe0;18678;7;2156;123;7686;17
uwb any-frame t=12745987 good=99950 len=17 fctrl=8841 pan=0xdeca dst=0xffff src=0xb101 code=0xe0 q=19945 level=7 cir=2228 rxpacc=121 fp=7529/7744/7016
UF;12745987;99950;0xdeca;0xb101;0xffff;0xe0;19945;7;2228;121;7529;17
UF;12746085;99951;0xdeca;0xb101;0xffff;0xe0;18396;7;2089;122;7002;17
UF;12746185;99952;0xdeca;0xb101;0xffff;0xe0;18557;7;2005;119;6942;17
UF;12746285;99953;0xdeca;0xb101;0xffff;0xe0;18872;7;2039;119;6609;17
UF;12746385;99954;0xdeca;0xb101;0xffff;0xe0;19856;7;2218;121;7610;17
listener debug sel=A valid=1 age=8512909 level=7 good=99954 accepted=24293 badhdr=0 nonanchor=75661 toolong=0 rxerr=105 rxen_fail=0 rxen_last=0 sys_status=0x00800002 sys_state=000505470b rx_finfo=0x0796c811 last_status=0x04800102 last_len=17 pan=0xdeca dst=0xffff src=0xb101 code=0xe0
UF;12746490;99955;0xdeca;0xb101;0xffff;0xe0;19505;7;2215;122;7390;17
UF;12746585;99956;0xdeca;0xb101;0xffff;0xe0;19376;7;2273;124;7605;17
UF;12746685;99957;0xdeca;0xb101;0xffff;0xe0;18808;7;2101;121;7709;17
UF;12746785;99958;0xdeca;0xb101;0xffff;0xe0;18613;7;1944;117;6983;17
UF;12746885;99959;0xdeca;0xb101;0xffff;0xe0;18996;7;2087;120;6931;17
UF;12746986;99960;0xdeca;0xb101;0xffff;0xe0;18687;7;2019;119;6982;17
UF;12747086;99961;0xdeca;0xb101;0xffff;0xe0;18808;7;2101;121;7431;17
UF;12747186;99962;0xdeca;0xb101;0xffff;0xe0;18506;7;2171;124;7099;17
UF;12747286;99963;0xdeca;0xb101;0xffff;0xe0;18807;7;1998;118;7105;17
UF;12747386;99964;0xdeca;0xb101;0xffff;0xe0;18713;7;2160;123;7476;17
listener debug sel=A valid=1 age=8513910 level=7 good=99964 accepted=24293 badhdr=0 nonanchor=75671 toolong=0 rxerr=105 rxen_fail=0 rxen_last=0 sys_status=0x00800002 sys_state=000505450b rx_finfo=0x07b6c811 last_status=0x04800102 last_len=17 pan=0xdeca dst=0xffff src=0xb101 code=0xe0
UF;12747491;99965;0xdeca;0xb101;0xffff;0xe0;18397;7;2055;121;7443;17
UF;12747586;99966;0xdeca;0xb101;0xffff;0xe0;20178;7;2254;121;7297;17
UF;12747686;99967;0xdeca;0xb101;0xffff;0xe0;19874;7;2294;123;7621;17
UF;12747786;99968;0xdeca;0xb101;0xffff;0xe0;18757;7;2130;122;7000;17
UF;12747887;99969;0xdeca;0xb101;0xffff;0xe0;19113;7;2135;121;7532;17
UF;12747987;99970;0xdeca;0xb101;0xffff;0xe0;18765;7;2166;123;7647;17
UF;12748087;99971;0xdeca;0xb101;0xffff;0xe0;18355;7;1917;117;7223;17
UF;12748187;99972;0xdeca;0xb101;0xffff;0xe0;18686;7;2053;120;6948;17
UF;12748287;99973;0xdeca;0xb101;0xffff;0xe0;19683;7;2272;123;7245;17
UF;12748388;99974;0xdeca;0xb101;0xffff;0xe0;18214;7;1935;118;7085;17
listener debug sel=A valid=1 age=8514911 level=7 good=99974 accepted=24293 badhdr=0 nonanchor=75681 toolong=0 rxerr=105 rxen_fail=0 rxen_last=0 sys_status=0x00800002 sys_state=000505450b rx_finfo=0x0766c811 last_status=0x04800102 last_len=17 pan=0xdeca dst=0xffff src=0xb101 code=0xe0
UF;12748492;99975;0xdeca;0xb101;0xffff;0xe0;20017;7;2236;121;7223;17
UF;12748587;99976;0xdeca;0xb101;0xffff;0xe0;19202;7;2145;121;7029;17
UF;12748687;99977;0xdeca;0xb101;0xffff;0xe0;18613;7;1944;117;7017;17
UF;12748788;99978;0xdeca;0xb101;0xffff;0xe0;18349;7;2118;123;7549;17
UF;12748888;99979;0xdeca;0xb101;0xffff;0xe0;19078;7;2096;120;7505;17
UF;12748988;99980;0xdeca;0xb101;0xffff;0xe0;19224;7;2077;119;7362;17
UF;12749083;99981;0xdeca;0xb101;0xffff;0xe0;16972;7;1803;118;7057;17
UF;12749096;99982;0xdeca;0xa107;0xb101;0xe1;15216;7;1644;119;6160;20
UL;12749096;24294;H;7;0xa107;0xb101;0xe1;15216;7;1644;119;6160;20
UF;12749186;99983;0xdeca;0xb101;0xffff;0xe0;18472;7;2167;124;7480;17
UF;12749286;99984;0xdeca;0xb101;0xffff;0xe0;18278;7;1909;117;7144;17
UF;12749387;99985;0xdeca;0xb101;0xffff;0xe0;18483;7;1997;119;7110;17
listener debug sel=A valid=1 age=8515915 level=7 good=99985 accepted=24294 badhdr=0 nonanchor=75691 toolong=0 rxerr=105 rxen_fail=0 rxen_last=0 sys_status=0x00800002 sys_state=000505410b rx_finfo=0x0776c811 last_status=0x04800102 last_len=17 pan=0xdeca dst=0xffff src=0xb101 code=0xe0
UF;12749496;99986;0xdeca;0xb101;0xffff;0xe0;18026;7;1915;118;7273;17
UF;12749586;99987;0xdeca;0xb101;0xffff;0xe0;18800;7;2170;123;7431;17
UF;12749686;99988;0xdeca;0xb101;0xffff;0xe0;18505;7;2136;123;7552;17
UF;12749787;99989;0xdeca;0xb101;0xffff;0xe0;18650;7;2015;119;6816;17
UF;12749887;99990;0xdeca;0xb101;0xffff;0xe0;19014;7;2124;121;7268;17
UF;12749987;99991;0xdeca;0xb101;0xffff;0xe0;19120;7;2243;124;7072;17
UF;12750087;99992;0xdeca;0xb101;0xffff;0xe0;18487;7;1964;118;7031;17
UF;12750188;99993;0xdeca;0xb101;0xffff;0xe0;19325;7;2053;118;6981;17
UF;12750288;99994;0xdeca;0xb101;0xffff;0xe0;18539;7;2003;119;7088;17
UF;12750388;99995;0xdeca;0xb101;0xffff;0xe0;19015;7;2020;118;7024;17
listener debug sel=A valid=1 age=8516916 level=7 good=99995 accepted=24294 badhdr=0 nonanchor=75701 toolong=0 rxerr=105 rxen_fail=0 rxen_last=0 sys_status=0x00800002 sys_state=000505480b rx_finfo=0x0766c811 last_status=0x04800102 last_len=17 pan=0xdeca dst=0xffff src=0xb101 code=0xe0
UF;12750498;99996;0xdeca;0xb101;0xffff;0xe0;19605;7;2263;123;7568;17
UF;12750588;99997;0xdeca;0xb101;0xffff;0xe0;18497;7;1965;118;7374;17
UF;12750688;99998;0xdeca;0xb101;0xffff;0xe0;18826;7;2000;118;7381;17
UF;12750788;99999;0xdeca;0xb101;0xffff;0xe0;18141;7;1960;119;7259;17
uwb any-frame t=12750883 good=100000 len=17 fctrl=8841 pan=0xdeca dst=0xffff src=0xb101 code=0xe0 q=17877 level=7 cir=1997 rxpacc=121 fp=7438/7028/7107
UF;12750883;100000;0xdeca;0xb101;0xffff;0xe0;17877;7;1997;121;7438;17
UF;12750986;100001;0xdeca;0xb101;0xffff;0xe0;18242;7;2140;124;7657;17
UF;12751086;100002;0xdeca;0xb101;0xffff;0xe0;19086;7;2132;121;7398;17
UF;12751187;100003;0xdeca;0xb101;0xffff;0xe0;18950;7;2082;120;7544;17
UF;12751287;100004;0xdeca;0xb101;0xffff;0xe0;17995;7;1977;120;7048;17
UF;12751387;100005;0xdeca;0xb101;0xffff;0xe0;19047;7;2163;122;7883;17
listener debug sel=A valid=1 age=8517916 level=7 good=100005 accepted=24294 badhdr=0 nonanchor=75711 toolong=0 rxerr=105 rxen_fail=0 rxen_last=0 sys_status=0x00800002 sys_state=000505470b rx_finfo=0x07a6c811 last_status=0x04800102 last_len=17 pan=0xdeca dst=0xffff src=0xb101 code=0xe0
UF;12751497;100006;0xdeca;0xb101;0xffff;0xe0;18889;7;2110;121;7530;17
UF;12751587;100007;0xdeca;0xb101;0xffff;0xe0;18017;7;1914;118;7385;17
UF;12751687;100008;0xdeca;0xb101;0xffff;0xe0;18719;7;1955;117;7156;17
UF;12751788;100009;0xdeca;0xb101;0xffff;0xe0;18594;7;1942;117;7409;17
UF;12751883;100010;0xdeca;0xb101;0xffff;0xe0;19415;7;2241;123;7517;17
UF;12751895;100011;0xdeca;0xa107;0xb101;0xe1;15412;7;1808;124;6958;20
UL;12751895;24295;H;7;0xa107;0xb101;0xe1;15412;7;1808;124;6958;20
UF;12751986;100012;0xdeca;0xb101;0xffff;0xe0;19341;7;2269;124;7416;17
UF;12752086;100013;0xdeca;0xb101;0xffff;0xe0;19131;7;2067;119;6859;17
UF;12752187;100014;0xdeca;0xb101;0xffff;0xe0;18977;7;2016;118;6817;17
UF;12752287;100015;0xdeca;0xb101;0xffff;0xe0;18687;7;2019;119;7522;17
UF;12752387;100016;0xdeca;0xb101;0xffff;0xe0;18395;7;2021;120;7499;17
listener debug sel=A valid=1 age=8518916 level=7 good=100016 accepted=24295 badhdr=0 nonanchor=75721 toolong=0 rxerr=105 rxen_fail=0 rxen_last=0 sys_status=0x00800002 sys_state=000505470b rx_finfo=0x0786c811 last_status=0x04800102 last_len=17 pan=0xdeca dst=0xffff src=0xb101 code=0xe0
UF;12752497;100017;0xdeca;0xb101;0xffff;0xe0;18856;7;2212;124;7762;17
UF;12752587;100018;0xdeca;0xb101;0xffff;0xe0;19724;7;2131;119;7180;17
UF;12752688;100019;0xdeca;0xb101;0xffff;0xe0;19793;7;2211;121;7365;17
UF;12752788;100020;0xdeca;0xb101;0xffff;0xe0;18856;7;2212;124;7517;17
UF;12752883;100021;0xdeca;0xb101;0xffff;0xe0;19086;7;2239;124;7500;17
UF;12752896;100022;0xdeca;0xa107;0xb101;0xe1;15507;7;1790;123;6518;20
UL;12752896;24296;H;7;0xa107;0xb101;0xe1;15507;7;1790;123;6518;20
UF;12752986;100023;0xdeca;0xb101;0xffff;0xe0;18128;7;2025;121;6949;17
UF;12753087;100024;0xdeca;0xb101;0xffff;0xe0;18410;7;2125;123;7620;17
UF;12753187;100025;0xdeca;0xb101;0xffff;0xe0;18302;7;2147;124;7184;17
UF;12753287;100026;0xdeca;0xb101;0xffff;0xe0;17772;7;1888;118;6863;17
U