PORT=/dev/serial/by-id/usb-Master_Anchor_Master_Anchor_Control_87EA2F4A526C5A02-if00
START=2026-07-10 14:02:49
MASTER=A
PRECHECK: BSxxxx tag quarantine disabled; master/matrix anchors ignore tag polls during sweep
PRECHECK: context session_autopos_ready=1 autopos_initialized=1
PRECHECK: reusing session AUTOPOS state from matrix guard
PRECHECK: reusing existing AUTOPOS map
>>> autopos cir 0
[AUTOPOS] AUTOPOS cir mode set: 0
>>> autopos round A 110
[AUTOPOS] AUTOPOS round staged: master=A sets=110
>>> autopos status
[AUTOPOS] AUTOPOS: mode=AUTOPOS state=staged staged=A last_success=- sets=110 cir=0 error=-
[AUTOPOS] MSTAT peer=0 name=BS???? conn=1 ready=1 pkts=0 bytes=0 last_len=0 print_drops=0
[AUTOPOS] MSTAT peer=1 name=BS???? conn=1 ready=1 pkts=0 bytes=0 last_len=0 print_drops=0
[AUTOPOS] MSTAT peer=2 name=BS???? conn=1 ready=1 pkts=0 bytes=0 last_len=0 print_drops=0
[AUTOPOS] MSTAT peer=3 name=BS???? conn=1 ready=1 pkts=0 bytes=0 last_len=0 print_drops=0
[AUTOPOS] MSTAT peer=4 name=BS???? conn=1 ready=1 pkts=0 bytes=0 last_len=0 print_drops=0
[AUTOPOS] MSTAT peer=5 name=BS???? conn=1 ready=1 pkts=0 bytes=0 last_len=0 print_drops=0
[AUTOPOS] MSTAT peer=6 name=BS???? conn=1 ready=1 pkts=0 bytes=0 last_len=0 print_drops=0
[AUTOPOS] MSTAT peer=7 name=BS???? conn=1 ready=1 pkts=0 bytes=0 last_len=0 print_drops=0
[AUTOPOS] MSTAT peer=8 name=BS???? conn=1 ready=1 pkts=0 bytes=0 last_len=0 print_drops=0
[AUTOPOS] MCLK cal=-1 skips=-1 up_ms=70762
>>> autopos apply
[AUTOPOS] AUTOPOS apply started
[AUTOPOS] RECV_BG gate: SUPPRESS reason=autopos_detach
[AUTOPOS] AUTOPOS detach skip STOP: finite master auto-returns to matrix sets=110
[AUTOPOS] RECV_BG gate: ALLOW reason=autopos_detach_done
[AUTOPOS] SCAN start req: bt_ready=1 scan_running=0 connecting_slot=-1 conn_count=9 target=anchor prefix=ANCHOR-
[AUTOPOS] Scanning for ANCHOR-*
[AUTOPOS] AUTOPOS apply mode: bootstrap-target-only
[AUTOPOS] Master discovery mode: CONN & START
[AUTOPOS] AUTOPOS wait anchor ready: uuid=F3BB7A04104F9CB8561DDDACB9E53714 reuse existing ready control link (discovery remains active)
[AUTOPOS] AUTOPOS state: STATE fw=alt-bcast-fixeda19-g1200-r1000 bs=BS1FFC uuid=F3BB7A04104F9CB8561DDDACB9E53714 label=A role=matrix cfg_valid=1 busy=1 pending_valid=1 schema=2 gen=1 reboot_required=0
[AUTOPOS] AUTOPOS state: STATE fw=alt-bcast-fixeda19-g1200-r1000 bs=BS1FFC uuid=F3BB7A04104F9CB8561DDDACB9E53714 label=A role=matrix cfg_valid=1 busy=1 pending_valid=1 schema=2 gen=1 reboot_required=0
[AUTOPOS] BLE cmd skip[0]: target mismatch kind=anchor target_name=- target_uuid=F3BB7A04104F9CB8561DDDACB9E53714 peer_name=- peer_bs=- peer_uuid=B2B5FA625534A8C617135DCAFC9E036A link=anchor-ctrl ready=1
[AUTOPOS] BLE cmd skip[1]: target mismatch kind=anchor target_name=- target_uuid=F3BB7A04104F9CB8561DDDACB9E53714 peer_name=- peer_bs=- peer_uuid=A892AF05DD59CF0D0D3408AD74F364A1 link=anchor-ctrl ready=1
[AUTOPOS] Anchor ctrl sent[2]: RUNTIME MASTER SWEEP 110 CIR=0 uuid=F3BB7A04104F9CB8561DDDACB9E53714
[AUTOPOS] BLE cmd skip[3]: target mismatch kind=anchor target_name=- target_uuid=F3BB7A04104F9CB8561DDDACB9E53714 peer_name=- peer_bs=- peer_uuid=CEE5A7EFCB35F8A56B430047629F5309 link=anchor-ctrl ready=1
[AUTOPOS] BLE cmd skip[4]: target mismatch kind=anchor target_name=- target_uuid=F3BB7A04104F9CB8561DDDACB9E53714 peer_name=- peer_bs=- peer_uuid=840C68591E90019821AACFF1B73AAA34 link=anchor-ctrl ready=1
[AUTOPOS] BLE cmd skip[5]: target mismatch kind=anchor target_name=- target_uuid=F3BB7A04104F9CB8561DDDACB9E53714 peer_name=- peer_bs=- peer_uuid=B9179575C776C98F1CB132DD6EDC6223 link=anchor-ctrl ready=1
[AUTOPOS] BLE cmd skip[6]: target mismatch kind=anchor target_name=- target_uuid=F3BB7A04104F9CB8561DDDACB9E53714 peer_name=- peer_bs=- peer_uuid=B1E487C2B1FD740D1442206A1857DFA1 link=anchor-ctrl ready=1
[AUTOPOS] BLE cmd skip[7]: target mismatch kind=anchor target_name=- target_uuid=F3BB7A04104F9CB8561DDDACB9E53714 peer_name=- peer_bs=- peer_uuid=CF12E703AC1A118F6AB440AB05B0BA23 link=anchor-ctrl ready=1
[AUTOPOS] BLE cmd skip[8]: target mismatch kind=anchor target_name=- target_uuid=F3BB7A04104F9CB8561DDDACB9E53714 peer_name=- peer_bs=- peer_uuid=B3087BC3D87CCCD316AEDC6B71D6677F link=anchor-ctrl ready=1
[AUTOPOS] ANCHOR_CTRL[2] notify: OK RUNTIME_SWITCH_REQUESTED SWEEP=110
[AUTOPOS] AUTOPOS result: OK RUNTIME_SWITCH_REQUESTED SWEEP=110
[AUTOPOS] SW-A warmup discard 1/10 minq=100
[AUTOPOS] SW-A warmup discard 2/10 minq=100
[AUTOPOS] AUTOPOS state: STATE fw=alt-bcast-fixeda19-g1200-r1000 bs=BS1FFC uuid=F3BB7A04104F9CB8561DDDACB9E53714 label=A role=master cfg_valid=1 busy=1 pending_valid=1 schema=2 gen=1 reboot_required=0
[AUTOPOS] AUTOPOS bootstrap target-only promote verified: master=A
[AUTOPOS] AUTOPOS apply success: master=A[AUTOPOS] SW-A warmup discard 3/10 minq=100

[AUTOPOS] AUTOPOS finite sweep handoff: master=A sets=110; host waits for SWEEP_DONE
[AUTOPOS] SW-A warmup discard 4/10 minq=100
[AUTOPOS] SW-A warmup discard 5/10 minq=100
[AUTOPOS] SW-A warmup discard 6/10 minq=100
[AUTOPOS] SW-A warmup discard 7/10 minq=85
[AUTOPOS] SW-A warmup discard 8/10 minq=87
[AUTOPOS] SW-A warmup discard 9/10 minq=88
[AUTOPOS] SW-A warmup discard 10/10 minq=90
[AUTOPOS] SW-A,B,4470,100,C,5896,100,D,2886,90,E,1729,100,F,4704,100,G,5368,100,H,1134,100
[AUTOPOS] SW-A,B,4484,91,C,5898,100,D,2898,91,E,1668,100,F,4702,100,G,5399,100,H,1172,100
[AUTOPOS] SW-A,B,4512,92,C,5871,100,D,2892,92,E,1663,100,F,4759,100,G,5397,100,H,1246,100
[AUTOPOS] SW-A,B,4513,92,C,5873,100,D,2896,92,E,1730,100,F,4689,100,G,5398,100,H,1133,100
[AUTOPOS] SW-A,B,4515,93,C,5894,100,D,2885,93,E,1667,100,F,4687,100,G,5393,100,H,1146,100
[AUTOPOS] SW-A,B,4460,93,C,5908,100,D,2889,93,E,1707,100,F,4772,100,G,5393,100,H,1158,100
[AUTOPOS] SW-A,B,4479,94,C,5888,100,D,2916,94,E,1729,100,F,4723,100,G,5393,100,H,1117,100
[AUTOPOS] SW-A,B,4462,94,C,5894,100,D,2886,94,E,1629,100,F,4721,100,G,5385,100,H,1181,100
[AUTOPOS] SW-A,B,4477,94,C,5883,100,D,2897,94,E,1718,100,F,4683,100,G,5361,100,H,1201,100
[AUTOPOS] SW-A,B,4506,95,C,5893,100,D,2897,94,E,1633,100,F,4754,100,G,5374,100,H,1193,100
[AUTOPOS] SW-A,B,4445,95,C,5936,100,D,2889,90,E,1652,100,F,4781,100,G,5342,100,H,1151,100
[AUTOPOS] SW-A,B,4455,95,C,4998,100,D,2913,90,E,1666,100,F,5122,100,G,5342,100,H,1149,100
[AUTOPOS] SW-A,B,4511,95,C,5903,100,D,2851,91,E,1672,100,F,4703,100,G,5388,95,H,1153,100
[AUTOPOS] SW-A,B,4505,95,C,5436,100,D,2853,91,E,1747,100,F,4698,100,G,5388,95,H,1156,100
[AUTOPOS] SW-A,B,4492,96,C,5901,100,D,2898,92,E,1629,100,F,4679,100,G,5370,96,H,1154,100
[AUTOPOS] SW-A,B,4473,96,C,5912,100,D,2904,92,E,1768,100,F,4684,100,G,5388,96,H,1145,100
[AUTOPOS] SW-A,B,4481,96,C,5858,100,D,2874,92,E,1640,100,F,4673,100,G,5399,96,H,1130,100
[AUTOPOS] SW-A,B,4526,96,C,5408,100,D,2902,92,E,1688,100,F,4643,100,G,5385,96,H,1172,100
[AUTOPOS] SW-A,B,4466,96,C,5914,100,D,2860,93,E,1669,100,F,4664,100,G,5385,96,H,1159,100
[AUTOPOS] SW-A,B,4446,96,C,5398,100,D,2872,93,E,1689,100,F,4657,100,G,5370,93,H,1195,100
[AUTOPOS] SW-A,B,4447,96,C,5450,100,D,2918,93,E,1738,100,F,4675,100,G,5391,93,H,1137,100
[AUTOPOS] SW-A,B,4457,96,C,5916,100,D,2876,93,E,1642,100,F,4677,100,G,5363,93,H,1169,100
[AUTOPOS] SW-A,B,4461,100,C,5905,100,D,2851,94,E,1643,100,F,4671,100,G,5364,94,H,1194,100
[AUTOPOS] SW-A,B,4510,100,C,5905,100,D,2855,94,E,1656,100,F,4654,100,G,5368,94,H,1145,100
[AUTOPOS] SW-A,B,4457,100,C,5866,94,D,2855,94,E,1683,100,F,4689,100,G,5389,94,H,1156,100
[AUTOPOS] SW-A,B,4456,100,C,5397,95,D,2893,95,E,1692,100,F,4698,100,G,5333,95,H,1217,100
[AUTOPOS] SW-A,B,4509,100,C,5913,95,D,2882,95,E,1723,100,F,5157,100,G,5331,95,H,1177,100
[AUTOPOS] SW-A,B,4497,100,C,5889,95,D,2911,95,E,1691,100,F,4699,100,G,5369,95,H,1134,100
[AUTOPOS] SW-A,B,4495,100,C,5906,95,D,2866,95,E,1762,100,F,4702,100,G,5340,95,H,1119,100
[AUTOPOS] SW-A,B,4486,100,C,5879,95,D,2919,95,E,1650,100,F,4756,100,G,5400,95,H,1200,100
[AUTOPOS] SW-A,B,4482,100,C,5896,96,D,2881,96,E,1735,100,F,4698,100,G,5369,96,H,1157,100
[AUTOPOS] SW-A,B,4519,100,C,5898,96,D,2893,96,E,1659,100,F,4725,100,G,5330,96,H,1118,100
[AUTOPOS] SW-A,B,4501,100,C,5455,96,D,2874,96,E,1707,100,F,4735,100,G,5393,96,H,1157,100
[AUTOPOS] SW-A,B,4481,100,C,5898,96,D,2899,96,E,1693,100,F,4769,100,G,5393,96,H,1160,100
[AUTOPOS] SW-A,B,4463,100,C,5897,96,D,2872,96,E,1763,100,F,4687,100,G,5383,93,H,1199,100
[AUTOPOS] SW-A,B,4510,100,C,5871,96,D,2851,96,E,1710,100,F,4740,100,G,5381,93,H,1153,100
[AUTOPOS] SW-A,B,4459,100,C,5868,96,D,2880,96,E,1659,100,F,4744,100,G,5391,93,H,1112,100
[AUTOPOS] SW-A,B,4459,100,C,5888,96,D,2903,96,E,1650,100,F,4718,100,G,5376,93,H,1161,100
[AUTOPOS] SW-A,B,4465,100,C,5888,100,D,2843,100,E,1683,100,F,5422,100,G,5362,94,H,1109,100
[AUTOPOS] MSTAT peer=0 name=BS???? conn=1 ready=1 pkts=0 bytes=0 last_len=0 print_drops=0
[AUTOPOS] MSTAT peer=1 name=BS???? conn=1 ready=1 pkts=0 bytes=0 last_len=0 print_drops=0
[AUTOPOS] MSTAT peer=2 name=BS???? conn=1 ready=1 pkts=0 bytes=0 last_len=0 print_drops=0
[AUTOPOS] MSTAT peer=3 name=BS???? conn=1 ready=1 pkts=0 bytes=0 last_len=0 print_drops=0
[AUTOPOS] MSTAT peer=4 name=BS???? conn=1 ready=1 pkts=0 bytes=0 last_len=0 print_drops=0
[AUTOPOS] MSTAT peer=5 name=BS???? conn=1 ready=1 pkts=0 bytes=0 last_len=0 print_drops=0
[AUTOPOS] MSTAT peer=6 name=BS???? conn=1 ready=1 pkts=0 bytes=0 last_len=0 print_drops=0
[AUTOPOS] MSTAT peer=7 name=BS???? conn=1 ready=1 pkts=0 bytes=0 last_len=0 print_drops=0
[AUTOPOS] MSTAT peer=8 name=BS???? conn=1 ready=1 pkts=0 bytes=0 last_len=0 print_drops=0
[AUTOPOS] MCLK cal=-1 skips=-1 up_ms=75766
[AUTOPOS] SW-A,B,4451,100,C,5918,100,D,2865,100,E,1726,100,F,5076,100,G,5360,94,H,1157,100
[AUTOPOS] SW-A,B,4515,100,C,5869,100,D,2909,100,E,1674,100,F,5367,100,G,5381,94,H,1209,100
[AUTOPOS] SW-A,B,4443,100,C,5874,100,D,2893,100,E,1729,100,F,5385,100,G,5413,95,H,1209,100
[AUTOPOS] SW-A,B,4480,100,C,5868,100,D,2882,100,E,1742,100,F,5341,100,G,5359,95,H,1135,95
[AUTOPOS] SW-A,B,4495,100,C,5881,100,D,2839,100,E,1742,100,F,5377,100,G,5374,95,H,1235,95
[AUTOPOS] SW-A,B,4471,100,C,5867,100,D,2856,100,E,1678,95,F,5468,100,G,5341,95,H,1184,95
[AUTOPOS] SW-A,B,4471,100,C,5899,100,D,2870,100,E,1734,95,F,4864,100,G,5377,95,H,1149,95
[AUTOPOS] SW-A,B,4469,100,C,5903,100,D,2870,100,E,1676,96,F,4952,100,G,5386,96,H,1142,96
[AUTOPOS] SW-A,B,4474,100,C,5857,100,D,2900,96,E,1669,96,F,4860,100,G,5396,96,H,1089,96
[AUTOPOS] SW-A,B,4470,100,C,5879,100,D,2922,96,E,1718,96,F,4807,100,G,5417,96,H,1144,96
[AUTOPOS] SW-A,B,4468,100,C,5855,100,D,2900,96,E,1726,96,F,4797,100,G,5382,96,H,1144,96
[AUTOPOS] SW-A,B,4457,100,C,5870,100,D,2901,96,E,1636,96,F,5331,100,G,5414,96,H,1194,93
[AUTOPOS] SW-A,B,4497,100,C,5878,100,D,2900,96,E,1632,96,F,5393,100,G,5336,96,H,1175,93
[AUTOPOS] SW-A,B,4479,100,C,5920,100,D,2865,96,E,1653,96,F,5119,100,G,5406,96,H,1130,93
[AUTOPOS] SW-A,B,4487,100,C,5838,100,D,2889,96,E,1658,96,F,5099,100,G,5332,96,H,1181,93
[AUTOPOS] SW-A,B,4508,100,C,5845,100,D,2871,100,E,1704,100,F,4771,100,G,5362,100,H,1167,94
[AUTOPOS] SW-A,B,4462,100,C,5859,100,D,2871,100,E,1727,100,F,4616,100,G,5375,100,H,1181,94
[AUTOPOS] SW-A,B,4453,100,C,5871,100,D,2903,94,E,1669,100,F,4684,100,G,5382,100,H,1181,94
[AUTOPOS] SW-A,B,4500,100,C,5923,100,D,2894,95,E,1716,100,F,5039,100,G,5425,100,H,1162,90
[AUTOPOS] SW-A,B,4467,100,C,5867,100,D,2894,95,E,1730,100,F,5096,100,G,5421,100,H,1175,90
[AUTOPOS] SW-A,B,4487,100,C,5895,100,D,2884,95,E,1732,100,F,5302,100,G,5376,100,H,1165,90
[AUTOPOS] SW-A,B,4473,100,C,5913,100,D,2913,95,E,1726,100,F,5173,100,G,5397,100,H,1178,91
[AUTOPOS] SW-A,B,4439,100,C,5882,100,D,2857,95,E,1726,100,F,5342,100,G,5363,100,H,1108,91
[AUTOPOS] SW-A,B,4464,100,C,5861,100,D,2864,96,E,1694,96,F,5298,100,G,5394,100,H,1219,92
[AUTOPOS] SW-A,B,4465,100,C,5936,100,D,2896,96,E,1686,96,F,5275,100,G,5382,100,H,1192,92
[AUTOPOS] SW-A,B,4439,100,C,5916,100,D,2870,96,E,1741,96,F,5275,100,G,5372,100,H,1129,92
[AUTOPOS] SW-A,B,4490,100,C,5867,100,D,2908,96,E,1708,96,F,5230,96,G,5332,100,H,1140,92
[AUTOPOS] SW-A,B,4444,100,C,5872,100,D,2872,96,E,1656,96,F,5202,96,G,5413,100,H,1080,93
[AUTOPOS] SW-A,B,4494,100,C,5915,100,D,2843,96,E,1732,96,F,5248,96,G,5361,100,H,1216,93
[AUTOPOS] SW-A,B,4457,100,C,5901,100,D,2875,96,E,1683,96,F,5247,96,G,5406,100,H,1152,93
[AUTOPOS] SW-A,B,4484,100,C,5950,100,D,2874,96,E,1707,96,F,5218,96,G,5364,100,H,1117,93
[AUTOPOS] SW-A,B,4454,100,C,5947,100,D,2830,100,E,1714,100,F,5234,100,G,5364,100,H,1098,94
[AUTOPOS] SW-A,B,4480,100,C,5893,100,D,2885,100,E,1677,100,F,5253,100,G,5407,100,H,1169,94
[AUTOPOS] SW-A,B,4513,100,C,5901,100,D,2874,100,E,1717,100,F,5215,100,G,5407,100,H,1219,94
[AUTOPOS] SW-A,B,4513,100,C,5922,100,D,2894,100,E,1678,100,F,5229,100,G,5326,95,H,1158,95
[AUTOPOS] SW-A,B,4512,100,C,5907,100,D,2892,100,E,1714,100,F,5250,100,G,5404,95,H,1151,95
[AUTOPOS] SW-A,B,4470,100,C,5906,100,D,2875,100,E,1696,100,F,5276,100,G,5387,95,H,1191,95
[AUTOPOS] SW-A,B,4472,100,C,5896,100,D,2888,100,E,1691,100,F,5196,100,G,5377,95,H,1200,95
[AUTOPOS] SW-A,B,4494,100,C,5876,100,D,2877,100,E,1691,100,F,5201,100,G,5363,95,H,1192,95
[AUTOPOS] SW-A,B,4464,100,C,5869,100,D,2869,100,E,1623,96,F,5280,100,G,5359,96,H,1139,96
[AUTOPOS] SW-A,B,4487,100,C,5879,100,D,2892,100,E,1768,96,F,5280,100,G,5379,96,H,1127,96
[AUTOPOS] SW-A,B,4468,100,C,5884,100,D,2879,100,E,1709,96,F,5249,96,G,5342,96,H,1214,96
[AUTOPOS] SW-A,B,4477,100,C,5881,100,D,2893,100,E,1677,96,F,5211,96,G,5379,96,H,1148,96
[AUTOPOS] SW-A,B,4487,100,C,5894,100,D,2886,100,E,1643,96,F,5204,96,G,5396,96,H,1121,96
[AUTOPOS] SW-A,B,4473,100,C,5900,100,D,2914,100,E,1659,96,F,5240,96,G,5367,96,H,1215,96
[AUTOPOS] SW-A,B,4472,100,C,5871,100,D,2869,100,E,1695,96,F,5284,96,G,5355,96,H,1177,96
[AUTOPOS] SW-A,B,4468,100,C,5886,100,D,2850,100,E,1667,96,F,5211,96,G,5405,96,H,1167,96
[AUTOPOS] SW-A,B,4507,100,C,5895,100,D,2875,100,E,1675,100,F,5240,100,G,5419,100,H,1186,100
[AUTOPOS] SW-A,B,4464,100,C,5930,100,D,2919,100,E,1707,100,F,5232,100,G,5389,100,H,1092,100
[AUTOPOS] SW-A,B,4515,100,C,5913,100,D,2884,100,E,1690,100,F,5253,100,G,5411,100,H,1194,100
[AUTOPOS] SW-A,B,4481,100,C,5890,100,D,2879,100,E,1711,100,F,5214,100,G,5356,100,H,1141,100
[AUTOPOS] SW-A,B,4469,100,C,5893,100,D,2882,100,E,1717,100,F,5289,100,G,5382,100,H,1166,100
[AUTOPOS] SW-A,B,4507,100,C,5905,100,D,2884,100,E,1715,100,F,5249,100,G,5408,100,H,1149,100
[AUTOPOS] SW-A,B,4472,100,C,5880,100,D,2883,100,E,1685,100,F,5222,100,G,5418,100,H,1165,100
[AUTOPOS] SW-A,B,4494,100,C,5911,100,D,2871,100,E,1679,100,F,5237,100,G,5418,100,H,1123,100
[AUTOPOS] SW-A,B,4512,100,C,5929,100,D,2913,100,E,1675,100,F,5206,100,G,5403,96,H,1120,100
[AUTOPOS] SW-A,B,4465,100,C,5908,100,D,2873,100,E,1715,100,F,5216,100,G,5403,96,H,1148,100
[AUTOPOS] MSTAT peer=0 name=BS???? conn=1 ready=1 pkts=0 bytes=0 last_len=0 print_drops=0
[AUTOPOS] MSTAT peer=1 name=BS???? conn=1 ready=1 pkts=0 bytes=0 last_len=0 print_drops=0
[AUTOPOS] MSTAT peer=2 name=BS???? conn=1 ready=1 pkts=0 bytes=0 last_len=0 print_drops=0
[AUTOPOS] MSTAT peer=3 name=BS???? conn=1 ready=1 pkts=0 bytes=0 last_len=0 print_drops=0
[AUTOPOS] MSTAT peer=4 name=BS???? conn=1 ready=1 pkts=0 bytes=0 last_len=0 print_drops=0
[AUTOPOS] MSTAT peer=5 name=BS???? conn=1 ready=1 pkts=0 bytes=0 last_len=0 print_drops=0
[AUTOPOS] MSTAT peer=6 name=BS???? conn=1 ready=1 pkts=0 bytes=0 last_len=0 print_drops=0
[AUTOPOS] MSTAT peer=7 name=BS???? conn=1 ready=1 pkts=0 bytes=0 last_len=0 print_drops=0
[AUTOPOS] MSTAT peer=8 name=BS???? conn=1 ready=1 pkts=0 bytes=0 last_len=0 print_drops=0
[AUTOPOS] MCLK cal=-1 skips=-1 up_ms=80770
[AUTOPOS] SW-A,B,4508,100,C,5886,100,D,2885,100,E,1714,100,F,5217,100,G,5397,92,H,1171,100
[AUTOPOS] SW-A,B,4475,100,C,5898,100,D,2899,100,E,1693,100,F,5199,100,G,5380,92,H,1123,100
[AUTOPOS] SW-A,B,4482,100,C,5923,100,D,2856,100,E,1696,100,F,5245,100,G,5385,93,H,1167,100
[AUTOPOS] SW-A,B,4466,100,C,5923,100,D,2882,100,E,1677,100,F,5263,100,G,5394,93,H,1143,100
[AUTOPOS] ANCHOR_CTRL[2] notify: SWEEP_DONE master=A sets=110 role=matrix
END=2026-07-10 14:03:03
