[AUTOPOS] DISC complete[3]: link=anchor-ctrl discovered_service=2800 uuid=CEE5A7EFCB35F8A56B430047629F5309
[AUTOPOS] DISC anchor service found[3]: uuid=CEE5A7EFCB35F8A56B430047629F5309
[AUTOPOS] Anchor ctrl state subscribe[3] rc=0
[AUTOPOS] Anchor ctrl result subscribe[3] rc=0
[AUTOPOS] ANCHOR_CTRL[3] link ready handle=0x0019 result=0x001b uuid=CEE5A7EFCB35F8A56B430047629F5309
[AUTOPOS] CONNECT pending[4]: addr_valid=1 link=anchor-ctrl uuid=840C68591E90019821AACFF1B73AAA34 scan_running=0 conn_count=2
[AUTOPOS] CONNECT pending[4] rc=0 conn=0x20004a38
[AUTOPOS] Connected[4]: E9:CB:F3:C4:51:43 (random) name=- bs=-
[AUTOPOS] CONNECT state[4]: link=anchor-ctrl uuid=840C68591E90019821AACFF1B73AAA34 ready=0 conn=0x20004a38
SETUP[4] defer: waiting 889 ms before discovery start
SETUP[4] defer: waiting 839 ms before discovery start

>>> ota_target uuid 840C68591E90019821AACFF1B73AAA34
[AUTOPOS] ota_target uuid rc=0 value=840c68591e90019821aacff1b73aaa34
OTA target filter: token=-1 name=- prefix=BS uuid=840C68591E90019821AACFF1B73AAA34
SETUP[4] defer: waiting 788 ms before discovery start
SETUP[4] defer: waiting 738 ms before discovery start
SETUP[4] defer: waiting 688 ms before discovery start
SETUP[4] defer: waiting 637 ms before discovery start
SETUP[4] defer: waiting 587 ms before discovery start
SETUP[4] defer: waiting 537 ms before discovery start
SETUP[4] defer: waiting 486 ms before discovery start
SETUP[4] defer: waiting 436 ms before discovery start
SETUP[4] defer: waiting 386 ms before discovery start
SETUP[4] defer: waiting 335 ms before discovery start
SETUP[4] defer: waiting 285 ms before discovery start
SETUP[4] defer: waiting 235 ms before discovery start
SETUP[4] defer: waiting 184 ms before discovery start
SETUP[4] defer: waiting 134 ms before discovery start
SETUP[4] defer: waiting 84 ms before discovery start
SETUP[4] defer: waiting 33 ms before discovery start
SETUP[4] begin: link=anchor-ctrl uuid=840C68591E90019821AACFF1B73AAA34 conn=0x20004a38
SETUP[4] mtu_exchange rc=0
SETUP[4] phy_update rc=0
SETUP[4] conn_param_update rc=0
[AUTOPOS] DISC start[4]: link=anchor-ctrl uuid=840C68591E90019821AACFF1B73AAA34 conn=0x20004a38
[AUTOPOS] MTU exchange[4] done (498)
[AUTOPOS] Conn param updated[4]: int=6 lat=0 to=400
[AUTOPOS] PHY updated[4]: tx=0x2 rx=0x2

>>> conn
[AUTOPOS] Master discovery mode: CONN & START
[AUTOPOS] SCAN start req: bt_ready=1 scan_running=0 connecting_slot=-1 conn_count=3 target=anchor prefix=ANCHOR-
[AUTOPOS] Scanning for ANCHOR-*
[AUTOPOS] SCAN hit: C0:1D:D1:D0:CE:B0 (random) rssi=-62 name=- bs=- uuid=B9179575C776C98F1CB132DD6EDC6223 target=anchor uuid_ok=0 tag_name=0 anchor_name=0 nus=0 dfu=0 token=0 props=0x03
[AUTOPOS] CONNECT queue[0]: addr=C0:1D:D1:D0:CE:B0 (random) link=anchor-ctrl uuid=B9179575C776C98F1CB132DD6EDC6223 target=anchor
[AUTOPOS] SCAN hit: F9:5B:1A:A3:84:45 (random) rssi=-72 name=- bs=- uuid=B2B5FA625534A8C617135DCAFC9E036A target=anchor uuid_ok=0 tag_name=0 anchor_name=0 nus=0 dfu=0 token=0 props=0x03
[AUTOPOS] CONNECT queue[1]: addr=F9:5B:1A:A3:84:45 (random) link=anchor-ctrl uuid=B2B5FA625534A8C617135DCAFC9E036A target=anchor
[AUTOPOS] DISC complete[4]: link=anchor-ctrl discovered_service=2800 uuid=840C68591E90019821AACFF1B73AAA34
[AUTOPOS] DISC anchor service found[4]: uuid=840C68591E90019821AACFF1B73AAA34
[AUTOPOS] Anchor ctrl state subscribe[4] rc=0
[AUTOPOS] Anchor ctrl result subscribe[4] rc=0
[AUTOPOS] ANCHOR_CTRL[4] link ready handle=0x0019 result=0x001b uuid=840C68591E90019821AACFF1B73AAA34
[AUTOPOS] CONNECT pending[0]: addr_valid=1 link=anchor-ctrl uuid=B9179575C776C98F1CB132DD6EDC6223 scan_running=1 conn_count=3
[AUTOPOS] CONNECT pending[0]: bt_le_scan_stop rc=0 scan_running=1
[AUTOPOS] CONNECT pending[0] rc=0 conn=0x20004b08
[AUTOPOS] Connected[0]: C0:1D:D1:D0:CE:B0 (random) name=- bs=-
[AUTOPOS] CONNECT state[0]: link=anchor-ctrl uuid=B9179575C776C98F1CB132DD6EDC6223 ready=0 conn=0x20004b08
SETUP[0] defer: waiting 891 ms before discovery start
[AUTOPOS] Disconnected[0]: C0:1D:D1:D0:CE:B0 (random) reason=0x3e link=anchor-ctrl ready=0
[AUTOPOS] SCAN start req: bt_ready=1 scan_running=0 connecting_slot=-1 conn_count=3 target=anchor prefix=ANCHOR-
[AUTOPOS] Scanning for ANCHOR-*
[AUTOPOS] CONNECT pending[1]: addr_valid=1 link=anchor-ctrl uuid=B2B5FA625534A8C617135DCAFC9E036A scan_running=1 conn_count=3
[AUTOPOS] CONNECT pending[1]: bt_le_scan_stop rc=0 scan_running=1
[AUTOPOS] CONNECT pending[1] rc=0 conn=0x20004bd8

>>> cmd US?
[AUTOPOS] BLE cmd skip[2]: target mismatch kind=anchor target_name=- target_uuid=840c68591e90019821aacff1b73aaa34 peer_name=- peer_bs=- peer_uuid=A892AF05DD59CF0D0D3408AD74F364A1 link=anchor-ctrl ready=1
[AUTOPOS] BLE cmd skip[3]: target mismatch kind=anchor target_name=- target_uuid=840c68591e90019821aacff1b73aaa34 peer_name=- peer_bs=- peer_uuid=CEE5A7EFCB35F8A56B430047629F5309 link=anchor-ctrl ready=1
[AUTOPOS] Anchor ctrl sent[4]: US? uuid=840C68591E90019821AACFF1B73AAA34
[AUTOPOS] cmd rc=1 payload=US?
[AUTOPOS] ANCHOR_CTRL[4] notify: US;IDLE;enabled=1;trig=P0.06;echo=P0.07;period_ms=100
[AUTOPOS] Connected[1]: F9:5B:1A:A3:84:45 (random) name=- bs=-
[AUTOPOS] CONNECT state[1]: link=anchor-ctrl uuid=B2B5FA625534A8C617135DCAFC9E036A ready=0 conn=0x20004bd8
SETUP[1] defer: waiting 875 ms before discovery start
[AUTOPOS] Disconnected[1]: F9:5B:1A:A3:84:45 (random) reason=0x3e link=anchor-ctrl ready=0
[AUTOPOS] SCAN start req: bt_ready=1 scan_running=0 connecting_slot=-1 conn_count=3 target=anchor prefix=ANCHOR-
[AUTOPOS] Scanning for ANCHOR-*
[AUTOPOS] CONNECT pending[5]: addr_valid=1 link=anchor-ctrl uuid=B1E487C2B1FD740D1442206A1857DFA1 scan_running=1 conn_count=3
[AUTOPOS] CONNECT pending[5]: bt_le_scan_stop rc=0 scan_running=1
[AUTOPOS] CONNECT pending[5] rc=0 conn=0x20004b08
[AUTOPOS] Connected[5]: D7:93:2A:57:6D:1E (random) name=- bs=-
[AUTOPOS] CONNECT state[5]: link=anchor-ctrl uuid=B1E487C2B1FD740D1442206A1857DFA1 ready=0 conn=0x20004b08
SETUP[5] defer: waiting 884 ms before discovery start
[AUTOPOS] Disconnected[5]: D7:93:2A:57:6D:1E (random) reason=0x3e link=anchor-ctrl ready=0
[AUTOPOS] SCAN start req: bt_ready=1 scan_running=0 connecting_slot=-1 conn_count=3 target=anchor prefix=ANCHOR-
[AUTOPOS] Scanning for ANCHOR-*
[AUTOPOS] CONNECT pending[6]: addr_valid=1 link=anchor-ctrl uuid=B3087BC3D87CCCD316AEDC6B71D6677F scan_running=1 conn_count=3
[AUTOPOS] CONNECT pending[6]: bt_le_scan_stop rc=0 scan_running=1
[AUTOPOS] CONNECT pending[6] rc=0 conn=0x20004bd8
[AUTOPOS] Conn param updated[2]: int=6 lat=0 to=400
[AUTOPOS] Connected[6]: EC:9F:55:9D:7E:A1 (random) name=- bs=-
[AUTOPOS] CONNECT state[6]: link=anchor-ctrl uuid=B3087BC3D87CCCD316AEDC6B71D6677F ready=0 conn=0x20004bd8
SETUP[6] defer: waiting 856 ms before discovery start
SETUP[6] defer: waiting 806 ms before discovery start
SETUP[6] defer: waiting 756 ms before discovery start
SETUP[6] defer: waiting 705 ms before discovery start
SETUP[6] defer: waiting 655 ms before discovery start
SETUP[6] defer: waiting 605 ms before discovery start
SETUP[6] defer: waiting 554 ms before discovery start
SETUP[6] defer: waiting 504 ms before discovery start
SETUP[6] defer: waiting 453 ms before discovery start
SETUP[6] defer: waiting 403 ms before discovery start
SETUP[6] defer: waiting 353 ms before discovery start
SETUP[6] defer: waiting 302 ms before discovery start
SETUP[6] defer: waiting 252 ms before discovery start
SETUP[6] defer: waiting 202 ms before discovery start
SETUP[6] defer: waiting 151 ms before discovery start
SETUP[6] defer: waiting 101 ms before discovery start
SETUP[6] defer: waiting 51 ms before discovery start
SETUP[6] begin: link=anchor-ctrl uuid=B3087BC3D87CCCD316AEDC6B71D6677F conn=0x20004bd8
SETUP[6] mtu_exchange rc=0
SETUP[6] phy_update rc=0
SETUP[6] conn_param_update rc=0
[AUTOPOS] DISC start[6]: link=anchor-ctrl uuid=B3087BC3D87CCCD316AEDC6B71D6677F conn=0x20004bd8
[AUTOPOS] MTU exchange[6] done (498)
[AUTOPOS] Conn param updated[6]: int=6 lat=0 to=400
[AUTOPOS] PHY updated[6]: tx=0x2 rx=0x2
[AUTOPOS] Conn param updated[3]: int=6 lat=0 to=400
