PORT=/dev/serial/by-id/usb-BioSpur_BioSpur_BLE_Control_87EA2F4A526C5A02-if00
START=2026-06-02 22:56:28
MASTER=E
PRECHECK: BSxxxx tag quarantine disabled; master/matrix anchors ignore tag polls during sweep
PRECHECK: context session_autopos_ready=1 autopos_initialized=1
PRECHECK: reusing session AUTOPOS state from matrix guard
PRECHECK: reusing existing AUTOPOS map
>>> autopos cir full
[AUTOPOS] AUTOPOS cir mode set: FULL
>>> autopos round E 10
[AUTOPOS] AUTOPOS round staged: master=E sets=10
>>> autopos status
[AUTOPOS] AUTOPOS: mode=AUTOPOS state=staged staged=E last_success=D sets=10 cir=FULL error=-
>>> autopos apply
[AUTOPOS] AUTOPOS apply started
[AUTOPOS] RECV_BG gate: SUPPRESS reason=autopos_detach
[AUTOPOS] AUTOPOS detach skip STOP: finite master auto-returns to matrix sets=10
[AUTOPOS] RECV_BG gate: ALLOW reason=autopos_detach_done
[AUTOPOS] SCAN start req: bt_ready=1 scan_running=0 connecting_slot=-1 conn_count=8 target=anchor prefix=ANCHOR-
[AUTOPOS] Scanning for ANCHOR-*
[AUTOPOS] AUTOPOS apply mode: incremental
[AUTOPOS] AUTOPOS apply incremental: prev_master=D new_master=E
[AUTOPOS] Master discovery mode: CONN & START
[AUTOPOS] AUTOPOS wait anchor ready: uuid=B2B5FA625534A8C617135DCAFC9E036A reuse existing ready control link (discovery remains active)
[AUTOPOS] AUTOPOS state: STATE fw=anchor-cir-runtime-modes-202606 bs=BS20AC uuid=B2B5FA625534A8C617135DCAFC9E036A label=D role=matrix cfg_valid=1 busy=1 pending_valid=1 schema=2 gen=3 reboot_required=0
[AUTOPOS] AUTOPOS state: STATE fw=anchor-cir-runtime-modes-202606 bs=BS20AC uuid=B2B5FA625534A8C617135DCAFC9E036A label=D role=matrix cfg_valid=1 busy=1 pending_valid=1 schema=2 gen=3 reboot_required=0
[AUTOPOS] AUTOPOS anchor D already active role=matrix cfg_valid=1; keeping current config
[AUTOPOS] AUTOPOS anchor D role verified
[AUTOPOS] Master discovery mode: CONN & START
[AUTOPOS] AUTOPOS wait anchor ready: uuid=A892AF05DD59CF0D0D3408AD74F364A1 reuse existing ready control link (discovery remains active)
[AUTOPOS] AUTOPOS state: STATE fw=anchor-cir-runtime-modes-202606 bs=BS4B52 uuid=A892AF05DD59CF0D0D3408AD74F364A1 label=E role=matrix cfg_valid=1 busy=1 pending_valid=1 schema=2 gen=3 reboot_required=0
[AUTOPOS] AUTOPOS state: STATE fw=anchor-cir-runtime-modes-202606 bs=BS4B52 uuid=A892AF05DD59CF0D0D3408AD74F364A1 label=E role=matrix cfg_valid=1 busy=1 pending_valid=1 schema=2 gen=3 reboot_required=0
[AUTOPOS] BLE cmd skip[0]: target mismatch kind=anchor target_name=- target_uuid=A892AF05DD59CF0D0D3408AD74F364A1 peer_name=- peer_bs=- peer_uuid=B1E487C2B1FD740D1442206A1857DFA1 link=anchor-ctrl ready=1
[AUTOPOS] Anchor ctrl sent[1]: RUNTIME MASTER SWEEP 10 CIR=FULL uuid=A892AF05DD59CF0D0D3408AD74F364A1
[AUTOPOS] BLE cmd skip[2]: target mismatch kind=anchor target_name=- target_uuid=A892AF05DD59CF0D0D3408AD74F364A1 peer_name=- peer_bs=- peer_uuid=CEE5A7EFCB35F8A56B430047629F5309 link=anchor-ctrl ready=1
[AUTOPOS] BLE cmd skip[3]: target mismatch kind=anchor target_name=- target_uuid=A892AF05DD59CF0D0D3408AD74F364A1 peer_name=- peer_bs=- peer_uuid=B3087BC3D87CCCD316AEDC6B71D6677F link=anchor-ctrl ready=1
[AUTOPOS] BLE cmd skip[4]: target mismatch kind=anchor target_name=- target_uuid=A892AF05DD59CF0D0D3408AD74F364A1 peer_name=- peer_bs=- peer_uuid=840C68591E90019821AACFF1B73AAA34 link=anchor-ctrl ready=1
[AUTOPOS] BLE cmd skip[5]: target mismatch kind=anchor target_name=- target_uuid=A892AF05DD59CF0D0D3408AD74F364A1 peer_name=- peer_bs=- peer_uuid=F3BB7A04104F9CB8561DDDACB9E53714 link=anchor-ctrl ready=1
[AUTOPOS] BLE cmd skip[6]: target mismatch kind=anchor target_name=- target_uuid=A892AF05DD59CF0D0D3408AD74F364A1 peer_name=- peer_bs=- peer_uuid=B9179575C776C98F1CB132DD6EDC6223 link=anchor-ctrl ready=1
[AUTOPOS] BLE cmd skip[7]: target mismatch kind=anchor target_name=- target_uuid=A892AF05DD59CF0D0D3408AD74F364A1 peer_name=- peer_bs=- peer_uuid=B2B5FA625534A8C617135DCAFC9E036A link=anchor-ctrl ready=1
[AUTOPOS] ANCHOR_CTRL[1] notify: OK RUNTIME_SWITCH_REQUESTED SWEEP=10
[AUTOPOS] AUTOPOS result: OK RUNTIME_SWITCH_REQUESTED SWEEP=10
[AUTOPOS] AUTOPOS state: STATE fw=anchor-cir-runtime-modes-202606 bs=BS4B52 uuid=A892AF05DD59CF0D0D3408AD74F364A1 label=E role=master cfg_valid=1 busy=1 pending_valid=1 schema=2 gen=3 reboot_required=0
[AUTOPOS] AUTOPOS anchor E role verified
[AUTOPOS] AUTOPOS apply success: master=E
[AUTOPOS] AUTOPOS finite sweep handoff: master=E sets=10; host waits for SWEEP_DONE
[AUTOPOS] SW-E,A,1631,100,B,4456,100,C,4978,100,D,3086,100,F,0,0,G,4908,100,H,2745,100
[AUTOPOS] SW-E,A,1616,100,B,4456,100,C,5008,100,D,3083,100,F,4195,100,G,4904,100,H,2745,100
[AUTOPOS] SW-E,A,1638,100,B,4453,66,C,5008,100,D,3080,100,F,4157,100,G,4904,100,H,2780,66
[AUTOPOS] SW-E,A,1638,100,B,4508,75,C,4955,75,D,3066,100,F,4129,100,G,4892,100,H,2765,75
[AUTOPOS] SW-E,A,1641,80,B,4447,80,C,4951,80,D,3066,100,F,4139,100,G,4872,100,H,2775,80
[AUTOPOS] SW-E,A,1641,80,B,4533,83,C,4995,83,D,3093,83,F,4167,100,G,4859,100,H,2768,83
[AUTOPOS] SW-E,A,1579,71,B,4452,85,C,4954,85,D,3093,83,F,4200,100,G,4887,100,H,2790,85
[AUTOPOS] SW-E,A,1579,71,B,4553,87,C,4929,87,D,3054,75,F,4120,100,G,4900,100,H,2790,85
[AUTOPOS] SW-E,A,1579,71,B,4524,88,C,4982,88,D,3077,77,F,4120,100,G,4897,100,H,2780,77
[AUTOPOS] SW-E,A,1649,60,B,4465,90,C,4978,90,D,3077,77,F,4283,88,G,4913,100,H,2771,80
[AUTOPOS] ANCHOR_CTRL[1] notify: SWEEP_DONE master=E sets=10 role=matrix
END=2026-06-02 22:57:28
