This is pdfTeX, Version 3.141592653-2.6-1.40.25 (TeX Live 2023/Debian) (preloaded format=pdflatex 2026.6.4)  14 JUN 2026 09:28
entering extended mode
 restricted \write18 enabled.
 file:line:error style messages enabled.
 %&-line parsing enabled.
**/home/zekaixiao/Documents/nRF_dev/BioSpur_UWB_before_start/autopos_pipeline/28052026_Erlangen_Official/Analysis/reports/EN/main_EN.tex
(/home/zekaixiao/Documents/nRF_dev/BioSpur_UWB_before_start/autopos_pipeline/28052026_Erlangen_Official/Analysis/reports/EN/main_EN.tex
LaTeX2e <2023-11-01> patch level 1
L3 programming layer <2024-01-22>
(/usr/share/texlive/texmf-dist/tex/latex/base/article.cls
Document Class: article 2023/05/17 v1.4n Standard LaTeX document class
(/usr/share/texlive/texmf-dist/tex/latex/base/size11.clo
File: size11.clo 2023/05/17 v1.4n Standard LaTeX file (size option)
)
\c@part=\count187
\c@section=\count188
\c@subsection=\count189
\c@subsubsection=\count190
\c@paragraph=\count191
\c@subparagraph=\count192
\c@figure=\count193
\c@table=\count194
\abovecaptionskip=\skip48
\belowcaptionskip=\skip49
\bibindent=\dimen140
) (/usr/share/texlive/texmf-dist/tex/latex/base/inputenc.sty
Package: inputenc 2021/02/14 v1.3d Input encoding file
\inpenc@prehook=\toks17
\inpenc@posthook=\toks18
) (/usr/share/texlive/texmf-dist/tex/latex/base/fontenc.sty
Package: fontenc 2021/04/29 v2.0v Standard LaTeX package
) (/usr/share/texmf/tex/latex/lm/lmodern.sty
Package: lmodern 2015/05/01 v1.6.1 Latin Modern Fonts
LaTeX Font Info:    Overwriting symbol font `operators' in version `normal'
(Font)                  OT1/cmr/m/n --> OT1/lmr/m/n on input line 22.
LaTeX Font Info:    Overwriting symbol font `letters' in version `normal'
(Font)                  OML/cmm/m/it --> OML/lmm/m/it on input line 23.
LaTeX Font Info:    Overwriting symbol font `symbols' in version `normal'
(Font)                  OMS/cmsy/m/n --> OMS/lmsy/m/n on input line 24.
LaTeX Font Info:    Overwriting symbol font `largesymbols' in version `normal'
(Font)                  OMX/cmex/m/n --> OMX/lmex/m/n on input line 25.
LaTeX Font Info:    Overwriting symbol font `operators' in version `bold'
(Font)                  OT1/cmr/bx/n --> OT1/lmr/bx/n on input line 26.
LaTeX Font Info:    Overwriting symbol font `letters' in version `bold'
(Font)                  OML/cmm/b/it --> OML/lmm/b/it on input line 27.
LaTeX Font Info:    Overwriting symbol font `symbols' in version `bold'
(Font)                  OMS/cmsy/b/n --> OMS/lmsy/b/n on input line 28.
LaTeX Font Info:    Overwriting symbol font `largesymbols' in version `bold'
(Font)                  OMX/cmex/m/n --> OMX/lmex/m/n on input line 29.
LaTeX Font Info:    Overwriting math alphabet `\mathbf' in version `normal'
(Font)                  OT1/cmr/bx/n --> OT1/lmr/bx/n on input line 31.
LaTeX Font Info:    Overwriting math alphabet `\mathsf' in version `normal'
(Font)                  OT1/cmss/m/n --> OT1/lmss/m/n on input line 32.
LaTeX Font Info:    Overwriting math alphabet `\mathit' in version `normal'
(Font)                  OT1/cmr/m/it --> OT1/lmr/m/it on input line 33.
LaTeX Font Info:    Overwriting math alphabet `\mathtt' in version `normal'
(Font)                  OT1/cmtt/m/n --> OT1/lmtt/m/n on input line 34.
LaTeX Font Info:    Overwriting math alphabet `\mathbf' in version `bold'
(Font)                  OT1/cmr/bx/n --> OT1/lmr/bx/n on input line 35.
LaTeX Font Info:    Overwriting math alphabet `\mathsf' in version `bold'
(Font)                  OT1/cmss/bx/n --> OT1/lmss/bx/n on input line 36.
LaTeX Font Info:    Overwriting math alphabet `\mathit' in version `bold'
(Font)                  OT1/cmr/bx/it --> OT1/lmr/bx/it on input line 37.
LaTeX Font Info:    Overwriting math alphabet `\mathtt' in version `bold'
(Font)                  OT1/cmtt/m/n --> OT1/lmtt/m/n on input line 38.
) (/usr/share/texlive/texmf-dist/tex/latex/geometry/geometry.sty
Package: geometry 2020/01/02 v5.9 Page Geometry
 (/usr/share/texlive/texmf-dist/tex/latex/graphics/keyval.sty
Package: keyval 2022/05/29 v1.15 key=value parser (DPC)
\KV@toks@=\toks19
) (/usr/share/texlive/texmf-dist/tex/generic/iftex/ifvtex.sty
Package: ifvtex 2019/10/25 v1.7 ifvtex legacy package. Use iftex instead.
 (/usr/share/texlive/texmf-dist/tex/generic/iftex/iftex.sty
Package: iftex 2022/02/03 v1.0f TeX engine tests
))
\Gm@cnth=\count195
\Gm@cntv=\count196
\c@Gm@tempcnt=\count197
\Gm@bindingoffset=\dimen141
\Gm@wd@mp=\dimen142
\Gm@odd@mp=\dimen143
\Gm@even@mp=\dimen144
\Gm@layoutwidth=\dimen145
\Gm@layoutheight=\dimen146
\Gm@layouthoffset=\dimen147
\Gm@layoutvoffset=\dimen148
\Gm@dimlist=\toks20
) (/usr/share/texlive/texmf-dist/tex/latex/graphics/graphicx.sty
Package: graphicx 2021/09/16 v1.2d Enhanced LaTeX Graphics (DPC,SPQR)
 (/usr/share/texlive/texmf-dist/tex/latex/graphics/graphics.sty
Package: graphics 2022/03/10 v1.4e Standard LaTeX Graphics (DPC,SPQR)
 (/usr/share/texlive/texmf-dist/tex/latex/graphics/trig.sty
Package: trig 2021/08/11 v1.11 sin cos tan (DPC)
) (/usr/share/texlive/texmf-dist/tex/latex/graphics-cfg/graphics.cfg
File: graphics.cfg 2016/06/04 v1.11 sample graphics configuration
)
Package graphics Info: Driver file: pdftex.def on input line 107.
 (/usr/share/texlive/texmf-dist/tex/latex/graphics-def/pdftex.def
File: pdftex.def 2022/09/22 v1.2b Graphics/color driver for pdftex
))
\Gin@req@height=\dimen149
\Gin@req@width=\dimen150
) (/usr/share/texlive/texmf-dist/tex/latex/booktabs/booktabs.sty
Package: booktabs 2020/01/12 v1.61803398 Publication quality tables
\heavyrulewidth=\dimen151
\lightrulewidth=\dimen152
\cmidrulewidth=\dimen153
\belowrulesep=\dimen154
\belowbottomsep=\dimen155
\aboverulesep=\dimen156
\abovetopsep=\dimen157
\cmidrulesep=\dimen158
\cmidrulekern=\dimen159
\defaultaddspace=\dimen160
\@cmidla=\count198
\@cmidlb=\count199
\@aboverulesep=\dimen161
\@belowrulesep=\dimen162
\@thisruleclass=\count266
\@lastruleclass=\count267
\@thisrulewidth=\dimen163
) (/usr/share/texlive/texmf-dist/tex/latex/tools/array.sty
Package: array 2023/10/16 v2.5g Tabular extension package (FMi)
\col@sep=\dimen164
\ar@mcellbox=\box51
\extrarowheight=\dimen165
\NC@list=\toks21
\extratabsurround=\skip50
\backup@length=\skip51
\ar@cellbox=\box52
) (/usr/share/texlive/texmf-dist/tex/latex/amsmath/amsmath.sty
Package: amsmath 2023/05/13 v2.17o AMS math features
\@mathmargin=\skip52

For additional information on amsmath, use the `?' option.
(/usr/share/texlive/texmf-dist/tex/latex/amsmath/amstext.sty
Package: amstext 2021/08/26 v2.01 AMS text
 (/usr/share/texlive/texmf-dist/tex/latex/amsmath/amsgen.sty
File: amsgen.sty 1999/11/30 v2.0 generic functions
\@emptytoks=\toks22
\ex@=\dimen166
)) (/usr/share/texlive/texmf-dist/tex/latex/amsmath/amsbsy.sty
Package: amsbsy 1999/11/29 v1.2d Bold Symbols
\pmbraise@=\dimen167
) (/usr/share/texlive/texmf-dist/tex/latex/amsmath/amsopn.sty
Package: amsopn 2022/04/08 v2.04 operator names
)
\inf@bad=\count268
LaTeX Info: Redefining \frac on input line 234.
\uproot@=\count269
\leftroot@=\count270
LaTeX Info: Redefining \overline on input line 399.
LaTeX Info: Redefining \colon on input line 410.
\classnum@=\count271
\DOTSCASE@=\count272
LaTeX Info: Redefining \ldots on input line 496.
LaTeX Info: Redefining \dots on input line 499.
LaTeX Info: Redefining \cdots on input line 620.
\Mathstrutbox@=\box53
\strutbox@=\box54
LaTeX Info: Redefining \big on input line 722.
LaTeX Info: Redefining \Big on input line 723.
LaTeX Info: Redefining \bigg on input line 724.
LaTeX Info: Redefining \Bigg on input line 725.
\big@size=\dimen168
LaTeX Font Info:    Redeclaring font encoding OML on input line 743.
LaTeX Font Info:    Redeclaring font encoding OMS on input line 744.
\macc@depth=\count273
LaTeX Info: Redefining \bmod on input line 905.
LaTeX Info: Redefining \pmod on input line 910.
LaTeX Info: Redefining \smash on input line 940.
LaTeX Info: Redefining \relbar on input line 970.
LaTeX Info: Redefining \Relbar on input line 971.
\c@MaxMatrixCols=\count274
\dotsspace@=\muskip16
\c@parentequation=\count275
\dspbrk@lvl=\count276
\tag@help=\toks23
\row@=\count277
\column@=\count278
\maxfields@=\count279
\andhelp@=\toks24
\eqnshift@=\dimen169
\alignsep@=\dimen170
\tagshift@=\dimen171
\tagwidth@=\dimen172
\totwidth@=\dimen173
\lineht@=\dimen174
\@envbody=\toks25
\multlinegap=\skip53
\multlinetaggap=\skip54
\mathdisplay@stack=\toks26
LaTeX Info: Redefining \[ on input line 2953.
LaTeX Info: Redefining \] on input line 2954.
) (/usr/share/texlive/texmf-dist/tex/latex/amsfonts/amssymb.sty
Package: amssymb 2013/01/14 v3.01 AMS font symbols
 (/usr/share/texlive/texmf-dist/tex/latex/amsfonts/amsfonts.sty
Package: amsfonts 2013/01/14 v3.01 Basic AMSFonts support
\symAMSa=\mathgroup4
\symAMSb=\mathgroup5
LaTeX Font Info:    Redeclaring math symbol \hbar on input line 98.
LaTeX Font Info:    Overwriting math alphabet `\mathfrak' in version `bold'
(Font)                  U/euf/m/n --> U/euf/b/n on input line 106.
)) (/usr/share/texlive/texmf-dist/tex/latex/cite/cite.sty
LaTeX Info: Redefining \cite on input line 302.
LaTeX Info: Redefining \nocite on input line 332.
Package: cite 2015/02/27  v 5.5
) (/usr/share/texlive/texmf-dist/tex/latex/hyperref/hyperref.sty
Package: hyperref 2024-01-20 v7.01h Hypertext links for LaTeX
 (/usr/share/texlive/texmf-dist/tex/latex/kvsetkeys/kvsetkeys.sty
Package: kvsetkeys 2022-10-05 v1.19 Key value parser (HO)
) (/usr/share/texlive/texmf-dist/tex/generic/kvdefinekeys/kvdefinekeys.sty
Package: kvdefinekeys 2019-12-19 v1.6 Define keys (HO)
) (/usr/share/texlive/texmf-dist/tex/generic/pdfescape/pdfescape.sty
Package: pdfescape 2019/12/09 v1.15 Implements pdfTeX's escape features (HO)
 (/usr/share/texlive/texmf-dist/tex/generic/ltxcmds/ltxcmds.sty
Package: ltxcmds 2023-12-04 v1.26 LaTeX kernel commands for general use (HO)
) (/usr/share/texlive/texmf-dist/tex/generic/pdftexcmds/pdftexcmds.sty
Package: pdftexcmds 2020-06-27 v0.33 Utility functions of pdfTeX for LuaTeX (HO)
 (/usr/share/texlive/texmf-dist/tex/generic/infwarerr/infwarerr.sty
Package: infwarerr 2019/12/03 v1.5 Providing info/warning/error messages (HO)
)
Package pdftexcmds Info: \pdf@primitive is available.
Package pdftexcmds Info: \pdf@ifprimitive is available.
Package pdftexcmds Info: \pdfdraftmode found.
)) (/usr/share/texlive/texmf-dist/tex/latex/hycolor/hycolor.sty
Package: hycolor 2020-01-27 v1.10 Color options for hyperref/bookmark (HO)
) (/usr/share/texlive/texmf-dist/tex/latex/auxhook/auxhook.sty
Package: auxhook 2019-12-17 v1.6 Hooks for auxiliary files (HO)
) (/usr/share/texlive/texmf-dist/tex/latex/hyperref/nameref.sty
Package: nameref 2023-11-26 v2.56 Cross-referencing by name of section
 (/usr/share/texlive/texmf-dist/tex/latex/refcount/refcount.sty
Package: refcount 2019/12/15 v3.6 Data extraction from label references (HO)
) (/usr/share/texlive/texmf-dist/tex/generic/gettitlestring/gettitlestring.sty
Package: gettitlestring 2019/12/15 v1.6 Cleanup title references (HO)
 (/usr/share/texlive/texmf-dist/tex/latex/kvoptions/kvoptions.sty
Package: kvoptions 2022-06-15 v3.15 Key value format for package options (HO)
))
\c@section@level=\count280
) (/usr/share/texlive/texmf-dist/tex/latex/etoolbox/etoolbox.sty
Package: etoolbox 2020/10/05 v2.5k e-TeX tools for LaTeX (JAW)
\etb@tempcnta=\count281
)
\@linkdim=\dimen175
\Hy@linkcounter=\count282
\Hy@pagecounter=\count283
 (/usr/share/texlive/texmf-dist/tex/latex/hyperref/pd1enc.def
File: pd1enc.def 2024-01-20 v7.01h Hyperref: PDFDocEncoding definition (HO)
Now handling font encoding PD1 ...
... no UTF-8 mapping file for font encoding PD1
) (/usr/share/texlive/texmf-dist/tex/generic/intcalc/intcalc.sty
Package: intcalc 2019/12/15 v1.3 Expandable calculations with integers (HO)
)
\Hy@SavedSpaceFactor=\count284
 (/usr/share/texlive/texmf-dist/tex/latex/hyperref/puenc.def
File: puenc.def 2024-01-20 v7.01h Hyperref: PDF Unicode definition (HO)
Now handling font encoding PU ...
... no UTF-8 mapping file for font encoding PU
)
Package hyperref Info: Hyper figures OFF on input line 4179.
Package hyperref Info: Link nesting OFF on input line 4184.
Package hyperref Info: Hyper index ON on input line 4187.
Package hyperref Info: Plain pages OFF on input line 4194.
Package hyperref Info: Backreferencing OFF on input line 4199.
Package hyperref Info: Implicit mode ON; LaTeX internals redefined.
Package hyperref Info: Bookmarks ON on input line 4446.
\c@Hy@tempcnt=\count285
 (/usr/share/texlive/texmf-dist/tex/latex/url/url.sty
\Urlmuskip=\muskip17
Package: url 2013/09/16  ver 3.4  Verb mode for urls, etc.
)
LaTeX Info: Redefining \url on input line 4784.
\XeTeXLinkMargin=\dimen176
 (/usr/share/texlive/texmf-dist/tex/generic/bitset/bitset.sty
Package: bitset 2019/12/09 v1.3 Handle bit-vector datatype (HO)
 (/usr/share/texlive/texmf-dist/tex/generic/bigintcalc/bigintcalc.sty
Package: bigintcalc 2019/12/15 v1.5 Expandable calculations on big integers (HO)
))
\Fld@menulength=\count286
\Field@Width=\dimen177
\Fld@charsize=\dimen178
Package hyperref Info: Hyper figures OFF on input line 6063.
Package hyperref Info: Link nesting OFF on input line 6068.
Package hyperref Info: Hyper index ON on input line 6071.
Package hyperref Info: backreferencing OFF on input line 6078.
Package hyperref Info: Link coloring OFF on input line 6083.
Package hyperref Info: Link coloring with OCG OFF on input line 6088.
Package hyperref Info: PDF/A mode OFF on input line 6093.
 (/usr/share/texlive/texmf-dist/tex/latex/base/atbegshi-ltx.sty
Package: atbegshi-ltx 2021/01/10 v1.0c Emulation of the original atbegshi
package with kernel methods
)
\Hy@abspage=\count287
\c@Item=\count288
\c@Hfootnote=\count289
)
Package hyperref Info: Driver (autodetected): hpdftex.
 (/usr/share/texlive/texmf-dist/tex/latex/hyperref/hpdftex.def
File: hpdftex.def 2024-01-20 v7.01h Hyperref driver for pdfTeX
 (/usr/share/texlive/texmf-dist/tex/latex/base/atveryend-ltx.sty
Package: atveryend-ltx 2020/08/19 v1.0a Emulation of the original atveryend package
with kernel methods
)
\Fld@listcount=\count290
\c@bookmark@seq@number=\count291
 (/usr/share/texlive/texmf-dist/tex/latex/rerunfilecheck/rerunfilecheck.sty
Package: rerunfilecheck 2022-07-10 v1.10 Rerun checks for auxiliary files (HO)
 (/usr/share/texlive/texmf-dist/tex/generic/uniquecounter/uniquecounter.sty
Package: uniquecounter 2019/12/15 v1.4 Provide unlimited unique counter (HO)
)
Package uniquecounter Info: New unique counter `rerunfilecheck' on input line 285.
)
\Hy@SectionHShift=\skip55
) (/usr/share/texlive/texmf-dist/tex/latex/cleveref/cleveref.sty
Package: cleveref 2018/03/27 v0.21.4 Intelligent cross-referencing
Package cleveref Info: `hyperref' support loaded on input line 2370.
LaTeX Info: Redefining \cref on input line 2370.
LaTeX Info: Redefining \Cref on input line 2370.
LaTeX Info: Redefining \crefrange on input line 2370.
LaTeX Info: Redefining \Crefrange on input line 2370.
LaTeX Info: Redefining \cpageref on input line 2370.
LaTeX Info: Redefining \Cpageref on input line 2370.
LaTeX Info: Redefining \cpagerefrange on input line 2370.
LaTeX Info: Redefining \Cpagerefrange on input line 2370.
LaTeX Info: Redefining \labelcref on input line 2370.
LaTeX Info: Redefining \labelcpageref on input line 2370.
) (/usr/share/texlive/texmf-dist/tex/latex/caption/caption.sty
Package: caption 2023/08/05 v3.6o Customizing captions (AR)
 (/usr/share/texlive/texmf-dist/tex/latex/caption/caption3.sty
Package: caption3 2023/07/31 v2.4d caption3 kernel (AR)
\caption@tempdima=\dimen179
\captionmargin=\dimen180
\caption@leftmargin=\dimen181
\caption@rightmargin=\dimen182
\caption@width=\dimen183
\caption@indent=\dimen184
\caption@parindent=\dimen185
\caption@hangindent=\dimen186
Package caption Info: Standard document class detected.
)
\c@caption@flags=\count292
\c@continuedfloat=\count293
Package caption Info: hyperref package is loaded.
) (/usr/share/texlive/texmf-dist/tex/latex/caption/subcaption.sty
Package: subcaption 2023/07/28 v1.6b Sub-captions (AR)
Package caption Info: New subtype `subfigure' on input line 238.
\c@subfigure=\count294
Package caption Info: New subtype `subtable' on input line 238.
\c@subtable=\count295
) (/usr/share/texlive/texmf-dist/tex/latex/float/float.sty
Package: float 2001/11/08 v1.3d Float enhancements (AL)
\c@float@type=\count296
\float@exts=\toks27
\float@box=\box55
\@float@everytoks=\toks28
\@floatcapt=\box56
) (/usr/share/texlive/texmf-dist/tex/latex/placeins/placeins.sty
Package: placeins 2005/04/18  v 2.2
) (/usr/share/texlive/texmf-dist/tex/latex/enumitem/enumitem.sty
Package: enumitem 2019/06/20 v3.9 Customized lists
\labelindent=\skip56
\enit@outerparindent=\dimen187
\enit@toks=\toks29
\enit@inbox=\box57
\enit@count@id=\count297
\enitdp@description=\count298
) (/usr/share/texlive/texmf-dist/tex/latex/xcolor/xcolor.sty
Package: xcolor 2023/11/15 v3.01 LaTeX color extensions (UK)
 (/usr/share/texlive/texmf-dist/tex/latex/graphics-cfg/color.cfg
File: color.cfg 2016/01/02 v1.6 sample color configuration
)
Package xcolor Info: Driver file: pdftex.def on input line 274.
 (/usr/share/texlive/texmf-dist/tex/latex/graphics/mathcolor.ltx)
Package xcolor Info: Model `cmy' substituted by `cmy0' on input line 1350.
Package xcolor Info: Model `hsb' substituted by `rgb' on input line 1354.
Package xcolor Info: Model `RGB' extended on input line 1366.
Package xcolor Info: Model `HTML' substituted by `rgb' on input line 1368.
Package xcolor Info: Model `Hsb' substituted by `hsb' on input line 1369.
Package xcolor Info: Model `tHsb' substituted by `hsb' on input line 1370.
Package xcolor Info: Model `HSB' substituted by `hsb' on input line 1371.
Package xcolor Info: Model `Gray' substituted by `gray' on input line 1372.
Package xcolor Info: Model `wave' substituted by `hsb' on input line 1373.
) (/usr/share/texlive/texmf-dist/tex/latex/tools/tabularx.sty
Package: tabularx 2023/07/08 v2.11c `tabularx' package (DPC)
\TX@col@width=\dimen188
\TX@old@table=\dimen189
\TX@old@col=\dimen190
\TX@target=\dimen191
\TX@delta=\dimen192
\TX@cols=\count299
\TX@ftn=\toks30
) (/usr/share/texlive/texmf-dist/tex/latex/multirow/multirow.sty
Package: multirow 2021/03/15 v2.8 Span multiple rows of a table
\multirow@colwidth=\skip57
\multirow@cntb=\count300
\multirow@dima=\skip58
\bigstrutjot=\dimen193
)
Package hyperref Info: Option `colorlinks' set `true' on input line 57.
 (../../official_extra_analysis/FULL/vertical_consistency_stretch_20260613/report_numbers.tex)
LaTeX Font Info:    Trying to load font information for T1+lmr on input line 70.
 (/usr/share/texmf/tex/latex/lm/t1lmr.fd
File: t1lmr.fd 2015/05/01 v1.6.1 Font defs for Latin Modern
) (/usr/share/texlive/texmf-dist/tex/latex/l3backend/l3backend-pdftex.def
File: l3backend-pdftex.def 2024-01-04 L3 backend support: PDF output (pdfTeX)
\l__color_backend_stack_int=\count301
\l__pdf_internal_box=\box58
) (./main_EN.aux)
\openout1 = `main_EN.aux'.

LaTeX Font Info:    Checking defaults for OML/cmm/m/it on input line 70.
LaTeX Font Info:    ... okay on input line 70.
LaTeX Font Info:    Checking defaults for OMS/cmsy/m/n on input line 70.
LaTeX Font Info:    ... okay on input line 70.
LaTeX Font Info:    Checking defaults for OT1/cmr/m/n on input line 70.
LaTeX Font Info:    ... okay on input line 70.
LaTeX Font Info:    Checking defaults for T1/cmr/m/n on input line 70.
LaTeX Font Info:    ... okay on input line 70.
LaTeX Font Info:    Checking defaults for TS1/cmr/m/n on input line 70.
LaTeX Font Info:    ... okay on input line 70.
LaTeX Font Info:    Checking defaults for OMX/cmex/m/n on input line 70.
LaTeX Font Info:    ... okay on input line 70.
LaTeX Font Info:    Checking defaults for U/cmr/m/n on input line 70.
LaTeX Font Info:    ... okay on input line 70.
LaTeX Font Info:    Checking defaults for PD1/pdf/m/n on input line 70.
LaTeX Font Info:    ... okay on input line 70.
LaTeX Font Info:    Checking defaults for PU/pdf/m/n on input line 70.
LaTeX Font Info:    ... okay on input line 70.

*geometry* driver: auto-detecting
*geometry* detected driver: pdftex
*geometry* verbose mode - [ preamble ] result:
* driver: pdftex
* paper: a4paper
* layout: <same size as paper>
* layoutoffset:(h,v)=(0.0pt,0.0pt)
* modes: 
* h-part:(L,W,R)=(71.13188pt, 455.24411pt, 71.13188pt)
* v-part:(T,H,B)=(71.13188pt, 702.78308pt, 71.13188pt)
* \paperwidth=597.50787pt
* \paperheight=845.04684pt
* \textwidth=455.24411pt
* \textheight=702.78308pt
* \oddsidemargin=-1.1381pt
* \evensidemargin=-1.1381pt
* \topmargin=-38.1381pt
* \headheight=12.0pt
* \headsep=25.0pt
* \topskip=11.0pt
* \footskip=30.0pt
* \marginparwidth=50.0pt
* \marginparsep=10.0pt
* \columnsep=10.0pt
* \skip\footins=10.0pt plus 4.0pt minus 2.0pt
* \hoffset=0.0pt
* \voffset=0.0pt
* \mag=1000
* \@twocolumnfalse
* \@twosidefalse
* \@mparswitchfalse
* \@reversemarginfalse
* (1in=72.27pt=25.4mm, 1cm=28.453pt)

(/usr/share/texlive/texmf-dist/tex/context/base/mkii/supp-pdf.mkii
[Loading MPS to PDF converter (version 2006.09.02).]
\scratchcounter=\count302
\scratchdimen=\dimen194
\scratchbox=\box59
\nofMPsegments=\count303
\nofMParguments=\count304
\everyMPshowfont=\toks31
\MPscratchCnt=\count305
\MPscratchDim=\dimen195
\MPnumerator=\count306
\makeMPintoPDFobject=\count307
\everyMPtoPDFconversion=\toks32
) (/usr/share/texlive/texmf-dist/tex/latex/epstopdf-pkg/epstopdf-base.sty
Package: epstopdf-base 2020-01-24 v2.11 Base part for package epstopdf
Package epstopdf-base Info: Redefining graphics rule for `.eps' on input line 485.
 (/usr/share/texlive/texmf-dist/tex/latex/latexconfig/epstopdf-sys.cfg
File: epstopdf-sys.cfg 2010/07/13 v1.3 Configuration of (r)epstopdf for TeX Live
))
Package hyperref Info: Link coloring ON on input line 70.
 (./main_EN.out) (./main_EN.out)
\@outlinefile=\write3
\openout3 = `main_EN.out'.

Package caption Info: Begin \AtBeginDocument code.
Package caption Info: float package is loaded.
Package caption Info: End \AtBeginDocument code.
LaTeX Font Info:    Trying to load font information for OT1+lmr on input line 72.
 (/usr/share/texmf/tex/latex/lm/ot1lmr.fd
File: ot1lmr.fd 2015/05/01 v1.6.1 Font defs for Latin Modern
)
LaTeX Font Info:    Trying to load font information for OML+lmm on input line 72.
 (/usr/share/texmf/tex/latex/lm/omllmm.fd
File: omllmm.fd 2015/05/01 v1.6.1 Font defs for Latin Modern
)
LaTeX Font Info:    Trying to load font information for OMS+lmsy on input line 72.
 (/usr/share/texmf/tex/latex/lm/omslmsy.fd
File: omslmsy.fd 2015/05/01 v1.6.1 Font defs for Latin Modern
)
LaTeX Font Info:    Trying to load font information for OMX+lmex on input line 72.
 (/usr/share/texmf/tex/latex/lm/omxlmex.fd
File: omxlmex.fd 2015/05/01 v1.6.1 Font defs for Latin Modern
)
LaTeX Font Info:    External font `lmex10' loaded for size
(Font)              <12> on input line 72.
LaTeX Font Info:    External font `lmex10' loaded for size
(Font)              <8> on input line 72.
LaTeX Font Info:    External font `lmex10' loaded for size
(Font)              <6> on input line 72.
LaTeX Font Info:    Trying to load font information for U+msa on input line 72.
 (/usr/share/texlive/texmf-dist/tex/latex/amsfonts/umsa.fd
File: umsa.fd 2013/01/14 v3.01 AMS symbols A
)
LaTeX Font Info:    Trying to load font information for U+msb on input line 72.
 (/usr/share/texlive/texmf-dist/tex/latex/amsfonts/umsb.fd
File: umsb.fd 2013/01/14 v3.01 AMS symbols B
) (./main_EN.toc
LaTeX Font Info:    External font `lmex10' loaded for size
(Font)              <10.95> on input line 2.
 [1

{/var/lib/texmf/fonts/map/pdftex/updmap/pdftex.map}{/usr/share/texmf/fonts/enc/dvips/lm/lm-ec.enc}])
\tf@toc=\write4
\openout4 = `main_EN.toc'.

 [2{/usr/share/texmf/fonts/enc/dvips/lm/lm-mathit.enc}]
<fig/experiment_setup_rotoarm.jpg, id=326, 1806.75pt x 1342.01375pt>
File: fig/experiment_setup_rotoarm.jpg Graphic file (type jpg)
<use fig/experiment_setup_rotoarm.jpg>
Package pdftex.def Info: fig/experiment_setup_rotoarm.jpg  used on input line 103.
(pdftex.def)             Requested size: 192.56744pt x 143.03502pt.
<fig/experiment_setup_overhead.jpg, id=327, 1806.75pt x 1355.0625pt>
File: fig/experiment_setup_overhead.jpg Graphic file (type jpg)
<use fig/experiment_setup_overhead.jpg>
Package pdftex.def Info: fig/experiment_setup_overhead.jpg  used on input line 108.
(pdftex.def)             Requested size: 192.56744pt x 144.42578pt.
<fig/anchor_g_us_vicon_marker.png, id=328, 1606.0pt x 1204.5pt>
File: fig/anchor_g_us_vicon_marker.png Graphic file (type png)
<use fig/anchor_g_us_vicon_marker.png>
Package pdftex.def Info: fig/anchor_g_us_vicon_marker.png  used on input line 122.
(pdftex.def)             Requested size: 253.48248pt x 190.09572pt.
<fig/anchor_g_vicon_marker_holder_axes.png, id=329, 1355.0625pt x 2258.4375pt>
File: fig/anchor_g_vicon_marker_holder_axes.png Graphic file (type png)
<use fig/anchor_g_vicon_marker_holder_axes.png>
Package pdftex.def Info: fig/anchor_g_vicon_marker_holder_axes.png  used on input line 127.
(pdftex.def)             Requested size: 152.96574pt x 254.942pt.
 [3 <./fig/experiment_setup_rotoarm.jpg> <./fig/experiment_setup_overhead.jpg>]
LaTeX Font Info:    Trying to load font information for TS1+lmr on input line 147.
 (/usr/share/texmf/tex/latex/lm/ts1lmr.fd
File: ts1lmr.fd 2015/05/01 v1.6.1 Font defs for Latin Modern
) [4{/usr/share/texmf/fonts/enc/dvips/lm/lm-ts1.enc} <./fig/anchor_g_us_vicon_marker.png (PNG copy)> <./fig/anchor_g_vicon_marker_holder_axes.png>] [5{/usr/share/texmf/fonts/enc/dvips/lm/lm-rm.enc}{/usr/share/texmf/fonts/enc/dvips/lm/lm-mathsy.enc}]
LaTeX Font Info:    Trying to load font information for T1+lmtt on input line 221.
 (/usr/share/texmf/tex/latex/lm/t1lmtt.fd
File: t1lmtt.fd 2015/05/01 v1.6.1 Font defs for Latin Modern
)
LaTeX Font Info:    External font `lmex10' loaded for size
(Font)              <9> on input line 221.
LaTeX Font Info:    External font `lmex10' loaded for size
(Font)              <5> on input line 221.
 [6] [7{/usr/share/texmf/fonts/enc/dvips/lm/lm-mathex.enc}] [8]
<fig/layout_vicon_vs_autopos_3d.png, id=400, 831.105pt x 375.804pt>
File: fig/layout_vicon_vs_autopos_3d.png Graphic file (type png)
<use fig/layout_vicon_vs_autopos_3d.png>
Package pdftex.def Info: fig/layout_vicon_vs_autopos_3d.png  used on input line 349.
(pdftex.def)             Requested size: 455.24411pt x 205.8499pt.
 [9 <./fig/layout_vicon_vs_autopos_3d.png>]
<fig/layout_v4_scale_diagnostic.pdf, id=416, 491.436pt x 213.19649pt>
File: fig/layout_v4_scale_diagnostic.pdf Graphic file (type pdf)
<use fig/layout_v4_scale_diagnostic.pdf>
Package pdftex.def Info: fig/layout_v4_scale_diagnostic.pdf  used on input line 443.
(pdftex.def)             Requested size: 373.3035pt x 161.95618pt.
 [10 <./fig/layout_v4_scale_diagnostic.pdf>]
LaTeX Font Info:    External font `lmex10' loaded for size
(Font)              <10> on input line 489.
LaTeX Font Info:    External font `lmex10' loaded for size
(Font)              <7> on input line 489.
 [11] [12]
<fig/tag_delay_sweep_phase1d.png, id=463, 505.89pt x 325.215pt>
File: fig/tag_delay_sweep_phase1d.png Graphic file (type png)
<use fig/tag_delay_sweep_phase1d.png>
Package pdftex.def Info: fig/tag_delay_sweep_phase1d.png  used on input line 561.
(pdftex.def)             Requested size: 373.3035pt x 239.98541pt.
 [13] [14 <./fig/tag_delay_sweep_phase1d.png>] [15] [16]
<fig/tag_error_cdf.png, id=510, 925.056pt x 361.35pt>
File: fig/tag_error_cdf.png Graphic file (type png)
<use fig/tag_error_cdf.png>
Package pdftex.def Info: fig/tag_error_cdf.png  used on input line 726.
(pdftex.def)             Requested size: 437.0374pt x 170.71672pt.
<fig/static_tag_error_vs_distance_v4io.png, id=512, 520.344pt x 346.896pt>
File: fig/static_tag_error_vs_distance_v4io.png Graphic file (type png)
<use fig/static_tag_error_vs_distance_v4io.png>
Package pdftex.def Info: fig/static_tag_error_vs_distance_v4io.png  used on input line 739.
(pdftex.def)             Requested size: 373.3035pt x 248.88095pt.
 [17 <./fig/tag_error_cdf.png>]
<fig/filtered_static_cdf_v4io_all8.png, id=524, 953.964pt x 458.9145pt>
File: fig/filtered_static_cdf_v4io_all8.png Graphic file (type png)
<use fig/filtered_static_cdf_v4io_all8.png>
Package pdftex.def Info: fig/filtered_static_cdf_v4io_all8.png  used on input line 784.
(pdftex.def)             Requested size: 437.0374pt x 210.24193pt.
 [18 <./fig/static_tag_error_vs_distance_v4io.png>] [19 <./fig/filtered_static_cdf_v4io_all8.png>] [20]
<fig/roto_solver_matrix_median3d.png, id=551, 412.84238pt x 282.75638pt>
File: fig/roto_solver_matrix_median3d.png Graphic file (type png)
<use fig/roto_solver_matrix_median3d.png>
Package pdftex.def Info: fig/roto_solver_matrix_median3d.png  used on input line 916.
(pdftex.def)             Requested size: 341.43307pt x 233.86365pt.
 [21]
LaTeX Font Info:    External font `lmex10' loaded for size
(Font)              <14.4> on input line 969.
 [22 <./fig/roto_solver_matrix_median3d.png>] [23]
<fig/keepk_persistent_static_v4io_t4.png, id=576, 378.432pt x 233.892pt>
File: fig/keepk_persistent_static_v4io_t4.png Graphic file (type png)
<use fig/keepk_persistent_static_v4io_t4.png>
Package pdftex.def Info: fig/keepk_persistent_static_v4io_t4.png  used on input line 1036.
(pdftex.def)             Requested size: 218.51521pt x 135.0543pt.
<fig/keepk_persistent_roto_v4io_t4.png, id=577, 378.432pt x 233.892pt>
File: fig/keepk_persistent_roto_v4io_t4.png Graphic file (type png)
<use fig/keepk_persistent_roto_v4io_t4.png>
Package pdftex.def Info: fig/keepk_persistent_roto_v4io_t4.png  used on input line 1041.
(pdftex.def)             Requested size: 218.51521pt x 135.0543pt.
 [24 <./fig/keepk_persistent_static_v4io_t4.png> <./fig/keepk_persistent_roto_v4io_t4.png>]
<fig/stratified_keepk_upper_vs_lower.png, id=589, 929.655pt x 370.8765pt>
File: fig/stratified_keepk_upper_vs_lower.png Graphic file (type png)
<use fig/stratified_keepk_upper_vs_lower.png>
Package pdftex.def Info: fig/stratified_keepk_upper_vs_lower.png  used on input line 1079.
(pdftex.def)             Requested size: 455.24411pt x 181.61787pt.
 [25 <./fig/stratified_keepk_upper_vs_lower.png>] [26]
<fig/wall_nlos_p95_comparison.png, id=604, 459.9pt x 293.679pt>
File: fig/wall_nlos_p95_comparison.png Graphic file (type png)
<use fig/wall_nlos_p95_comparison.png>
Package pdftex.def Info: fig/wall_nlos_p95_comparison.png  used on input line 1167.
(pdftex.def)             Requested size: 218.51521pt x 139.53929pt.
<fig/wall_nlos_convergence.png, id=605, 459.9pt x 293.679pt>
File: fig/wall_nlos_convergence.png Graphic file (type png)
<use fig/wall_nlos_convergence.png>
Package pdftex.def Info: fig/wall_nlos_convergence.png  used on input line 1172.
(pdftex.def)             Requested size: 218.51521pt x 139.53929pt.
 [27 <./fig/wall_nlos_p95_comparison.png> <./fig/wall_nlos_convergence.png>] [28] [29] [30] [31]
<fig/imu_only_drift_example_l20_r01_bs2dce.png, id=655, 1128.3975pt x 499.6485pt>
File: fig/imu_only_drift_example_l20_r01_bs2dce.png Graphic file (type png)
<use fig/imu_only_drift_example_l20_r01_bs2dce.png>
Package pdftex.def Info: fig/imu_only_drift_example_l20_r01_bs2dce.png  used on input line 1420.
(pdftex.def)             Requested size: 455.24411pt x 201.57889pt.

Underfull \hbox (badness 2376) in paragraph at lines 1423--1423
[]\T1/lmr/m/n/10.95 Figure 13: |[]Example IMU-only drift di-ag-nos-tic for one Ro-toArm track (L20/I5/T2,
 []

[32 <./fig/imu_only_drift_example_l20_r01_bs2dce.png>]
<fig/phase4_roto_tilt_by_imu_3x3_plane_projection.png, id=666, 1248.3857pt x 1092.21965pt>
File: fig/phase4_roto_tilt_by_imu_3x3_plane_projection.png Graphic file (type png)
<use fig/phase4_roto_tilt_by_imu_3x3_plane_projection.png>
Package pdftex.def Info: fig/phase4_roto_tilt_by_imu_3x3_plane_projection.png  used on input line 1467.
(pdftex.def)             Requested size: 455.2284pt x 398.28188pt.
 [33] [34 <./fig/phase4_roto_tilt_by_imu_3x3_plane_projection.png>]
<fig/phase4_spiky_track_err3d_l2_l16_l20.png, id=678, 1084.05pt x 448.074pt>
File: fig/phase4_spiky_track_err3d_l2_l16_l20.png Graphic file (type png)
<use fig/phase4_spiky_track_err3d_l2_l16_l20.png>
Package pdftex.def Info: fig/phase4_spiky_track_err3d_l2_l16_l20.png  used on input line 1478.
(pdftex.def)             Requested size: 455.24411pt x 188.16928pt.
 [35 <./fig/phase4_spiky_track_err3d_l2_l16_l20.png>]
<fig/dop_4panel_mid_all8_grid25.png, id=693, 794.97pt x 650.43pt>
File: fig/dop_4panel_mid_all8_grid25.png Graphic file (type png)
<use fig/dop_4panel_mid_all8_grid25.png>
Package pdftex.def Info: fig/dop_4panel_mid_all8_grid25.png  used on input line 1551.
(pdftex.def)             Requested size: 418.82375pt x 342.68175pt.
 [36] [37 <./fig/dop_4panel_mid_all8_grid25.png>] [38] [39] [40] (./main_EN.bbl [41]) [42] [43] [44]
Underfull \hbox (badness 10000) in paragraph at lines 2056--2056
[]|\T1/lmr/m/n/10 Loose-coupled fu-sion rows use the form
 []


Underfull \hbox (badness 4181) in paragraph at lines 2056--2056
\T1/lmtt/m/n/10 X_<A>_<U>_<P>_<L>_<I>_<T>\T1/lmr/m/n/10 ; tightly cou-pled raw-range rows
 []

[45]
Underfull \hbox (badness 1127) in paragraph at lines 2095--2095
[]|\T1/lmr/m/n/8 InvenSense ICM-42670-P drone/robotics 6-axis
 []


Underfull \hbox (badness 1297) in paragraph at lines 2095--2095
[]|\T1/lmr/m/n/8 LIS2DH12 accel-only proxy / negative-control
 []


Underfull \hbox (badness 2608) in paragraph at lines 2095--2095
[]|\T1/lmr/m/n/8 InvenSense ICM-42688-P high-precision 6-axis
 []


Underfull \hbox (badness 7759) in paragraph at lines 2146--2146
[]|\T1/lmr/m/n/8 IMU-only di-ag-nos-tic with ZUPT/ZARU or
 []

[46]
Overfull \hbox (10.82669pt too wide) in paragraph at lines 2165--2182
 [][] 
 []

[47] [48] [49] [50] [51] (./main_EN.aux)
 ***********
LaTeX2e <2023-11-01> patch level 1
L3 programming layer <2024-01-22>
 ***********
Package rerunfilecheck Info: File `main_EN.out' has not changed.
(rerunfilecheck)             Checksum: A83EAD1A82EE42F56723FFFF66C95578;12666.
 ) 
Here is how much of TeX's memory you used:
 15583 strings out of 475662
 261352 string characters out of 5784443
 1954975 words of memory out of 5000000
 37252 multiletter control sequences out of 15000+600000
 664775 words of font info for 110 fonts, out of 8000000 for 9000
 264 hyphenation exceptions out of 8191
 75i,14n,79p,908b,589s stack positions out of 10000i,1000n,20000p,200000b,200000s
</usr/share/texmf/fonts/type1/public/lm/lmbx10.pfb></usr/share/texmf/fonts/type1/public/lm/lmbx12.pfb></usr/share/texmf/fonts/type1/public/lm/lmbx8.pfb></usr/share/texmf/fonts/type1/public/lm/lmbxi10.pfb></usr/share/texmf/fonts/type1/public/lm/lmex10.pfb></usr/share/texmf/fonts/type1/public/lm/lmmi10.pfb></usr/share/texmf/fonts/type1/public/lm/lmmi12.pfb></usr/share/texmf/fonts/type1/public/lm/lmmi6.pfb></usr/share/texmf/fonts/type1/public/lm/lmmi7.pfb></usr/share/texmf/fonts/type1/public/lm/lmmi8.pfb></usr/share/texmf/fonts/type1/public/lm/lmmi9.pfb></usr/share/texmf/fonts/type1/public/lm/lmr10.pfb></usr/share/texmf/fonts/type1/public/lm/lmr12.pfb></usr/share/texmf/fonts/type1/public/lm/lmr17.pfb></usr/share/texmf/fonts/type1/public/lm/lmr6.pfb></usr/share/texmf/fonts/type1/public/lm/lmr7.pfb></usr/share/texmf/fonts/type1/public/lm/lmr8.pfb></usr/share/texmf/fonts/type1/public/lm/lmr9.pfb></usr/share/texmf/fonts/type1/public/lm/lmri10.pfb></usr/share/texmf/fonts/type1/public/lm/lmsy10.pfb></usr/share/texmf/fonts/type1/public/lm/lmsy6.pfb></usr/share/texmf/fonts/type1/public/lm/lmsy7.pfb></usr/share/texmf/fonts/type1/public/lm/lmsy8.pfb></usr/share/texmf/fonts/type1/public/lm/lmtt10.pfb></usr/share/texmf/fonts/type1/public/lm/lmtt9.pfb></usr/share/texlive/texmf-dist/fonts/type1/public/amsfonts/symbols/msam10.pfb></usr/share/texlive/texmf-dist/fonts/type1/public/amsfonts/symbols/msbm10.pfb>
Output written on main_EN.pdf (51 pages, 10848129 bytes).
PDF statistics:
 1062 PDF objects out of 1200 (max. 8388607)
 893 compressed objects within 9 object streams
 247 named destinations out of 1000 (max. 500000)
 589 words of extra memory for PDF output out of 10000 (max. 10000000)

