This is pdfTeX, Version 3.141592653-2.6-1.40.25 (TeX Live 2023/Debian) (preloaded format=pdflatex 2026.6.4)  30 JUN 2026 01:50
entering extended mode
 restricted \write18 enabled.
 %&-line parsing enabled.
**novelty_check_delay_layout_coupling_submission.tex
(./novelty_check_delay_layout_coupling_submission.tex
LaTeX2e <2023-11-01> patch level 1
L3 programming layer <2024-01-22>
(/usr/share/texlive/texmf-dist/tex/latex/base/article.cls
Document Class: article 2023/05/17 v1.4n Standard LaTeX document class
(/usr/share/texlive/texmf-dist/tex/latex/base/size11.clo
File: size11.clo 2023/05/17 v1.4n Standard LaTeX file (size option)
)
\c@part=\count187
\c@section=\count188
\c@subsection=\count189
\c@subsubsection=\count190
\c@paragraph=\count191
\c@subparagraph=\count192
\c@figure=\count193
\c@table=\count194
\abovecaptionskip=\skip48
\belowcaptionskip=\skip49
\bibindent=\dimen140
)
(/usr/share/texlive/texmf-dist/tex/latex/base/inputenc.sty
Package: inputenc 2021/02/14 v1.3d Input encoding file
\inpenc@prehook=\toks17
\inpenc@posthook=\toks18
)
(/usr/share/texlive/texmf-dist/tex/latex/base/fontenc.sty
Package: fontenc 2021/04/29 v2.0v Standard LaTeX package
)
(/usr/share/texlive/texmf-dist/tex/latex/amsmath/amsmath.sty
Package: amsmath 2023/05/13 v2.17o AMS math features
\@mathmargin=\skip50

For additional information on amsmath, use the `?' option.
(/usr/share/texlive/texmf-dist/tex/latex/amsmath/amstext.sty
Package: amstext 2021/08/26 v2.01 AMS text

(/usr/share/texlive/texmf-dist/tex/latex/amsmath/amsgen.sty
File: amsgen.sty 1999/11/30 v2.0 generic functions
\@emptytoks=\toks19
\ex@=\dimen141
))
(/usr/share/texlive/texmf-dist/tex/latex/amsmath/amsbsy.sty
Package: amsbsy 1999/11/29 v1.2d Bold Symbols
\pmbraise@=\dimen142
)
(/usr/share/texlive/texmf-dist/tex/latex/amsmath/amsopn.sty
Package: amsopn 2022/04/08 v2.04 operator names
)
\inf@bad=\count195
LaTeX Info: Redefining \frac on input line 234.
\uproot@=\count196
\leftroot@=\count197
LaTeX Info: Redefining \overline on input line 399.
LaTeX Info: Redefining \colon on input line 410.
\classnum@=\count198
\DOTSCASE@=\count199
LaTeX Info: Redefining \ldots on input line 496.
LaTeX Info: Redefining \dots on input line 499.
LaTeX Info: Redefining \cdots on input line 620.
\Mathstrutbox@=\box51
\strutbox@=\box52
LaTeX Info: Redefining \big on input line 722.
LaTeX Info: Redefining \Big on input line 723.
LaTeX Info: Redefining \bigg on input line 724.
LaTeX Info: Redefining \Bigg on input line 725.
\big@size=\dimen143
LaTeX Font Info:    Redeclaring font encoding OML on input line 743.
LaTeX Font Info:    Redeclaring font encoding OMS on input line 744.
\macc@depth=\count266
LaTeX Info: Redefining \bmod on input line 905.
LaTeX Info: Redefining \pmod on input line 910.
LaTeX Info: Redefining \smash on input line 940.
LaTeX Info: Redefining \relbar on input line 970.
LaTeX Info: Redefining \Relbar on input line 971.
\c@MaxMatrixCols=\count267
\dotsspace@=\muskip16
\c@parentequation=\count268
\dspbrk@lvl=\count269
\tag@help=\toks20
\row@=\count270
\column@=\count271
\maxfields@=\count272
\andhelp@=\toks21
\eqnshift@=\dimen144
\alignsep@=\dimen145
\tagshift@=\dimen146
\tagwidth@=\dimen147
\totwidth@=\dimen148
\lineht@=\dimen149
\@envbody=\toks22
\multlinegap=\skip51
\multlinetaggap=\skip52
\mathdisplay@stack=\toks23
LaTeX Info: Redefining \[ on input line 2953.
LaTeX Info: Redefining \] on input line 2954.
)
(/usr/share/texlive/texmf-dist/tex/latex/amsfonts/amssymb.sty
Package: amssymb 2013/01/14 v3.01 AMS font symbols

(/usr/share/texlive/texmf-dist/tex/latex/amsfonts/amsfonts.sty
Package: amsfonts 2013/01/14 v3.01 Basic AMSFonts support
\symAMSa=\mathgroup4
\symAMSb=\mathgroup5
LaTeX Font Info:    Redeclaring math symbol \hbar on input line 98.
LaTeX Font Info:    Overwriting math alphabet `\mathfrak' in version `bold'
(Font)                  U/euf/m/n --> U/euf/b/n on input line 106.
))
(/usr/share/texlive/texmf-dist/tex/latex/booktabs/booktabs.sty
Package: booktabs 2020/01/12 v1.61803398 Publication quality tables
\heavyrulewidth=\dimen150
\lightrulewidth=\dimen151
\cmidrulewidth=\dimen152
\belowrulesep=\dimen153
\belowbottomsep=\dimen154
\aboverulesep=\dimen155
\abovetopsep=\dimen156
\cmidrulesep=\dimen157
\cmidrulekern=\dimen158
\defaultaddspace=\dimen159
\@cmidla=\count273
\@cmidlb=\count274
\@aboverulesep=\dimen160
\@belowrulesep=\dimen161
\@thisruleclass=\count275
\@lastruleclass=\count276
\@thisrulewidth=\dimen162
)
(/usr/share/texlive/texmf-dist/tex/latex/tools/longtable.sty
Package: longtable 2023-11-01 v4.19 Multi-page Table package (DPC)
\LTleft=\skip53
\LTright=\skip54
\LTpre=\skip55
\LTpost=\skip56
\LTchunksize=\count277
\LTcapwidth=\dimen163
\LT@head=\box53
\LT@firsthead=\box54
\LT@foot=\box55
\LT@lastfoot=\box56
\LT@gbox=\box57
\LT@cols=\count278
\LT@rows=\count279
\c@LT@tables=\count280
\c@LT@chunks=\count281
\LT@p@ftn=\toks24
)
(/usr/share/texlive/texmf-dist/tex/latex/graphics/graphicx.sty
Package: graphicx 2021/09/16 v1.2d Enhanced LaTeX Graphics (DPC,SPQR)

(/usr/share/texlive/texmf-dist/tex/latex/graphics/keyval.sty
Package: keyval 2022/05/29 v1.15 key=value parser (DPC)
\KV@toks@=\toks25
)
(/usr/share/texlive/texmf-dist/tex/latex/graphics/graphics.sty
Package: graphics 2022/03/10 v1.4e Standard LaTeX Graphics (DPC,SPQR)

(/usr/share/texlive/texmf-dist/tex/latex/graphics/trig.sty
Package: trig 2021/08/11 v1.11 sin cos tan (DPC)
)
(/usr/share/texlive/texmf-dist/tex/latex/graphics-cfg/graphics.cfg
File: graphics.cfg 2016/06/04 v1.11 sample graphics configuration
)
Package graphics Info: Driver file: pdftex.def on input line 107.

(/usr/share/texlive/texmf-dist/tex/latex/graphics-def/pdftex.def
File: pdftex.def 2022/09/22 v1.2b Graphics/color driver for pdftex
))
\Gin@req@height=\dimen164
\Gin@req@width=\dimen165
)
(/usr/share/texlive/texmf-dist/tex/latex/float/float.sty
Package: float 2001/11/08 v1.3d Float enhancements (AL)
\c@float@type=\count282
\float@exts=\toks26
\float@box=\box58
\@float@everytoks=\toks27
\@floatcapt=\box59
)
(/usr/share/texlive/texmf-dist/tex/latex/natbib/natbib.sty
Package: natbib 2010/09/13 8.31b (PWD, AO)
\bibhang=\skip57
\bibsep=\skip58
LaTeX Info: Redefining \cite on input line 694.
\c@NAT@ctr=\count283
)
(/usr/share/texlive/texmf-dist/tex/latex/hyperref/hyperref.sty
Package: hyperref 2024-01-20 v7.01h Hypertext links for LaTeX

(/usr/share/texlive/texmf-dist/tex/generic/iftex/iftex.sty
Package: iftex 2022/02/03 v1.0f TeX engine tests
)
(/usr/share/texlive/texmf-dist/tex/latex/kvsetkeys/kvsetkeys.sty
Package: kvsetkeys 2022-10-05 v1.19 Key value parser (HO)
)
(/usr/share/texlive/texmf-dist/tex/generic/kvdefinekeys/kvdefinekeys.sty
Package: kvdefinekeys 2019-12-19 v1.6 Define keys (HO)
)
(/usr/share/texlive/texmf-dist/tex/generic/pdfescape/pdfescape.sty
Package: pdfescape 2019/12/09 v1.15 Implements pdfTeX's escape features (HO)

(/usr/share/texlive/texmf-dist/tex/generic/ltxcmds/ltxcmds.sty
Package: ltxcmds 2023-12-04 v1.26 LaTeX kernel commands for general use (HO)
)
(/usr/share/texlive/texmf-dist/tex/generic/pdftexcmds/pdftexcmds.sty
Package: pdftexcmds 2020-06-27 v0.33 Utility functions of pdfTeX for LuaTeX (HO
)

(/usr/share/texlive/texmf-dist/tex/generic/infwarerr/infwarerr.sty
Package: infwarerr 2019/12/03 v1.5 Providing info/warning/error messages (HO)
)
Package pdftexcmds Info: \pdf@primitive is available.
Package pdftexcmds Info: \pdf@ifprimitive is available.
Package pdftexcmds Info: \pdfdraftmode found.
))
(/usr/share/texlive/texmf-dist/tex/latex/hycolor/hycolor.sty
Package: hycolor 2020-01-27 v1.10 Color options for hyperref/bookmark (HO)
)
(/usr/share/texlive/texmf-dist/tex/latex/auxhook/auxhook.sty
Package: auxhook 2019-12-17 v1.6 Hooks for auxiliary files (HO)
)
(/usr/share/texlive/texmf-dist/tex/latex/hyperref/nameref.sty
Package: nameref 2023-11-26 v2.56 Cross-referencing by name of section

(/usr/share/texlive/texmf-dist/tex/latex/refcount/refcount.sty
Package: refcount 2019/12/15 v3.6 Data extraction from label references (HO)
)
(/usr/share/texlive/texmf-dist/tex/generic/gettitlestring/gettitlestring.sty
Package: gettitlestring 2019/12/15 v1.6 Cleanup title references (HO)

(/usr/share/texlive/texmf-dist/tex/latex/kvoptions/kvoptions.sty
Package: kvoptions 2022-06-15 v3.15 Key value format for package options (HO)
))
\c@section@level=\count284
)
(/usr/share/texlive/texmf-dist/tex/latex/etoolbox/etoolbox.sty
Package: etoolbox 2020/10/05 v2.5k e-TeX tools for LaTeX (JAW)
\etb@tempcnta=\count285
)
\@linkdim=\dimen166
\Hy@linkcounter=\count286
\Hy@pagecounter=\count287

(/usr/share/texlive/texmf-dist/tex/latex/hyperref/pd1enc.def
File: pd1enc.def 2024-01-20 v7.01h Hyperref: PDFDocEncoding definition (HO)
Now handling font encoding PD1 ...
... no UTF-8 mapping file for font encoding PD1
)
(/usr/share/texlive/texmf-dist/tex/generic/intcalc/intcalc.sty
Package: intcalc 2019/12/15 v1.3 Expandable calculations with integers (HO)
)
\Hy@SavedSpaceFactor=\count288

(/usr/share/texlive/texmf-dist/tex/latex/hyperref/puenc.def
File: puenc.def 2024-01-20 v7.01h Hyperref: PDF Unicode definition (HO)
Now handling font encoding PU ...
... no UTF-8 mapping file for font encoding PU
)
Package hyperref Info: Hyper figures OFF on input line 4179.
Package hyperref Info: Link nesting OFF on input line 4184.
Package hyperref Info: Hyper index ON on input line 4187.
Package hyperref Info: Plain pages OFF on input line 4194.
Package hyperref Info: Backreferencing OFF on input line 4199.
Package hyperref Info: Implicit mode ON; LaTeX internals redefined.
Package hyperref Info: Bookmarks ON on input line 4446.
\c@Hy@tempcnt=\count289

(/usr/share/texlive/texmf-dist/tex/latex/url/url.sty
\Urlmuskip=\muskip17
Package: url 2013/09/16  ver 3.4  Verb mode for urls, etc.
)
LaTeX Info: Redefining \url on input line 4784.
\XeTeXLinkMargin=\dimen167

(/usr/share/texlive/texmf-dist/tex/generic/bitset/bitset.sty
Package: bitset 2019/12/09 v1.3 Handle bit-vector datatype (HO)

(/usr/share/texlive/texmf-dist/tex/generic/bigintcalc/bigintcalc.sty
Package: bigintcalc 2019/12/15 v1.5 Expandable calculations on big integers (HO
)
))
\Fld@menulength=\count290
\Field@Width=\dimen168
\Fld@charsize=\dimen169
Package hyperref Info: Hyper figures OFF on input line 6063.
Package hyperref Info: Link nesting OFF on input line 6068.
Package hyperref Info: Hyper index ON on input line 6071.
Package hyperref Info: backreferencing OFF on input line 6078.
Package hyperref Info: Link coloring OFF on input line 6083.
Package hyperref Info: Link coloring with OCG OFF on input line 6088.
Package hyperref Info: PDF/A mode OFF on input line 6093.

(/usr/share/texlive/texmf-dist/tex/latex/base/atbegshi-ltx.sty
Package: atbegshi-ltx 2021/01/10 v1.0c Emulation of the original atbegshi
package with kernel methods
)
\Hy@abspage=\count291
\c@Item=\count292
\c@Hfootnote=\count293
)
Package hyperref Info: Driver (autodetected): hpdftex.

(/usr/share/texlive/texmf-dist/tex/latex/hyperref/hpdftex.def
File: hpdftex.def 2024-01-20 v7.01h Hyperref driver for pdfTeX

(/usr/share/texlive/texmf-dist/tex/latex/base/atveryend-ltx.sty
Package: atveryend-ltx 2020/08/19 v1.0a Emulation of the original atveryend pac
kage
with kernel methods
)
\Fld@listcount=\count294
\c@bookmark@seq@number=\count295

(/usr/share/texlive/texmf-dist/tex/latex/rerunfilecheck/rerunfilecheck.sty
Package: rerunfilecheck 2022-07-10 v1.10 Rerun checks for auxiliary files (HO)

(/usr/share/texlive/texmf-dist/tex/generic/uniquecounter/uniquecounter.sty
Package: uniquecounter 2019/12/15 v1.4 Provide unlimited unique counter (HO)
)
Package uniquecounter Info: New unique counter `rerunfilecheck' on input line 2
85.
)
\Hy@SectionHShift=\skip59
)
(/usr/share/texlive/texmf-dist/tex/latex/geometry/geometry.sty
Package: geometry 2020/01/02 v5.9 Page Geometry

(/usr/share/texlive/texmf-dist/tex/generic/iftex/ifvtex.sty
Package: ifvtex 2019/10/25 v1.7 ifvtex legacy package. Use iftex instead.
)
\Gm@cnth=\count296
\Gm@cntv=\count297
\c@Gm@tempcnt=\count298
\Gm@bindingoffset=\dimen170
\Gm@wd@mp=\dimen171
\Gm@odd@mp=\dimen172
\Gm@even@mp=\dimen173
\Gm@layoutwidth=\dimen174
\Gm@layoutheight=\dimen175
\Gm@layouthoffset=\dimen176
\Gm@layoutvoffset=\dimen177
\Gm@dimlist=\toks28
)
(/usr/share/texlive/texmf-dist/tex/latex/tools/array.sty
Package: array 2023/10/16 v2.5g Tabular extension package (FMi)
\col@sep=\dimen178
\ar@mcellbox=\box60
\extrarowheight=\dimen179
\NC@list=\toks29
\extratabsurround=\skip60
\backup@length=\skip61
\ar@cellbox=\box61
)
(/usr/share/texlive/texmf-dist/tex/latex/xcolor/xcolor.sty
Package: xcolor 2023/11/15 v3.01 LaTeX color extensions (UK)

(/usr/share/texlive/texmf-dist/tex/latex/graphics-cfg/color.cfg
File: color.cfg 2016/01/02 v1.6 sample color configuration
)
Package xcolor Info: Driver file: pdftex.def on input line 274.

(/usr/share/texlive/texmf-dist/tex/latex/graphics/mathcolor.ltx)
Package xcolor Info: Model `cmy' substituted by `cmy0' on input line 1350.
Package xcolor Info: Model `hsb' substituted by `rgb' on input line 1354.
Package xcolor Info: Model `RGB' extended on input line 1366.
Package xcolor Info: Model `HTML' substituted by `rgb' on input line 1368.
Package xcolor Info: Model `Hsb' substituted by `hsb' on input line 1369.
Package xcolor Info: Model `tHsb' substituted by `hsb' on input line 1370.
Package xcolor Info: Model `HSB' substituted by `hsb' on input line 1371.
Package xcolor Info: Model `Gray' substituted by `gray' on input line 1372.
Package xcolor Info: Model `wave' substituted by `hsb' on input line 1373.
)
Package hyperref Info: Option `colorlinks' set `true' on input line 15.

(/usr/share/texlive/texmf-dist/tex/latex/l3backend/l3backend-pdftex.def
File: l3backend-pdftex.def 2024-01-04 L3 backend support: PDF output (pdfTeX)
\l__color_backend_stack_int=\count299
\l__pdf_internal_box=\box62
)
(./novelty_check_delay_layout_coupling_submission.aux)
\openout1 = `novelty_check_delay_layout_coupling_submission.aux'.

LaTeX Font Info:    Checking defaults for OML/cmm/m/it on input line 26.
LaTeX Font Info:    ... okay on input line 26.
LaTeX Font Info:    Checking defaults for OMS/cmsy/m/n on input line 26.
LaTeX Font Info:    ... okay on input line 26.
LaTeX Font Info:    Checking defaults for OT1/cmr/m/n on input line 26.
LaTeX Font Info:    ... okay on input line 26.
LaTeX Font Info:    Checking defaults for T1/cmr/m/n on input line 26.
LaTeX Font Info:    ... okay on input line 26.
LaTeX Font Info:    Checking defaults for TS1/cmr/m/n on input line 26.
LaTeX Font Info:    ... okay on input line 26.
LaTeX Font Info:    Checking defaults for OMX/cmex/m/n on input line 26.
LaTeX Font Info:    ... okay on input line 26.
LaTeX Font Info:    Checking defaults for U/cmr/m/n on input line 26.
LaTeX Font Info:    ... okay on input line 26.
LaTeX Font Info:    Checking defaults for PD1/pdf/m/n on input line 26.
LaTeX Font Info:    ... okay on input line 26.
LaTeX Font Info:    Checking defaults for PU/pdf/m/n on input line 26.
LaTeX Font Info:    ... okay on input line 26.

(/usr/share/texlive/texmf-dist/tex/context/base/mkii/supp-pdf.mkii
[Loading MPS to PDF converter (version 2006.09.02).]
\scratchcounter=\count300
\scratchdimen=\dimen180
\scratchbox=\box63
\nofMPsegments=\count301
\nofMParguments=\count302
\everyMPshowfont=\toks30
\MPscratchCnt=\count303
\MPscratchDim=\dimen181
\MPnumerator=\count304
\makeMPintoPDFobject=\count305
\everyMPtoPDFconversion=\toks31
) (/usr/share/texlive/texmf-dist/tex/latex/epstopdf-pkg/epstopdf-base.sty
Package: epstopdf-base 2020-01-24 v2.11 Base part for package epstopdf
Package epstopdf-base Info: Redefining graphics rule for `.eps' on input line 4
85.

(/usr/share/texlive/texmf-dist/tex/latex/latexconfig/epstopdf-sys.cfg
File: epstopdf-sys.cfg 2010/07/13 v1.3 Configuration of (r)epstopdf for TeX Liv
e
))
Package hyperref Info: Link coloring ON on input line 26.

(./novelty_check_delay_layout_coupling_submission.out)
(./novelty_check_delay_layout_coupling_submission.out)
\@outlinefile=\write3
\openout3 = `novelty_check_delay_layout_coupling_submission.out'.


*geometry* driver: auto-detecting
*geometry* detected driver: pdftex
*geometry* verbose mode - [ preamble ] result:
* driver: pdftex
* paper: a4paper
* layout: <same size as paper>
* layoutoffset:(h,v)=(0.0pt,0.0pt)
* modes: 
* h-part:(L,W,R)=(71.13188pt, 455.24411pt, 71.13188pt)
* v-part:(T,H,B)=(71.13188pt, 702.78308pt, 71.13188pt)
* \paperwidth=597.50787pt
* \paperheight=845.04684pt
* \textwidth=455.24411pt
* \textheight=702.78308pt
* \oddsidemargin=-1.1381pt
* \evensidemargin=-1.1381pt
* \topmargin=-38.1381pt
* \headheight=12.0pt
* \headsep=25.0pt
* \topskip=11.0pt
* \footskip=30.0pt
* \marginparwidth=50.0pt
* \marginparsep=10.0pt
* \columnsep=10.0pt
* \skip\footins=10.0pt plus 4.0pt minus 2.0pt
* \hoffset=0.0pt
* \voffset=0.0pt
* \mag=1000
* \@twocolumnfalse
* \@twosidefalse
* \@mparswitchfalse
* \@reversemarginfalse
* (1in=72.27pt=25.4mm, 1cm=28.453pt)

LaTeX Font Info:    Trying to load font information for U+msa on input line 28.

(/usr/share/texlive/texmf-dist/tex/latex/amsfonts/umsa.fd
File: umsa.fd 2013/01/14 v3.01 AMS symbols A
)
LaTeX Font Info:    Trying to load font information for U+msb on input line 28.


(/usr/share/texlive/texmf-dist/tex/latex/amsfonts/umsb.fd
File: umsb.fd 2013/01/14 v3.01 AMS symbols B
)
LaTeX Font Info:    Trying to load font information for T1+cmtt on input line 3
1.

(/usr/share/texlive/texmf-dist/tex/latex/base/t1cmtt.fd
File: t1cmtt.fd 2023/04/13 v2.5m Standard LaTeX font definitions
) [1

{/var/lib/texmf/fonts/map/pdftex/updmap/pdftex.map}] [2]
<literature_search/delay_scale_valley.png, id=177, 462.528pt x 383.031pt>
File: literature_search/delay_scale_valley.png Graphic file (type png)
<use literature_search/delay_scale_valley.png>
Package pdftex.def Info: literature_search/delay_scale_valley.png  used on inpu
t line 90.
(pdftex.def)             Requested size: 282.24911pt x 233.74792pt.


LaTeX Warning: `h' float specifier changed to `ht'.

[3] [4 <./literature_search/delay_scale_valley.png>] [5]
Underfull \hbox (badness 10000) in paragraph at lines 256--256
[]|\T1/cmr/m/n/10 UWB an-chor self-
 []


Underfull \hbox (badness 6157) in paragraph at lines 257--257
[]|\T1/cmr/m/n/10 Device de-lay, received-power
 []


Underfull \hbox (badness 1178) in paragraph at lines 257--257
\T1/cmr/m/n/10 bias, module-dependent range
 []


Underfull \hbox (badness 10000) in paragraph at lines 258--258
[]|\T1/cmr/m/n/10 Classification, weight-ing,
 []


Underfull \hbox (badness 4792) in paragraph at lines 258--259
\T1/cmr/m/n/10 cal-i-bra-tion rank-ing (re-ported
 []


Underfull \hbox (badness 5161) in paragraph at lines 259--259
[]|\T1/cmr/m/n/10 Graph rigid-ity, ob-serv-abil-ity,
 []


Underfull \hbox (badness 2134) in paragraph at lines 259--260
[]|\T1/cmr/m/n/10 The weak di-rec-tion is in-ter-
 []


Underfull \hbox (badness 10000) in paragraph at lines 259--260
\T1/cmr/m/n/10 preted phys-i-cally as delay--
 []


Underfull \hbox (badness 1019) in paragraph at lines 260--261
[]|\T1/cmr/m/n/10 Metric cor-rect-ness, p50 ac-cu-
 []


Underfull \hbox (badness 1642) in paragraph at lines 260--261
\T1/cmr/m/n/10 racy, post-selection op-ti-mism,
 []


Underfull \hbox (badness 10000) in paragraph at lines 261--261
[]|\T1/cmr/m/n/10 Independent para-dox
 []


Underfull \hbox (badness 10000) in paragraph at lines 262--262
[]|\T1/cmr/m/n/10 UWB re-search di-vides into
 []


Underfull \hbox (badness 1231) in paragraph at lines 262--262
\T1/cmr/m/n/10 known-anchor po-si-tion-ing and
 []


Underfull \hbox (badness 4995) in paragraph at lines 262--262
\T1/cmr/m/n/10 self-calibration, eval-u-ated by
 []


Underfull \hbox (badness 10000) in paragraph at lines 263--263
[]|\T1/cmr/m/n/10 Scale--propagation-parameter
 []


Underfull \hbox (badness 6995) in paragraph at lines 263--263
\T1/cmr/m/n/10 GNSS er-ror ab-sorp-tion can
 []


Underfull \hbox (badness 5091) in paragraph at lines 263--264
[]|\T1/cmr/m/n/10 The cou-pling in-ter-acts with
 []


Underfull \hbox (badness 3826) in paragraph at lines 263--264
\T1/cmr/m/n/10 environment, which has not
 []


Underfull \hbox (badness 2435) in paragraph at lines 264--264
[]|\T1/cmr/m/n/10 Other rang-ing sys-tems know
 []


Underfull \hbox (badness 1838) in paragraph at lines 264--265
[]|\T1/cmr/m/n/10 The pa-per shows a con-crete
 []


Underfull \hbox (badness 5105) in paragraph at lines 264--265
\T1/cmr/m/n/10 scale-bias can-cel-la-tion fail-ure
 []


Underfull \hbox (badness 4886) in paragraph at lines 264--265
\T1/cmr/m/n/10 un-cor-rected tag de-lay) with
 []

[6] [7] [8] [9]
Underfull \hbox (badness 1122) in paragraph at lines 406--406
[]|\T1/cmr/m/n/10 What they specif-i-cally
 []


Underfull \hbox (badness 1122) in paragraph at lines 410--410
[]|\T1/cmr/m/n/10 What they specif-i-cally
 []


Underfull \hbox (badness 10000) in paragraph at lines 413--413
[]|\T1/cmr/m/n/10 Used visual-inertial
 []


Underfull \hbox (badness 10000) in paragraph at lines 413--413
\T1/cmr/m/n/10 SLAM and fidu-cial
 []


Underfull \hbox (badness 10000) in paragraph at lines 413--413
\T1/cmr/m/n/10 mark-ers to es-ti-mate
 []


Underfull \hbox (badness 10000) in paragraph at lines 413--413
\T1/cmr/m/n/10 UWB an-chor poses
 []


Underfull \hbox (badness 4739) in paragraph at lines 413--413
[]|\T1/cmr/m/n/10 We an-a-lyze range-only
 []


Underfull \hbox (badness 10000) in paragraph at lines 413--414
\T1/cmr/m/n/10 nal vi-sual struc-ture;
 []


Underfull \hbox (badness 5288) in paragraph at lines 413--414
\T1/cmr/m/n/10 ours ex-plains why a
 []


Underfull \hbox (badness 10000) in paragraph at lines 413--414
\T1/cmr/m/n/10 radio-only cal-i-bra-tion
 []


Underfull \hbox (badness 1661) in paragraph at lines 413--414
\T1/cmr/m/n/10 can look bet-ter while
 []


Underfull \hbox (badness 10000) in paragraph at lines 413--414
\T1/cmr/m/n/10 be-ing metric-incorrect
 []


Underfull \hbox (badness 1048) in paragraph at lines 414--414
[]|\T1/cmr/m/n/10 Built a self-calibrating
 []


Underfull \hbox (badness 1127) in paragraph at lines 414--414
[]|\T1/cmr/m/n/10 We fo-cus on val-i-da-tion
 []


Underfull \hbox (badness 4569) in paragraph at lines 414--414
\T1/cmr/m/n/10 against Vi-con and on
 []


Underfull \hbox (badness 6775) in paragraph at lines 414--414
\T1/cmr/m/n/10 the layout/delay/range-
 []


Underfull \hbox (badness 10000) in paragraph at lines 414--414
\T1/cmr/m/n/10 bias can-cel-la-tion that
 []


Underfull \hbox (badness 1436) in paragraph at lines 414--414
\T1/cmr/m/n/10 lets a scale-biased self-
 []


Underfull \hbox (badness 1924) in paragraph at lines 414--414
\T1/cmr/m/n/10 form the metric-correct
 []


Underfull \hbox (badness 10000) in paragraph at lines 414--415
[]|\T1/cmr/m/n/10 A work-ing self-
 []


Underfull \hbox (badness 10000) in paragraph at lines 414--415
\T1/cmr/m/n/10 calibrating net-work
 []


Underfull \hbox (badness 10000) in paragraph at lines 415--415
[]|\T1/cmr/m/n/10 Deployed a self-
 []


Underfull \hbox (badness 10000) in paragraph at lines 415--415
\T1/cmr/m/n/10 for an-i-mal track-ing
 []


Underfull \hbox (badness 10000) in paragraph at lines 415--415
\T1/cmr/m/n/10 an-chors out-per-formed
 []


Underfull \hbox (badness 10000) in paragraph at lines 415--415
\T1/cmr/m/n/10 laser-surveyed an-chors
 []


Underfull \hbox (badness 4647) in paragraph at lines 415--415
\T1/cmr/m/n/10 vs 16.57 cm av-er-age
 []


Underfull \hbox (badness 10000) in paragraph at lines 415--415
\T1/cmr/m/n/10 hap-pen: delay--layout
 []


Underfull \hbox (badness 6708) in paragraph at lines 415--415
\T1/cmr/m/n/10 cou-pling lets a scale-
 []


Underfull \hbox (badness 10000) in paragraph at lines 415--415
\T1/cmr/m/n/10 biased self-calibrated
 []


Underfull \hbox (badness 10000) in paragraph at lines 415--415
\T1/cmr/m/n/10 with Sim(3) scale, a
 []


Underfull \hbox (badness 10000) in paragraph at lines 415--415
\T1/cmr/m/n/10 four-way lay-out/delay
 []


Underfull \hbox (badness 1824) in paragraph at lines 415--415
\T1/cmr/m/n/10 ab-la-tion, and common-
 []


Underfull \hbox (badness 1558) in paragraph at lines 415--416
[]|\T1/cmr/m/n/10 Their un-ex-plained ob-
 []


Underfull \hbox (badness 2310) in paragraph at lines 415--416
\T1/cmr/m/n/10 ser-va-tion is con-sis-tent
 []


Underfull \hbox (badness 7397) in paragraph at lines 415--416
\T1/cmr/m/n/10 but is not a repli-
 []


Underfull \hbox (badness 2261) in paragraph at lines 415--416
\T1/cmr/m/n/10 ca-tion: the 13.96 vs
 []


Underfull \hbox (badness 1253) in paragraph at lines 416--416
[]|[][]\T1/cmr/m/n/10 Pan et al.[][] ([][]2015[][])
 []


Underfull \hbox (badness 10000) in paragraph at lines 416--416
[]|\T1/cmr/m/n/10 Showed satellite-clock
 []


Underfull \hbox (badness 2088) in paragraph at lines 416--416
\T1/cmr/m/n/10 er-ror, im-prov-ing PPP
 []


Underfull \hbox (badness 10000) in paragraph at lines 416--416
\T1/cmr/m/n/10 po-si-tion-ing ac-cu-racy
 []


Underfull \hbox (badness 5954) in paragraph at lines 416--416
[]|\T1/cmr/m/n/10 Their er-ror ab-sorp-tion
 []


Underfull \hbox (badness 10000) in paragraph at lines 416--416
\T1/cmr/m/n/10 GNSS, where satel-lite
 []


Underfull \hbox (badness 10000) in paragraph at lines 416--416
\T1/cmr/m/n/10 in-fras-truc-ture is not
 []


Underfull \hbox (badness 10000) in paragraph at lines 416--416
\T1/cmr/m/n/10 self-calibrated by the
 []


Underfull \hbox (badness 10000) in paragraph at lines 416--416
\T1/cmr/m/n/10 be-tween self-calibrated
 []


Underfull \hbox (badness 10000) in paragraph at lines 416--416
\T1/cmr/m/n/10 an-chor ge-om-e-try and
 []


Underfull \hbox (badness 1292) in paragraph at lines 416--416
\T1/cmr/m/n/10 scale-biased lay-out can-
 []


Underfull \hbox (badness 2644) in paragraph at lines 416--416
\T1/cmr/m/n/10 cels struc-tured pos-i-tive
 []


Underfull \hbox (badness 10000) in paragraph at lines 416--417
[]|\T1/cmr/m/n/10 They demon-strate
 []


Underfull \hbox (badness 10000) in paragraph at lines 416--417
\T1/cmr/m/n/10 that coupled-error
 []


Underfull \hbox (badness 10000) in paragraph at lines 416--417
\T1/cmr/m/n/10 ab-sorp-tion can help
 []


Underfull \hbox (badness 4765) in paragraph at lines 416--417
\T1/cmr/m/n/10 that it can make a
 []


Underfull \hbox (badness 10000) in paragraph at lines 416--417
\T1/cmr/m/n/10 metric-incorrect cal-i-
 []


Underfull \hbox (badness 3323) in paragraph at lines 416--417
\T1/cmr/m/n/10 bra-tion win over the
 []


Underfull \hbox (badness 1997) in paragraph at lines 416--417
\T1/cmr/m/n/10 cor-rect one when the
 []


Underfull \hbox (badness 10000) in paragraph at lines 417--417
[]|[][]\T1/cmr/m/n/10 Ledergerber &
 []


Underfull \hbox (badness 10000) in paragraph at lines 417--417
[]|\T1/cmr/m/n/10 Calibrated module-
 []


Underfull \hbox (badness 3396) in paragraph at lines 417--417
\T1/cmr/m/n/10 dependent de-lays and
 []


Underfull \hbox (badness 4492) in paragraph at lines 417--417
\T1/cmr/m/n/10 range in-ac-cu-ra-cies by
 []


Underfull \hbox (badness 10000) in paragraph at lines 417--417
\T1/cmr/m/n/10 max-i-mum like-li-hood,
 []


Underfull \hbox (badness 1117) in paragraph at lines 417--417
\T1/cmr/m/n/10 a de-lay/range model is
 []


Underfull \hbox (badness 1478) in paragraph at lines 417--418
[]|\T1/cmr/m/n/10 Their re-sult mo-ti-vates
 []


Underfull \hbox (badness 1721) in paragraph at lines 417--418
\T1/cmr/m/n/10 range cal-i-bra-tion; our
 []


Underfull \hbox (badness 10000) in paragraph at lines 418--418
[]|[][]\T1/cmr/m/n/10 Shalaby et al.[][]
 []


Underfull \hbox (badness 10000) in paragraph at lines 418--418
[]|\T1/cmr/m/n/10 Proposed scal-able
 []


Underfull \hbox (badness 10000) in paragraph at lines 418--418
\T1/cmr/m/n/10 antenna-delay cal-i-bra-
 []


Underfull \hbox (badness 10000) in paragraph at lines 418--418
\T1/cmr/m/n/10 tion and received-
 []


Underfull \hbox (badness 10000) in paragraph at lines 418--418
\T1/cmr/m/n/10 power-dependent
 []


Underfull \hbox (badness 10000) in paragraph at lines 418--418
\T1/cmr/m/n/10 bias/uncertainty mod-
 []


Underfull \hbox (badness 3919) in paragraph at lines 419--419
[]|[][]\T1/cmr/m/n/10 De Preter et al.[][]
 []


Underfull \hbox (badness 10000) in paragraph at lines 419--419
[]|\T1/cmr/m/n/10 Modeled range bias
 []


Underfull \hbox (badness 10000) in paragraph at lines 419--419
\T1/cmr/m/n/10 and au-to-cal-i-bra-tion
 []


Underfull \hbox (badness 2753) in paragraph at lines 419--419
\T1/cmr/m/n/10 changes the cal-i-bra-tion
 []


Underfull \hbox (badness 4366) in paragraph at lines 419--420
[]|\T1/cmr/m/n/10 This turns range-bias
 []


Underfull \hbox (badness 3557) in paragraph at lines 420--420
[]|[][]\T1/cmr/m/n/10 Di Franco et al.[][]
 []


Underfull \hbox (badness 10000) in paragraph at lines 420--420
[]|\T1/cmr/m/n/10 Localized a net-work
 []


Underfull \hbox (badness 10000) in paragraph at lines 420--420
\T1/cmr/m/n/10 from bi-ased, mul-ti-
 []


Underfull \hbox (badness 10000) in paragraph at lines 420--420
\T1/cmr/m/n/10 modal NLOS UWB
 []


Underfull \hbox (badness 6063) in paragraph at lines 420--420
\T1/cmr/m/n/10 mea-sure-ments with-out
 []


Underfull \hbox (badness 1406) in paragraph at lines 420--420
[]|\T1/cmr/m/n/10 We cal-i-brate and com-
 []


Underfull \hbox (badness 10000) in paragraph at lines 420--420
\T1/cmr/m/n/10 pare phys-i-cal lay-outs,
 []


Underfull \hbox (badness 10000) in paragraph at lines 420--420
\T1/cmr/m/n/10 in-clud-ing a metric-
 []


Underfull \hbox (badness 10000) in paragraph at lines 420--420
\T1/cmr/m/n/10 correct common-mode
 []


Underfull \hbox (badness 1983) in paragraph at lines 420--421
\T1/cmr/m/n/10 win un-der bi-ased tag
 []

[10]
Underfull \hbox (badness 10000) in paragraph at lines 436--436
[]|\T1/cmr/m/n/10 Real-time dy-namic im-prove-
 []


Underfull \hbox (badness 10000) in paragraph at lines 441--441
[]|\T1/cmr/m/n/10 Rigid-body ROTO im-prove-
 []

[11] [12] [13] [14] (./novelty_check_delay_layout_coupling_submission.aux)
 ***********
LaTeX2e <2023-11-01> patch level 1
L3 programming layer <2024-01-22>
 ***********
Package rerunfilecheck Info: File `novelty_check_delay_layout_coupling_submissi
on.out' has not changed.
(rerunfilecheck)             Checksum: 2E25A0BE85078E6DAD2EC55179A266B9;3193.
 ) 
Here is how much of TeX's memory you used:
 11625 strings out of 475662
 180036 string characters out of 5784443
 1944975 words of memory out of 5000000
 33548 multiletter control sequences out of 15000+600000
 573443 words of font info for 79 fonts, out of 8000000 for 9000
 264 hyphenation exceptions out of 8191
 75i,10n,79p,1498b,630s stack positions out of 10000i,1000n,20000p,200000b,200000s
 </home/zekaixiao/.texlive2023/texmf-var/fonts/pk/ljfour/jknappen/ec/ectt1000
.600pk> </home/zekaixiao/.texlive2023/texmf-var/fonts/pk/ljfour/jknappen/ec/ecr
m1000.600pk> </home/zekaixiao/.texlive2023/texmf-var/fonts/pk/ljfour/jknappen/e
c/ecbx1095.600pk> </home/zekaixiao/.texlive2023/texmf-var/fonts/pk/ljfour/jknap
pen/ec/ecbx1200.600pk> </home/zekaixiao/.texlive2023/texmf-var/fonts/pk/ljfour/
jknappen/ec/ecti1095.600pk> </home/zekaixiao/.texlive2023/texmf-var/fonts/pk/lj
four/jknappen/ec/ectt1095.600pk> </home/zekaixiao/.texlive2023/texmf-var/fonts/
pk/ljfour/jknappen/ec/ecrm1095.600pk> </home/zekaixiao/.texlive2023/texmf-var/f
onts/pk/ljfour/jknappen/ec/ecbx1440.600pk> </home/zekaixiao/.texlive2023/texmf-
var/fonts/pk/ljfour/jknappen/ec/ecrm1200.600pk> </home/zekaixiao/.texlive2023/t
exmf-var/fonts/pk/ljfour/jknappen/ec/ecrm1728.600pk></usr/share/texlive/texmf-d
ist/fonts/type1/public/amsfonts/cm/cmmi10.pfb></usr/share/texlive/texmf-dist/fo
nts/type1/public/amsfonts/cm/cmmi8.pfb></usr/share/texlive/texmf-dist/fonts/typ
e1/public/amsfonts/cm/cmr10.pfb></usr/share/texlive/texmf-dist/fonts/type1/publ
ic/amsfonts/cm/cmr8.pfb></usr/share/texlive/texmf-dist/fonts/type1/public/amsfo
nts/cm/cmsy10.pfb>
Output written on novelty_check_delay_layout_coupling_submission.pdf (14 pages,
 343163 bytes).
PDF statistics:
 830 PDF objects out of 1000 (max. 8388607)
 376 compressed objects within 4 object streams
 78 named destinations out of 1000 (max. 500000)
 126 words of extra memory for PDF output out of 10000 (max. 10000000)

