PORT=/dev/serial/by-id/usb-BioSpur_BioSpur_BLE_Control_87EA2F4A526C5A02-if00
START=2026-06-02 22:57:29
MASTER=F
PRECHECK: BSxxxx tag quarantine disabled; master/matrix anchors ignore tag polls during sweep
PRECHECK: context session_autopos_ready=1 autopos_initialized=1
PRECHECK: reusing session AUTOPOS state from matrix guard
PRECHECK: reusing existing AUTOPOS map
>>> autopos cir full
[AUTOPOS] AUTOPOS cir mode set: FULL
>>> autopos round F 10
[AUTOPOS] AUTOPOS round staged: master=F sets=10
>>> autopos status
[AUTOPOS] AUTOPOS: mode=AUTOPOS state=staged staged=F last_success=E sets=10 cir=FULL error=-
>>> autopos apply
[AUTOPOS] AUTOPOS apply started
[AUTOPOS] RECV_BG gate: SUPPRESS reason=autopos_detach
[AUTOPOS] AUTOPOS detach skip STOP: finite master auto-returns to matrix sets=10
[AUTOPOS] RECV_BG gate: ALLOW reason=autopos_detach_done
[AUTOPOS] SCAN start req: bt_ready=1 scan_running=0 connecting_slot=-1 conn_count=8 target=anchor prefix=ANCHOR-
[AUTOPOS] Scanning for ANCHOR-*
[AUTOPOS] AUTOPOS apply mode: incremental
[AUTOPOS] AUTOPOS apply incremental: prev_master=E new_master=F
[AUTOPOS] Master discovery mode: CONN & START
[AUTOPOS] AUTOPOS wait anchor ready: uuid=A892AF05DD59CF0D0D3408AD74F364A1 reuse existing ready control link (discovery remains active)
[AUTOPOS] AUTOPOS state: STATE fw=anchor-cir-runtime-modes-202606 bs=BS4B52 uuid=A892AF05DD59CF0D0D3408AD74F364A1 label=E role=matrix cfg_valid=1 busy=1 pending_valid=1 schema=2 gen=3 reboot_required=0
[AUTOPOS] AUTOPOS state: STATE fw=anchor-cir-runtime-modes-202606 bs=BS4B52 uuid=A892AF05DD59CF0D0D3408AD74F364A1 label=E role=matrix cfg_valid=1 busy=1 pending_valid=1 schema=2 gen=3 reboot_required=0
[AUTOPOS] AUTOPOS anchor E already active role=matrix cfg_valid=1; keeping current config
[AUTOPOS] AUTOPOS anchor E role verified
[AUTOPOS] Master discovery mode: CONN & START
[AUTOPOS] AUTOPOS wait anchor ready: uuid=840C68591E90019821AACFF1B73AAA34 reuse existing ready control link (discovery remains active)
[AUTOPOS] AUTOPOS state: STATE fw=anchor-cir-runtime-modes-202606 bs=BS928B uuid=840C68591E90019821AACFF1B73AAA34 label=F role=matrix cfg_valid=1 busy=1 pending_valid=1 schema=2 gen=3 reboot_required=0
[AUTOPOS] AUTOPOS state: STATE fw=anchor-cir-runtime-modes-202606 bs=BS928B uuid=840C68591E90019821AACFF1B73AAA34 label=F role=matrix cfg_valid=1 busy=1 pending_valid=1 schema=2 gen=3 reboot_required=0
[AUTOPOS] BLE cmd skip[0]: target mismatch kind=anchor target_name=- target_uuid=840C68591E90019821AACFF1B73AAA34 peer_name=- peer_bs=- peer_uuid=B1E487C2B1FD740D1442206A1857DFA1 link=anchor-ctrl ready=1
[AUTOPOS] BLE cmd skip[1]: target mismatch kind=anchor target_name=- target_uuid=840C68591E90019821AACFF1B73AAA34 peer_name=- peer_bs=- peer_uuid=A892AF05DD59CF0D0D3408AD74F364A1 link=anchor-ctrl ready=1
[AUTOPOS] BLE cmd skip[2]: target mismatch kind=anchor target_name=- target_uuid=840C68591E90019821AACFF1B73AAA34 peer_name=- peer_bs=- peer_uuid=CEE5A7EFCB35F8A56B430047629F5309 link=anchor-ctrl ready=1
[AUTOPOS] BLE cmd skip[3]: target mismatch kind=anchor target_name=- target_uuid=840C68591E90019821AACFF1B73AAA34 peer_name=- peer_bs=- peer_uuid=B3087BC3D87CCCD316AEDC6B71D6677F link=anchor-ctrl ready=1
[AUTOPOS] Anchor ctrl sent[4]: RUNTIME MASTER SWEEP 10 CIR=FULL uuid=840C68591E90019821AACFF1B73AAA34
[AUTOPOS] BLE cmd skip[5]: target mismatch kind=anchor target_name=- target_uuid=840C68591E90019821AACFF1B73AAA34 peer_name=- peer_bs=- peer_uuid=F3BB7A04104F9CB8561DDDACB9E53714 link=anchor-ctrl ready=1
[AUTOPOS] BLE cmd skip[6]: target mismatch kind=anchor target_name=- target_uuid=840C68591E90019821AACFF1B73AAA34 peer_name=- peer_bs=- peer_uuid=B9179575C776C98F1CB132DD6EDC6223 link=anchor-ctrl ready=1
[AUTOPOS] BLE cmd skip[7]: target mismatch kind=anchor target_name=- target_uuid=840C68591E90019821AACFF1B73AAA34 peer_name=- peer_bs=- peer_uuid=B2B5FA625534A8C617135DCAFC9E036A link=anchor-ctrl ready=1
[AUTOPOS] ANCHOR_CTRL[4] notify: OK RUNTIME_SWITCH_REQUESTED SWEEP=10
[AUTOPOS] AUTOPOS result: OK RUNTIME_SWITCH_REQUESTED SWEEP=10
[AUTOPOS] AUTOPOS state: STATE fw=anchor-cir-runtime-modes-202606 bs=BS928B uuid=840C68591E90019821AACFF1B73AAA34 label=F role=master cfg_valid=1 busy=1 pending_valid=1 schema=2 gen=3 reboot_required=0
[AUTOPOS] AUTOPOS anchor F role verified
[AUTOPOS] AUTOPOS apply success: master=F
[AUTOPOS] AUTOPOS finite sweep handoff: master=F sets=10; host waits for SWEEP_DONE
[AUTOPOS] SW-F,A,4605,100,B,0,0,C,3585,100,D,0,0,E,4282,100,G,3396,100,H,0,0
[AUTOPOS] SW-F,A,4592,100,B,1574,100,C,3526,100,D,5328,100,E,4214,100,G,3404,100,H,5178,100
[AUTOPOS] SW-F,A,4577,100,B,1530,100,C,3526,100,D,5203,100,E,4214,100,G,3437,100,H,5178,100
[AUTOPOS] SW-F,A,4544,100,B,1592,100,C,3526,100,D,5219,100,E,4242,75,G,3408,100,H,5178,100
[AUTOPOS] SW-F,A,4576,100,B,1551,100,C,3526,100,D,5218,100,E,4242,75,G,3419,100,H,5178,100
[AUTOPOS] SW-F,A,4573,100,B,1564,100,C,3533,42,D,5218,100,E,4203,66,G,3419,100,H,5084,40
[AUTOPOS] SW-F,A,4595,100,B,1531,100,C,3533,42,D,5212,83,E,4203,66,G,3355,85,H,5134,50
[AUTOPOS] SW-F,A,4595,100,B,1619,100,C,3575,44,D,5331,85,E,4215,62,G,3418,87,H,5136,57
[AUTOPOS] SW-F,A,4570,88,B,1619,100,C,3490,50,D,5331,85,E,4278,66,G,3418,87,H,5065,62
[AUTOPOS] SW-F,A,4579,90,B,1619,100,C,3510,54,D,5286,70,E,4240,70,G,3418,87,H,5051,66
[AUTOPOS] ANCHOR_CTRL[4] notify: SWEEP_DONE master=F sets=10 role=matrix
END=2026-06-02 22:58:23
