PORT=/dev/serial/by-id/usb-BioSpur_BioSpur_BLE_Control_87EA2F4A526C5A02-if00
START=2026-05-11 00:22:53
SESSION: prepare anchors for sweep; required role=matrix
PRECHECK: resident Master_Anchor mode; no RECV clean-slate/reconnect
>>> status
[AUTOPOS] Control status: mode=AUTOPOS pending=0
[AUTOPOS] DISC complete[2]: link=anchor-ctrl discovered_service=2800 uuid=840C68591E90019821AACFF1B73AAA34
[AUTOPOS] DISC anchor service found[2]: uuid=840C68591E90019821AACFF1B73AAA34
[AUTOPOS] Anchor ctrl state subscribe[2] rc=0
[AUTOPOS] Anchor ctrl result subscribe[2] rc=0
[AUTOPOS] ANCHOR_CTRL[2] link ready handle=0x0019 result=0x001b uuid=840C68591E90019821AACFF1B73AAA34
[AUTOPOS] CONNECT pending[3]: addr_valid=1 link=anchor-ctrl uuid=B3087BC3D87CCCD316AEDC6B71D6677F scan_running=0 conn_count=2
[AUTOPOS] CONNECT pending[3] rc=0 conn=0x20004a88 interval=32-56 timeout=1000
[AUTOPOS] Connected[3]: EC:9F:55:9D:7E:A1 (random) name=- bs=-
[AUTOPOS] CONNECT state[3]: link=anchor-ctrl uuid=B3087BC3D87CCCD316AEDC6B71D6677F ready=0 conn=0x20004a88
SETUP[3] defer: waiting 900 ms before discovery start
SETUP[3] defer: waiting 849 ms before discovery start
SETUP[3] defer: waiting 799 ms before discovery start
SETUP[3] defer: waiting 749 ms before discovery start
SETUP[3] defer: waiting 698 ms before discovery start
SETUP[3] defer: waiting 648 ms before discovery start
SETUP[3] defer: waiting 597 ms before discovery start
>>> device show
[AUTOPOS] System target: kind=anchor caps=0x0b (config=1 ota=1 stream=0 status=1)
OTA target filter: token=-1 name=- prefix=BS uuid=-
SETUP[3] defer: waiting 547 ms before discovery start
SETUP[3] defer: waiting 497 ms before discovery start
SETUP[3] defer: waiting 446 ms before discovery start
SETUP[3] defer: waiting 396 ms before discovery start
SETUP[3] defer: waiting 346 ms before discovery start
SETUP[3] defer: waiting 295 ms before discovery start
SETUP[3] defer: waiting 245 ms before discovery start
SETUP[3] defer: waiting 195 ms before discovery start
SETUP[3] defer: waiting 144 ms before discovery start
SETUP[3] defer: waiting 94 ms before discovery start
SETUP[3] defer: waiting 44 ms before discovery start
SETUP[3] begin: link=anchor-ctrl uuid=B3087BC3D87CCCD316AEDC6B71D6677F conn=0x20004a88
SETUP[3] anchor-ctrl: skip mtu/phy negotiation
SETUP[3] conn_param_update rc=0 interval=32-56 timeout=1000
[AUTOPOS] DISC start[3]: link=anchor-ctrl uuid=B3087BC3D87CCCD316AEDC6B71D6677F conn=0x20004a88
>>> ota_target token -1
[AUTOPOS] ota_target token rc=0 value=-1
OTA target filter: token=-1 name=- prefix=BS uuid=-
[AUTOPOS] Conn param updated[3]: int=56 lat=0 to=1000
>>> ota_target name -
[AUTOPOS] ota_target name rc=0 value=-
OTA target filter: token=-1 name=- prefix=BS uuid=-
>>> ota_target prefix ANCHOR-
[AUTOPOS] ota_target prefix rc=0 value=anchor-
OTA target filter: token=-1 name=- prefix=anchor- uuid=-
>>> ota_target uuid -
[AUTOPOS] ota_target uuid rc=0 value=-
OTA target filter: token=-1 name=- prefix=anchor- uuid=-
>>> autopos map A 4DC6B8187E33803AE8601FB0D7992B96
[AUTOPOS] AUTOPOS map set: A=4DC6B8187E33803AE8601FB0D7992B96
[AUTOPOS] DISC complete[3]: link=anchor-ctrl discovered_service=2800 uuid=B3087BC3D87CCCD316AEDC6B71D6677F
[AUTOPOS] DISC anchor service found[3]: uuid=B3087BC3D87CCCD316AEDC6B71D6677F
[AUTOPOS] Anchor ctrl state subscribe[3] rc=0
[AUTOPOS] Anchor ctrl result subscribe[3] rc=0
[AUTOPOS] ANCHOR_CTRL[3] link ready handle=0x0019 result=0x001b uuid=B3087BC3D87CCCD316AEDC6B71D6677F
[AUTOPOS] CONNECT pending[4]: addr_valid=1 link=anchor-ctrl uuid=4DC6B8187E33803AE8601FB0D7992B96 scan_running=0 conn_count=3
[AUTOPOS] CONNECT pending[4] rc=0 conn=0x20004b58 interval=32-56 timeout=1000
[AUTOPOS] Connected[4]: F2:B7:4E:8A:79:01 (random) name=- bs=-
[AUTOPOS] CONNECT state[4]: link=anchor-ctrl uuid=4DC6B8187E33803AE8601FB0D7992B96 ready=0 conn=0x20004b58
SETUP[4] defer: waiting 854 ms before discovery start
SETUP[4] defer: waiting 804 ms before discovery start
SETUP[4] defer: waiting 754 ms before discovery start
>>> autopos map B B9179575C776C98F1CB132DD6EDC6223
[AUTOPOS] AUTOPOS map set: B=B9179575C776C98F1CB132DD6EDC6223
SETUP[4] defer: waiting 703 ms before discovery start
SETUP[4] defer: waiting 653 ms before discovery start
SETUP[4] defer: waiting 603 ms before discovery start
SETUP[4] defer: waiting 552 ms before discovery start
SETUP[4] defer: waiting 502 ms before discovery start
SETUP[4] defer: waiting 451 ms before discovery start
SETUP[4] defer: waiting 401 ms before discovery start
SETUP[4] defer: waiting 351 ms before discovery start
SETUP[4] defer: waiting 300 ms before discovery start
SETUP[4] defer: waiting 250 ms before discovery start
SETUP[4] defer: waiting 200 ms before discovery start
SETUP[4] defer: waiting 149 ms before discovery start
SETUP[4] defer: waiting 99 ms before discovery start
SETUP[4] defer: waiting 49 ms before discovery start
SETUP[4] begin: link=anchor-ctrl uuid=4DC6B8187E33803AE8601FB0D7992B96 conn=0x20004b58
SETUP[4] anchor-ctrl: skip mtu/phy negotiation
SETUP[4] conn_param_update rc=0 interval=32-56 timeout=1000
[AUTOPOS] DISC start[4]: link=anchor-ctrl uuid=4DC6B8187E33803AE8601FB0D7992B96 conn=0x20004b58
>>> autopos map C CEE5A7EFCB35F8A56B430047629F5309
[AUTOPOS] AUTOPOS map set: C=CEE5A7EFCB35F8A56B430047629F5309
[AUTOPOS] Conn param updated[4]: int=56 lat=0 to=1000
[AUTOPOS] Conn param updated[3]: int=56 lat=0 to=1000
>>> autopos map D B2B5FA625534A8C617135DCAFC9E036A
[AUTOPOS] AUTOPOS map set: D=B2B5FA625534A8C617135DCAFC9E036A
>>> autopos map E A892AF05DD59CF0D0D3408AD74F364A1
[AUTOPOS] AUTOPOS map set: E=A892AF05DD59CF0D0D3408AD74F364A1
>>> autopos map F 840C68591E90019821AACFF1B73AAA34
[AUTOPOS] AUTOPOS map set: F=840C68591E90019821AACFF1B73AAA34
>>> autopos map G B3087BC3D87CCCD316AEDC6B71D6677F
[AUTOPOS] AUTOPOS map set: G=B3087BC3D87CCCD316AEDC6B71D6677F
>>> autopos map H CF12E703AC1A118F6AB440AB05B0BA23
[AUTOPOS] AUTOPOS map set: H=CF12E703AC1A118F6AB440AB05B0BA23
SESSION: using B120 Master_Anchor runtime ack only; external BLE scan role verify disabled
SESSION: runtime role broadcast attempt 1/7: anchor role all matrix
>>> anchor role all matrix
[AUTOPOS] anchor role started target=all role=matrix
[AUTOPOS] Master quiesce peer[1]: connected=1 ready=1 link=anchor-ctrl uuid=CF12E703AC1A118F6AB440AB05B0BA23
[AUTOPOS] Master quiesce peer[2]: connected=1 ready=1 link=anchor-ctrl uuid=840C68591E90019821AACFF1B73AAA34
[AUTOPOS] Master quiesce peer[3]: connected=1 ready=1 link=anchor-ctrl uuid=B3087BC3D87CCCD316AEDC6B71D6677F
[AUTOPOS] Master quiesce peer[4]: connected=1 ready=0 link=anchor-ctrl uuid=4DC6B8187E33803AE8601FB0D7992B96
[AUTOPOS] Master quiesce pending peer[5]: pending=1 setup=0 inflight=0 uuid=B2B5FA625534A8C617135DCAFC9E036A
[AUTOPOS] Master quiesce pending peer[6]: pending=1 setup=0 inflight=0 uuid=A892AF05DD59CF0D0D3408AD74F364A1
[AUTOPOS] Master quiesce pending peer[7]: pending=1 setup=0 inflight=0 uuid=B9179575C776C98F1CB132DD6EDC6223
[AUTOPOS] AUTOPOS wait anchor cleared: waited=0 conn_count=4 ready_count=0
[AUTOPOS] READY count=0 target=anchor target_uuid=- conn_count=4 connecting_slot=-1 scan=0 auto=0
[AUTOPOS] READY peer[1]: link=anchor-ctrl connected=1 ready=0 pending=0 inflight=0 retries=0 start_failures=0 uuid=CF12E703AC1A118F6AB440AB05B0BA23 name=- state_h=0x0012 ctrl_h=0x0019 result_h=0x001b
[AUTOPOS] READY peer[2]: link=anchor-ctrl connected=1 ready=0 pending=0 inflight=0 retries=0 start_failures=0 uuid=840C68591E90019821AACFF1B73AAA34 name=- state_h=0x0012 ctrl_h=0x0019 result_h=0x001b
[AUTOPOS] READY peer[3]: link=anchor-ctrl connected=1 ready=0 pending=0 inflight=0 retries=0 start_failures=0 uuid=B3087BC3D87CCCD316AEDC6B71D6677F name=- state_h=0x0012 ctrl_h=0x0019 result_h=0x001b
[AUTOPOS] READY peer[4]: link=anchor-ctrl connected=1 ready=0 pending=0 inflight=0 retries=0 start_failures=0 uuid=4DC6B8187E33803AE8601FB0D7992B96 name=- state_h=0x0000 ctrl_h=0x0000 result_h=0x0000
[AUTOPOS] Disconnected[2]: E9:CB:F3:C4:51:43 (random) reason=0x08 link=anchor-ctrl ready=0
[AUTOPOS] RECV_BG suppressed: quiesce disconnect restart blocked remaining=3
[AUTOPOS] Disconnected[1]: C5:CD:5D:56:B5:CD (random) reason=0x16 link=anchor-ctrl ready=0
[AUTOPOS] RECV_BG suppressed: quiesce disconnect restart blocked remaining=2
[AUTOPOS] Disconnected[3]: EC:9F:55:9D:7E:A1 (random) reason=0x16 link=anchor-ctrl ready=0
[AUTOPOS] RECV_BG suppressed: quiesce disconnect restart blocked remaining=1
[AUTOPOS] AUTOPOS wait anchor cleared: waited=100 conn_count=1 ready_count=0
[AUTOPOS] READY count=0 target=anchor target_uuid=- conn_count=1 connecting_slot=-1 scan=0 auto=0
[AUTOPOS] READY peer[4]: link=anchor-ctrl connected=1 ready=0 pending=0 inflight=0 retries=0 start_failures=0 uuid=4DC6B8187E33803AE8601FB0D7992B96 name=- state_h=0x0000 ctrl_h=0x0000 result_h=0x0000
[AUTOPOS] AUTOPOS wait anchor cleared: waited=1000 conn_count=1 ready_count=0
[AUTOPOS] READY count=0 target=anchor target_uuid=- conn_count=1 connecting_slot=-1 scan=0 auto=0
[AUTOPOS] READY peer[4]: link=anchor-ctrl connected=1 ready=0 pending=0 inflight=0 retries=0 start_failures=0 uuid=4DC6B8187E33803AE8601FB0D7992B96 name=- state_h=0x0000 ctrl_h=0x0000 result_h=0x0000
[AUTOPOS] AUTOPOS wait anchor cleared: waited=2000 conn_count=1 ready_count=0
[AUTOPOS] READY count=0 target=anchor target_uuid=- conn_count=1 connecting_slot=-1 scan=0 auto=0
[AUTOPOS] READY peer[4]: link=anchor-ctrl connected=1 ready=0 pending=0 inflight=0 retries=0 start_failures=0 uuid=4DC6B8187E33803AE8601FB0D7992B96 name=- state_h=0x0000 ctrl_h=0x0000 result_h=0x0000
[AUTOPOS] AUTOPOS wait anchor cleared: waited=3000 conn_count=1 ready_count=0
[AUTOPOS] READY count=0 target=anchor target_uuid=- conn_count=1 connecting_slot=-1 scan=0 auto=0
[AUTOPOS] READY peer[4]: link=anchor-ctrl connected=1 ready=0 pending=0 inflight=0 retries=0 start_failures=0 uuid=4DC6B8187E33803AE8601FB0D7992B96 name=- state_h=0x0000 ctrl_h=0x0000 result_h=0x0000
[AUTOPOS] AUTOPOS wait anchor cleared timeout: waited=4000 conn_count=1 ready_count=0
[AUTOPOS] READY count=0 target=anchor target_uuid=- conn_count=1 connecting_slot=-1 scan=0 auto=0
[AUTOPOS] READY peer[4]: link=anchor-ctrl connected=1 ready=0 pending=0 inflight=0 retries=0 start_failures=0 uuid=4DC6B8187E33803AE8601FB0D7992B96 name=- state_h=0x0000 ctrl_h=0x0000 result_h=0x0000
[AUTOPOS] Master discovery mode: CONN & START
[AUTOPOS] AUTOPOS wait anchor ready: uuid=4DC6B8187E33803AE8601FB0D7992B96 target peer already present; waiting for setup/discovery
[AUTOPOS] AUTOPOS wait anchor ready(reuse): waited=0 ready_count=0 target_peers=1
[AUTOPOS] READY count=0 target=anchor target_uuid=4DC6B8187E33803AE8601FB0D7992B96 conn_count=1 connecting_slot=-1 scan=0 auto=1
[AUTOPOS] READY peer[4]: link=anchor-ctrl connected=1 ready=0 pending=0 inflight=0 retries=0 start_failures=0 uuid=4DC6B8187E33803AE8601FB0D7992B96 name=- state_h=0x0000 ctrl_h=0x0000 result_h=0x0000
[AUTOPOS] AUTOPOS wait anchor ready(reuse): waited=1000 ready_count=0 target_peers=1
[AUTOPOS] READY count=0 target=anchor target_uuid=4DC6B8187E33803AE8601FB0D7992B96 conn_count=1 connecting_slot=-1 scan=0 auto=1
[AUTOPOS] READY peer[4]: link=anchor-ctrl connected=1 ready=0 pending=0 inflight=0 retries=0 start_failures=0 uuid=4DC6B8187E33803AE8601FB0D7992B96 name=- state_h=0x0000 ctrl_h=0x0000 result_h=0x0000
[AUTOPOS] AUTOPOS wait anchor ready(reuse): waited=2000 ready_count=0 target_peers=1
[AUTOPOS] READY count=0 target=anchor target_uuid=4DC6B8187E33803AE8601FB0D7992B96 conn_count=1 connecting_slot=-1 scan=0 auto=1
[AUTOPOS] READY peer[4]: link=anchor-ctrl connected=1 ready=0 pending=0 inflight=0 retries=0 start_failures=0 uuid=4DC6B8187E33803AE8601FB0D7992B96 name=- state_h=0x0000 ctrl_h=0x0000 result_h=0x0000
[AUTOPOS] DISC complete[4]: link=anchor-ctrl discovered_service=2800 uuid=4DC6B8187E33803AE8601FB0D7992B96
[AUTOPOS] DISC anchor service found[4]: uuid=4DC6B8187E33803AE8601FB0D7992B96
[AUTOPOS] Anchor ctrl result characteristic missing[4]
[AUTOPOS] Disconnected[4]: F2:B7:4E:8A:79:01 (random) reason=0x08 link=anchor-ctrl ready=0
[AUTOPOS] RECV_BG suppressed: quiesce disconnect restart blocked remaining=0
[AUTOPOS] AUTOPOS wait anchor ready: uuid=4DC6B8187E33803AE8601FB0D7992B96 stale target peer did not become ready; clearing before fresh scan
[AUTOPOS] AUTOPOS wait anchor cleared: waited=0 conn_count=0 ready_count=0
[AUTOPOS] READY count=0 target=anchor target_uuid=4DC6B8187E33803AE8601FB0D7992B96 conn_count=0 connecting_slot=-1 scan=0 auto=0
[AUTOPOS] Master discovery mode: CONN & START
[AUTOPOS] SCAN start req: bt_ready=1 scan_running=0 connecting_slot=-1 conn_count=0 target=anchor prefix=ANCHOR-
[AUTOPOS] Scanning for ANCHOR-*
[AUTOPOS] AUTOPOS wait anchor ready: uuid=4DC6B8187E33803AE8601FB0D7992B96 timeout_ms=12000
[AUTOPOS] AUTOPOS wait anchor ready: waited=0 ready_count=0
[AUTOPOS] READY count=0 target=anchor target_uuid=4DC6B8187E33803AE8601FB0D7992B96 conn_count=0 connecting_slot=-1 scan=1 auto=1
[AUTOPOS] SCAN hit: F2:B7:4E:8A:79:01 (random) rssi=-86 name=- bs=- uuid=4DC6B8187E33803AE8601FB0D7992B96 target=anchor uuid_ok=1 tag_name=0 anchor_name=0 nus=0 dfu=0 token=0 props=0x03
[AUTOPOS] CONNECT queue[0]: addr=F2:B7:4E:8A:79:01 (random) link=anchor-ctrl uuid=4DC6B8187E33803AE8601FB0D7992B96 target=anchor
[AUTOPOS] CONNECT pending[0]: addr_valid=1 link=anchor-ctrl uuid=4DC6B8187E33803AE8601FB0D7992B96 scan_running=1 conn_count=0
[AUTOPOS] CONNECT pending[0]: bt_le_scan_stop rc=0 scan_running=1
[AUTOPOS] CONNECT pending[0] rc=0 conn=0x200048e8 interval=32-56 timeout=1000
[AUTOPOS] Connected[0]: F2:B7:4E:8A:79:01 (random) name=- bs=-
[AUTOPOS] CONNECT state[0]: link=anchor-ctrl uuid=4DC6B8187E33803AE8601FB0D7992B96 ready=0 conn=0x200048e8
SETUP[0] defer: waiting 859 ms before discovery start
SETUP[0] defer: waiting 809 ms before discovery start
SETUP[0] defer: waiting 807 ms before discovery start
SETUP[0] defer: waiting 759 ms before discovery start
SETUP[0] defer: waiting 708 ms before discovery start
SETUP[0] defer: waiting 658 ms before discovery start
SETUP[0] defer: waiting 608 ms before discovery start
SETUP[0] defer: waiting 606 ms before discovery start
SETUP[0] defer: waiting 557 ms before discovery start
[AUTOPOS] Disconnected[0]: F2:B7:4E:8A:79:01 (random) reason=0x3e link=anchor-ctrl ready=0
[AUTOPOS] SCAN start req: bt_ready=1 scan_running=0 connecting_slot=-1 conn_count=0 target=anchor prefix=ANCHOR-
[AUTOPOS] Scanning for ANCHOR-*
[AUTOPOS] AUTOPOS wait anchor ready: waited=1000 ready_count=0
[AUTOPOS] READY count=0 target=anchor target_uuid=4DC6B8187E33803AE8601FB0D7992B96 conn_count=0 connecting_slot=-1 scan=1 auto=1
[AUTOPOS] SCAN hit: F2:B7:4E:8A:79:01 (random) rssi=-78 name=- bs=- uuid=4DC6B8187E33803AE8601FB0D7992B96 target=anchor uuid_ok=1 tag_name=0 anchor_name=0 nus=0 dfu=0 token=0 props=0x03
[AUTOPOS] CONNECT queue[0]: addr=F2:B7:4E:8A:79:01 (random) link=anchor-ctrl uuid=4DC6B8187E33803AE8601FB0D7992B96 target=anchor
[AUTOPOS] CONNECT pending[0]: addr_valid=1 link=anchor-ctrl uuid=4DC6B8187E33803AE8601FB0D7992B96 scan_running=1 conn_count=0
[AUTOPOS] CONNECT pending[0]: bt_le_scan_stop rc=0 scan_running=1
[AUTOPOS] CONNECT pending[0] rc=0 conn=0x200048e8 interval=32-56 timeout=1000
[AUTOPOS] Connected[0]: F2:B7:4E:8A:79:01 (random) name=- bs=-
[AUTOPOS] CONNECT state[0]: link=anchor-ctrl uuid=4DC6B8187E33803AE8601FB0D7992B96 ready=0 conn=0x200048e8
SETUP[0] defer: waiting 865 ms before discovery start
SETUP[0] defer: waiting 862 ms before discovery start
SETUP[0] defer: waiting 812 ms before discovery start
SETUP[0] defer: waiting 762 ms before discovery start
SETUP[0] defer: waiting 711 ms before discovery start
SETUP[0] defer: waiting 665 ms before discovery start
SETUP[0] defer: waiting 661 ms before discovery start
SETUP[0] defer: waiting 611 ms before discovery start
SETUP[0] defer: waiting 560 ms before discovery start
SETUP[0] defer: waiting 510 ms before discovery start
SETUP[0] defer: waiting 464 ms before discovery start
[AUTOPOS] AUTOPOS wait anchor ready: waited=2000 ready_count=0
[AUTOPOS] READY count=0 target=anchor target_uuid=4DC6B8187E33803AE8601FB0D7992B96 conn_count=1 connecting_slot=-1 scan=0 auto=1
[AUTOPOS] READY peer[0]: link=anchor-ctrl connected=1 ready=0 pending=0 inflight=0 retries=0 start_failures=0 uuid=4DC6B8187E33803AE8601FB0D7992B96 name=- state_h=0x0000 ctrl_h=0x0000 result_h=0x0000
SETUP[0] defer: waiting 460 ms before discovery start
SETUP[0] defer: waiting 409 ms before discovery start
SETUP[0] defer: waiting 359 ms before discovery start
SETUP[0] defer: waiting 308 ms before discovery start
SETUP[0] defer: waiting 262 ms before discovery start
SETUP[0] defer: waiting 258 ms before discovery start
SETUP[0] defer: waiting 208 ms before discovery start
SETUP[0] defer: waiting 157 ms before discovery start
SETUP[0] defer: waiting 107 ms before discovery start
SETUP[0] defer: waiting 61 ms before discovery start
SETUP[0] defer: waiting 57 ms before discovery start
SETUP[0] defer: waiting 6 ms before discovery start
SETUP[0] begin: link=anchor-ctrl uuid=4DC6B8187E33803AE8601FB0D7992B96 conn=0x200048e8
SETUP[0] anchor-ctrl: skip mtu/phy negotiation
SETUP[0] conn_param_update rc=0 interval=32-56 timeout=1000
[AUTOPOS] DISC start[0]: link=anchor-ctrl uuid=4DC6B8187E33803AE8601FB0D7992B96 conn=0x200048e8
[AUTOPOS] Conn param updated[0]: int=56 lat=0 to=1000
[AUTOPOS] AUTOPOS wait anchor ready: waited=3000 ready_count=0
[AUTOPOS] READY count=0 target=anchor target_uuid=4DC6B8187E33803AE8601FB0D7992B96 conn_count=1 connecting_slot=-1 scan=0 auto=1
[AUTOPOS] READY peer[0]: link=anchor-ctrl connected=1 ready=0 pending=0 inflight=1 retries=0 start_failures=0 uuid=4DC6B8187E33803AE8601FB0D7992B96 name=- state_h=0x0000 ctrl_h=0x0000 result_h=0x0000
[AUTOPOS] AUTOPOS wait anchor ready: waited=4000 ready_count=0
[AUTOPOS] READY count=0 target=anchor target_uuid=4DC6B8187E33803AE8601FB0D7992B96 conn_count=1 connecting_slot=-1 scan=0 auto=1
[AUTOPOS] READY peer[0]: link=anchor-ctrl connected=1 ready=0 pending=0 inflight=1 retries=0 start_failures=0 uuid=4DC6B8187E33803AE8601FB0D7992B96 name=- state_h=0x0000 ctrl_h=0x0000 result_h=0x0000
[AUTOPOS] AUTOPOS wait anchor ready: waited=5000 ready_count=0
[AUTOPOS] READY count=0 target=anchor target_uuid=4DC6B8187E33803AE8601FB0D7992B96 conn_count=1 connecting_slot=-1 scan=0 auto=1
[AUTOPOS] READY peer[0]: link=anchor-ctrl connected=1 ready=0 pending=0 inflight=1 retries=0 start_failures=0 uuid=4DC6B8187E33803AE8601FB0D7992B96 name=- state_h=0x0000 ctrl_h=0x0000 result_h=0x0000
[AUTOPOS] AUTOPOS wait anchor ready: waited=6000 ready_count=0
[AUTOPOS] READY count=0 target=anchor target_uuid=4DC6B8187E33803AE8601FB0D7992B96 conn_count=1 connecting_slot=-1 scan=0 auto=1
[AUTOPOS] READY peer[0]: link=anchor-ctrl connected=1 ready=0 pending=0 inflight=1 retries=0 start_failures=0 uuid=4DC6B8187E33803AE8601FB0D7992B96 name=- state_h=0x0000 ctrl_h=0x0000 result_h=0x0000
[AUTOPOS] AUTOPOS wait anchor ready: waited=7000 ready_count=0
[AUTOPOS] READY count=0 target=anchor target_uuid=4DC6B8187E33803AE8601FB0D7992B96 conn_count=1 connecting_slot=-1 scan=0 auto=1
[AUTOPOS] READY peer[0]: link=anchor-ctrl connected=1 ready=0 pending=0 inflight=1 retries=0 start_failures=0 uuid=4DC6B8187E33803AE8601FB0D7992B96 name=- state_h=0x0000 ctrl_h=0x0000 result_h=0x0000
[AUTOPOS] AUTOPOS wait anchor ready: waited=8000 ready_count=0
[AUTOPOS] READY count=0 target=anchor target_uuid=4DC6B8187E33803AE8601FB0D7992B96 conn_count=1 connecting_slot=-1 scan=0 auto=1
[AUTOPOS] READY peer[0]: link=anchor-ctrl connected=1 ready=0 pending=0 inflight=1 retries=0 start_failures=0 uuid=4DC6B8187E33803AE8601FB0D7992B96 name=- state_h=0x0000 ctrl_h=0x0000 result_h=0x0000
[AUTOPOS] AUTOPOS wait anchor ready: waited=9000 ready_count=0
[AUTOPOS] READY count=0 target=anchor target_uuid=4DC6B8187E33803AE8601FB0D7992B96 conn_count=1 connecting_slot=-1 scan=0 auto=1
[AUTOPOS] READY peer[0]: link=anchor-ctrl connected=1 ready=0 pending=0 inflight=1 retries=0 start_failures=0 uuid=4DC6B8187E33803AE8601FB0D7992B96 name=- state_h=0x0000 ctrl_h=0x0000 result_h=0x0000
[AUTOPOS] AUTOPOS wait anchor ready: waited=10000 ready_count=0
[AUTOPOS] READY count=0 target=anchor target_uuid=4DC6B8187E33803AE8601FB0D7992B96 conn_count=1 connecting_slot=-1 scan=0 auto=1
[AUTOPOS] READY peer[0]: link=anchor-ctrl connected=1 ready=0 pending=0 inflight=1 retries=0 start_failures=0 uuid=4DC6B8187E33803AE8601FB0D7992B96 name=- state_h=0x0000 ctrl_h=0x0000 result_h=0x0000
[AUTOPOS] AUTOPOS wait anchor ready: waited=11000 ready_count=0
[AUTOPOS] READY count=0 target=anchor target_uuid=4DC6B8187E33803AE8601FB0D7992B96 conn_count=1 connecting_slot=-1 scan=0 auto=1
[AUTOPOS] READY peer[0]: link=anchor-ctrl connected=1 ready=0 pending=0 inflight=1 retries=0 start_failures=0 uuid=4DC6B8187E33803AE8601FB0D7992B96 name=- state_h=0x0000 ctrl_h=0x0000 result_h=0x0000
[AUTOPOS] AUTOPOS wait anchor ready timeout: uuid=4DC6B8187E33803AE8601FB0D7992B96 waited=12000
[AUTOPOS] READY count=0 target=anchor target_uuid=4DC6B8187E33803AE8601FB0D7992B96 conn_count=1 connecting_slot=-1 scan=0 auto=1
[AUTOPOS] READY peer[0]: link=anchor-ctrl connected=1 ready=0 pending=0 inflight=1 retries=0 start_failures=0 uuid=4DC6B8187E33803AE8601FB0D7992B96 name=- state_h=0x0000 ctrl_h=0x0000 result_h=0x0000
[AUTOPOS] anchor runtime role connect failed: target=A uuid=4DC6B8187E33803AE8601FB0D7992B96 rc=-116
[AUTOPOS] anchor role all matrix target=A attempt=1 rc=-116; retry after clean disconnect
[AUTOPOS] Master quiesce peer[0]: connected=1 ready=0 link=anchor-ctrl uuid=4DC6B8187E33803AE8601FB0D7992B96
[AUTOPOS] AUTOPOS wait anchor cleared: waited=0 conn_count=1 ready_count=0
[AUTOPOS] READY count=0 target=anchor target_uuid=4DC6B8187E33803AE8601FB0D7992B96 conn_count=1 connecting_slot=-1 scan=0 auto=0
[AUTOPOS] READY peer[0]: link=anchor-ctrl connected=1 ready=0 pending=0 inflight=0 retries=0 start_failures=0 uuid=4DC6B8187E33803AE8601FB0D7992B96 name=- state_h=0x0000 ctrl_h=0x0000 result_h=0x0000
[AUTOPOS] Disconnected[0]: F2:B7:4E:8A:79:01 (random) reason=0x08 link=anchor-ctrl ready=0
[AUTOPOS] RECV_BG suppressed: quiesce disconnect restart blocked remaining=0
[AUTOPOS] GATT discovery error[-1]: -12
[AUTOPOS] AUTOPOS wait anchor cleared: waited=1000 conn_count=0 ready_count=0
[AUTOPOS] READY count=0 target=anchor target_uuid=4DC6B8187E33803AE8601FB0D7992B96 conn_count=0 connecting_slot=-1 scan=0 auto=0
SESSION: runtime role broadcast attempt 2/7: anchor role all matrix
>>> anchor role all matrix
[AUTOPOS] anchor role already running
[AUTOPOS] Master discovery mode: CONN & START
[AUTOPOS] Master discovery mode: CONN & START
[AUTOPOS] SCAN start req: bt_ready=1 scan_running=0 connecting_slot=-1 conn_count=0 target=anchor prefix=ANCHOR-
[AUTOPOS] Scanning for ANCHOR-*
[AUTOPOS] AUTOPOS wait anchor ready: uuid=4DC6B8187E33803AE8601FB0D7992B96 timeout_ms=12000
[AUTOPOS] AUTOPOS wait anchor ready: waited=0 ready_count=0
[AUTOPOS] READY count=0 target=anchor target_uuid=4DC6B8187E33803AE8601FB0D7992B96 conn_count=0 connecting_slot=-1 scan=1 auto=1
[AUTOPOS] SCAN hit: F2:B7:4E:8A:79:01 (random) rssi=-70 name=- bs=- uuid=4DC6B8187E33803AE8601FB0D7992B96 target=anchor uuid_ok=1 tag_name=0 anchor_name=0 nus=0 dfu=0 token=0 props=0x03
[AUTOPOS] CONNECT queue[0]: addr=F2:B7:4E:8A:79:01 (random) link=anchor-ctrl uuid=4DC6B8187E33803AE8601FB0D7992B96 target=anchor
[AUTOPOS] CONNECT pending[0]: addr_valid=1 link=anchor-ctrl uuid=4DC6B8187E33803AE8601FB0D7992B96 scan_running=1 conn_count=0
[AUTOPOS] CONNECT pending[0]: bt_le_scan_stop rc=0 scan_running=1
[AUTOPOS] CONNECT pending[0] rc=0 conn=0x200048e8 interval=32-56 timeout=1000
[AUTOPOS] Connected[0]: F2:B7:4E:8A:79:01 (random) name=- bs=-
[AUTOPOS] CONNECT state[0]: link=anchor-ctrl uuid=4DC6B8187E33803AE8601FB0D7992B96 ready=0 conn=0x200048e8
SETUP[0] defer: waiting 887 ms before discovery start
SETUP[0] defer: waiting 837 ms before discovery start
SETUP[0] defer: waiting 833 ms before discovery start
SETUP[0] defer: waiting 786 ms before discovery start
SETUP[0] defer: waiting 736 ms before discovery start
SETUP[0] defer: waiting 686 ms before discovery start
SETUP[0] defer: waiting 635 ms before discovery start
SETUP[0] defer: waiting 633 ms before discovery start
[AUTOPOS] AUTOPOS wait anchor ready: waited=1000 ready_count=0
[AUTOPOS] READY count=0 target=anchor target_uuid=4DC6B8187E33803AE8601FB0D7992B96 conn_count=1 connecting_slot=-1 scan=0 auto=1
[AUTOPOS] READY peer[0]: link=anchor-ctrl connected=1 ready=0 pending=0 inflight=0 retries=0 start_failures=0 uuid=4DC6B8187E33803AE8601FB0D7992B96 name=- state_h=0x0000 ctrl_h=0x0000 result_h=0x0000
SETUP[0] defer: waiting 585 ms before discovery start
[AUTOPOS] Disconnected[0]: F2:B7:4E:8A:79:01 (random) reason=0x3e link=anchor-ctrl ready=0
[AUTOPOS] SCAN start req: bt_ready=1 scan_running=0 connecting_slot=-1 conn_count=0 target=anchor prefix=ANCHOR-
[AUTOPOS] Scanning for ANCHOR-*
[AUTOPOS] SCAN hit: F2:B7:4E:8A:79:01 (random) rssi=-71 name=- bs=- uuid=4DC6B8187E33803AE8601FB0D7992B96 target=anchor uuid_ok=1 tag_name=0 anchor_name=0 nus=0 dfu=0 token=0 props=0x03
[AUTOPOS] CONNECT queue[0]: addr=F2:B7:4E:8A:79:01 (random) link=anchor-ctrl uuid=4DC6B8187E33803AE8601FB0D7992B96 target=anchor
[AUTOPOS] CONNECT pending[0]: addr_valid=1 link=anchor-ctrl uuid=4DC6B8187E33803AE8601FB0D7992B96 scan_running=1 conn_count=0
[AUTOPOS] CONNECT pending[0]: bt_le_scan_stop rc=0 scan_running=1
[AUTOPOS] CONNECT pending[0] rc=0 conn=0x200048e8 interval=32-56 timeout=1000
[AUTOPOS] Connected[0]: F2:B7:4E:8A:79:01 (random) name=- bs=-
[AUTOPOS] CONNECT state[0]: link=anchor-ctrl uuid=4DC6B8187E33803AE8601FB0D7992B96 ready=0 conn=0x200048e8
SETUP[0] defer: waiting 872 ms before discovery start
SETUP[0] defer: waiting 872 ms before discovery start
SETUP[0] defer: waiting 822 ms before discovery start
SETUP[0] defer: waiting 772 ms before discovery start
SETUP[0] defer: waiting 721 ms before discovery start
SETUP[0] defer: waiting 672 ms before discovery start
SETUP[0] defer: waiting 671 ms before discovery start
SETUP[0] defer: waiting 620 ms before discovery start
SETUP[0] defer: waiting 570 ms before discovery start
[AUTOPOS] Disconnected[0]: F2:B7:4E:8A:79:01 (random) reason=0x3e link=anchor-ctrl ready=0
[AUTOPOS] SCAN start req: bt_ready=1 scan_running=0 connecting_slot=-1 conn_count=0 target=anchor prefix=ANCHOR-
[AUTOPOS] Scanning for ANCHOR-*
[AUTOPOS] AUTOPOS wait anchor ready: waited=2000 ready_count=0
[AUTOPOS] READY count=0 target=anchor target_uuid=4DC6B8187E33803AE8601FB0D7992B96 conn_count=0 connecting_slot=-1 scan=1 auto=1
[AUTOPOS] SCAN hit: F2:B7:4E:8A:79:01 (random) rssi=-78 name=- bs=- uuid=4DC6B8187E33803AE8601FB0D7992B96 target=anchor uuid_ok=1 tag_name=0 anchor_name=0 nus=0 dfu=0 token=0 props=0x03
[AUTOPOS] CONNECT queue[0]: addr=F2:B7:4E:8A:79:01 (random) link=anchor-ctrl uuid=4DC6B8187E33803AE8601FB0D7992B96 target=anchor
[AUTOPOS] CONNECT pending[0]: addr_valid=1 link=anchor-ctrl uuid=4DC6B8187E33803AE8601FB0D7992B96 scan_running=1 conn_count=0
[AUTOPOS] CONNECT pending[0]: bt_le_scan_stop rc=0 scan_running=1
[AUTOPOS] CONNECT pending[0] rc=0 conn=0x200048e8 interval=32-56 timeout=1000
[AUTOPOS] Connected[0]: F2:B7:4E:8A:79:01 (random) name=- bs=-
[AUTOPOS] CONNECT state[0]: link=anchor-ctrl uuid=4DC6B8187E33803AE8601FB0D7992B96 ready=0 conn=0x200048e8
SETUP[0] defer: waiting 869 ms before discovery start
SETUP[0] defer: waiting 828 ms before discovery start
SETUP[0] defer: waiting 819 ms before discovery start
SETUP[0] defer: waiting 769 ms before discovery start
SETUP[0] defer: waiting 718 ms before discovery start
SETUP[0] defer: waiting 668 ms before discovery start
SETUP[0] defer: waiting 628 ms before discovery start
[AUTOPOS] AUTOPOS wait anchor ready: waited=3000 ready_count=0
[AUTOPOS] READY count=0 target=anchor target_uuid=4DC6B8187E33803AE8601FB0D7992B96 conn_count=1 connecting_slot=-1 scan=0 auto=1
[AUTOPOS] READY peer[0]: link=anchor-ctrl connected=1 ready=0 pending=0 inflight=0 retries=0 start_failures=0 uuid=4DC6B8187E33803AE8601FB0D7992B96 name=- state_h=0x0000 ctrl_h=0x0000 result_h=0x0000
SETUP[0] defer: waiting 617 ms before discovery start
SETUP[0] defer: waiting 567 ms before discovery start
SETUP[0] defer: waiting 517 ms before discovery start
SETUP[0] defer: waiting 466 ms before discovery start
SETUP[0] defer: waiting 425 ms before discovery start
SETUP[0] defer: waiting 416 ms before discovery start
SETUP[0] defer: waiting 366 ms before discovery start
SETUP[0] defer: waiting 315 ms before discovery start
SETUP[0] defer: waiting 265 ms before discovery start
SETUP[0] defer: waiting 225 ms before discovery start
SETUP[0] defer: waiting 215 ms before discovery start
SETUP[0] defer: waiting 164 ms before discovery start
SETUP[0] defer: waiting 114 ms before discovery start
SETUP[0] defer: waiting 64 ms before discovery start
SETUP[0] defer: waiting 25 ms before discovery start
SETUP[0] defer: waiting 13 ms before discovery start
SETUP[0] begin: link=anchor-ctrl uuid=4DC6B8187E33803AE8601FB0D7992B96 conn=0x200048e8
SETUP[0] anchor-ctrl: skip mtu/phy negotiation
SETUP[0] conn_param_update rc=0 interval=32-56 timeout=1000
[AUTOPOS] DISC start[0]: link=anchor-ctrl uuid=4DC6B8187E33803AE8601FB0D7992B96 conn=0x200048e8
[AUTOPOS] AUTOPOS wait anchor ready: waited=4000 ready_count=0
[AUTOPOS] READY count=0 target=anchor target_uuid=4DC6B8187E33803AE8601FB0D7992B96 conn_count=1 connecting_slot=-1 scan=0 auto=1
[AUTOPOS] READY peer[0]: link=anchor-ctrl connected=1 ready=0 pending=0 inflight=1 retries=0 start_failures=0 uuid=4DC6B8187E33803AE8601FB0D7992B96 name=- state_h=0x0000 ctrl_h=0x0000 result_h=0x0000
[AUTOPOS] AUTOPOS wait anchor ready: waited=5000 ready_count=0
[AUTOPOS] READY count=0 target=anchor target_uuid=4DC6B8187E33803AE8601FB0D7992B96 conn_count=1 connecting_slot=-1 scan=0 auto=1
[AUTOPOS] READY peer[0]: link=anchor-ctrl connected=1 ready=0 pending=0 inflight=1 retries=0 start_failures=0 uuid=4DC6B8187E33803AE8601FB0D7992B96 name=- state_h=0x0000 ctrl_h=0x0000 result_h=0x0000
[AUTOPOS] AUTOPOS wait anchor ready: waited=6000 ready_count=0
[AUTOPOS] READY count=0 target=anchor target_uuid=4DC6B8187E33803AE8601FB0D7992B96 conn_count=1 connecting_slot=-1 scan=0 auto=1
[AUTOPOS] READY peer[0]: link=anchor-ctrl connected=1 ready=0 pending=0 inflight=1 retries=0 start_failures=0 uuid=4DC6B8187E33803AE8601FB0D7992B96 name=- state_h=0x0000 ctrl_h=0x0000 result_h=0x0000
[AUTOPOS] AUTOPOS wait anchor ready: waited=7000 ready_count=0
[AUTOPOS] READY count=0 target=anchor target_uuid=4DC6B8187E33803AE8601FB0D7992B96 conn_count=1 connecting_slot=-1 scan=0 auto=1
[AUTOPOS] READY peer[0]: link=anchor-ctrl connected=1 ready=0 pending=0 inflight=1 retries=0 start_failures=0 uuid=4DC6B8187E33803AE8601FB0D7992B96 name=- state_h=0x0000 ctrl_h=0x0000 result_h=0x0000
[AUTOPOS] AUTOPOS wait anchor ready: waited=8000 ready_count=0
[AUTOPOS] READY count=0 target=anchor target_uuid=4DC6B8187E33803AE8601FB0D7992B96 conn_count=1 connecting_slot=-1 scan=0 auto=1
[AUTOPOS] READY peer[0]: link=anchor-ctrl connected=1 ready=0 pending=0 inflight=1 retries=0 start_failures=0 uuid=4DC6B8187E33803AE8601FB0D7992B96 name=- state_h=0x0000 ctrl_h=0x0000 result_h=0x0000
[AUTOPOS] AUTOPOS wait anchor ready: waited=9000 ready_count=0
[AUTOPOS] READY count=0 target=anchor target_uuid=4DC6B8187E33803AE8601FB0D7992B96 conn_count=1 connecting_slot=-1 scan=0 auto=1
[AUTOPOS] READY peer[0]: link=anchor-ctrl connected=1 ready=0 pending=0 inflight=1 retries=0 start_failures=0 uuid=4DC6B8187E33803AE8601FB0D7992B96 name=- state_h=0x0000 ctrl_h=0x0000 result_h=0x0000
[AUTOPOS] AUTOPOS wait anchor ready: waited=10000 ready_count=0
[AUTOPOS] READY count=0 target=anchor target_uuid=4DC6B8187E33803AE8601FB0D7992B96 conn_count=1 connecting_slot=-1 scan=0 auto=1
[AUTOPOS] READY peer[0]: link=anchor-ctrl connected=1 ready=0 pending=0 inflight=1 retries=0 start_failures=0 uuid=4DC6B8187E33803AE8601FB0D7992B96 name=- state_h=0x0000 ctrl_h=0x0000 result_h=0x0000
[AUTOPOS] AUTOPOS wait anchor ready: waited=11000 ready_count=0
[AUTOPOS] READY count=0 target=anchor target_uuid=4DC6B8187E33803AE8601FB0D7992B96 conn_count=1 connecting_slot=-1 scan=0 auto=1
[AUTOPOS] READY peer[0]: link=anchor-ctrl connected=1 ready=0 pending=0 inflight=1 retries=0 start_failures=0 uuid=4DC6B8187E33803AE8601FB0D7992B96 name=- state_h=0x0000 ctrl_h=0x0000 result_h=0x0000
[AUTOPOS] AUTOPOS wait anchor ready timeout: uuid=4DC6B8187E33803AE8601FB0D7992B96 waited=12000
[AUTOPOS] READY count=0 target=anchor target_uuid=4DC6B8187E33803AE8601FB0D7992B96 conn_count=1 connecting_slot=-1 scan=0 auto=1
[AUTOPOS] READY peer[0]: link=anchor-ctrl connected=1 ready=0 pending=0 inflight=1 retries=0 start_failures=0 uuid=4DC6B8187E33803AE8601FB0D7992B96 name=- state_h=0x0000 ctrl_h=0x0000 result_h=0x0000
[AUTOPOS] anchor runtime role connect failed: target=A uuid=4DC6B8187E33803AE8601FB0D7992B96 rc=-116
[AUTOPOS] anchor role all matrix target=A attempt=2 rc=-116; retry after clean disconnect
[AUTOPOS] Master quiesce peer[0]: connected=1 ready=0 link=anchor-ctrl uuid=4DC6B8187E33803AE8601FB0D7992B96
[AUTOPOS] AUTOPOS wait anchor cleared: waited=0 conn_count=1 ready_count=0
[AUTOPOS] READY count=0 target=anchor target_uuid=4DC6B8187E33803AE8601FB0D7992B96 conn_count=1 connecting_slot=-1 scan=0 auto=0
[AUTOPOS] READY peer[0]: link=anchor-ctrl connected=1 ready=0 pending=0 inflight=0 retries=0 start_failures=0 uuid=4DC6B8187E33803AE8601FB0D7992B96 name=- state_h=0x0000 ctrl_h=0x0000 result_h=0x0000
[AUTOPOS] Anchor ctrl service not found[0]
[AUTOPOS] Disconnected[0]: F2:B7:4E:8A:79:01 (random) reason=0x08 link=anchor-ctrl ready=0
[AUTOPOS] RECV_BG suppressed: quiesce disconnect restart blocked remaining=0
[AUTOPOS] AUTOPOS wait anchor cleared: waited=800 conn_count=0 ready_count=0
[AUTOPOS] READY count=0 target=anchor target_uuid=4DC6B8187E33803AE8601FB0D7992B96 conn_count=0 connecting_slot=-1 scan=0 auto=0
[AUTOPOS] Master discovery mode: CONN & START
[AUTOPOS] Master discovery mode: CONN & START
[AUTOPOS] SCAN start req: bt_ready=1 scan_running=0 connecting_slot=-1 conn_count=0 target=anchor prefix=ANCHOR-
[AUTOPOS] Scanning for ANCHOR-*
[AUTOPOS] AUTOPOS wait anchor ready: uuid=4DC6B8187E33803AE8601FB0D7992B96 timeout_ms=12000
[AUTOPOS] AUTOPOS wait anchor ready: waited=0 ready_count=0
[AUTOPOS] READY count=0 target=anchor target_uuid=4DC6B8187E33803AE8601FB0D7992B96 conn_count=0 connecting_slot=-1 scan=1 auto=1
[AUTOPOS] SCAN hit: F2:B7:4E:8A:79:01 (random) rssi=-90 name=- bs=- uuid=4DC6B8187E33803AE8601FB0D7992B96 target=anchor uuid_ok=1 tag_name=0 anchor_name=0 nus=0 dfu=0 token=0 props=0x03
[AUTOPOS] CONNECT queue[0]: addr=F2:B7:4E:8A:79:01 (random) link=anchor-ctrl uuid=4DC6B8187E33803AE8601FB0D7992B96 target=anchor
[AUTOPOS] CONNECT pending[0]: addr_valid=1 link=anchor-ctrl uuid=4DC6B8187E33803AE8601FB0D7992B96 scan_running=1 conn_count=0
[AUTOPOS] CONNECT pending[0]: bt_le_scan_stop rc=0 scan_running=1
[AUTOPOS] CONNECT pending[0] rc=0 conn=0x200048e8 interval=32-56 timeout=1000
[AUTOPOS] Connected[0]: F2:B7:4E:8A:79:01 (random) name=- bs=-
[AUTOPOS] CONNECT state[0]: link=anchor-ctrl uuid=4DC6B8187E33803AE8601FB0D7992B96 ready=0 conn=0x200048e8
SETUP[0] defer: waiting 898 ms before discovery start
SETUP[0] defer: waiting 848 ms before discovery start
SETUP[0] defer: waiting 847 ms before discovery start
SETUP[0] defer: waiting 797 ms before discovery start
SETUP[0] defer: waiting 747 ms before discovery start
SETUP[0] defer: waiting 696 ms before discovery start
SETUP[0] defer: waiting 648 ms before discovery start
[AUTOPOS] AUTOPOS wait anchor ready: waited=1000 ready_count=0
[AUTOPOS] READY count=0 target=anchor target_uuid=4DC6B8187E33803AE8601FB0D7992B96 conn_count=1 connecting_slot=-1 scan=0 auto=1
[AUTOPOS] READY peer[0]: link=anchor-ctrl connected=1 ready=0 pending=0 inflight=0 retries=0 start_failures=0 uuid=4DC6B8187E33803AE8601FB0D7992B96 name=- state_h=0x0000 ctrl_h=SETUP[0] defer: waiting 646 ms before discovery start
0x0000 result_h=0x0000
SETUP[0] defer: waiting 595 ms before discovery start
SETUP[0] defer: waiting 545 ms before discovery start
SETUP[0] defer: waiting 495 ms before discovery start
SETUP[0] defer: waiting 445 ms before discovery start
SETUP[0] defer: waiting 444 ms before discovery start
SETUP[0] defer: waiting 394 ms before discovery start
SETUP[0] defer: waiting 344 ms before discovery start
SETUP[0] defer: waiting 293 ms before discovery start
SETUP[0] defer: waiting 245 ms before discovery start
SETUP[0] defer: waiting 243 ms before discovery start
SETUP[0] defer: waiting 192 ms before discovery start
SETUP[0] defer: waiting 142 ms before discovery start
SETUP[0] defer: waiting 92 ms before discovery start
SETUP[0] defer: waiting 45 ms before discovery start
SETUP[0] defer: waiting 41 ms before discovery start
SETUP[0] begin: link=anchor-ctrl uuid=4DC6B8187E33803AE8601FB0D7992B96 conn=0x200048e8
SETUP[0] anchor-ctrl: skip mtu/phy negotiation
SETUP[0] conn_param_update rc=0 interval=32-56 timeout=1000
[AUTOPOS] DISC start[0]: link=anchor-ctrl uuid=4DC6B8187E33803AE8601FB0D7992B96 conn=0x200048e8
[AUTOPOS] AUTOPOS wait anchor ready: waited=2000 ready_count=0
[AUTOPOS] READY count=0 target=anchor target_uuid=4DC6B8187E33803AE8601FB0D7992B96 conn_count=1 connecting_slot=-1 scan=0 auto=1
[AUTOPOS] READY peer[0]: link=anchor-ctrl connected=1 ready=0 pending=0 inflight=1 retries=0 start_failures=0 uuid=4DC6B8187E33803AE8601FB0D7992B96 name=- state_h=0x0000 ctrl_h=0x0000 result_h=0x0000
[AUTOPOS] Conn param updated[0]: int=56 lat=0 to=1000
[AUTOPOS] AUTOPOS wait anchor ready: waited=3000 ready_count=0
[AUTOPOS] READY count=0 target=anchor target_uuid=4DC6B8187E33803AE8601FB0D7992B96 conn_count=1 connecting_slot=-1 scan=0 auto=1
[AUTOPOS] READY peer[0]: link=anchor-ctrl connected=1 ready=0 pending=0 inflight=1 retries=0 start_failures=0 uuid=4DC6B8187E33803AE8601FB0D7992B96 name=- state_h=0x0000 ctrl_h=0x0000 result_h=0x0000
[AUTOPOS] AUTOPOS wait anchor ready: waited=4000 ready_count=0
[AUTOPOS] READY count=0 target=anchor target_uuid=4DC6B8187E33803AE8601FB0D7992B96 conn_count=1 connecting_slot=-1 scan=0 auto=1
[AUTOPOS] READY peer[0]: link=anchor-ctrl connected=1 ready=0 pending=0 inflight=1 retries=0 start_failures=0 uuid=4DC6B8187E33803AE8601FB0D7992B96 name=- state_h=0x0000 ctrl_h=0x0000 result_h=0x0000
[AUTOPOS] AUTOPOS wait anchor ready: waited=5000 ready_count=0
[AUTOPOS] READY count=0 target=anchor target_uuid=4DC6B8187E33803AE8601FB0D7992B96 conn_count=1 connecting_slot=-1 scan=0 auto=1
[AUTOPOS] READY peer[0]: link=anchor-ctrl connected=1 ready=0 pending=0 inflight=1 retries=0 start_failures=0 uuid=4DC6B8187E33803AE8601FB0D7992B96 name=- state_h=0x0000 ctrl_h=0x0000 result_h=0x0000
SESSION: runtime role broadcast attempt 3/7: anchor role all matrix
>>> anchor role all matrix
[AUTOPOS] anchor role already running
[AUTOPOS] AUTOPOS wait anchor ready: waited=6000 ready_count=0
[AUTOPOS] READY count=0 target=anchor target_uuid=4DC6B8187E33803AE8601FB0D7992B96 conn_count=1 connecting_slot=-1 scan=0 auto=1
[AUTOPOS] READY peer[0]: link=anchor-ctrl connected=1 ready=0 pending=0 inflight=1 retries=0 start_failures=0 uuid=4DC6B8187E33803AE8601FB0D7992B96 name=- state_h=0x0000 ctrl_h=0x0000 result_h=0x0000
[AUTOPOS] AUTOPOS wait anchor ready: waited=7000 ready_count=0
[AUTOPOS] READY count=0 target=anchor target_uuid=4DC6B8187E33803AE8601FB0D7992B96 conn_count=1 connecting_slot=-1 scan=0 auto=1
[AUTOPOS] READY peer[0]: link=anchor-ctrl connected=1 ready=0 pending=0 inflight=1 retries=0 start_failures=0 uuid=4DC6B8187E33803AE8601FB0D7992B96 name=- state_h=0x0000 ctrl_h=0x0000 result_h=0x0000
[AUTOPOS] AUTOPOS wait anchor ready: waited=8000 ready_count=0
[AUTOPOS] READY count=0 target=anchor target_uuid=4DC6B8187E33803AE8601FB0D7992B96 conn_count=1 connecting_slot=-1 scan=0 auto=1
[AUTOPOS] READY peer[0]: link=anchor-ctrl connected=1 ready=0 pending=0 inflight=1 retries=0 start_failures=0 uuid=4DC6B8187E33803AE8601FB0D7992B96 name=- state_h=0x0000 ctrl_h=0x0000 result_h=0x0000
[AUTOPOS] AUTOPOS wait anchor ready: waited=9000 ready_count=0
[AUTOPOS] READY count=0 target=anchor target_uuid=4DC6B8187E33803AE8601FB0D7992B96 conn_count=1 connecting_slot=-1 scan=0 auto=1
[AUTOPOS] READY peer[0]: link=anchor-ctrl connected=1 ready=0 pending=0 inflight=1 retries=0 start_failures=0 uuid=4DC6B8187E33803AE8601FB0D7992B96 name=- state_h=0x0000 ctrl_h=0x0000 result_h=0x0000
[AUTOPOS] AUTOPOS wait anchor ready: waited=10000 ready_count=0
[AUTOPOS] READY count=0 target=anchor target_uuid=4DC6B8187E33803AE8601FB0D7992B96 conn_count=1 connecting_slot=-1 scan=0 auto=1
[AUTOPOS] READY peer[0]: link=anchor-ctrl connected=1 ready=0 pending=0 inflight=1 retries=0 start_failures=0 uuid=4DC6B8187E33803AE8601FB0D7992B96 name=- state_h=0x0000 ctrl_h=0x0000 result_h=0x0000
[AUTOPOS] AUTOPOS wait anchor ready: waited=11000 ready_count=0
[AUTOPOS] READY count=0 target=anchor target_uuid=4DC6B8187E33803AE8601FB0D7992B96 conn_count=1 connecting_slot=-1 scan=0 auto=1
[AUTOPOS] READY peer[0]: link=anchor-ctrl connected=1 ready=0 pending=0 inflight=1 retries=0 start_failures=0 uuid=4DC6B8187E33803AE8601FB0D7992B96 name=- state_h=0x0000 ctrl_h=0x0000 result_h=0x0000
[AUTOPOS] AUTOPOS wait anchor ready timeout: uuid=4DC6B8187E33803AE8601FB0D7992B96 waited=12000
[AUTOPOS] READY count=0 target=anchor target_uuid=4DC6B8187E33803AE8601FB0D7992B96 conn_count=1 connecting_slot=-1 scan=0 auto=1
[AUTOPOS] READY peer[0]: link=anchor-ctrl connected=1 ready=0 pending=0 inflight=1 retries=0 start_failures=0 uuid=4DC6B8187E33803AE8601FB0D7992B96 name=- state_h=0x0000 ctrl_h=0x0000 result_h=0x0000
[AUTOPOS] anchor runtime role connect failed: target=A uuid=4DC6B8187E33803AE8601FB0D7992B96 rc=-116
[AUTOPOS] anchor role all matrix target=A attempt=3 rc=-116; retry after clean disconnect
[AUTOPOS] Master quiesce peer[0]: connected=1 ready=0 link=anchor-ctrl uuid=4DC6B8187E33803AE8601FB0D7992B96
[AUTOPOS] AUTOPOS wait anchor cleared: waited=0 conn_count=1 ready_count=0
[AUTOPOS] READY count=0 target=anchor target_uuid=4DC6B8187E33803AE8601FB0D7992B96 conn_count=1 connecting_slot=-1 scan=0 auto=0
[AUTOPOS] READY peer[0]: link=anchor-ctrl connected=1 ready=0 pending=0 inflight=0 retries=0 start_failures=0 uuid=4DC6B8187E33803AE8601FB0D7992B96 name=- state_h=0x0000 ctrl_h=0x0000 result_h=0x0000
[AUTOPOS] Disconnected[0]: F2:B7:4E:8A:79:01 (random) reason=0x08 link=anchor-ctrl ready=0
[AUTOPOS] RECV_BG suppressed: quiesce disconnect restart blocked remaining=0
[AUTOPOS] GATT discovery error[-1]: -12
[AUTOPOS] AUTOPOS wait anchor cleared: waited=900 conn_count=0 ready_count=0
[AUTOPOS] READY count=0 target=anchor target_uuid=4DC6B8187E33803AE8601FB0D7992B96 conn_count=0 connecting_slot=-1 scan=0 auto=0
[AUTOPOS] AUTOPOS wait anchor cleared: waited=0 conn_count=0 ready_count=0
[AUTOPOS] READY count=0 target=anchor target_uuid=4DC6B8187E33803AE8601FB0D7992B96 conn_count=0 connecting_slot=-1 scan=0 auto=0
[AUTOPOS] Master discovery mode: CONN & START
[AUTOPOS] Master discovery mode: CONN & START
[AUTOPOS] SCAN start req: bt_ready=1 scan_running=0 connecting_slot=-1 conn_count=0 target=anchor prefix=ANCHOR-
[AUTOPOS] Scanning for ANCHOR-*
[AUTOPOS] AUTOPOS wait anchor ready: uuid=B9179575C776C98F1CB132DD6EDC6223 timeout_ms=12000
[AUTOPOS] AUTOPOS wait anchor ready: waited=0 ready_count=0
[AUTOPOS] READY count=0 target=anchor target_uuid=B9179575C776C98F1CB132DD6EDC6223 conn_count=0 connecting_slot=-1 scan=1 auto=1
[AUTOPOS] SCAN hit: C0:1D:D1:D0:CE:B0 (random) rssi=-52 name=- bs=- uuid=B9179575C776C98F1CB132DD6EDC6223 target=anchor uuid_ok=1 tag_name=0 anchor_name=0 nus=0 dfu=0 token=0 props=0x03
[AUTOPOS] CONNECT queue[0]: addr=C0:1D:D1:D0:CE:B0 (random) link=anchor-ctrl uuid=B9179575C776C98F1CB132DD6EDC6223 target=anchor
[AUTOPOS] CONNECT pending[0]: addr_valid=1 link=anchor-ctrl uuid=B9179575C776C98F1CB132DD6EDC6223 scan_running=1 conn_count=0
[AUTOPOS] CONNECT pending[0]: bt_le_scan_stop rc=0 scan_running=1
[AUTOPOS] CONNECT pending[0] rc=0 conn=0x200048e8 interval=32-56 timeout=1000
[AUTOPOS] Connected[0]: C0:1D:D1:D0:CE:B0 (random) name=- bs=-
[AUTOPOS] CONNECT state[0]: link=anchor-ctrl uuid=B9179575C776C98F1CB132DD6EDC6223 ready=0 conn=0x200048e8
SETUP[0] defer: waiting 853 ms before discovery start
SETUP[0] defer: waiting 802 ms before discovery start
SETUP[0] defer: waiting 795 ms before discovery start
SETUP[0] defer: waiting 752 ms before discovery start
SETUP[0] defer: waiting 702 ms before discovery start
SETUP[0] defer: waiting 651 ms before discovery start
SETUP[0] defer: waiting 601 ms before discovery start
SETUP[0] defer: waiting 594 ms before discovery start
SETUP[0] defer: waiting 551 ms before discovery start
SETUP[0] defer: waiting 500 ms before discovery start
SETUP[0] defer: waiting 450 ms before discovery start
SETUP[0] defer: waiting 400 ms before discovery start
SETUP[0] defer: waiting 394 ms before discovery start
[AUTOPOS] AUTOPOS wait anchor ready: waited=1000 ready_count=0
[AUTOPOS] READY count=0 target=anchor target_uuid=B9179575C776C98F1CB132DD6EDC6223 conn_count=1 connecting_slot=-1 scan=0 auto=1
[AUTOPOS] READY peer[0]: link=anchor-ctrl connected=1 ready=0 pending=0 inflight=0 retries=0 start_failures=0 uuid=B9179575C776C98F1CB132DD6EDC6223 name=- state_h=0x0000 ctrl_h=0x0000 result_h=0x0000
SETUP[0] defer: waiting 349 ms before discovery start
SETUP[0] defer: waiting 299 ms before discovery start
SETUP[0] defer: waiting 249 ms before discovery start
SETUP[0] defer: waiting 198 ms before discovery start
SETUP[0] defer: waiting 191 ms before discovery start
SETUP[0] defer: waiting 148 ms before discovery start
SETUP[0] defer: waiting 98 ms before discovery start
SETUP[0] defer: waiting 47 ms before discovery start
SETUP[0] begin: link=anchor-ctrl uuid=B9179575C776C98F1CB132DD6EDC6223 conn=0x200048e8
SETUP[0] anchor-ctrl: skip mtu/phy negotiation
SETUP[0] conn_param_update rc=0 interval=32-56 timeout=1000
[AUTOPOS] DISC start[0]: link=anchor-ctrl uuid=B9179575C776C98F1CB132DD6EDC6223 conn=0x200048e8
[AUTOPOS] Conn param updated[0]: int=56 lat=0 to=1000
[AUTOPOS] AUTOPOS wait anchor ready: waited=2000 ready_count=0
[AUTOPOS] READY count=0 target=anchor target_uuid=B9179575C776C98F1CB132DD6EDC6223 conn_count=1 connecting_slot=-1 scan=0 auto=1
[AUTOPOS] READY peer[0]: link=anchor-ctrl connected=1 ready=0 pending=0 inflight=1 retries=0 start_failures=0 uuid=B9179575C776C98F1CB132DD6EDC6223 name=- state_h=0x0000 ctrl_h=0x0000 result_h=0x0000
[AUTOPOS] AUTOPOS wait anchor ready: waited=3000 ready_count=0
[AUTOPOS] READY count=0 target=anchor target_uuid=B9179575C776C98F1CB132DD6EDC6223 conn_count=1 connecting_slot=-1 scan=0 auto=1
[AUTOPOS] READY peer[0]: link=anchor-ctrl connected=1 ready=0 pending=0 inflight=1 retries=0 start_failures=0 uuid=B9179575C776C98F1CB132DD6EDC6223 name=- state_h=0x0000 ctrl_h=0x0000 result_h=0x0000
[AUTOPOS] AUTOPOS wait anchor ready: waited=4000 ready_count=0
[AUTOPOS] READY count=0 target=anchor target_uuid=B9179575C776C98F1CB132DD6EDC6223 conn_count=1 connecting_slot=-1 scan=0 auto=1
[AUTOPOS] READY peer[0]: link=anchor-ctrl connected=1 ready=0 pending=0 inflight=1 retries=0 start_failures=0 uuid=B9179575C776C98F1CB132DD6EDC6223 name=- state_h=0x0000 ctrl_h=0x0000 result_h=0x0000
[AUTOPOS] AUTOPOS wait anchor ready: waited=5000 ready_count=0
[AUTOPOS] READY count=0 target=anchor target_uuid=B9179575C776C98F1CB132DD6EDC6223 conn_count=1 connecting_slot=-1 scan=0 auto=1
[AUTOPOS] READY peer[0]: link=anchor-ctrl connected=1 ready=0 pending=0 inflight=1 retries=0 start_failures=0 uuid=B9179575C776C98F1CB132DD6EDC6223 name=- state_h=0x0000 ctrl_h=0x0000 result_h=0x0000
[AUTOPOS] AUTOPOS wait anchor ready: waited=6000 ready_count=0
[AUTOPOS] READY count=0 target=anchor target_uuid=B9179575C776C98F1CB132DD6EDC6223 conn_count=1 connecting_slot=-1 scan=0 auto=1
[AUTOPOS] READY peer[0]: link=anchor-ctrl connected=1 ready=0 pending=0 inflight=1 retries=0 start_failures=0 uuid=B9179575C776C98F1CB132DD6EDC6223 name=- state_h=0x0000 ctrl_h=0x0000 result_h=0x0000
[AUTOPOS] AUTOPOS wait anchor ready: waited=7000 ready_count=0
[AUTOPOS] READY count=0 target=anchor target_uuid=B9179575C776C98F1CB132DD6EDC6223 conn_count=1 connecting_slot=-1 scan=0 auto=1
[AUTOPOS] READY peer[0]: link=anchor-ctrl connected=1 ready=0 pending=0 inflight=1 retries=0 start_failures=0 uuid=B9179575C776C98F1CB132DD6EDC6223 name=- state_h=0x0000 ctrl_h=0x0000 result_h=0x0000
[AUTOPOS] AUTOPOS wait anchor ready: waited=8000 ready_count=0
[AUTOPOS] READY count=0 target=anchor target_uuid=B9179575C776C98F1CB132DD6EDC6223 conn_count=1 connecting_slot=-1 scan=0 auto=1
[AUTOPOS] READY peer[0]: link=anchor-ctrl connected=1 ready=0 pending=0 inflight=1 retries=0 start_failures=0 uuid=B9179575C776C98F1CB132DD6EDC6223 name=- state_h=0x0000 ctrl_h=0x0000 result_h=0x0000
[AUTOPOS] AUTOPOS wait anchor ready: waited=9000 ready_count=0
[AUTOPOS] READY count=0 target=anchor target_uuid=B9179575C776C98F1CB132DD6EDC6223 conn_count=1 connecting_slot=-1 scan=0 auto=1
[AUTOPOS] READY peer[0]: link=anchor-ctrl connected=1 ready=0 pending=0 inflight=1 retries=0 start_failures=0 uuid=B9179575C776C98F1CB132DD6EDC6223 name=- state_h=0x0000 ctrl_h=0x0000 result_h=0x0000
[AUTOPOS] AUTOPOS wait anchor ready: waited=10000 ready_count=0
[AUTOPOS] READY count=0 target=anchor target_uuid=B9179575C776C98F1CB132DD6EDC6223 conn_count=1 connecting_slot=-1 scan=0 auto=1
[AUTOPOS] READY peer[0]: link=anchor-ctrl connected=1 ready=0 pending=0 inflight=1 retries=0 start_failures=0 uuid=B9179575C776C98F1CB132DD6EDC6223 name=- state_h=0x0000 ctrl_h=0x0000 result_h=0x0000
[AUTOPOS] AUTOPOS wait anchor ready: waited=11000 ready_count=0
[AUTOPOS] READY count=0 target=anchor target_uuid=B9179575C776C98F1CB132DD6EDC6223 conn_count=1 connecting_slot=-1 scan=0 auto=1
[AUTOPOS] READY peer[0]: link=anchor-ctrl connected=1 ready=0 pending=0 inflight=1 retries=0 start_failures=0 uuid=B9179575C776C98F1CB132DD6EDC6223 name=- state_h=0x0000 ctrl_h=0x0000 result_h=0x0000
[AUTOPOS] AUTOPOS wait anchor ready timeout: uuid=B9179575C776C98F1CB132DD6EDC6223 waited=12000
[AUTOPOS] READY count=0 target=anchor target_uuid=B9179575C776C98F1CB132DD6EDC6223 conn_count=1 connecting_slot=-1 scan=0 auto=1
[AUTOPOS] READY peer[0]: link=anchor-ctrl connected=1 ready=0 pending=0 inflight=1 retries=0 start_failures=0 uuid=B9179575C776C98F1CB132DD6EDC6223 name=- state_h=0x0000 ctrl_h=0x0000 result_h=0x0000
[AUTOPOS] anchor runtime role connect failed: target=B uuid=B9179575C776C98F1CB132DD6EDC6223 rc=-116
[AUTOPOS] anchor role all matrix target=B attempt=1 rc=-116; retry after clean disconnect
[AUTOPOS] Master quiesce peer[0]: connected=1 ready=0 link=anchor-ctrl uuid=B9179575C776C98F1CB132DD6EDC6223
[AUTOPOS] AUTOPOS wait anchor cleared: waited=0 conn_count=1 ready_count=0
[AUTOPOS] READY count=0 target=anchor target_uuid=B9179575C776C98F1CB132DD6EDC6223 conn_count=1 connecting_slot=-1 scan=0 auto=0
[AUTOPOS] READY peer[0]: link=anchor-ctrl connected=1 ready=0 pending=0 inflight=0 retries=0 start_failures=0 uuid=B9179575C776C98F1CB132DD6EDC6223 name=- state_h=0x0000 ctrl_h=0x0000 result_h=0x0000
SESSION: runtime role broadcast attempt 4/7: anchor role all matrix
>>> anchor role all matrix
[AUTOPOS] anchor role already running
[AUTOPOS] Disconnected[0]: C0:1D:D1:D0:CE:B0 (random) reason=0x08 link=anchor-ctrl ready=0
[AUTOPOS] RECV_BG suppressed: quiesce disconnect restart blocked remaining=0
[AUTOPOS] GATT discovery error[-1]: -12
[AUTOPOS] AUTOPOS wait anchor cleared: waited=400 conn_count=0 ready_count=0
[AUTOPOS] READY count=0 target=anchor target_uuid=B9179575C776C98F1CB132DD6EDC6223 conn_count=0 connecting_slot=-1 scan=0 auto=0
[AUTOPOS] Master discovery mode: CONN & START
[AUTOPOS] Master discovery mode: CONN & START
[AUTOPOS] SCAN start req: bt_ready=1 scan_running=0 connecting_slot=-1 conn_count=0 target=anchor prefix=ANCHOR-
[AUTOPOS] Scanning for ANCHOR-*
[AUTOPOS] AUTOPOS wait anchor ready: uuid=B9179575C776C98F1CB132DD6EDC6223 timeout_ms=12000
[AUTOPOS] AUTOPOS wait anchor ready: waited=0 ready_count=0
[AUTOPOS] READY count=0 target=anchor target_uuid=B9179575C776C98F1CB132DD6EDC6223 conn_count=0 connecting_slot=-1 scan=1 auto=1
[AUTOPOS] SCAN hit: C0:1D:D1:D0:CE:B0 (random) rssi=-52 name=- bs=- uuid=B9179575C776C98F1CB132DD6EDC6223 target=anchor uuid_ok=1 tag_name=0 anchor_name=0 nus=0 dfu=0 token=0 props=0x03
[AUTOPOS] CONNECT queue[0]: addr=C0:1D:D1:D0:CE:B0 (random) link=anchor-ctrl uuid=B9179575C776C98F1CB132DD6EDC6223 target=anchor
[AUTOPOS] CONNECT pending[0]: addr_valid=1 link=anchor-ctrl uuid=B9179575C776C98F1CB132DD6EDC6223 scan_running=1 conn_count=0
[AUTOPOS] CONNECT pending[0]: bt_le_scan_stop rc=0 scan_running=1
[AUTOPOS] CONNECT pending[0] rc=0 conn=0x200048e8 interval=32-56 timeout=1000
[AUTOPOS] AUTOPOS wait anchor ready: waited=1000 ready_count=0
[AUTOPOS] READY count=0 target=anchor target_uuid=B9179575C776C98F1CB132DD6EDC6223 conn_count=0 connecting_slot=0 scan=0 auto=1
[AUTOPOS] READY peer[0]: link=anchor-ctrl connected=0 ready=0 pending=1 inflight=0 retries=0 start_failures=0 uuid=B9179575C776C98F1CB132DD6EDC6223 name=- state_h=0x0000 ctrl_h=0x0000 result_h=0x0000
[AUTOPOS] Connected[0]: C0:1D:D1:D0:CE:B0 (random) name=- bs=-
[AUTOPOS] CONNECT state[0]: link=anchor-ctrl uuid=B9179575C776C98F1CB132DD6EDC6223 ready=0 conn=0x200048e8
