PORT=/dev/serial/by-id/usb-BioSpur_BioSpur_BLE_Control_87EA2F4A526C5A02-if00
START=2026-05-11 01:54:38
MASTER=B
PRECHECK: BSxxxx tag quarantine disabled; master/matrix anchors ignore tag polls during sweep
PRECHECK: context session_autopos_ready=1 autopos_initialized=1
PRECHECK: reusing session AUTOPOS state from matrix guard
PRECHECK: reusing existing AUTOPOS map
>>> autopos round B 10
[AUTOPOS] AUTOPOS round staged: master=B sets=10
>>> autopos status
[AUTOPOS] AUTOPOS: mode=AUTOPOS state=staged staged=B last_success=A sets=10 error=-
>>> autopos apply
[AUTOPOS] AUTOPOS apply started
[AUTOPOS] RECV_BG gate: SUPPRESS reason=autopos_detach
[AUTOPOS] AUTOPOS detach skip STOP: finite master auto-returns to matrix sets=10
[AUTOPOS] RECV_BG gate: ALLOW reason=autopos_detach_done
[AUTOPOS] SCAN start req: bt_ready=1 scan_running=0 connecting_slot=-1 conn_count=1 target=anchor prefix=ANCHOR-
[AUTOPOS] Scanning for ANCHOR-*
[AUTOPOS] AUTOPOS apply mode: incremental
[AUTOPOS] AUTOPOS apply incremental: prev_master=A new_master=B
[AUTOPOS] AUTOPOS incremental: skip A demote for finite sweep; master auto-returned to matrix
[AUTOPOS] Master discovery mode: CONN & START
[AUTOPOS] Master discovery mode: CONN & START
[AUTOPOS] SCAN start req: bt_ready=1 scan_running=0 connecting_slot=-1 conn_count=1 target=anchor prefix=ANCHOR-
[AUTOPOS] Scanning for ANCHOR-*
[AUTOPOS] AUTOPOS wait anchor ready: uuid=B9179575C776C98F1CB132DD6EDC6223 timeout_ms=12000
[AUTOPOS] AUTOPOS wait anchor ready: waited=0 ready_count=0
[AUTOPOS] READY count=0 target=anchor target_uuid=B9179575C776C98F1CB132DD6EDC6223 conn_count=1 connecting_slot=-1 scan=1 auto=1
[AUTOPOS] READY peer[0]: link=anchor-ctrl connected=1 ready=1 pending=0 inflight=0 retries=0 start_failures=0 uuid=4DC6B8187E33803AE8601FB0D7992B96 name=- state_h=0x0012 ctrl_h=0x0019 result_h=0x001b
[AUTOPOS] SCAN hit: C0:1D:D1:D0:CE:B0 (random) rssi=-59 name=- bs=- uuid=B9179575C776C98F1CB132DD6EDC6223 target=anchor uuid_ok=1 tag_name=0 anchor_name=0 nus=0 dfu=0 token=0 props=0x03
[AUTOPOS] CONNECT queue[1]: addr=C0:1D:D1:D0:CE:B0 (random) link=anchor-ctrl uuid=B9179575C776C98F1CB132DD6EDC6223 target=anchor
[AUTOPOS] CONNECT pending[1]: addr_valid=1 link=anchor-ctrl uuid=B9179575C776C98F1CB132DD6EDC6223 scan_running=1 conn_count=1
[AUTOPOS] CONNECT pending[1]: bt_le_scan_stop rc=0 scan_running=1
[AUTOPOS] CONNECT pending[1] rc=0 conn=0x200049a8 interval=32-56 timeout=1000
[AUTOPOS] Connected[1]: C0:1D:D1:D0:CE:B0 (random) name=- bs=-
[AUTOPOS] CONNECT state[1]: link=anchor-ctrl uuid=B9179575C776C98F1CB132DD6EDC6223 ready=0 conn=0x200049a8
SETUP[1] begin: link=anchor-ctrl uuid=B9179575C776C98F1CB132DD6EDC6223 conn=0x200049a8
SETUP[1] anchor-ctrl result-stream mtu_exchange rc=0
SETUP[1] conn_param_update rc=0 interval=32-56 timeout=1000
Anchor ctrl result-stream subscribe[1] rc=0
ANCHOR_CTRL[1] static link ready state=0x0012 ctrl=0x0019 result=0x001b uuid=B9179575C776C98F1CB132DD6EDC6223
[AUTOPOS] AUTOPOS wait anchor ready: waited=1000 ready_count=1
[AUTOPOS] READY count=1 target=anchor target_uuid=B9179575C776C98F1CB132DD6EDC6223 conn_count=2 connecting_slot=-1 scan=0 auto=1
[AUTOPOS] READY peer[0]: link=anchor-ctrl connected=1 ready=1 pending=0 inflight=0 retries=0 start_failures=0 uuid=4DC6B8187E33803AE8601FB0D7992B96 name=- state_h=0x0012 ctrl_h=0x0019 result_h=0x001b
[AUTOPOS] READY peer[1]: link=anchor-ctrl connected=1 ready=1 pending=0 inflight=0 retries=0 start_failures=0 uuid=B9179575C776C98F1CB132DD6EDC6223 name=- state_h=0x0012 ctrl_h=0x0019 result_h=0x001b
[AUTOPOS] AUTOPOS wait anchor ready: uuid=B9179575C776C98F1CB132DD6EDC6223 control link ready
[AUTOPOS] Master anchor result stream: on
[AUTOPOS] MTU exchange[1] done (498)
[AUTOPOS] BLE cmd skip[0]: target mismatch kind=anchor target_name=- target_uuid=B9179575C776C98F1CB132DD6EDC6223 peer_name=- peer_bs=- peer_uuid=4DC6B8187E33803AE8601FB0D7992B96 link=anchor-ctrl ready=1
[AUTOPOS] Anchor ctrl sent[1]: RM 10 uuid=B9179575C776C98F1CB132DD6EDC6223
[AUTOPOS] ANCHOR_CTRL[1] notify: OK RUNTIME_SWITCH_REQUESTED SWEEP=10
[AUTOPOS] Conn param updated[1]: int=56 lat=0 to=1000
[AUTOPOS] AUTOPOS result: OK RUNTIME_SWITCH_REQUESTED SWEEP=10
[AUTOPOS] AUTOPOS anchor B role verified
[AUTOPOS] AUTOPOS apply success: master=B
[AUTOPOS] AUTOPOS finite sweep handoff: master=B sets=10; host waits for SWEEP_DONE
[AUTOPOS] AUTOPOS sweep listen attach: master=B uuid=B9179575C776C98F1CB132DD6EDC6223
[AUTOPOS] Master anchor result stream: on
[AUTOPOS] Master discovery mode: CONN & START
[AUTOPOS] ANCHOR_CTRL[1] notify: DBG ROLE_ENTRY_PENDING anchor=B current=matrix pending=master sets=10
[AUTOPOS] ANCHOR_CTRL[1] notify: DBG ROLE_SWITCH anchor=B role=master sets=10
[AUTOPOS] ANCHOR_CTRL[1] notify: DBG ROLE_START anchor=B role=master sets=10
[AUTOPOS] ANCHOR_CTRL[1] notify: DBG MASTER_START anchor=B peers=7 sets=10
[AUTOPOS] ANCHOR_CTRL[1] notify: DBG MASTER_FIRST_PEER anchor=B peer=A
[AUTOPOS] ANCHOR_CTRL[1] notify: DBG MASTER_FIRST_RESULT anchor=B peer=A rx=1 status=0x00806ff2
[AUTOPOS] SW-B,A,3638,100,C,4682,100,D,2940,100,E,4251,100,F,1791,100,G,5125,100,H,3281,100
[AUTOPOS] SW-B,A,3660,100,C,4667,100,D,2916,100,E,4277,100,F,1775,100,G,5043,100,H,3247,100
[AUTOPOS] SW-B,A,3635,100,C,4717,100,D,2949,100,E,4258,100,F,1737,100,G,5058,100,H,3235,100
[AUTOPOS] SW-B,A,3643,100,C,4654,100,D,2927,100,E,4236,100,F,1794,100,G,5120,100,H,3217,100
[AUTOPOS] SW-B,A,3634,100,C,4640,100,D,2973,100,E,4232,100,F,1765,100,G,5135,100,H,3246,100
[AUTOPOS] SW-B,A,3619,100,C,4678,100,D,2895,100,E,4270,100,F,1806,100,G,5056,100,H,3164,100
[AUTOPOS] SW-B,A,3645,100,C,4639,100,D,2986,100,E,4273,100,F,1741,100,G,5103,100,H,3222,100
[AUTOPOS] SW-B,A,3648,100,C,4643,100,D,2989,100,E,4247,100,F,1735,100,G,5031,100,H,3255,100
[AUTOPOS] SW-B,A,3664,100,C,4692,100,D,2933,100,E,4260,100,F,1755,100,G,5016,100,H,3247,100
[AUTOPOS] SW-B,A,3635,100,C,4712,100,D,2963,100,E,4224,100,F,1832,100,G,5063,100,H,3245,100
[AUTOPOS] ANCHOR_CTRL[1] notify: SWEEP_DONE master=B sets=10 role=matrix
[AUTOPOS] ANCHOR_CTRL[1] notify: DBG ROLE_SWITCH anchor=B role=matrix sets=0
END=2026-05-11 01:54:44
