>>> mode recv
[RECV] One-shot NUS command cleared (runtime)
[RECV] Master quiesce peer[0]: connected=1 ready=1 link=nus uuid=-
[RECV] Master quiesce peer[1]: connected=1 ready=1 link=nus uuid=-
[RECV] Master quiesce peer[2]: connected=1 ready=1 link=nus uuid=-
[RECV] Peer clear wait: waited=0 conn_count=3 ready_count=0
[RECV] Peer clear wait timeout: conn_count=3 ready_count=0
[RECV] RECV clean slate requires reboot: stale BLE links did not clear
[RECV] Control mode staged: RECV
[HOST] serial reconnected during drain count=1
*** Booting nRF Connect SDK v2.8.0-a2386bfc8401 ***
*** Using Zephyr OS v3.7.99-0bc3393fb112 ***
[RECV] LED map: 1=AUTOPOS 2=RECV 3=OTA 4=FLOW
[RECV] Control mode loaded: RECV
[RECV] UART control ready: type 'status' or 'mode recv'/'mode ota'/'mode autopos'
OTA_STATE:target_configured detail=token
OTA NUS stage: enabled
OTA NUS stage: enabled
[RECV] Boot profile tag: auto-connect BS* tag links; TDMA remains host-controlled
OTA target filter: token=-1 name=- prefix=BS uuid=-
[RECV] BioSpur BLE master control ready on nrf5340dk/nrf5340/cpuapp
[RECV] BTN1 toggles RECV/OTA, BTN2 forces OTA mode, BTN3=SCAN, BTN4=CONN&START
[RECV] Commands: status | mode recv | mode ota | mode autopos | scan | conn | initiate
[RECV] OTA runtime cmds: ota_reset | ota show | ota version
[RECV] Runtime NUS cmds: cmd <raw> | oneshot <raw> | oneshot show | oneshot clear
[RECV] TDMA cmds: tdma show | tdma profile <BSxxxx> <static|roto|motion> | tdma freq <static|roto|motion> <hz> | tdma rebalance
[RECV] Device model cmds:SETUP[0] defer: waiting 276 ms before discovery start
[RECV] PHY updated[0]: tx=0x2 rx=0x2
SETUP[0] defer: waiting 226 ms before discovery start
SETUP[0] defer: waiting 176 ms before discovery start
[RECV] Connected[1]: FF:5E:D2:80:EA:D2 (random) name=- bs=BS2DCE
[RECV] CONNECT state[1]: link=nus uuid=- ready=0 conn=0x20002170
[RECV] CONNECT pending[2]: addr_valid=1 link=nus uuid=- scan_running=0 conn_count=2
[RECV] CONNECT pending[2] rc=0 conn=0x20002240
SETUP[0] defer: waiting 124 ms before discovery start
SETUP[1] defer: waiting 346 ms before discovery start
SETUP[0] defer: waiting 73 ms before discovery start
SETUP[1] defer: waiting 296 ms before discovery start
[RECV] Connected[2]: D5:53:48:EF:8F:59 (random) name=- bs=BSDC91
[RECV] CONNECT state[2]: link=nus uuid=- ready=0 conn=0x20002240
SETUP[0] defer: waiting 23 ms before discovery start
SETUP[1] defer: waiting 245 ms before discovery start
SETUP[2] defer: waiting 318 ms before discovery start
SETUP[0] begin: link=nus uuid=- conn=0x200020a0
SETUP[0] mtu_exchange rc=0
SETUP[0] phy_update rc=0
SETUP[0] conn_param_update rc=0
[RECV] DISC start[0]: link=nus uuid=- conn=0x200020a0
SETUP[1] defer: global discovery busy
SETUP[2] defer: global discovery busy
[RECV] MTU exchange[0] done (498)
SETUP[1] defer: global discovery busy
SETUP[2] defer: global discovery busy
[RECV] Conn param updated[0]: int=6 lat=0 to=400
[RECV] PHY updated[1]: tx=0x2 rx=0x2
[RECV] PHY updated[0]: tx=0x2 rx=0x2
SETUP[1] defer: global discovery busy
SETUP[2] defer: global discovery busy
SETUP[1] defer: global discovery busy
SETUP[2] defer: global discovery busy
[RECV] PHY updated[2]: tx=0x2 rx=0x2
SETUP[1] defer: global discovery busy
SETUP[2] defer: global discovery busy
SETUP[1] defer: global discovery busy
SETUP[2] defer: global discovery busy
SETUP[1] defer: global discovery busy
SETUP[2] defer: global discovery busy
SETUP[1] defer: global discovery busy
SETUP[2] defer: global discovery busy
[RECV] DISC complete[0]: link=nus discovered_service=2800 uuid=-
[RECV] BLE[0] link ready
[RECV] CFG assigned[0]: bs=BSF66F tag=1 slot=0/10 mask=0x0021 period=40 active=24 gen=1 pmode=0
[RECV] TDMA weighted[0]: bs=BSF66F profile=motion target=5Hz mask=0x0021 slots=2/10 actual_x100=500 epoch_delay=3000
[RECV] SCAN start req: bt_ready=1 scan_running=0 connecting_slot=-1 conn_count=3 target=tag prefix=BS
[RECV] Scanning for BS*
SETUP[1] begin: link=nus uuid=- conn=0x20002170
SETUP[1] mtu_exchange rc=0
SETUP[1] phy_update rc=0
SETUP[1] conn_param_update rc=0
[RECV] DISC start[1]: link=nus uuid=- conn=0x20002170
[RECV] BSF66F notify: CS;1;127708;cal_static;4;100;E,F,G,H;ok,ok,ok,ok;100,100,100,100
SETUP[2] defer: global discovery busy
[RECV] CFG confirmed[0]: tag=1 slot=0/10 mask=0x0021 period=40 active=24 gen=1 live=1
[RECV] BSF66F notify: CFG_OK TAG=1 SLOT=0/10 MASK=0x0021 PERIOD=40 ACTIVE=24 GEN=1 LIVE=1
SETUP[2] defer: global discovery busy
[RECV] Conn param updated[1]: int=6 lat=0 to=400
[RECV] MTU exchange[1] done (498)
[RECV] PHY updated[1]: tx=0x2 rx=0x2
SETUP[2] defer: global discovery busy
SETUP[2] defer: global discovery busy
SETUP[2] defer: global discovery busy
SETUP[2] defer: global discovery busy
SETUP[2] defer: global discovery busy
SETUP[2] defer: global discovery busy
SETUP[2] defer: global discovery busy
SETUP[2] defer: global discovery busy
[RECV] DISC complete[1]: link=nus discovered_service=2800 uuid=-
[RECV] BLE[1] link ready
[RECV] CFG assigned[1]: bs=BS2DCE tag=1 slot=0/10 mask=0x0021 period=40 active=24 gen=2 pmode=0
[RECV] TDMA weighted[0]: bs=BS2DCE profile=motion target=5Hz mask=0x0021 slots=2/10 actual_x100=500 epoch_delay=3000
[RECV] CFG assigned[0]: bs=BSF66F tag=2 slot=3/10 mask=0x0108 period=40 active=24 gen=2 pmode=0
[RECV] TDMA weighted[1]: bs=BSF66F profile=motion target=5Hz mask=0x0108 slots=2/10 actual_x100=500 epoch_delay=2998
SETUP[2] begin: link=nus uuid=- conn=0x20002240
SETUP[2] mtu_exchange rc=0
SETUP[2] phy_update rc=0
SETUP[2] conn_param_update rc=0
[RECV] DISC start[2]: link=nus uuid=- conn=0x20002240
[RECV] BS2DCE notify: CS;1;112799;cal_roto;5;100;D,A,G,H;ok,ok,ok,ok;100,100,100,100
[RECV] MTU exchange[2] done (498)
[RECV] CFG confirmed[0]: tag=2 slot=3/10 mask=0x0108 period=40 active=24 gen=2 live=1
[RECV] BSF66F notify: CFG_OK TAG=2 SLOT=3/10 MASK=0x0108 PERIOD=40 ACTIVE=24 GEN=2 LIVE=1
[RECV] Conn param updated[2]: int=6 lat=0 to=400
[RECV] CFG confirmed[1]: tag=1 slot=0/10 mask=0x0021 period=40 active=24 gen=2 live=1
[RECV] BS2DCE notify: CFG_OK TAG=1 SLOT=0/10 MASK=0x0021 PERIOD=40 ACTIVE=24 GEN=2 LIVE=1
[RECV] PHY updated[2]: tx=0x2 rx=0x2
[RECV] DISC complete[2]: link=nus discovered_service=2800 uuid=-
[RECV] BLE[2] link ready
[RECV] CFG assigned[1]: bs=BS2DCE tag=1 slot=0/10 mask=0x0021 period=40 active=24 gen=3 pmode=0
[RECV] TDMA weighted[0]: bs=BS2DCE profile=motion target=5Hz mask=0x0021 slots=2/10 actual_x100=500 epoch_delay=3000
[RECV] CFG assigned[2]: bs=BSDC91 tag=2 slot=2/10 mask=0x0084 period=40 active=24 gen=3 pmode=0
[RECV] TDMA weighted[1]: bs=BSDC91 profile=motion target=5Hz mask=0x0084 slots=2/10 actual_x100=500 epoch_delay=2998
[RECV] CFG assigned[0]: bs=BSF66F tag=3 slot=3/10 mask=0x0108 period=40 active=24 gen=3 pmode=0
[RECV] TDMA weighted[2]: bs=BSF66F profile=motion target=5Hz mask=0x0108 slots=2/10 actual_x100=500 epoch_delay=2997
[RECV] BSDC91 notify: CS;1;117132;cal_roto;5;100;B,D,E,F;ok,ok,ok,ok;100,100,100,100
[RECV] CFG confirmed[1]: tag=1 slot=0/10 mask=0x0021 period=40 active=24 gen=3 live=1
[RECV] BS2DCE notify: CFG_OK TAG=1 SLOT=0/10 MASK=0x0021 PERIOD=40 ACTIVE=24 GEN=3 LIVE=1
[RECV] CFG confirmed[0]: tag=3 slot=3/10 mask=0x0108 period=40 active=24 gen=3 live=1
[RECV] BSF66F notify: CFG_OK TAG=3 SLOT=3/10 MASK=0x0108 PERIOD=40 ACTIVE=24 GEN=3 LIVE=1
[RECV] CFG confirmed[2]: tag=2 slot=2/10 mask=0x0084 period=40 active=24 gen=3 live=1
[RECV] BSDC91 notify: CFG_OK TAG=2 SLOT=2/10 MASK=0x0084 PERIOD=40 ACTIVE=24 GEN=3 LIVE=1
>>> device kind tag
OTA NUS stage: enabled
[RECV] One-shot NUS command cleared (runtime)
[RECV] Master disconnecting peer[0]: bs=BSF66F
[RECV] Master disconnecting peer[1]: bs=BS2DCE
[RECV] Master disconnecting peer[2]: bs=BSDC91
[RECV] device kind set: tag (OTA target preserved)
[RECV] Master discovery mode: CONN & START
[RECV] Peer clear wait: waited=0 conn_count=3 ready_count=0
[RECV] Peer clear wait timeout: conn_count=3 ready_count=0
[RECV] SCAN start req: bt_ready=1 scan_running=0 connecting_slot=-1 conn_count=3 target=tag prefix=BS
[RECV] Scanning for BS*
[RECV] System target: kind=tag caps=0x0f (config=1 ota=1 stream=1 status=1)
OTA target filter: token=-1 name=- prefix=BS uuid=-
[RECV] Disconnected[2]: D5:53:48:EF:8F:59 (random) reason=0x16 link=nus ready=1
[RECV] CFG send failed[1]: tag=1 slot=0 err=-128
[RECV] TDMA weighted[0]: bs=BS2DCE profile=motion target=5Hz mask=0x0021 slots=2/10 actual_x100=500 epoch_delay=3000
[RECV] CFG send failed[0]: tag=2 slot=3 err=-128
[RECV] TDMA weighted[1]: bs=BSF66F profile=motion target=5Hz mask=0x0108 slots=2/10 actual_x100=500 epoch_delay=2999
[RECV] Disconnected[0]: FC:9A:15:34:AB:20 (random) reason=0x16 link=nus ready=1
[RECV] CFG send failed[1]: tag=1 slot=0 err=-128
[RECV] TDMA weighted[0]: bs=BS2DCE profile=motion target=5Hz mask=0x0021 slots=2/10 actual_x100=500 epoch_delay=3000
[RECV] Disconnected[1]: FF:5E:D2:80:EA:D2 (random) reason=0x16 link=nus ready=1
[RECV] SCAN hit: D5:53:48:EF:8F:59 (random) rssi=-53 name=- bs=BSDC91 uuid=- target=tag uuid_ok=1 tag_name=0 anchor_name=0 nus=0 dfu=1 token=1 props=0x03
[RECV] CONNECT queue[0]: addr=D5:53:48:EF:8F:59 (random) link=nus uuid=- target=tag
[RECV] SCAN hit: FF:5E:D2:80:EA:D2 (random) rssi=-56 name=- bs=BS2DCE uuid=- target=tag uuid_ok=1 tag_name=0 anchor_name=0 nus=0 dfu=1 token=1 props=0x03
[RECV] CONNECT queue[1]: addr=FF:5E:D2:80:EA:D2 (random) link=nus uuid=- target=tag
[RECV] SCAN hit: FC:9A:15:34:AB:20 (random) rssi=-56 name=- bs=BSF66F uuid=- target=tag uuid_ok=1 tag_name=0 anchor_name=0 nus=0 dfu=1 token=1 props=0x03
[RECV] CONNECT queue[2]: addr=FC:9A:15:34:AB:20 (random) link=nus uuid=- target=tag
[RECV] CONNECT pending[0]: addr_valid=1 link=nus uuid=- scan_running=1 conn_count=0
[RECV] CONNECT pending[0]: bt_le_scan_stop rc=0 scan_running=1
[RECV] CONNECT pending[0] rc=0 conn=0x200020a0
[RECV] Connected[0]: D5:53:48:EF:8F:59 (random) name=- bs=BSDC91
[RECV] CONNECT state[0]: link=nus uuid=- ready=0 conn=0x200020a0
[RECV] CONNECT pending[1]: addr_valid=1 link=nus uuid=- scan_running=0 conn_count=1
[RECV] CONNECT pending[1] rc=0 conn=0x20002170
SETUP[0] defer: waiting 322 ms before discovery start
[RECV] Connected[1]: FF:5E:D2:80:EA:D2 (random) name=- bs=BS2DCE
[RECV] CONNECT state[1]: link=nus uuid=- ready=0 conn=0x20002170
SETUP[0] defer: waiting 271 ms before discovery start
SETUP[1] defer: waiting 315 ms before discovery start
[RECV] CONNECT pending[2]: addr_valid=1 link=nus uuid=- scan_running=0 conn_count=2
[RECV] CONNECT pending[2] rc=0 conn=0x20002240
SETUP[0] defer: waiting 219 ms before discovery start
SETUP[1] defer: waiting 263 ms before discovery start
[RECV] PHY updated[0]: tx=0x2 rx=0x2
SETUP[0] defer: waiting 169 ms before discovery start
SETUP[1] defer: waiting 212 ms before discovery start
[RECV] Connected[2]: FC:9A:15:34:AB:20 (random) name=- bs=BSF66F
[RECV] CONNECT state[2]: link=nus uuid=- ready=0 conn=0x20002240
[RECV] PHY updated[1]: tx=0x2 rx=0x2
SETUP[0] defer: waiting 118 ms before discovery start
SETUP[1] defer: waiting 162 ms before discovery start
SETUP[2] defer: waiting 327 ms before discovery start
SETUP[0] defer: waiting 67 ms before discovery start
SETUP[1] defer: waiting 111 ms before discovery start
SETUP[2] defer: waiting 276 ms before discovery start
SETUP[0] defer: waiting 16 ms before discovery start
SETUP[1] defer: waiting 60 ms before discovery start
SETUP[2] defer: waiting 225 ms before discovery start
SETUP[0] begin: link=nus uuid=- conn=0x200020a0
SETUP[0] mtu_exchange rc=0
SETUP[0] phy_update rc=0
SETUP[0] conn_param_update rc=0
[RECV] DISC start[0]: link=nus uuid=- conn=0x200020a0
SETUP[1] defer: global discovery busy
SETUP[2] defer: global discovery busy
[RECV] MTU exchange[0] done (498)
SETUP[1] defer: global discovery busy
SETUP[2] defer: global discovery busy
[RECV] Conn param updated[0]: int=6 lat=0 to=400
[RECV] PHY updated[2]: tx=0x2 rx=0x2
[RECV] PHY updated[0]: tx=0x2 rx=0x2
SETUP[1] defer: global discovery busy
SETUP[2] defer: global discovery busy
SETUP[1] defer: global discovery busy
SETUP[2] defer: global discovery busy
SETUP[1] defer: global discovery busy
SETUP[2] defer: global discovery busy
SETUP[1] defer: global discovery busy
SETUP[2] defer: global discovery busy
SETUP[1] defer: global discovery busy
SETUP[2] defer: global discovery busy
SETUP[1] defer: global discovery busy
SETUP[2] defer: global discovery busy
[RECV] DISC complete[0]: link=nus discovered_service=2800 uuid=-
[RECV] BLE[0] link ready
[RECV] CFG assigned[0]: bs=BSDC91 tag=1 slot=0/10 mask=0x0021 period=40 active=24 gen=6 pmode=0
[RECV] TDMA weighted[0]: bs=BSDC91 profile=motion target=5Hz mask=0x0021 slots=2/10 actual_x100=500 epoch_delay=3000
[RECV] SCAN start req: bt_ready=1 scan_running=0 connecting_slot=-1 conn_count=3 target=tag prefix=BS
[RECV] Scanning for BS*
SETUP[1] begin: link=nus uuid=- conn=0x20002170
SETUP[1] mtu_exchange rc=0
SETUP[1] phy_update rc=0
SETUP[1] conn_param_update rc=0
[RECV] DISC start[1]: link=nus uuid=- conn=0x20002170
SETUP[2] defer: global discovery busy
[RECV] BSDC91 notify: CS;1;117132;cal_roto;5;100;B,D,E,F;ok,ok,ok,ok;100,100,100,100
[RECV] MTU exchange[1] done (498)
SETUP[2] defer: global discovery busy
[RECV] CFG confirmed[0]: tag=1 slot=0/10 mask=0x0021 period=40 active=24 gen=6 live=1
[RECV] BSDC91 notify: CFG_OK TAG=1 SLOT=0/10 MASK=0x0021 PERIOD=40 ACTIVE=24 GEN=6 LIVE=1
[RECV] Conn param updated[1]: int=6 lat=0 to=400
[RECV] PHY updated[1]: tx=0x2 rx=0x2
SETUP[2] defer: global discovery busy
SETUP[2] defer: global discovery busy
SETUP[2] defer: global discovery busy
SETUP[2] defer: global discovery busy
SETUP[2] defer: global discovery busy
SETUP[2] defer: global discovery busy
SETUP[2] defer: global discovery busy
[RECV] DISC complete[1]: link=nus discovered_service=2800 uuid=-
[RECV] BLE[1] link ready
[RECV] CFG assigned[1]: bs=BS2DCE tag=1 slot=0/10 mask=0x0021 period=40 active=24 gen=7 pmode=0
[RECV] TDMA weighted[0]: bs=BS2DCE profile=motion target=5Hz mask=0x0021 slots=2/10 actual_x100=500 epoch_delay=3000
[RECV] CFG assigned[0]: bs=BSDC91 tag=2 slot=3/10 mask=0x0108 period=40 active=24 gen=7 pmode=0
[RECV] TDMA weighted[1]: bs=BSDC91 profile=motion target=5Hz mask=0x0108 slots=2/10 actual_x100=500 epoch_delay=2999
SETUP[2] begin: link=nus uuid=- conn=0x20002240
SETUP[2] mtu_exchange rc=0
SETUP[2] phy_update rc=0
SETUP[2] conn_param_update rc=0
[RECV] DISC start[2]: link=nus uuid=- conn=0x20002240
[RECV] BS2DCE notify: CS;1;112799;cal_roto;5;100;D,A,G,H;ok,ok,ok,ok;100,100,100,100
[RECV] MTU exchange[2] done (498)
[RECV] CFG confirmed[0]: tag=2 slot=3/10 mask=0x0108 period=40 active=24 gen=7 live=1
[RECV] BSDC91 notify: CFG_OK TAG=2 SLOT=3/10 MASK=0x0108 PERIOD=40 ACTIVE=24 GEN=7 LIVE=1
[RECV] Conn param updated[2]: int=6 lat=0 to=400
[RECV] CFG confirmed[1]: tag=1 slot=0/10 mask=0x0021 period=40 active=24 gen=7 live=1
[RECV] BS2DCE notify: CFG_OK TAG=1 SLOT=0/10 MASK=0x0021 PERIOD=40 ACTIVE=24 GEN=7 LIVE=1
[RECV] PHY updated[2]: tx=0x2 rx=0x2
[RECV] DISC complete[2]: link=nus discovered_service=2800 uuid=-
[RECV] BLE[2] link ready
[RECV] CFG assigned[1]: bs=BS2DCE tag=1 slot=0/10 mask=0x0021 period=40 active=24 gen=8 pmode=0
[RECV] TDMA weighted[0]: bs=BS2DCE profile=motion target=5Hz mask=0x0021 slots=2/10 actual_x100=500 epoch_delay=3000
[RECV] CFG assigned[0]: bs=BSDC91 tag=2 slot=2/10 mask=0x0084 period=40 active=24 gen=8 pmode=0
[RECV] TDMA weighted[1]: bs=BSDC91 profile=motion target=5Hz mask=0x0084 slots=2/10 actual_x100=500 epoch_delay=2999
[RECV] CFG assigned[2]: bs=BSF66F tag=3 slot=3/10 mask=0x0108 period=40 active=24 gen=8 pmode=0
[RECV] TDMA weighted[2]: bs=BSF66F profile=motion target=5Hz mask=0x0108 slots=2/10 actual_x100=500 epoch_delay=2997
[RECV] BSF66F notify: CS;1;127708;cal_static;4;100;E,F,G,H;ok,ok,ok,ok;100,100,100,100
[RECV] CFG confirmed[1]: tag=1 slot=0/10 mask=0x0021 period=40 active=24 gen=8 live=1
[RECV] BS2DCE notify: CFG_OK TAG=1 SLOT=0/10 MASK=0x0021 PERIOD=40 ACTIVE=24 GEN=8 LIVE=1
[RECV] CFG confirmed[0]: tag=2 slot=2/10 mask=0x0084 period=40 active=24 gen=8 live=1
[RECV] BSDC91 notify: CFG_OK TAG=2 SLOT=2/10 MASK=0x0084 PERIOD=40 ACTIVE=24 GEN=8 LIVE=1
[RECV] CFG confirmed[2]: tag=3 slot=3/10 mask=0x0108 period=40 active=24 gen=8 live=1
[RECV] BSF66F notify: CFG_OK TAG=3 SLOT=3/10 MASK=0x0108 PERIOD=40 ACTIVE=24 GEN=8 LIVE=1
>>> ota_target uuid -
[RECV] ota_target uuid rc=0 value=-
OTA target filter: token=-1 name=- prefix=BS uuid=-
[RECV] Conn param updated[0]: int=6 lat=0 to=400
[RECV] Conn param updated[1]: int=6 lat=0 to=400
[RECV] Conn param updated[2]: int=6 lat=0 to=400
>>> ota_target prefix BS
[RECV] ota_target prefix rc=0 value=bs
OTA target filter: token=-1 name=- prefix=bs uuid=-
>>> ota_target show
OTA target filter: token=-1 name=- prefix=bs uuid=-
>>> ota_target name BSF66F
[RECV] ota_target name rc=0 value=bsf66f
OTA target filter: token=-1 name=bsf66f prefix=bs uuid=-
>>> ota_target show
OTA target filter: token=-1 name=bsf66f prefix=bs uuid=-
>>> scan
[RECV] Master discovery mode: SCAN only
[RECV] Master disconnecting peer[0]: bs=BSDC91
[RECV] Master disconnecting peer[1]: bs=BS2DCE
[RECV] Master disconnecting peer[2]: bs=BSF66F
[RECV] SCAN start req: bt_ready=1 scan_running=0 connecting_slot=-1 conn_count=3 target=tag prefix=BS
[RECV] Scanning for BS*
[RECV] Disconnected[1]: FF:5E:D2:80:EA:D2 (random) reason=0x16 link=nus ready=1
[RECV] CFG send failed[0]: tag=1 slot=0 err=-128
[RECV] TDMA weighted[0]: bs=BSDC91 profile=motion target=5Hz mask=0x0021 slots=2/10 actual_x100=500 epoch_delay=3000
[RECV] CFG send failed[2]: tag=2 slot=3 err=-128
[RECV] TDMA weighted[1]: bs=BSF66F profile=motion target=5Hz mask=0x0108 slots=2/10 actual_x100=500 epoch_delay=2999
[RECV] Disconnected[2]: FC:9A:15:34:AB:20 (random) reason=0x16 link=nus ready=1
[RECV] CFG send failed[0]: tag=1 slot=0 err=-128
[RECV] TDMA weighted[0]: bs=BSDC91 profile=motion target=5Hz mask=0x0021 slots=2/10 actual_x100=500 epoch_delay=3000
[RECV] Disconnected[0]: D5:53:48:EF:8F:59 (random) reason=0x16 link=nus ready=1
[RECV] SCAN hit: FF:5E:D2:80:EA:D2 (random) rssi=-52 name=- bs=BS2DCE uuid=- target=tag uuid_ok=1 tag_name=0 anchor_name=0 nus=0 dfu=1 token=1 props=0x03
[RECV] SCAN hit: FC:9A:15:34:AB:20 (random) rssi=-55 name=- bs=BSF66F uuid=- target=tag uuid_ok=1 tag_name=0 anchor_name=0 nus=0 dfu=1 token=1 props=0x03
[RECV] SCAN hit: D5:53:48:EF:8F:59 (random) rssi=-56 name=- bs=BSDC91 uuid=- target=tag uuid_ok=1 tag_name=0 anchor_name=0 nus=0 dfu=1 token=1 props=0x03
>>> conn
[RECV] Master discovery mode: CONN & START
[RECV] CONNECT pending[0]: addr_valid=1 link=nus uuid=- scan_running=1 conn_count=0
[RECV] CONNECT pending[0]: bt_le_scan_stop rc=0 scan_running=1
[RECV] CONNECT pending[0] rc=0 conn=0x200020a0
[RECV] Connected[0]: FF:5E:D2:80:EA:D2 (random) name=- bs=BS2DCE
[RECV] CONNECT state[0]: link=nus uuid=- ready=0 conn=0x200020a0
[RECV] CONNECT pending[1]: addr_valid=1 link=nus uuid=- scan_running=0 conn_count=1
[RECV] CONNECT pending[1] rc=0 conn=0x20002170
SETUP[0] defer: waiting 343 ms before discovery start
SETUP[0] defer: waiting 293 ms before discovery start
SETUP[0] defer: waiting 242 ms before discovery start
[RECV] Connected[1]: FC:9A:15:34:AB:20 (random) name=- bs=BSF66F
[RECV] CONNECT state[1]: link=nus uuid=- ready=0 conn=0x20002170
[RECV] PHY updated[0]: tx=0x2 rx=0x2
[RECV] CONNECT pending[2]: addr_valid=1 link=nus uuid=- scan_running=0 conn_count=2
[RECV] CONNECT pending[2] rc=0 conn=0x20002240
SETUP[0] defer: waiting 191 ms before discovery start
SETUP[1] defer: waiting 301 ms before discovery start
SETUP[0] defer: waiting 140 ms before discovery start
SETUP[1] defer: waiting 251 ms before discovery start
SETUP[0] defer: waiting 89 ms before discovery start
SETUP[1] defer: waiting 200 ms before discovery start
[RECV] PHY updated[1]: tx=0x2 rx=0x2
SETUP[0] defer: waiting 39 ms before discovery start
SETUP[1] defer: waiting 150 ms before discovery start
[RECV] Connected[2]: D5:53:48:EF:8F:59 (random) name=- bs=BSDC91
[RECV] CONNECT state[2]: link=nus uuid=- ready=0 conn=0x20002240
SETUP[0] begin: link=nus uuid=- conn=0x200020a0
SETUP[0] mtu_exchange rc=0
SETUP[0] phy_update rc=0
SETUP[0] conn_param_update rc=0
[RECV] DISC start[0]: link=nus uuid=- conn=0x200020a0
SETUP[1] defer: global discovery busy
SETUP[2] defer: global discovery busy
[RECV] MTU exchange[0] done (498)
SETUP[1] defer: global discovery busy
SETUP[2] defer: global discovery busy
[RECV] Conn param updated[0]: int=6 lat=0 to=400
[RECV] PHY updated[0]: tx=0x2 rx=0x2
SETUP[1] defer: global discovery busy
SETUP[2] defer: global discovery busy
SETUP[1] defer: global discovery busy
SETUP[2] defer: global discovery busy
SETUP[1] defer: global discovery busy
SETUP[2] defer: global discovery busy
[RECV] PHY updated[2]: tx=0x2 rx=0x2
SETUP[1] defer: global discovery busy
SETUP[2] defer: global discovery busy
SETUP[1] defer: global discovery busy
SETUP[2] defer: global discovery busy
[RECV] DISC complete[0]: link=nus discovered_service=2800 uuid=-
[RECV] BLE[0] link ready
[RECV] CFG assigned[0]: bs=BS2DCE tag=1 slot=0/10 mask=0x0021 period=40 active=24 gen=11 pmode=0
[RECV] TDMA weighted[0]: bs=BS2DCE profile=motion target=5Hz mask=0x0021 slots=2/10 actual_x100=500 epoch_delay=3000
[RECV] SCAN start req: bt_ready=1 scan_running=0 connecting_slot=-1 conn_count=3 target=tag prefix=BS
SETUP[1] begin: link=nus uuid=- conn=0x20002170
SETUP[1] mtu_exchange rc=0
SETUP[2] begin: link=nus uuid=- conn=0x20002240
SETUP[2] mtu_exchange rc=0
SETUP[1] phy_update rc=0
SETUP[2] phy_update rc=0
SETUP[1] conn_param_update rc=0
[RECV] DISC start[1]: link=nus uuid=- conn=0x20002170
[RECV] Could not start NUS discovery[1]: -120
[RECV] DISC start failed[1]: connected_for=610ms ready=0 retries=0 start_failures=1
[RECV] Scanning for BS*
SETUP[2] conn_param_update rc=0
[RECV] DISC start[2]: link=nus uuid=- conn=0x20002240
[RECV] MTU exchange[2] done (498)
[RECV] BS2DCE notify: CS;1;112799;cal_roto;5;100;D,A,G,H;ok,ok,ok,ok;100,100,100,100
[RECV] Conn param updated[1]: int=6 lat=0 to=400
[RECV] Conn param updated[2]: int=6 lat=0 to=400
[RECV] MTU exchange[1] done (498)
[RECV] PHY updated[1]: tx=0x2 rx=0x2
[RECV] PHY updated[2]: tx=0x2 rx=0x2
[RECV] CFG confirmed[0]: tag=1 slot=0/10 mask=0x0021 period=40 active=24 gen=11 live=1
[RECV] BS2DCE notify: CFG_OK TAG=1 SLOT=0/10 MASK=0x0021 PERIOD=40 ACTIVE=24 GEN=11 LIVE=1
[RECV] DISC complete[2]: link=nus discovered_service=2800 uuid=-
[RECV] BLE[2] link ready
[RECV] CFG assigned[0]: bs=BS2DCE tag=1 slot=0/10 mask=0x0021 period=40 active=24 gen=12 pmode=0
[RECV] TDMA weighted[0]: bs=BS2DCE profile=motion target=5Hz mask=0x0021 slots=2/10 actual_x100=500 epoch_delay=3000
[RECV] CFG assigned[2]: bs=BSDC91 tag=2 slot=3/10 mask=0x0108 period=40 active=24 gen=12 pmode=0
[RECV] TDMA weighted[1]: bs=BSDC91 profile=motion target=5Hz mask=0x0108 slots=2/10 actual_x100=500 epoch_delay=2999
[RECV] BSDC91 notify: CS;1;117132;cal_roto;5;100;B,D,E,F;ok,ok,ok,ok;100,100,100,100
[RECV] CFG confirmed[0]: tag=1 slot=0/10 mask=0x0021 period=40 active=24 gen=12 live=1
[RECV] BS2DCE notify: CFG_OK TAG=1 SLOT=0/10 MASK=0x0021 PERIOD=40 ACTIVE=24 GEN=12 LIVE=1
[RECV] CFG confirmed[2]: tag=2 slot=3/10 mask=0x0108 period=40 active=24 gen=12 live=1
[RECV] BSDC91 notify: CFG_OK TAG=2 SLOT=3/10 MASK=0x0108 PERIOD=40 ACTIVE=24 GEN=12 LIVE=1
[RECV] NUS discovery retry armed[1] attempt=1
[RECV] DISC complete[1]: link=nus discovered_service=2800 uuid=-
[RECV] BLE[1] link ready
[RECV] CFG assigned[0]: bs=BS2DCE tag=1 slot=0/10 mask=0x0021 period=40 active=24 gen=13 pmode=0
[RECV] TDMA weighted[0]: bs=BS2DCE profile=motion target=5Hz mask=0x0021 slots=2/10 actual_x100=500 epoch_delay=3000
[RECV] CFG assigned[2]: bs=BSDC91 tag=2 slot=2/10 mask=0x0084 period=40 active=24 gen=13 pmode=0
[RECV] TDMA weighted[1]: bs=BSDC91 profile=motion target=5Hz mask=0x0084 slots=2/10 actual_x100=500 epoch_delay=2999
[RECV] CFG assigned[1]: bs=BSF66F tag=3 slot=3/10 mask=0x0108 period=40 active=24 gen=13 pmode=0
[RECV] TDMA weighted[2]: bs=BSF66F profile=motion target=5Hz mask=0x0108 slots=2/10 actual_x100=500 epoch_delay=2998
[RECV] BSF66F notify: CS;1;127708;cal_static;4;100;E,F,G,H;ok,ok,ok,ok;100,100,100,100
[RECV] CFG confirmed[0]: tag=1 slot=0/10 mask=0x0021 period=40 active=24 gen=13 live=1
[RECV] BS2DCE notify: CFG_OK TAG=1 SLOT=0/10 MASK=0x0021 PERIOD=40 ACTIVE=24 GEN=13 LIVE=1
[RECV] CFG confirmed[2]: tag=2 slot=2/10 mask=0x0084 period=40 active=24 gen=13 live=1
[RECV] BSDC91 notify: CFG_OK TAG=2 SLOT=2/10 MASK=0x0084 PERIOD=40 ACTIVE=24 GEN=13 LIVE=1
[RECV] CFG confirmed[1]: tag=3 slot=3/10 mask=0x0108 period=40 active=24 gen=13 live=1
[RECV] BSF66F notify: CFG_OK TAG=3 SLOT=3/10 MASK=0x0108 PERIOD=40 ACTIVE=24 GEN=13 LIVE=1
[RECV] Conn param updated[0]: int=6 lat=0 to=400
[RECV] Conn param updated[1]: int=6 lat=0 to=400
[RECV] Conn param updated[2]: int=6 lat=0 to=400
>>> cmd VERSION BSF66F #attempt=1
[RECV] BLE cmd skip[0]: target mismatch kind=tag target_name=bsf66f target_uuid=- peer_name=- peer_bs=BS2DCE peer_uuid=- link=nus ready=1
[RECV] BLE cmd sent[1]: VERSION
[RECV] BLE cmd skip[2]: target mismatch kind=tag target_name=bsf66f target_uuid=- peer_name=- peer_bs=BSDC91 peer_uuid=- link=nus ready=1
[RECV] cmd rc=1 payload=VERSION
[RECV] BSF66F notify: VERSION fw=joint-resp1000-tagrx650to900-20260425_125049 bs=BSF66F tag=3 pmode=0 amode=0
>>> ota_target name BS2DCE
[RECV] ota_target name rc=0 value=bs2dce
OTA target filter: token=-1 name=bs2dce prefix=bs uuid=-
>>> ota_target show
OTA target filter: token=-1 name=bs2dce prefix=bs uuid=-
>>> scan
[RECV] Master discovery mode: SCAN only
[RECV] Master disconnecting peer[0]: bs=BS2DCE
[RECV] Master disconnecting peer[1]: bs=BSF66F
[RECV] Master disconnecting peer[2]: bs=BSDC91
[RECV] SCAN start req: bt_ready=1 scan_running=0 connecting_slot=-1 conn_count=3 target=tag prefix=BS
[RECV] Scanning for BS*
[RECV] Disconnected[1]: FC:9A:15:34:AB:20 (random) reason=0x16 link=nus ready=1
[RECV] CFG send failed[0]: tag=1 slot=0 err=-128
[RECV] TDMA weighted[0]: bs=BS2DCE profile=motion target=5Hz mask=0x0021 slots=2/10 actual_x100=500 epoch_delay=3000
[RECV] CFG send failed[2]: tag=2 slot=3 err=-128
[RECV] TDMA weighted[1]: bs=BSDC91 profile=motion target=5Hz mask=0x0108 slots=2/10 actual_x100=500 epoch_delay=2999
[RECV] Disconnected[2]: D5:53:48:EF:8F:59 (random) reason=0x16 link=nus ready=1
[RECV] CFG send failed[0]: tag=1 slot=0 err=-128
[RECV] TDMA weighted[0]: bs=BS2DCE profile=motion target=5Hz mask=0x0021 slots=2/10 actual_x100=500 epoch_delay=3000
[RECV] Disconnected[0]: FF:5E:D2:80:EA:D2 (random) reason=0x16 link=nus ready=1
[RECV] SCAN hit: FC:9A:15:34:AB:20 (random) rssi=-56 name=- bs=BSF66F uuid=- target=tag uuid_ok=1 tag_name=0 anchor_name=0 nus=0 dfu=1 token=1 props=0x03
[RECV] SCAN hit: D5:53:48:EF:8F:59 (random) rssi=-53 name=- bs=BSDC91 uuid=- target=tag uuid_ok=1 tag_name=0 anchor_name=0 nus=0 dfu=1 token=1 props=0x03
[RECV] SCAN hit: FF:5E:D2:80:EA:D2 (random) rssi=-58 name=- bs=BS2DCE uuid=- target=tag uuid_ok=1 tag_name=0 anchor_name=0 nus=0 dfu=1 token=1 props=0x03
>>> conn
[RECV] Master discovery mode: CONN & START
[RECV] CONNECT pending[0]: addr_valid=1 link=nus uuid=- scan_running=1 conn_count=0
[RECV] CONNECT pending[0]: bt_le_scan_stop rc=0 scan_running=1
[RECV] CONNECT pending[0] rc=0 conn=0x200020a0
[RECV] Connected[0]: FC:9A:15:34:AB:20 (random) name=- bs=BSF66F
[RECV] CONNECT state[0]: link=nus uuid=- ready=0 conn=0x200020a0
[RECV] CONNECT pending[1]: addr_valid=1 link=nus uuid=- scan_running=0 conn_count=1
[RECV] CONNECT pending[1] rc=0 conn=0x20002170
SETUP[0] defer: waiting 321 ms before discovery start
SETUP[0] defer: waiting 271 ms before discovery start
[RECV] PHY updated[0]: tx=0x2 rx=0x2
SETUP[0] defer: waiting 221 ms before discovery start
[RECV] Connected[1]: D5:53:48:EF:8F:59 (random) name=- bs=BSDC91
[RECV] CONNECT state[1]: link=nus uuid=- ready=0 conn=0x20002170
[RECV] CONNECT pending[2]: addr_valid=1 link=nus uuid=- scan_running=0 conn_count=2
[RECV] CONNECT pending[2] rc=0 conn=0x20002240
SETUP[0] defer: waiting 169 ms before discovery start
SETUP[1] defer: waiting 317 ms before discovery start
SETUP[0] defer: waiting 118 ms before discovery start
SETUP[1] defer: waiting 267 ms before discovery start
SETUP[0] defer: waiting 67 ms before discovery start
SETUP[1] defer: waiting 216 ms before discovery start
[RECV] PHY updated[1]: tx=0x2 rx=0x2
SETUP[0] defer: waiting 17 ms before discovery start
SETUP[1] defer: waiting 166 ms before discovery start
[RECV] Connected[2]: FF:5E:D2:80:EA:D2 (random) name=- bs=BS2DCE
[RECV] CONNECT state[2]: link=nus uuid=- ready=0 conn=0x20002240
SETUP[0] begin: link=nus uuid=- conn=0x200020a0
SETUP[0] mtu_exchange rc=0
SETUP[0] phy_update rc=0
SETUP[0] conn_param_update rc=0
[RECV] DISC start[0]: link=nus uuid=- conn=0x200020a0
SETUP[1] defer: global discovery busy
SETUP[2] defer: global discovery busy
[RECV] MTU exchange[0] done (498)
[RECV] Conn param updated[0]: int=6 lat=0 to=400
SETUP[1] defer: global discovery busy
SETUP[2] defer: global discovery busy
[RECV] PHY updated[0]: tx=0x2 rx=0x2
SETUP[1] defer: global discovery busy
SETUP[2] defer: global discovery busy
SETUP[1] defer: global discovery busy
SETUP[2] defer: global discovery busy
SETUP[1] defer: global discovery busy
SETUP[2] defer: global discovery busy
[RECV] PHY updated[2]: tx=0x2 rx=0x2
SETUP[1] defer: global discovery busy
SETUP[2] defer: global discovery busy
SETUP[1] defer: global discovery busy
SETUP[2] defer: global discovery busy
[RECV] DISC complete[0]: link=nus discovered_service=2800 uuid=-
[RECV] BLE[0] link ready
[RECV] CFG assigned[0]: bs=BSF66F tag=1 slot=0/10 mask=0x0021 period=40 active=24 gen=16 pmode=0
[RECV] TDMA weighted[0]: bs=BSF66F profile=motion target=5Hz mask=0x0021 slots=2/10 actual_x100=500 epoch_delay=3000
[RECV] SCAN start req: bt_ready=1 scan_running=0 connecting_slot=-1 conn_count=3 target=tag prefix=BS
[RECV] Scanning for BS*
SETUP[1] begin: link=nus uuid=- conn=0x20002170
SETUP[1] mtu_exchange rc=0
SETUP[1] phy_update rc=0
SETUP[1] conn_param_update rc=0
[RECV] DISC start[1]: link=nus uuid=- conn=0x20002170
SETUP[2] defer: global discovery busy
[RECV] MTU exchange[1] done (498)
[RECV] BSF66F notify: CS;1;127708;cal_static;4;100;E,F,G,H;ok,ok,ok,ok;100,100,100,100
[RECV] Conn param updated[1]: int=6 lat=0 to=400
SETUP[2] defer: global discovery busy
[RECV] PHY updated[1]: tx=0x2 rx=0x2
[RECV] CFG confirmed[0]: tag=1 slot=0/10 mask=0x0021 period=40 active=24 gen=16 live=1
[RECV] BSF66F notify: CFG_OK TAG=1 SLOT=0/10 MASK=0x0021 PERIOD=40 ACTIVE=24 GEN=16 LIVE=1
SETUP[2] defer: global discovery busy
SETUP[2] defer: global discovery busy
SETUP[2] defer: global discovery busy
SETUP[2] defer: global discovery busy
SETUP[2] defer: global discovery busy
SETUP[2] defer: global discovery busy
SETUP[2] defer: global discovery busy
[RECV] DISC complete[1]: link=nus discovered_service=2800 uuid=-
[RECV] BLE[1] link ready
[RECV] CFG assigned[1]: bs=BSDC91 tag=1 slot=0/10 mask=0x0021 period=40 active=24 gen=17 pmode=0
[RECV] TDMA weighted[0]: bs=BSDC91 profile=motion target=5Hz mask=0x0021 slots=2/10 actual_x100=500 epoch_delay=3000
[RECV] CFG assigned[0]: bs=BSF66F tag=2 slot=3/10 mask=0x0108 period=40 active=24 gen=17 pmode=0
[RECV] TDMA weighted[1]: bs=BSF66F profile=motion target=5Hz mask=0x0108 slots=2/10 actual_x100=500 epoch_delay=2999
SETUP[2] begin: link=nus uuid=- conn=0x20002240
SETUP[2] mtu_exchange rc=0
SETUP[2] phy_update rc=0
SETUP[2] conn_param_update rc=0
[RECV] DISC start[2]: link=nus uuid=- conn=0x20002240
[RECV] CFG confirmed[0]: tag=2 slot=3/10 mask=0x0108 period=40 active=24 gen=17 live=1
[RECV] BSF66F notify: CFG_OK TAG=2 SLOT=3/10 MASK=0x0108 PERIOD=40 ACTIVE=24 GEN=17 LIVE=1
[RECV] Conn param updated[2]: int=6 lat=0 to=400
[RECV] BSDC91 notify: CS;1;117132;cal_roto;5;100;B,D,E,F;ok,ok,ok,ok;100,100,100,100
[RECV] MTU exchange[2] done (498)
[RECV] PHY updated[2]: tx=0x2 rx=0x2
[RECV] CFG confirmed[1]: tag=1 slot=0/10 mask=0x0021 period=40 active=24 gen=17 live=1
[RECV] BSDC91 notify: CFG_OK TAG=1 SLOT=0/10 MASK=0x0021 PERIOD=40 ACTIVE=24 GEN=17 LIVE=1
[RECV] DISC complete[2]: link=nus discovered_service=2800 uuid=-
[RECV] BLE[2] link ready
[RECV] CFG assigned[2]: bs=BS2DCE tag=1 slot=0/10 mask=0x0021 period=40 active=24 gen=18 pmode=0
[RECV] TDMA weighted[0]: bs=BS2DCE profile=motion target=5Hz mask=0x0021 slots=2/10 actual_x100=500 epoch_delay=3000
[RECV] CFG assigned[1]: bs=BSDC91 tag=2 slot=2/10 mask=0x0084 period=40 active=24 gen=18 pmode=0
[RECV] TDMA weighted[1]: bs=BSDC91 profile=motion target=5Hz mask=0x0084 slots=2/10 actual_x100=500 epoch_delay=2999
[RECV] CFG assigned[0]: bs=BSF66F tag=3 slot=3/10 mask=0x0108 period=40 active=24 gen=18 pmode=0
[RECV] TDMA weighted[2]: bs=BSF66F profile=motion target=5Hz mask=0x0108 slots=2/10 actual_x100=500 epoch_delay=2998
[RECV] BS2DCE notify: CS;1;112799;cal_roto;5;100;D,A,G,H;ok,ok,ok,ok;100,100,100,100
[RECV] CFG confirmed[1]: tag=2 slot=2/10 mask=0x0084 period=40 active=24 gen=18 live=1
[RECV] BSDC91 notify: CFG_OK TAG=2 SLOT=2/10 MASK=0x0084 PERIOD=40 ACTIVE=24 GEN=18 LIVE=1
[RECV] CFG confirmed[0]: tag=3 slot=3/10 mask=0x0108 period=40 active=24 gen=18 live=1
[RECV] BSF66F notify: CFG_OK TAG=3 SLOT=3/10 MASK=0x0108 PERIOD=40 ACTIVE=24 GEN=18 LIVE=1
[RECV] CFG confirmed[2]: tag=1 slot=0/10 mask=0x0021 period=40 active=24 gen=18 live=1
[RECV] BS2DCE notify: CFG_OK TAG=1 SLOT=0/10 MASK=0x0021 PERIOD=40 ACTIVE=24 GEN=18 LIVE=1
[RECV] Conn param updated[0]: int=6 lat=0 to=400
[RECV] Conn param updated[1]: int=6 lat=0 to=400
[RECV] Conn param updated[2]: int=6 lat=0 to=400
>>> cmd VERSION BS2DCE #attempt=1
[RECV] BLE cmd skip[0]: target mismatch kind=tag target_name=bs2dce target_uuid=- peer_name=- peer_bs=BSF66F peer_uuid=- link=nus ready=1
[RECV] BLE cmd skip[1]: target mismatch kind=tag target_name=bs2dce target_uuid=- peer_name=- peer_bs=BSDC91 peer_uuid=- link=nus ready=1
[RECV] BLE cmd sent[2]: VERSION
[RECV] cmd rc=1 payload=VERSION
[RECV] BS2DCE notify: VERSION fw=joint-resp1000-tagrx650to900-20260425_125049 bs=BS2DCE tag=1 pmode=0 amode=0
>>> ota_target name BSDC91
[RECV] ota_target name rc=0 value=bsdc91
OTA target filter: token=-1 name=bsdc91 prefix=bs uuid=-
>>> ota_target show
OTA target filter: token=-1 name=bsdc91 prefix=bs uuid=-
>>> scan
[RECV] Master discovery mode: SCAN only
[RECV] Master disconnecting peer[0]: bs=BSF66F
[RECV] Master disconnecting peer[1]: bs=BSDC91
[RECV] Master disconnecting peer[2]: bs=BS2DCE
[RECV] SCAN start req: bt_ready=1 scan_running=0 connecting_slot=-1 conn_count=3 target=tag prefix=BS
[RECV] Scanning for BS*
[RECV] Disconnected[0]: FC:9A:15:34:AB:20 (random) reason=0x16 link=nus ready=1
[RECV] CFG send failed[2]: tag=1 slot=0 err=-128
[RECV] TDMA weighted[0]: bs=BS2DCE profile=motion target=5Hz mask=0x0021 slots=2/10 actual_x100=500 epoch_delay=3000
[RECV] CFG send failed[1]: tag=2 slot=3 err=-128
[RECV] TDMA weighted[1]: bs=BSDC91 profile=motion target=5Hz mask=0x0108 slots=2/10 actual_x100=500 epoch_delay=3000
[RECV] Disconnected[1]: D5:53:48:EF:8F:59 (random) reason=0x16 link=nus ready=1
[RECV] CFG send failed[2]: tag=1 slot=0 err=-128
[RECV] TDMA weighted[0]: bs=BS2DCE profile=motion target=5Hz mask=0x0021 slots=2/10 actual_x100=500 epoch_delay=3000
[RECV] Disconnected[2]: FF:5E:D2:80:EA:D2 (random) reason=0x16 link=nus ready=1
[RECV] SCAN hit: D5:53:48:EF:8F:59 (random) rssi=-64 name=- bs=BSDC91 uuid=- target=tag uuid_ok=1 tag_name=0 anchor_name=0 nus=0 dfu=1 token=1 props=0x03
[RECV] SCAN hit: FF:5E:D2:80:EA:D2 (random) rssi=-59 name=- bs=BS2DCE uuid=- target=tag uuid_ok=1 tag_name=0 anchor_name=0 nus=0 dfu=1 token=1 props=0x03
[RECV] SCAN hit: FC:9A:15:34:AB:20 (random) rssi=-54 name=- bs=BSF66F uuid=- target=tag uuid_ok=1 tag_name=0 anchor_name=0 nus=0 dfu=1 token=1 props=0x03
>>> conn
[RECV] Master discovery mode: CONN & START
[RECV] CONNECT pending[0]: addr_valid=1 link=nus uuid=- scan_running=1 conn_count=0
[RECV] CONNECT pending[0]: bt_le_scan_stop rc=0 scan_running=1
[RECV] CONNECT pending[0] rc=0 conn=0x200020a0
[RECV] Connected[0]: D5:53:48:EF:8F:59 (random) name=- bs=BSDC91
[RECV] CONNECT state[0]: link=nus uuid=- ready=0 conn=0x200020a0
[RECV] CONNECT pending[1]: addr_valid=1 link=nus uuid=- scan_running=0 conn_count=1
[RECV] CONNECT pending[1] rc=0 conn=0x20002170
SETUP[0] defer: waiting 319 ms before discovery start
SETUP[0] defer: waiting 269 ms before discovery start
[RECV] Connected[1]: FF:5E:D2:80:EA:D2 (random) name=- bs=BS2DCE
[RECV] CONNECT state[1]: link=nus uuid=- ready=0 conn=0x20002170
[RECV] PHY updated[0]: tx=0x2 rx=0x2
[RECV] CONNECT pending[2]: addr_valid=1 link=nus uuid=- scan_running=0 conn_count=2
[RECV] CONNECT pending[2] rc=0 conn=0x20002240
SETUP[0] defer: waiting 217 ms before discovery start
SETUP[1] defer: waiting 325 ms before discovery start
SETUP[0] defer: waiting 166 ms before discovery start
SETUP[1] defer: waiting 274 ms before discovery start
[RECV] Connected[2]: FC:9A:15:34:AB:20 (random) name=- bs=BSF66F
[RECV] CONNECT state[2]: link=nus uuid=- ready=0 conn=0x20002240
SETUP[0] defer: waiting 116 ms before discovery start
SETUP[1] defer: waiting 224 ms before discovery start
SETUP[2] defer: waiting 330 ms before discovery start
SETUP[0] defer: waiting 65 ms before discovery start
SETUP[1] defer: waiting 173 ms before discovery start
SETUP[2] defer: waiting 280 ms before discovery start
[RECV] PHY updated[1]: tx=0x2 rx=0x2
SETUP[0] defer: waiting 14 ms before discovery start
SETUP[1] defer: waiting 122 ms before discovery start
SETUP[2] defer: waiting 229 ms before discovery start
SETUP[0] begin: link=nus uuid=- conn=0x200020a0
SETUP[0] mtu_exchange rc=0
SETUP[0] phy_update rc=0
SETUP[0] conn_param_update rc=0
[RECV] DISC start[0]: link=nus uuid=- conn=0x200020a0
SETUP[1] defer: global discovery busy
SETUP[2] defer: global discovery busy
[RECV] MTU exchange[0] done (498)
SETUP[1] defer: global discovery busy
SETUP[2] defer: global discovery busy
[RECV] Conn param updated[0]: int=6 lat=0 to=400
[RECV] PHY updated[2]: tx=0x2 rx=0x2
[RECV] PHY updated[0]: tx=0x2 rx=0x2
SETUP[1] defer: global discovery busy
SETUP[2] defer: global discovery busy
SETUP[1] defer: global discovery busy
SETUP[2] defer: global discovery busy
SETUP[1] defer: global discovery busy
SETUP[2] defer: global discovery busy
SETUP[1] defer: global discovery busy
SETUP[2] defer: global discovery busy
SETUP[1] defer: global discovery busy
SETUP[2] defer: global discovery busy
SETUP[1] defer: global discovery busy
SETUP[2] defer: global discovery busy
[RECV] DISC complete[0]: link=nus discovered_service=2800 uuid=-
[RECV] BLE[0] link ready
[RECV] CFG assigned[0]: bs=BSDC91 tag=1 slot=0/10 mask=0x0021 period=40 active=24 gen=21 pmode=0
[RECV] TDMA weighted[0]: bs=BSDC91 profile=motion target=5Hz mask=0x0021 slots=2/10 actual_x100=500 epoch_delay=3000
[RECV] SCAN start req: bt_ready=1 scan_running=0 connecting_slot=-1 conn_count=3 target=tag prefix=BS
[RECV] Scanning for BS*
SETUP[1] begin: link=nus uuid=- conn=0x20002170
SETUP[1] mtu_exchange rc=0
SETUP[1] phy_update rc=0
SETUP[1] conn_param_update rc=0
[RECV] DISC start[1]: link=nus uuid=- conn=0x20002170
SETUP[2] defer: global discovery busy
[RECV] BSDC91 notify: CS;1;117132;cal_roto;5;100;B,D,E,F;ok,ok,ok,ok;100,100,100,100
[RECV] MTU exchange[1] done (498)
[RECV] Conn param updated[1]: int=6 lat=0 to=400
SETUP[2] defer: global discovery busy
[RECV] CFG confirmed[0]: tag=1 slot=0/10 mask=0x0021 period=40 active=24 gen=21 live=1
[RECV] BSDC91 notify: CFG_OK TAG=1 SLOT=0/10 MASK=0x0021 PERIOD=40 ACTIVE=24 GEN=21 LIVE=1
[RECV] PHY updated[1]: tx=0x2 rx=0x2
SETUP[2] defer: global discovery busy
SETUP[2] defer: global discovery busy
SETUP[2] defer: global discovery busy
SETUP[2] defer: global discovery busy
SETUP[2] defer: global discovery busy
SETUP[2] defer: global discovery busy
SETUP[2] defer: global discovery busy
[RECV] DISC complete[1]: link=nus discovered_service=2800 uuid=-
[RECV] BLE[1] link ready
[RECV] CFG assigned[1]: bs=BS2DCE tag=1 slot=0/10 mask=0x0021 period=40 active=24 gen=22 pmode=0
[RECV] TDMA weighted[0]: bs=BS2DCE profile=motion target=5Hz mask=0x0021 slots=2/10 actual_x100=500 epoch_delay=3000
[RECV] CFG assigned[0]: bs=BSDC91 tag=2 slot=3/10 mask=0x0108 period=40 active=24 gen=22 pmode=0
[RECV] TDMA weighted[1]: bs=BSDC91 profile=motion target=5Hz mask=0x0108 slots=2/10 actual_x100=500 epoch_delay=2998
SETUP[2] begin: link=nus uuid=- conn=0x20002240
SETUP[2] mtu_exchange rc=0
SETUP[2] phy_update rc=0
SETUP[2] conn_param_update rc=0
[RECV] DISC start[2]: link=nus uuid=- conn=0x20002240
[RECV] BS2DCE notify: CS;1;112799;cal_roto;5;100;D,A,G,H;ok,ok,ok,ok;100,100,100,100
[RECV] CFG confirmed[0]: tag=2 slot=3/10 mask=0x0108 period=40 active=24 gen=22 live=1
[RECV] BSDC91 notify: CFG_OK TAG=2 SLOT=3/10 MASK=0x0108 PERIOD=40 ACTIVE=24 GEN=22 LIVE=1
[RECV] MTU exchange[2] done (498)
[RECV] Conn param updated[2]: int=6 lat=0 to=400
[RECV] CFG confirmed[1]: tag=1 slot=0/10 mask=0x0021 period=40 active=24 gen=22 live=1
[RECV] BS2DCE notify: CFG_OK TAG=1 SLOT=0/10 MASK=0x0021 PERIOD=40 ACTIVE=24 GEN=22 LIVE=1
[RECV] PHY updated[2]: tx=0x2 rx=0x2
[RECV] DISC complete[2]: link=nus discovered_service=2800 uuid=-
[RECV] BLE[2] link ready
[RECV] CFG assigned[1]: bs=BS2DCE tag=1 slot=0/10 mask=0x0021 period=40 active=24 gen=23 pmode=0
[RECV] TDMA weighted[0]: bs=BS2DCE profile=motion target=5Hz mask=0x0021 slots=2/10 actual_x100=500 epoch_delay=3000
[RECV] CFG assigned[0]: bs=BSDC91 tag=2 slot=2/10 mask=0x0084 period=40 active=24 gen=23 pmode=0
[RECV] TDMA weighted[1]: bs=BSDC91 profile=motion target=5Hz mask=0x0084 slots=2/10 actual_x100=500 epoch_delay=2999
[RECV] CFG assigned[2]: bs=BSF66F tag=3 slot=3/10 mask=0x0108 period=40 active=24 gen=23 pmode=0
[RECV] TDMA weighted[2]: bs=BSF66F profile=motion target=5Hz mask=0x0108 slots=2/10 actual_x100=500 epoch_delay=2998
[RECV] BSF66F notify: CS;1;127708;cal_static;4;100;E,F,G,H;ok,ok,ok,ok;100,100,100,100
[RECV] CFG confirmed[1]: tag=1 slot=0/10 mask=0x0021 period=40 active=24 gen=23 live=1
[RECV] BS2DCE notify: CFG_OK TAG=1 SLOT=0/10 MASK=0x0021 PERIOD=40 ACTIVE=24 GEN=23 LIVE=1
[RECV] CFG confirmed[0]: tag=2 slot=2/10 mask=0x0084 period=40 active=24 gen=23 live=1
[RECV] BSDC91 notify: CFG_OK TAG=2 SLOT=2/10 MASK=0x0084 PERIOD=40 ACTIVE=24 GEN=23 LIVE=1
[RECV] CFG confirmed[2]: tag=3 slot=3/10 mask=0x0108 period=40 active=24 gen=23 live=1
[RECV] BSF66F notify: CFG_OK TAG=3 SLOT=3/10 MASK=0x0108 PERIOD=40 ACTIVE=24 GEN=23 LIVE=1
[RECV] Conn param updated[0]: int=6 lat=0 to=400
[RECV] Conn param updated[1]: int=6 lat=0 to=400
[RECV] Conn param updated[2]: int=6 lat=0 to=400
>>> cmd VERSION BSDC91 #attempt=1
[RECV] BLE cmd sent[0]: VERSION
[RECV] BLE cmd skip[1]: target mismatch kind=tag target_name=bsdc91 target_uuid=- peer_name=- peer_bs=BS2DCE peer_uuid=- link=nus ready=1
[RECV] BLE cmd skip[2]: target mismatch kind=tag target_name=bsdc91 target_uuid=- peer_name=- peer_bs=BSF66F peer_uuid=- link=nus ready=1
[RECV] cmd rc=1 payload=VERSION
[RECV] BSDC91 notify: VERSION fw=joint-resp1000-tagrx650to900-20260425_125049 bs=BSDC91 tag=2 pmode=0 amode=0
