PORT=/dev/serial/by-id/usb-BioSpur_BioSpur_BLE_Control_87EA2F4A526C5A02-if00
START=2026-05-11 10:02:23
MASTER=C
PRECHECK: BSxxxx tag quarantine disabled; master/matrix anchors ignore tag polls during sweep
PRECHECK: context session_autopos_ready=1 autopos_initialized=1
PRECHECK: reusing session AUTOPOS state from matrix guard
PRECHECK: reusing existing AUTOPOS map
>>> autopos round C 500
[AUTOPOS] AUTOPOS round staged: master=C sets=500
>>> autopos status
[AUTOPOS] AUTOPOS: mode=AUTOPOS state=staged staged=C last_success=B sets=500 error=-
>>> autopos apply
[AUTOPOS] AUTOPOS apply started
[AUTOPOS] RECV_BG gate: SUPPRESS reason=autopos_detach
[AUTOPOS] AUTOPOS detach skip STOP: finite master auto-returns to matrix sets=500
[AUTOPOS] RECV_BG gate: ALLOW reason=autopos_detach_done
[AUTOPOS] SCAN start req: bt_ready=1 scan_running=0 connecting_slot=-1 conn_count=1 target=anchor prefix=ANCHOR-
[AUTOPOS] Scanning for ANCHOR-*
[AUTOPOS] AUTOPOS apply mode: incremental
[AUTOPOS] AUTOPOS apply incremental: prev_master=B new_master=C
[AUTOPOS] AUTOPOS incremental: skip B demote for finite sweep; master auto-returned to matrix
[AUTOPOS] Master discovery mode: CONN & START
[AUTOPOS] Master discovery mode: CONN & START
[AUTOPOS] SCAN start req: bt_ready=1 scan_running=0 connecting_slot=-1 conn_count=1 target=anchor prefix=ANCHOR-
[AUTOPOS] Scanning for ANCHOR-*
[AUTOPOS] AUTOPOS wait anchor ready: uuid=CEE5A7EFCB35F8A56B430047629F5309 timeout_ms=12000
[AUTOPOS] AUTOPOS wait anchor ready: waited=0 ready_count=0
[AUTOPOS] READY count=0 target=anchor target_uuid=CEE5A7EFCB35F8A56B430047629F5309 conn_count=1 connecting_slot=-1 scan=1 auto=1
[AUTOPOS] READY peer[1]: link=anchor-ctrl connected=1 ready=1 pending=0 inflight=0 retries=0 start_failures=0 uuid=B9179575C776C98F1CB132DD6EDC6223 name=- state_h=0x0012 ctrl_h=0x0019 result_h=0x001b
[AUTOPOS] SCAN hit: FD:64:2E:93:37:86 (random) rssi=-65 name=- bs=- uuid=CEE5A7EFCB35F8A56B430047629F5309 target=anchor uuid_ok=1 tag_name=0 anchor_name=0 nus=0 dfu=0 token=0 props=0x03
[AUTOPOS] CONNECT queue[0]: addr=FD:64:2E:93:37:86 (random) link=anchor-ctrl uuid=CEE5A7EFCB35F8A56B430047629F5309 target=anchor
[AUTOPOS] CONNECT pending[0]: addr_valid=1 link=anchor-ctrl uuid=CEE5A7EFCB35F8A56B430047629F5309 scan_running=1 conn_count=1
[AUTOPOS] CONNECT pending[0]: bt_le_scan_stop rc=0 scan_running=1
[AUTOPOS] CONNECT pending[0] rc=0 conn=0x200048d8 interval=32-56 timeout=1000
[AUTOPOS] Connected[0]: FD:64:2E:93:37:86 (random) name=- bs=-
[AUTOPOS] CONNECT state[0]: link=anchor-ctrl uuid=CEE5A7EFCB35F8A56B430047629F5309 ready=0 conn=0x200048d8
SETUP[0] begin: link=anchor-ctrl uuid=CEE5A7EFCB35F8A56B430047629F5309 conn=0x200048d8
SETUP[0] anchor-ctrl result-stream mtu_exchange rc=0
SETUP[0] conn_param_update rc=0 interval=32-56 timeout=1000
Anchor ctrl result-stream subscribe[0] rc=0
ANCHOR_CTRL[0] static link ready state=0x0012 ctrl=0x0019 result=0x001b uuid=CEE5A7EFCB35F8A56B430047629F5309
[AUTOPOS] AUTOPOS wait anchor ready: waited=600 ready_count=1
[AUTOPOS] READY count=1 target=anchor target_uuid=CEE5A7EFCB35F8A56B430047629F5309 conn_count=2 connecting_slot=-1 scan=0 auto=1
[AUTOPOS] READY peer[0]: link=anchor-ctrl connected=1 ready=1 pending=0 inflight=0 retries=0 start_failures=0 uuid=CEE5A7EFCB35F8A56B430047629F5309 name=- state_h=0x0012 ctrl_h=0x0019 result_h=0x001b
[AUTOPOS] READY peer[1]: link=anchor-ctrl connected=1 ready=1 pending=0 inflight=0 retries=0 start_failures=0 uuid=B9179575C776C98F1CB132DD6EDC6223 name=- state_h=0x0012 ctrl_h=0x0019 result_h=0x001b
[AUTOPOS] AUTOPOS wait anchor ready: uuid=CEE5A7EFCB35F8A56B430047629F5309 control link ready
[AUTOPOS] Master anchor result stream: on
[AUTOPOS] MTU exchange[0] done (498)
[AUTOPOS] Anchor ctrl sent[0]: RM 500 uuid=CEE5A7EFCB35F8A56B430047629F5309
[AUTOPOS] BLE cmd skip[1]: target mismatch kind=anchor target_name=- target_uuid=CEE5A7EFCB35F8A56B430047629F5309 peer_name=- peer_bs=- peer_uuid=B9179575C776C98F1CB132DD6EDC6223 link=anchor-ctrl ready=1
[AUTOPOS] ANCHOR_CTRL[0] notify: OK RUNTIME_SWITCH_REQUESTED SWEEP=500
[AUTOPOS] ANCHOR_CTRL[0] notify: DBG ROLE_SWITCH anchor=C role=master sets=500
[AUTOPOS] ANCHOR_CTRL[0] notify: DBG ROLE_START anchor=C role=master sets=500
[AUTOPOS] ANCHOR_CTRL[0] notify: DBG MASTER_START anchor=C peers=7 sets=500
[AUTOPOS] ANCHOR_CTRL[0] notify: DBG MASTER_FIRST_PEER anchor=C peer=A
[AUTOPOS] ANCHOR_CTRL[0] notify: DBG MASTER_FIRST_RESULT anchor=C peer=A rx=0 status=0x008200f2
[AUTOPOS] AUTOPOS result: DBG MASTER_FIRST_RESULT anchor=C peer=A rx=0 status=0x008200f2
[AUTOPOS] SW-C,A,0,0,B,0,0,D,4039,100,E,0,0,F,0,0,G,1644,100,H,4193,100
[AUTOPOS] Conn param updated[0]: int=56 lat=0 to=1000
[AUTOPOS] AUTOPOS state: STATE fw=alt-bcast-a40-pendingguard-g120 bs=BS5380 uuid=CEE5A7EFCB35F8A56B430047629F5309 label=C role=master cfg_valid=1 busy=1 pending_valid=1 schema=2 gen=0 reboot_required=0
[AUTOPOS] AUTOPOS runtime accept via role state: master=C
[AUTOPOS] AUTOPOS anchor C role verified
[AUTOPOS] AUTOPOS apply success: master=C
[AUTOPOS] AUTOPOS finite sweep handoff: master=C sets=500; host waits for SWEEP_DONE
[AUTOPOS] AUTOPOS sweep listen attach: master=C uuid=CEE5A7EFCB35F8A56B430047629F5309
[AUTOPOS] Master anchor result stream: on
[AUTOPOS] Master discovery mode: CONN & START
[AUTOPOS] SW-C,A,0,0,B,0,0,D,4055,100,E,0,0,F,0,0,G,1664,100,H,4221,100
[AUTOPOS] SW-C,A,0,0,B,0,0,D,3989,100,E,0,0,F,0,0,G,1668,100,H,4210,100
[AUTOPOS] SW-C,A,0,0,B,0,0,D,3995,100,E,0,0,F,0,0,G,1686,100,H,4202,100
[AUTOPOS] SW-C,A,0,0,B,0,0,D,3987,100,E,0,0,F,0,0,G,1700,100,H,4125,100
[AUTOPOS] SW-C,A,0,0,B,0,0,D,3968,100,E,0,0,F,0,0,G,1641,100,H,4164,100
[AUTOPOS] SW-C,A,0,0,B,0,0,D,3996,100,E,0,0,F,0,0,G,1716,100,H,4190,100
[AUTOPOS] SW-C,A,0,0,B,0,0,D,3966,100,E,0,0,F,0,0,G,1674,100,H,4186,100
[AUTOPOS] SW-C,A,0,0,B,0,0,D,3998,100,E,0,0,F,0,0,G,1672,100,H,4168,100
[AUTOPOS] SW-C,A,0,0,B,0,0,D,3998,100,E,0,0,F,0,0,G,1645,100,H,4178,100
[AUTOPOS] SW-C,A,0,0,B,0,0,D,3975,90,E,0,0,F,0,0,G,1669,100,H,4229,100
[AUTOPOS] SW-C,A,0,0,B,0,0,D,3979,91,E,0,0,F,0,0,G,1623,100,H,4187,100
[AUTOPOS] SW-C,A,0,0,B,0,0,D,3991,92,E,0,0,F,0,0,G,1652,100,H,4285,100
[AUTOPOS] SW-C,A,0,0,B,0,0,D,4013,92,E,0,0,F,0,0,G,1682,100,H,4126,100
[AUTOPOS] SW-C,A,0,0,B,0,0,D,4061,93,E,3353,100,F,4808,100,G,1625,100,H,4210,100
[AUTOPOS] SW-C,A,3191,100,B,4572,100,D,3976,93,E,3629,100,F,4868,100,G,1636,100,H,4281,100
[AUTOPOS] SW-C,A,3079,100,B,4539,100,D,4005,94,E,3539,100,F,4847,100,G,1687,100,H,4190,100
[AUTOPOS] SW-C,A,3066,100,B,4505,100,D,3999,94,E,3495,100,F,4872,100,G,1698,100,H,4152,100
[AUTOPOS] SW-C,A,3112,100,B,4559,100,D,4015,94,E,3515,100,F,4828,100,G,1669,100,H,4138,100
[AUTOPOS] SW-C,A,3125,100,B,4599,100,D,4078,95,E,3529,100,F,4823,100,G,1650,100,H,4221,100
[AUTOPOS] SW-C,A,3137,100,B,4586,100,D,4048,95,E,3569,100,F,4835,100,G,1639,100,H,4285,100
[AUTOPOS] SW-C,A,3123,100,B,4521,100,D,4113,95,E,3560,100,F,4849,100,G,1657,100,H,4213,100
[AUTOPOS] SW-C,A,3079,100,B,4546,100,D,4007,95,E,3518,100,F,4826,100,G,1685,100,H,4215,100
[AUTOPOS] SW-C,A,3110,100,B,4498,100,D,4015,95,E,3514,100,F,4842,100,G,1665,100,H,4137,100
[AUTOPOS] SW-C,A,3149,100,B,4512,100,D,4052,96,E,3519,100,F,4866,100,G,1657,100,H,4186,100
[AUTOPOS] SW-C,A,3157,100,B,4559,100,D,3999,96,E,3510,100,F,4839,100,G,1636,100,H,4162,100
[AUTOPOS] SW-C,A,3110,100,B,4507,100,D,4018,96,E,3535,100,F,4844,100,G,1655,100,H,4265,100
[AUTOPOS] SW-C,A,3111,100,B,4550,100,D,3959,96,E,3510,100,F,4872,100,G,1663,100,H,4272,100
[AUTOPOS] SW-C,A,3096,100,B,4533,100,D,3978,96,E,3553,100,F,4830,100,G,1600,100,H,4183,100
[AUTOPOS] SW-C,A,3096,100,B,4533,100,D,3983,96,E,3553,100,F,4830,100,G,1629,100,H,4145,100
[AUTOPOS] SW-C,A,3096,100,B,4533,100,D,3946,96,E,3553,100,F,4830,100,G,1619,100,H,4171,100
[AUTOPOS] SW-C,A,3096,100,B,4533,100,D,3965,96,E,3553,100,F,4830,100,G,1613,100,H,4171,100
[AUTOPOS] SW-C,A,3096,100,B,4533,100,D,3905,100,E,3553,100,F,4830,100,G,1673,100,H,4252,100
[AUTOPOS] SW-C,A,3096,100,B,4533,100,D,3959,100,E,3553,100,F,4830,100,G,1657,100,H,4237,100
[AUTOPOS] SW-C,A,3096,100,B,4533,100,D,3951,100,E,3553,100,F,4830,100,G,1644,100,H,4202,100
[AUTOPOS] SW-C,A,3096,100,B,4533,100,D,3972,100,E,3553,100,F,4830,100,G,1635,100,H,4196,100
[AUTOPOS] SW-C,A,3096,100,B,4533,100,D,3952,100,E,3553,100,F,4830,100,G,1648,100,H,4216,100
[AUTOPOS] SW-C,A,3096,100,B,4533,100,D,3962,100,E,3553,100,F,4830,100,G,1676,100,H,4196,100
[AUTOPOS] SW-C,A,3096,100,B,4533,100,D,3977,100,E,3553,100,F,4830,100,G,1646,100,H,4168,100
[AUTOPOS] SW-C,A,3096,100,B,4533,100,D,3934,100,E,3553,100,F,4830,100,G,1674,100,H,4157,100
[AUTOPOS] SW-C,A,3096,100,B,4533,100,D,3906,100,E,3553,100,F,4830,100,G,1622,100,H,4146,100
[AUTOPOS] SW-C,A,3096,100,B,4533,100,D,3971,100,E,3553,100,F,4830,100,G,1618,100,H,4226,100
[AUTOPOS] SW-C,A,3096,100,B,4533,100,D,3988,100,E,3553,100,F,4830,100,G,1650,100,H,4169,100
[AUTOPOS] SW-C,A,3096,100,B,4533,100,D,3978,100,E,3553,100,F,4830,100,G,1624,100,H,4186,100
[AUTOPOS] SW-C,A,3096,100,B,4533,100,D,3938,100,E,3553,100,F,4830,100,G,1627,100,H,4158,100
[AUTOPOS] SW-C,A,3096,100,B,4533,100,D,3965,100,E,3553,100,F,4830,100,G,1692,100,H,4160,100
[AUTOPOS] SW-C,A,3096,100,B,4533,100,D,3944,100,E,3553,100,F,4830,100,G,1697,100,H,4187,100
[AUTOPOS] SW-C,A,3096,100,B,4533,100,D,3966,100,E,3553,100,F,4830,100,G,1651,100,H,4171,100
[AUTOPOS] SW-C,A,3096,100,B,4533,100,D,3998,100,E,3553,100,F,4830,100,G,1652,100,H,4198,100
[AUTOPOS] SW-C,A,3096,100,B,4533,100,D,3978,100,E,3553,100,F,4830,100,G,1609,100,H,4153,100
[AUTOPOS] SW-C,A,3096,100,B,4533,100,D,3968,100,E,3553,100,F,4830,100,G,1670,100,H,4185,100
[AUTOPOS] SW-C,A,3096,100,B,4533,100,D,3922,100,E,3553,100,F,4830,100,G,1669,100,H,4196,100
[AUTOPOS] SW-C,A,3096,100,B,4533,100,D,3970,100,E,3553,100,F,4830,100,G,1671,100,H,4228,100
[AUTOPOS] SW-C,A,3096,100,B,4533,100,D,3937,100,E,3553,100,F,4830,100,G,1620,100,H,4154,100
[AUTOPOS] SW-C,A,3096,100,B,4533,100,D,3956,100,E,3553,100,F,4830,100,G,1625,100,H,4234,100
[AUTOPOS] SW-C,A,3096,100,B,4533,100,D,3957,100,E,3553,100,F,4830,100,G,1664,100,H,4184,100
[AUTOPOS] SW-C,A,3096,100,B,4533,100,D,3985,100,E,3553,100,F,4830,100,G,1642,100,H,4148,100
[AUTOPOS] Conn param updated[0]: int=56 lat=0 to=1000
[AUTOPOS] SW-C,A,3096,100,B,4533,100,D,3956,100,E,3553,100,F,4830,100,G,1661,100,H,4244,100
[AUTOPOS] SW-C,A,3096,100,B,4533,100,D,3958,100,E,3553,100,F,4830,100,G,1682,100,H,4169,100
[AUTOPOS] SW-C,A,3096,100,B,4533,100,D,3984,100,E,3553,100,F,4830,100,G,1623,100,H,4181,100
[AUTOPOS] Disconnected[1]: C0:1D:D1:D0:CE:B0 (random) reason=0x08 link=anchor-ctrl ready=1
[AUTOPOS] SCAN start req: bt_ready=1 scan_running=0 connecting_slot=-1 conn_count=1 target=anchor prefix=ANCHOR-
[AUTOPOS] Scanning for ANCHOR-*
[AUTOPOS] SW-C,A,3096,100,B,4533,100,D,3951,100,E,3553,100,F,4830,100,G,1680,100,H,4198,100
[AUTOPOS] SW-C,A,3096,100,B,4533,100,D,3941,100,E,3553,100,F,4830,100,G,1670,100,H,4195,100
[AUTOPOS] SW-C,A,3096,100,B,4533,100,D,3972,100,E,3553,100,F,4830,100,G,1681,100,H,4165,100
[AUTOPOS] SW-C,A,3096,100,B,4533,100,D,3931,100,E,3553,100,F,4830,100,G,1632,100,H,4209,100
[AUTOPOS] SW-C,A,3096,100,B,4533,100,D,3975,100,E,3553,100,F,4830,100,G,1633,100,H,4102,100
[AUTOPOS] SW-C,A,3096,100,B,4533,100,D,3952,100,E,3553,100,F,4830,100,G,1647,100,H,4175,100
[AUTOPOS] SW-C,A,3096,100,B,4533,100,D,3956,100,E,3553,100,F,4830,100,G,1670,100,H,4205,100
[AUTOPOS] SW-C,A,3096,100,B,4533,100,D,3962,100,E,3553,100,F,4830,100,G,1659,100,H,4205,100
[AUTOPOS] SW-C,A,3096,100,B,4533,100,D,3908,100,E,3553,100,F,4830,100,G,1634,100,H,4182,100
[AUTOPOS] SW-C,A,3096,100,B,4533,100,D,3984,100,E,3553,100,F,4830,100,G,1658,100,H,4196,100
[AUTOPOS] SW-C,A,3096,100,B,4533,100,D,3944,100,E,3553,100,F,4830,100,G,1626,100,H,4198,100
[AUTOPOS] SW-C,A,3096,100,B,4533,100,D,3944,100,E,3553,100,F,4830,100,G,1699,100,H,4207,100
[AUTOPOS] SW-C,A,3096,100,B,4533,100,D,3934,100,E,3553,100,F,4830,100,G,1630,100,H,4207,100
[AUTOPOS] SW-C,A,3096,100,B,4533,100,D,3917,100,E,3553,100,F,4830,100,G,1600,100,H,4159,96
[AUTOPOS] SW-C,A,3096,100,B,4533,100,D,3941,100,E,3553,100,F,4830,100,G,1633,100,H,4176,96
[AUTOPOS] SW-C,A,3096,100,B,4533,100,D,3935,100,E,3553,100,F,4830,100,G,1651,100,H,4142,96
[AUTOPOS] SW-C,A,3096,100,B,4533,100,D,3987,100,E,3553,100,F,4830,100,G,1650,100,H,4207,96
[AUTOPOS] SW-C,A,3096,100,B,4533,100,D,4007,100,E,3553,100,F,4830,100,G,1601,100,H,4236,96
[AUTOPOS] SW-C,A,3096,100,B,4533,100,D,3982,100,E,3553,100,F,4830,100,G,1680,100,H,4157,96
[AUTOPOS] SW-C,A,3096,100,B,4533,100,D,3911,100,E,3553,100,F,4830,100,G,1639,100,H,4154,96
[AUTOPOS] SW-C,A,3096,100,B,4533,100,D,3938,100,E,3553,100,F,4830,100,G,1614,100,H,4168,100
[AUTOPOS] SW-C,A,3096,100,B,4533,100,D,3986,100,E,3553,100,F,4830,100,G,1647,100,H,4176,100
[AUTOPOS] SW-C,A,3096,100,B,4533,100,D,3936,100,E,3553,100,F,4830,100,G,1640,100,H,4223,100
[AUTOPOS] SW-C,A,3096,100,B,4533,100,D,3947,100,E,3553,100,F,4830,100,G,1684,100,H,4198,100
[AUTOPOS] SW-C,A,3096,100,B,4533,100,D,4037,100,E,3553,100,F,4830,100,G,1675,100,H,4135,100
[AUTOPOS] SW-C,A,3096,100,B,4533,100,D,3955,100,E,3553,100,F,4830,100,G,1697,100,H,4111,100
[AUTOPOS] SW-C,A,3096,100,B,4533,100,D,3971,100,E,3553,100,F,4830,100,G,1662,100,H,4210,100
[AUTOPOS] SW-C,A,3096,100,B,4533,100,D,3980,100,E,3553,100,F,4830,100,G,1695,100,H,4168,100
[AUTOPOS] SW-C,A,3096,100,B,4533,100,D,3914,100,E,3553,100,F,4830,100,G,1637,100,H,4181,100
[AUTOPOS] SW-C,A,3096,100,B,4533,100,D,3973,100,E,3553,100,F,4830,100,G,1611,100,H,4181,100
[AUTOPOS] SW-C,A,3096,100,B,4533,100,D,3965,100,E,3553,100,F,4830,100,G,1668,100,H,4183,96
[AUTOPOS] SW-C,A,3096,100,B,4533,100,D,3971,100,E,3553,100,F,4830,100,G,1650,100,H,4175,96
[AUTOPOS] SW-C,A,3096,100,B,4533,100,D,3959,100,E,3553,100,F,4830,100,G,1621,100,H,4220,96
[AUTOPOS] SW-C,A,3096,100,B,4533,100,D,3950,100,E,3553,100,F,4830,100,G,1649,100,H,4223,96
[AUTOPOS] SW-C,A,3096,100,B,4533,100,D,3952,100,E,3553,100,F,4830,100,G,1642,100,H,4182,96
[AUTOPOS] SW-C,A,3096,100,B,4533,100,D,3965,100,E,3553,100,F,4830,100,G,1714,100,H,4153,96
[AUTOPOS] SW-C,A,3061,11,B,4561,11,D,3979,100,E,3557,10,F,4829,10,G,1666,100,H,4240,100
[AUTOPOS] SW-C,A,3061,11,B,4581,15,D,3967,100,E,3496,15,F,4834,15,G,1675,100,H,4232,100
[AUTOPOS] SW-C,A,3130,15,B,4523,20,D,3973,100,E,3547,19,F,4793,19,G,1693,100,H,4234,100
[AUTOPOS] SW-C,A,3172,19,B,4533,23,D,4005,100,E,3601,22,F,4843,22,G,1672,100,H,4217,100
[AUTOPOS] SW-C,A,3153,22,B,4593,27,D,3954,100,E,3562,26,F,4853,26,G,1642,100,H,4254,100
[AUTOPOS] SW-C,A,3113,26,B,4529,30,D,3954,100,E,3563,29,F,4826,29,G,1663,100,H,4233,100
[AUTOPOS] SW-C,A,3111,29,B,4522,33,D,3978,95,E,3550,32,F,4928,32,G,1712,100,H,4242,100
[AUTOPOS] SW-C,A,3077,32,B,4625,36,D,3980,95,E,3583,34,F,4901,34,G,1685,100,H,4214,100
[AUTOPOS] SW-C,A,3041,34,B,4583,38,D,4001,96,E,3565,37,F,4878,37,G,1700,100,H,4232,100
[AUTOPOS] SW-C,A,3173,37,B,4585,40,D,3946,96,E,3550,39,F,4846,39,G,1642,100,H,4201,100
[AUTOPOS] SW-C,A,3143,39,B,4561,42,D,3980,96,E,3602,41,F,4920,41,G,1660,100,H,4227,100
[AUTOPOS] SW-C,A,3180,41,B,4591,44,D,3967,96,E,3576,43,F,4879,43,G,1611,100,H,4187,100
[AUTOPOS] SW-C,A,3042,43,B,4561,46,D,3955,96,E,3574,45,F,4879,45,G,1668,100,H,4242,100
[AUTOPOS] SW-C,A,3072,45,B,4565,48,D,3951,96,E,3606,46,F,4879,46,G,1656,100,H,4261,100
[AUTOPOS] SW-C,A,3141,46,B,4585,50,D,3944,96,E,3505,52,F,4892,52,G,1630,100,H,4252,100
[AUTOPOS] SW-C,A,3193,52,B,4557,52,D,3993,96,E,3567,55,F,4826,55,G,1647,100,H,4237,100
[AUTOPOS] SW-C,A,3128,55,B,4586,55,D,3957,100,E,3547,57,F,4904,57,G,1676,100,H,4193,100
[AUTOPOS] SW-C,A,3137,57,B,4586,55,D,3957,100,E,3569,60,F,4847,60,G,1684,100,H,4237,100
[AUTOPOS] SW-C,A,3043,60,B,4532,55,D,3953,100,E,3569,60,F,4847,60,G,1635,100,H,4239,100
[AUTOPOS] SW-C,A,3043,60,B,4532,55,D,3957,100,E,3569,60,F,4847,60,G,1667,100,H,4231,100
[AUTOPOS] SW-C,A,3043,60,B,4532,55,D,3941,100,E,3569,60,F,4847,60,G,1676,100,H,4192,100
[AUTOPOS] SW-C,A,3043,60,B,4532,55,D,3972,100,E,3569,60,F,4847,60,G,1671,100,H,4144,100
[AUTOPOS] SW-C,A,3043,60,B,4532,55,D,4012,100,E,3569,60,F,4847,60,G,1651,100,H,4240,100
[AUTOPOS] SW-C,A,3043,60,B,4532,55,D,3954,100,E,3569,60,F,4847,60,G,1649,100,H,4174,100
[AUTOPOS] SW-C,A,3043,60,B,4532,55,D,3987,100,E,3569,60,F,4847,60,G,1621,100,H,4217,100
[AUTOPOS] SW-C,A,3043,60,B,4532,55,D,3972,100,E,3569,60,F,4847,60,G,1639,100,H,4220,100
[AUTOPOS] SW-C,A,3043,60,B,4532,55,D,3941,100,E,3569,60,F,4847,60,G,1702,100,H,4174,100
[AUTOPOS] SW-C,A,3043,60,B,4532,55,D,3973,100,E,3569,60,F,4847,60,G,1681,100,H,4170,100
[AUTOPOS] SW-C,A,3043,60,B,4532,55,D,3975,100,E,3569,60,F,4847,60,G,1672,100,H,4140,100
[AUTOPOS] SW-C,A,3043,60,B,4532,55,D,3965,100,E,3569,60,F,4847,60,G,1657,100,H,4203,100
[AUTOPOS] SW-C,A,3043,60,B,4532,55,D,3986,100,E,3569,60,F,4847,60,G,1665,100,H,4218,100
[AUTOPOS] SW-C,A,3043,60,B,4532,55,D,3931,100,E,3569,60,F,4847,60,G,1636,100,H,4147,100
[AUTOPOS] SW-C,A,3043,60,B,4532,55,D,3984,100,E,3569,60,F,4847,60,G,1656,100,H,4245,100
[AUTOPOS] SW-C,A,3043,60,B,4532,55,D,3977,100,E,3569,60,F,4847,60,G,1676,100,H,4192,100
[AUTOPOS] SW-C,A,3043,60,B,4532,55,D,3951,100,E,3569,60,F,4847,60,G,1677,100,H,4149,100
[AUTOPOS] SW-C,A,3043,60,B,4532,55,D,3989,100,E,3569,60,F,4847,60,G,1657,100,H,4191,100
[AUTOPOS] SW-C,A,3043,60,B,4532,55,D,3976,100,E,3569,60,F,4847,60,G,1662,100,H,4188,100
[AUTOPOS] SW-C,A,3043,60,B,4532,55,D,3940,100,E,3569,60,F,4847,60,G,1616,100,H,4174,100
[AUTOPOS] SW-C,A,3043,60,B,4532,55,D,3952,100,E,3569,60,F,4847,60,G,1657,100,H,4184,100
[AUTOPOS] SW-C,A,3043,60,B,4532,55,D,3960,100,E,3569,60,F,4847,60,G,1605,100,H,4182,100
[AUTOPOS] SW-C,A,3043,60,B,4532,55,D,3993,100,E,3569,60,F,4847,60,G,1645,100,H,4149,100
[AUTOPOS] SW-C,A,3043,60,B,4532,55,D,3987,100,E,3569,60,F,4847,60,G,1633,100,H,4200,100
[AUTOPOS] SW-C,A,3043,60,B,4532,55,D,3976,100,E,3569,60,F,4847,60,G,1707,100,H,4185,100
[AUTOPOS] SW-C,A,3043,60,B,4532,55,D,3955,100,E,3569,60,F,4847,60,G,1644,100,H,4229,100
[AUTOPOS] SW-C,A,3043,60,B,4532,55,D,3961,100,E,3569,60,F,4847,60,G,1620,100,H,4156,100
[AUTOPOS] SW-C,A,3043,60,B,4532,55,D,3967,100,E,3569,60,F,4847,60,G,1691,100,H,4156,100
[AUTOPOS] SW-C,A,3043,60,B,4532,55,D,3978,100,E,3569,60,F,4847,60,G,1643,100,H,4151,100
[AUTOPOS] SW-C,A,3043,60,B,4532,55,D,3944,100,E,3569,60,F,4847,60,G,1607,100,H,4201,100
[AUTOPOS] SW-C,A,3043,60,B,4532,55,D,3945,100,E,3569,60,F,4847,60,G,1630,100,H,4169,100
[AUTOPOS] SW-C,A,3043,60,B,4532,55,D,3976,100,E,3569,60,F,4847,60,G,1661,100,H,4206,100
[AUTOPOS] SW-C,A,3043,60,B,4532,55,D,3984,100,E,3569,60,F,4847,60,G,1622,100,H,4178,100
[AUTOPOS] SW-C,A,3043,60,B,4532,55,D,3886,100,E,3569,60,F,4847,60,G,1619,100,H,4199,100
[AUTOPOS] SW-C,A,3043,60,B,4532,55,D,3975,100,E,3569,60,F,4847,60,G,1657,100,H,4194,100
[AUTOPOS] SW-C,A,3043,60,B,4532,55,D,3991,100,E,3569,60,F,4847,60,G,1633,100,H,4184,100
[AUTOPOS] SW-C,A,3043,60,B,4532,55,D,3982,100,E,3569,60,F,4847,60,G,1628,100,H,4146,100
[AUTOPOS] SW-C,A,3043,60,B,4532,55,D,3961,100,E,3569,60,F,4847,60,G,1653,100,H,4241,100
[AUTOPOS] SW-C,A,3043,60,B,4532,55,D,3961,100,E,3569,60,F,4847,60,G,1642,100,H,4173,100
[AUTOPOS] SW-C,A,3043,60,B,4532,55,D,3955,100,E,3569,60,F,4847,60,G,1614,100,H,4160,100
[AUTOPOS] SW-C,A,3043,60,B,4532,55,D,3955,100,E,3569,60,F,4847,60,G,1641,100,H,4242,100
[AUTOPOS] SW-C,A,3043,60,B,4532,55,D,3979,100,E,3569,60,F,4847,60,G,1631,100,H,4208,100
[AUTOPOS] SW-C,A,3043,60,B,4532,55,D,3919,100,E,3569,60,F,4847,60,G,1642,100,H,4207,100
[AUTOPOS] SW-C,A,3043,60,B,4532,55,D,4016,100,E,3569,60,F,4847,60,G,1657,100,H,4186,100
[AUTOPOS] SW-C,A,3043,60,B,4532,55,D,4027,100,E,3569,60,F,4847,60,G,1664,100,H,4138,100
[AUTOPOS] SW-C,A,3043,60,B,4532,55,D,3937,100,E,3569,60,F,4847,60,G,1649,100,H,4183,100
[AUTOPOS] SW-C,A,3043,60,B,4532,55,D,3991,100,E,3569,60,F,4847,60,G,1634,100,H,4183,100
[AUTOPOS] SW-C,A,3043,60,B,4532,55,D,3981,100,E,3569,60,F,4847,60,G,1667,100,H,4205,94
[AUTOPOS] SW-C,A,3043,60,B,4532,55,D,3932,100,E,3569,60,F,4847,60,G,1635,100,H,4163,94
[AUTOPOS] SW-C,A,3043,60,B,4532,55,D,3967,100,E,3569,60,F,4847,60,G,1651,100,H,4200,95
[AUTOPOS] SW-C,A,3043,60,B,4532,55,D,3978,100,E,3569,60,F,4847,60,G,1625,100,H,4172,95
[AUTOPOS] SW-C,A,3043,60,B,4532,55,D,4010,100,E,3569,60,F,4847,60,G,1636,100,H,4179,95
[AUTOPOS] SW-C,A,3043,60,B,4532,55,D,3969,100,E,3569,60,F,4847,60,G,1632,100,H,4102,95
[AUTOPOS] SW-C,A,3043,60,B,4532,55,D,3932,100,E,3569,60,F,4847,60,G,1717,100,H,4209,95
[AUTOPOS] SW-C,A,3043,60,B,4532,55,D,3979,100,E,3569,60,F,4847,60,G,1652,100,H,4202,96
[AUTOPOS] SW-C,A,3043,60,B,4532,55,D,3922,100,E,3569,60,F,4847,60,G,1630,100,H,4170,96
[AUTOPOS] SW-C,A,3043,60,B,4532,55,D,4001,100,E,3569,60,F,4847,60,G,1643,100,H,4194,96
[AUTOPOS] SW-C,A,3043,60,B,4532,55,D,3991,100,E,3569,60,F,4847,60,G,1677,100,H,4159,96
[AUTOPOS] SW-C,A,3043,60,B,4532,55,D,4005,100,E,3569,60,F,4847,60,G,1646,100,H,4166,96
[AUTOPOS] SW-C,A,3043,60,B,4532,55,D,3987,100,E,3569,60,F,4847,60,G,1646,100,H,4171,96
[AUTOPOS] SW-C,A,3043,60,B,4532,55,D,3971,100,E,3569,60,F,4847,60,G,1639,100,H,4195,96
[AUTOPOS] SW-C,A,3043,60,B,4532,55,D,3929,100,E,3569,60,F,4847,60,G,1627,100,H,4192,96
[AUTOPOS] SW-C,A,3043,60,B,4532,55,D,3881,100,E,3569,60,F,4847,60,G,1631,100,H,4123,100
[AUTOPOS] SW-C,A,3043,60,B,4532,55,D,3955,100,E,3569,60,F,4847,60,G,1665,100,H,4220,100
[AUTOPOS] SW-C,A,3043,60,B,4532,55,D,3966,100,E,3569,60,F,4847,60,G,1660,100,H,4119,100
[AUTOPOS] SW-C,A,3043,60,B,4532,55,D,3979,100,E,3569,60,F,4847,60,G,1657,100,H,4167,100
[AUTOPOS] SW-C,A,3043,60,B,4532,55,D,3985,100,E,3569,60,F,4847,60,G,1625,100,H,4189,100
[AUTOPOS] SW-C,A,3043,60,B,4576,8,D,3953,100,E,3490,8,F,4830,8,G,1662,100,H,4222,100
[AUTOPOS] SW-C,A,2981,8,B,4507,12,D,3969,100,E,3497,12,F,4864,12,G,1651,100,H,4138,100
[AUTOPOS] SW-C,A,3008,12,B,4506,16,D,3975,100,E,3573,15,F,4893,15,G,1657,100,H,4237,100
[AUTOPOS] SW-C,A,3055,15,B,4531,19,D,3970,100,E,3526,18,F,4808,18,G,1635,100,H,4229,100
[AUTOPOS] SW-C,A,3111,18,B,4582,22,D,3948,100,E,3506,21,F,4832,21,G,1638,100,H,4237,100
[AUTOPOS] SW-C,A,3198,21,B,4558,25,D,3941,100,E,3563,24,F,4900,24,G,1676,100,H,4204,100
[AUTOPOS] SW-C,A,3213,24,B,4570,27,D,3982,100,E,3553,26,F,4822,26,G,1652,100,H,4221,100
[AUTOPOS] SW-C,A,3082,26,B,4630,30,D,3926,100,E,3501,29,F,4823,29,G,1668,100,H,4200,100
[AUTOPOS] SW-C,A,3082,26,B,4544,32,D,3995,100,E,3557,31,F,4787,31,G,1643,100,H,4166,100
[AUTOPOS] SW-C,A,3050,28,B,4577,34,D,3995,100,E,3479,35,F,4879,35,G,1708,100,H,4223,100
[AUTOPOS] SW-C,A,3046,35,B,4579,41,D,3954,100,E,3504,38,F,4848,38,G,1626,100,H,4239,100
[AUTOPOS] SW-C,A,3074,38,B,4601,44,D,3955,100,E,3531,42,F,4821,42,G,1673,100,H,4182,100
[AUTOPOS] SW-C,A,3143,42,B,4492,47,D,3978,100,E,3477,45,F,4805,45,G,1641,100,H,4160,100
[AUTOPOS] SW-C,A,3128,45,B,4593,50,D,3941,100,E,3499,47,F,4856,47,G,1681,100,H,4215,100
[AUTOPOS] SW-C,A,3085,47,B,4551,52,D,3989,100,E,3540,50,F,4834,50,G,1654,100,H,4144,100
[AUTOPOS] SW-C,A,3041,50,B,4461,54,D,3937,100,E,3505,52,F,4887,52,G,1615,100,H,4190,100
[AUTOPOS] SW-C,A,3086,52,B,4519,56,D,3990,100,E,3534,54,F,4908,54,G,1626,100,H,4226,100
[AUTOPOS] SW-C,A,3091,54,B,4598,58,D,3966,100,E,3581,56,F,4837,56,G,1632,100,H,4185,100
[AUTOPOS] SW-C,A,3153,56,B,4575,60,D,3938,100,E,3515,57,F,4846,57,G,1689,100,H,4144,100
[AUTOPOS] SW-C,A,3106,57,B,4584,61,D,3934,100,E,3584,59,F,4748,59,G,1620,100,H,4162,100
[AUTOPOS] SW-C,A,3022,59,B,4555,62,D,3933,100,E,3515,60,F,4848,60,G,1662,100,H,4221,100
[AUTOPOS] SW-C,A,3054,60,B,4574,64,D,3959,100,E,3485,62,F,4870,62,G,1640,100,H,4225,100
[AUTOPOS] SW-C,A,3081,62,B,4478,65,D,3969,100,E,3510,63,F,4837,63,G,1649,100,H,4160,100
[AUTOPOS] SW-C,A,3129,63,B,4584,66,D,3977,100,E,3530,64,F,4821,64,G,1616,100,H,4236,100
[AUTOPOS] SW-C,A,3169,64,B,4524,67,D,3977,100,E,3498,65,F,4873,65,G,1639,100,H,4179,100
[AUTOPOS] SW-C,A,3162,65,B,4511,68,D,3957,100,E,3500,70,F,4811,70,G,1651,100,H,4176,100
[AUTOPOS] SW-C,A,3036,70,B,4550,70,D,3982,100,E,3525,72,F,4826,72,G,1614,100,H,4114,100
[AUTOPOS] SW-C,A,3090,72,B,4491,72,D,4004,100,E,3462,73,F,4826,72,G,1624,100,H,4173,100
[AUTOPOS] SW-C,A,3090,72,B,4491,72,D,3988,100,E,3467,75,F,4826,72,G,1616,100,H,4255,100
[AUTOPOS] SW-C,A,3090,72,B,4491,72,D,3961,100,E,3476,76,F,4826,72,G,1630,100,H,4172,100
[AUTOPOS] SW-C,A,3090,72,B,4491,72,D,3962,100,E,3472,77,F,4826,72,G,1677,100,H,4160,100
[AUTOPOS] SW-C,A,3090,72,B,4491,72,D,3926,100,E,3460,78,F,4826,72,G,1662,100,H,4180,100
[AUTOPOS] SW-C,A,3090,72,B,4491,72,D,3986,100,E,3461,79,F,4826,72,G,1668,100,H,4190,100
[AUTOPOS] SW-C,A,3090,72,B,4491,72,D,3967,100,E,3461,80,F,4826,72,G,1602,100,H,4199,100
[AUTOPOS] SW-C,A,3090,72,B,4491,72,D,3960,100,E,3480,80,F,4826,72,G,1685,100,H,4181,100
[AUTOPOS] SW-C,A,3090,72,B,4491,72,D,3986,100,E,3492,81,F,4826,72,G,1671,100,H,4177,100
[AUTOPOS] SW-C,A,3090,72,B,4491,72,D,3947,100,E,3501,82,F,4826,72,G,1640,100,H,4179,100
[AUTOPOS] SW-C,A,3090,72,B,4491,72,D,3968,100,E,3499,82,F,4826,72,G,1667,100,H,4157,100
[AUTOPOS] SW-C,A,3090,72,B,4491,72,D,3960,100,E,3509,83,F,4826,72,G,1673,100,H,4171,100
[AUTOPOS] SW-C,A,3090,72,B,4491,72,D,3970,100,E,3531,83,F,4826,72,G,1631,100,H,4184,100
[AUTOPOS] SW-C,A,3090,72,B,4491,72,D,3962,100,E,3487,84,F,4826,72,G,1668,100,H,4215,100
[AUTOPOS] SW-C,A,3090,72,B,4491,72,D,3929,100,E,3456,88,F,4826,72,G,1633,100,H,4202,100
[AUTOPOS] SW-C,A,3090,72,B,4491,72,D,3984,100,E,3469,88,F,4826,72,G,1666,100,H,4230,100
[AUTOPOS] SW-C,A,3090,72,B,4491,72,D,3962,100,E,3457,89,F,4826,72,G,1645,100,H,4158,100
[AUTOPOS] SW-C,A,3090,72,B,4491,72,D,3962,100,E,3542,90,F,4826,72,G,1662,100,H,4204,100
[AUTOPOS] SW-C,A,3090,72,B,4491,72,D,3967,100,E,3489,90,F,4826,72,G,1662,100,H,4176,100
[AUTOPOS] SW-C,A,3090,72,B,4491,72,D,3941,100,E,3462,90,F,4826,72,G,1687,95,H,4245,100
[AUTOPOS] SW-C,A,3090,72,B,4491,72,D,3932,100,E,3437,91,F,4826,72,G,1660,95,H,4193,100
[AUTOPOS] SW-C,A,3090,72,B,4491,72,D,3951,100,E,3434,91,F,4826,72,G,1619,95,H,4198,100
[AUTOPOS] SW-C,A,3090,72,B,4491,72,D,3969,100,E,3486,92,F,4826,72,G,1666,95,H,4177,100
[AUTOPOS] SW-C,A,3090,72,B,4491,72,D,3981,100,E,3459,92,F,4826,72,G,1599,95,H,4142,100
[AUTOPOS] SW-C,A,3090,72,B,4491,72,D,3971,100,E,3519,92,F,4826,72,G,1641,96,H,4111,100
[AUTOPOS] SW-C,A,3090,72,B,4491,72,D,3915,100,E,3473,92,F,4826,72,G,1680,96,H,4197,100
[AUTOPOS] SW-C,A,3090,72,B,4491,72,D,3909,100,E,3432,93,F,4826,72,G,1645,96,H,4169,100
[AUTOPOS] SW-C,A,3090,72,B,4491,72,D,3989,100,E,3462,93,F,4826,72,G,1636,96,H,4178,100
[AUTOPOS] SW-C,A,3090,72,B,4491,72,D,3974,100,E,3523,93,F,4826,72,G,1626,96,H,4212,100
[AUTOPOS] SW-C,A,3090,72,B,4491,72,D,3927,100,E,3471,93,F,4826,72,G,1655,96,H,4154,100
[AUTOPOS] SW-C,A,3090,72,B,4491,72,D,3967,100,E,3467,94,F,4826,72,G,1650,96,H,4191,100
[AUTOPOS] SW-C,A,3090,72,B,4491,72,D,3971,100,E,3495,94,F,4826,72,G,1634,96,H,4182,100
[AUTOPOS] SW-C,A,3090,72,B,4491,72,D,3953,100,E,3448,94,F,4826,72,G,1638,100,H,4188,100
[AUTOPOS] SW-C,A,3090,72,B,4491,72,D,4007,100,E,3485,95,F,4826,72,G,1685,100,H,4175,100
[AUTOPOS] SW-C,A,3090,72,B,4491,72,D,3944,100,E,3453,95,F,4826,72,G,1650,100,H,4186,100
[AUTOPOS] SW-C,A,3090,72,B,4491,72,D,3951,100,E,3488,95,F,4826,72,G,1624,100,H,4211,100
[AUTOPOS] SW-C,A,3090,72,B,4491,72,D,3957,100,E,3499,95,F,4826,72,G,1670,100,H,4213,100
[AUTOPOS] SW-C,A,3090,72,B,4491,72,D,3967,100,E,3492,95,F,4826,72,G,1637,100,H,4169,100
[AUTOPOS] SW-C,A,3090,72,B,4491,72,D,3988,100,E,3460,96,F,4826,72,G,1609,100,H,4222,100
[AUTOPOS] SW-C,A,3090,72,B,4491,72,D,3902,100,E,3505,96,F,4826,72,G,1609,100,H,4165,100
[AUTOPOS] SW-C,A,3090,72,B,4491,72,D,3969,100,E,3490,96,F,4826,72,G,1619,100,H,4180,100
[AUTOPOS] SW-C,A,3090,72,B,4491,72,D,3971,100,E,3440,96,F,4826,72,G,1637,100,H,4186,100
[AUTOPOS] SW-C,A,3090,72,B,4491,72,D,3994,100,E,3488,96,F,4826,72,G,1600,100,H,4170,100
[AUTOPOS] SW-C,A,3090,72,B,4491,72,D,3973,100,E,3427,96,F,4826,72,G,1600,100,H,4164,100
[AUTOPOS] SW-C,A,3090,72,B,4491,72,D,3929,100,E,3521,96,F,4826,72,G,1676,96,H,4216,100
[AUTOPOS] SW-C,A,3090,72,B,4491,72,D,3903,100,E,3477,96,F,4826,72,G,1665,96,H,4208,100
[AUTOPOS] SW-C,A,3090,72,B,4491,72,D,3926,100,E,3493,100,F,4826,72,G,1691,96,H,4212,100
[AUTOPOS] SW-C,A,3090,72,B,4491,72,D,4002,100,E,3495,100,F,4826,72,G,1654,96,H,4191,100
[AUTOPOS] SW-C,A,3090,72,B,4491,72,D,3948,100,E,3489,100,F,4826,72,G,1614,100,H,4221,100
[AUTOPOS] SW-C,A,3090,72,B,4491,72,D,3964,100,E,3546,100,F,4826,72,G,1667,100,H,4151,100
[AUTOPOS] SW-C,A,3090,72,B,4491,72,D,3982,100,E,3504,100,F,4826,72,G,1638,100,H,4215,100
[AUTOPOS] SW-C,A,3090,72,B,4491,72,D,3979,100,E,3482,100,F,4826,72,G,1643,100,H,4222,100
[AUTOPOS] SW-C,A,3090,72,B,4491,72,D,3939,100,E,3491,100,F,4826,72,G,1624,100,H,4192,100
[AUTOPOS] SW-C,A,3090,72,B,4491,72,D,3949,100,E,3492,100,F,4826,72,G,1631,100,H,4156,100
[AUTOPOS] SW-C,A,3090,72,B,4491,72,D,3972,100,E,3475,100,F,4826,72,G,1678,100,H,4192,100
[AUTOPOS] SW-C,A,3090,72,B,4491,72,D,3937,100,E,3509,100,F,4826,72,G,1661,100,H,4226,100
[AUTOPOS] SW-C,A,3090,72,B,4491,72,D,3991,100,E,3433,100,F,4826,72,G,1625,100,H,4216,100
[AUTOPOS] SW-C,A,3090,72,B,4491,72,D,3961,100,E,3419,100,F,4826,72,G,1660,100,H,4197,100
[AUTOPOS] SW-C,A,3090,72,B,4491,72,D,3995,100,E,3488,100,F,4826,72,G,1675,100,H,4235,100
[AUTOPOS] SW-C,A,3090,72,B,4491,72,D,3969,100,E,3543,100,F,4826,72,G,1664,100,H,4211,100
[AUTOPOS] SW-C,A,3090,72,B,4491,72,D,3912,100,E,3534,100,F,4826,72,G,1678,100,H,4187,100
[AUTOPOS] SW-C,A,3090,72,B,4491,72,D,3963,100,E,3500,100,F,4826,72,G,1619,100,H,4178,100
[AUTOPOS] SW-C,A,3090,72,B,4491,72,D,3971,100,E,3511,100,F,4826,72,G,1653,100,H,4141,100
[AUTOPOS] SW-C,A,3090,72,B,4491,72,D,3953,100,E,3510,100,F,4826,72,G,1657,100,H,4155,100
[AUTOPOS] SW-C,A,3090,72,B,4491,72,D,3938,100,E,3450,100,F,4826,72,G,1633,100,H,4182,100
[AUTOPOS] SW-C,A,3090,72,B,4491,72,D,3983,100,E,3484,100,F,4826,72,G,1679,100,H,4206,100
[AUTOPOS] SW-C,A,3090,72,B,4491,72,D,3939,100,E,3467,100,F,4826,72,G,1675,100,H,4225,100
[AUTOPOS] SW-C,A,3090,72,B,4491,72,D,3968,100,E,3509,100,F,4826,72,G,1676,100,H,4220,100
[AUTOPOS] SW-C,A,3132,9,B,4536,9,D,3944,100,E,3531,100,F,4834,8,G,1675,100,H,4191,100
[AUTOPOS] SW-C,A,3150,13,B,4568,13,D,3944,100,E,3560,100,F,4817,12,G,1644,100,H,4162,100
[AUTOPOS] SW-C,A,3145,16,B,4533,16,D,3949,100,E,3493,100,F,4834,16,G,1665,100,H,4199,100
[AUTOPOS] SW-C,A,3145,16,B,4592,20,D,3971,100,E,3580,100,F,4830,19,G,1646,100,H,4150,100
[AUTOPOS] SW-C,A,3141,19,B,4541,23,D,3960,100,E,3534,100,F,4864,22,G,1654,100,H,4236,100
[AUTOPOS] SW-C,A,3103,22,B,4605,25,D,3944,100,E,3530,100,F,4881,25,G,1692,100,H,4208,100
[AUTOPOS] SW-C,A,3084,25,B,4633,28,D,3972,100,E,3509,100,F,4873,27,G,1691,100,H,4248,100
[AUTOPOS] SW-C,A,3072,27,B,4532,31,D,3951,100,E,3481,100,F,4824,30,G,1681,100,H,4221,100
[AUTOPOS] SW-C,A,3172,30,B,4554,33,D,3929,100,E,3516,100,F,4867,32,G,1667,100,H,4127,100
[AUTOPOS] SW-C,A,3098,32,B,4605,35,D,3960,100,E,3560,100,F,4847,34,G,1622,100,H,4143,100
[AUTOPOS] SW-C,A,3077,34,B,4555,37,D,3981,100,E,3527,100,F,4853,41,G,1665,100,H,4215,100
[AUTOPOS] SW-C,A,3108,41,B,4525,41,D,3983,100,E,3592,100,F,4873,44,G,1700,100,H,4253,100
[AUTOPOS] SW-C,A,3050,44,B,4576,44,D,3971,100,E,3560,100,F,4889,47,G,1700,100,H,4212,100
[AUTOPOS] SW-C,A,3174,47,B,4604,47,D,3941,100,E,3572,100,F,4804,50,G,1687,94,H,4260,100
[AUTOPOS] SW-C,A,3124,50,B,4479,50,D,3964,100,E,3511,100,F,4856,52,G,1623,94,H,4169,100
[AUTOPOS] SW-C,A,3189,52,B,4525,52,D,3968,100,E,3503,100,F,4829,54,G,1643,95,H,4171,100
[AUTOPOS] SW-C,A,3145,54,B,4582,54,D,3951,100,E,3576,100,F,4854,56,G,1684,95,H,4221,100
[AUTOPOS] SW-C,A,3088,56,B,4593,56,D,3947,100,E,3538,100,F,4841,58,G,1624,95,H,4162,100
[AUTOPOS] SW-C,A,3067,58,B,4561,58,D,3978,100,E,3479,100,F,4913,60,G,1655,95,H,4166,100
[AUTOPOS] SW-C,A,3099,60,B,4556,60,D,3985,100,E,3527,100,F,4847,61,G,1684,95,H,4249,100
[AUTOPOS] SW-C,A,3105,61,B,4547,61,D,3976,100,E,3533,100,F,4890,62,G,1617,96,H,4238,100
[AUTOPOS] SW-C,A,3207,62,B,4566,62,D,3988,100,E,3569,100,F,4848,64,G,1634,96,H,4176,100
[AUTOPOS] SW-C,A,3195,64,B,4515,64,D,3944,100,E,3541,100,F,4859,65,G,1693,96,H,4266,100
[AUTOPOS] SW-C,A,3072,65,B,4588,65,D,3969,100,E,3543,100,F,4856,66,G,1649,96,H,4164,100
[AUTOPOS] SW-C,A,3063,66,B,4548,66,D,3966,100,E,3553,100,F,4859,67,G,1648,96,H,4180,100
[AUTOPOS] SW-C,A,3062,67,B,4564,67,D,3986,100,E,3561,100,F,4837,68,G,1646,96,H,4235,100
[AUTOPOS] SW-C,A,3041,68,B,4538,68,D,3996,100,E,3527,100,F,4890,70,G,1637,96,H,4216,100
[AUTOPOS] SW-C,A,3062,70,B,4589,70,D,3952,100,E,3555,100,F,4827,72,G,1629,96,H,4251,100
[AUTOPOS] SW-C,A,3171,72,B,4549,72,D,3940,100,E,3544,100,F,4849,73,G,1682,100,H,4166,100
[AUTOPOS] SW-C,A,3144,73,B,4552,73,D,3947,100,E,3491,100,F,4856,75,G,1651,100,H,4217,100
[AUTOPOS] SW-C,A,3085,75,B,4604,75,D,3976,100,E,3539,100,F,4859,76,G,1666,100,H,4150,100
[AUTOPOS] SW-C,A,3098,76,B,4547,76,D,3951,100,E,3533,100,F,4859,76,G,1620,100,H,4170,100
[AUTOPOS] SW-C,A,3098,76,B,4547,76,D,3906,100,E,3472,100,F,4859,76,G,1678,100,H,4162,100
[AUTOPOS] SW-C,A,3098,76,B,4547,76,D,3985,100,E,3467,100,F,4859,76,G,1653,100,H,4098,100
[AUTOPOS] SW-C,A,3098,76,B,4547,76,D,3977,100,E,3476,100,F,4859,76,G,1675,100,H,4146,100
[AUTOPOS] SW-C,A,3098,76,B,4547,76,D,3932,100,E,3468,100,F,4859,76,G,1658,100,H,4188,100
[AUTOPOS] SW-C,A,3098,76,B,4547,76,D,3959,100,E,3459,100,F,4859,76,G,1667,100,H,4143,100
[AUTOPOS] SW-C,A,3098,76,B,4547,76,D,3942,100,E,3551,100,F,4859,76,G,1669,100,H,4125,100
[AUTOPOS] SW-C,A,3098,76,B,4547,76,D,3980,100,E,3473,100,F,4859,76,G,1643,100,H,4176,100
[AUTOPOS] SW-C,A,3098,76,B,4547,76,D,3920,100,E,3430,100,F,4859,76,G,1643,100,H,4169,100
[AUTOPOS] SW-C,A,3098,76,B,4547,76,D,3985,100,E,3534,100,F,4859,76,G,1627,100,H,4172,100
[AUTOPOS] SW-C,A,3098,76,B,4547,76,D,3948,100,E,3529,100,F,4859,76,G,1627,100,H,4162,100
[AUTOPOS] SW-C,A,3098,76,B,4547,76,D,3956,100,E,3494,100,F,4859,76,G,1669,96,H,4194,100
[AUTOPOS] SW-C,A,3098,76,B,4547,76,D,3911,100,E,3519,100,F,4859,76,G,1679,96,H,4174,100
[AUTOPOS] SW-C,A,3098,76,B,4547,76,D,3968,100,E,3501,100,F,4859,76,G,1662,100,H,4183,100
[AUTOPOS] SW-C,A,3098,76,B,4547,76,D,3942,100,E,3495,100,F,4859,76,G,1639,100,H,4196,100
[AUTOPOS] SW-C,A,3098,76,B,4547,76,D,4004,100,E,3465,100,F,4859,76,G,1624,100,H,4184,100
[AUTOPOS] SW-C,A,3098,76,B,4547,76,D,3941,100,E,3550,100,F,4859,76,G,1616,100,H,4152,100
[AUTOPOS] SW-C,A,3098,76,B,4547,76,D,3939,100,E,3460,100,F,4859,76,G,1628,100,H,4164,100
[AUTOPOS] SW-C,A,3098,76,B,4547,76,D,3948,100,E,3451,100,F,4859,76,G,1631,100,H,4250,100
[AUTOPOS] SW-C,A,3098,76,B,4547,76,D,3942,100,E,3467,100,F,4859,76,G,1610,100,H,4209,100
[AUTOPOS] SW-C,A,3098,76,B,4547,76,D,3997,100,E,3482,100,F,4859,76,G,1652,100,H,4177,100
[AUTOPOS] SW-C,A,3098,76,B,4547,76,D,3920,100,E,3469,100,F,4859,76,G,1653,100,H,4169,100
[AUTOPOS] SW-C,A,3098,76,B,4547,76,D,3969,100,E,3467,100,F,4859,76,G,1680,100,H,4181,100
[AUTOPOS] SW-C,A,3098,76,B,4547,76,D,3967,100,E,3468,100,F,4859,76,G,1672,100,H,4149,100
[AUTOPOS] SW-C,A,3098,76,B,4547,76,D,3975,100,E,3480,100,F,4859,76,G,1684,100,H,4182,100
[AUTOPOS] SW-C,A,3098,76,B,4547,76,D,3963,100,E,3558,100,F,4859,76,G,1632,100,H,4223,100
[AUTOPOS] SW-C,A,3098,76,B,4547,76,D,3965,100,E,3480,100,F,4859,76,G,1631,100,H,4172,100
[AUTOPOS] SW-C,A,3098,76,B,4547,76,D,3946,100,E,3461,100,F,4859,76,G,1697,100,H,4206,100
[AUTOPOS] SW-C,A,3098,76,B,4547,76,D,3981,100,E,3450,100,F,4859,76,G,1671,100,H,4163,100
[AUTOPOS] SW-C,A,3098,76,B,4547,76,D,3996,100,E,3500,100,F,4859,76,G,1671,100,H,4197,100
[AUTOPOS] SW-C,A,3098,76,B,4547,76,D,3994,100,E,3511,100,F,4859,76,G,1700,100,H,4178,100
[AUTOPOS] SW-C,A,3098,76,B,4547,76,D,3960,100,E,3439,100,F,4859,76,G,1657,100,H,4193,100
[AUTOPOS] SW-C,A,3098,76,B,4547,76,D,4001,100,E,3480,100,F,4859,76,G,1671,100,H,4203,100
[AUTOPOS] SW-C,A,3098,76,B,4547,76,D,3931,100,E,3475,100,F,4859,76,G,1672,100,H,4182,100
[AUTOPOS] SW-C,A,3098,76,B,4547,76,D,3976,100,E,3483,100,F,4859,76,G,1601,100,H,4148,100
[AUTOPOS] SW-C,A,3098,76,B,4547,76,D,3989,100,E,3464,100,F,4859,76,G,1658,100,H,4208,100
[AUTOPOS] SW-C,A,3098,76,B,4547,76,D,3909,100,E,3445,100,F,4859,76,G,1661,100,H,4208,100
[AUTOPOS] SW-C,A,3098,76,B,4547,76,D,3990,100,E,3528,100,F,4859,76,G,1631,100,H,4169,96
[AUTOPOS] SW-C,A,3098,76,B,4547,76,D,4014,100,E,3495,100,F,4859,76,G,1678,100,H,4181,96
[AUTOPOS] SW-C,A,3098,76,B,4547,76,D,3970,100,E,3507,100,F,4859,76,G,1636,100,H,4186,96
[AUTOPOS] SW-C,A,3098,76,B,4547,76,D,3990,100,E,3517,100,F,4859,76,G,1686,100,H,4113,96
[AUTOPOS] SW-C,A,3098,76,B,4547,76,D,3939,100,E,3444,100,F,4859,76,G,1655,100,H,4212,96
[AUTOPOS] SW-C,A,3098,76,B,4547,76,D,3942,100,E,3452,100,F,4859,76,G,1666,100,H,4123,96
[AUTOPOS] SW-C,A,3098,76,B,4547,76,D,3973,100,E,3450,100,F,4859,76,G,1602,100,H,4214,96
[AUTOPOS] SW-C,A,3098,76,B,4547,76,D,3929,100,E,3477,100,F,4859,76,G,1622,100,H,4208,96
[AUTOPOS] SW-C,A,3098,76,B,4547,76,D,3948,100,E,3474,100,F,4859,76,G,1675,100,H,4164,100
[AUTOPOS] SW-C,A,3098,76,B,4547,76,D,3948,100,E,3454,100,F,4859,76,G,1656,100,H,4110,100
[AUTOPOS] SW-C,A,3098,76,B,4547,76,D,3967,100,E,3470,100,F,4859,76,G,1668,100,H,4208,100
[AUTOPOS] SW-C,A,3098,76,B,4547,76,D,3940,100,E,3439,100,F,4859,76,G,1673,100,H,4205,100
[AUTOPOS] SW-C,A,3098,76,B,4547,76,D,3963,100,E,3526,100,F,4859,76,G,1631,100,H,4162,100
[AUTOPOS] SW-C,A,3098,76,B,4547,76,D,3966,100,E,3456,100,F,4859,76,G,1676,100,H,4103,100
[AUTOPOS] SW-C,A,3098,76,B,4547,76,D,3944,100,E,3422,100,F,4859,76,G,1676,100,H,4205,100
[AUTOPOS] SW-C,A,3098,76,B,4547,76,D,3942,100,E,3472,100,F,4859,76,G,1676,100,H,4135,100
[AUTOPOS] SW-C,A,3098,76,B,4547,76,D,3989,100,E,3454,100,F,4859,76,G,1658,92,H,4208,100
[AUTOPOS] SW-C,A,3098,76,B,4547,76,D,3943,100,E,3503,100,F,4859,76,G,1673,92,H,4191,100
[AUTOPOS] SW-C,A,3098,76,B,4547,76,D,3973,100,E,3445,100,F,4859,76,G,1659,92,H,4224,100
[AUTOPOS] SW-C,A,3098,76,B,4547,76,D,3990,100,E,3447,100,F,4859,76,G,1642,92,H,4197,100
[AUTOPOS] SW-C,A,3098,76,B,4547,76,D,3904,100,E,3523,100,F,4859,76,G,1644,93,H,4188,100
[AUTOPOS] SW-C,A,3098,76,B,4547,76,D,3904,100,E,3515,100,F,4859,76,G,1637,93,H,4152,100
[AUTOPOS] SW-C,A,3098,76,B,4547,76,D,3929,96,E,3490,100,F,4859,76,G,1625,93,H,4152,100
[AUTOPOS] SW-C,A,3098,76,B,4547,76,D,3977,96,E,3502,100,F,4859,76,G,1615,93,H,4227,100
[AUTOPOS] SW-C,A,3098,76,B,4547,76,D,3966,100,E,3475,100,F,4859,76,G,1673,94,H,4230,100
[AUTOPOS] SW-C,A,3098,76,B,4547,76,D,3951,100,E,3481,100,F,4859,76,G,1652,94,H,4148,100
[AUTOPOS] SW-C,A,3098,76,B,4547,76,D,3957,100,E,3515,100,F,4859,76,G,1683,94,H,4206,100
[AUTOPOS] SW-C,A,3098,76,B,4547,76,D,3946,100,E,3496,100,F,4859,76,G,1675,95,H,4123,100
[AUTOPOS] SW-C,A,3098,76,B,4547,76,D,3948,100,E,3510,100,F,4859,76,G,1677,95,H,4162,100
[AUTOPOS] SW-C,A,3098,76,B,4547,76,D,3948,100,E,3487,100,F,4859,76,G,1644,95,H,4176,100
[AUTOPOS] SW-C,A,3098,76,B,4547,76,D,3937,95,E,3496,100,F,4859,76,G,1624,95,H,4246,100
[AUTOPOS] SW-C,A,3067,8,B,4542,8,D,3960,95,E,3577,100,F,4841,7,G,1709,95,H,4177,100
[AUTOPOS] SW-C,A,3036,11,B,4583,11,D,3970,96,E,3517,100,F,4848,11,G,1637,96,H,4188,100
[AUTOPOS] SW-C,A,3087,14,B,4521,14,D,3925,96,E,3526,100,F,4845,14,G,1678,96,H,4178,100
[AUTOPOS] SW-C,A,3109,17,B,4509,17,D,3980,96,E,3532,100,F,4834,17,G,1624,96,H,4207,100
[AUTOPOS] SW-C,A,3096,20,B,4628,20,D,3932,96,E,3546,100,F,4869,20,G,1634,96,H,4192,100
[AUTOPOS] SW-C,A,3117,23,B,4537,23,D,3979,96,E,3565,100,F,4840,22,G,1653,96,H,4218,100
[AUTOPOS] SW-C,A,3041,25,B,4579,25,D,3942,96,E,3485,100,F,4829,25,G,1668,96,H,4131,100
[AUTOPOS] SW-C,A,3092,28,B,4498,28,D,3931,96,E,3510,100,F,4882,29,G,1635,96,H,4131,100
[AUTOPOS] SW-C,A,3157,35,B,4559,35,D,4003,96,E,3499,100,F,4876,33,G,1648,96,H,4172,96
[AUTOPOS] SW-C,A,3155,38,B,4640,38,D,3958,100,E,3562,100,F,4832,36,G,1605,100,H,4243,100
[AUTOPOS] SW-C,A,3131,42,B,4582,42,D,3974,100,E,3568,100,F,4835,40,G,1661,100,H,4225,100
[AUTOPOS] SW-C,A,3092,45,B,4532,45,D,3974,100,E,3560,100,F,4828,42,G,1675,100,H,4235,100
[AUTOPOS] SW-C,A,3051,47,B,4571,47,D,3926,95,E,3455,100,F,4828,42,G,1622,100,H,4173,100
[AUTOPOS] SW-C,A,3051,47,B,4588,50,D,3949,95,E,3467,100,F,4828,42,G,1622,100,H,4193,100
[AUTOPOS] SW-C,A,3051,47,B,4566,52,D,3971,95,E,3529,100,F,4828,42,G,1639,95,H,4246,100
[AUTOPOS] SW-C,A,3051,47,B,4572,54,D,3971,95,E,3510,100,F,4828,42,G,1641,95,H,4164,100
[AUTOPOS] SW-C,A,3051,47,B,4565,56,D,3915,95,E,3543,100,F,4828,42,G,1643,95,H,4181,100
[AUTOPOS] SW-C,A,3051,47,B,4556,57,D,3980,96,E,3523,100,F,4828,42,G,1643,96,H,4170,100
[AUTOPOS] SW-C,A,3051,47,B,4483,59,D,3929,96,E,3464,100,F,4828,42,G,1641,96,H,4133,100
[AUTOPOS] SW-C,A,3051,47,B,4558,60,D,3929,96,E,3523,100,F,4828,42,G,1644,96,H,4125,100
[AUTOPOS] SW-C,A,3051,47,B,4542,62,D,3928,92,E,3510,100,F,4828,42,G,1599,96,H,4193,100
[AUTOPOS] SW-C,A,3051,47,B,4586,63,D,3929,93,E,3497,100,F,4828,42,G,1638,96,H,4201,100
[AUTOPOS] SW-C,A,3051,47,B,4481,64,D,3976,93,E,3488,100,F,4828,42,G,1596,96,H,4265,100
[AUTOPOS] SW-C,A,3051,47,B,4497,65,D,3991,93,E,3460,100,F,4828,42,G,1684,96,H,4237,100
[AUTOPOS] SW-C,A,3051,47,B,4513,70,D,3954,93,E,3524,100,F,4828,42,G,1650,96,H,4156,100
[AUTOPOS] SW-C,A,3051,47,B,4504,72,D,3987,94,E,3500,100,F,4828,42,G,1670,100,H,4202,100
[AUTOPOS] SW-C,A,3051,47,B,4498,73,D,3938,94,E,3503,100,F,4828,42,G,1640,100,H,4207,100
[AUTOPOS] SW-C,A,3051,47,B,4595,75,D,3951,94,E,3452,100,F,4828,42,G,1666,100,H,4214,100
[AUTOPOS] SW-C,A,3051,47,B,4521,76,D,3934,95,E,3560,100,F,4828,42,G,1662,100,H,4162,100
[AUTOPOS] SW-C,A,3051,47,B,4553,77,D,4007,95,E,3474,100,F,4828,42,G,1656,100,H,4162,100
[AUTOPOS] SW-C,A,3051,47,B,4568,78,D,3964,95,E,3514,100,F,4828,42,G,1617,100,H,4206,95
[AUTOPOS] SW-C,A,3051,47,B,4569,79,D,3923,95,E,3506,100,F,4828,42,G,1606,100,H,4184,95
[AUTOPOS] SW-C,A,3051,47,B,4543,80,D,3960,95,E,3554,100,F,4828,42,G,1628,100,H,4236,95
[AUTOPOS] SW-C,A,3051,47,B,4541,80,D,3965,96,E,3524,100,F,4828,42,G,1665,100,H,4214,96
[AUTOPOS] SW-C,A,3051,47,B,4538,81,D,3985,96,E,3486,100,F,4828,42,G,1633,100,H,4187,96
[AUTOPOS] SW-C,A,3051,47,B,4575,82,D,3963,96,E,3497,100,F,4828,42,G,1652,100,H,4136,96
[AUTOPOS] SW-C,A,3051,47,B,4568,82,D,3996,96,E,3478,100,F,4828,42,G,1633,100,H,4184,96
[AUTOPOS] SW-C,A,3051,47,B,4535,83,D,3987,96,E,3520,100,F,4828,42,G,1671,100,H,4258,96
[AUTOPOS] SW-C,A,3051,47,B,4584,83,D,3948,96,E,3569,100,F,4828,42,G,1650,100,H,4139,96
[AUTOPOS] SW-C,A,3051,47,B,4538,84,D,3960,96,E,3510,100,F,4828,42,G,1656,100,H,4196,96
[AUTOPOS] SW-C,A,3051,47,B,4599,88,D,3967,96,E,3518,100,F,4828,42,G,1637,100,H,4184,96
[AUTOPOS] SW-C,A,3051,47,B,4564,88,D,3972,100,E,3476,100,F,4828,42,G,1603,100,H,4239,100
[AUTOPOS] SW-C,A,3051,47,B,4550,89,D,3930,100,E,3497,100,F,4828,42,G,1638,100,H,4248,100
[AUTOPOS] SW-C,A,3051,47,B,4514,90,D,3971,100,E,3524,100,F,4828,42,G,1643,100,H,4198,100
[AUTOPOS] SW-C,A,3051,47,B,4524,90,D,4003,100,E,3522,100,F,4828,42,G,1632,100,H,4210,100
[AUTOPOS] SW-C,A,3051,47,B,4516,90,D,3981,100,E,3571,100,F,4828,42,G,1606,100,H,4174,100
[AUTOPOS] SW-C,A,3051,47,B,4562,91,D,3955,100,E,3501,100,F,4828,42,G,1616,100,H,4195,100
[AUTOPOS] SW-C,A,3051,47,B,4530,91,D,3984,100,E,3580,100,F,4828,42,G,1678,100,H,4148,100
[AUTOPOS] SW-C,A,3051,47,B,4563,92,D,3928,100,E,3517,100,F,4828,42,G,1649,100,H,4209,100
[AUTOPOS] SW-C,A,3051,47,B,4610,92,D,3965,100,E,3485,100,F,4828,42,G,1633,100,H,4165,100
[AUTOPOS] SW-C,A,3051,47,B,4520,92,D,3943,100,E,3498,100,F,4828,42,G,1674,100,H,4254,100
[AUTOPOS] SW-C,A,3051,47,B,4522,92,D,3977,100,E,3512,100,F,4828,42,G,1676,100,H,4173,100
[AUTOPOS] SW-C,A,3051,47,B,4578,93,D,3975,100,E,3517,100,F,4828,42,G,1645,100,H,4170,100
[AUTOPOS] SW-C,A,3051,47,B,4545,93,D,3981,100,E,3535,100,F,4828,42,G,1670,100,H,4173,100
[AUTOPOS] SW-C,A,3051,47,B,4499,93,D,3926,100,E,3503,100,F,4828,42,G,1647,100,H,4168,100
[AUTOPOS] SW-C,A,3051,47,B,4570,93,D,3975,100,E,3486,100,F,4828,42,G,1677,100,H,4190,100
[AUTOPOS] SW-C,A,3051,47,B,4568,94,D,3943,100,E,3571,100,F,4828,42,G,1691,100,H,4227,100
[AUTOPOS] SW-C,A,3051,47,B,4523,94,D,3968,100,E,3524,100,F,4828,42,G,1622,100,H,4193,100
[AUTOPOS] SW-C,A,3051,47,B,4501,94,D,3976,100,E,3480,100,F,4828,42,G,1670,100,H,4169,100
[AUTOPOS] SW-C,A,3051,47,B,4541,95,D,3963,100,E,3498,100,F,4828,42,G,1646,100,H,4134,100
[AUTOPOS] SW-C,A,3051,47,B,4531,95,D,3926,100,E,3512,100,F,4828,42,G,1618,100,H,4170,100
[AUTOPOS] SW-C,A,3051,47,B,4536,95,D,3968,100,E,3500,100,F,4828,42,G,1642,100,H,4201,100
[AUTOPOS] SW-C,A,3051,47,B,4525,95,D,3950,100,E,3511,100,F,4828,42,G,1649,100,H,4212,100
[AUTOPOS] SW-C,A,3051,47,B,4533,95,D,3949,100,E,3570,100,F,4828,42,G,1660,100,H,4203,100
[AUTOPOS] SW-C,A,3051,47,B,4484,96,D,3987,100,E,3563,100,F,4828,42,G,1673,100,H,4206,100
[AUTOPOS] SW-C,A,3051,47,B,4569,96,D,3987,100,E,3536,100,F,4828,42,G,1669,100,H,4207,100
[AUTOPOS] SW-C,A,3051,47,B,4592,96,D,3949,96,E,3529,100,F,4828,42,G,1677,100,H,4181,100
[AUTOPOS] SW-C,A,3051,47,B,4586,96,D,3918,96,E,3522,100,F,4828,42,G,1645,100,H,4150,100
[AUTOPOS] SW-C,A,3051,47,B,4529,96,D,3936,96,E,3487,100,F,4828,42,G,1669,100,H,4167,100
[AUTOPOS] SW-C,A,3051,47,B,4528,96,D,3977,96,E,3485,100,F,4828,42,G,1641,100,H,4130,100
[AUTOPOS] SW-C,A,3051,47,B,4567,96,D,3964,96,E,3549,100,F,4828,42,G,1603,100,H,4220,100
[AUTOPOS] SW-C,A,3051,47,B,4550,96,D,3957,96,E,3472,100,F,4828,42,G,1637,100,H,4167,100
[AUTOPOS] SW-C,A,3051,47,B,4551,100,D,3955,96,E,3534,100,F,4828,42,G,1621,100,H,4161,100
[AUTOPOS] SW-C,A,3051,47,B,4547,100,D,3942,100,E,3508,100,F,4828,42,G,1690,100,H,4143,100
[AUTOPOS] SW-C,A,3051,47,B,4574,100,D,3998,100,E,3512,100,F,4828,42,G,1672,100,H,4226,100
[AUTOPOS] SW-C,A,3051,47,B,4570,100,D,3942,100,E,3490,100,F,4828,42,G,1607,100,H,4128,100
[AUTOPOS] SW-C,A,3051,47,B,4581,100,D,3949,100,E,3503,100,F,4828,42,G,1615,100,H,4232,100
[AUTOPOS] SW-C,A,3051,47,B,4555,100,D,3972,100,E,3521,100,F,4828,42,G,1673,100,H,4185,100
[AUTOPOS] SW-C,A,3051,47,B,4590,100,D,3982,100,E,3483,100,F,4828,42,G,1671,100,H,4239,100
[AUTOPOS] SW-C,A,3051,47,B,4522,100,D,3946,100,E,3500,100,F,4828,42,G,1672,100,H,4187,100
[AUTOPOS] SW-C,A,3051,47,B,4541,100,D,3953,100,E,3560,100,F,4826,7,G,1679,100,H,4225,100
[AUTOPOS] SW-C,A,3089,7,B,4523,100,D,3979,100,E,3558,100,F,4854,11,G,1613,100,H,4155,100
[AUTOPOS] SW-C,A,3013,11,B,4523,100,D,3980,100,E,3541,100,F,4594,14,G,1627,100,H,4200,100
[AUTOPOS] SW-C,A,3133,14,B,4519,100,D,3974,100,E,3524,100,F,4846,17,G,1645,100,H,4230,100
[AUTOPOS] SW-C,A,3065,17,B,4529,100,D,3951,100,E,3504,100,F,4852,20,G,1664,100,H,4222,100
[AUTOPOS] SW-C,A,3064,20,B,4538,100,D,3975,100,E,3572,100,F,4844,22,G,1633,100,H,4240,100
[AUTOPOS] SW-C,A,3149,22,B,4568,100,D,3988,100,E,3557,100,F,4847,25,G,1676,100,H,4231,100
[AUTOPOS] SW-C,A,3124,25,B,4555,100,D,3973,100,E,3552,100,F,4885,29,G,1684,100,H,4199,100
[AUTOPOS] SW-C,A,3121,29,B,4576,100,D,3933,100,E,3591,100,F,4825,33,G,1622,100,H,4126,100
[AUTOPOS] SW-C,A,3112,33,B,4536,100,D,3984,100,E,3520,100,F,4828,36,G,1622,100,H,4202,100
[AUTOPOS] SW-C,A,3157,36,B,4562,100,D,3979,100,E,3510,100,F,4816,40,G,1626,94,H,4236,94
[AUTOPOS] SW-C,A,3043,40,B,4515,100,D,3935,100,E,3550,100,F,4859,42,G,1657,94,H,4196,95
[AUTOPOS] SW-C,A,3102,42,B,4535,100,D,3964,100,E,3562,100,F,4908,45,G,1564,95,H,4161,95
[AUTOPOS] SW-C,A,3174,45,B,4560,100,D,3956,100,E,3528,100,F,4875,47,G,1673,95,H,4258,95
[AUTOPOS] SW-C,A,3125,47,B,4583,100,D,3926,100,E,3545,100,F,4898,50,G,1683,95,H,4199,95
[AUTOPOS] SW-C,A,3074,50,B,4610,100,D,3983,100,E,3606,100,F,4913,52,G,1705,95,H,4208,95
[AUTOPOS] SW-C,A,3112,52,B,4617,100,D,3952,100,E,3565,100,F,4927,53,G,1654,95,H,4239,96
[AUTOPOS] SW-C,A,3120,53,B,4571,100,D,3950,100,E,3550,100,F,4877,55,G,1666,96,H,4215,96
[AUTOPOS] SW-C,A,3165,55,B,4591,100,D,3968,100,E,3509,100,F,4839,57,G,1665,96,H,4221,96
[AUTOPOS] SW-C,A,3165,55,B,4571,100,D,3993,100,E,3509,100,F,4839,57,G,1606,96,H,4181,96
[AUTOPOS] SW-C,A,3165,55,B,4571,100,D,3925,100,E,3509,100,F,4839,57,G,1676,96,H,4167,96
[AUTOPOS] SW-C,A,3165,55,B,4571,100,D,3929,100,E,3509,100,F,4839,57,G,1622,96,H,4161,96
[AUTOPOS] SW-C,A,3165,55,B,4571,100,D,3966,100,E,3509,100,F,4839,57,G,1664,96,H,4184,96
[AUTOPOS] SW-C,A,3165,55,B,4571,100,D,3962,100,E,3509,100,F,4839,57,G,1645,96,H,4195,96
[AUTOPOS] SW-C,A,3165,55,B,4571,100,D,3946,100,E,3509,100,F,4839,57,G,1663,96,H,4145,100
[AUTOPOS] SW-C,A,3165,55,B,4571,100,D,3961,100,E,3509,100,F,4839,57,G,1609,100,H,4178,100
[AUTOPOS] SW-C,A,3165,55,B,4571,100,D,3920,100,E,3509,100,F,4839,57,G,1649,100,H,4178,100
[AUTOPOS] SW-C,A,3165,55,B,4571,100,D,3985,100,E,3509,100,F,4839,57,G,1631,100,H,4169,95
[AUTOPOS] SW-C,A,3165,55,B,4571,100,D,3965,100,E,3509,100,F,4839,57,G,1672,100,H,4210,95
[AUTOPOS] SW-C,A,3165,55,B,4571,100,D,3956,100,E,3509,100,F,4839,57,G,1669,100,H,4150,95
[AUTOPOS] SW-C,A,3165,55,B,4571,100,D,3954,100,E,3509,100,F,4839,57,G,1642,100,H,4204,95
[AUTOPOS] SW-C,A,3165,55,B,4571,100,D,3985,100,E,3509,100,F,4839,57,G,1672,100,H,4217,95
[AUTOPOS] SW-C,A,3165,55,B,4571,100,D,3956,100,E,3509,100,F,4839,57,G,1655,100,H,4169,96
[AUTOPOS] SW-C,A,3165,55,B,4571,100,D,3919,100,E,3509,100,F,4839,57,G,1641,100,H,4210,96
[AUTOPOS] SW-C,A,3165,55,B,4571,100,D,3932,100,E,3509,100,F,4839,57,G,1651,100,H,4198,96
[AUTOPOS] SW-C,A,3165,55,B,4571,100,D,3910,100,E,3509,100,F,4839,57,G,1636,100,H,4215,96
[AUTOPOS] SW-C,A,3165,55,B,4571,100,D,3985,100,E,3509,100,F,4839,57,G,1651,100,H,4140,96
[AUTOPOS] SW-C,A,3165,55,B,4571,100,D,3998,100,E,3509,100,F,4839,57,G,1674,100,H,4193,96
[AUTOPOS] SW-C,A,3165,55,B,4571,100,D,3936,100,E,3509,100,F,4839,57,G,1596,100,H,4174,96
[AUTOPOS] SW-C,A,3165,55,B,4571,100,D,4001,100,E,3509,100,F,4839,57,G,1684,100,H,4199,96
[AUTOPOS] SW-C,A,3165,55,B,4571,100,D,3956,100,E,3509,100,F,4839,57,G,1645,100,H,4165,100
[AUTOPOS] SW-C,A,3165,55,B,4571,100,D,3981,100,E,3509,100,F,4839,57,G,1651,100,H,4128,100
[AUTOPOS] SW-C,A,3165,55,B,4571,100,D,3952,100,E,3509,100,F,4839,57,G,1616,100,H,4163,100
[AUTOPOS] SW-C,A,3165,55,B,4571,100,D,3960,100,E,3509,100,F,4839,57,G,1662,100,H,4176,100
[AUTOPOS] SW-C,A,3165,55,B,4571,100,D,3954,100,E,3509,100,F,4839,57,G,1674,100,H,4184,100
[AUTOPOS] ANCHOR_CTRL[0] notify: SWEEP_DONE master=C sets=500 role=matrix
END=2026-05-11 10:03:11
