The target system is: Generic - 3.7.99 - arm
The host system is: Linux - 6.17.0-20-generic - x86_64
Compiling the C compiler identification source file "CMakeCCompilerId.c" succeeded.
Compiler: /home/zekaixiao/ncs/toolchains/b81a7cd864/opt/zephyr-sdk/arm-zephyr-eabi/bin/arm-zephyr-eabi-gcc 
Build flags: 
Id flags: -c 

The output was:
0


Compilation of the C compiler identification source "CMakeCCompilerId.c" produced "CMakeCCompilerId.o"

The C compiler identification is GNU, found in "/home/zekaixiao/Documents/nRF_dev/nRF54L15/build/nRF54L15/CMakeFiles/3.21.0/CompilerIdC/CMakeCCompilerId.o"

Compiling the CXX compiler identification source file "CMakeCXXCompilerId.cpp" succeeded.
Compiler: /home/zekaixiao/ncs/toolchains/b81a7cd864/opt/zephyr-sdk/arm-zephyr-eabi/bin/arm-zephyr-eabi-g++ 
Build flags: 
Id flags: -c 

The output was:
0


Compilation of the CXX compiler identification source "CMakeCXXCompilerId.cpp" produced "CMakeCXXCompilerId.o"

The CXX compiler identification is GNU, found in "/home/zekaixiao/Documents/nRF_dev/nRF54L15/build/nRF54L15/CMakeFiles/3.21.0/CompilerIdCXX/CMakeCXXCompilerId.o"

Checking whether the ASM compiler is GNU using "--version" matched "(GNU assembler)|(GCC)|(Free Software Foundation)":
arm-zephyr-eabi-gcc (Zephyr SDK 0.16.8) 12.2.0
Copyright (C) 2022 Free Software Foundation, Inc.
This is free software; see the source for copying conditions.  There is NO
warranty; not even for MERCHANTABILITY or FITNESS FOR A PARTICULAR PURPOSE.

Performing C SOURCE FILE Test check_fmacro_prefix_map__home_zekaixiao_Documents_nRF_dev_nRF54L15_CMAKE_SOURCE_DIR_C__nostartfiles__nostdlib__isystem___home_zekaixiao_ncs_toolchains_b81a7cd864_opt_zephyr_sdk_arm_zephyr_eabi_bin____lib_gcc_arm_zephyr_eabi_12_2_0_include___isystem___home_zekaixiao_ncs_toolchains_b81a7cd864_opt_zephyr_sdk_arm_zephyr_eabi_bin____lib_gcc_arm_zephyr_eabi_12_2_0_include_fixed___Wl___unresolved_symbols_ignore_in_object_files__Wl___entry_0 succeeded with the following output:
Change Dir: /home/zekaixiao/Documents/nRF_dev/nRF54L15/build/nRF54L15/CMakeFiles/CMakeTmp

Run Build Command(s):/home/zekaixiao/ncs/toolchains/b81a7cd864/usr/local/bin/ninja cmTC_0ddca && [1/2] Building C object CMakeFiles/cmTC_0ddca.dir/src.c.obj
[2/2] Linking C executable cmTC_0ddca


Source file was:
int main(void) { return 0; }
