PORT=/dev/serial/by-id/usb-Master_Anchor_Master_Anchor_Control_87EA2F4A526C5A02-if00
START=2026-07-10 14:03:35
MASTER=D
PRECHECK: BSxxxx tag quarantine disabled; master/matrix anchors ignore tag polls during sweep
PRECHECK: context session_autopos_ready=1 autopos_initialized=1
PRECHECK: reusing session AUTOPOS state from matrix guard
PRECHECK: reusing existing AUTOPOS map
>>> autopos cir 0
[AUTOPOS] AUTOPOS cir mode set: 0
>>> autopos round D 110
[AUTOPOS] AUTOPOS round staged: master=D sets=110
[AUTOPOS] MSTAT peer=0 name=BS???? conn=1 ready=1 pkts=0 bytes=0 last_len=0 print_drops=0
[AUTOPOS] MSTAT peer=1 name=BS???? conn=1 ready=1 pkts=0 bytes=0 last_len=0 print_drops=0
[AUTOPOS] MSTAT peer=2 name=BS???? conn=1 ready=1 pkts=0 bytes=0 last_len=0 print_drops=0
[AUTOPOS] MSTAT peer=3 name=BS???? conn=1 ready=1 pkts=0 bytes=0 last_len=0 print_drops=0
[AUTOPOS] MSTAT peer=4 name=BS???? conn=1 ready=1 pkts=0 bytes=0 last_len=0 print_drops=0
[AUTOPOS] MSTAT peer=5 name=BS???? conn=1 ready=1 pkts=0 bytes=0 last_len=0 print_drops=0
[AUTOPOS] MSTAT peer=6 name=BS???? conn=1 ready=1 pkts=0 bytes=0 last_len=0 print_drops=0
[AUTOPOS] MSTAT peer=7 name=BS???? conn=1 ready=1 pkts=0 bytes=0 last_len=0 print_drops=0
[AUTOPOS] MSTAT peer=8 name=BS???? conn=1 ready=1 pkts=0 bytes=0 last_len=0 print_drops=0
[AUTOPOS] MCLK cal=-1 skips=-1 up_ms=115797
>>> autopos status
[AUTOPOS] AUTOPOS: mode=AUTOPOS state=staged staged=D last_success=C sets=110 cir=0 error=-
>>> autopos apply
[AUTOPOS] AUTOPOS apply started
[AUTOPOS] RECV_BG gate: SUPPRESS reason=autopos_detach
[AUTOPOS] AUTOPOS detach skip STOP: finite master auto-returns to matrix sets=110
[AUTOPOS] RECV_BG gate: ALLOW reason=autopos_detach_done
[AUTOPOS] SCAN start req: bt_ready=1 scan_running=0 connecting_slot=-1 conn_count=9 target=anchor prefix=ANCHOR-
[AUTOPOS] Scanning for ANCHOR-*
[AUTOPOS] AUTOPOS apply mode: incremental
[AUTOPOS] AUTOPOS apply incremental: prev_master=C new_master=D
[AUTOPOS] Master discovery mode: CONN & START
[AUTOPOS] AUTOPOS wait anchor ready: uuid=CEE5A7EFCB35F8A56B430047629F5309 reuse existing ready control link (discovery remains active)
[AUTOPOS] AUTOPOS state: STATE fw=alt-bcast-fixeda19-g1200-r1000 bs=BS5380 uuid=CEE5A7EFCB35F8A56B430047629F5309 label=C role=matrix cfg_valid=1 busy=1 pending_valid=1 schema=2 gen=3 reboot_required=0
[AUTOPOS] AUTOPOS state: STATE fw=alt-bcast-fixeda19-g1200-r1000 bs=BS5380 uuid=CEE5A7EFCB35F8A56B430047629F5309 label=C role=matrix cfg_valid=1 busy=1 pending_valid=1 schema=2 gen=3 reboot_required=0
[AUTOPOS] AUTOPOS anchor C already active role=matrix cfg_valid=1; keeping current config
[AUTOPOS] AUTOPOS anchor C role verified
[AUTOPOS] Master discovery mode: CONN & START
[AUTOPOS] AUTOPOS wait anchor ready: uuid=B2B5FA625534A8C617135DCAFC9E036A reuse existing ready control link (discovery remains active)
[AUTOPOS] AUTOPOS state: STATE fw=alt-bcast-fixeda19-g1200-r1000 bs=BS20AC uuid=B2B5FA625534A8C617135DCAFC9E036A label=D role=matrix cfg_valid=1 busy=1 pending_valid=1 schema=2 gen=3 reboot_required=0
[AUTOPOS] AUTOPOS state: STATE fw=alt-bcast-fixeda19-g1200-r1000 bs=BS20AC uuid=B2B5FA625534A8C617135DCAFC9E036A label=D role=matrix cfg_valid=1 busy=1 pending_valid=1 schema=2 gen=3 reboot_required=0
[AUTOPOS] Anchor ctrl sent[0]: RUNTIME MASTER SWEEP 110 CIR=0 uuid=B2B5FA625534A8C617135DCAFC9E036A
[AUTOPOS] BLE cmd skip[1]: target mismatch kind=anchor target_name=- target_uuid=B2B5FA625534A8C617135DCAFC9E036A peer_name=- peer_bs=- peer_uuid=A892AF05DD59CF0D0D3408AD74F364A1 link=anchor-ctrl ready=1
[AUTOPOS] BLE cmd skip[2]: target mismatch kind=anchor target_name=- target_uuid=B2B5FA625534A8C617135DCAFC9E036A peer_name=- peer_bs=- peer_uuid=F3BB7A04104F9CB8561DDDACB9E53714 link=anchor-ctrl ready=1
[AUTOPOS] BLE cmd skip[3]: target mismatch kind=anchor target_name=- target_uuid=B2B5FA625534A8C617135DCAFC9E036A peer_name=- peer_bs=- peer_uuid=CEE5A7EFCB35F8A56B430047629F5309 link=anchor-ctrl ready=1
[AUTOPOS] BLE cmd skip[4]: target mismatch kind=anchor target_name=- target_uuid=B2B5FA625534A8C617135DCAFC9E036A peer_name=- peer_bs=- peer_uuid=840C68591E90019821AACFF1B73AAA34 link=anchor-ctrl ready=1
[AUTOPOS] BLE cmd skip[5]: target mismatch kind=anchor target_name=- target_uuid=B2B5FA625534A8C617135DCAFC9E036A peer_name=- peer_bs=- peer_uuid=B9179575C776C98F1CB132DD6EDC6223 link=anchor-ctrl ready=1
[AUTOPOS] BLE cmd skip[6]: target mismatch kind=anchor target_name=- target_uuid=B2B5FA625534A8C617135DCAFC9E036A peer_name=- peer_bs=- peer_uuid=B1E487C2B1FD740D1442206A1857DFA1 link=anchor-ctrl ready=1
[AUTOPOS] BLE cmd skip[7]: target mismatch kind=anchor target_name=- target_uuid=B2B5FA625534A8C617135DCAFC9E036A peer_name=- peer_bs=- peer_uuid=CF12E703AC1A118F6AB440AB05B0BA23 link=anchor-ctrl ready=1
[AUTOPOS] BLE cmd skip[8]: target mismatch kind=anchor target_name=- target_uuid=B2B5FA625534A8C617135DCAFC9E036A peer_name=- peer_bs=- peer_uuid=B3087BC3D87CCCD316AEDC6B71D6677F link=anchor-ctrl ready=1
[AUTOPOS] ANCHOR_CTRL[0] notify: OK RUNTIME_SWITCH_REQUESTED SWEEP=110
[AUTOPOS] AUTOPOS result: OK RUNTIME_SWITCH_REQUESTED SWEEP=110
[AUTOPOS] SW-D warmup discard 1/10 minq=100
[AUTOPOS] AUTOPOS state: STATE fw=alt-bcast-fixeda19-g1200-r1000 bs=BS20AC uuid=B2B5FA625534A8C617135DCAFC9E036A label=D role=master cfg_valid=1 busy=1 pending_valid=1 schema=2 gen=3 reboot_required=0
[AUTOPOS] AUTOPOS anchor D role verified
[AUTOPOS] AUTOPOS apply success: master=D
[AUTOPOS] AUTOPOS finite sweep handoff: master=D sets=110; host waits for SWEEP_DONE
[AUTOPOS] SW-D warmup discard 2/10 minq=100
[AUTOPOS] SW-D warmup discard 3/10 minq=100
[AUTOPOS] SW-D warmup discard 4/10 minq=100
[AUTOPOS] SW-D warmup discard 5/10 minq=100
[AUTOPOS] SW-D warmup discard 6/10 minq=100
[AUTOPOS] SW-D warmup discard 7/10 minq=85
[AUTOPOS] SW-D warmup discard 8/10 minq=85
[AUTOPOS] SW-D warmup discard 9/10 minq=85
[AUTOPOS] SW-D warmup discard 10/10 minq=70
[AUTOPOS] SW-D,A,2946,90,B,5624,100,C,4369,100,E,3265,100,F,5322,100,G,4564,100,H,1748,72
[AUTOPOS] SW-D,A,3002,91,B,5653,100,C,4442,100,E,3233,100,F,5287,100,G,4554,100,H,1747,75
[AUTOPOS] SW-D,A,2954,92,B,5641,100,C,4426,100,E,3307,100,F,5252,100,G,4553,100,H,2711,76
[AUTOPOS] SW-D,A,2941,92,B,5644,100,C,4442,100,E,3341,100,F,5316,100,G,4572,100,H,3335,78
[AUTOPOS] SW-D,A,2951,93,B,5711,100,C,4401,100,E,3234,100,F,5275,100,G,4552,100,H,3335,78
[AUTOPOS] SW-D,A,2943,93,B,5698,100,C,4416,100,E,3289,100,F,5287,100,G,4564,100,H,1801,75
[AUTOPOS] SW-D,A,2953,94,B,5683,100,C,4419,100,E,3273,100,F,5289,100,G,4573,100,H,1722,76
[AUTOPOS] SW-D,A,2966,94,B,5719,100,C,4428,100,E,3257,100,F,5264,100,G,4539,100,H,1759,77
[AUTOPOS] SW-D,A,2980,94,B,5625,100,C,4449,100,E,3259,100,F,5240,100,G,4562,100,H,1796,78
[AUTOPOS] SW-D,A,2961,95,B,5279,100,C,4439,100,E,3268,100,F,5283,100,G,4560,100,H,1719,80
[AUTOPOS] SW-D,A,2987,95,B,5651,100,C,4466,100,E,3324,100,F,5328,100,G,4560,100,H,1675,80
[AUTOPOS] SW-D,A,2994,95,B,5600,100,C,4442,100,E,3268,100,F,5321,100,G,4547,95,H,1838,81
[AUTOPOS] SW-D,A,2990,95,B,5687,100,C,4442,100,E,3281,100,F,5344,100,G,4542,95,H,1701,82
[AUTOPOS] SW-D,A,2940,95,B,5638,100,C,4460,100,E,3249,100,F,5336,100,G,4546,95,H,1760,83
[AUTOPOS] SW-D,A,2962,96,B,5223,100,C,4427,100,E,3281,100,F,5328,100,G,4546,96,H,1760,83
[AUTOPOS] SW-D,A,2942,96,B,5685,100,C,4464,100,E,3249,100,F,5335,100,G,4559,96,H,1760,83
[AUTOPOS] SW-D,A,2954,96,B,5728,100,C,4407,100,E,3255,100,F,5394,100,G,4569,96,H,1799,77
[AUTOPOS] SW-D,A,2979,96,B,5673,100,C,4407,100,E,3279,100,F,5313,100,G,4572,96,H,3278,78
[AUTOPOS] SW-D,A,2979,96,B,5309,100,C,4390,96,E,3339,100,F,5352,100,G,4546,96,H,1809,79
[AUTOPOS] SW-D,A,3019,96,B,5571,100,C,4413,96,E,3283,100,F,5327,100,G,4552,96,H,1690,80
[AUTOPOS] SW-D,A,2933,96,B,5618,100,C,4464,96,E,3267,100,F,5345,100,G,4572,96,H,1725,80
[AUTOPOS] MSTAT peer=0 name=BS???? conn=1 ready=1 pkts=0 bytes=0 last_len=0 print_drops=0
[AUTOPOS] MSTAT peer=1 name=BS???? conn=1 ready=1 pkts=0 bytes=0 last_len=0 print_drops=0
[AUTOPOS] MSTAT peer=2 name=BS???? conn=1 ready=1 pkts=0 bytes=0 last_len=0 print_drops=0
[AUTOPOS] MSTAT peer=3 name=BS???? conn=1 ready=1 pkts=0 bytes=0 last_len=0 print_drops=0
[AUTOPOS] MSTAT peer=4 name=BS???? conn=1 ready=1 pkts=0 bytes=0 last_len=0 print_drops=0
[AUTOPOS] MSTAT peer=5 name=BS???? conn=1 ready=1 pkts=0 bytes=0 last_len=0 print_drops=0
[AUTOPOS] MSTAT peer=6 name=BS???? conn=1 ready=1 pkts=0 bytes=0 last_len=0 print_drops=0
[AUTOPOS] MSTAT peer=7 name=BS???? conn=1 ready=1 pkts=0 bytes=0 last_len=0 print_drops=0
[AUTOPOS] MSTAT peer=8 name=BS???? conn=1 ready=1 pkts=0 bytes=0 last_len=0 print_drops=0
[AUTOPOS] MCLK cal=-1 skips=-1 up_ms=120801
[AUTOPOS] SW-D,A,2937,96,B,5228,100,C,4420,96,E,3265,100,F,5371,100,G,4560,96,H,1729,81
[AUTOPOS] SW-D,A,2966,100,B,5451,100,C,4446,100,E,3296,100,F,5390,100,G,4574,100,H,1787,82
[AUTOPOS] SW-D,A,2964,100,B,5355,100,C,4446,100,E,3260,100,F,5504,100,G,4534,100,H,1737,83
[AUTOPOS] SW-D,A,2937,100,B,5588,100,C,4418,94,E,3254,100,F,5664,100,G,4540,100,H,1834,84
[AUTOPOS] SW-D,A,2923,100,B,5394,100,C,4448,95,E,3288,100,F,5664,100,G,4544,100,H,1834,84
[AUTOPOS] SW-D,A,2964,100,B,5039,100,C,4442,95,E,3249,100,F,5319,95,G,4551,100,H,1834,84
[AUTOPOS] SW-D,A,2940,100,B,5604,100,C,4434,95,E,3289,100,F,5324,95,G,4543,100,H,1815,77
[AUTOPOS] SW-D,A,2913,100,B,5625,100,C,4451,95,E,3259,100,F,5287,95,G,4506,100,H,1758,78
[AUTOPOS] SW-D,A,2929,100,B,4993,100,C,4397,95,E,3346,100,F,5276,95,G,4575,100,H,1780,79
[AUTOPOS] SW-D,A,2920,100,B,5628,100,C,4514,96,E,3308,100,F,5337,96,G,4571,100,H,1771,80
[AUTOPOS] SW-D,A,2995,100,B,5354,100,C,4420,96,E,3267,100,F,5270,96,G,4528,100,H,1828,80
[AUTOPOS] SW-D,A,2984,100,B,5262,100,C,4365,96,E,3267,100,F,5317,96,G,4566,100,H,1828,80
[AUTOPOS] SW-D,A,2986,100,B,5599,100,C,4450,96,E,3211,100,F,5370,96,G,4532,100,H,1825,78
[AUTOPOS] SW-D,A,2925,100,B,5688,100,C,4422,96,E,3273,100,F,5339,96,G,4542,100,H,1779,79
[AUTOPOS] SW-D,A,2941,100,B,5545,100,C,4449,96,E,3263,100,F,5332,96,G,4573,100,H,1760,80
[AUTOPOS] SW-D,A,2920,100,B,5636,100,C,4364,96,E,3261,100,F,5327,96,G,4558,100,H,1778,80
[AUTOPOS] SW-D,A,2960,100,B,5681,100,C,4464,96,E,3244,100,F,5363,96,G,4574,100,H,1730,81
[AUTOPOS] SW-D,A,2976,100,B,5582,100,C,4378,100,E,3232,100,F,5378,100,G,4569,100,H,1730,81
[AUTOPOS] SW-D,A,2919,100,B,5646,100,C,4472,100,E,3313,100,F,5343,100,G,4553,100,H,1782,77
[AUTOPOS] SW-D,A,2941,100,B,5631,100,C,4439,100,E,3298,100,F,5342,100,G,4569,100,H,1694,78
[AUTOPOS] SW-D,A,2953,100,B,5641,100,C,4448,100,E,3264,100,F,5316,100,G,4547,100,H,1694,78
[AUTOPOS] SW-D,A,2923,100,B,5615,100,C,4374,100,E,3254,100,F,5316,100,G,4532,100,H,1694,78
[AUTOPOS] SW-D,A,2953,100,B,5705,100,C,4416,100,E,3277,100,F,5337,95,G,4533,100,H,1745,72
[AUTOPOS] SW-D,A,2950,100,B,5608,100,C,4415,100,E,3316,100,F,5314,95,G,4561,100,H,1727,73
[AUTOPOS] SW-D,A,2949,100,B,5688,100,C,4391,100,E,3261,100,F,5336,95,G,4514,100,H,1873,75
[AUTOPOS] SW-D,A,2949,100,B,5630,100,C,4437,100,E,3261,100,F,5321,96,G,4550,100,H,1743,76
[AUTOPOS] SW-D,A,2972,96,B,5598,100,C,4396,100,E,3245,100,F,5331,96,G,4515,100,H,1743,76
[AUTOPOS] SW-D,A,2990,96,B,5598,100,C,4456,100,E,3299,100,F,5353,96,G,4541,100,H,1817,74
[AUTOPOS] SW-D,A,2926,96,B,5595,96,C,4413,100,E,3366,100,F,5348,96,G,4563,100,H,1765,75
[AUTOPOS] SW-D,A,2954,96,B,5703,96,C,4445,100,E,3304,100,F,5326,96,G,4577,100,H,1765,75
[AUTOPOS] SW-D,A,2954,96,B,5596,96,C,4409,100,E,3276,100,F,5334,96,G,4551,100,H,1783,73
[AUTOPOS] SW-D,A,2915,96,B,5585,96,C,4421,100,E,3278,100,F,5322,96,G,4588,100,H,1777,74
[AUTOPOS] SW-D,A,2931,96,B,5667,96,C,4434,100,E,3242,100,F,5331,96,G,4521,100,H,1762,75
[AUTOPOS] SW-D,A,2978,100,B,5667,96,C,4429,100,E,3236,100,F,5353,100,G,4533,100,H,1746,76
[AUTOPOS] SW-D,A,2972,100,B,5594,94,C,4477,100,E,3282,100,F,5315,100,G,4531,100,H,1831,77
[AUTOPOS] SW-D,A,2988,100,B,5594,94,C,4405,100,E,3274,100,F,5343,100,G,4551,100,H,1853,78
[AUTOPOS] SW-D,A,2951,100,B,5681,90,C,4402,100,E,3217,100,F,5360,100,G,4561,100,H,1827,80
[AUTOPOS] SW-D,A,2953,100,B,5657,90,C,4407,100,E,3265,100,F,5320,100,G,4560,100,H,1787,80
[AUTOPOS] SW-D,A,2927,100,B,5546,90,C,4364,100,E,3241,100,F,5340,100,G,4527,100,H,1788,81
[AUTOPOS] SW-D,A,2937,100,B,5599,91,C,4406,100,E,3218,100,F,5353,100,G,4537,100,H,1832,82
[AUTOPOS] SW-D,A,2986,100,B,5712,91,C,4422,100,E,3273,100,F,5322,100,G,4559,100,H,1832,82
[AUTOPOS] SW-D,A,2986,100,B,5622,92,C,4445,100,E,3259,100,F,5330,100,G,4528,100,H,1835,80
[AUTOPOS] SW-D,A,2983,96,B,5676,92,C,4418,100,E,3237,100,F,5305,100,G,4540,100,H,1690,80
[AUTOPOS] SW-D,A,2943,96,B,5619,92,C,4386,100,E,3246,100,F,5388,100,G,4544,100,H,1736,81
[AUTOPOS] SW-D,A,2924,96,B,5678,92,C,4418,100,E,3241,100,F,5391,100,G,4494,100,H,1751,82
[AUTOPOS] SW-D,A,2955,96,B,5604,93,C,4420,100,E,3287,100,F,5359,100,G,4555,100,H,1786,82
[AUTOPOS] SW-D,A,2943,96,B,5675,93,C,4404,100,E,3333,100,F,5383,100,G,4546,100,H,1714,83
[AUTOPOS] SW-D,A,2934,96,B,5646,93,C,4447,100,E,3209,100,F,5355,100,G,4547,100,H,1769,83
[AUTOPOS] SW-D,A,2950,96,B,5615,93,C,4442,100,E,3291,100,F,5349,100,G,4553,100,H,1854,84
[AUTOPOS] SW-D,A,2956,100,B,5641,94,C,4423,100,E,3264,100,F,5332,100,G,4528,100,H,1854,84
[AUTOPOS] SW-D,A,2956,100,B,5676,94,C,4433,100,E,3301,100,F,5336,100,G,4591,100,H,1769,83
[AUTOPOS] SW-D,A,2955,94,B,5613,94,C,4426,100,E,3299,100,F,5348,100,G,4579,100,H,1753,84
[AUTOPOS] SW-D,A,2956,95,B,5655,95,C,4485,100,E,3217,100,F,5326,100,G,4579,100,H,1838,85
[AUTOPOS] SW-D,A,2943,95,B,5666,95,C,4394,100,E,3240,100,F,5319,100,G,4550,100,H,3123,85
[AUTOPOS] SW-D,A,2927,95,B,5605,95,C,4464,100,E,3222,100,F,5329,100,G,4574,100,H,1783,86
[AUTOPOS] SW-D,A,2946,95,B,5604,95,C,4410,100,E,3285,100,F,5334,100,G,4507,100,H,1944,86
[AUTOPOS] SW-D,A,2946,95,B,5671,95,C,4481,100,E,3299,100,F,5314,100,G,4506,100,H,1823,87
[AUTOPOS] SW-D,A,2946,92,B,5676,96,C,4454,100,E,3275,100,F,5341,100,G,4566,100,H,1765,88
[AUTOPOS] MSTAT peer=0 name=BS???? conn=1 ready=1 pkts=0 bytes=0 last_len=0 print_drops=0
[AUTOPOS] MSTAT peer=1 name=BS???? conn=1 ready=1 pkts=0 bytes=0 last_len=0 print_drops=0
[AUTOPOS] MSTAT peer=2 name=BS???? conn=1 ready=1 pkts=0 bytes=0 last_len=0 print_drops=0
[AUTOPOS] MSTAT peer=3 name=BS???? conn=1 ready=1 pkts=0 bytes=0 last_len=0 print_drops=0
[AUTOPOS] MSTAT peer=4 name=BS???? conn=1 ready=1 pkts=0 bytes=0 last_len=0 print_drops=0
[AUTOPOS] MSTAT peer=5 name=BS???? conn=1 ready=1 pkts=0 bytes=0 last_len=0 print_drops=0
[AUTOPOS] MSTAT peer=6 name=BS???? conn=1 ready=1 pkts=0 bytes=0 last_len=0 print_drops=0
[AUTOPOS] MSTAT peer=7 name=BS???? conn=1 ready=1 pkts=0 bytes=0 last_len=0 print_drops=0
[AUTOPOS] MSTAT peer=8 name=BS???? conn=1 ready=1 pkts=0 bytes=0 last_len=0 print_drops=0
[AUTOPOS] MCLK cal=-1 skips=-1 up_ms=125805
[AUTOPOS] SW-D,A,2893,92,B,5655,96,C,4430,100,E,3261,100,F,5382,100,G,4537,100,H,1765,88
[AUTOPOS] SW-D,A,2972,92,B,5643,96,C,4434,100,E,3221,100,F,5322,100,G,4527,100,H,1774,85
[AUTOPOS] SW-D,A,2938,92,B,5669,96,C,4453,100,E,3251,100,F,5309,100,G,4581,100,H,2783,85
[AUTOPOS] SW-D,A,2979,93,B,5615,96,C,4439,100,E,3325,100,F,5335,100,G,4562,100,H,1788,86
[AUTOPOS] SW-D,A,2952,93,B,5689,96,C,4420,100,E,3255,100,F,5315,100,G,4536,100,H,1710,86
[AUTOPOS] SW-D,A,2943,93,B,5632,96,C,4434,100,E,3207,100,F,5362,100,G,4547,100,H,1728,87
[AUTOPOS] SW-D,A,2943,93,B,5628,96,C,4393,100,E,3169,100,F,5334,100,G,4558,100,H,1757,87
[AUTOPOS] SW-D,A,2901,94,B,5672,100,C,4406,100,E,3178,100,F,5343,100,G,4533,100,H,1795,88
[AUTOPOS] SW-D,A,2984,94,B,5577,100,C,4407,100,E,3178,100,F,5333,100,G,4541,100,H,1787,88
[AUTOPOS] SW-D,A,2938,94,B,5606,100,C,4407,100,E,3296,94,F,5335,100,G,4558,100,H,1673,89
[AUTOPOS] SW-D,A,2955,95,B,5690,100,C,4439,95,E,3268,95,F,5370,100,G,4515,100,H,1673,89
[AUTOPOS] SW-D,A,2998,95,B,5638,100,C,4414,95,E,3256,95,F,5310,100,G,4539,100,H,1678,85
[AUTOPOS] SW-D,A,2958,95,B,5689,100,C,4463,95,E,3294,95,F,5332,100,G,4522,100,H,1717,86
[AUTOPOS] SW-D,A,2958,95,B,5657,100,C,4407,95,E,3213,95,F,5346,100,G,4560,100,H,1787,86
[AUTOPOS] SW-D,A,2944,95,B,5688,100,C,4416,95,E,3254,95,F,5308,100,G,4545,100,H,1707,87
[AUTOPOS] SW-D,A,2914,96,B,5626,100,C,4407,96,E,3276,96,F,5357,100,G,4562,100,H,1707,87
[AUTOPOS] SW-D,A,2933,96,B,5707,100,C,4428,96,E,3224,96,F,5341,100,G,4569,100,H,1707,87
[AUTOPOS] SW-D,A,2931,96,B,5684,100,C,4428,96,E,3272,96,F,5343,100,G,4579,100,H,1826,81
[AUTOPOS] SW-D,A,2936,96,B,5670,100,C,4426,92,E,3237,96,F,5346,100,G,4570,100,H,1750,82
[AUTOPOS] SW-D,A,2928,96,B,5635,100,C,4440,93,E,3231,96,F,5382,100,G,4570,100,H,1796,82
[AUTOPOS] SW-D,A,2929,96,B,5629,100,C,4399,93,E,3248,96,F,5312,100,G,4565,96,H,1796,82
[AUTOPOS] ANCHOR_CTRL[0] notify: SWEEP_DONE master=D sets=110 role=matrix
END=2026-07-10 14:03:50
