PORT=/dev/serial/by-id/usb-Master_Anchor_BioSpur_BLE_Control_87EA2F4A526C5A02-if00
START=2026-05-13 13:55:44
MASTER=H
PRECHECK: BSxxxx tag quarantine disabled; master/matrix anchors ignore tag polls during sweep
PRECHECK: context session_autopos_ready=1 autopos_initialized=1
PRECHECK: reusing session AUTOPOS state from matrix guard
PRECHECK: reusing existing AUTOPOS map
>>> autopos round H 1010
[AUTOPOS] AUTOPOS round staged: master=H sets=1010
>>> autopos status
[AUTOPOS] AUTOPOS: mode=AUTOPOS state=staged staged=H last_success=- sets=1010 error=-
>>> autopos apply
[AUTOPOS] AUTOPOS apply started
[AUTOPOS] RECV_BG gate: SUPPRESS reason=autopos_detach
[AUTOPOS] AUTOPOS detach skip STOP: finite master auto-returns to matrix sets=1010
[AUTOPOS] RECV_BG gate: ALLOW reason=autopos_detach_done
[AUTOPOS] SCAN start req: bt_ready=1 scan_running=0 connecting_slot=-1 conn_count=8 target=anchor prefix=ANCHOR-
[AUTOPOS] Scanning for ANCHOR-*
[AUTOPOS] AUTOPOS apply mode: bootstrap-target-only
[AUTOPOS] Master discovery mode: CONN & START
[AUTOPOS] AUTOPOS wait anchor ready: uuid=CF12E703AC1A118F6AB440AB05B0BA23 reuse existing ready control link (discovery remains active)
[AUTOPOS] AUTOPOS state: STATE fw=altbcast-responder-a18-g1200-r1 bs=BSB77F uuid=CF12E703AC1A118F6AB440AB05B0BA23 label=H role=matrix cfg_valid=1 busy=1 pending_valid=1 schema=2 gen=3 reboot_required=0
[AUTOPOS] AUTOPOS state: STATE fw=altbcast-responder-a18-g1200-r1 bs=BSB77F uuid=CF12E703AC1A118F6AB440AB05B0BA23 label=H role=matrix cfg_valid=1 busy=1 pending_valid=1 schema=2 gen=3 reboot_required=0
[AUTOPOS] BLE cmd skip[0]: target mismatch kind=anchor target_name=- target_uuid=CF12E703AC1A118F6AB440AB05B0BA23 peer_name=- peer_bs=- peer_uuid=B2B5FA625534A8C617135DCAFC9E036A link=anchor-ctrl ready=1
[AUTOPOS] BLE cmd skip[1]: target mismatch kind=anchor target_name=- target_uuid=CF12E703AC1A118F6AB440AB05B0BA23 peer_name=- peer_bs=- peer_uuid=F3BB7A04104F9CB8561DDDACB9E53714 link=anchor-ctrl ready=1
[AUTOPOS] BLE cmd skip[2]: target mismatch kind=anchor target_name=- target_uuid=CF12E703AC1A118F6AB440AB05B0BA23 peer_name=- peer_bs=- peer_uuid=CEE5A7EFCB35F8A56B430047629F5309 link=anchor-ctrl ready=1
[AUTOPOS] Anchor ctrl sent[3]: RUNTIME MASTER SWEEP 1010 uuid=CF12E703AC1A118F6AB440AB05B0BA23
[AUTOPOS] BLE cmd skip[4]: target mismatch kind=anchor target_name=- target_uuid=CF12E703AC1A118F6AB440AB05B0BA23 peer_name=- peer_bs=- peer_uuid=B3087BC3D87CCCD316AEDC6B71D6677F link=anchor-ctrl ready=1
[AUTOPOS] BLE cmd skip[5]: target mismatch kind=anchor target_name=- target_uuid=CF12E703AC1A118F6AB440AB05B0BA23 peer_name=- peer_bs=- peer_uuid=A892AF05DD59CF0D0D3408AD74F364A1 link=anchor-ctrl ready=1
[AUTOPOS] BLE cmd skip[6]: target mismatch kind=anchor target_name=- target_uuid=CF12E703AC1A118F6AB440AB05B0BA23 peer_name=- peer_bs=- peer_uuid=840C68591E90019821AACFF1B73AAA34 link=anchor-ctrl ready=1
[AUTOPOS] BLE cmd skip[7]: target mismatch kind=anchor target_name=- target_uuid=CF12E703AC1A118F6AB440AB05B0BA23 peer_name=- peer_bs=- peer_uuid=B9179575C776C98F1CB132DD6EDC6223 link=anchor-ctrl ready=1
[AUTOPOS] ANCHOR_CTRL[3] notify: OK RUNTIME_SWITCH_REQUESTED SWEEP=1010
[AUTOPOS] AUTOPOS result: OK RUNTIME_SWITCH_REQUESTED SWEEP=1010
[AUTOPOS] SW-H warmup discard 1/10 minq=100
[AUTOPOS] AUTOPOS state: STATE fw=altbcast-responder-a18-g1200-r1 bs=BSB77F uuid=CF12E703AC1A118F6AB440AB05B0BA23 label=H role=master cfg_valid=1 busy=1 pending_valid=1 schema=2 gen=3 reboot_required=0
[AUTOPOS] AUTOPOS bootstrap target-only promote verified: master=H
[AUTOPOS] AUTOPOS apply success: master=H
[AUTOPOS] AUTOPOS finite sweep handoff: master=H sets=1010; host waits for SWEEP_DONE
[AUTOPOS] SW-H warmup discard 2/10 minq=100
[AUTOPOS] SW-H warmup discard 3/10 minq=100
[AUTOPOS] SW-H warmup discard 4/10 minq=100
[AUTOPOS] SW-H warmup discard 5/10 minq=100
[AUTOPOS] SW-H warmup discard 6/10 minq=100
[AUTOPOS] SW-H warmup discard 7/10 minq=100
[AUTOPOS] SW-H warmup discard 8/10 minq=100
[AUTOPOS] SW-H warmup discard 9/10 minq=100
[AUTOPOS] SW-H warmup discard 10/10 minq=100
[AUTOPOS] SW-H,A,4860,100,B,5708,100,C,3448,100,D,1521,100,E,4536,100,F,5492,100,G,2938,100
[AUTOPOS] SW-H,A,4860,100,B,5661,100,C,3483,100,D,1529,100,E,4598,100,F,5487,100,G,2952,100
[AUTOPOS] SW-H,A,4865,100,B,5666,100,C,3487,100,D,1522,100,E,4566,100,F,5505,100,G,2915,100
[AUTOPOS] SW-H,A,4891,100,B,5669,100,C,3454,100,D,1519,100,E,4574,100,F,5505,100,G,2953,100
[AUTOPOS] SW-H,A,4835,100,B,5669,100,C,3468,100,D,1512,100,E,4576,100,F,5496,100,G,2974,100
[AUTOPOS] SW-H,A,4854,100,B,5698,100,C,3446,100,D,1523,100,E,4581,100,F,5512,100,G,2950,100
[AUTOPOS] SW-H,A,4878,100,B,5725,100,C,3459,100,D,1535,100,E,4585,100,F,5495,100,G,2939,100
[AUTOPOS] SW-H,A,4919,100,B,5705,100,C,3425,100,D,1521,100,E,4553,100,F,5510,100,G,2944,100
[AUTOPOS] SW-H,A,4797,100,B,5701,100,C,3451,100,D,1520,100,E,4570,100,F,5518,100,G,2960,100
[AUTOPOS] SW-H,A,4819,100,B,5684,100,C,3441,100,D,1547,100,E,4609,100,F,5531,100,G,2926,100
[AUTOPOS] SW-H,A,4804,100,B,5675,100,C,3444,100,D,1511,100,E,4553,100,F,5482,100,G,2947,100
[AUTOPOS] SW-H,A,4924,100,B,5657,100,C,3439,100,D,1542,100,E,4567,100,F,5471,100,G,2935,100
[AUTOPOS] SW-H,A,4878,100,B,5665,100,C,3447,100,D,1541,100,E,4561,100,F,5492,100,G,2983,100
[AUTOPOS] SW-H,A,4894,100,B,5693,100,C,3425,100,D,1524,100,E,4559,100,F,5466,100,G,2955,100
[AUTOPOS] SW-H,A,4852,100,B,5677,100,C,3437,100,D,1529,100,E,4566,100,F,5541,100,G,2938,100
[AUTOPOS] SW-H,A,4831,100,B,5660,100,C,3413,100,D,1535,100,E,4583,100,F,5510,100,G,2927,100
[AUTOPOS] SW-H,A,4862,100,B,5654,100,C,3467,100,D,1562,100,E,4567,100,F,5468,100,G,2958,100
[AUTOPOS] SW-H,A,4898,100,B,5654,100,C,3439,100,D,1524,100,E,4568,100,F,5507,100,G,2953,100
[AUTOPOS] SW-H,A,4862,100,B,5655,100,C,3445,100,D,1568,100,E,4558,100,F,5522,100,G,2918,100
[AUTOPOS] SW-H,A,4913,100,B,5680,100,C,3437,100,D,1573,100,E,4579,100,F,5480,100,G,2907,100
[AUTOPOS] SW-H,A,4821,100,B,5680,100,C,3410,100,D,1555,100,E,4630,100,F,5471,100,G,2979,100
[AUTOPOS] SW-H,A,4867,100,B,5688,100,C,3467,100,D,1545,100,E,4631,100,F,5461,100,G,3005,100
[AUTOPOS] SW-H,A,4874,100,B,5651,100,C,3476,100,D,1544,100,E,4579,100,F,5514,100,G,2961,100
[AUTOPOS] SW-H,A,4807,100,B,5687,100,C,3468,100,D,1530,100,E,4587,100,F,5514,100,G,2929,100
[AUTOPOS] SW-H,A,4894,100,B,5675,100,C,3411,100,D,1525,100,E,4560,100,F,5449,100,G,2948,100
[AUTOPOS] SW-H,A,4898,100,B,5656,100,C,3441,100,D,1506,100,E,4563,100,F,5454,100,G,2974,100
[AUTOPOS] SW-H,A,4863,100,B,5665,100,C,3425,100,D,1519,100,E,4581,100,F,5484,100,G,2929,100
[AUTOPOS] SW-H,A,4829,100,B,5666,100,C,3427,100,D,1544,100,E,4622,100,F,5504,100,G,2937,100
[AUTOPOS] SW-H,A,4883,100,B,5706,100,C,3437,100,D,1505,100,E,4587,100,F,5491,100,G,2953,100
[AUTOPOS] SW-H,A,4903,100,B,5663,100,C,3472,100,D,1514,100,E,4585,100,F,5453,100,G,2940,100
[AUTOPOS] SW-H,A,4840,100,B,5699,100,C,3443,100,D,1507,100,E,4610,100,F,5500,100,G,2941,100
[AUTOPOS] SW-H,A,4923,100,B,5690,100,C,3444,100,D,1555,100,E,4593,100,F,5473,100,G,2913,100
[AUTOPOS] SW-H,A,4854,100,B,5650,100,C,3459,100,D,1516,100,E,4599,100,F,5449,100,G,2953,100
[AUTOPOS] SW-H,A,4851,100,B,5681,100,C,3438,100,D,1497,100,E,4543,100,F,5487,100,G,2949,100
[AUTOPOS] SW-H,A,4824,100,B,5661,100,C,3440,100,D,1521,100,E,4568,100,F,5464,100,G,2911,100
[AUTOPOS] SW-H,A,4870,100,B,5661,100,C,3447,100,D,1527,100,E,4569,100,F,5497,100,G,2956,100
[AUTOPOS] SW-H,A,4879,100,B,5670,100,C,3383,100,D,1549,100,E,4600,100,F,5496,100,G,3006,100
[AUTOPOS] SW-H,A,4834,100,B,5654,100,C,3476,100,D,1518,100,E,4538,100,F,5505,100,G,2978,100
[AUTOPOS] SW-H,A,4910,100,B,5688,100,C,3440,100,D,1554,100,E,4651,100,F,5487,100,G,2966,100
[AUTOPOS] SW-H,A,4866,100,B,5697,100,C,3473,100,D,1519,100,E,4619,100,F,5540,100,G,2921,100
[AUTOPOS] SW-H,A,4913,100,B,5707,100,C,3432,100,D,1483,100,E,4579,100,F,5436,100,G,2920,100
[AUTOPOS] SW-H,A,4890,100,B,5665,100,C,3465,100,D,1546,100,E,4575,100,F,5424,100,G,2914,100
[AUTOPOS] SW-H,A,4892,100,B,5671,100,C,3482,100,D,1499,100,E,4603,100,F,5505,100,G,2946,100
[AUTOPOS] SW-H,A,4871,100,B,5672,100,C,3447,100,D,1528,100,E,4572,100,F,5518,100,G,2945,100
[AUTOPOS] SW-H,A,4917,100,B,5675,100,C,3511,100,D,1537,100,E,4608,100,F,5463,100,G,2950,100
[AUTOPOS] SW-H,A,4878,100,B,5697,100,C,3436,100,D,1476,100,E,4592,100,F,5498,100,G,2919,100
[AUTOPOS] SW-H,A,4862,100,B,5678,100,C,3458,100,D,1468,100,E,4544,100,F,5442,100,G,2914,100
[AUTOPOS] SW-H,A,4941,100,B,5679,100,C,3438,100,D,1478,100,E,4586,100,F,5526,100,G,2951,100
[AUTOPOS] SW-H,A,4864,100,B,5713,100,C,3460,100,D,1519,100,E,4576,100,F,5445,100,G,2924,100
[AUTOPOS] SW-H,A,4909,100,B,5674,100,C,3507,100,D,1496,100,E,4569,100,F,5474,100,G,2966,100
[AUTOPOS] SW-H,A,4922,100,B,5674,100,C,3436,100,D,1502,100,E,4571,100,F,5495,100,G,2929,100
[AUTOPOS] SW-H,A,4878,100,B,5664,100,C,3482,100,D,1519,100,E,4555,100,F,5459,100,G,2928,100
[AUTOPOS] SW-H,A,4894,100,B,5659,100,C,3409,100,D,1524,100,E,4601,100,F,5453,100,G,2955,100
[AUTOPOS] SW-H,A,4876,100,B,5695,100,C,3430,100,D,1543,100,E,4639,100,F,5477,100,G,2896,100
[AUTOPOS] SW-H,A,4929,100,B,5669,100,C,3417,100,D,1501,100,E,4598,100,F,5482,100,G,2901,100
[AUTOPOS] SW-H,A,4839,100,B,5665,100,C,3454,100,D,1574,100,E,4555,100,F,5526,100,G,2929,100
[AUTOPOS] SW-H,A,4890,100,B,5653,100,C,3472,100,D,1541,100,E,4570,100,F,5491,100,G,2969,100
[AUTOPOS] SW-H,A,4871,100,B,5644,100,C,3444,100,D,1540,100,E,4616,100,F,5472,100,G,2942,100
[AUTOPOS] SW-H,A,4841,100,B,5674,100,C,3457,100,D,1539,100,E,4603,100,F,5484,100,G,2929,100
[AUTOPOS] SW-H,A,4879,100,B,5687,100,C,3468,100,D,1474,100,E,4554,100,F,5462,100,G,2985,100
[AUTOPOS] SW-H,A,4882,100,B,5690,100,C,3485,100,D,1565,100,E,4536,100,F,5493,100,G,2967,100
[AUTOPOS] SW-H,A,4907,100,B,5667,100,C,3478,100,D,1512,100,E,4551,100,F,5494,100,G,2950,100
[AUTOPOS] SW-H,A,4886,100,B,5643,100,C,3481,100,D,1493,100,E,4584,100,F,5443,100,G,2948,100
[AUTOPOS] SW-H,A,4840,100,B,5649,100,C,3418,100,D,1558,100,E,4536,100,F,5468,100,G,2960,100
[AUTOPOS] SW-H,A,4844,100,B,5672,100,C,3444,100,D,1531,100,E,4628,100,F,5505,100,G,2983,100
[AUTOPOS] SW-H,A,4910,100,B,5681,100,C,3428,100,D,1499,100,E,4558,100,F,5489,100,G,2953,100
[AUTOPOS] SW-H,A,4920,100,B,5680,100,C,3415,100,D,1493,100,E,4579,100,F,5513,100,G,2929,100
[AUTOPOS] SW-H,A,4847,100,B,5673,100,C,3464,100,D,1541,100,E,4594,100,F,5551,100,G,2911,100
[AUTOPOS] SW-H,A,4894,100,B,5707,100,C,3422,100,D,1519,100,E,4575,100,F,5488,100,G,2965,100
[AUTOPOS] SW-H,A,4815,100,B,5690,100,C,3454,100,D,1514,100,E,4550,100,F,5458,100,G,2919,100
[AUTOPOS] SW-H,A,4869,100,B,5694,100,C,3441,100,D,1464,100,E,4557,100,F,5518,100,G,2996,100
[AUTOPOS] SW-H,A,4877,100,B,5718,100,C,3403,100,D,1529,100,E,4573,100,F,5456,100,G,2931,100
[AUTOPOS] SW-H,A,4879,100,B,5678,100,C,3443,100,D,1520,100,E,4612,100,F,5453,100,G,2917,100
[AUTOPOS] SW-H,A,4849,100,B,5673,100,C,3434,100,D,1526,100,E,4628,100,F,5486,100,G,2953,100
[AUTOPOS] SW-H,A,4902,100,B,5670,100,C,3445,100,D,1481,100,E,4597,100,F,5459,100,G,2911,100
[AUTOPOS] SW-H,A,4903,100,B,5693,100,C,3488,100,D,1539,100,E,4569,100,F,5448,100,G,2992,100
[AUTOPOS] SW-H,A,4880,100,B,5678,100,C,3446,100,D,1486,100,E,4567,100,F,5486,100,G,2983,100
[AUTOPOS] SW-H,A,4920,100,B,5646,100,C,3436,100,D,1497,100,E,4560,100,F,5485,100,G,2912,100
[AUTOPOS] SW-H,A,4865,100,B,5665,100,C,3425,100,D,1526,100,E,4552,100,F,5436,100,G,2964,100
[AUTOPOS] SW-H,A,4859,100,B,5672,100,C,3451,100,D,1593,100,E,4543,100,F,5467,100,G,2933,100
[AUTOPOS] SW-H,A,4812,100,B,5705,100,C,3408,100,D,1500,100,E,4549,100,F,5527,100,G,2971,100
[AUTOPOS] SW-H,A,4829,100,B,5679,100,C,3421,100,D,1543,100,E,4581,100,F,5494,100,G,2986,100
[AUTOPOS] SW-H,A,4896,100,B,5691,100,C,3450,100,D,1501,100,E,4628,100,F,5491,100,G,2966,100
[AUTOPOS] SW-H,A,4880,100,B,5688,100,C,3490,100,D,1491,100,E,4565,100,F,5500,100,G,2996,100
[AUTOPOS] SW-H,A,4901,100,B,5678,100,C,3408,100,D,1477,100,E,4549,100,F,5477,100,G,2945,100
[AUTOPOS] SW-H,A,4839,100,B,5679,100,C,3452,100,D,1551,100,E,4612,100,F,5428,100,G,2972,100
[AUTOPOS] SW-H,A,4840,100,B,5663,100,C,3470,100,D,1544,100,E,4577,100,F,5456,100,G,2987,100
[AUTOPOS] SW-H,A,4839,100,B,5700,100,C,3402,100,D,1509,100,E,4563,100,F,5485,100,G,2968,100
[AUTOPOS] SW-H,A,4851,100,B,5677,100,C,3472,100,D,1527,100,E,4551,100,F,5477,100,G,2936,100
[AUTOPOS] SW-H,A,4855,100,B,5663,100,C,3468,100,D,1512,100,E,4605,100,F,5474,100,G,2967,100
[AUTOPOS] SW-H,A,4842,100,B,5697,100,C,3467,100,D,1509,100,E,4562,100,F,5467,100,G,2890,100
[AUTOPOS] SW-H,A,4889,100,B,5674,100,C,3507,100,D,1488,100,E,4594,100,F,5511,100,G,2940,100
[AUTOPOS] SW-H,A,4840,100,B,5639,100,C,3419,100,D,1563,100,E,4586,100,F,5451,100,G,2981,100
[AUTOPOS] SW-H,A,4906,100,B,5675,100,C,3437,100,D,1513,100,E,4603,100,F,5490,100,G,2954,100
[AUTOPOS] SW-H,A,4886,100,B,5661,100,C,3421,100,D,1534,100,E,4553,100,F,5490,100,G,2974,100
[AUTOPOS] SW-H,A,4894,100,B,5662,100,C,3441,100,D,1536,100,E,4543,100,F,5474,100,G,2957,100
[AUTOPOS] SW-H,A,4872,100,B,5670,100,C,3404,100,D,1521,100,E,4637,100,F,5465,100,G,2949,100
[AUTOPOS] SW-H,A,4888,100,B,5656,100,C,3448,100,D,1564,100,E,4595,100,F,5496,100,G,2941,100
[AUTOPOS] SW-H,A,4940,100,B,5670,100,C,3464,100,D,1570,100,E,4608,100,F,5483,100,G,2985,100
[AUTOPOS] SW-H,A,4870,100,B,5680,100,C,3479,100,D,1533,100,E,4559,100,F,5428,100,G,2965,100
[AUTOPOS] SW-H,A,4829,100,B,5661,100,C,3433,100,D,1539,100,E,4556,100,F,5473,100,G,2905,100
[AUTOPOS] SW-H,A,4921,100,B,5712,100,C,3418,100,D,1487,100,E,4588,100,F,5471,100,G,2979,100
[AUTOPOS] SW-H,A,4842,100,B,5672,100,C,3417,100,D,1586,100,E,4558,100,F,5504,100,G,2933,100
[AUTOPOS] SW-H,A,4881,100,B,5655,100,C,3504,100,D,1499,100,E,4577,100,F,5458,100,G,2945,100
[AUTOPOS] SW-H,A,4865,100,B,5694,100,C,3451,100,D,1514,100,E,4566,100,F,5476,100,G,2910,100
[AUTOPOS] SW-H,A,4818,100,B,5710,100,C,3442,100,D,1543,100,E,4555,100,F,5442,100,G,2904,100
[AUTOPOS] SW-H,A,4821,100,B,5697,100,C,3501,100,D,1500,100,E,4557,100,F,5465,100,G,2937,100
[AUTOPOS] SW-H,A,4850,100,B,5652,100,C,3442,100,D,1564,100,E,4589,100,F,5518,100,G,2944,100
[AUTOPOS] SW-H,A,4879,100,B,5717,100,C,3449,100,D,1568,100,E,4559,100,F,5500,100,G,2953,100
[AUTOPOS] SW-H,A,4853,100,B,5695,100,C,3482,100,D,1551,100,E,4566,100,F,5503,100,G,2910,100
[AUTOPOS] SW-H,A,4843,100,B,5686,100,C,3466,100,D,1505,100,E,4564,100,F,5463,100,G,2922,100
[AUTOPOS] SW-H,A,4861,100,B,5694,100,C,3440,100,D,1578,100,E,4556,100,F,5452,100,G,2925,100
[AUTOPOS] SW-H,A,4853,100,B,5663,100,C,3442,100,D,1499,100,E,4616,100,F,5466,100,G,2954,100
[AUTOPOS] SW-H,A,4825,100,B,5681,100,C,3453,100,D,1478,100,E,4573,100,F,5512,100,G,2978,100
[AUTOPOS] SW-H,A,4871,100,B,5680,100,C,3436,100,D,1554,100,E,4597,100,F,5488,100,G,2976,100
[AUTOPOS] SW-H,A,4876,100,B,5698,100,C,3495,100,D,1495,100,E,4603,100,F,5486,100,G,2954,100
[AUTOPOS] SW-H,A,4917,100,B,5671,100,C,3481,100,D,1520,100,E,4598,100,F,5496,100,G,2956,100
[AUTOPOS] SW-H,A,4822,100,B,5675,100,C,3483,100,D,1513,100,E,4556,100,F,5446,100,G,2982,100
[AUTOPOS] SW-H,A,4853,100,B,5666,100,C,3494,100,D,1573,100,E,4540,100,F,5494,100,G,2935,100
[AUTOPOS] SW-H,A,4846,100,B,5673,100,C,3408,100,D,1502,100,E,4604,100,F,5491,100,G,2932,100
[AUTOPOS] SW-H,A,4850,100,B,5691,100,C,3473,100,D,1563,100,E,4548,100,F,5448,100,G,2921,100
[AUTOPOS] SW-H,A,4883,100,B,5658,100,C,3445,100,D,1521,100,E,4608,100,F,5462,100,G,2946,100
[AUTOPOS] SW-H,A,4822,100,B,5688,100,C,3430,100,D,1498,100,E,4545,100,F,5474,100,G,2919,100
[AUTOPOS] SW-H,A,4915,100,B,5680,100,C,3489,100,D,1504,100,E,4585,100,F,5467,100,G,2969,100
[AUTOPOS] SW-H,A,4907,100,B,5679,100,C,3386,100,D,1522,100,E,4595,100,F,5507,100,G,2930,100
[AUTOPOS] SW-H,A,4839,100,B,5669,100,C,3452,100,D,1488,100,E,4566,100,F,5452,100,G,2928,100
[AUTOPOS] SW-H,A,4823,100,B,5681,100,C,3481,100,D,1526,100,E,4572,100,F,5463,100,G,2951,100
[AUTOPOS] SW-H,A,4879,100,B,5642,100,C,3427,100,D,1522,100,E,4560,100,F,5500,100,G,2911,100
[AUTOPOS] SW-H,A,4895,100,B,5718,100,C,3479,100,D,1515,100,E,4631,100,F,5516,100,G,2914,100
[AUTOPOS] SW-H,A,4831,100,B,5676,100,C,3403,100,D,1552,100,E,4571,100,F,5448,100,G,2955,100
[AUTOPOS] SW-H,A,4883,100,B,5643,100,C,3421,100,D,1555,100,E,4578,100,F,5477,100,G,2964,100
[AUTOPOS] SW-H,A,4868,100,B,5669,100,C,3426,100,D,1594,100,E,4565,100,F,5462,100,G,2937,100
[AUTOPOS] SW-H,A,4926,100,B,5660,100,C,3444,100,D,1488,100,E,4621,100,F,5457,100,G,2882,100
[AUTOPOS] SW-H,A,4952,100,B,5679,100,C,3448,100,D,1463,100,E,4628,100,F,5438,100,G,2958,100
[AUTOPOS] SW-H,A,4802,100,B,5667,100,C,3440,100,D,1588,100,E,4572,100,F,5491,100,G,2966,100
[AUTOPOS] SW-H,A,4927,100,B,5697,100,C,3429,100,D,1481,100,E,4617,100,F,5469,100,G,3005,100
[AUTOPOS] SW-H,A,4861,100,B,5683,100,C,3482,100,D,1521,100,E,4557,100,F,5475,100,G,2965,100
[AUTOPOS] SW-H,A,4845,100,B,5665,100,C,3436,100,D,1582,100,E,4554,100,F,5435,100,G,2961,100
[AUTOPOS] SW-H,A,4869,100,B,5675,100,C,3462,100,D,1575,100,E,4605,100,F,5492,100,G,2961,100
[AUTOPOS] SW-H,A,4876,100,B,5678,100,C,3451,100,D,1528,100,E,4565,100,F,5476,100,G,2964,100
[AUTOPOS] SW-H,A,4874,100,B,5691,100,C,3465,100,D,1486,100,E,4594,100,F,5499,100,G,2924,100
[AUTOPOS] SW-H,A,4842,100,B,5711,100,C,3443,100,D,1516,100,E,4561,100,F,5459,100,G,2967,100
[AUTOPOS] SW-H,A,4895,100,B,5680,100,C,3490,100,D,1525,100,E,4618,100,F,5445,100,G,2957,100
[AUTOPOS] SW-H,A,4887,100,B,5679,100,C,3428,100,D,1559,100,E,4598,100,F,5474,100,G,2942,100
[AUTOPOS] SW-H,A,4893,100,B,5697,100,C,3412,100,D,1499,100,E,4574,100,F,5462,100,G,2938,100
[AUTOPOS] SW-H,A,4916,100,B,5659,100,C,3476,100,D,1486,100,E,4552,100,F,5486,100,G,2999,100
[AUTOPOS] SW-H,A,4894,100,B,5677,100,C,3447,100,D,1574,100,E,4539,100,F,5492,100,G,2948,100
[AUTOPOS] SW-H,A,4868,100,B,5661,100,C,3477,100,D,1479,100,E,4570,100,F,5444,100,G,2916,100
[AUTOPOS] SW-H,A,4840,100,B,5673,100,C,3435,100,D,1510,100,E,4576,100,F,5498,100,G,2950,100
[AUTOPOS] SW-H,A,4865,100,B,5637,100,C,3493,100,D,1478,100,E,4582,100,F,5460,100,G,2904,100
[AUTOPOS] SW-H,A,4872,100,B,5654,100,C,3409,100,D,1575,100,E,4630,100,F,5439,100,G,2936,100
[AUTOPOS] SW-H,A,4830,100,B,5675,100,C,3472,100,D,1483,100,E,4614,100,F,5469,100,G,2896,100
[AUTOPOS] SW-H,A,4821,100,B,5671,100,C,3501,100,D,1546,100,E,4612,100,F,5454,100,G,2956,100
[AUTOPOS] SW-H,A,4837,100,B,5647,100,C,3455,100,D,1550,100,E,4562,100,F,5457,100,G,2917,100
[AUTOPOS] SW-H,A,4836,100,B,5664,100,C,3476,100,D,1482,100,E,4571,100,F,5483,100,G,2977,100
[AUTOPOS] SW-H,A,4876,100,B,5670,100,C,3452,100,D,1576,100,E,4538,100,F,5495,100,G,2915,100
[AUTOPOS] SW-H,A,4880,100,B,5647,100,C,3475,100,D,1479,100,E,4564,100,F,5443,100,G,2936,100
[AUTOPOS] SW-H,A,4863,100,B,5685,100,C,3478,100,D,1476,100,E,4602,100,F,5463,100,G,2936,100
[AUTOPOS] SW-H,A,4893,100,B,5665,100,C,3405,100,D,1475,100,E,4566,100,F,5464,100,G,2947,100
[AUTOPOS] SW-H,A,4840,100,B,5654,100,C,3462,100,D,1475,100,E,4585,100,F,5496,100,G,2925,100
[AUTOPOS] SW-H,A,4848,100,B,5669,100,C,3443,100,D,1480,100,E,4598,100,F,5469,100,G,2979,100
[AUTOPOS] SW-H,A,4831,100,B,5659,100,C,3490,100,D,1523,100,E,4637,100,F,5474,100,G,2955,100
[AUTOPOS] SW-H,A,4823,100,B,5695,100,C,3415,100,D,1552,100,E,4546,100,F,5468,100,G,2974,100
[AUTOPOS] SW-H,A,4856,100,B,5688,100,C,3435,100,D,1487,100,E,4590,100,F,5465,100,G,2943,100
[AUTOPOS] SW-H,A,4851,100,B,5682,100,C,3440,100,D,1500,100,E,4592,100,F,5450,100,G,2943,100
[AUTOPOS] SW-H,A,4860,100,B,5687,100,C,3440,100,D,1583,100,E,4630,100,F,5429,100,G,3009,100
[AUTOPOS] SW-H,A,4856,100,B,5657,100,C,3454,100,D,1516,100,E,4550,100,F,5420,100,G,2959,100
[AUTOPOS] SW-H,A,4843,100,B,5667,100,C,3500,100,D,1546,100,E,4586,100,F,5469,100,G,2961,100
[AUTOPOS] SW-H,A,4887,100,B,5681,100,C,3477,100,D,1487,100,E,4568,100,F,5483,100,G,2921,100
[AUTOPOS] SW-H,A,4850,100,B,5689,100,C,3440,100,D,1487,100,E,4586,100,F,5448,100,G,2903,100
[AUTOPOS] SW-H,A,4875,100,B,5665,100,C,3438,100,D,1551,100,E,4553,100,F,5468,100,G,2942,100
[AUTOPOS] SW-H,A,4879,100,B,5634,100,C,3408,100,D,1577,100,E,4580,100,F,5474,100,G,2990,100
[AUTOPOS] SW-H,A,4847,100,B,5633,100,C,3474,100,D,1512,100,E,4533,100,F,5492,100,G,2962,100
[AUTOPOS] SW-H,A,4831,100,B,5665,100,C,3454,100,D,1478,100,E,4549,100,F,5481,100,G,2913,100
[AUTOPOS] SW-H,A,4834,100,B,5678,100,C,3505,100,D,1486,100,E,4663,100,F,5439,100,G,2914,100
[AUTOPOS] SW-H,A,4924,100,B,5665,100,C,3494,100,D,1485,100,E,4569,100,F,5423,100,G,2944,100
[AUTOPOS] SW-H,A,4864,100,B,5650,100,C,3395,100,D,1557,100,E,4640,100,F,5486,100,G,2925,100
[AUTOPOS] SW-H,A,4868,100,B,5659,100,C,3485,100,D,1570,100,E,4572,100,F,5483,100,G,2922,100
[AUTOPOS] SW-H,A,4862,100,B,5663,100,C,3419,100,D,1559,100,E,4561,100,F,5495,100,G,2967,100
[AUTOPOS] SW-H,A,4857,100,B,5659,100,C,3396,100,D,1594,100,E,4583,100,F,5502,100,G,2891,100
[AUTOPOS] SW-H,A,4850,100,B,5659,100,C,3489,100,D,1498,100,E,4597,100,F,5508,100,G,2956,100
[AUTOPOS] SW-H,A,4879,100,B,5656,100,C,3446,100,D,1530,100,E,4561,100,F,5457,100,G,2932,100
[AUTOPOS] SW-H,A,4867,100,B,5691,100,C,3442,100,D,1515,100,E,4582,100,F,5485,100,G,2925,100
[AUTOPOS] SW-H,A,4853,100,B,5686,100,C,3471,100,D,1473,100,E,4550,100,F,5502,100,G,2900,100
[AUTOPOS] SW-H,A,4905,100,B,5660,100,C,3467,100,D,1497,100,E,4553,100,F,5449,100,G,2979,100
[AUTOPOS] SW-H,A,4830,100,B,5680,100,C,3458,100,D,1527,100,E,4563,100,F,5463,100,G,2951,100
[AUTOPOS] SW-H,A,4872,100,B,5673,100,C,3408,100,D,1537,100,E,4627,100,F,5477,100,G,2939,100
[AUTOPOS] SW-H,A,4848,100,B,5668,100,C,3403,100,D,1516,100,E,4567,100,F,5465,100,G,2909,100
[AUTOPOS] SW-H,A,4905,100,B,5688,100,C,3476,100,D,1529,100,E,4609,100,F,5465,100,G,2947,100
[AUTOPOS] SW-H,A,4882,100,B,5645,100,C,3460,100,D,1495,100,E,4560,100,F,5469,100,G,2927,100
[AUTOPOS] SW-H,A,4865,100,B,5668,100,C,3463,100,D,1504,100,E,4583,100,F,5492,100,G,2965,100
[AUTOPOS] SW-H,A,4827,100,B,5682,100,C,3428,100,D,1546,100,E,4553,100,F,5474,100,G,2930,100
[AUTOPOS] SW-H,A,4850,100,B,5689,100,C,3439,100,D,1516,100,E,4585,100,F,5479,100,G,2954,100
[AUTOPOS] SW-H,A,4912,100,B,5673,100,C,3408,100,D,1498,100,E,4545,100,F,5463,100,G,2964,100
[AUTOPOS] SW-H,A,4834,100,B,5682,100,C,3445,100,D,1547,100,E,4548,100,F,5437,100,G,2960,100
[AUTOPOS] SW-H,A,4866,100,B,5656,100,C,3504,100,D,1577,100,E,4582,100,F,5487,100,G,2943,100
[AUTOPOS] SW-H,A,4851,100,B,5665,100,C,3511,100,D,1555,100,E,4587,100,F,5488,100,G,2959,100
[AUTOPOS] SW-H,A,4835,100,B,5676,100,C,3470,100,D,1528,100,E,4568,100,F,5420,100,G,2937,100
[AUTOPOS] SW-H,A,4922,100,B,5672,100,C,3429,100,D,1510,100,E,4649,100,F,5451,100,G,2948,100
[AUTOPOS] SW-H,A,4862,100,B,5681,100,C,3422,100,D,1524,100,E,4607,100,F,5465,100,G,2950,100
[AUTOPOS] SW-H,A,4891,100,B,5681,100,C,3442,100,D,1483,100,E,4549,100,F,5461,100,G,2926,100
[AUTOPOS] SW-H,A,4838,100,B,5689,100,C,3449,100,D,1520,100,E,4572,100,F,5428,100,G,2939,100
[AUTOPOS] SW-H,A,4886,100,B,5663,100,C,3401,100,D,1487,100,E,4574,100,F,5458,100,G,2942,100
[AUTOPOS] SW-H,A,4848,100,B,5664,100,C,3439,100,D,1499,100,E,4573,100,F,5486,100,G,2955,100
[AUTOPOS] SW-H,A,4844,100,B,5683,100,C,3452,100,D,1628,100,E,4549,100,F,5470,100,G,2925,100
[AUTOPOS] SW-H,A,4882,100,B,5687,100,C,3508,100,D,1475,100,E,4634,100,F,5491,100,G,2945,100
[AUTOPOS] SW-H,A,4845,100,B,5694,100,C,3430,100,D,1470,100,E,4559,100,F,5480,100,G,2942,100
[AUTOPOS] SW-H,A,4904,100,B,5650,100,C,3489,100,D,1527,100,E,4567,100,F,5437,100,G,2966,100
[AUTOPOS] SW-H,A,4845,100,B,5641,100,C,3457,100,D,1492,100,E,4560,100,F,5472,100,G,2981,100
[AUTOPOS] SW-H,A,4843,100,B,5678,100,C,3453,100,D,1518,100,E,4520,100,F,5481,100,G,2945,100
[AUTOPOS] SW-H,A,4920,100,B,5661,100,C,3459,100,D,1500,100,E,4546,100,F,5463,100,G,2976,100
[AUTOPOS] SW-H,A,4820,100,B,5685,100,C,3483,100,D,1467,100,E,4559,100,F,5494,100,G,2951,100
[AUTOPOS] SW-H,A,4864,100,B,5660,100,C,3465,100,D,1589,100,E,4536,100,F,5458,100,G,2956,100
[AUTOPOS] SW-H,A,4883,100,B,5670,100,C,3463,100,D,1519,100,E,4560,100,F,5487,100,G,2945,100
[AUTOPOS] SW-H,A,4876,100,B,5665,100,C,3468,100,D,1554,100,E,4551,100,F,5481,100,G,2957,100
[AUTOPOS] SW-H,A,4870,100,B,5667,100,C,3421,100,D,1560,100,E,4598,100,F,5473,100,G,2923,100
[AUTOPOS] SW-H,A,4826,100,B,5664,100,C,3492,100,D,1478,100,E,4567,100,F,5465,100,G,2969,100
[AUTOPOS] SW-H,A,4865,100,B,5677,100,C,3450,100,D,1498,100,E,4550,100,F,5482,100,G,2960,100
[AUTOPOS] SW-H,A,4831,100,B,5669,100,C,3501,100,D,1500,100,E,4574,100,F,5501,100,G,2987,100
[AUTOPOS] SW-H,A,4828,100,B,5674,100,C,3460,100,D,1506,100,E,4574,100,F,5483,100,G,2950,100
[AUTOPOS] SW-H,A,4867,100,B,5683,100,C,3496,100,D,1535,100,E,4612,100,F,5487,100,G,2973,100
[AUTOPOS] SW-H,A,4831,100,B,5664,100,C,3454,100,D,1489,100,E,4567,100,F,5463,100,G,2890,100
[AUTOPOS] SW-H,A,4890,100,B,5671,100,C,3425,100,D,1575,100,E,4533,100,F,5506,100,G,2921,100
[AUTOPOS] SW-H,A,4865,100,B,5645,100,C,3466,100,D,1498,100,E,4556,100,F,5483,100,G,2950,100
[AUTOPOS] SW-H,A,4900,100,B,5669,100,C,3409,100,D,1489,100,E,4547,100,F,5478,100,G,2914,100
[AUTOPOS] SW-H,A,4888,100,B,5677,100,C,3423,100,D,1486,100,E,4615,100,F,5471,100,G,2936,100
[AUTOPOS] SW-H,A,4822,100,B,5712,100,C,3457,100,D,1606,100,E,4559,100,F,5458,100,G,2941,100
[AUTOPOS] SW-H,A,4825,100,B,5667,100,C,3400,100,D,1483,100,E,4538,100,F,5419,100,G,2959,100
[AUTOPOS] SW-H,A,4862,100,B,5649,100,C,3485,100,D,1513,100,E,4573,100,F,5485,100,G,2951,100
[AUTOPOS] SW-H,A,4897,100,B,5693,100,C,3389,100,D,1492,100,E,4580,100,F,5492,100,G,2963,100
[AUTOPOS] SW-H,A,4782,100,B,5676,100,C,3460,100,D,1487,100,E,4575,100,F,5470,100,G,2952,100
[AUTOPOS] SW-H,A,4863,100,B,5666,100,C,3463,100,D,1473,100,E,4579,100,F,5476,100,G,2965,100
[AUTOPOS] SW-H,A,4865,100,B,5674,100,C,3480,100,D,1545,100,E,4575,100,F,5474,100,G,2957,100
[AUTOPOS] SW-H,A,4897,100,B,5651,100,C,3468,100,D,1494,100,E,4570,100,F,5440,100,G,2943,100
[AUTOPOS] SW-H,A,4920,100,B,5672,100,C,3430,100,D,1485,100,E,4570,100,F,5431,100,G,2981,100
[AUTOPOS] SW-H,A,4913,100,B,5663,100,C,3442,100,D,1484,100,E,4593,100,F,5495,100,G,2977,100
[AUTOPOS] SW-H,A,4813,100,B,5690,100,C,3490,100,D,1537,100,E,4565,100,F,5471,100,G,2927,100
[AUTOPOS] SW-H,A,4861,100,B,5680,100,C,3481,100,D,1556,100,E,4594,100,F,5406,100,G,2912,100
[AUTOPOS] SW-H,A,4845,100,B,5675,100,C,3513,100,D,1519,100,E,4534,100,F,5441,100,G,2984,100
[AUTOPOS] SW-H,A,4880,100,B,5662,100,C,3468,100,D,1535,100,E,4564,100,F,5505,100,G,2945,100
[AUTOPOS] SW-H,A,4864,100,B,5705,100,C,3409,100,D,1597,100,E,4564,100,F,5488,100,G,2973,100
[AUTOPOS] SW-H,A,4785,100,B,5654,100,C,3460,100,D,1519,100,E,4598,100,F,5440,100,G,2925,100
[AUTOPOS] SW-H,A,4888,100,B,5666,100,C,3477,100,D,1513,100,E,4602,100,F,5499,100,G,2916,100
[AUTOPOS] SW-H,A,4851,100,B,5673,100,C,3457,100,D,1484,100,E,4606,100,F,5478,100,G,2976,100
[AUTOPOS] SW-H,A,4876,100,B,5694,100,C,3384,100,D,1566,100,E,4575,100,F,5435,100,G,2949,100
[AUTOPOS] SW-H,A,4943,100,B,5735,100,C,3471,100,D,1520,100,E,4598,100,F,5483,100,G,2948,100
[AUTOPOS] SW-H,A,4890,100,B,5627,100,C,3504,100,D,1501,100,E,4580,100,F,5458,100,G,2917,100
[AUTOPOS] SW-H,A,4885,100,B,5670,100,C,3453,100,D,1512,100,E,4575,100,F,5466,100,G,2916,100
[AUTOPOS] SW-H,A,4852,100,B,5679,100,C,3459,100,D,1505,100,E,4635,100,F,5478,100,G,2934,100
[AUTOPOS] SW-H,A,4887,100,B,5667,100,C,3478,100,D,1575,100,E,4545,100,F,5457,100,G,2919,100
[AUTOPOS] SW-H,A,4882,100,B,5639,100,C,3422,100,D,1493,100,E,4572,100,F,5479,100,G,2959,100
[AUTOPOS] SW-H,A,4855,100,B,5629,100,C,3436,100,D,1478,100,E,4552,100,F,5469,100,G,2935,100
[AUTOPOS] SW-H,A,4878,100,B,5677,100,C,3460,100,D,1521,100,E,4578,100,F,5469,100,G,2925,100
[AUTOPOS] SW-H,A,4851,100,B,5654,100,C,3426,100,D,1522,100,E,4575,100,F,5464,100,G,2914,100
[AUTOPOS] SW-H,A,4850,100,B,5642,100,C,3452,100,D,1518,100,E,4613,100,F,5434,100,G,2985,100
[AUTOPOS] SW-H,A,4855,100,B,5682,100,C,3462,100,D,1526,100,E,4559,100,F,5478,100,G,2963,100
[AUTOPOS] SW-H,A,4880,100,B,5682,100,C,3425,100,D,1483,100,E,4548,100,F,5471,100,G,2968,100
[AUTOPOS] SW-H,A,4808,100,B,5682,100,C,3441,100,D,1532,100,E,4555,100,F,5461,100,G,2919,100
[AUTOPOS] SW-H,A,4852,100,B,5685,100,C,3455,100,D,1518,100,E,4595,100,F,5477,100,G,2975,100
[AUTOPOS] SW-H,A,4882,100,B,5654,100,C,3426,100,D,1512,100,E,4559,100,F,5455,100,G,2957,100
[AUTOPOS] SW-H,A,4927,100,B,5640,100,C,3478,100,D,1540,100,E,4586,100,F,5510,100,G,2961,100
[AUTOPOS] SW-H,A,4925,100,B,5686,100,C,3441,100,D,1509,100,E,4519,100,F,5424,100,G,2965,100
[AUTOPOS] SW-H,A,4850,100,B,5694,100,C,3483,100,D,1496,100,E,4617,100,F,5449,100,G,2960,100
[AUTOPOS] SW-H,A,4831,100,B,5653,100,C,3517,100,D,1494,100,E,4550,100,F,5455,100,G,2929,100
[AUTOPOS] SW-H,A,4899,100,B,5658,100,C,3425,100,D,1515,100,E,4562,100,F,5444,100,G,2955,100
[AUTOPOS] SW-H,A,4903,100,B,5667,100,C,3437,100,D,1492,100,E,4598,100,F,5493,100,G,2976,100
[AUTOPOS] SW-H,A,4932,100,B,5684,100,C,3401,100,D,1523,100,E,4579,100,F,5494,100,G,3005,100
[AUTOPOS] SW-H,A,4861,100,B,5660,100,C,3456,100,D,1477,100,E,4544,100,F,5440,100,G,2948,100
[AUTOPOS] SW-H,A,4837,100,B,5713,100,C,3482,100,D,1513,100,E,4630,100,F,5408,100,G,2968,100
[AUTOPOS] SW-H,A,4808,100,B,5650,100,C,3434,100,D,1486,100,E,4584,100,F,5490,100,G,2951,100
[AUTOPOS] SW-H,A,4871,100,B,5642,100,C,3420,100,D,1484,100,E,4579,100,F,5475,100,G,2974,100
[AUTOPOS] SW-H,A,4856,100,B,5668,100,C,3423,100,D,1591,100,E,4539,100,F,5477,100,G,2928,100
[AUTOPOS] SW-H,A,4896,100,B,5650,100,C,3506,100,D,1514,100,E,4591,100,F,5410,100,G,2918,100
[AUTOPOS] SW-H,A,4916,100,B,5668,100,C,3437,100,D,1498,100,E,4565,100,F,5456,100,G,2963,100
[AUTOPOS] SW-H,A,4868,100,B,5687,100,C,3414,100,D,1498,100,E,4600,100,F,5454,100,G,2965,100
[AUTOPOS] SW-H,A,4819,100,B,5649,100,C,3435,100,D,1490,100,E,4581,100,F,5491,100,G,2948,100
[AUTOPOS] SW-H,A,4868,100,B,5665,100,C,3477,100,D,1580,100,E,4581,100,F,5431,100,G,2938,100
[AUTOPOS] SW-H,A,4856,100,B,5696,100,C,3467,100,D,1537,100,E,4540,100,F,5448,100,G,2925,100
[AUTOPOS] SW-H,A,4892,100,B,5641,100,C,3455,100,D,1510,100,E,4562,100,F,5498,100,G,2917,100
[AUTOPOS] SW-H,A,4828,100,B,5668,100,C,3408,100,D,1469,100,E,4588,100,F,5429,100,G,2989,100
[AUTOPOS] SW-H,A,4825,100,B,5688,100,C,3455,100,D,1578,100,E,4542,100,F,5475,100,G,2929,100
[AUTOPOS] SW-H,A,4870,100,B,5662,100,C,3477,100,D,1510,100,E,4537,100,F,5488,100,G,2983,100
[AUTOPOS] SW-H,A,4886,100,B,5701,100,C,3478,100,D,1603,100,E,4560,100,F,5471,100,G,2969,100
[AUTOPOS] SW-H,A,4859,100,B,5656,100,C,3461,100,D,1491,100,E,4564,100,F,5437,100,G,2890,100
[AUTOPOS] SW-H,A,4874,100,B,5641,100,C,3414,100,D,1491,100,E,4570,100,F,5439,100,G,2941,100
[AUTOPOS] SW-H,A,4866,100,B,5682,100,C,3434,100,D,1485,100,E,4602,100,F,5471,100,G,2935,100
[AUTOPOS] SW-H,A,4849,100,B,5654,100,C,3501,100,D,1556,100,E,4558,100,F,5476,100,G,2964,100
[AUTOPOS] SW-H,A,4874,100,B,5659,100,C,3447,100,D,1495,100,E,4605,100,F,5480,100,G,2933,100
[AUTOPOS] SW-H,A,4879,100,B,5657,100,C,3495,100,D,1559,100,E,4570,100,F,5490,100,G,2994,100
[AUTOPOS] SW-H,A,4857,100,B,5674,100,C,3399,100,D,1496,100,E,4585,100,F,5441,100,G,2892,100
[AUTOPOS] SW-H,A,4865,100,B,5616,100,C,3378,100,D,1556,100,E,4556,100,F,5448,100,G,2960,100
[AUTOPOS] SW-H,A,4880,100,B,5686,100,C,3397,100,D,1502,100,E,4583,100,F,5486,100,G,2972,100
[AUTOPOS] SW-H,A,4867,100,B,5647,100,C,3450,100,D,1515,100,E,4566,100,F,5436,100,G,2988,100
[AUTOPOS] SW-H,A,4882,100,B,5643,100,C,3453,100,D,1492,100,E,4600,100,F,5480,100,G,2893,100
[AUTOPOS] SW-H,A,4848,100,B,5678,100,C,3405,100,D,1470,100,E,4554,100,F,5467,100,G,2927,100
[AUTOPOS] SW-H,A,4832,100,B,5696,100,C,3449,100,D,1484,100,E,4574,100,F,5473,100,G,2954,100
[AUTOPOS] SW-H,A,4811,100,B,5647,100,C,3477,100,D,1500,100,E,4573,100,F,5466,100,G,2970,100
[AUTOPOS] SW-H,A,4890,100,B,5630,100,C,3510,100,D,1550,100,E,4555,100,F,5482,100,G,2976,100
[AUTOPOS] SW-H,A,4867,100,B,5671,100,C,3499,100,D,1550,100,E,4563,100,F,5485,100,G,2944,100
[AUTOPOS] SW-H,A,4901,100,B,5677,100,C,3421,100,D,1526,100,E,4611,100,F,5453,100,G,2965,100
[AUTOPOS] SW-H,A,4864,100,B,5700,100,C,3481,100,D,1463,100,E,4568,100,F,5461,100,G,2936,100
[AUTOPOS] SW-H,A,4841,100,B,5642,100,C,3497,100,D,1490,100,E,4564,100,F,5476,100,G,2987,100
[AUTOPOS] SW-H,A,4879,100,B,5683,100,C,3384,100,D,1543,100,E,4535,100,F,5480,100,G,2967,100
[AUTOPOS] SW-H,A,4875,100,B,5648,100,C,3491,100,D,1566,100,E,4572,100,F,5422,100,G,2985,100
[AUTOPOS] SW-H,A,4818,100,B,5664,100,C,3401,100,D,1492,100,E,4562,100,F,5452,100,G,2961,100
[AUTOPOS] SW-H,A,4900,100,B,5672,100,C,3486,100,D,1497,100,E,4549,100,F,5460,100,G,2914,100
[AUTOPOS] SW-H,A,4873,100,B,5670,100,C,3418,100,D,1479,100,E,4594,100,F,5484,100,G,2948,100
[AUTOPOS] SW-H,A,4890,100,B,5633,100,C,3433,100,D,1486,100,E,4576,100,F,5463,100,G,2921,100
[AUTOPOS] SW-H,A,4861,100,B,5656,100,C,3494,100,D,1475,100,E,4578,100,F,5490,100,G,3003,100
[AUTOPOS] SW-H,A,4905,100,B,5682,100,C,3479,100,D,1504,100,E,4581,100,F,5482,100,G,2951,100
[AUTOPOS] SW-H,A,4876,100,B,5657,100,C,3487,100,D,1501,100,E,4594,100,F,5456,100,G,2934,100
[AUTOPOS] SW-H,A,4880,100,B,5654,100,C,3448,100,D,1530,100,E,4551,100,F,5461,100,G,2971,100
[AUTOPOS] SW-H,A,4838,100,B,5635,100,C,3504,100,D,1534,100,E,4610,100,F,5458,100,G,2981,100
[AUTOPOS] SW-H,A,4892,100,B,5662,100,C,3469,100,D,1516,100,E,4549,100,F,5473,100,G,2971,100
[AUTOPOS] SW-H,A,4891,100,B,5674,100,C,3447,100,D,1488,100,E,4589,100,F,5434,100,G,2948,100
[AUTOPOS] SW-H,A,4886,100,B,5655,100,C,3432,100,D,1501,100,E,4557,100,F,5508,100,G,2912,100
[AUTOPOS] SW-H,A,4827,100,B,5646,100,C,3432,100,D,1567,100,E,4589,100,F,5479,100,G,2957,100
[AUTOPOS] SW-H,A,4778,100,B,5655,100,C,3544,100,D,1559,100,E,4605,100,F,5484,100,G,2927,100
[AUTOPOS] SW-H,A,4843,100,B,5665,100,C,3415,100,D,1514,100,E,4528,100,F,5459,100,G,2981,100
[AUTOPOS] SW-H,A,4907,100,B,5645,100,C,3470,100,D,1513,100,E,4576,100,F,5445,100,G,2914,100
[AUTOPOS] SW-H,A,4882,100,B,5687,100,C,3386,100,D,1512,100,E,4594,100,F,5442,100,G,2964,100
[AUTOPOS] SW-H,A,4815,100,B,5679,100,C,3390,100,D,1501,100,E,4587,100,F,5467,100,G,2974,100
[AUTOPOS] SW-H,A,4866,100,B,5637,100,C,3460,100,D,1501,100,E,4570,100,F,5451,100,G,2966,100
[AUTOPOS] SW-H,A,4900,100,B,5668,100,C,3442,100,D,1544,96,E,4575,100,F,5481,100,G,2974,100
[AUTOPOS] SW-H,A,4845,100,B,5629,100,C,3443,100,D,1538,96,E,4532,100,F,5499,100,G,2962,100
[AUTOPOS] SW-H,A,4924,100,B,5688,100,C,3452,100,D,1522,96,E,4564,100,F,5455,100,G,2940,100
[AUTOPOS] SW-H,A,4902,100,B,5670,100,C,3382,100,D,1571,100,E,4536,100,F,5474,100,G,2928,100
[AUTOPOS] SW-H,A,4843,100,B,5665,100,C,3483,100,D,1548,100,E,4552,100,F,5452,100,G,2933,100
[AUTOPOS] SW-H,A,4815,100,B,5626,100,C,3399,100,D,1506,100,E,4604,100,F,5448,100,G,2953,100
[AUTOPOS] SW-H,A,4880,100,B,5661,100,C,3519,100,D,1476,100,E,4556,100,F,5485,100,G,2947,100
[AUTOPOS] SW-H,A,4903,100,B,5633,100,C,3465,100,D,1598,100,E,4573,100,F,5452,100,G,2926,100
[AUTOPOS] SW-H,A,4830,100,B,5648,100,C,3418,100,D,1553,100,E,4595,100,F,5468,100,G,2919,100
[AUTOPOS] SW-H,A,4792,100,B,5712,100,C,3467,100,D,1515,100,E,4579,100,F,5457,100,G,2925,100
[AUTOPOS] SW-H,A,4866,100,B,5647,100,C,3392,100,D,1503,100,E,4570,100,F,5448,100,G,2989,100
[AUTOPOS] SW-H,A,4817,100,B,5634,100,C,3406,100,D,1535,100,E,4569,100,F,5499,100,G,2984,100
[AUTOPOS] SW-H,A,4883,100,B,5662,100,C,3414,100,D,1478,100,E,4604,100,F,5472,100,G,2929,100
[AUTOPOS] SW-H,A,4891,100,B,5659,100,C,3458,100,D,1530,100,E,4605,100,F,5490,100,G,2933,100
[AUTOPOS] SW-H,A,4858,100,B,5657,100,C,3473,100,D,1515,100,E,4612,100,F,5497,100,G,2927,100
[AUTOPOS] SW-H,A,4769,100,B,5655,100,C,3514,100,D,1473,100,E,4577,100,F,5497,100,G,2956,100
[AUTOPOS] SW-H,A,4869,100,B,5664,100,C,3463,100,D,1480,100,E,4550,100,F,5496,100,G,2918,100
[AUTOPOS] SW-H,A,4836,100,B,5660,100,C,3431,100,D,1513,100,E,4624,100,F,5469,100,G,2921,100
[AUTOPOS] SW-H,A,4876,100,B,5631,100,C,3449,100,D,1511,100,E,4569,100,F,5463,100,G,2953,100
[AUTOPOS] SW-H,A,4854,100,B,5672,100,C,3377,100,D,1529,100,E,4557,100,F,5452,100,G,2896,100
[AUTOPOS] SW-H,A,4879,100,B,5667,100,C,3458,100,D,1490,100,E,4551,100,F,5471,100,G,2956,100
[AUTOPOS] SW-H,A,4881,100,B,5666,100,C,3463,100,D,1501,100,E,4553,100,F,5430,100,G,2974,100
[AUTOPOS] SW-H,A,4855,100,B,5631,100,C,3462,100,D,1503,100,E,4564,100,F,5433,100,G,2963,100
[AUTOPOS] SW-H,A,4818,100,B,5661,100,C,3475,100,D,1517,100,E,4556,100,F,5436,100,G,2950,100
[AUTOPOS] SW-H,A,4909,100,B,5697,100,C,3484,100,D,1537,100,E,4591,100,F,5462,100,G,2900,100
[AUTOPOS] SW-H,A,4883,100,B,5642,100,C,3394,100,D,1501,100,E,4537,100,F,5472,100,G,2959,100
[AUTOPOS] SW-H,A,4838,100,B,5685,100,C,3464,100,D,1498,100,E,4568,100,F,5503,100,G,2955,100
[AUTOPOS] SW-H,A,4870,100,B,5674,100,C,3402,100,D,1510,100,E,4599,100,F,5510,100,G,2964,100
[AUTOPOS] SW-H,A,4825,100,B,5629,100,C,3435,100,D,1561,100,E,4576,100,F,5468,100,G,2953,100
[AUTOPOS] SW-H,A,4815,100,B,5665,100,C,3393,100,D,1483,100,E,4556,100,F,5486,100,G,2936,100
[AUTOPOS] SW-H,A,4917,100,B,5654,100,C,3392,100,D,1526,100,E,4556,100,F,5481,100,G,2958,100
[AUTOPOS] SW-H,A,4868,100,B,5668,100,C,3458,100,D,1483,100,E,4564,100,F,5445,100,G,2979,100
[AUTOPOS] SW-H,A,4888,100,B,5648,100,C,3399,100,D,1492,100,E,4555,100,F,5448,100,G,2930,100
[AUTOPOS] SW-H,A,4883,100,B,5669,100,C,3476,100,D,1494,100,E,4606,100,F,5445,100,G,2945,100
[AUTOPOS] SW-H,A,4891,100,B,5645,100,C,3497,100,D,1525,100,E,4561,100,F,5425,100,G,2921,100
[AUTOPOS] SW-H,A,4814,100,B,5652,100,C,3422,100,D,1478,100,E,4600,100,F,5469,100,G,2908,100
[AUTOPOS] SW-H,A,4872,100,B,5639,100,C,3424,100,D,1547,100,E,4537,100,F,5482,100,G,2966,100
[AUTOPOS] SW-H,A,4847,100,B,5649,100,C,3435,100,D,1570,100,E,4577,100,F,5450,100,G,2949,100
[AUTOPOS] SW-H,A,4860,100,B,5648,100,C,3431,100,D,1461,100,E,4591,100,F,5482,100,G,2898,100
[AUTOPOS] SW-H,A,4894,100,B,5691,100,C,3408,100,D,1530,100,E,4556,100,F,5442,100,G,2957,100
[AUTOPOS] SW-H,A,4937,100,B,5658,100,C,3461,100,D,1469,100,E,4622,100,F,5462,100,G,2945,100
[AUTOPOS] SW-H,A,4849,100,B,5736,100,C,3462,100,D,1489,100,E,4607,100,F,5429,100,G,2966,100
[AUTOPOS] SW-H,A,4863,100,B,5663,100,C,3422,100,D,1484,100,E,4585,100,F,5457,100,G,2938,100
[AUTOPOS] SW-H,A,4906,100,B,5688,100,C,3468,100,D,1542,100,E,4549,100,F,5438,100,G,2956,100
[AUTOPOS] SW-H,A,4812,100,B,5671,100,C,3407,100,D,1497,100,E,4542,100,F,5391,100,G,2980,100
[AUTOPOS] SW-H,A,4829,100,B,5691,100,C,3446,100,D,1526,100,E,4584,100,F,5495,100,G,2926,100
[AUTOPOS] SW-H,A,4806,100,B,5657,100,C,3439,100,D,1491,100,E,4546,100,F,5433,100,G,2985,100
[AUTOPOS] SW-H,A,4876,100,B,5671,100,C,3497,100,D,1479,100,E,4555,100,F,5490,100,G,2938,100
[AUTOPOS] SW-H,A,4904,100,B,5682,100,C,3491,100,D,1575,100,E,4599,100,F,5475,100,G,2939,100
[AUTOPOS] SW-H,A,4840,100,B,5645,100,C,3460,100,D,1560,100,E,4636,100,F,5479,100,G,2914,100
[AUTOPOS] SW-H,A,4853,100,B,5658,100,C,3485,100,D,1506,100,E,4568,100,F,5434,100,G,2924,100
[AUTOPOS] SW-H,A,4838,100,B,5664,100,C,3463,100,D,1554,100,E,4617,100,F,5431,100,G,2926,100
[AUTOPOS] SW-H,A,4891,100,B,5657,100,C,3430,100,D,1500,100,E,4610,100,F,5479,100,G,2968,100
[AUTOPOS] SW-H,A,4785,100,B,5659,100,C,3431,100,D,1504,100,E,4617,100,F,5405,100,G,2973,100
[AUTOPOS] SW-H,A,4848,100,B,5662,100,C,3448,100,D,1516,100,E,4526,100,F,5466,100,G,2954,100
[AUTOPOS] SW-H,A,4912,100,B,5669,100,C,3460,100,D,1568,100,E,4569,100,F,5482,100,G,2955,100
[AUTOPOS] SW-H,A,4839,100,B,5648,100,C,3414,100,D,1528,100,E,4605,100,F,5479,100,G,2911,100
[AUTOPOS] SW-H,A,4835,100,B,5659,100,C,3456,100,D,1501,100,E,4605,100,F,5495,100,G,2964,100
[AUTOPOS] SW-H,A,4924,100,B,5636,100,C,3477,100,D,1462,100,E,4607,100,F,5424,100,G,2973,100
[AUTOPOS] SW-H,A,4829,100,B,5679,100,C,3432,100,D,1569,100,E,4592,100,F,5464,100,G,2923,100
[AUTOPOS] SW-H,A,4835,100,B,5650,100,C,3431,100,D,1496,100,E,4552,100,F,5497,100,G,2937,100
[AUTOPOS] SW-H,A,4828,100,B,5698,100,C,3454,100,D,1479,100,E,4546,100,F,5447,100,G,2946,100
[AUTOPOS] SW-H,A,4859,100,B,5687,100,C,3494,100,D,1536,100,E,4565,100,F,5493,100,G,2995,100
[AUTOPOS] SW-H,A,4869,100,B,5678,100,C,3510,100,D,1535,100,E,4582,100,F,5442,100,G,2944,100
[AUTOPOS] SW-H,A,4814,100,B,5656,100,C,3400,100,D,1564,100,E,4622,100,F,5419,100,G,2994,100
[AUTOPOS] SW-H,A,4878,100,B,5667,100,C,3488,100,D,1521,100,E,4581,100,F,5436,100,G,2950,100
[AUTOPOS] SW-H,A,4894,100,B,5646,100,C,3389,100,D,1508,100,E,4580,100,F,5460,100,G,2895,100
[AUTOPOS] SW-H,A,4799,100,B,5669,100,C,3433,100,D,1522,100,E,4614,100,F,5472,100,G,2945,100
[AUTOPOS] SW-H,A,4902,100,B,5648,100,C,3503,100,D,1516,100,E,4548,100,F,5479,100,G,2961,100
[AUTOPOS] SW-H,A,4868,100,B,5656,100,C,3448,100,D,1576,100,E,4612,100,F,5453,100,G,2954,100
[AUTOPOS] SW-H,A,4889,100,B,5679,100,C,3442,100,D,1508,100,E,4619,100,F,5477,100,G,2937,100
[AUTOPOS] SW-H,A,4857,100,B,5646,100,C,3490,100,D,1556,100,E,4554,100,F,5489,100,G,2967,100
[AUTOPOS] SW-H,A,4909,100,B,5645,100,C,3406,100,D,1536,100,E,4550,100,F,5426,100,G,2956,100
[AUTOPOS] SW-H,A,4863,100,B,5666,100,C,3428,100,D,1484,100,E,4600,100,F,5483,100,G,2954,100
[AUTOPOS] SW-H,A,4873,100,B,5680,100,C,3433,100,D,1567,100,E,4575,100,F,5481,100,G,2942,100
[AUTOPOS] SW-H,A,4918,100,B,5690,100,C,3440,100,D,1496,100,E,4560,100,F,5479,100,G,2933,100
[AUTOPOS] SW-H,A,4897,100,B,5660,100,C,3514,100,D,1537,100,E,4559,100,F,5459,100,G,2960,100
[AUTOPOS] SW-H,A,4874,100,B,5676,100,C,3394,100,D,1569,100,E,4619,100,F,5429,100,G,2924,100
[AUTOPOS] SW-H,A,4938,100,B,5651,100,C,3445,100,D,1494,100,E,4566,100,F,5442,100,G,2959,100
[AUTOPOS] SW-H,A,4926,100,B,5702,100,C,3449,100,D,1576,100,E,4559,100,F,5487,100,G,2929,100
[AUTOPOS] SW-H,A,4851,100,B,5673,100,C,3459,100,D,1506,100,E,4581,100,F,5467,100,G,2935,100
[AUTOPOS] SW-H,A,4877,100,B,5672,100,C,3477,100,D,1534,100,E,4569,100,F,5470,100,G,2959,100
[AUTOPOS] SW-H,A,4845,100,B,5691,100,C,3457,100,D,1589,100,E,4584,100,F,5462,100,G,2917,100
[AUTOPOS] SW-H,A,4859,100,B,5685,100,C,3503,100,D,1557,100,E,4544,100,F,5428,100,G,2949,100
[AUTOPOS] SW-H,A,4897,100,B,5680,100,C,3454,100,D,1572,100,E,4548,100,F,5489,100,G,2950,100
[AUTOPOS] SW-H,A,4911,100,B,5667,100,C,3453,100,D,1546,100,E,4515,100,F,5486,100,G,2905,100
[AUTOPOS] SW-H,A,4866,100,B,5667,100,C,3460,100,D,1517,100,E,4576,100,F,5443,100,G,2932,100
[AUTOPOS] SW-H,A,4877,100,B,5609,100,C,3450,100,D,1520,100,E,4588,100,F,5423,100,G,2927,100
[AUTOPOS] SW-H,A,4884,100,B,5689,100,C,3494,100,D,1491,100,E,4617,100,F,5481,100,G,2957,100
[AUTOPOS] SW-H,A,4849,100,B,5631,100,C,3436,100,D,1458,100,E,4614,100,F,5512,100,G,2970,100
[AUTOPOS] SW-H,A,4862,100,B,5663,100,C,3463,100,D,1476,100,E,4538,100,F,5455,100,G,2977,100
[AUTOPOS] SW-H,A,4812,100,B,5654,100,C,3412,100,D,1567,100,E,4616,100,F,5478,100,G,2907,100
[AUTOPOS] SW-H,A,4888,100,B,5713,100,C,3424,100,D,1566,100,E,4578,100,F,5445,100,G,2916,100
[AUTOPOS] SW-H,A,4827,100,B,5711,100,C,3462,100,D,1519,100,E,4624,100,F,5494,100,G,2966,100
[AUTOPOS] SW-H,A,4926,100,B,5676,100,C,3424,100,D,1582,100,E,4601,100,F,5463,100,G,2982,100
[AUTOPOS] SW-H,A,4866,100,B,5671,100,C,3462,100,D,1513,100,E,4550,100,F,5420,100,G,2951,100
[AUTOPOS] SW-H,A,4873,100,B,5711,100,C,3497,100,D,1495,100,E,4545,100,F,5466,100,G,2905,100
[AUTOPOS] SW-H,A,4887,100,B,5645,100,C,3485,100,D,1484,100,E,4555,100,F,5457,100,G,2964,100
[AUTOPOS] SW-H,A,4883,100,B,5643,100,C,3448,100,D,1507,100,E,4560,100,F,5454,100,G,2932,100
[AUTOPOS] SW-H,A,4892,100,B,5655,100,C,3392,100,D,1535,100,E,4564,100,F,5461,100,G,2950,100
[AUTOPOS] SW-H,A,4864,100,B,5680,100,C,3451,100,D,1487,100,E,4604,100,F,5442,100,G,2962,100
[AUTOPOS] SW-H,A,4848,100,B,5667,100,C,3420,100,D,1588,100,E,4557,100,F,5481,100,G,2963,100
[AUTOPOS] SW-H,A,4833,100,B,5631,100,C,3434,100,D,1490,100,E,4558,100,F,5474,100,G,2930,100
[AUTOPOS] SW-H,A,4818,100,B,5688,100,C,3400,100,D,1483,100,E,4599,100,F,5452,100,G,2928,100
[AUTOPOS] SW-H,A,4884,100,B,5673,100,C,3427,100,D,1491,100,E,4588,100,F,5474,100,G,2958,100
[AUTOPOS] SW-H,A,4857,100,B,5660,100,C,3444,100,D,1487,100,E,4549,100,F,5463,100,G,2957,100
[AUTOPOS] SW-H,A,4846,100,B,5635,100,C,3438,100,D,1583,100,E,4569,100,F,5493,100,G,2965,100
[AUTOPOS] SW-H,A,4905,100,B,5679,100,C,3445,100,D,1517,100,E,4531,100,F,5490,100,G,2972,100
[AUTOPOS] SW-H,A,4855,100,B,5696,100,C,3423,100,D,1572,100,E,4572,100,F,5412,100,G,2931,100
[AUTOPOS] SW-H,A,4875,100,B,5660,100,C,3484,100,D,1530,100,E,4576,100,F,5454,100,G,2924,100
[AUTOPOS] SW-H,A,4863,100,B,5631,100,C,3475,100,D,1524,100,E,4625,100,F,5452,100,G,2939,100
[AUTOPOS] SW-H,A,4897,100,B,5702,100,C,3458,100,D,1514,100,E,4603,100,F,5460,100,G,2972,100
[AUTOPOS] SW-H,A,4869,100,B,5678,100,C,3471,100,D,1488,100,E,4563,100,F,5411,100,G,2944,100
[AUTOPOS] SW-H,A,4835,100,B,5684,100,C,3414,100,D,1501,100,E,4623,100,F,5453,100,G,2943,100
[AUTOPOS] SW-H,A,4877,100,B,5670,100,C,3449,100,D,1514,100,E,4613,100,F,5489,100,G,2934,100
[AUTOPOS] SW-H,A,4883,100,B,5720,100,C,3428,100,D,1524,100,E,4547,100,F,5474,100,G,2958,100
[AUTOPOS] SW-H,A,4886,100,B,5653,100,C,3462,100,D,1521,100,E,4564,100,F,5460,100,G,2931,100
[AUTOPOS] SW-H,A,4900,100,B,5668,100,C,3423,100,D,1460,100,E,4560,100,F,5495,100,G,2914,100
[AUTOPOS] SW-H,A,4820,100,B,5650,100,C,3438,100,D,1488,100,E,4608,100,F,5478,100,G,2943,100
[AUTOPOS] SW-H,A,4887,100,B,5634,100,C,3471,100,D,1490,100,E,4623,100,F,5464,100,G,2944,100
[AUTOPOS] SW-H,A,4846,100,B,5641,100,C,3430,100,D,1556,100,E,4601,100,F,5493,100,G,2945,100
[AUTOPOS] SW-H,A,4864,100,B,5718,100,C,3410,100,D,1484,100,E,4551,100,F,5485,100,G,2939,100
[AUTOPOS] SW-H,A,4861,100,B,5687,100,C,3474,100,D,1569,100,E,4567,100,F,5421,100,G,2938,100
[AUTOPOS] SW-H,A,4838,100,B,5675,100,C,3495,100,D,1500,100,E,4550,100,F,5450,100,G,2947,100
[AUTOPOS] SW-H,A,4801,100,B,5671,100,C,3469,100,D,1548,100,E,4556,100,F,5431,100,G,2966,100
[AUTOPOS] SW-H,A,4865,100,B,5659,100,C,3457,100,D,1517,100,E,4570,100,F,5483,100,G,2965,100
[AUTOPOS] SW-H,A,4894,100,B,5687,100,C,3473,100,D,1492,100,E,4549,100,F,5461,100,G,2955,100
[AUTOPOS] SW-H,A,4856,100,B,5633,100,C,3489,100,D,1480,100,E,4579,100,F,5495,100,G,2973,100
[AUTOPOS] SW-H,A,4847,100,B,5676,100,C,3476,100,D,1479,100,E,4615,100,F,5434,100,G,2965,100
[AUTOPOS] SW-H,A,4872,100,B,5665,100,C,3432,100,D,1473,100,E,4616,100,F,5483,100,G,2941,100
[AUTOPOS] SW-H,A,4874,100,B,5674,100,C,3515,100,D,1514,100,E,4564,100,F,5425,100,G,2976,100
[AUTOPOS] SW-H,A,4862,100,B,5685,100,C,3473,100,D,1488,100,E,4534,100,F,5414,100,G,2951,100
[AUTOPOS] SW-H,A,4886,100,B,5674,100,C,3439,100,D,1471,100,E,4542,100,F,5484,100,G,2987,100
[AUTOPOS] SW-H,A,4868,100,B,5694,100,C,3465,100,D,1496,100,E,4604,100,F,5444,100,G,2946,100
[AUTOPOS] SW-H,A,4875,100,B,5659,100,C,3427,100,D,1500,100,E,4598,100,F,5416,100,G,2935,100
[AUTOPOS] SW-H,A,4887,100,B,5665,100,C,3490,100,D,1538,100,E,4543,100,F,5477,100,G,2956,100
[AUTOPOS] SW-H,A,4872,100,B,5692,100,C,3475,100,D,1581,100,E,4555,100,F,5432,100,G,2926,100
[AUTOPOS] SW-H,A,4890,100,B,5654,100,C,3486,100,D,1489,100,E,4607,100,F,5432,100,G,2986,100
[AUTOPOS] SW-H,A,4895,100,B,5684,100,C,3442,100,D,1500,100,E,4587,100,F,5417,100,G,2982,100
[AUTOPOS] SW-H,A,4854,100,B,5660,100,C,3407,100,D,1506,100,E,4546,100,F,5488,100,G,2924,100
[AUTOPOS] SW-H,A,4890,100,B,5669,100,C,3455,100,D,1503,100,E,4585,100,F,5501,100,G,2925,100
[AUTOPOS] SW-H,A,4843,100,B,5646,100,C,3483,100,D,1477,100,E,4589,100,F,5483,100,G,2947,100
[AUTOPOS] SW-H,A,4852,100,B,5641,100,C,3482,100,D,1493,100,E,4585,100,F,5491,100,G,2971,100
[AUTOPOS] SW-H,A,4897,100,B,5666,100,C,3425,100,D,1488,100,E,4571,100,F,5449,100,G,2961,100
[AUTOPOS] SW-H,A,4840,100,B,5634,100,C,3458,100,D,1509,100,E,4566,100,F,5443,100,G,2943,100
[AUTOPOS] SW-H,A,4928,100,B,5661,100,C,3485,100,D,1505,100,E,4573,100,F,5448,100,G,2914,100
[AUTOPOS] SW-H,A,4876,100,B,5714,100,C,3456,100,D,1489,100,E,4564,100,F,5441,100,G,2965,100
[AUTOPOS] SW-H,A,4851,100,B,5635,100,C,3465,100,D,1555,100,E,4559,100,F,5460,100,G,2935,100
[AUTOPOS] SW-H,A,4891,100,B,5637,100,C,3503,100,D,1473,100,E,4571,100,F,5415,100,G,2962,100
[AUTOPOS] SW-H,A,4922,100,B,5696,100,C,3400,100,D,1602,100,E,4580,100,F,5398,100,G,2969,100
[AUTOPOS] SW-H,A,4861,100,B,5644,100,C,3454,100,D,1533,100,E,4577,100,F,5486,100,G,2919,100
[AUTOPOS] SW-H,A,4875,100,B,5656,100,C,3438,100,D,1516,100,E,4560,100,F,5508,100,G,2925,100
[AUTOPOS] SW-H,A,4811,100,B,5662,100,C,3420,100,D,1570,100,E,4586,100,F,5469,100,G,2933,100
[AUTOPOS] SW-H,A,4842,100,B,5748,100,C,3431,100,D,1547,100,E,4556,100,F,5450,100,G,2950,100
[AUTOPOS] SW-H,A,4917,100,B,5669,100,C,3475,100,D,1487,100,E,4607,100,F,5486,100,G,2979,100
[AUTOPOS] SW-H,A,4896,100,B,5699,100,C,3466,100,D,1560,100,E,4617,100,F,5460,100,G,2911,100
[AUTOPOS] SW-H,A,4858,100,B,5672,100,C,3488,100,D,1517,100,E,4566,100,F,5448,100,G,2909,100
[AUTOPOS] SW-H,A,4857,100,B,5666,100,C,3410,100,D,1549,100,E,4589,100,F,5451,100,G,2944,100
[AUTOPOS] SW-H,A,4906,100,B,5688,100,C,3519,100,D,1529,100,E,4610,100,F,5451,100,G,2933,100
[AUTOPOS] SW-H,A,4858,100,B,5642,100,C,3465,100,D,1467,100,E,4544,100,F,5499,100,G,2957,100
[AUTOPOS] SW-H,A,4859,100,B,5667,100,C,3489,100,D,1491,100,E,4624,100,F,5462,100,G,2982,100
[AUTOPOS] SW-H,A,4858,100,B,5671,100,C,3457,100,D,1568,100,E,4599,100,F,5462,100,G,2922,100
[AUTOPOS] SW-H,A,4922,100,B,5684,100,C,3456,100,D,1599,100,E,4565,100,F,5481,100,G,2958,100
[AUTOPOS] SW-H,A,4834,100,B,5654,100,C,3430,100,D,1457,100,E,4563,100,F,5485,100,G,2968,100
[AUTOPOS] SW-H,A,4885,100,B,5639,100,C,3434,100,D,1481,100,E,4569,100,F,5434,100,G,2944,100
[AUTOPOS] SW-H,A,4854,100,B,5680,100,C,3432,100,D,1519,100,E,4613,100,F,5484,100,G,2939,100
[AUTOPOS] SW-H,A,4855,100,B,5660,100,C,3409,100,D,1554,100,E,4557,100,F,5488,100,G,2966,100
[AUTOPOS] SW-H,A,4792,100,B,5706,100,C,3464,100,D,1491,100,E,4601,100,F,5497,100,G,2922,100
[AUTOPOS] SW-H,A,4910,100,B,5624,100,C,3468,100,D,1507,100,E,4570,100,F,5475,100,G,2931,100
[AUTOPOS] SW-H,A,4891,100,B,5651,100,C,3432,100,D,1515,100,E,4584,100,F,5486,100,G,2925,100
[AUTOPOS] SW-H,A,4905,100,B,5679,100,C,3482,100,D,1505,100,E,4591,100,F,5420,100,G,2921,100
[AUTOPOS] SW-H,A,4880,100,B,5665,100,C,3435,100,D,1503,100,E,4577,100,F,5435,100,G,2958,100
[AUTOPOS] SW-H,A,4896,100,B,5678,100,C,3455,100,D,1516,100,E,4609,100,F,5456,100,G,2962,100
[AUTOPOS] SW-H,A,4884,100,B,5666,100,C,3454,100,D,1519,100,E,4583,100,F,5466,100,G,2941,100
[AUTOPOS] SW-H,A,4867,100,B,5653,100,C,3490,100,D,1547,100,E,4557,100,F,5448,100,G,2953,100
[AUTOPOS] SW-H,A,4849,100,B,5655,100,C,3429,100,D,1557,100,E,4582,100,F,5464,100,G,2939,100
[AUTOPOS] SW-H,A,4820,100,B,5702,100,C,3512,100,D,1502,100,E,4574,100,F,5463,100,G,2941,100
[AUTOPOS] SW-H,A,4887,100,B,5703,100,C,3502,100,D,1515,100,E,4581,100,F,5456,100,G,2937,100
[AUTOPOS] SW-H,A,4890,100,B,5676,100,C,3438,100,D,1496,100,E,4557,100,F,5465,100,G,3002,100
[AUTOPOS] SW-H,A,4860,100,B,5641,100,C,3458,100,D,1571,100,E,4560,100,F,5434,100,G,3009,100
[AUTOPOS] SW-H,A,4829,100,B,5676,100,C,3457,100,D,1534,100,E,4560,100,F,5475,100,G,2960,100
[AUTOPOS] SW-H,A,4859,100,B,5680,100,C,3498,100,D,1556,100,E,4548,100,F,5424,100,G,2939,100
[AUTOPOS] SW-H,A,4873,100,B,5686,100,C,3475,100,D,1521,100,E,4624,100,F,5443,100,G,2952,100
[AUTOPOS] SW-H,A,4897,100,B,5675,100,C,3423,100,D,1583,100,E,4627,100,F,5476,100,G,2962,100
[AUTOPOS] SW-H,A,4842,100,B,5637,100,C,3440,100,D,1519,100,E,4565,100,F,5494,100,G,2943,100
[AUTOPOS] SW-H,A,4840,100,B,5680,100,C,3441,100,D,1552,100,E,4591,100,F,5442,100,G,2938,100
[AUTOPOS] SW-H,A,4910,100,B,5648,100,C,3463,100,D,1516,100,E,4573,100,F,5460,100,G,2942,100
[AUTOPOS] SW-H,A,4864,100,B,5681,100,C,3459,100,D,1498,100,E,4595,100,F,5398,100,G,2976,100
[AUTOPOS] SW-H,A,4839,100,B,5684,100,C,3459,100,D,1502,100,E,4574,100,F,5432,100,G,2915,100
[AUTOPOS] SW-H,A,4917,100,B,5688,100,C,3397,100,D,1534,100,E,4592,100,F,5457,100,G,2928,100
[AUTOPOS] SW-H,A,4846,100,B,5652,100,C,3461,100,D,1478,100,E,4541,100,F,5434,100,G,2935,100
[AUTOPOS] SW-H,A,4850,100,B,5660,100,C,3425,100,D,1502,100,E,4587,100,F,5457,100,G,2964,100
[AUTOPOS] SW-H,A,4830,100,B,5693,100,C,3434,100,D,1577,100,E,4575,100,F,5469,100,G,2911,100
[AUTOPOS] SW-H,A,4904,100,B,5677,100,C,3463,100,D,1487,100,E,4608,100,F,5481,100,G,2951,100
[AUTOPOS] SW-H,A,4901,100,B,5693,100,C,3440,100,D,1541,100,E,4585,100,F,5450,100,G,2953,100
[AUTOPOS] SW-H,A,4867,100,B,5671,100,C,3450,100,D,1557,100,E,4556,100,F,5487,100,G,2951,100
[AUTOPOS] SW-H,A,4886,100,B,5657,100,C,3398,100,D,1511,100,E,4571,100,F,5509,100,G,2926,100
[AUTOPOS] SW-H,A,4924,100,B,5670,100,C,3438,100,D,1495,100,E,4569,100,F,5487,100,G,2966,100
[AUTOPOS] SW-H,A,4892,100,B,5689,100,C,3457,100,D,1496,100,E,4623,100,F,5481,100,G,2960,100
[AUTOPOS] SW-H,A,4883,100,B,5689,100,C,3486,100,D,1543,100,E,4602,100,F,5450,100,G,2924,100
[AUTOPOS] SW-H,A,4916,100,B,5654,100,C,3446,100,D,1539,100,E,4583,100,F,5471,100,G,2945,100
[AUTOPOS] SW-H,A,4889,100,B,5647,100,C,3431,100,D,1570,100,E,4584,100,F,5460,100,G,2926,100
[AUTOPOS] SW-H,A,4812,100,B,5643,100,C,3421,100,D,1555,100,E,4611,100,F,5459,100,G,2957,100
[AUTOPOS] SW-H,A,4890,100,B,5675,100,C,3475,100,D,1512,100,E,4612,100,F,5478,100,G,2937,100
[AUTOPOS] SW-H,A,4927,100,B,5661,100,C,3430,100,D,1519,100,E,4594,100,F,5430,100,G,2922,100
[AUTOPOS] SW-H,A,4864,100,B,5690,100,C,3477,100,D,1538,100,E,4565,100,F,5479,100,G,2920,100
[AUTOPOS] SW-H,A,4903,100,B,5662,100,C,3461,100,D,1508,100,E,4553,100,F,5465,100,G,2947,100
[AUTOPOS] SW-H,A,4842,100,B,5639,100,C,3469,100,D,1495,100,E,4597,100,F,5490,100,G,2944,100
[AUTOPOS] SW-H,A,4854,100,B,5668,100,C,3432,100,D,1495,100,E,4545,100,F,5466,100,G,2931,100
[AUTOPOS] SW-H,A,4887,100,B,5649,100,C,3472,100,D,1557,100,E,4577,100,F,5443,100,G,2950,100
[AUTOPOS] SW-H,A,4844,100,B,5665,100,C,3435,100,D,1500,100,E,4562,100,F,5487,100,G,2931,100
[AUTOPOS] SW-H,A,4836,100,B,5656,100,C,3421,100,D,1491,100,E,4565,100,F,5480,100,G,2964,100
[AUTOPOS] SW-H,A,4887,100,B,5672,100,C,3425,100,D,1510,100,E,4589,100,F,5425,100,G,2965,100
[AUTOPOS] SW-H,A,4919,100,B,5640,100,C,3440,100,D,1520,100,E,4560,100,F,5441,100,G,2944,100
[AUTOPOS] SW-H,A,4862,100,B,5686,100,C,3421,100,D,1517,100,E,4566,100,F,5407,100,G,2982,100
[AUTOPOS] SW-H,A,4857,100,B,5680,100,C,3425,100,D,1486,100,E,4611,100,F,5490,100,G,2987,100
[AUTOPOS] SW-H,A,4798,100,B,5654,100,C,3400,100,D,1494,100,E,4578,100,F,5494,100,G,2942,100
[AUTOPOS] SW-H,A,4838,100,B,5673,100,C,3433,100,D,1516,100,E,4567,100,F,5476,100,G,2952,100
[AUTOPOS] SW-H,A,4868,100,B,5686,100,C,3420,100,D,1516,100,E,4568,100,F,5467,100,G,2923,100
[AUTOPOS] SW-H,A,4845,100,B,5658,100,C,3445,100,D,1518,100,E,4578,100,F,5409,100,G,2904,100
[AUTOPOS] SW-H,A,4899,100,B,5622,100,C,3455,100,D,1489,100,E,4573,100,F,5488,100,G,2963,100
[AUTOPOS] SW-H,A,4900,100,B,5683,100,C,3450,100,D,1506,100,E,4587,100,F,5476,100,G,2939,100
[AUTOPOS] SW-H,A,4887,100,B,5688,100,C,3438,100,D,1510,100,E,4554,100,F,5456,100,G,2957,100
[AUTOPOS] SW-H,A,4861,100,B,5678,100,C,3500,100,D,1474,100,E,4576,100,F,5431,100,G,2914,100
[AUTOPOS] SW-H,A,4887,100,B,5636,100,C,3429,100,D,1514,100,E,4617,100,F,5426,100,G,2932,100
[AUTOPOS] SW-H,A,4783,100,B,5683,100,C,3467,100,D,1544,100,E,4564,100,F,5487,100,G,2988,100
[AUTOPOS] SW-H,A,4875,100,B,5639,100,C,3437,100,D,1514,100,E,4567,100,F,5465,100,G,2941,100
[AUTOPOS] SW-H,A,4887,100,B,5662,100,C,3435,100,D,1549,100,E,4547,100,F,5409,100,G,2915,100
[AUTOPOS] SW-H,A,4873,100,B,5652,100,C,3496,100,D,1504,100,E,4598,100,F,5445,100,G,2916,100
[AUTOPOS] SW-H,A,4886,100,B,5674,100,C,3505,100,D,1575,100,E,4560,100,F,5506,100,G,2962,100
[AUTOPOS] SW-H,A,4890,100,B,5686,100,C,3421,100,D,1502,100,E,4551,100,F,5462,100,G,2946,100
[AUTOPOS] SW-H,A,4885,100,B,5662,100,C,3444,100,D,1509,100,E,4605,100,F,5493,100,G,2926,100
[AUTOPOS] SW-H,A,4849,100,B,5705,100,C,3450,100,D,1489,100,E,4589,100,F,5494,100,G,2956,100
[AUTOPOS] SW-H,A,4829,100,B,5633,100,C,3441,100,D,1569,100,E,4573,100,F,5472,100,G,2881,100
[AUTOPOS] SW-H,A,4874,100,B,5668,100,C,3467,100,D,1530,100,E,4564,100,F,5462,100,G,2950,100
[AUTOPOS] SW-H,A,4842,100,B,5675,100,C,3484,100,D,1529,100,E,4547,100,F,5449,100,G,2947,100
[AUTOPOS] SW-H,A,4892,100,B,5640,100,C,3483,100,D,1581,100,E,4607,100,F,5434,100,G,2924,100
[AUTOPOS] SW-H,A,4884,100,B,5677,100,C,3410,100,D,1553,100,E,4592,100,F,5449,100,G,2930,100
[AUTOPOS] SW-H,A,4870,100,B,5654,100,C,3436,100,D,1516,100,E,4599,100,F,5464,100,G,2950,100
[AUTOPOS] SW-H,A,4854,100,B,5670,100,C,3444,100,D,1527,100,E,4613,100,F,5452,100,G,2968,100
[AUTOPOS] SW-H,A,4821,100,B,5685,100,C,3427,100,D,1566,100,E,4574,100,F,5476,100,G,2906,100
[AUTOPOS] SW-H,A,4870,100,B,5651,100,C,3390,100,D,1493,100,E,4576,100,F,5484,100,G,2971,100
[AUTOPOS] SW-H,A,4852,100,B,5664,100,C,3432,100,D,1481,100,E,4595,100,F,5481,100,G,2928,100
[AUTOPOS] SW-H,A,4889,100,B,5656,100,C,3507,100,D,1526,100,E,4584,100,F,5474,100,G,2962,100
[AUTOPOS] SW-H,A,4873,100,B,5682,100,C,3482,100,D,1494,100,E,4562,100,F,5462,100,G,2923,100
[AUTOPOS] SW-H,A,4855,100,B,5641,100,C,3440,100,D,1495,100,E,4540,100,F,5466,100,G,2957,100
[AUTOPOS] SW-H,A,4872,100,B,5713,100,C,3457,100,D,1520,100,E,4573,100,F,5467,100,G,2967,100
[AUTOPOS] SW-H,A,4868,100,B,5637,100,C,3413,100,D,1584,100,E,4589,100,F,5448,100,G,2924,100
[AUTOPOS] SW-H,A,4848,100,B,5660,100,C,3515,100,D,1458,100,E,4575,100,F,5475,100,G,2938,100
[AUTOPOS] SW-H,A,4897,100,B,5662,100,C,3398,100,D,1503,100,E,4569,100,F,5439,100,G,2941,100
[AUTOPOS] SW-H,A,4825,100,B,5670,100,C,3448,100,D,1480,100,E,4610,100,F,5463,100,G,2947,100
[AUTOPOS] SW-H,A,4862,100,B,5663,100,C,3486,100,D,1497,100,E,4550,100,F,5491,100,G,2944,100
[AUTOPOS] SW-H,A,4845,100,B,5670,100,C,3435,100,D,1507,100,E,4565,100,F,5473,100,G,2934,100
[AUTOPOS] SW-H,A,4798,100,B,5665,100,C,3489,100,D,1467,100,E,4597,100,F,5486,100,G,2938,100
[AUTOPOS] SW-H,A,4884,100,B,5668,100,C,3470,100,D,1523,100,E,4564,100,F,5437,100,G,2956,100
[AUTOPOS] SW-H,A,4874,100,B,5680,100,C,3461,100,D,1480,100,E,4556,100,F,5447,100,G,2947,100
[AUTOPOS] SW-H,A,4875,100,B,5668,100,C,3497,100,D,1473,100,E,4578,100,F,5494,100,G,2975,100
[AUTOPOS] SW-H,A,4830,100,B,5680,100,C,3489,100,D,1478,100,E,4568,100,F,5420,100,G,2947,100
[AUTOPOS] SW-H,A,4897,100,B,5690,100,C,3466,100,D,1572,100,E,4564,100,F,5459,100,G,2974,100
[AUTOPOS] SW-H,A,4889,100,B,5663,100,C,3399,100,D,1549,100,E,4575,100,F,5479,100,G,2942,100
[AUTOPOS] SW-H,A,4876,100,B,5672,100,C,3411,100,D,1464,100,E,4573,100,F,5432,100,G,2957,100
[AUTOPOS] SW-H,A,4831,100,B,5681,100,C,3461,100,D,1469,100,E,4578,100,F,5414,100,G,2952,100
[AUTOPOS] SW-H,A,4895,100,B,5684,100,C,3477,100,D,1462,100,E,4621,100,F,5479,100,G,2933,100
[AUTOPOS] SW-H,A,4901,100,B,5654,100,C,3428,100,D,1500,100,E,4607,100,F,5476,100,G,2952,100
[AUTOPOS] SW-H,A,4864,100,B,5680,100,C,3434,100,D,1504,100,E,4560,100,F,5468,100,G,2913,100
[AUTOPOS] SW-H,A,4876,100,B,5680,100,C,3488,100,D,1537,100,E,4566,100,F,5426,100,G,2941,100
[AUTOPOS] SW-H,A,4885,100,B,5634,100,C,3440,100,D,1527,100,E,4582,100,F,5406,100,G,2916,100
[AUTOPOS] SW-H,A,4856,100,B,5675,100,C,3446,100,D,1522,100,E,4566,100,F,5468,100,G,2923,100
[AUTOPOS] SW-H,A,4882,100,B,5677,100,C,3494,100,D,1496,100,E,4562,100,F,5475,100,G,2928,100
[AUTOPOS] SW-H,A,4902,100,B,5682,100,C,3405,100,D,1566,100,E,4549,100,F,5395,100,G,2907,100
[AUTOPOS] SW-H,A,4857,100,B,5654,100,C,3453,100,D,1495,100,E,4588,100,F,5432,100,G,2974,100
[AUTOPOS] SW-H,A,4910,100,B,5654,100,C,3520,100,D,1547,100,E,4597,100,F,5402,100,G,2925,100
[AUTOPOS] SW-H,A,4850,100,B,5688,100,C,3449,100,D,1558,100,E,4574,100,F,5459,100,G,2948,100
[AUTOPOS] SW-H,A,4916,100,B,5657,100,C,3471,100,D,1491,100,E,4571,100,F,5445,100,G,2981,100
[AUTOPOS] SW-H,A,4882,100,B,5670,100,C,3441,100,D,1521,100,E,4561,100,F,5468,100,G,2953,100
[AUTOPOS] SW-H,A,4822,100,B,5681,100,C,3452,100,D,1562,100,E,4577,100,F,5410,100,G,2945,100
[AUTOPOS] SW-H,A,4839,100,B,5672,100,C,3485,100,D,1488,100,E,4589,100,F,5457,100,G,2945,100
[AUTOPOS] SW-H,A,4883,100,B,5666,100,C,3444,100,D,1508,100,E,4560,100,F,5480,100,G,2946,100
[AUTOPOS] SW-H,A,4855,100,B,5642,100,C,3469,100,D,1532,100,E,4570,100,F,5454,100,G,2920,100
[AUTOPOS] SW-H,A,4883,100,B,5676,100,C,3496,100,D,1524,100,E,4616,100,F,5459,100,G,2946,100
[AUTOPOS] SW-H,A,4868,100,B,5652,100,C,3434,100,D,1471,100,E,4611,100,F,5497,100,G,2964,100
[AUTOPOS] SW-H,A,4883,100,B,5647,100,C,3448,100,D,1585,100,E,4578,100,F,5482,100,G,2905,100
[AUTOPOS] SW-H,A,4877,100,B,5681,100,C,3462,100,D,1494,100,E,4543,100,F,5473,100,G,2947,100
[AUTOPOS] SW-H,A,4871,100,B,5661,100,C,3510,100,D,1486,100,E,4578,100,F,5494,100,G,2938,100
[AUTOPOS] SW-H,A,4837,100,B,5667,100,C,3405,100,D,1506,100,E,4547,100,F,5492,100,G,2925,100
[AUTOPOS] SW-H,A,4893,100,B,5671,100,C,3405,100,D,1487,100,E,4575,100,F,5434,100,G,2968,100
[AUTOPOS] SW-H,A,4864,100,B,5689,100,C,3408,100,D,1506,100,E,4571,100,F,5466,100,G,2980,100
[AUTOPOS] SW-H,A,4828,100,B,5673,100,C,3442,100,D,1546,100,E,4596,100,F,5493,100,G,2938,100
[AUTOPOS] SW-H,A,4889,100,B,5681,100,C,3469,100,D,1506,100,E,4611,100,F,5478,100,G,2917,100
[AUTOPOS] SW-H,A,4835,100,B,5676,100,C,3446,100,D,1565,100,E,4540,100,F,5414,100,G,2948,100
[AUTOPOS] SW-H,A,4900,100,B,5645,100,C,3449,100,D,1501,100,E,4540,100,F,5425,100,G,2916,100
[AUTOPOS] SW-H,A,4887,100,B,5630,100,C,3469,100,D,1510,100,E,4621,100,F,5447,100,G,2939,100
[AUTOPOS] SW-H,A,4879,100,B,5638,100,C,3440,100,D,1507,100,E,4619,100,F,5434,100,G,2924,100
[AUTOPOS] SW-H,A,4810,100,B,5665,100,C,3401,100,D,1587,100,E,4541,100,F,5470,100,G,2937,100
[AUTOPOS] SW-H,A,4879,100,B,5684,100,C,3456,100,D,1545,100,E,4577,100,F,5450,100,G,3002,100
[AUTOPOS] SW-H,A,4849,100,B,5646,100,C,3405,100,D,1492,100,E,4545,100,F,5460,100,G,2969,100
[AUTOPOS] SW-H,A,4912,100,B,5655,100,C,3457,100,D,1549,100,E,4589,100,F,5456,100,G,2954,100
[AUTOPOS] SW-H,A,4902,100,B,5664,100,C,3432,100,D,1531,100,E,4549,100,F,5412,100,G,2961,100
[AUTOPOS] SW-H,A,4931,100,B,5669,100,C,3417,100,D,1480,100,E,4546,100,F,5420,100,G,2940,100
[AUTOPOS] SW-H,A,4889,100,B,5669,100,C,3478,100,D,1521,100,E,4597,100,F,5481,100,G,2932,100
[AUTOPOS] SW-H,A,4837,100,B,5698,100,C,3398,100,D,1512,100,E,4572,100,F,5468,100,G,2959,100
[AUTOPOS] SW-H,A,4912,100,B,5693,100,C,3450,100,D,1558,100,E,4624,100,F,5444,100,G,2945,100
[AUTOPOS] SW-H,A,4876,100,B,5647,100,C,3480,100,D,1511,100,E,4554,100,F,5454,100,G,2895,100
[AUTOPOS] SW-H,A,4848,100,B,5669,100,C,3437,100,D,1595,100,E,4577,100,F,5408,100,G,2959,100
[AUTOPOS] SW-H,A,4879,100,B,5684,100,C,3469,100,D,1467,100,E,4625,100,F,5475,100,G,2932,100
[AUTOPOS] SW-H,A,4901,100,B,5677,100,C,3422,100,D,1473,100,E,4568,100,F,5467,100,G,2943,100
[AUTOPOS] SW-H,A,4869,100,B,5721,100,C,3465,100,D,1482,100,E,4585,100,F,5485,100,G,2894,100
[AUTOPOS] SW-H,A,4908,100,B,5671,100,C,3418,100,D,1462,100,E,4560,100,F,5451,100,G,2926,100
[AUTOPOS] SW-H,A,4884,100,B,5681,100,C,3429,100,D,1510,100,E,4569,100,F,5461,100,G,2947,100
[AUTOPOS] SW-H,A,4820,100,B,5638,100,C,3436,100,D,1500,100,E,4567,100,F,5495,100,G,2962,100
[AUTOPOS] SW-H,A,4881,100,B,5689,100,C,3433,100,D,1539,100,E,4616,100,F,5487,100,G,2936,100
[AUTOPOS] SW-H,A,4828,100,B,5644,100,C,3446,100,D,1473,100,E,4552,100,F,5473,100,G,2965,100
[AUTOPOS] SW-H,A,4858,100,B,5658,100,C,3411,100,D,1489,100,E,4605,100,F,5475,100,G,2925,100
[AUTOPOS] SW-H,A,4849,100,B,5668,100,C,3462,100,D,1515,100,E,4572,100,F,5454,100,G,2971,100
[AUTOPOS] SW-H,A,4814,100,B,5670,100,C,3430,100,D,1500,100,E,4544,100,F,5499,100,G,2990,100
[AUTOPOS] SW-H,A,4878,100,B,5641,100,C,3433,100,D,1603,100,E,4569,100,F,5411,100,G,2936,100
[AUTOPOS] SW-H,A,4838,100,B,5668,100,C,3440,100,D,1493,100,E,4613,100,F,5469,100,G,2943,100
[AUTOPOS] SW-H,A,4859,100,B,5656,100,C,3469,100,D,1531,100,E,4565,100,F,5446,100,G,2964,100
[AUTOPOS] SW-H,A,4837,100,B,5684,100,C,3433,100,D,1509,100,E,4598,100,F,5455,100,G,2910,100
[AUTOPOS] SW-H,A,4900,100,B,5646,100,C,3457,100,D,1516,100,E,4604,100,F,5486,100,G,2919,100
[AUTOPOS] SW-H,A,4804,100,B,5705,100,C,3419,100,D,1492,100,E,4586,100,F,5503,100,G,3002,100
[AUTOPOS] SW-H,A,4817,100,B,5692,100,C,3448,100,D,1537,100,E,4547,100,F,5479,100,G,2924,100
[AUTOPOS] SW-H,A,4883,100,B,5719,100,C,3455,100,D,1503,100,E,4567,100,F,5446,100,G,2916,100
[AUTOPOS] SW-H,A,4868,100,B,5698,100,C,3476,100,D,1547,100,E,4542,100,F,5413,100,G,2966,100
[AUTOPOS] SW-H,A,4863,100,B,5633,100,C,3415,100,D,1602,100,E,4577,100,F,5496,100,G,2965,100
[AUTOPOS] SW-H,A,4825,100,B,5657,100,C,3437,100,D,1547,100,E,4558,100,F,5472,100,G,2968,100
[AUTOPOS] SW-H,A,4846,100,B,5668,100,C,3425,100,D,1478,100,E,4590,100,F,5461,100,G,2960,100
[AUTOPOS] SW-H,A,4910,100,B,5667,100,C,3494,100,D,1533,100,E,4549,100,F,5459,100,G,2966,100
[AUTOPOS] SW-H,A,4827,100,B,5692,100,C,3437,100,D,1493,100,E,4581,100,F,5447,100,G,2961,100
[AUTOPOS] SW-H,A,4878,100,B,5663,100,C,3463,100,D,1571,100,E,4553,100,F,5455,100,G,2970,100
[AUTOPOS] SW-H,A,4892,100,B,5712,100,C,3439,100,D,1480,100,E,4585,100,F,5457,100,G,2977,100
[AUTOPOS] SW-H,A,4924,100,B,5645,100,C,3464,100,D,1517,100,E,4582,100,F,5497,100,G,2932,100
[AUTOPOS] SW-H,A,4853,100,B,5676,100,C,3407,100,D,1518,100,E,4540,100,F,5455,100,G,2971,100
[AUTOPOS] SW-H,A,4805,100,B,5708,100,C,3414,100,D,1547,100,E,4579,100,F,5444,100,G,2915,100
[AUTOPOS] SW-H,A,4826,100,B,5662,100,C,3451,100,D,1571,100,E,4528,100,F,5466,100,G,2926,100
[AUTOPOS] SW-H,A,4863,100,B,5647,100,C,3485,100,D,1572,100,E,4547,100,F,5449,100,G,2970,100
[AUTOPOS] SW-H,A,4841,100,B,5669,100,C,3433,100,D,1573,100,E,4600,100,F,5477,100,G,2929,100
[AUTOPOS] SW-H,A,4848,100,B,5700,100,C,3432,100,D,1516,100,E,4611,100,F,5483,100,G,2967,100
[AUTOPOS] SW-H,A,4830,100,B,5666,100,C,3426,100,D,1560,100,E,4573,100,F,5484,100,G,2885,100
[AUTOPOS] SW-H,A,4826,100,B,5669,100,C,3454,100,D,1530,100,E,4615,100,F,5471,100,G,2924,100
[AUTOPOS] SW-H,A,4888,100,B,5659,100,C,3467,100,D,1521,100,E,4607,100,F,5444,100,G,2915,100
[AUTOPOS] SW-H,A,4857,100,B,5655,100,C,3424,100,D,1511,100,E,4578,100,F,5437,100,G,2985,100
[AUTOPOS] SW-H,A,4919,100,B,5702,100,C,3439,100,D,1537,100,E,4595,100,F,5484,100,G,2951,100
[AUTOPOS] SW-H,A,4924,100,B,5679,100,C,3437,100,D,1515,100,E,4568,100,F,5416,100,G,2924,100
[AUTOPOS] SW-H,A,4871,100,B,5671,100,C,3499,100,D,1529,100,E,4579,100,F,5482,100,G,2960,100
[AUTOPOS] SW-H,A,4867,100,B,5648,100,C,3438,100,D,1584,100,E,4557,100,F,5461,100,G,2967,100
[AUTOPOS] SW-H,A,4913,100,B,5645,100,C,3430,100,D,1527,100,E,4569,100,F,5475,100,G,2968,100
[AUTOPOS] SW-H,A,4877,100,B,5684,100,C,3486,100,D,1525,100,E,4599,100,F,5452,100,G,2951,100
[AUTOPOS] SW-H,A,4874,100,B,5667,100,C,3391,100,D,1481,100,E,4611,100,F,5468,100,G,2926,100
[AUTOPOS] SW-H,A,4838,100,B,5685,100,C,3441,100,D,1549,100,E,4559,100,F,5446,100,G,2938,100
[AUTOPOS] SW-H,A,4863,100,B,5688,100,C,3397,100,D,1544,100,E,4556,100,F,5461,100,G,2956,100
[AUTOPOS] SW-H,A,4913,100,B,5631,100,C,3442,100,D,1484,100,E,4560,100,F,5498,100,G,2948,100
[AUTOPOS] SW-H,A,4855,100,B,5663,100,C,3467,100,D,1585,100,E,4562,100,F,5446,100,G,2936,100
[AUTOPOS] SW-H,A,4861,100,B,5673,100,C,3430,100,D,1507,100,E,4561,100,F,5483,100,G,2969,100
[AUTOPOS] SW-H,A,4886,100,B,5655,100,C,3504,100,D,1563,100,E,4610,100,F,5482,100,G,2916,100
[AUTOPOS] SW-H,A,4887,100,B,5677,100,C,3412,100,D,1501,100,E,4612,100,F,5435,100,G,2950,100
[AUTOPOS] SW-H,A,4893,100,B,5655,100,C,3442,100,D,1581,100,E,4591,100,F,5488,100,G,2941,100
[AUTOPOS] SW-H,A,4858,100,B,5675,100,C,3478,100,D,1489,100,E,4586,100,F,5456,100,G,2909,100
[AUTOPOS] SW-H,A,4899,100,B,5638,100,C,3465,100,D,1511,100,E,4565,100,F,5507,100,G,2977,100
[AUTOPOS] SW-H,A,4845,100,B,5662,100,C,3436,100,D,1502,100,E,4534,100,F,5500,100,G,2926,100
[AUTOPOS] SW-H,A,4864,100,B,5663,100,C,3486,100,D,1545,100,E,4566,100,F,5458,100,G,2968,100
[AUTOPOS] SW-H,A,4898,100,B,5670,100,C,3450,100,D,1534,100,E,4608,100,F,5429,100,G,2950,100
[AUTOPOS] SW-H,A,4850,100,B,5721,100,C,3510,100,D,1565,100,E,4575,100,F,5480,100,G,2976,100
[AUTOPOS] SW-H,A,4812,100,B,5698,100,C,3490,100,D,1527,100,E,4552,100,F,5468,100,G,2956,100
[AUTOPOS] SW-H,A,4808,100,B,5657,100,C,3477,100,D,1496,100,E,4566,100,F,5437,100,G,2968,100
[AUTOPOS] SW-H,A,4851,100,B,5666,100,C,3407,100,D,1485,100,E,4584,100,F,5402,100,G,2934,100
[AUTOPOS] SW-H,A,4875,100,B,5665,100,C,3439,100,D,1498,100,E,4552,100,F,5458,100,G,2929,100
[AUTOPOS] SW-H,A,4851,100,B,5641,100,C,3433,100,D,1468,100,E,4539,100,F,5441,100,G,2974,100
[AUTOPOS] SW-H,A,4834,100,B,5630,100,C,3423,100,D,1523,100,E,4545,100,F,5481,100,G,2944,100
[AUTOPOS] SW-H,A,4884,100,B,5644,100,C,3493,100,D,1478,100,E,4542,100,F,5470,100,G,2917,100
[AUTOPOS] SW-H,A,4935,100,B,5670,100,C,3493,100,D,1514,100,E,4545,100,F,5448,100,G,2941,100
[AUTOPOS] SW-H,A,4836,100,B,5681,100,C,3408,100,D,1505,100,E,4539,100,F,5473,100,G,2933,100
[AUTOPOS] SW-H,A,4857,100,B,5742,100,C,3429,100,D,1577,100,E,4553,100,F,5446,100,G,2997,100
[AUTOPOS] SW-H,A,4859,100,B,5670,100,C,3424,100,D,1528,100,E,4556,100,F,5431,100,G,2929,100
[AUTOPOS] SW-H,A,4812,100,B,5649,100,C,3467,100,D,1524,100,E,4569,100,F,5493,100,G,2962,100
[AUTOPOS] SW-H,A,4876,100,B,5669,100,C,3473,100,D,1519,100,E,4590,100,F,5464,100,G,2905,100
[AUTOPOS] SW-H,A,4814,100,B,5699,100,C,3458,100,D,1513,100,E,4557,100,F,5469,100,G,2939,100
[AUTOPOS] SW-H,A,4873,100,B,5723,100,C,3487,100,D,1498,100,E,4606,100,F,5457,100,G,2955,100
[AUTOPOS] SW-H,A,4860,100,B,5677,100,C,3413,100,D,1503,100,E,4552,100,F,5485,100,G,2954,100
[AUTOPOS] SW-H,A,4877,100,B,5670,100,C,3443,100,D,1474,100,E,4550,100,F,5493,100,G,2959,100
[AUTOPOS] SW-H,A,4849,100,B,5661,100,C,3437,100,D,1469,100,E,4585,100,F,5446,100,G,2915,100
[AUTOPOS] SW-H,A,4853,100,B,5653,100,C,3475,100,D,1465,100,E,4539,100,F,5490,100,G,2934,100
[AUTOPOS] SW-H,A,4846,100,B,5656,100,C,3428,100,D,1571,100,E,4616,100,F,5494,100,G,2923,100
[AUTOPOS] SW-H,A,4847,100,B,5668,100,C,3403,100,D,1498,100,E,4552,100,F,5479,100,G,2952,100
[AUTOPOS] SW-H,A,4809,100,B,5680,100,C,3452,100,D,1546,100,E,4616,100,F,5466,100,G,2973,100
[AUTOPOS] SW-H,A,4810,100,B,5693,100,C,3440,100,D,1506,100,E,4576,100,F,5429,100,G,2901,100
[AUTOPOS] SW-H,A,4911,100,B,5689,100,C,3445,100,D,1510,100,E,4568,100,F,5456,100,G,2914,100
[AUTOPOS] SW-H,A,4851,100,B,5669,100,C,3436,100,D,1571,100,E,4581,100,F,5483,100,G,2960,100
[AUTOPOS] SW-H,A,4845,100,B,5669,100,C,3395,100,D,1530,100,E,4567,100,F,5490,100,G,2971,100
[AUTOPOS] SW-H,A,4857,100,B,5675,100,C,3429,100,D,1566,100,E,4542,100,F,5440,100,G,2972,100
[AUTOPOS] SW-H,A,4873,100,B,5667,100,C,3450,100,D,1573,100,E,4553,100,F,5493,100,G,2932,100
[AUTOPOS] SW-H,A,4915,100,B,5655,100,C,3409,100,D,1477,100,E,4571,100,F,5430,100,G,2958,100
[AUTOPOS] SW-H,A,4873,100,B,5642,100,C,3433,100,D,1482,100,E,4611,100,F,5482,100,G,2921,100
[AUTOPOS] SW-H,A,4837,100,B,5685,100,C,3425,100,D,1587,100,E,4586,100,F,5482,100,G,2953,100
[AUTOPOS] SW-H,A,4858,100,B,5682,100,C,3491,100,D,1565,100,E,4585,100,F,5481,100,G,2990,100
[AUTOPOS] SW-H,A,4816,100,B,5657,100,C,3489,100,D,1526,100,E,4622,100,F,5399,100,G,2928,100
[AUTOPOS] SW-H,A,4886,100,B,5700,100,C,3453,100,D,1548,100,E,4586,100,F,5438,100,G,2986,100
[AUTOPOS] SW-H,A,4825,100,B,5662,100,C,3428,100,D,1526,100,E,4581,100,F,5489,100,G,2919,100
[AUTOPOS] SW-H,A,4832,100,B,5671,100,C,3508,100,D,1553,100,E,4627,100,F,5487,100,G,2920,100
[AUTOPOS] SW-H,A,4910,100,B,5665,100,C,3445,100,D,1542,100,E,4557,100,F,5481,100,G,2948,100
[AUTOPOS] SW-H,A,4883,100,B,5665,100,C,3433,100,D,1493,100,E,4570,100,F,5440,100,G,2911,100
[AUTOPOS] SW-H,A,4887,100,B,5689,100,C,3501,100,D,1520,100,E,4596,100,F,5495,100,G,2978,100
[AUTOPOS] SW-H,A,4824,100,B,5629,100,C,3436,100,D,1522,100,E,4597,100,F,5458,100,G,2897,100
[AUTOPOS] SW-H,A,4871,100,B,5677,100,C,3463,100,D,1485,100,E,4586,100,F,5444,100,G,2914,100
[AUTOPOS] SW-H,A,4879,100,B,5666,100,C,3402,100,D,1558,100,E,4606,100,F,5468,100,G,2936,100
[AUTOPOS] SW-H,A,4853,100,B,5664,100,C,3446,100,D,1486,100,E,4580,100,F,5475,100,G,2933,100
[AUTOPOS] SW-H,A,4852,100,B,5648,100,C,3445,100,D,1516,100,E,4552,100,F,5446,100,G,2919,100
[AUTOPOS] SW-H,A,4829,100,B,5694,100,C,3437,100,D,1476,100,E,4553,100,F,5498,100,G,2947,100
[AUTOPOS] SW-H,A,4890,100,B,5662,100,C,3432,100,D,1514,100,E,4567,100,F,5458,100,G,2943,100
[AUTOPOS] SW-H,A,4885,100,B,5699,100,C,3404,100,D,1515,100,E,4580,100,F,5443,100,G,2933,100
[AUTOPOS] SW-H,A,4857,100,B,5651,100,C,3427,100,D,1462,100,E,4545,100,F,5458,100,G,2948,100
[AUTOPOS] SW-H,A,4941,100,B,5633,100,C,3459,100,D,1536,100,E,4587,100,F,5442,100,G,2924,100
[AUTOPOS] SW-H,A,4892,100,B,5682,100,C,3445,100,D,1522,100,E,4599,100,F,5447,100,G,2974,100
[AUTOPOS] SW-H,A,4834,100,B,5665,100,C,3442,100,D,1578,100,E,4555,100,F,5424,100,G,2965,100
[AUTOPOS] SW-H,A,4875,100,B,5717,100,C,3462,100,D,1508,100,E,4577,100,F,5465,100,G,2952,100
[AUTOPOS] SW-H,A,4811,100,B,5688,100,C,3466,100,D,1546,100,E,4605,100,F,5441,100,G,2970,100
[AUTOPOS] SW-H,A,4861,100,B,5674,100,C,3431,100,D,1503,100,E,4561,100,F,5475,100,G,2991,100
[AUTOPOS] SW-H,A,4856,100,B,5664,100,C,3443,100,D,1524,100,E,4563,100,F,5423,100,G,2950,100
[AUTOPOS] SW-H,A,4832,100,B,5655,100,C,3420,100,D,1477,100,E,4609,100,F,5438,100,G,2991,100
[AUTOPOS] SW-H,A,4850,100,B,5655,100,C,3432,100,D,1510,100,E,4595,100,F,5497,100,G,2971,100
[AUTOPOS] SW-H,A,4871,100,B,5660,100,C,3441,100,D,1527,100,E,4584,100,F,5465,100,G,2949,100
[AUTOPOS] SW-H,A,4864,100,B,5671,100,C,3511,100,D,1589,100,E,4573,100,F,5432,100,G,2926,100
[AUTOPOS] SW-H,A,4831,100,B,5680,100,C,3482,100,D,1494,100,E,4554,100,F,5476,100,G,2936,100
[AUTOPOS] SW-H,A,4909,100,B,5672,100,C,3464,100,D,1513,100,E,4589,100,F,5437,100,G,2911,100
[AUTOPOS] SW-H,A,4838,100,B,5719,100,C,3436,100,D,1502,100,E,4577,100,F,5504,100,G,2961,100
[AUTOPOS] SW-H,A,4897,100,B,5704,100,C,3489,100,D,1498,100,E,4532,100,F,5452,100,G,2958,100
[AUTOPOS] SW-H,A,4865,100,B,5666,100,C,3395,100,D,1505,100,E,4611,100,F,5471,100,G,2948,100
[AUTOPOS] SW-H,A,4818,100,B,5639,100,C,3424,100,D,1529,100,E,4564,100,F,5510,100,G,2886,100
[AUTOPOS] SW-H,A,4896,100,B,5693,100,C,3477,100,D,1493,100,E,4581,100,F,5453,100,G,2940,100
[AUTOPOS] SW-H,A,4880,100,B,5699,100,C,3472,100,D,1489,100,E,4565,100,F,5441,100,G,2928,100
[AUTOPOS] SW-H,A,4930,100,B,5687,100,C,3428,100,D,1572,100,E,4593,100,F,5438,100,G,2934,100
[AUTOPOS] SW-H,A,4907,100,B,5673,100,C,3406,100,D,1495,100,E,4550,100,F,5421,100,G,2973,100
[AUTOPOS] SW-H,A,4908,100,B,5654,100,C,3453,100,D,1600,100,E,4551,100,F,5451,100,G,2931,100
[AUTOPOS] SW-H,A,4856,100,B,5662,100,C,3421,100,D,1532,100,E,4593,100,F,5458,100,G,2951,100
[AUTOPOS] SW-H,A,4866,100,B,5714,100,C,3442,100,D,1563,100,E,4606,100,F,5503,100,G,2960,100
[AUTOPOS] SW-H,A,4904,100,B,5662,100,C,3433,100,D,1604,100,E,4571,100,F,5434,100,G,2909,100
[AUTOPOS] SW-H,A,4877,100,B,5643,100,C,3413,100,D,1502,100,E,4593,100,F,5433,100,G,2982,100
[AUTOPOS] SW-H,A,4879,100,B,5660,100,C,3479,100,D,1496,100,E,4568,100,F,5461,100,G,2941,100
[AUTOPOS] SW-H,A,4859,100,B,5664,100,C,3472,100,D,1525,100,E,4556,100,F,5479,100,G,2967,100
[AUTOPOS] SW-H,A,4803,100,B,5668,100,C,3454,100,D,1601,100,E,4547,100,F,5478,100,G,2950,100
[AUTOPOS] SW-H,A,4841,100,B,5674,100,C,3446,100,D,1523,100,E,4586,100,F,5438,100,G,2945,100
[AUTOPOS] SW-H,A,4885,100,B,5681,100,C,3479,100,D,1504,100,E,4567,100,F,5494,100,G,2941,100
[AUTOPOS] SW-H,A,4809,100,B,5666,100,C,3439,100,D,1474,100,E,4602,100,F,5460,100,G,2934,100
[AUTOPOS] SW-H,A,4857,100,B,5690,100,C,3398,100,D,1484,100,E,4604,100,F,5447,100,G,2933,100
[AUTOPOS] SW-H,A,4857,100,B,5689,100,C,3465,100,D,1527,100,E,4567,100,F,5458,100,G,2950,100
[AUTOPOS] SW-H,A,4797,100,B,5675,100,C,3461,100,D,1456,100,E,4581,100,F,5458,100,G,2938,100
[AUTOPOS] SW-H,A,4835,100,B,5659,100,C,3413,100,D,1550,100,E,4553,100,F,5444,100,G,2948,100
[AUTOPOS] SW-H,A,4852,100,B,5685,100,C,3466,100,D,1516,100,E,4590,100,F,5487,100,G,2981,100
[AUTOPOS] SW-H,A,4796,100,B,5673,100,C,3411,100,D,1491,100,E,4548,100,F,5467,100,G,2961,100
[AUTOPOS] SW-H,A,4869,100,B,5673,100,C,3439,100,D,1490,100,E,4546,100,F,5435,100,G,2886,100
[AUTOPOS] SW-H,A,4920,100,B,5648,100,C,3429,100,D,1522,100,E,4616,100,F,5495,100,G,2935,100
[AUTOPOS] SW-H,A,4831,100,B,5666,100,C,3437,100,D,1549,100,E,4585,100,F,5512,100,G,2960,100
[AUTOPOS] SW-H,A,4821,100,B,5680,100,C,3444,100,D,1487,100,E,4574,100,F,5484,100,G,2977,100
[AUTOPOS] SW-H,A,4855,100,B,5669,100,C,3451,100,D,1497,100,E,4556,100,F,5414,100,G,2909,100
[AUTOPOS] SW-H,A,4884,100,B,5682,100,C,3487,100,D,1573,100,E,4590,100,F,5449,100,G,3003,100
[AUTOPOS] SW-H,A,4932,100,B,5656,100,C,3401,100,D,1478,100,E,4604,100,F,5445,100,G,2910,100
[AUTOPOS] SW-H,A,4865,100,B,5684,100,C,3463,100,D,1541,100,E,4538,100,F,5465,100,G,2928,100
[AUTOPOS] SW-H,A,4858,100,B,5624,100,C,3454,100,D,1487,100,E,4615,100,F,5470,100,G,2955,100
[AUTOPOS] SW-H,A,4897,100,B,5652,100,C,3430,100,D,1512,100,E,4612,100,F,5454,100,G,2976,100
[AUTOPOS] SW-H,A,4860,100,B,5707,100,C,3432,100,D,1494,100,E,4601,100,F,5446,100,G,2910,100
[AUTOPOS] SW-H,A,4881,100,B,5654,100,C,3452,100,D,1507,100,E,4558,100,F,5448,100,G,2930,100
[AUTOPOS] SW-H,A,4854,100,B,5656,100,C,3425,100,D,1497,100,E,4568,100,F,5479,100,G,2958,100
[AUTOPOS] SW-H,A,4847,100,B,5666,100,C,3415,100,D,1520,100,E,4563,100,F,5488,100,G,2960,100
[AUTOPOS] SW-H,A,4890,100,B,5636,100,C,3429,100,D,1588,100,E,4598,100,F,5470,100,G,2945,100
[AUTOPOS] SW-H,A,4842,100,B,5684,100,C,3449,100,D,1514,100,E,4578,100,F,5500,100,G,2928,100
[AUTOPOS] SW-H,A,4876,100,B,5670,100,C,3494,100,D,1562,100,E,4562,100,F,5449,100,G,2920,100
[AUTOPOS] SW-H,A,4837,100,B,5679,100,C,3410,100,D,1547,100,E,4565,100,F,5465,100,G,2919,100
[AUTOPOS] SW-H,A,4828,100,B,5669,100,C,3491,100,D,1507,100,E,4574,100,F,5452,100,G,2980,100
[AUTOPOS] SW-H,A,4827,100,B,5665,100,C,3441,100,D,1499,100,E,4558,100,F,5483,100,G,2989,100
[AUTOPOS] SW-H,A,4889,100,B,5663,100,C,3425,100,D,1542,100,E,4579,100,F,5457,100,G,2915,100
[AUTOPOS] SW-H,A,4853,100,B,5670,100,C,3405,100,D,1543,100,E,4581,100,F,5423,100,G,2971,100
[AUTOPOS] SW-H,A,4882,100,B,5681,100,C,3503,100,D,1484,100,E,4571,100,F,5462,100,G,2937,100
[AUTOPOS] SW-H,A,4864,100,B,5635,100,C,3488,100,D,1489,100,E,4552,100,F,5445,100,G,2929,100
[AUTOPOS] SW-H,A,4902,100,B,5662,100,C,3494,100,D,1542,100,E,4601,100,F,5502,100,G,2978,100
[AUTOPOS] SW-H,A,4902,100,B,5690,100,C,3431,100,D,1467,100,E,4602,100,F,5441,100,G,2979,100
[AUTOPOS] SW-H,A,4832,100,B,5669,100,C,3458,100,D,1557,100,E,4553,100,F,5469,100,G,2961,100
[AUTOPOS] SW-H,A,4877,100,B,5669,100,C,3505,100,D,1480,100,E,4566,100,F,5488,100,G,2936,100
[AUTOPOS] SW-H,A,4826,100,B,5705,100,C,3426,100,D,1537,100,E,4620,100,F,5515,100,G,2957,100
[AUTOPOS] SW-H,A,4861,100,B,5712,100,C,3439,100,D,1527,100,E,4612,100,F,5478,100,G,2946,100
[AUTOPOS] SW-H,A,4808,100,B,5652,100,C,3419,100,D,1538,100,E,4574,100,F,5445,100,G,2932,100
[AUTOPOS] SW-H,A,4862,100,B,5681,100,C,3437,100,D,1529,100,E,4576,100,F,5442,100,G,2937,100
[AUTOPOS] SW-H,A,4849,100,B,5701,100,C,3417,100,D,1460,100,E,4571,100,F,5487,100,G,2951,100
[AUTOPOS] SW-H,A,4889,100,B,5665,100,C,3472,100,D,1500,100,E,4576,100,F,5473,100,G,2953,100
[AUTOPOS] SW-H,A,4819,100,B,5631,100,C,3480,100,D,1509,100,E,4550,100,F,5469,100,G,2924,100
[AUTOPOS] SW-H,A,4882,100,B,5680,100,C,3424,100,D,1480,100,E,4527,100,F,5496,100,G,2919,100
[AUTOPOS] SW-H,A,4850,100,B,5675,100,C,3448,100,D,1519,100,E,4553,100,F,5447,100,G,2960,100
[AUTOPOS] SW-H,A,4895,100,B,5659,100,C,3477,100,D,1536,100,E,4575,100,F,5423,100,G,2952,100
[AUTOPOS] SW-H,A,4838,100,B,5658,100,C,3408,100,D,1588,100,E,4588,100,F,5474,100,G,2950,100
[AUTOPOS] SW-H,A,4878,100,B,5650,100,C,3450,100,D,1491,100,E,4573,100,F,5449,100,G,2959,100
[AUTOPOS] SW-H,A,4859,100,B,5675,100,C,3449,100,D,1510,100,E,4585,100,F,5473,100,G,2963,100
[AUTOPOS] SW-H,A,4869,100,B,5681,100,C,3429,100,D,1543,100,E,4574,100,F,5422,100,G,2962,100
[AUTOPOS] SW-H,A,4866,100,B,5653,100,C,3484,100,D,1507,100,E,4583,100,F,5485,100,G,2942,100
[AUTOPOS] SW-H,A,4896,100,B,5652,100,C,3431,100,D,1502,100,E,4591,100,F,5450,100,G,2897,100
[AUTOPOS] SW-H,A,4867,100,B,5669,100,C,3429,100,D,1478,100,E,4549,100,F,5516,100,G,2917,100
[AUTOPOS] SW-H,A,4851,100,B,5671,100,C,3468,100,D,1550,100,E,4551,100,F,5507,100,G,2957,100
[AUTOPOS] SW-H,A,4901,100,B,5660,100,C,3518,100,D,1515,100,E,4603,100,F,5462,100,G,2935,100
[AUTOPOS] SW-H,A,4795,100,B,5677,100,C,3430,100,D,1468,100,E,4550,100,F,5490,100,G,2905,100
[AUTOPOS] SW-H,A,4792,100,B,5663,100,C,3435,100,D,1561,100,E,4553,100,F,5457,100,G,2939,100
[AUTOPOS] SW-H,A,4877,100,B,5657,100,C,3384,100,D,1506,100,E,4551,100,F,5453,100,G,2953,100
[AUTOPOS] SW-H,A,4802,100,B,5699,100,C,3460,100,D,1560,100,E,4559,100,F,5462,100,G,2943,100
[AUTOPOS] SW-H,A,4875,100,B,5670,100,C,3424,100,D,1513,100,E,4545,100,F,5469,100,G,2928,100
[AUTOPOS] SW-H,A,4929,100,B,5690,100,C,3496,100,D,1482,100,E,4631,100,F,5429,100,G,2941,100
[AUTOPOS] SW-H,A,4909,100,B,5661,100,C,3487,100,D,1526,100,E,4561,100,F,5450,100,G,2928,100
[AUTOPOS] SW-H,A,4896,100,B,5652,100,C,3425,100,D,1549,100,E,4614,100,F,5427,100,G,2970,100
[AUTOPOS] SW-H,A,4888,100,B,5654,100,C,3404,100,D,1466,100,E,4553,100,F,5485,100,G,2962,100
[AUTOPOS] SW-H,A,4871,100,B,5685,100,C,3437,100,D,1579,100,E,4585,100,F,5453,100,G,3002,100
[AUTOPOS] SW-H,A,4886,100,B,5658,100,C,3436,100,D,1534,100,E,4521,100,F,5460,100,G,2962,100
[AUTOPOS] SW-H,A,4809,100,B,5696,100,C,3467,100,D,1569,100,E,4578,100,F,5461,100,G,2951,100
[AUTOPOS] SW-H,A,4868,100,B,5646,100,C,3445,100,D,1472,100,E,4547,100,F,5419,100,G,2912,100
[AUTOPOS] SW-H,A,4864,100,B,5714,100,C,3455,100,D,1557,100,E,4588,100,F,5506,100,G,2940,100
[AUTOPOS] SW-H,A,4851,100,B,5655,100,C,3503,100,D,1557,100,E,4571,100,F,5458,100,G,2963,100
[AUTOPOS] SW-H,A,4866,100,B,5652,100,C,3450,100,D,1490,100,E,4578,100,F,5472,100,G,2972,100
[AUTOPOS] SW-H,A,4916,100,B,5678,100,C,3464,100,D,1483,100,E,4569,100,F,5462,100,G,2915,100
[AUTOPOS] SW-H,A,4858,100,B,5659,100,C,3504,100,D,1491,100,E,4577,100,F,5482,100,G,2933,100
[AUTOPOS] SW-H,A,4863,100,B,5662,100,C,3485,100,D,1521,100,E,4530,100,F,5399,100,G,2939,100
[AUTOPOS] SW-H,A,4874,100,B,5650,100,C,3472,100,D,1467,100,E,4569,100,F,5475,100,G,2973,100
[AUTOPOS] SW-H,A,4875,100,B,5704,100,C,3451,100,D,1482,100,E,4553,100,F,5425,100,G,2933,100
[AUTOPOS] SW-H,A,4892,100,B,5653,100,C,3436,100,D,1535,100,E,4566,100,F,5425,100,G,2919,100
[AUTOPOS] SW-H,A,4876,100,B,5647,100,C,3457,100,D,1485,100,E,4608,100,F,5481,100,G,2932,100
[AUTOPOS] SW-H,A,4818,100,B,5653,100,C,3479,100,D,1549,100,E,4539,100,F,5469,100,G,2941,100
[AUTOPOS] SW-H,A,4890,100,B,5672,100,C,3454,100,D,1529,100,E,4581,100,F,5483,100,G,2957,100
[AUTOPOS] SW-H,A,4872,100,B,5670,100,C,3425,100,D,1497,100,E,4545,100,F,5432,100,G,2956,100
[AUTOPOS] SW-H,A,4825,100,B,5673,100,C,3458,100,D,1521,100,E,4610,100,F,5435,100,G,2943,100
[AUTOPOS] SW-H,A,4877,100,B,5645,100,C,3438,100,D,1514,100,E,4550,100,F,5468,100,G,2944,100
[AUTOPOS] SW-H,A,4849,100,B,5694,100,C,3517,100,D,1542,100,E,4573,100,F,5430,100,G,2964,100
[AUTOPOS] SW-H,A,4886,100,B,5630,100,C,3434,100,D,1499,100,E,4551,100,F,5433,100,G,2912,100
[AUTOPOS] SW-H,A,4871,100,B,5656,100,C,3458,100,D,1556,100,E,4570,100,F,5466,100,G,2953,100
[AUTOPOS] SW-H,A,4833,100,B,5672,100,C,3443,100,D,1505,100,E,4560,100,F,5455,100,G,2921,100
[AUTOPOS] SW-H,A,4830,100,B,5635,100,C,3413,100,D,1529,100,E,4584,100,F,5499,100,G,2954,100
[AUTOPOS] SW-H,A,4823,100,B,5676,100,C,3451,100,D,1523,100,E,4572,100,F,5456,100,G,2940,100
[AUTOPOS] SW-H,A,4925,100,B,5647,100,C,3434,100,D,1529,100,E,4562,100,F,5445,100,G,2919,100
[AUTOPOS] SW-H,A,4831,100,B,5666,100,C,3497,100,D,1516,100,E,4605,100,F,5505,100,G,2960,100
[AUTOPOS] SW-H,A,4824,100,B,5686,100,C,3424,100,D,1497,100,E,4550,100,F,5411,100,G,2977,100
[AUTOPOS] SW-H,A,4880,100,B,5706,100,C,3411,100,D,1544,100,E,4606,100,F,5466,100,G,2943,100
[AUTOPOS] SW-H,A,4887,100,B,5690,100,C,3479,100,D,1559,100,E,4545,100,F,5431,100,G,2927,100
[AUTOPOS] SW-H,A,4864,100,B,5650,100,C,3410,100,D,1550,100,E,4587,100,F,5488,100,G,2909,100
[AUTOPOS] SW-H,A,4841,100,B,5733,100,C,3444,100,D,1507,100,E,4602,100,F,5472,100,G,2987,100
[AUTOPOS] SW-H,A,4895,100,B,5659,100,C,3472,100,D,1548,100,E,4544,100,F,5441,100,G,2982,100
[AUTOPOS] SW-H,A,4862,100,B,5667,100,C,3432,100,D,1542,100,E,4586,100,F,5402,100,G,2961,100
[AUTOPOS] SW-H,A,4857,100,B,5676,100,C,3462,100,D,1467,100,E,4607,100,F,5482,100,G,2940,100
[AUTOPOS] SW-H,A,4879,100,B,5660,100,C,3397,100,D,1501,100,E,4588,100,F,5464,100,G,2925,100
[AUTOPOS] SW-H,A,4843,100,B,5674,100,C,3469,100,D,1488,100,E,4569,100,F,5454,100,G,2968,100
[AUTOPOS] SW-H,A,4914,100,B,5687,100,C,3463,100,D,1499,100,E,4597,100,F,5501,100,G,2935,100
[AUTOPOS] SW-H,A,4820,100,B,5667,100,C,3496,100,D,1511,100,E,4627,100,F,5464,100,G,2933,100
[AUTOPOS] SW-H,A,4826,100,B,5671,100,C,3430,100,D,1492,100,E,4574,100,F,5462,100,G,2945,100
[AUTOPOS] SW-H,A,4881,100,B,5657,100,C,3498,100,D,1555,100,E,4583,100,F,5442,100,G,2931,100
[AUTOPOS] SW-H,A,4892,100,B,5639,100,C,3459,100,D,1516,100,E,4570,100,F,5422,100,G,2954,100
[AUTOPOS] SW-H,A,4895,100,B,5706,100,C,3462,100,D,1498,100,E,4579,100,F,5418,100,G,2959,100
[AUTOPOS] SW-H,A,4869,100,B,5672,100,C,3449,100,D,1515,100,E,4566,100,F,5438,100,G,2947,100
[AUTOPOS] SW-H,A,4791,100,B,5660,100,C,3422,100,D,1532,100,E,4546,100,F,5479,100,G,2938,100
[AUTOPOS] SW-H,A,4828,100,B,5650,100,C,3421,100,D,1560,100,E,4597,100,F,5460,100,G,2937,100
[AUTOPOS] SW-H,A,4835,100,B,5663,100,C,3412,100,D,1520,100,E,4610,100,F,5413,100,G,2953,100
[AUTOPOS] SW-H,A,4881,100,B,5701,100,C,3427,100,D,1522,100,E,4581,100,F,5444,100,G,2932,100
[AUTOPOS] SW-H,A,4852,100,B,5681,100,C,3473,100,D,1495,100,E,4582,100,F,5473,100,G,2935,100
[AUTOPOS] SW-H,A,4850,100,B,5645,100,C,3413,100,D,1522,100,E,4594,100,F,5464,100,G,2923,100
[AUTOPOS] SW-H,A,4846,100,B,5639,100,C,3441,100,D,1526,100,E,4614,100,F,5458,100,G,2919,100
[AUTOPOS] SW-H,A,4899,100,B,5639,100,C,3476,100,D,1531,100,E,4585,100,F,5452,100,G,2943,100
[AUTOPOS] SW-H,A,4841,100,B,5664,100,C,3441,100,D,1490,100,E,4566,100,F,5426,100,G,2951,100
[AUTOPOS] SW-H,A,4898,100,B,5672,100,C,3388,100,D,1493,100,E,4584,100,F,5449,100,G,2927,100
[AUTOPOS] SW-H,A,4885,100,B,5656,100,C,3462,100,D,1494,100,E,4590,100,F,5471,100,G,2917,100
[AUTOPOS] SW-H,A,4878,100,B,5674,100,C,3444,100,D,1610,100,E,4566,100,F,5441,100,G,2935,100
[AUTOPOS] SW-H,A,4837,100,B,5667,100,C,3511,100,D,1533,100,E,4594,100,F,5463,100,G,2948,100
[AUTOPOS] SW-H,A,4827,100,B,5685,100,C,3461,100,D,1478,100,E,4603,100,F,5440,100,G,2959,100
[AUTOPOS] SW-H,A,4902,100,B,5694,100,C,3431,100,D,1498,100,E,4573,100,F,5467,100,G,2931,100
[AUTOPOS] SW-H,A,4783,100,B,5657,100,C,3447,100,D,1477,100,E,4570,100,F,5474,100,G,2951,100
[AUTOPOS] SW-H,A,4857,100,B,5639,100,C,3453,100,D,1520,100,E,4558,100,F,5428,100,G,2975,100
[AUTOPOS] SW-H,A,4849,100,B,5699,100,C,3436,100,D,1507,100,E,4593,100,F,5448,100,G,2917,100
[AUTOPOS] SW-H,A,4862,100,B,5692,100,C,3480,100,D,1473,100,E,4610,100,F,5474,100,G,2926,100
[AUTOPOS] SW-H,A,4870,100,B,5677,100,C,3472,100,D,1512,100,E,4597,100,F,5495,100,G,2935,100
[AUTOPOS] SW-H,A,4851,100,B,5656,100,C,3417,100,D,1509,100,E,4568,100,F,5475,100,G,2981,100
[AUTOPOS] SW-H,A,4871,100,B,5648,100,C,3427,100,D,1509,100,E,4536,100,F,5461,100,G,2961,100
[AUTOPOS] SW-H,A,4913,100,B,5651,100,C,3485,100,D,1517,100,E,4602,100,F,5474,100,G,2932,100
[AUTOPOS] SW-H,A,4836,100,B,5658,100,C,3500,100,D,1506,100,E,4568,100,F,5485,100,G,2962,100
[AUTOPOS] SW-H,A,4851,100,B,5692,100,C,3431,100,D,1499,100,E,4633,100,F,5474,100,G,2944,100
[AUTOPOS] SW-H,A,4881,100,B,5643,100,C,3429,100,D,1522,100,E,4573,100,F,5440,100,G,2931,100
[AUTOPOS] SW-H,A,4887,100,B,5660,100,C,3452,100,D,1484,100,E,4541,100,F,5416,100,G,2914,100
[AUTOPOS] SW-H,A,4855,100,B,5670,100,C,3490,100,D,1486,100,E,4565,100,F,5425,100,G,2939,100
[AUTOPOS] SW-H,A,4860,100,B,5662,100,C,3461,100,D,1479,100,E,4608,100,F,5462,100,G,2932,100
[AUTOPOS] SW-H,A,4833,100,B,5682,100,C,3502,100,D,1496,100,E,4565,100,F,5485,100,G,2956,100
[AUTOPOS] SW-H,A,4870,100,B,5659,100,C,3457,100,D,1564,100,E,4546,100,F,5397,100,G,2934,100
[AUTOPOS] SW-H,A,4871,100,B,5657,100,C,3459,100,D,1485,100,E,4576,100,F,5402,100,G,2975,100
[AUTOPOS] SW-H,A,4789,100,B,5685,100,C,3498,100,D,1513,100,E,4553,100,F,5483,100,G,2945,100
[AUTOPOS] SW-H,A,4804,100,B,5670,100,C,3393,100,D,1598,100,E,4569,100,F,5424,100,G,2948,100
[AUTOPOS] SW-H,A,4825,100,B,5682,100,C,3503,100,D,1576,100,E,4596,100,F,5453,100,G,2949,100
[AUTOPOS] SW-H,A,4843,100,B,5664,100,C,3455,100,D,1476,100,E,4567,100,F,5501,100,G,2930,100
[AUTOPOS] SW-H,A,4782,100,B,5688,100,C,3536,100,D,1532,100,E,4601,100,F,5459,100,G,2938,100
[AUTOPOS] SW-H,A,4877,100,B,5684,100,C,3413,100,D,1522,100,E,4565,100,F,5478,100,G,2937,100
[AUTOPOS] SW-H,A,4827,100,B,5685,100,C,3439,100,D,1553,100,E,4565,100,F,5426,100,G,2951,100
[AUTOPOS] SW-H,A,4844,100,B,5664,100,C,3483,100,D,1492,100,E,4580,100,F,5439,100,G,2965,100
[AUTOPOS] SW-H,A,4898,100,B,5652,100,C,3452,100,D,1556,100,E,4552,100,F,5483,100,G,2935,100
[AUTOPOS] SW-H,A,4901,100,B,5688,100,C,3504,100,D,1543,100,E,4604,100,F,5410,100,G,2905,100
[AUTOPOS] SW-H,A,4916,100,B,5694,100,C,3434,100,D,1484,100,E,4605,100,F,5389,100,G,2945,100
[AUTOPOS] SW-H,A,4857,100,B,5696,100,C,3457,100,D,1484,100,E,4588,100,F,5442,100,G,2962,100
[AUTOPOS] SW-H,A,4871,100,B,5651,100,C,3456,100,D,1551,100,E,4569,100,F,5494,100,G,2956,100
[AUTOPOS] SW-H,A,4851,100,B,5667,100,C,3447,100,D,1517,100,E,4592,100,F,5433,100,G,2965,100
[AUTOPOS] SW-H,A,4841,100,B,5681,100,C,3412,100,D,1493,100,E,4583,100,F,5473,100,G,2925,100
[AUTOPOS] SW-H,A,4848,100,B,5656,100,C,3456,100,D,1518,100,E,4572,100,F,5420,100,G,2926,100
[AUTOPOS] SW-H,A,4814,100,B,5658,100,C,3488,100,D,1516,100,E,4561,100,F,5489,100,G,2959,100
[AUTOPOS] SW-H,A,4872,100,B,5650,100,C,3463,100,D,1514,100,E,4584,100,F,5505,100,G,2965,100
[AUTOPOS] SW-H,A,4882,100,B,5685,100,C,3488,100,D,1509,100,E,4635,100,F,5481,100,G,2963,100
[AUTOPOS] SW-H,A,4900,100,B,5659,100,C,3434,100,D,1547,100,E,4573,100,F,5490,100,G,2938,100
[AUTOPOS] SW-H,A,4868,100,B,5663,100,C,3480,100,D,1537,100,E,4557,100,F,5453,100,G,2923,100
[AUTOPOS] SW-H,A,4889,100,B,5667,100,C,3433,100,D,1568,100,E,4614,100,F,5459,100,G,2914,100
[AUTOPOS] SW-H,A,4833,100,B,5662,100,C,3457,100,D,1576,100,E,4576,100,F,5468,100,G,2947,100
[AUTOPOS] SW-H,A,4877,100,B,5658,100,C,3409,100,D,1480,100,E,4561,100,F,5494,100,G,2967,100
[AUTOPOS] SW-H,A,4862,100,B,5669,100,C,3437,100,D,1492,100,E,4559,100,F,5487,100,G,2971,100
[AUTOPOS] SW-H,A,4828,100,B,5646,100,C,3487,100,D,1513,100,E,4585,100,F,5419,100,G,2981,100
[AUTOPOS] SW-H,A,4825,100,B,5671,100,C,3434,100,D,1512,100,E,4619,100,F,5474,100,G,2949,100
[AUTOPOS] SW-H,A,4872,100,B,5665,100,C,3502,100,D,1575,100,E,4545,100,F,5431,100,G,2911,100
[AUTOPOS] SW-H,A,4903,100,B,5653,100,C,3454,100,D,1601,100,E,4530,100,F,5490,100,G,2959,100
[AUTOPOS] SW-H,A,4869,100,B,5692,100,C,3426,100,D,1480,100,E,4528,100,F,5447,100,G,2920,100
[AUTOPOS] SW-H,A,4858,100,B,5664,100,C,3421,100,D,1506,100,E,4544,100,F,5405,100,G,2929,100
[AUTOPOS] SW-H,A,4828,100,B,5644,100,C,3437,100,D,1500,100,E,4563,100,F,5489,100,G,2912,100
[AUTOPOS] SW-H,A,4918,100,B,5710,100,C,3483,100,D,1501,100,E,4581,100,F,5482,100,G,2960,100
[AUTOPOS] SW-H,A,4879,100,B,5666,100,C,3463,100,D,1542,100,E,4531,100,F,5464,100,G,2957,100
[AUTOPOS] SW-H,A,4882,100,B,5685,100,C,3467,100,D,1504,100,E,4562,100,F,5446,100,G,2933,100
[AUTOPOS] SW-H,A,4864,100,B,5644,100,C,3435,100,D,1561,100,E,4619,100,F,5459,100,G,2937,100
[AUTOPOS] SW-H,A,4856,100,B,5678,100,C,3440,100,D,1485,100,E,4553,100,F,5466,100,G,2961,100
[AUTOPOS] SW-H,A,4874,100,B,5659,100,C,3438,100,D,1503,100,E,4551,100,F,5448,100,G,2953,100
[AUTOPOS] SW-H,A,4841,100,B,5655,100,C,3425,100,D,1558,100,E,4566,100,F,5437,100,G,2948,100
[AUTOPOS] SW-H,A,4844,100,B,5661,100,C,3437,100,D,1469,100,E,4570,100,F,5476,100,G,2939,100
[AUTOPOS] SW-H,A,4896,100,B,5674,100,C,3455,100,D,1489,100,E,4554,100,F,5505,100,G,2940,100
[AUTOPOS] SW-H,A,4871,100,B,5667,100,C,3475,100,D,1508,100,E,4565,100,F,5422,100,G,2898,100
[AUTOPOS] SW-H,A,4861,100,B,5670,100,C,3468,100,D,1574,100,E,4586,100,F,5421,100,G,2924,100
[AUTOPOS] SW-H,A,4872,100,B,5687,100,C,3522,100,D,1512,100,E,4564,100,F,5445,100,G,2938,100
[AUTOPOS] SW-H,A,4813,100,B,5686,100,C,3397,100,D,1477,100,E,4591,100,F,5463,100,G,2932,100
[AUTOPOS] SW-H,A,4865,100,B,5656,100,C,3419,100,D,1530,100,E,4545,100,F,5477,100,G,2926,100
[AUTOPOS] SW-H,A,4871,100,B,5682,100,C,3416,100,D,1523,100,E,4597,100,F,5499,100,G,2914,100
[AUTOPOS] SW-H,A,4811,100,B,5646,100,C,3434,100,D,1575,100,E,4616,100,F,5448,100,G,2968,100
[AUTOPOS] SW-H,A,4881,100,B,5680,100,C,3406,100,D,1549,100,E,4578,100,F,5417,100,G,2948,100
[AUTOPOS] SW-H,A,4868,100,B,5653,100,C,3430,100,D,1539,100,E,4599,100,F,5414,100,G,2975,100
[AUTOPOS] SW-H,A,4883,100,B,5672,100,C,3482,100,D,1479,100,E,4605,100,F,5487,100,G,2936,100
[AUTOPOS] SW-H,A,4861,100,B,5660,100,C,3488,100,D,1581,100,E,4571,100,F,5466,100,G,2920,100
[AUTOPOS] SW-H,A,4885,100,B,5674,100,C,3485,100,D,1521,100,E,4594,100,F,5465,100,G,2944,100
[AUTOPOS] SW-H,A,4874,100,B,5660,100,C,3444,100,D,1537,100,E,4599,100,F,5510,100,G,2933,100
[AUTOPOS] SW-H,A,4870,100,B,5652,100,C,3461,100,D,1495,100,E,4557,100,F,5407,100,G,2958,100
[AUTOPOS] SW-H,A,4899,100,B,5658,100,C,3465,100,D,1481,100,E,4564,100,F,5467,100,G,2913,100
[AUTOPOS] SW-H,A,4829,100,B,5672,100,C,3412,100,D,1513,100,E,4531,100,F,5447,100,G,2957,100
[AUTOPOS] SW-H,A,4920,100,B,5681,100,C,3463,100,D,1495,100,E,4572,100,F,5466,100,G,2922,100
[AUTOPOS] SW-H,A,4881,100,B,5690,100,C,3432,100,D,1502,100,E,4531,100,F,5440,100,G,2947,100
[AUTOPOS] SW-H,A,4891,100,B,5689,100,C,3416,100,D,1508,100,E,4549,100,F,5474,100,G,2960,100
[AUTOPOS] SW-H,A,4854,100,B,5653,100,C,3456,100,D,1512,100,E,4613,100,F,5426,100,G,2957,100
[AUTOPOS] SW-H,A,4875,100,B,5695,100,C,3410,100,D,1572,100,E,4557,100,F,5467,100,G,2895,100
[AUTOPOS] SW-H,A,4874,100,B,5646,100,C,3443,100,D,1549,100,E,4601,100,F,5439,100,G,2879,100
[AUTOPOS] SW-H,A,4881,100,B,5662,100,C,3469,100,D,1527,100,E,4555,100,F,5405,100,G,2937,100
[AUTOPOS] SW-H,A,4857,100,B,5662,100,C,3481,100,D,1536,100,E,4571,100,F,5455,100,G,2971,100
[AUTOPOS] SW-H,A,4892,100,B,5686,100,C,3487,100,D,1545,100,E,4602,100,F,5503,100,G,2928,100
[AUTOPOS] SW-H,A,4883,100,B,5665,100,C,3426,100,D,1545,100,E,4572,100,F,5462,100,G,2940,100
[AUTOPOS] SW-H,A,4811,100,B,5679,100,C,3451,100,D,1573,95,E,4610,100,F,5485,100,G,2967,100
[AUTOPOS] SW-H,A,4851,100,B,5668,100,C,3441,100,D,1552,95,E,4548,100,F,5470,100,G,2957,100
[AUTOPOS] SW-H,A,4834,100,B,5665,100,C,3443,100,D,1571,95,E,4545,100,F,5440,100,G,2929,100
[AUTOPOS] SW-H,A,4826,100,B,5656,100,C,3440,100,D,1537,96,E,4595,100,F,5460,100,G,2928,100
[AUTOPOS] SW-H,A,4873,100,B,5718,100,C,3455,100,D,1501,96,E,4589,100,F,5466,100,G,2973,100
[AUTOPOS] SW-H,A,4877,100,B,5692,100,C,3421,100,D,1514,96,E,4558,100,F,5455,100,G,2921,100
[AUTOPOS] SW-H,A,4781,100,B,5669,100,C,3520,100,D,1482,96,E,4582,100,F,5460,100,G,2963,100
[AUTOPOS] SW-H,A,4900,100,B,5660,100,C,3446,100,D,1480,96,E,4565,100,F,5456,100,G,2961,100
[AUTOPOS] SW-H,A,4841,100,B,5637,100,C,3474,100,D,1484,96,E,4561,100,F,5446,100,G,2955,100
[AUTOPOS] SW-H,A,4824,100,B,5690,100,C,3468,100,D,1503,96,E,4595,100,F,5434,100,G,2943,100
[AUTOPOS] SW-H,A,4854,100,B,5675,100,C,3436,100,D,1485,96,E,4545,100,F,5463,100,G,2938,100
[AUTOPOS] SW-H,A,4849,100,B,5663,100,C,3424,100,D,1575,100,E,4601,100,F,5469,100,G,2936,100
[AUTOPOS] SW-H,A,4904,100,B,5683,100,C,3415,100,D,1540,100,E,4571,100,F,5473,100,G,2969,100
[AUTOPOS] SW-H,A,4923,100,B,5650,100,C,3526,100,D,1500,100,E,4566,100,F,5475,100,G,2984,100
[AUTOPOS] SW-H,A,4840,100,B,5676,100,C,3478,100,D,1522,100,E,4562,100,F,5497,100,G,2973,100
[AUTOPOS] SW-H,A,4902,100,B,5652,100,C,3490,100,D,1579,100,E,4566,100,F,5428,100,G,2927,100
[AUTOPOS] SW-H,A,4918,100,B,5700,100,C,3442,100,D,1507,100,E,4588,100,F,5468,100,G,2973,100
[AUTOPOS] SW-H,A,4862,100,B,5668,100,C,3460,100,D,1601,100,E,4540,100,F,5400,100,G,2978,100
[AUTOPOS] SW-H,A,4913,100,B,5646,100,C,3507,100,D,1498,100,E,4589,100,F,5470,100,G,2973,100
[AUTOPOS] SW-H,A,4941,100,B,5643,100,C,3431,100,D,1509,100,E,4573,100,F,5478,100,G,2978,100
[AUTOPOS] SW-H,A,4828,100,B,5634,100,C,3457,100,D,1549,100,E,4557,100,F,5486,100,G,2956,100
[AUTOPOS] SW-H,A,4889,100,B,5683,100,C,3482,100,D,1524,100,E,4582,100,F,5481,100,G,2945,100
[AUTOPOS] SW-H,A,4856,100,B,5660,100,C,3471,100,D,1485,100,E,4612,100,F,5472,100,G,2922,100
[AUTOPOS] SW-H,A,4844,100,B,5648,100,C,3477,100,D,1500,100,E,4597,100,F,5457,100,G,2924,100
[AUTOPOS] SW-H,A,4880,100,B,5695,100,C,3484,100,D,1552,100,E,4547,100,F,5500,100,G,2959,100
[AUTOPOS] SW-H,A,4846,100,B,5652,100,C,3462,100,D,1516,100,E,4584,100,F,5483,100,G,2926,100
[AUTOPOS] SW-H,A,4819,100,B,5695,100,C,3458,100,D,1478,100,E,4578,100,F,5459,100,G,2904,100
[AUTOPOS] SW-H,A,4856,100,B,5675,100,C,3402,100,D,1541,100,E,4594,100,F,5452,100,G,2917,100
[AUTOPOS] SW-H,A,4821,100,B,5670,100,C,3488,100,D,1469,100,E,4595,100,F,5469,100,G,2941,100
[AUTOPOS] ANCHOR_CTRL[3] notify: SWEEP_DONE master=H sets=1010 role=matrix
END=2026-05-13 13:57:14
